drive_exercise.py -- p4runtime / skeleton
(non-interactive: no mininet CLI, no xterm; kills nothing)
fabric   : ndtwin -- the package fabric `ndt up p4 --app` builds; no root needed

== pre-flight (read-only) ==============================================
OK   lab is free (claim: owner=- expires=- measuring=nothing)
OK   host scripts will run under /home/adam/p4dev-python-venv/bin/python
OK   ndt /home/adam/Desktop/NDTwin-Kernel/tools/test_workflow/ndt, converter /home/adam/Desktop/NDTwin-Kernel/tools/p4_exercise/convert.py, pre-flight /home/adam/Desktop/NDTwin-Kernel/tools/p4_exercise/preflight.py
--   switch  n/a: `ndt up p4` chooses the bmv2 binary -- see the `ndt status` capture
OK   p4c     /usr/local/bin/p4c-bm2-ss  sha256[:16]=226f3f66df515c9e  --version=Version 1.2.5.15 (SHA: 5b948b037a BUILD: Release)
OK   exercise dir /home/adam/tutorials/exercises/p4runtime

== compile =============================================================
$ /usr/local/bin/p4c-bm2-ss --p4v 16 --p4runtime-files /home/adam/tutorials/exercises/p4runtime/build/advanced_tunnel.p4.p4info.txtpb -o /home/adam/tutorials/exercises/p4runtime/build/advanced_tunnel.json /home/adam/tutorials/exercises/p4runtime/advanced_tunnel.p4
/home/adam/tutorials/exercises/p4runtime/advanced_tunnel.p4(140): [--Wwarn=invalid-header] warning: accessing a field of an invalid header hdr.myTunnel
        egressTunnelCounter.count((bit<32>) hdr.myTunnel.dst_id);
                                            ^^^^^^^^^^^^
-> /home/adam/tutorials/exercises/p4runtime/build/advanced_tunnel.json  27957 B  sha256[:16]=ef1adeee9e769f26  warnings=1

== plan ================================================================
topology : topology.json
hosts    : h1, h2, h3
switches : s1, s2, s3
links    : 6
program  : /home/adam/tutorials/exercises/p4runtime/advanced_tunnel.p4 -> build/advanced_tunnel.json
switch   : /usr/local/bin/simple_switch_grpc
steps    : run the exercise's controller; h1 ping h2; assert the transit rule and the ping
package  : /home/adam/Desktop/NDTwin-Kernel/.test_run/packages/p4runtime-skeleton
equivalent to (from the repo root, as the operator -- no sudo):
  /home/adam/Desktop/NDTwin-Kernel/p4_proxy/venv/bin/python /home/adam/Desktop/NDTwin-Kernel/tools/p4_exercise/convert.py /home/adam/tutorials/exercises/p4runtime --topology topology.json --p4 advanced_tunnel.p4 --out /home/adam/Desktop/NDTwin-Kernel/.test_run/packages/p4runtime-skeleton
  /home/adam/Desktop/NDTwin-Kernel/p4_proxy/venv/bin/python /home/adam/Desktop/NDTwin-Kernel/tools/p4_exercise/preflight.py /home/adam/Desktop/NDTwin-Kernel/.test_run/packages/p4runtime-skeleton
  NDT_OWNER=pb5-trial-0926 /home/adam/Desktop/NDTwin-Kernel/tools/test_workflow/ndt claim 45 '...' && NDT_OWNER=pb5-trial-0926 /home/adam/Desktop/NDTwin-Kernel/tools/test_workflow/ndt up p4 --app /home/adam/Desktop/NDTwin-Kernel/.test_run/packages/p4runtime-skeleton
  ... the scripted steps above, then `ndt down` and `ndt release`.
telemetry: whatever the package declares (no --telemetry given)

== convert the exercise into an app package ============================
$ /home/adam/Desktop/NDTwin-Kernel/p4_proxy/venv/bin/python /home/adam/Desktop/NDTwin-Kernel/tools/p4_exercise/convert.py /home/adam/tutorials/exercises/p4runtime --topology topology.json --p4 advanced_tunnel.p4 --out /home/adam/Desktop/NDTwin-Kernel/.test_run/packages/p4runtime-skeleton
package 'p4runtime' -> /home/adam/Desktop/NDTwin-Kernel/.test_run/packages/p4runtime-skeleton
  control plane : external
  pipelines     : s1=build/advanced_tunnel.json, s2=build/advanced_tunnel.json, s3=build/advanced_tunnel.json
  model         : 3 switches, 3 hosts, 12 edges (6 links, both directions stored)
  files         : 6
                  advanced_tunnel.p4
                  build/advanced_tunnel.json
                  build/advanced_tunnel.p4.p4info.txtpb
                  ndtwin/topology.json
                  package.json
                  topology.json
  read back through p4_proxy/mininet/topo_from_json.py: ok
  next: tools/p4_exercise/preflight.py /home/adam/Desktop/NDTwin-Kernel/.test_run/packages/p4runtime-skeleton

== pre-flight the package ==============================================
$ /home/adam/Desktop/NDTwin-Kernel/p4_proxy/venv/bin/python /home/adam/Desktop/NDTwin-Kernel/tools/p4_exercise/preflight.py /home/adam/Desktop/NDTwin-Kernel/.test_run/packages/p4runtime-skeleton
pre-flight: /home/adam/Desktop/NDTwin-Kernel/.test_run/packages/p4runtime-skeleton
  PASS  format                       1
  INFO  name                         p4runtime
  PASS  control_plane.mode           external
  PASS  control_plane.grpc_base      30050
  PASS  control_plane.device_id      dpid
  PASS  control_plane.election_id    [0, 65535]
  PASS  bmv2.cpu_port                255
  PASS  switches keys                3 dpids: [1, 2, 3]
  PASS  switches name                every sN has dpid N
  PASS  referenced files             5 present
  PASS  topo_from_json.switches      3 entries
  PASS  topo_from_json.hosts         3 entries
  PASS  topo_from_json.switch_links  3 entries
  PASS  topo_from_json.host_links    3 entries
  PASS  switches agree               model and package.json both say [1, 2, 3]
  PASS  links agree                  6 links in both
  PASS  hosts named h<last octet>    3 hosts
  PASS  hosts agree                  model and package.json both say ['h1', 'h2', 'h3']
  PASS  switches pipeline            3 of 3 switch(es) carry their own program; p4info tables and actions are all in the bmv2 json
  INFO  s1 pipeline                  build/advanced_tunnel.json  p4info sha256:4d986039017abeef  program=/home/adam/tutorials/exercises/p4runtime/advanced_tunnel.p4
  INFO  s2 pipeline                  build/advanced_tunnel.json  p4info sha256:4d986039017abeef  program=/home/adam/tutorials/exercises/p4runtime/advanced_tunnel.p4
  INFO  s3 pipeline                  build/advanced_tunnel.json  p4info sha256:4d986039017abeef  program=/home/adam/tutorials/exercises/p4runtime/advanced_tunnel.p4
  INFO  entries                      none (control plane 'external' brings its own)
  PASS  p4info parses                build/advanced_tunnel.p4.p4info.txtpb: 2 table(s)
  INFO  roles suggestion             no roles declared, so NDTwin writes none of this program's tables. Its p4info has a destination-route-shaped table on every switch; to let NDTwin route here, add to package.json: "roles": {"ipv4_route": {"owner": "ndtwin", "table": "MyIngress.ipv4_lpm", "match_field": "hdr.ipv4.dstAddr", "action": "MyIngress.ipv4_forward", "params": {"dst_mac": "dstAddr", "port": "port"}}} (owner ndtwin: NDTwin writes that table and the package's own entries for it must go -- convert.py --role-ipv4-route takes them out; owner package: NDTwin only reads it)
  INFO  telemetry.source             not declared (auto: NDTwin's pipeline gets the cooperative path, anybody else's gets link telemetry)
  INFO  PRE entries                  none declared (no multicast group, no clone session)
  PASS  gRPC port block              30051-30053 safe on this machine
  PASS  p4c-bm2-ss                   rc=0  advanced_tunnel.json sha256:ae78ff95657b571e  advanced_tunnel.p4.p4info.txtpb sha256:4d986039017abeef

PASS -- every check passed
host_count_override snapshot: 2 bytes (b'4\n')
telemetry_override snapshot: absent

== claim the lab =======================================================
$ NDT_OWNER=pb5-trial-0926 /home/adam/Desktop/NDTwin-Kernel/tools/test_workflow/ndt claim 45 drive_exercise p4runtime/skeleton on the ndtwin fabric
  recorded this round's starting point in .test_run/round.baseline -- 'ndt status' compares against it
  ok  lab claimed by pb5-trial-0926 for 45m (drive_exercise p4runtime/skeleton on the ndtwin fabric)

== ndt up p4 --app =====================================================
$ NDT_OWNER=pb5-trial-0926 /home/adam/Desktop/NDTwin-Kernel/tools/test_workflow/ndt up p4 --app /home/adam/Desktop/NDTwin-Kernel/.test_run/packages/p4runtime-skeleton
app package pre-flight
  package      /home/adam/Desktop/NDTwin-Kernel/.test_run/packages/p4runtime-skeleton
pre-flight: /home/adam/Desktop/NDTwin-Kernel/.test_run/packages/p4runtime-skeleton
  PASS  format                       1
  INFO  name                         p4runtime
  PASS  control_plane.mode           external
  PASS  control_plane.grpc_base      30050
  PASS  control_plane.device_id      dpid
  PASS  control_plane.election_id    [0, 65535]
  PASS  bmv2.cpu_port                255
  PASS  switches keys                3 dpids: [1, 2, 3]
  PASS  switches name                every sN has dpid N
  PASS  referenced files             5 present
  PASS  topo_from_json.switches      3 entries
  PASS  topo_from_json.hosts         3 entries
  PASS  topo_from_json.switch_links  3 entries
  PASS  topo_from_json.host_links    3 entries
  PASS  switches agree               model and package.json both say [1, 2, 3]
  PASS  links agree                  6 links in both
  PASS  hosts named h<last octet>    3 hosts
  PASS  hosts agree                  model and package.json both say ['h1', 'h2', 'h3']
  PASS  switches pipeline            3 of 3 switch(es) carry their own program; p4info tables and actions are all in the bmv2 json
  INFO  s1 pipeline                  build/advanced_tunnel.json  p4info sha256:4d986039017abeef  program=/home/adam/tutorials/exercises/p4runtime/advanced_tunnel.p4
  INFO  s2 pipeline                  build/advanced_tunnel.json  p4info sha256:4d986039017abeef  program=/home/adam/tutorials/exercises/p4runtime/advanced_tunnel.p4
  INFO  s3 pipeline                  build/advanced_tunnel.json  p4info sha256:4d986039017abeef  program=/home/adam/tutorials/exercises/p4runtime/advanced_tunnel.p4
  INFO  entries                      none (control plane 'external' brings its own)
  PASS  p4info parses                build/advanced_tunnel.p4.p4info.txtpb: 2 table(s)
  INFO  roles suggestion             no roles declared, so NDTwin writes none of this program's tables. Its p4info has a destination-route-shaped table on every switch; to let NDTwin route here, add to package.json: "roles": {"ipv4_route": {"owner": "ndtwin", "table": "MyIngress.ipv4_lpm", "match_field": "hdr.ipv4.dstAddr", "action": "MyIngress.ipv4_forward", "params": {"dst_mac": "dstAddr", "port": "port"}}} (owner ndtwin: NDTwin writes that table and the package's own entries for it must go -- convert.py --role-ipv4-route takes them out; owner package: NDTwin only reads it)
  INFO  telemetry.source             not declared (auto: NDTwin's pipeline gets the cooperative path, anybody else's gets link telemetry)
  INFO  PRE entries                  none declared (no multicast group, no clone session)
  PASS  gRPC port block              30051-30053 safe on this machine
  PASS  p4c-bm2-ss                   rc=0  advanced_tunnel.json sha256:ae78ff95657b571e  advanced_tunnel.p4.p4info.txtpb sha256:4d986039017abeef

PASS -- every check passed

ndt up p4
  hosts        3        (p4
... [trimmed; 6019 chars total]

== GET /p4/switch_state ================================================
   control_plane.mode    external
   control_plane.package /home/adam/Desktop/NDTwin-Kernel/.test_run/packages/p4runtime-skeleton
   control_plane.skipped ['clone_session', 'install_initial_routes', 'link_watchdog', 'lldp_discovery', 'pipeline_push', 'sflow_telemetry']
   s1  ndtwin=False p4info_sha256=4d986039017abeef  entries recorded=0 applied=0 failed=0 api_writes=0  (entries_recorded=0)
   s2  ndtwin=False p4info_sha256=4d986039017abeef  entries recorded=0 applied=0 failed=0 api_writes=0  (entries_recorded=0)
   s3  ndtwin=False p4info_sha256=4d986039017abeef  entries recorded=0 applied=0 failed=0 api_writes=0  (entries_recorded=0)

== ndt status (raw; and the bmv2 binary it names) ======================
$ NDT_OWNER=pb5-trial-0926 /home/adam/Desktop/NDTwin-Kernel/tools/test_workflow/ndt status
lab
  claim          yours -- 45m left (until 15:01:09)
  note           in use: ndt up p4 3 at 2026-09-26 14:16:09 by pb5-trial-0926
  prev claim     pb5-trial-0926 (until 14:59:30), superseded 2026-09-26 14:16:08  (.test_run/lab.claim.prev)
                 the same owner re-claimed it -- a rewrite, not a handover
                 it said: down at 2026-09-26 14:16:08; verified clean; claim kept
  exclusive cpu  no (heavy local jobs may overlap this claim)
  measuring      nothing
  code           580767a8  +83 file(s) with uncommitted changes
                 3 of them can change behaviour:
                 p4_proxy/mininet/host_count_override
                 p4_proxy/mininet/app_package_override
                 tools/remote-lab/dorm_lab/
  knob baseline  3, written by 'ndt up p4 3' at 14:16:09 this round; the round started at 4 -- write 4 back before 'ndt release'
                   echo 4 > p4_proxy/mininet/host_count_override      # write it back; 'git checkout --' would give you HEAD
                 'ndt release' refuses while these differ; 'ndt release --force' releases anyway
  tree vs round  0 file(s) LEFT the uncommitted set, 1 joined it
                 + p4_proxy/mininet/app_package_override
  ok  helper: /usr/local/sbin/ndtwin-lab is tools/test_workflow/ndtwin-lab (sha256 6a558fe4)

configuration
  hosts          3   (what the last 'ndt up' asked for: p4)
  topology       .test_run/packages/p4runtime-skeleton/ndtwin/topology.json
  p4 host knob   3   (p4_proxy/mininet/host_count_override -- P4 only; decides the next 'ndt up p4')
  app package    /home/adam/Desktop/NDTwin-Kernel/.test_run/packages/p4runtime-skeleton (mode external)
                 p4runtime -- p4_proxy/mininet/app_package_override; it decides the next 'ndt up p4' and the next proxy
  bmv2           /usr/local/bmv2-fast/bin/simple_switch_grpc
  telemetry      auto   (p4_proxy/mininet/telemetry_override absent -- auto, then the package)
                 every switch: link
                 link emitter: alive pid 1159739, 3 switch(es), rate 256
  link shaping   off (no package link asks for one)
  sample rate    n/a (package pipeline)
  rate source    the app package runs a foreign pipeline on dpid 1,2,3 -- p4_proxy/p4_src/build/ndtwin_switch.json is NOT what those switches loaded, and stale_pipeline is not judged
  note           /ndt/get_cpu_utilization is fabricated in MININET mode; use cpu_probe.py

running
  bmv2 switches  3       topo session   present
  host/switch    6       manifest       present
  :8000 kernel   open    :8081 proxy    open    :8080 ryu closed
  binary         /usr/local/bmv2-fast/bin/simple_switch_grpc
  pidfiles       kernel.child.pid=1161578 alive,kernel.pid=1161570 alive,p4_proxy.child.pid=1160929 alive,p4_proxy.pid=1160920 alive

network health
  switches       0 up, 0 enabled, 0 admin-disabled
  links          12 total, 6 down, 0 admin-disabled
                 up/enabled above is a READING, not a verdict: an external package loads no 
... [trimmed; 3984 chars total]
   bmv2 sha256[:16]=3ff54b5c1901c9d3  1.15.3-f0b7d201   (ndt status: /usr/local/bmv2-fast/bin/simple_switch_grpc)

== scripted steps (no CLI, no xterm) ===================================
   hosts: h1=10.0.1.1, h2=10.0.2.2, h3=10.0.3.3
$ /home/adam/p4dev-python-venv/bin/python /home/adam/Desktop/NDTwin-Kernel/tools/p4_exercise/run_external_controller.py /home/adam/Desktop/NDTwin-Kernel/.test_run/packages/p4runtime-skeleton mycontroller.py   (> /home/adam/Desktop/NDTwin-Kernel/doc/audit/2026-09-04_p4-tutorial-exercise-prep/runs/2026-09-26T061608Z_p4runtime_skeleton_ndtwin/driver-controller-p4runtime.log)
   controller pid 1164050 (handed to the generic cell; stopped after it)
-- controller log (/home/adam/Desktop/NDTwin-Kernel/doc/audit/2026-09-04_p4-tutorial-exercise-prep/runs/2026-09-26T061608Z_p4runtime_skeleton_ndtwin/driver-controller-p4runtime.log) --
[adapter] tutorials utils : /home/adam/tutorials/utils
[adapter] grpc base       : 30050 (device id = dpid)
[adapter] running          /home/adam/tutorials/exercises/p4runtime/mycontroller.py  (cwd /home/adam/tutorials/exercises/p4runtime)
[adapter] s1: 127.0.0.1:50051 device_id=0  ->  localhost:30051 device_id=1
[adapter] s2: 127.0.0.1:50052 device_id=1  ->  localhost:30052 device_id=2
Installed P4 Program using SetForwardingPipelineConfig on s1
Installed P4 Program using SetForwardingPipelineConfig on s2
Installed ingress tunnel rule on s1
TODO Install transit tunnel rule
Installed egress tunnel rule on s2
Installed ingress tunnel rule on s2
TODO Install transit tunnel rule
Installed egress tunnel rule on s1

----- Reading tunnel counters -----
s1 MyIngress.ingressTunnelCounter 100: 0 packets (0 bytes)
s2 MyIngress.egressTunnelCounter 100: 0 packets (0 bytes)
s2 MyIngress.ingressTunnelCounter 200: 0 packets (0 bytes)
s1 MyIngress.egressTunnelCounter 200: 0 packets (0 bytes)

----- Reading tunnel counters -----
s1 MyIngress.ingressTunnelCounter 100: 0 packets (0 bytes)
s2 MyIngress.egressTunnelCounter 100: 0 packets (0 bytes)
s2 MyIngress.ingressTunnelCounter 200: 0 packets (0 bytes)
s1 MyIngress.egressTunnelCounter 200: 0 packets (0 bytes)

----- Reading tunnel counters -----
s1 MyIngress.ingressTunnelCounter 100: 0 packets (0 bytes)
s2 MyIngress.egressTunnelCounter 100: 0 packets (0 bytes)
s2 MyIngress.ingressTunnelCounter 200: 0 packets (0 bytes)
s1 MyIngress.egressTunnelCounter 200: 0 packets (0 bytes)

----- Reading tunnel counters -----
s1 MyIngress.ingressTunnelCounter 100: 0 packets (0 bytes)
s2 MyIngress.egressTunnelCounter 100: 0 packets (0 bytes)
s2 MyIngress.ingressTunnelCounter 200: 0 packets (0 bytes)
s1 MyIngress.egressTunnelCounter 200: 0 packets (0 bytes)

----- Reading tunnel counters -----
s1 MyIngress.ingressTunnelCounter 100: 0 packets (0 bytes)
s2 MyIngress.egressTunnelCounter 100: 0 packets (0 bytes)
s2 MyIngress.ingressTunnelCounter 200: 0 packets (0 bytes)
s1 MyIngress.egressTunnelCounter 200: 0 packets (0 bytes)

   PASS injection: the controller stayed up            want=alive after 12s        got=alive
   PASS switches the controller programmed             want=[1, 2]                 got=[1, 2]
$ h1: ping -c5 10.0.2.2 -> 100% loss, 0/5 received
   PASS RED ARM: the transit rule is still the student's TODO want=TODO Install transit tunnel rule got=still a TODO
   PASS RED ARM: h1 -> h2 does not forward             want=100% loss              got=100% loss, 0/5 received

-- switch logs --
   /home/adam/Desktop/NDTwin-Kernel/doc/audit/2026-09-04_p4-tutorial-exercise-prep/runs/2026-09-26T061608Z_p4runtime_skeleton_ndtwin/driver-controller-p4runtime.log 2893 B

== G1  link usage follows the iperf path (program-independent) =========
   NOT RUN: the skeleton arm is a fabric the exercise says should not forward; there is no path for a program-independent cell to follow
   (a cell with no flow to follow is recorded as not run, never as a pass)

== teardown: ndt down, the two knobs, then ndt release =================
$ NDT_OWNER=pb5-trial-0926 /home/adam/Desktop/NDTwin-Kernel/tools/test_workflow/ndt down
ndt down
  this teardown is about:
        3 bmv2 switch(es)
        6 host/switch process(es)
        a topo tmux session
        the switch manifest /tmp/ndtwin_p4_switches.json
        the registry entry .test_run/pids/kernel.child.pid
        the registry entry .test_run/pids/kernel.pid
        the registry entry .test_run/pids/p4_proxy.child.pid
        the registry entry .test_run/pids/p4_proxy.pid
        a held port in ports.sh's table
[1/3] kernel + proxy/Ryu
        stopped kernel
        kernel exit status 143 (terminated by SIGTERM (15) -- or exit(143), which bash cannot distinguish)
        stopped p4_proxy
        p4_proxy exit status 143 (terminated by SIGTERM (15) -- or exit(143), which bash cannot distinguish)
        -> an orphan holding one makes the next fabric fail to bind, with an error that reads like a P4 pipeline problem rather than a leftover process
        :30051 is still listening, held by a process this user cannot see (probably root-owned)
          This script did not start it. The next 'up' would find the port open and
          measure the wrong process, so this is reported rather than ignored.
        -> an orphan holding one makes the next fabric fail to bind, with an error that reads like a P4 pipeline problem rather than a leftover process
        :30052 is still listening, held by a process this user cannot see (probably root-owned)
          This script did not start it. The next 'up' would find the port open and
          measure the wrong process, so this is reported rather than ignored.
        -> an orphan holding one makes the next fabric fail to bind, with an error that reads like a P4 pipeline problem rather than a leftover process
        :30053 is still listening, held by a process this user cannot see (probably root-owned)
          This script did not start it. The next 'up' would find the port open and
          measure the wrong process, so this is reported rather than ignored.
        -> the same leftover switch that holds a gRPC port holds this one; the same line of code assigns both, so a check that names only one of them is half a check
        :9091 is still listening, held by a process this user cannot see (probably root-owned)
          This script did not start it. The next 'up' would find the port open and
          measure the wrong process, so this is reported rather than ignored.
        -> the same leftover switch that holds a gRPC port holds this one; the same line of code assigns both, so a check that names only one of them is half a check
        :9092 is still listening, held by a process this user cannot see (probably root-owned)
          This script did not start it. The next 'up' would find the port open and
          measure the wrong process, so this is reported rather than ignored.
        -> the same leftover switch that holds a gRPC port holds this one; the same line of code assigns both, so a check that names only one of them is half a check
        :9093 is still lis
... [trimmed; 5377 chars total]
   ndt down rc=0
   host_count_override: put back to the 2 bytes this round found
   telemetry_override: unchanged (absent)
$ NDT_OWNER=pb5-trial-0926 /home/adam/Desktop/NDTwin-Kernel/tools/test_workflow/ndt release
  the claim you held is kept as .test_run/lab.claim.prev -- 'ndt status' reads it back
  this round's starting point is now .test_run/round.baseline.prev -- 'ndt status' will say no round baseline is recorded
  ok  lab released
   ndt release rc=0

== verdict =============================================================
   PASS injection: the controller stayed up            want=alive after 12s        got=alive   【源碼推導，未執行】
   PASS switches the controller programmed             want=[1, 2]                 got=[1, 2]   【源碼推導，未執行】
   PASS RED ARM: the transit rule is still the student's TODO want=TODO Install transit tunnel rule got=still a TODO   【源碼推導，未執行】
   PASS RED ARM: h1 -> h2 does not forward             want=100% loss              got=100% loss, 0/5 received   【README 宣稱】＋【源碼推導，未執行】

>>> PASS (4/4)

report: /home/adam/Desktop/NDTwin-Kernel/doc/audit/2026-09-04_p4-tutorial-exercise-prep/runs/2026-09-26T061608Z_p4runtime_skeleton_ndtwin.md
