-----------------------------------------------------------
Server listening on 5201 (test #1)
-----------------------------------------------------------
Accepted connection from 10.0.0.1, port 56044
[  8] local 10.0.0.33 port 5201 connected to 10.0.0.1 port 47487
[ ID] Interval           Transfer     Bitrate         Jitter    Lost/Total Datagrams
[  8]   0.00-1.00   sec  23.4 MBytes   196 Mbits/sec  0.096 ms  267/17809 (1.5%)  
[  8]   1.00-2.00   sec  11.2 MBytes  94.0 Mbits/sec  0.060 ms  0/8401 (0%)  
[  8]   2.00-3.00   sec  4.81 MBytes  40.4 Mbits/sec  0.105 ms  15956/19562 (82%)  
[  8]   3.00-4.00   sec  2.85 MBytes  23.9 Mbits/sec  0.090 ms  19027/21164 (90%)  
[  8]   4.00-5.00   sec  2.32 MBytes  19.5 Mbits/sec  1.576 ms  12471/14210 (88%)  
[  8]   5.00-6.00   sec  3.71 MBytes  31.1 Mbits/sec  0.064 ms  23172/25947 (89%)  
[  8]   6.00-7.00   sec  4.12 MBytes  34.5 Mbits/sec  0.078 ms  5984/9070 (66%)  
[  8]   7.00-8.00   sec  0.00 Bytes  0.00 bits/sec  0.078 ms  0/0 (0%)  
[  8]   8.00-9.00   sec  9.13 MBytes  76.6 Mbits/sec  0.063 ms  33943/40782 (83%)  
[  8]   9.00-10.00  sec  3.49 MBytes  29.3 Mbits/sec  0.077 ms  11447/14063 (81%)  
[  8]  10.00-11.00  sec  4.07 MBytes  34.2 Mbits/sec  0.043 ms  15189/18240 (83%)  
[  8]  11.00-12.00  sec  4.46 MBytes  37.4 Mbits/sec  0.090 ms  16013/19353 (83%)  
[  8]  12.00-13.00  sec  2.90 MBytes  24.3 Mbits/sec  0.072 ms  12629/14799 (85%)  
[  8]  13.00-14.00  sec  0.00 Bytes  0.00 bits/sec  0.072 ms  0/0 (0%)  
[  8]  14.00-15.00  sec  9.02 MBytes  75.7 Mbits/sec  0.061 ms  34663/41418 (84%)  
[  8]  15.00-16.00  sec   920 KBytes  7.54 Mbits/sec  1.184 ms  18587/19260 (97%)  
[  8]  16.00-17.00  sec  1.72 MBytes  14.4 Mbits/sec  0.623 ms  16649/17935 (93%)  
[  8]  17.00-18.00  sec  1.48 MBytes  12.4 Mbits/sec  0.878 ms  16204/17312 (94%)  
[  8]  18.00-19.00  sec  1.37 MBytes  11.5 Mbits/sec  0.051 ms  10777/11802 (91%)  
[  8]  19.00-20.00  sec  4.09 MBytes  34.3 Mbits/sec  0.075 ms  17804/20868 (85%)  
[  8]  20.00-21.00  sec  2.59 MBytes  21.7 Mbits/sec  0.049 ms  13537/15479 (87%)  
[  8]  21.00-22.00  sec  1.50 MBytes  12.6 Mbits/sec  0.093 ms  7423/8547 (87%)  
[  8]  22.00-23.00  sec  5.10 MBytes  42.8 Mbits/sec  0.072 ms  26049/29867 (87%)  
[  8]  23.00-24.00  sec  2.77 MBytes  23.2 Mbits/sec  0.070 ms  14324/16398 (87%)  
[  8]  24.00-25.00  sec  3.20 MBytes  26.9 Mbits/sec  0.071 ms  14294/16694 (86%)  
[  8]  25.00-26.00  sec  0.00 Bytes  0.00 bits/sec  0.071 ms  0/0 (0%)  
[  8]  26.00-27.00  sec  7.82 MBytes  65.6 Mbits/sec  0.080 ms  34921/40778 (86%)  
[  8]  27.00-28.00  sec  2.20 MBytes  18.5 Mbits/sec  0.077 ms  9082/10731 (85%)  
[  8]  28.00-29.00  sec  4.34 MBytes  36.4 Mbits/sec  0.395 ms  22869/26117 (88%)  
[  8]  29.00-30.00  sec  1.89 MBytes  15.8 Mbits/sec  2.095 ms  15800/17214 (92%)  
[  8]  30.00-31.00  sec  1.47 MBytes  12.3 Mbits/sec  2.548 ms  13838/14936 (93%)  
[  8]  31.00-32.00  sec   215 KBytes  1.76 Mbits/sec  2.633 ms  5441/5598 (97%)  
[  8]  32.00-33.00  sec  5.39 MBytes  45.2 Mbits/sec  0.064 ms  27466/31502 (87%)  
[  8]  33.00-34.00  sec  3.43 MBytes  28.8 Mbits/sec  0.036 ms  10320/12888 (80%)  
[  8]  34.00-35.00  sec  4.69 MBytes  39.3 Mbits/sec  0.108 ms  16000/19510 (82%)  
[  8]  35.00-36.00  sec  0.00 Bytes  0.00 bits/sec  0.108 ms  0/0 (0%)  
[  8]  36.00-37.00  sec  9.33 MBytes  78.3 Mbits/sec  0.061 ms  35245/42233 (83%)  
[  8]  37.00-38.00  sec  2.73 MBytes  22.9 Mbits/sec  0.051 ms  8900/10942 (81%)  
[  8]  38.00-39.00  sec  4.87 MBytes  40.8 Mbits/sec  0.061 ms  17968/21612 (83%)  
[  8]  39.00-40.00  sec  3.64 MBytes  30.5 Mbits/sec  0.043 ms  13069/15796 (83%)  
[  8]  40.00-41.00  sec  4.26 MBytes  35.7 Mbits/sec  0.066 ms  14337/17524 (82%)  
[  8]  41.00-42.00  sec  1.82 MBytes  15.3 Mbits/sec  0.106 ms  6620/7985 (83%)  
[  8]  42.00-43.00  sec  2.63 MBytes  22.1 Mbits/sec  0.997 ms  29158/31127 (94%)  
[  8]  43.00-44.00  sec  1.79 MBytes  15.0 Mbits/sec  1.360 ms  16777/18118 (93%)  
[  8]  44.00-45.00  sec  1.04 MBytes  8.69 Mbits/sec  4.695 ms  9933/10709 (93%)  
[  8]  45.00-46.00  sec  0.00 Bytes  0.00 bits/sec  4.695 ms  0/0 (0%)  
[  8]  46.00-47.00  sec  5.86 MBytes  49.2 Mbits/sec  0.046 ms  40553/44942 (90%)  
[  8]  47.00-48.00  sec  6.16 MBytes  51.6 Mbits/sec  0.061 ms  3388/8001 (42%)  
[  8]  48.00-49.00  sec  5.09 MBytes  42.8 Mbits/sec  0.053 ms  20613/24429 (84%)  
[  8]  49.00-50.00  sec  3.92 MBytes  32.9 Mbits/sec  0.067 ms  18045/20980 (86%)  
[  8]  50.00-51.00  sec  1.87 MBytes  15.7 Mbits/sec  0.655 ms  13948/15348 (91%)  
[  8]  51.00-52.00  sec  1.59 MBytes  13.3 Mbits/sec  1.403 ms  17542/18733 (94%)  
[  8]  52.00-53.00  sec  1.93 MBytes  16.2 Mbits/sec  0.037 ms  15552/16995 (92%)  
[  8]  53.00-54.00  sec  3.24 MBytes  27.1 Mbits/sec  0.084 ms  14716/17139 (86%)  
[  8]  54.00-55.00  sec  3.22 MBytes  27.0 Mbits/sec  0.074 ms  15646/18059 (87%)  
[  8]  55.00-56.00  sec  0.00 Bytes  0.00 bits/sec  0.074 ms  0/0 (0%)  
[  8]  56.00-57.00  sec  9.03 MBytes  75.8 Mbits/sec  0.090 ms  31211/37976 (82%)  
[  8]  57.00-58.00  sec  0.00 Bytes  0.00 bits/sec  0.090 ms  0/0 (0%)  
[  8]  58.00-59.00  sec  4.22 MBytes  35.5 Mbits/sec  0.710 ms  32676/35839 (91%)  
[  8]  59.00-60.00  sec  2.26 MBytes  19.0 Mbits/sec  1.045 ms  15824/17517 (90%)  
[  8]  60.00-61.00  sec  2.31 MBytes  19.4 Mbits/sec  0.062 ms  15411/17143 (90%)  
[  8]  61.00-62.00  sec  0.00 Bytes  0.00 bits/sec  0.062 ms  0/0 (0%)  
[  8]  62.00-63.00  sec  8.88 MBytes  74.6 Mbits/sec  0.051 ms  29523/36175 (82%)  
[  8]  63.00-64.00  sec  3.57 MBytes  30.0 Mbits/sec  0.056 ms  16554/19230 (86%)  
[  8]  64.00-65.00  sec  4.40 MBytes  36.9 Mbits/sec  0.088 ms  12943/16240 (80%)  
[  8]  65.00-66.00  sec  0.00 Bytes  0.00 bits/sec  0.088 ms  0/0 (0%)  
[  8]  66.00-67.00  sec  4.05 MBytes  34.0 Mbits/sec  15.807 ms  32973/36005 (92%)  
[  8]  67.00-68.00  sec  1.74 MBytes  14.6 Mbits/sec  1.809 ms  15516/16816 (92%)  
[  8]  68.00-69.00  sec  1.36 MBytes  11.4 Mbits/sec  2.583 ms  16460/17479 (94%)  
[  8]  69.00-70.00  sec  1.68 MBytes  14.1 Mbits/sec  0.046 ms  12511/13773 (91%)  
[  8]  70.00-71.00  sec  4.37 MBytes  36.7 Mbits/sec  0.091 ms  21392/24666 (87%)  
[  8]  71.00-72.00  sec  2.06 MBytes  17.3 Mbits/sec  0.067 ms  16337/17881 (91%)  
[  8]  72.00-73.00  sec  5.65 MBytes  47.4 Mbits/sec  0.070 ms  13624/17859 (76%)  
[  8]  73.00-74.00  sec  1.77 MBytes  14.8 Mbits/sec  0.104 ms  0/1324 (0%)  
[  8]  74.00-75.00  sec  6.01 MBytes  50.4 Mbits/sec  0.110 ms  22885/27386 (84%)  
[  8]  75.00-76.00  sec  1.68 MBytes  14.1 Mbits/sec  1.837 ms  21944/23204 (95%)  
[  8]  76.00-77.00  sec  1.42 MBytes  12.0 Mbits/sec  2.264 ms  14237/15304 (93%)  
[  8]  77.00-78.00  sec  0.00 Bytes  0.00 bits/sec  2.264 ms  0/0 (0%)  
[  8]  78.00-79.00  sec  8.60 MBytes  72.2 Mbits/sec  0.058 ms  31941/38379 (83%)  
[  8]  79.00-80.00  sec  2.46 MBytes  20.6 Mbits/sec  0.071 ms  10552/12391 (85%)  
[  8]  80.00-81.00  sec  2.68 MBytes  22.4 Mbits/sec  0.044 ms  11658/13662 (85%)  
[  8]  81.00-82.00  sec  3.36 MBytes  28.2 Mbits/sec  0.031 ms  14528/17042 (85%)  
[  8]  82.00-83.00  sec  6.13 MBytes  51.5 Mbits/sec  0.050 ms  25283/29875 (85%)  
[  8]  83.00-84.00  sec  1.29 MBytes  10.8 Mbits/sec  0.080 ms  3556/4520 (79%)  
[  8]  84.00-85.00  sec  4.90 MBytes  41.2 Mbits/sec  0.071 ms  22315/25985 (86%)  
[  8]  85.00-86.00  sec  2.37 MBytes  19.9 Mbits/sec  0.046 ms  9077/10852 (84%)  
[  8]  86.00-87.00  sec  0.00 Bytes  0.00 bits/sec  0.046 ms  0/0 (0%)  
[  8]  87.00-88.00  sec  8.17 MBytes  68.6 Mbits/sec  0.063 ms  32221/38341 (84%)  
[  8]  88.00-89.00  sec  2.97 MBytes  25.0 Mbits/sec  0.081 ms  25219/27446 (92%)  
[  8]  89.00-90.00  sec  5.26 MBytes  44.1 Mbits/sec  0.052 ms  6710/10653 (63%)  
[  8]  90.00-91.00  sec  0.00 Bytes  0.00 bits/sec  0.052 ms  0/0 (0%)  
[  8]  91.00-92.00  sec  7.23 MBytes  60.7 Mbits/sec  0.058 ms  28890/34304 (84%)  
[  8]  92.00-93.00  sec  0.00 Bytes  0.00 bits/sec  0.058 ms  0/0 (0%)  
[  8]  93.00-94.00  sec  6.56 MBytes  55.1 Mbits/sec  0.095 ms  30864/35781 (86%)  
[  8]  94.00-95.00  sec  4.75 MBytes  39.8 Mbits/sec  0.085 ms  18457/22013 (84%)  
[  8]  95.00-96.00  sec  2.34 MBytes  19.6 Mbits/sec  0.099 ms  9297/11052 (84%)  
[  8]  96.00-97.00  sec  1.54 MBytes  12.9 Mbits/sec  0.058 ms  11837/12987 (91%)  
[  8]  97.00-98.00  sec  7.04 MBytes  59.1 Mbits/sec  0.117 ms  26490/31763 (83%)  
[  8]  98.00-99.00  sec  0.00 Bytes  0.00 bits/sec  0.117 ms  0/0 (0%)  
[  8]  99.00-100.00 sec  7.07 MBytes  59.4 Mbits/sec  0.074 ms  25246/30545 (83%)  
[  8] 100.00-101.00 sec  4.36 MBytes  36.6 Mbits/sec  0.053 ms  17542/20811 (84%)  
[  8] 101.00-102.00 sec  2.39 MBytes  20.0 Mbits/sec  0.078 ms  9909/11699 (85%)  
[  8] 102.00-103.00 sec  4.49 MBytes  37.7 Mbits/sec  0.046 ms  17086/20450 (84%)  
[  8] 103.00-104.00 sec  4.76 MBytes  39.9 Mbits/sec  0.067 ms  16930/20496 (83%)  
[  8] 104.00-105.00 sec  3.42 MBytes  28.7 Mbits/sec  0.091 ms  15170/17732 (86%)  
[  8] 105.00-106.00 sec  2.58 MBytes  21.6 Mbits/sec  0.047 ms  9723/11654 (83%)  
[  8] 106.00-107.00 sec  0.00 Bytes  0.00 bits/sec  0.047 ms  0/0 (0%)  
[  8] 107.00-108.00 sec  8.05 MBytes  67.6 Mbits/sec  0.442 ms  39288/45316 (87%)  
[  8] 108.00-109.00 sec  1.83 MBytes  15.4 Mbits/sec  1.064 ms  16931/18305 (92%)  
[  8] 109.00-110.00 sec  1.56 MBytes  13.1 Mbits/sec  0.808 ms  13166/14332 (92%)  
[  8] 110.00-111.00 sec  0.00 Bytes  0.00 bits/sec  0.808 ms  0/0 (0%)  
[  8] 111.00-112.00 sec  7.30 MBytes  61.3 Mbits/sec  0.050 ms  32269/37738 (86%)  
[  8] 112.00-113.00 sec  0.00 Bytes  0.00 bits/sec  0.050 ms  0/0 (0%)  
[  8] 113.00-114.00 sec  7.14 MBytes  59.9 Mbits/sec  0.062 ms  30414/35759 (85%)  
[  8] 114.00-115.00 sec  3.95 MBytes  33.1 Mbits/sec  0.104 ms  13582/16539 (82%)  
[  8] 115.00-116.00 sec  3.10 MBytes  26.0 Mbits/sec  0.703 ms  18553/20876 (89%)  
[  8] 116.00-117.00 sec  2.14 MBytes  18.0 Mbits/sec  0.620 ms  16382/17988 (91%)  
[  8] 117.00-118.00 sec  1.34 MBytes  11.2 Mbits/sec  1.154 ms  10943/11946 (92%)  
[  8] 118.00-119.00 sec  0.00 Bytes  0.00 bits/sec  1.154 ms  0/0 (0%)  
[  8] 119.00-120.00 sec  6.99 MBytes  58.7 Mbits/sec  0.063 ms  34928/40165 (87%)  
[  8] 120.00-121.00 sec  0.00 Bytes  0.00 bits/sec  0.063 ms  0/0 (0%)  
[  8] 121.00-122.00 sec  7.85 MBytes  65.9 Mbits/sec  0.071 ms  26594/32472 (82%)  
[  8] 122.00-123.00 sec  0.00 Bytes  0.00 bits/sec  0.071 ms  0/0 (0%)  
[  8] 123.00-124.00 sec  5.85 MBytes  49.1 Mbits/sec  1.015 ms  35818/40199 (89%)  
[  8] 124.00-125.00 sec  1.91 MBytes  16.0 Mbits/sec  0.136 ms  15345/16773 (91%)  
[  8] 125.00-126.00 sec  1.71 MBytes  14.3 Mbits/sec  2.639 ms  16981/18259 (93%)  
[  8] 126.00-127.00 sec   394 KBytes  3.22 Mbits/sec  6.261 ms  3394/3682 (92%)  
[  8] 127.00-128.00 sec  5.53 MBytes  46.4 Mbits/sec  0.060 ms  29997/34138 (88%)  
[  8] 128.00-129.00 sec  4.05 MBytes  33.9 Mbits/sec  0.052 ms  9394/12425 (76%)  
[  8] 129.00-130.00 sec  4.23 MBytes  35.5 Mbits/sec  0.063 ms  16588/19758 (84%)  
[  8] 130.00-131.00 sec  0.00 Bytes  0.00 bits/sec  0.063 ms  0/0 (0%)  
[  8] 131.00-132.00 sec  6.93 MBytes  58.2 Mbits/sec  1.136 ms  32634/37825 (86%)  
[  8] 132.00-133.00 sec  1.86 MBytes  15.6 Mbits/sec  1.174 ms  15841/17231 (92%)  
[  8] 133.00-134.00 sec  1.67 MBytes  14.0 Mbits/sec  0.588 ms  16358/17612 (93%)  
[  8] 134.00-135.00 sec  1.38 MBytes  11.5 Mbits/sec  0.163 ms  13270/14300 (93%)  
[  8] 135.00-136.00 sec  4.31 MBytes  36.1 Mbits/sec  0.117 ms  20483/23708 (86%)  
[  8] 136.00-137.00 sec  3.75 MBytes  31.5 Mbits/sec  0.044 ms  5081/7891 (64%)  
[  8] 137.00-138.00 sec  3.98 MBytes  33.4 Mbits/sec  0.094 ms  24842/27826 (89%)  
[  8] 138.00-139.00 sec  2.31 MBytes  19.3 Mbits/sec  0.073 ms  0/1727 (0%)  
[  8] 139.00-140.00 sec  7.93 MBytes  66.6 Mbits/sec  0.066 ms  26167/32108 (81%)  
[  8] 140.00-141.00 sec  1.37 KBytes  11.2 Kbits/sec  69.091 ms  0/1 (0%)  
[  8] 141.00-142.00 sec  7.69 MBytes  64.5 Mbits/sec  0.053 ms  30233/35990 (84%)  
[  8] 142.00-143.00 sec  0.00 Bytes  0.00 bits/sec  0.053 ms  0/0 (0%)  
[  8] 143.00-144.00 sec  3.26 MBytes  27.4 Mbits/sec  0.037 ms  34867/37312 (93%)  
[  8] 144.00-145.00 sec  7.87 MBytes  66.0 Mbits/sec  0.073 ms  5815/11707 (50%)  
[  8] 145.00-146.00 sec  5.04 MBytes  42.3 Mbits/sec  0.083 ms  20231/24009 (84%)  
[  8] 146.00-147.00 sec  3.66 MBytes  30.7 Mbits/sec  0.100 ms  13384/16127 (83%)  
[  8] 147.00-148.00 sec  2.72 MBytes  22.8 Mbits/sec  0.073 ms  17548/19587 (90%)  
[  8] 148.00-149.00 sec  1.77 MBytes  14.8 Mbits/sec  0.111 ms  0/1325 (0%)  
[  8] 149.00-150.00 sec  5.88 MBytes  49.3 Mbits/sec  2.794 ms  27067/31469 (86%)  
[  8] 150.00-151.00 sec  1.47 MBytes  12.3 Mbits/sec  1.106 ms  17717/18819 (94%)  
[  8] 151.00-152.00 sec  1.71 MBytes  14.3 Mbits/sec  2.491 ms  15926/17206 (93%)  
[  8] 152.00-153.00 sec   953 KBytes  7.80 Mbits/sec  1.428 ms  9100/9797 (93%)  
[  8] 153.00-154.00 sec  3.02 MBytes  25.3 Mbits/sec  0.054 ms  18146/20408 (89%)  
[  8] 154.00-155.00 sec  3.15 MBytes  26.4 Mbits/sec  0.087 ms  16889/19249 (88%)  
[  8] 155.00-156.00 sec  2.23 MBytes  18.7 Mbits/sec  0.050 ms  22917/24588 (93%)  
[  8] 156.00-157.00 sec  5.06 MBytes  42.4 Mbits/sec  0.088 ms  3/3791 (0.079%)  
[  8] 157.00-158.00 sec  4.10 MBytes  34.4 Mbits/sec  0.059 ms  21791/24865 (88%)  
[  8] 158.00-159.00 sec  1.54 MBytes  13.0 Mbits/sec  0.334 ms  22507/23663 (95%)  
[  8] 159.00-160.00 sec  1.67 MBytes  14.0 Mbits/sec  0.668 ms  15705/16956 (93%)  
[  8] 160.00-161.00 sec  1.82 MBytes  15.3 Mbits/sec  0.934 ms  16392/17757 (92%)  
[  8] 161.00-162.00 sec   830 KBytes  6.79 Mbits/sec  0.038 ms  8729/9336 (93%)  
[  8] 162.00-163.00 sec  6.08 MBytes  51.0 Mbits/sec  0.050 ms  22552/27104 (83%)  
[  8] 163.00-164.00 sec  0.00 Bytes  0.00 bits/sec  0.050 ms  0/0 (0%)  
[  8] 164.00-165.00 sec  8.60 MBytes  72.2 Mbits/sec  0.072 ms  25577/32017 (80%)  
[  8] 165.00-166.00 sec  2.74 MBytes  23.0 Mbits/sec  0.048 ms  21028/23077 (91%)  
[  8] 166.00-167.00 sec  4.01 MBytes  33.7 Mbits/sec  0.591 ms  13034/16040 (81%)  
[  8] 167.00-168.00 sec  2.04 MBytes  17.1 Mbits/sec  0.354 ms  16231/17762 (91%)  
[  8] 168.00-169.00 sec  1.34 MBytes  11.2 Mbits/sec  0.664 ms  10545/11545 (91%)  
[  8] 169.00-170.00 sec  3.43 MBytes  28.8 Mbits/sec  0.076 ms  18475/21047 (88%)  
[  8] 170.00-171.00 sec  3.75 MBytes  31.5 Mbits/sec  0.048 ms  14010/16821 (83%)  
[  8] 171.00-172.00 sec  0.00 Bytes  0.00 bits/sec  0.048 ms  0/0 (0%)  
[  8] 172.00-173.00 sec  9.48 MBytes  79.5 Mbits/sec  0.077 ms  33065/40162 (82%)  
[  8] 173.00-174.00 sec  2.01 MBytes  16.9 Mbits/sec  0.073 ms  17978/19484 (92%)  
[  8] 174.00-175.00 sec  5.13 MBytes  43.0 Mbits/sec  0.057 ms  7192/11038 (65%)  
[  8] 175.00-176.00 sec  0.00 Bytes  0.00 bits/sec  0.057 ms  0/0 (0%)  
[  8] 176.00-177.00 sec  8.02 MBytes  67.3 Mbits/sec  0.090 ms  34210/40215 (85%)  
[  8] 177.00-178.00 sec  0.00 Bytes  0.00 bits/sec  0.090 ms  0/0 (0%)  
[  8] 178.00-179.00 sec  7.51 MBytes  63.0 Mbits/sec  0.040 ms  26948/32574 (83%)  
[  8] 179.00-180.00 sec  3.72 MBytes  31.2 Mbits/sec  0.087 ms  15836/18619 (85%)  
[  8] 180.00-181.00 sec  3.66 MBytes  30.7 Mbits/sec  0.085 ms  14693/17436 (84%)  
[  8] 181.00-182.00 sec  0.00 Bytes  0.00 bits/sec  0.085 ms  0/0 (0%)  
[  8] 182.00-183.00 sec  8.63 MBytes  72.4 Mbits/sec  0.098 ms  33370/39832 (84%)  
[  8] 183.00-184.00 sec  0.00 Bytes  0.00 bits/sec  0.098 ms  0/0 (0%)  
[  8] 184.00-185.00 sec  7.33 MBytes  61.5 Mbits/sec  0.084 ms  24534/30026 (82%)  
[  8] 185.00-186.00 sec  3.18 MBytes  26.7 Mbits/sec  0.060 ms  12953/15333 (84%)  
[  8] 186.00-187.00 sec  5.38 MBytes  45.1 Mbits/sec  0.102 ms  20022/24051 (83%)  
[  8] 187.00-188.00 sec  0.00 Bytes  0.00 bits/sec  0.102 ms  0/0 (0%)  
[  8] 188.00-189.00 sec  8.41 MBytes  70.6 Mbits/sec  0.061 ms  31890/38188 (84%)  
[  8] 189.00-190.00 sec  3.17 MBytes  26.5 Mbits/sec  0.047 ms  10967/13338 (82%)  
[  8] 190.00-191.00 sec  4.55 MBytes  38.2 Mbits/sec  0.045 ms  16833/20239 (83%)  
[  8] 191.00-192.00 sec  1.79 MBytes  15.0 Mbits/sec  0.094 ms  7275/8615 (84%)  
[  8] 192.00-193.00 sec  5.42 MBytes  45.5 Mbits/sec  0.047 ms  23353/27416 (85%)  
[  8] 193.00-194.00 sec  0.00 Bytes  0.00 bits/sec  0.047 ms  0/0 (0%)  
[  8] 194.00-195.00 sec  5.00 MBytes  42.0 Mbits/sec  0.037 ms  30823/34571 (89%)  
[  8] 195.00-196.00 sec  1.65 MBytes  13.9 Mbits/sec  1.851 ms  17723/18961 (93%)  
[  8] 196.00-197.00 sec  1.60 MBytes  13.4 Mbits/sec  0.807 ms  16685/17884 (93%)  
[  8] 197.00-198.00 sec   587 KBytes  4.80 Mbits/sec  1.174 ms  6542/6971 (94%)  
[  8] 198.00-199.00 sec  4.11 MBytes  34.5 Mbits/sec  0.046 ms  28038/31118 (90%)  
[  8] 199.00-200.00 sec  3.88 MBytes  32.5 Mbits/sec  0.064 ms  9588/12491 (77%)  
[  8] 200.00-201.00 sec  3.79 MBytes  31.8 Mbits/sec  0.088 ms  20389/23225 (88%)  
[  8] 201.00-202.00 sec  1.55 MBytes  13.0 Mbits/sec  0.060 ms  0/1159 (0%)  
[  8] 202.00-203.00 sec  6.74 MBytes  56.6 Mbits/sec  0.462 ms  28260/33309 (85%)  
[  8] 203.00-204.00 sec  1.75 MBytes  14.6 Mbits/sec  3.020 ms  14604/15911 (92%)  
[  8] 204.00-205.00 sec  1.57 MBytes  13.1 Mbits/sec  0.458 ms  18207/19380 (94%)  
[  8] 205.00-206.00 sec   469 KBytes  3.84 Mbits/sec  2.310 ms  4240/4583 (93%)  
[  8] 206.00-207.00 sec  2.99 MBytes  25.1 Mbits/sec  0.031 ms  30560/32799 (93%)  
[  8] 207.00-208.00 sec  4.77 MBytes  40.0 Mbits/sec  0.090 ms  0/3571 (0%)  
[  8] 208.00-209.00 sec  7.48 MBytes  62.8 Mbits/sec  0.053 ms  25877/31478 (82%)  
[  8] 209.00-210.00 sec  2.65 MBytes  22.2 Mbits/sec  0.087 ms  10307/12293 (84%)  
[  8] 210.00-211.00 sec  2.47 MBytes  20.7 Mbits/sec  0.063 ms  22244/24091 (92%)  
[  8] 211.00-212.00 sec  2.80 MBytes  23.5 Mbits/sec  0.050 ms  0/2096 (0%)  
[  8] 212.00-213.00 sec  2.10 MBytes  17.6 Mbits/sec  0.068 ms  32046/33620 (95%)  
[  8] 213.00-214.00 sec  6.77 MBytes  56.7 Mbits/sec  0.081 ms  0/5070 (0%)  
[  8] 214.00-215.00 sec  7.04 MBytes  59.1 Mbits/sec  0.048 ms  24538/29814 (82%)  
[  8] 215.00-216.00 sec  2.35 MBytes  19.7 Mbits/sec  0.062 ms  14003/15766 (89%)  
[  8] 216.00-217.00 sec  1.04 MBytes  8.76 Mbits/sec  1.226 ms  18299/19081 (96%)  
[  8] 217.00-218.00 sec  1.26 MBytes  10.6 Mbits/sec  4.322 ms  17014/17960 (95%)  
[  8] 218.00-219.00 sec  1.70 MBytes  14.2 Mbits/sec  3.232 ms  16091/17362 (93%)  
[  8] 219.00-220.00 sec  1.27 MBytes  10.6 Mbits/sec  0.036 ms  12518/13468 (93%)  
[  8] 220.00-221.00 sec  1.99 MBytes  16.7 Mbits/sec  0.041 ms  22846/24340 (94%)  
[  8] 221.00-222.00 sec  5.55 MBytes  46.6 Mbits/sec  0.091 ms  8377/12534 (67%)  
[  8] 222.00-223.00 sec   913 KBytes  7.48 Mbits/sec  0.057 ms  22504/23172 (97%)  
[  8] 223.00-224.00 sec  4.62 MBytes  38.7 Mbits/sec  0.054 ms  0/3459 (0%)  
[  8] 224.00-225.00 sec  6.08 MBytes  51.1 Mbits/sec  1.583 ms  25985/30540 (85%)  
[  8] 225.00-226.00 sec  2.17 MBytes  18.2 Mbits/sec  0.611 ms  15773/17398 (91%)  
[  8] 226.00-227.00 sec  1.74 MBytes  14.6 Mbits/sec  1.850 ms  16806/18106 (93%)  
[  8] 227.00-228.00 sec  1.70 MBytes  14.2 Mbits/sec  0.042 ms  18504/19774 (94%)  
[  8] 228.00-229.00 sec  3.47 MBytes  29.1 Mbits/sec  0.081 ms  10553/13155 (80%)  
[  8] 229.00-230.00 sec  3.46 MBytes  29.0 Mbits/sec  0.062 ms  14589/17180 (85%)  
[  8] 230.00-231.00 sec  0.00 Bytes  0.00 bits/sec  0.062 ms  0/0 (0%)  
[  8] 231.00-232.00 sec  7.28 MBytes  61.1 Mbits/sec  0.060 ms  23475/28928 (81%)  
[  8] 232.00-233.00 sec  0.00 Bytes  0.00 bits/sec  0.060 ms  0/0 (0%)  
[  8] 233.00-234.00 sec  10.4 MBytes  87.7 Mbits/sec  0.116 ms  37350/45175 (83%)  
[  8] 234.00-235.00 sec  3.14 MBytes  26.3 Mbits/sec  0.050 ms  12045/14398 (84%)  
[  8] 235.00-236.00 sec  1.73 MBytes  14.5 Mbits/sec  0.029 ms  6837/8136 (84%)  
[  8] 236.00-237.00 sec  0.00 Bytes  0.00 bits/sec  0.029 ms  0/0 (0%)  
[  8] 237.00-238.00 sec  9.35 MBytes  78.5 Mbits/sec  0.040 ms  34667/41672 (83%)  
[  8] 238.00-239.00 sec  0.00 Bytes  0.00 bits/sec  0.040 ms  0/0 (0%)  
[  8] 239.00-240.00 sec  9.51 MBytes  79.8 Mbits/sec  0.102 ms  32533/39656 (82%)  
[  8] 240.00-241.00 sec  4.56 MBytes  38.3 Mbits/sec  0.082 ms  17507/20923 (84%)  
[  8] 241.00-242.00 sec  1.09 MBytes  9.10 Mbits/sec  0.072 ms  3432/4245 (81%)  
[  8] 242.00-243.00 sec  0.00 Bytes  0.00 bits/sec  0.072 ms  0/0 (0%)  
[  8] 243.00-244.00 sec  6.86 MBytes  57.6 Mbits/sec  0.835 ms  46018/51153 (90%)  
[  8] 244.00-245.00 sec  1.84 MBytes  15.5 Mbits/sec  0.656 ms  15697/17078 (92%)  
[  8] 245.00-246.00 sec  1.26 MBytes  10.5 Mbits/sec  1.513 ms  11735/12675 (93%)  
[  8] 246.00-247.00 sec  3.30 MBytes  27.7 Mbits/sec  0.064 ms  22449/24922 (90%)  
[  8] 247.00-248.00 sec  1.81 MBytes  15.2 Mbits/sec  0.250 ms  4974/6329 (79%)  
[  8] 248.00-249.00 sec  0.00 Bytes  0.00 bits/sec  0.250 ms  0/0 (0%)  
[  8] 249.00-250.00 sec  10.8 MBytes  90.8 Mbits/sec  0.126 ms  35821/43921 (82%)  
[  8] 250.00-251.00 sec  0.00 Bytes  0.00 bits/sec  0.126 ms  0/0 (0%)  
[  8] 251.00-252.00 sec  6.45 MBytes  54.1 Mbits/sec  0.656 ms  32165/36994 (87%)  
[  8] 252.00-253.00 sec  1.57 MBytes  13.2 Mbits/sec  1.112 ms  16284/17460 (93%)  
[  8] 253.00-254.00 sec  1.40 MBytes  11.7 Mbits/sec  0.153 ms  17623/18669 (94%)  
[  8] 254.00-255.00 sec  2.43 MBytes  20.4 Mbits/sec  0.058 ms  12535/14356 (87%)  
[  8] 255.00-256.00 sec  2.05 MBytes  17.2 Mbits/sec  0.087 ms  12162/13698 (89%)  
[  8] 256.00-257.00 sec  0.00 Bytes  0.00 bits/sec  0.087 ms  0/0 (0%)  
[  8] 257.00-258.00 sec  10.4 MBytes  87.2 Mbits/sec  0.068 ms  34536/42316 (82%)  
[  8] 258.00-259.00 sec  0.00 Bytes  0.00 bits/sec  0.068 ms  0/0 (0%)  
[  8] 259.00-260.00 sec  8.32 MBytes  69.8 Mbits/sec  0.076 ms  28106/34334 (82%)  
[  8] 260.00-261.00 sec  3.10 MBytes  26.0 Mbits/sec  0.059 ms  11924/14248 (84%)  
[  8] 261.00-262.00 sec  3.80 MBytes  31.9 Mbits/sec  0.089 ms  15489/18336 (84%)  
[  8] 262.00-263.00 sec  0.00 Bytes  0.00 bits/sec  0.089 ms  0/0 (0%)  
[  8] 263.00-264.00 sec  8.75 MBytes  73.5 Mbits/sec  0.082 ms  33098/39653 (83%)  
[  8] 264.00-265.00 sec  4.18 MBytes  35.0 Mbits/sec  0.059 ms  14196/17324 (82%)  
[  8] 265.00-266.00 sec  3.19 MBytes  26.7 Mbits/sec  0.076 ms  12085/14473 (84%)  
[  8] 266.00-267.00 sec  2.88 MBytes  24.1 Mbits/sec  0.069 ms  10718/12874 (83%)  
[  8] 267.00-268.00 sec  4.62 MBytes  38.8 Mbits/sec  0.153 ms  17421/20882 (83%)  
[  8] 268.00-269.00 sec  0.00 Bytes  0.00 bits/sec  0.153 ms  0/0 (0%)  
[  8] 269.00-270.00 sec  8.31 MBytes  69.8 Mbits/sec  0.068 ms  35702/41928 (85%)  
[  8] 270.00-271.00 sec  0.00 Bytes  0.00 bits/sec  0.068 ms  0/0 (0%)  
[  8] 271.00-272.00 sec  7.80 MBytes  65.5 Mbits/sec  0.057 ms  29592/35434 (84%)  
[  8] 272.00-273.00 sec  0.00 Bytes  0.00 bits/sec  0.057 ms  0/0 (0%)  
[  8] 273.00-274.00 sec  8.32 MBytes  69.9 Mbits/sec  0.073 ms  30154/36386 (83%)  
[  8] 274.00-275.00 sec  3.57 MBytes  29.9 Mbits/sec  0.052 ms  12095/14768 (82%)  
[  8] 275.00-276.00 sec  4.00 MBytes  33.6 Mbits/sec  0.067 ms  14891/17887 (83%)  
[  8] 276.00-277.00 sec  0.00 Bytes  0.00 bits/sec  0.067 ms  0/0 (0%)  
[  8] 277.00-278.00 sec  8.74 MBytes  73.4 Mbits/sec  0.054 ms  32968/39513 (83%)  
[  8] 278.00-279.00 sec  3.02 MBytes  25.3 Mbits/sec  0.058 ms  15471/17731 (87%)  
[  8] 279.00-280.00 sec  3.02 MBytes  25.3 Mbits/sec  0.054 ms  11625/13886 (84%)  
[  8] 280.00-281.00 sec   521 KBytes  4.27 Mbits/sec  0.060 ms  23359/23740 (98%)  
[  8] 281.00-282.00 sec  6.07 MBytes  50.9 Mbits/sec  0.048 ms  6317/10867 (58%)  
[  8] 282.00-283.00 sec  0.00 Bytes  0.00 bits/sec  0.048 ms  0/0 (0%)  
[  8] 283.00-284.00 sec  8.63 MBytes  72.4 Mbits/sec  0.103 ms  34926/41388 (84%)  
[  8] 284.00-285.00 sec  3.55 MBytes  29.8 Mbits/sec  0.067 ms  12306/14968 (82%)  
[  8] 285.00-286.00 sec  3.85 MBytes  32.3 Mbits/sec  0.083 ms  14585/17468 (83%)  
[  8] 286.00-287.00 sec  0.00 Bytes  0.00 bits/sec  0.083 ms  0/0 (0%)  
[  8] 287.00-288.00 sec  8.65 MBytes  72.6 Mbits/sec  0.076 ms  33096/39577 (84%)  
[  8] 288.00-289.00 sec  1.34 MBytes  11.3 Mbits/sec  0.081 ms  4998/6005 (83%)  
[  8] 289.00-290.00 sec  6.03 MBytes  50.7 Mbits/sec  0.058 ms  23510/28030 (84%)  
[  8] 290.00-291.00 sec  0.00 Bytes  0.00 bits/sec  0.058 ms  0/0 (0%)  
[  8] 291.00-292.00 sec  7.22 MBytes  60.6 Mbits/sec  0.112 ms  26914/32323 (83%)  
[  8] 292.00-293.00 sec  0.00 Bytes  0.00 bits/sec  0.112 ms  0/0 (0%)  
[  8] 293.00-294.00 sec  7.67 MBytes  64.4 Mbits/sec  0.055 ms  35209/40952 (86%)  
[  8] 294.00-295.00 sec  4.42 MBytes  37.1 Mbits/sec  0.049 ms  14301/17614 (81%)  
[  8] 295.00-296.00 sec  2.85 MBytes  23.9 Mbits/sec  0.049 ms  10940/13071 (84%)  
[  8] 296.00-297.00 sec  0.00 Bytes  0.00 bits/sec  0.049 ms  0/0 (0%)  
[  8] 297.00-298.00 sec  7.80 MBytes  65.5 Mbits/sec  0.063 ms  35477/41316 (86%)  
[  8] 298.00-299.00 sec   991 KBytes  8.12 Mbits/sec  0.068 ms  0/727 (0%)  
[  8] 299.00-300.00 sec  7.72 MBytes  64.8 Mbits/sec  0.050 ms  28159/33940 (83%)  
[  8] 300.00-301.00 sec  0.00 Bytes  0.00 bits/sec  0.050 ms  0/0 (0%)  
[  8] 301.00-302.00 sec   174 KBytes  1.42 Mbits/sec  0.082 ms  0/127 (0%)  
[  8] 302.00-303.00 sec  0.00 Bytes  0.00 bits/sec  0.082 ms  0/0 (0%)  
[  8] 303.00-303.32 sec  0.00 Bytes  0.00 bits/sec  0.082 ms  0/0 (0%)  
- - - - - - - - - - - - - - - - - - - - - - - - -
[ ID] Interval           Transfer     Bitrate         Jitter    Lost/Total Datagrams
[SUM]  0.0-303.3 sec  960 datagrams received out-of-order
[  8]   0.00-303.32 sec  1.02 GBytes  28.9 Mbits/sec  0.082 ms  4573469/5356179 (85%)  receiver
