-----------------------------------------------------------
Server listening on 5201 (test #1)
-----------------------------------------------------------
Accepted connection from 10.0.0.1, port 41118
[  8] local 10.0.0.33 port 5201 connected to 10.0.0.1 port 40561
[ ID] Interval           Transfer     Bitrate         Jitter    Lost/Total Datagrams
[  8]   0.00-1.00   sec  23.8 MBytes   199 Mbits/sec  0.117 ms  34/17826 (0.19%)  
[  8]   1.00-2.00   sec  12.0 MBytes   101 Mbits/sec  6.695 ms  2/9016 (0.022%)  
[  8]   2.00-3.00   sec  1.04 MBytes  8.69 Mbits/sec  0.039 ms  23114/23890 (97%)  
[  8]   3.00-4.00   sec  2.08 MBytes  17.4 Mbits/sec  0.075 ms  14576/16133 (90%)  
[  8]   4.00-5.00   sec  3.85 MBytes  32.3 Mbits/sec  0.049 ms  15167/18048 (84%)  
[  8]   5.00-6.00   sec  4.60 MBytes  38.6 Mbits/sec  0.049 ms  17602/21049 (84%)  
[  8]   6.00-7.00   sec  0.00 Bytes  0.00 bits/sec  0.049 ms  0/0 (0%)  
[  8]   7.00-8.00   sec  6.81 MBytes  57.2 Mbits/sec  0.040 ms  26158/31261 (84%)  
[  8]   8.00-9.00   sec  4.32 MBytes  36.2 Mbits/sec  0.085 ms  13217/16449 (80%)  
[  8]   9.00-10.00  sec  4.25 MBytes  35.6 Mbits/sec  0.082 ms  14882/18063 (82%)  
[  8]  10.00-11.00  sec  0.00 Bytes  0.00 bits/sec  0.082 ms  0/0 (0%)  
[  8]  11.00-12.00  sec  7.67 MBytes  64.3 Mbits/sec  0.113 ms  27957/33698 (83%)  
[  8]  12.00-13.00  sec  0.00 Bytes  0.00 bits/sec  0.113 ms  0/0 (0%)  
[  8]  13.00-14.00  sec  9.42 MBytes  79.0 Mbits/sec  0.076 ms  34440/41495 (83%)  
[  8]  14.00-15.00  sec  3.94 MBytes  33.0 Mbits/sec  0.067 ms  11643/14592 (80%)  
[  8]  15.00-16.00  sec   782 KBytes  6.41 Mbits/sec  0.415 ms  21898/22470 (97%)  
[  8]  16.00-17.00  sec  1.44 MBytes  12.1 Mbits/sec  1.213 ms  16428/17505 (94%)  
[  8]  17.00-18.00  sec  1.58 MBytes  13.2 Mbits/sec  0.813 ms  17095/18277 (94%)  
[  8]  18.00-19.00  sec   107 KBytes   874 Kbits/sec  0.359 ms  643/721 (89%)  
[  8]  19.00-20.00  sec  5.49 MBytes  46.1 Mbits/sec  0.044 ms  28553/32665 (87%)  
[  8]  20.00-21.00  sec  2.16 MBytes  18.2 Mbits/sec  0.096 ms  9800/11421 (86%)  
[  8]  21.00-22.00  sec  3.42 MBytes  28.7 Mbits/sec  0.043 ms  20505/23067 (89%)  
[  8]  22.00-23.00  sec  0.00 Bytes  0.00 bits/sec  0.043 ms  0/0 (0%)  
[  8]  23.00-24.00  sec  5.22 MBytes  43.8 Mbits/sec  2.308 ms  29878/33785 (88%)  
[  8]  24.00-25.00  sec  1.27 MBytes  10.6 Mbits/sec  1.600 ms  22266/23214 (96%)  
[  8]  25.00-26.00  sec  1.81 MBytes  15.2 Mbits/sec  1.764 ms  17251/18609 (93%)  
[  8]  26.00-27.00  sec  1.27 MBytes  10.7 Mbits/sec  2.945 ms  14351/15305 (94%)  
[  8]  27.00-28.00  sec  2.64 MBytes  22.2 Mbits/sec  0.074 ms  18098/20077 (90%)  
[  8]  28.00-29.00  sec  2.12 MBytes  17.8 Mbits/sec  0.062 ms  11445/13035 (88%)  
[  8]  29.00-30.00  sec  3.74 MBytes  31.4 Mbits/sec  0.114 ms  18284/21085 (87%)  
[  8]  30.00-31.00  sec  1.57 MBytes  13.2 Mbits/sec  0.045 ms  6064/7243 (84%)  
[  8]  31.00-32.00  sec  3.83 MBytes  32.2 Mbits/sec  0.075 ms  28528/31399 (91%)  
[  8]  32.00-33.00  sec  5.90 MBytes  49.5 Mbits/sec  0.795 ms  11601/16017 (72%)  
[  8]  33.00-34.00  sec  1.77 MBytes  14.8 Mbits/sec  0.455 ms  16823/18145 (93%)  
[  8]  34.00-35.00  sec  1.44 MBytes  12.1 Mbits/sec  0.099 ms  12150/13230 (92%)  
[  8]  35.00-36.00  sec  0.00 Bytes  0.00 bits/sec  0.099 ms  0/0 (0%)  
[  8]  36.00-37.00  sec  5.48 MBytes  46.0 Mbits/sec  0.099 ms  28907/33011 (88%)  
[  8]  37.00-38.00  sec  2.82 MBytes  23.7 Mbits/sec  0.086 ms  10594/12709 (83%)  
[  8]  38.00-39.00  sec  3.98 MBytes  33.4 Mbits/sec  0.029 ms  14452/17435 (83%)  
[  8]  39.00-40.00  sec  9.36 MBytes  78.5 Mbits/sec  0.087 ms  25299/32311 (78%)  
[  8]  40.00-41.00  sec  3.03 MBytes  25.5 Mbits/sec  0.028 ms  10936/13209 (83%)  
[  8]  41.00-42.00  sec  1.53 MBytes  12.8 Mbits/sec  0.071 ms  5271/6415 (82%)  
[  8]  42.00-43.00  sec  3.99 MBytes  33.5 Mbits/sec  0.049 ms  16985/19976 (85%)  
[  8]  43.00-44.00  sec  5.58 MBytes  46.8 Mbits/sec  0.053 ms  21823/26005 (84%)  
[  8]  44.00-45.00  sec  4.30 MBytes  36.1 Mbits/sec  0.088 ms  14367/17590 (82%)  
[  8]  45.00-46.00  sec  0.00 Bytes  0.00 bits/sec  0.088 ms  0/0 (0%)  
[  8]  46.00-47.00  sec  6.40 MBytes  53.7 Mbits/sec  0.064 ms  25132/29925 (84%)  
[  8]  47.00-48.00  sec  4.25 MBytes  35.6 Mbits/sec  0.068 ms  26491/29671 (89%)  
[  8]  48.00-49.00  sec  3.77 MBytes  31.6 Mbits/sec  0.037 ms  0/2826 (0%)  
[  8]  49.00-50.00  sec  5.64 MBytes  47.3 Mbits/sec  0.085 ms  26071/30292 (86%)  
[  8]  50.00-51.00  sec  1.69 MBytes  14.1 Mbits/sec  0.477 ms  17445/18708 (93%)  
[  8]  51.00-52.00  sec  1.75 MBytes  14.6 Mbits/sec  1.616 ms  17630/18937 (93%)  
[  8]  52.00-53.00  sec   915 KBytes  7.49 Mbits/sec  0.881 ms  7383/8052 (92%)  
[  8]  53.00-54.00  sec  3.25 MBytes  27.2 Mbits/sec  0.033 ms  18384/20815 (88%)  
[  8]  54.00-55.00  sec  3.74 MBytes  31.4 Mbits/sec  0.081 ms  16337/19141 (85%)  
[  8]  55.00-56.00  sec  4.09 MBytes  34.3 Mbits/sec  0.071 ms  16359/19424 (84%)  
[  8]  56.00-57.00  sec  2.93 MBytes  24.6 Mbits/sec  0.048 ms  10329/12521 (82%)  
[  8]  57.00-58.00  sec  1.98 MBytes  16.6 Mbits/sec  0.125 ms  26424/27905 (95%)  
[  8]  58.00-59.00  sec  7.02 MBytes  58.9 Mbits/sec  1.140 ms  10650/15905 (67%)  
[  8]  59.00-60.00  sec  1.83 MBytes  15.4 Mbits/sec  0.594 ms  17251/18623 (93%)  
[  8]  60.00-61.00  sec   569 KBytes  4.66 Mbits/sec  1.992 ms  5002/5418 (92%)  
[  8]  61.00-62.00  sec  0.00 Bytes  0.00 bits/sec  1.992 ms  0/0 (0%)  
[  8]  62.00-63.00  sec  9.51 MBytes  79.8 Mbits/sec  0.113 ms  34571/41695 (83%)  
[  8]  63.00-64.00  sec  3.63 MBytes  30.4 Mbits/sec  0.114 ms  15390/18107 (85%)  
[  8]  64.00-65.00  sec  4.36 MBytes  36.5 Mbits/sec  0.090 ms  16701/19964 (84%)  
[  8]  65.00-66.00  sec  3.44 MBytes  28.9 Mbits/sec  0.054 ms  20580/23158 (89%)  
[  8]  66.00-67.00  sec  3.67 MBytes  30.8 Mbits/sec  0.118 ms  8184/10930 (75%)  
[  8]  67.00-68.00  sec  3.46 MBytes  29.0 Mbits/sec  0.066 ms  15506/18098 (86%)  
[  8]  68.00-69.00  sec  4.20 MBytes  35.2 Mbits/sec  0.063 ms  16361/19503 (84%)  
[  8]  69.00-70.00  sec  4.00 MBytes  33.6 Mbits/sec  0.043 ms  16020/19019 (84%)  
[  8]  70.00-71.00  sec  3.35 MBytes  28.1 Mbits/sec  0.062 ms  13072/15583 (84%)  
[  8]  71.00-72.00  sec  3.99 MBytes  33.4 Mbits/sec  0.035 ms  15595/18580 (84%)  
[  8]  72.00-73.00  sec  4.03 MBytes  33.8 Mbits/sec  0.148 ms  15754/18770 (84%)  
[  8]  73.00-74.00  sec  0.00 Bytes  0.00 bits/sec  0.148 ms  0/0 (0%)  
[  8]  74.00-75.00  sec  7.73 MBytes  64.8 Mbits/sec  0.066 ms  28500/34289 (83%)  
[  8]  75.00-76.00  sec  4.65 MBytes  39.0 Mbits/sec  0.111 ms  19176/22660 (85%)  
[  8]  76.00-77.00  sec  3.17 MBytes  26.6 Mbits/sec  0.040 ms  11758/14134 (83%)  
[  8]  77.00-78.00  sec  0.00 Bytes  0.00 bits/sec  0.040 ms  0/0 (0%)  
[  8]  78.00-79.00  sec  7.39 MBytes  62.1 Mbits/sec  0.070 ms  28480/34017 (84%)  
[  8]  79.00-80.00  sec  4.83 MBytes  40.5 Mbits/sec  0.058 ms  20694/24310 (85%)  
[  8]  80.00-81.00  sec  2.39 MBytes  20.0 Mbits/sec  0.047 ms  11281/13069 (86%)  
[  8]  81.00-82.00  sec  0.00 Bytes  0.00 bits/sec  0.047 ms  0/0 (0%)  
[  8]  82.00-83.00  sec  7.77 MBytes  65.2 Mbits/sec  0.063 ms  30392/36211 (84%)  
[  8]  83.00-84.00  sec  0.00 Bytes  0.00 bits/sec  0.063 ms  0/0 (0%)  
[  8]  84.00-85.00  sec  7.91 MBytes  66.3 Mbits/sec  0.044 ms  28531/34452 (83%)  
[  8]  85.00-86.00  sec  0.00 Bytes  0.00 bits/sec  0.044 ms  0/0 (0%)  
[  8]  86.00-87.00  sec  7.98 MBytes  67.0 Mbits/sec  0.096 ms  35404/41378 (86%)  
[  8]  87.00-88.00  sec  1.50 MBytes  12.6 Mbits/sec  0.076 ms  0/1123 (0%)  
[  8]  88.00-89.00  sec  7.52 MBytes  63.2 Mbits/sec  0.063 ms  28788/34424 (84%)  
[  8]  89.00-90.00  sec  3.25 MBytes  27.2 Mbits/sec  0.045 ms  11122/13554 (82%)  
[  8]  90.00-91.00  sec  4.08 MBytes  34.3 Mbits/sec  0.081 ms  16788/19846 (85%)  
[  8]  91.00-92.00  sec  1.47 MBytes  12.4 Mbits/sec  0.075 ms  5707/6811 (84%)  
[  8]  92.00-93.00  sec  5.90 MBytes  49.5 Mbits/sec  0.086 ms  26004/30422 (85%)  
[  8]  93.00-94.00  sec  1.82 MBytes  15.3 Mbits/sec  0.032 ms  6498/7863 (83%)  
[  8]  94.00-95.00  sec  5.46 MBytes  45.8 Mbits/sec  0.055 ms  21918/26006 (84%)  
[  8]  95.00-96.00  sec  3.46 MBytes  29.0 Mbits/sec  0.050 ms  15641/18232 (86%)  
[  8]  96.00-97.00  sec  2.84 MBytes  23.8 Mbits/sec  0.048 ms  15271/17395 (88%)  
[  8]  97.00-98.00  sec  3.22 MBytes  27.0 Mbits/sec  0.078 ms  18341/20752 (88%)  
[  8]  98.00-99.00  sec  4.85 MBytes  40.7 Mbits/sec  0.045 ms  11891/15522 (77%)  
[  8]  99.00-100.00 sec  3.48 MBytes  29.2 Mbits/sec  0.071 ms  13401/16009 (84%)  
[  8] 100.00-101.00 sec  4.10 MBytes  34.4 Mbits/sec  0.087 ms  15821/18895 (84%)  
[  8] 101.00-102.00 sec  0.00 Bytes  0.00 bits/sec  0.087 ms  0/0 (0%)  
[  8] 102.00-103.00 sec  8.42 MBytes  70.7 Mbits/sec  0.053 ms  30870/37179 (83%)  
[  8] 103.00-104.00 sec  1.09 MBytes  9.15 Mbits/sec  0.042 ms  3781/4598 (82%)  
[  8] 104.00-105.00 sec  6.73 MBytes  56.4 Mbits/sec  0.078 ms  26689/31729 (84%)  
[  8] 105.00-106.00 sec  0.00 Bytes  0.00 bits/sec  0.078 ms  0/0 (0%)  
[  8] 106.00-107.00 sec  5.46 MBytes  45.8 Mbits/sec  0.077 ms  32693/36783 (89%)  
[  8] 107.00-108.00 sec  3.60 MBytes  30.2 Mbits/sec  0.071 ms  2520/5213 (48%)  
[  8] 108.00-109.00 sec  5.04 MBytes  42.2 Mbits/sec  0.060 ms  26720/30492 (88%)  
[  8] 109.00-110.00 sec  4.27 MBytes  35.8 Mbits/sec  0.072 ms  9563/12762 (75%)  
[  8] 110.00-111.00 sec  3.50 MBytes  29.3 Mbits/sec  0.036 ms  19444/22063 (88%)  
[  8] 111.00-112.00 sec  1.28 MBytes  10.7 Mbits/sec  2.937 ms  16853/17811 (95%)  
[  8] 112.00-113.00 sec  1.79 MBytes  15.0 Mbits/sec  0.582 ms  15957/17300 (92%)  
[  8] 113.00-114.00 sec  1.12 MBytes  9.39 Mbits/sec  1.326 ms  10753/11591 (93%)  
[  8] 114.00-115.00 sec  2.92 MBytes  24.5 Mbits/sec  0.052 ms  17043/19229 (89%)  
[  8] 115.00-116.00 sec  2.85 MBytes  23.9 Mbits/sec  0.070 ms  15241/17376 (88%)  
[  8] 116.00-117.00 sec  0.00 Bytes  0.00 bits/sec  0.070 ms  0/0 (0%)  
[  8] 117.00-118.00 sec  7.88 MBytes  66.1 Mbits/sec  0.063 ms  25082/30984 (81%)  
[  8] 118.00-119.00 sec  0.00 Bytes  0.00 bits/sec  0.063 ms  0/0 (0%)  
[  8] 119.00-120.00 sec  8.57 MBytes  71.9 Mbits/sec  1.702 ms  39521/45942 (86%)  
[  8] 120.00-121.00 sec  1.89 MBytes  15.8 Mbits/sec  1.163 ms  16036/17450 (92%)  
[  8] 121.00-122.00 sec  1.24 MBytes  10.4 Mbits/sec  0.613 ms  10745/11670 (92%)  
[  8] 122.00-123.00 sec   365 KBytes  2.99 Mbits/sec  0.040 ms  8523/8790 (97%)  
[  8] 123.00-124.00 sec  4.71 MBytes  39.5 Mbits/sec  0.095 ms  19610/23136 (85%)  
[  8] 124.00-125.00 sec  5.55 MBytes  46.6 Mbits/sec  0.035 ms  19885/24045 (83%)  
[  8] 125.00-126.00 sec  2.08 MBytes  17.5 Mbits/sec  0.122 ms  8249/9807 (84%)  
[  8] 126.00-127.00 sec  0.00 Bytes  0.00 bits/sec  0.122 ms  0/0 (0%)  
[  8] 127.00-128.00 sec  10.7 MBytes  90.1 Mbits/sec  0.116 ms  41230/49274 (84%)  
[  8] 128.00-129.00 sec  2.30 MBytes  19.3 Mbits/sec  0.038 ms  0/1723 (0%)  
[  8] 129.00-130.00 sec  6.04 MBytes  50.6 Mbits/sec  0.111 ms  23982/28504 (84%)  
[  8] 130.00-131.00 sec  0.00 Bytes  0.00 bits/sec  0.111 ms  0/0 (0%)  
[  8] 131.00-132.00 sec  6.34 MBytes  53.2 Mbits/sec  0.073 ms  26669/31415 (85%)  
[  8] 132.00-133.00 sec  4.00 MBytes  33.6 Mbits/sec  0.138 ms  14315/17314 (83%)  
[  8] 133.00-134.00 sec  3.78 MBytes  31.7 Mbits/sec  0.091 ms  13904/16733 (83%)  
[  8] 134.00-135.00 sec  5.59 MBytes  46.9 Mbits/sec  0.068 ms  19438/23623 (82%)  
[  8] 135.00-136.00 sec  2.04 MBytes  17.1 Mbits/sec  0.069 ms  9464/10993 (86%)  
[  8] 136.00-137.00 sec  0.00 Bytes  0.00 bits/sec  0.069 ms  0/0 (0%)  
[  8] 137.00-138.00 sec  7.52 MBytes  63.1 Mbits/sec  0.083 ms  34663/40295 (86%)  
[  8] 138.00-139.00 sec  1.91 MBytes  16.0 Mbits/sec  1.683 ms  22852/24284 (94%)  
[  8] 139.00-140.00 sec  1.65 MBytes  13.8 Mbits/sec  0.829 ms  16277/17511 (93%)  
[  8] 140.00-141.00 sec   632 KBytes  5.17 Mbits/sec  0.069 ms  9066/9528 (95%)  
[  8] 141.00-142.00 sec  3.18 MBytes  26.6 Mbits/sec  0.098 ms  17941/20320 (88%)  
[  8] 142.00-143.00 sec  3.97 MBytes  33.3 Mbits/sec  0.057 ms  22700/25676 (88%)  
[  8] 143.00-144.00 sec  2.84 MBytes  23.8 Mbits/sec  0.110 ms  7378/9502 (78%)  
[  8] 144.00-145.00 sec  5.18 MBytes  43.4 Mbits/sec  0.113 ms  19747/23625 (84%)  
[  8] 145.00-146.00 sec  2.46 MBytes  20.7 Mbits/sec  0.064 ms  11389/13233 (86%)  
[  8] 146.00-147.00 sec  1.34 MBytes  11.3 Mbits/sec  1.135 ms  22115/23121 (96%)  
[  8] 147.00-148.00 sec  1.63 MBytes  13.7 Mbits/sec  2.317 ms  16533/17756 (93%)  
[  8] 148.00-149.00 sec  1.14 MBytes  9.56 Mbits/sec  2.115 ms  10320/11174 (92%)  
[  8] 149.00-150.00 sec  4.69 MBytes  39.4 Mbits/sec  0.122 ms  20291/23805 (85%)  
[  8] 150.00-151.00 sec  1.43 MBytes  12.0 Mbits/sec  0.087 ms  5159/6231 (83%)  
[  8] 151.00-152.00 sec  7.06 MBytes  59.2 Mbits/sec  0.058 ms  26982/32268 (84%)  
[  8] 152.00-153.00 sec  3.55 MBytes  29.8 Mbits/sec  0.064 ms  15202/17862 (85%)  
[  8] 153.00-154.00 sec  4.52 MBytes  37.9 Mbits/sec  0.038 ms  11533/14916 (77%)  
[  8] 154.00-155.00 sec  1.98 MBytes  16.6 Mbits/sec  1.273 ms  17462/18946 (92%)  
[  8] 155.00-156.00 sec  2.06 MBytes  17.3 Mbits/sec  1.582 ms  16032/17574 (91%)  
[  8] 156.00-157.00 sec   652 KBytes  5.34 Mbits/sec  1.058 ms  5620/6097 (92%)  
[  8] 157.00-158.00 sec  3.81 MBytes  32.0 Mbits/sec  0.064 ms  27107/29963 (90%)  
[  8] 158.00-159.00 sec  0.00 Bytes  0.00 bits/sec  0.064 ms  0/0 (0%)  
[  8] 159.00-160.00 sec  7.48 MBytes  62.8 Mbits/sec  0.065 ms  27769/33370 (83%)  
[  8] 160.00-161.00 sec  0.00 Bytes  0.00 bits/sec  0.065 ms  0/0 (0%)  
[  8] 161.00-162.00 sec  8.28 MBytes  69.5 Mbits/sec  0.048 ms  31438/37642 (84%)  
[  8] 162.00-163.00 sec   961 KBytes  7.87 Mbits/sec  0.594 ms  19113/19816 (96%)  
[  8] 163.00-164.00 sec  2.32 MBytes  19.4 Mbits/sec  0.522 ms  14962/16697 (90%)  
[  8] 164.00-165.00 sec  1.60 MBytes  13.4 Mbits/sec  0.396 ms  16236/17434 (93%)  
[  8] 165.00-166.00 sec  1.53 MBytes  12.8 Mbits/sec  0.097 ms  15510/16653 (93%)  
[  8] 166.00-167.00 sec  3.16 MBytes  26.5 Mbits/sec  0.029 ms  15269/17636 (87%)  
[  8] 167.00-168.00 sec  4.29 MBytes  36.0 Mbits/sec  0.040 ms  17592/20804 (85%)  
[  8] 168.00-169.00 sec  0.00 Bytes  0.00 bits/sec  0.040 ms  0/0 (0%)  
[  8] 169.00-170.00 sec  8.47 MBytes  71.0 Mbits/sec  0.074 ms  29676/36018 (82%)  
[  8] 170.00-171.00 sec  4.63 MBytes  38.9 Mbits/sec  1.160 ms  12981/16450 (79%)  
[  8] 171.00-172.00 sec  1.89 MBytes  15.9 Mbits/sec  1.561 ms  16197/17615 (92%)  
[  8] 172.00-173.00 sec  1.85 MBytes  15.5 Mbits/sec  1.660 ms  16840/18224 (92%)  
[  8] 173.00-174.00 sec  2.54 MBytes  21.3 Mbits/sec  0.071 ms  16057/17957 (89%)  
[  8] 174.00-175.00 sec  2.40 MBytes  20.1 Mbits/sec  0.088 ms  12790/14587 (88%)  
[  8] 175.00-176.00 sec  3.73 MBytes  31.3 Mbits/sec  0.095 ms  19519/22311 (87%)  
[  8] 176.00-177.00 sec  4.14 MBytes  34.7 Mbits/sec  0.057 ms  10416/13516 (77%)  
[  8] 177.00-178.00 sec  3.36 MBytes  28.2 Mbits/sec  0.073 ms  19687/22203 (89%)  
[  8] 178.00-179.00 sec  2.01 MBytes  16.8 Mbits/sec  0.064 ms  528/2030 (26%)  
[  8] 179.00-180.00 sec  7.84 MBytes  65.8 Mbits/sec  0.068 ms  27526/33401 (82%)  
[  8] 180.00-181.00 sec  0.00 Bytes  0.00 bits/sec  0.068 ms  0/0 (0%)  
[  8] 181.00-182.00 sec  2.93 MBytes  24.6 Mbits/sec  0.052 ms  33794/35992 (94%)  
[  8] 182.00-183.00 sec  7.55 MBytes  63.4 Mbits/sec  0.061 ms  4733/10390 (46%)  
[  8] 183.00-184.00 sec  2.73 MBytes  22.9 Mbits/sec  0.079 ms  23281/25328 (92%)  
[  8] 184.00-185.00 sec  5.83 MBytes  48.9 Mbits/sec  0.069 ms  9201/13574 (68%)  
[  8] 185.00-186.00 sec  2.51 MBytes  21.1 Mbits/sec  0.080 ms  20248/22131 (91%)  
[  8] 186.00-187.00 sec  2.37 MBytes  19.8 Mbits/sec  0.067 ms  0/1772 (0%)  
[  8] 187.00-188.00 sec  2.25 MBytes  18.8 Mbits/sec  0.061 ms  32272/33955 (95%)  
[  8] 188.00-189.00 sec  7.85 MBytes  65.9 Mbits/sec  0.039 ms  5689/11572 (49%)  
[  8] 189.00-190.00 sec  5.05 MBytes  42.4 Mbits/sec  0.357 ms  19015/22800 (83%)  
[  8] 190.00-191.00 sec  1.99 MBytes  16.7 Mbits/sec  0.038 ms  8774/10263 (85%)  
[  8] 191.00-192.00 sec  1.71 MBytes  14.3 Mbits/sec  0.096 ms  25509/26788 (95%)  
[  8] 192.00-193.00 sec  4.05 MBytes  33.9 Mbits/sec  0.034 ms  3/3034 (0.099%)  
[  8] 193.00-194.00 sec  1.44 MBytes  12.1 Mbits/sec  0.089 ms  31603/32679 (97%)  
[  8] 194.00-195.00 sec  8.50 MBytes  71.3 Mbits/sec  0.089 ms  6533/12901 (51%)  
[  8] 195.00-196.00 sec  4.49 MBytes  37.6 Mbits/sec  0.088 ms  19457/22818 (85%)  
[  8] 196.00-197.00 sec   629 KBytes  5.15 Mbits/sec  0.129 ms  0/460 (0%)  
[  8] 197.00-198.00 sec  1.08 MBytes  9.08 Mbits/sec  0.080 ms  34442/35253 (98%)  
[  8] 198.00-199.00 sec  7.29 MBytes  61.1 Mbits/sec  0.096 ms  3/5462 (0.055%)  
[  8] 199.00-200.00 sec  6.92 MBytes  58.1 Mbits/sec  0.082 ms  24841/30027 (83%)  
[  8] 200.00-201.00 sec  3.08 MBytes  25.8 Mbits/sec  0.045 ms  14592/16897 (86%)  
[  8] 201.00-202.00 sec  1.97 MBytes  16.6 Mbits/sec  0.056 ms  17566/19044 (92%)  
[  8] 202.00-203.00 sec  5.32 MBytes  44.6 Mbits/sec  0.079 ms  13867/17853 (78%)  
[  8] 203.00-204.00 sec   980 KBytes  8.03 Mbits/sec  0.195 ms  0/718 (0%)  
[  8] 204.00-205.00 sec  6.10 MBytes  51.1 Mbits/sec  0.102 ms  26097/30663 (85%)  
[  8] 205.00-206.00 sec  0.00 Bytes  0.00 bits/sec  0.102 ms  0/0 (0%)  
[  8] 206.00-207.00 sec  5.82 MBytes  48.8 Mbits/sec  0.091 ms  35608/39964 (89%)  
[  8] 207.00-208.00 sec  3.02 MBytes  25.3 Mbits/sec  0.053 ms  0/2261 (0%)  
[  8] 208.00-209.00 sec  4.24 MBytes  35.5 Mbits/sec  0.057 ms  15889/19062 (83%)  
[  8] 209.00-210.00 sec  6.32 MBytes  53.0 Mbits/sec  0.083 ms  26279/31011 (85%)  
[  8] 210.00-211.00 sec   878 KBytes  7.19 Mbits/sec  0.071 ms  1742/2384 (73%)  
[  8] 211.00-212.00 sec  0.00 Bytes  0.00 bits/sec  0.071 ms  0/0 (0%)  
[  8] 212.00-213.00 sec  8.43 MBytes  70.7 Mbits/sec  0.064 ms  35476/41791 (85%)  
[  8] 213.00-214.00 sec  4.61 MBytes  38.7 Mbits/sec  0.081 ms  16575/20026 (83%)  
[  8] 214.00-215.00 sec  4.80 MBytes  40.3 Mbits/sec  0.085 ms  17748/21343 (83%)  
[  8] 215.00-216.00 sec  2.56 MBytes  21.4 Mbits/sec  0.050 ms  10665/12579 (85%)  
[  8] 216.00-217.00 sec  2.83 MBytes  23.7 Mbits/sec  0.044 ms  11521/13640 (84%)  
[  8] 217.00-218.00 sec  0.00 Bytes  0.00 bits/sec  0.044 ms  0/0 (0%)  
[  8] 218.00-219.00 sec  7.87 MBytes  66.0 Mbits/sec  2.174 ms  42954/48847 (88%)  
[  8] 219.00-220.00 sec  1.85 MBytes  15.5 Mbits/sec  0.798 ms  15859/17245 (92%)  
[  8] 220.00-221.00 sec  1.51 MBytes  12.7 Mbits/sec  1.259 ms  12586/13717 (92%)  
[  8] 221.00-222.00 sec  0.00 Bytes  0.00 bits/sec  1.259 ms  0/0 (0%)  
[  8] 222.00-223.00 sec  5.22 MBytes  43.8 Mbits/sec  0.070 ms  25994/29903 (87%)  
[  8] 223.00-224.00 sec  0.00 Bytes  0.00 bits/sec  0.070 ms  0/0 (0%)  
[  8] 224.00-225.00 sec  10.2 MBytes  85.5 Mbits/sec  0.081 ms  35372/43010 (82%)  
[  8] 225.00-226.00 sec  0.00 Bytes  0.00 bits/sec  0.081 ms  0/0 (0%)  
[  8] 226.00-227.00 sec  6.05 MBytes  50.7 Mbits/sec  0.068 ms  24837/29370 (85%)  
[  8] 227.00-228.00 sec  5.77 MBytes  48.5 Mbits/sec  0.042 ms  21899/26224 (84%)  
[  8] 228.00-229.00 sec  1.36 MBytes  11.4 Mbits/sec  0.059 ms  5138/6160 (83%)  
[  8] 229.00-230.00 sec  5.67 MBytes  47.6 Mbits/sec  0.087 ms  26191/30439 (86%)  
[  8] 230.00-231.00 sec  1.33 MBytes  11.2 Mbits/sec  0.048 ms  4461/5459 (82%)  
[  8] 231.00-232.00 sec  0.00 Bytes  0.00 bits/sec  0.048 ms  0/0 (0%)  
[  8] 232.00-233.00 sec  10.1 MBytes  85.1 Mbits/sec  0.053 ms  39120/46718 (84%)  
[  8] 233.00-234.00 sec  2.69 MBytes  22.5 Mbits/sec  0.043 ms  11003/13016 (85%)  
[  8] 234.00-235.00 sec  4.65 MBytes  39.0 Mbits/sec  0.064 ms  17717/21199 (84%)  
[  8] 235.00-236.00 sec  0.00 Bytes  0.00 bits/sec  0.064 ms  0/0 (0%)  
[  8] 236.00-237.00 sec  6.16 MBytes  51.7 Mbits/sec  0.036 ms  26220/30835 (85%)  
[  8] 237.00-238.00 sec  2.27 MBytes  19.1 Mbits/sec  0.759 ms  24403/26104 (93%)  
[  8] 238.00-239.00 sec  2.19 MBytes  18.3 Mbits/sec  0.543 ms  15646/17283 (91%)  
[  8] 239.00-240.00 sec  1.62 MBytes  13.6 Mbits/sec  17.249 ms  13253/14469 (92%)  
[  8] 240.00-241.00 sec  2.69 MBytes  22.5 Mbits/sec  0.084 ms  10981/12994 (85%)  
[  8] 241.00-242.00 sec  0.00 Bytes  0.00 bits/sec  0.084 ms  0/0 (0%)  
[  8] 242.00-243.00 sec  8.52 MBytes  71.5 Mbits/sec  0.038 ms  35356/41738 (85%)  
[  8] 243.00-244.00 sec  0.00 Bytes  0.00 bits/sec  0.038 ms  0/0 (0%)  
[  8] 244.00-245.00 sec  7.98 MBytes  66.9 Mbits/sec  0.505 ms  32320/38297 (84%)  
[  8] 245.00-246.00 sec  2.26 MBytes  19.0 Mbits/sec  0.662 ms  16376/18069 (91%)  
[  8] 246.00-247.00 sec  1.70 MBytes  14.2 Mbits/sec  0.542 ms  11836/13106 (90%)  
[  8] 247.00-248.00 sec  0.00 Bytes  0.00 bits/sec  0.542 ms  0/0 (0%)  
[  8] 248.00-249.00 sec  7.15 MBytes  60.0 Mbits/sec  0.087 ms  35503/40860 (87%)  
[  8] 249.00-250.00 sec  3.59 MBytes  30.1 Mbits/sec  0.052 ms  12861/15548 (83%)  
[  8] 250.00-251.00 sec  3.93 MBytes  33.0 Mbits/sec  0.072 ms  15106/18050 (84%)  
[  8] 251.00-252.00 sec  0.00 Bytes  0.00 bits/sec  0.072 ms  0/0 (0%)  
[  8] 252.00-253.00 sec  5.44 MBytes  45.6 Mbits/sec  0.241 ms  31670/35745 (89%)  
[  8] 253.00-254.00 sec  2.02 MBytes  17.0 Mbits/sec  2.155 ms  18228/19743 (92%)  
[  8] 254.00-255.00 sec  2.12 MBytes  17.8 Mbits/sec  1.269 ms  16045/17630 (91%)  
[  8] 255.00-256.00 sec  23.2 KBytes   190 Kbits/sec  0.823 ms  259/276 (94%)  
[  8] 256.00-257.00 sec  2.56 MBytes  21.4 Mbits/sec  0.097 ms  34874/36789 (95%)  
[  8] 257.00-258.00 sec  4.82 MBytes  40.4 Mbits/sec  0.079 ms  0/3611 (0%)  
[  8] 258.00-259.00 sec  2.35 MBytes  19.7 Mbits/sec  0.036 ms  30340/32102 (95%)  
[  8] 259.00-260.00 sec  8.27 MBytes  69.4 Mbits/sec  0.056 ms  7820/14015 (56%)  
[  8] 260.00-261.00 sec  2.97 MBytes  24.9 Mbits/sec  0.270 ms  18574/20800 (89%)  
[  8] 261.00-262.00 sec  1.90 MBytes  15.9 Mbits/sec  2.408 ms  15406/16830 (92%)  
[  8] 262.00-263.00 sec  1.84 MBytes  15.4 Mbits/sec  0.103 ms  17553/18929 (93%)  
[  8] 263.00-264.00 sec  0.00 Bytes  0.00 bits/sec  0.103 ms  0/0 (0%)  
[  8] 264.00-265.00 sec  7.63 MBytes  64.0 Mbits/sec  0.043 ms  30858/36569 (84%)  
[  8] 265.00-266.00 sec  1.31 MBytes  11.0 Mbits/sec  0.075 ms  1598/2581 (62%)  
[  8] 266.00-267.00 sec  6.42 MBytes  53.9 Mbits/sec  0.114 ms  28327/33137 (85%)  
[  8] 267.00-268.00 sec   269 KBytes  2.21 Mbits/sec  0.095 ms  0/197 (0%)  
[  8] 268.00-269.00 sec  3.70 MBytes  31.0 Mbits/sec  1.267 ms  31550/34319 (92%)  
[  8] 269.00-270.00 sec  1.86 MBytes  15.6 Mbits/sec  2.324 ms  15504/16898 (92%)  
[  8] 270.00-271.00 sec  1.57 MBytes  13.2 Mbits/sec  2.049 ms  16302/17480 (93%)  
[  8] 271.00-272.00 sec  0.00 Bytes  0.00 bits/sec  2.049 ms  0/0 (0%)  
[  8] 272.00-273.00 sec  0.00 Bytes  0.00 bits/sec  2.049 ms  0/0 (0%)  
[  8] 273.00-274.00 sec  11.9 MBytes  99.8 Mbits/sec  0.123 ms  45104/54018 (83%)  
[  8] 274.00-275.00 sec  3.46 MBytes  29.0 Mbits/sec  0.108 ms  14297/16891 (85%)  
[  8] 275.00-276.00 sec  1.45 MBytes  12.1 Mbits/sec  0.042 ms  5499/6582 (84%)  
[  8] 276.00-277.00 sec  5.24 MBytes  44.0 Mbits/sec  0.998 ms  26441/30367 (87%)  
[  8] 277.00-278.00 sec  1.89 MBytes  15.8 Mbits/sec  1.355 ms  16428/17842 (92%)  
[  8] 278.00-279.00 sec   926 KBytes  7.58 Mbits/sec  1.311 ms  10174/10851 (94%)  
[  8] 279.00-280.00 sec   983 KBytes  8.05 Mbits/sec  0.041 ms  20743/21462 (97%)  
[  8] 280.00-281.00 sec  4.27 MBytes  35.8 Mbits/sec  0.065 ms  19523/22721 (86%)  
[  8] 281.00-282.00 sec   744 KBytes  6.09 Mbits/sec  0.061 ms  3487/4031 (87%)  
[  8] 282.00-283.00 sec  0.00 Bytes  0.00 bits/sec  0.061 ms  0/0 (0%)  
[  8] 283.00-284.00 sec  10.6 MBytes  88.5 Mbits/sec  0.126 ms  35381/43286 (82%)  
[  8] 284.00-285.00 sec  5.33 MBytes  44.7 Mbits/sec  0.123 ms  18832/22822 (83%)  
[  8] 285.00-286.00 sec  1.62 MBytes  13.6 Mbits/sec  0.044 ms  5139/6351 (81%)  
[  8] 286.00-287.00 sec  0.00 Bytes  0.00 bits/sec  0.044 ms  0/0 (0%)  
[  8] 287.00-288.00 sec  10.8 MBytes  90.9 Mbits/sec  0.073 ms  40513/48628 (83%)  
[  8] 288.00-289.00 sec  0.00 Bytes  0.00 bits/sec  0.073 ms  0/0 (0%)  
[  8] 289.00-290.00 sec  6.27 MBytes  52.6 Mbits/sec  0.063 ms  26660/31357 (85%)  
[  8] 290.00-291.00 sec  1.04 MBytes  8.72 Mbits/sec  0.576 ms  20261/21040 (96%)  
[  8] 291.00-292.00 sec  1.81 MBytes  15.1 Mbits/sec  1.355 ms  16735/18087 (93%)  
[  8] 292.00-293.00 sec  1.18 MBytes  9.93 Mbits/sec  1.049 ms  9350/10237 (91%)  
[  8] 293.00-294.00 sec  1.83 MBytes  15.3 Mbits/sec  0.049 ms  13113/14480 (91%)  
[  8] 294.00-295.00 sec  5.93 MBytes  49.7 Mbits/sec  0.048 ms  24394/28835 (85%)  
[  8] 295.00-296.00 sec  1.69 MBytes  14.2 Mbits/sec  0.052 ms  4734/6000 (79%)  
[  8] 296.00-297.00 sec  0.00 Bytes  0.00 bits/sec  0.052 ms  0/0 (0%)  
[  8] 297.00-298.00 sec  8.63 MBytes  72.4 Mbits/sec  0.075 ms  35687/42152 (85%)  
[  8] 298.00-299.00 sec  1.97 MBytes  16.5 Mbits/sec  0.299 ms  21598/23072 (94%)  
[  8] 299.00-300.00 sec  2.14 MBytes  18.0 Mbits/sec  0.967 ms  15960/17565 (91%)  
[  8] 300.00-300.21 sec   163 KBytes  6.41 Mbits/sec  0.896 ms  1481/1600 (93%)  
- - - - - - - - - - - - - - - - - - - - - - - - -
[ ID] Interval           Transfer     Bitrate         Jitter    Lost/Total Datagrams
[SUM]  0.0-300.2 sec  733 datagrams received out-of-order
[  8]   0.00-300.21 sec  1.01 GBytes  28.9 Mbits/sec  0.896 ms  4582828/5356998 (86%)  receiver
