-----------------------------------------------------------
Server listening on 5201 (test #1)
-----------------------------------------------------------
Accepted connection from 10.0.0.3, port 33320
[  8] local 10.0.0.67 port 5201 connected to 10.0.0.3 port 60577
[ ID] Interval           Transfer     Bitrate         Jitter    Lost/Total Datagrams
[  8]   0.00-1.00   sec  61.5 KBytes   504 Kbits/sec  1.526 ms  0/45 (0%)  
[  8]   1.00-2.00   sec  61.5 KBytes   504 Kbits/sec  1.223 ms  0/45 (0%)  
[  8]   2.00-3.00   sec  60.2 KBytes   493 Kbits/sec  0.578 ms  0/44 (0%)  
[  8]   3.00-4.00   sec  61.5 KBytes   504 Kbits/sec  0.722 ms  0/45 (0%)  
[  8]   4.00-5.00   sec  61.5 KBytes   504 Kbits/sec  0.210 ms  0/45 (0%)  
[  8]   5.00-6.00   sec  60.2 KBytes   493 Kbits/sec  0.093 ms  0/44 (0%)  
[  8]   6.00-7.00   sec  61.5 KBytes   504 Kbits/sec  1.457 ms  0/45 (0%)  
[  8]   7.00-8.00   sec  61.5 KBytes   504 Kbits/sec  0.523 ms  0/45 (0%)  
[  8]   8.00-9.00   sec  60.2 KBytes   492 Kbits/sec  1.671 ms  0/44 (0%)  
[  8]   9.00-10.00  sec  61.5 KBytes   503 Kbits/sec  1.185 ms  0/45 (0%)  
[  8]  10.00-11.00  sec  60.2 KBytes   494 Kbits/sec  1.264 ms  0/44 (0%)  
[  8]  11.00-12.00  sec  61.5 KBytes   504 Kbits/sec  1.784 ms  0/45 (0%)  
[  8]  12.00-13.00  sec  61.5 KBytes   503 Kbits/sec  0.966 ms  0/45 (0%)  
[  8]  13.00-14.00  sec  60.2 KBytes   494 Kbits/sec  1.373 ms  0/44 (0%)  
[  8]  14.00-15.00  sec  61.5 KBytes   504 Kbits/sec  1.264 ms  0/45 (0%)  
[  8]  15.00-16.00  sec  61.5 KBytes   503 Kbits/sec  0.985 ms  0/45 (0%)  
[  8]  16.00-17.00  sec  60.2 KBytes   494 Kbits/sec  1.839 ms  0/44 (0%)  
[  8]  17.00-18.00  sec  61.5 KBytes   504 Kbits/sec  0.868 ms  0/45 (0%)  
[  8]  18.00-19.00  sec  61.5 KBytes   504 Kbits/sec  0.400 ms  0/45 (0%)  
[  8]  19.00-20.00  sec  60.2 KBytes   493 Kbits/sec  0.832 ms  0/44 (0%)  
[  8]  20.00-21.00  sec  61.5 KBytes   504 Kbits/sec  0.648 ms  0/45 (0%)  
[  8]  21.00-22.00  sec  60.2 KBytes   493 Kbits/sec  1.016 ms  0/44 (0%)  
[  8]  22.00-23.00  sec  61.5 KBytes   504 Kbits/sec  1.758 ms  0/45 (0%)  
[  8]  23.00-24.00  sec  61.5 KBytes   504 Kbits/sec  0.736 ms  0/45 (0%)  
[  8]  24.00-25.00  sec  61.5 KBytes   504 Kbits/sec  0.597 ms  0/45 (0%)  
[  8]  25.00-26.00  sec  60.2 KBytes   493 Kbits/sec  0.586 ms  0/44 (0%)  
[  8]  26.00-27.00  sec  61.5 KBytes   504 Kbits/sec  0.147 ms  0/45 (0%)  
[  8]  27.00-28.00  sec  60.2 KBytes   493 Kbits/sec  0.156 ms  0/44 (0%)  
[  8]  28.00-29.00  sec  61.5 KBytes   504 Kbits/sec  0.030 ms  0/45 (0%)  
[  8]  29.00-30.00  sec  61.5 KBytes   504 Kbits/sec  1.002 ms  0/45 (0%)  
[  8]  30.00-31.00  sec  60.2 KBytes   493 Kbits/sec  0.360 ms  0/44 (0%)  
[  8]  31.00-32.01  sec  61.5 KBytes   500 Kbits/sec  1.400 ms  0/45 (0%)  
[  8]  32.01-33.00  sec  60.2 KBytes   496 Kbits/sec  1.769 ms  0/44 (0%)  
[  8]  33.00-34.00  sec  61.5 KBytes   504 Kbits/sec  0.984 ms  0/45 (0%)  
[  8]  34.00-35.00  sec  61.5 KBytes   504 Kbits/sec  0.696 ms  0/45 (0%)  
[  8]  35.00-36.00  sec  61.5 KBytes   504 Kbits/sec  0.236 ms  0/45 (0%)  
[  8]  36.00-37.00  sec  60.2 KBytes   493 Kbits/sec  0.211 ms  0/44 (0%)  
[  8]  37.00-38.00  sec  60.2 KBytes   493 Kbits/sec  0.324 ms  0/44 (0%)  
[  8]  38.00-39.00  sec  61.5 KBytes   504 Kbits/sec  0.353 ms  0/45 (0%)  
[  8]  39.00-40.00  sec  61.5 KBytes   503 Kbits/sec  0.519 ms  0/45 (0%)  
[  8]  40.00-41.00  sec  61.5 KBytes   505 Kbits/sec  0.578 ms  0/45 (0%)  
[  8]  41.00-42.00  sec  60.2 KBytes   492 Kbits/sec  0.651 ms  0/44 (0%)  
[  8]  42.00-43.00  sec  61.5 KBytes   505 Kbits/sec  0.511 ms  0/45 (0%)  
[  8]  43.00-44.00  sec  60.2 KBytes   493 Kbits/sec  1.337 ms  0/44 (0%)  
[  8]  44.00-45.00  sec  61.5 KBytes   504 Kbits/sec  1.666 ms  0/45 (0%)  
[  8]  45.00-46.00  sec  61.5 KBytes   504 Kbits/sec  1.572 ms  0/45 (0%)  
[  8]  46.00-47.00  sec  61.5 KBytes   504 Kbits/sec  1.877 ms  0/45 (0%)  
[  8]  47.00-48.00  sec  60.2 KBytes   493 Kbits/sec  0.866 ms  0/44 (0%)  
[  8]  48.00-49.00  sec  61.5 KBytes   504 Kbits/sec  0.559 ms  0/45 (0%)  
[  8]  49.00-50.00  sec  61.5 KBytes   504 Kbits/sec  0.780 ms  0/45 (0%)  
[  8]  50.00-51.00  sec  60.2 KBytes   493 Kbits/sec  0.803 ms  0/44 (0%)  
[  8]  51.00-52.00  sec  61.5 KBytes   504 Kbits/sec  0.795 ms  0/45 (0%)  
[  8]  52.00-53.00  sec  61.5 KBytes   504 Kbits/sec  1.683 ms  0/45 (0%)  
[  8]  53.00-54.00  sec  60.2 KBytes   493 Kbits/sec  2.172 ms  0/44 (0%)  
[  8]  54.00-55.00  sec  61.5 KBytes   504 Kbits/sec  1.728 ms  0/45 (0%)  
[  8]  55.00-56.00  sec  60.2 KBytes   493 Kbits/sec  1.730 ms  0/44 (0%)  
[  8]  56.00-57.00  sec  61.5 KBytes   504 Kbits/sec  1.787 ms  0/45 (0%)  
[  8]  57.00-58.00  sec  61.5 KBytes   504 Kbits/sec  0.287 ms  0/45 (0%)  
[  8]  58.00-59.00  sec  60.2 KBytes   493 Kbits/sec  1.485 ms  0/44 (0%)  
[  8]  59.00-60.00  sec  61.5 KBytes   504 Kbits/sec  0.448 ms  0/45 (0%)  
[  8]  60.00-61.00  sec  61.5 KBytes   504 Kbits/sec  0.105 ms  0/45 (0%)  
[  8]  61.00-62.00  sec  60.2 KBytes   493 Kbits/sec  0.426 ms  0/44 (0%)  
[  8]  62.00-63.00  sec  61.5 KBytes   503 Kbits/sec  1.074 ms  0/45 (0%)  
[  8]  63.00-64.00  sec  61.5 KBytes   505 Kbits/sec  0.830 ms  0/45 (0%)  
[  8]  64.00-65.00  sec  60.2 KBytes   492 Kbits/sec  0.916 ms  0/44 (0%)  
[  8]  65.00-66.00  sec  61.5 KBytes   505 Kbits/sec  0.362 ms  0/45 (0%)  
[  8]  66.00-67.00  sec  60.2 KBytes   492 Kbits/sec  0.961 ms  0/44 (0%)  
[  8]  67.00-68.00  sec  61.5 KBytes   504 Kbits/sec  0.354 ms  0/45 (0%)  
[  8]  68.00-69.00  sec  61.5 KBytes   503 Kbits/sec  0.467 ms  0/45 (0%)  
[  8]  69.00-70.00  sec  60.2 KBytes   494 Kbits/sec  0.143 ms  0/44 (0%)  
[  8]  70.00-71.00  sec  61.5 KBytes   504 Kbits/sec  0.257 ms  0/45 (0%)  
[  8]  71.00-72.00  sec  61.5 KBytes   504 Kbits/sec  0.186 ms  0/45 (0%)  
[  8]  72.00-73.00  sec  60.2 KBytes   493 Kbits/sec  0.239 ms  0/44 (0%)  
[  8]  73.00-74.00  sec  61.5 KBytes   504 Kbits/sec  0.205 ms  0/45 (0%)  
[  8]  74.00-75.00  sec  61.5 KBytes   504 Kbits/sec  0.094 ms  0/45 (0%)  
[  8]  75.00-76.00  sec  60.2 KBytes   493 Kbits/sec  0.185 ms  0/44 (0%)  
[  8]  76.00-77.00  sec  61.5 KBytes   504 Kbits/sec  0.434 ms  0/45 (0%)  
[  8]  77.00-78.00  sec  61.5 KBytes   504 Kbits/sec  0.247 ms  0/45 (0%)  
[  8]  78.00-79.00  sec  60.2 KBytes   492 Kbits/sec  1.163 ms  0/44 (0%)  
[  8]  79.00-80.00  sec  61.5 KBytes   505 Kbits/sec  0.531 ms  0/45 (0%)  
[  8]  80.00-81.00  sec  60.2 KBytes   492 Kbits/sec  0.500 ms  0/44 (0%)  
[  8]  81.00-82.00  sec  61.5 KBytes   505 Kbits/sec  0.375 ms  0/45 (0%)  
[  8]  82.00-83.00  sec  61.5 KBytes   504 Kbits/sec  0.385 ms  0/45 (0%)  
[  8]  83.00-84.00  sec  60.2 KBytes   493 Kbits/sec  1.420 ms  0/44 (0%)  
[  8]  84.00-85.00  sec  61.5 KBytes   504 Kbits/sec  0.863 ms  0/45 (0%)  
[  8]  85.00-86.00  sec  61.5 KBytes   503 Kbits/sec  1.076 ms  0/45 (0%)  
[  8]  86.00-87.00  sec  60.2 KBytes   494 Kbits/sec  1.545 ms  0/44 (0%)  
[  8]  87.00-88.00  sec  61.5 KBytes   504 Kbits/sec  1.494 ms  0/45 (0%)  
[  8]  88.00-89.00  sec  60.2 KBytes   493 Kbits/sec  0.924 ms  0/44 (0%)  
[  8]  89.00-90.00  sec  61.5 KBytes   502 Kbits/sec  1.567 ms  0/45 (0%)  
[  8]  90.00-91.00  sec  61.5 KBytes   506 Kbits/sec  0.982 ms  0/45 (0%)  
[  8]  91.00-92.00  sec  60.2 KBytes   493 Kbits/sec  1.847 ms  0/44 (0%)  
[  8]  92.00-93.00  sec  61.5 KBytes   504 Kbits/sec  0.740 ms  0/45 (0%)  
[  8]  93.00-94.00  sec  61.5 KBytes   504 Kbits/sec  1.631 ms  0/45 (0%)  
[  8]  94.00-95.00  sec  61.5 KBytes   504 Kbits/sec  0.238 ms  0/45 (0%)  
[  8]  95.00-96.00  sec  60.2 KBytes   493 Kbits/sec  0.101 ms  0/44 (0%)  
[  8]  96.00-97.00  sec  61.5 KBytes   504 Kbits/sec  0.453 ms  0/45 (0%)  
[  8]  97.00-98.00  sec  60.2 KBytes   493 Kbits/sec  0.310 ms  0/44 (0%)  
[  8]  98.00-99.00  sec  61.5 KBytes   504 Kbits/sec  0.499 ms  0/45 (0%)  
[  8]  99.00-100.00 sec  61.5 KBytes   504 Kbits/sec  0.352 ms  0/45 (0%)  
[  8] 100.00-101.00 sec  60.2 KBytes   493 Kbits/sec  0.108 ms  0/44 (0%)  
[  8] 101.00-102.00 sec  61.5 KBytes   504 Kbits/sec  0.809 ms  0/45 (0%)  
[  8] 102.00-103.00 sec  61.5 KBytes   504 Kbits/sec  0.176 ms  0/45 (0%)  
[  8] 103.00-104.00 sec  60.2 KBytes   492 Kbits/sec  0.703 ms  0/44 (0%)  
[  8] 104.00-105.00 sec  61.5 KBytes   505 Kbits/sec  0.576 ms  0/45 (0%)  
[  8] 105.00-106.00 sec  61.5 KBytes   504 Kbits/sec  1.474 ms  0/45 (0%)  
[  8] 106.00-107.00 sec  60.2 KBytes   493 Kbits/sec  0.189 ms  0/44 (0%)  
[  8] 107.00-108.00 sec  61.5 KBytes   504 Kbits/sec  0.224 ms  0/45 (0%)  
[  8] 108.00-109.00 sec  61.5 KBytes   504 Kbits/sec  0.040 ms  0/45 (0%)  
[  8] 109.00-110.00 sec  60.2 KBytes   493 Kbits/sec  0.156 ms  0/44 (0%)  
[  8] 110.00-111.00 sec  61.5 KBytes   504 Kbits/sec  0.147 ms  0/45 (0%)  
[  8] 111.00-112.00 sec  60.2 KBytes   493 Kbits/sec  0.330 ms  0/44 (0%)  
[  8] 112.00-113.00 sec  61.5 KBytes   503 Kbits/sec  0.359 ms  0/45 (0%)  
[  8] 113.00-114.00 sec  60.2 KBytes   493 Kbits/sec  0.628 ms  0/44 (0%)  
[  8] 114.00-115.00 sec  61.5 KBytes   504 Kbits/sec  0.412 ms  0/45 (0%)  
[  8] 115.00-116.00 sec  60.2 KBytes   493 Kbits/sec  0.428 ms  0/44 (0%)  
[  8] 116.00-117.00 sec  62.9 KBytes   515 Kbits/sec  0.971 ms  0/46 (0%)  
[  8] 117.00-118.00 sec  60.2 KBytes   493 Kbits/sec  0.361 ms  0/44 (0%)  
[  8] 118.00-119.00 sec  61.5 KBytes   504 Kbits/sec  0.062 ms  0/45 (0%)  
[  8] 119.00-120.00 sec  61.5 KBytes   504 Kbits/sec  0.156 ms  0/45 (0%)  
[  8] 120.00-121.00 sec  60.2 KBytes   493 Kbits/sec  0.276 ms  0/44 (0%)  
[  8] 121.00-122.00 sec  60.2 KBytes   491 Kbits/sec  1.259 ms  0/44 (0%)  
[  8] 122.00-123.00 sec  61.5 KBytes   506 Kbits/sec  1.017 ms  0/45 (0%)  
[  8] 123.00-124.00 sec  61.5 KBytes   504 Kbits/sec  1.032 ms  0/45 (0%)  
[  8] 124.00-125.00 sec  61.5 KBytes   504 Kbits/sec  0.612 ms  0/45 (0%)  
[  8] 125.00-126.00 sec  60.2 KBytes   493 Kbits/sec  0.955 ms  0/44 (0%)  
[  8] 126.00-127.00 sec  61.5 KBytes   504 Kbits/sec  1.448 ms  0/45 (0%)  
[  8] 127.00-128.00 sec  61.5 KBytes   504 Kbits/sec  0.174 ms  0/45 (0%)  
[  8] 128.00-129.00 sec  60.2 KBytes   493 Kbits/sec  0.636 ms  0/44 (0%)  
[  8] 129.00-130.00 sec  61.5 KBytes   504 Kbits/sec  0.240 ms  0/45 (0%)  
[  8] 130.00-131.00 sec  61.5 KBytes   504 Kbits/sec  0.690 ms  0/45 (0%)  
[  8] 131.00-132.00 sec  60.2 KBytes   493 Kbits/sec  0.410 ms  0/44 (0%)  
[  8] 132.00-133.00 sec  61.5 KBytes   504 Kbits/sec  0.244 ms  0/45 (0%)  
[  8] 133.00-134.00 sec  61.5 KBytes   504 Kbits/sec  0.141 ms  0/45 (0%)  
[  8] 134.00-135.00 sec  60.2 KBytes   493 Kbits/sec  0.230 ms  0/44 (0%)  
[  8] 135.00-136.00 sec  61.5 KBytes   504 Kbits/sec  0.154 ms  0/45 (0%)  
[  8] 136.00-137.00 sec  61.5 KBytes   504 Kbits/sec  0.648 ms  0/45 (0%)  
[  8] 137.00-138.00 sec  60.2 KBytes   493 Kbits/sec  1.204 ms  0/44 (0%)  
[  8] 138.00-139.00 sec  61.5 KBytes   504 Kbits/sec  1.198 ms  0/45 (0%)  
[  8] 139.00-140.00 sec  60.2 KBytes   493 Kbits/sec  0.176 ms  0/44 (0%)  
[  8] 140.00-141.00 sec  61.5 KBytes   504 Kbits/sec  0.192 ms  0/45 (0%)  
[  8] 141.00-142.00 sec  61.5 KBytes   504 Kbits/sec  0.579 ms  0/45 (0%)  
[  8] 142.00-143.00 sec  60.2 KBytes   493 Kbits/sec  0.090 ms  0/44 (0%)  
[  8] 143.00-144.01 sec  61.5 KBytes   499 Kbits/sec  0.642 ms  0/45 (0%)  
[  8] 144.01-145.00 sec  61.5 KBytes   508 Kbits/sec  1.398 ms  0/45 (0%)  
[  8] 145.00-146.00 sec  60.2 KBytes   494 Kbits/sec  0.611 ms  0/44 (0%)  
[  8] 146.00-147.01 sec  61.5 KBytes   501 Kbits/sec  1.190 ms  0/45 (0%)  
[  8] 147.01-148.00 sec  61.5 KBytes   507 Kbits/sec  1.157 ms  0/45 (0%)  
[  8] 148.00-149.00 sec  60.2 KBytes   493 Kbits/sec  2.093 ms  0/44 (0%)  
[  8] 149.00-150.00 sec  61.5 KBytes   504 Kbits/sec  1.721 ms  0/45 (0%)  
[  8] 150.00-151.00 sec  60.2 KBytes   493 Kbits/sec  1.181 ms  0/44 (0%)  
[  8] 151.00-152.00 sec  61.5 KBytes   504 Kbits/sec  1.033 ms  0/45 (0%)  
[  8] 152.00-153.00 sec  60.2 KBytes   492 Kbits/sec  1.530 ms  0/44 (0%)  
[  8] 153.00-154.01 sec  62.9 KBytes   511 Kbits/sec  1.674 ms  0/46 (0%)  
[  8] 154.01-155.00 sec  60.2 KBytes   497 Kbits/sec  1.785 ms  0/44 (0%)  
[  8] 155.00-156.00 sec  61.5 KBytes   505 Kbits/sec  1.649 ms  0/45 (0%)  
[  8] 156.00-157.01 sec  60.2 KBytes   490 Kbits/sec  1.419 ms  0/44 (0%)  
[  8] 157.01-158.02 sec  61.5 KBytes   499 Kbits/sec  1.821 ms  0/45 (0%)  
[  8] 158.02-159.00 sec  61.5 KBytes   510 Kbits/sec  1.910 ms  0/45 (0%)  
[  8] 159.00-160.00 sec  60.2 KBytes   495 Kbits/sec  0.278 ms  0/44 (0%)  
[  8] 160.00-161.00 sec  61.5 KBytes   504 Kbits/sec  0.189 ms  0/45 (0%)  
[  8] 161.00-162.00 sec  60.2 KBytes   493 Kbits/sec  0.739 ms  0/44 (0%)  
[  8] 162.00-163.01 sec  61.5 KBytes   501 Kbits/sec  0.847 ms  0/45 (0%)  
[  8] 163.01-164.00 sec  61.5 KBytes   505 Kbits/sec  1.241 ms  0/45 (0%)  
[  8] 164.00-165.00 sec  60.2 KBytes   495 Kbits/sec  1.655 ms  0/44 (0%)  
[  8] 165.00-166.00 sec  61.5 KBytes   504 Kbits/sec  1.601 ms  0/45 (0%)  
[  8] 166.00-167.00 sec  61.5 KBytes   504 Kbits/sec  0.667 ms  0/45 (0%)  
[  8] 167.00-168.00 sec  60.2 KBytes   493 Kbits/sec  1.258 ms  0/44 (0%)  
[  8] 168.00-169.01 sec  61.5 KBytes   501 Kbits/sec  1.275 ms  0/45 (0%)  
[  8] 169.01-170.00 sec  61.5 KBytes   506 Kbits/sec  2.543 ms  0/45 (0%)  
[  8] 170.00-171.00 sec  60.2 KBytes   494 Kbits/sec  1.643 ms  0/44 (0%)  
[  8] 171.00-172.01 sec  61.5 KBytes   501 Kbits/sec  1.310 ms  0/45 (0%)  
[  8] 172.01-173.00 sec  60.2 KBytes   496 Kbits/sec  2.062 ms  0/44 (0%)  
[  8] 173.00-174.00 sec  61.5 KBytes   504 Kbits/sec  1.870 ms  0/45 (0%)  
[  8] 174.00-175.00 sec  61.5 KBytes   504 Kbits/sec  0.721 ms  0/45 (0%)  
[  8] 175.00-176.00 sec  61.5 KBytes   504 Kbits/sec  0.265 ms  0/45 (0%)  
[  8] 176.00-177.00 sec  58.8 KBytes   482 Kbits/sec  0.117 ms  0/43 (0%)  
[  8] 177.00-178.00 sec  62.9 KBytes   515 Kbits/sec  0.190 ms  0/46 (0%)  
[  8] 178.00-179.00 sec  60.2 KBytes   493 Kbits/sec  0.257 ms  0/44 (0%)  
[  8] 179.00-180.00 sec  61.5 KBytes   503 Kbits/sec  0.833 ms  0/45 (0%)  
[  8] 180.00-181.00 sec  60.2 KBytes   493 Kbits/sec  0.790 ms  0/44 (0%)  
[  8] 181.00-182.00 sec  61.5 KBytes   504 Kbits/sec  0.793 ms  0/45 (0%)  
[  8] 182.00-183.00 sec  61.5 KBytes   503 Kbits/sec  0.741 ms  0/45 (0%)  
[  8] 183.00-184.00 sec  61.5 KBytes   506 Kbits/sec  1.650 ms  0/45 (0%)  
[  8] 184.00-185.00 sec  60.2 KBytes   493 Kbits/sec  0.940 ms  0/44 (0%)  
[  8] 185.00-186.00 sec  61.5 KBytes   504 Kbits/sec  1.388 ms  0/45 (0%)  
[  8] 186.00-187.00 sec  61.5 KBytes   503 Kbits/sec  0.693 ms  0/45 (0%)  
[  8] 187.00-188.00 sec  60.2 KBytes   494 Kbits/sec  0.631 ms  0/44 (0%)  
[  8] 188.00-189.00 sec  61.5 KBytes   504 Kbits/sec  1.009 ms  0/45 (0%)  
[  8] 189.00-190.00 sec  61.5 KBytes   504 Kbits/sec  0.566 ms  0/45 (0%)  
[  8] 190.00-191.00 sec  60.2 KBytes   493 Kbits/sec  0.294 ms  0/44 (0%)  
[  8] 191.00-192.00 sec  61.5 KBytes   504 Kbits/sec  0.277 ms  0/45 (0%)  
[  8] 192.00-193.00 sec  60.2 KBytes   493 Kbits/sec  0.627 ms  0/44 (0%)  
[  8] 193.00-194.00 sec  61.5 KBytes   504 Kbits/sec  0.224 ms  0/45 (0%)  
[  8] 194.00-195.00 sec  61.5 KBytes   503 Kbits/sec  0.461 ms  0/45 (0%)  
[  8] 195.00-196.00 sec  60.2 KBytes   494 Kbits/sec  0.427 ms  0/44 (0%)  
[  8] 196.00-197.00 sec  61.5 KBytes   504 Kbits/sec  0.081 ms  0/45 (0%)  
[  8] 197.00-198.00 sec  61.5 KBytes   503 Kbits/sec  0.889 ms  0/45 (0%)  
[  8] 198.00-199.00 sec  60.2 KBytes   493 Kbits/sec  1.226 ms  0/44 (0%)  
[  8] 199.00-200.00 sec  61.5 KBytes   504 Kbits/sec  1.786 ms  0/45 (0%)  
[  8] 200.00-201.00 sec  61.5 KBytes   504 Kbits/sec  0.764 ms  0/45 (0%)  
[  8] 201.00-202.00 sec  60.2 KBytes   493 Kbits/sec  1.848 ms  0/44 (0%)  
[  8] 202.00-203.00 sec  60.2 KBytes   492 Kbits/sec  1.812 ms  0/44 (0%)  
[  8] 203.00-204.00 sec  61.5 KBytes   505 Kbits/sec  1.656 ms  0/45 (0%)  
[  8] 204.00-205.00 sec  61.5 KBytes   504 Kbits/sec  1.620 ms  0/45 (0%)  
[  8] 205.00-206.00 sec  61.5 KBytes   503 Kbits/sec  1.117 ms  0/45 (0%)  
[  8] 206.00-207.00 sec  60.2 KBytes   493 Kbits/sec  1.879 ms  0/44 (0%)  
[  8] 207.00-208.00 sec  61.5 KBytes   503 Kbits/sec  1.772 ms  0/45 (0%)  
[  8] 208.00-209.00 sec  61.5 KBytes   506 Kbits/sec  1.666 ms  0/45 (0%)  
[  8] 209.00-210.00 sec  61.5 KBytes   503 Kbits/sec  1.943 ms  0/45 (0%)  
[  8] 210.00-211.00 sec  58.8 KBytes   482 Kbits/sec  1.342 ms  0/43 (0%)  
[  8] 211.00-212.00 sec  62.9 KBytes   515 Kbits/sec  1.500 ms  0/46 (0%)  
[  8] 212.00-213.00 sec  60.2 KBytes   492 Kbits/sec  2.751 ms  0/44 (0%)  
[  8] 213.00-214.00 sec  61.5 KBytes   504 Kbits/sec  0.998 ms  0/45 (0%)  
[  8] 214.00-215.00 sec  60.2 KBytes   493 Kbits/sec  1.561 ms  0/44 (0%)  
[  8] 215.00-216.00 sec  61.5 KBytes   502 Kbits/sec  1.639 ms  0/45 (0%)  
[  8] 216.00-217.00 sec  61.5 KBytes   506 Kbits/sec  1.663 ms  0/45 (0%)  
[  8] 217.00-218.00 sec  61.5 KBytes   504 Kbits/sec  1.608 ms  0/45 (0%)  
[  8] 218.00-219.00 sec  60.2 KBytes   493 Kbits/sec  2.822 ms  0/44 (0%)  
[  8] 219.00-220.00 sec  61.5 KBytes   504 Kbits/sec  1.518 ms  0/45 (0%)  
[  8] 220.00-221.00 sec  60.2 KBytes   493 Kbits/sec  1.389 ms  0/44 (0%)  
[  8] 221.00-222.00 sec  61.5 KBytes   504 Kbits/sec  0.277 ms  0/45 (0%)  
[  8] 222.00-223.00 sec  61.5 KBytes   504 Kbits/sec  0.163 ms  0/45 (0%)  
[  8] 223.00-224.00 sec  61.5 KBytes   503 Kbits/sec  0.493 ms  0/45 (0%)  
[  8] 224.00-225.00 sec  60.2 KBytes   494 Kbits/sec  0.591 ms  0/44 (0%)  
[  8] 225.00-226.00 sec  61.5 KBytes   504 Kbits/sec  0.169 ms  0/45 (0%)  
[  8] 226.00-227.00 sec  60.2 KBytes   493 Kbits/sec  0.325 ms  0/44 (0%)  
[  8] 227.00-228.00 sec  61.5 KBytes   504 Kbits/sec  0.172 ms  0/45 (0%)  
[  8] 228.00-229.00 sec  61.5 KBytes   502 Kbits/sec  0.166 ms  0/45 (0%)  
[  8] 229.00-230.00 sec  60.2 KBytes   494 Kbits/sec  0.196 ms  0/44 (0%)  
[  8] 230.00-231.00 sec  61.5 KBytes   504 Kbits/sec  0.930 ms  0/45 (0%)  
[  8] 231.00-232.00 sec  60.2 KBytes   492 Kbits/sec  0.528 ms  0/44 (0%)  
[  8] 232.00-233.00 sec  61.5 KBytes   504 Kbits/sec  0.047 ms  0/45 (0%)  
[  8] 233.00-234.00 sec  61.5 KBytes   504 Kbits/sec  0.020 ms  0/45 (0%)  
[  8] 234.00-235.00 sec  61.5 KBytes   502 Kbits/sec  0.926 ms  0/45 (0%)  
[  8] 235.00-236.00 sec  60.2 KBytes   494 Kbits/sec  1.594 ms  0/44 (0%)  
[  8] 236.00-237.01 sec  61.5 KBytes   500 Kbits/sec  1.578 ms  0/45 (0%)  
[  8] 237.01-238.00 sec  60.2 KBytes   496 Kbits/sec  1.789 ms  0/44 (0%)  
[  8] 238.00-239.00 sec  61.5 KBytes   504 Kbits/sec  1.826 ms  0/45 (0%)  
[  8] 239.00-240.00 sec  61.5 KBytes   504 Kbits/sec  0.242 ms  0/45 (0%)  
[  8] 240.00-241.00 sec  60.2 KBytes   493 Kbits/sec  0.212 ms  0/44 (0%)  
[  8] 241.00-242.00 sec  61.5 KBytes   504 Kbits/sec  0.282 ms  0/45 (0%)  
[  8] 242.00-243.00 sec  61.5 KBytes   504 Kbits/sec  0.092 ms  0/45 (0%)  
[  8] 243.00-244.00 sec  60.2 KBytes   493 Kbits/sec  0.324 ms  0/44 (0%)  
[  8] 244.00-245.00 sec  61.5 KBytes   502 Kbits/sec  0.492 ms  0/45 (0%)  
[  8] 245.00-246.00 sec  61.5 KBytes   506 Kbits/sec  1.085 ms  0/45 (0%)  
[  8] 246.00-247.00 sec  60.2 KBytes   493 Kbits/sec  1.420 ms  0/44 (0%)  
[  8] 247.00-248.00 sec  61.5 KBytes   504 Kbits/sec  0.834 ms  0/45 (0%)  
[  8] 248.00-249.00 sec  60.2 KBytes   493 Kbits/sec  0.319 ms  0/44 (0%)  
[  8] 249.00-250.00 sec  61.5 KBytes   503 Kbits/sec  0.776 ms  0/45 (0%)  
[  8] 250.00-251.00 sec  61.5 KBytes   505 Kbits/sec  1.074 ms  0/45 (0%)  
[  8] 251.00-252.00 sec  60.2 KBytes   493 Kbits/sec  0.256 ms  0/44 (0%)  
[  8] 252.00-253.00 sec  61.5 KBytes   504 Kbits/sec  0.178 ms  0/45 (0%)  
[  8] 253.00-254.00 sec  61.5 KBytes   504 Kbits/sec  0.431 ms  0/45 (0%)  
[  8] 254.00-255.00 sec  60.2 KBytes   493 Kbits/sec  0.661 ms  0/44 (0%)  
[  8] 255.00-256.00 sec  61.5 KBytes   503 Kbits/sec  1.077 ms  0/45 (0%)  
[  8] 256.00-257.00 sec  61.5 KBytes   504 Kbits/sec  1.208 ms  0/45 (0%)  
[  8] 257.00-258.00 sec  60.2 KBytes   493 Kbits/sec  1.632 ms  0/44 (0%)  
[  8] 258.00-259.00 sec  61.5 KBytes   502 Kbits/sec  1.876 ms  0/45 (0%)  
[  8] 259.00-260.00 sec  61.5 KBytes   505 Kbits/sec  1.432 ms  0/45 (0%)  
[  8] 260.00-261.00 sec  60.2 KBytes   493 Kbits/sec  1.701 ms  0/44 (0%)  
[  8] 261.00-262.00 sec  61.5 KBytes   504 Kbits/sec  2.281 ms  0/45 (0%)  
[  8] 262.00-263.00 sec  61.5 KBytes   502 Kbits/sec  1.598 ms  0/45 (0%)  
[  8] 263.00-264.01 sec  60.2 KBytes   490 Kbits/sec  1.371 ms  0/44 (0%)  
[  8] 264.01-265.00 sec  61.5 KBytes   508 Kbits/sec  2.152 ms  0/45 (0%)  
[  8] 265.00-266.01 sec  61.5 KBytes   500 Kbits/sec  2.027 ms  0/45 (0%)  
[  8] 266.01-267.00 sec  60.2 KBytes   496 Kbits/sec  0.547 ms  0/44 (0%)  
[  8] 267.00-268.00 sec  61.5 KBytes   504 Kbits/sec  0.631 ms  0/45 (0%)  
[  8] 268.00-269.00 sec  60.2 KBytes   493 Kbits/sec  0.760 ms  0/44 (0%)  
[  8] 269.00-270.00 sec  61.5 KBytes   504 Kbits/sec  0.142 ms  0/45 (0%)  
[  8] 270.00-271.00 sec  60.2 KBytes   493 Kbits/sec  0.097 ms  0/44 (0%)  
[  8] 271.00-272.00 sec  61.5 KBytes   504 Kbits/sec  0.046 ms  0/45 (0%)  
[  8] 272.00-273.00 sec  61.5 KBytes   504 Kbits/sec  0.056 ms  0/45 (0%)  
[  8] 273.00-274.00 sec  60.2 KBytes   493 Kbits/sec  0.560 ms  0/44 (0%)  
[  8] 274.00-275.00 sec  61.5 KBytes   504 Kbits/sec  0.741 ms  0/45 (0%)  
[  8] 275.00-276.00 sec  61.5 KBytes   504 Kbits/sec  0.222 ms  0/45 (0%)  
[  8] 276.00-277.00 sec  60.2 KBytes   493 Kbits/sec  0.097 ms  0/44 (0%)  
[  8] 277.00-278.00 sec  61.5 KBytes   504 Kbits/sec  0.357 ms  0/45 (0%)  
[  8] 278.00-279.00 sec  61.5 KBytes   502 Kbits/sec  1.336 ms  0/45 (0%)  
[  8] 279.00-280.00 sec  60.2 KBytes   494 Kbits/sec  0.275 ms  0/44 (0%)  
[  8] 280.00-281.00 sec  61.5 KBytes   504 Kbits/sec  0.094 ms  0/45 (0%)  
[  8] 281.00-282.00 sec  60.2 KBytes   493 Kbits/sec  0.761 ms  0/44 (0%)  
[  8] 282.00-283.00 sec  61.5 KBytes   504 Kbits/sec  0.968 ms  0/45 (0%)  
[  8] 283.00-284.00 sec  61.5 KBytes   504 Kbits/sec  0.095 ms  0/45 (0%)  
[  8] 284.00-285.00 sec  60.2 KBytes   491 Kbits/sec  0.488 ms  0/44 (0%)  
[  8] 285.00-286.00 sec  61.5 KBytes   505 Kbits/sec  0.963 ms  0/45 (0%)  
[  8] 286.00-287.00 sec  61.5 KBytes   503 Kbits/sec  1.475 ms  0/45 (0%)  
[  8] 287.00-288.00 sec  61.5 KBytes   506 Kbits/sec  0.916 ms  0/45 (0%)  
[  8] 288.00-289.00 sec  60.2 KBytes   492 Kbits/sec  1.046 ms  0/44 (0%)  
[  8] 289.00-290.00 sec  61.5 KBytes   504 Kbits/sec  1.122 ms  0/45 (0%)  
[  8] 290.00-291.00 sec  60.2 KBytes   493 Kbits/sec  0.653 ms  0/44 (0%)  
[  8] 291.00-292.00 sec  61.5 KBytes   502 Kbits/sec  0.928 ms  0/45 (0%)  
[  8] 292.00-293.00 sec  61.5 KBytes   506 Kbits/sec  0.945 ms  0/45 (0%)  
[  8] 293.00-294.00 sec  60.2 KBytes   493 Kbits/sec  0.620 ms  0/44 (0%)  
[  8] 294.00-295.00 sec  61.5 KBytes   503 Kbits/sec  1.950 ms  0/45 (0%)  
[  8] 295.00-296.00 sec  61.5 KBytes   505 Kbits/sec  0.870 ms  0/45 (0%)  
[  8] 296.00-297.00 sec  60.2 KBytes   493 Kbits/sec  1.776 ms  0/44 (0%)  
[  8] 297.00-298.00 sec  61.5 KBytes   504 Kbits/sec  1.939 ms  0/45 (0%)  
[  8] 298.00-299.00 sec  61.5 KBytes   504 Kbits/sec  0.843 ms  0/45 (0%)  
[  8] 299.00-300.00 sec  60.2 KBytes   493 Kbits/sec  0.915 ms  0/44 (0%)  
[  8] 300.00-301.00 sec  61.5 KBytes   504 Kbits/sec  0.852 ms  0/45 (0%)  
[  8] 301.00-302.00 sec  60.2 KBytes   492 Kbits/sec  1.369 ms  0/44 (0%)  
[  8] 302.00-303.00 sec  61.5 KBytes   505 Kbits/sec  2.315 ms  0/45 (0%)  
[  8] 303.00-304.00 sec  60.2 KBytes   492 Kbits/sec  1.805 ms  0/44 (0%)  
[  8] 304.00-305.00 sec  61.5 KBytes   505 Kbits/sec  0.668 ms  0/45 (0%)  
[  8] 305.00-306.00 sec  61.5 KBytes   503 Kbits/sec  1.624 ms  0/45 (0%)  
[  8] 306.00-307.00 sec  61.5 KBytes   504 Kbits/sec  1.490 ms  0/45 (0%)  
[  8] 307.00-308.00 sec  60.2 KBytes   494 Kbits/sec  1.384 ms  0/44 (0%)  
[  8] 308.00-309.00 sec  61.5 KBytes   504 Kbits/sec  0.131 ms  0/45 (0%)  
[  8] 309.00-310.00 sec  60.2 KBytes   492 Kbits/sec  0.536 ms  0/44 (0%)  
[  8] 310.00-311.00 sec  61.5 KBytes   505 Kbits/sec  0.242 ms  0/45 (0%)  
[  8] 311.00-312.00 sec  61.5 KBytes   504 Kbits/sec  0.551 ms  0/45 (0%)  
[  8] 312.00-313.00 sec  61.5 KBytes   504 Kbits/sec  1.707 ms  0/45 (0%)  
[  8] 313.00-314.00 sec  60.2 KBytes   493 Kbits/sec  1.553 ms  0/44 (0%)  
[  8] 314.00-315.00 sec  60.2 KBytes   493 Kbits/sec  2.064 ms  0/44 (0%)  
[  8] 315.00-316.00 sec  61.5 KBytes   504 Kbits/sec  1.498 ms  0/45 (0%)  
[  8] 316.00-317.01 sec  62.9 KBytes   508 Kbits/sec  1.674 ms  0/46 (0%)  
[  8] 317.01-318.00 sec  60.2 KBytes   499 Kbits/sec  1.482 ms  0/44 (0%)  
[  8] 318.00-319.00 sec  60.2 KBytes   493 Kbits/sec  1.189 ms  0/44 (0%)  
[  8] 319.00-320.00 sec  61.5 KBytes   504 Kbits/sec  1.232 ms  0/45 (0%)  
[  8] 320.00-321.00 sec  61.5 KBytes   504 Kbits/sec  0.967 ms  0/45 (0%)  
[  8] 321.00-322.00 sec  60.2 KBytes   492 Kbits/sec  1.005 ms  0/44 (0%)  
[  8] 322.00-323.00 sec  61.5 KBytes   505 Kbits/sec  1.474 ms  0/45 (0%)  
[  8] 323.00-324.00 sec  61.5 KBytes   504 Kbits/sec  0.646 ms  0/45 (0%)  
[  8] 324.00-325.00 sec  60.2 KBytes   491 Kbits/sec  0.514 ms  0/44 (0%)  
[  8] 325.00-326.00 sec  61.5 KBytes   506 Kbits/sec  0.893 ms  0/45 (0%)  
[  8] 326.00-327.00 sec  60.2 KBytes   492 Kbits/sec  1.603 ms  0/44 (0%)  
[  8] 327.00-328.00 sec  61.5 KBytes   505 Kbits/sec  1.110 ms  0/45 (0%)  
[  8] 328.00-329.00 sec  61.5 KBytes   504 Kbits/sec  1.607 ms  0/45 (0%)  
[  8] 329.00-330.00 sec  61.5 KBytes   504 Kbits/sec  1.497 ms  0/45 (0%)  
[  8] 330.00-331.00 sec  60.2 KBytes   493 Kbits/sec  0.980 ms  0/44 (0%)  
[  8] 331.00-332.00 sec  61.5 KBytes   504 Kbits/sec  1.050 ms  0/45 (0%)  
[  8] 332.00-333.00 sec  60.2 KBytes   493 Kbits/sec  0.648 ms  0/44 (0%)  
[  8] 333.00-334.00 sec  61.5 KBytes   503 Kbits/sec  1.078 ms  0/45 (0%)  
[  8] 334.00-335.00 sec  61.5 KBytes   505 Kbits/sec  0.653 ms  0/45 (0%)  
[  8] 335.00-336.00 sec  60.2 KBytes   492 Kbits/sec  0.937 ms  0/44 (0%)  
[  8] 336.00-337.00 sec  61.5 KBytes   504 Kbits/sec  0.741 ms  0/45 (0%)  
[  8] 337.00-338.00 sec  61.5 KBytes   503 Kbits/sec  0.538 ms  0/45 (0%)  
[  8] 338.00-339.00 sec  60.2 KBytes   493 Kbits/sec  0.732 ms  0/44 (0%)  
[  8] 339.00-340.00 sec  61.5 KBytes   503 Kbits/sec  1.341 ms  0/45 (0%)  
- - - - - - - - - - - - - - - - - - - - - - - - -
[ ID] Interval           Transfer     Bitrate         Jitter    Lost/Total Datagrams
[SUM]  0.0-340.0 sec  2 datagrams received out-of-order
[  8]   0.00-340.01 sec  20.3 MBytes   500 Kbits/sec  1.341 ms  0/15179 (0%)  receiver
