-----------------------------------------------------------
Server listening on 5201 (test #1)
-----------------------------------------------------------
Accepted connection from 10.0.0.43, port 55634
[  8] local 10.0.0.107 port 5201 connected to 10.0.0.43 port 41180
[ ID] Interval           Transfer     Bitrate         Jitter    Lost/Total Datagrams
[  8]   0.00-1.00   sec  61.5 KBytes   504 Kbits/sec  0.874 ms  0/45 (0%)  
[  8]   1.00-2.00   sec  60.2 KBytes   491 Kbits/sec  1.539 ms  0/44 (0%)  
[  8]   2.00-3.00   sec  61.5 KBytes   505 Kbits/sec  0.617 ms  0/45 (0%)  
[  8]   3.00-4.00   sec  61.5 KBytes   504 Kbits/sec  0.611 ms  0/45 (0%)  
[  8]   4.00-5.00   sec  61.5 KBytes   504 Kbits/sec  0.397 ms  0/45 (0%)  
[  8]   5.00-6.00   sec  60.2 KBytes   493 Kbits/sec  0.372 ms  0/44 (0%)  
[  8]   6.00-7.01   sec  61.5 KBytes   501 Kbits/sec  0.431 ms  0/45 (0%)  
[  8]   7.01-8.00   sec  60.2 KBytes   495 Kbits/sec  1.102 ms  0/44 (0%)  
[  8]   8.00-9.00   sec  61.5 KBytes   504 Kbits/sec  0.984 ms  0/45 (0%)  
[  8]   9.00-10.00  sec  61.5 KBytes   504 Kbits/sec  0.285 ms  0/45 (0%)  
[  8]  10.00-11.00  sec  61.5 KBytes   504 Kbits/sec  0.083 ms  0/45 (0%)  
[  8]  11.00-12.00  sec  60.2 KBytes   493 Kbits/sec  0.140 ms  0/44 (0%)  
[  8]  12.00-13.00  sec  61.5 KBytes   503 Kbits/sec  0.054 ms  0/45 (0%)  
[  8]  13.00-14.00  sec  60.2 KBytes   494 Kbits/sec  0.107 ms  0/44 (0%)  
[  8]  14.00-15.00  sec  61.5 KBytes   503 Kbits/sec  0.209 ms  0/45 (0%)  
[  8]  15.00-16.00  sec  60.2 KBytes   494 Kbits/sec  0.407 ms  0/44 (0%)  
[  8]  16.00-17.00  sec  61.5 KBytes   504 Kbits/sec  1.537 ms  0/45 (0%)  
[  8]  17.00-18.00  sec  61.5 KBytes   504 Kbits/sec  1.073 ms  0/45 (0%)  
[  8]  18.00-19.00  sec  61.5 KBytes   504 Kbits/sec  1.433 ms  0/45 (0%)  
[  8]  19.00-20.00  sec  60.2 KBytes   493 Kbits/sec  0.540 ms  0/44 (0%)  
[  8]  20.00-21.00  sec  61.5 KBytes   504 Kbits/sec  0.183 ms  0/45 (0%)  
[  8]  21.00-22.00  sec  60.2 KBytes   491 Kbits/sec  0.244 ms  0/44 (0%)  
[  8]  22.00-23.00  sec  61.5 KBytes   506 Kbits/sec  0.323 ms  0/45 (0%)  
[  8]  23.00-24.00  sec  61.5 KBytes   504 Kbits/sec  0.753 ms  0/45 (0%)  
[  8]  24.00-25.00  sec  60.2 KBytes   493 Kbits/sec  0.490 ms  0/44 (0%)  
[  8]  25.00-26.00  sec  61.5 KBytes   504 Kbits/sec  1.809 ms  0/45 (0%)  
[  8]  26.00-27.00  sec  60.2 KBytes   493 Kbits/sec  0.856 ms  0/44 (0%)  
[  8]  27.00-28.00  sec  61.5 KBytes   504 Kbits/sec  1.666 ms  0/45 (0%)  
[  8]  28.00-29.00  sec  61.5 KBytes   503 Kbits/sec  2.299 ms  0/45 (0%)  
[  8]  29.00-30.00  sec  61.5 KBytes   504 Kbits/sec  1.853 ms  0/45 (0%)  
[  8]  30.00-31.00  sec  60.2 KBytes   494 Kbits/sec  1.905 ms  0/44 (0%)  
[  8]  31.00-32.00  sec  60.2 KBytes   493 Kbits/sec  1.961 ms  0/44 (0%)  
[  8]  32.00-33.00  sec  61.5 KBytes   503 Kbits/sec  2.168 ms  0/45 (0%)  
[  8]  33.00-34.00  sec  61.5 KBytes   505 Kbits/sec  1.642 ms  0/45 (0%)  
[  8]  34.00-35.00  sec  61.5 KBytes   503 Kbits/sec  1.731 ms  0/45 (0%)  
[  8]  35.00-36.00  sec  61.5 KBytes   505 Kbits/sec  0.983 ms  0/45 (0%)  
[  8]  36.00-37.00  sec  60.2 KBytes   493 Kbits/sec  1.272 ms  0/44 (0%)  
[  8]  37.00-38.00  sec  60.2 KBytes   491 Kbits/sec  0.420 ms  0/44 (0%)  
[  8]  38.00-39.00  sec  61.5 KBytes   505 Kbits/sec  0.256 ms  0/45 (0%)  
[  8]  39.00-40.00  sec  61.5 KBytes   505 Kbits/sec  1.726 ms  0/45 (0%)  
[  8]  40.00-41.00  sec  61.5 KBytes   504 Kbits/sec  1.709 ms  0/45 (0%)  
[  8]  41.00-42.00  sec  60.2 KBytes   493 Kbits/sec  2.082 ms  0/44 (0%)  
[  8]  42.00-43.00  sec  61.5 KBytes   504 Kbits/sec  1.223 ms  0/45 (0%)  
[  8]  43.00-44.01  sec  60.2 KBytes   490 Kbits/sec  2.134 ms  0/44 (0%)  
[  8]  44.01-45.00  sec  61.5 KBytes   506 Kbits/sec  1.635 ms  0/45 (0%)  
[  8]  45.00-46.00  sec  61.5 KBytes   505 Kbits/sec  2.095 ms  0/45 (0%)  
[  8]  46.00-47.00  sec  60.2 KBytes   493 Kbits/sec  1.712 ms  0/44 (0%)  
[  8]  47.00-48.00  sec  61.5 KBytes   504 Kbits/sec  2.337 ms  0/45 (0%)  
[  8]  48.00-49.00  sec  61.5 KBytes   503 Kbits/sec  2.226 ms  0/45 (0%)  
[  8]  49.00-50.00  sec  60.2 KBytes   492 Kbits/sec  1.874 ms  0/44 (0%)  
[  8]  50.00-51.00  sec  61.5 KBytes   505 Kbits/sec  0.724 ms  0/45 (0%)  
[  8]  51.00-52.00  sec  61.5 KBytes   504 Kbits/sec  0.569 ms  0/45 (0%)  
[  8]  52.00-53.00  sec  60.2 KBytes   493 Kbits/sec  0.239 ms  0/44 (0%)  
[  8]  53.00-54.00  sec  61.5 KBytes   504 Kbits/sec  0.385 ms  0/45 (0%)  
[  8]  54.00-55.00  sec  61.5 KBytes   504 Kbits/sec  0.129 ms  0/45 (0%)  
[  8]  55.00-56.00  sec  61.5 KBytes   503 Kbits/sec  0.044 ms  0/45 (0%)  
[  8]  56.00-57.00  sec  60.2 KBytes   494 Kbits/sec  0.017 ms  0/44 (0%)  
[  8]  57.00-58.00  sec  61.5 KBytes   504 Kbits/sec  0.074 ms  0/45 (0%)  
[  8]  58.00-59.00  sec  60.2 KBytes   493 Kbits/sec  0.171 ms  0/44 (0%)  
[  8]  59.00-60.00  sec  61.5 KBytes   504 Kbits/sec  0.027 ms  0/45 (0%)  
[  8]  60.00-61.00  sec  60.2 KBytes   491 Kbits/sec  0.476 ms  0/44 (0%)  
[  8]  61.00-62.00  sec  61.5 KBytes   506 Kbits/sec  0.419 ms  0/45 (0%)  
[  8]  62.00-63.00  sec  61.5 KBytes   504 Kbits/sec  0.632 ms  0/45 (0%)  
[  8]  63.00-64.00  sec  61.5 KBytes   504 Kbits/sec  0.343 ms  0/45 (0%)  
[  8]  64.00-65.00  sec  60.2 KBytes   493 Kbits/sec  0.959 ms  0/44 (0%)  
[  8]  65.00-66.00  sec  61.5 KBytes   504 Kbits/sec  0.746 ms  0/45 (0%)  
[  8]  66.00-67.00  sec  60.2 KBytes   493 Kbits/sec  0.302 ms  0/44 (0%)  
[  8]  67.00-68.00  sec  61.5 KBytes   504 Kbits/sec  0.948 ms  0/45 (0%)  
[  8]  68.00-69.00  sec  61.5 KBytes   504 Kbits/sec  1.077 ms  0/45 (0%)  
[  8]  69.00-70.00  sec  60.2 KBytes   493 Kbits/sec  0.806 ms  0/44 (0%)  
[  8]  70.00-71.00  sec  61.5 KBytes   504 Kbits/sec  0.598 ms  0/45 (0%)  
[  8]  71.00-72.00  sec  61.5 KBytes   504 Kbits/sec  0.355 ms  0/45 (0%)  
[  8]  72.00-73.00  sec  60.2 KBytes   493 Kbits/sec  0.035 ms  0/44 (0%)  
[  8]  73.00-74.00  sec  61.5 KBytes   504 Kbits/sec  0.537 ms  0/45 (0%)  
[  8]  74.00-75.00  sec  60.2 KBytes   493 Kbits/sec  0.610 ms  0/44 (0%)  
[  8]  75.00-76.00  sec  61.5 KBytes   504 Kbits/sec  0.676 ms  0/45 (0%)  
[  8]  76.00-77.00  sec  61.5 KBytes   504 Kbits/sec  0.072 ms  0/45 (0%)  
[  8]  77.00-78.00  sec  61.5 KBytes   504 Kbits/sec  0.896 ms  0/45 (0%)  
[  8]  78.00-79.00  sec  60.2 KBytes   493 Kbits/sec  0.935 ms  0/44 (0%)  
[  8]  79.00-80.00  sec  61.5 KBytes   504 Kbits/sec  1.198 ms  0/45 (0%)  
[  8]  80.00-81.00  sec  61.5 KBytes   504 Kbits/sec  0.743 ms  0/45 (0%)  
[  8]  81.00-82.00  sec  60.2 KBytes   493 Kbits/sec  0.332 ms  0/44 (0%)  
[  8]  82.00-83.00  sec  61.5 KBytes   504 Kbits/sec  0.303 ms  0/45 (0%)  
[  8]  83.00-84.00  sec  61.5 KBytes   504 Kbits/sec  0.634 ms  0/45 (0%)  
[  8]  84.00-85.00  sec  60.2 KBytes   493 Kbits/sec  0.081 ms  0/44 (0%)  
[  8]  85.00-86.00  sec  61.5 KBytes   504 Kbits/sec  0.022 ms  0/45 (0%)  
[  8]  86.00-87.00  sec  60.2 KBytes   493 Kbits/sec  0.174 ms  0/44 (0%)  
[  8]  87.00-88.00  sec  61.5 KBytes   504 Kbits/sec  0.268 ms  0/45 (0%)  
[  8]  88.00-89.00  sec  61.5 KBytes   504 Kbits/sec  0.240 ms  0/45 (0%)  
[  8]  89.00-90.00  sec  60.2 KBytes   493 Kbits/sec  1.072 ms  0/44 (0%)  
[  8]  90.00-91.00  sec  61.5 KBytes   504 Kbits/sec  0.200 ms  0/45 (0%)  
[  8]  91.00-92.00  sec  61.5 KBytes   504 Kbits/sec  0.056 ms  0/45 (0%)  
[  8]  92.00-93.00  sec  60.2 KBytes   493 Kbits/sec  0.247 ms  0/44 (0%)  
[  8]  93.00-94.00  sec  61.5 KBytes   504 Kbits/sec  0.579 ms  0/45 (0%)  
[  8]  94.00-95.00  sec  61.5 KBytes   503 Kbits/sec  0.441 ms  0/45 (0%)  
[  8]  95.00-96.00  sec  60.2 KBytes   494 Kbits/sec  0.159 ms  0/44 (0%)  
[  8]  96.00-97.00  sec  60.2 KBytes   493 Kbits/sec  0.466 ms  0/44 (0%)  
[  8]  97.00-98.00  sec  61.5 KBytes   504 Kbits/sec  0.084 ms  0/45 (0%)  
[  8]  98.00-99.00  sec  61.5 KBytes   504 Kbits/sec  2.289 ms  0/45 (0%)  
[  8]  99.00-100.00 sec  61.5 KBytes   504 Kbits/sec  0.406 ms  0/45 (0%)  
[  8] 100.00-101.00 sec  60.2 KBytes   493 Kbits/sec  0.467 ms  0/44 (0%)  
[  8] 101.00-102.00 sec  61.5 KBytes   504 Kbits/sec  3.040 ms  0/45 (0%)  
[  8] 102.00-103.00 sec  61.5 KBytes   503 Kbits/sec  0.615 ms  0/45 (0%)  
[  8] 103.00-104.00 sec  60.2 KBytes   494 Kbits/sec  0.122 ms  0/44 (0%)  
[  8] 104.00-105.00 sec  60.2 KBytes   493 Kbits/sec  0.274 ms  0/44 (0%)  
[  8] 105.00-106.00 sec  62.9 KBytes   514 Kbits/sec  0.637 ms  0/46 (0%)  
[  8] 106.00-107.00 sec  60.2 KBytes   494 Kbits/sec  0.269 ms  0/44 (0%)  
[  8] 107.00-108.00 sec  61.5 KBytes   504 Kbits/sec  0.094 ms  0/45 (0%)  
[  8] 108.00-109.00 sec  61.5 KBytes   504 Kbits/sec  0.327 ms  0/45 (0%)  
[  8] 109.00-110.00 sec  60.2 KBytes   493 Kbits/sec  0.232 ms  0/44 (0%)  
[  8] 110.00-111.00 sec  61.5 KBytes   504 Kbits/sec  0.105 ms  0/45 (0%)  
[  8] 111.00-112.00 sec  60.2 KBytes   493 Kbits/sec  0.124 ms  0/44 (0%)  
[  8] 112.00-113.00 sec  61.5 KBytes   504 Kbits/sec  0.901 ms  0/45 (0%)  
[  8] 113.00-114.00 sec  61.5 KBytes   504 Kbits/sec  1.025 ms  0/45 (0%)  
[  8] 114.00-115.00 sec  60.2 KBytes   493 Kbits/sec  0.863 ms  0/44 (0%)  
[  8] 115.00-116.00 sec  61.5 KBytes   503 Kbits/sec  0.727 ms  0/45 (0%)  
[  8] 116.00-117.00 sec  60.2 KBytes   493 Kbits/sec  0.221 ms  0/44 (0%)  
[  8] 117.00-118.00 sec  60.2 KBytes   494 Kbits/sec  0.366 ms  0/45 (0%)  
[  8] 118.00-119.00 sec  61.5 KBytes   504 Kbits/sec  0.272 ms  0/45 (0%)  
[  8] 119.00-120.00 sec  60.2 KBytes   492 Kbits/sec  0.170 ms  0/44 (0%)  
[  8] 120.00-121.00 sec  61.5 KBytes   504 Kbits/sec  0.159 ms  0/45 (0%)  
[  8] 121.00-122.01 sec  62.9 KBytes   509 Kbits/sec  0.859 ms  0/46 (0%)  
[  8] 122.01-123.00 sec  60.2 KBytes   500 Kbits/sec  0.909 ms  0/44 (0%)  
[  8] 123.00-124.00 sec  60.2 KBytes   493 Kbits/sec  0.313 ms  0/44 (0%)  
[  8] 124.00-125.00 sec  61.5 KBytes   504 Kbits/sec  0.127 ms  0/45 (0%)  
[  8] 125.00-126.00 sec  60.2 KBytes   493 Kbits/sec  1.468 ms  0/44 (0%)  
[  8] 126.00-127.00 sec  61.5 KBytes   503 Kbits/sec  1.326 ms  0/45 (0%)  
[  8] 127.00-128.00 sec  60.2 KBytes   494 Kbits/sec  0.188 ms  0/44 (0%)  
[  8] 128.00-129.00 sec  61.5 KBytes   504 Kbits/sec  0.133 ms  0/45 (0%)  
[  8] 129.00-130.00 sec  61.5 KBytes   504 Kbits/sec  0.809 ms  0/45 (0%)  
[  8] 130.00-131.00 sec  61.5 KBytes   503 Kbits/sec  1.061 ms  0/45 (0%)  
[  8] 131.00-132.00 sec  60.2 KBytes   493 Kbits/sec  0.707 ms  0/44 (0%)  
[  8] 132.00-133.00 sec  61.5 KBytes   504 Kbits/sec  0.478 ms  0/45 (0%)  
[  8] 133.00-134.00 sec  60.2 KBytes   493 Kbits/sec  0.969 ms  0/44 (0%)  
[  8] 134.00-135.00 sec  61.5 KBytes   504 Kbits/sec  0.625 ms  0/45 (0%)  
[  8] 135.00-136.00 sec  61.5 KBytes   504 Kbits/sec  0.818 ms  0/45 (0%)  
[  8] 136.00-137.00 sec  60.2 KBytes   493 Kbits/sec  0.375 ms  0/44 (0%)  
[  8] 137.00-138.00 sec  61.5 KBytes   504 Kbits/sec  0.698 ms  0/45 (0%)  
[  8] 138.00-139.00 sec  61.5 KBytes   504 Kbits/sec  0.455 ms  0/45 (0%)  
[  8] 139.00-140.00 sec  60.2 KBytes   492 Kbits/sec  0.331 ms  0/44 (0%)  
[  8] 140.00-141.00 sec  61.5 KBytes   504 Kbits/sec  0.293 ms  0/45 (0%)  
[  8] 141.00-142.00 sec  60.2 KBytes   492 Kbits/sec  0.281 ms  0/44 (0%)  
[  8] 142.00-143.00 sec  61.5 KBytes   505 Kbits/sec  0.443 ms  0/45 (0%)  
[  8] 143.00-144.00 sec  61.5 KBytes   504 Kbits/sec  0.939 ms  0/45 (0%)  
[  8] 144.00-145.00 sec  61.5 KBytes   504 Kbits/sec  1.578 ms  0/45 (0%)  
[  8] 145.00-146.00 sec  60.2 KBytes   493 Kbits/sec  2.109 ms  0/44 (0%)  
[  8] 146.00-147.00 sec  61.5 KBytes   502 Kbits/sec  1.540 ms  0/45 (0%)  
[  8] 147.00-148.00 sec  61.5 KBytes   505 Kbits/sec  2.326 ms  0/45 (0%)  
[  8] 148.00-149.00 sec  60.2 KBytes   494 Kbits/sec  1.419 ms  0/44 (0%)  
[  8] 149.00-150.00 sec  61.5 KBytes   504 Kbits/sec  1.076 ms  0/45 (0%)  
[  8] 150.00-151.00 sec  60.2 KBytes   493 Kbits/sec  2.093 ms  0/44 (0%)  
[  8] 151.00-152.00 sec  61.5 KBytes   504 Kbits/sec  1.377 ms  0/45 (0%)  
[  8] 152.00-153.00 sec  60.2 KBytes   494 Kbits/sec  1.817 ms  0/44 (0%)  
[  8] 153.00-154.00 sec  61.5 KBytes   504 Kbits/sec  1.373 ms  0/45 (0%)  
[  8] 154.00-155.00 sec  61.5 KBytes   504 Kbits/sec  1.515 ms  0/45 (0%)  
[  8] 155.00-156.00 sec  60.2 KBytes   493 Kbits/sec  1.439 ms  0/44 (0%)  
[  8] 156.00-157.01 sec  61.5 KBytes   501 Kbits/sec  1.461 ms  0/45 (0%)  
[  8] 157.01-158.00 sec  61.5 KBytes   507 Kbits/sec  1.566 ms  0/45 (0%)  
[  8] 158.00-159.00 sec  60.2 KBytes   493 Kbits/sec  2.179 ms  0/44 (0%)  
[  8] 159.00-160.00 sec  61.5 KBytes   502 Kbits/sec  1.771 ms  0/45 (0%)  
[  8] 160.00-161.00 sec  61.5 KBytes   505 Kbits/sec  0.653 ms  0/45 (0%)  
[  8] 161.00-162.00 sec  61.5 KBytes   505 Kbits/sec  0.632 ms  0/45 (0%)  
[  8] 162.00-163.00 sec  60.2 KBytes   493 Kbits/sec  0.242 ms  0/44 (0%)  
[  8] 163.00-164.00 sec  61.5 KBytes   502 Kbits/sec  0.238 ms  0/45 (0%)  
[  8] 164.00-165.00 sec  60.2 KBytes   495 Kbits/sec  0.319 ms  0/44 (0%)  
[  8] 165.00-166.00 sec  61.5 KBytes   504 Kbits/sec  0.703 ms  0/45 (0%)  
[  8] 166.00-167.00 sec  61.5 KBytes   504 Kbits/sec  0.911 ms  0/45 (0%)  
[  8] 167.00-168.00 sec  61.5 KBytes   503 Kbits/sec  1.049 ms  0/45 (0%)  
[  8] 168.00-169.00 sec  60.2 KBytes   492 Kbits/sec  0.785 ms  0/44 (0%)  
[  8] 169.00-170.00 sec  60.2 KBytes   493 Kbits/sec  0.330 ms  0/44 (0%)  
[  8] 170.00-171.00 sec  61.5 KBytes   505 Kbits/sec  0.724 ms  0/45 (0%)  
[  8] 171.00-172.00 sec  61.5 KBytes   504 Kbits/sec  0.878 ms  0/45 (0%)  
[  8] 172.00-173.00 sec  60.2 KBytes   492 Kbits/sec  1.661 ms  0/44 (0%)  
[  8] 173.00-174.00 sec  61.5 KBytes   505 Kbits/sec  1.768 ms  0/45 (0%)  
[  8] 174.00-175.00 sec  61.5 KBytes   504 Kbits/sec  1.129 ms  0/45 (0%)  
[  8] 175.00-176.00 sec  61.5 KBytes   504 Kbits/sec  1.235 ms  0/45 (0%)  
[  8] 176.00-177.00 sec  60.2 KBytes   493 Kbits/sec  0.881 ms  0/44 (0%)  
[  8] 177.00-178.00 sec  61.5 KBytes   504 Kbits/sec  0.671 ms  0/45 (0%)  
[  8] 178.00-179.00 sec  61.5 KBytes   504 Kbits/sec  0.142 ms  0/45 (0%)  
[  8] 179.00-180.00 sec  60.2 KBytes   493 Kbits/sec  0.058 ms  0/44 (0%)  
[  8] 180.00-181.00 sec  61.5 KBytes   503 Kbits/sec  0.362 ms  0/45 (0%)  
[  8] 181.00-182.00 sec  60.2 KBytes   494 Kbits/sec  0.301 ms  0/44 (0%)  
[  8] 182.00-183.00 sec  61.5 KBytes   504 Kbits/sec  1.042 ms  0/45 (0%)  
[  8] 183.00-184.00 sec  61.5 KBytes   503 Kbits/sec  0.856 ms  0/45 (0%)  
[  8] 184.00-185.00 sec  60.2 KBytes   494 Kbits/sec  1.619 ms  0/44 (0%)  
[  8] 185.00-186.00 sec  61.5 KBytes   504 Kbits/sec  1.743 ms  0/45 (0%)  
[  8] 186.00-187.00 sec  61.5 KBytes   503 Kbits/sec  1.573 ms  0/45 (0%)  
[  8] 187.00-188.00 sec  60.2 KBytes   494 Kbits/sec  1.000 ms  0/44 (0%)  
[  8] 188.00-189.00 sec  61.5 KBytes   504 Kbits/sec  1.122 ms  0/45 (0%)  
[  8] 189.00-190.00 sec  61.5 KBytes   504 Kbits/sec  0.435 ms  0/45 (0%)  
[  8] 190.00-191.00 sec  60.2 KBytes   493 Kbits/sec  0.736 ms  0/44 (0%)  
[  8] 191.00-192.00 sec  61.5 KBytes   504 Kbits/sec  0.810 ms  0/45 (0%)  
[  8] 192.00-193.00 sec  60.2 KBytes   493 Kbits/sec  0.664 ms  0/44 (0%)  
[  8] 193.00-194.00 sec  61.5 KBytes   504 Kbits/sec  0.819 ms  0/45 (0%)  
[  8] 194.00-195.00 sec  61.5 KBytes   504 Kbits/sec  1.226 ms  0/45 (0%)  
[  8] 195.00-196.00 sec  60.2 KBytes   493 Kbits/sec  0.365 ms  0/44 (0%)  
[  8] 196.00-197.00 sec  61.5 KBytes   504 Kbits/sec  0.668 ms  0/45 (0%)  
[  8] 197.00-198.00 sec  61.5 KBytes   504 Kbits/sec  1.246 ms  0/45 (0%)  
[  8] 198.00-199.00 sec  60.2 KBytes   493 Kbits/sec  1.002 ms  0/44 (0%)  
[  8] 199.00-200.00 sec  61.5 KBytes   504 Kbits/sec  1.016 ms  0/45 (0%)  
[  8] 200.00-201.00 sec  61.5 KBytes   502 Kbits/sec  0.901 ms  0/45 (0%)  
[  8] 201.00-202.00 sec  60.2 KBytes   494 Kbits/sec  1.115 ms  0/44 (0%)  
[  8] 202.00-203.00 sec  61.5 KBytes   504 Kbits/sec  0.630 ms  0/45 (0%)  
[  8] 203.00-204.00 sec  61.5 KBytes   504 Kbits/sec  0.974 ms  0/45 (0%)  
[  8] 204.00-205.00 sec  60.2 KBytes   492 Kbits/sec  0.828 ms  0/44 (0%)  
[  8] 205.00-206.00 sec  61.5 KBytes   504 Kbits/sec  1.868 ms  0/45 (0%)  
[  8] 206.00-207.00 sec  60.2 KBytes   494 Kbits/sec  0.659 ms  0/44 (0%)  
[  8] 207.00-208.00 sec  61.5 KBytes   504 Kbits/sec  1.678 ms  0/45 (0%)  
[  8] 208.00-209.00 sec  61.5 KBytes   504 Kbits/sec  1.793 ms  0/45 (0%)  
[  8] 209.00-210.01 sec  61.5 KBytes   501 Kbits/sec  1.319 ms  0/45 (0%)  
[  8] 210.01-211.00 sec  60.2 KBytes   496 Kbits/sec  1.527 ms  0/44 (0%)  
[  8] 211.00-212.00 sec  60.2 KBytes   492 Kbits/sec  1.472 ms  0/44 (0%)  
[  8] 212.00-213.00 sec  61.5 KBytes   505 Kbits/sec  1.884 ms  0/45 (0%)  
[  8] 213.00-214.00 sec  61.5 KBytes   504 Kbits/sec  2.565 ms  0/45 (0%)  
[  8] 214.00-215.00 sec  61.5 KBytes   504 Kbits/sec  1.451 ms  0/45 (0%)  
[  8] 215.00-216.00 sec  60.2 KBytes   493 Kbits/sec  1.677 ms  0/44 (0%)  
[  8] 216.00-217.00 sec  61.5 KBytes   504 Kbits/sec  1.260 ms  0/45 (0%)  
[  8] 217.00-218.00 sec  61.5 KBytes   503 Kbits/sec  0.331 ms  0/45 (0%)  
[  8] 218.00-219.00 sec  60.2 KBytes   494 Kbits/sec  0.174 ms  0/44 (0%)  
[  8] 219.00-220.00 sec  61.5 KBytes   502 Kbits/sec  0.328 ms  0/45 (0%)  
[  8] 220.00-221.00 sec  61.5 KBytes   506 Kbits/sec  0.127 ms  0/45 (0%)  
[  8] 221.00-222.00 sec  60.2 KBytes   492 Kbits/sec  0.553 ms  0/44 (0%)  
[  8] 222.00-223.00 sec  61.5 KBytes   504 Kbits/sec  0.255 ms  0/45 (0%)  
[  8] 223.00-224.00 sec  60.2 KBytes   494 Kbits/sec  0.762 ms  0/44 (0%)  
[  8] 224.00-225.00 sec  61.5 KBytes   504 Kbits/sec  0.762 ms  0/45 (0%)  
[  8] 225.00-226.00 sec  61.5 KBytes   504 Kbits/sec  0.269 ms  0/45 (0%)  
[  8] 226.00-227.00 sec  60.2 KBytes   491 Kbits/sec  1.869 ms  0/44 (0%)  
[  8] 227.00-228.00 sec  61.5 KBytes   506 Kbits/sec  1.913 ms  0/45 (0%)  
[  8] 228.00-229.00 sec  61.5 KBytes   504 Kbits/sec  1.413 ms  0/45 (0%)  
[  8] 229.00-230.00 sec  60.2 KBytes   492 Kbits/sec  1.324 ms  0/44 (0%)  
[  8] 230.00-231.00 sec  61.5 KBytes   504 Kbits/sec  1.112 ms  0/45 (0%)  
[  8] 231.00-232.00 sec  61.5 KBytes   504 Kbits/sec  0.916 ms  0/45 (0%)  
[  8] 232.00-233.00 sec  60.2 KBytes   493 Kbits/sec  1.548 ms  0/44 (0%)  
[  8] 233.00-234.00 sec  61.5 KBytes   504 Kbits/sec  1.215 ms  0/45 (0%)  
[  8] 234.00-235.00 sec  60.2 KBytes   493 Kbits/sec  0.772 ms  0/44 (0%)  
[  8] 235.00-236.00 sec  61.5 KBytes   503 Kbits/sec  1.528 ms  0/45 (0%)  
[  8] 236.00-237.00 sec  61.5 KBytes   505 Kbits/sec  0.782 ms  0/45 (0%)  
[  8] 237.00-238.00 sec  60.2 KBytes   493 Kbits/sec  1.244 ms  0/44 (0%)  
[  8] 238.00-239.00 sec  61.5 KBytes   504 Kbits/sec  0.890 ms  0/45 (0%)  
[  8] 239.00-240.00 sec  60.2 KBytes   493 Kbits/sec  1.905 ms  0/44 (0%)  
[  8] 240.00-241.00 sec  61.5 KBytes   504 Kbits/sec  0.882 ms  0/45 (0%)  
[  8] 241.00-242.00 sec  61.5 KBytes   504 Kbits/sec  0.842 ms  0/45 (0%)  
[  8] 242.00-243.00 sec  61.5 KBytes   503 Kbits/sec  0.235 ms  0/45 (0%)  
[  8] 243.00-244.00 sec  60.2 KBytes   494 Kbits/sec  0.378 ms  0/44 (0%)  
[  8] 244.00-245.00 sec  61.5 KBytes   504 Kbits/sec  0.319 ms  0/45 (0%)  
[  8] 245.00-246.00 sec  60.2 KBytes   493 Kbits/sec  1.054 ms  0/44 (0%)  
[  8] 246.00-247.00 sec  61.5 KBytes   504 Kbits/sec  0.530 ms  0/45 (0%)  
[  8] 247.00-248.00 sec  61.5 KBytes   504 Kbits/sec  0.103 ms  0/45 (0%)  
[  8] 248.00-249.00 sec  60.2 KBytes   493 Kbits/sec  0.282 ms  0/44 (0%)  
[  8] 249.00-250.00 sec  61.5 KBytes   504 Kbits/sec  0.639 ms  0/45 (0%)  
[  8] 250.00-251.00 sec  60.2 KBytes   493 Kbits/sec  0.951 ms  0/44 (0%)  
[  8] 251.00-252.00 sec  60.2 KBytes   493 Kbits/sec  0.673 ms  0/44 (0%)  
[  8] 252.00-253.00 sec  62.9 KBytes   515 Kbits/sec  0.501 ms  0/46 (0%)  
[  8] 253.00-254.01 sec  61.5 KBytes   497 Kbits/sec  1.221 ms  0/45 (0%)  
[  8] 254.01-255.00 sec  60.2 KBytes   500 Kbits/sec  1.523 ms  0/44 (0%)  
[  8] 255.00-256.00 sec  61.5 KBytes   504 Kbits/sec  0.096 ms  0/45 (0%)  
[  8] 256.00-257.00 sec  61.5 KBytes   504 Kbits/sec  0.012 ms  0/45 (0%)  
[  8] 257.00-258.00 sec  60.2 KBytes   493 Kbits/sec  0.012 ms  0/44 (0%)  
[  8] 258.00-259.00 sec  61.5 KBytes   504 Kbits/sec  0.008 ms  0/45 (0%)  
[  8] 259.00-260.00 sec  61.5 KBytes   504 Kbits/sec  0.008 ms  0/45 (0%)  
[  8] 260.00-261.00 sec  60.2 KBytes   493 Kbits/sec  0.012 ms  0/44 (0%)  
[  8] 261.00-262.00 sec  61.5 KBytes   504 Kbits/sec  0.983 ms  0/45 (0%)  
[  8] 262.00-263.00 sec  60.2 KBytes   493 Kbits/sec  1.507 ms  0/44 (0%)  
[  8] 263.00-264.00 sec  61.5 KBytes   504 Kbits/sec  0.326 ms  0/45 (0%)  
[  8] 264.00-265.00 sec  61.5 KBytes   504 Kbits/sec  1.265 ms  0/45 (0%)  
[  8] 265.00-266.00 sec  60.2 KBytes   493 Kbits/sec  0.720 ms  0/44 (0%)  
[  8] 266.00-267.00 sec  61.5 KBytes   504 Kbits/sec  0.422 ms  0/45 (0%)  
[  8] 267.00-268.00 sec  61.5 KBytes   504 Kbits/sec  0.500 ms  0/45 (0%)  
[  8] 268.00-269.00 sec  60.2 KBytes   492 Kbits/sec  0.155 ms  0/44 (0%)  
[  8] 269.00-270.00 sec  61.5 KBytes   505 Kbits/sec  0.506 ms  0/45 (0%)  
[  8] 270.00-271.01 sec  61.5 KBytes   501 Kbits/sec  1.225 ms  0/45 (0%)  
[  8] 271.01-272.00 sec  60.2 KBytes   496 Kbits/sec  0.634 ms  0/44 (0%)  
[  8] 272.00-273.00 sec  61.5 KBytes   504 Kbits/sec  0.721 ms  0/45 (0%)  
[  8] 273.00-274.00 sec  61.5 KBytes   504 Kbits/sec  0.520 ms  0/45 (0%)  
[  8] 274.00-275.00 sec  60.2 KBytes   493 Kbits/sec  0.697 ms  0/44 (0%)  
[  8] 275.00-276.00 sec  61.5 KBytes   504 Kbits/sec  0.430 ms  0/45 (0%)  
[  8] 276.00-277.00 sec  60.2 KBytes   493 Kbits/sec  0.268 ms  0/44 (0%)  
[  8] 277.00-278.00 sec  61.5 KBytes   504 Kbits/sec  0.390 ms  0/45 (0%)  
[  8] 278.00-279.00 sec  61.5 KBytes   503 Kbits/sec  0.924 ms  0/45 (0%)  
[  8] 279.00-280.00 sec  60.2 KBytes   492 Kbits/sec  1.526 ms  0/44 (0%)  
[  8] 280.00-281.00 sec  61.5 KBytes   504 Kbits/sec  1.669 ms  0/45 (0%)  
[  8] 281.00-282.00 sec  61.5 KBytes   504 Kbits/sec  1.445 ms  0/45 (0%)  
[  8] 282.00-283.00 sec  61.5 KBytes   505 Kbits/sec  0.860 ms  0/45 (0%)  
[  8] 283.00-284.00 sec  60.2 KBytes   494 Kbits/sec  1.087 ms  0/44 (0%)  
[  8] 284.00-285.00 sec  61.5 KBytes   503 Kbits/sec  1.255 ms  0/45 (0%)  
[  8] 285.00-286.00 sec  60.2 KBytes   494 Kbits/sec  0.722 ms  0/44 (0%)  
[  8] 286.00-287.01 sec  61.5 KBytes   501 Kbits/sec  1.348 ms  0/45 (0%)  
[  8] 287.01-288.00 sec  60.2 KBytes   496 Kbits/sec  1.900 ms  0/44 (0%)  
[  8] 288.00-289.00 sec  61.5 KBytes   504 Kbits/sec  1.111 ms  0/45 (0%)  
[  8] 289.00-290.00 sec  61.5 KBytes   504 Kbits/sec  1.721 ms  0/45 (0%)  
[  8] 290.00-291.01 sec  60.2 KBytes   489 Kbits/sec  1.613 ms  0/44 (0%)  
[  8] 291.01-292.00 sec  60.2 KBytes   498 Kbits/sec  2.135 ms  0/44 (0%)  
[  8] 292.00-293.00 sec  62.9 KBytes   515 Kbits/sec  1.501 ms  0/46 (0%)  
[  8] 293.00-294.00 sec  60.2 KBytes   493 Kbits/sec  1.452 ms  0/44 (0%)  
[  8] 294.00-295.00 sec  61.5 KBytes   503 Kbits/sec  0.941 ms  0/45 (0%)  
[  8] 295.00-296.00 sec  61.5 KBytes   505 Kbits/sec  0.564 ms  0/45 (0%)  
[  8] 296.00-297.00 sec  60.2 KBytes   493 Kbits/sec  1.332 ms  0/44 (0%)  
[  8] 297.00-298.00 sec  61.5 KBytes   504 Kbits/sec  1.090 ms  0/45 (0%)  
[  8] 298.00-299.00 sec  61.5 KBytes   504 Kbits/sec  0.705 ms  0/45 (0%)  
[  8] 299.00-300.00 sec  60.2 KBytes   493 Kbits/sec  0.867 ms  0/44 (0%)  
[  8] 300.00-301.00 sec  61.5 KBytes   503 Kbits/sec  1.550 ms  0/45 (0%)  
[  8] 301.00-302.00 sec  61.5 KBytes   504 Kbits/sec  0.678 ms  0/45 (0%)  
[  8] 302.00-303.00 sec  60.2 KBytes   494 Kbits/sec  0.456 ms  0/44 (0%)  
[  8] 303.00-304.00 sec  61.5 KBytes   504 Kbits/sec  0.664 ms  0/45 (0%)  
[  8] 304.00-305.00 sec  60.2 KBytes   492 Kbits/sec  1.978 ms  0/44 (0%)  
[  8] 305.00-306.01 sec  61.5 KBytes   500 Kbits/sec  2.159 ms  0/45 (0%)  
[  8] 306.01-307.00 sec  61.5 KBytes   509 Kbits/sec  1.497 ms  0/45 (0%)  
[  8] 307.00-308.00 sec  60.2 KBytes   493 Kbits/sec  0.723 ms  0/44 (0%)  
[  8] 308.00-309.00 sec  61.5 KBytes   505 Kbits/sec  0.661 ms  0/45 (0%)  
[  8] 309.00-310.00 sec  61.5 KBytes   503 Kbits/sec  0.210 ms  0/45 (0%)  
[  8] 310.00-311.00 sec  60.2 KBytes   494 Kbits/sec  0.070 ms  0/44 (0%)  
[  8] 311.00-312.00 sec  61.5 KBytes   504 Kbits/sec  0.093 ms  0/45 (0%)  
[  8] 312.00-313.00 sec  61.5 KBytes   504 Kbits/sec  0.116 ms  0/45 (0%)  
[  8] 313.00-314.00 sec  60.2 KBytes   493 Kbits/sec  0.102 ms  0/44 (0%)  
[  8] 314.00-315.00 sec  61.5 KBytes   504 Kbits/sec  0.326 ms  0/45 (0%)  
[  8] 315.00-316.00 sec  61.5 KBytes   504 Kbits/sec  0.207 ms  0/45 (0%)  
[  8] 316.00-317.00 sec  60.2 KBytes   493 Kbits/sec  0.140 ms  0/44 (0%)  
[  8] 317.00-318.00 sec  61.5 KBytes   504 Kbits/sec  0.094 ms  0/45 (0%)  
[  8] 318.00-319.00 sec  60.2 KBytes   493 Kbits/sec  0.259 ms  0/44 (0%)  
[  8] 319.00-320.01 sec  61.5 KBytes   499 Kbits/sec  0.156 ms  0/45 (0%)  
[  8] 320.01-321.00 sec  61.5 KBytes   509 Kbits/sec  0.195 ms  0/45 (0%)  
[  8] 321.00-322.00 sec  60.2 KBytes   493 Kbits/sec  0.089 ms  0/44 (0%)  
[  8] 322.00-323.00 sec  61.5 KBytes   504 Kbits/sec  0.642 ms  0/45 (0%)  
[  8] 323.00-324.00 sec  61.5 KBytes   504 Kbits/sec  0.356 ms  0/45 (0%)  
[  8] 324.00-325.00 sec  60.2 KBytes   492 Kbits/sec  0.444 ms  0/44 (0%)  
[  8] 325.00-326.00 sec  61.5 KBytes   505 Kbits/sec  0.150 ms  0/45 (0%)  
[  8] 326.00-327.00 sec  61.5 KBytes   504 Kbits/sec  0.505 ms  0/45 (0%)  
[  8] 327.00-328.00 sec  60.2 KBytes   493 Kbits/sec  0.292 ms  0/44 (0%)  
[  8] 328.00-329.00 sec  61.5 KBytes   504 Kbits/sec  0.195 ms  0/45 (0%)  
[  8] 329.00-330.00 sec  61.5 KBytes   504 Kbits/sec  0.545 ms  0/45 (0%)  
[  8] 330.00-331.00 sec  60.2 KBytes   493 Kbits/sec  0.232 ms  0/44 (0%)  
[  8] 331.00-332.00 sec  61.5 KBytes   504 Kbits/sec  0.161 ms  0/45 (0%)  
[  8] 332.00-333.00 sec  61.5 KBytes   503 Kbits/sec  0.138 ms  0/45 (0%)  
[  8] 333.00-334.00 sec  60.2 KBytes   494 Kbits/sec  0.310 ms  0/44 (0%)  
[  8] 334.00-335.00 sec  61.5 KBytes   504 Kbits/sec  1.455 ms  0/45 (0%)  
[  8] 335.00-336.00 sec  60.2 KBytes   493 Kbits/sec  0.343 ms  0/44 (0%)  
[  8] 336.00-337.00 sec  61.5 KBytes   504 Kbits/sec  0.391 ms  0/45 (0%)  
[  8] 337.00-338.00 sec  61.5 KBytes   504 Kbits/sec  0.195 ms  0/45 (0%)  
[  8] 338.00-339.00 sec  60.2 KBytes   493 Kbits/sec  0.114 ms  0/44 (0%)  
[  8] 339.00-340.00 sec  61.5 KBytes   504 Kbits/sec  0.696 ms  0/45 (0%)  
- - - - - - - - - - - - - - - - - - - - - - - - -
[ ID] Interval           Transfer     Bitrate         Jitter    Lost/Total Datagrams
[  8]   0.00-340.01 sec  20.3 MBytes   500 Kbits/sec  0.696 ms  0/15179 (0%)  receiver
