-----------------------------------------------------------
Server listening on 5201 (test #1)
-----------------------------------------------------------
Accepted connection from 10.0.0.23, port 52850
[  8] local 10.0.0.55 port 5201 connected to 10.0.0.23 port 36629
[ ID] Interval           Transfer     Bitrate         Jitter    Lost/Total Datagrams
[  8]   0.00-1.00   sec  61.5 KBytes   504 Kbits/sec  1.011 ms  0/45 (0%)  
[  8]   1.00-2.00   sec  61.5 KBytes   504 Kbits/sec  0.925 ms  0/45 (0%)  
[  8]   2.00-3.00   sec  60.2 KBytes   492 Kbits/sec  0.843 ms  0/44 (0%)  
[  8]   3.00-4.00   sec  61.5 KBytes   505 Kbits/sec  1.323 ms  0/45 (0%)  
[  8]   4.00-5.00   sec  61.5 KBytes   504 Kbits/sec  1.364 ms  0/45 (0%)  
[  8]   5.00-6.00   sec  60.2 KBytes   493 Kbits/sec  1.805 ms  0/44 (0%)  
[  8]   6.00-7.00   sec  61.5 KBytes   503 Kbits/sec  1.647 ms  0/45 (0%)  
[  8]   7.00-8.00   sec  61.5 KBytes   505 Kbits/sec  0.930 ms  0/45 (0%)  
[  8]   8.00-9.00   sec  60.2 KBytes   493 Kbits/sec  0.070 ms  0/44 (0%)  
[  8]   9.00-10.00  sec  61.5 KBytes   504 Kbits/sec  0.693 ms  0/45 (0%)  
[  8]  10.00-11.00  sec  61.5 KBytes   504 Kbits/sec  1.112 ms  0/45 (0%)  
[  8]  11.00-12.00  sec  60.2 KBytes   493 Kbits/sec  0.905 ms  0/44 (0%)  
[  8]  12.00-13.00  sec  60.2 KBytes   493 Kbits/sec  1.379 ms  0/44 (0%)  
[  8]  13.00-14.00  sec  61.5 KBytes   504 Kbits/sec  1.497 ms  0/45 (0%)  
[  8]  14.00-15.00  sec  61.5 KBytes   503 Kbits/sec  1.383 ms  0/45 (0%)  
[  8]  15.00-16.00  sec  61.5 KBytes   505 Kbits/sec  1.574 ms  0/45 (0%)  
[  8]  16.00-17.00  sec  60.2 KBytes   493 Kbits/sec  1.555 ms  0/44 (0%)  
[  8]  17.00-18.00  sec  61.5 KBytes   504 Kbits/sec  1.220 ms  0/45 (0%)  
[  8]  18.00-19.00  sec  60.2 KBytes   493 Kbits/sec  1.617 ms  0/44 (0%)  
[  8]  19.00-20.00  sec  61.5 KBytes   504 Kbits/sec  0.808 ms  0/45 (0%)  
[  8]  20.00-21.00  sec  61.5 KBytes   504 Kbits/sec  0.412 ms  0/45 (0%)  
[  8]  21.00-22.00  sec  61.5 KBytes   504 Kbits/sec  0.110 ms  0/45 (0%)  
[  8]  22.00-23.00  sec  60.2 KBytes   493 Kbits/sec  0.537 ms  0/44 (0%)  
[  8]  23.00-24.00  sec  61.5 KBytes   504 Kbits/sec  0.628 ms  0/45 (0%)  
[  8]  24.00-25.00  sec  61.5 KBytes   504 Kbits/sec  0.338 ms  0/45 (0%)  
[  8]  25.00-26.00  sec  60.2 KBytes   493 Kbits/sec  0.923 ms  0/44 (0%)  
[  8]  26.00-27.00  sec  61.5 KBytes   504 Kbits/sec  0.635 ms  0/45 (0%)  
[  8]  27.00-28.00  sec  60.2 KBytes   493 Kbits/sec  1.605 ms  0/44 (0%)  
[  8]  28.00-29.00  sec  60.2 KBytes   493 Kbits/sec  2.216 ms  0/44 (0%)  
[  8]  29.00-30.00  sec  62.9 KBytes   515 Kbits/sec  1.396 ms  0/46 (0%)  
[  8]  30.00-31.00  sec  60.2 KBytes   493 Kbits/sec  1.670 ms  0/44 (0%)  
[  8]  31.00-32.00  sec  61.5 KBytes   505 Kbits/sec  1.965 ms  0/45 (0%)  
[  8]  32.00-33.00  sec  60.2 KBytes   490 Kbits/sec  1.861 ms  0/44 (0%)  
[  8]  33.00-34.00  sec  61.5 KBytes   506 Kbits/sec  1.492 ms  0/45 (0%)  
[  8]  34.00-35.00  sec  61.5 KBytes   503 Kbits/sec  1.999 ms  0/45 (0%)  
[  8]  35.00-36.00  sec  60.2 KBytes   493 Kbits/sec  1.894 ms  0/44 (0%)  
[  8]  36.00-37.00  sec  61.5 KBytes   505 Kbits/sec  1.713 ms  0/45 (0%)  
[  8]  37.00-38.00  sec  61.5 KBytes   504 Kbits/sec  1.434 ms  0/45 (0%)  
[  8]  38.00-39.00  sec  60.2 KBytes   493 Kbits/sec  1.394 ms  0/44 (0%)  
[  8]  39.00-40.00  sec  61.5 KBytes   504 Kbits/sec  0.932 ms  0/45 (0%)  
[  8]  40.00-41.00  sec  61.5 KBytes   504 Kbits/sec  0.965 ms  0/45 (0%)  
[  8]  41.00-42.00  sec  60.2 KBytes   493 Kbits/sec  1.142 ms  0/44 (0%)  
[  8]  42.00-43.00  sec  61.5 KBytes   504 Kbits/sec  0.816 ms  0/45 (0%)  
[  8]  43.00-44.00  sec  61.5 KBytes   503 Kbits/sec  1.409 ms  0/45 (0%)  
[  8]  44.00-45.00  sec  60.2 KBytes   492 Kbits/sec  0.684 ms  0/44 (0%)  
[  8]  45.00-46.00  sec  61.5 KBytes   505 Kbits/sec  0.996 ms  0/45 (0%)  
[  8]  46.00-47.00  sec  61.5 KBytes   504 Kbits/sec  1.397 ms  0/45 (0%)  
[  8]  47.00-48.00  sec  60.2 KBytes   492 Kbits/sec  2.035 ms  0/44 (0%)  
[  8]  48.00-49.00  sec  61.5 KBytes   504 Kbits/sec  1.302 ms  0/45 (0%)  
[  8]  49.00-50.00  sec  60.2 KBytes   492 Kbits/sec  1.728 ms  0/44 (0%)  
[  8]  50.00-51.00  sec  60.2 KBytes   494 Kbits/sec  1.621 ms  0/44 (0%)  
[  8]  51.00-52.01  sec  62.9 KBytes   509 Kbits/sec  1.749 ms  0/46 (0%)  
[  8]  52.01-53.00  sec  60.2 KBytes   499 Kbits/sec  1.398 ms  0/44 (0%)  
[  8]  53.00-54.00  sec  61.5 KBytes   504 Kbits/sec  1.866 ms  0/45 (0%)  
[  8]  54.00-55.00  sec  61.5 KBytes   503 Kbits/sec  1.210 ms  0/45 (0%)  
[  8]  55.00-56.00  sec  60.2 KBytes   494 Kbits/sec  1.849 ms  0/44 (0%)  
[  8]  56.00-57.00  sec  60.2 KBytes   493 Kbits/sec  1.309 ms  0/44 (0%)  
[  8]  57.00-58.00  sec  61.5 KBytes   504 Kbits/sec  2.019 ms  0/45 (0%)  
[  8]  58.00-59.00  sec  61.5 KBytes   504 Kbits/sec  0.810 ms  0/45 (0%)  
[  8]  59.00-60.00  sec  61.5 KBytes   504 Kbits/sec  0.238 ms  0/45 (0%)  
[  8]  60.00-61.00  sec  61.5 KBytes   504 Kbits/sec  0.076 ms  0/45 (0%)  
[  8]  61.00-62.00  sec  60.2 KBytes   493 Kbits/sec  0.591 ms  0/44 (0%)  
[  8]  62.00-63.00  sec  61.5 KBytes   503 Kbits/sec  1.113 ms  0/45 (0%)  
[  8]  63.00-64.00  sec  60.2 KBytes   494 Kbits/sec  2.042 ms  0/44 (0%)  
[  8]  64.00-65.00  sec  61.5 KBytes   503 Kbits/sec  1.635 ms  0/45 (0%)  
[  8]  65.00-66.00  sec  60.2 KBytes   493 Kbits/sec  1.934 ms  0/44 (0%)  
[  8]  66.00-67.00  sec  61.5 KBytes   504 Kbits/sec  1.724 ms  0/45 (0%)  
[  8]  67.00-68.00  sec  61.5 KBytes   502 Kbits/sec  1.823 ms  0/45 (0%)  
[  8]  68.00-69.00  sec  60.2 KBytes   494 Kbits/sec  2.009 ms  0/44 (0%)  
[  8]  69.00-70.00  sec  62.9 KBytes   513 Kbits/sec  1.404 ms  0/46 (0%)  
[  8]  70.00-71.00  sec  60.2 KBytes   495 Kbits/sec  1.005 ms  0/44 (0%)  
[  8]  71.00-72.00  sec  61.5 KBytes   504 Kbits/sec  0.455 ms  0/45 (0%)  
[  8]  72.00-73.00  sec  60.2 KBytes   493 Kbits/sec  0.168 ms  0/44 (0%)  
[  8]  73.00-74.00  sec  61.5 KBytes   504 Kbits/sec  0.152 ms  0/45 (0%)  
[  8]  74.00-75.00  sec  61.5 KBytes   504 Kbits/sec  0.126 ms  0/45 (0%)  
[  8]  75.00-76.00  sec  60.2 KBytes   493 Kbits/sec  0.211 ms  0/44 (0%)  
[  8]  76.00-77.00  sec  61.5 KBytes   503 Kbits/sec  0.052 ms  0/45 (0%)  
[  8]  77.00-78.00  sec  61.5 KBytes   505 Kbits/sec  0.438 ms  0/45 (0%)  
[  8]  78.00-79.00  sec  60.2 KBytes   493 Kbits/sec  0.614 ms  0/44 (0%)  
[  8]  79.00-80.00  sec  61.5 KBytes   504 Kbits/sec  0.372 ms  0/45 (0%)  
[  8]  80.00-81.00  sec  61.5 KBytes   504 Kbits/sec  0.300 ms  0/45 (0%)  
[  8]  81.00-82.00  sec  60.2 KBytes   493 Kbits/sec  0.794 ms  0/44 (0%)  
[  8]  82.00-83.00  sec  61.5 KBytes   504 Kbits/sec  1.705 ms  0/45 (0%)  
[  8]  83.00-84.00  sec  60.2 KBytes   492 Kbits/sec  1.717 ms  0/44 (0%)  
[  8]  84.00-85.00  sec  61.5 KBytes   505 Kbits/sec  1.557 ms  0/45 (0%)  
[  8]  85.00-86.00  sec  61.5 KBytes   502 Kbits/sec  1.056 ms  0/45 (0%)  
[  8]  86.00-87.00  sec  60.2 KBytes   495 Kbits/sec  1.563 ms  0/44 (0%)  
[  8]  87.00-88.01  sec  61.5 KBytes   501 Kbits/sec  1.704 ms  0/45 (0%)  
[  8]  88.01-89.00  sec  61.5 KBytes   506 Kbits/sec  1.278 ms  0/45 (0%)  
[  8]  89.00-90.00  sec  60.2 KBytes   493 Kbits/sec  1.473 ms  0/44 (0%)  
[  8]  90.00-91.00  sec  61.5 KBytes   505 Kbits/sec  1.616 ms  0/45 (0%)  
[  8]  91.00-92.00  sec  61.5 KBytes   504 Kbits/sec  0.906 ms  0/45 (0%)  
[  8]  92.00-93.00  sec  60.2 KBytes   493 Kbits/sec  0.217 ms  0/44 (0%)  
[  8]  93.00-94.00  sec  61.5 KBytes   504 Kbits/sec  0.435 ms  0/45 (0%)  
[  8]  94.00-95.00  sec  61.5 KBytes   504 Kbits/sec  1.700 ms  0/45 (0%)  
[  8]  95.00-96.00  sec  60.2 KBytes   493 Kbits/sec  1.198 ms  0/44 (0%)  
[  8]  96.00-97.00  sec  61.5 KBytes   504 Kbits/sec  0.855 ms  0/45 (0%)  
[  8]  97.00-98.00  sec  60.2 KBytes   491 Kbits/sec  1.940 ms  0/44 (0%)  
[  8]  98.00-99.00  sec  61.5 KBytes   506 Kbits/sec  1.645 ms  0/45 (0%)  
[  8]  99.00-100.00 sec  60.2 KBytes   493 Kbits/sec  0.824 ms  0/44 (0%)  
[  8] 100.00-101.00 sec  61.5 KBytes   504 Kbits/sec  0.387 ms  0/45 (0%)  
[  8] 101.00-102.00 sec  61.5 KBytes   503 Kbits/sec  0.152 ms  0/45 (0%)  
[  8] 102.00-103.00 sec  61.5 KBytes   505 Kbits/sec  0.088 ms  0/45 (0%)  
[  8] 103.00-104.00 sec  60.2 KBytes   493 Kbits/sec  0.274 ms  0/44 (0%)  
[  8] 104.00-105.00 sec  61.5 KBytes   504 Kbits/sec  0.943 ms  0/45 (0%)  
[  8] 105.00-106.00 sec  61.5 KBytes   504 Kbits/sec  1.228 ms  0/45 (0%)  
[  8] 106.00-107.00 sec  60.2 KBytes   493 Kbits/sec  0.642 ms  0/44 (0%)  
[  8] 107.00-108.00 sec  61.5 KBytes   503 Kbits/sec  0.770 ms  0/45 (0%)  
[  8] 108.00-109.00 sec  60.2 KBytes   494 Kbits/sec  1.106 ms  0/44 (0%)  
[  8] 109.00-110.00 sec  61.5 KBytes   504 Kbits/sec  1.298 ms  0/45 (0%)  
[  8] 110.00-111.00 sec  61.5 KBytes   504 Kbits/sec  1.258 ms  0/45 (0%)  
[  8] 111.00-112.00 sec  60.2 KBytes   493 Kbits/sec  1.590 ms  0/44 (0%)  
[  8] 112.00-113.00 sec  61.5 KBytes   504 Kbits/sec  1.740 ms  0/45 (0%)  
[  8] 113.00-114.00 sec  60.2 KBytes   493 Kbits/sec  1.891 ms  0/44 (0%)  
[  8] 114.00-115.00 sec  61.5 KBytes   504 Kbits/sec  2.127 ms  0/45 (0%)  
[  8] 115.00-116.00 sec  61.5 KBytes   503 Kbits/sec  1.279 ms  0/45 (0%)  
[  8] 116.00-117.00 sec  60.2 KBytes   492 Kbits/sec  1.872 ms  0/44 (0%)  
[  8] 117.00-118.00 sec  61.5 KBytes   505 Kbits/sec  2.412 ms  0/45 (0%)  
[  8] 118.00-119.00 sec  61.5 KBytes   504 Kbits/sec  1.371 ms  0/45 (0%)  
[  8] 119.00-120.00 sec  61.5 KBytes   504 Kbits/sec  0.857 ms  0/45 (0%)  
[  8] 120.00-121.00 sec  60.2 KBytes   492 Kbits/sec  0.626 ms  0/44 (0%)  
[  8] 121.00-122.00 sec  61.5 KBytes   505 Kbits/sec  1.920 ms  0/45 (0%)  
[  8] 122.00-123.00 sec  61.5 KBytes   503 Kbits/sec  2.043 ms  0/45 (0%)  
[  8] 123.00-124.00 sec  60.2 KBytes   494 Kbits/sec  0.936 ms  0/44 (0%)  
[  8] 124.00-125.00 sec  60.2 KBytes   493 Kbits/sec  1.057 ms  0/44 (0%)  
[  8] 125.00-126.00 sec  61.5 KBytes   504 Kbits/sec  1.188 ms  0/45 (0%)  
[  8] 126.00-127.00 sec  61.5 KBytes   504 Kbits/sec  1.977 ms  0/45 (0%)  
[  8] 127.00-128.00 sec  61.5 KBytes   504 Kbits/sec  2.131 ms  0/45 (0%)  
[  8] 128.00-129.00 sec  60.2 KBytes   493 Kbits/sec  1.034 ms  0/44 (0%)  
[  8] 129.00-130.00 sec  61.5 KBytes   504 Kbits/sec  0.394 ms  0/45 (0%)  
[  8] 130.00-131.00 sec  61.5 KBytes   504 Kbits/sec  0.084 ms  0/45 (0%)  
[  8] 131.00-132.00 sec  60.2 KBytes   493 Kbits/sec  0.212 ms  0/44 (0%)  
[  8] 132.00-133.00 sec  61.5 KBytes   504 Kbits/sec  0.172 ms  0/45 (0%)  
[  8] 133.00-134.00 sec  61.5 KBytes   503 Kbits/sec  1.192 ms  0/45 (0%)  
[  8] 134.00-135.00 sec  60.2 KBytes   494 Kbits/sec  1.032 ms  0/44 (0%)  
[  8] 135.00-136.00 sec  61.5 KBytes   504 Kbits/sec  1.149 ms  0/45 (0%)  
[  8] 136.00-137.00 sec  61.5 KBytes   504 Kbits/sec  1.374 ms  0/45 (0%)  
[  8] 137.00-138.00 sec  60.2 KBytes   492 Kbits/sec  1.422 ms  0/44 (0%)  
[  8] 138.00-139.00 sec  61.5 KBytes   506 Kbits/sec  1.166 ms  0/45 (0%)  
[  8] 139.00-140.00 sec  60.2 KBytes   493 Kbits/sec  1.679 ms  0/44 (0%)  
[  8] 140.00-141.00 sec  61.5 KBytes   503 Kbits/sec  1.730 ms  0/45 (0%)  
[  8] 141.00-142.00 sec  61.5 KBytes   505 Kbits/sec  0.439 ms  0/45 (0%)  
[  8] 142.00-143.00 sec  60.2 KBytes   493 Kbits/sec  0.803 ms  0/44 (0%)  
[  8] 143.00-144.00 sec  61.5 KBytes   503 Kbits/sec  0.847 ms  0/45 (0%)  
[  8] 144.00-145.00 sec  60.2 KBytes   494 Kbits/sec  1.676 ms  0/44 (0%)  
[  8] 145.00-146.00 sec  61.5 KBytes   504 Kbits/sec  2.402 ms  0/45 (0%)  
[  8] 146.00-147.00 sec  61.5 KBytes   502 Kbits/sec  2.849 ms  0/45 (0%)  
[  8] 147.00-148.00 sec  61.5 KBytes   506 Kbits/sec  1.639 ms  0/45 (0%)  
[  8] 148.00-149.00 sec  60.2 KBytes   493 Kbits/sec  1.419 ms  0/44 (0%)  
[  8] 149.00-150.00 sec  61.5 KBytes   504 Kbits/sec  1.970 ms  0/45 (0%)  
[  8] 150.00-151.00 sec  61.5 KBytes   504 Kbits/sec  2.059 ms  0/45 (0%)  
[  8] 151.00-152.00 sec  60.2 KBytes   493 Kbits/sec  1.473 ms  0/44 (0%)  
[  8] 152.00-153.00 sec  61.5 KBytes   504 Kbits/sec  1.157 ms  0/45 (0%)  
[  8] 153.00-154.00 sec  60.2 KBytes   492 Kbits/sec  1.433 ms  0/44 (0%)  
[  8] 154.00-155.00 sec  60.2 KBytes   494 Kbits/sec  2.160 ms  0/44 (0%)  
[  8] 155.00-156.00 sec  62.9 KBytes   513 Kbits/sec  1.167 ms  0/46 (0%)  
[  8] 156.00-157.00 sec  60.2 KBytes   495 Kbits/sec  0.808 ms  0/44 (0%)  
[  8] 157.00-158.00 sec  60.2 KBytes   493 Kbits/sec  2.200 ms  0/44 (0%)  
[  8] 158.00-159.00 sec  62.9 KBytes   515 Kbits/sec  1.553 ms  0/46 (0%)  
[  8] 159.00-160.00 sec  60.2 KBytes   493 Kbits/sec  1.099 ms  0/44 (0%)  
[  8] 160.00-161.00 sec  61.5 KBytes   504 Kbits/sec  0.928 ms  0/45 (0%)  
[  8] 161.00-162.00 sec  60.2 KBytes   493 Kbits/sec  1.030 ms  0/44 (0%)  
[  8] 162.00-163.00 sec  61.5 KBytes   504 Kbits/sec  0.127 ms  0/45 (0%)  
[  8] 163.00-164.00 sec  61.5 KBytes   504 Kbits/sec  0.106 ms  0/45 (0%)  
[  8] 164.00-165.00 sec  60.2 KBytes   493 Kbits/sec  0.113 ms  0/44 (0%)  
[  8] 165.00-166.00 sec  61.5 KBytes   504 Kbits/sec  0.549 ms  0/45 (0%)  
[  8] 166.00-167.00 sec  60.2 KBytes   493 Kbits/sec  0.183 ms  0/44 (0%)  
[  8] 167.00-168.00 sec  61.5 KBytes   504 Kbits/sec  0.186 ms  0/45 (0%)  
[  8] 168.00-169.00 sec  61.5 KBytes   504 Kbits/sec  0.204 ms  0/45 (0%)  
[  8] 169.00-170.00 sec  61.5 KBytes   504 Kbits/sec  0.063 ms  0/45 (0%)  
[  8] 170.00-171.01 sec  61.5 KBytes   501 Kbits/sec  0.597 ms  0/45 (0%)  
[  8] 171.01-172.00 sec  60.2 KBytes   494 Kbits/sec  0.705 ms  0/44 (0%)  
[  8] 172.00-173.00 sec  60.2 KBytes   494 Kbits/sec  0.929 ms  0/44 (0%)  
[  8] 173.00-174.00 sec  61.5 KBytes   504 Kbits/sec  0.552 ms  0/45 (0%)  
[  8] 174.00-175.00 sec  61.5 KBytes   504 Kbits/sec  0.402 ms  0/45 (0%)  
[  8] 175.00-176.00 sec  61.5 KBytes   504 Kbits/sec  0.407 ms  0/45 (0%)  
[  8] 176.00-177.00 sec  60.2 KBytes   493 Kbits/sec  0.323 ms  0/44 (0%)  
[  8] 177.00-178.00 sec  61.5 KBytes   504 Kbits/sec  0.316 ms  0/45 (0%)  
[  8] 178.00-179.00 sec  61.5 KBytes   503 Kbits/sec  0.957 ms  0/45 (0%)  
[  8] 179.00-180.00 sec  60.2 KBytes   492 Kbits/sec  1.016 ms  0/44 (0%)  
[  8] 180.00-181.00 sec  61.5 KBytes   505 Kbits/sec  0.482 ms  0/45 (0%)  
[  8] 181.00-182.00 sec  60.2 KBytes   493 Kbits/sec  0.865 ms  0/44 (0%)  
[  8] 182.00-183.00 sec  61.5 KBytes   504 Kbits/sec  1.679 ms  0/45 (0%)  
[  8] 183.00-184.00 sec  61.5 KBytes   504 Kbits/sec  1.903 ms  0/45 (0%)  
[  8] 184.00-185.00 sec  60.2 KBytes   493 Kbits/sec  1.764 ms  0/44 (0%)  
[  8] 185.00-186.00 sec  61.5 KBytes   504 Kbits/sec  2.129 ms  0/45 (0%)  
[  8] 186.00-187.00 sec  61.5 KBytes   504 Kbits/sec  0.960 ms  0/45 (0%)  
[  8] 187.00-188.00 sec  60.2 KBytes   493 Kbits/sec  1.814 ms  0/44 (0%)  
[  8] 188.00-189.00 sec  61.5 KBytes   504 Kbits/sec  1.580 ms  0/45 (0%)  
[  8] 189.00-190.00 sec  61.5 KBytes   504 Kbits/sec  0.997 ms  0/45 (0%)  
[  8] 190.00-191.00 sec  60.2 KBytes   493 Kbits/sec  0.910 ms  0/44 (0%)  
[  8] 191.00-192.00 sec  60.2 KBytes   491 Kbits/sec  0.766 ms  0/44 (0%)  
[  8] 192.00-193.00 sec  61.5 KBytes   506 Kbits/sec  0.860 ms  0/45 (0%)  
[  8] 193.00-194.00 sec  61.5 KBytes   504 Kbits/sec  0.775 ms  0/45 (0%)  
[  8] 194.00-195.00 sec  61.5 KBytes   504 Kbits/sec  0.432 ms  0/45 (0%)  
[  8] 195.00-196.00 sec  60.2 KBytes   493 Kbits/sec  0.206 ms  0/44 (0%)  
[  8] 196.00-197.00 sec  61.5 KBytes   504 Kbits/sec  0.155 ms  0/45 (0%)  
[  8] 197.00-198.00 sec  61.5 KBytes   503 Kbits/sec  0.366 ms  0/45 (0%)  
[  8] 198.00-199.00 sec  60.2 KBytes   493 Kbits/sec  0.421 ms  0/44 (0%)  
[  8] 199.00-200.00 sec  61.5 KBytes   504 Kbits/sec  0.131 ms  0/45 (0%)  
[  8] 200.00-201.00 sec  61.5 KBytes   504 Kbits/sec  1.033 ms  0/45 (0%)  
[  8] 201.00-202.00 sec  60.2 KBytes   492 Kbits/sec  0.583 ms  0/44 (0%)  
[  8] 202.00-203.00 sec  61.5 KBytes   505 Kbits/sec  0.143 ms  0/45 (0%)  
[  8] 203.00-204.00 sec  61.5 KBytes   504 Kbits/sec  0.177 ms  0/45 (0%)  
[  8] 204.00-205.00 sec  60.2 KBytes   493 Kbits/sec  0.035 ms  0/44 (0%)  
[  8] 205.00-206.00 sec  61.5 KBytes   503 Kbits/sec  0.201 ms  0/45 (0%)  
[  8] 206.00-207.00 sec  60.2 KBytes   494 Kbits/sec  0.545 ms  0/44 (0%)  
[  8] 207.00-208.00 sec  61.5 KBytes   504 Kbits/sec  0.194 ms  0/45 (0%)  
[  8] 208.00-209.00 sec  61.5 KBytes   504 Kbits/sec  0.181 ms  0/45 (0%)  
[  8] 209.00-210.00 sec  60.2 KBytes   493 Kbits/sec  0.425 ms  0/44 (0%)  
[  8] 210.00-211.00 sec  61.5 KBytes   504 Kbits/sec  1.381 ms  0/45 (0%)  
[  8] 211.00-212.00 sec  61.5 KBytes   504 Kbits/sec  0.918 ms  0/45 (0%)  
[  8] 212.00-213.00 sec  60.2 KBytes   493 Kbits/sec  0.157 ms  0/44 (0%)  
[  8] 213.00-214.00 sec  61.5 KBytes   504 Kbits/sec  1.532 ms  0/45 (0%)  
[  8] 214.00-215.00 sec  60.2 KBytes   493 Kbits/sec  0.557 ms  0/44 (0%)  
[  8] 215.00-216.00 sec  61.5 KBytes   504 Kbits/sec  0.274 ms  0/45 (0%)  
[  8] 216.00-217.00 sec  61.5 KBytes   503 Kbits/sec  0.342 ms  0/45 (0%)  
[  8] 217.00-218.00 sec  60.2 KBytes   494 Kbits/sec  0.040 ms  0/44 (0%)  
[  8] 218.00-219.00 sec  61.5 KBytes   504 Kbits/sec  0.331 ms  0/45 (0%)  
[  8] 219.00-220.00 sec  61.5 KBytes   504 Kbits/sec  1.519 ms  0/45 (0%)  
[  8] 220.00-221.00 sec  60.2 KBytes   493 Kbits/sec  1.475 ms  0/44 (0%)  
[  8] 221.00-222.00 sec  61.5 KBytes   504 Kbits/sec  0.468 ms  0/45 (0%)  
[  8] 222.00-223.00 sec  61.5 KBytes   504 Kbits/sec  0.144 ms  0/45 (0%)  
[  8] 223.00-224.00 sec  60.2 KBytes   493 Kbits/sec  0.161 ms  0/44 (0%)  
[  8] 224.00-225.00 sec  61.5 KBytes   504 Kbits/sec  0.276 ms  0/45 (0%)  
[  8] 225.00-226.00 sec  61.5 KBytes   504 Kbits/sec  0.668 ms  0/45 (0%)  
[  8] 226.00-227.00 sec  60.2 KBytes   493 Kbits/sec  0.255 ms  0/44 (0%)  
[  8] 227.00-228.00 sec  61.5 KBytes   504 Kbits/sec  0.931 ms  0/45 (0%)  
[  8] 228.00-229.00 sec  60.2 KBytes   492 Kbits/sec  0.496 ms  0/44 (0%)  
[  8] 229.00-230.00 sec  61.5 KBytes   505 Kbits/sec  0.885 ms  0/45 (0%)  
[  8] 230.00-231.00 sec  61.5 KBytes   504 Kbits/sec  2.042 ms  0/45 (0%)  
[  8] 231.00-232.00 sec  61.5 KBytes   503 Kbits/sec  1.003 ms  0/45 (0%)  
[  8] 232.00-233.00 sec  60.2 KBytes   493 Kbits/sec  1.451 ms  0/44 (0%)  
[  8] 233.00-234.00 sec  61.5 KBytes   503 Kbits/sec  0.606 ms  0/45 (0%)  
[  8] 234.00-235.00 sec  60.2 KBytes   495 Kbits/sec  1.467 ms  0/44 (0%)  
[  8] 235.00-236.00 sec  60.2 KBytes   492 Kbits/sec  1.275 ms  0/44 (0%)  
[  8] 236.00-237.00 sec  62.9 KBytes   516 Kbits/sec  1.343 ms  0/46 (0%)  
[  8] 237.00-238.00 sec  60.2 KBytes   492 Kbits/sec  0.972 ms  0/44 (0%)  
[  8] 238.00-239.00 sec  60.2 KBytes   492 Kbits/sec  1.841 ms  0/44 (0%)  
[  8] 239.00-240.00 sec  61.5 KBytes   505 Kbits/sec  1.979 ms  0/45 (0%)  
[  8] 240.00-241.00 sec  61.5 KBytes   505 Kbits/sec  1.550 ms  0/45 (0%)  
[  8] 241.00-242.00 sec  61.5 KBytes   504 Kbits/sec  0.716 ms  0/45 (0%)  
[  8] 242.00-243.00 sec  60.2 KBytes   493 Kbits/sec  1.215 ms  0/44 (0%)  
[  8] 243.00-244.01 sec  61.5 KBytes   500 Kbits/sec  1.455 ms  0/45 (0%)  
[  8] 244.01-245.00 sec  61.5 KBytes   507 Kbits/sec  0.665 ms  0/45 (0%)  
[  8] 245.00-246.00 sec  61.5 KBytes   504 Kbits/sec  0.554 ms  0/45 (0%)  
[  8] 246.00-247.00 sec  60.2 KBytes   492 Kbits/sec  0.865 ms  0/44 (0%)  
[  8] 247.00-248.01 sec  61.5 KBytes   502 Kbits/sec  1.394 ms  0/45 (0%)  
[  8] 248.01-249.00 sec  60.2 KBytes   496 Kbits/sec  1.368 ms  0/44 (0%)  
[  8] 249.00-250.00 sec  61.5 KBytes   504 Kbits/sec  0.538 ms  0/45 (0%)  
[  8] 250.00-251.00 sec  61.5 KBytes   504 Kbits/sec  1.118 ms  0/45 (0%)  
[  8] 251.00-252.00 sec  60.2 KBytes   493 Kbits/sec  0.770 ms  0/44 (0%)  
[  8] 252.00-253.00 sec  61.5 KBytes   504 Kbits/sec  1.605 ms  0/45 (0%)  
[  8] 253.00-254.00 sec  61.5 KBytes   504 Kbits/sec  1.694 ms  0/45 (0%)  
[  8] 254.00-255.00 sec  60.2 KBytes   493 Kbits/sec  1.580 ms  0/44 (0%)  
[  8] 255.00-256.01 sec  61.5 KBytes   501 Kbits/sec  1.423 ms  0/45 (0%)  
[  8] 256.01-257.00 sec  61.5 KBytes   506 Kbits/sec  1.289 ms  0/45 (0%)  
[  8] 257.00-258.00 sec  60.2 KBytes   494 Kbits/sec  1.045 ms  0/44 (0%)  
[  8] 258.00-259.00 sec  61.5 KBytes   504 Kbits/sec  1.047 ms  0/45 (0%)  
[  8] 259.00-260.00 sec  61.5 KBytes   504 Kbits/sec  1.054 ms  0/45 (0%)  
[  8] 260.00-261.00 sec  60.2 KBytes   493 Kbits/sec  1.012 ms  0/44 (0%)  
[  8] 261.00-262.00 sec  61.5 KBytes   504 Kbits/sec  1.167 ms  0/45 (0%)  
[  8] 262.00-263.00 sec  60.2 KBytes   493 Kbits/sec  1.028 ms  0/44 (0%)  
[  8] 263.00-264.00 sec  61.5 KBytes   504 Kbits/sec  0.995 ms  0/45 (0%)  
[  8] 264.00-265.00 sec  61.5 KBytes   503 Kbits/sec  1.482 ms  0/45 (0%)  
[  8] 265.00-266.00 sec  60.2 KBytes   492 Kbits/sec  0.720 ms  0/44 (0%)  
[  8] 266.00-267.00 sec  61.5 KBytes   505 Kbits/sec  1.171 ms  0/45 (0%)  
[  8] 267.00-268.00 sec  60.2 KBytes   492 Kbits/sec  2.208 ms  0/44 (0%)  
[  8] 268.00-269.00 sec  61.5 KBytes   505 Kbits/sec  1.099 ms  0/45 (0%)  
[  8] 269.00-270.00 sec  61.5 KBytes   504 Kbits/sec  2.029 ms  0/45 (0%)  
[  8] 270.00-271.00 sec  60.2 KBytes   492 Kbits/sec  1.890 ms  0/44 (0%)  
[  8] 271.00-272.00 sec  61.5 KBytes   504 Kbits/sec  1.080 ms  0/45 (0%)  
[  8] 272.00-273.00 sec  61.5 KBytes   504 Kbits/sec  1.316 ms  0/45 (0%)  
[  8] 273.00-274.00 sec  61.5 KBytes   504 Kbits/sec  0.376 ms  0/45 (0%)  
[  8] 274.00-275.00 sec  60.2 KBytes   493 Kbits/sec  0.619 ms  0/44 (0%)  
[  8] 275.00-276.00 sec  61.5 KBytes   504 Kbits/sec  0.200 ms  0/45 (0%)  
[  8] 276.00-277.00 sec  58.8 KBytes   482 Kbits/sec  1.524 ms  0/43 (0%)  
[  8] 277.00-278.00 sec  62.9 KBytes   515 Kbits/sec  1.821 ms  0/46 (0%)  
[  8] 278.00-279.00 sec  61.5 KBytes   504 Kbits/sec  0.399 ms  0/45 (0%)  
[  8] 279.00-280.00 sec  60.2 KBytes   493 Kbits/sec  0.878 ms  0/44 (0%)  
[  8] 280.00-281.00 sec  61.5 KBytes   504 Kbits/sec  0.795 ms  0/45 (0%)  
[  8] 281.00-282.00 sec  61.5 KBytes   504 Kbits/sec  0.510 ms  0/45 (0%)  
[  8] 282.00-283.00 sec  60.2 KBytes   492 Kbits/sec  0.277 ms  0/44 (0%)  
[  8] 283.00-284.00 sec  61.5 KBytes   505 Kbits/sec  0.427 ms  0/45 (0%)  
[  8] 284.00-285.00 sec  60.2 KBytes   491 Kbits/sec  1.084 ms  0/44 (0%)  
[  8] 285.00-286.00 sec  61.5 KBytes   504 Kbits/sec  1.720 ms  0/45 (0%)  
[  8] 286.00-287.00 sec  61.5 KBytes   505 Kbits/sec  1.968 ms  0/45 (0%)  
[  8] 287.00-288.00 sec  60.2 KBytes   493 Kbits/sec  1.469 ms  0/44 (0%)  
[  8] 288.00-289.00 sec  60.2 KBytes   493 Kbits/sec  1.225 ms  0/44 (0%)  
[  8] 289.00-290.00 sec  62.9 KBytes   515 Kbits/sec  1.796 ms  0/46 (0%)  
[  8] 290.00-291.00 sec  60.2 KBytes   492 Kbits/sec  1.515 ms  0/44 (0%)  
[  8] 291.00-292.00 sec  61.5 KBytes   505 Kbits/sec  0.387 ms  0/45 (0%)  
[  8] 292.00-293.01 sec  61.5 KBytes   502 Kbits/sec  0.734 ms  0/45 (0%)  
[  8] 293.01-294.00 sec  60.2 KBytes   495 Kbits/sec  0.976 ms  0/44 (0%)  
[  8] 294.00-295.00 sec  61.5 KBytes   504 Kbits/sec  0.743 ms  0/45 (0%)  
[  8] 295.00-296.00 sec  61.5 KBytes   504 Kbits/sec  1.423 ms  0/45 (0%)  
[  8] 296.00-297.00 sec  61.5 KBytes   502 Kbits/sec  1.582 ms  0/45 (0%)  
[  8] 297.00-298.00 sec  60.2 KBytes   493 Kbits/sec  1.835 ms  0/44 (0%)  
[  8] 298.00-299.00 sec  60.2 KBytes   493 Kbits/sec  1.252 ms  0/44 (0%)  
[  8] 299.00-300.00 sec  61.5 KBytes   505 Kbits/sec  1.740 ms  0/45 (0%)  
[  8] 300.00-301.00 sec  61.5 KBytes   504 Kbits/sec  2.139 ms  0/45 (0%)  
[  8] 301.00-302.00 sec  60.2 KBytes   493 Kbits/sec  1.626 ms  0/44 (0%)  
[  8] 302.00-303.00 sec  61.5 KBytes   504 Kbits/sec  2.069 ms  0/45 (0%)  
[  8] 303.00-304.00 sec  61.5 KBytes   504 Kbits/sec  0.738 ms  0/45 (0%)  
[  8] 304.00-305.00 sec  60.2 KBytes   493 Kbits/sec  1.005 ms  0/44 (0%)  
[  8] 305.00-306.00 sec  61.5 KBytes   504 Kbits/sec  0.285 ms  0/45 (0%)  
[  8] 306.00-307.00 sec  61.5 KBytes   504 Kbits/sec  0.441 ms  0/45 (0%)  
[  8] 307.00-308.00 sec  60.2 KBytes   493 Kbits/sec  0.715 ms  0/44 (0%)  
[  8] 308.00-309.00 sec  61.5 KBytes   504 Kbits/sec  0.452 ms  0/45 (0%)  
[  8] 309.00-310.00 sec  61.5 KBytes   504 Kbits/sec  0.102 ms  0/45 (0%)  
[  8] 310.00-311.00 sec  60.2 KBytes   493 Kbits/sec  0.150 ms  0/44 (0%)  
[  8] 311.00-312.00 sec  61.5 KBytes   504 Kbits/sec  0.133 ms  0/45 (0%)  
[  8] 312.00-313.00 sec  61.5 KBytes   504 Kbits/sec  0.167 ms  0/45 (0%)  
[  8] 313.00-314.00 sec  60.2 KBytes   493 Kbits/sec  0.511 ms  0/44 (0%)  
[  8] 314.00-315.00 sec  61.5 KBytes   503 Kbits/sec  0.206 ms  0/45 (0%)  
[  8] 315.00-316.00 sec  61.5 KBytes   505 Kbits/sec  0.073 ms  0/45 (0%)  
[  8] 316.00-317.00 sec  60.2 KBytes   493 Kbits/sec  0.164 ms  0/44 (0%)  
[  8] 317.00-318.00 sec  61.5 KBytes   504 Kbits/sec  0.403 ms  0/45 (0%)  
[  8] 318.00-319.00 sec  61.5 KBytes   504 Kbits/sec  0.204 ms  0/45 (0%)  
[  8] 319.00-320.00 sec  58.8 KBytes   482 Kbits/sec  1.211 ms  0/43 (0%)  
[  8] 320.00-321.00 sec  61.5 KBytes   504 Kbits/sec  0.184 ms  0/45 (0%)  
[  8] 321.00-322.00 sec  61.5 KBytes   504 Kbits/sec  0.171 ms  0/45 (0%)  
[  8] 322.00-323.00 sec  61.5 KBytes   504 Kbits/sec  0.029 ms  0/45 (0%)  
[  8] 323.00-324.00 sec  61.5 KBytes   504 Kbits/sec  0.280 ms  0/45 (0%)  
[  8] 324.00-325.00 sec  60.2 KBytes   493 Kbits/sec  0.477 ms  0/44 (0%)  
[  8] 325.00-326.00 sec  61.5 KBytes   504 Kbits/sec  0.059 ms  0/45 (0%)  
[  8] 326.00-327.00 sec  61.5 KBytes   504 Kbits/sec  0.366 ms  0/45 (0%)  
[  8] 327.00-328.00 sec  60.2 KBytes   493 Kbits/sec  0.094 ms  0/44 (0%)  
[  8] 328.00-329.00 sec  61.5 KBytes   504 Kbits/sec  1.198 ms  0/45 (0%)  
[  8] 329.00-330.00 sec  60.2 KBytes   493 Kbits/sec  0.415 ms  0/44 (0%)  
[  8] 330.00-331.00 sec  61.5 KBytes   504 Kbits/sec  0.500 ms  0/45 (0%)  
[  8] 331.00-332.00 sec  61.5 KBytes   504 Kbits/sec  1.142 ms  0/45 (0%)  
[  8] 332.00-333.00 sec  61.5 KBytes   503 Kbits/sec  1.633 ms  0/45 (0%)  
[  8] 333.00-334.00 sec  60.2 KBytes   493 Kbits/sec  2.147 ms  0/44 (0%)  
[  8] 334.00-335.00 sec  61.5 KBytes   505 Kbits/sec  0.940 ms  0/45 (0%)  
[  8] 335.00-336.00 sec  60.2 KBytes   493 Kbits/sec  0.446 ms  0/44 (0%)  
[  8] 336.00-337.00 sec  61.5 KBytes   504 Kbits/sec  0.927 ms  0/45 (0%)  
[  8] 337.00-338.00 sec  61.5 KBytes   504 Kbits/sec  0.706 ms  0/45 (0%)  
[  8] 338.00-339.00 sec  60.2 KBytes   493 Kbits/sec  0.366 ms  0/44 (0%)  
[  8] 339.00-340.00 sec  61.5 KBytes   504 Kbits/sec  0.524 ms  0/45 (0%)  
- - - - - - - - - - - - - - - - - - - - - - - - -
[ ID] Interval           Transfer     Bitrate         Jitter    Lost/Total Datagrams
[  8]   0.00-340.00 sec  20.3 MBytes   500 Kbits/sec  0.524 ms  0/15179 (0%)  receiver
