-----------------------------------------------------------
Server listening on 5201 (test #1)
-----------------------------------------------------------
Accepted connection from 10.0.0.9, port 43860
[  8] local 10.0.0.73 port 5201 connected to 10.0.0.9 port 49435
[ ID] Interval           Transfer     Bitrate         Jitter    Lost/Total Datagrams
[  8]   0.00-1.00   sec   596 KBytes  4.88 Mbits/sec  1.528 ms  6/442 (1.4%)  
[  8]   1.00-2.00   sec   600 KBytes  4.92 Mbits/sec  1.749 ms  8/447 (1.8%)  
[  8]   2.00-3.00   sec   591 KBytes  4.84 Mbits/sec  1.840 ms  14/446 (3.1%)  
[  8]   3.00-4.00   sec   607 KBytes  4.97 Mbits/sec  1.085 ms  5/449 (1.1%)  
[  8]   4.00-5.00   sec   597 KBytes  4.89 Mbits/sec  1.581 ms  8/445 (1.8%)  
[  8]   5.00-6.00   sec   610 KBytes  5.00 Mbits/sec  1.108 ms  2/448 (0.45%)  
[  8]   6.00-7.00   sec   610 KBytes  4.99 Mbits/sec  2.103 ms  0/446 (0%)  
[  8]   7.00-8.00   sec   596 KBytes  4.88 Mbits/sec  1.399 ms  10/446 (2.2%)  
[  8]   8.00-9.00   sec   603 KBytes  4.94 Mbits/sec  1.450 ms  6/447 (1.3%)  
[  8]   9.00-10.00  sec   602 KBytes  4.93 Mbits/sec  1.661 ms  6/446 (1.3%)  
[  8]  10.00-11.00  sec   608 KBytes  4.98 Mbits/sec  1.440 ms  0/445 (0%)  
[  8]  11.00-12.00  sec   607 KBytes  4.97 Mbits/sec  1.728 ms  2/446 (0.45%)  
[  8]  12.00-13.00  sec   612 KBytes  5.02 Mbits/sec  1.699 ms  0/448 (0%)  
[  8]  13.00-14.00  sec   604 KBytes  4.95 Mbits/sec  2.090 ms  4/446 (0.9%)  
[  8]  14.00-15.00  sec   577 KBytes  4.73 Mbits/sec  2.574 ms  20/442 (4.5%)  
[  8]  15.00-16.00  sec   581 KBytes  4.76 Mbits/sec  2.520 ms  22/447 (4.9%)  
[  8]  16.00-17.00  sec   599 KBytes  4.91 Mbits/sec  1.387 ms  13/451 (2.9%)  
[  8]  17.00-18.00  sec   562 KBytes  4.60 Mbits/sec  2.418 ms  34/445 (7.6%)  
[  8]  18.00-19.00  sec   597 KBytes  4.90 Mbits/sec  1.560 ms  9/447 (2%)  
[  8]  19.00-20.00  sec   610 KBytes  5.00 Mbits/sec  0.754 ms  1/447 (0.22%)  
[  8]  20.00-21.00  sec   520 KBytes  4.26 Mbits/sec  4.267 ms  31/411 (7.5%)  
[  8]  21.00-22.00  sec   535 KBytes  4.38 Mbits/sec  2.260 ms  83/474 (18%)  
[  8]  22.00-23.00  sec   602 KBytes  4.93 Mbits/sec  0.695 ms  15/455 (3.3%)  
[  8]  23.00-24.00  sec   567 KBytes  4.65 Mbits/sec  1.718 ms  26/441 (5.9%)  
[  8]  24.00-25.00  sec   608 KBytes  4.98 Mbits/sec  1.719 ms  2/447 (0.45%)  
[  8]  25.00-26.00  sec   602 KBytes  4.93 Mbits/sec  2.308 ms  7/447 (1.6%)  
[  8]  26.00-27.00  sec   608 KBytes  4.98 Mbits/sec  1.107 ms  6/451 (1.3%)  
[  8]  27.00-28.00  sec   604 KBytes  4.95 Mbits/sec  0.982 ms  3/445 (0.67%)  
[  8]  28.00-29.00  sec   499 KBytes  4.09 Mbits/sec  3.716 ms  10/375 (2.7%)  
[  8]  29.00-30.00  sec   295 KBytes  2.42 Mbits/sec  2.143 ms  257/473 (54%)  
[  8]  30.00-31.00  sec   656 KBytes  5.37 Mbits/sec  1.540 ms  9/489 (1.8%)  
[  8]  31.00-32.00  sec   592 KBytes  4.86 Mbits/sec  1.609 ms  10/443 (2.3%)  
[  8]  32.00-33.00  sec   570 KBytes  4.67 Mbits/sec  0.787 ms  32/449 (7.1%)  
[  8]  33.00-34.00  sec   593 KBytes  4.86 Mbits/sec  2.130 ms  16/450 (3.6%)  
[  8]  34.00-35.00  sec   574 KBytes  4.70 Mbits/sec  1.159 ms  27/447 (6%)  
[  8]  35.00-36.00  sec   604 KBytes  4.95 Mbits/sec  1.990 ms  3/445 (0.67%)  
[  8]  36.00-37.00  sec   606 KBytes  4.96 Mbits/sec  1.750 ms  3/446 (0.67%)  
[  8]  37.00-38.00  sec   596 KBytes  4.88 Mbits/sec  2.019 ms  12/448 (2.7%)  
[  8]  38.00-39.00  sec   571 KBytes  4.68 Mbits/sec  2.093 ms  27/445 (6.1%)  
[  8]  39.00-40.00  sec   604 KBytes  4.95 Mbits/sec  1.385 ms  5/447 (1.1%)  
[  8]  40.00-41.00  sec   604 KBytes  4.95 Mbits/sec  2.037 ms  4/446 (0.9%)  
[  8]  41.00-42.00  sec   592 KBytes  4.85 Mbits/sec  1.781 ms  13/446 (2.9%)  
[  8]  42.00-43.00  sec   603 KBytes  4.94 Mbits/sec  0.827 ms  7/448 (1.6%)  
[  8]  43.00-44.00  sec   603 KBytes  4.94 Mbits/sec  2.295 ms  4/445 (0.9%)  
[  8]  44.00-45.00  sec   608 KBytes  4.98 Mbits/sec  1.132 ms  1/446 (0.22%)  
[  8]  45.00-46.00  sec   606 KBytes  4.96 Mbits/sec  0.784 ms  0/443 (0%)  
[  8]  46.00-47.00  sec   618 KBytes  5.06 Mbits/sec  0.658 ms  0/452 (0%)  
[  8]  47.00-48.00  sec   600 KBytes  4.92 Mbits/sec  1.737 ms  4/443 (0.9%)  
[  8]  48.00-49.00  sec   589 KBytes  4.83 Mbits/sec  2.701 ms  17/448 (3.8%)  
[  8]  49.00-50.00  sec   556 KBytes  4.56 Mbits/sec  2.772 ms  40/447 (8.9%)  
[  8]  50.00-51.00  sec   559 KBytes  4.58 Mbits/sec  1.606 ms  36/445 (8.1%)  
[  8]  51.00-52.00  sec   573 KBytes  4.69 Mbits/sec  1.539 ms  31/450 (6.9%)  
[  8]  52.00-53.00  sec   576 KBytes  4.72 Mbits/sec  1.979 ms  22/443 (5%)  
[  8]  53.00-54.00  sec   600 KBytes  4.92 Mbits/sec  1.103 ms  9/448 (2%)  
[  8]  54.00-55.00  sec   566 KBytes  4.64 Mbits/sec  1.311 ms  29/443 (6.5%)  
[  8]  55.00-56.00  sec   592 KBytes  4.85 Mbits/sec  1.893 ms  16/449 (3.6%)  
[  8]  56.00-57.00  sec   574 KBytes  4.70 Mbits/sec  1.688 ms  26/446 (5.8%)  
[  8]  57.00-58.00  sec   580 KBytes  4.75 Mbits/sec  1.206 ms  22/446 (4.9%)  
[  8]  58.00-59.00  sec   574 KBytes  4.70 Mbits/sec  2.155 ms  29/449 (6.5%)  
[  8]  59.00-60.00  sec   580 KBytes  4.75 Mbits/sec  1.637 ms  20/444 (4.5%)  
[  8]  60.00-61.00  sec   606 KBytes  4.96 Mbits/sec  1.795 ms  6/449 (1.3%)  
[  8]  61.00-62.00  sec   588 KBytes  4.82 Mbits/sec  1.320 ms  16/446 (3.6%)  
[  8]  62.00-63.00  sec   600 KBytes  4.92 Mbits/sec  2.214 ms  7/446 (1.6%)  
[  8]  63.00-64.00  sec   518 KBytes  4.24 Mbits/sec  2.080 ms  66/445 (15%)  
[  8]  64.00-65.00  sec   550 KBytes  4.50 Mbits/sec  1.604 ms  37/439 (8.4%)  
[  8]  65.00-66.00  sec   558 KBytes  4.57 Mbits/sec  1.955 ms  44/452 (9.7%)  
[  8]  66.00-67.00  sec   584 KBytes  4.78 Mbits/sec  1.769 ms  23/450 (5.1%)  
[  8]  67.00-68.00  sec   611 KBytes  5.01 Mbits/sec  1.442 ms  1/448 (0.22%)  
[  8]  68.00-69.00  sec   584 KBytes  4.78 Mbits/sec  2.769 ms  15/442 (3.4%)  
[  8]  69.00-70.00  sec   589 KBytes  4.83 Mbits/sec  1.992 ms  16/447 (3.6%)  
[  8]  70.00-71.00  sec   603 KBytes  4.94 Mbits/sec  1.809 ms  8/449 (1.8%)  
[  8]  71.00-72.00  sec   589 KBytes  4.83 Mbits/sec  2.771 ms  13/444 (2.9%)  
[  8]  72.00-73.00  sec   506 KBytes  4.15 Mbits/sec  3.139 ms  41/411 (10%)  
[  8]  73.00-74.00  sec   479 KBytes  3.92 Mbits/sec  2.420 ms  96/446 (22%)  
[  8]  74.00-75.00  sec   592 KBytes  4.85 Mbits/sec  3.112 ms  38/471 (8.1%)  
[  8]  75.00-76.00  sec   521 KBytes  4.27 Mbits/sec  1.650 ms  62/443 (14%)  
[  8]  76.00-77.00  sec   574 KBytes  4.70 Mbits/sec  2.486 ms  42/462 (9.1%)  
[  8]  77.00-78.00  sec   566 KBytes  4.64 Mbits/sec  1.866 ms  26/440 (5.9%)  
[  8]  78.00-79.00  sec   588 KBytes  4.82 Mbits/sec  1.551 ms  25/455 (5.5%)  
[  8]  79.00-80.00  sec   554 KBytes  4.54 Mbits/sec  2.116 ms  36/441 (8.2%)  
[  8]  80.00-81.00  sec   578 KBytes  4.74 Mbits/sec  2.286 ms  25/448 (5.6%)  
[  8]  81.00-82.00  sec   578 KBytes  4.74 Mbits/sec  2.555 ms  24/447 (5.4%)  
[  8]  82.00-83.00  sec   608 KBytes  4.98 Mbits/sec  1.377 ms  5/450 (1.1%)  
[  8]  83.00-84.00  sec   547 KBytes  4.48 Mbits/sec  2.048 ms  9/409 (2.2%)  
[  8]  84.00-85.00  sec   584 KBytes  4.78 Mbits/sec  1.669 ms  42/469 (9%)  
[  8]  85.00-86.00  sec   603 KBytes  4.94 Mbits/sec  2.005 ms  20/461 (4.3%)  
[  8]  86.00-87.00  sec   577 KBytes  4.73 Mbits/sec  1.570 ms  24/446 (5.4%)  
[  8]  87.00-88.00  sec   574 KBytes  4.70 Mbits/sec  1.502 ms  25/445 (5.6%)  
[  8]  88.00-89.00  sec   576 KBytes  4.72 Mbits/sec  2.711 ms  24/445 (5.4%)  
[  8]  89.00-90.00  sec   506 KBytes  4.14 Mbits/sec  2.697 ms  7/377 (1.9%)  
[  8]  90.00-91.00  sec   543 KBytes  4.45 Mbits/sec  2.473 ms  66/463 (14%)  
[  8]  91.00-92.00  sec   561 KBytes  4.59 Mbits/sec  1.780 ms  20/430 (4.7%)  
[  8]  92.00-93.00  sec   338 KBytes  2.77 Mbits/sec  2.198 ms  87/334 (26%)  
[  8]  93.00-94.00  sec   688 KBytes  5.63 Mbits/sec  1.528 ms  128/631 (20%)  
[  8]  94.00-95.00  sec   591 KBytes  4.84 Mbits/sec  1.524 ms  13/445 (2.9%)  
[  8]  95.00-96.00  sec   574 KBytes  4.70 Mbits/sec  1.341 ms  27/447 (6%)  
[  8]  96.00-97.00  sec   578 KBytes  4.74 Mbits/sec  1.714 ms  23/446 (5.2%)  
[  8]  97.00-98.00  sec   593 KBytes  4.86 Mbits/sec  1.956 ms  13/447 (2.9%)  
[  8]  98.00-99.00  sec   558 KBytes  4.57 Mbits/sec  1.608 ms  36/444 (8.1%)  
[  8]  99.00-100.00 sec   584 KBytes  4.78 Mbits/sec  1.765 ms  20/447 (4.5%)  
[  8] 100.00-101.00 sec   578 KBytes  4.74 Mbits/sec  1.527 ms  26/449 (5.8%)  
[  8] 101.00-102.00 sec   602 KBytes  4.93 Mbits/sec  1.629 ms  7/447 (1.6%)  
[  8] 102.00-103.00 sec   603 KBytes  4.94 Mbits/sec  1.163 ms  0/441 (0%)  
[  8] 103.00-104.00 sec   578 KBytes  4.74 Mbits/sec  0.777 ms  25/448 (5.6%)  
[  8] 104.00-105.00 sec   578 KBytes  4.74 Mbits/sec  1.831 ms  27/450 (6%)  
[  8] 105.00-106.00 sec   584 KBytes  4.78 Mbits/sec  1.492 ms  19/446 (4.3%)  
[  8] 106.00-107.00 sec   596 KBytes  4.88 Mbits/sec  1.500 ms  10/446 (2.2%)  
[  8] 107.00-108.00 sec   602 KBytes  4.93 Mbits/sec  1.688 ms  8/448 (1.8%)  
[  8] 108.00-109.00 sec   602 KBytes  4.93 Mbits/sec  1.018 ms  2/442 (0.45%)  
[  8] 109.00-110.00 sec   540 KBytes  4.41 Mbits/sec  1.625 ms  49/444 (11%)  
[  8] 110.00-111.00 sec   593 KBytes  4.88 Mbits/sec  1.383 ms  15/449 (3.3%)  
[  8] 111.00-112.00 sec   509 KBytes  4.17 Mbits/sec  2.020 ms  72/444 (16%)  
[  8] 112.00-113.00 sec   597 KBytes  4.89 Mbits/sec  1.811 ms  15/452 (3.3%)  
[  8] 113.00-114.00 sec   465 KBytes  3.81 Mbits/sec  1.373 ms  17/357 (4.8%)  
[  8] 114.00-115.00 sec   588 KBytes  4.82 Mbits/sec  0.617 ms  104/534 (19%)  
[  8] 115.00-116.00 sec   571 KBytes  4.68 Mbits/sec  1.316 ms  28/446 (6.3%)  
[  8] 116.00-117.00 sec   541 KBytes  4.44 Mbits/sec  1.798 ms  35/431 (8.1%)  
[  8] 117.00-118.00 sec   582 KBytes  4.77 Mbits/sec  1.525 ms  34/460 (7.4%)  
[  8] 118.00-119.00 sec   551 KBytes  4.52 Mbits/sec  1.330 ms  41/444 (9.2%)  
[  8] 119.00-120.00 sec   543 KBytes  4.45 Mbits/sec  2.091 ms  54/451 (12%)  
[  8] 120.00-121.00 sec   395 KBytes  3.24 Mbits/sec  2.176 ms  102/391 (26%)  
[  8] 121.00-122.00 sec   350 KBytes  2.87 Mbits/sec  4.689 ms  65/321 (20%)  
[  8] 122.00-123.00 sec   396 KBytes  3.25 Mbits/sec  3.302 ms  227/517 (44%)  
[  8] 123.00-124.00 sec   611 KBytes  5.01 Mbits/sec  1.466 ms  104/551 (19%)  
[  8] 124.00-125.00 sec   595 KBytes  4.87 Mbits/sec  1.286 ms  17/452 (3.8%)  
[  8] 125.00-126.00 sec   543 KBytes  4.45 Mbits/sec  1.019 ms  52/449 (12%)  
[  8] 126.00-127.00 sec   517 KBytes  4.23 Mbits/sec  2.425 ms  66/444 (15%)  
[  8] 127.00-128.00 sec   577 KBytes  4.73 Mbits/sec  3.030 ms  18/440 (4.1%)  
[  8] 128.00-129.00 sec   573 KBytes  4.69 Mbits/sec  1.080 ms  35/454 (7.7%)  
[  8] 129.00-130.00 sec   544 KBytes  4.46 Mbits/sec  2.101 ms  49/447 (11%)  
[  8] 130.00-131.00 sec   546 KBytes  4.47 Mbits/sec  1.947 ms  43/442 (9.7%)  
[  8] 131.00-132.00 sec   381 KBytes  3.12 Mbits/sec  3.529 ms  24/303 (7.9%)  
[  8] 132.00-133.00 sec   455 KBytes  3.73 Mbits/sec  2.438 ms  201/534 (38%)  
[  8] 133.00-134.00 sec   528 KBytes  4.32 Mbits/sec  1.859 ms  97/483 (20%)  
[  8] 134.00-135.00 sec   559 KBytes  4.58 Mbits/sec  1.110 ms  62/471 (13%)  
[  8] 135.00-136.00 sec   599 KBytes  4.91 Mbits/sec  1.417 ms  7/445 (1.6%)  
[  8] 136.00-137.00 sec   596 KBytes  4.88 Mbits/sec  0.968 ms  12/448 (2.7%)  
[  8] 137.00-138.00 sec   587 KBytes  4.80 Mbits/sec  1.415 ms  15/444 (3.4%)  
[  8] 138.00-139.00 sec   573 KBytes  4.69 Mbits/sec  1.681 ms  27/446 (6.1%)  
[  8] 139.00-140.00 sec   576 KBytes  4.72 Mbits/sec  0.886 ms  11/432 (2.5%)  
[  8] 140.00-141.00 sec   595 KBytes  4.87 Mbits/sec  0.798 ms  29/464 (6.2%)  
[  8] 141.00-142.00 sec   546 KBytes  4.47 Mbits/sec  2.007 ms  45/444 (10%)  
[  8] 142.00-143.00 sec   596 KBytes  4.88 Mbits/sec  1.362 ms  12/448 (2.7%)  
[  8] 143.00-144.00 sec   561 KBytes  4.60 Mbits/sec  1.923 ms  30/440 (6.8%)  
[  8] 144.00-145.00 sec   580 KBytes  4.75 Mbits/sec  1.704 ms  28/452 (6.2%)  
[  8] 145.00-146.00 sec   541 KBytes  4.44 Mbits/sec  1.726 ms  46/442 (10%)  
[  8] 146.00-147.00 sec   599 KBytes  4.91 Mbits/sec  1.979 ms  13/451 (2.9%)  
[  8] 147.00-148.00 sec   606 KBytes  4.96 Mbits/sec  1.607 ms  4/447 (0.89%)  
[  8] 148.00-149.00 sec   576 KBytes  4.72 Mbits/sec  1.498 ms  23/444 (5.2%)  
[  8] 149.00-150.00 sec   580 KBytes  4.75 Mbits/sec  1.715 ms  24/448 (5.4%)  
[  8] 150.00-151.00 sec   596 KBytes  4.88 Mbits/sec  1.988 ms  8/444 (1.8%)  
[  8] 151.00-152.00 sec   593 KBytes  4.86 Mbits/sec  1.859 ms  13/447 (2.9%)  
[  8] 152.00-153.00 sec   608 KBytes  4.98 Mbits/sec  1.002 ms  5/450 (1.1%)  
[  8] 153.00-154.00 sec   565 KBytes  4.63 Mbits/sec  1.437 ms  28/441 (6.3%)  
[  8] 154.00-155.00 sec   591 KBytes  4.84 Mbits/sec  0.955 ms  19/451 (4.2%)  
[  8] 155.00-156.00 sec   580 KBytes  4.75 Mbits/sec  1.764 ms  20/444 (4.5%)  
[  8] 156.00-157.00 sec   552 KBytes  4.53 Mbits/sec  2.735 ms  44/448 (9.8%)  
[  8] 157.00-158.00 sec   584 KBytes  4.78 Mbits/sec  2.350 ms  20/447 (4.5%)  
[  8] 158.00-159.00 sec   532 KBytes  4.36 Mbits/sec  1.971 ms  57/446 (13%)  
[  8] 159.00-160.00 sec   581 KBytes  4.76 Mbits/sec  1.767 ms  23/448 (5.1%)  
[  8] 160.00-161.00 sec   587 KBytes  4.80 Mbits/sec  2.076 ms  16/445 (3.6%)  
[  8] 161.00-162.00 sec   530 KBytes  4.35 Mbits/sec  1.500 ms  59/447 (13%)  
[  8] 162.00-163.00 sec   567 KBytes  4.65 Mbits/sec  2.606 ms  25/440 (5.7%)  
[  8] 163.00-164.00 sec   566 KBytes  4.64 Mbits/sec  1.271 ms  33/447 (7.4%)  
[  8] 164.00-165.00 sec   577 KBytes  4.73 Mbits/sec  1.781 ms  29/451 (6.4%)  
[  8] 165.00-166.00 sec   588 KBytes  4.82 Mbits/sec  2.025 ms  17/447 (3.8%)  
[  8] 166.00-167.00 sec   578 KBytes  4.74 Mbits/sec  2.051 ms  25/448 (5.6%)  
[  8] 167.00-168.00 sec   588 KBytes  4.82 Mbits/sec  1.490 ms  15/445 (3.4%)  
[  8] 168.00-169.00 sec   537 KBytes  4.40 Mbits/sec  1.317 ms  51/444 (11%)  
[  8] 169.00-170.00 sec   571 KBytes  4.68 Mbits/sec  1.319 ms  30/448 (6.7%)  
[  8] 170.00-171.00 sec   556 KBytes  4.56 Mbits/sec  2.379 ms  40/447 (8.9%)  
[  8] 171.00-172.00 sec   582 KBytes  4.77 Mbits/sec  2.520 ms  19/445 (4.3%)  
[  8] 172.00-173.00 sec   591 KBytes  4.84 Mbits/sec  2.887 ms  8/440 (1.8%)  
[  8] 173.00-174.00 sec   544 KBytes  4.46 Mbits/sec  1.548 ms  57/455 (13%)  
[  8] 174.00-175.00 sec   600 KBytes  4.92 Mbits/sec  1.788 ms  6/445 (1.3%)  
[  8] 175.00-176.00 sec   600 KBytes  4.92 Mbits/sec  1.806 ms  9/448 (2%)  
[  8] 176.00-177.00 sec   596 KBytes  4.88 Mbits/sec  1.747 ms  10/446 (2.2%)  
[  8] 177.00-178.00 sec   589 KBytes  4.83 Mbits/sec  1.685 ms  15/446 (3.4%)  
[  8] 178.00-179.00 sec   585 KBytes  4.79 Mbits/sec  2.111 ms  20/448 (4.5%)  
[  8] 179.00-180.00 sec   587 KBytes  4.80 Mbits/sec  2.639 ms  17/446 (3.8%)  
[  8] 180.00-181.00 sec   592 KBytes  4.86 Mbits/sec  1.524 ms  13/446 (2.9%)  
[  8] 181.00-182.00 sec   602 KBytes  4.93 Mbits/sec  1.719 ms  3/443 (0.68%)  
[  8] 182.00-183.00 sec   577 KBytes  4.72 Mbits/sec  1.872 ms  26/448 (5.8%)  
[  8] 183.00-184.00 sec   593 KBytes  4.86 Mbits/sec  1.083 ms  15/449 (3.3%)  
[  8] 184.00-185.00 sec   584 KBytes  4.78 Mbits/sec  2.030 ms  17/444 (3.8%)  
[  8] 185.00-186.00 sec   603 KBytes  4.94 Mbits/sec  1.853 ms  5/446 (1.1%)  
[  8] 186.00-187.00 sec   606 KBytes  4.96 Mbits/sec  1.650 ms  5/448 (1.1%)  
[  8] 187.00-188.00 sec   610 KBytes  5.00 Mbits/sec  1.700 ms  0/446 (0%)  
[  8] 188.00-189.00 sec   559 KBytes  4.58 Mbits/sec  2.027 ms  36/445 (8.1%)  
[  8] 189.00-190.00 sec   597 KBytes  4.90 Mbits/sec  2.942 ms  10/447 (2.2%)  
[  8] 190.00-191.00 sec   595 KBytes  4.87 Mbits/sec  1.424 ms  14/449 (3.1%)  
[  8] 191.00-192.00 sec   596 KBytes  4.88 Mbits/sec  2.642 ms  3/439 (0.68%)  
[  8] 192.00-193.00 sec   597 KBytes  4.90 Mbits/sec  1.964 ms  14/451 (3.1%)  
[  8] 193.00-194.00 sec   596 KBytes  4.88 Mbits/sec  2.057 ms  9/445 (2%)  
[  8] 194.00-195.00 sec   600 KBytes  4.92 Mbits/sec  1.603 ms  11/450 (2.4%)  
[  8] 195.00-196.00 sec   607 KBytes  4.97 Mbits/sec  2.007 ms  1/445 (0.22%)  
[  8] 196.00-197.00 sec   600 KBytes  4.92 Mbits/sec  1.670 ms  9/448 (2%)  
[  8] 197.00-198.00 sec   596 KBytes  4.88 Mbits/sec  2.041 ms  8/444 (1.8%)  
[  8] 198.00-199.00 sec   559 KBytes  4.58 Mbits/sec  2.306 ms  34/443 (7.7%)  
[  8] 199.00-200.00 sec   580 KBytes  4.75 Mbits/sec  1.629 ms  23/447 (5.1%)  
[  8] 200.00-201.00 sec   612 KBytes  5.02 Mbits/sec  1.936 ms  1/449 (0.22%)  
[  8] 201.00-202.00 sec   596 KBytes  4.88 Mbits/sec  1.283 ms  13/449 (2.9%)  
[  8] 202.00-203.00 sec   591 KBytes  4.84 Mbits/sec  2.031 ms  14/446 (3.1%)  
[  8] 203.00-204.00 sec   563 KBytes  4.61 Mbits/sec  1.823 ms  34/446 (7.6%)  
[  8] 204.00-205.00 sec   528 KBytes  4.32 Mbits/sec  2.833 ms  55/441 (12%)  
[  8] 205.00-206.00 sec   554 KBytes  4.54 Mbits/sec  2.503 ms  47/452 (10%)  
[  8] 206.00-207.00 sec   587 KBytes  4.80 Mbits/sec  2.828 ms  13/442 (2.9%)  
[  8] 207.00-208.00 sec   606 KBytes  4.96 Mbits/sec  1.810 ms  8/451 (1.8%)  
[  8] 208.00-209.00 sec   522 KBytes  4.28 Mbits/sec  2.294 ms  60/442 (14%)  
[  8] 209.00-210.00 sec   585 KBytes  4.79 Mbits/sec  1.813 ms  18/446 (4%)  
[  8] 210.00-211.00 sec   543 KBytes  4.45 Mbits/sec  2.451 ms  50/447 (11%)  
[  8] 211.00-212.00 sec   563 KBytes  4.62 Mbits/sec  2.547 ms  36/448 (8%)  
[  8] 212.00-213.00 sec   533 KBytes  4.37 Mbits/sec  2.438 ms  60/450 (13%)  
[  8] 213.00-214.00 sec   513 KBytes  4.20 Mbits/sec  2.157 ms  72/447 (16%)  
[  8] 214.00-215.00 sec   555 KBytes  4.55 Mbits/sec  2.304 ms  38/444 (8.6%)  
[  8] 215.00-216.00 sec   597 KBytes  4.89 Mbits/sec  1.423 ms  11/448 (2.5%)  
[  8] 216.00-217.00 sec   606 KBytes  4.96 Mbits/sec  1.095 ms  2/445 (0.45%)  
[  8] 217.00-218.00 sec   576 KBytes  4.72 Mbits/sec  1.879 ms  27/448 (6%)  
[  8] 218.00-219.00 sec   580 KBytes  4.75 Mbits/sec  1.954 ms  17/441 (3.9%)  
[  8] 219.00-220.00 sec   518 KBytes  4.25 Mbits/sec  2.435 ms  69/448 (15%)  
[  8] 220.00-221.00 sec   578 KBytes  4.74 Mbits/sec  2.037 ms  26/449 (5.8%)  
[  8] 221.00-222.00 sec   603 KBytes  4.94 Mbits/sec  1.816 ms  7/448 (1.6%)  
[  8] 222.00-223.00 sec   566 KBytes  4.63 Mbits/sec  2.546 ms  17/431 (3.9%)  
[  8] 223.00-224.00 sec   541 KBytes  4.44 Mbits/sec  0.598 ms  60/456 (13%)  
[  8] 224.00-225.00 sec   558 KBytes  4.57 Mbits/sec  2.753 ms  42/450 (9.3%)  
[  8] 225.00-226.00 sec   585 KBytes  4.79 Mbits/sec  1.417 ms  18/446 (4%)  
[  8] 226.00-227.00 sec   607 KBytes  4.97 Mbits/sec  1.300 ms  4/448 (0.89%)  
[  8] 227.00-228.00 sec   611 KBytes  5.01 Mbits/sec  1.104 ms  1/448 (0.22%)  
[  8] 228.00-229.00 sec   607 KBytes  4.97 Mbits/sec  2.354 ms  1/445 (0.22%)  
[  8] 229.00-230.00 sec   607 KBytes  4.97 Mbits/sec  2.037 ms  3/447 (0.67%)  
[  8] 230.00-231.00 sec   611 KBytes  5.01 Mbits/sec  1.528 ms  0/447 (0%)  
[  8] 231.00-232.00 sec   603 KBytes  4.94 Mbits/sec  1.880 ms  5/446 (1.1%)  
[  8] 232.00-233.00 sec   606 KBytes  4.96 Mbits/sec  1.663 ms  3/446 (0.67%)  
[  8] 233.00-234.00 sec   612 KBytes  5.02 Mbits/sec  1.165 ms  0/448 (0%)  
[  8] 234.00-235.00 sec   585 KBytes  4.79 Mbits/sec  2.147 ms  17/445 (3.8%)  
[  8] 235.00-236.00 sec   607 KBytes  4.97 Mbits/sec  1.430 ms  3/447 (0.67%)  
[  8] 236.00-237.00 sec   604 KBytes  4.95 Mbits/sec  1.954 ms  5/447 (1.1%)  
[  8] 237.00-238.00 sec   588 KBytes  4.82 Mbits/sec  1.370 ms  17/447 (3.8%)  
[  8] 238.00-239.00 sec   603 KBytes  4.94 Mbits/sec  1.462 ms  3/444 (0.68%)  
[  8] 239.00-240.00 sec   607 KBytes  4.97 Mbits/sec  1.153 ms  2/446 (0.45%)  
[  8] 240.00-240.01 sec  4.10 KBytes  3.53 Mbits/sec  1.424 ms  0/3 (0%)  
- - - - - - - - - - - - - - - - - - - - - - - - -
[ ID] Interval           Transfer     Bitrate         Jitter    Lost/Total Datagrams
[  8]   0.00-240.01 sec   135 MBytes  4.71 Mbits/sec  1.424 ms  6289/107142 (5.9%)  receiver
