2026-10-01T10:43:09+08:00
Filesystem      Size  Used Avail Use% Mounted on
/dev/nvme0n1p5   98G   90G  3.2G  97% /
avail=3422650368
guarded_build: jobs=1 mem_high=3G mem_max=4G lock=/tmp/ndtwin-build.lock
guarded_build: $ env PATH=/home/adam/.local/node/bin:/home/adam/.local/bin:/home/adam/.local/bin:/home/adam/.grok/bin:/home/adam/.local/bin:/home/adam/miniconda3/bin:/home/adam/miniconda3/condabin:/home/adam/.local/bin:/home/adam/.local/bin:/home/adam/.local/bin:/home/adam/.local/bin:/usr/local/sbin:/usr/local/bin:/usr/sbin:/usr/bin:/sbin:/bin:/usr/games:/usr/local/games:/snap/bin:/snap/bin npm --prefix tools/ndt_serve/web run build

> ndt-serve-web@2.0.0 build
> tsc --noEmit && vite build && node scripts/build-manual.mjs && node scripts/write-build-manifest.mjs

vite v6.3.5 building for production...
transforming...
✓ 76 modules transformed.
rendering chunks...
../static/index.html    0.63 kB
../static/app.css      19.80 kB
../static/app.js      290.87 kB
✓ built in 1.09s
build-manual: /home/adam/Desktop/NDTwin-Kernel/scratch/overnight-2026-09-05/wt-ndt-serve-gui-v2-0927/tools/ndt_serve/static/manual.html (23827 bytes)
write-build-manifest: /home/adam/Desktop/NDTwin-Kernel/scratch/overnight-2026-09-05/wt-ndt-serve-gui-v2-0927/tools/ndt_serve/static/BUILD.json (47 source files, 4 bundle files)
guarded_build: exit 0
exit=0
2026-10-01T10:43:12+08:00
DETERMINISM: A == B, all 5 files byte-identical
