-----------------------------------------------------------
Server listening on 5201 (test #1)
-----------------------------------------------------------
Accepted connection from 10.0.0.1, port 41544
[  8] local 10.0.0.65 port 5201 connected to 10.0.0.1 port 38105
[ ID] Interval           Transfer     Bitrate         Jitter    Lost/Total Datagrams
[  8]   0.00-1.00   sec  2.31 MBytes  19.4 Mbits/sec  0.665 ms  49/1777 (2.8%)  
[  8]   1.00-2.00   sec  2.37 MBytes  19.9 Mbits/sec  0.707 ms  14/1788 (0.78%)  
[  8]   2.00-3.00   sec  2.35 MBytes  19.7 Mbits/sec  0.655 ms  27/1784 (1.5%)  
[  8]   3.00-4.00   sec  2.21 MBytes  18.6 Mbits/sec  0.712 ms  122/1779 (6.9%)  
[  8]   4.00-5.00   sec  2.36 MBytes  19.8 Mbits/sec  0.568 ms  29/1795 (1.6%)  
[  8]   5.00-6.00   sec  2.31 MBytes  19.4 Mbits/sec  0.543 ms  56/1788 (3.1%)  
[  8]   6.00-7.00   sec  2.33 MBytes  19.6 Mbits/sec  0.535 ms  32/1779 (1.8%)  
[  8]   7.00-8.00   sec  2.37 MBytes  19.9 Mbits/sec  0.484 ms  12/1787 (0.67%)  
[  8]   8.00-9.00   sec  2.36 MBytes  19.8 Mbits/sec  0.706 ms  19/1788 (1.1%)  
[  8]   9.00-10.00  sec  2.37 MBytes  19.8 Mbits/sec  0.579 ms  15/1787 (0.84%)  
[  8]  10.00-11.00  sec  2.13 MBytes  17.9 Mbits/sec  1.624 ms  86/1682 (5.1%)  
[  8]  11.00-12.00  sec  2.11 MBytes  17.7 Mbits/sec  0.457 ms  315/1892 (17%)  
[  8]  12.00-13.00  sec  2.35 MBytes  19.7 Mbits/sec  1.130 ms  0/1761 (0%)  
[  8]  13.00-14.00  sec  2.22 MBytes  18.6 Mbits/sec  0.429 ms  145/1809 (8%)  
[  8]  14.00-15.00  sec  2.36 MBytes  19.8 Mbits/sec  0.609 ms  8/1773 (0.45%)  
[  8]  15.00-16.00  sec  2.38 MBytes  19.9 Mbits/sec  0.742 ms  12/1793 (0.67%)  
[  8]  16.00-17.00  sec  2.38 MBytes  20.0 Mbits/sec  0.608 ms  8/1790 (0.45%)  
[  8]  17.00-18.00  sec  2.37 MBytes  19.9 Mbits/sec  0.502 ms  3/1780 (0.17%)  
[  8]  18.00-19.00  sec  2.33 MBytes  19.5 Mbits/sec  0.652 ms  44/1788 (2.5%)  
[  8]  19.00-20.00  sec  2.16 MBytes  18.1 Mbits/sec  0.347 ms  164/1782 (9.2%)  
[  8]  20.00-21.00  sec  2.28 MBytes  19.1 Mbits/sec  0.735 ms  81/1788 (4.5%)  
[  8]  21.00-22.00  sec  2.34 MBytes  19.6 Mbits/sec  0.567 ms  35/1785 (2%)  
[  8]  22.00-23.00  sec  2.30 MBytes  19.3 Mbits/sec  0.498 ms  67/1790 (3.7%)  
[  8]  23.00-24.00  sec  2.26 MBytes  18.9 Mbits/sec  1.143 ms  94/1784 (5.3%)  
[  8]  24.00-25.00  sec  2.14 MBytes  18.0 Mbits/sec  0.532 ms  182/1785 (10%)  
[  8]  25.00-26.00  sec  2.36 MBytes  19.8 Mbits/sec  0.528 ms  23/1788 (1.3%)  
[  8]  26.00-27.00  sec  2.37 MBytes  19.9 Mbits/sec  0.444 ms  8/1784 (0.45%)  
[  8]  27.00-28.00  sec  2.38 MBytes  20.0 Mbits/sec  0.634 ms  4/1787 (0.22%)  
[  8]  28.00-29.00  sec  2.33 MBytes  19.6 Mbits/sec  0.622 ms  40/1786 (2.2%)  
[  8]  29.00-30.00  sec  2.36 MBytes  19.8 Mbits/sec  0.580 ms  12/1781 (0.67%)  
[  8]  30.00-31.00  sec  2.32 MBytes  19.5 Mbits/sec  0.576 ms  46/1783 (2.6%)  
[  8]  31.00-32.00  sec  2.29 MBytes  19.2 Mbits/sec  0.513 ms  80/1793 (4.5%)  
[  8]  32.00-33.00  sec  2.33 MBytes  19.6 Mbits/sec  0.730 ms  26/1772 (1.5%)  
[  8]  33.00-34.00  sec  2.23 MBytes  18.7 Mbits/sec  0.657 ms  127/1798 (7.1%)  
[  8]  34.00-35.00  sec  2.32 MBytes  19.4 Mbits/sec  0.102 ms  27/1763 (1.5%)  
[  8]  35.00-36.00  sec  2.34 MBytes  19.6 Mbits/sec  0.355 ms  53/1804 (2.9%)  
[  8]  36.00-37.00  sec  2.30 MBytes  19.3 Mbits/sec  0.656 ms  69/1788 (3.9%)  
[  8]  37.00-38.00  sec  2.23 MBytes  18.7 Mbits/sec  0.336 ms  116/1783 (6.5%)  
[  8]  38.00-39.00  sec  1.85 MBytes  15.6 Mbits/sec  0.995 ms  383/1772 (22%)  
[  8]  39.00-40.00  sec  2.20 MBytes  18.4 Mbits/sec  0.552 ms  147/1792 (8.2%)  
[  8]  40.00-41.00  sec  2.17 MBytes  18.2 Mbits/sec  0.214 ms  175/1800 (9.7%)  
[  8]  41.00-42.00  sec  2.15 MBytes  18.0 Mbits/sec  0.470 ms  170/1778 (9.6%)  
[  8]  42.00-43.00  sec  1.87 MBytes  15.7 Mbits/sec  0.391 ms  370/1771 (21%)  
[  8]  43.00-44.00  sec  2.34 MBytes  19.6 Mbits/sec  0.666 ms  30/1780 (1.7%)  
[  8]  44.00-45.00  sec  2.26 MBytes  19.0 Mbits/sec  0.543 ms  106/1799 (5.9%)  
[  8]  45.00-46.00  sec  2.15 MBytes  18.0 Mbits/sec  0.621 ms  182/1790 (10%)  
[  8]  46.00-47.00  sec  2.19 MBytes  18.4 Mbits/sec  0.528 ms  151/1794 (8.4%)  
[  8]  47.00-48.00  sec  2.38 MBytes  20.0 Mbits/sec  0.653 ms  0/1782 (0%)  
[  8]  48.00-49.00  sec  2.34 MBytes  19.6 Mbits/sec  0.215 ms  29/1783 (1.6%)  
[  8]  49.00-50.00  sec  2.31 MBytes  19.4 Mbits/sec  0.420 ms  63/1791 (3.5%)  
[  8]  50.00-51.00  sec  2.37 MBytes  19.9 Mbits/sec  0.310 ms  11/1787 (0.62%)  
[  8]  51.00-52.00  sec  2.22 MBytes  18.6 Mbits/sec  2.250 ms  115/1777 (6.5%)  
[  8]  52.00-53.00  sec  2.14 MBytes  18.0 Mbits/sec  1.009 ms  183/1788 (10%)  
[  8]  53.00-54.00  sec  2.07 MBytes  17.4 Mbits/sec  1.292 ms  191/1742 (11%)  
[  8]  54.00-55.00  sec  1.75 MBytes  14.6 Mbits/sec  0.969 ms  516/1824 (28%)  
[  8]  55.00-56.00  sec  1.98 MBytes  16.6 Mbits/sec  0.498 ms  303/1788 (17%)  
[  8]  56.00-57.00  sec  2.17 MBytes  18.2 Mbits/sec  0.547 ms  155/1779 (8.7%)  
[  8]  57.00-58.00  sec  2.12 MBytes  17.8 Mbits/sec  0.751 ms  203/1791 (11%)  
[  8]  58.00-59.00  sec  2.00 MBytes  16.8 Mbits/sec  1.114 ms  220/1719 (13%)  
[  8]  59.00-60.00  sec  2.05 MBytes  17.2 Mbits/sec  0.763 ms  323/1859 (17%)  
[  8]  60.00-61.00  sec  2.18 MBytes  18.3 Mbits/sec  0.414 ms  95/1728 (5.5%)  
[  8]  61.00-62.00  sec  2.26 MBytes  19.0 Mbits/sec  0.439 ms  157/1850 (8.5%)  
[  8]  62.00-63.00  sec  2.24 MBytes  18.8 Mbits/sec  0.513 ms  101/1782 (5.7%)  
[  8]  63.00-64.00  sec  2.20 MBytes  18.5 Mbits/sec  0.897 ms  130/1780 (7.3%)  
[  8]  64.00-65.00  sec  2.35 MBytes  19.7 Mbits/sec  0.753 ms  25/1783 (1.4%)  
[  8]  65.00-66.00  sec  1.08 MBytes  9.01 Mbits/sec  1.291 ms  780/1586 (49%)  
[  8]  66.00-67.00  sec  2.00 MBytes  16.8 Mbits/sec  0.807 ms  493/1993 (25%)  
[  8]  67.00-68.00  sec  2.20 MBytes  18.5 Mbits/sec  0.407 ms  120/1771 (6.8%)  
[  8]  68.00-69.00  sec  2.34 MBytes  19.6 Mbits/sec  0.676 ms  42/1796 (2.3%)  
[  8]  69.00-70.00  sec  2.22 MBytes  18.6 Mbits/sec  0.747 ms  131/1794 (7.3%)  
[  8]  70.00-71.00  sec  2.06 MBytes  17.4 Mbits/sec  0.606 ms  207/1752 (12%)  
[  8]  71.00-72.00  sec  2.38 MBytes  19.9 Mbits/sec  0.501 ms  39/1819 (2.1%)  
[  8]  72.00-73.00  sec  2.33 MBytes  19.6 Mbits/sec  0.731 ms  34/1781 (1.9%)  
[  8]  73.00-74.00  sec  2.33 MBytes  19.6 Mbits/sec  0.467 ms  30/1776 (1.7%)  
[  8]  74.00-75.00  sec  2.37 MBytes  19.9 Mbits/sec  0.404 ms  20/1798 (1.1%)  
[  8]  75.00-76.00  sec  1.64 MBytes  13.7 Mbits/sec  0.803 ms  549/1775 (31%)  
[  8]  76.00-77.00  sec  2.25 MBytes  18.9 Mbits/sec  0.713 ms  100/1783 (5.6%)  
[  8]  77.00-78.00  sec  1.89 MBytes  15.9 Mbits/sec  0.733 ms  365/1781 (20%)  
[  8]  78.00-79.00  sec  2.28 MBytes  19.1 Mbits/sec  0.281 ms  89/1798 (4.9%)  
[  8]  79.00-80.00  sec  2.35 MBytes  19.7 Mbits/sec  0.637 ms  22/1780 (1.2%)  
[  8]  80.00-81.00  sec  2.10 MBytes  17.6 Mbits/sec  0.401 ms  153/1724 (8.9%)  
[  8]  81.00-82.00  sec  2.04 MBytes  17.1 Mbits/sec  0.474 ms  334/1864 (18%)  
[  8]  82.00-83.00  sec  1.59 MBytes  13.4 Mbits/sec  1.418 ms  332/1524 (22%)  
[  8]  83.00-84.00  sec  1.84 MBytes  15.4 Mbits/sec  1.239 ms  455/1832 (25%)  
[  8]  84.00-85.00  sec  1.67 MBytes  14.0 Mbits/sec  0.854 ms  748/1996 (37%)  
[  8]  85.00-86.00  sec  2.34 MBytes  19.6 Mbits/sec  0.583 ms  36/1789 (2%)  
[  8]  86.00-87.00  sec  2.33 MBytes  19.5 Mbits/sec  0.592 ms  35/1778 (2%)  
[  8]  87.00-88.00  sec  2.23 MBytes  18.7 Mbits/sec  0.488 ms  92/1765 (5.2%)  
[  8]  88.00-89.00  sec  2.21 MBytes  18.5 Mbits/sec  0.502 ms  156/1811 (8.6%)  
[  8]  89.00-90.00  sec  2.28 MBytes  19.2 Mbits/sec  0.443 ms  69/1780 (3.9%)  
[  8]  90.00-91.00  sec  2.14 MBytes  17.9 Mbits/sec  0.627 ms  182/1785 (10%)  
[  8]  91.00-92.00  sec  2.34 MBytes  19.6 Mbits/sec  0.637 ms  46/1797 (2.6%)  
[  8]  92.00-93.00  sec  2.36 MBytes  19.8 Mbits/sec  0.644 ms  17/1786 (0.95%)  
[  8]  93.00-94.00  sec  2.32 MBytes  19.5 Mbits/sec  0.826 ms  38/1778 (2.1%)  
[  8]  94.00-95.00  sec  2.38 MBytes  20.0 Mbits/sec  0.558 ms  2/1786 (0.11%)  
[  8]  95.00-96.00  sec  2.32 MBytes  19.4 Mbits/sec  1.031 ms  26/1763 (1.5%)  
[  8]  96.00-97.00  sec  2.33 MBytes  19.5 Mbits/sec  1.005 ms  53/1795 (3%)  
[  8]  97.00-98.00  sec  1.89 MBytes  15.9 Mbits/sec  1.271 ms  366/1782 (21%)  
[  8]  98.00-99.00  sec  2.33 MBytes  19.5 Mbits/sec  0.504 ms  54/1799 (3%)  
[  8]  99.00-100.00 sec  2.34 MBytes  19.6 Mbits/sec  0.504 ms  39/1790 (2.2%)  
[  8] 100.00-101.00 sec  2.17 MBytes  18.2 Mbits/sec  0.456 ms  148/1773 (8.3%)  
[  8] 101.00-102.00 sec  2.27 MBytes  19.0 Mbits/sec  0.580 ms  94/1791 (5.2%)  
[  8] 102.00-103.00 sec  2.30 MBytes  19.3 Mbits/sec  0.807 ms  65/1791 (3.6%)  
[  8] 103.00-104.00 sec  2.01 MBytes  16.9 Mbits/sec  0.489 ms  271/1780 (15%)  
[  8] 104.00-105.00 sec  2.31 MBytes  19.4 Mbits/sec  0.575 ms  67/1798 (3.7%)  
[  8] 105.00-106.00 sec  2.38 MBytes  20.0 Mbits/sec  0.610 ms  3/1788 (0.17%)  
[  8] 106.00-107.00 sec  2.23 MBytes  18.7 Mbits/sec  0.433 ms  114/1781 (6.4%)  
[  8] 107.00-108.00 sec  2.38 MBytes  19.9 Mbits/sec  0.300 ms  3/1783 (0.17%)  
[  8] 108.00-109.00 sec  2.13 MBytes  17.8 Mbits/sec  0.162 ms  182/1775 (10%)  
[  8] 109.00-110.00 sec  1.83 MBytes  15.3 Mbits/sec  0.907 ms  412/1782 (23%)  
[  8] 110.00-111.00 sec  2.28 MBytes  19.1 Mbits/sec  0.517 ms  102/1808 (5.6%)  
[  8] 111.00-112.00 sec  2.36 MBytes  19.7 Mbits/sec  0.570 ms  18/1784 (1%)  
[  8] 112.00-113.00 sec  2.28 MBytes  19.2 Mbits/sec  0.574 ms  80/1786 (4.5%)  
[  8] 113.00-114.00 sec  2.31 MBytes  19.4 Mbits/sec  0.792 ms  43/1775 (2.4%)  
[  8] 114.00-115.00 sec  2.15 MBytes  18.1 Mbits/sec  0.778 ms  168/1781 (9.4%)  
[  8] 115.00-116.00 sec  2.32 MBytes  19.5 Mbits/sec  0.842 ms  52/1793 (2.9%)  
[  8] 116.00-117.00 sec  2.28 MBytes  19.1 Mbits/sec  0.749 ms  63/1772 (3.6%)  
[  8] 117.00-118.00 sec  2.00 MBytes  16.8 Mbits/sec  0.599 ms  33/1534 (2.2%)  
[  8] 118.00-119.00 sec  1.43 MBytes  12.0 Mbits/sec  0.815 ms  650/1722 (38%)  
[  8] 119.00-120.00 sec  2.57 MBytes  21.6 Mbits/sec  0.608 ms  191/2119 (9%)  
[  8] 120.00-121.00 sec  2.27 MBytes  19.0 Mbits/sec  0.632 ms  89/1789 (5%)  
[  8] 121.00-122.00 sec  2.17 MBytes  18.2 Mbits/sec  0.759 ms  17/1645 (1%)  
[  8] 122.00-123.00 sec  1.83 MBytes  15.4 Mbits/sec  1.847 ms  84/1458 (5.8%)  
[  8] 123.00-124.00 sec  2.00 MBytes  16.8 Mbits/sec  0.612 ms  475/1973 (24%)  
[  8] 124.00-125.00 sec  2.48 MBytes  20.8 Mbits/sec  0.654 ms  208/2069 (10%)  
[  8] 125.00-126.00 sec  1.11 MBytes  9.31 Mbits/sec  1.222 ms  418/1249 (33%)  
[  8] 126.00-127.00 sec   849 KBytes  6.96 Mbits/sec  2.012 ms  972/1593 (61%)  
[  8] 127.00-128.00 sec  2.35 MBytes  19.7 Mbits/sec  1.001 ms  745/2503 (30%)  
[  8] 128.00-129.00 sec  2.33 MBytes  19.6 Mbits/sec  0.756 ms  38/1785 (2.1%)  
[  8] 129.00-130.00 sec  2.36 MBytes  19.8 Mbits/sec  0.573 ms  30/1796 (1.7%)  
[  8] 130.00-131.00 sec  2.34 MBytes  19.6 Mbits/sec  0.723 ms  35/1784 (2%)  
[  8] 131.00-132.00 sec  2.36 MBytes  19.8 Mbits/sec  0.526 ms  17/1788 (0.95%)  
[  8] 132.00-133.00 sec  2.26 MBytes  19.0 Mbits/sec  0.629 ms  65/1759 (3.7%)  
[  8] 133.00-134.00 sec  2.28 MBytes  19.2 Mbits/sec  0.716 ms  100/1811 (5.5%)  
[  8] 134.00-135.00 sec  2.28 MBytes  19.2 Mbits/sec  0.614 ms  64/1774 (3.6%)  
[  8] 135.00-136.00 sec  2.31 MBytes  19.3 Mbits/sec  0.620 ms  70/1797 (3.9%)  
[  8] 136.00-137.00 sec  2.32 MBytes  19.5 Mbits/sec  1.190 ms  14/1754 (0.8%)  
[  8] 137.00-138.00 sec  2.37 MBytes  19.9 Mbits/sec  0.715 ms  36/1810 (2%)  
[  8] 138.00-139.00 sec  2.34 MBytes  19.6 Mbits/sec  0.805 ms  39/1788 (2.2%)  
[  8] 139.00-140.00 sec  2.28 MBytes  19.1 Mbits/sec  1.050 ms  62/1769 (3.5%)  
[  8] 140.00-141.00 sec  2.34 MBytes  19.6 Mbits/sec  0.503 ms  60/1812 (3.3%)  
[  8] 141.00-142.00 sec  2.25 MBytes  18.9 Mbits/sec  0.777 ms  93/1776 (5.2%)  
[  8] 142.00-143.00 sec  2.26 MBytes  18.9 Mbits/sec  0.560 ms  101/1791 (5.6%)  
[  8] 143.00-144.00 sec  2.29 MBytes  19.2 Mbits/sec  0.374 ms  61/1779 (3.4%)  
[  8] 144.00-145.00 sec  2.34 MBytes  19.6 Mbits/sec  0.709 ms  47/1798 (2.6%)  
[  8] 145.00-146.00 sec  2.32 MBytes  19.5 Mbits/sec  0.545 ms  28/1764 (1.6%)  
[  8] 146.00-147.00 sec  2.32 MBytes  19.4 Mbits/sec  0.964 ms  27/1762 (1.5%)  
[  8] 147.00-148.00 sec  2.26 MBytes  19.0 Mbits/sec  0.692 ms  124/1820 (6.8%)  
[  8] 148.00-149.00 sec  2.28 MBytes  19.1 Mbits/sec  0.341 ms  77/1786 (4.3%)  
[  8] 149.00-150.00 sec  2.36 MBytes  19.8 Mbits/sec  0.506 ms  4/1771 (0.23%)  
[  8] 150.00-151.00 sec  2.38 MBytes  20.0 Mbits/sec  0.666 ms  18/1803 (1%)  
[  8] 151.00-152.00 sec  2.24 MBytes  18.8 Mbits/sec  0.579 ms  117/1792 (6.5%)  
[  8] 152.00-153.00 sec  2.21 MBytes  18.5 Mbits/sec  0.611 ms  116/1771 (6.5%)  
[  8] 153.00-154.00 sec  2.25 MBytes  18.9 Mbits/sec  0.570 ms  102/1790 (5.7%)  
[  8] 154.00-155.00 sec  2.35 MBytes  19.7 Mbits/sec  0.740 ms  15/1777 (0.84%)  
[  8] 155.00-156.00 sec  2.31 MBytes  19.4 Mbits/sec  0.545 ms  68/1799 (3.8%)  
[  8] 156.00-157.00 sec  2.33 MBytes  19.5 Mbits/sec  0.546 ms  40/1784 (2.2%)  
[  8] 157.00-158.00 sec  2.27 MBytes  19.0 Mbits/sec  0.720 ms  80/1781 (4.5%)  
[  8] 158.00-159.00 sec  2.17 MBytes  18.3 Mbits/sec  0.384 ms  164/1793 (9.1%)  
[  8] 159.00-160.00 sec  2.25 MBytes  18.8 Mbits/sec  0.742 ms  100/1782 (5.6%)  
[  8] 160.00-161.00 sec  2.28 MBytes  19.2 Mbits/sec  0.349 ms  75/1782 (4.2%)  
[  8] 161.00-162.00 sec  2.14 MBytes  18.0 Mbits/sec  0.794 ms  190/1794 (11%)  
[  8] 162.00-163.00 sec  2.27 MBytes  19.1 Mbits/sec  0.630 ms  76/1778 (4.3%)  
[  8] 163.00-164.00 sec  2.23 MBytes  18.7 Mbits/sec  0.752 ms  82/1751 (4.7%)  
[  8] 164.00-165.00 sec  2.05 MBytes  17.2 Mbits/sec  0.570 ms  287/1821 (16%)  
[  8] 165.00-166.00 sec  2.36 MBytes  19.8 Mbits/sec  0.784 ms  17/1783 (0.95%)  
[  8] 166.00-167.00 sec  2.28 MBytes  19.1 Mbits/sec  0.889 ms  74/1780 (4.2%)  
[  8] 167.00-168.00 sec  2.23 MBytes  18.7 Mbits/sec  0.515 ms  129/1800 (7.2%)  
[  8] 168.00-169.00 sec  2.19 MBytes  18.4 Mbits/sec  0.410 ms  135/1775 (7.6%)  
[  8] 169.00-170.00 sec  2.30 MBytes  19.3 Mbits/sec  0.907 ms  60/1782 (3.4%)  
[  8] 170.00-171.00 sec  2.07 MBytes  17.3 Mbits/sec  0.666 ms  234/1782 (13%)  
[  8] 171.00-172.00 sec  2.38 MBytes  20.0 Mbits/sec  0.615 ms  18/1802 (1%)  
[  8] 172.00-173.00 sec  1.93 MBytes  16.2 Mbits/sec  0.595 ms  140/1582 (8.8%)  
[  8] 173.00-174.00 sec  2.52 MBytes  21.1 Mbits/sec  0.860 ms  70/1954 (3.6%)  
[  8] 174.00-175.00 sec  1.86 MBytes  15.6 Mbits/sec  0.468 ms  208/1598 (13%)  
[  8] 175.00-176.00 sec  2.01 MBytes  16.9 Mbits/sec  0.890 ms  33/1542 (2.1%)  
[  8] 176.00-177.00 sec  2.35 MBytes  19.7 Mbits/sec  0.541 ms  495/2255 (22%)  
[  8] 177.00-178.00 sec  2.32 MBytes  19.5 Mbits/sec  0.544 ms  46/1787 (2.6%)  
[  8] 178.00-179.00 sec  2.33 MBytes  19.5 Mbits/sec  0.497 ms  37/1782 (2.1%)  
[  8] 179.00-180.00 sec  2.34 MBytes  19.6 Mbits/sec  0.592 ms  39/1789 (2.2%)  
[  8] 180.00-180.01 sec  9.57 KBytes  15.2 Mbits/sec  0.649 ms  0/7 (0%)  
- - - - - - - - - - - - - - - - - - - - - - - - -
[ ID] Interval           Transfer     Bitrate         Jitter    Lost/Total Datagrams
[  8]   0.00-180.01 sec   398 MBytes  18.6 Mbits/sec  0.649 ms  23262/321427 (7.2%)  receiver
