-----------------------------------------------------------
Server listening on 5201 (test #1)
-----------------------------------------------------------
Accepted connection from 10.0.0.45, port 55562
[  8] local 10.0.0.109 port 5201 connected to 10.0.0.45 port 43494
[ ID] Interval           Transfer     Bitrate         Jitter    Lost/Total Datagrams
[  8]   0.00-1.00   sec   592 KBytes  4.85 Mbits/sec  0.690 ms  0/433 (0%)  
[  8]   1.00-2.00   sec   615 KBytes  5.04 Mbits/sec  1.667 ms  5/455 (1.1%)  
[  8]   2.00-3.00   sec   602 KBytes  4.93 Mbits/sec  1.539 ms  9/449 (2%)  
[  8]   3.00-4.00   sec   569 KBytes  4.66 Mbits/sec  1.216 ms  28/444 (6.3%)  
[  8]   4.00-5.00   sec   614 KBytes  5.01 Mbits/sec  1.062 ms  0/449 (0%)  
[  8]   5.00-6.00   sec   610 KBytes  5.01 Mbits/sec  0.897 ms  0/446 (0%)  
[  8]   6.00-7.00   sec   610 KBytes  5.00 Mbits/sec  0.746 ms  0/446 (0%)  
[  8]   7.00-8.00   sec   607 KBytes  4.97 Mbits/sec  1.675 ms  1/445 (0.22%)  
[  8]   8.00-9.00   sec   614 KBytes  5.03 Mbits/sec  1.665 ms  0/449 (0%)  
[  8]   9.00-10.00  sec   608 KBytes  4.98 Mbits/sec  1.031 ms  0/445 (0%)  
[  8]  10.00-11.00  sec   602 KBytes  4.93 Mbits/sec  0.526 ms  0/440 (0%)  
[  8]  11.00-12.00  sec   612 KBytes  5.02 Mbits/sec  1.817 ms  5/453 (1.1%)  
[  8]  12.00-13.00  sec   608 KBytes  4.98 Mbits/sec  1.585 ms  0/445 (0%)  
[  8]  13.00-14.00  sec   610 KBytes  5.00 Mbits/sec  0.904 ms  2/448 (0.45%)  
[  8]  14.00-15.00  sec   603 KBytes  4.94 Mbits/sec  1.538 ms  0/441 (0%)  
[  8]  15.00-16.00  sec   618 KBytes  5.06 Mbits/sec  1.884 ms  0/452 (0%)  
[  8]  16.00-17.00  sec   608 KBytes  4.98 Mbits/sec  1.225 ms  1/446 (0.22%)  
[  8]  17.00-18.00  sec   608 KBytes  4.98 Mbits/sec  1.443 ms  0/445 (0%)  
[  8]  18.00-19.00  sec   603 KBytes  4.93 Mbits/sec  1.503 ms  6/447 (1.3%)  
[  8]  19.00-20.00  sec   563 KBytes  4.62 Mbits/sec  1.192 ms  36/448 (8%)  
[  8]  20.00-21.00  sec   592 KBytes  4.85 Mbits/sec  1.571 ms  12/445 (2.7%)  
[  8]  21.00-22.00  sec   607 KBytes  4.97 Mbits/sec  1.504 ms  1/445 (0.22%)  
[  8]  22.00-23.00  sec   585 KBytes  4.79 Mbits/sec  1.532 ms  19/447 (4.3%)  
[  8]  23.00-24.00  sec   603 KBytes  4.94 Mbits/sec  2.205 ms  3/444 (0.68%)  
[  8]  24.00-25.00  sec   610 KBytes  5.00 Mbits/sec  1.514 ms  5/451 (1.1%)  
[  8]  25.00-26.00  sec   608 KBytes  4.98 Mbits/sec  1.330 ms  1/446 (0.22%)  
[  8]  26.00-27.00  sec   611 KBytes  5.01 Mbits/sec  1.807 ms  0/447 (0%)  
[  8]  27.00-28.00  sec   610 KBytes  5.00 Mbits/sec  1.715 ms  0/446 (0%)  
[  8]  28.00-29.00  sec   610 KBytes  5.00 Mbits/sec  1.885 ms  0/446 (0%)  
[  8]  29.00-30.00  sec   608 KBytes  4.98 Mbits/sec  1.216 ms  0/445 (0%)  
[  8]  30.00-31.00  sec   608 KBytes  4.98 Mbits/sec  1.740 ms  0/445 (0%)  
[  8]  31.00-32.00  sec   602 KBytes  4.93 Mbits/sec  1.961 ms  10/450 (2.2%)  
[  8]  32.00-33.00  sec   596 KBytes  4.88 Mbits/sec  2.017 ms  7/443 (1.6%)  
[  8]  33.00-34.00  sec   604 KBytes  4.95 Mbits/sec  2.285 ms  7/449 (1.6%)  
[  8]  34.00-35.00  sec   607 KBytes  4.97 Mbits/sec  2.163 ms  0/444 (0%)  
[  8]  35.00-36.00  sec   599 KBytes  4.90 Mbits/sec  2.146 ms  11/449 (2.4%)  
[  8]  36.00-37.00  sec   589 KBytes  4.83 Mbits/sec  2.185 ms  15/446 (3.4%)  
[  8]  37.00-38.00  sec   602 KBytes  4.93 Mbits/sec  2.300 ms  4/444 (0.9%)  
[  8]  38.00-39.00  sec   570 KBytes  4.67 Mbits/sec  1.641 ms  30/447 (6.7%)  
[  8]  39.00-40.00  sec   595 KBytes  4.87 Mbits/sec  2.848 ms  11/446 (2.5%)  
[  8]  40.00-41.00  sec   582 KBytes  4.77 Mbits/sec  1.915 ms  24/450 (5.3%)  
[  8]  41.00-42.00  sec   589 KBytes  4.83 Mbits/sec  1.964 ms  14/445 (3.1%)  
[  8]  42.00-43.00  sec   502 KBytes  4.11 Mbits/sec  1.879 ms  78/445 (18%)  
[  8]  43.00-44.00  sec   602 KBytes  4.93 Mbits/sec  1.757 ms  5/445 (1.1%)  
[  8]  44.00-45.00  sec   607 KBytes  4.97 Mbits/sec  1.657 ms  7/451 (1.6%)  
[  8]  45.00-46.00  sec   581 KBytes  4.76 Mbits/sec  1.980 ms  20/445 (4.5%)  
[  8]  46.00-47.00  sec   581 KBytes  4.76 Mbits/sec  1.847 ms  22/447 (4.9%)  
[  8]  47.00-48.00  sec   610 KBytes  5.00 Mbits/sec  1.462 ms  0/446 (0%)  
[  8]  48.00-49.00  sec   600 KBytes  4.92 Mbits/sec  2.286 ms  6/445 (1.3%)  
[  8]  49.00-50.00  sec   607 KBytes  4.97 Mbits/sec  1.340 ms  5/449 (1.1%)  
[  8]  50.00-51.00  sec   606 KBytes  4.96 Mbits/sec  1.908 ms  2/445 (0.45%)  
[  8]  51.00-52.00  sec   604 KBytes  4.95 Mbits/sec  1.870 ms  4/446 (0.9%)  
[  8]  52.00-53.00  sec   584 KBytes  4.78 Mbits/sec  1.720 ms  17/444 (3.8%)  
[  8]  53.00-54.00  sec   592 KBytes  4.85 Mbits/sec  3.130 ms  10/443 (2.3%)  
[  8]  54.00-55.00  sec   520 KBytes  4.26 Mbits/sec  2.874 ms  70/450 (16%)  
[  8]  55.00-56.00  sec   558 KBytes  4.57 Mbits/sec  2.017 ms  40/448 (8.9%)  
[  8]  56.00-57.00  sec   604 KBytes  4.95 Mbits/sec  2.463 ms  2/444 (0.45%)  
[  8]  57.00-58.00  sec   563 KBytes  4.62 Mbits/sec  1.488 ms  37/449 (8.2%)  
[  8]  58.00-59.00  sec   555 KBytes  4.55 Mbits/sec  3.778 ms  39/445 (8.8%)  
[  8]  59.00-60.00  sec   526 KBytes  4.31 Mbits/sec  0.983 ms  62/447 (14%)  
[  8]  60.00-61.00  sec   588 KBytes  4.82 Mbits/sec  1.567 ms  4/434 (0.92%)  
[  8]  61.00-62.00  sec   614 KBytes  5.03 Mbits/sec  1.538 ms  13/462 (2.8%)  
[  8]  62.00-63.00  sec   585 KBytes  4.79 Mbits/sec  1.626 ms  17/445 (3.8%)  
[  8]  63.00-64.00  sec   571 KBytes  4.68 Mbits/sec  1.546 ms  30/448 (6.7%)  
[  8]  64.00-65.00  sec   599 KBytes  4.91 Mbits/sec  2.760 ms  4/442 (0.9%)  
[  8]  65.00-66.00  sec   550 KBytes  4.50 Mbits/sec  1.807 ms  40/442 (9%)  
[  8]  66.00-67.00  sec   566 KBytes  4.64 Mbits/sec  1.756 ms  40/454 (8.8%)  
[  8]  67.00-68.00  sec   600 KBytes  4.92 Mbits/sec  2.643 ms  6/445 (1.3%)  
[  8]  68.00-69.03  sec   610 KBytes  4.85 Mbits/sec  2.240 ms  6/452 (1.3%)  
[  8]  69.03-70.00  sec   573 KBytes  4.84 Mbits/sec  2.039 ms  23/442 (5.2%)  
[  8]  70.00-71.00  sec   521 KBytes  4.27 Mbits/sec  3.007 ms  55/436 (13%)  
[  8]  71.00-72.00  sec   621 KBytes  5.08 Mbits/sec  1.575 ms  3/457 (0.66%)  
[  8]  72.00-73.00  sec   602 KBytes  4.93 Mbits/sec  2.025 ms  3/443 (0.68%)  
[  8]  73.00-74.00  sec   615 KBytes  5.04 Mbits/sec  1.655 ms  0/450 (0%)  
[  8]  74.00-75.00  sec   608 KBytes  4.98 Mbits/sec  1.349 ms  0/445 (0%)  
[  8]  75.00-76.00  sec   582 KBytes  4.77 Mbits/sec  2.895 ms  21/447 (4.7%)  
[  8]  76.00-77.00  sec   595 KBytes  4.87 Mbits/sec  2.648 ms  10/445 (2.2%)  
[  8]  77.00-78.00  sec   603 KBytes  4.94 Mbits/sec  2.582 ms  6/447 (1.3%)  
[  8]  78.00-79.00  sec   606 KBytes  4.96 Mbits/sec  1.377 ms  5/448 (1.1%)  
[  8]  79.00-80.00  sec   606 KBytes  4.96 Mbits/sec  1.886 ms  2/445 (0.45%)  
[  8]  80.00-81.00  sec   567 KBytes  4.65 Mbits/sec  1.905 ms  19/434 (4.4%)  
[  8]  81.00-82.00  sec   619 KBytes  5.07 Mbits/sec  1.739 ms  8/461 (1.7%)  
[  8]  82.00-83.00  sec   591 KBytes  4.84 Mbits/sec  2.564 ms  6/438 (1.4%)  
[  8]  83.00-84.00  sec   606 KBytes  4.96 Mbits/sec  2.614 ms  7/450 (1.6%)  
[  8]  84.00-85.00  sec   574 KBytes  4.70 Mbits/sec  1.723 ms  31/451 (6.9%)  
[  8]  85.00-86.00  sec   610 KBytes  5.00 Mbits/sec  1.427 ms  0/446 (0%)  
[  8]  86.00-87.00  sec   604 KBytes  4.95 Mbits/sec  2.062 ms  4/446 (0.9%)  
[  8]  87.00-88.00  sec   581 KBytes  4.76 Mbits/sec  2.454 ms  11/436 (2.5%)  
[  8]  88.00-89.00  sec   612 KBytes  5.01 Mbits/sec  1.658 ms  9/457 (2%)  
[  8]  89.00-90.00  sec   608 KBytes  4.99 Mbits/sec  1.924 ms  0/445 (0%)  
[  8]  90.00-91.00  sec   555 KBytes  4.55 Mbits/sec  2.073 ms  41/447 (9.2%)  
[  8]  91.00-92.00  sec   611 KBytes  5.01 Mbits/sec  1.462 ms  1/448 (0.22%)  
[  8]  92.00-93.00  sec   608 KBytes  4.98 Mbits/sec  2.034 ms  0/445 (0%)  
[  8]  93.00-94.00  sec   612 KBytes  5.02 Mbits/sec  1.583 ms  0/448 (0%)  
[  8]  94.00-95.00  sec   611 KBytes  5.01 Mbits/sec  1.161 ms  0/447 (0%)  
[  8]  95.00-96.00  sec   608 KBytes  4.98 Mbits/sec  1.813 ms  0/445 (0%)  
[  8]  96.00-97.00  sec   597 KBytes  4.89 Mbits/sec  3.233 ms  4/441 (0.91%)  
[  8]  97.00-98.00  sec   499 KBytes  4.08 Mbits/sec  2.076 ms  91/456 (20%)  
[  8]  98.00-99.00  sec   588 KBytes  4.83 Mbits/sec  1.623 ms  11/441 (2.5%)  
[  8]  99.00-100.00 sec   599 KBytes  4.91 Mbits/sec  2.116 ms  11/449 (2.4%)  
[  8] 100.00-101.00 sec   578 KBytes  4.73 Mbits/sec  2.294 ms  24/447 (5.4%)  
[  8] 101.00-102.00 sec   576 KBytes  4.73 Mbits/sec  2.408 ms  21/442 (4.8%)  
[  8] 102.00-103.00 sec   612 KBytes  5.02 Mbits/sec  1.072 ms  1/449 (0.22%)  
[  8] 103.00-104.00 sec   571 KBytes  4.68 Mbits/sec  2.009 ms  26/444 (5.9%)  
[  8] 104.00-105.00 sec   591 KBytes  4.84 Mbits/sec  1.377 ms  18/450 (4%)  
[  8] 105.00-106.00 sec   611 KBytes  5.01 Mbits/sec  1.709 ms  0/447 (0%)  
[  8] 106.00-107.00 sec   576 KBytes  4.72 Mbits/sec  1.216 ms  25/446 (5.6%)  
[  8] 107.00-108.00 sec   611 KBytes  5.01 Mbits/sec  1.326 ms  0/447 (0%)  
[  8] 108.00-109.00 sec   596 KBytes  4.88 Mbits/sec  2.187 ms  8/444 (1.8%)  
[  8] 109.00-110.00 sec   595 KBytes  4.86 Mbits/sec  2.851 ms  14/449 (3.1%)  
[  8] 110.00-111.00 sec   593 KBytes  4.88 Mbits/sec  1.560 ms  12/446 (2.7%)  
[  8] 111.00-112.00 sec   604 KBytes  4.95 Mbits/sec  1.776 ms  3/445 (0.67%)  
[  8] 112.00-113.00 sec   602 KBytes  4.93 Mbits/sec  1.689 ms  7/447 (1.6%)  
[  8] 113.00-114.00 sec   600 KBytes  4.92 Mbits/sec  1.854 ms  8/447 (1.8%)  
[  8] 114.00-115.00 sec   589 KBytes  4.82 Mbits/sec  3.008 ms  14/445 (3.1%)  
[  8] 115.00-116.00 sec   599 KBytes  4.91 Mbits/sec  1.764 ms  7/445 (1.6%)  
[  8] 116.00-117.00 sec   607 KBytes  4.97 Mbits/sec  2.196 ms  4/448 (0.89%)  
[  8] 117.00-118.00 sec   514 KBytes  4.21 Mbits/sec  2.189 ms  2/378 (0.53%)  
[  8] 118.00-119.00 sec   559 KBytes  4.58 Mbits/sec  1.701 ms  28/437 (6.4%)  
[  8] 119.00-120.00 sec   710 KBytes  5.81 Mbits/sec  1.754 ms  6/525 (1.1%)  
[  8] 120.00-121.00 sec   595 KBytes  4.87 Mbits/sec  1.041 ms  12/447 (2.7%)  
[  8] 121.00-122.00 sec   561 KBytes  4.59 Mbits/sec  2.503 ms  2/412 (0.49%)  
[  8] 122.00-123.00 sec   495 KBytes  4.05 Mbits/sec  2.729 ms  8/370 (2.2%)  
[  8] 123.00-124.00 sec   626 KBytes  5.13 Mbits/sec  2.674 ms  30/488 (6.1%)  
[  8] 124.00-125.00 sec   656 KBytes  5.38 Mbits/sec  1.964 ms  35/515 (6.8%)  
[  8] 125.00-126.00 sec   470 KBytes  3.85 Mbits/sec  2.707 ms  2/346 (0.58%)  
[  8] 126.00-127.00 sec   618 KBytes  5.06 Mbits/sec  1.523 ms  2/454 (0.44%)  
[  8] 127.00-128.00 sec   670 KBytes  5.49 Mbits/sec  1.785 ms  50/540 (9.3%)  
[  8] 128.00-129.00 sec   602 KBytes  4.93 Mbits/sec  1.789 ms  3/443 (0.68%)  
[  8] 129.00-130.00 sec   611 KBytes  5.01 Mbits/sec  1.656 ms  3/450 (0.67%)  
[  8] 130.00-131.00 sec   608 KBytes  4.98 Mbits/sec  2.022 ms  1/446 (0.22%)  
[  8] 131.00-132.00 sec   604 KBytes  4.95 Mbits/sec  2.006 ms  5/447 (1.1%)  
[  8] 132.00-133.00 sec   592 KBytes  4.85 Mbits/sec  2.112 ms  11/444 (2.5%)  
[  8] 133.00-134.00 sec   589 KBytes  4.83 Mbits/sec  1.847 ms  16/447 (3.6%)  
[  8] 134.00-135.00 sec   606 KBytes  4.96 Mbits/sec  2.193 ms  4/447 (0.89%)  
[  8] 135.00-136.00 sec   604 KBytes  4.95 Mbits/sec  2.157 ms  5/447 (1.1%)  
[  8] 136.00-137.00 sec   595 KBytes  4.87 Mbits/sec  2.409 ms  1/436 (0.23%)  
[  8] 137.00-138.00 sec   618 KBytes  5.07 Mbits/sec  1.573 ms  5/457 (1.1%)  
[  8] 138.00-139.00 sec   604 KBytes  4.95 Mbits/sec  1.866 ms  4/446 (0.9%)  
[  8] 139.00-140.00 sec   599 KBytes  4.91 Mbits/sec  2.675 ms  3/441 (0.68%)  
[  8] 140.00-141.00 sec   584 KBytes  4.78 Mbits/sec  1.343 ms  25/452 (5.5%)  
[  8] 141.00-142.00 sec   603 KBytes  4.94 Mbits/sec  2.214 ms  3/444 (0.68%)  
[  8] 142.00-143.00 sec   593 KBytes  4.86 Mbits/sec  1.291 ms  16/450 (3.6%)  
[  8] 143.00-144.00 sec   599 KBytes  4.91 Mbits/sec  2.276 ms  5/443 (1.1%)  
[  8] 144.00-145.00 sec   600 KBytes  4.92 Mbits/sec  1.281 ms  10/449 (2.2%)  
[  8] 145.00-146.00 sec   606 KBytes  4.96 Mbits/sec  1.915 ms  4/447 (0.89%)  
[  8] 146.00-147.00 sec   595 KBytes  4.87 Mbits/sec  2.667 ms  2/437 (0.46%)  
[  8] 147.00-148.00 sec   591 KBytes  4.84 Mbits/sec  2.245 ms  17/449 (3.8%)  
[  8] 148.00-149.00 sec   591 KBytes  4.84 Mbits/sec  1.623 ms  19/451 (4.2%)  
[  8] 149.00-150.00 sec   606 KBytes  4.96 Mbits/sec  2.220 ms  1/444 (0.23%)  
[  8] 150.00-151.00 sec   617 KBytes  5.05 Mbits/sec  2.150 ms  0/451 (0%)  
[  8] 151.00-152.00 sec   569 KBytes  4.66 Mbits/sec  1.060 ms  29/445 (6.5%)  
[  8] 152.00-153.00 sec   580 KBytes  4.76 Mbits/sec  2.491 ms  22/446 (4.9%)  
[  8] 153.00-154.00 sec   592 KBytes  4.85 Mbits/sec  2.441 ms  13/446 (2.9%)  
[  8] 154.00-155.00 sec   600 KBytes  4.92 Mbits/sec  1.624 ms  6/445 (1.3%)  
[  8] 155.00-156.00 sec   615 KBytes  5.04 Mbits/sec  1.844 ms  1/451 (0.22%)  
[  8] 156.00-157.00 sec   604 KBytes  4.95 Mbits/sec  1.859 ms  3/445 (0.67%)  
[  8] 157.00-158.00 sec   596 KBytes  4.88 Mbits/sec  1.647 ms  10/446 (2.2%)  
[  8] 158.00-159.00 sec   566 KBytes  4.64 Mbits/sec  1.890 ms  31/445 (7%)  
[  8] 159.00-160.00 sec   596 KBytes  4.88 Mbits/sec  1.854 ms  10/446 (2.2%)  
[  8] 160.00-161.00 sec   592 KBytes  4.85 Mbits/sec  1.889 ms  10/443 (2.3%)  
[  8] 161.00-162.00 sec   576 KBytes  4.70 Mbits/sec  1.576 ms  31/452 (6.9%)  
[  8] 162.00-163.00 sec   597 KBytes  4.91 Mbits/sec  1.952 ms  6/443 (1.4%)  
[  8] 163.00-164.00 sec   581 KBytes  4.76 Mbits/sec  2.256 ms  14/439 (3.2%)  
[  8] 164.00-165.00 sec   543 KBytes  4.45 Mbits/sec  1.486 ms  60/457 (13%)  
[  8] 165.00-166.00 sec   607 KBytes  4.97 Mbits/sec  1.899 ms  1/445 (0.22%)  
[  8] 166.00-167.00 sec   606 KBytes  4.96 Mbits/sec  1.635 ms  2/445 (0.45%)  
[  8] 167.00-168.00 sec   602 KBytes  4.93 Mbits/sec  1.842 ms  8/448 (1.8%)  
[  8] 168.00-169.00 sec   578 KBytes  4.73 Mbits/sec  2.259 ms  19/442 (4.3%)  
[  8] 169.00-170.00 sec   596 KBytes  4.89 Mbits/sec  2.701 ms  11/447 (2.5%)  
[  8] 170.00-171.00 sec   550 KBytes  4.50 Mbits/sec  2.003 ms  45/447 (10%)  
[  8] 171.00-172.00 sec   612 KBytes  5.02 Mbits/sec  1.574 ms  2/450 (0.44%)  
[  8] 172.00-173.00 sec   506 KBytes  4.14 Mbits/sec  2.203 ms  26/396 (6.6%)  
[  8] 173.00-174.00 sec   645 KBytes  5.29 Mbits/sec  2.326 ms  19/491 (3.9%)  
[  8] 174.00-175.00 sec   498 KBytes  4.08 Mbits/sec  2.076 ms  32/396 (8.1%)  
[  8] 175.00-176.00 sec   518 KBytes  4.24 Mbits/sec  2.681 ms  6/385 (1.6%)  
[  8] 176.00-177.00 sec   647 KBytes  5.30 Mbits/sec  1.760 ms  87/560 (16%)  
[  8] 177.00-178.00 sec   607 KBytes  4.97 Mbits/sec  1.225 ms  8/452 (1.8%)  
[  8] 178.00-179.00 sec   602 KBytes  4.93 Mbits/sec  1.280 ms  7/447 (1.6%)  
[  8] 179.00-180.00 sec   600 KBytes  4.92 Mbits/sec  1.498 ms  6/445 (1.3%)  
[  8] 180.00-180.01 sec  6.84 KBytes  6.96 Mbits/sec  1.647 ms  0/5 (0%)  
- - - - - - - - - - - - - - - - - - - - - - - - -
[ ID] Interval           Transfer     Bitrate         Jitter    Lost/Total Datagrams
[  8]   0.00-180.01 sec   104 MBytes  4.86 Mbits/sec  1.647 ms  2292/80358 (2.9%)  receiver
