-----------------------------------------------------------
Server listening on 5201 (test #1)
-----------------------------------------------------------
Accepted connection from 10.0.0.37, port 46488
[  8] local 10.0.0.101 port 5201 connected to 10.0.0.37 port 48174
[ ID] Interval           Transfer     Bitrate         Jitter    Lost/Total Datagrams
[  8]   0.00-1.00   sec   599 KBytes  4.91 Mbits/sec  2.353 ms  4/442 (0.9%)  
[  8]   1.00-2.00   sec   611 KBytes  5.01 Mbits/sec  1.491 ms  0/447 (0%)  
[  8]   2.00-3.00   sec   600 KBytes  4.92 Mbits/sec  1.873 ms  9/448 (2%)  
[  8]   3.00-4.00   sec   574 KBytes  4.70 Mbits/sec  1.332 ms  27/447 (6%)  
[  8]   4.00-5.00   sec   610 KBytes  5.00 Mbits/sec  1.482 ms  0/446 (0%)  
[  8]   5.00-6.00   sec   608 KBytes  4.98 Mbits/sec  1.488 ms  1/446 (0.22%)  
[  8]   6.00-7.00   sec   611 KBytes  5.01 Mbits/sec  1.082 ms  0/447 (0%)  
[  8]   7.00-8.00   sec   608 KBytes  4.98 Mbits/sec  1.360 ms  0/445 (0%)  
[  8]   8.00-9.00   sec   611 KBytes  5.00 Mbits/sec  1.517 ms  0/447 (0%)  
[  8]   9.00-10.00  sec   608 KBytes  4.99 Mbits/sec  1.291 ms  1/446 (0.22%)  
[  8]  10.00-11.00  sec   608 KBytes  4.98 Mbits/sec  2.806 ms  0/445 (0%)  
[  8]  11.00-12.00  sec   610 KBytes  5.00 Mbits/sec  1.637 ms  3/449 (0.67%)  
[  8]  12.00-13.00  sec   608 KBytes  4.98 Mbits/sec  1.597 ms  0/445 (0%)  
[  8]  13.00-14.00  sec   610 KBytes  5.00 Mbits/sec  0.834 ms  1/447 (0.22%)  
[  8]  14.00-15.00  sec   611 KBytes  5.01 Mbits/sec  1.982 ms  0/447 (0%)  
[  8]  15.00-16.00  sec   606 KBytes  4.96 Mbits/sec  1.721 ms  1/444 (0.23%)  
[  8]  16.00-17.00  sec   611 KBytes  5.00 Mbits/sec  1.560 ms  2/449 (0.45%)  
[  8]  17.00-18.00  sec   610 KBytes  5.00 Mbits/sec  1.074 ms  0/446 (0%)  
[  8]  18.00-19.00  sec   604 KBytes  4.95 Mbits/sec  2.288 ms  4/446 (0.9%)  
[  8]  19.00-20.00  sec   563 KBytes  4.61 Mbits/sec  1.313 ms  36/448 (8%)  
[  8]  20.00-21.00  sec   599 KBytes  4.91 Mbits/sec  2.023 ms  6/444 (1.4%)  
[  8]  21.00-22.00  sec   611 KBytes  5.00 Mbits/sec  1.815 ms  0/447 (0%)  
[  8]  22.00-23.00  sec   593 KBytes  4.86 Mbits/sec  1.459 ms  14/448 (3.1%)  
[  8]  23.00-24.00  sec   602 KBytes  4.93 Mbits/sec  1.972 ms  3/443 (0.68%)  
[  8]  24.00-25.00  sec   606 KBytes  4.96 Mbits/sec  1.081 ms  5/448 (1.1%)  
[  8]  25.00-26.00  sec   611 KBytes  5.01 Mbits/sec  1.341 ms  1/448 (0.22%)  
[  8]  26.00-27.00  sec   608 KBytes  4.98 Mbits/sec  1.964 ms  1/446 (0.22%)  
[  8]  27.00-28.00  sec   611 KBytes  5.01 Mbits/sec  1.839 ms  0/447 (0%)  
[  8]  28.00-29.00  sec   604 KBytes  4.95 Mbits/sec  1.135 ms  1/443 (0.23%)  
[  8]  29.00-30.00  sec   611 KBytes  5.01 Mbits/sec  0.841 ms  0/447 (0%)  
[  8]  30.00-31.00  sec   610 KBytes  5.00 Mbits/sec  1.639 ms  1/447 (0.22%)  
[  8]  31.00-32.00  sec   606 KBytes  4.96 Mbits/sec  1.402 ms  4/447 (0.89%)  
[  8]  32.00-33.00  sec   602 KBytes  4.93 Mbits/sec  2.137 ms  6/446 (1.3%)  
[  8]  33.00-34.00  sec   599 KBytes  4.91 Mbits/sec  2.217 ms  7/445 (1.6%)  
[  8]  34.00-35.00  sec   607 KBytes  4.97 Mbits/sec  1.116 ms  1/445 (0.22%)  
[  8]  35.00-36.00  sec   604 KBytes  4.95 Mbits/sec  1.668 ms  9/451 (2%)  
[  8]  36.00-37.00  sec   591 KBytes  4.83 Mbits/sec  1.849 ms  14/446 (3.1%)  
[  8]  37.00-38.00  sec   604 KBytes  4.95 Mbits/sec  1.728 ms  3/445 (0.67%)  
[  8]  38.00-39.00  sec   562 KBytes  4.60 Mbits/sec  1.521 ms  34/445 (7.6%)  
[  8]  39.00-40.00  sec   585 KBytes  4.79 Mbits/sec  1.692 ms  17/445 (3.8%)  
[  8]  40.00-41.00  sec   582 KBytes  4.77 Mbits/sec  1.978 ms  23/449 (5.1%)  
[  8]  41.00-42.00  sec   591 KBytes  4.84 Mbits/sec  2.397 ms  15/447 (3.4%)  
[  8]  42.00-43.00  sec   532 KBytes  4.36 Mbits/sec  1.588 ms  58/447 (13%)  
[  8]  43.00-44.00  sec   597 KBytes  4.89 Mbits/sec  1.760 ms  5/442 (1.1%)  
[  8]  44.00-45.00  sec   610 KBytes  5.00 Mbits/sec  1.841 ms  5/451 (1.1%)  
[  8]  45.00-46.00  sec   592 KBytes  4.85 Mbits/sec  2.434 ms  15/448 (3.3%)  
[  8]  46.00-47.00  sec   578 KBytes  4.74 Mbits/sec  1.901 ms  23/446 (5.2%)  
[  8]  47.00-48.00  sec   610 KBytes  5.00 Mbits/sec  1.158 ms  0/446 (0%)  
[  8]  48.00-49.00  sec   599 KBytes  4.91 Mbits/sec  1.604 ms  7/445 (1.6%)  
[  8]  49.00-50.00  sec   610 KBytes  5.00 Mbits/sec  1.405 ms  3/449 (0.67%)  
[  8]  50.00-51.00  sec   608 KBytes  4.98 Mbits/sec  1.926 ms  1/446 (0.22%)  
[  8]  51.00-52.00  sec   604 KBytes  4.95 Mbits/sec  1.797 ms  3/445 (0.67%)  
[  8]  52.00-53.00  sec   588 KBytes  4.82 Mbits/sec  1.651 ms  15/445 (3.4%)  
[  8]  53.00-54.00  sec   573 KBytes  4.69 Mbits/sec  2.953 ms  23/442 (5.2%)  
[  8]  54.00-55.00  sec   504 KBytes  4.13 Mbits/sec  2.412 ms  80/449 (18%)  
[  8]  55.00-56.00  sec   558 KBytes  4.57 Mbits/sec  1.600 ms  39/447 (8.7%)  
[  8]  56.00-57.00  sec   607 KBytes  4.97 Mbits/sec  1.574 ms  3/447 (0.67%)  
[  8]  57.00-58.00  sec   558 KBytes  4.57 Mbits/sec  1.436 ms  41/449 (9.1%)  
[  8]  58.00-59.00  sec   551 KBytes  4.51 Mbits/sec  3.521 ms  42/445 (9.4%)  
[  8]  59.00-60.00  sec   530 KBytes  4.35 Mbits/sec  0.739 ms  58/446 (13%)  
[  8]  60.00-61.00  sec   585 KBytes  4.79 Mbits/sec  1.583 ms  6/434 (1.4%)  
[  8]  61.00-62.00  sec   606 KBytes  4.96 Mbits/sec  1.667 ms  16/459 (3.5%)  
[  8]  62.00-63.00  sec   591 KBytes  4.84 Mbits/sec  1.634 ms  16/448 (3.6%)  
[  8]  63.00-64.00  sec   570 KBytes  4.67 Mbits/sec  1.446 ms  28/445 (6.3%)  
[  8]  64.00-65.00  sec   603 KBytes  4.94 Mbits/sec  2.928 ms  4/445 (0.9%)  
[  8]  65.00-66.00  sec   544 KBytes  4.45 Mbits/sec  1.991 ms  45/443 (10%)  
[  8]  66.00-67.00  sec   562 KBytes  4.61 Mbits/sec  1.740 ms  42/453 (9.3%)  
[  8]  67.00-68.00  sec   597 KBytes  4.89 Mbits/sec  2.654 ms  6/443 (1.4%)  
[  8]  68.00-69.00  sec   602 KBytes  4.93 Mbits/sec  2.411 ms  6/446 (1.3%)  
[  8]  69.00-70.00  sec   587 KBytes  4.80 Mbits/sec  1.681 ms  19/448 (4.2%)  
[  8]  70.00-71.00  sec   528 KBytes  4.32 Mbits/sec  2.679 ms  53/439 (12%)  
[  8]  71.00-72.00  sec   619 KBytes  5.07 Mbits/sec  1.396 ms  3/456 (0.66%)  
[  8]  72.00-73.00  sec   606 KBytes  4.96 Mbits/sec  2.155 ms  2/445 (0.45%)  
[  8]  73.00-74.00  sec   611 KBytes  5.01 Mbits/sec  1.330 ms  0/447 (0%)  
[  8]  74.00-75.00  sec   604 KBytes  4.95 Mbits/sec  1.802 ms  1/443 (0.23%)  
[  8]  75.00-76.00  sec   578 KBytes  4.74 Mbits/sec  2.842 ms  24/447 (5.4%)  
[  8]  76.00-77.00  sec   603 KBytes  4.94 Mbits/sec  1.667 ms  6/447 (1.3%)  
[  8]  77.00-78.00  sec   599 KBytes  4.91 Mbits/sec  2.868 ms  7/445 (1.6%)  
[  8]  78.00-79.00  sec   611 KBytes  5.01 Mbits/sec  1.394 ms  3/450 (0.67%)  
[  8]  79.00-80.00  sec   607 KBytes  4.97 Mbits/sec  1.872 ms  1/445 (0.22%)  
[  8]  80.00-81.00  sec   565 KBytes  4.63 Mbits/sec  2.112 ms  22/435 (5.1%)  
[  8]  81.00-82.00  sec   617 KBytes  5.05 Mbits/sec  1.688 ms  10/461 (2.2%)  
[  8]  82.00-83.00  sec   595 KBytes  4.87 Mbits/sec  2.682 ms  4/439 (0.91%)  
[  8]  83.00-84.00  sec   597 KBytes  4.89 Mbits/sec  1.935 ms  12/449 (2.7%)  
[  8]  84.00-85.00  sec   576 KBytes  4.72 Mbits/sec  1.817 ms  30/451 (6.7%)  
[  8]  85.00-86.00  sec   610 KBytes  5.00 Mbits/sec  1.265 ms  0/446 (0%)  
[  8]  86.00-87.00  sec   604 KBytes  4.95 Mbits/sec  1.904 ms  3/445 (0.67%)  
[  8]  87.00-88.00  sec   585 KBytes  4.79 Mbits/sec  2.913 ms  9/437 (2.1%)  
[  8]  88.00-89.00  sec   608 KBytes  4.98 Mbits/sec  1.980 ms  10/455 (2.2%)  
[  8]  89.00-90.00  sec   611 KBytes  5.01 Mbits/sec  2.033 ms  0/447 (0%)  
[  8]  90.00-91.00  sec   551 KBytes  4.51 Mbits/sec  2.046 ms  42/445 (9.4%)  
[  8]  91.00-92.00  sec   615 KBytes  5.04 Mbits/sec  1.262 ms  0/450 (0%)  
[  8]  92.00-93.00  sec   608 KBytes  4.98 Mbits/sec  1.690 ms  0/445 (0%)  
[  8]  93.00-94.00  sec   612 KBytes  5.02 Mbits/sec  1.756 ms  0/448 (0%)  
[  8]  94.00-95.00  sec   611 KBytes  5.01 Mbits/sec  1.057 ms  0/447 (0%)  
[  8]  95.00-96.00  sec   607 KBytes  4.97 Mbits/sec  2.268 ms  0/444 (0%)  
[  8]  96.00-97.00  sec   595 KBytes  4.87 Mbits/sec  3.132 ms  6/441 (1.4%)  
[  8]  97.00-98.00  sec   492 KBytes  4.03 Mbits/sec  1.858 ms  90/450 (20%)  
[  8]  98.00-99.00  sec   600 KBytes  4.90 Mbits/sec  0.993 ms  8/447 (1.8%)  
[  8]  99.00-100.00 sec   596 KBytes  4.90 Mbits/sec  2.242 ms  13/449 (2.9%)  
[  8] 100.00-101.00 sec   576 KBytes  4.71 Mbits/sec  1.544 ms  26/447 (5.8%)  
[  8] 101.00-102.00 sec   581 KBytes  4.77 Mbits/sec  1.593 ms  17/442 (3.8%)  
[  8] 102.00-103.00 sec   614 KBytes  5.03 Mbits/sec  1.225 ms  1/450 (0.22%)  
[  8] 103.00-104.00 sec   573 KBytes  4.69 Mbits/sec  1.984 ms  26/445 (5.8%)  
[  8] 104.00-105.00 sec   596 KBytes  4.88 Mbits/sec  1.654 ms  11/447 (2.5%)  
[  8] 105.00-106.00 sec   612 KBytes  5.02 Mbits/sec  1.562 ms  1/449 (0.22%)  
[  8] 106.00-107.00 sec   571 KBytes  4.68 Mbits/sec  1.453 ms  26/444 (5.9%)  
[  8] 107.00-108.00 sec   611 KBytes  5.01 Mbits/sec  1.434 ms  0/447 (0%)  
[  8] 108.00-109.00 sec   602 KBytes  4.93 Mbits/sec  1.982 ms  6/446 (1.3%)  
[  8] 109.00-110.00 sec   591 KBytes  4.84 Mbits/sec  2.523 ms  12/444 (2.7%)  
[  8] 110.00-111.00 sec   596 KBytes  4.88 Mbits/sec  1.162 ms  14/450 (3.1%)  
[  8] 111.00-112.00 sec   607 KBytes  4.97 Mbits/sec  1.874 ms  2/446 (0.45%)  
[  8] 112.00-113.00 sec   600 KBytes  4.92 Mbits/sec  1.457 ms  7/446 (1.6%)  
[  8] 113.00-114.00 sec   602 KBytes  4.93 Mbits/sec  1.972 ms  8/448 (1.8%)  
[  8] 114.00-115.00 sec   589 KBytes  4.82 Mbits/sec  2.922 ms  9/440 (2%)  
[  8] 115.00-116.00 sec   611 KBytes  5.01 Mbits/sec  2.253 ms  4/451 (0.89%)  
[  8] 116.00-117.00 sec   607 KBytes  4.97 Mbits/sec  1.982 ms  4/448 (0.89%)  
[  8] 117.00-118.00 sec   520 KBytes  4.26 Mbits/sec  2.332 ms  0/380 (0%)  
[  8] 118.00-119.00 sec   548 KBytes  4.49 Mbits/sec  1.644 ms  29/430 (6.7%)  
[  8] 119.00-120.00 sec   714 KBytes  5.85 Mbits/sec  1.975 ms  7/529 (1.3%)  
[  8] 120.00-121.00 sec   592 KBytes  4.85 Mbits/sec  1.665 ms  12/445 (2.7%)  
[  8] 121.00-122.00 sec   563 KBytes  4.61 Mbits/sec  2.786 ms  2/414 (0.48%)  
[  8] 122.00-123.00 sec   496 KBytes  4.07 Mbits/sec  2.854 ms  5/368 (1.4%)  
[  8] 123.00-124.00 sec   615 KBytes  5.04 Mbits/sec  2.592 ms  26/476 (5.5%)  
[  8] 124.00-125.00 sec   681 KBytes  5.58 Mbits/sec  1.613 ms  31/529 (5.9%)  
[  8] 125.00-126.00 sec   470 KBytes  3.85 Mbits/sec  2.872 ms  3/347 (0.86%)  
[  8] 126.00-127.00 sec   617 KBytes  5.05 Mbits/sec  1.840 ms  1/452 (0.22%)  
[  8] 127.00-128.00 sec   669 KBytes  5.48 Mbits/sec  1.664 ms  50/539 (9.3%)  
[  8] 128.00-129.00 sec   604 KBytes  4.95 Mbits/sec  2.315 ms  5/447 (1.1%)  
[  8] 129.00-130.00 sec   608 KBytes  4.98 Mbits/sec  1.812 ms  2/447 (0.45%)  
[  8] 130.00-131.00 sec   610 KBytes  5.00 Mbits/sec  2.003 ms  0/446 (0%)  
[  8] 131.00-132.00 sec   606 KBytes  4.96 Mbits/sec  2.224 ms  5/448 (1.1%)  
[  8] 132.00-133.00 sec   592 KBytes  4.85 Mbits/sec  2.215 ms  7/440 (1.6%)  
[  8] 133.00-134.00 sec   592 KBytes  4.85 Mbits/sec  1.553 ms  18/451 (4%)  
[  8] 134.00-135.00 sec   607 KBytes  4.97 Mbits/sec  2.156 ms  4/448 (0.89%)  
[  8] 135.00-136.00 sec   602 KBytes  4.93 Mbits/sec  2.229 ms  5/445 (1.1%)  
[  8] 136.00-137.00 sec   596 KBytes  4.88 Mbits/sec  2.605 ms  1/437 (0.23%)  
[  8] 137.00-138.00 sec   619 KBytes  5.07 Mbits/sec  1.838 ms  3/456 (0.66%)  
[  8] 138.00-139.00 sec   597 KBytes  4.89 Mbits/sec  2.068 ms  10/447 (2.2%)  
[  8] 139.00-140.00 sec   600 KBytes  4.92 Mbits/sec  2.409 ms  3/442 (0.68%)  
[  8] 140.00-141.00 sec   589 KBytes  4.83 Mbits/sec  1.302 ms  20/451 (4.4%)  
[  8] 141.00-142.00 sec   602 KBytes  4.93 Mbits/sec  1.979 ms  4/444 (0.9%)  
[  8] 142.00-143.00 sec   580 KBytes  4.75 Mbits/sec  1.135 ms  26/450 (5.8%)  
[  8] 143.00-144.00 sec   600 KBytes  4.92 Mbits/sec  1.869 ms  3/442 (0.68%)  
[  8] 144.00-145.00 sec   603 KBytes  4.94 Mbits/sec  1.271 ms  9/450 (2%)  
[  8] 145.00-146.00 sec   602 KBytes  4.93 Mbits/sec  1.850 ms  5/445 (1.1%)  
[  8] 146.00-147.00 sec   595 KBytes  4.87 Mbits/sec  2.064 ms  3/438 (0.68%)  
[  8] 147.00-148.00 sec   596 KBytes  4.88 Mbits/sec  1.239 ms  16/452 (3.5%)  
[  8] 148.00-149.00 sec   581 KBytes  4.76 Mbits/sec  1.229 ms  25/450 (5.6%)  
[  8] 149.00-150.00 sec   604 KBytes  4.95 Mbits/sec  1.776 ms  0/442 (0%)  
[  8] 150.00-151.00 sec   617 KBytes  5.05 Mbits/sec  1.584 ms  0/451 (0%)  
[  8] 151.00-152.00 sec   567 KBytes  4.65 Mbits/sec  2.057 ms  31/446 (7%)  
[  8] 152.00-153.00 sec   574 KBytes  4.70 Mbits/sec  1.902 ms  23/443 (5.2%)  
[  8] 153.00-154.00 sec   597 KBytes  4.90 Mbits/sec  2.503 ms  13/450 (2.9%)  
[  8] 154.00-155.00 sec   595 KBytes  4.87 Mbits/sec  2.003 ms  10/445 (2.2%)  
[  8] 155.00-156.00 sec   603 KBytes  4.94 Mbits/sec  1.993 ms  6/447 (1.3%)  
[  8] 156.00-157.00 sec   604 KBytes  4.95 Mbits/sec  2.102 ms  5/447 (1.1%)  
[  8] 157.00-158.00 sec   597 KBytes  4.89 Mbits/sec  1.951 ms  10/447 (2.2%)  
[  8] 158.00-159.00 sec   571 KBytes  4.68 Mbits/sec  1.350 ms  27/445 (6.1%)  
[  8] 159.00-160.00 sec   597 KBytes  4.89 Mbits/sec  1.863 ms  9/446 (2%)  
[  8] 160.00-161.00 sec   591 KBytes  4.83 Mbits/sec  2.846 ms  12/444 (2.7%)  
[  8] 161.00-162.00 sec   576 KBytes  4.72 Mbits/sec  2.272 ms  30/451 (6.7%)  
[  8] 162.00-163.00 sec   595 KBytes  4.88 Mbits/sec  2.532 ms  8/443 (1.8%)  
[  8] 163.00-164.00 sec   587 KBytes  4.80 Mbits/sec  2.147 ms  10/439 (2.3%)  
[  8] 164.00-165.00 sec   543 KBytes  4.45 Mbits/sec  1.455 ms  58/455 (13%)  
[  8] 165.00-166.00 sec   604 KBytes  4.95 Mbits/sec  1.689 ms  5/447 (1.1%)  
[  8] 166.00-167.00 sec   603 KBytes  4.94 Mbits/sec  1.713 ms  3/444 (0.68%)  
[  8] 167.00-168.00 sec   600 KBytes  4.90 Mbits/sec  2.019 ms  6/445 (1.3%)  
[  8] 168.00-169.00 sec   589 KBytes  4.84 Mbits/sec  2.506 ms  15/446 (3.4%)  
[  8] 169.00-170.00 sec   599 KBytes  4.91 Mbits/sec  3.278 ms  7/445 (1.6%)  
[  8] 170.00-171.00 sec   563 KBytes  4.60 Mbits/sec  1.935 ms  38/450 (8.4%)  
[  8] 171.00-172.00 sec   610 KBytes  5.01 Mbits/sec  1.584 ms  3/449 (0.67%)  
[  8] 172.00-173.00 sec   514 KBytes  4.21 Mbits/sec  2.213 ms  21/397 (5.3%)  
[  8] 173.00-174.00 sec   647 KBytes  5.30 Mbits/sec  2.306 ms  15/488 (3.1%)  
[  8] 174.00-175.00 sec   494 KBytes  4.04 Mbits/sec  2.214 ms  37/398 (9.3%)  
[  8] 175.00-176.00 sec   517 KBytes  4.23 Mbits/sec  2.497 ms  8/386 (2.1%)  
[  8] 176.00-177.00 sec   658 KBytes  5.39 Mbits/sec  1.763 ms  83/564 (15%)  
[  8] 177.00-178.00 sec   592 KBytes  4.85 Mbits/sec  1.195 ms  12/445 (2.7%)  
[  8] 178.00-179.00 sec   606 KBytes  4.96 Mbits/sec  1.361 ms  5/448 (1.1%)  
[  8] 179.00-180.00 sec   604 KBytes  4.95 Mbits/sec  1.567 ms  4/446 (0.9%)  
[  8] 180.00-180.01 sec  4.10 KBytes  6.24 Mbits/sec  1.609 ms  0/3 (0%)  
- - - - - - - - - - - - - - - - - - - - - - - - -
[ ID] Interval           Transfer     Bitrate         Jitter    Lost/Total Datagrams
[  8]   0.00-180.01 sec   104 MBytes  4.86 Mbits/sec  1.609 ms  2250/80357 (2.8%)  receiver
