-----------------------------------------------------------
Server listening on 5201 (test #1)
-----------------------------------------------------------
Accepted connection from 10.0.0.5, port 39398
[  8] local 10.0.0.69 port 5201 connected to 10.0.0.5 port 44714
[ ID] Interval           Transfer     Bitrate         Jitter    Lost/Total Datagrams
[  8]   0.00-1.00   sec   593 KBytes  4.86 Mbits/sec  2.603 ms  11/445 (2.5%)  
[  8]   1.00-2.00   sec   610 KBytes  5.00 Mbits/sec  1.746 ms  1/447 (0.22%)  
[  8]   2.00-3.00   sec   604 KBytes  4.95 Mbits/sec  2.028 ms  4/446 (0.9%)  
[  8]   3.00-4.00   sec   569 KBytes  4.66 Mbits/sec  1.635 ms  29/445 (6.5%)  
[  8]   4.00-5.00   sec   608 KBytes  4.98 Mbits/sec  1.745 ms  3/448 (0.67%)  
[  8]   5.00-6.00   sec   603 KBytes  4.94 Mbits/sec  1.784 ms  5/446 (1.1%)  
[  8]   6.00-7.00   sec   599 KBytes  4.91 Mbits/sec  1.375 ms  7/446 (1.6%)  
[  8]   7.00-8.00   sec   606 KBytes  4.96 Mbits/sec  1.358 ms  4/447 (0.89%)  
[  8]   8.00-9.00   sec   607 KBytes  4.97 Mbits/sec  1.769 ms  2/446 (0.45%)  
[  8]   9.00-10.00  sec   606 KBytes  4.96 Mbits/sec  1.460 ms  4/447 (0.89%)  
[  8]  10.00-11.00  sec   551 KBytes  4.51 Mbits/sec  3.931 ms  21/424 (5%)  
[  8]  11.00-12.00  sec   535 KBytes  4.38 Mbits/sec  1.342 ms  79/470 (17%)  
[  8]  12.00-13.00  sec   603 KBytes  4.94 Mbits/sec  1.999 ms  0/441 (0%)  
[  8]  13.00-14.00  sec   574 KBytes  4.70 Mbits/sec  0.889 ms  31/451 (6.9%)  
[  8]  14.00-15.00  sec   611 KBytes  5.01 Mbits/sec  1.596 ms  0/447 (0%)  
[  8]  15.00-16.00  sec   606 KBytes  4.96 Mbits/sec  1.394 ms  2/445 (0.45%)  
[  8]  16.00-17.00  sec   606 KBytes  4.96 Mbits/sec  0.927 ms  4/447 (0.89%)  
[  8]  17.00-18.00  sec   610 KBytes  5.00 Mbits/sec  0.983 ms  0/446 (0%)  
[  8]  18.00-19.00  sec   597 KBytes  4.89 Mbits/sec  2.180 ms  9/446 (2%)  
[  8]  19.00-20.00  sec   558 KBytes  4.57 Mbits/sec  1.515 ms  38/446 (8.5%)  
[  8]  20.00-21.00  sec   585 KBytes  4.79 Mbits/sec  1.742 ms  19/447 (4.3%)  
[  8]  21.00-22.00  sec   603 KBytes  4.94 Mbits/sec  2.279 ms  5/446 (1.1%)  
[  8]  22.00-23.00  sec   591 KBytes  4.84 Mbits/sec  1.159 ms  16/448 (3.6%)  
[  8]  23.00-24.00  sec   584 KBytes  4.78 Mbits/sec  2.221 ms  16/443 (3.6%)  
[  8]  24.00-25.00  sec   577 KBytes  4.73 Mbits/sec  1.455 ms  27/449 (6%)  
[  8]  25.00-26.00  sec   603 KBytes  4.94 Mbits/sec  1.346 ms  6/447 (1.3%)  
[  8]  26.00-27.00  sec   606 KBytes  4.96 Mbits/sec  1.386 ms  3/446 (0.67%)  
[  8]  27.00-28.00  sec   611 KBytes  5.00 Mbits/sec  1.490 ms  1/448 (0.22%)  
[  8]  28.00-29.00  sec   597 KBytes  4.90 Mbits/sec  1.467 ms  8/445 (1.8%)  
[  8]  29.00-30.00  sec   604 KBytes  4.95 Mbits/sec  1.465 ms  3/445 (0.67%)  
[  8]  30.00-31.00  sec   607 KBytes  4.97 Mbits/sec  1.222 ms  2/446 (0.45%)  
[  8]  31.00-32.00  sec   596 KBytes  4.87 Mbits/sec  1.516 ms  13/449 (2.9%)  
[  8]  32.00-33.00  sec   599 KBytes  4.92 Mbits/sec  2.293 ms  5/443 (1.1%)  
[  8]  33.00-34.00  sec   593 KBytes  4.85 Mbits/sec  2.226 ms  15/449 (3.3%)  
[  8]  34.00-35.00  sec   603 KBytes  4.95 Mbits/sec  0.961 ms  4/445 (0.9%)  
[  8]  35.00-36.00  sec   593 KBytes  4.86 Mbits/sec  1.877 ms  14/448 (3.1%)  
[  8]  36.00-37.00  sec   585 KBytes  4.80 Mbits/sec  2.310 ms  18/446 (4%)  
[  8]  37.00-38.00  sec   588 KBytes  4.82 Mbits/sec  1.740 ms  16/446 (3.6%)  
[  8]  38.00-39.00  sec   529 KBytes  4.33 Mbits/sec  1.982 ms  55/442 (12%)  
[  8]  39.00-40.00  sec   580 KBytes  4.75 Mbits/sec  1.118 ms  25/449 (5.6%)  
[  8]  40.00-41.00  sec   581 KBytes  4.76 Mbits/sec  1.129 ms  23/448 (5.1%)  
[  8]  41.00-42.00  sec   562 KBytes  4.60 Mbits/sec  2.273 ms  35/446 (7.8%)  
[  8]  42.00-43.00  sec   491 KBytes  4.02 Mbits/sec  1.118 ms  83/442 (19%)  
[  8]  43.00-44.00  sec   602 KBytes  4.93 Mbits/sec  2.581 ms  6/446 (1.3%)  
[  8]  44.00-45.00  sec   588 KBytes  4.81 Mbits/sec  2.451 ms  23/453 (5.1%)  
[  8]  45.00-46.00  sec   544 KBytes  4.46 Mbits/sec  1.438 ms  40/438 (9.1%)  
[  8]  46.00-47.00  sec   585 KBytes  4.79 Mbits/sec  1.834 ms  27/455 (5.9%)  
[  8]  47.00-48.00  sec   607 KBytes  4.97 Mbits/sec  1.574 ms  1/445 (0.22%)  
[  8]  48.00-49.00  sec   602 KBytes  4.93 Mbits/sec  1.290 ms  6/446 (1.3%)  
[  8]  49.00-50.00  sec   606 KBytes  4.96 Mbits/sec  1.034 ms  4/447 (0.89%)  
[  8]  50.00-51.00  sec   607 KBytes  4.97 Mbits/sec  1.467 ms  4/448 (0.89%)  
[  8]  51.00-52.00  sec   569 KBytes  4.66 Mbits/sec  7.045 ms  28/444 (6.3%)  
[  8]  52.00-53.00  sec   576 KBytes  4.72 Mbits/sec  2.243 ms  25/446 (5.6%)  
[  8]  53.00-54.00  sec   528 KBytes  4.32 Mbits/sec  2.563 ms  52/438 (12%)  
[  8]  54.00-55.00  sec   469 KBytes  3.84 Mbits/sec  2.196 ms  111/454 (24%)  
[  8]  55.00-56.00  sec   521 KBytes  4.27 Mbits/sec  1.487 ms  67/448 (15%)  
[  8]  56.00-57.00  sec   574 KBytes  4.70 Mbits/sec  2.631 ms  25/445 (5.6%)  
[  8]  57.00-58.00  sec   547 KBytes  4.48 Mbits/sec  1.959 ms  46/446 (10%)  
[  8]  58.00-59.00  sec   513 KBytes  4.20 Mbits/sec  3.438 ms  55/430 (13%)  
[  8]  59.00-60.00  sec   533 KBytes  4.37 Mbits/sec  1.465 ms  75/465 (16%)  
[  8]  60.00-61.00  sec   574 KBytes  4.70 Mbits/sec  1.188 ms  15/435 (3.4%)  
[  8]  61.00-62.00  sec   585 KBytes  4.79 Mbits/sec  1.200 ms  31/459 (6.8%)  
[  8]  62.00-63.00  sec   585 KBytes  4.79 Mbits/sec  1.466 ms  18/446 (4%)  
[  8]  63.00-64.00  sec   554 KBytes  4.54 Mbits/sec  1.382 ms  39/444 (8.8%)  
[  8]  64.00-65.00  sec   607 KBytes  4.97 Mbits/sec  1.115 ms  2/446 (0.45%)  
[  8]  65.00-66.00  sec   364 KBytes  2.98 Mbits/sec  3.054 ms  142/408 (35%)  
[  8]  66.00-67.00  sec   520 KBytes  4.26 Mbits/sec  1.933 ms  107/487 (22%)  
[  8]  67.00-68.00  sec   577 KBytes  4.73 Mbits/sec  2.602 ms  22/444 (5%)  
[  8]  68.00-69.00  sec   600 KBytes  4.92 Mbits/sec  2.403 ms  9/448 (2%)  
[  8]  69.00-70.00  sec   566 KBytes  4.64 Mbits/sec  1.886 ms  32/446 (7.2%)  
[  8]  70.00-71.00  sec   535 KBytes  4.38 Mbits/sec  2.483 ms  48/439 (11%)  
[  8]  71.00-72.00  sec   617 KBytes  5.05 Mbits/sec  1.480 ms  5/456 (1.1%)  
[  8]  72.00-73.00  sec   606 KBytes  4.96 Mbits/sec  1.676 ms  2/445 (0.45%)  
[  8]  73.00-74.00  sec   603 KBytes  4.94 Mbits/sec  1.435 ms  4/445 (0.9%)  
[  8]  74.00-75.00  sec   604 KBytes  4.95 Mbits/sec  1.429 ms  6/448 (1.3%)  
[  8]  75.00-76.00  sec   492 KBytes  4.03 Mbits/sec  2.984 ms  83/443 (19%)  
[  8]  76.00-77.00  sec   585 KBytes  4.79 Mbits/sec  1.789 ms  20/448 (4.5%)  
[  8]  77.00-78.00  sec   495 KBytes  4.05 Mbits/sec  1.147 ms  81/443 (18%)  
[  8]  78.00-79.00  sec   581 KBytes  4.76 Mbits/sec  1.080 ms  27/452 (6%)  
[  8]  79.00-80.00  sec   599 KBytes  4.91 Mbits/sec  1.879 ms  6/444 (1.4%)  
[  8]  80.00-81.00  sec   548 KBytes  4.49 Mbits/sec  2.234 ms  32/433 (7.4%)  
[  8]  81.00-82.00  sec   537 KBytes  4.40 Mbits/sec  1.808 ms  71/464 (15%)  
[  8]  82.00-83.00  sec   468 KBytes  3.83 Mbits/sec  2.440 ms  40/382 (10%)  
[  8]  83.00-84.00  sec   465 KBytes  3.81 Mbits/sec  2.017 ms  114/454 (25%)  
[  8]  84.00-85.00  sec   431 KBytes  3.53 Mbits/sec  2.272 ms  187/502 (37%)  
[  8]  85.00-86.00  sec   604 KBytes  4.95 Mbits/sec  1.976 ms  6/448 (1.3%)  
[  8]  86.00-87.00  sec   603 KBytes  4.94 Mbits/sec  1.735 ms  3/444 (0.68%)  
[  8]  87.00-88.00  sec   581 KBytes  4.76 Mbits/sec  2.409 ms  16/441 (3.6%)  
[  8]  88.00-89.00  sec   584 KBytes  4.78 Mbits/sec  2.076 ms  26/453 (5.7%)  
[  8]  89.00-90.00  sec   599 KBytes  4.91 Mbits/sec  1.643 ms  7/445 (1.6%)  
[  8]  90.00-91.00  sec   547 KBytes  4.48 Mbits/sec  1.732 ms  46/446 (10%)  
[  8]  91.00-92.00  sec   600 KBytes  4.91 Mbits/sec  0.784 ms  10/449 (2.2%)  
[  8]  92.00-93.00  sec   610 KBytes  5.00 Mbits/sec  1.482 ms  1/447 (0.22%)  
[  8]  93.00-94.00  sec   604 KBytes  4.95 Mbits/sec  1.912 ms  4/446 (0.9%)  
[  8]  94.00-95.00  sec   606 KBytes  4.96 Mbits/sec  1.168 ms  2/445 (0.45%)  
[  8]  95.00-96.00  sec   584 KBytes  4.78 Mbits/sec  1.826 ms  12/439 (2.7%)  
[  8]  96.00-97.00  sec   600 KBytes  4.91 Mbits/sec  1.564 ms  11/450 (2.4%)  
[  8]  97.00-98.00  sec   499 KBytes  4.09 Mbits/sec  2.111 ms  82/447 (18%)  
[  8]  98.00-99.00  sec   597 KBytes  4.89 Mbits/sec  1.736 ms  12/449 (2.7%)  
[  8]  99.00-100.00 sec   597 KBytes  4.89 Mbits/sec  1.926 ms  11/448 (2.5%)  
[  8] 100.00-101.00 sec   556 KBytes  4.56 Mbits/sec  2.020 ms  38/445 (8.5%)  
[  8] 101.00-102.00 sec   578 KBytes  4.74 Mbits/sec  1.841 ms  22/445 (4.9%)  
[  8] 102.00-103.00 sec   607 KBytes  4.97 Mbits/sec  1.787 ms  6/450 (1.3%)  
[  8] 103.00-104.00 sec   522 KBytes  4.28 Mbits/sec  1.716 ms  61/443 (14%)  
[  8] 104.00-105.00 sec   588 KBytes  4.82 Mbits/sec  1.908 ms  20/450 (4.4%)  
[  8] 105.00-106.00 sec   608 KBytes  4.98 Mbits/sec  1.402 ms  2/447 (0.45%)  
[  8] 106.00-107.00 sec   570 KBytes  4.67 Mbits/sec  1.358 ms  29/446 (6.5%)  
[  8] 107.00-108.00 sec   610 KBytes  5.00 Mbits/sec  1.630 ms  0/446 (0%)  
[  8] 108.00-109.00 sec   566 KBytes  4.63 Mbits/sec  1.689 ms  28/442 (6.3%)  
[  8] 109.00-110.00 sec   495 KBytes  4.06 Mbits/sec  2.833 ms  87/449 (19%)  
[  8] 110.00-111.00 sec   591 KBytes  4.84 Mbits/sec  1.294 ms  16/449 (3.6%)  
[  8] 111.00-112.00 sec   606 KBytes  4.96 Mbits/sec  1.694 ms  2/445 (0.45%)  
[  8] 112.00-113.00 sec   581 KBytes  4.76 Mbits/sec  1.343 ms  20/445 (4.5%)  
[  8] 113.00-114.00 sec   602 KBytes  4.93 Mbits/sec  2.279 ms  6/446 (1.3%)  
[  8] 114.00-115.00 sec   567 KBytes  4.65 Mbits/sec  2.595 ms  30/445 (6.7%)  
[  8] 115.00-116.00 sec   603 KBytes  4.94 Mbits/sec  2.339 ms  7/448 (1.6%)  
[  8] 116.00-117.00 sec   589 KBytes  4.83 Mbits/sec  2.178 ms  15/446 (3.4%)  
[  8] 117.00-118.00 sec   513 KBytes  4.20 Mbits/sec  1.958 ms  6/381 (1.6%)  
[  8] 118.00-119.00 sec   429 KBytes  3.52 Mbits/sec  1.845 ms  117/431 (27%)  
[  8] 119.00-120.00 sec   677 KBytes  5.54 Mbits/sec  1.985 ms  34/529 (6.4%)  
[  8] 120.00-121.00 sec   582 KBytes  4.77 Mbits/sec  1.327 ms  20/446 (4.5%)  
[  8] 121.00-122.00 sec   558 KBytes  4.57 Mbits/sec  2.377 ms  5/413 (1.2%)  
[  8] 122.00-123.01 sec   477 KBytes  3.89 Mbits/sec  3.131 ms  18/367 (4.9%)  
[  8] 123.01-124.00 sec   533 KBytes  4.39 Mbits/sec  2.141 ms  101/491 (21%)  
[  8] 124.00-125.00 sec   632 KBytes  5.18 Mbits/sec  1.886 ms  54/516 (10%)  
[  8] 125.00-126.00 sec   391 KBytes  3.20 Mbits/sec  3.524 ms  30/316 (9.5%)  
[  8] 126.00-127.00 sec   346 KBytes  2.83 Mbits/sec  3.497 ms  148/401 (37%)  
[  8] 127.00-128.00 sec   614 KBytes  5.03 Mbits/sec  2.002 ms  171/620 (28%)  
[  8] 128.00-129.00 sec   602 KBytes  4.93 Mbits/sec  2.169 ms  7/447 (1.6%)  
[  8] 129.00-130.00 sec   604 KBytes  4.95 Mbits/sec  1.151 ms  6/448 (1.3%)  
[  8] 130.00-131.00 sec   595 KBytes  4.87 Mbits/sec  2.149 ms  11/446 (2.5%)  
[  8] 131.00-132.00 sec   604 KBytes  4.95 Mbits/sec  1.542 ms  5/447 (1.1%)  
[  8] 132.00-133.00 sec   599 KBytes  4.91 Mbits/sec  1.370 ms  4/442 (0.9%)  
[  8] 133.00-134.00 sec   584 KBytes  4.78 Mbits/sec  2.515 ms  24/451 (5.3%)  
[  8] 134.00-135.00 sec   602 KBytes  4.93 Mbits/sec  1.660 ms  5/445 (1.1%)  
[  8] 135.00-136.00 sec   597 KBytes  4.89 Mbits/sec  1.865 ms  11/448 (2.5%)  
[  8] 136.00-137.00 sec   596 KBytes  4.88 Mbits/sec  2.771 ms  2/438 (0.46%)  
[  8] 137.00-138.00 sec   610 KBytes  4.99 Mbits/sec  1.570 ms  8/454 (1.8%)  
[  8] 138.00-139.00 sec   592 KBytes  4.85 Mbits/sec  1.996 ms  13/446 (2.9%)  
[  8] 139.00-140.00 sec   584 KBytes  4.78 Mbits/sec  2.221 ms  15/442 (3.4%)  
[  8] 140.00-141.00 sec   603 KBytes  4.94 Mbits/sec  1.438 ms  12/453 (2.6%)  
[  8] 141.00-142.00 sec   597 KBytes  4.89 Mbits/sec  1.964 ms  6/443 (1.4%)  
[  8] 142.00-143.00 sec   587 KBytes  4.80 Mbits/sec  1.366 ms  20/449 (4.5%)  
[  8] 143.00-144.00 sec   593 KBytes  4.86 Mbits/sec  1.238 ms  10/444 (2.3%)  
[  8] 144.00-145.00 sec   597 KBytes  4.89 Mbits/sec  1.237 ms  11/448 (2.5%)  
[  8] 145.00-146.00 sec   603 KBytes  4.94 Mbits/sec  1.948 ms  3/444 (0.68%)  
[  8] 146.00-147.00 sec   592 KBytes  4.85 Mbits/sec  2.247 ms  7/440 (1.6%)  
[  8] 147.00-148.00 sec   585 KBytes  4.79 Mbits/sec  1.445 ms  26/454 (5.7%)  
[  8] 148.00-149.00 sec   592 KBytes  4.85 Mbits/sec  1.511 ms  15/448 (3.3%)  
[  8] 149.00-150.00 sec   602 KBytes  4.93 Mbits/sec  1.880 ms  3/443 (0.68%)  
[  8] 150.00-151.00 sec   604 KBytes  4.95 Mbits/sec  1.522 ms  8/450 (1.8%)  
[  8] 151.00-152.00 sec   576 KBytes  4.71 Mbits/sec  1.710 ms  27/448 (6%)  
[  8] 152.00-153.00 sec   571 KBytes  4.68 Mbits/sec  1.226 ms  26/444 (5.9%)  
[  8] 153.00-154.00 sec   587 KBytes  4.80 Mbits/sec  2.224 ms  17/446 (3.8%)  
[  8] 154.00-155.00 sec   602 KBytes  4.93 Mbits/sec  2.071 ms  3/443 (0.68%)  
[  8] 155.00-156.00 sec   597 KBytes  4.90 Mbits/sec  2.221 ms  13/450 (2.9%)  
[  8] 156.00-157.00 sec   600 KBytes  4.92 Mbits/sec  1.924 ms  9/448 (2%)  
[  8] 157.00-158.00 sec   591 KBytes  4.84 Mbits/sec  2.354 ms  13/445 (2.9%)  
[  8] 158.00-159.00 sec   546 KBytes  4.47 Mbits/sec  0.839 ms  48/447 (11%)  
[  8] 159.00-160.00 sec   580 KBytes  4.75 Mbits/sec  1.956 ms  21/445 (4.7%)  
[  8] 160.00-161.00 sec   584 KBytes  4.78 Mbits/sec  1.954 ms  18/445 (4%)  
[  8] 161.00-162.00 sec   562 KBytes  4.60 Mbits/sec  1.935 ms  38/449 (8.5%)  
[  8] 162.00-163.00 sec   585 KBytes  4.79 Mbits/sec  1.932 ms  17/445 (3.8%)  
[  8] 163.00-164.00 sec   578 KBytes  4.74 Mbits/sec  2.480 ms  16/439 (3.6%)  
[  8] 164.00-165.00 sec   522 KBytes  4.28 Mbits/sec  1.441 ms  73/455 (16%)  
[  8] 165.00-166.00 sec   607 KBytes  4.97 Mbits/sec  1.756 ms  1/445 (0.22%)  
[  8] 166.00-167.00 sec   587 KBytes  4.80 Mbits/sec  2.130 ms  16/445 (3.6%)  
[  8] 167.00-168.00 sec   574 KBytes  4.70 Mbits/sec  2.030 ms  29/449 (6.5%)  
[  8] 168.00-169.00 sec   559 KBytes  4.58 Mbits/sec  1.335 ms  35/444 (7.9%)  
[  8] 169.00-170.00 sec   584 KBytes  4.78 Mbits/sec  2.473 ms  20/447 (4.5%)  
[  8] 170.00-171.00 sec   543 KBytes  4.45 Mbits/sec  1.958 ms  48/445 (11%)  
[  8] 171.00-172.00 sec   612 KBytes  5.02 Mbits/sec  1.910 ms  2/450 (0.44%)  
[  8] 172.00-173.00 sec   499 KBytes  4.09 Mbits/sec  2.381 ms  32/397 (8.1%)  
[  8] 173.00-174.00 sec   640 KBytes  5.24 Mbits/sec  1.622 ms  18/486 (3.7%)  
[  8] 174.00-175.00 sec   476 KBytes  3.90 Mbits/sec  1.529 ms  52/400 (13%)  
[  8] 175.00-176.00 sec   517 KBytes  4.23 Mbits/sec  2.507 ms  8/386 (2.1%)  
[  8] 176.00-177.00 sec   611 KBytes  5.01 Mbits/sec  1.403 ms  117/564 (21%)  
[  8] 177.00-178.00 sec   597 KBytes  4.89 Mbits/sec  1.015 ms  9/446 (2%)  
[  8] 178.00-179.00 sec   591 KBytes  4.84 Mbits/sec  1.815 ms  14/446 (3.1%)  
[  8] 179.00-180.00 sec   599 KBytes  4.91 Mbits/sec  1.368 ms  9/447 (2%)  
[  8] 180.00-180.01 sec  2.73 KBytes  4.36 Mbits/sec  1.394 ms  0/2 (0%)  
- - - - - - - - - - - - - - - - - - - - - - - - -
[ ID] Interval           Transfer     Bitrate         Jitter    Lost/Total Datagrams
[  8]   0.00-180.01 sec   101 MBytes  4.71 Mbits/sec  1.394 ms  4727/80357 (5.9%)  receiver
