-----------------------------------------------------------
Server listening on 5201 (test #1)
-----------------------------------------------------------
Accepted connection from 10.0.0.43, port 57006
[  8] local 10.0.0.107 port 5201 connected to 10.0.0.43 port 54378
[ ID] Interval           Transfer     Bitrate         Jitter    Lost/Total Datagrams
[  8]   0.00-1.00   sec   271 KBytes  2.22 Mbits/sec  5.401 ms  7/205 (3.4%)  
[  8]   1.00-2.00   sec   278 KBytes  2.27 Mbits/sec  0.933 ms  8/211 (3.8%)  
[  8]   2.00-3.00   sec   276 KBytes  2.26 Mbits/sec  4.840 ms  12/214 (5.6%)  
[  8]   3.00-4.00   sec   238 KBytes  1.95 Mbits/sec  2.675 ms  10/184 (5.4%)  
[  8]   4.00-5.00   sec   283 KBytes  2.32 Mbits/sec  2.191 ms  67/274 (24%)  
[  8]   5.00-6.00   sec   328 KBytes  2.69 Mbits/sec  1.352 ms  9/249 (3.6%)  
[  8]   6.00-7.00   sec   288 KBytes  2.36 Mbits/sec  1.697 ms  10/221 (4.5%)  
[  8]   7.00-8.00   sec   305 KBytes  2.50 Mbits/sec  1.868 ms  2/225 (0.89%)  
[  8]   8.00-9.00   sec   283 KBytes  2.32 Mbits/sec  0.998 ms  10/217 (4.6%)  
[  8]   9.00-10.00  sec   302 KBytes  2.48 Mbits/sec  3.810 ms  9/230 (3.9%)  
[  8]  10.00-11.00  sec   272 KBytes  2.23 Mbits/sec  2.721 ms  24/223 (11%)  
[  8]  11.00-12.00  sec   291 KBytes  2.39 Mbits/sec  4.639 ms  7/220 (3.2%)  
[  8]  12.00-13.00  sec   295 KBytes  2.42 Mbits/sec  2.257 ms  11/227 (4.8%)  
[  8]  13.00-14.00  sec   246 KBytes  2.02 Mbits/sec  3.174 ms  43/223 (19%)  
[  8]  14.00-15.00  sec   120 KBytes   986 Kbits/sec  10.187 ms  36/124 (29%)  
[  8]  15.00-16.00  sec   194 KBytes  1.59 Mbits/sec  5.233 ms  65/207 (31%)  
[  8]  16.00-17.00  sec   187 KBytes  1.53 Mbits/sec  7.842 ms  94/231 (41%)  
[  8]  17.00-18.00  sec   130 KBytes  1.06 Mbits/sec  9.567 ms  69/164 (42%)  
[  8]  18.00-19.00  sec   164 KBytes  1.34 Mbits/sec  6.962 ms  47/167 (28%)  
[  8]  19.00-20.00  sec   351 KBytes  2.88 Mbits/sec  4.375 ms  140/397 (35%)  
[  8]  20.00-20.07  sec  35.5 KBytes  4.10 Mbits/sec  5.766 ms  15/41 (37%)  
- - - - - - - - - - - - - - - - - - - - - - - - -
[ ID] Interval           Transfer     Bitrate         Jitter    Lost/Total Datagrams
[  8]   0.00-20.07  sec  5.02 MBytes  2.10 Mbits/sec  5.766 ms  695/4454 (16%)  receiver
