-----------------------------------------------------------
Server listening on 5201 (test #1)
-----------------------------------------------------------
Accepted connection from 10.0.0.89, port 33300
[  8] local 10.0.0.121 port 5201 connected to 10.0.0.89 port 41837
[ ID] Interval           Transfer     Bitrate         Jitter    Lost/Total Datagrams
[  8]   0.00-1.00   sec  52.0 KBytes   426 Kbits/sec  6.423 ms  0/38 (0%)  
[  8]   1.00-2.00   sec  56.1 KBytes   459 Kbits/sec  5.713 ms  3/44 (6.8%)  
[  8]   2.00-3.00   sec  58.8 KBytes   482 Kbits/sec  7.333 ms  0/43 (0%)  
[  8]   3.00-4.00   sec  47.9 KBytes   392 Kbits/sec  8.475 ms  2/37 (5.4%)  
[  8]   4.00-5.00   sec  72.5 KBytes   594 Kbits/sec  7.235 ms  8/61 (13%)  
[  8]   5.00-6.00   sec  61.5 KBytes   504 Kbits/sec  4.598 ms  0/45 (0%)  
[  8]   6.00-7.00   sec  60.2 KBytes   493 Kbits/sec  3.723 ms  0/44 (0%)  
[  8]   7.00-8.00   sec  61.5 KBytes   504 Kbits/sec  2.586 ms  0/45 (0%)  
[  8]   8.00-9.00   sec  60.2 KBytes   493 Kbits/sec  3.138 ms  1/45 (2.2%)  
[  8]   9.00-10.00  sec  58.8 KBytes   482 Kbits/sec  2.987 ms  1/44 (2.3%)  
[  8]  10.00-11.00  sec  58.8 KBytes   482 Kbits/sec  3.472 ms  0/43 (0%)  
[  8]  11.00-12.00  sec  61.5 KBytes   504 Kbits/sec  6.878 ms  2/47 (4.3%)  
[  8]  12.00-13.00  sec  41.0 KBytes   336 Kbits/sec  14.319 ms  0/30 (0%)  
[  8]  13.00-14.00  sec  30.1 KBytes   246 Kbits/sec  15.545 ms  5/27 (19%)  
[  8]  14.00-15.00  sec  32.8 KBytes   269 Kbits/sec  13.403 ms  28/52 (54%)  
[  8]  15.00-16.00  sec  64.3 KBytes   526 Kbits/sec  9.413 ms  22/69 (32%)  
[  8]  16.00-17.00  sec  49.2 KBytes   403 Kbits/sec  11.139 ms  3/39 (7.7%)  
[  8]  17.00-18.00  sec  58.8 KBytes   482 Kbits/sec  9.514 ms  7/50 (14%)  
[  8]  18.00-19.00  sec  57.4 KBytes   470 Kbits/sec  12.488 ms  3/45 (6.7%)  
[  8]  19.00-20.00  sec  60.2 KBytes   493 Kbits/sec  4.101 ms  1/45 (2.2%)  
- - - - - - - - - - - - - - - - - - - - - - - - -
[ ID] Interval           Transfer     Bitrate         Jitter    Lost/Total Datagrams
[  8]   0.00-20.01  sec  1.08 MBytes   452 Kbits/sec  4.101 ms  86/893 (9.6%)  receiver
