-----------------------------------------------------------
Server listening on 5201 (test #1)
-----------------------------------------------------------
Accepted connection from 10.0.0.93, port 54394
[  8] local 10.0.0.125 port 5201 connected to 10.0.0.93 port 33443
[ ID] Interval           Transfer     Bitrate         Jitter    Lost/Total Datagrams
[  8]   0.00-1.00   sec   254 KBytes  2.08 Mbits/sec  3.156 ms  2/188 (1.1%)  
[  8]   1.00-2.00   sec   287 KBytes  2.35 Mbits/sec  2.227 ms  3/213 (1.4%)  
[  8]   2.00-3.00   sec   299 KBytes  2.45 Mbits/sec  5.064 ms  2/221 (0.9%)  
[  8]   3.00-4.00   sec   220 KBytes  1.80 Mbits/sec  3.588 ms  30/191 (16%)  
[  8]   4.00-5.00   sec   371 KBytes  3.04 Mbits/sec  3.003 ms  29/300 (9.7%)  
[  8]   5.00-6.00   sec   304 KBytes  2.49 Mbits/sec  1.340 ms  3/225 (1.3%)  
[  8]   6.00-7.00   sec   301 KBytes  2.46 Mbits/sec  1.888 ms  3/223 (1.3%)  
[  8]   7.00-8.00   sec   305 KBytes  2.50 Mbits/sec  1.664 ms  0/223 (0%)  
[  8]   8.00-9.00   sec   299 KBytes  2.45 Mbits/sec  1.787 ms  4/223 (1.8%)  
[  8]   9.00-10.00  sec   299 KBytes  2.45 Mbits/sec  2.291 ms  3/222 (1.4%)  
[  8]  10.00-11.00  sec   298 KBytes  2.44 Mbits/sec  3.298 ms  4/222 (1.8%)  
[  8]  11.00-12.00  sec   299 KBytes  2.45 Mbits/sec  4.321 ms  5/224 (2.2%)  
[  8]  12.00-13.00  sec   193 KBytes  1.58 Mbits/sec  8.373 ms  7/148 (4.7%)  
[  8]  13.00-14.00  sec   159 KBytes  1.30 Mbits/sec  5.347 ms  28/144 (19%)  
[  8]  14.00-15.00  sec   185 KBytes  1.51 Mbits/sec  4.643 ms  117/252 (46%)  
[  8]  15.00-16.00  sec   313 KBytes  2.56 Mbits/sec  3.573 ms  115/344 (33%)  
[  8]  16.00-17.00  sec   249 KBytes  2.04 Mbits/sec  5.805 ms  17/199 (8.5%)  
[  8]  17.00-18.00  sec   288 KBytes  2.36 Mbits/sec  4.622 ms  42/253 (17%)  
[  8]  18.00-19.00  sec   280 KBytes  2.30 Mbits/sec  3.633 ms  16/221 (7.2%)  
[  8]  19.00-20.00  sec   302 KBytes  2.48 Mbits/sec  0.640 ms  6/227 (2.6%)  
[  8]  20.00-20.01  sec  2.73 KBytes  3.15 Mbits/sec  0.564 ms  0/2 (0%)  
- - - - - - - - - - - - - - - - - - - - - - - - -
[ ID] Interval           Transfer     Bitrate         Jitter    Lost/Total Datagrams
[  8]   0.00-20.01  sec  5.38 MBytes  2.26 Mbits/sec  0.564 ms  436/4465 (9.8%)  receiver
