-----------------------------------------------------------
Server listening on 5201 (test #1)
-----------------------------------------------------------
Accepted connection from 10.0.0.9, port 54442
[  8] local 10.0.0.73 port 5201 connected to 10.0.0.9 port 39628
[ ID] Interval           Transfer     Bitrate         Jitter    Lost/Total Datagrams
[  8]   0.00-1.00   sec  61.5 KBytes   504 Kbits/sec  4.671 ms  0/45 (0%)  
[  8]   1.00-2.00   sec  60.2 KBytes   493 Kbits/sec  5.577 ms  0/44 (0%)  
[  8]   2.00-3.00   sec  57.4 KBytes   470 Kbits/sec  6.649 ms  3/45 (6.7%)  
[  8]   3.00-4.00   sec  49.2 KBytes   403 Kbits/sec  10.641 ms  5/41 (12%)  
[  8]   4.00-5.00   sec  46.5 KBytes   381 Kbits/sec  11.382 ms  14/48 (29%)  
[  8]   5.00-6.00   sec  54.7 KBytes   448 Kbits/sec  6.312 ms  4/44 (9.1%)  
[  8]   6.00-7.00   sec  54.7 KBytes   448 Kbits/sec  3.178 ms  5/45 (11%)  
[  8]   7.00-8.00   sec  57.4 KBytes   470 Kbits/sec  4.214 ms  1/43 (2.3%)  
[  8]   8.00-9.00   sec  50.6 KBytes   414 Kbits/sec  4.986 ms  10/47 (21%)  
[  8]   9.00-10.00  sec  57.4 KBytes   470 Kbits/sec  3.660 ms  2/44 (4.5%)  
[  8]  10.00-11.00  sec  52.0 KBytes   426 Kbits/sec  8.804 ms  6/44 (14%)  
[  8]  11.00-12.00  sec  50.6 KBytes   414 Kbits/sec  8.747 ms  5/42 (12%)  
[  8]  12.00-13.00  sec  30.1 KBytes   246 Kbits/sec  20.297 ms  7/29 (24%)  
[  8]  13.00-14.00  sec  17.8 KBytes   146 Kbits/sec  31.099 ms  22/35 (63%)  
[  8]  14.00-15.00  sec  6.84 KBytes  56.0 Kbits/sec  34.399 ms  37/42 (88%)  
[  8]  15.00-16.00  sec  34.2 KBytes   280 Kbits/sec  35.227 ms  23/48 (48%)  
[  8]  16.00-17.00  sec  38.3 KBytes   314 Kbits/sec  21.841 ms  23/51 (45%)  
[  8]  17.00-18.00  sec  24.6 KBytes   201 Kbits/sec  25.664 ms  19/37 (51%)  
[  8]  18.00-19.00  sec  23.2 KBytes   191 Kbits/sec  26.522 ms  12/29 (41%)  
[  8]  19.00-20.00  sec  62.9 KBytes   515 Kbits/sec  22.421 ms  33/79 (42%)  
[  8]  20.00-20.22  sec  9.57 KBytes   363 Kbits/sec  21.121 ms  4/11 (36%)  
- - - - - - - - - - - - - - - - - - - - - - - - -
[ ID] Interval           Transfer     Bitrate         Jitter    Lost/Total Datagrams
[  8]   0.00-20.22  sec   900 KBytes   365 Kbits/sec  21.121 ms  235/893 (26%)  receiver
