-----------------------------------------------------------
Server listening on 5201 (test #1)
-----------------------------------------------------------
Accepted connection from 10.0.0.91, port 42654
[  8] local 10.0.0.123 port 5201 connected to 10.0.0.91 port 38862
[ ID] Interval           Transfer     Bitrate         Jitter    Lost/Total Datagrams
[  8]   0.00-1.00   sec   252 KBytes  2.06 Mbits/sec  1.854 ms  0/184 (0%)  
[  8]   1.00-2.00   sec   302 KBytes  2.48 Mbits/sec  1.983 ms  0/221 (0%)  
[  8]   2.00-3.00   sec   297 KBytes  2.43 Mbits/sec  2.528 ms  2/219 (0.91%)  
[  8]   3.00-4.00   sec   221 KBytes  1.81 Mbits/sec  3.291 ms  23/185 (12%)  
[  8]   4.00-5.00   sec   360 KBytes  2.95 Mbits/sec  2.891 ms  39/302 (13%)  
[  8]   5.00-6.00   sec   302 KBytes  2.48 Mbits/sec  0.869 ms  6/227 (2.6%)  
[  8]   6.00-7.00   sec   302 KBytes  2.48 Mbits/sec  1.584 ms  2/223 (0.9%)  
[  8]   7.00-8.00   sec   304 KBytes  2.49 Mbits/sec  0.965 ms  1/223 (0.45%)  
[  8]   8.00-9.00   sec   293 KBytes  2.40 Mbits/sec  0.881 ms  6/220 (2.7%)  
[  8]   9.00-10.00  sec   306 KBytes  2.50 Mbits/sec  1.935 ms  2/226 (0.88%)  
[  8]  10.00-11.00  sec   298 KBytes  2.45 Mbits/sec  2.512 ms  3/221 (1.4%)  
[  8]  11.00-12.00  sec   294 KBytes  2.41 Mbits/sec  2.516 ms  10/225 (4.4%)  
[  8]  12.00-13.00  sec   194 KBytes  1.59 Mbits/sec  5.829 ms  6/148 (4.1%)  
[  8]  13.00-14.00  sec   156 KBytes  1.28 Mbits/sec  6.615 ms  32/146 (22%)  
[  8]  14.00-15.00  sec   175 KBytes  1.43 Mbits/sec  8.102 ms  120/248 (48%)  
[  8]  15.00-16.00  sec   308 KBytes  2.52 Mbits/sec  2.529 ms  116/341 (34%)  
[  8]  16.00-17.00  sec   258 KBytes  2.12 Mbits/sec  4.585 ms  17/206 (8.3%)  
[  8]  17.00-18.00  sec   278 KBytes  2.27 Mbits/sec  2.695 ms  46/249 (18%)  
[  8]  18.00-19.00  sec   290 KBytes  2.37 Mbits/sec  3.634 ms  13/225 (5.8%)  
[  8]  19.00-20.00  sec   301 KBytes  2.46 Mbits/sec  0.801 ms  5/225 (2.2%)  
[  8]  20.00-20.00  sec  1.37 KBytes  4.96 Mbits/sec  0.755 ms  0/1 (0%)  
- - - - - - - - - - - - - - - - - - - - - - - - -
[ ID] Interval           Transfer     Bitrate         Jitter    Lost/Total Datagrams
[  8]   0.00-20.00  sec  5.36 MBytes  2.25 Mbits/sec  0.755 ms  449/4465 (10%)  receiver
