-----------------------------------------------------------
Server listening on 5201 (test #1)
-----------------------------------------------------------
Accepted connection from 10.0.0.13, port 52218
[  8] local 10.0.0.77 port 5201 connected to 10.0.0.13 port 42217
[ ID] Interval           Transfer     Bitrate         Jitter    Lost/Total Datagrams
[  8]   0.00-1.00   sec  39.6 KBytes   325 Kbits/sec  9.118 ms  13/42 (31%)  
[  8]   1.00-2.00   sec  46.5 KBytes   381 Kbits/sec  10.923 ms  12/46 (26%)  
[  8]   2.00-3.00   sec  34.2 KBytes   280 Kbits/sec  16.187 ms  11/36 (31%)  
[  8]   3.00-4.00   sec  21.9 KBytes   179 Kbits/sec  23.080 ms  20/36 (56%)  
[  8]   4.00-5.00   sec  31.4 KBytes   258 Kbits/sec  14.762 ms  23/46 (50%)  
[  8]   5.00-6.00   sec  6.84 KBytes  56.0 Kbits/sec  23.831 ms  28/33 (85%)  
[  8]   6.00-7.00   sec  32.8 KBytes   269 Kbits/sec  16.312 ms  32/56 (57%)  
[  8]   7.00-8.00   sec  19.1 KBytes   157 Kbits/sec  19.428 ms  30/44 (68%)  
[  8]   8.00-9.01   sec  16.4 KBytes   133 Kbits/sec  28.033 ms  25/37 (68%)  
[  8]   9.01-10.00  sec  30.1 KBytes   248 Kbits/sec  20.957 ms  31/53 (58%)  
[  8]  10.00-11.00  sec  27.3 KBytes   224 Kbits/sec  21.476 ms  33/53 (62%)  
[  8]  11.00-12.00  sec  21.9 KBytes   179 Kbits/sec  21.761 ms  18/34 (53%)  
[  8]  12.00-13.00  sec  17.8 KBytes   146 Kbits/sec  19.310 ms  36/49 (73%)  
[  8]  13.00-14.00  sec  31.4 KBytes   258 Kbits/sec  14.142 ms  27/50 (54%)  
[  8]  14.00-15.00  sec  27.3 KBytes   224 Kbits/sec  15.626 ms  26/46 (57%)  
[  8]  15.00-16.00  sec  21.9 KBytes   179 Kbits/sec  19.239 ms  16/32 (50%)  
[  8]  16.00-17.00  sec  21.9 KBytes   179 Kbits/sec  20.551 ms  28/44 (64%)  
[  8]  17.00-18.00  sec  26.0 KBytes   212 Kbits/sec  19.847 ms  31/50 (62%)  
[  8]  18.00-19.00  sec  19.1 KBytes   157 Kbits/sec  30.971 ms  41/55 (75%)  
[  8]  19.00-20.00  sec  13.7 KBytes   112 Kbits/sec  37.204 ms  9/19 (47%)  
[  8]  20.00-20.37  sec  10.9 KBytes   243 Kbits/sec  49.779 ms  22/30 (73%)  
- - - - - - - - - - - - - - - - - - - - - - - - -
[ ID] Interval           Transfer     Bitrate         Jitter    Lost/Total Datagrams
[  8]   0.00-20.37  sec   518 KBytes   208 Kbits/sec  49.779 ms  512/891 (57%)  receiver
