-----------------------------------------------------------
Server listening on 5201 (test #1)
-----------------------------------------------------------
Accepted connection from 10.0.0.3, port 54944
[  8] local 10.0.0.67 port 5201 connected to 10.0.0.3 port 54946
[ 11] local 10.0.0.67 port 5201 connected to 10.0.0.3 port 54952
[ 13] local 10.0.0.67 port 5201 connected to 10.0.0.3 port 54954
[ 15] local 10.0.0.67 port 5201 connected to 10.0.0.3 port 54966
[ ID] Interval           Transfer     Bitrate
[  8]   0.00-1.00   sec   122 MBytes  1.02 Gbits/sec                  
[ 11]   0.00-1.00   sec   165 MBytes  1.38 Gbits/sec                  
[ 13]   0.00-1.00   sec   207 MBytes  1.73 Gbits/sec                  
[ 15]   0.00-1.00   sec  84.8 MBytes   709 Mbits/sec                  
[SUM]   0.00-1.00   sec   579 MBytes  4.85 Gbits/sec                  
- - - - - - - - - - - - - - - - - - - - - - - - -
[  8]   1.00-2.00   sec   269 MBytes  2.26 Gbits/sec                  
[ 11]   1.00-2.00   sec  63.8 MBytes   536 Mbits/sec                  
[ 13]   1.00-2.00   sec   170 MBytes  1.43 Gbits/sec                  
[ 15]   1.00-2.00   sec  89.6 MBytes   754 Mbits/sec                  
[SUM]   1.00-2.00   sec   592 MBytes  4.98 Gbits/sec                  
- - - - - - - - - - - - - - - - - - - - - - - - -
[  8]   2.00-3.00   sec   120 MBytes  1.01 Gbits/sec                  
[ 11]   2.00-3.00   sec  78.4 MBytes   658 Mbits/sec                  
[ 13]   2.00-3.00   sec   278 MBytes  2.33 Gbits/sec                  
[ 15]   2.00-3.00   sec  86.8 MBytes   728 Mbits/sec                  
[SUM]   2.00-3.00   sec   564 MBytes  4.73 Gbits/sec                  
- - - - - - - - - - - - - - - - - - - - - - - - -
[  8]   3.00-4.00   sec   136 MBytes  1.14 Gbits/sec                  
[ 11]   3.00-4.00   sec  81.9 MBytes   687 Mbits/sec                  
[ 13]   3.00-4.00   sec   280 MBytes  2.35 Gbits/sec                  
[ 15]   3.00-4.00   sec  89.9 MBytes   754 Mbits/sec                  
[SUM]   3.00-4.00   sec   588 MBytes  4.93 Gbits/sec                  
- - - - - - - - - - - - - - - - - - - - - - - - -
[  8]   4.00-5.00   sec   961 MBytes  8.06 Gbits/sec                  
[ 11]   4.00-5.00   sec   160 MBytes  1.35 Gbits/sec                  
[ 13]   4.00-5.00   sec   233 MBytes  1.96 Gbits/sec                  
[ 15]   4.00-5.00   sec   208 MBytes  1.74 Gbits/sec                  
[SUM]   4.00-5.00   sec  1.53 GBytes  13.1 Gbits/sec                  
- - - - - - - - - - - - - - - - - - - - - - - - -
[  8]   5.00-6.00   sec  1.02 GBytes  8.78 Gbits/sec                  
[ 11]   5.00-6.00   sec   257 MBytes  2.16 Gbits/sec                  
[ 13]   5.00-6.00   sec   326 MBytes  2.74 Gbits/sec                  
[ 15]   5.00-6.00   sec   245 MBytes  2.05 Gbits/sec                  
[SUM]   5.00-6.00   sec  1.83 GBytes  15.7 Gbits/sec                  
- - - - - - - - - - - - - - - - - - - - - - - - -
[  8]   6.00-7.00   sec   995 MBytes  8.32 Gbits/sec                  
[ 11]   6.00-7.00   sec   454 MBytes  3.80 Gbits/sec                  
[ 13]   6.00-7.00   sec   218 MBytes  1.82 Gbits/sec                  
[ 15]   6.00-7.00   sec   466 MBytes  3.89 Gbits/sec                  
[SUM]   6.00-7.00   sec  2.08 GBytes  17.8 Gbits/sec                  
- - - - - - - - - - - - - - - - - - - - - - - - -
[  8]   7.00-8.00   sec   385 MBytes  3.24 Gbits/sec                  
[ 11]   7.00-8.00   sec   315 MBytes  2.65 Gbits/sec                  
[ 13]   7.00-8.00   sec   302 MBytes  2.54 Gbits/sec                  
[ 15]   7.00-8.00   sec   277 MBytes  2.33 Gbits/sec                  
[SUM]   7.00-8.00   sec  1.25 GBytes  10.8 Gbits/sec                  
- - - - - - - - - - - - - - - - - - - - - - - - -
[  8]   8.00-9.00   sec   360 MBytes  3.02 Gbits/sec                  
[ 11]   8.00-9.00   sec   344 MBytes  2.89 Gbits/sec                  
[ 13]   8.00-9.00   sec   299 MBytes  2.51 Gbits/sec                  
[ 15]   8.00-9.00   sec   335 MBytes  2.81 Gbits/sec                  
[SUM]   8.00-9.00   sec  1.31 GBytes  11.2 Gbits/sec                  
- - - - - - - - - - - - - - - - - - - - - - - - -
[  8]   9.00-10.00  sec   341 MBytes  2.86 Gbits/sec                  
[ 11]   9.00-10.00  sec   445 MBytes  3.74 Gbits/sec                  
[ 13]   9.00-10.00  sec   110 MBytes   918 Mbits/sec                  
[ 15]   9.00-10.00  sec   606 MBytes  5.08 Gbits/sec                  
[SUM]   9.00-10.00  sec  1.47 GBytes  12.6 Gbits/sec                  
- - - - - - - - - - - - - - - - - - - - - - - - -
[  8]  10.00-11.00  sec   530 MBytes  4.44 Gbits/sec                  
[ 11]  10.00-11.00  sec   819 MBytes  6.86 Gbits/sec                  
[ 13]  10.00-11.00  sec   156 MBytes  1.31 Gbits/sec                  
[ 15]  10.00-11.00  sec  1.15 GBytes  9.88 Gbits/sec                  
[SUM]  10.00-11.00  sec  2.62 GBytes  22.5 Gbits/sec                  
- - - - - - - - - - - - - - - - - - - - - - - - -
[  8]  11.00-12.00  sec   261 MBytes  2.19 Gbits/sec                  
[ 11]  11.00-12.00  sec   717 MBytes  6.02 Gbits/sec                  
[ 13]  11.00-12.00  sec   172 MBytes  1.45 Gbits/sec                  
[ 15]  11.00-12.00  sec   632 MBytes  5.30 Gbits/sec                  
[SUM]  11.00-12.00  sec  1.74 GBytes  15.0 Gbits/sec                  
- - - - - - - - - - - - - - - - - - - - - - - - -
[  8]  12.00-13.00  sec   367 MBytes  3.08 Gbits/sec                  
[ 11]  12.00-13.00  sec   516 MBytes  4.33 Gbits/sec                  
[ 13]  12.00-13.00  sec   401 MBytes  3.36 Gbits/sec                  
[ 15]  12.00-13.00  sec   148 MBytes  1.24 Gbits/sec                  
[SUM]  12.00-13.00  sec  1.40 GBytes  12.0 Gbits/sec                  
- - - - - - - - - - - - - - - - - - - - - - - - -
[  8]  13.00-14.00  sec   129 MBytes  1.08 Gbits/sec                  
[ 11]  13.00-14.00  sec   301 MBytes  2.52 Gbits/sec                  
[ 13]  13.00-14.00  sec   522 MBytes  4.38 Gbits/sec                  
[ 15]  13.00-14.00  sec   127 MBytes  1.07 Gbits/sec                  
[SUM]  13.00-14.00  sec  1.05 GBytes  9.05 Gbits/sec                  
- - - - - - - - - - - - - - - - - - - - - - - - -
[  8]  14.00-15.00  sec   112 MBytes   941 Mbits/sec                  
[ 11]  14.00-15.00  sec   255 MBytes  2.14 Gbits/sec                  
[ 13]  14.00-15.00  sec   316 MBytes  2.64 Gbits/sec                  
[ 15]  14.00-15.00  sec  97.8 MBytes   818 Mbits/sec                  
[SUM]  14.00-15.00  sec   781 MBytes  6.54 Gbits/sec                  
- - - - - - - - - - - - - - - - - - - - - - - - -
[  8]  15.00-16.00  sec   103 MBytes   867 Mbits/sec                  
[ 11]  15.00-16.00  sec   289 MBytes  2.43 Gbits/sec                  
[ 13]  15.00-16.00  sec   868 MBytes  7.30 Gbits/sec                  
[ 15]  15.00-16.00  sec  92.6 MBytes   779 Mbits/sec                  
[SUM]  15.00-16.00  sec  1.32 GBytes  11.4 Gbits/sec                  
- - - - - - - - - - - - - - - - - - - - - - - - -
[  8]  16.00-17.00  sec  97.6 MBytes   820 Mbits/sec                  
[ 11]  16.00-17.00  sec   566 MBytes  4.75 Gbits/sec                  
[ 13]  16.00-17.00  sec   516 MBytes  4.33 Gbits/sec                  
[ 15]  16.00-17.00  sec  81.4 MBytes   683 Mbits/sec                  
[SUM]  16.00-17.00  sec  1.23 GBytes  10.6 Gbits/sec                  
- - - - - - - - - - - - - - - - - - - - - - - - -
[  8]  17.00-18.00  sec  88.0 MBytes   738 Mbits/sec                  
[ 11]  17.00-18.00  sec   390 MBytes  3.27 Gbits/sec                  
[ 13]  17.00-18.00  sec   653 MBytes  5.48 Gbits/sec                  
[ 15]  17.00-18.00  sec  74.0 MBytes   620 Mbits/sec                  
[SUM]  17.00-18.00  sec  1.18 GBytes  10.1 Gbits/sec                  
- - - - - - - - - - - - - - - - - - - - - - - - -
[  8]  18.00-19.00  sec  94.8 MBytes   795 Mbits/sec                  
[ 11]  18.00-19.00  sec   302 MBytes  2.54 Gbits/sec                  
[ 13]  18.00-19.00  sec   439 MBytes  3.68 Gbits/sec                  
[ 15]  18.00-19.00  sec  85.5 MBytes   718 Mbits/sec                  
[SUM]  18.00-19.00  sec   922 MBytes  7.73 Gbits/sec                  
- - - - - - - - - - - - - - - - - - - - - - - - -
[  8]  19.00-20.00  sec   175 MBytes  1.47 Gbits/sec                  
[ 11]  19.00-20.00  sec   338 MBytes  2.84 Gbits/sec                  
[ 13]  19.00-20.00  sec   111 MBytes   928 Mbits/sec                  
[ 15]  19.00-20.00  sec  94.1 MBytes   790 Mbits/sec                  
[SUM]  19.00-20.00  sec   718 MBytes  6.02 Gbits/sec                  
- - - - - - - - - - - - - - - - - - - - - - - - -
[  8]  20.00-21.00  sec   198 MBytes  1.67 Gbits/sec                  
[ 11]  20.00-21.00  sec   439 MBytes  3.68 Gbits/sec                  
[ 13]  20.00-21.00  sec   114 MBytes   952 Mbits/sec                  
[ 15]  20.00-21.00  sec   106 MBytes   888 Mbits/sec                  
[SUM]  20.00-21.00  sec   857 MBytes  7.19 Gbits/sec                  
- - - - - - - - - - - - - - - - - - - - - - - - -
[  8]  21.00-22.00  sec   357 MBytes  3.00 Gbits/sec                  
[ 11]  21.00-22.00  sec   360 MBytes  3.02 Gbits/sec                  
[ 13]  21.00-22.00  sec   134 MBytes  1.12 Gbits/sec                  
[ 15]  21.00-22.00  sec   102 MBytes   854 Mbits/sec                  
[SUM]  21.00-22.00  sec   953 MBytes  8.00 Gbits/sec                  
- - - - - - - - - - - - - - - - - - - - - - - - -
[  8]  22.00-23.00  sec   402 MBytes  3.37 Gbits/sec                  
[ 11]  22.00-23.00  sec   461 MBytes  3.87 Gbits/sec                  
[ 13]  22.00-23.00  sec   134 MBytes  1.13 Gbits/sec                  
[ 15]  22.00-23.00  sec   348 MBytes  2.91 Gbits/sec                  
[SUM]  22.00-23.00  sec  1.31 GBytes  11.3 Gbits/sec                  
- - - - - - - - - - - - - - - - - - - - - - - - -
[  8]  23.00-24.00  sec   362 MBytes  3.04 Gbits/sec                  
[ 11]  23.00-24.00  sec   330 MBytes  2.77 Gbits/sec                  
[ 13]  23.00-24.00  sec   124 MBytes  1.04 Gbits/sec                  
[ 15]  23.00-24.00  sec   480 MBytes  4.03 Gbits/sec                  
[SUM]  23.00-24.00  sec  1.27 GBytes  10.9 Gbits/sec                  
- - - - - - - - - - - - - - - - - - - - - - - - -
[  8]  24.00-25.00  sec   309 MBytes  2.60 Gbits/sec                  
[ 11]  24.00-25.00  sec   253 MBytes  2.12 Gbits/sec                  
[ 13]  24.00-25.00  sec   158 MBytes  1.33 Gbits/sec                  
[ 15]  24.00-25.00  sec   276 MBytes  2.31 Gbits/sec                  
[SUM]  24.00-25.00  sec   996 MBytes  8.36 Gbits/sec                  
- - - - - - - - - - - - - - - - - - - - - - - - -
[  8]  25.00-26.00  sec   327 MBytes  2.74 Gbits/sec                  
[ 11]  25.00-26.00  sec   472 MBytes  3.95 Gbits/sec                  
[ 13]  25.00-26.00  sec   197 MBytes  1.65 Gbits/sec                  
[ 15]  25.00-26.00  sec   258 MBytes  2.17 Gbits/sec                  
[SUM]  25.00-26.00  sec  1.22 GBytes  10.5 Gbits/sec                  
- - - - - - - - - - - - - - - - - - - - - - - - -
[  8]  26.00-27.00  sec   353 MBytes  2.96 Gbits/sec                  
[ 11]  26.00-27.00  sec   628 MBytes  5.27 Gbits/sec                  
[ 13]  26.00-27.00  sec   146 MBytes  1.22 Gbits/sec                  
[ 15]  26.00-27.00  sec   335 MBytes  2.81 Gbits/sec                  
[SUM]  26.00-27.00  sec  1.43 GBytes  12.3 Gbits/sec                  
- - - - - - - - - - - - - - - - - - - - - - - - -
[  8]  27.00-28.00  sec   403 MBytes  3.38 Gbits/sec                  
[ 11]  27.00-28.00  sec   729 MBytes  6.12 Gbits/sec                  
[ 13]  27.00-28.00  sec   128 MBytes  1.07 Gbits/sec                  
[ 15]  27.00-28.00  sec   488 MBytes  4.09 Gbits/sec                  
[SUM]  27.00-28.00  sec  1.71 GBytes  14.7 Gbits/sec                  
- - - - - - - - - - - - - - - - - - - - - - - - -
[  8]  28.00-29.00  sec   469 MBytes  3.94 Gbits/sec                  
[ 11]  28.00-29.00  sec   356 MBytes  2.98 Gbits/sec                  
[ 13]  28.00-29.00  sec   576 MBytes  4.84 Gbits/sec                  
[ 15]  28.00-29.00  sec   343 MBytes  2.88 Gbits/sec                  
[SUM]  28.00-29.00  sec  1.70 GBytes  14.6 Gbits/sec                  
- - - - - - - - - - - - - - - - - - - - - - - - -
[  8]  29.00-30.00  sec   225 MBytes  1.89 Gbits/sec                  
[ 11]  29.00-30.00  sec   154 MBytes  1.29 Gbits/sec                  
[ 13]  29.00-30.00  sec   971 MBytes  8.14 Gbits/sec                  
[ 15]  29.00-30.00  sec   363 MBytes  3.04 Gbits/sec                  
[SUM]  29.00-30.00  sec  1.67 GBytes  14.4 Gbits/sec                  
- - - - - - - - - - - - - - - - - - - - - - - - -
[  8]  30.00-30.01  sec  6.88 MBytes  5.02 Gbits/sec                  
[ 11]  30.00-30.01  sec  0.00 Bytes  0.00 bits/sec                  
[ 13]  30.00-30.01  sec  0.00 Bytes  0.00 bits/sec                  
[ 15]  30.00-30.01  sec  16.2 MBytes  11.7 Gbits/sec                  
[SUM]  30.00-30.01  sec  23.1 MBytes  16.9 Gbits/sec                  
- - - - - - - - - - - - - - - - - - - - - - - - -
[ ID] Interval           Transfer     Bitrate
[  8]   0.00-30.01  sec  9.88 GBytes  2.83 Gbits/sec                  receiver
[ 11]   0.00-30.01  sec  10.8 GBytes  3.09 Gbits/sec                  receiver
[ 13]   0.00-30.01  sec  9.04 GBytes  2.59 Gbits/sec                  receiver
[ 15]   0.00-30.01  sec  8.02 GBytes  2.30 Gbits/sec                  receiver
[SUM]   0.00-30.01  sec  37.7 GBytes  10.8 Gbits/sec                  receiver
