=== arms
  none_f1024_a                 none         1024   clean=30.0     external=-0.0014  
  none_f64_a                   none         64     clean=30.0     external=0.0061   
  cooperative_f1024_a          cooperative  1024   clean=30.0     external=-0.0384  
  cooperative_f64_a            cooperative  64     clean=30.0     external=0.0243   
  link_f1024_a                 link         1024   clean=30.0     external=-0.0371  
  link_f64_a                   link         64     clean=30.0     external=-0.0921  
  link_f1024_b                 link         1024   clean=12.0     external=0.0208   
  link_f64_b                   link         64     clean=30.0     external=0.0023   
  cooperative_f1024_b          cooperative  1024   clean=30.0     external=-0.0269  
  cooperative_f64_b            cooperative  64     clean=30.0     external=-0.0136  
  none_f1024_b                 none         1024   clean=30.0     external=0.0195   
  none_f64_b                   none         64     clean=30.0     external=-0.0118  
  c3a_noburn                   none         1024   clean=12.0     external=0.0538   
  c3b_burn                     none         1024   clean=12.0     external=0.2262   

=== (1) pps ceiling, against the none cell at the same frame
  cooperative     64B  cell=30.0     none=30.0     ratio=1.000    H-A1 indistinguishable at +/-1 rung
  link            64B  cell=30.0     none=30.0     ratio=1.000    H-A1 indistinguishable at +/-1 rung
  cooperative   1024B  cell=30.0     none=21.0     ratio=None     H-A0 unresolved  (the arms of a cell are more than one rung apart (gap 0 / 2))
  link          1024B  cell=21.0     none=21.0     ratio=None     H-A0 unresolved  (the arms of a cell are more than one rung apart (gap 2 / 2))

=== (2) sampling error, |twin/truth - 1|
  cooperative     2.0 Mbit/s  median|err|=0.1718   signed=-0.0600   predicted=0.0504   above the shot-noise band, signs mixed
  cooperative    20.0 Mbit/s  median|err|=0.0262   signed=+0.0254   predicted=0.0159   H-B1 shot-noise limited
  cooperative   100.0 Mbit/s  median|err|=0.0183   signed=-0.0183   predicted=0.0071   above the shot-noise band, signs mixed
  link            2.0 Mbit/s  median|err|=0.1941   signed=-0.1941   predicted=0.0504   H-B2 systematic bias
  link           20.0 Mbit/s  median|err|=0.0476   signed=+0.0072   predicted=0.0159   above the shot-noise band, signs mixed
  link          100.0 Mbit/s  median|err|=0.0293   signed=+0.0293   predicted=0.0071   H-B2 systematic bias
  none            2.0 Mbit/s  median|err|=n/a      signed=n/a       predicted=0.0504   n/a -- the none group has no twin readings; non-zero readings observed: 0 (must be 0)
  none           20.0 Mbit/s  median|err|=n/a      signed=n/a       predicted=0.0159   n/a -- the none group has no twin readings; non-zero readings observed: 0 (must be 0)
  none          100.0 Mbit/s  median|err|=n/a      signed=n/a       predicted=0.0071   n/a -- the none group has no twin readings; non-zero readings observed: 0 (must be 0)
  link/coop at    2.0 Mbit/s: 1.13     H-B4 the two paths are equally accurate
  link/coop at   20.0 Mbit/s: 1.82     H-B4 the two paths are equally accurate
  link/coop at  100.0 Mbit/s: 1.60     H-B4 the two paths are equally accurate

=== (3) CPU, 1024 B ladder, kernel
  cooperative     1.0 kpps  delta=0.60      spread=0.53      samples/s=19.6     resolved
  cooperative     2.0 kpps  delta=0.87      spread=0.53      samples/s=38.7     resolved
  cooperative     3.0 kpps  delta=1.13      spread=0.27      samples/s=60.4     resolved
  cooperative     5.0 kpps  delta=1.47      spread=0.13      samples/s=97.4     resolved
  cooperative     8.0 kpps  delta=2.18      spread=0.13      samples/s=154.5    resolved
  cooperative    12.0 kpps  delta=2.66      spread=0.41      samples/s=217.3    resolved
  cooperative    20.0 kpps  delta=4.10      spread=0.12      samples/s=357.6    resolved
  cooperative    30.0 kpps  delta=7.26      spread=0.17      samples/s=173.2    resolved
  cooperative    45.0 kpps  delta=9.06      spread=0.40      samples/s=826.0    resolved
  cooperative    70.0 kpps  delta=11.13     spread=1.87      samples/s=947.4    resolved
  cooperative   110.0 kpps  delta=13.58     spread=0.27      samples/s=1064.2   resolved
  link            1.0 kpps  delta=0.60      spread=0.53      samples/s=22.7     resolved
  link            2.0 kpps  delta=1.00      spread=0.53      samples/s=44.7     resolved
  link            3.0 kpps  delta=1.27      spread=0.27      samples/s=69.0     resolved
  link            5.0 kpps  delta=1.47      spread=0.13      samples/s=120.7    resolved
  link            8.0 kpps  delta=2.09      spread=0.13      samples/s=192.8    resolved
  link           12.0 kpps  delta=3.88      spread=2.82      samples/s=151.0    resolved
  link           20.0 kpps  delta=3.93      spread=0.16      samples/s=426.2    resolved
  link           30.0 kpps  delta=6.95      spread=0.56      samples/s=444.5    resolved
  link           45.0 kpps  delta=8.86      spread=0.27      samples/s=1013.1   resolved
  link           70.0 kpps  delta=11.13     spread=1.87      samples/s=1282.3   resolved
  link          110.0 kpps  delta=14.60     spread=0.93      samples/s=1574.4   resolved
  cooperative  H-C1 cost is dominated by a fixed component (08-20 reproduces)  (F=0.94% of one core, m=111 us/sample)
  link         H-C2 cost is per sample (08-20's fixed component does not reproduce here)  (F=1.01% of one core, m=84 us/sample)

=== load gate (within group, +0.15 absolute)
  cooperative_f64_a            cooperative  external=0.0243  group median=0.0243  softirq=0.0102  ok
  link_f1024_b                 link         external=0.0208  group median=0.0115  softirq=0.0093  ok
  link_f64_b                   link         external=0.0023  group median=0.0115  softirq=0.0102  ok
  none_f64_a                   none         external=0.0061  group median=0.0367  softirq=0.0085  ok
  none_f1024_b                 none         external=0.0195  group median=0.0367  softirq=0.0082  ok
  c3a_noburn                   none         external=0.0538  group median=0.0367  softirq=0.0049  ok
  c3b_burn                     none         external=0.2262  group median=0.0367  softirq=0.0034  FIRES -- rerun

=== reconciliation
  (a) none         consistent
  (a) cooperative  OUTSIDE the interval
  (b) cooperative  consistent
  (b) link         OUTSIDE the interval
  (c) side by side, NO cell divided by another:
      08-15          fast 300 Mbit/s                    3 hops, 1400 B
      1b (08-28)     fast 360 Mbit/s                    1 hop, 1400 B, control plane live
      2 (08-28)      fast 16.0 kpps = 131.1 Mbit/s frame 3 hops, 1024 B frame, 128 hosts, cooperative sampling on
      this round     21.0 kpps = 172.0 Mbit/s frame     4 inter-switch hops, 1024 B frame, 4 hosts, NO telemetry
  C1  generator ceiling 804277.3 pps vs 5.0x the highest measured (150000.0): PASSES
  C2  generator ceiling 795477.5 pps vs 5.0x the highest measured (150000.0): PASSES

summary -> /home/adam/Desktop/NDTwin-Kernel/doc/audit/2026-09-19_telemetry-three-groups/raw/2026-09-19T105759Z_full/summary.json
