### live 06: thirteen exercises, both arms, NDTwin fabric
### trunk        : f3b6d09c
### started      : 2026-09-19T14:43:28Z
### driver sha256: 4ddb776bd9dd1a1a494c7fb915b6c9fb7b856b5c14fc1fc205aff9c9464a9ff5
### _common sha256: 36c3689b41bd000a5e2fdf69837ed1090ca4e5ed2c0f6ea17892b02a8fe35448
### knobs        : host_count=4 telemetry_override=absent app_package_override=absent
### link manifest: absent
###
== 06_thirteen
   repo: /home/adam/Desktop/NDTwin-Kernel
   raw : /home/adam/Desktop/NDTwin-Kernel/doc/audit/2026-09-04_p4-tutorial-exercise-prep/live-p1/runs/2026-09-19T144328Z_06_thirteen
   owner: p3-live-06

== basic / skeleton
   rc=0 (want 0)   PASS (4/4)
   report: /home/adam/Desktop/NDTwin-Kernel/doc/audit/2026-09-04_p4-tutorial-exercise-prep/runs/2026-09-19T144329Z_basic_skeleton_ndtwin.md

== basic / solution
   rc=0 (want 0)   PASS (6/6)
   report: /home/adam/Desktop/NDTwin-Kernel/doc/audit/2026-09-04_p4-tutorial-exercise-prep/runs/2026-09-19T144521Z_basic_solution_ndtwin.md

== source_routing / skeleton
   rc=0 (want 0)   PASS (2/2)
   report: /home/adam/Desktop/NDTwin-Kernel/doc/audit/2026-09-04_p4-tutorial-exercise-prep/runs/2026-09-19T144705Z_source_routing_skeleton_ndtwin.md

== source_routing / solution
   rc=0 (want 0)   PASS (5/5)
   report: /home/adam/Desktop/NDTwin-Kernel/doc/audit/2026-09-04_p4-tutorial-exercise-prep/runs/2026-09-19T144740Z_source_routing_solution_ndtwin.md

== calc / skeleton
   rc=0 (want 0)   PASS (2/2)
   report: /home/adam/Desktop/NDTwin-Kernel/doc/audit/2026-09-04_p4-tutorial-exercise-prep/runs/2026-09-19T144814Z_calc_skeleton_ndtwin.md

== calc / solution
   rc=0 (want 0)   PASS (3/3)
   report: /home/adam/Desktop/NDTwin-Kernel/doc/audit/2026-09-04_p4-tutorial-exercise-prep/runs/2026-09-19T144844Z_calc_solution_ndtwin.md

== multicast / skeleton
   rc=0 (want 0)   PASS (2/2)
   report: /home/adam/Desktop/NDTwin-Kernel/doc/audit/2026-09-04_p4-tutorial-exercise-prep/runs/2026-09-19T144912Z_multicast_skeleton_ndtwin.md

== multicast / solution
   rc=0 (want 0)   PASS (6/6)
   report: /home/adam/Desktop/NDTwin-Kernel/doc/audit/2026-09-04_p4-tutorial-exercise-prep/runs/2026-09-19T145053Z_multicast_solution_ndtwin.md

== basic_tunnel / skeleton
   rc=1 (want 1)   RED ARM (1/1): the skeleton does not get past the control plane, by design
   report: /home/adam/Desktop/NDTwin-Kernel/doc/audit/2026-09-04_p4-tutorial-exercise-prep/runs/2026-09-19T145252Z_basic_tunnel_skeleton_ndtwin.md

== basic_tunnel / solution
   rc=0 (want 0)   PASS (4/4)
   report: /home/adam/Desktop/NDTwin-Kernel/doc/audit/2026-09-04_p4-tutorial-exercise-prep/runs/2026-09-19T145253Z_basic_tunnel_solution_ndtwin.md

== load_balance / skeleton
   rc=0 (want 0)   PASS (2/2)
   report: /home/adam/Desktop/NDTwin-Kernel/doc/audit/2026-09-04_p4-tutorial-exercise-prep/runs/2026-09-19T145405Z_load_balance_skeleton_ndtwin.md

== load_balance / solution
   rc=0 (want 0)   PASS (2/2)
   report: /home/adam/Desktop/NDTwin-Kernel/doc/audit/2026-09-04_p4-tutorial-exercise-prep/runs/2026-09-19T145450Z_load_balance_solution_ndtwin.md

== qos / skeleton
   rc=0 (want 0)   PASS (3/3)
   report: /home/adam/Desktop/NDTwin-Kernel/doc/audit/2026-09-04_p4-tutorial-exercise-prep/runs/2026-09-19T145536Z_qos_skeleton_ndtwin.md

== qos / solution
   rc=0 (want 0)   PASS (4/4)
   report: /home/adam/Desktop/NDTwin-Kernel/doc/audit/2026-09-04_p4-tutorial-exercise-prep/runs/2026-09-19T145627Z_qos_solution_ndtwin.md

== link_monitor / skeleton
   rc=0 (want 0)   PASS (4/4)
   report: /home/adam/Desktop/NDTwin-Kernel/doc/audit/2026-09-04_p4-tutorial-exercise-prep/runs/2026-09-19T145738Z_link_monitor_skeleton_ndtwin.md

== link_monitor / solution
   rc=0 (want 0)   PASS (4/4)
   report: /home/adam/Desktop/NDTwin-Kernel/doc/audit/2026-09-04_p4-tutorial-exercise-prep/runs/2026-09-19T145819Z_link_monitor_solution_ndtwin.md

== firewall / skeleton
   rc=0 (want 0)   PASS (3/3)
   report: /home/adam/Desktop/NDTwin-Kernel/doc/audit/2026-09-04_p4-tutorial-exercise-prep/runs/2026-09-19T145919Z_firewall_skeleton_ndtwin.md

== firewall / solution
   rc=0 (want 0)   PASS (4/4)
   report: /home/adam/Desktop/NDTwin-Kernel/doc/audit/2026-09-04_p4-tutorial-exercise-prep/runs/2026-09-19T150045Z_firewall_solution_ndtwin.md

== ecn / skeleton
   rc=0 (want 0)   PASS (3/3)
   report: /home/adam/Desktop/NDTwin-Kernel/doc/audit/2026-09-04_p4-tutorial-exercise-prep/runs/2026-09-19T150446Z_ecn_skeleton_ndtwin.md

== ecn / solution
   rc=0 (want 0)   PASS (4/4)
   report: /home/adam/Desktop/NDTwin-Kernel/doc/audit/2026-09-04_p4-tutorial-exercise-prep/runs/2026-09-19T150528Z_ecn_solution_ndtwin.md

== mri / skeleton
   rc=0 (want 0)   PASS (4/4)
   report: /home/adam/Desktop/NDTwin-Kernel/doc/audit/2026-09-04_p4-tutorial-exercise-prep/runs/2026-09-19T150720Z_mri_skeleton_ndtwin.md

== mri / solution
   rc=0 (want 0)   PASS (5/5)
   report: /home/adam/Desktop/NDTwin-Kernel/doc/audit/2026-09-04_p4-tutorial-exercise-prep/runs/2026-09-19T150802Z_mri_solution_ndtwin.md

== p4runtime / skeleton
   rc=0 (want 0)   PASS (4/4)
   report: /home/adam/Desktop/NDTwin-Kernel/doc/audit/2026-09-04_p4-tutorial-exercise-prep/runs/2026-09-19T150954Z_p4runtime_skeleton_ndtwin.md

== p4runtime / solution
   rc=0 (want 0)   PASS (5/5)
   report: /home/adam/Desktop/NDTwin-Kernel/doc/audit/2026-09-04_p4-tutorial-exercise-prep/runs/2026-09-19T151037Z_p4runtime_solution_ndtwin.md

== flowcache / skeleton
   rc=1 (want 1)   RED ARM (1/1): skeleton does not compile, by design
   report: /home/adam/Desktop/NDTwin-Kernel/doc/audit/2026-09-04_p4-tutorial-exercise-prep/runs/2026-09-19T151138Z_flowcache_skeleton_ndtwin.md

== flowcache / solution
   rc=0 (want 0)   PASS (5/5)
   report: /home/adam/Desktop/NDTwin-Kernel/doc/audit/2026-09-04_p4-tutorial-exercise-prep/runs/2026-09-19T151139Z_flowcache_solution_ndtwin.md

== the table
   exercise        which     rc  verdict                                                                     report
   basic           skeleton  0   PASS (4/4)                                                                  /home/adam/Desktop/NDTwin-Kernel/doc/audit/2026-09-04_p4-tutorial-exercise-prep/runs/2026-09-19T144329Z_basic_skeleton_ndtwin.md
   basic           solution  0   PASS (6/6)                                                                  /home/adam/Desktop/NDTwin-Kernel/doc/audit/2026-09-04_p4-tutorial-exercise-prep/runs/2026-09-19T144521Z_basic_solution_ndtwin.md
   source_routing  skeleton  0   PASS (2/2)                                                                  /home/adam/Desktop/NDTwin-Kernel/doc/audit/2026-09-04_p4-tutorial-exercise-prep/runs/2026-09-19T144705Z_source_routing_skeleton_ndtwin.md
   source_routing  solution  0   PASS (5/5)                                                                  /home/adam/Desktop/NDTwin-Kernel/doc/audit/2026-09-04_p4-tutorial-exercise-prep/runs/2026-09-19T144740Z_source_routing_solution_ndtwin.md
   calc            skeleton  0   PASS (2/2)                                                                  /home/adam/Desktop/NDTwin-Kernel/doc/audit/2026-09-04_p4-tutorial-exercise-prep/runs/2026-09-19T144814Z_calc_skeleton_ndtwin.md
   calc            solution  0   PASS (3/3)                                                                  /home/adam/Desktop/NDTwin-Kernel/doc/audit/2026-09-04_p4-tutorial-exercise-prep/runs/2026-09-19T144844Z_calc_solution_ndtwin.md
   multicast       skeleton  0   PASS (2/2)                                                                  /home/adam/Desktop/NDTwin-Kernel/doc/audit/2026-09-04_p4-tutorial-exercise-prep/runs/2026-09-19T144912Z_multicast_skeleton_ndtwin.md
   multicast       solution  0   PASS (6/6)                                                                  /home/adam/Desktop/NDTwin-Kernel/doc/audit/2026-09-04_p4-tutorial-exercise-prep/runs/2026-09-19T145053Z_multicast_solution_ndtwin.md
   basic_tunnel    skeleton  1   RED ARM (1/1): the skeleton does not get past the control plane, by design  /home/adam/Desktop/NDTwin-Kernel/doc/audit/2026-09-04_p4-tutorial-exercise-prep/runs/2026-09-19T145252Z_basic_tunnel_skeleton_ndtwin.md
   basic_tunnel    solution  0   PASS (4/4)                                                                  /home/adam/Desktop/NDTwin-Kernel/doc/audit/2026-09-04_p4-tutorial-exercise-prep/runs/2026-09-19T145253Z_basic_tunnel_solution_ndtwin.md
   load_balance    skeleton  0   PASS (2/2)                                                                  /home/adam/Desktop/NDTwin-Kernel/doc/audit/2026-09-04_p4-tutorial-exercise-prep/runs/2026-09-19T145405Z_load_balance_skeleton_ndtwin.md
   load_balance    solution  0   PASS (2/2)                                                                  /home/adam/Desktop/NDTwin-Kernel/doc/audit/2026-09-04_p4-tutorial-exercise-prep/runs/2026-09-19T145450Z_load_balance_solution_ndtwin.md
   qos             skeleton  0   PASS (3/3)                                                                  /home/adam/Desktop/NDTwin-Kernel/doc/audit/2026-09-04_p4-tutorial-exercise-prep/runs/2026-09-19T145536Z_qos_skeleton_ndtwin.md
   qos             solution  0   PASS (4/4)                                                                  /home/adam/Desktop/NDTwin-Kernel/doc/audit/2026-09-04_p4-tutorial-exercise-prep/runs/2026-09-19T145627Z_qos_solution_ndtwin.md
   link_monitor    skeleton  0   PASS (4/4)                                                                  /home/adam/Desktop/NDTwin-Kernel/doc/audit/2026-09-04_p4-tutorial-exercise-prep/runs/2026-09-19T145738Z_link_monitor_skeleton_ndtwin.md
   link_monitor    solution  0   PASS (4/4)                                                                  /home/adam/Desktop/NDTwin-Kernel/doc/audit/2026-09-04_p4-tutorial-exercise-prep/runs/2026-09-19T145819Z_link_monitor_solution_ndtwin.md
   firewall        skeleton  0   PASS (3/3)                                                                  /home/adam/Desktop/NDTwin-Kernel/doc/audit/2026-09-04_p4-tutorial-exercise-prep/runs/2026-09-19T145919Z_firewall_skeleton_ndtwin.md
   firewall        solution  0   PASS (4/4)                                                                  /home/adam/Desktop/NDTwin-Kernel/doc/audit/2026-09-04_p4-tutorial-exercise-prep/runs/2026-09-19T150045Z_firewall_solution_ndtwin.md
   ecn             skeleton  0   PASS (3/3)                                                                  /home/adam/Desktop/NDTwin-Kernel/doc/audit/2026-09-04_p4-tutorial-exercise-prep/runs/2026-09-19T150446Z_ecn_skeleton_ndtwin.md
   ecn             solution  0   PASS (4/4)                                                                  /home/adam/Desktop/NDTwin-Kernel/doc/audit/2026-09-04_p4-tutorial-exercise-prep/runs/2026-09-19T150528Z_ecn_solution_ndtwin.md
   mri             skeleton  0   PASS (4/4)                                                                  /home/adam/Desktop/NDTwin-Kernel/doc/audit/2026-09-04_p4-tutorial-exercise-prep/runs/2026-09-19T150720Z_mri_skeleton_ndtwin.md
   mri             solution  0   PASS (5/5)                                                                  /home/adam/Desktop/NDTwin-Kernel/doc/audit/2026-09-04_p4-tutorial-exercise-prep/runs/2026-09-19T150802Z_mri_solution_ndtwin.md
   p4runtime       skeleton  0   PASS (4/4)                                                                  /home/adam/Desktop/NDTwin-Kernel/doc/audit/2026-09-04_p4-tutorial-exercise-prep/runs/2026-09-19T150954Z_p4runtime_skeleton_ndtwin.md
   p4runtime       solution  0   PASS (5/5)                                                                  /home/adam/Desktop/NDTwin-Kernel/doc/audit/2026-09-04_p4-tutorial-exercise-prep/runs/2026-09-19T151037Z_p4runtime_solution_ndtwin.md
   flowcache       skeleton  1   RED ARM (1/1): skeleton does not compile, by design                         /home/adam/Desktop/NDTwin-Kernel/doc/audit/2026-09-04_p4-tutorial-exercise-prep/runs/2026-09-19T151138Z_flowcache_skeleton_ndtwin.md
   flowcache       solution  0   PASS (5/5)                                                                  /home/adam/Desktop/NDTwin-Kernel/doc/audit/2026-09-04_p4-tutorial-exercise-prep/runs/2026-09-19T151139Z_flowcache_solution_ndtwin.md

== what the rounds left behind
   p4_proxy/mininet/host_count_override: 4
   p4_proxy/mininet/app_package_override: absent
   p4_proxy/mininet/telemetry_override: absent

raw: /home/adam/Desktop/NDTwin-Kernel/doc/audit/2026-09-04_p4-tutorial-exercise-prep/live-p1/runs/2026-09-19T144328Z_06_thirteen
PASS 06_thirteen -- 26 arm(s), every arm as the exercise says it should be
###
### 06_thirteen.sh rc=0
### finished     : 2026-09-19T15:12:45Z
### knobs after  : host_count=4 telemetry_override=absent
