== 06_thirteen
   repo: /home/adam/Desktop/NDTwin-Kernel
   raw : /home/adam/Desktop/NDTwin-Kernel/doc/audit/2026-09-04_p4-tutorial-exercise-prep/live-p1/runs/2026-09-19T063235Z_06_thirteen
   owner: p3-orchestrator

== basic / skeleton
   rc=0 (want 0)   PASS (4/4)
   report: /home/adam/Desktop/NDTwin-Kernel/doc/audit/2026-09-04_p4-tutorial-exercise-prep/runs/2026-09-19T063236Z_basic_skeleton_ndtwin.md

== basic / solution
   rc=0 (want 0)   PASS (6/6)
   report: /home/adam/Desktop/NDTwin-Kernel/doc/audit/2026-09-04_p4-tutorial-exercise-prep/runs/2026-09-19T063429Z_basic_solution_ndtwin.md

== source_routing / skeleton
   rc=0 (want 0)   PASS (2/2)
   report: /home/adam/Desktop/NDTwin-Kernel/doc/audit/2026-09-04_p4-tutorial-exercise-prep/runs/2026-09-19T063603Z_source_routing_skeleton_ndtwin.md

== source_routing / solution
   rc=0 (want 0)   PASS (5/5)
   report: /home/adam/Desktop/NDTwin-Kernel/doc/audit/2026-09-04_p4-tutorial-exercise-prep/runs/2026-09-19T063637Z_source_routing_solution_ndtwin.md

== calc / skeleton
   rc=0 (want 0)   PASS (2/2)
   report: /home/adam/Desktop/NDTwin-Kernel/doc/audit/2026-09-04_p4-tutorial-exercise-prep/runs/2026-09-19T063711Z_calc_skeleton_ndtwin.md

== calc / solution
   rc=0 (want 0)   PASS (3/3)
   report: /home/adam/Desktop/NDTwin-Kernel/doc/audit/2026-09-04_p4-tutorial-exercise-prep/runs/2026-09-19T063741Z_calc_solution_ndtwin.md

== multicast / skeleton
   rc=0 (want 0)   PASS (2/2)
   report: /home/adam/Desktop/NDTwin-Kernel/doc/audit/2026-09-04_p4-tutorial-exercise-prep/runs/2026-09-19T063809Z_multicast_skeleton_ndtwin.md

== multicast / solution
   rc=0 (want 0)   PASS (6/6)
   report: /home/adam/Desktop/NDTwin-Kernel/doc/audit/2026-09-04_p4-tutorial-exercise-prep/runs/2026-09-19T063950Z_multicast_solution_ndtwin.md

== basic_tunnel / skeleton
   rc=1 (want 1)   RED ARM (1/1): the skeleton does not get past the control plane, by design
   report: /home/adam/Desktop/NDTwin-Kernel/doc/audit/2026-09-04_p4-tutorial-exercise-prep/runs/2026-09-19T064140Z_basic_tunnel_skeleton_ndtwin.md

== basic_tunnel / solution
   rc=1 (want 0)   ERROR
   report: /home/adam/Desktop/NDTwin-Kernel/doc/audit/2026-09-04_p4-tutorial-exercise-prep/runs/2026-09-19T064141Z_basic_tunnel_solution_ndtwin.md
   !! basic_tunnel/solution exited 1, want 0
             -> the same leftover switch that holds a gRPC port holds this one; the same line of code assigns both, so a check that names only one of them is half a check
             :9092 is still listening, held by a process this user cannot see (probably root-owned)
               This script did not start it. The next 'up' would find the port open and
               measure the wrong process, so this is reported rather than ignored.
             -> the same leftover switch that holds a gRPC port holds this one; the same line of code assigns both, so a check that names only 
     ... [trimmed; 5434 chars total]
        ndt down rc=0
        host_count_override: put back to the 2 bytes this round found
        telemetry_override: unchanged (absent)
     $ NDT_OWNER=p3-orchestrator /home/adam/Desktop/NDTwin-Kernel/tools/test_workflow/ndt release
       the claim you held is kept as .test_run/lab.claim.prev -- 'ndt status' reads it back
       this round's starting point is now .test_run/round.baseline.prev -- 'ndt status' will say no round baseline is recorded
       ok  lab released
        ndt release rc=0
     
     == verdict =============================================================
     
     >>> ERROR
     
     report: /home/adam/Desktop/NDTwin-Kernel/doc/audit/2026-09-04_p4-tutorial-exercise-prep/runs/2026-09-19T064141Z_basic_tunnel_solution_ndtwin.md

== load_balance / skeleton
   rc=0 (want 0)   PASS (2/2)
   report: /home/adam/Desktop/NDTwin-Kernel/doc/audit/2026-09-04_p4-tutorial-exercise-prep/runs/2026-09-19T064204Z_load_balance_skeleton_ndtwin.md

== load_balance / solution
   rc=0 (want 0)   PASS (2/2)
   report: /home/adam/Desktop/NDTwin-Kernel/doc/audit/2026-09-04_p4-tutorial-exercise-prep/runs/2026-09-19T064249Z_load_balance_solution_ndtwin.md

== qos / skeleton
   rc=1 (want 0)   FAIL (1/3)
   report: /home/adam/Desktop/NDTwin-Kernel/doc/audit/2026-09-04_p4-tutorial-exercise-prep/runs/2026-09-19T064336Z_qos_skeleton_ndtwin.md
   !! qos/skeleton FAILED an expectation. Its expectations ARE the red ones -- 'received
   !!   0 packets', 'every reported port is 0', 'the flow is NOT blocked' -- so one of
   !!   them not holding means the skeleton did not behave the way the exercise says it
   !!   does, and that exercise's solution arm is then not evidence about the solution.
               measure the wrong process, so this is reported rather than ignored.
             -> the same leftover switch that holds a gRPC port holds this one; the same line of code assigns both, so a check that names only 
     ... [trimmed; 5425 chars total]
        ndt down rc=0
        host_count_override: put back to the 2 bytes this round found
        telemetry_override: unchanged (absent)
     $ NDT_OWNER=p3-orchestrator /home/adam/Desktop/NDTwin-Kernel/tools/test_workflow/ndt release
       the claim you held is kept as .test_run/lab.claim.prev -- 'ndt status' reads it back
       this round's starting point is now .test_run/round.baseline.prev -- 'ndt status' will say no round baseline is recorded
       ok  lab released
        ndt release rc=0
     
     == verdict =============================================================
        PASS injection: h1's packets reached h2 in both rounds want=>=1 each               got=udp=12 tcp=6   【源碼推導，未執行】
        FAIL RED ARM: UDP tos stays 0x1                     want=['0x1']                got=['0x1', '0xc0']   【README 宣稱】＋【源碼推導，未執行】
        PASS RED ARM: TCP tos stays 0x1                     want=['0x1']                got=['0x1']   【README 宣稱】＋【源碼推導，未執行】
     
     >>> FAIL (1/3)
     
     report: /home/adam/Desktop/NDTwin-Kernel/doc/audit/2026-09-04_p4-tutorial-exercise-prep/runs/2026-09-19T064336Z_qos_skeleton_ndtwin.md

== qos / solution
   rc=0 (want 0)   PASS (4/4)
   report: /home/adam/Desktop/NDTwin-Kernel/doc/audit/2026-09-04_p4-tutorial-exercise-prep/runs/2026-09-19T064427Z_qos_solution_ndtwin.md

== link_monitor / skeleton
   rc=0 (want 0)   PASS (4/4)
   report: /home/adam/Desktop/NDTwin-Kernel/doc/audit/2026-09-04_p4-tutorial-exercise-prep/runs/2026-09-19T064530Z_link_monitor_skeleton_ndtwin.md

== link_monitor / solution
   rc=0 (want 0)   PASS (4/4)
   report: /home/adam/Desktop/NDTwin-Kernel/doc/audit/2026-09-04_p4-tutorial-exercise-prep/runs/2026-09-19T064610Z_link_monitor_solution_ndtwin.md

== firewall / skeleton
   rc=0 (want 0)   PASS (3/3)
   report: /home/adam/Desktop/NDTwin-Kernel/doc/audit/2026-09-04_p4-tutorial-exercise-prep/runs/2026-09-19T064702Z_firewall_skeleton_ndtwin.md

== firewall / solution
   rc=0 (want 0)   PASS (4/4)
   report: /home/adam/Desktop/NDTwin-Kernel/doc/audit/2026-09-04_p4-tutorial-exercise-prep/runs/2026-09-19T064827Z_firewall_solution_ndtwin.md

== ecn / skeleton
   rc=0 (want 0)   PASS (3/3)
   report: /home/adam/Desktop/NDTwin-Kernel/doc/audit/2026-09-04_p4-tutorial-exercise-prep/runs/2026-09-19T065216Z_ecn_skeleton_ndtwin.md

== ecn / solution
   rc=0 (want 0)   PASS (4/4)
   report: /home/adam/Desktop/NDTwin-Kernel/doc/audit/2026-09-04_p4-tutorial-exercise-prep/runs/2026-09-19T065259Z_ecn_solution_ndtwin.md

== mri / skeleton
   rc=1 (want 0)   FAIL (2/4)
   report: /home/adam/Desktop/NDTwin-Kernel/doc/audit/2026-09-04_p4-tutorial-exercise-prep/runs/2026-09-19T065352Z_mri_skeleton_ndtwin.md
   !! mri/skeleton FAILED an expectation. Its expectations ARE the red ones -- 'received
   !!   0 packets', 'every reported port is 0', 'the flow is NOT blocked' -- so one of
   !!   them not holding means the skeleton did not behave the way the exercise says it
   !!   does, and that exercise's solution arm is then not evidence about the solution.
             -> the same leftover switch that holds a gRPC port holds this one; the same line of code assigns both, so a check that names only 
     ... [trimmed; 5425 chars total]
        ndt down rc=0
        host_count_override: put back to the 2 bytes this round found
        telemetry_override: unchanged (absent)
     $ NDT_OWNER=p3-orchestrator /home/adam/Desktop/NDTwin-Kernel/tools/test_workflow/ndt release
       the claim you held is kept as .test_run/lab.claim.prev -- 'ndt status' reads it back
       this round's starting point is now .test_run/round.baseline.prev -- 'ndt status' will say no round baseline is recorded
       ok  lab released
        ndt release rc=0
     
     == verdict =============================================================
        PASS injection: packets reached h2                  want=>=1                    got=2   【源碼推導，未執行】
        FAIL injection: the MRI option survived to h2       want=>=1 count field        got=0   【源碼推導，未執行】
        FAIL RED ARM: the hop count stays 0                 want=[0]                    got=[]   【README 宣稱】＋【源碼推導，未執行】
        PASS and no swid is ever stamped                    want=[]                     got=[]   【源碼推導，未執行】
     
     >>> FAIL (2/4)
     
     report: /home/adam/Desktop/NDTwin-Kernel/doc/audit/2026-09-04_p4-tutorial-exercise-prep/runs/2026-09-19T065352Z_mri_skeleton_ndtwin.md

== mri / solution
   rc=1 (want 0)   FAIL (4/5)
   report: /home/adam/Desktop/NDTwin-Kernel/doc/audit/2026-09-04_p4-tutorial-exercise-prep/runs/2026-09-19T065434Z_mri_solution_ndtwin.md
   !! mri/solution exited 1, want 0
     ... [trimmed; 5425 chars total]
        ndt down rc=0
        host_count_override: put back to the 2 bytes this round found
        telemetry_override: unchanged (absent)
     $ NDT_OWNER=p3-orchestrator /home/adam/Desktop/NDTwin-Kernel/tools/test_workflow/ndt release
       the claim you held is kept as .test_run/lab.claim.prev -- 'ndt status' reads it back
       this round's starting point is now .test_run/round.baseline.prev -- 'ndt status' will say no round baseline is recorded
       ok  lab released
        ndt release rc=0
     
     == verdict =============================================================
        PASS injection: packets reached h2                  want=>=1                    got=4   【源碼推導，未執行】
        FAIL injection: the MRI option survived to h2       want=>=1 count field        got=0   【源碼推導，未執行】
        FAIL hop count at h2                                want=2                      got=[]   【README 宣稱】＋【源碼推導，未執行】
        FAIL switch ids in the trace                        want=[1, 2]                 got=[]   【README 宣稱】＋【源碼推導，未執行】
        FAIL G1  link usage follows the iperf path          want=on-path > 0, off-path under max(5 kbit, 2% of the smallest on-path) got=see the transcript   【源碼推導，未執行】
     
     >>> FAIL (4/5)
     
     report: /home/adam/Desktop/NDTwin-Kernel/doc/audit/2026-09-04_p4-tutorial-exercise-prep/runs/2026-09-19T065434Z_mri_solution_ndtwin.md

== p4runtime / skeleton
   rc=0 (want 0)   PASS (4/4)
   report: /home/adam/Desktop/NDTwin-Kernel/doc/audit/2026-09-04_p4-tutorial-exercise-prep/runs/2026-09-19T065529Z_p4runtime_skeleton_ndtwin.md

== p4runtime / solution
   rc=1 (want 0)   FAIL (1/5)
   report: /home/adam/Desktop/NDTwin-Kernel/doc/audit/2026-09-04_p4-tutorial-exercise-prep/runs/2026-09-19T065612Z_p4runtime_solution_ndtwin.md
   !! p4runtime/solution exited 1, want 0
     ... [trimmed; 5431 chars total]
        ndt down rc=0
        host_count_override: put back to the 2 bytes this round found
        telemetry_override: unchanged (absent)
     $ NDT_OWNER=p3-orchestrator /home/adam/Desktop/NDTwin-Kernel/tools/test_workflow/ndt release
       the claim you held is kept as .test_run/lab.claim.prev -- 'ndt status' reads it back
       this round's starting point is now .test_run/round.baseline.prev -- 'ndt status' will say no round baseline is recorded
       ok  lab released
        ndt release rc=0
     
     == verdict =============================================================
        PASS injection: the controller stayed up            want=alive after 12s        got=alive   【源碼推導，未執行】
        PASS switches the controller programmed             want=[1, 2]                 got=[1, 2]   【源碼推導，未執行】
        PASS the transit rule went in                       want=Installed transit tunnel rule got=installed   【源碼推導，未執行】
        PASS h1 -> h2 forwards through the tunnel           want=0.0%                   got=0% loss, 5/5 received   【README 宣稱】＋【源碼推導，未執行】
        FAIL G1  link usage follows the iperf path          want=on-path > 0, off-path under max(5 kbit, 2% of the smallest on-path) got=see the transcript   【源碼推導，未執行】
     
     >>> FAIL (1/5)
     
     report: /home/adam/Desktop/NDTwin-Kernel/doc/audit/2026-09-04_p4-tutorial-exercise-prep/runs/2026-09-19T065612Z_p4runtime_solution_ndtwin.md

== flowcache / skeleton
   rc=1 (want 1)   RED ARM (1/1): skeleton does not compile, by design
   report: /home/adam/Desktop/NDTwin-Kernel/doc/audit/2026-09-04_p4-tutorial-exercise-prep/runs/2026-09-19T065704Z_flowcache_skeleton_ndtwin.md

== flowcache / solution
   rc=1 (want 0)   FAIL (1/5)
   report: /home/adam/Desktop/NDTwin-Kernel/doc/audit/2026-09-04_p4-tutorial-exercise-prep/runs/2026-09-19T065705Z_flowcache_solution_ndtwin.md
   !! flowcache/solution exited 1, want 0
     ... [trimmed; 5431 chars total]
        ndt down rc=0
        host_count_override: put back to the 2 bytes this round found
        telemetry_override: unchanged (absent)
     $ NDT_OWNER=p3-orchestrator /home/adam/Desktop/NDTwin-Kernel/tools/test_workflow/ndt release
       the claim you held is kept as .test_run/lab.claim.prev -- 'ndt status' reads it back
       this round's starting point is now .test_run/round.baseline.prev -- 'ndt status' will say no round baseline is recorded
       ok  lab released
        ndt release rc=0
     
     == verdict =============================================================
        PASS injection: the controller stayed up            want=alive after 12s        got=alive   【源碼推導，未執行】
        PASS switches the controller programmed             want=[1, 2, 3]              got=[1, 2, 3]   【源碼推導，未執行】
        PASS the controller cached the flow it was punted   want=a flow_cache entry     got=cached   【源碼推導，未執行】
        FAIL h1 -> h2 forwards once the cache is warm       want=0.0%                   got=40% loss, 3/5 received   【README 宣稱】＋【源碼推導，未執行】
        PASS G1  link usage follows the iperf path          want=on-path > 0, off-path under max(5 kbit, 2% of the smallest on-path) got=PASS   【源碼推導，未執行】
     
     >>> FAIL (1/5)
     
     report: /home/adam/Desktop/NDTwin-Kernel/doc/audit/2026-09-04_p4-tutorial-exercise-prep/runs/2026-09-19T065705Z_flowcache_solution_ndtwin.md

== the table
   exercise        which     rc  verdict                                                                     report
   basic           skeleton  0   PASS (4/4)                                                                  /home/adam/Desktop/NDTwin-Kernel/doc/audit/2026-09-04_p4-tutorial-exercise-prep/runs/2026-09-19T063236Z_basic_skeleton_ndtwin.md
   basic           solution  0   PASS (6/6)                                                                  /home/adam/Desktop/NDTwin-Kernel/doc/audit/2026-09-04_p4-tutorial-exercise-prep/runs/2026-09-19T063429Z_basic_solution_ndtwin.md
   source_routing  skeleton  0   PASS (2/2)                                                                  /home/adam/Desktop/NDTwin-Kernel/doc/audit/2026-09-04_p4-tutorial-exercise-prep/runs/2026-09-19T063603Z_source_routing_skeleton_ndtwin.md
   source_routing  solution  0   PASS (5/5)                                                                  /home/adam/Desktop/NDTwin-Kernel/doc/audit/2026-09-04_p4-tutorial-exercise-prep/runs/2026-09-19T063637Z_source_routing_solution_ndtwin.md
   calc            skeleton  0   PASS (2/2)                                                                  /home/adam/Desktop/NDTwin-Kernel/doc/audit/2026-09-04_p4-tutorial-exercise-prep/runs/2026-09-19T063711Z_calc_skeleton_ndtwin.md
   calc            solution  0   PASS (3/3)                                                                  /home/adam/Desktop/NDTwin-Kernel/doc/audit/2026-09-04_p4-tutorial-exercise-prep/runs/2026-09-19T063741Z_calc_solution_ndtwin.md
   multicast       skeleton  0   PASS (2/2)                                                                  /home/adam/Desktop/NDTwin-Kernel/doc/audit/2026-09-04_p4-tutorial-exercise-prep/runs/2026-09-19T063809Z_multicast_skeleton_ndtwin.md
   multicast       solution  0   PASS (6/6)                                                                  /home/adam/Desktop/NDTwin-Kernel/doc/audit/2026-09-04_p4-tutorial-exercise-prep/runs/2026-09-19T063950Z_multicast_solution_ndtwin.md
   basic_tunnel    skeleton  1   RED ARM (1/1): the skeleton does not get past the control plane, by design  /home/adam/Desktop/NDTwin-Kernel/doc/audit/2026-09-04_p4-tutorial-exercise-prep/runs/2026-09-19T064140Z_basic_tunnel_skeleton_ndtwin.md
   basic_tunnel    solution  1   ERROR                                                                       /home/adam/Desktop/NDTwin-Kernel/doc/audit/2026-09-04_p4-tutorial-exercise-prep/runs/2026-09-19T064141Z_basic_tunnel_solution_ndtwin.md
   load_balance    skeleton  0   PASS (2/2)                                                                  /home/adam/Desktop/NDTwin-Kernel/doc/audit/2026-09-04_p4-tutorial-exercise-prep/runs/2026-09-19T064204Z_load_balance_skeleton_ndtwin.md
   load_balance    solution  0   PASS (2/2)                                                                  /home/adam/Desktop/NDTwin-Kernel/doc/audit/2026-09-04_p4-tutorial-exercise-prep/runs/2026-09-19T064249Z_load_balance_solution_ndtwin.md
   qos             skeleton  1   FAIL (1/3)                                                                  /home/adam/Desktop/NDTwin-Kernel/doc/audit/2026-09-04_p4-tutorial-exercise-prep/runs/2026-09-19T064336Z_qos_skeleton_ndtwin.md
   qos             solution  0   PASS (4/4)                                                                  /home/adam/Desktop/NDTwin-Kernel/doc/audit/2026-09-04_p4-tutorial-exercise-prep/runs/2026-09-19T064427Z_qos_solution_ndtwin.md
   link_monitor    skeleton  0   PASS (4/4)                                                                  /home/adam/Desktop/NDTwin-Kernel/doc/audit/2026-09-04_p4-tutorial-exercise-prep/runs/2026-09-19T064530Z_link_monitor_skeleton_ndtwin.md
   link_monitor    solution  0   PASS (4/4)                                                                  /home/adam/Desktop/NDTwin-Kernel/doc/audit/2026-09-04_p4-tutorial-exercise-prep/runs/2026-09-19T064610Z_link_monitor_solution_ndtwin.md
   firewall        skeleton  0   PASS (3/3)                                                                  /home/adam/Desktop/NDTwin-Kernel/doc/audit/2026-09-04_p4-tutorial-exercise-prep/runs/2026-09-19T064702Z_firewall_skeleton_ndtwin.md
   firewall        solution  0   PASS (4/4)                                                                  /home/adam/Desktop/NDTwin-Kernel/doc/audit/2026-09-04_p4-tutorial-exercise-prep/runs/2026-09-19T064827Z_firewall_solution_ndtwin.md
   ecn             skeleton  0   PASS (3/3)                                                                  /home/adam/Desktop/NDTwin-Kernel/doc/audit/2026-09-04_p4-tutorial-exercise-prep/runs/2026-09-19T065216Z_ecn_skeleton_ndtwin.md
   ecn             solution  0   PASS (4/4)                                                                  /home/adam/Desktop/NDTwin-Kernel/doc/audit/2026-09-04_p4-tutorial-exercise-prep/runs/2026-09-19T065259Z_ecn_solution_ndtwin.md
   mri             skeleton  1   FAIL (2/4)                                                                  /home/adam/Desktop/NDTwin-Kernel/doc/audit/2026-09-04_p4-tutorial-exercise-prep/runs/2026-09-19T065352Z_mri_skeleton_ndtwin.md
   mri             solution  1   FAIL (4/5)                                                                  /home/adam/Desktop/NDTwin-Kernel/doc/audit/2026-09-04_p4-tutorial-exercise-prep/runs/2026-09-19T065434Z_mri_solution_ndtwin.md
   p4runtime       skeleton  0   PASS (4/4)                                                                  /home/adam/Desktop/NDTwin-Kernel/doc/audit/2026-09-04_p4-tutorial-exercise-prep/runs/2026-09-19T065529Z_p4runtime_skeleton_ndtwin.md
   p4runtime       solution  1   FAIL (1/5)                                                                  /home/adam/Desktop/NDTwin-Kernel/doc/audit/2026-09-04_p4-tutorial-exercise-prep/runs/2026-09-19T065612Z_p4runtime_solution_ndtwin.md
   flowcache       skeleton  1   RED ARM (1/1): skeleton does not compile, by design                         /home/adam/Desktop/NDTwin-Kernel/doc/audit/2026-09-04_p4-tutorial-exercise-prep/runs/2026-09-19T065704Z_flowcache_skeleton_ndtwin.md
   flowcache       solution  1   FAIL (1/5)                                                                  /home/adam/Desktop/NDTwin-Kernel/doc/audit/2026-09-04_p4-tutorial-exercise-prep/runs/2026-09-19T065705Z_flowcache_solution_ndtwin.md

== what the rounds left behind
   p4_proxy/mininet/host_count_override: 4
   p4_proxy/mininet/app_package_override: absent
   p4_proxy/mininet/telemetry_override: absent

raw: /home/adam/Desktop/NDTwin-Kernel/doc/audit/2026-09-04_p4-tutorial-exercise-prep/live-p1/runs/2026-09-19T063235Z_06_thirteen
FAIL 06_thirteen -- 6 of 26 arm(s) were not what the exercise says they should be
