### merged tree 0389ef55  start 17:22:41
### merged_checks
check_process_by_name rc=0  check_process_by_name: 313 file(s) scanned, 0 site(s), 0 registered, 0 new, 0 stale
check_gate_anchors rc=0  115/115 cells ok  (0 not ok, of which 0 were NOT CHECKED AT ALL)
kiref rc=0  OK
check_test_tmpdirs rc=0  check_test_tmpdirs: 347 file(s) scanned, 0 fixed temp paths
test_redirection_order rc=0  Ran 48 checks, 0 failed
test_log_suffix_idempotent rc=0    30 passed, 0 failed
test_topo_from_json rc=0  PASS -- derived wiring is identical to the hard-coded lists
MERGED-CHECKS 0389ef55 r1: ALL-GREEN
### E_unit
Ran 48 tests in 0.497s
OK (skipped=1)
rc=0
### E_offline
passed: 65   failed: 0
rc=0
### E_gate
OK (skipped=1)
mutations: 25   survivors: 0   drifted: 0
rc=0
### E_dryrun
rc=0
### done 17:30:26
