### tree a521da7c  start 07:26:22  free=3.2G
### driver_tests
Ran 131 tests in 0.198s
OK
rc=0  drv-dirs=0
### test_live_p1_common
  ok         naming the floor it passed
Ran 99 checks, 0 failed
rc=0  drv-dirs=0
### test_live_p1_thirteen
Ran 25 checks, 0 failed
rc=0  drv-dirs=0
### test_ndt_app_package
  ok         because an unchecked gate is not a passed one
Ran 391 checks, 0 failed
rc=0  drv-dirs=0
### test_ndt_app_orphans
Ran 103 checks, all passed
rc=0  drv-dirs=0
### test_ndt_apps_liveness
