### tree a0dba6c2  start 09:25:16  free=3.1G
### driver_tests
Ran 138 tests in 1.222s
OK
rc=0  drv-dirs=0
### test_live_p1_common
  ok         naming the floor it passed
Ran 110 checks, 0 failed
rc=0  drv-dirs=0
### test_live_p1_thirteen
Ran 34 checks, 0 failed
rc=0  drv-dirs=0
### test_mutate_gate_dead_mutant
  ok       🔴 in particular it does not say anything survived
Ran 18 checks, 0 failed
rc=0  drv-dirs=0
### test_topo_from_json
PASS -- derived wiring is identical to the hard-coded lists
rc=0  drv-dirs=0
### check_gate_anchors
114/114 cells ok  (0 not ok, of which 0 were NOT CHECKED AT ALL)
rc=0  drv-dirs=0
### mutate_live_p1_thirteen
  Ran 34 checks, 0 failed
mutation gate: 10 mutations, 0 survived; 1 control(s), 0 went red
rc=0  drv-dirs=0
### mutate_live_p1_common
             also red:   naming the floor it passed
mutation gate: 28 mutations, 0 survived; 4 control(s), 0 went red
rc=0  drv-dirs=0
### mutate_drive_exercise
=== 52. mri no longer checks that the MRI option reached h2 ===
86 mutations, 0 survived
rc=0  drv-dirs=0
### mutate_ndt_up_down_robust
  caught   M56 (widening): the knob is rewritten from the value, not the bytes (  bytes, so the comment survived the round trip went red)
mutation gate: 106 mutations, 0 survived, 0 dead
rc=0  drv-dirs=0
### worktree status lines: 0
### done 09:55:22  free=3.1G
