-----------------------------------------------------------
Server listening on 5201 (test #1)
-----------------------------------------------------------
Accepted connection from 10.0.0.13, port 37104
[  8] local 10.0.0.77 port 5201 connected to 10.0.0.13 port 55787
[ ID] Interval           Transfer     Bitrate         Jitter    Lost/Total Datagrams
[  8]   0.00-1.00   sec   567 KBytes  4.65 Mbits/sec  1.677 ms  27/442 (6.1%)  
[  8]   1.00-2.00   sec   595 KBytes  4.87 Mbits/sec  0.884 ms  12/447 (2.7%)  
[  8]   2.00-3.00   sec   606 KBytes  4.96 Mbits/sec  0.787 ms  2/445 (0.45%)  
[  8]   3.00-4.00   sec   606 KBytes  4.96 Mbits/sec  1.066 ms  3/446 (0.67%)  
[  8]   4.00-5.00   sec   606 KBytes  4.96 Mbits/sec  1.121 ms  4/447 (0.89%)  
[  8]   5.00-6.00   sec   611 KBytes  5.01 Mbits/sec  1.721 ms  1/448 (0.22%)  
[  8]   6.00-7.00   sec   591 KBytes  4.84 Mbits/sec  1.956 ms  12/444 (2.7%)  
[  8]   7.00-8.00   sec   612 KBytes  5.02 Mbits/sec  1.456 ms  0/448 (0%)  
[  8]   8.00-9.00   sec   606 KBytes  4.96 Mbits/sec  1.548 ms  1/444 (0.23%)  
[  8]   9.00-10.00  sec   612 KBytes  5.02 Mbits/sec  1.283 ms  2/450 (0.44%)  
[  8]  10.00-11.00  sec   587 KBytes  4.80 Mbits/sec  1.429 ms  16/445 (3.6%)  
[  8]  11.00-12.00  sec   602 KBytes  4.93 Mbits/sec  1.281 ms  0/440 (0%)  
[  8]  12.00-13.00  sec   585 KBytes  4.79 Mbits/sec  2.382 ms  19/447 (4.3%)  
[  8]  13.00-14.00  sec   606 KBytes  4.96 Mbits/sec  1.479 ms  10/453 (2.2%)  
[  8]  14.00-15.00  sec   611 KBytes  5.01 Mbits/sec  1.752 ms  0/447 (0%)  
[  8]  15.00-16.00  sec   606 KBytes  4.96 Mbits/sec  1.208 ms  1/444 (0.23%)  
[  8]  16.00-17.00  sec   596 KBytes  4.88 Mbits/sec  2.205 ms  10/446 (2.2%)  
[  8]  17.00-18.00  sec   597 KBytes  4.89 Mbits/sec  1.839 ms  10/447 (2.2%)  
[  8]  18.00-19.00  sec   604 KBytes  4.96 Mbits/sec  1.348 ms  7/449 (1.6%)  
[  8]  19.00-20.00  sec   604 KBytes  4.95 Mbits/sec  1.826 ms  3/445 (0.67%)  
[  8]  20.00-21.00  sec   610 KBytes  4.98 Mbits/sec  1.550 ms  0/446 (0%)  
[  8]  21.00-22.00  sec   607 KBytes  4.98 Mbits/sec  1.209 ms  3/447 (0.67%)  
[  8]  22.00-23.00  sec   608 KBytes  4.98 Mbits/sec  1.043 ms  1/446 (0.22%)  
[  8]  23.00-24.00  sec   604 KBytes  4.95 Mbits/sec  1.391 ms  2/444 (0.45%)  
[  8]  24.00-25.00  sec   604 KBytes  4.95 Mbits/sec  1.855 ms  6/448 (1.3%)  
[  8]  25.00-26.00  sec   604 KBytes  4.95 Mbits/sec  1.575 ms  4/446 (0.9%)  
[  8]  26.00-27.00  sec   610 KBytes  5.00 Mbits/sec  1.232 ms  3/449 (0.67%)  
[  8]  27.00-28.00  sec   591 KBytes  4.84 Mbits/sec  1.937 ms  12/444 (2.7%)  
[  8]  28.00-29.00  sec   611 KBytes  5.01 Mbits/sec  1.239 ms  1/448 (0.22%)  
[  8]  29.00-30.00  sec   577 KBytes  4.73 Mbits/sec  1.926 ms  20/442 (4.5%)  
[  8]  30.00-31.00  sec   593 KBytes  4.86 Mbits/sec  1.698 ms  15/449 (3.3%)  
[  8]  31.00-32.00  sec   589 KBytes  4.83 Mbits/sec  1.405 ms  17/448 (3.8%)  
[  8]  32.00-33.00  sec   596 KBytes  4.88 Mbits/sec  2.160 ms  4/440 (0.91%)  
[  8]  33.00-34.00  sec   580 KBytes  4.75 Mbits/sec  1.655 ms  29/453 (6.4%)  
[  8]  34.00-35.00  sec   577 KBytes  4.73 Mbits/sec  1.759 ms  22/444 (5%)  
[  8]  35.00-36.00  sec   595 KBytes  4.87 Mbits/sec  1.549 ms  11/446 (2.5%)  
[  8]  36.00-37.00  sec   608 KBytes  4.98 Mbits/sec  1.434 ms  3/448 (0.67%)  
[  8]  37.00-38.00  sec   602 KBytes  4.91 Mbits/sec  2.277 ms  7/447 (1.6%)  
[  8]  38.00-39.00  sec   574 KBytes  4.72 Mbits/sec  3.023 ms  24/444 (5.4%)  
[  8]  39.00-40.00  sec   565 KBytes  4.62 Mbits/sec  3.408 ms  32/445 (7.2%)  
[  8]  40.00-41.00  sec   543 KBytes  4.45 Mbits/sec  2.610 ms  49/446 (11%)  
[  8]  41.00-42.00  sec   582 KBytes  4.77 Mbits/sec  1.448 ms  23/449 (5.1%)  
[  8]  42.00-43.00  sec   566 KBytes  4.63 Mbits/sec  1.794 ms  34/448 (7.6%)  
[  8]  43.00-44.00  sec   595 KBytes  4.88 Mbits/sec  1.762 ms  12/447 (2.7%)  
[  8]  44.00-45.00  sec   565 KBytes  4.62 Mbits/sec  1.799 ms  31/444 (7%)  
[  8]  45.00-46.00  sec   584 KBytes  4.78 Mbits/sec  1.926 ms  21/448 (4.7%)  
[  8]  46.00-47.00  sec   603 KBytes  4.94 Mbits/sec  1.976 ms  7/448 (1.6%)  
[  8]  47.00-48.00  sec   593 KBytes  4.86 Mbits/sec  1.711 ms  12/446 (2.7%)  
[  8]  48.00-49.00  sec   597 KBytes  4.89 Mbits/sec  1.658 ms  9/446 (2%)  
[  8]  49.00-50.00  sec   567 KBytes  4.65 Mbits/sec  2.196 ms  29/444 (6.5%)  
[  8]  50.00-51.00  sec   610 KBytes  5.00 Mbits/sec  1.473 ms  3/449 (0.67%)  
[  8]  51.00-52.00  sec   587 KBytes  4.80 Mbits/sec  1.663 ms  16/445 (3.6%)  
[  8]  52.00-53.00  sec   608 KBytes  4.98 Mbits/sec  1.278 ms  2/447 (0.45%)  
[  8]  53.00-54.00  sec   577 KBytes  4.73 Mbits/sec  1.728 ms  21/443 (4.7%)  
[  8]  54.00-55.00  sec   617 KBytes  5.05 Mbits/sec  1.549 ms  1/452 (0.22%)  
[  8]  55.00-56.00  sec   599 KBytes  4.91 Mbits/sec  1.909 ms  8/446 (1.8%)  
[  8]  56.00-57.00  sec   581 KBytes  4.76 Mbits/sec  2.366 ms  19/444 (4.3%)  
[  8]  57.00-58.00  sec   580 KBytes  4.75 Mbits/sec  1.595 ms  23/447 (5.1%)  
[  8]  58.00-59.00  sec   597 KBytes  4.89 Mbits/sec  1.644 ms  9/446 (2%)  
[  8]  59.00-60.00  sec   600 KBytes  4.92 Mbits/sec  1.839 ms  10/449 (2.2%)  
[  8]  60.00-61.00  sec   591 KBytes  4.84 Mbits/sec  2.409 ms  11/443 (2.5%)  
[  8]  61.00-62.00  sec   602 KBytes  4.93 Mbits/sec  1.801 ms  8/448 (1.8%)  
[  8]  62.00-63.00  sec   612 KBytes  5.02 Mbits/sec  1.497 ms  0/448 (0%)  
[  8]  63.00-64.00  sec   565 KBytes  4.63 Mbits/sec  1.851 ms  31/444 (7%)  
[  8]  64.00-65.00  sec   597 KBytes  4.89 Mbits/sec  1.189 ms  11/448 (2.5%)  
[  8]  65.00-66.00  sec   604 KBytes  4.95 Mbits/sec  1.583 ms  6/448 (1.3%)  
[  8]  66.00-67.00  sec   593 KBytes  4.86 Mbits/sec  1.889 ms  8/442 (1.8%)  
[  8]  67.00-68.00  sec   607 KBytes  4.97 Mbits/sec  1.824 ms  6/450 (1.3%)  
[  8]  68.00-69.00  sec   607 KBytes  4.97 Mbits/sec  2.018 ms  3/447 (0.67%)  
[  8]  69.00-70.00  sec   589 KBytes  4.83 Mbits/sec  2.474 ms  12/443 (2.7%)  
[  8]  70.00-70.01  sec  9.57 KBytes  6.20 Mbits/sec  2.246 ms  0/7 (0%)  
- - - - - - - - - - - - - - - - - - - - - - - - -
[ ID] Interval           Transfer     Bitrate         Jitter    Lost/Total Datagrams
[  8]   0.00-70.01  sec  40.7 MBytes  4.87 Mbits/sec  2.246 ms  791/31250 (2.5%)  receiver
