-----------------------------------------------------------
Server listening on 5201 (test #1)
-----------------------------------------------------------
Accepted connection from 10.0.0.29, port 45404
[  8] local 10.0.0.61 port 5201 connected to 10.0.0.29 port 48135
[ ID] Interval           Transfer     Bitrate         Jitter    Lost/Total Datagrams
[  8]   0.00-1.00   sec   593 KBytes  4.86 Mbits/sec  0.740 ms  8/442 (1.8%)  
[  8]   1.00-2.00   sec   604 KBytes  4.95 Mbits/sec  1.684 ms  6/448 (1.3%)  
[  8]   2.00-3.00   sec   612 KBytes  5.02 Mbits/sec  1.135 ms  0/448 (0%)  
[  8]   3.00-4.00   sec   604 KBytes  4.95 Mbits/sec  1.177 ms  3/445 (0.67%)  
[  8]   4.00-5.00   sec   604 KBytes  4.95 Mbits/sec  1.254 ms  5/447 (1.1%)  
[  8]   5.00-6.00   sec   610 KBytes  4.98 Mbits/sec  1.765 ms  0/446 (0%)  
[  8]   6.00-7.00   sec   596 KBytes  4.89 Mbits/sec  1.438 ms  11/447 (2.5%)  
[  8]   7.00-8.00   sec   608 KBytes  4.98 Mbits/sec  0.877 ms  1/446 (0.22%)  
[  8]   8.00-9.00   sec   611 KBytes  5.01 Mbits/sec  1.356 ms  0/447 (0%)  
[  8]   9.00-10.00  sec   610 KBytes  4.99 Mbits/sec  1.051 ms  1/447 (0.22%)  
[  8]  10.00-11.00  sec   607 KBytes  4.97 Mbits/sec  2.071 ms  2/446 (0.45%)  
[  8]  11.00-12.00  sec   603 KBytes  4.94 Mbits/sec  1.235 ms  0/441 (0%)  
[  8]  12.00-13.00  sec   615 KBytes  5.04 Mbits/sec  1.507 ms  1/451 (0.22%)  
[  8]  13.00-14.00  sec   602 KBytes  4.93 Mbits/sec  1.422 ms  5/445 (1.1%)  
[  8]  14.00-15.00  sec   611 KBytes  5.01 Mbits/sec  1.922 ms  0/447 (0%)  
[  8]  15.00-16.00  sec   608 KBytes  4.98 Mbits/sec  0.987 ms  2/447 (0.45%)  
[  8]  16.00-17.00  sec   604 KBytes  4.95 Mbits/sec  1.435 ms  5/447 (1.1%)  
[  8]  17.00-18.00  sec   604 KBytes  4.95 Mbits/sec  1.910 ms  5/447 (1.1%)  
[  8]  18.00-19.00  sec   606 KBytes  4.96 Mbits/sec  1.876 ms  1/444 (0.23%)  
[  8]  19.00-20.00  sec   610 KBytes  5.00 Mbits/sec  1.412 ms  2/448 (0.45%)  
[  8]  20.00-21.00  sec   610 KBytes  5.00 Mbits/sec  1.633 ms  0/446 (0%)  
[  8]  21.00-22.00  sec   607 KBytes  4.97 Mbits/sec  1.458 ms  4/448 (0.89%)  
[  8]  22.00-23.00  sec   607 KBytes  4.97 Mbits/sec  0.998 ms  1/445 (0.22%)  
[  8]  23.00-24.00  sec   607 KBytes  4.97 Mbits/sec  1.433 ms  3/447 (0.67%)  
[  8]  24.00-25.00  sec   602 KBytes  4.93 Mbits/sec  1.408 ms  5/445 (1.1%)  
[  8]  25.00-26.00  sec   607 KBytes  4.97 Mbits/sec  1.197 ms  4/448 (0.89%)  
[  8]  26.00-27.00  sec   608 KBytes  4.98 Mbits/sec  1.010 ms  1/446 (0.22%)  
[  8]  27.00-28.00  sec   606 KBytes  4.96 Mbits/sec  0.860 ms  3/446 (0.67%)  
[  8]  28.00-29.00  sec   607 KBytes  4.97 Mbits/sec  1.369 ms  0/444 (0%)  
[  8]  29.00-30.00  sec   604 KBytes  4.96 Mbits/sec  1.314 ms  8/450 (1.8%)  
[  8]  30.00-31.00  sec   597 KBytes  4.89 Mbits/sec  1.029 ms  5/442 (1.1%)  
[  8]  31.00-32.00  sec   593 KBytes  4.87 Mbits/sec  1.753 ms  15/449 (3.3%)  
[  8]  32.00-33.00  sec   600 KBytes  4.92 Mbits/sec  1.565 ms  5/444 (1.1%)  
[  8]  33.00-34.00  sec   607 KBytes  4.97 Mbits/sec  0.994 ms  6/450 (1.3%)  
[  8]  34.00-35.00  sec   595 KBytes  4.87 Mbits/sec  2.500 ms  11/446 (2.5%)  
[  8]  35.00-36.00  sec   606 KBytes  4.96 Mbits/sec  1.317 ms  4/447 (0.89%)  
[  8]  36.00-37.00  sec   608 KBytes  4.98 Mbits/sec  1.089 ms  2/447 (0.45%)  
[  8]  37.00-38.00  sec   604 KBytes  4.95 Mbits/sec  1.925 ms  4/446 (0.9%)  
[  8]  38.00-39.00  sec   592 KBytes  4.85 Mbits/sec  1.113 ms  12/445 (2.7%)  
[  8]  39.00-40.00  sec   584 KBytes  4.78 Mbits/sec  1.954 ms  16/443 (3.6%)  
[  8]  40.00-41.00  sec   571 KBytes  4.68 Mbits/sec  2.004 ms  31/449 (6.9%)  
[  8]  41.00-42.00  sec   593 KBytes  4.86 Mbits/sec  1.370 ms  10/444 (2.3%)  
[  8]  42.00-43.00  sec   562 KBytes  4.60 Mbits/sec  1.212 ms  40/451 (8.9%)  
[  8]  43.00-44.00  sec   603 KBytes  4.94 Mbits/sec  1.669 ms  4/445 (0.9%)  
[  8]  44.00-45.00  sec   603 KBytes  4.94 Mbits/sec  1.285 ms  5/446 (1.1%)  
[  8]  45.00-46.00  sec   606 KBytes  4.96 Mbits/sec  1.634 ms  2/445 (0.45%)  
[  8]  46.00-47.00  sec   615 KBytes  5.04 Mbits/sec  1.370 ms  0/450 (0%)  
[  8]  47.00-48.00  sec   603 KBytes  4.94 Mbits/sec  1.621 ms  5/446 (1.1%)  
[  8]  48.00-49.00  sec   596 KBytes  4.88 Mbits/sec  1.776 ms  8/444 (1.8%)  
[  8]  49.00-50.00  sec   593 KBytes  4.86 Mbits/sec  1.815 ms  14/448 (3.1%)  
[  8]  50.00-51.00  sec   604 KBytes  4.95 Mbits/sec  1.100 ms  5/447 (1.1%)  
[  8]  51.00-52.00  sec   600 KBytes  4.91 Mbits/sec  1.480 ms  8/447 (1.8%)  
[  8]  52.00-53.00  sec   607 KBytes  4.98 Mbits/sec  0.944 ms  1/445 (0.22%)  
[  8]  53.00-54.00  sec   592 KBytes  4.85 Mbits/sec  0.712 ms  12/445 (2.7%)  
[  8]  54.00-55.00  sec   610 KBytes  5.00 Mbits/sec  1.184 ms  1/447 (0.22%)  
[  8]  55.00-56.00  sec   608 KBytes  4.98 Mbits/sec  1.359 ms  4/449 (0.89%)  
[  8]  56.00-57.00  sec   587 KBytes  4.80 Mbits/sec  1.986 ms  16/445 (3.6%)  
[  8]  57.00-58.00  sec   591 KBytes  4.84 Mbits/sec  2.116 ms  14/446 (3.1%)  
[  8]  58.00-59.00  sec   603 KBytes  4.94 Mbits/sec  1.036 ms  6/447 (1.3%)  
[  8]  59.00-60.00  sec   603 KBytes  4.94 Mbits/sec  1.599 ms  7/448 (1.6%)  
[  8]  60.00-61.00  sec   595 KBytes  4.87 Mbits/sec  2.373 ms  10/445 (2.2%)  
[  8]  61.00-62.00  sec   603 KBytes  4.94 Mbits/sec  1.564 ms  4/445 (0.9%)  
[  8]  62.00-63.00  sec   612 KBytes  5.02 Mbits/sec  1.645 ms  0/448 (0%)  
[  8]  63.00-64.00  sec   592 KBytes  4.85 Mbits/sec  1.887 ms  12/445 (2.7%)  
[  8]  64.00-65.00  sec   604 KBytes  4.95 Mbits/sec  1.198 ms  6/448 (1.3%)  
[  8]  65.00-66.00  sec   608 KBytes  4.98 Mbits/sec  1.354 ms  1/446 (0.22%)  
[  8]  66.00-67.00  sec   604 KBytes  4.95 Mbits/sec  1.649 ms  4/446 (0.9%)  
[  8]  67.00-68.00  sec   610 KBytes  5.00 Mbits/sec  1.167 ms  1/447 (0.22%)  
[  8]  68.00-69.00  sec   606 KBytes  4.96 Mbits/sec  1.501 ms  4/447 (0.89%)  
[  8]  69.00-70.00  sec   603 KBytes  4.94 Mbits/sec  1.497 ms  5/446 (1.1%)  
[  8]  70.00-70.00  sec  4.10 KBytes  6.87 Mbits/sec  1.703 ms  0/3 (0%)  
- - - - - - - - - - - - - - - - - - - - - - - - -
[ ID] Interval           Transfer     Bitrate         Jitter    Lost/Total Datagrams
[  8]   0.00-70.00  sec  41.2 MBytes  4.93 Mbits/sec  1.703 ms  407/31250 (1.3%)  receiver
