-----------------------------------------------------------
Server listening on 5201 (test #1)
-----------------------------------------------------------
Accepted connection from 10.0.0.41, port 50008
[  8] local 10.0.0.105 port 5201 connected to 10.0.0.41 port 56885
[ ID] Interval           Transfer     Bitrate         Jitter    Lost/Total Datagrams
[  8]   0.00-1.00   sec   593 KBytes  4.86 Mbits/sec  1.463 ms  11/445 (2.5%)  
[  8]   1.00-2.00   sec   604 KBytes  4.95 Mbits/sec  1.434 ms  3/445 (0.67%)  
[  8]   2.00-3.00   sec   611 KBytes  5.01 Mbits/sec  1.862 ms  0/447 (0%)  
[  8]   3.00-4.00   sec   611 KBytes  5.01 Mbits/sec  1.399 ms  0/447 (0%)  
[  8]   4.00-5.00   sec   610 KBytes  5.00 Mbits/sec  1.136 ms  0/446 (0%)  
[  8]   5.00-6.00   sec   608 KBytes  4.98 Mbits/sec  2.041 ms  1/446 (0.22%)  
[  8]   6.00-7.00   sec   606 KBytes  4.96 Mbits/sec  1.991 ms  4/447 (0.89%)  
[  8]   7.00-8.00   sec   610 KBytes  5.00 Mbits/sec  1.316 ms  1/447 (0.22%)  
[  8]   8.00-9.00   sec   606 KBytes  4.96 Mbits/sec  1.752 ms  2/445 (0.45%)  
[  8]   9.00-10.00  sec   611 KBytes  5.00 Mbits/sec  1.044 ms  1/448 (0.22%)  
[  8]  10.00-11.00  sec   597 KBytes  4.90 Mbits/sec  1.646 ms  10/447 (2.2%)  
[  8]  11.00-12.00  sec   607 KBytes  4.97 Mbits/sec  1.810 ms  0/444 (0%)  
[  8]  12.00-13.00  sec   585 KBytes  4.80 Mbits/sec  2.105 ms  19/447 (4.3%)  
[  8]  13.00-14.00  sec   607 KBytes  4.97 Mbits/sec  2.029 ms  4/448 (0.89%)  
[  8]  14.00-15.00  sec   608 KBytes  4.98 Mbits/sec  1.937 ms  0/445 (0%)  
[  8]  15.00-16.00  sec   610 KBytes  4.99 Mbits/sec  1.264 ms  0/446 (0%)  
[  8]  16.00-17.00  sec   610 KBytes  5.00 Mbits/sec  2.228 ms  2/448 (0.45%)  
[  8]  17.00-18.00  sec   610 KBytes  5.00 Mbits/sec  2.004 ms  0/446 (0%)  
[  8]  18.00-19.00  sec   607 KBytes  4.97 Mbits/sec  1.945 ms  3/447 (0.67%)  
[  8]  19.00-20.00  sec   608 KBytes  4.98 Mbits/sec  1.222 ms  0/445 (0%)  
[  8]  20.00-21.00  sec   611 KBytes  5.00 Mbits/sec  1.548 ms  0/447 (0%)  
[  8]  21.00-22.00  sec   610 KBytes  5.00 Mbits/sec  1.065 ms  1/447 (0.22%)  
[  8]  22.00-23.00  sec   607 KBytes  4.97 Mbits/sec  1.267 ms  0/444 (0%)  
[  8]  23.00-24.00  sec   614 KBytes  5.03 Mbits/sec  1.668 ms  0/449 (0%)  
[  8]  24.00-25.00  sec   607 KBytes  4.97 Mbits/sec  1.523 ms  0/444 (0%)  
[  8]  25.00-26.00  sec   610 KBytes  5.00 Mbits/sec  0.956 ms  1/447 (0.22%)  
[  8]  26.00-27.00  sec   611 KBytes  5.01 Mbits/sec  1.207 ms  0/447 (0%)  
[  8]  27.00-28.00  sec   595 KBytes  4.87 Mbits/sec  2.230 ms  7/442 (1.6%)  
[  8]  28.00-29.00  sec   610 KBytes  5.00 Mbits/sec  1.395 ms  4/450 (0.89%)  
[  8]  29.00-30.00  sec   595 KBytes  4.87 Mbits/sec  1.355 ms  11/446 (2.5%)  
[  8]  30.00-31.00  sec   604 KBytes  4.95 Mbits/sec  1.926 ms  7/449 (1.6%)  
[  8]  31.00-32.00  sec   604 KBytes  4.95 Mbits/sec  1.837 ms  3/445 (0.67%)  
[  8]  32.00-33.00  sec   606 KBytes  4.96 Mbits/sec  1.648 ms  1/444 (0.23%)  
[  8]  33.00-34.00  sec   585 KBytes  4.79 Mbits/sec  1.675 ms  22/450 (4.9%)  
[  8]  34.00-35.00  sec   587 KBytes  4.81 Mbits/sec  2.710 ms  12/441 (2.7%)  
[  8]  35.00-36.00  sec   608 KBytes  4.98 Mbits/sec  2.599 ms  2/447 (0.45%)  
[  8]  36.00-37.00  sec   614 KBytes  5.03 Mbits/sec  1.301 ms  2/451 (0.44%)  
[  8]  37.00-38.00  sec   595 KBytes  4.87 Mbits/sec  2.307 ms  7/442 (1.6%)  
[  8]  38.00-39.00  sec   596 KBytes  4.87 Mbits/sec  2.280 ms  13/449 (2.9%)  
[  8]  39.00-40.00  sec   574 KBytes  4.72 Mbits/sec  2.381 ms  23/443 (5.2%)  
[  8]  40.00-41.01  sec   571 KBytes  4.62 Mbits/sec  1.896 ms  37/455 (8.1%)  
[  8]  41.01-42.00  sec   595 KBytes  4.94 Mbits/sec  1.943 ms  7/442 (1.6%)  
[  8]  42.00-43.00  sec   611 KBytes  5.01 Mbits/sec  2.259 ms  2/449 (0.45%)  
[  8]  43.00-44.00  sec   597 KBytes  4.90 Mbits/sec  1.928 ms  5/442 (1.1%)  
[  8]  44.00-45.00  sec   595 KBytes  4.87 Mbits/sec  1.457 ms  14/449 (3.1%)  
[  8]  45.00-46.00  sec   596 KBytes  4.88 Mbits/sec  1.771 ms  11/447 (2.5%)  
[  8]  46.00-47.00  sec   608 KBytes  4.98 Mbits/sec  2.063 ms  2/447 (0.45%)  
[  8]  47.00-48.00  sec   610 KBytes  5.00 Mbits/sec  2.125 ms  0/446 (0%)  
[  8]  48.00-49.00  sec   610 KBytes  4.99 Mbits/sec  1.479 ms  1/447 (0.22%)  
[  8]  49.00-50.00  sec   584 KBytes  4.78 Mbits/sec  1.985 ms  19/446 (4.3%)  
[  8]  50.00-51.00  sec   610 KBytes  5.00 Mbits/sec  1.785 ms  0/446 (0%)  
[  8]  51.00-52.00  sec   603 KBytes  4.94 Mbits/sec  1.935 ms  6/447 (1.3%)  
[  8]  52.00-53.00  sec   603 KBytes  4.94 Mbits/sec  1.982 ms  1/442 (0.23%)  
[  8]  53.00-54.00  sec   599 KBytes  4.91 Mbits/sec  1.738 ms  11/449 (2.4%)  
[  8]  54.00-55.00  sec   591 KBytes  4.84 Mbits/sec  1.507 ms  15/447 (3.4%)  
[  8]  55.00-56.00  sec   607 KBytes  4.97 Mbits/sec  1.569 ms  2/446 (0.45%)  
[  8]  56.00-57.00  sec   604 KBytes  4.95 Mbits/sec  1.567 ms  4/446 (0.9%)  
[  8]  57.00-58.00  sec   603 KBytes  4.93 Mbits/sec  1.541 ms  7/448 (1.6%)  
[  8]  58.00-59.00  sec   595 KBytes  4.88 Mbits/sec  1.894 ms  11/446 (2.5%)  
[  8]  59.00-60.00  sec   604 KBytes  4.95 Mbits/sec  1.590 ms  3/445 (0.67%)  
[  8]  60.00-61.00  sec   604 KBytes  4.93 Mbits/sec  1.790 ms  4/446 (0.9%)  
[  8]  61.00-62.00  sec   612 KBytes  5.03 Mbits/sec  2.064 ms  1/449 (0.22%)  
[  8]  62.00-63.00  sec   608 KBytes  4.98 Mbits/sec  1.534 ms  0/445 (0%)  
[  8]  63.00-64.00  sec   600 KBytes  4.92 Mbits/sec  1.926 ms  8/447 (1.8%)  
[  8]  64.00-65.00  sec   593 KBytes  4.86 Mbits/sec  2.336 ms  11/445 (2.5%)  
[  8]  65.00-66.00  sec   607 KBytes  4.97 Mbits/sec  1.644 ms  2/446 (0.45%)  
[  8]  66.00-67.00  sec   606 KBytes  4.96 Mbits/sec  2.409 ms  4/447 (0.89%)  
[  8]  67.00-68.00  sec   610 KBytes  4.99 Mbits/sec  1.929 ms  2/448 (0.45%)  
[  8]  68.00-69.00  sec   606 KBytes  4.96 Mbits/sec  2.071 ms  1/444 (0.23%)  
[  8]  69.00-70.00  sec   604 KBytes  4.95 Mbits/sec  1.172 ms  7/449 (1.6%)  
[  8]  70.00-70.01  sec  2.73 KBytes  1.55 Mbits/sec  1.345 ms  0/2 (0%)  
- - - - - - - - - - - - - - - - - - - - - - - - -
[ ID] Interval           Transfer     Bitrate         Jitter    Lost/Total Datagrams
[  8]   0.00-70.01  sec  41.2 MBytes  4.94 Mbits/sec  1.345 ms  375/31250 (1.2%)  receiver
