-----------------------------------------------------------
Server listening on 5201 (test #1)
-----------------------------------------------------------
Accepted connection from 10.0.0.33, port 58094
[  8] local 10.0.0.97 port 5201 connected to 10.0.0.33 port 55220
[ ID] Interval           Transfer     Bitrate         Jitter    Lost/Total Datagrams
[  8]   0.00-1.00   sec   115 KBytes   941 Kbits/sec  1.891 ms  5/89 (5.6%)  
[  8]   1.00-2.00   sec   123 KBytes  1.01 Mbits/sec  2.043 ms  0/90 (0%)  
[  8]   2.00-3.00   sec   122 KBytes   997 Kbits/sec  2.131 ms  0/89 (0%)  
[  8]   3.00-4.00   sec   122 KBytes   997 Kbits/sec  1.635 ms  0/89 (0%)  
[  8]   4.00-5.00   sec   123 KBytes  1.01 Mbits/sec  1.760 ms  0/90 (0%)  
[  8]   5.00-6.00   sec   122 KBytes   997 Kbits/sec  2.656 ms  0/89 (0%)  
[  8]   6.00-7.00   sec   122 KBytes   997 Kbits/sec  2.916 ms  0/89 (0%)  
[  8]   7.00-8.00   sec   122 KBytes   997 Kbits/sec  1.857 ms  0/89 (0%)  
[  8]   8.00-9.00   sec   123 KBytes  1.01 Mbits/sec  1.754 ms  0/90 (0%)  
[  8]   9.00-10.00  sec   120 KBytes   986 Kbits/sec  1.998 ms  1/89 (1.1%)  
[  8]  10.00-11.00  sec   119 KBytes   974 Kbits/sec  3.383 ms  2/89 (2.2%)  
[  8]  11.00-12.00  sec   122 KBytes   997 Kbits/sec  3.556 ms  0/89 (0%)  
[  8]  12.00-13.00  sec   116 KBytes   952 Kbits/sec  4.986 ms  4/89 (4.5%)  
[  8]  13.00-14.00  sec   120 KBytes   986 Kbits/sec  2.802 ms  2/90 (2.2%)  
[  8]  14.00-15.00  sec   122 KBytes   997 Kbits/sec  2.235 ms  0/89 (0%)  
[  8]  15.00-16.00  sec   123 KBytes  1.01 Mbits/sec  2.232 ms  0/90 (0%)  
[  8]  16.00-17.00  sec   122 KBytes   997 Kbits/sec  3.126 ms  0/89 (0%)  
[  8]  17.00-18.00  sec   120 KBytes   986 Kbits/sec  3.502 ms  1/89 (1.1%)  
[  8]  18.00-19.00  sec   120 KBytes   986 Kbits/sec  3.355 ms  1/89 (1.1%)  
[  8]  19.00-20.00  sec   123 KBytes  1.01 Mbits/sec  2.624 ms  0/90 (0%)  
[  8]  20.00-21.00  sec   122 KBytes   997 Kbits/sec  2.137 ms  0/89 (0%)  
[  8]  21.00-22.00  sec   120 KBytes   986 Kbits/sec  1.101 ms  1/89 (1.1%)  
[  8]  22.00-23.00  sec   122 KBytes   997 Kbits/sec  1.356 ms  0/89 (0%)  
[  8]  23.00-24.00  sec   123 KBytes  1.01 Mbits/sec  1.857 ms  0/90 (0%)  
[  8]  24.00-25.00  sec   122 KBytes   997 Kbits/sec  2.853 ms  0/89 (0%)  
[  8]  25.00-26.00  sec   122 KBytes   998 Kbits/sec  0.818 ms  0/89 (0%)  
[  8]  26.00-27.00  sec   123 KBytes  1.01 Mbits/sec  1.456 ms  0/90 (0%)  
[  8]  27.00-28.00  sec   118 KBytes   963 Kbits/sec  1.903 ms  2/88 (2.3%)  
[  8]  28.00-29.00  sec   123 KBytes  1.01 Mbits/sec  2.541 ms  0/90 (0%)  
[  8]  29.00-30.00  sec   115 KBytes   941 Kbits/sec  4.305 ms  5/89 (5.6%)  
[  8]  30.00-31.00  sec   119 KBytes   974 Kbits/sec  3.138 ms  3/90 (3.3%)  
[  8]  31.00-32.00  sec   122 KBytes   997 Kbits/sec  2.740 ms  0/89 (0%)  
[  8]  32.00-33.00  sec   122 KBytes   997 Kbits/sec  3.263 ms  0/89 (0%)  
[  8]  33.00-34.00  sec   118 KBytes   963 Kbits/sec  3.226 ms  3/89 (3.4%)  
[  8]  34.00-35.00  sec   118 KBytes   963 Kbits/sec  3.375 ms  3/89 (3.4%)  
[  8]  35.00-36.00  sec   123 KBytes  1.01 Mbits/sec  4.205 ms  0/90 (0%)  
[  8]  36.00-37.00  sec   120 KBytes   985 Kbits/sec  1.807 ms  1/89 (1.1%)  
[  8]  37.00-38.00  sec   119 KBytes   975 Kbits/sec  2.838 ms  2/89 (2.2%)  
[  8]  38.00-39.00  sec   119 KBytes   974 Kbits/sec  3.812 ms  3/90 (3.3%)  
[  8]  39.00-40.00  sec   109 KBytes   897 Kbits/sec  4.728 ms  8/88 (9.1%)  
[  8]  40.00-41.00  sec   111 KBytes   907 Kbits/sec  4.842 ms  9/90 (10%)  
[  8]  41.00-42.00  sec   120 KBytes   986 Kbits/sec  3.206 ms  2/90 (2.2%)  
[  8]  42.00-43.00  sec   122 KBytes   996 Kbits/sec  3.095 ms  0/89 (0%)  
[  8]  43.00-44.00  sec   120 KBytes   986 Kbits/sec  2.912 ms  1/89 (1.1%)  
[  8]  44.00-45.00  sec   119 KBytes   974 Kbits/sec  4.742 ms  3/90 (3.3%)  
[  8]  45.00-46.00  sec   118 KBytes   962 Kbits/sec  2.657 ms  3/89 (3.4%)  
[  8]  46.00-47.00  sec   119 KBytes   975 Kbits/sec  3.492 ms  2/89 (2.2%)  
[  8]  47.00-48.00  sec   122 KBytes   998 Kbits/sec  3.945 ms  0/89 (0%)  
[  8]  48.00-49.00  sec   123 KBytes  1.01 Mbits/sec  2.056 ms  0/90 (0%)  
[  8]  49.00-50.00  sec   113 KBytes   930 Kbits/sec  2.877 ms  6/89 (6.7%)  
[  8]  50.00-51.00  sec   123 KBytes  1.01 Mbits/sec  3.663 ms  0/90 (0%)  
[  8]  51.00-52.00  sec   122 KBytes   992 Kbits/sec  3.718 ms  0/89 (0%)  
[  8]  52.00-53.00  sec   122 KBytes  1.00 Mbits/sec  3.236 ms  0/89 (0%)  
[  8]  53.00-54.00  sec   118 KBytes   964 Kbits/sec  2.622 ms  3/89 (3.4%)  
[  8]  54.00-55.00  sec   120 KBytes   986 Kbits/sec  2.771 ms  2/90 (2.2%)  
[  8]  55.00-56.00  sec   120 KBytes   986 Kbits/sec  1.762 ms  1/89 (1.1%)  
[  8]  56.00-57.00  sec   122 KBytes   997 Kbits/sec  4.116 ms  0/89 (0%)  
[  8]  57.00-58.00  sec   120 KBytes   982 Kbits/sec  3.543 ms  1/89 (1.1%)  
[  8]  58.00-59.00  sec   120 KBytes   988 Kbits/sec  2.722 ms  1/89 (1.1%)  
[  8]  59.00-60.00  sec   120 KBytes   987 Kbits/sec  2.454 ms  2/90 (2.2%)  
[  8]  60.00-61.00  sec   120 KBytes   983 Kbits/sec  2.957 ms  1/89 (1.1%)  
[  8]  61.00-62.00  sec   123 KBytes  1.01 Mbits/sec  2.465 ms  0/90 (0%)  
[  8]  62.00-63.00  sec   122 KBytes   998 Kbits/sec  2.598 ms  0/89 (0%)  
[  8]  63.00-64.00  sec   122 KBytes   996 Kbits/sec  2.760 ms  0/89 (0%)  
[  8]  64.00-65.00  sec   119 KBytes   975 Kbits/sec  2.474 ms  2/89 (2.2%)  
[  8]  65.00-66.00  sec   122 KBytes   997 Kbits/sec  3.246 ms  0/89 (0%)  
[  8]  66.00-67.00  sec   123 KBytes  1.01 Mbits/sec  2.759 ms  0/90 (0%)  
[  8]  67.00-68.00  sec   120 KBytes   986 Kbits/sec  2.494 ms  1/89 (1.1%)  
[  8]  68.00-69.00  sec   122 KBytes   996 Kbits/sec  4.019 ms  0/89 (0%)  
[  8]  69.00-70.00  sec   120 KBytes   986 Kbits/sec  1.867 ms  2/90 (2.2%)  
- - - - - - - - - - - - - - - - - - - - - - - - -
[ ID] Interval           Transfer     Bitrate         Jitter    Lost/Total Datagrams
[  8]   0.00-70.02  sec  8.23 MBytes   986 Kbits/sec  1.867 ms  89/6250 (1.4%)  receiver
