-----------------------------------------------------------
Server listening on 5201 (test #1)
-----------------------------------------------------------
Accepted connection from 10.0.0.84, port 39870
[  8] local 10.0.0.116 port 5201 connected to 10.0.0.84 port 54400
[ ID] Interval           Transfer     Bitrate         Jitter    Lost/Total Datagrams
[  8]   0.00-1.00   sec  61.5 KBytes   504 Kbits/sec  1.541 ms  0/45 (0%)  
[  8]   1.00-2.00   sec  61.5 KBytes   504 Kbits/sec  2.390 ms  0/45 (0%)  
[  8]   2.00-3.00   sec  60.2 KBytes   493 Kbits/sec  3.596 ms  0/44 (0%)  
[  8]   3.00-4.00   sec  61.5 KBytes   504 Kbits/sec  2.836 ms  0/45 (0%)  
[  8]   4.00-5.00   sec  61.5 KBytes   504 Kbits/sec  2.577 ms  0/45 (0%)  
[  8]   5.00-6.00   sec  60.2 KBytes   493 Kbits/sec  3.409 ms  0/44 (0%)  
[  8]   6.00-7.00   sec  61.5 KBytes   504 Kbits/sec  2.782 ms  0/45 (0%)  
[  8]   7.00-8.00   sec  60.2 KBytes   493 Kbits/sec  3.304 ms  0/44 (0%)  
[  8]   8.00-9.00   sec  61.5 KBytes   504 Kbits/sec  4.287 ms  0/45 (0%)  
[  8]   9.00-10.00  sec  61.5 KBytes   504 Kbits/sec  2.981 ms  0/45 (0%)  
[  8]  10.00-11.00  sec  58.8 KBytes   482 Kbits/sec  9.191 ms  1/44 (2.3%)  
[  8]  11.00-12.00  sec  61.5 KBytes   502 Kbits/sec  4.823 ms  0/45 (0%)  
[  8]  12.00-13.00  sec  57.4 KBytes   472 Kbits/sec  6.315 ms  1/43 (2.3%)  
[  8]  13.00-14.00  sec  62.9 KBytes   515 Kbits/sec  5.582 ms  0/46 (0%)  
[  8]  14.00-15.00  sec  61.5 KBytes   504 Kbits/sec  3.243 ms  0/45 (0%)  
[  8]  15.00-16.00  sec  60.2 KBytes   493 Kbits/sec  5.398 ms  0/44 (0%)  
[  8]  16.00-17.00  sec  61.5 KBytes   504 Kbits/sec  4.340 ms  0/45 (0%)  
[  8]  17.00-18.00  sec  60.2 KBytes   493 Kbits/sec  5.617 ms  1/45 (2.2%)  
[  8]  18.00-19.00  sec  60.2 KBytes   492 Kbits/sec  4.680 ms  0/44 (0%)  
[  8]  19.00-20.00  sec  61.5 KBytes   504 Kbits/sec  1.928 ms  0/45 (0%)  
- - - - - - - - - - - - - - - - - - - - - - - - -
[ ID] Interval           Transfer     Bitrate         Jitter    Lost/Total Datagrams
[  8]   0.00-20.01  sec  1.19 MBytes   498 Kbits/sec  1.928 ms  3/893 (0.34%)  receiver
