-----------------------------------------------------------
Server listening on 5201 (test #1)
-----------------------------------------------------------
Accepted connection from 10.0.0.88, port 36702
[  8] local 10.0.0.120 port 5201 connected to 10.0.0.88 port 54902
[ ID] Interval           Transfer     Bitrate         Jitter    Lost/Total Datagrams
[  8]   0.00-1.00   sec  61.5 KBytes   504 Kbits/sec  2.438 ms  0/45 (0%)  
[  8]   1.00-2.00   sec  60.2 KBytes   493 Kbits/sec  3.125 ms  0/44 (0%)  
[  8]   2.00-3.00   sec  61.5 KBytes   504 Kbits/sec  3.245 ms  0/45 (0%)  
[  8]   3.00-4.00   sec  61.5 KBytes   504 Kbits/sec  2.796 ms  0/45 (0%)  
[  8]   4.00-5.00   sec  60.2 KBytes   493 Kbits/sec  2.831 ms  0/44 (0%)  
[  8]   5.00-6.00   sec  61.5 KBytes   504 Kbits/sec  2.523 ms  0/45 (0%)  
[  8]   6.00-7.00   sec  61.5 KBytes   504 Kbits/sec  1.715 ms  0/45 (0%)  
[  8]   7.00-8.00   sec  60.2 KBytes   493 Kbits/sec  4.128 ms  0/44 (0%)  
[  8]   8.00-9.00   sec  61.5 KBytes   504 Kbits/sec  3.123 ms  0/45 (0%)  
[  8]   9.00-10.00  sec  60.2 KBytes   493 Kbits/sec  3.314 ms  0/44 (0%)  
[  8]  10.00-11.00  sec  61.5 KBytes   504 Kbits/sec  6.628 ms  0/45 (0%)  
[  8]  11.00-12.00  sec  60.2 KBytes   493 Kbits/sec  4.580 ms  0/44 (0%)  
[  8]  12.00-13.00  sec  61.5 KBytes   504 Kbits/sec  4.978 ms  0/45 (0%)  
[  8]  13.00-14.00  sec  61.5 KBytes   504 Kbits/sec  4.947 ms  0/45 (0%)  
[  8]  14.00-15.00  sec  61.5 KBytes   504 Kbits/sec  2.609 ms  0/45 (0%)  
[  8]  15.00-16.00  sec  60.2 KBytes   493 Kbits/sec  6.112 ms  0/44 (0%)  
[  8]  16.00-17.00  sec  60.2 KBytes   493 Kbits/sec  4.329 ms  0/44 (0%)  
[  8]  17.00-18.00  sec  61.5 KBytes   504 Kbits/sec  4.390 ms  0/45 (0%)  
[  8]  18.00-19.00  sec  61.5 KBytes   504 Kbits/sec  4.275 ms  0/45 (0%)  
[  8]  19.00-20.00  sec  61.5 KBytes   503 Kbits/sec  3.941 ms  0/45 (0%)  
- - - - - - - - - - - - - - - - - - - - - - - - -
[ ID] Interval           Transfer     Bitrate         Jitter    Lost/Total Datagrams
[  8]   0.00-20.01  sec  1.19 MBytes   500 Kbits/sec  3.941 ms  0/893 (0%)  receiver
