-----------------------------------------------------------
Server listening on 5201 (test #1)
-----------------------------------------------------------
Accepted connection from 10.0.0.94, port 49922
[  8] local 10.0.0.126 port 5201 connected to 10.0.0.94 port 35357
[ ID] Interval           Transfer     Bitrate         Jitter    Lost/Total Datagrams
[  8]   0.00-1.00   sec  61.5 KBytes   504 Kbits/sec  1.347 ms  0/45 (0%)  
[  8]   1.00-2.00   sec  60.2 KBytes   493 Kbits/sec  3.521 ms  0/44 (0%)  
[  8]   2.00-3.00   sec  61.5 KBytes   503 Kbits/sec  3.248 ms  0/45 (0%)  
[  8]   3.00-4.00   sec  61.5 KBytes   505 Kbits/sec  2.890 ms  0/45 (0%)  
[  8]   4.00-5.00   sec  60.2 KBytes   492 Kbits/sec  3.168 ms  0/44 (0%)  
[  8]   5.00-6.00   sec  61.5 KBytes   505 Kbits/sec  3.371 ms  0/45 (0%)  
[  8]   6.00-7.00   sec  61.5 KBytes   504 Kbits/sec  2.234 ms  0/45 (0%)  
[  8]   7.00-8.00   sec  60.2 KBytes   493 Kbits/sec  3.248 ms  0/44 (0%)  
[  8]   8.00-9.00   sec  61.5 KBytes   504 Kbits/sec  3.554 ms  0/45 (0%)  
[  8]   9.00-10.00  sec  61.5 KBytes   504 Kbits/sec  2.941 ms  0/45 (0%)  
[  8]  10.00-11.00  sec  60.2 KBytes   492 Kbits/sec  6.096 ms  0/44 (0%)  
[  8]  11.00-12.00  sec  60.2 KBytes   494 Kbits/sec  4.974 ms  0/44 (0%)  
[  8]  12.00-13.00  sec  61.5 KBytes   504 Kbits/sec  5.415 ms  0/45 (0%)  
[  8]  13.00-14.00  sec  60.2 KBytes   493 Kbits/sec  4.627 ms  1/45 (2.2%)  
[  8]  14.00-15.00  sec  61.5 KBytes   504 Kbits/sec  2.789 ms  0/45 (0%)  
[  8]  15.00-16.00  sec  60.2 KBytes   493 Kbits/sec  4.925 ms  0/44 (0%)  
[  8]  16.00-17.00  sec  58.8 KBytes   482 Kbits/sec  4.072 ms  0/43 (0%)  
[  8]  17.00-18.00  sec  62.9 KBytes   515 Kbits/sec  5.363 ms  0/46 (0%)  
[  8]  18.00-19.00  sec  61.5 KBytes   504 Kbits/sec  3.681 ms  0/45 (0%)  
[  8]  19.00-20.00  sec  61.5 KBytes   504 Kbits/sec  4.393 ms  0/45 (0%)  
- - - - - - - - - - - - - - - - - - - - - - - - -
[ ID] Interval           Transfer     Bitrate         Jitter    Lost/Total Datagrams
[  8]   0.00-20.01  sec  1.19 MBytes   499 Kbits/sec  4.393 ms  1/893 (0.11%)  receiver
