-----------------------------------------------------------
Server listening on 5201 (test #1)
-----------------------------------------------------------
Accepted connection from 10.0.0.18, port 50396
[  8] local 10.0.0.50 port 5201 connected to 10.0.0.18 port 41958
[ ID] Interval           Transfer     Bitrate         Jitter    Lost/Total Datagrams
[  8]   0.00-1.00   sec  61.5 KBytes   504 Kbits/sec  2.383 ms  0/45 (0%)  
[  8]   1.00-2.00   sec  60.2 KBytes   493 Kbits/sec  4.374 ms  0/44 (0%)  
[  8]   2.00-3.00   sec  61.5 KBytes   504 Kbits/sec  3.226 ms  0/45 (0%)  
[  8]   3.00-4.00   sec  60.2 KBytes   493 Kbits/sec  2.763 ms  0/44 (0%)  
[  8]   4.00-5.00   sec  61.5 KBytes   504 Kbits/sec  2.426 ms  0/45 (0%)  
[  8]   5.00-6.00   sec  61.5 KBytes   504 Kbits/sec  2.937 ms  0/45 (0%)  
[  8]   6.00-7.00   sec  61.5 KBytes   504 Kbits/sec  2.334 ms  0/45 (0%)  
[  8]   7.00-8.00   sec  60.2 KBytes   493 Kbits/sec  2.726 ms  0/44 (0%)  
[  8]   8.00-9.00   sec  60.2 KBytes   493 Kbits/sec  2.651 ms  0/44 (0%)  
[  8]   9.00-10.00  sec  61.5 KBytes   504 Kbits/sec  3.065 ms  0/45 (0%)  
[  8]  10.00-11.00  sec  60.2 KBytes   493 Kbits/sec  5.048 ms  0/44 (0%)  
[  8]  11.00-12.00  sec  62.9 KBytes   515 Kbits/sec  2.789 ms  0/46 (0%)  
[  8]  12.00-13.00  sec  60.2 KBytes   493 Kbits/sec  4.321 ms  0/44 (0%)  
[  8]  13.00-14.00  sec  61.5 KBytes   504 Kbits/sec  4.755 ms  0/45 (0%)  
[  8]  14.00-15.00  sec  61.5 KBytes   504 Kbits/sec  3.534 ms  0/45 (0%)  
[  8]  15.00-16.00  sec  60.2 KBytes   493 Kbits/sec  4.054 ms  0/44 (0%)  
[  8]  16.00-17.00  sec  60.2 KBytes   493 Kbits/sec  3.931 ms  0/44 (0%)  
[  8]  17.00-18.00  sec  62.9 KBytes   515 Kbits/sec  4.909 ms  0/46 (0%)  
[  8]  18.00-19.00  sec  60.2 KBytes   493 Kbits/sec  5.444 ms  0/44 (0%)  
[  8]  19.00-20.00  sec  60.2 KBytes   493 Kbits/sec  3.502 ms  0/44 (0%)  
[  8]  20.00-20.02  sec  1.37 KBytes   667 Kbits/sec  3.523 ms  0/1 (0%)  
- - - - - - - - - - - - - - - - - - - - - - - - -
[ ID] Interval           Transfer     Bitrate         Jitter    Lost/Total Datagrams
[  8]   0.00-20.02  sec  1.19 MBytes   500 Kbits/sec  3.523 ms  0/893 (0%)  receiver
