-----------------------------------------------------------
Server listening on 5201 (test #1)
-----------------------------------------------------------
Accepted connection from 10.0.0.11, port 37918
[  8] local 10.0.0.75 port 5201 connected to 10.0.0.11 port 57684
[ ID] Interval           Transfer     Bitrate         Jitter    Lost/Total Datagrams
[  8]   0.00-1.00   sec  60.2 KBytes   493 Kbits/sec  2.500 ms  1/45 (2.2%)  
[  8]   1.00-2.00   sec  60.2 KBytes   493 Kbits/sec  3.885 ms  0/44 (0%)  
[  8]   2.00-3.00   sec  61.5 KBytes   503 Kbits/sec  3.465 ms  0/45 (0%)  
[  8]   3.00-4.00   sec  61.5 KBytes   505 Kbits/sec  3.760 ms  0/45 (0%)  
[  8]   4.00-5.00   sec  60.2 KBytes   493 Kbits/sec  2.226 ms  0/44 (0%)  
[  8]   5.00-6.00   sec  61.5 KBytes   504 Kbits/sec  2.683 ms  0/45 (0%)  
[  8]   6.00-7.00   sec  61.5 KBytes   504 Kbits/sec  2.905 ms  0/45 (0%)  
[  8]   7.00-8.00   sec  60.2 KBytes   493 Kbits/sec  3.094 ms  0/44 (0%)  
[  8]   8.00-9.00   sec  60.2 KBytes   493 Kbits/sec  4.142 ms  0/44 (0%)  
[  8]   9.00-10.00  sec  60.2 KBytes   493 Kbits/sec  3.828 ms  2/46 (4.3%)  
[  8]  10.00-11.00  sec  58.8 KBytes   482 Kbits/sec  5.808 ms  0/43 (0%)  
[  8]  11.00-12.00  sec  62.9 KBytes   515 Kbits/sec  5.185 ms  0/46 (0%)  
[  8]  12.00-13.00  sec  60.2 KBytes   493 Kbits/sec  4.346 ms  1/45 (2.2%)  
[  8]  13.00-14.00  sec  60.2 KBytes   493 Kbits/sec  4.174 ms  0/44 (0%)  
[  8]  14.00-15.00  sec  61.5 KBytes   503 Kbits/sec  4.130 ms  0/45 (0%)  
[  8]  15.00-16.00  sec  60.2 KBytes   494 Kbits/sec  3.366 ms  0/44 (0%)  
[  8]  16.00-17.00  sec  60.2 KBytes   493 Kbits/sec  3.894 ms  0/44 (0%)  
[  8]  17.00-18.00  sec  60.2 KBytes   493 Kbits/sec  7.604 ms  1/45 (2.2%)  
[  8]  18.00-19.00  sec  61.5 KBytes   504 Kbits/sec  6.030 ms  0/45 (0%)  
[  8]  19.00-20.00  sec  60.2 KBytes   493 Kbits/sec  2.699 ms  0/44 (0%)  
- - - - - - - - - - - - - - - - - - - - - - - - -
[ ID] Interval           Transfer     Bitrate         Jitter    Lost/Total Datagrams
[  8]   0.00-20.01  sec  1.18 MBytes   497 Kbits/sec  2.699 ms  5/892 (0.56%)  receiver
