-----------------------------------------------------------
Server listening on 5201 (test #1)
-----------------------------------------------------------
Accepted connection from 10.0.0.9, port 59626
[  8] local 10.0.0.73 port 5201 connected to 10.0.0.9 port 33327
[ ID] Interval           Transfer     Bitrate         Jitter    Lost/Total Datagrams
[  8]   0.00-1.00   sec   238 KBytes  1.95 Mbits/sec  1.146 ms  0/174 (0%)  
[  8]   1.00-2.00   sec   247 KBytes  2.03 Mbits/sec  2.315 ms  0/181 (0%)  
[  8]   2.00-3.00   sec   245 KBytes  2.00 Mbits/sec  2.932 ms  1/180 (0.56%)  
[  8]   3.00-4.00   sec   242 KBytes  1.98 Mbits/sec  2.671 ms  0/177 (0%)  
[  8]   4.00-5.00   sec   247 KBytes  2.03 Mbits/sec  2.248 ms  0/181 (0%)  
[  8]   5.00-6.00   sec   241 KBytes  1.97 Mbits/sec  2.212 ms  0/176 (0%)  
[  8]   6.00-7.00   sec   243 KBytes  1.99 Mbits/sec  2.783 ms  0/178 (0%)  
[  8]   7.00-8.00   sec   247 KBytes  2.03 Mbits/sec  2.543 ms  0/181 (0%)  
[  8]   8.00-9.00   sec   242 KBytes  1.98 Mbits/sec  3.256 ms  0/177 (0%)  
[  8]   9.00-10.00  sec   239 KBytes  1.96 Mbits/sec  1.952 ms  4/179 (2.2%)  
[  8]  10.00-11.00  sec   243 KBytes  2.00 Mbits/sec  2.766 ms  0/178 (0%)  
[  8]  11.00-12.00  sec   237 KBytes  1.94 Mbits/sec  2.840 ms  7/180 (3.9%)  
[  8]  12.00-13.00  sec   243 KBytes  1.99 Mbits/sec  2.970 ms  0/178 (0%)  
[  8]  13.00-14.00  sec   242 KBytes  1.98 Mbits/sec  3.434 ms  0/177 (0%)  
[  8]  14.00-15.00  sec   245 KBytes  2.00 Mbits/sec  4.049 ms  0/179 (0%)  
[  8]  15.00-16.00  sec   245 KBytes  2.00 Mbits/sec  4.311 ms  0/179 (0%)  
[  8]  16.00-17.00  sec   242 KBytes  1.98 Mbits/sec  4.110 ms  2/179 (1.1%)  
[  8]  17.00-18.00  sec   239 KBytes  1.96 Mbits/sec  5.913 ms  2/177 (1.1%)  
[  8]  18.00-19.00  sec   243 KBytes  1.99 Mbits/sec  5.230 ms  2/180 (1.1%)  
[  8]  19.00-20.00  sec   246 KBytes  2.01 Mbits/sec  2.027 ms  0/180 (0%)  
- - - - - - - - - - - - - - - - - - - - - - - - -
[ ID] Interval           Transfer     Bitrate         Jitter    Lost/Total Datagrams
[  8]   0.00-20.01  sec  4.74 MBytes  1.99 Mbits/sec  2.027 ms  18/3571 (0.5%)  receiver
