-----------------------------------------------------------
Server listening on 5201 (test #1)
-----------------------------------------------------------
Accepted connection from 10.0.0.30, port 57646
[  8] local 10.0.0.62 port 5201 connected to 10.0.0.30 port 41297
[ ID] Interval           Transfer     Bitrate         Jitter    Lost/Total Datagrams
[  8]   0.00-1.00   sec  60.2 KBytes   493 Kbits/sec  3.908 ms  0/44 (0%)  
[  8]   1.00-2.00   sec  61.5 KBytes   504 Kbits/sec  5.061 ms  0/45 (0%)  
[  8]   2.00-3.00   sec  61.5 KBytes   504 Kbits/sec  3.497 ms  0/45 (0%)  
[  8]   3.00-4.00   sec  61.5 KBytes   504 Kbits/sec  2.375 ms  0/45 (0%)  
[  8]   4.00-5.00   sec  60.2 KBytes   493 Kbits/sec  2.020 ms  0/44 (0%)  
[  8]   5.00-6.00   sec  61.5 KBytes   504 Kbits/sec  3.061 ms  0/45 (0%)  
[  8]   6.00-7.00   sec  60.2 KBytes   493 Kbits/sec  3.555 ms  0/44 (0%)  
[  8]   7.00-8.00   sec  61.5 KBytes   504 Kbits/sec  2.993 ms  0/45 (0%)  
[  8]   8.00-9.00   sec  61.5 KBytes   504 Kbits/sec  5.242 ms  0/45 (0%)  
[  8]   9.00-10.00  sec  60.2 KBytes   493 Kbits/sec  5.468 ms  0/44 (0%)  
[  8]  10.00-11.00  sec  61.5 KBytes   504 Kbits/sec  7.330 ms  0/45 (0%)  
[  8]  11.00-12.00  sec  61.5 KBytes   504 Kbits/sec  3.259 ms  0/45 (0%)  
[  8]  12.00-13.00  sec  60.2 KBytes   491 Kbits/sec  3.407 ms  0/44 (0%)  
[  8]  13.00-14.00  sec  61.5 KBytes   506 Kbits/sec  3.660 ms  0/45 (0%)  
[  8]  14.00-15.00  sec  60.2 KBytes   493 Kbits/sec  4.687 ms  0/44 (0%)  
[  8]  15.00-16.00  sec  61.5 KBytes   504 Kbits/sec  4.839 ms  0/45 (0%)  
[  8]  16.00-17.00  sec  58.8 KBytes   482 Kbits/sec  5.021 ms  0/43 (0%)  
[  8]  17.00-18.00  sec  62.9 KBytes   515 Kbits/sec  3.691 ms  0/46 (0%)  
[  8]  18.00-19.00  sec  61.5 KBytes   504 Kbits/sec  4.833 ms  0/45 (0%)  
[  8]  19.00-20.00  sec  61.5 KBytes   504 Kbits/sec  2.608 ms  0/45 (0%)  
- - - - - - - - - - - - - - - - - - - - - - - - -
[ ID] Interval           Transfer     Bitrate         Jitter    Lost/Total Datagrams
[  8]   0.00-20.01  sec  1.19 MBytes   500 Kbits/sec  2.608 ms  0/893 (0%)  receiver
