-----------------------------------------------------------
Server listening on 5201 (test #1)
-----------------------------------------------------------
Accepted connection from 10.0.0.6, port 55270
[  8] local 10.0.0.70 port 5201 connected to 10.0.0.6 port 35503
[ ID] Interval           Transfer     Bitrate         Jitter    Lost/Total Datagrams
[  8]   0.00-1.00   sec   130 KBytes  1.06 Mbits/sec  3.809 ms  5/100 (5%)  
[  8]   1.00-2.00   sec   149 KBytes  1.22 Mbits/sec  3.780 ms  10/119 (8.4%)  
[  8]   2.00-3.00   sec   104 KBytes   851 Kbits/sec  4.902 ms  37/113 (33%)  
[  8]   3.00-4.00   sec   109 KBytes   896 Kbits/sec  7.585 ms  18/98 (18%)  
[  8]   4.00-5.00   sec  69.7 KBytes   571 Kbits/sec  10.058 ms  22/73 (30%)  
[  8]   5.00-6.00   sec  58.8 KBytes   482 Kbits/sec  18.952 ms  13/56 (23%)  
[  8]   6.00-7.00   sec  46.5 KBytes   381 Kbits/sec  26.761 ms  55/89 (62%)  
[  8]   7.00-8.00   sec  21.9 KBytes   179 Kbits/sec  29.784 ms  71/87 (82%)  
[  8]   8.00-9.00   sec  27.3 KBytes   224 Kbits/sec  71.012 ms  221/241 (92%)  
[  8]   9.00-10.00  sec  32.8 KBytes   269 Kbits/sec  27.846 ms  96/120 (80%)  
[  8]  10.00-11.00  sec  67.0 KBytes   549 Kbits/sec  23.960 ms  71/120 (59%)  
[  8]  11.00-12.00  sec  35.5 KBytes   291 Kbits/sec  27.201 ms  67/93 (72%)  
[  8]  12.00-13.00  sec  41.0 KBytes   336 Kbits/sec  27.900 ms  35/65 (54%)  
[  8]  13.00-14.00  sec  42.4 KBytes   347 Kbits/sec  33.421 ms  140/171 (82%)  
[  8]  14.00-15.00  sec  71.1 KBytes   583 Kbits/sec  9.545 ms  53/105 (50%)  
[  8]  15.00-16.00  sec  73.8 KBytes   605 Kbits/sec  10.711 ms  21/75 (28%)  
[  8]  16.00-17.00  sec  88.9 KBytes   728 Kbits/sec  15.449 ms  30/95 (32%)  
[  8]  17.00-18.00  sec  75.2 KBytes   616 Kbits/sec  10.954 ms  54/109 (50%)  
[  8]  18.00-19.00  sec  87.5 KBytes   717 Kbits/sec  8.477 ms  41/105 (39%)  
[  8]  19.00-20.00  sec  52.0 KBytes   425 Kbits/sec  16.093 ms  52/90 (58%)  
[  8]  20.00-20.50  sec  41.0 KBytes   683 Kbits/sec  21.769 ms  78/108 (72%)  
- - - - - - - - - - - - - - - - - - - - - - - - -
[ ID] Interval           Transfer     Bitrate         Jitter    Lost/Total Datagrams
[  8]   0.00-20.50  sec  1.39 MBytes   569 Kbits/sec  21.769 ms  1190/2232 (53%)  receiver
