-----------------------------------------------------------
Server listening on 5201 (test #1)
-----------------------------------------------------------
Accepted connection from 10.0.0.24, port 56334
[  8] local 10.0.0.56 port 5201 connected to 10.0.0.24 port 34620
[ ID] Interval           Transfer     Bitrate         Jitter    Lost/Total Datagrams
[  8]   0.00-1.00   sec   134 KBytes  1.10 Mbits/sec  3.660 ms  2/100 (2%)  
[  8]   1.00-2.00   sec   142 KBytes  1.16 Mbits/sec  4.292 ms  18/122 (15%)  
[  8]   2.00-3.00   sec   120 KBytes   985 Kbits/sec  5.212 ms  18/106 (17%)  
[  8]   3.00-4.00   sec   115 KBytes   941 Kbits/sec  5.374 ms  16/100 (16%)  
[  8]   4.00-5.00   sec  68.4 KBytes   560 Kbits/sec  15.207 ms  13/63 (21%)  
[  8]   5.00-6.00   sec  34.2 KBytes   280 Kbits/sec  20.804 ms  35/60 (58%)  
[  8]   6.00-7.00   sec  38.3 KBytes   314 Kbits/sec  17.988 ms  60/88 (68%)  
[  8]   7.00-8.00   sec  28.7 KBytes   235 Kbits/sec  16.410 ms  72/93 (77%)  
[  8]   8.00-9.00   sec  34.2 KBytes   280 Kbits/sec  37.617 ms  237/262 (90%)  
[  8]   9.00-10.02  sec  67.0 KBytes   537 Kbits/sec  16.142 ms  70/119 (59%)  
[  8]  10.02-11.00  sec  72.5 KBytes   607 Kbits/sec  12.940 ms  53/106 (50%)  
[  8]  11.00-12.00  sec  68.4 KBytes   560 Kbits/sec  12.580 ms  45/95 (47%)  
[  8]  12.00-13.00  sec  54.7 KBytes   448 Kbits/sec  19.774 ms  14/54 (26%)  
[  8]  13.00-14.00  sec  69.7 KBytes   571 Kbits/sec  17.091 ms  128/179 (72%)  
[  8]  14.00-15.00  sec  82.0 KBytes   672 Kbits/sec  8.548 ms  35/95 (37%)  
[  8]  15.00-16.00  sec   107 KBytes   874 Kbits/sec  9.007 ms  9/87 (10%)  
[  8]  16.00-17.00  sec  91.6 KBytes   749 Kbits/sec  7.411 ms  28/95 (29%)  
[  8]  17.00-18.00  sec  79.3 KBytes   650 Kbits/sec  13.582 ms  49/107 (46%)  
[  8]  18.00-19.00  sec   103 KBytes   840 Kbits/sec  9.541 ms  25/100 (25%)  
[  8]  19.00-20.00  sec  97.1 KBytes   795 Kbits/sec  10.588 ms  43/114 (38%)  
[  8]  20.00-20.34  sec  54.7 KBytes  1.32 Mbits/sec  17.687 ms  41/81 (51%)  
- - - - - - - - - - - - - - - - - - - - - - - - -
[ ID] Interval           Transfer     Bitrate         Jitter    Lost/Total Datagrams
[  8]   0.00-20.34  sec  1.62 MBytes   669 Kbits/sec  17.687 ms  1011/2226 (45%)  receiver
