-----------------------------------------------------------
Server listening on 5201 (test #1)
-----------------------------------------------------------
Accepted connection from 10.0.0.19, port 50058
[  8] local 10.0.0.51 port 5201 connected to 10.0.0.19 port 51169
[ ID] Interval           Transfer     Bitrate         Jitter    Lost/Total Datagrams
[  8]   0.00-1.00   sec   129 KBytes  1.05 Mbits/sec  3.945 ms  5/99 (5.1%)  
[  8]   1.00-2.00   sec   148 KBytes  1.21 Mbits/sec  3.044 ms  14/122 (11%)  
[  8]   2.00-3.00   sec   127 KBytes  1.04 Mbits/sec  5.387 ms  16/109 (15%)  
[  8]   3.00-4.00   sec   107 KBytes   874 Kbits/sec  6.718 ms  20/98 (20%)  
[  8]   4.00-5.00   sec  67.0 KBytes   549 Kbits/sec  13.695 ms  19/68 (28%)  
[  8]   5.00-6.00   sec  46.5 KBytes   380 Kbits/sec  16.019 ms  24/58 (41%)  
[  8]   6.00-7.00   sec  50.6 KBytes   414 Kbits/sec  19.554 ms  53/90 (59%)  
[  8]   7.00-8.00   sec  28.7 KBytes   236 Kbits/sec  22.509 ms  69/90 (77%)  
[  8]   8.00-9.00   sec  42.4 KBytes   347 Kbits/sec  35.691 ms  229/260 (88%)  
[  8]   9.00-10.00  sec  68.4 KBytes   560 Kbits/sec  15.990 ms  69/119 (58%)  
[  8]  10.00-11.00  sec  69.7 KBytes   571 Kbits/sec  17.835 ms  51/102 (50%)  
[  8]  11.00-12.00  sec  71.1 KBytes   582 Kbits/sec  22.166 ms  42/94 (45%)  
[  8]  12.00-13.00  sec  58.8 KBytes   482 Kbits/sec  18.697 ms  12/55 (22%)  
[  8]  13.00-14.00  sec  72.5 KBytes   594 Kbits/sec  19.932 ms  128/181 (71%)  
[  8]  14.00-15.00  sec  79.3 KBytes   649 Kbits/sec  8.614 ms  39/97 (40%)  
[  8]  15.00-16.00  sec   103 KBytes   841 Kbits/sec  6.219 ms  16/91 (18%)  
[  8]  16.00-17.00  sec  91.6 KBytes   749 Kbits/sec  8.457 ms  22/89 (25%)  
[  8]  17.00-18.00  sec  86.1 KBytes   706 Kbits/sec  10.420 ms  44/107 (41%)  
[  8]  18.00-19.00  sec   107 KBytes   874 Kbits/sec  8.786 ms  28/106 (26%)  
[  8]  19.00-20.00  sec  90.2 KBytes   739 Kbits/sec  12.812 ms  45/111 (41%)  
[  8]  20.00-20.45  sec  60.2 KBytes  1.11 Mbits/sec  18.535 ms  41/85 (48%)  
- - - - - - - - - - - - - - - - - - - - - - - - -
[ ID] Interval           Transfer     Bitrate         Jitter    Lost/Total Datagrams
[  8]   0.00-20.45  sec  1.66 MBytes   682 Kbits/sec  18.535 ms  986/2231 (44%)  receiver
