-----------------------------------------------------------
Server listening on 5201 (test #1)
-----------------------------------------------------------
Accepted connection from 10.0.0.25, port 45412
[  8] local 10.0.0.57 port 5201 connected to 10.0.0.25 port 35810
[ ID] Interval           Transfer     Bitrate         Jitter    Lost/Total Datagrams
[  8]   0.00-1.00   sec   462 KBytes  3.79 Mbits/sec  2.564 ms  58/396 (15%)  
[  8]   1.00-2.00   sec   532 KBytes  4.36 Mbits/sec  3.512 ms  75/464 (16%)  
[  8]   2.00-3.00   sec   443 KBytes  3.63 Mbits/sec  3.502 ms  92/416 (22%)  
[  8]   3.00-4.00   sec   447 KBytes  3.66 Mbits/sec  2.911 ms  79/406 (19%)  
[  8]   4.00-5.00   sec   161 KBytes  1.32 Mbits/sec  17.832 ms  33/151 (22%)  
[  8]   5.00-6.00   sec  32.8 KBytes   269 Kbits/sec  20.536 ms  221/245 (90%)  
[  8]   6.00-7.00   sec  32.8 KBytes   269 Kbits/sec  26.261 ms  415/439 (95%)  
[  8]   7.00-8.00   sec  26.0 KBytes   213 Kbits/sec  20.579 ms  370/389 (95%)  
[  8]   8.00-9.00   sec  32.8 KBytes   269 Kbits/sec  34.957 ms  1023/1047 (98%)  
[  8]   9.00-10.00  sec   193 KBytes  1.58 Mbits/sec  4.758 ms  326/467 (70%)  
[  8]  10.00-11.00  sec   122 KBytes   997 Kbits/sec  11.852 ms  236/325 (73%)  
[  8]  11.00-12.00  sec  64.3 KBytes   526 Kbits/sec  14.683 ms  343/390 (88%)  
[  8]  12.00-13.00  sec  54.7 KBytes   448 Kbits/sec  17.578 ms  143/183 (78%)  
[  8]  13.00-14.00  sec   160 KBytes  1.31 Mbits/sec  5.460 ms  679/796 (85%)  
[  8]  14.00-15.00  sec   271 KBytes  2.22 Mbits/sec  5.472 ms  221/419 (53%)  
[  8]  15.00-16.00  sec   275 KBytes  2.25 Mbits/sec  12.644 ms  45/246 (18%)  
[  8]  16.00-17.00  sec  95.7 KBytes   784 Kbits/sec  13.886 ms  409/479 (85%)  
[  8]  17.00-18.00  sec  77.9 KBytes   638 Kbits/sec  15.136 ms  358/415 (86%)  
[  8]  18.00-19.00  sec   105 KBytes   862 Kbits/sec  12.552 ms  349/426 (82%)  
[  8]  19.00-20.00  sec   105 KBytes   862 Kbits/sec  12.693 ms  428/505 (85%)  
[  8]  20.00-20.16  sec  50.6 KBytes  2.65 Mbits/sec  11.652 ms  278/315 (88%)  
- - - - - - - - - - - - - - - - - - - - - - - - -
[ ID] Interval           Transfer     Bitrate         Jitter    Lost/Total Datagrams
[  8]   0.00-20.16  sec  3.66 MBytes  1.52 Mbits/sec  11.652 ms  6181/8919 (69%)  receiver
