-----------------------------------------------------------
Server listening on 5201 (test #1)
-----------------------------------------------------------
Accepted connection from 10.0.0.91, port 59034
[  8] local 10.0.0.123 port 5201 connected to 10.0.0.91 port 46704
[ ID] Interval           Transfer     Bitrate         Jitter    Lost/Total Datagrams
[  8]   0.00-1.00   sec   150 KBytes  1.23 Mbits/sec  3.947 ms  0/110 (0%)  
[  8]   1.00-2.00   sec   127 KBytes  1.04 Mbits/sec  5.193 ms  18/111 (16%)  
[  8]   2.00-3.00   sec   152 KBytes  1.24 Mbits/sec  3.538 ms  2/113 (1.8%)  
[  8]   3.00-4.00   sec   127 KBytes  1.04 Mbits/sec  5.114 ms  16/109 (15%)  
[  8]   4.00-5.00   sec   112 KBytes   918 Kbits/sec  10.674 ms  12/94 (13%)  
[  8]   5.00-6.00   sec   135 KBytes  1.11 Mbits/sec  11.625 ms  24/123 (20%)  
[  8]   6.00-7.00   sec   137 KBytes  1.12 Mbits/sec  9.549 ms  13/113 (12%)  
[  8]   7.00-8.00   sec   126 KBytes  1.03 Mbits/sec  7.454 ms  19/111 (17%)  
[  8]   8.00-9.00   sec   133 KBytes  1.09 Mbits/sec  10.129 ms  18/115 (16%)  
[  8]   9.00-10.00  sec   138 KBytes  1.13 Mbits/sec  6.706 ms  14/115 (12%)  
[  8]  10.00-11.00  sec   118 KBytes   964 Kbits/sec  11.334 ms  20/106 (19%)  
[  8]  11.00-12.00  sec   116 KBytes   952 Kbits/sec  7.344 ms  31/116 (27%)  
[  8]  12.00-13.00  sec  95.7 KBytes   784 Kbits/sec  7.066 ms  39/109 (36%)  
[  8]  13.00-14.00  sec   116 KBytes   952 Kbits/sec  6.816 ms  26/111 (23%)  
[  8]  14.00-15.00  sec   133 KBytes  1.09 Mbits/sec  6.593 ms  17/114 (15%)  
[  8]  15.00-16.00  sec   131 KBytes  1.07 Mbits/sec  4.145 ms  19/115 (17%)  
[  8]  16.00-17.00  sec   145 KBytes  1.19 Mbits/sec  4.125 ms  5/111 (4.5%)  
[  8]  17.00-18.00  sec   138 KBytes  1.13 Mbits/sec  2.972 ms  8/109 (7.3%)  
[  8]  18.00-19.00  sec   122 KBytes   997 Kbits/sec  7.581 ms  21/110 (19%)  
[  8]  19.00-20.00  sec   107 KBytes   872 Kbits/sec  5.678 ms  36/114 (32%)  
[  8]  20.00-20.01  sec  5.47 KBytes  3.48 Mbits/sec  5.659 ms  0/4 (0%)  
- - - - - - - - - - - - - - - - - - - - - - - - -
[ ID] Interval           Transfer     Bitrate         Jitter    Lost/Total Datagrams
[  8]   0.00-20.01  sec  2.50 MBytes  1.05 Mbits/sec  5.659 ms  358/2233 (16%)  receiver
