-----------------------------------------------------------
Server listening on 5201 (test #1)
-----------------------------------------------------------
Accepted connection from 10.0.0.9, port 41314
[  8] local 10.0.0.73 port 5201 connected to 10.0.0.9 port 35952
[ ID] Interval           Transfer     Bitrate         Jitter    Lost/Total Datagrams
[  8]   0.00-1.00   sec   588 KBytes  4.81 Mbits/sec  1.026 ms  11/441 (2.5%)  
[  8]   1.00-2.00   sec   610 KBytes  5.00 Mbits/sec  1.676 ms  0/446 (0%)  
[  8]   2.00-3.00   sec   610 KBytes  4.99 Mbits/sec  1.690 ms  0/446 (0%)  
[  8]   3.00-4.00   sec   599 KBytes  4.91 Mbits/sec  2.257 ms  2/440 (0.45%)  
[  8]   4.00-5.00   sec   618 KBytes  5.06 Mbits/sec  1.687 ms  1/453 (0.22%)  
[  8]   5.00-6.00   sec   604 KBytes  4.95 Mbits/sec  1.143 ms  4/446 (0.9%)  
[  8]   6.00-7.00   sec   606 KBytes  4.96 Mbits/sec  1.111 ms  2/445 (0.45%)  
[  8]   7.00-8.00   sec   611 KBytes  5.01 Mbits/sec  2.116 ms  0/447 (0%)  
[  8]   8.00-9.00   sec   611 KBytes  5.01 Mbits/sec  1.210 ms  1/448 (0.22%)  
[  8]   9.00-10.00  sec   607 KBytes  4.97 Mbits/sec  1.983 ms  1/445 (0.22%)  
[  8]  10.00-11.00  sec   611 KBytes  5.01 Mbits/sec  1.244 ms  0/447 (0%)  
[  8]  11.00-12.00  sec   611 KBytes  5.01 Mbits/sec  1.628 ms  0/447 (0%)  
[  8]  12.00-13.00  sec   610 KBytes  5.00 Mbits/sec  0.994 ms  0/446 (0%)  
[  8]  13.00-14.00  sec   611 KBytes  5.01 Mbits/sec  0.896 ms  0/447 (0%)  
[  8]  14.00-15.00  sec   608 KBytes  4.98 Mbits/sec  1.803 ms  0/445 (0%)  
[  8]  15.00-16.00  sec   607 KBytes  4.97 Mbits/sec  1.444 ms  4/448 (0.89%)  
[  8]  16.00-17.00  sec   611 KBytes  5.01 Mbits/sec  1.599 ms  0/447 (0%)  
[  8]  17.00-18.00  sec   608 KBytes  4.98 Mbits/sec  0.944 ms  1/446 (0.22%)  
[  8]  18.00-19.00  sec   607 KBytes  4.97 Mbits/sec  1.112 ms  1/445 (0.22%)  
[  8]  19.00-20.00  sec   611 KBytes  5.01 Mbits/sec  1.458 ms  0/447 (0%)  
[  8]  20.00-21.00  sec   610 KBytes  5.00 Mbits/sec  2.038 ms  1/447 (0.22%)  
[  8]  21.00-22.00  sec   588 KBytes  4.82 Mbits/sec  1.887 ms  13/443 (2.9%)  
[  8]  22.00-23.00  sec   610 KBytes  4.99 Mbits/sec  1.997 ms  3/449 (0.67%)  
[  8]  23.00-24.00  sec   608 KBytes  4.98 Mbits/sec  2.621 ms  1/446 (0.22%)  
[  8]  24.00-25.00  sec   611 KBytes  5.01 Mbits/sec  2.015 ms  0/447 (0%)  
[  8]  25.00-26.00  sec   595 KBytes  4.87 Mbits/sec  1.844 ms  6/441 (1.4%)  
[  8]  26.00-27.00  sec   602 KBytes  4.93 Mbits/sec  1.255 ms  12/452 (2.7%)  
[  8]  27.00-28.00  sec   604 KBytes  4.95 Mbits/sec  1.154 ms  3/445 (0.67%)  
[  8]  28.00-29.00  sec   614 KBytes  5.03 Mbits/sec  1.821 ms  0/449 (0%)  
[  8]  29.00-30.00  sec   611 KBytes  5.01 Mbits/sec  0.848 ms  0/447 (0%)  
[  8]  30.00-31.00  sec   607 KBytes  4.97 Mbits/sec  1.539 ms  0/444 (0%)  
[  8]  31.00-32.00  sec   610 KBytes  5.00 Mbits/sec  1.640 ms  2/448 (0.45%)  
[  8]  32.00-33.00  sec   602 KBytes  4.93 Mbits/sec  2.031 ms  4/444 (0.9%)  
[  8]  33.00-34.00  sec   610 KBytes  5.00 Mbits/sec  1.395 ms  1/447 (0.22%)  
[  8]  34.00-35.00  sec   608 KBytes  4.98 Mbits/sec  1.652 ms  1/446 (0.22%)  
[  8]  35.00-36.00  sec   606 KBytes  4.96 Mbits/sec  1.488 ms  4/447 (0.89%)  
[  8]  36.00-37.00  sec   614 KBytes  5.03 Mbits/sec  1.364 ms  0/449 (0%)  
[  8]  37.00-38.00  sec   607 KBytes  4.97 Mbits/sec  1.940 ms  2/446 (0.45%)  
[  8]  38.00-39.00  sec   607 KBytes  4.96 Mbits/sec  1.150 ms  2/446 (0.45%)  
[  8]  39.00-40.00  sec   606 KBytes  4.98 Mbits/sec  0.865 ms  3/446 (0.67%)  
[  8]  40.00-41.00  sec   611 KBytes  5.01 Mbits/sec  1.669 ms  0/447 (0%)  
[  8]  41.00-42.00  sec   599 KBytes  4.91 Mbits/sec  1.655 ms  8/446 (1.8%)  
[  8]  42.00-43.00  sec   607 KBytes  4.97 Mbits/sec  1.931 ms  3/447 (0.67%)  
[  8]  43.00-44.00  sec   611 KBytes  5.01 Mbits/sec  1.399 ms  0/447 (0%)  
[  8]  44.00-45.00  sec   597 KBytes  4.90 Mbits/sec  1.968 ms  8/445 (1.8%)  
[  8]  45.00-46.00  sec   602 KBytes  4.93 Mbits/sec  1.518 ms  6/446 (1.3%)  
[  8]  46.00-47.00  sec   610 KBytes  5.00 Mbits/sec  2.564 ms  0/446 (0%)  
[  8]  47.00-48.00  sec   608 KBytes  4.98 Mbits/sec  1.927 ms  1/446 (0.22%)  
[  8]  48.00-49.00  sec   611 KBytes  5.01 Mbits/sec  1.383 ms  1/448 (0.22%)  
[  8]  49.00-50.00  sec   611 KBytes  5.01 Mbits/sec  0.896 ms  0/447 (0%)  
[  8]  50.00-51.00  sec   608 KBytes  4.98 Mbits/sec  1.625 ms  0/445 (0%)  
[  8]  51.00-52.00  sec   585 KBytes  4.79 Mbits/sec  1.589 ms  20/448 (4.5%)  
[  8]  52.00-53.00  sec   608 KBytes  4.98 Mbits/sec  1.378 ms  1/446 (0.22%)  
[  8]  53.00-54.00  sec   608 KBytes  4.98 Mbits/sec  1.513 ms  0/445 (0%)  
[  8]  54.00-55.00  sec   603 KBytes  4.94 Mbits/sec  2.384 ms  4/445 (0.9%)  
[  8]  55.00-56.00  sec   591 KBytes  4.84 Mbits/sec  2.717 ms  17/449 (3.8%)  
[  8]  56.00-57.00  sec   595 KBytes  4.87 Mbits/sec  1.608 ms  8/443 (1.8%)  
[  8]  57.00-58.00  sec   574 KBytes  4.70 Mbits/sec  1.370 ms  29/449 (6.5%)  
[  8]  58.00-59.00  sec   599 KBytes  4.91 Mbits/sec  2.031 ms  7/445 (1.6%)  
[  8]  59.00-60.00  sec   606 KBytes  4.96 Mbits/sec  2.073 ms  5/448 (1.1%)  
[  8]  60.00-60.01  sec  9.57 KBytes  6.76 Mbits/sec  2.061 ms  0/7 (0%)  
- - - - - - - - - - - - - - - - - - - - - - - - -
[ ID] Interval           Transfer     Bitrate         Jitter    Lost/Total Datagrams
[  8]   0.00-60.01  sec  35.5 MBytes  4.96 Mbits/sec  2.061 ms  204/26786 (0.76%)  receiver
