-----------------------------------------------------------
Server listening on 5201 (test #1)
-----------------------------------------------------------
Accepted connection from 10.0.0.13, port 34404
[  8] local 10.0.0.77 port 5201 connected to 10.0.0.13 port 46367
[ ID] Interval           Transfer     Bitrate         Jitter    Lost/Total Datagrams
[  8]   0.00-1.00   sec   588 KBytes  4.82 Mbits/sec  0.777 ms  12/442 (2.7%)  
[  8]   1.00-2.00   sec   610 KBytes  4.99 Mbits/sec  1.910 ms  0/446 (0%)  
[  8]   2.00-3.00   sec   607 KBytes  4.98 Mbits/sec  1.423 ms  2/446 (0.45%)  
[  8]   3.00-4.00   sec   599 KBytes  4.91 Mbits/sec  2.099 ms  3/441 (0.68%)  
[  8]   4.00-5.00   sec   614 KBytes  5.03 Mbits/sec  2.069 ms  1/450 (0.22%)  
[  8]   5.00-6.00   sec   606 KBytes  4.96 Mbits/sec  1.163 ms  5/448 (1.1%)  
[  8]   6.00-7.00   sec   610 KBytes  4.99 Mbits/sec  2.070 ms  1/447 (0.22%)  
[  8]   7.00-8.00   sec   607 KBytes  4.97 Mbits/sec  1.980 ms  1/445 (0.22%)  
[  8]   8.00-9.00   sec   612 KBytes  5.02 Mbits/sec  1.273 ms  0/448 (0%)  
[  8]   9.00-10.00  sec   606 KBytes  4.96 Mbits/sec  1.858 ms  1/444 (0.23%)  
[  8]  10.00-11.00  sec   611 KBytes  5.01 Mbits/sec  1.269 ms  1/448 (0.22%)  
[  8]  11.00-12.00  sec   610 KBytes  5.00 Mbits/sec  1.120 ms  0/446 (0%)  
[  8]  12.00-13.00  sec   612 KBytes  5.02 Mbits/sec  0.926 ms  0/448 (0%)  
[  8]  13.00-14.00  sec   610 KBytes  4.99 Mbits/sec  1.429 ms  0/446 (0%)  
[  8]  14.00-15.00  sec   610 KBytes  5.00 Mbits/sec  1.939 ms  0/446 (0%)  
[  8]  15.00-16.00  sec   600 KBytes  4.92 Mbits/sec  1.628 ms  6/445 (1.3%)  
[  8]  16.00-17.00  sec   612 KBytes  5.02 Mbits/sec  1.778 ms  1/449 (0.22%)  
[  8]  17.00-18.00  sec   610 KBytes  5.00 Mbits/sec  1.189 ms  0/446 (0%)  
[  8]  18.00-19.00  sec   610 KBytes  4.99 Mbits/sec  1.576 ms  0/446 (0%)  
[  8]  19.00-20.00  sec   611 KBytes  5.01 Mbits/sec  1.465 ms  0/447 (0%)  
[  8]  20.00-21.00  sec   607 KBytes  4.97 Mbits/sec  1.675 ms  0/444 (0%)  
[  8]  21.00-22.00  sec   597 KBytes  4.89 Mbits/sec  2.230 ms  11/448 (2.5%)  
[  8]  22.00-23.00  sec   607 KBytes  4.97 Mbits/sec  2.044 ms  2/446 (0.45%)  
[  8]  23.00-24.01  sec   611 KBytes  4.97 Mbits/sec  2.573 ms  2/450 (0.44%)  
[  8]  24.01-25.00  sec   607 KBytes  5.01 Mbits/sec  1.888 ms  1/445 (0.22%)  
[  8]  25.00-26.00  sec   602 KBytes  4.93 Mbits/sec  2.117 ms  4/444 (0.9%)  
[  8]  26.00-27.00  sec   599 KBytes  4.91 Mbits/sec  0.753 ms  9/447 (2%)  
[  8]  27.00-28.00  sec   607 KBytes  4.97 Mbits/sec  0.865 ms  2/446 (0.45%)  
[  8]  28.00-29.00  sec   608 KBytes  4.98 Mbits/sec  2.160 ms  0/445 (0%)  
[  8]  29.00-30.00  sec   614 KBytes  5.03 Mbits/sec  0.980 ms  0/449 (0%)  
[  8]  30.00-31.00  sec   611 KBytes  5.01 Mbits/sec  1.424 ms  0/447 (0%)  
[  8]  31.00-32.00  sec   606 KBytes  4.96 Mbits/sec  1.125 ms  2/445 (0.45%)  
[  8]  32.00-33.00  sec   604 KBytes  4.95 Mbits/sec  1.981 ms  5/447 (1.1%)  
[  8]  33.00-34.00  sec   608 KBytes  4.98 Mbits/sec  1.424 ms  1/446 (0.22%)  
[  8]  34.00-35.00  sec   608 KBytes  4.98 Mbits/sec  1.625 ms  1/446 (0.22%)  
[  8]  35.00-36.00  sec   606 KBytes  4.96 Mbits/sec  1.525 ms  4/447 (0.89%)  
[  8]  36.00-37.00  sec   612 KBytes  5.02 Mbits/sec  1.700 ms  0/448 (0%)  
[  8]  37.00-38.00  sec   607 KBytes  4.97 Mbits/sec  1.722 ms  1/445 (0.22%)  
[  8]  38.00-39.00  sec   606 KBytes  4.96 Mbits/sec  2.129 ms  3/446 (0.67%)  
[  8]  39.00-40.00  sec   604 KBytes  4.95 Mbits/sec  0.875 ms  4/446 (0.9%)  
[  8]  40.00-41.00  sec   610 KBytes  5.00 Mbits/sec  1.574 ms  0/446 (0%)  
[  8]  41.00-42.00  sec   603 KBytes  4.94 Mbits/sec  2.191 ms  6/447 (1.3%)  
[  8]  42.00-43.00  sec   610 KBytes  5.00 Mbits/sec  1.993 ms  2/448 (0.45%)  
[  8]  43.00-44.00  sec   608 KBytes  4.98 Mbits/sec  1.713 ms  0/445 (0%)  
[  8]  44.00-45.00  sec   603 KBytes  4.94 Mbits/sec  1.802 ms  3/444 (0.68%)  
[  8]  45.00-46.00  sec   606 KBytes  4.96 Mbits/sec  1.706 ms  6/449 (1.3%)  
[  8]  46.00-47.00  sec   610 KBytes  4.99 Mbits/sec  2.357 ms  0/446 (0%)  
[  8]  47.00-48.00  sec   607 KBytes  4.98 Mbits/sec  2.240 ms  1/445 (0.22%)  
[  8]  48.00-49.00  sec   612 KBytes  5.02 Mbits/sec  1.197 ms  2/450 (0.44%)  
[  8]  49.00-50.00  sec   611 KBytes  5.01 Mbits/sec  1.548 ms  0/447 (0%)  
[  8]  50.00-51.00  sec   606 KBytes  4.96 Mbits/sec  1.170 ms  2/445 (0.45%)  
[  8]  51.00-52.00  sec   588 KBytes  4.82 Mbits/sec  1.708 ms  16/446 (3.6%)  
[  8]  52.00-53.00  sec   608 KBytes  4.98 Mbits/sec  1.600 ms  1/446 (0.22%)  
[  8]  53.00-54.00  sec   604 KBytes  4.95 Mbits/sec  1.592 ms  4/446 (0.9%)  
[  8]  54.00-55.00  sec   600 KBytes  4.91 Mbits/sec  2.194 ms  3/442 (0.68%)  
[  8]  55.00-56.00  sec   593 KBytes  4.86 Mbits/sec  2.898 ms  17/451 (3.8%)  
[  8]  56.00-57.00  sec   603 KBytes  4.94 Mbits/sec  1.976 ms  5/446 (1.1%)  
[  8]  57.00-58.00  sec   576 KBytes  4.71 Mbits/sec  1.392 ms  27/448 (6%)  
[  8]  58.00-59.00  sec   597 KBytes  4.89 Mbits/sec  1.790 ms  8/445 (1.8%)  
[  8]  59.00-60.00  sec   602 KBytes  4.93 Mbits/sec  2.490 ms  6/446 (1.3%)  
[  8]  60.00-60.01  sec  9.57 KBytes  5.30 Mbits/sec  2.236 ms  0/7 (0%)  
- - - - - - - - - - - - - - - - - - - - - - - - -
[ ID] Interval           Transfer     Bitrate         Jitter    Lost/Total Datagrams
[  8]   0.00-60.01  sec  35.5 MBytes  4.96 Mbits/sec  2.236 ms  195/26786 (0.73%)  receiver
