drive_exercise.py -- source_routing / skeleton
(non-interactive: no mininet CLI, no xterm; kills nothing)
fabric   : ndtwin -- the package fabric `ndt up p4 --app` builds; no root needed

== pre-flight (read-only) ==============================================
OK   lab is free (claim: owner=- expires=- measuring=nothing)
OK   host scripts will run under /home/adam/p4dev-python-venv/bin/python
OK   ndt /home/adam/Desktop/NDTwin-Kernel/tools/test_workflow/ndt, converter /home/adam/Desktop/NDTwin-Kernel/tools/p4_exercise/convert.py, pre-flight /home/adam/Desktop/NDTwin-Kernel/tools/p4_exercise/preflight.py
--   switch  n/a: `ndt up p4` chooses the bmv2 binary -- see the `ndt status` capture
OK   p4c     /usr/local/bin/p4c-bm2-ss  sha256[:16]=226f3f66df515c9e  --version=Version 1.2.5.15 (SHA: 5b948b037a BUILD: Release)
OK   exercise dir /home/adam/tutorials/exercises/source_routing

== compile =============================================================
$ /usr/local/bin/p4c-bm2-ss --p4v 16 --p4runtime-files /home/adam/tutorials/exercises/source_routing/build/source_routing.p4.p4info.txtpb -o /home/adam/tutorials/exercises/source_routing/build/source_routing.json /home/adam/tutorials/exercises/source_routing/source_routing.p4
/home/adam/tutorials/exercises/source_routing/source_routing.p4(8): [--Wwarn=unused] warning: 'TYPE_SRCROUTING' is unused
const bit<16> TYPE_SRCROUTING = 0x1234;
              ^^^^^^^^^^^^^^^
/home/adam/tutorials/exercises/source_routing/source_routing.p4(16): [--Wwarn=unused] warning: 'egressSpec_t' is unused
typedef bit<9> egressSpec_t;
               ^^^^^^^^^^^^
/home/adam/tutorials/exercises/source_routing/source_routing.p4(118): [--Wwarn=unused] warning: 'srcRoute_nhop' is unused
    action srcRoute_nhop() {
           ^^^^^^^^^^^^^
/home/adam/tutorials/exercises/source_routing/source_routing.p4(126): [--Wwarn=unused] warning: 'srcRoute_finish' is unused
    action srcRoute_finish() {
           ^^^^^^^^^^^^^^^
-> /home/adam/tutorials/exercises/source_routing/build/source_routing.json  12410 B  sha256[:16]=e6816123c89b51a8  warnings=4

== plan ================================================================
topology : topology.json
hosts    : h1, h2, h3
switches : s1, s2, s3
links    : 6
program  : /home/adam/tutorials/exercises/source_routing/source_routing.p4 -> build/source_routing.json
switch   : /usr/local/bin/simple_switch_grpc
steps    : h2 receive.py; h1 send.py 10.0.2.2 with '2 3 2 2 1' then '2 1'; assert packet count + ttl
package  : /home/adam/Desktop/NDTwin-Kernel/.test_run/packages/source_routing-skeleton
equivalent to (from the repo root, as the operator -- no sudo):
  /home/adam/Desktop/NDTwin-Kernel/p4_proxy/venv/bin/python /home/adam/Desktop/NDTwin-Kernel/tools/p4_exercise/convert.py /home/adam/tutorials/exercises/source_routing --topology topology.json --p4 source_routing.p4 --out /home/adam/Desktop/NDTwin-Kernel/.test_run/packages/source_routing-skeleton
  /home/adam/Desktop/NDTwin-Kernel/p4_proxy/venv/bin/python /home/adam/Desktop/NDTwin-Kernel/tools/p4_exercise/preflight.py /home/adam/Desktop/NDTwin-Kernel/.test_run/packages/source_routing-skeleton
  NDT_OWNER=orch-0926 /home/adam/Desktop/NDTwin-Kernel/tools/test_workflow/ndt claim 45 '...' && NDT_OWNER=orch-0926 /home/adam/Desktop/NDTwin-Kernel/tools/test_workflow/ndt up p4 --app /home/adam/Desktop/NDTwin-Kernel/.test_run/packages/source_routing-skeleton
  ... the scripted steps above, then `ndt down` and `ndt release`.
telemetry: whatever the package declares (no --telemetry given)

== convert the exercise into an app package ============================
$ /home/adam/Desktop/NDTwin-Kernel/p4_proxy/venv/bin/python /home/adam/Desktop/NDTwin-Kernel/tools/p4_exercise/convert.py /home/adam/tutorials/exercises/source_routing --topology topology.json --p4 source_routing.p4 --out /home/adam/Desktop/NDTwin-Kernel/.test_run/packages/source_routing-skeleton
package 'source_routing' -> /home/adam/Desktop/NDTwin-Kernel/.test_run/packages/source_routing-skeleton
  control plane : ndtwin
  pipelines     : s1=build/source_routing.json, s2=build/source_routing.json, s3=build/source_routing.json
  model         : 3 switches, 3 hosts, 12 edges (6 links, both directions stored)
  files         : 9
                  build/source_routing.json
                  build/source_routing.p4.p4info.txtpb
                  ndtwin/topology.json
                  package.json
                  s1-runtime.json
                  s2-runtime.json
                  s3-runtime.json
                  source_routing.p4
                  topology.json
  read back through p4_proxy/mininet/topo_from_json.py: ok
  next: tools/p4_exercise/preflight.py /home/adam/Desktop/NDTwin-Kernel/.test_run/packages/source_routing-skeleton

== pre-flight the package ==============================================
$ /home/adam/Desktop/NDTwin-Kernel/p4_proxy/venv/bin/python /home/adam/Desktop/NDTwin-Kernel/tools/p4_exercise/preflight.py /home/adam/Desktop/NDTwin-Kernel/.test_run/packages/source_routing-skeleton
pre-flight: /home/adam/Desktop/NDTwin-Kernel/.test_run/packages/source_routing-skeleton
  PASS  format                            1
  INFO  name                              source_routing
  PASS  control_plane.mode                ndtwin
  PASS  control_plane.grpc_base           30050
  PASS  control_plane.device_id           dpid
  PASS  control_plane.election_id         [0, 65535]
  PASS  bmv2.cpu_port                     255
  PASS  switches keys                     3 dpids: [1, 2, 3]
  PASS  switches name                     every sN has dpid N
  PASS  referenced files                  8 present
  PASS  topo_from_json.switches           3 entries
  PASS  topo_from_json.hosts              3 entries
  PASS  topo_from_json.switch_links       3 entries
  PASS  topo_from_json.host_links         3 entries
  PASS  switches agree                    model and package.json both say [1, 2, 3]
  PASS  links agree                       6 links in both
  PASS  hosts named h<last octet>         3 hosts
  PASS  hosts agree                       model and package.json both say ['h1', 'h2', 'h3']
  PASS  switches pipeline                 3 of 3 switch(es) carry their own program; p4info tables and actions are all in the bmv2 json
  INFO  s1 pipeline                       build/source_routing.json  p4info sha256:f2e2ebfd5cc0651c  program=/home/adam/tutorials/exercises/source_routing/source_routing.p4
  INFO  s2 pipeline                       build/source_routing.json  p4info sha256:f2e2ebfd5cc0651c  program=/home/adam/tutorials/exercises/source_routing/source_routing.p4
  INFO  s3 pipeline                       build/source_routing.json  p4info sha256:f2e2ebfd5cc0651c  program=/home/adam/tutorials/exercises/source_routing/source_routing.p4
  PASS  p4info parses                     google.protobuf.text_format into p4.config.v1.P4Info
  PASS  entries match p4info              0 entries across 3 switch(es); recorded, NOT applied in stage one
  PASS  entries p4info is the pipeline's  3 switch(es); entries and pipeline name the same p4info
  INFO  telemetry.source                  not declared (auto: NDTwin's pipeline gets the cooperative path, anybody else's gets link telemetry)
  INFO  PRE entries                       none declared (no multicast group, no clone session)
  PASS  gRPC port block                   30051-30053 safe on this machine
  PASS  p4c-bm2-ss                        rc=0  source_routing.json sha256:71c3603e6e2e97c0  source_routing.p4.p4info.txtpb sha256:f2e2ebfd5cc0651c

PASS -- every check passed
host_count_override snapshot: 2 bytes (b'4\n')
telemetry_override snapshot: absent

== claim the lab =======================================================
$ NDT_OWNER=orch-0926 /home/adam/Desktop/NDTwin-Kernel/tools/test_workflow/ndt claim 45 drive_exercise source_routing/skeleton on the ndtwin fabric
  recorded this round's starting point in .test_run/round.baseline -- 'ndt status' compares against it
  ok  lab claimed by orch-0926 for 45m (drive_exercise source_routing/skeleton on the ndtwin fabric)

== ndt up p4 --app =====================================================
$ NDT_OWNER=orch-0926 /home/adam/Desktop/NDTwin-Kernel/tools/test_workflow/ndt up p4 --app /home/adam/Desktop/NDTwin-Kernel/.test_run/packages/source_routing-skeleton
app package pre-flight
  package      /home/adam/Desktop/NDTwin-Kernel/.test_run/packages/source_routing-skeleton
pre-flight: /home/adam/Desktop/NDTwin-Kernel/.test_run/packages/source_routing-skeleton
  PASS  format                            1
  INFO  name                              source_routing
  PASS  control_plane.mode                ndtwin
  PASS  control_plane.grpc_base           30050
  PASS  control_plane.device_id           dpid
  PASS  control_plane.election_id         [0, 65535]
  PASS  bmv2.cpu_port                     255
  PASS  switches keys                     3 dpids: [1, 2, 3]
  PASS  switches name                     every sN has dpid N
  PASS  referenced files                  8 present
  PASS  topo_from_json.switches           3 entries
  PASS  topo_from_json.hosts              3 entries
  PASS  topo_from_json.switch_links       3 entries
  PASS  topo_from_json.host_links         3 entries
  PASS  switches agree                    model and package.json both say [1, 2, 3]
  PASS  links agree                       6 links in both
  PASS  hosts named h<last octet>         3 hosts
  PASS  hosts agree                       model and package.json both say ['h1', 'h2', 'h3']
  PASS  switches pipeline                 3 of 3 switch(es) carry their own program; p4info tables and actions are all in the bmv2 json
  INFO  s1 pipeline                       build/source_routing.json  p4info sha256:f2e2ebfd5cc0651c  program=/home/adam/tutorials/exercises/source_routing/source_routing.p4
  INFO  s2 pipeline                       build/source_routing.json  p4info sha256:f2e2ebfd5cc0651c  program=/home/adam/tutorials/exercises/source_routing/source_routing.p4
  INFO  s3 pipeline                       build/source_routing.json  p4info sha256:f2e2ebfd5cc0651c  program=/home/adam/tutorials/exercises/source_routing/source_routing.p4
  PASS  p4info parses                     google.protobuf.text_format into p4.config.v1.P4Info
  PASS  entries match p4info              0 entries across 3 switch(es); recorded, NOT applied in stage one
  PASS  entries p4info is the pipeline's  3 switch(es); entries and pipeline name the same p4info
  INFO  telemetry.source                  not declared (auto: NDTwin's pipeline gets the cooperative path, anybody else's gets link telemetry)
  INFO  PRE entries                       none declared (no multicast group, no clone session)
  PASS  gRPC port block                   30051-30053 safe on this machine
  PASS  p4c-bm2-ss                        rc=0  source_routing.json sha256:71c3603e6e2e97c0  source_routing.p4.p4info.txtpb sha256:f2e2ebfd5cc0651c

PASS -- every check passed

ndt up p4
  hosts        3        (p4_proxy/mininet/host_count_override)
  topology     .test_run/packages/source_routing-skeleton/ndtwin/topology.json
  app package  /home/adam/Desktop/NDTwin-Kernel/.test_run/packages/source_routing-skeleton (mode ndtwin, 3 switch(es))
  bmv2         /usr/local/bmv2-fast/bin/simple_switch_grpc
  sample r
... [trimmed; 6104 chars total]

== GET /p4/switch_state ================================================
   control_plane.mode    ndtwin
   control_plane.package /home/adam/Desktop/NDTwin-Kernel/.test_run/packages/source_routing-skeleton
   control_plane.skipped ['install_initial_routes', 'link_watchdog', 'lldp_discovery']
   s1  ndtwin=False p4info_sha256=f2e2ebfd5cc0651c  entries recorded=0 applied=0 failed=0 api_writes=0  (entries_recorded=0)
   s2  ndtwin=False p4info_sha256=f2e2ebfd5cc0651c  entries recorded=0 applied=0 failed=0 api_writes=0  (entries_recorded=0)
   s3  ndtwin=False p4info_sha256=f2e2ebfd5cc0651c  entries recorded=0 applied=0 failed=0 api_writes=0  (entries_recorded=0)

== ndt status (raw; and the bmv2 binary it names) ======================
$ NDT_OWNER=orch-0926 /home/adam/Desktop/NDTwin-Kernel/tools/test_workflow/ndt status
lab
  claim          yours -- 45m left (until 02:17:29)
  note           in use: ndt up p4 3 at 2026-09-27 01:32:29 by orch-0926
  prev claim     orch-0926 (until 02:15:56), superseded 2026-09-27 01:32:28  (.test_run/lab.claim.prev)
                 the same owner re-claimed it -- a rewrite, not a handover
                 it said: down at 2026-09-27 01:32:28; verified clean; claim kept
  exclusive cpu  no (heavy local jobs may overlap this claim)
  measuring      nothing
  code           3f8c2abf  +91 file(s) with uncommitted changes
                 3 of them can change behaviour:
                 p4_proxy/mininet/host_count_override
                 p4_proxy/mininet/app_package_override
                 tools/remote-lab/dorm_lab/
  knob baseline  3, written by 'ndt up p4 3' at 01:32:29 this round; the round started at 4 -- write 4 back before 'ndt release'
                   echo 4 > p4_proxy/mininet/host_count_override      # write it back; 'git checkout --' would give you HEAD
                 'ndt release' refuses while these differ; 'ndt release --force' releases anyway
  tree vs round  0 file(s) LEFT the uncommitted set, 1 joined it
                 + p4_proxy/mininet/app_package_override
  ok  helper: /usr/local/sbin/ndtwin-lab is tools/test_workflow/ndtwin-lab (sha256 6a558fe4)

configuration
  hosts          3   (what the last 'ndt up' asked for: p4)
  topology       .test_run/packages/source_routing-skeleton/ndtwin/topology.json
  p4 host knob   3   (p4_proxy/mininet/host_count_override -- P4 only; decides the next 'ndt up p4')
  app package    /home/adam/Desktop/NDTwin-Kernel/.test_run/packages/source_routing-skeleton (mode ndtwin)
                 source_routing -- p4_proxy/mininet/app_package_override; it decides the next 'ndt up p4' and the next proxy
  bmv2           /usr/local/bmv2-fast/bin/simple_switch_grpc
  telemetry      auto   (p4_proxy/mininet/telemetry_override absent -- auto, then the package)
                 every switch: link
                 link emitter: alive pid 22699, 3 switch(es), rate 256
  link shaping   off (no package link asks for one)
  sample rate    n/a (package pipeline)
  rate source    the app package runs a foreign pipeline on dpid 1,2,3 -- p4_proxy/p4_src/build/ndtwin_switch.json is NOT what those switches loaded, and stale_pipeline is not judged
  note           /ndt/get_cpu_utilization is fabricated in MININET mode; use cpu_probe.py

running
  bmv2 switches  3       topo session   present
  host/switch    6       manifest       present
  :8000 kernel   open    :8081 proxy    open    :8080 ryu closed
  binary         /usr/local/bmv2-fast/bin/simple_switch_grpc
  heartbeat      running (pid 22853, session 8433a457fbfa00f0) -- 6 direction(s), report 0.7 s old
  pidfiles       kernel.child.pid=22980 alive,kernel.pid=22975 alive,p4_proxy.child.pid=22899 alive,p4_proxy.pid=22894 alive

network health
  switches       3 up, 3 enabled, 0 admin-disabled
  links          12 total, 0 down, 0 admin-disabled

... [trimmed; 3906 chars total]
   bmv2 sha256[:16]=3ff54b5c1901c9d3  1.15.3-f0b7d201   (ndt status: /usr/local/bmv2-fast/bin/simple_switch_grpc)

== scripted steps (no CLI, no xterm) ===================================
   hosts: h1=10.0.1.1, h2=10.0.2.2, h3=10.0.3.3
$ h2: /home/adam/p4dev-python-venv/bin/python -u /home/adam/tutorials/exercises/source_routing/receive.py   (> /home/adam/Desktop/NDTwin-Kernel/doc/audit/2026-09-04_p4-tutorial-exercise-prep/runs/2026-09-26T173229Z_source_routing_skeleton_ndtwin/driver-h2-receive.log)
$ h1: /home/adam/p4dev-python-venv/bin/python /home/adam/tutorials/exercises/source_routing/send.py 10.0.2.2   <<< b'2 3 2 2 1\n2 1\nq\n'
sending on interface eth0 to 10.0.2.2

Type space separated port nums (example: "2 3 2 2 1") or "q" to quit: 
###[ Ethernet ]### 
  dst       = ff:ff:ff:ff:ff:ff
  src       = 08:00:00:00:01:11
  type      = 0x1234
###[ SourceRoute ]### 
     bos       = 0
     port      = 2
###[ SourceRoute ]### 
        bos       = 0
        port      = 3
###[ SourceRoute ]### 
           bos       = 0
           port      = 2
###[ SourceRoute ]### 
              bos       = 0
              port      = 2
###[ SourceRoute ]### 
                 bos       = 1
                 port      = 1
###[ IP ]### 
                    version   = 4
                    ihl       = 5
                    tos       = 0x0
                    len       = 28
                    id        = 1
                    flags     = 
                    frag      = 0
                    ttl       = 64
                    proto     = udp
                    chksum    = 0x63ce
                    src       = 10.0.1.1
                    dst       = 10.0.2.2
                    \options   \
###[ UDP ]### 
                       sport     = 1234
                       dport     = 4321
                       len       = 8
                       chksum    = 0xd328


Type space separated port nums (example: "2 3 2 2 1") or "q" to quit: 
###[ Ethernet ]### 
  dst       = ff:ff:ff:ff:ff:ff
  src       = 08:00:00:00:01:11
  type      = 0x1234
###[ SourceRoute ]### 
     bos       = 0
     port      = 2
###[ SourceRoute ]### 
        bos       = 1
        port      = 1
###[ IP ]### 
           version   = 4
           ihl       = 5
           tos       = 0x0
           len       = 28
           id        = 1
           flags     = 
           frag      = 0
           ttl       = 64
           proto     = udp
           chksum    = 0x63ce
           src       = 10.0.1.1
           dst       = 10.0.2.2
           \options   \
###[ UDP ]### 
              sport     = 1234
              dport     = 4321
              len       = 8
              chksum    = 0xd328


Type space separated port nums (example: "2 3 2 2 1") or "q" to quit: 
-- h2 receive.py output (/home/adam/Desktop/NDTwin-Kernel/doc/audit/2026-09-04_p4-tutorial-exercise-prep/runs/2026-09-26T173229Z_source_routing_skeleton_ndtwin/driver-h2-receive.log) --
sniffing on eth0

   PASS injection: send.py built 2 srcroute frames     want=2                      got=2
   PASS h2 received packet count                       want=0                      got=0

-- switch logs --
   /home/adam/Desktop/NDTwin-Kernel/doc/audit/2026-09-04_p4-tutorial-exercise-prep/runs/2026-09-26T173229Z_source_routing_skeleton_ndtwin/driver-h2-receive.log 17 B

== G1  link usage follows the iperf path (program-independent) =========
   NOT RUN: the skeleton arm is a fabric the exercise says should not forward; there is no path for a program-independent cell to follow
   (a cell with no flow to follow is recorded as not run, never as a pass)

== teardown: ndt down, the two knobs, then ndt release =================
$ NDT_OWNER=orch-0926 /home/adam/Desktop/NDTwin-Kernel/tools/test_workflow/ndt down
ndt down
  this teardown is about:
        3 bmv2 switch(es)
        6 host/switch process(es)
        a topo tmux session
        the switch manifest /tmp/ndtwin_p4_switches.json
        the registry entry .test_run/pids/kernel.child.pid
        the registry entry .test_run/pids/kernel.pid
        the registry entry .test_run/pids/p4_proxy.child.pid
        the registry entry .test_run/pids/p4_proxy.pid
        a held port in ports.sh's table
[1/3] kernel + proxy/Ryu
        stopped kernel
        kernel exit status 143 (terminated by SIGTERM (15) -- or exit(143), which bash cannot distinguish)
        stopped p4_proxy
        p4_proxy exit status 143 (terminated by SIGTERM (15) -- or exit(143), which bash cannot distinguish)
        -> an orphan holding one makes the next fabric fail to bind, with an error that reads like a P4 pipeline problem rather than a leftover process
        :30051 is still listening, held by a process this user cannot see (probably root-owned)
          This script did not start it. The next 'up' would find the port open and
          measure the wrong process, so this is reported rather than ignored.
        -> an orphan holding one makes the next fabric fail to bind, with an error that reads like a P4 pipeline problem rather than a leftover process
        :30052 is still listening, held by a process this user cannot see (probably root-owned)
          This script did not start it. The next 'up' would find the port open and
          measure the wrong process, so this is reported rather than ignored.
        -> an orphan holding one makes the next fabric fail to bind, with an error that reads like a P4 pipeline problem rather than a leftover process
        :30053 is still listening, held by a process this user cannot see (probably root-owned)
          This script did not start it. The next 'up' would find the port open and
          measure the wrong process, so this is reported rather than ignored.
        -> the same leftover switch that holds a gRPC port holds this one; the same line of code assigns both, so a check that names only one of them is half a check
        :9091 is still listening, held by a process this user cannot see (probably root-owned)
          This script did not start it. The next 'up' would find the port open and
          measure the wrong process, so this is reported rather than ignored.
        -> the same leftover switch that holds a gRPC port holds this one; the same line of code assigns both, so a check that names only one of them is half a check
        :9092 is still listening, held by a process this user cannot see (probably root-owned)
          This script did not start it. The next 'up' would find the port open and
          measure the wrong process, so this is reported rather than ignored.
        -> the same leftover switch that holds a gRPC port holds this one; the same line of code assigns both, so a check that names only one of them is half a check
        :9093 is still lis
... [trimmed; 5490 chars total]
   ndt down rc=0
   host_count_override: put back to the 2 bytes this round found
   telemetry_override: unchanged (absent)
$ NDT_OWNER=orch-0926 /home/adam/Desktop/NDTwin-Kernel/tools/test_workflow/ndt release
  the claim you held is kept as .test_run/lab.claim.prev -- 'ndt status' reads it back
  this round's starting point is now .test_run/round.baseline.prev -- 'ndt status' will say no round baseline is recorded
  ok  lab released
   ndt release rc=0

== verdict =============================================================
   PASS injection: send.py built 2 srcroute frames     want=2                      got=2   【源碼推導，未執行】
   PASS h2 received packet count                       want=0                      got=0   【README 宣稱】＋【源碼推導，未執行】

>>> PASS (2/2)

report: /home/adam/Desktop/NDTwin-Kernel/doc/audit/2026-09-04_p4-tutorial-exercise-prep/runs/2026-09-26T173229Z_source_routing_skeleton_ndtwin.md
