-----------------------------------------------------------
Server listening on 5201 (test #1)
-----------------------------------------------------------
Accepted connection from 10.0.0.30, port 38190
[  8] local 10.0.0.62 port 5201 connected to 10.0.0.30 port 55544
[ ID] Interval           Transfer     Bitrate         Jitter    Lost/Total Datagrams
[  8]   0.00-1.00   sec  54.7 KBytes   448 Kbits/sec  8.447 ms  4/44 (9.1%)  
[  8]   1.00-2.02   sec  61.5 KBytes   496 Kbits/sec  8.841 ms  1/46 (2.2%)  
[  8]   2.02-3.00   sec  56.1 KBytes   466 Kbits/sec  5.490 ms  1/42 (2.4%)  
[  8]   3.00-4.00   sec  61.5 KBytes   504 Kbits/sec  5.421 ms  0/45 (0%)  
[  8]   4.00-5.00   sec  62.9 KBytes   514 Kbits/sec  3.923 ms  0/46 (0%)  
[  8]   5.00-6.00   sec  53.3 KBytes   438 Kbits/sec  16.940 ms  3/42 (7.1%)  
[  8]   6.00-7.00   sec  62.9 KBytes   515 Kbits/sec  4.610 ms  1/47 (2.1%)  
[  8]   7.00-8.00   sec  60.2 KBytes   493 Kbits/sec  4.058 ms  1/45 (2.2%)  
[  8]   8.00-9.00   sec  60.2 KBytes   493 Kbits/sec  2.285 ms  0/44 (0%)  
[  8]   9.00-10.00  sec  61.5 KBytes   504 Kbits/sec  3.818 ms  0/45 (0%)  
[  8]  10.00-11.00  sec  61.5 KBytes   504 Kbits/sec  4.983 ms  0/45 (0%)  
[  8]  11.00-12.00  sec  60.2 KBytes   493 Kbits/sec  4.310 ms  0/44 (0%)  
[  8]  12.00-13.00  sec  61.5 KBytes   504 Kbits/sec  3.977 ms  0/45 (0%)  
[  8]  13.00-14.00  sec  60.2 KBytes   493 Kbits/sec  4.771 ms  0/44 (0%)  
[  8]  14.00-15.00  sec  62.9 KBytes   515 Kbits/sec  4.946 ms  0/46 (0%)  
[  8]  15.00-16.00  sec  58.8 KBytes   482 Kbits/sec  4.300 ms  0/43 (0%)  
[  8]  16.00-17.00  sec  57.4 KBytes   470 Kbits/sec  6.274 ms  3/45 (6.7%)  
[  8]  17.00-18.00  sec  60.2 KBytes   493 Kbits/sec  4.909 ms  1/45 (2.2%)  
[  8]  18.00-19.00  sec  61.5 KBytes   503 Kbits/sec  4.707 ms  0/45 (0%)  
[  8]  19.00-20.00  sec  61.5 KBytes   505 Kbits/sec  4.644 ms  0/45 (0%)  
[  8]  20.00-21.00  sec  60.2 KBytes   493 Kbits/sec  5.802 ms  0/44 (0%)  
[  8]  21.00-22.00  sec  61.5 KBytes   504 Kbits/sec  6.839 ms  0/45 (0%)  
[  8]  22.00-23.00  sec  60.2 KBytes   493 Kbits/sec  10.360 ms  0/44 (0%)  
[  8]  23.00-24.00  sec  61.5 KBytes   504 Kbits/sec  5.051 ms  0/45 (0%)  
[  8]  24.00-25.00  sec  61.5 KBytes   503 Kbits/sec  5.603 ms  0/45 (0%)  
[  8]  25.00-26.00  sec  58.8 KBytes   483 Kbits/sec  5.056 ms  0/43 (0%)  
[  8]  26.00-27.00  sec  60.2 KBytes   493 Kbits/sec  5.584 ms  1/45 (2.2%)  
[  8]  27.00-28.00  sec  62.9 KBytes   515 Kbits/sec  5.395 ms  0/46 (0%)  
[  8]  28.00-29.00  sec  57.4 KBytes   470 Kbits/sec  9.590 ms  2/44 (4.5%)  
[  8]  29.00-30.00  sec  60.2 KBytes   493 Kbits/sec  4.361 ms  1/45 (2.2%)  
[  8]  30.00-31.00  sec  42.4 KBytes   347 Kbits/sec  17.502 ms  6/37 (16%)  
[  8]  31.00-32.00  sec  47.9 KBytes   392 Kbits/sec  17.143 ms  17/52 (33%)  
[  8]  32.00-33.00  sec  58.8 KBytes   482 Kbits/sec  7.188 ms  2/45 (4.4%)  
[  8]  33.00-34.00  sec  60.2 KBytes   493 Kbits/sec  4.276 ms  0/44 (0%)  
[  8]  34.00-35.00  sec  35.5 KBytes   291 Kbits/sec  9.488 ms  6/32 (19%)  
[  8]  35.00-36.00  sec  28.7 KBytes   235 Kbits/sec  23.188 ms  4/25 (16%)  
[  8]  36.00-37.00  sec  57.4 KBytes   470 Kbits/sec  26.046 ms  11/53 (21%)  
[  8]  37.00-38.00  sec  80.7 KBytes   661 Kbits/sec  10.081 ms  10/69 (14%)  
[  8]  38.00-39.00  sec  31.4 KBytes   258 Kbits/sec  22.880 ms  2/25 (8%)  
[  8]  39.00-40.00  sec  36.9 KBytes   302 Kbits/sec  30.084 ms  19/46 (41%)  
[  8]  40.00-41.00  sec  28.7 KBytes   235 Kbits/sec  25.311 ms  6/27 (22%)  
[  8]  41.00-42.00  sec  77.9 KBytes   638 Kbits/sec  11.978 ms  23/80 (29%)  
[  8]  42.00-43.00  sec  35.5 KBytes   291 Kbits/sec  15.554 ms  2/28 (7.1%)  
[  8]  43.00-44.00  sec  24.6 KBytes   202 Kbits/sec  34.837 ms  2/20 (10%)  
[  8]  44.00-45.00  sec  35.5 KBytes   291 Kbits/sec  34.715 ms  6/32 (19%)  
[  8]  45.00-46.00  sec  12.3 KBytes   101 Kbits/sec  70.776 ms  16/25 (64%)  
[  8]  46.00-47.00  sec  15.0 KBytes   123 Kbits/sec  65.340 ms  4/15 (27%)  
[  8]  47.00-48.00  sec  10.9 KBytes  89.6 Kbits/sec  172.837 ms  112/120 (93%)  
[  8]  48.00-49.00  sec  34.2 KBytes   279 Kbits/sec  50.692 ms  4/29 (14%)  
[  8]  49.00-50.00  sec  28.7 KBytes   236 Kbits/sec  35.179 ms  32/53 (60%)  
[  8]  50.00-51.00  sec  42.4 KBytes   347 Kbits/sec  41.847 ms  48/79 (61%)  
[  8]  51.00-52.00  sec  60.2 KBytes   493 Kbits/sec  10.554 ms  0/44 (0%)  
[  8]  52.00-53.00  sec  60.2 KBytes   493 Kbits/sec  12.658 ms  1/45 (2.2%)  
[  8]  53.00-54.00  sec  31.4 KBytes   258 Kbits/sec  25.443 ms  15/38 (39%)  
[  8]  54.00-55.00  sec  32.8 KBytes   269 Kbits/sec  25.729 ms  16/40 (40%)  
[  8]  55.00-56.00  sec  46.5 KBytes   381 Kbits/sec  22.153 ms  17/51 (33%)  
[  8]  56.00-57.00  sec  69.7 KBytes   571 Kbits/sec  11.633 ms  0/51 (0%)  
[  8]  57.00-58.00  sec  56.1 KBytes   459 Kbits/sec  9.107 ms  3/44 (6.8%)  
[  8]  58.00-59.00  sec  53.3 KBytes   437 Kbits/sec  9.776 ms  4/43 (9.3%)  
[  8]  59.00-60.00  sec  60.2 KBytes   493 Kbits/sec  7.291 ms  3/47 (6.4%)  
[  8]  60.00-61.00  sec  61.5 KBytes   504 Kbits/sec  5.808 ms  0/45 (0%)  
[  8]  61.00-62.00  sec  60.2 KBytes   492 Kbits/sec  8.105 ms  0/44 (0%)  
[  8]  62.00-63.00  sec  61.5 KBytes   505 Kbits/sec  6.769 ms  0/45 (0%)  
[  8]  63.00-64.00  sec  20.5 KBytes   168 Kbits/sec  17.945 ms  15/30 (50%)  
[  8]  64.00-65.00  sec  17.8 KBytes   146 Kbits/sec  37.456 ms  0/13 (0%)  
[  8]  65.00-66.00  sec  19.1 KBytes   157 Kbits/sec  79.783 ms  65/79 (82%)  
[  8]  66.00-67.00  sec  8.20 KBytes  67.2 Kbits/sec  68.781 ms  43/49 (88%)  
[  8]  67.00-68.00  sec  60.2 KBytes   493 Kbits/sec  10.510 ms  9/53 (17%)  
[  8]  68.00-69.00  sec  57.4 KBytes   470 Kbits/sec  11.349 ms  1/43 (2.3%)  
[  8]  69.00-70.00  sec  54.7 KBytes   448 Kbits/sec  7.232 ms  6/46 (13%)  
[  8]  70.00-71.00  sec  58.8 KBytes   482 Kbits/sec  4.575 ms  1/44 (2.3%)  
[  8]  71.00-72.00  sec  61.5 KBytes   504 Kbits/sec  4.409 ms  0/45 (0%)  
[  8]  72.00-73.00  sec  61.5 KBytes   504 Kbits/sec  5.597 ms  0/45 (0%)  
[  8]  73.00-74.00  sec  57.4 KBytes   470 Kbits/sec  7.795 ms  2/44 (4.5%)  
[  8]  74.00-75.00  sec  60.2 KBytes   493 Kbits/sec  7.645 ms  0/44 (0%)  
[  8]  75.00-76.00  sec  58.8 KBytes   482 Kbits/sec  7.398 ms  2/45 (4.4%)  
[  8]  76.00-77.00  sec  60.2 KBytes   493 Kbits/sec  8.456 ms  1/45 (2.2%)  
[  8]  77.00-78.00  sec  61.5 KBytes   504 Kbits/sec  4.900 ms  0/45 (0%)  
[  8]  78.00-79.00  sec  60.2 KBytes   493 Kbits/sec  3.739 ms  0/44 (0%)  
[  8]  79.00-80.00  sec  61.5 KBytes   504 Kbits/sec  4.399 ms  0/45 (0%)  
[  8]  80.00-81.00  sec  61.5 KBytes   504 Kbits/sec  10.734 ms  0/45 (0%)  
[  8]  81.00-82.00  sec  58.8 KBytes   482 Kbits/sec  7.182 ms  0/43 (0%)  
[  8]  82.00-83.00  sec  32.8 KBytes   269 Kbits/sec  14.665 ms  21/45 (47%)  
[  8]  83.00-84.00  sec  57.4 KBytes   470 Kbits/sec  7.077 ms  4/46 (8.7%)  
[  8]  84.00-85.00  sec  60.2 KBytes   493 Kbits/sec  3.914 ms  0/44 (0%)  
[  8]  85.00-86.00  sec  60.2 KBytes   493 Kbits/sec  5.958 ms  0/44 (0%)  
[  8]  86.00-87.00  sec  10.9 KBytes  89.6 Kbits/sec  17.801 ms  30/38 (79%)  
[  8]  87.00-88.00  sec  39.6 KBytes   325 Kbits/sec  17.826 ms  18/47 (38%)  
[  8]  88.00-89.00  sec  15.0 KBytes   123 Kbits/sec  36.349 ms  18/29 (62%)  
[  8]  89.00-90.00  sec  10.9 KBytes  89.6 Kbits/sec  41.806 ms  23/31 (74%)  
[  8]  90.00-91.00  sec  26.0 KBytes   213 Kbits/sec  44.641 ms  45/64 (70%)  
[  8]  91.00-92.00  sec  16.4 KBytes   134 Kbits/sec  58.663 ms  20/32 (62%)  
[  8]  92.00-93.00  sec  32.8 KBytes   269 Kbits/sec  25.802 ms  41/65 (63%)  
[  8]  93.00-94.00  sec  56.1 KBytes   459 Kbits/sec  10.559 ms  8/49 (16%)  
[  8]  94.00-95.00  sec  49.2 KBytes   403 Kbits/sec  14.917 ms  10/46 (22%)  
[  8]  95.00-96.00  sec  61.5 KBytes   504 Kbits/sec  8.183 ms  1/46 (2.2%)  
[  8]  96.00-97.00  sec  50.6 KBytes   413 Kbits/sec  16.317 ms  8/45 (18%)  
[  8]  97.00-98.00  sec  58.8 KBytes   483 Kbits/sec  7.764 ms  1/44 (2.3%)  
[  8]  98.00-99.00  sec  61.5 KBytes   504 Kbits/sec  5.620 ms  0/45 (0%)  
[  8]  99.00-100.00 sec  52.0 KBytes   426 Kbits/sec  12.837 ms  4/42 (9.5%)  
[  8] 100.00-101.00 sec  60.2 KBytes   493 Kbits/sec  5.045 ms  3/47 (6.4%)  
[  8] 101.00-102.00 sec  61.5 KBytes   504 Kbits/sec  2.798 ms  0/45 (0%)  
[  8] 102.00-103.00 sec  53.3 KBytes   437 Kbits/sec  7.885 ms  0/39 (0%)  
[  8] 103.00-104.00 sec  43.8 KBytes   358 Kbits/sec  21.031 ms  1/33 (3%)  
[  8] 104.00-105.00 sec  26.0 KBytes   213 Kbits/sec  30.095 ms  3/22 (14%)  
[  8] 105.00-106.00 sec  9.57 KBytes  78.4 Kbits/sec  51.459 ms  13/20 (65%)  
[  8] 106.00-107.00 sec  32.8 KBytes   269 Kbits/sec  30.560 ms  3/27 (11%)  
[  8] 107.00-108.00 sec  45.1 KBytes   370 Kbits/sec  27.188 ms  1/34 (2.9%)  
[  8] 108.00-109.00 sec   115 KBytes   941 Kbits/sec  19.588 ms  36/120 (30%)  
[  8] 109.00-110.00 sec  41.0 KBytes   336 Kbits/sec  14.749 ms  0/30 (0%)  
[  8] 110.00-111.00 sec  79.3 KBytes   650 Kbits/sec  12.116 ms  19/77 (25%)  
[  8] 111.00-112.00 sec  58.8 KBytes   482 Kbits/sec  7.121 ms  1/44 (2.3%)  
[  8] 112.00-113.00 sec  61.5 KBytes   504 Kbits/sec  3.974 ms  0/45 (0%)  
[  8] 113.00-114.00 sec  61.5 KBytes   504 Kbits/sec  2.417 ms  0/45 (0%)  
[  8] 114.00-115.00 sec  57.4 KBytes   470 Kbits/sec  4.283 ms  1/43 (2.3%)  
[  8] 115.00-116.00 sec  62.9 KBytes   515 Kbits/sec  4.867 ms  0/46 (0%)  
[  8] 116.00-117.00 sec  58.8 KBytes   482 Kbits/sec  4.135 ms  1/44 (2.3%)  
[  8] 117.00-118.00 sec  61.5 KBytes   504 Kbits/sec  3.721 ms  0/45 (0%)  
[  8] 118.00-119.00 sec  58.8 KBytes   482 Kbits/sec  6.725 ms  0/43 (0%)  
[  8] 119.00-120.00 sec  39.6 KBytes   325 Kbits/sec  20.132 ms  2/31 (6.5%)  
[  8] 120.00-121.02 sec  53.3 KBytes   429 Kbits/sec  16.981 ms  22/61 (36%)  
[  8] 121.02-122.00 sec  58.8 KBytes   490 Kbits/sec  8.776 ms  1/44 (2.3%)  
[  8] 122.00-123.00 sec  60.2 KBytes   493 Kbits/sec  7.968 ms  0/44 (0%)  
[  8] 123.00-124.00 sec  61.5 KBytes   504 Kbits/sec  6.525 ms  1/46 (2.2%)  
[  8] 124.00-125.00 sec  58.8 KBytes   482 Kbits/sec  5.911 ms  1/44 (2.3%)  
[  8] 125.00-126.00 sec  58.8 KBytes   482 Kbits/sec  7.147 ms  2/45 (4.4%)  
[  8] 126.00-127.00 sec  60.2 KBytes   493 Kbits/sec  4.808 ms  0/44 (0%)  
[  8] 127.00-128.00 sec  60.2 KBytes   493 Kbits/sec  3.113 ms  0/44 (0%)  
[  8] 128.00-129.00 sec  61.5 KBytes   504 Kbits/sec  4.413 ms  0/45 (0%)  
[  8] 129.00-130.00 sec  61.5 KBytes   504 Kbits/sec  3.374 ms  0/45 (0%)  
[  8] 130.00-131.00 sec  60.2 KBytes   493 Kbits/sec  5.359 ms  1/45 (2.2%)  
[  8] 131.00-132.00 sec  61.5 KBytes   504 Kbits/sec  5.393 ms  0/45 (0%)  
[  8] 132.00-133.00 sec  60.2 KBytes   493 Kbits/sec  5.835 ms  0/44 (0%)  
[  8] 133.00-134.00 sec  60.2 KBytes   492 Kbits/sec  6.513 ms  1/45 (2.2%)  
[  8] 134.00-135.00 sec  46.5 KBytes   382 Kbits/sec  17.659 ms  3/37 (8.1%)  
[  8] 135.00-136.00 sec  20.5 KBytes   168 Kbits/sec  23.512 ms  25/40 (62%)  
[  8] 136.00-137.00 sec  35.5 KBytes   291 Kbits/sec  21.607 ms  26/52 (50%)  
[  8] 137.00-138.00 sec  23.2 KBytes   190 Kbits/sec  27.944 ms  5/22 (23%)  
[  8] 138.00-139.00 sec  35.5 KBytes   291 Kbits/sec  27.929 ms  5/31 (16%)  
[  8] 139.00-140.00 sec  86.1 KBytes   705 Kbits/sec  10.613 ms  22/85 (26%)  
[  8] 140.00-141.00 sec  61.5 KBytes   505 Kbits/sec  4.916 ms  0/45 (0%)  
[  8] 141.00-142.00 sec  58.8 KBytes   480 Kbits/sec  10.940 ms  2/45 (4.4%)  
[  8] 142.00-143.00 sec  61.5 KBytes   505 Kbits/sec  6.923 ms  0/45 (0%)  
[  8] 143.00-144.00 sec  60.2 KBytes   493 Kbits/sec  4.111 ms  0/44 (0%)  
[  8] 144.00-145.00 sec  61.5 KBytes   504 Kbits/sec  4.008 ms  0/45 (0%)  
[  8] 145.00-146.00 sec  60.2 KBytes   493 Kbits/sec  2.673 ms  0/44 (0%)  
[  8] 146.00-147.00 sec  57.4 KBytes   470 Kbits/sec  6.743 ms  2/44 (4.5%)  
[  8] 147.00-148.00 sec  30.1 KBytes   246 Kbits/sec  21.715 ms  1/23 (4.3%)  
[  8] 148.00-149.00 sec  20.5 KBytes   168 Kbits/sec  34.642 ms  0/15 (0%)  
[  8] 149.00-150.00 sec  20.5 KBytes   169 Kbits/sec  29.922 ms  24/39 (62%)  
[  8] 150.00-151.00 sec  17.8 KBytes   146 Kbits/sec  36.032 ms  24/37 (65%)  
[  8] 151.00-152.00 sec  16.4 KBytes   134 Kbits/sec  49.392 ms  43/55 (78%)  
[  8] 152.00-153.00 sec  42.4 KBytes   348 Kbits/sec  28.735 ms  34/65 (52%)  
[  8] 153.00-154.00 sec  82.0 KBytes   672 Kbits/sec  22.402 ms  3/63 (4.8%)  
[  8] 154.00-155.00 sec  46.5 KBytes   381 Kbits/sec  21.699 ms  27/61 (44%)  
[  8] 155.00-156.00 sec  20.5 KBytes   168 Kbits/sec  19.070 ms  22/37 (59%)  
[  8] 156.00-157.00 sec  24.6 KBytes   202 Kbits/sec  30.767 ms  32/50 (64%)  
[  8] 157.00-158.00 sec  64.3 KBytes   526 Kbits/sec  4.723 ms  0/47 (0%)  
[  8] 158.00-159.00 sec  24.6 KBytes   202 Kbits/sec  28.795 ms  23/41 (56%)  
[  8] 159.00-160.00 sec  41.0 KBytes   336 Kbits/sec  15.117 ms  14/44 (32%)  
[  8] 160.00-161.00 sec  60.2 KBytes   493 Kbits/sec  7.079 ms  5/49 (10%)  
[  8] 161.00-162.00 sec  50.6 KBytes   414 Kbits/sec  9.229 ms  3/40 (7.5%)  
[  8] 162.00-163.00 sec  46.5 KBytes   381 Kbits/sec  8.433 ms  13/47 (28%)  
[  8] 163.00-164.00 sec  28.7 KBytes   235 Kbits/sec  15.075 ms  15/36 (42%)  
[  8] 164.00-165.00 sec  54.7 KBytes   448 Kbits/sec  16.998 ms  9/49 (18%)  
[  8] 165.00-166.00 sec  31.4 KBytes   258 Kbits/sec  18.478 ms  7/30 (23%)  
[  8] 166.00-167.00 sec  32.8 KBytes   269 Kbits/sec  23.763 ms  3/27 (11%)  
[  8] 167.00-168.00 sec  45.1 KBytes   370 Kbits/sec  22.099 ms  4/37 (11%)  
[  8] 168.00-169.00 sec  50.6 KBytes   414 Kbits/sec  26.492 ms  2/39 (5.1%)  
[  8] 169.00-170.00 sec  43.8 KBytes   358 Kbits/sec  27.251 ms  6/38 (16%)  
[  8] 170.00-171.00 sec  46.5 KBytes   381 Kbits/sec  28.450 ms  5/39 (13%)  
[  8] 171.00-172.00 sec  39.6 KBytes   325 Kbits/sec  19.973 ms  12/41 (29%)  
[  8] 172.00-173.00 sec  45.1 KBytes   370 Kbits/sec  22.847 ms  15/48 (31%)  
[  8] 173.00-174.00 sec  57.4 KBytes   470 Kbits/sec  40.950 ms  66/108 (61%)  
[  8] 174.00-175.00 sec  49.2 KBytes   403 Kbits/sec  13.185 ms  7/43 (16%)  
[  8] 175.00-176.00 sec  58.8 KBytes   482 Kbits/sec  14.963 ms  3/46 (6.5%)  
[  8] 176.00-177.00 sec  50.6 KBytes   414 Kbits/sec  23.360 ms  7/44 (16%)  
[  8] 177.00-178.00 sec  50.6 KBytes   414 Kbits/sec  18.753 ms  6/43 (14%)  
[  8] 178.00-179.00 sec  24.6 KBytes   202 Kbits/sec  19.059 ms  23/41 (56%)  
[  8] 179.00-180.00 sec  36.9 KBytes   302 Kbits/sec  19.596 ms  22/49 (45%)  
[  8] 180.00-181.00 sec  47.9 KBytes   392 Kbits/sec  21.014 ms  12/47 (26%)  
[  8] 181.00-182.00 sec  57.4 KBytes   470 Kbits/sec  8.738 ms  4/46 (8.7%)  
[  8] 182.00-183.00 sec  56.1 KBytes   459 Kbits/sec  17.305 ms  2/43 (4.7%)  
[  8] 183.00-184.00 sec  31.4 KBytes   258 Kbits/sec  21.108 ms  16/39 (41%)  
[  8] 184.00-185.00 sec  30.1 KBytes   246 Kbits/sec  20.665 ms  25/47 (53%)  
[  8] 185.00-186.00 sec  38.3 KBytes   314 Kbits/sec  19.419 ms  18/46 (39%)  
[  8] 186.00-187.00 sec  36.9 KBytes   302 Kbits/sec  31.554 ms  7/34 (21%)  
[  8] 187.00-188.00 sec  43.8 KBytes   358 Kbits/sec  18.462 ms  14/46 (30%)  
[  8] 188.00-189.00 sec  46.5 KBytes   381 Kbits/sec  14.521 ms  6/40 (15%)  
[  8] 189.00-190.00 sec  39.6 KBytes   325 Kbits/sec  16.491 ms  5/34 (15%)  
[  8] 190.00-191.00 sec  30.1 KBytes   246 Kbits/sec  21.433 ms  11/33 (33%)  
[  8] 191.00-192.00 sec  34.2 KBytes   280 Kbits/sec  26.902 ms  11/36 (31%)  
[  8] 192.00-193.00 sec  46.5 KBytes   381 Kbits/sec  25.229 ms  59/93 (63%)  
[  8] 193.00-194.00 sec  43.8 KBytes   358 Kbits/sec  14.430 ms  9/41 (22%)  
[  8] 194.00-195.00 sec  38.3 KBytes   314 Kbits/sec  17.637 ms  5/33 (15%)  
[  8] 195.00-196.00 sec  38.3 KBytes   314 Kbits/sec  20.676 ms  4/32 (12%)  
[  8] 196.00-197.00 sec  31.4 KBytes   258 Kbits/sec  24.183 ms  0/23 (0%)  
[  8] 197.00-198.00 sec  28.7 KBytes   235 Kbits/sec  25.480 ms  6/27 (22%)  
[  8] 198.00-199.00 sec  36.9 KBytes   302 Kbits/sec  49.644 ms  56/83 (67%)  
[  8] 199.00-200.00 sec  47.9 KBytes   392 Kbits/sec  31.290 ms  10/45 (22%)  
[  8] 200.00-201.00 sec  20.5 KBytes   168 Kbits/sec  26.993 ms  20/35 (57%)  
[  8] 201.00-202.00 sec  49.2 KBytes   403 Kbits/sec  21.742 ms  31/67 (46%)  
[  8] 202.00-203.00 sec  46.5 KBytes   381 Kbits/sec  13.275 ms  8/42 (19%)  
[  8] 203.00-204.00 sec  32.8 KBytes   269 Kbits/sec  24.837 ms  1/25 (4%)  
[  8] 204.00-205.00 sec  35.5 KBytes   291 Kbits/sec  22.458 ms  5/31 (16%)  
[  8] 205.00-206.00 sec  36.9 KBytes   302 Kbits/sec  26.878 ms  2/29 (6.9%)  
[  8] 206.00-207.00 sec  10.9 KBytes  89.6 Kbits/sec  52.289 ms  6/14 (43%)  
[  8] 207.00-208.00 sec  15.0 KBytes   123 Kbits/sec  49.017 ms  16/27 (59%)  
[  8] 208.00-209.00 sec  16.4 KBytes   134 Kbits/sec  49.617 ms  15/27 (56%)  
[  8] 209.00-210.00 sec  19.1 KBytes   157 Kbits/sec  52.842 ms  48/62 (77%)  
[  8] 210.00-211.00 sec  52.0 KBytes   426 Kbits/sec  29.846 ms  34/72 (47%)  
[  8] 211.00-212.00 sec  57.4 KBytes   471 Kbits/sec  17.076 ms  22/64 (34%)  
[  8] 212.00-213.00 sec  28.7 KBytes   235 Kbits/sec  27.127 ms  7/28 (25%)  
[  8] 213.00-214.00 sec  79.3 KBytes   650 Kbits/sec  35.017 ms  33/91 (36%)  
[  8] 214.00-215.00 sec  58.8 KBytes   482 Kbits/sec  21.166 ms  7/50 (14%)  
[  8] 215.00-216.00 sec  52.0 KBytes   426 Kbits/sec  16.837 ms  2/40 (5%)  
[  8] 216.00-217.00 sec  88.9 KBytes   728 Kbits/sec  13.663 ms  18/83 (22%)  
[  8] 217.00-218.00 sec  56.1 KBytes   459 Kbits/sec  10.285 ms  3/44 (6.8%)  
[  8] 218.00-219.00 sec  35.5 KBytes   291 Kbits/sec  12.483 ms  16/42 (38%)  
[  8] 219.00-220.00 sec  53.3 KBytes   437 Kbits/sec  21.232 ms  3/42 (7.1%)  
[  8] 220.00-221.00 sec  65.6 KBytes   538 Kbits/sec  16.517 ms  0/48 (0%)  
[  8] 221.00-222.00 sec  64.3 KBytes   526 Kbits/sec  6.505 ms  0/47 (0%)  
[  8] 222.00-223.00 sec  60.2 KBytes   493 Kbits/sec  7.235 ms  1/45 (2.2%)  
[  8] 223.00-224.00 sec  61.5 KBytes   504 Kbits/sec  4.142 ms  0/45 (0%)  
[  8] 224.00-225.00 sec  49.2 KBytes   403 Kbits/sec  18.165 ms  7/43 (16%)  
[  8] 225.00-226.00 sec  61.5 KBytes   504 Kbits/sec  8.552 ms  1/46 (2.2%)  
[  8] 226.00-227.00 sec  61.5 KBytes   504 Kbits/sec  5.332 ms  0/45 (0%)  
[  8] 227.00-228.00 sec  58.8 KBytes   482 Kbits/sec  8.306 ms  1/44 (2.3%)  
[  8] 228.00-229.00 sec  58.8 KBytes   482 Kbits/sec  4.331 ms  2/45 (4.4%)  
[  8] 229.00-230.00 sec  61.5 KBytes   504 Kbits/sec  4.312 ms  0/45 (0%)  
[  8] 230.00-231.00 sec  60.2 KBytes   493 Kbits/sec  5.291 ms  0/44 (0%)  
[  8] 231.00-232.00 sec  61.5 KBytes   504 Kbits/sec  6.040 ms  0/45 (0%)  
[  8] 232.00-233.00 sec  57.4 KBytes   470 Kbits/sec  2.273 ms  0/42 (0%)  
[  8] 233.00-234.00 sec  52.0 KBytes   426 Kbits/sec  12.419 ms  7/45 (16%)  
[  8] 234.00-235.00 sec  43.8 KBytes   358 Kbits/sec  15.357 ms  10/42 (24%)  
[  8] 235.00-236.00 sec  28.7 KBytes   235 Kbits/sec  21.653 ms  4/25 (16%)  
[  8] 236.00-237.00 sec  35.5 KBytes   291 Kbits/sec  19.997 ms  4/30 (13%)  
[  8] 237.00-238.00 sec  17.8 KBytes   146 Kbits/sec  34.834 ms  7/20 (35%)  
[  8] 238.00-239.00 sec  17.8 KBytes   146 Kbits/sec  47.820 ms  18/31 (58%)  
[  8] 239.00-240.00 sec  35.5 KBytes   291 Kbits/sec  115.694 ms  92/118 (78%)  
[  8] 240.00-241.00 sec  34.2 KBytes   280 Kbits/sec  46.700 ms  6/31 (19%)  
[  8] 241.00-242.00 sec  28.7 KBytes   235 Kbits/sec  37.338 ms  8/29 (28%)  
[  8] 242.00-243.00 sec  19.1 KBytes   157 Kbits/sec  58.479 ms  54/68 (79%)  
[  8] 243.00-244.00 sec  19.1 KBytes   157 Kbits/sec  50.062 ms  19/33 (58%)  
[  8] 244.00-245.00 sec  12.3 KBytes   101 Kbits/sec  56.687 ms  13/22 (59%)  
[  8] 245.00-246.00 sec  19.1 KBytes   157 Kbits/sec  81.086 ms  43/57 (75%)  
[  8] 246.00-247.00 sec  12.3 KBytes   101 Kbits/sec  70.753 ms  17/26 (65%)  
[  8] 247.00-248.00 sec  53.3 KBytes   436 Kbits/sec  36.063 ms  51/90 (57%)  
[  8] 248.00-249.00 sec  64.3 KBytes   528 Kbits/sec  18.016 ms  2/49 (4.1%)  
[  8] 249.00-250.00 sec  31.4 KBytes   258 Kbits/sec  32.400 ms  17/40 (42%)  
[  8] 250.00-251.00 sec  23.2 KBytes   190 Kbits/sec  38.440 ms  20/37 (54%)  
[  8] 251.00-252.00 sec  12.3 KBytes   101 Kbits/sec  50.204 ms  11/20 (55%)  
[  8] 252.00-253.00 sec  13.7 KBytes   112 Kbits/sec  48.791 ms  19/29 (66%)  
[  8] 253.00-254.00 sec  39.6 KBytes   325 Kbits/sec  52.562 ms  63/92 (68%)  
[  8] 254.00-255.00 sec  8.20 KBytes  67.2 Kbits/sec  48.839 ms  39/45 (87%)  
[  8] 255.00-256.00 sec  10.9 KBytes  89.4 Kbits/sec  59.942 ms  18/26 (69%)  
[  8] 256.00-257.00 sec  4.10 KBytes  33.7 Kbits/sec  64.412 ms  40/43 (93%)  
[  8] 257.00-258.00 sec  5.47 KBytes  44.8 Kbits/sec  73.798 ms  28/32 (88%)  
[  8] 258.00-259.00 sec  12.3 KBytes   101 Kbits/sec  64.412 ms  15/24 (62%)  
[  8] 259.00-260.00 sec  5.47 KBytes  44.8 Kbits/sec  78.067 ms  14/18 (78%)  
[  8] 260.00-261.00 sec  4.10 KBytes  33.6 Kbits/sec  80.488 ms  6/9 (67%)  
[  8] 261.00-262.00 sec  9.57 KBytes  78.4 Kbits/sec  82.548 ms  35/42 (83%)  
[  8] 262.00-263.00 sec  36.9 KBytes   302 Kbits/sec  65.006 ms  123/150 (82%)  
[  8] 263.00-264.00 sec  28.7 KBytes   235 Kbits/sec  34.451 ms  7/28 (25%)  
[  8] 264.00-265.00 sec  26.0 KBytes   213 Kbits/sec  37.097 ms  4/23 (17%)  
[  8] 265.00-266.00 sec  15.0 KBytes   123 Kbits/sec  49.458 ms  4/15 (27%)  
[  8] 266.00-267.00 sec  16.4 KBytes   134 Kbits/sec  58.697 ms  3/15 (20%)  
[  8] 267.00-268.00 sec  16.4 KBytes   134 Kbits/sec  51.189 ms  18/30 (60%)  
[  8] 268.00-269.00 sec  6.84 KBytes  56.1 Kbits/sec  62.644 ms  16/21 (76%)  
[  8] 269.00-270.00 sec  9.57 KBytes  78.4 Kbits/sec  53.549 ms  39/46 (85%)  
[  8] 270.00-271.00 sec  5.47 KBytes  44.8 Kbits/sec  107.906 ms  53/57 (93%)  
[  8] 271.00-272.00 sec  0.00 Bytes  0.00 bits/sec  107.906 ms  0/0 (0%)  
[  8] 272.00-273.00 sec  1.37 KBytes  11.2 Kbits/sec  136.369 ms  96/97 (99%)  
[  8] 273.00-274.00 sec  1.37 KBytes  11.2 Kbits/sec  176.521 ms  30/31 (97%)  
[  8] 274.00-275.00 sec  2.73 KBytes  22.4 Kbits/sec  177.407 ms  16/18 (89%)  
[  8] 275.00-276.00 sec  2.73 KBytes  22.4 Kbits/sec  184.545 ms  36/38 (95%)  
[  8] 276.00-277.00 sec  2.73 KBytes  22.4 Kbits/sec  179.990 ms  12/14 (86%)  
[  8] 277.00-278.00 sec  1.37 KBytes  11.2 Kbits/sec  227.589 ms  27/28 (96%)  
[  8] 278.00-279.00 sec  4.10 KBytes  33.7 Kbits/sec  226.339 ms  20/23 (87%)  
[  8] 279.00-280.00 sec  0.00 Bytes  0.00 bits/sec  226.339 ms  0/0 (0%)  
[  8] 280.00-281.01 sec  4.10 KBytes  33.4 Kbits/sec  245.989 ms  103/106 (97%)  
[  8] 281.01-282.00 sec  0.00 Bytes  0.00 bits/sec  245.989 ms  0/0 (0%)  
[  8] 282.00-283.00 sec  1.37 KBytes  11.2 Kbits/sec  342.078 ms  162/163 (99%)  
[  8] 283.00-284.00 sec  0.00 Bytes  0.00 bits/sec  342.078 ms  0/0 (0%)  
[  8] 284.00-285.00 sec  1.37 KBytes  11.2 Kbits/sec  340.204 ms  123/124 (99%)  
[  8] 285.00-286.00 sec  2.73 KBytes  22.4 Kbits/sec  309.371 ms  29/31 (94%)  
[  8] 286.00-287.00 sec  39.6 KBytes   325 Kbits/sec  82.862 ms  85/114 (75%)  
[  8] 287.00-288.00 sec  45.1 KBytes   370 Kbits/sec  25.127 ms  1/34 (2.9%)  
[  8] 288.00-289.00 sec  98.4 KBytes   806 Kbits/sec  18.248 ms  50/122 (41%)  
[  8] 289.00-290.00 sec  57.4 KBytes   470 Kbits/sec  13.241 ms  3/45 (6.7%)  
[  8] 290.00-291.00 sec  61.5 KBytes   504 Kbits/sec  9.617 ms  1/46 (2.2%)  
[  8] 291.00-292.00 sec  57.4 KBytes   470 Kbits/sec  10.355 ms  2/44 (4.5%)  
[  8] 292.00-293.00 sec  60.2 KBytes   493 Kbits/sec  6.290 ms  0/44 (0%)  
[  8] 293.00-294.00 sec  60.2 KBytes   493 Kbits/sec  8.780 ms  2/46 (4.3%)  
[  8] 294.00-295.00 sec  60.2 KBytes   493 Kbits/sec  6.124 ms  0/44 (0%)  
[  8] 295.00-296.00 sec  52.0 KBytes   426 Kbits/sec  10.736 ms  0/38 (0%)  
[  8] 296.00-297.00 sec  71.1 KBytes   582 Kbits/sec  5.104 ms  0/52 (0%)  
[  8] 297.00-298.00 sec  57.4 KBytes   470 Kbits/sec  5.839 ms  1/43 (2.3%)  
[  8] 298.00-299.00 sec  62.9 KBytes   515 Kbits/sec  7.866 ms  0/46 (0%)  
[  8] 299.00-300.00 sec  60.2 KBytes   491 Kbits/sec  6.861 ms  1/45 (2.2%)  
[  8] 300.00-301.00 sec  58.8 KBytes   483 Kbits/sec  3.105 ms  1/44 (2.3%)  
[  8] 301.00-302.00 sec  60.2 KBytes   493 Kbits/sec  4.425 ms  1/45 (2.2%)  
[  8] 302.00-303.00 sec  61.5 KBytes   504 Kbits/sec  3.872 ms  0/45 (0%)  
[  8] 303.00-304.00 sec  57.4 KBytes   470 Kbits/sec  4.906 ms  0/42 (0%)  
[  8] 304.00-305.00 sec  56.1 KBytes   459 Kbits/sec  11.102 ms  3/44 (6.8%)  
[  8] 305.00-306.00 sec  57.4 KBytes   470 Kbits/sec  14.096 ms  2/44 (4.5%)  
[  8] 306.00-307.00 sec  36.9 KBytes   302 Kbits/sec  23.716 ms  0/27 (0%)  
[  8] 307.00-308.00 sec  79.3 KBytes   649 Kbits/sec  12.722 ms  3/61 (4.9%)  
[  8] 308.00-309.00 sec  39.6 KBytes   325 Kbits/sec  15.307 ms  1/30 (3.3%)  
[  8] 309.00-310.00 sec  35.5 KBytes   291 Kbits/sec  17.891 ms  0/26 (0%)  
[  8] 310.00-311.00 sec  39.6 KBytes   325 Kbits/sec  16.294 ms  3/32 (9.4%)  
[  8] 311.00-312.00 sec  42.4 KBytes   347 Kbits/sec  12.881 ms  0/31 (0%)  
[  8] 312.00-313.00 sec  15.0 KBytes   123 Kbits/sec  37.604 ms  1/12 (8.3%)  
[  8] 313.00-314.00 sec  86.1 KBytes   706 Kbits/sec  32.822 ms  55/118 (47%)  
[  8] 314.00-315.00 sec  49.2 KBytes   403 Kbits/sec  18.991 ms  3/39 (7.7%)  
[  8] 315.00-316.00 sec  62.9 KBytes   516 Kbits/sec  14.905 ms  19/65 (29%)  
[  8] 316.00-317.00 sec  32.8 KBytes   269 Kbits/sec  18.179 ms  6/30 (20%)  
[  8] 317.00-318.00 sec  10.9 KBytes  89.5 Kbits/sec  45.624 ms  7/15 (47%)  
[  8] 318.00-319.00 sec  13.7 KBytes   112 Kbits/sec  47.792 ms  22/32 (69%)  
[  8] 319.00-320.00 sec  16.4 KBytes   134 Kbits/sec  56.042 ms  10/22 (45%)  
[  8] 320.00-321.00 sec  9.57 KBytes  78.4 Kbits/sec  69.633 ms  10/17 (59%)  
[  8] 321.00-322.00 sec  16.4 KBytes   134 Kbits/sec  65.283 ms  26/38 (68%)  
[  8] 322.00-323.00 sec  10.9 KBytes  89.7 Kbits/sec  85.844 ms  31/39 (79%)  
[  8] 323.00-324.00 sec  10.9 KBytes  89.6 Kbits/sec  72.913 ms  33/41 (80%)  
[  8] 324.00-325.00 sec  17.8 KBytes   146 Kbits/sec  60.434 ms  20/33 (61%)  
[  8] 325.00-326.00 sec  15.0 KBytes   123 Kbits/sec  48.333 ms  38/49 (78%)  
[  8] 326.00-327.00 sec  31.4 KBytes   258 Kbits/sec  36.075 ms  19/42 (45%)  
[  8] 327.00-328.00 sec  23.2 KBytes   190 Kbits/sec  75.811 ms  55/72 (76%)  
[  8] 328.00-329.00 sec  6.84 KBytes  56.0 Kbits/sec  101.652 ms  66/71 (93%)  
[  8] 329.00-330.00 sec  2.73 KBytes  22.4 Kbits/sec  93.870 ms  49/51 (96%)  
[  8] 330.00-331.00 sec  28.7 KBytes   235 Kbits/sec  81.496 ms  92/113 (81%)  
[  8] 331.00-332.00 sec  15.0 KBytes   123 Kbits/sec  61.077 ms  33/44 (75%)  
[  8] 332.00-333.00 sec  13.7 KBytes   112 Kbits/sec  52.142 ms  23/33 (70%)  
[  8] 333.00-334.01 sec  10.9 KBytes  89.0 Kbits/sec  53.718 ms  30/38 (79%)  
[  8] 334.01-335.00 sec  21.9 KBytes   180 Kbits/sec  49.809 ms  16/32 (50%)  
[  8] 335.00-336.00 sec  31.4 KBytes   258 Kbits/sec  45.321 ms  12/35 (34%)  
[  8] 336.00-337.00 sec  79.3 KBytes   650 Kbits/sec  12.244 ms  41/99 (41%)  
[  8] 337.00-338.00 sec  60.2 KBytes   493 Kbits/sec  5.583 ms  1/45 (2.2%)  
[  8] 338.00-339.00 sec  54.7 KBytes   448 Kbits/sec  8.318 ms  5/45 (11%)  
[  8] 339.00-340.00 sec  60.2 KBytes   493 Kbits/sec  3.361 ms  0/44 (0%)  
[  8] 340.00-340.01 sec  1.37 KBytes   785 Kbits/sec  3.229 ms  0/1 (0%)  
- - - - - - - - - - - - - - - - - - - - - - - - -
[ ID] Interval           Transfer     Bitrate         Jitter    Lost/Total Datagrams
[  8]   0.00-340.01 sec  14.2 MBytes   350 Kbits/sec  3.229 ms  4563/15179 (30%)  receiver
