-----------------------------------------------------------
Server listening on 5201 (test #1)
-----------------------------------------------------------
Accepted connection from 10.0.0.1, port 40590
[  8] local 10.0.0.65 port 5201 connected to 10.0.0.1 port 45862
[ ID] Interval           Transfer     Bitrate         Jitter    Lost/Total Datagrams
[  8]   0.00-1.00   sec   234 KBytes  1.92 Mbits/sec  4.118 ms  1/172 (0.58%)  
[  8]   1.00-2.00   sec   235 KBytes  1.93 Mbits/sec  4.741 ms  8/180 (4.4%)  
[  8]   2.00-3.00   sec   221 KBytes  1.81 Mbits/sec  3.774 ms  18/180 (10%)  
[  8]   3.00-4.00   sec   241 KBytes  1.97 Mbits/sec  4.859 ms  4/180 (2.2%)  
[  8]   4.00-5.00   sec   241 KBytes  1.97 Mbits/sec  2.869 ms  3/179 (1.7%)  
[  8]   5.00-6.00   sec   217 KBytes  1.78 Mbits/sec  9.019 ms  8/167 (4.8%)  
[  8]   6.00-7.00   sec   237 KBytes  1.94 Mbits/sec  7.264 ms  15/188 (8%)  
[  8]   7.00-8.00   sec   242 KBytes  1.98 Mbits/sec  3.793 ms  4/181 (2.2%)  
[  8]   8.00-9.00   sec   235 KBytes  1.93 Mbits/sec  3.886 ms  5/177 (2.8%)  
[  8]   9.00-10.00  sec   243 KBytes  1.99 Mbits/sec  3.496 ms  0/178 (0%)  
[  8]  10.00-11.00  sec   246 KBytes  2.02 Mbits/sec  3.043 ms  0/180 (0%)  
[  8]  11.00-12.00  sec   243 KBytes  1.99 Mbits/sec  2.539 ms  1/179 (0.56%)  
[  8]  12.00-13.00  sec   223 KBytes  1.83 Mbits/sec  3.726 ms  17/180 (9.4%)  
[  8]  13.00-14.00  sec   241 KBytes  1.97 Mbits/sec  3.198 ms  1/177 (0.56%)  
[  8]  14.00-15.00  sec   245 KBytes  2.00 Mbits/sec  3.310 ms  0/179 (0%)  
[  8]  15.00-16.00  sec   243 KBytes  1.99 Mbits/sec  3.599 ms  1/179 (0.56%)  
[  8]  16.00-17.00  sec   237 KBytes  1.94 Mbits/sec  5.214 ms  0/173 (0%)  
[  8]  17.00-18.00  sec   243 KBytes  1.99 Mbits/sec  4.609 ms  4/182 (2.2%)  
[  8]  18.00-19.00  sec   243 KBytes  1.99 Mbits/sec  1.863 ms  2/180 (1.1%)  
[  8]  19.00-20.00  sec   241 KBytes  1.97 Mbits/sec  3.091 ms  0/176 (0%)  
[  8]  20.00-21.00  sec   243 KBytes  1.99 Mbits/sec  4.200 ms  1/179 (0.56%)  
[  8]  21.00-22.00  sec   241 KBytes  1.97 Mbits/sec  4.554 ms  5/181 (2.8%)  
[  8]  22.00-23.00  sec   227 KBytes  1.86 Mbits/sec  3.416 ms  6/172 (3.5%)  
[  8]  23.00-24.00  sec   226 KBytes  1.85 Mbits/sec  3.952 ms  20/185 (11%)  
[  8]  24.00-25.00  sec   242 KBytes  1.98 Mbits/sec  2.519 ms  2/179 (1.1%)  
[  8]  25.00-26.00  sec   232 KBytes  1.90 Mbits/sec  5.189 ms  7/177 (4%)  
[  8]  26.00-27.00  sec   226 KBytes  1.85 Mbits/sec  3.995 ms  7/172 (4.1%)  
[  8]  27.00-28.00  sec   242 KBytes  1.98 Mbits/sec  5.287 ms  9/186 (4.8%)  
[  8]  28.00-29.00  sec   235 KBytes  1.93 Mbits/sec  6.088 ms  6/178 (3.4%)  
[  8]  29.00-30.00  sec   212 KBytes  1.74 Mbits/sec  3.760 ms  17/172 (9.9%)  
[  8]  30.00-31.00  sec   239 KBytes  1.96 Mbits/sec  6.365 ms  0/175 (0%)  
[  8]  31.00-32.00  sec   130 KBytes  1.06 Mbits/sec  8.344 ms  54/149 (36%)  
[  8]  32.00-33.00  sec   201 KBytes  1.65 Mbits/sec  7.814 ms  62/209 (30%)  
[  8]  33.00-34.00  sec   216 KBytes  1.77 Mbits/sec  4.050 ms  24/182 (13%)  
[  8]  34.00-35.00  sec   250 KBytes  2.05 Mbits/sec  6.479 ms  2/185 (1.1%)  
[  8]  35.00-36.00  sec   115 KBytes   941 Kbits/sec  11.984 ms  13/97 (13%)  
[  8]  36.00-37.00  sec   119 KBytes   974 Kbits/sec  9.387 ms  10/97 (10%)  
[  8]  37.00-38.00  sec   193 KBytes  1.58 Mbits/sec  5.080 ms  199/340 (59%)  
[  8]  38.00-39.00  sec   187 KBytes  1.53 Mbits/sec  13.144 ms  7/144 (4.9%)  
[  8]  39.00-40.00  sec  99.8 KBytes   818 Kbits/sec  10.669 ms  13/86 (15%)  
[  8]  40.00-41.00  sec   160 KBytes  1.31 Mbits/sec  8.761 ms  79/196 (40%)  
[  8]  41.00-42.00  sec   111 KBytes   907 Kbits/sec  17.672 ms  94/175 (54%)  
[  8]  42.00-43.00  sec  62.9 KBytes   515 Kbits/sec  17.073 ms  119/165 (72%)  
[  8]  43.00-44.00  sec  50.6 KBytes   414 Kbits/sec  17.710 ms  128/165 (78%)  
[  8]  44.00-45.00  sec  53.3 KBytes   437 Kbits/sec  18.014 ms  104/143 (73%)  
[  8]  45.00-46.00  sec  27.3 KBytes   224 Kbits/sec  34.823 ms  112/132 (85%)  
[  8]  46.00-47.00  sec  10.9 KBytes  89.6 Kbits/sec  65.045 ms  130/138 (94%)  
[  8]  47.00-48.00  sec  21.9 KBytes   179 Kbits/sec  86.225 ms  209/225 (93%)  
[  8]  48.00-49.00  sec  12.3 KBytes   101 Kbits/sec  96.299 ms  13/22 (59%)  
[  8]  49.00-50.00  sec   154 KBytes  1.27 Mbits/sec  7.574 ms  413/526 (79%)  
[  8]  50.00-51.00  sec   205 KBytes  1.68 Mbits/sec  10.719 ms  39/189 (21%)  
[  8]  51.00-52.00  sec   186 KBytes  1.52 Mbits/sec  7.392 ms  42/178 (24%)  
[  8]  52.00-53.00  sec   127 KBytes  1.04 Mbits/sec  11.719 ms  7/100 (7%)  
[  8]  53.00-54.00  sec   196 KBytes  1.60 Mbits/sec  7.842 ms  108/251 (43%)  
[  8]  54.00-55.00  sec  87.5 KBytes   715 Kbits/sec  23.617 ms  44/108 (41%)  
[  8]  55.00-56.00  sec  71.1 KBytes   583 Kbits/sec  30.424 ms  108/160 (68%)  
[  8]  56.00-57.00  sec   187 KBytes  1.54 Mbits/sec  6.061 ms  141/278 (51%)  
[  8]  57.00-58.00  sec   232 KBytes  1.90 Mbits/sec  6.634 ms  20/190 (11%)  
[  8]  58.00-59.00  sec   213 KBytes  1.75 Mbits/sec  5.152 ms  22/178 (12%)  
[  8]  59.00-60.00  sec   221 KBytes  1.82 Mbits/sec  3.737 ms  18/180 (10%)  
[  8]  60.00-61.00  sec   243 KBytes  1.99 Mbits/sec  1.961 ms  2/180 (1.1%)  
[  8]  61.00-62.00  sec   239 KBytes  1.96 Mbits/sec  6.273 ms  1/176 (0.57%)  
[  8]  62.00-63.00  sec   237 KBytes  1.94 Mbits/sec  2.557 ms  5/178 (2.8%)  
[  8]  63.00-64.00  sec   186 KBytes  1.52 Mbits/sec  7.185 ms  28/164 (17%)  
[  8]  64.00-65.00  sec  83.4 KBytes   683 Kbits/sec  12.825 ms  20/81 (25%)  
[  8]  65.00-66.00  sec  64.3 KBytes   526 Kbits/sec  17.330 ms  3/50 (6%)  
[  8]  66.00-67.00  sec  17.8 KBytes   146 Kbits/sec  47.729 ms  15/28 (54%)  
[  8]  67.00-68.00  sec   145 KBytes  1.19 Mbits/sec  4.501 ms  454/560 (81%)  
[  8]  68.00-69.00  sec   246 KBytes  2.02 Mbits/sec  5.822 ms  6/186 (3.2%)  
[  8]  69.00-70.00  sec   224 KBytes  1.83 Mbits/sec  5.009 ms  18/182 (9.9%)  
[  8]  70.00-71.00  sec   239 KBytes  1.96 Mbits/sec  3.405 ms  5/180 (2.8%)  
[  8]  71.00-72.01  sec   246 KBytes  2.00 Mbits/sec  3.624 ms  0/180 (0%)  
[  8]  72.01-73.00  sec   242 KBytes  2.00 Mbits/sec  5.342 ms  0/177 (0%)  
[  8]  73.00-74.00  sec   234 KBytes  1.92 Mbits/sec  5.309 ms  7/178 (3.9%)  
[  8]  74.00-75.00  sec   238 KBytes  1.95 Mbits/sec  1.457 ms  4/178 (2.2%)  
[  8]  75.00-76.00  sec   223 KBytes  1.83 Mbits/sec  3.286 ms  13/176 (7.4%)  
[  8]  76.00-77.00  sec   246 KBytes  2.02 Mbits/sec  5.102 ms  2/182 (1.1%)  
[  8]  77.00-78.00  sec   204 KBytes  1.67 Mbits/sec  7.123 ms  4/153 (2.6%)  
[  8]  78.00-79.00  sec   267 KBytes  2.19 Mbits/sec  3.658 ms  5/200 (2.5%)  
[  8]  79.00-80.00  sec   249 KBytes  2.04 Mbits/sec  3.683 ms  0/182 (0%)  
[  8]  80.00-81.00  sec   239 KBytes  1.96 Mbits/sec  6.161 ms  0/175 (0%)  
[  8]  81.00-82.01  sec   232 KBytes  1.89 Mbits/sec  6.488 ms  12/182 (6.6%)  
[  8]  82.01-83.00  sec   242 KBytes  1.99 Mbits/sec  3.143 ms  4/181 (2.2%)  
[  8]  83.00-84.00  sec   227 KBytes  1.86 Mbits/sec  4.177 ms  8/174 (4.6%)  
[  8]  84.00-85.00  sec   226 KBytes  1.85 Mbits/sec  4.653 ms  18/183 (9.8%)  
[  8]  85.00-86.00  sec   243 KBytes  1.99 Mbits/sec  2.509 ms  0/178 (0%)  
[  8]  86.00-87.00  sec   242 KBytes  1.98 Mbits/sec  2.154 ms  1/178 (0.56%)  
[  8]  87.00-88.00  sec   234 KBytes  1.92 Mbits/sec  2.635 ms  6/177 (3.4%)  
[  8]  88.00-89.00  sec   239 KBytes  1.96 Mbits/sec  1.873 ms  3/178 (1.7%)  
[  8]  89.00-90.00  sec   246 KBytes  2.01 Mbits/sec  2.304 ms  0/180 (0%)  
[  8]  90.00-91.00  sec   101 KBytes   831 Kbits/sec  17.884 ms  0/74 (0%)  
[  8]  91.00-92.00  sec  94.3 KBytes   773 Kbits/sec  16.134 ms  139/208 (67%)  
[  8]  92.00-93.00  sec  52.0 KBytes   426 Kbits/sec  21.232 ms  186/224 (83%)  
[  8]  93.00-94.00  sec  94.3 KBytes   773 Kbits/sec  7.828 ms  134/203 (66%)  
[  8]  94.00-95.00  sec   245 KBytes  2.00 Mbits/sec  2.733 ms  3/182 (1.6%)  
[  8]  95.00-96.00  sec   239 KBytes  1.96 Mbits/sec  1.718 ms  6/181 (3.3%)  
[  8]  96.00-97.00  sec   242 KBytes  1.98 Mbits/sec  2.751 ms  2/179 (1.1%)  
[  8]  97.00-98.00  sec   212 KBytes  1.73 Mbits/sec  5.666 ms  21/176 (12%)  
[  8]  98.00-99.00  sec   153 KBytes  1.26 Mbits/sec  8.376 ms  60/172 (35%)  
[  8]  99.00-100.00 sec   165 KBytes  1.36 Mbits/sec  4.653 ms  49/170 (29%)  
[  8] 100.00-101.00 sec   154 KBytes  1.27 Mbits/sec  10.038 ms  48/161 (30%)  
[  8] 101.00-102.00 sec   109 KBytes   896 Kbits/sec  17.199 ms  35/115 (30%)  
[  8] 102.00-103.00 sec  87.5 KBytes   717 Kbits/sec  19.800 ms  28/92 (30%)  
[  8] 103.00-104.00 sec  77.9 KBytes   638 Kbits/sec  20.887 ms  202/259 (78%)  
[  8] 104.00-105.00 sec  35.5 KBytes   291 Kbits/sec  32.575 ms  30/56 (54%)  
[  8] 105.00-106.00 sec  30.1 KBytes   246 Kbits/sec  43.511 ms  68/90 (76%)  
[  8] 106.00-107.00 sec  35.5 KBytes   291 Kbits/sec  38.067 ms  56/82 (68%)  
[  8] 107.00-108.00 sec  43.8 KBytes   358 Kbits/sec  32.007 ms  99/131 (76%)  
[  8] 108.00-109.00 sec  62.9 KBytes   515 Kbits/sec  45.774 ms  334/380 (88%)  
[  8] 109.00-110.00 sec   176 KBytes  1.45 Mbits/sec  6.669 ms  211/340 (62%)  
[  8] 110.00-111.00 sec   156 KBytes  1.28 Mbits/sec  7.367 ms  16/130 (12%)  
[  8] 111.00-112.00 sec   250 KBytes  2.05 Mbits/sec  5.787 ms  138/321 (43%)  
[  8] 112.00-113.00 sec   231 KBytes  1.89 Mbits/sec  4.519 ms  12/181 (6.6%)  
[  8] 113.00-114.00 sec   242 KBytes  1.98 Mbits/sec  3.842 ms  1/178 (0.56%)  
[  8] 114.00-115.00 sec   234 KBytes  1.91 Mbits/sec  5.292 ms  7/178 (3.9%)  
[  8] 115.00-116.00 sec   234 KBytes  1.92 Mbits/sec  1.330 ms  1/172 (0.58%)  
[  8] 116.00-117.00 sec   154 KBytes  1.27 Mbits/sec  7.261 ms  60/173 (35%)  
[  8] 117.00-118.00 sec   172 KBytes  1.41 Mbits/sec  8.313 ms  58/184 (32%)  
[  8] 118.00-119.00 sec   235 KBytes  1.93 Mbits/sec  4.470 ms  13/185 (7%)  
[  8] 119.00-120.00 sec   159 KBytes  1.30 Mbits/sec  14.103 ms  25/141 (18%)  
[  8] 120.00-121.00 sec   163 KBytes  1.33 Mbits/sec  14.865 ms  91/210 (43%)  
[  8] 121.00-122.00 sec   196 KBytes  1.60 Mbits/sec  3.358 ms  41/184 (22%)  
[  8] 122.00-123.00 sec   231 KBytes  1.89 Mbits/sec  5.022 ms  10/179 (5.6%)  
[  8] 123.00-124.00 sec   212 KBytes  1.73 Mbits/sec  4.875 ms  26/181 (14%)  
[  8] 124.00-125.00 sec   238 KBytes  1.95 Mbits/sec  5.556 ms  4/178 (2.2%)  
[  8] 125.00-126.00 sec   226 KBytes  1.85 Mbits/sec  2.257 ms  9/174 (5.2%)  
[  8] 126.00-127.00 sec   252 KBytes  2.06 Mbits/sec  3.613 ms  0/184 (0%)  
[  8] 127.00-128.00 sec   200 KBytes  1.63 Mbits/sec  8.360 ms  25/171 (15%)  
[  8] 128.00-129.00 sec   149 KBytes  1.22 Mbits/sec  8.992 ms  68/177 (38%)  
[  8] 129.00-130.00 sec   258 KBytes  2.12 Mbits/sec  3.357 ms  0/189 (0%)  
[  8] 130.00-131.00 sec   228 KBytes  1.87 Mbits/sec  2.889 ms  6/173 (3.5%)  
[  8] 131.00-132.00 sec   230 KBytes  1.88 Mbits/sec  4.255 ms  9/177 (5.1%)  
[  8] 132.00-133.00 sec   237 KBytes  1.94 Mbits/sec  0.748 ms  3/176 (1.7%)  
[  8] 133.00-134.00 sec   252 KBytes  2.06 Mbits/sec  1.647 ms  2/186 (1.1%)  
[  8] 134.00-135.00 sec   198 KBytes  1.62 Mbits/sec  10.200 ms  23/168 (14%)  
[  8] 135.00-136.00 sec  99.8 KBytes   818 Kbits/sec  15.303 ms  38/111 (34%)  
[  8] 136.00-137.00 sec   163 KBytes  1.33 Mbits/sec  5.973 ms  137/256 (54%)  
[  8] 137.00-138.00 sec   183 KBytes  1.50 Mbits/sec  6.910 ms  1/135 (0.74%)  
[  8] 138.00-139.00 sec   116 KBytes   955 Kbits/sec  12.765 ms  6/91 (6.6%)  
[  8] 139.00-140.00 sec   179 KBytes  1.47 Mbits/sec  19.221 ms  93/224 (42%)  
[  8] 140.00-141.00 sec   275 KBytes  2.25 Mbits/sec  4.855 ms  66/267 (25%)  
[  8] 141.00-142.00 sec   237 KBytes  1.94 Mbits/sec  6.122 ms  0/173 (0%)  
[  8] 142.00-143.00 sec   224 KBytes  1.84 Mbits/sec  4.022 ms  17/181 (9.4%)  
[  8] 143.00-144.00 sec   205 KBytes  1.68 Mbits/sec  3.545 ms  21/171 (12%)  
[  8] 144.00-145.00 sec   231 KBytes  1.89 Mbits/sec  2.944 ms  7/176 (4%)  
[  8] 145.00-146.00 sec   235 KBytes  1.93 Mbits/sec  6.123 ms  19/191 (9.9%)  
[  8] 146.00-147.00 sec   146 KBytes  1.20 Mbits/sec  5.477 ms  48/155 (31%)  
[  8] 147.00-148.00 sec   185 KBytes  1.51 Mbits/sec  9.015 ms  21/156 (13%)  
[  8] 148.00-149.00 sec  88.9 KBytes   728 Kbits/sec  17.579 ms  4/69 (5.8%)  
[  8] 149.00-150.00 sec  57.4 KBytes   469 Kbits/sec  23.048 ms  3/45 (6.7%)  
[  8] 150.00-151.00 sec  47.9 KBytes   393 Kbits/sec  25.264 ms  40/75 (53%)  
[  8] 151.00-152.00 sec  45.1 KBytes   370 Kbits/sec  33.765 ms  182/215 (85%)  
[  8] 152.00-153.00 sec  46.5 KBytes   381 Kbits/sec  46.071 ms  210/244 (86%)  
[  8] 153.00-154.00 sec   219 KBytes  1.79 Mbits/sec  21.707 ms  222/382 (58%)  
[  8] 154.00-155.00 sec   149 KBytes  1.22 Mbits/sec  15.529 ms  139/248 (56%)  
[  8] 155.00-156.00 sec   212 KBytes  1.74 Mbits/sec  2.302 ms  38/193 (20%)  
[  8] 156.00-157.00 sec   185 KBytes  1.51 Mbits/sec  3.575 ms  42/177 (24%)  
[  8] 157.00-158.00 sec   243 KBytes  2.00 Mbits/sec  2.579 ms  6/184 (3.3%)  
[  8] 158.00-159.00 sec   124 KBytes  1.02 Mbits/sec  18.276 ms  70/161 (43%)  
[  8] 159.00-160.00 sec  86.1 KBytes   706 Kbits/sec  10.234 ms  103/166 (62%)  
[  8] 160.00-161.00 sec   159 KBytes  1.30 Mbits/sec  6.675 ms  77/193 (40%)  
[  8] 161.00-162.00 sec   197 KBytes  1.61 Mbits/sec  5.177 ms  43/187 (23%)  
[  8] 162.00-163.00 sec   174 KBytes  1.42 Mbits/sec  5.547 ms  54/181 (30%)  
[  8] 163.00-164.00 sec   152 KBytes  1.24 Mbits/sec  9.762 ms  24/135 (18%)  
[  8] 164.00-165.00 sec   196 KBytes  1.60 Mbits/sec  7.366 ms  3/146 (2.1%)  
[  8] 165.00-166.00 sec   160 KBytes  1.31 Mbits/sec  15.563 ms  82/199 (41%)  
[  8] 166.00-167.00 sec   159 KBytes  1.30 Mbits/sec  7.872 ms  34/150 (23%)  
[  8] 167.00-168.00 sec   137 KBytes  1.12 Mbits/sec  9.716 ms  13/113 (12%)  
[  8] 168.00-169.00 sec  64.3 KBytes   527 Kbits/sec  21.718 ms  8/55 (15%)  
[  8] 169.00-170.00 sec  49.2 KBytes   403 Kbits/sec  23.364 ms  98/134 (73%)  
[  8] 170.00-171.00 sec  36.9 KBytes   302 Kbits/sec  38.324 ms  119/146 (82%)  
[  8] 171.00-172.00 sec  41.0 KBytes   336 Kbits/sec  35.614 ms  151/181 (83%)  
[  8] 172.00-173.00 sec  35.5 KBytes   291 Kbits/sec  42.093 ms  163/189 (86%)  
[  8] 173.00-174.00 sec  52.0 KBytes   426 Kbits/sec  36.416 ms  193/231 (84%)  
[  8] 174.00-175.00 sec   127 KBytes  1.04 Mbits/sec  9.878 ms  225/318 (71%)  
[  8] 175.00-176.00 sec  76.6 KBytes   626 Kbits/sec  14.981 ms  116/172 (67%)  
[  8] 176.00-177.02 sec  98.4 KBytes   795 Kbits/sec  15.807 ms  85/157 (54%)  
[  8] 177.02-178.00 sec   179 KBytes  1.49 Mbits/sec  11.096 ms  185/316 (59%)  
[  8] 178.00-179.00 sec   122 KBytes   997 Kbits/sec  14.252 ms  108/197 (55%)  
[  8] 179.00-180.00 sec  75.2 KBytes   616 Kbits/sec  29.256 ms  94/149 (63%)  
[  8] 180.00-181.00 sec   105 KBytes   862 Kbits/sec  18.911 ms  120/197 (61%)  
[  8] 181.00-182.00 sec   127 KBytes  1.04 Mbits/sec  7.495 ms  103/196 (53%)  
[  8] 182.00-183.00 sec   202 KBytes  1.66 Mbits/sec  6.679 ms  23/171 (13%)  
[  8] 183.00-184.00 sec  82.0 KBytes   672 Kbits/sec  25.856 ms  70/130 (54%)  
[  8] 184.00-185.00 sec  72.5 KBytes   594 Kbits/sec  16.252 ms  9/62 (15%)  
[  8] 185.00-186.00 sec   237 KBytes  1.94 Mbits/sec  11.048 ms  160/333 (48%)  
[  8] 186.00-187.00 sec   165 KBytes  1.36 Mbits/sec  12.360 ms  45/166 (27%)  
[  8] 187.00-188.00 sec   200 KBytes  1.64 Mbits/sec  5.281 ms  54/200 (27%)  
[  8] 188.00-189.00 sec   174 KBytes  1.42 Mbits/sec  8.507 ms  12/139 (8.6%)  
[  8] 189.00-190.00 sec   194 KBytes  1.59 Mbits/sec  2.135 ms  20/162 (12%)  
[  8] 190.00-191.00 sec   134 KBytes  1.10 Mbits/sec  9.520 ms  22/120 (18%)  
[  8] 191.00-192.00 sec  57.4 KBytes   470 Kbits/sec  19.904 ms  40/82 (49%)  
[  8] 192.00-193.00 sec  98.4 KBytes   806 Kbits/sec  8.357 ms  338/410 (82%)  
[  8] 193.00-194.00 sec   217 KBytes  1.78 Mbits/sec  5.470 ms  18/177 (10%)  
[  8] 194.00-195.00 sec   165 KBytes  1.36 Mbits/sec  7.820 ms  37/158 (23%)  
[  8] 195.00-196.00 sec   154 KBytes  1.27 Mbits/sec  8.103 ms  4/117 (3.4%)  
[  8] 196.00-197.00 sec  93.0 KBytes   762 Kbits/sec  14.182 ms  12/80 (15%)  
[  8] 197.00-198.00 sec   120 KBytes   986 Kbits/sec  14.274 ms  21/109 (19%)  
[  8] 198.00-199.00 sec   182 KBytes  1.49 Mbits/sec  12.818 ms  278/411 (68%)  
[  8] 199.00-200.00 sec  98.4 KBytes   806 Kbits/sec  20.023 ms  20/92 (22%)  
[  8] 200.00-201.00 sec  90.2 KBytes   739 Kbits/sec  15.592 ms  75/141 (53%)  
[  8] 201.00-202.00 sec  76.6 KBytes   627 Kbits/sec  19.749 ms  77/133 (58%)  
[  8] 202.00-203.00 sec   170 KBytes  1.39 Mbits/sec  6.430 ms  202/326 (62%)  
[  8] 203.00-204.00 sec   159 KBytes  1.30 Mbits/sec  10.125 ms  5/121 (4.1%)  
[  8] 204.00-205.00 sec  95.7 KBytes   784 Kbits/sec  11.142 ms  18/88 (20%)  
[  8] 205.00-206.00 sec  30.1 KBytes   246 Kbits/sec  31.794 ms  13/35 (37%)  
[  8] 206.00-207.00 sec  20.5 KBytes   168 Kbits/sec  51.641 ms  11/26 (42%)  
[  8] 207.00-208.00 sec  15.0 KBytes   123 Kbits/sec  61.771 ms  40/51 (78%)  
[  8] 208.00-209.00 sec  19.1 KBytes   157 Kbits/sec  49.479 ms  77/91 (85%)  
[  8] 209.00-210.00 sec  27.3 KBytes   224 Kbits/sec  51.062 ms  181/201 (90%)  
[  8] 210.00-211.00 sec  65.6 KBytes   538 Kbits/sec  34.528 ms  404/452 (89%)  
[  8] 211.00-212.00 sec  52.0 KBytes   426 Kbits/sec  25.429 ms  261/299 (87%)  
[  8] 212.00-213.00 sec  47.9 KBytes   392 Kbits/sec  22.260 ms  133/168 (79%)  
[  8] 213.00-214.00 sec  46.5 KBytes   381 Kbits/sec  19.948 ms  132/166 (80%)  
[  8] 214.00-215.00 sec  72.5 KBytes   594 Kbits/sec  21.400 ms  300/353 (85%)  
[  8] 215.00-216.00 sec   134 KBytes  1.10 Mbits/sec  11.275 ms  26/124 (21%)  
[  8] 216.00-217.00 sec   152 KBytes  1.24 Mbits/sec  13.207 ms  255/366 (70%)  
[  8] 217.00-218.00 sec   235 KBytes  1.93 Mbits/sec  6.462 ms  9/181 (5%)  
[  8] 218.00-219.00 sec   189 KBytes  1.55 Mbits/sec  10.573 ms  34/172 (20%)  
[  8] 219.00-220.00 sec   164 KBytes  1.34 Mbits/sec  7.949 ms  57/177 (32%)  
[  8] 220.00-221.00 sec   205 KBytes  1.68 Mbits/sec  3.817 ms  42/192 (22%)  
[  8] 221.00-222.00 sec   209 KBytes  1.71 Mbits/sec  7.767 ms  3/156 (1.9%)  
[  8] 222.00-223.00 sec   268 KBytes  2.19 Mbits/sec  1.248 ms  4/200 (2%)  
[  8] 223.00-224.00 sec   213 KBytes  1.75 Mbits/sec  0.706 ms  12/168 (7.1%)  
[  8] 224.00-225.00 sec   235 KBytes  1.93 Mbits/sec  1.724 ms  1/173 (0.58%)  
[  8] 225.00-226.00 sec   191 KBytes  1.57 Mbits/sec  3.307 ms  56/196 (29%)  
[  8] 226.00-227.00 sec   224 KBytes  1.84 Mbits/sec  5.854 ms  5/169 (3%)  
[  8] 227.00-228.00 sec   243 KBytes  1.99 Mbits/sec  2.228 ms  7/185 (3.8%)  
[  8] 228.00-229.00 sec   221 KBytes  1.81 Mbits/sec  1.030 ms  15/177 (8.5%)  
[  8] 229.00-230.00 sec   232 KBytes  1.90 Mbits/sec  0.296 ms  3/173 (1.7%)  
[  8] 230.00-231.00 sec   252 KBytes  2.06 Mbits/sec  1.814 ms  0/184 (0%)  
[  8] 231.00-232.00 sec   242 KBytes  1.98 Mbits/sec  1.428 ms  0/177 (0%)  
[  8] 232.00-233.00 sec   252 KBytes  2.06 Mbits/sec  0.496 ms  0/184 (0%)  
[  8] 233.00-234.00 sec   211 KBytes  1.72 Mbits/sec  1.070 ms  12/166 (7.2%)  
[  8] 234.00-235.00 sec   182 KBytes  1.49 Mbits/sec  8.520 ms  41/174 (24%)  
[  8] 235.00-236.00 sec   138 KBytes  1.13 Mbits/sec  12.239 ms  27/128 (21%)  
[  8] 236.00-237.00 sec  94.3 KBytes   773 Kbits/sec  9.936 ms  42/111 (38%)  
[  8] 237.00-238.00 sec  54.7 KBytes   448 Kbits/sec  30.913 ms  6/46 (13%)  
[  8] 238.00-239.00 sec  58.8 KBytes   482 Kbits/sec  27.926 ms  29/72 (40%)  
[  8] 239.00-240.00 sec  27.3 KBytes   224 Kbits/sec  50.784 ms  103/123 (84%)  
[  8] 240.00-241.00 sec  45.1 KBytes   370 Kbits/sec  65.269 ms  494/527 (94%)  
[  8] 241.00-242.00 sec  45.1 KBytes   370 Kbits/sec  24.582 ms  12/45 (27%)  
[  8] 242.00-243.00 sec  12.3 KBytes   101 Kbits/sec  59.052 ms  2/11 (18%)  
[  8] 243.00-244.00 sec  10.9 KBytes  89.6 Kbits/sec  81.431 ms  5/13 (38%)  
[  8] 244.00-245.00 sec  31.4 KBytes   258 Kbits/sec  73.060 ms  316/339 (93%)  
[  8] 245.00-246.00 sec  28.7 KBytes   235 Kbits/sec  60.888 ms  134/155 (86%)  
[  8] 246.00-247.00 sec  43.8 KBytes   358 Kbits/sec  32.258 ms  120/152 (79%)  
[  8] 247.00-248.00 sec  64.3 KBytes   527 Kbits/sec  39.487 ms  374/421 (89%)  
[  8] 248.00-249.00 sec   133 KBytes  1.09 Mbits/sec  8.772 ms  229/326 (70%)  
[  8] 249.00-250.00 sec   115 KBytes   941 Kbits/sec  18.199 ms  76/160 (48%)  
[  8] 250.00-251.00 sec  47.9 KBytes   392 Kbits/sec  27.081 ms  74/109 (68%)  
[  8] 251.00-252.00 sec  30.1 KBytes   246 Kbits/sec  37.963 ms  22/44 (50%)  
[  8] 252.00-253.00 sec  31.4 KBytes   258 Kbits/sec  38.024 ms  54/77 (70%)  
[  8] 253.00-254.00 sec  34.2 KBytes   280 Kbits/sec  33.900 ms  57/82 (70%)  
[  8] 254.00-255.00 sec  13.7 KBytes   112 Kbits/sec  41.175 ms  53/63 (84%)  
[  8] 255.00-256.00 sec  17.8 KBytes   146 Kbits/sec  77.920 ms  218/231 (94%)  
[  8] 256.00-257.00 sec  53.3 KBytes   437 Kbits/sec  35.881 ms  236/275 (86%)  
[  8] 257.00-258.00 sec  35.5 KBytes   291 Kbits/sec  30.121 ms  78/104 (75%)  
[  8] 258.00-259.00 sec  23.2 KBytes   190 Kbits/sec  38.832 ms  47/64 (73%)  
[  8] 259.00-260.00 sec  19.1 KBytes   156 Kbits/sec  54.522 ms  26/40 (65%)  
[  8] 260.00-261.00 sec  46.5 KBytes   382 Kbits/sec  54.147 ms  432/466 (93%)  
[  8] 261.00-262.00 sec  23.2 KBytes   191 Kbits/sec  35.674 ms  126/143 (88%)  
[  8] 262.00-263.00 sec  75.2 KBytes   616 Kbits/sec  41.115 ms  545/600 (91%)  
[  8] 263.00-264.00 sec  46.5 KBytes   381 Kbits/sec  29.366 ms  21/55 (38%)  
[  8] 264.00-265.00 sec  75.2 KBytes   616 Kbits/sec  22.059 ms  111/166 (67%)  
[  8] 265.00-266.00 sec  49.2 KBytes   403 Kbits/sec  18.333 ms  59/95 (62%)  
[  8] 266.00-267.00 sec  31.4 KBytes   258 Kbits/sec  28.941 ms  61/84 (73%)  
[  8] 267.00-268.00 sec  26.0 KBytes   213 Kbits/sec  20.606 ms  129/148 (87%)  
[  8] 268.00-269.00 sec  49.2 KBytes   403 Kbits/sec  18.695 ms  210/246 (85%)  
[  8] 269.00-270.00 sec   101 KBytes   829 Kbits/sec  25.534 ms  341/415 (82%)  
[  8] 270.00-271.00 sec   127 KBytes  1.04 Mbits/sec  14.578 ms  110/203 (54%)  
[  8] 271.00-272.00 sec  17.8 KBytes   146 Kbits/sec  39.953 ms  41/54 (76%)  
[  8] 272.00-273.00 sec  31.4 KBytes   258 Kbits/sec  50.656 ms  87/110 (79%)  
[  8] 273.00-274.00 sec  13.7 KBytes   112 Kbits/sec  69.408 ms  61/71 (86%)  
[  8] 274.00-275.00 sec  13.7 KBytes   112 Kbits/sec  66.327 ms  66/76 (87%)  
[  8] 275.00-276.00 sec  12.3 KBytes   101 Kbits/sec  78.855 ms  39/48 (81%)  
[  8] 276.00-277.00 sec  10.9 KBytes  89.6 Kbits/sec  85.595 ms  44/52 (85%)  
[  8] 277.00-278.00 sec  12.3 KBytes   101 Kbits/sec  89.299 ms  48/57 (84%)  
[  8] 278.00-279.00 sec  32.8 KBytes   269 Kbits/sec  79.376 ms  331/355 (93%)  
[  8] 279.00-280.00 sec  21.9 KBytes   179 Kbits/sec  51.433 ms  180/196 (92%)  
[  8] 280.00-281.00 sec  19.1 KBytes   157 Kbits/sec  50.982 ms  126/140 (90%)  
[  8] 281.00-282.00 sec  17.8 KBytes   146 Kbits/sec  53.335 ms  139/152 (91%)  
[  8] 282.00-283.00 sec  24.6 KBytes   202 Kbits/sec  93.090 ms  467/485 (96%)  
[  8] 283.00-284.00 sec  15.0 KBytes   123 Kbits/sec  110.759 ms  215/226 (95%)  
[  8] 284.00-285.00 sec  17.8 KBytes   146 Kbits/sec  87.131 ms  40/53 (75%)  
[  8] 285.00-286.00 sec  15.0 KBytes   123 Kbits/sec  67.328 ms  131/142 (92%)  
[  8] 286.00-287.00 sec  49.2 KBytes   403 Kbits/sec  37.378 ms  263/299 (88%)  
[  8] 287.00-288.00 sec  16.4 KBytes   134 Kbits/sec  41.128 ms  78/90 (87%)  
[  8] 288.00-289.00 sec  35.5 KBytes   291 Kbits/sec  54.210 ms  293/319 (92%)  
[  8] 289.00-290.00 sec   243 KBytes  1.99 Mbits/sec  5.729 ms  395/573 (69%)  
[  8] 290.00-291.00 sec   211 KBytes  1.72 Mbits/sec  5.855 ms  26/180 (14%)  
[  8] 291.00-292.00 sec   227 KBytes  1.87 Mbits/sec  5.340 ms  13/179 (7.3%)  
[  8] 292.00-293.00 sec   227 KBytes  1.86 Mbits/sec  0.779 ms  10/176 (5.7%)  
[  8] 293.00-294.00 sec   237 KBytes  1.94 Mbits/sec  4.439 ms  7/180 (3.9%)  
[  8] 294.00-295.00 sec   234 KBytes  1.92 Mbits/sec  4.157 ms  8/179 (4.5%)  
[  8] 295.00-296.00 sec   246 KBytes  2.02 Mbits/sec  3.433 ms  0/180 (0%)  
[  8] 296.00-297.00 sec   243 KBytes  1.99 Mbits/sec  4.299 ms  0/178 (0%)  
[  8] 297.00-298.00 sec   242 KBytes  1.98 Mbits/sec  3.475 ms  1/178 (0.56%)  
[  8] 298.00-299.00 sec   238 KBytes  1.95 Mbits/sec  5.508 ms  2/176 (1.1%)  
[  8] 299.00-300.00 sec   249 KBytes  2.04 Mbits/sec  3.313 ms  0/182 (0%)  
[  8] 300.00-301.00 sec   228 KBytes  1.87 Mbits/sec  4.208 ms  6/173 (3.5%)  
[  8] 301.00-302.00 sec   250 KBytes  2.05 Mbits/sec  1.685 ms  0/183 (0%)  
[  8] 302.00-303.00 sec   243 KBytes  1.99 Mbits/sec  3.118 ms  1/179 (0.56%)  
[  8] 303.00-304.00 sec   242 KBytes  1.98 Mbits/sec  2.704 ms  0/177 (0%)  
[  8] 304.00-305.00 sec   118 KBytes   963 Kbits/sec  16.287 ms  6/92 (6.5%)  
[  8] 305.00-306.00 sec  91.6 KBytes   750 Kbits/sec  18.316 ms  119/186 (64%)  
[  8] 306.00-307.00 sec   137 KBytes  1.12 Mbits/sec  15.605 ms  107/207 (52%)  
[  8] 307.00-308.00 sec   154 KBytes  1.27 Mbits/sec  16.880 ms  107/220 (49%)  
[  8] 308.00-309.00 sec  86.1 KBytes   706 Kbits/sec  20.257 ms  0/63 (0%)  
[  8] 309.00-310.00 sec  95.7 KBytes   784 Kbits/sec  11.174 ms  87/157 (55%)  
[  8] 310.00-311.00 sec   107 KBytes   874 Kbits/sec  12.614 ms  35/113 (31%)  
[  8] 311.00-312.00 sec  52.0 KBytes   426 Kbits/sec  25.137 ms  12/50 (24%)  
[  8] 312.00-313.00 sec  34.2 KBytes   280 Kbits/sec  24.737 ms  94/119 (79%)  
[  8] 313.00-314.00 sec  19.1 KBytes   157 Kbits/sec  39.463 ms  50/64 (78%)  
[  8] 314.00-315.00 sec  64.3 KBytes   526 Kbits/sec  32.414 ms  501/548 (91%)  
[  8] 315.00-316.00 sec  79.3 KBytes   649 Kbits/sec  25.883 ms  235/293 (80%)  
[  8] 316.00-317.00 sec  39.6 KBytes   325 Kbits/sec  32.863 ms  4/33 (12%)  
[  8] 317.00-318.00 sec   148 KBytes  1.21 Mbits/sec  8.651 ms  115/223 (52%)  
[  8] 318.00-319.00 sec  72.5 KBytes   594 Kbits/sec  16.673 ms  1/54 (1.9%)  
[  8] 319.00-320.00 sec  34.2 KBytes   280 Kbits/sec  29.163 ms  17/42 (40%)  
[  8] 320.00-321.00 sec  27.3 KBytes   224 Kbits/sec  32.733 ms  66/86 (77%)  
[  8] 321.00-322.00 sec  28.7 KBytes   235 Kbits/sec  32.588 ms  132/153 (86%)  
[  8] 322.00-323.00 sec  32.8 KBytes   269 Kbits/sec  27.318 ms  174/198 (88%)  
[  8] 323.00-324.00 sec  34.2 KBytes   280 Kbits/sec  27.017 ms  178/203 (88%)  
[  8] 324.00-325.00 sec  34.2 KBytes   280 Kbits/sec  33.679 ms  143/168 (85%)  
[  8] 325.00-326.00 sec  32.8 KBytes   269 Kbits/sec  26.281 ms  161/185 (87%)  
[  8] 326.00-327.00 sec  98.4 KBytes   806 Kbits/sec  36.225 ms  443/515 (86%)  
[  8] 327.00-328.00 sec  64.3 KBytes   526 Kbits/sec  30.328 ms  193/240 (80%)  
[  8] 328.00-329.00 sec  42.4 KBytes   347 Kbits/sec  26.591 ms  95/126 (75%)  
[  8] 329.00-330.00 sec  45.1 KBytes   370 Kbits/sec  30.962 ms  122/155 (79%)  
[  8] 330.00-331.00 sec  43.8 KBytes   357 Kbits/sec  40.218 ms  172/204 (84%)  
[  8] 331.00-332.00 sec  32.8 KBytes   270 Kbits/sec  33.649 ms  128/152 (84%)  
[  8] 332.00-333.00 sec  32.8 KBytes   269 Kbits/sec  39.940 ms  135/159 (85%)  
[  8] 333.00-334.00 sec  13.7 KBytes   112 Kbits/sec  58.912 ms  85/95 (89%)  
[  8] 334.00-335.00 sec  15.0 KBytes   123 Kbits/sec  79.067 ms  131/142 (92%)  
[  8] 335.00-336.00 sec  27.3 KBytes   224 Kbits/sec  54.657 ms  125/145 (86%)  
[  8] 336.00-337.00 sec   269 KBytes  2.21 Mbits/sec  5.896 ms  306/503 (61%)  
[  8] 337.00-338.00 sec   237 KBytes  1.94 Mbits/sec  5.849 ms  6/179 (3.4%)  
[  8] 338.00-339.00 sec   237 KBytes  1.94 Mbits/sec  5.693 ms  8/181 (4.4%)  
[  8] 339.00-340.00 sec   239 KBytes  1.96 Mbits/sec  4.776 ms  2/177 (1.1%)  
[  8] 340.00-340.01 sec  4.10 KBytes  2.36 Mbits/sec  4.101 ms  0/3 (0%)  
- - - - - - - - - - - - - - - - - - - - - - - - -
[ ID] Interval           Transfer     Bitrate         Jitter    Lost/Total Datagrams
[  8]   0.00-340.01 sec  47.4 MBytes  1.17 Mbits/sec  4.101 ms  25226/60715 (42%)  receiver
