-----------------------------------------------------------
Server listening on 5201 (test #1)
-----------------------------------------------------------
Accepted connection from 10.0.0.44, port 40802
[  8] local 10.0.0.108 port 5201 connected to 10.0.0.44 port 49299
[ ID] Interval           Transfer     Bitrate         Jitter    Lost/Total Datagrams
[  8]   0.00-1.00   sec  58.8 KBytes   482 Kbits/sec  5.767 ms  0/43 (0%)  
[  8]   1.00-2.00   sec  62.9 KBytes   515 Kbits/sec  3.324 ms  0/46 (0%)  
[  8]   2.00-3.00   sec  54.7 KBytes   448 Kbits/sec  7.212 ms  4/44 (9.1%)  
[  8]   3.00-4.00   sec  56.1 KBytes   459 Kbits/sec  8.984 ms  2/43 (4.7%)  
[  8]   4.00-5.00   sec  62.9 KBytes   515 Kbits/sec  5.422 ms  1/47 (2.1%)  
[  8]   5.00-6.00   sec  61.5 KBytes   504 Kbits/sec  7.120 ms  0/45 (0%)  
[  8]   6.00-7.01   sec  58.8 KBytes   479 Kbits/sec  7.793 ms  1/44 (2.3%)  
[  8]   7.01-8.00   sec  60.2 KBytes   496 Kbits/sec  7.283 ms  1/45 (2.2%)  
[  8]   8.00-9.00   sec  57.4 KBytes   470 Kbits/sec  6.715 ms  2/44 (4.5%)  
[  8]   9.00-10.00  sec  60.2 KBytes   493 Kbits/sec  7.932 ms  0/44 (0%)  
[  8]  10.00-11.00  sec  62.9 KBytes   515 Kbits/sec  7.048 ms  0/46 (0%)  
[  8]  11.00-12.00  sec  60.2 KBytes   493 Kbits/sec  6.763 ms  0/44 (0%)  
[  8]  12.00-13.00  sec  61.5 KBytes   504 Kbits/sec  12.315 ms  0/45 (0%)  
[  8]  13.00-14.00  sec  60.2 KBytes   493 Kbits/sec  7.552 ms  0/44 (0%)  
[  8]  14.00-15.00  sec  61.5 KBytes   504 Kbits/sec  8.696 ms  0/45 (0%)  
[  8]  15.00-16.00  sec  61.5 KBytes   504 Kbits/sec  4.233 ms  0/45 (0%)  
[  8]  16.00-17.00  sec  61.5 KBytes   504 Kbits/sec  5.986 ms  0/45 (0%)  
[  8]  17.00-18.00  sec  60.2 KBytes   493 Kbits/sec  8.294 ms  0/44 (0%)  
[  8]  18.00-19.00  sec  61.5 KBytes   504 Kbits/sec  6.190 ms  0/45 (0%)  
[  8]  19.00-20.00  sec  61.5 KBytes   504 Kbits/sec  3.537 ms  0/45 (0%)  
[  8]  20.00-21.00  sec  60.2 KBytes   493 Kbits/sec  7.597 ms  0/44 (0%)  
[  8]  21.00-22.00  sec  60.2 KBytes   493 Kbits/sec  3.985 ms  1/45 (2.2%)  
[  8]  22.00-23.00  sec  54.7 KBytes   448 Kbits/sec  7.802 ms  4/44 (9.1%)  
[  8]  23.00-24.00  sec  57.4 KBytes   470 Kbits/sec  10.028 ms  2/44 (4.5%)  
[  8]  24.00-25.00  sec  62.9 KBytes   515 Kbits/sec  6.990 ms  0/46 (0%)  
[  8]  25.00-26.00  sec  53.3 KBytes   437 Kbits/sec  9.799 ms  3/42 (7.1%)  
[  8]  26.00-27.00  sec  58.8 KBytes   480 Kbits/sec  10.820 ms  3/46 (6.5%)  
[  8]  27.00-28.00  sec  58.8 KBytes   483 Kbits/sec  9.144 ms  2/45 (4.4%)  
[  8]  28.00-29.00  sec  58.8 KBytes   482 Kbits/sec  8.926 ms  1/44 (2.3%)  
[  8]  29.00-30.00  sec  54.7 KBytes   447 Kbits/sec  9.351 ms  5/45 (11%)  
[  8]  30.00-31.00  sec  61.5 KBytes   504 Kbits/sec  5.378 ms  0/45 (0%)  
[  8]  31.00-32.00  sec  61.5 KBytes   505 Kbits/sec  8.329 ms  0/45 (0%)  
[  8]  32.00-33.00  sec  50.6 KBytes   414 Kbits/sec  10.977 ms  5/42 (12%)  
[  8]  33.00-34.00  sec  57.4 KBytes   470 Kbits/sec  9.864 ms  6/48 (12%)  
[  8]  34.00-35.00  sec  60.2 KBytes   493 Kbits/sec  4.802 ms  0/44 (0%)  
[  8]  35.00-36.00  sec  57.4 KBytes   470 Kbits/sec  8.817 ms  2/44 (4.5%)  
[  8]  36.00-37.00  sec  61.5 KBytes   504 Kbits/sec  10.265 ms  0/45 (0%)  
[  8]  37.00-38.00  sec  58.8 KBytes   482 Kbits/sec  7.277 ms  2/45 (4.4%)  
[  8]  38.00-39.00  sec  45.1 KBytes   370 Kbits/sec  15.941 ms  0/33 (0%)  
[  8]  39.00-40.00  sec  36.9 KBytes   302 Kbits/sec  24.817 ms  2/29 (6.9%)  
[  8]  40.00-41.00  sec  45.1 KBytes   370 Kbits/sec  23.949 ms  8/41 (20%)  
[  8]  41.00-42.00  sec  61.5 KBytes   504 Kbits/sec  27.329 ms  31/76 (41%)  
[  8]  42.00-43.00  sec  60.2 KBytes   493 Kbits/sec  9.088 ms  0/44 (0%)  
[  8]  43.00-44.00  sec  31.4 KBytes   258 Kbits/sec  23.651 ms  0/23 (0%)  
[  8]  44.00-45.00  sec  31.4 KBytes   258 Kbits/sec  27.657 ms  2/25 (8%)  
[  8]  45.00-46.00  sec  46.5 KBytes   381 Kbits/sec  32.220 ms  13/47 (28%)  
[  8]  46.00-47.00  sec  28.7 KBytes   235 Kbits/sec  24.013 ms  1/22 (4.5%)  
[  8]  47.00-48.00  sec  28.7 KBytes   235 Kbits/sec  62.353 ms  42/63 (67%)  
[  8]  48.00-49.00  sec  50.6 KBytes   414 Kbits/sec  28.617 ms  14/51 (27%)  
[  8]  49.00-50.00  sec  60.2 KBytes   493 Kbits/sec  21.903 ms  10/54 (19%)  
[  8]  50.00-51.00  sec  32.8 KBytes   269 Kbits/sec  23.955 ms  1/25 (4%)  
[  8]  51.00-52.00  sec  69.7 KBytes   571 Kbits/sec  22.086 ms  40/91 (44%)  
[  8]  52.00-53.00  sec  61.5 KBytes   504 Kbits/sec  7.194 ms  0/45 (0%)  
[  8]  53.00-54.00  sec  60.2 KBytes   493 Kbits/sec  6.507 ms  0/44 (0%)  
[  8]  54.00-55.00  sec  49.2 KBytes   403 Kbits/sec  20.583 ms  5/41 (12%)  
[  8]  55.00-56.00  sec  32.8 KBytes   269 Kbits/sec  24.368 ms  2/26 (7.7%)  
[  8]  56.00-57.00  sec  60.2 KBytes   493 Kbits/sec  15.680 ms  22/66 (33%)  
[  8]  57.00-58.01  sec  58.8 KBytes   478 Kbits/sec  10.002 ms  2/45 (4.4%)  
[  8]  58.01-59.00  sec  57.4 KBytes   474 Kbits/sec  12.022 ms  5/47 (11%)  
[  8]  59.00-60.00  sec  52.0 KBytes   426 Kbits/sec  8.041 ms  6/44 (14%)  
[  8]  60.00-61.00  sec  61.5 KBytes   504 Kbits/sec  4.716 ms  0/45 (0%)  
[  8]  61.00-62.00  sec  57.4 KBytes   470 Kbits/sec  7.556 ms  0/42 (0%)  
[  8]  62.00-63.00  sec  61.5 KBytes   504 Kbits/sec  11.665 ms  2/47 (4.3%)  
[  8]  63.00-64.00  sec  47.9 KBytes   391 Kbits/sec  15.363 ms  4/39 (10%)  
[  8]  64.00-65.00  sec  24.6 KBytes   202 Kbits/sec  35.557 ms  0/18 (0%)  
[  8]  65.00-66.00  sec  21.9 KBytes   179 Kbits/sec  39.473 ms  0/16 (0%)  
[  8]  66.00-67.00  sec  58.8 KBytes   482 Kbits/sec  30.285 ms  55/98 (56%)  
[  8]  67.00-68.00  sec  46.5 KBytes   381 Kbits/sec  15.409 ms  15/49 (31%)  
[  8]  68.00-69.00  sec  62.9 KBytes   515 Kbits/sec  10.100 ms  0/46 (0%)  
[  8]  69.00-70.00  sec  57.4 KBytes   470 Kbits/sec  7.674 ms  4/46 (8.7%)  
[  8]  70.00-71.00  sec  58.8 KBytes   481 Kbits/sec  9.692 ms  0/43 (0%)  
[  8]  71.00-72.00  sec  62.9 KBytes   515 Kbits/sec  6.985 ms  0/46 (0%)  
[  8]  72.00-73.00  sec  61.5 KBytes   505 Kbits/sec  6.156 ms  0/45 (0%)  
[  8]  73.00-74.00  sec  58.8 KBytes   482 Kbits/sec  8.874 ms  2/45 (4.4%)  
[  8]  74.00-75.00  sec  60.2 KBytes   493 Kbits/sec  5.075 ms  1/45 (2.2%)  
[  8]  75.00-76.00  sec  53.3 KBytes   437 Kbits/sec  9.999 ms  4/43 (9.3%)  
[  8]  76.00-77.00  sec  58.8 KBytes   482 Kbits/sec  7.888 ms  1/44 (2.3%)  
[  8]  77.00-78.00  sec  62.9 KBytes   515 Kbits/sec  8.215 ms  1/47 (2.1%)  
[  8]  78.00-79.00  sec  58.8 KBytes   482 Kbits/sec  3.533 ms  0/43 (0%)  
[  8]  79.00-80.00  sec  62.9 KBytes   515 Kbits/sec  2.787 ms  0/46 (0%)  
[  8]  80.00-81.00  sec  54.7 KBytes   448 Kbits/sec  9.797 ms  0/40 (0%)  
[  8]  81.00-82.00  sec  50.6 KBytes   414 Kbits/sec  14.313 ms  12/49 (24%)  
[  8]  82.00-83.00  sec  49.2 KBytes   403 Kbits/sec  8.531 ms  1/37 (2.7%)  
[  8]  83.00-84.00  sec  68.4 KBytes   560 Kbits/sec  10.862 ms  2/52 (3.8%)  
[  8]  84.00-85.00  sec  60.2 KBytes   493 Kbits/sec  7.153 ms  1/45 (2.2%)  
[  8]  85.00-86.00  sec  60.2 KBytes   493 Kbits/sec  6.829 ms  0/44 (0%)  
[  8]  86.00-87.00  sec  57.4 KBytes   469 Kbits/sec  13.931 ms  0/42 (0%)  
[  8]  87.00-88.00  sec  62.9 KBytes   516 Kbits/sec  9.603 ms  1/47 (2.1%)  
[  8]  88.00-89.00  sec  50.6 KBytes   414 Kbits/sec  13.005 ms  0/37 (0%)  
[  8]  89.00-90.00  sec  41.0 KBytes   336 Kbits/sec  18.079 ms  2/32 (6.2%)  
[  8]  90.00-91.00  sec  87.5 KBytes   717 Kbits/sec  18.422 ms  0/64 (0%)  
[  8]  91.00-92.00  sec  41.0 KBytes   336 Kbits/sec  20.333 ms  0/30 (0%)  
[  8]  92.00-93.00  sec  69.7 KBytes   571 Kbits/sec  15.783 ms  9/60 (15%)  
[  8]  93.00-94.00  sec  52.0 KBytes   426 Kbits/sec  13.059 ms  0/38 (0%)  
[  8]  94.00-95.00  sec  71.1 KBytes   582 Kbits/sec  13.190 ms  0/52 (0%)  
[  8]  95.00-96.00  sec  60.2 KBytes   493 Kbits/sec  6.612 ms  1/45 (2.2%)  
[  8]  96.00-97.00  sec  53.3 KBytes   437 Kbits/sec  6.537 ms  5/44 (11%)  
[  8]  97.00-98.00  sec  58.8 KBytes   481 Kbits/sec  6.220 ms  2/45 (4.4%)  
[  8]  98.00-99.00  sec  58.8 KBytes   483 Kbits/sec  7.776 ms  1/44 (2.3%)  
[  8]  99.00-100.00 sec  60.2 KBytes   493 Kbits/sec  7.726 ms  1/45 (2.2%)  
[  8] 100.00-101.00 sec  61.5 KBytes   504 Kbits/sec  9.399 ms  0/45 (0%)  
[  8] 101.00-102.00 sec  60.2 KBytes   493 Kbits/sec  5.474 ms  0/44 (0%)  
[  8] 102.00-103.00 sec  61.5 KBytes   504 Kbits/sec  3.321 ms  0/45 (0%)  
[  8] 103.00-104.00 sec  62.9 KBytes   515 Kbits/sec  9.046 ms  0/46 (0%)  
[  8] 104.00-105.00 sec  58.8 KBytes   481 Kbits/sec  8.202 ms  0/43 (0%)  
[  8] 105.00-106.00 sec  60.2 KBytes   493 Kbits/sec  14.398 ms  0/44 (0%)  
[  8] 106.00-107.00 sec  60.2 KBytes   493 Kbits/sec  7.888 ms  2/46 (4.3%)  
[  8] 107.00-108.00 sec  61.5 KBytes   504 Kbits/sec  4.234 ms  0/45 (0%)  
[  8] 108.00-109.00 sec  61.5 KBytes   502 Kbits/sec  7.511 ms  0/45 (0%)  
[  8] 109.00-110.00 sec  57.4 KBytes   472 Kbits/sec  6.381 ms  2/44 (4.5%)  
[  8] 110.00-111.00 sec  56.1 KBytes   459 Kbits/sec  7.680 ms  3/44 (6.8%)  
[  8] 111.00-112.00 sec  57.4 KBytes   470 Kbits/sec  8.075 ms  4/46 (8.7%)  
[  8] 112.00-113.00 sec  60.2 KBytes   493 Kbits/sec  8.411 ms  0/44 (0%)  
[  8] 113.00-114.00 sec  60.2 KBytes   493 Kbits/sec  5.048 ms  1/45 (2.2%)  
[  8] 114.00-115.00 sec  57.4 KBytes   470 Kbits/sec  7.890 ms  2/44 (4.5%)  
[  8] 115.00-116.00 sec  60.2 KBytes   493 Kbits/sec  7.634 ms  1/45 (2.2%)  
[  8] 116.00-117.00 sec  61.5 KBytes   504 Kbits/sec  4.106 ms  0/45 (0%)  
[  8] 117.00-118.00 sec  61.5 KBytes   504 Kbits/sec  6.209 ms  0/45 (0%)  
[  8] 118.00-119.00 sec  60.2 KBytes   493 Kbits/sec  6.483 ms  0/44 (0%)  
[  8] 119.00-120.00 sec  60.2 KBytes   493 Kbits/sec  10.272 ms  1/45 (2.2%)  
[  8] 120.00-121.00 sec  57.4 KBytes   470 Kbits/sec  14.875 ms  1/43 (2.3%)  
[  8] 121.00-122.00 sec  52.0 KBytes   426 Kbits/sec  17.585 ms  8/46 (17%)  
[  8] 122.00-123.00 sec  56.1 KBytes   459 Kbits/sec  8.151 ms  2/43 (4.7%)  
[  8] 123.00-124.00 sec  58.8 KBytes   481 Kbits/sec  10.074 ms  3/46 (6.5%)  
[  8] 124.00-125.00 sec  60.2 KBytes   493 Kbits/sec  9.020 ms  1/45 (2.2%)  
[  8] 125.00-126.00 sec  58.8 KBytes   482 Kbits/sec  5.993 ms  1/44 (2.3%)  
[  8] 126.00-127.00 sec  58.8 KBytes   482 Kbits/sec  4.478 ms  2/45 (4.4%)  
[  8] 127.00-128.00 sec  60.2 KBytes   493 Kbits/sec  6.722 ms  1/45 (2.2%)  
[  8] 128.00-129.00 sec  60.2 KBytes   493 Kbits/sec  5.665 ms  1/45 (2.2%)  
[  8] 129.00-130.00 sec  60.2 KBytes   493 Kbits/sec  10.204 ms  0/44 (0%)  
[  8] 130.00-131.00 sec  61.5 KBytes   504 Kbits/sec  7.508 ms  0/45 (0%)  
[  8] 131.00-132.00 sec  56.1 KBytes   459 Kbits/sec  9.261 ms  3/44 (6.8%)  
[  8] 132.00-133.00 sec  61.5 KBytes   504 Kbits/sec  4.232 ms  0/45 (0%)  
[  8] 133.00-134.00 sec  61.5 KBytes   504 Kbits/sec  4.443 ms  0/45 (0%)  
[  8] 134.00-135.00 sec  58.8 KBytes   482 Kbits/sec  9.269 ms  1/44 (2.3%)  
[  8] 135.00-136.00 sec  61.5 KBytes   504 Kbits/sec  12.109 ms  0/45 (0%)  
[  8] 136.00-137.00 sec  50.6 KBytes   415 Kbits/sec  13.169 ms  3/40 (7.5%)  
[  8] 137.00-138.00 sec  57.4 KBytes   470 Kbits/sec  18.536 ms  3/45 (6.7%)  
[  8] 138.00-139.00 sec  43.8 KBytes   359 Kbits/sec  18.778 ms  0/32 (0%)  
[  8] 139.00-140.00 sec  53.3 KBytes   437 Kbits/sec  26.431 ms  15/54 (28%)  
[  8] 140.00-141.00 sec  56.1 KBytes   458 Kbits/sec  7.855 ms  11/52 (21%)  
[  8] 141.00-142.00 sec  58.8 KBytes   482 Kbits/sec  8.776 ms  0/43 (0%)  
[  8] 142.00-143.00 sec  43.8 KBytes   358 Kbits/sec  12.414 ms  6/38 (16%)  
[  8] 143.00-144.00 sec  53.3 KBytes   437 Kbits/sec  15.425 ms  3/42 (7.1%)  
[  8] 144.00-145.00 sec  62.9 KBytes   515 Kbits/sec  19.313 ms  2/48 (4.2%)  
[  8] 145.00-146.00 sec  45.1 KBytes   370 Kbits/sec  18.493 ms  2/35 (5.7%)  
[  8] 146.00-147.00 sec  82.0 KBytes   671 Kbits/sec  15.465 ms  1/61 (1.6%)  
[  8] 147.00-148.00 sec  47.9 KBytes   392 Kbits/sec  17.521 ms  1/36 (2.8%)  
[  8] 148.00-149.00 sec  19.1 KBytes   157 Kbits/sec  37.872 ms  1/15 (6.7%)  
[  8] 149.00-150.00 sec  23.2 KBytes   190 Kbits/sec  33.052 ms  7/24 (29%)  
[  8] 150.00-151.00 sec  41.0 KBytes   336 Kbits/sec  23.250 ms  27/57 (47%)  
[  8] 151.00-152.00 sec  30.1 KBytes   247 Kbits/sec  22.010 ms  18/40 (45%)  
[  8] 152.00-153.00 sec  36.9 KBytes   302 Kbits/sec  26.768 ms  29/56 (52%)  
[  8] 153.00-154.00 sec  73.8 KBytes   605 Kbits/sec  7.196 ms  29/83 (35%)  
[  8] 154.00-155.00 sec  58.8 KBytes   482 Kbits/sec  11.481 ms  3/46 (6.5%)  
[  8] 155.00-156.00 sec  58.8 KBytes   481 Kbits/sec  11.473 ms  2/45 (4.4%)  
[  8] 156.00-157.00 sec  49.2 KBytes   403 Kbits/sec  15.776 ms  7/43 (16%)  
[  8] 157.00-158.00 sec  61.5 KBytes   504 Kbits/sec  4.635 ms  2/47 (4.3%)  
[  8] 158.00-159.00 sec  61.5 KBytes   504 Kbits/sec  11.082 ms  0/45 (0%)  
[  8] 159.00-160.00 sec  58.8 KBytes   481 Kbits/sec  8.656 ms  0/43 (0%)  
[  8] 160.00-161.00 sec  60.2 KBytes   494 Kbits/sec  8.858 ms  0/44 (0%)  
[  8] 161.00-162.00 sec  60.2 KBytes   493 Kbits/sec  5.026 ms  1/45 (2.2%)  
[  8] 162.00-163.00 sec  57.4 KBytes   469 Kbits/sec  10.820 ms  4/46 (8.7%)  
[  8] 163.00-164.00 sec  36.9 KBytes   303 Kbits/sec  22.213 ms  3/30 (10%)  
[  8] 164.00-165.00 sec  43.8 KBytes   358 Kbits/sec  27.598 ms  5/37 (14%)  
[  8] 165.00-166.00 sec  64.3 KBytes   526 Kbits/sec  15.369 ms  17/64 (27%)  
[  8] 166.00-167.00 sec  52.0 KBytes   426 Kbits/sec  11.462 ms  2/40 (5%)  
[  8] 167.00-168.00 sec  46.5 KBytes   381 Kbits/sec  17.780 ms  0/34 (0%)  
[  8] 168.00-169.00 sec  61.5 KBytes   504 Kbits/sec  12.625 ms  18/63 (29%)  
[  8] 169.00-170.00 sec  61.5 KBytes   504 Kbits/sec  3.863 ms  0/45 (0%)  
[  8] 170.00-171.00 sec  61.5 KBytes   504 Kbits/sec  3.479 ms  0/45 (0%)  
[  8] 171.00-172.00 sec  58.8 KBytes   482 Kbits/sec  9.584 ms  0/43 (0%)  
[  8] 172.00-173.00 sec  61.5 KBytes   504 Kbits/sec  6.392 ms  0/45 (0%)  
[  8] 173.00-174.00 sec  56.1 KBytes   459 Kbits/sec  8.370 ms  1/42 (2.4%)  
[  8] 174.00-175.00 sec  64.3 KBytes   526 Kbits/sec  6.775 ms  1/48 (2.1%)  
[  8] 175.00-176.00 sec  58.8 KBytes   483 Kbits/sec  9.234 ms  0/43 (0%)  
[  8] 176.00-177.00 sec  62.9 KBytes   515 Kbits/sec  3.984 ms  0/46 (0%)  
[  8] 177.00-178.00 sec  57.4 KBytes   471 Kbits/sec  7.496 ms  0/42 (0%)  
[  8] 178.00-179.01 sec  42.4 KBytes   344 Kbits/sec  22.568 ms  0/31 (0%)  
[  8] 179.01-180.00 sec  61.5 KBytes   509 Kbits/sec  15.130 ms  0/45 (0%)  
[  8] 180.00-181.00 sec  76.6 KBytes   627 Kbits/sec  4.343 ms  4/60 (6.7%)  
[  8] 181.00-182.00 sec  62.9 KBytes   515 Kbits/sec  3.357 ms  0/46 (0%)  
[  8] 182.00-183.00 sec  60.2 KBytes   493 Kbits/sec  4.735 ms  0/44 (0%)  
[  8] 183.00-184.00 sec  58.8 KBytes   482 Kbits/sec  8.321 ms  1/44 (2.3%)  
[  8] 184.00-185.00 sec  61.5 KBytes   504 Kbits/sec  9.134 ms  0/45 (0%)  
[  8] 185.00-186.00 sec  58.8 KBytes   482 Kbits/sec  11.652 ms  1/44 (2.3%)  
[  8] 186.00-187.00 sec  53.3 KBytes   437 Kbits/sec  19.479 ms  4/43 (9.3%)  
[  8] 187.00-188.00 sec  56.1 KBytes   459 Kbits/sec  16.973 ms  5/46 (11%)  
[  8] 188.00-189.00 sec  62.9 KBytes   515 Kbits/sec  4.138 ms  0/46 (0%)  
[  8] 189.00-190.00 sec  61.5 KBytes   503 Kbits/sec  6.895 ms  0/45 (0%)  
[  8] 190.00-191.00 sec  60.2 KBytes   494 Kbits/sec  5.739 ms  0/44 (0%)  
[  8] 191.00-192.00 sec  61.5 KBytes   504 Kbits/sec  4.708 ms  0/45 (0%)  
[  8] 192.00-193.00 sec  58.8 KBytes   481 Kbits/sec  9.681 ms  2/45 (4.4%)  
[  8] 193.00-194.00 sec  60.2 KBytes   493 Kbits/sec  3.767 ms  0/44 (0%)  
[  8] 194.00-195.00 sec  61.5 KBytes   504 Kbits/sec  6.803 ms  0/45 (0%)  
[  8] 195.00-196.00 sec  58.8 KBytes   481 Kbits/sec  2.593 ms  0/43 (0%)  
[  8] 196.00-197.00 sec  34.2 KBytes   279 Kbits/sec  15.958 ms  1/26 (3.8%)  
[  8] 197.00-198.00 sec  50.6 KBytes   416 Kbits/sec  17.414 ms  16/53 (30%)  
[  8] 198.00-199.00 sec  39.6 KBytes   325 Kbits/sec  17.033 ms  4/33 (12%)  
[  8] 199.00-200.00 sec  82.0 KBytes   672 Kbits/sec  14.807 ms  8/68 (12%)  
[  8] 200.00-201.00 sec  57.4 KBytes   470 Kbits/sec  6.464 ms  1/43 (2.3%)  
[  8] 201.00-202.00 sec  49.2 KBytes   403 Kbits/sec  8.009 ms  10/46 (22%)  
[  8] 202.00-203.00 sec  53.3 KBytes   437 Kbits/sec  10.185 ms  6/45 (13%)  
[  8] 203.00-204.00 sec  58.8 KBytes   482 Kbits/sec  6.390 ms  1/44 (2.3%)  
[  8] 204.00-205.00 sec  57.4 KBytes   470 Kbits/sec  8.257 ms  2/44 (4.5%)  
[  8] 205.00-206.00 sec  53.3 KBytes   437 Kbits/sec  13.581 ms  5/44 (11%)  
[  8] 206.00-207.00 sec  54.7 KBytes   448 Kbits/sec  17.104 ms  5/45 (11%)  
[  8] 207.00-208.00 sec  52.0 KBytes   426 Kbits/sec  19.635 ms  8/46 (17%)  
[  8] 208.00-209.00 sec  52.0 KBytes   426 Kbits/sec  15.486 ms  1/39 (2.6%)  
[  8] 209.00-210.00 sec  60.2 KBytes   493 Kbits/sec  20.646 ms  2/46 (4.3%)  
[  8] 210.00-211.00 sec  65.6 KBytes   538 Kbits/sec  5.949 ms  1/49 (2%)  
[  8] 211.00-212.00 sec  61.5 KBytes   504 Kbits/sec  2.509 ms  0/45 (0%)  
[  8] 212.00-213.00 sec  54.7 KBytes   448 Kbits/sec  8.754 ms  0/40 (0%)  
[  8] 213.00-214.00 sec  65.6 KBytes   538 Kbits/sec  12.880 ms  1/49 (2%)  
[  8] 214.00-215.00 sec  60.2 KBytes   493 Kbits/sec  13.546 ms  0/44 (0%)  
[  8] 215.00-216.00 sec  62.9 KBytes   515 Kbits/sec  6.030 ms  0/46 (0%)  
[  8] 216.00-217.00 sec  60.2 KBytes   493 Kbits/sec  9.793 ms  0/44 (0%)  
[  8] 217.00-218.00 sec  58.8 KBytes   482 Kbits/sec  7.921 ms  2/45 (4.4%)  
[  8] 218.00-219.00 sec  60.2 KBytes   493 Kbits/sec  6.910 ms  0/44 (0%)  
[  8] 219.00-220.00 sec  58.8 KBytes   482 Kbits/sec  10.207 ms  1/44 (2.3%)  
[  8] 220.00-221.00 sec  46.5 KBytes   381 Kbits/sec  28.228 ms  4/38 (11%)  
[  8] 221.00-222.00 sec  58.8 KBytes   482 Kbits/sec  9.265 ms  8/51 (16%)  
[  8] 222.00-223.00 sec  62.9 KBytes   515 Kbits/sec  3.737 ms  0/46 (0%)  
[  8] 223.00-224.00 sec  60.2 KBytes   493 Kbits/sec  6.012 ms  0/44 (0%)  
[  8] 224.00-225.00 sec  58.8 KBytes   482 Kbits/sec  4.200 ms  2/45 (4.4%)  
[  8] 225.00-226.00 sec  54.7 KBytes   448 Kbits/sec  5.922 ms  5/45 (11%)  
[  8] 226.00-227.00 sec  54.7 KBytes   448 Kbits/sec  9.126 ms  3/43 (7%)  
[  8] 227.00-228.00 sec  61.5 KBytes   505 Kbits/sec  5.379 ms  0/45 (0%)  
[  8] 228.00-229.00 sec  57.4 KBytes   470 Kbits/sec  3.534 ms  2/44 (4.5%)  
[  8] 229.00-230.00 sec  62.9 KBytes   515 Kbits/sec  3.399 ms  0/46 (0%)  
[  8] 230.00-231.00 sec  60.2 KBytes   492 Kbits/sec  6.812 ms  0/44 (0%)  
[  8] 231.00-232.00 sec  61.5 KBytes   505 Kbits/sec  3.884 ms  1/46 (2.2%)  
[  8] 232.00-233.00 sec  60.2 KBytes   493 Kbits/sec  2.415 ms  0/44 (0%)  
[  8] 233.00-234.00 sec  58.8 KBytes   482 Kbits/sec  4.940 ms  1/44 (2.3%)  
[  8] 234.00-235.00 sec  57.4 KBytes   470 Kbits/sec  12.946 ms  1/43 (2.3%)  
[  8] 235.00-236.00 sec  61.5 KBytes   504 Kbits/sec  4.639 ms  1/46 (2.2%)  
[  8] 236.00-237.00 sec  38.3 KBytes   314 Kbits/sec  11.192 ms  12/40 (30%)  
[  8] 237.00-238.00 sec  39.6 KBytes   325 Kbits/sec  23.177 ms  1/30 (3.3%)  
[  8] 238.00-239.00 sec  27.3 KBytes   224 Kbits/sec  20.939 ms  9/29 (31%)  
[  8] 239.00-240.00 sec  27.3 KBytes   224 Kbits/sec  37.364 ms  8/28 (29%)  
[  8] 240.00-241.00 sec  91.6 KBytes   750 Kbits/sec  16.811 ms  22/89 (25%)  
[  8] 241.00-242.00 sec  23.2 KBytes   190 Kbits/sec  38.278 ms  1/18 (5.6%)  
[  8] 242.00-243.00 sec  27.3 KBytes   224 Kbits/sec  27.924 ms  4/24 (17%)  
[  8] 243.00-244.00 sec  15.0 KBytes   123 Kbits/sec  29.823 ms  32/43 (74%)  
[  8] 244.00-245.00 sec  13.7 KBytes   112 Kbits/sec  26.274 ms  36/46 (78%)  
[  8] 245.00-246.00 sec  45.1 KBytes   369 Kbits/sec  31.881 ms  52/85 (61%)  
[  8] 246.00-247.00 sec  31.4 KBytes   258 Kbits/sec  30.924 ms  0/23 (0%)  
[  8] 247.00-248.00 sec  20.5 KBytes   168 Kbits/sec  42.995 ms  3/18 (17%)  
[  8] 248.00-249.00 sec  87.5 KBytes   717 Kbits/sec  9.400 ms  45/109 (41%)  
[  8] 249.00-250.00 sec  53.3 KBytes   437 Kbits/sec  9.930 ms  2/41 (4.9%)  
[  8] 250.00-251.00 sec  24.6 KBytes   202 Kbits/sec  32.580 ms  3/21 (14%)  
[  8] 251.00-252.00 sec  16.4 KBytes   134 Kbits/sec  51.317 ms  1/13 (7.7%)  
[  8] 252.00-253.00 sec  5.47 KBytes  44.8 Kbits/sec  61.881 ms  21/25 (84%)  
[  8] 253.00-254.00 sec  8.20 KBytes  67.2 Kbits/sec  59.275 ms  36/42 (86%)  
[  8] 254.00-255.00 sec  15.0 KBytes   123 Kbits/sec  44.542 ms  39/50 (78%)  
[  8] 255.00-256.00 sec  9.57 KBytes  78.4 Kbits/sec  51.730 ms  40/47 (85%)  
[  8] 256.00-257.00 sec  6.84 KBytes  55.9 Kbits/sec  52.452 ms  29/34 (85%)  
[  8] 257.00-258.00 sec  12.3 KBytes   101 Kbits/sec  46.230 ms  32/41 (78%)  
[  8] 258.00-259.00 sec  9.57 KBytes  78.4 Kbits/sec  46.887 ms  28/35 (80%)  
[  8] 259.00-260.00 sec  4.10 KBytes  33.6 Kbits/sec  51.766 ms  14/17 (82%)  
[  8] 260.00-261.00 sec  10.9 KBytes  89.6 Kbits/sec  48.760 ms  46/54 (85%)  
[  8] 261.00-262.00 sec  24.6 KBytes   202 Kbits/sec  36.750 ms  22/40 (55%)  
[  8] 262.00-263.00 sec  47.9 KBytes   392 Kbits/sec  53.807 ms  100/135 (74%)  
[  8] 263.00-264.00 sec  36.9 KBytes   302 Kbits/sec  30.959 ms  20/47 (43%)  
[  8] 264.00-265.00 sec  60.2 KBytes   493 Kbits/sec  21.257 ms  27/71 (38%)  
[  8] 265.00-266.00 sec  35.5 KBytes   291 Kbits/sec  23.757 ms  0/26 (0%)  
[  8] 266.00-267.00 sec  39.6 KBytes   325 Kbits/sec  23.234 ms  2/31 (6.5%)  
[  8] 267.00-268.00 sec  41.0 KBytes   336 Kbits/sec  17.568 ms  0/30 (0%)  
[  8] 268.00-269.00 sec  64.3 KBytes   526 Kbits/sec  11.956 ms  0/47 (0%)  
[  8] 269.00-270.00 sec  50.6 KBytes   414 Kbits/sec  16.993 ms  5/42 (12%)  
[  8] 270.00-271.00 sec  43.8 KBytes   358 Kbits/sec  21.463 ms  3/35 (8.6%)  
[  8] 271.00-272.00 sec  39.6 KBytes   325 Kbits/sec  19.359 ms  6/35 (17%)  
[  8] 272.00-273.00 sec  43.8 KBytes   358 Kbits/sec  17.675 ms  3/35 (8.6%)  
[  8] 273.00-274.00 sec  43.8 KBytes   358 Kbits/sec  20.306 ms  4/36 (11%)  
[  8] 274.00-275.00 sec  53.3 KBytes   437 Kbits/sec  19.846 ms  4/43 (9.3%)  
[  8] 275.00-276.00 sec  50.6 KBytes   414 Kbits/sec  21.184 ms  3/40 (7.5%)  
[  8] 276.00-277.00 sec  58.8 KBytes   482 Kbits/sec  20.362 ms  11/54 (20%)  
[  8] 277.00-278.00 sec  39.6 KBytes   325 Kbits/sec  22.836 ms  0/29 (0%)  
[  8] 278.00-279.00 sec  58.8 KBytes   482 Kbits/sec  14.366 ms  4/47 (8.5%)  
[  8] 279.00-280.00 sec  65.6 KBytes   537 Kbits/sec  12.158 ms  1/49 (2%)  
[  8] 280.00-281.00 sec  56.1 KBytes   459 Kbits/sec  20.405 ms  8/49 (16%)  
[  8] 281.00-282.00 sec  53.3 KBytes   437 Kbits/sec  17.119 ms  7/46 (15%)  
[  8] 282.00-283.00 sec  57.4 KBytes   470 Kbits/sec  16.037 ms  3/45 (6.7%)  
[  8] 283.00-284.00 sec  43.8 KBytes   358 Kbits/sec  15.646 ms  6/38 (16%)  
[  8] 284.00-285.00 sec  49.2 KBytes   403 Kbits/sec  17.525 ms  0/36 (0%)  
[  8] 285.00-286.00 sec  17.8 KBytes   146 Kbits/sec  36.235 ms  1/14 (7.1%)  
[  8] 286.00-287.00 sec  23.2 KBytes   190 Kbits/sec  45.434 ms  1/18 (5.6%)  
[  8] 287.00-288.00 sec  30.1 KBytes   246 Kbits/sec  87.865 ms  62/84 (74%)  
[  8] 288.00-289.00 sec  34.2 KBytes   280 Kbits/sec  99.306 ms  133/158 (84%)  
[  8] 289.00-290.00 sec  47.9 KBytes   392 Kbits/sec  19.649 ms  15/50 (30%)  
[  8] 290.00-291.00 sec  52.0 KBytes   426 Kbits/sec  12.040 ms  5/43 (12%)  
[  8] 291.00-292.00 sec  54.7 KBytes   448 Kbits/sec  13.193 ms  5/45 (11%)  
[  8] 292.00-293.00 sec  60.2 KBytes   493 Kbits/sec  6.457 ms  1/45 (2.2%)  
[  8] 293.00-294.01 sec  62.9 KBytes   511 Kbits/sec  9.561 ms  0/46 (0%)  
[  8] 294.01-295.00 sec  60.2 KBytes   497 Kbits/sec  6.131 ms  0/44 (0%)  
[  8] 295.00-296.00 sec  56.1 KBytes   459 Kbits/sec  8.399 ms  1/42 (2.4%)  
[  8] 296.00-297.00 sec  42.4 KBytes   348 Kbits/sec  19.704 ms  17/48 (35%)  
[  8] 297.00-298.00 sec  60.2 KBytes   493 Kbits/sec  5.156 ms  0/44 (0%)  
[  8] 298.00-299.00 sec  58.8 KBytes   481 Kbits/sec  6.340 ms  2/45 (4.4%)  
[  8] 299.00-300.00 sec  61.5 KBytes   504 Kbits/sec  6.071 ms  0/45 (0%)  
[  8] 300.00-301.00 sec  58.8 KBytes   482 Kbits/sec  6.110 ms  1/44 (2.3%)  
[  8] 301.00-302.00 sec  61.5 KBytes   504 Kbits/sec  2.147 ms  0/45 (0%)  
[  8] 302.00-303.00 sec  61.5 KBytes   504 Kbits/sec  3.528 ms  0/45 (0%)  
[  8] 303.00-304.00 sec  60.2 KBytes   492 Kbits/sec  7.007 ms  0/44 (0%)  
[  8] 304.00-305.00 sec  41.0 KBytes   336 Kbits/sec  16.994 ms  0/30 (0%)  
[  8] 305.00-306.00 sec  52.0 KBytes   426 Kbits/sec  14.565 ms  0/38 (0%)  
[  8] 306.00-307.00 sec  88.9 KBytes   728 Kbits/sec  5.392 ms  1/66 (1.5%)  
[  8] 307.00-308.00 sec  58.8 KBytes   481 Kbits/sec  8.424 ms  1/44 (2.3%)  
[  8] 308.00-309.00 sec  61.5 KBytes   504 Kbits/sec  3.718 ms  0/45 (0%)  
[  8] 309.00-310.00 sec  60.2 KBytes   493 Kbits/sec  6.072 ms  1/45 (2.2%)  
[  8] 310.00-311.00 sec  60.2 KBytes   493 Kbits/sec  6.886 ms  0/44 (0%)  
[  8] 311.00-312.00 sec  49.2 KBytes   403 Kbits/sec  15.835 ms  0/36 (0%)  
[  8] 312.00-313.00 sec  27.3 KBytes   224 Kbits/sec  31.698 ms  0/20 (0%)  
[  8] 313.00-314.00 sec  34.2 KBytes   279 Kbits/sec  26.575 ms  1/26 (3.8%)  
[  8] 314.00-315.00 sec  88.9 KBytes   730 Kbits/sec  10.730 ms  32/97 (33%)  
[  8] 315.00-316.00 sec  52.0 KBytes   426 Kbits/sec  7.407 ms  5/43 (12%)  
[  8] 316.00-317.00 sec  61.5 KBytes   504 Kbits/sec  5.341 ms  0/45 (0%)  
[  8] 317.00-318.00 sec  57.4 KBytes   470 Kbits/sec  8.675 ms  0/42 (0%)  
[  8] 318.00-319.00 sec  57.4 KBytes   470 Kbits/sec  19.329 ms  4/46 (8.7%)  
[  8] 319.00-320.00 sec  56.1 KBytes   460 Kbits/sec  15.416 ms  2/43 (4.7%)  
[  8] 320.00-321.00 sec  64.3 KBytes   526 Kbits/sec  16.058 ms  0/47 (0%)  
[  8] 321.00-322.00 sec  58.8 KBytes   482 Kbits/sec  14.460 ms  0/43 (0%)  
[  8] 322.00-323.00 sec  52.0 KBytes   426 Kbits/sec  20.219 ms  5/43 (12%)  
[  8] 323.00-324.00 sec  60.2 KBytes   493 Kbits/sec  12.724 ms  5/49 (10%)  
[  8] 324.00-325.00 sec  46.5 KBytes   381 Kbits/sec  15.348 ms  1/35 (2.9%)  
[  8] 325.00-326.00 sec  38.3 KBytes   314 Kbits/sec  30.091 ms  0/28 (0%)  
[  8] 326.00-327.00 sec  46.5 KBytes   381 Kbits/sec  23.770 ms  3/37 (8.1%)  
[  8] 327.00-328.00 sec  32.8 KBytes   269 Kbits/sec  25.194 ms  0/24 (0%)  
[  8] 328.00-329.00 sec  53.3 KBytes   437 Kbits/sec  21.058 ms  3/42 (7.1%)  
[  8] 329.00-330.00 sec  57.4 KBytes   470 Kbits/sec  18.334 ms  5/47 (11%)  
[  8] 330.00-331.00 sec  80.7 KBytes   661 Kbits/sec  27.324 ms  40/99 (40%)  
[  8] 331.00-332.00 sec  57.4 KBytes   471 Kbits/sec  14.857 ms  2/44 (4.5%)  
[  8] 332.00-333.00 sec  56.1 KBytes   459 Kbits/sec  23.438 ms  4/45 (8.9%)  
[  8] 333.00-334.00 sec  38.3 KBytes   314 Kbits/sec  22.528 ms  0/28 (0%)  
[  8] 334.00-335.00 sec  26.0 KBytes   213 Kbits/sec  31.266 ms  1/20 (5%)  
[  8] 335.00-336.00 sec  42.4 KBytes   347 Kbits/sec  27.802 ms  6/37 (16%)  
[  8] 336.00-337.00 sec  68.4 KBytes   560 Kbits/sec  14.280 ms  24/74 (32%)  
[  8] 337.00-338.00 sec  79.3 KBytes   649 Kbits/sec  12.385 ms  8/66 (12%)  
[  8] 338.00-339.00 sec  57.4 KBytes   471 Kbits/sec  6.847 ms  3/45 (6.7%)  
[  8] 339.00-340.00 sec  60.2 KBytes   493 Kbits/sec  3.877 ms  0/44 (0%)  
- - - - - - - - - - - - - - - - - - - - - - - - -
[ ID] Interval           Transfer     Bitrate         Jitter    Lost/Total Datagrams
[  8]   0.00-340.04 sec  17.7 MBytes   437 Kbits/sec  3.877 ms  1920/15178 (13%)  receiver
