-----------------------------------------------------------
Server listening on 5201 (test #1)
-----------------------------------------------------------
Accepted connection from 10.0.0.3, port 53724
[  8] local 10.0.0.67 port 5201 connected to 10.0.0.3 port 54139
[ ID] Interval           Transfer     Bitrate         Jitter    Lost/Total Datagrams
[  8]   0.00-1.00   sec  54.7 KBytes   448 Kbits/sec  6.067 ms  2/42 (4.8%)  
[  8]   1.00-2.00   sec  61.5 KBytes   504 Kbits/sec  6.635 ms  1/46 (2.2%)  
[  8]   2.00-3.00   sec  54.7 KBytes   448 Kbits/sec  8.146 ms  5/45 (11%)  
[  8]   3.00-4.00   sec  61.5 KBytes   502 Kbits/sec  7.233 ms  0/45 (0%)  
[  8]   4.00-5.00   sec  58.8 KBytes   483 Kbits/sec  6.043 ms  1/44 (2.3%)  
[  8]   5.00-6.00   sec  53.3 KBytes   437 Kbits/sec  19.000 ms  2/41 (4.9%)  
[  8]   6.00-7.00   sec  58.8 KBytes   482 Kbits/sec  15.201 ms  5/48 (10%)  
[  8]   7.00-8.00   sec  58.8 KBytes   482 Kbits/sec  6.507 ms  2/45 (4.4%)  
[  8]   8.00-9.00   sec  60.2 KBytes   493 Kbits/sec  7.589 ms  1/45 (2.2%)  
[  8]   9.00-10.00  sec  60.2 KBytes   493 Kbits/sec  5.750 ms  0/44 (0%)  
[  8]  10.00-11.00  sec  61.5 KBytes   504 Kbits/sec  4.974 ms  0/45 (0%)  
[  8]  11.00-12.00  sec  61.5 KBytes   504 Kbits/sec  4.076 ms  0/45 (0%)  
[  8]  12.00-13.00  sec  56.1 KBytes   459 Kbits/sec  7.204 ms  4/45 (8.9%)  
[  8]  13.00-14.00  sec  60.2 KBytes   493 Kbits/sec  4.428 ms  0/44 (0%)  
[  8]  14.00-15.00  sec  61.5 KBytes   504 Kbits/sec  3.386 ms  0/45 (0%)  
[  8]  15.00-16.00  sec  60.2 KBytes   493 Kbits/sec  3.932 ms  0/44 (0%)  
[  8]  16.00-17.00  sec  61.5 KBytes   503 Kbits/sec  8.490 ms  0/45 (0%)  
[  8]  17.00-18.01  sec  57.4 KBytes   467 Kbits/sec  8.892 ms  2/44 (4.5%)  
[  8]  18.01-19.00  sec  61.5 KBytes   509 Kbits/sec  6.340 ms  0/45 (0%)  
[  8]  19.00-20.00  sec  61.5 KBytes   502 Kbits/sec  5.425 ms  0/45 (0%)  
[  8]  20.00-21.00  sec  58.8 KBytes   483 Kbits/sec  5.150 ms  0/43 (0%)  
[  8]  21.00-22.00  sec  61.5 KBytes   504 Kbits/sec  6.371 ms  1/46 (2.2%)  
[  8]  22.00-23.00  sec  57.4 KBytes   471 Kbits/sec  10.277 ms  1/43 (2.3%)  
[  8]  23.00-24.00  sec  60.2 KBytes   493 Kbits/sec  9.419 ms  2/46 (4.3%)  
[  8]  24.00-25.00  sec  61.5 KBytes   504 Kbits/sec  5.327 ms  0/45 (0%)  
[  8]  25.00-26.00  sec  57.4 KBytes   470 Kbits/sec  7.363 ms  3/45 (6.7%)  
[  8]  26.00-27.00  sec  57.4 KBytes   471 Kbits/sec  9.049 ms  0/42 (0%)  
[  8]  27.00-28.00  sec  62.9 KBytes   515 Kbits/sec  7.364 ms  1/47 (2.1%)  
[  8]  28.00-29.00  sec  60.2 KBytes   493 Kbits/sec  9.676 ms  1/45 (2.2%)  
[  8]  29.00-30.00  sec  54.7 KBytes   448 Kbits/sec  12.084 ms  3/43 (7%)  
[  8]  30.00-31.00  sec  57.4 KBytes   470 Kbits/sec  12.404 ms  1/43 (2.3%)  
[  8]  31.00-32.00  sec  35.5 KBytes   291 Kbits/sec  12.847 ms  11/37 (30%)  
[  8]  32.00-33.00  sec  47.9 KBytes   392 Kbits/sec  13.484 ms  18/53 (34%)  
[  8]  33.00-34.00  sec  58.8 KBytes   481 Kbits/sec  10.136 ms  3/46 (6.5%)  
[  8]  34.00-35.00  sec  61.5 KBytes   504 Kbits/sec  10.773 ms  0/45 (0%)  
[  8]  35.00-36.00  sec  27.3 KBytes   224 Kbits/sec  21.889 ms  4/24 (17%)  
[  8]  36.00-37.00  sec  31.4 KBytes   258 Kbits/sec  25.617 ms  1/24 (4.2%)  
[  8]  37.00-38.00  sec  77.9 KBytes   638 Kbits/sec  19.210 ms  29/86 (34%)  
[  8]  38.00-39.00  sec  49.2 KBytes   403 Kbits/sec  14.456 ms  0/36 (0%)  
[  8]  39.00-40.00  sec  32.8 KBytes   269 Kbits/sec  19.254 ms  0/24 (0%)  
[  8]  40.00-41.00  sec  42.4 KBytes   347 Kbits/sec  23.089 ms  15/46 (33%)  
[  8]  41.00-42.00  sec  52.0 KBytes   425 Kbits/sec  28.875 ms  28/66 (42%)  
[  8]  42.00-43.01  sec  61.5 KBytes   500 Kbits/sec  12.924 ms  2/47 (4.3%)  
[  8]  43.01-44.00  sec  50.6 KBytes   418 Kbits/sec  18.716 ms  3/40 (7.5%)  
[  8]  44.00-45.00  sec  43.8 KBytes   358 Kbits/sec  32.808 ms  6/38 (16%)  
[  8]  45.00-46.00  sec  26.0 KBytes   213 Kbits/sec  33.710 ms  7/26 (27%)  
[  8]  46.00-47.00  sec  13.7 KBytes   112 Kbits/sec  68.395 ms  22/32 (69%)  
[  8]  47.00-48.00  sec  9.57 KBytes  78.4 Kbits/sec  100.384 ms  35/42 (83%)  
[  8]  48.00-49.00  sec  8.20 KBytes  67.2 Kbits/sec  96.501 ms  16/22 (73%)  
[  8]  49.00-50.00  sec  60.2 KBytes   493 Kbits/sec  28.302 ms  72/116 (62%)  
[  8]  50.00-51.00  sec  56.1 KBytes   459 Kbits/sec  14.158 ms  0/41 (0%)  
[  8]  51.00-52.00  sec  56.1 KBytes   459 Kbits/sec  12.129 ms  8/49 (16%)  
[  8]  52.00-53.00  sec  58.8 KBytes   482 Kbits/sec  12.422 ms  0/43 (0%)  
[  8]  53.00-54.00  sec  58.8 KBytes   481 Kbits/sec  10.592 ms  2/45 (4.4%)  
[  8]  54.00-55.00  sec  43.8 KBytes   357 Kbits/sec  24.436 ms  7/39 (18%)  
[  8]  55.00-56.00  sec  45.1 KBytes   371 Kbits/sec  24.928 ms  3/36 (8.3%)  
[  8]  56.00-57.00  sec  61.5 KBytes   504 Kbits/sec  13.128 ms  11/56 (20%)  
[  8]  57.00-58.00  sec  57.4 KBytes   470 Kbits/sec  10.175 ms  6/48 (12%)  
[  8]  58.00-59.00  sec  57.4 KBytes   471 Kbits/sec  9.169 ms  3/45 (6.7%)  
[  8]  59.00-60.00  sec  53.3 KBytes   437 Kbits/sec  6.690 ms  7/46 (15%)  
[  8]  60.00-61.00  sec  60.2 KBytes   493 Kbits/sec  5.631 ms  0/44 (0%)  
[  8]  61.00-62.00  sec  60.2 KBytes   492 Kbits/sec  7.775 ms  0/44 (0%)  
[  8]  62.00-63.00  sec  60.2 KBytes   493 Kbits/sec  7.737 ms  1/45 (2.2%)  
[  8]  63.00-64.00  sec  47.9 KBytes   392 Kbits/sec  11.298 ms  6/41 (15%)  
[  8]  64.00-65.00  sec  21.9 KBytes   179 Kbits/sec  30.430 ms  4/20 (20%)  
[  8]  65.00-66.00  sec  16.4 KBytes   134 Kbits/sec  46.410 ms  0/12 (0%)  
[  8]  66.00-67.00  sec  4.10 KBytes  33.6 Kbits/sec  90.057 ms  4/7 (57%)  
[  8]  67.00-68.00  sec  30.1 KBytes   246 Kbits/sec  65.035 ms  117/139 (84%)  
[  8]  68.00-69.00  sec  60.2 KBytes   493 Kbits/sec  14.473 ms  3/47 (6.4%)  
[  8]  69.00-70.00  sec  57.4 KBytes   470 Kbits/sec  11.727 ms  4/46 (8.7%)  
[  8]  70.00-71.00  sec  60.2 KBytes   492 Kbits/sec  6.944 ms  1/45 (2.2%)  
[  8]  71.00-72.00  sec  61.5 KBytes   504 Kbits/sec  5.978 ms  0/45 (0%)  
[  8]  72.00-73.00  sec  61.5 KBytes   503 Kbits/sec  4.366 ms  0/45 (0%)  
[  8]  73.00-74.00  sec  57.4 KBytes   471 Kbits/sec  10.537 ms  1/43 (2.3%)  
[  8]  74.00-75.00  sec  60.2 KBytes   493 Kbits/sec  5.284 ms  2/46 (4.3%)  
[  8]  75.00-76.00  sec  57.4 KBytes   470 Kbits/sec  8.407 ms  2/44 (4.5%)  
[  8]  76.00-77.00  sec  60.2 KBytes   493 Kbits/sec  7.308 ms  1/45 (2.2%)  
[  8]  77.00-78.00  sec  53.3 KBytes   437 Kbits/sec  14.239 ms  0/39 (0%)  
[  8]  78.00-79.00  sec  68.4 KBytes   560 Kbits/sec  10.563 ms  0/50 (0%)  
[  8]  79.00-80.00  sec  61.5 KBytes   504 Kbits/sec  4.623 ms  0/45 (0%)  
[  8]  80.00-81.00  sec  60.2 KBytes   493 Kbits/sec  5.728 ms  0/44 (0%)  
[  8]  81.00-82.00  sec  57.4 KBytes   470 Kbits/sec  8.391 ms  3/45 (6.7%)  
[  8]  82.00-83.00  sec  61.5 KBytes   504 Kbits/sec  5.966 ms  0/45 (0%)  
[  8]  83.00-84.00  sec  57.4 KBytes   470 Kbits/sec  10.549 ms  3/45 (6.7%)  
[  8]  84.00-85.00  sec  54.7 KBytes   448 Kbits/sec  5.508 ms  3/43 (7%)  
[  8]  85.00-86.00  sec  62.9 KBytes   515 Kbits/sec  6.866 ms  0/46 (0%)  
[  8]  86.00-87.00  sec  61.5 KBytes   504 Kbits/sec  5.967 ms  0/45 (0%)  
[  8]  87.00-88.00  sec  60.2 KBytes   493 Kbits/sec  4.655 ms  0/44 (0%)  
[  8]  88.00-89.00  sec  61.5 KBytes   504 Kbits/sec  6.028 ms  0/45 (0%)  
[  8]  89.00-90.00  sec  60.2 KBytes   493 Kbits/sec  3.675 ms  0/44 (0%)  
[  8]  90.00-91.00  sec  56.1 KBytes   459 Kbits/sec  13.786 ms  0/41 (0%)  
[  8]  91.00-92.00  sec  60.2 KBytes   493 Kbits/sec  13.064 ms  3/47 (6.4%)  
[  8]  92.00-93.00  sec  20.5 KBytes   168 Kbits/sec  28.264 ms  24/39 (62%)  
[  8]  93.00-94.00  sec  24.6 KBytes   202 Kbits/sec  26.417 ms  32/50 (64%)  
[  8]  94.00-95.00  sec  61.5 KBytes   504 Kbits/sec  8.298 ms  2/47 (4.3%)  
[  8]  95.00-96.00  sec  60.2 KBytes   493 Kbits/sec  8.396 ms  0/44 (0%)  
[  8]  96.00-97.00  sec  60.2 KBytes   493 Kbits/sec  5.959 ms  1/45 (2.2%)  
[  8]  97.00-98.00  sec  53.3 KBytes   437 Kbits/sec  5.757 ms  5/44 (11%)  
[  8]  98.00-99.00  sec  32.8 KBytes   269 Kbits/sec  16.667 ms  20/44 (45%)  
[  8]  99.00-100.00 sec  39.6 KBytes   325 Kbits/sec  14.273 ms  12/41 (29%)  
[  8] 100.00-101.00 sec  41.0 KBytes   336 Kbits/sec  16.566 ms  11/41 (27%)  
[  8] 101.00-102.00 sec  27.3 KBytes   224 Kbits/sec  25.416 ms  7/27 (26%)  
[  8] 102.00-103.00 sec  20.5 KBytes   168 Kbits/sec  31.095 ms  8/23 (35%)  
[  8] 103.00-104.00 sec  28.7 KBytes   235 Kbits/sec  49.337 ms  55/76 (72%)  
[  8] 104.00-105.00 sec  24.6 KBytes   202 Kbits/sec  36.209 ms  13/31 (42%)  
[  8] 105.00-106.00 sec  17.8 KBytes   146 Kbits/sec  48.796 ms  0/13 (0%)  
[  8] 106.00-107.00 sec  30.1 KBytes   246 Kbits/sec  53.030 ms  9/31 (29%)  
[  8] 107.00-108.00 sec  39.6 KBytes   325 Kbits/sec  39.077 ms  4/33 (12%)  
[  8] 108.00-109.01 sec  67.0 KBytes   545 Kbits/sec  34.637 ms  21/70 (30%)  
[  8] 109.01-110.00 sec  90.2 KBytes   744 Kbits/sec  16.699 ms  16/82 (20%)  
[  8] 110.00-111.00 sec  50.6 KBytes   415 Kbits/sec  19.251 ms  10/47 (21%)  
[  8] 111.00-112.00 sec  68.4 KBytes   560 Kbits/sec  17.034 ms  15/65 (23%)  
[  8] 112.00-113.00 sec  60.2 KBytes   493 Kbits/sec  7.183 ms  2/46 (4.3%)  
[  8] 113.00-114.00 sec  61.5 KBytes   504 Kbits/sec  5.193 ms  0/45 (0%)  
[  8] 114.00-115.00 sec  60.2 KBytes   493 Kbits/sec  6.782 ms  1/45 (2.2%)  
[  8] 115.00-116.00 sec  60.2 KBytes   493 Kbits/sec  5.424 ms  0/44 (0%)  
[  8] 116.00-117.00 sec  35.5 KBytes   291 Kbits/sec  13.887 ms  9/35 (26%)  
[  8] 117.00-118.00 sec  53.3 KBytes   436 Kbits/sec  14.305 ms  14/53 (26%)  
[  8] 118.00-119.00 sec  58.8 KBytes   483 Kbits/sec  9.358 ms  3/46 (6.5%)  
[  8] 119.00-120.00 sec  36.9 KBytes   302 Kbits/sec  23.849 ms  10/37 (27%)  
[  8] 120.00-121.00 sec  43.8 KBytes   357 Kbits/sec  32.119 ms  20/52 (38%)  
[  8] 121.00-122.00 sec  53.3 KBytes   438 Kbits/sec  14.005 ms  6/45 (13%)  
[  8] 122.00-123.00 sec  57.4 KBytes   470 Kbits/sec  9.054 ms  2/44 (4.5%)  
[  8] 123.00-124.00 sec  50.6 KBytes   415 Kbits/sec  10.448 ms  8/45 (18%)  
[  8] 124.00-125.00 sec  58.8 KBytes   481 Kbits/sec  8.684 ms  2/45 (4.4%)  
[  8] 125.00-126.00 sec  57.4 KBytes   471 Kbits/sec  6.658 ms  2/44 (4.5%)  
[  8] 126.00-127.00 sec  58.8 KBytes   482 Kbits/sec  5.859 ms  2/45 (4.4%)  
[  8] 127.00-128.00 sec  52.0 KBytes   426 Kbits/sec  13.497 ms  5/43 (12%)  
[  8] 128.00-129.00 sec  43.8 KBytes   358 Kbits/sec  21.231 ms  13/45 (29%)  
[  8] 129.00-130.00 sec  61.5 KBytes   504 Kbits/sec  8.191 ms  0/45 (0%)  
[  8] 130.00-131.00 sec  58.8 KBytes   482 Kbits/sec  5.682 ms  1/44 (2.3%)  
[  8] 131.00-132.00 sec  61.5 KBytes   504 Kbits/sec  11.453 ms  1/46 (2.2%)  
[  8] 132.00-133.00 sec  58.8 KBytes   482 Kbits/sec  6.143 ms  0/43 (0%)  
[  8] 133.00-134.00 sec  64.3 KBytes   526 Kbits/sec  4.646 ms  0/47 (0%)  
[  8] 134.00-135.00 sec  54.7 KBytes   448 Kbits/sec  9.937 ms  3/43 (7%)  
[  8] 135.00-136.00 sec  36.9 KBytes   302 Kbits/sec  19.168 ms  12/39 (31%)  
[  8] 136.00-137.00 sec  45.1 KBytes   370 Kbits/sec  15.969 ms  17/50 (34%)  
[  8] 137.00-138.00 sec  47.9 KBytes   392 Kbits/sec  16.970 ms  0/35 (0%)  
[  8] 138.00-139.00 sec  36.9 KBytes   302 Kbits/sec  17.070 ms  1/28 (3.6%)  
[  8] 139.00-140.00 sec  71.1 KBytes   582 Kbits/sec  23.233 ms  10/62 (16%)  
[  8] 140.00-141.00 sec  64.3 KBytes   526 Kbits/sec  8.172 ms  8/55 (15%)  
[  8] 141.00-142.00 sec  60.2 KBytes   493 Kbits/sec  8.248 ms  0/44 (0%)  
[  8] 142.00-143.00 sec  54.7 KBytes   448 Kbits/sec  6.983 ms  5/45 (11%)  
[  8] 143.00-144.00 sec  56.1 KBytes   459 Kbits/sec  8.573 ms  3/44 (6.8%)  
[  8] 144.00-145.00 sec  56.1 KBytes   459 Kbits/sec  15.421 ms  2/43 (4.7%)  
[  8] 145.00-146.00 sec  56.1 KBytes   459 Kbits/sec  13.717 ms  7/48 (15%)  
[  8] 146.00-147.00 sec  36.9 KBytes   302 Kbits/sec  16.760 ms  13/40 (32%)  
[  8] 147.00-148.00 sec  46.5 KBytes   381 Kbits/sec  16.362 ms  2/36 (5.6%)  
[  8] 148.00-149.00 sec  20.5 KBytes   168 Kbits/sec  32.501 ms  2/17 (12%)  
[  8] 149.00-150.00 sec  10.9 KBytes  89.6 Kbits/sec  50.694 ms  2/10 (20%)  
[  8] 150.00-151.00 sec  26.0 KBytes   213 Kbits/sec  39.381 ms  14/33 (42%)  
[  8] 151.00-152.00 sec  38.3 KBytes   314 Kbits/sec  39.660 ms  34/62 (55%)  
[  8] 152.00-153.00 sec  23.2 KBytes   190 Kbits/sec  44.218 ms  40/57 (70%)  
[  8] 153.00-154.00 sec  93.0 KBytes   761 Kbits/sec  21.528 ms  32/100 (32%)  
[  8] 154.00-155.00 sec  52.0 KBytes   425 Kbits/sec  20.312 ms  5/43 (12%)  
[  8] 155.00-156.00 sec  60.2 KBytes   493 Kbits/sec  9.201 ms  4/48 (8.3%)  
[  8] 156.00-157.00 sec  49.2 KBytes   404 Kbits/sec  11.337 ms  6/42 (14%)  
[  8] 157.00-158.00 sec  65.6 KBytes   537 Kbits/sec  3.154 ms  0/48 (0%)  
[  8] 158.00-159.00 sec  21.9 KBytes   179 Kbits/sec  19.566 ms  24/40 (60%)  
[  8] 159.00-160.00 sec  23.2 KBytes   191 Kbits/sec  27.830 ms  23/40 (58%)  
[  8] 160.00-161.00 sec  43.8 KBytes   358 Kbits/sec  25.144 ms  19/51 (37%)  
[  8] 161.00-162.00 sec  46.5 KBytes   381 Kbits/sec  11.422 ms  11/45 (24%)  
[  8] 162.00-163.00 sec  49.2 KBytes   403 Kbits/sec  15.080 ms  10/46 (22%)  
[  8] 163.00-164.00 sec  39.6 KBytes   325 Kbits/sec  20.239 ms  4/33 (12%)  
[  8] 164.00-165.00 sec  47.9 KBytes   392 Kbits/sec  23.724 ms  2/37 (5.4%)  
[  8] 165.00-166.00 sec  43.8 KBytes   358 Kbits/sec  25.720 ms  20/52 (38%)  
[  8] 166.00-167.00 sec  36.9 KBytes   302 Kbits/sec  19.675 ms  9/36 (25%)  
[  8] 167.00-168.00 sec  34.2 KBytes   279 Kbits/sec  18.905 ms  2/27 (7.4%)  
[  8] 168.00-169.00 sec  42.4 KBytes   348 Kbits/sec  18.457 ms  4/35 (11%)  
[  8] 169.00-170.00 sec  50.6 KBytes   414 Kbits/sec  16.306 ms  3/40 (7.5%)  
[  8] 170.00-171.00 sec  34.2 KBytes   280 Kbits/sec  21.523 ms  8/33 (24%)  
[  8] 171.00-172.00 sec  36.9 KBytes   303 Kbits/sec  39.647 ms  10/37 (27%)  
[  8] 172.00-173.00 sec  34.2 KBytes   280 Kbits/sec  27.667 ms  13/38 (34%)  
[  8] 173.00-174.00 sec  52.0 KBytes   426 Kbits/sec  27.574 ms  17/55 (31%)  
[  8] 174.00-175.00 sec  71.1 KBytes   583 Kbits/sec  31.744 ms  23/75 (31%)  
[  8] 175.00-176.00 sec  36.9 KBytes   302 Kbits/sec  14.320 ms  18/45 (40%)  
[  8] 176.00-177.00 sec  23.2 KBytes   190 Kbits/sec  25.810 ms  13/30 (43%)  
[  8] 177.00-178.00 sec  46.5 KBytes   381 Kbits/sec  26.909 ms  54/88 (61%)  
[  8] 178.00-179.01 sec  46.5 KBytes   379 Kbits/sec  20.796 ms  15/49 (31%)  
[  8] 179.01-180.00 sec  36.9 KBytes   304 Kbits/sec  37.356 ms  19/46 (41%)  
[  8] 180.00-181.00 sec  45.1 KBytes   370 Kbits/sec  26.578 ms  9/42 (21%)  
[  8] 181.00-182.00 sec  49.2 KBytes   403 Kbits/sec  16.259 ms  15/51 (29%)  
[  8] 182.00-183.00 sec  43.8 KBytes   358 Kbits/sec  18.995 ms  7/39 (18%)  
[  8] 183.00-184.00 sec  34.2 KBytes   280 Kbits/sec  25.750 ms  9/34 (26%)  
[  8] 184.00-185.01 sec  32.8 KBytes   267 Kbits/sec  23.787 ms  4/28 (14%)  
[  8] 185.01-186.00 sec  71.1 KBytes   586 Kbits/sec  20.044 ms  24/76 (32%)  
[  8] 186.00-187.00 sec  57.4 KBytes   470 Kbits/sec  13.028 ms  3/45 (6.7%)  
[  8] 187.00-188.00 sec  50.6 KBytes   415 Kbits/sec  12.896 ms  3/40 (7.5%)  
[  8] 188.00-189.00 sec  39.6 KBytes   325 Kbits/sec  15.113 ms  6/35 (17%)  
[  8] 189.00-190.00 sec  47.9 KBytes   392 Kbits/sec  12.225 ms  4/39 (10%)  
[  8] 190.00-191.00 sec  36.9 KBytes   302 Kbits/sec  22.564 ms  4/31 (13%)  
[  8] 191.00-192.00 sec  31.4 KBytes   258 Kbits/sec  25.520 ms  14/37 (38%)  
[  8] 192.00-193.00 sec  38.3 KBytes   314 Kbits/sec  49.032 ms  58/86 (67%)  
[  8] 193.00-194.00 sec  53.3 KBytes   437 Kbits/sec  12.578 ms  5/44 (11%)  
[  8] 194.00-195.00 sec  36.9 KBytes   302 Kbits/sec  14.932 ms  13/40 (32%)  
[  8] 195.00-196.00 sec  35.5 KBytes   292 Kbits/sec  18.169 ms  2/28 (7.1%)  
[  8] 196.00-197.00 sec  20.5 KBytes   168 Kbits/sec  34.066 ms  5/20 (25%)  
[  8] 197.00-198.00 sec  57.4 KBytes   471 Kbits/sec  20.941 ms  4/46 (8.7%)  
[  8] 198.00-199.00 sec  73.8 KBytes   605 Kbits/sec  17.049 ms  37/91 (41%)  
[  8] 199.00-200.00 sec  30.1 KBytes   246 Kbits/sec  21.719 ms  5/27 (19%)  
[  8] 200.00-201.00 sec  23.2 KBytes   190 Kbits/sec  25.498 ms  15/32 (47%)  
[  8] 201.00-202.00 sec  27.3 KBytes   224 Kbits/sec  24.573 ms  24/44 (55%)  
[  8] 202.00-203.00 sec  53.3 KBytes   438 Kbits/sec  15.051 ms  25/64 (39%)  
[  8] 203.00-204.00 sec  39.6 KBytes   324 Kbits/sec  16.482 ms  1/30 (3.3%)  
[  8] 204.00-205.00 sec  26.0 KBytes   213 Kbits/sec  24.295 ms  5/24 (21%)  
[  8] 205.00-206.00 sec  24.6 KBytes   202 Kbits/sec  24.947 ms  8/26 (31%)  
[  8] 206.00-207.00 sec  20.5 KBytes   168 Kbits/sec  38.186 ms  1/16 (6.2%)  
[  8] 207.00-208.00 sec  13.7 KBytes   112 Kbits/sec  63.513 ms  1/11 (9.1%)  
[  8] 208.00-209.00 sec  17.8 KBytes   146 Kbits/sec  58.899 ms  3/16 (19%)  
[  8] 209.00-210.00 sec  23.2 KBytes   190 Kbits/sec  57.087 ms  24/41 (59%)  
[  8] 210.00-211.00 sec  53.3 KBytes   438 Kbits/sec  45.904 ms  64/103 (62%)  
[  8] 211.00-212.00 sec  52.0 KBytes   425 Kbits/sec  32.436 ms  37/75 (49%)  
[  8] 212.00-213.00 sec  46.5 KBytes   381 Kbits/sec  23.563 ms  7/41 (17%)  
[  8] 213.00-214.00 sec  47.9 KBytes   392 Kbits/sec  17.847 ms  8/43 (19%)  
[  8] 214.00-215.00 sec  71.1 KBytes   582 Kbits/sec  22.010 ms  40/92 (43%)  
[  8] 215.00-216.00 sec  54.7 KBytes   448 Kbits/sec  20.222 ms  1/41 (2.4%)  
[  8] 216.00-217.00 sec  72.5 KBytes   594 Kbits/sec  27.386 ms  24/77 (31%)  
[  8] 217.00-218.00 sec  57.4 KBytes   470 Kbits/sec  12.136 ms  0/42 (0%)  
[  8] 218.00-219.00 sec  52.0 KBytes   425 Kbits/sec  9.296 ms  6/44 (14%)  
[  8] 219.00-220.00 sec  46.5 KBytes   381 Kbits/sec  8.781 ms  11/45 (24%)  
[  8] 220.00-221.00 sec  65.6 KBytes   538 Kbits/sec  13.960 ms  0/48 (0%)  
[  8] 221.00-222.00 sec  54.7 KBytes   448 Kbits/sec  10.038 ms  0/40 (0%)  
[  8] 222.00-223.00 sec  64.3 KBytes   526 Kbits/sec  3.219 ms  1/48 (2.1%)  
[  8] 223.00-224.00 sec  58.8 KBytes   482 Kbits/sec  4.786 ms  1/44 (2.3%)  
[  8] 224.00-225.00 sec  58.8 KBytes   481 Kbits/sec  5.653 ms  0/43 (0%)  
[  8] 225.00-226.00 sec  57.4 KBytes   471 Kbits/sec  10.204 ms  6/48 (12%)  
[  8] 226.00-227.00 sec  58.8 KBytes   482 Kbits/sec  12.776 ms  1/44 (2.3%)  
[  8] 227.00-228.00 sec  61.5 KBytes   504 Kbits/sec  6.886 ms  1/46 (2.2%)  
[  8] 228.00-229.00 sec  60.2 KBytes   493 Kbits/sec  6.930 ms  0/44 (0%)  
[  8] 229.00-230.00 sec  60.2 KBytes   493 Kbits/sec  4.456 ms  0/44 (0%)  
[  8] 230.00-231.00 sec  61.5 KBytes   504 Kbits/sec  5.591 ms  0/45 (0%)  
[  8] 231.00-232.00 sec  61.5 KBytes   504 Kbits/sec  8.278 ms  0/45 (0%)  
[  8] 232.00-233.00 sec  61.5 KBytes   504 Kbits/sec  4.514 ms  0/45 (0%)  
[  8] 233.00-234.00 sec  58.8 KBytes   482 Kbits/sec  7.797 ms  1/44 (2.3%)  
[  8] 234.00-235.00 sec  56.1 KBytes   459 Kbits/sec  20.163 ms  3/44 (6.8%)  
[  8] 235.00-236.00 sec  43.8 KBytes   358 Kbits/sec  21.213 ms  3/35 (8.6%)  
[  8] 236.00-237.00 sec  20.5 KBytes   168 Kbits/sec  27.346 ms  7/22 (32%)  
[  8] 237.00-238.00 sec  26.0 KBytes   213 Kbits/sec  37.959 ms  3/22 (14%)  
[  8] 238.00-239.00 sec  15.0 KBytes   123 Kbits/sec  53.348 ms  5/16 (31%)  
[  8] 239.00-240.00 sec  28.7 KBytes   235 Kbits/sec  49.182 ms  29/50 (58%)  
[  8] 240.00-241.00 sec  27.3 KBytes   224 Kbits/sec  88.817 ms  89/109 (82%)  
[  8] 241.00-242.00 sec  13.7 KBytes   112 Kbits/sec  86.257 ms  0/10 (0%)  
[  8] 242.00-243.00 sec  10.9 KBytes  89.6 Kbits/sec  87.855 ms  1/9 (11%)  
[  8] 243.00-244.00 sec  9.57 KBytes  78.4 Kbits/sec  94.158 ms  3/10 (30%)  
[  8] 244.00-245.00 sec  20.5 KBytes   168 Kbits/sec  93.660 ms  61/76 (80%)  
[  8] 245.00-246.00 sec  5.47 KBytes  44.8 Kbits/sec  96.796 ms  13/17 (76%)  
[  8] 246.00-247.00 sec  20.5 KBytes   168 Kbits/sec  86.350 ms  43/58 (74%)  
[  8] 247.00-248.00 sec  50.6 KBytes   414 Kbits/sec  42.146 ms  90/127 (71%)  
[  8] 248.00-249.00 sec  41.0 KBytes   336 Kbits/sec  30.359 ms  23/53 (43%)  
[  8] 249.00-250.00 sec  43.8 KBytes   358 Kbits/sec  25.098 ms  22/54 (41%)  
[  8] 250.00-251.00 sec  19.1 KBytes   157 Kbits/sec  39.130 ms  6/20 (30%)  
[  8] 251.00-252.00 sec  17.8 KBytes   146 Kbits/sec  51.870 ms  4/17 (24%)  
[  8] 252.00-253.00 sec  15.0 KBytes   123 Kbits/sec  50.679 ms  6/17 (35%)  
[  8] 253.00-254.00 sec  12.3 KBytes   101 Kbits/sec  58.716 ms  15/24 (62%)  
[  8] 254.00-255.00 sec  5.47 KBytes  44.8 Kbits/sec  71.437 ms  16/20 (80%)  
[  8] 255.00-256.00 sec  10.9 KBytes  89.6 Kbits/sec  115.372 ms  58/66 (88%)  
[  8] 256.00-257.00 sec  13.7 KBytes   112 Kbits/sec  98.323 ms  32/42 (76%)  
[  8] 257.00-258.00 sec  8.20 KBytes  67.2 Kbits/sec  95.947 ms  15/21 (71%)  
[  8] 258.00-259.00 sec  9.57 KBytes  78.4 Kbits/sec  80.926 ms  12/19 (63%)  
[  8] 259.00-260.00 sec  2.73 KBytes  22.4 Kbits/sec  89.113 ms  5/7 (71%)  
[  8] 260.00-261.00 sec  23.2 KBytes   190 Kbits/sec  133.452 ms  131/148 (89%)  
[  8] 261.00-262.00 sec  17.8 KBytes   146 Kbits/sec  77.187 ms  17/30 (57%)  
[  8] 262.00-263.00 sec  58.8 KBytes   482 Kbits/sec  57.020 ms  96/139 (69%)  
[  8] 263.00-264.00 sec  20.5 KBytes   168 Kbits/sec  44.033 ms  4/19 (21%)  
[  8] 264.00-265.00 sec  32.8 KBytes   269 Kbits/sec  32.883 ms  18/42 (43%)  
[  8] 265.00-266.00 sec  38.3 KBytes   314 Kbits/sec  24.328 ms  1/29 (3.4%)  
[  8] 266.00-267.00 sec  31.4 KBytes   258 Kbits/sec  22.587 ms  6/29 (21%)  
[  8] 267.00-268.00 sec  27.3 KBytes   223 Kbits/sec  22.880 ms  8/28 (29%)  
[  8] 268.00-269.00 sec  49.2 KBytes   404 Kbits/sec  17.208 ms  8/44 (18%)  
[  8] 269.00-270.00 sec   103 KBytes   840 Kbits/sec  21.815 ms  31/106 (29%)  
[  8] 270.00-271.00 sec  58.8 KBytes   482 Kbits/sec  35.257 ms  18/61 (30%)  
[  8] 271.00-272.00 sec  13.7 KBytes   112 Kbits/sec  50.403 ms  9/19 (47%)  
[  8] 272.00-273.00 sec  24.6 KBytes   202 Kbits/sec  45.520 ms  13/31 (42%)  
[  8] 273.00-274.00 sec  12.3 KBytes   101 Kbits/sec  61.609 ms  8/17 (47%)  
[  8] 274.00-275.00 sec  10.9 KBytes  89.6 Kbits/sec  72.712 ms  9/17 (53%)  
[  8] 275.00-276.00 sec  6.84 KBytes  56.0 Kbits/sec  94.329 ms  6/11 (55%)  
[  8] 276.00-277.00 sec  8.20 KBytes  67.2 Kbits/sec  102.259 ms  4/10 (40%)  
[  8] 277.00-278.00 sec  9.57 KBytes  78.3 Kbits/sec  112.829 ms  4/11 (36%)  
[  8] 278.00-279.00 sec  12.3 KBytes   101 Kbits/sec  143.394 ms  66/75 (88%)  
[  8] 279.00-280.00 sec  19.1 KBytes   156 Kbits/sec  81.525 ms  36/50 (72%)  
[  8] 280.00-281.00 sec  15.0 KBytes   124 Kbits/sec  69.360 ms  24/35 (69%)  
[  8] 281.00-282.00 sec  9.57 KBytes  78.4 Kbits/sec  62.642 ms  29/36 (81%)  
[  8] 282.00-283.00 sec  6.84 KBytes  56.0 Kbits/sec  160.037 ms  118/123 (96%)  
[  8] 283.00-284.00 sec  5.47 KBytes  44.8 Kbits/sec  207.913 ms  52/56 (93%)  
[  8] 284.00-285.00 sec  4.10 KBytes  33.6 Kbits/sec  188.952 ms  29/32 (91%)  
[  8] 285.00-286.00 sec  6.84 KBytes  56.0 Kbits/sec  150.966 ms  33/38 (87%)  
[  8] 286.00-287.00 sec  20.5 KBytes   168 Kbits/sec  104.331 ms  65/80 (81%)  
[  8] 287.00-288.00 sec  15.0 KBytes   123 Kbits/sec  82.020 ms  3/14 (21%)  
[  8] 288.00-289.00 sec  30.1 KBytes   246 Kbits/sec  56.136 ms  56/78 (72%)  
[  8] 289.00-290.00 sec  84.8 KBytes   694 Kbits/sec  14.005 ms  65/127 (51%)  
[  8] 290.00-291.00 sec  52.0 KBytes   425 Kbits/sec  8.915 ms  7/45 (16%)  
[  8] 291.00-292.00 sec  54.7 KBytes   449 Kbits/sec  7.229 ms  4/44 (9.1%)  
[  8] 292.00-293.00 sec  57.4 KBytes   470 Kbits/sec  4.999 ms  2/44 (4.5%)  
[  8] 293.00-294.00 sec  62.9 KBytes   515 Kbits/sec  10.182 ms  0/46 (0%)  
[  8] 294.00-295.00 sec  58.8 KBytes   481 Kbits/sec  7.617 ms  2/45 (4.4%)  
[  8] 295.00-296.00 sec  61.5 KBytes   504 Kbits/sec  5.067 ms  0/45 (0%)  
[  8] 296.00-297.00 sec  58.8 KBytes   482 Kbits/sec  6.038 ms  0/43 (0%)  
[  8] 297.00-298.00 sec  58.8 KBytes   482 Kbits/sec  5.898 ms  3/46 (6.5%)  
[  8] 298.00-299.00 sec  58.8 KBytes   482 Kbits/sec  6.766 ms  1/44 (2.3%)  
[  8] 299.00-300.00 sec  61.5 KBytes   504 Kbits/sec  3.640 ms  0/45 (0%)  
[  8] 300.00-301.00 sec  58.8 KBytes   482 Kbits/sec  7.281 ms  1/44 (2.3%)  
[  8] 301.00-302.00 sec  61.5 KBytes   504 Kbits/sec  4.500 ms  0/45 (0%)  
[  8] 302.00-303.00 sec  61.5 KBytes   504 Kbits/sec  5.224 ms  0/45 (0%)  
[  8] 303.00-304.00 sec  60.2 KBytes   493 Kbits/sec  5.367 ms  0/44 (0%)  
[  8] 304.00-305.00 sec  54.7 KBytes   448 Kbits/sec  7.076 ms  2/42 (4.8%)  
[  8] 305.00-306.00 sec  60.2 KBytes   493 Kbits/sec  13.467 ms  3/47 (6.4%)  
[  8] 306.00-307.00 sec  49.2 KBytes   403 Kbits/sec  19.381 ms  1/37 (2.7%)  
[  8] 307.00-308.00 sec  62.9 KBytes   515 Kbits/sec  18.905 ms  4/51 (7.8%)  
[  8] 308.00-309.00 sec  49.2 KBytes   403 Kbits/sec  15.794 ms  0/36 (0%)  
[  8] 309.00-310.00 sec  36.9 KBytes   302 Kbits/sec  18.740 ms  1/28 (3.6%)  
[  8] 310.00-311.00 sec  35.5 KBytes   291 Kbits/sec  16.035 ms  1/27 (3.7%)  
[  8] 311.00-312.00 sec  41.0 KBytes   336 Kbits/sec  18.676 ms  2/32 (6.2%)  
[  8] 312.00-313.00 sec  31.4 KBytes   258 Kbits/sec  19.556 ms  2/25 (8%)  
[  8] 313.00-314.00 sec  20.5 KBytes   168 Kbits/sec  37.210 ms  1/16 (6.2%)  
[  8] 314.00-315.00 sec  65.6 KBytes   536 Kbits/sec  30.382 ms  74/122 (61%)  
[  8] 315.00-316.00 sec  56.1 KBytes   461 Kbits/sec  30.058 ms  25/66 (38%)  
[  8] 316.00-317.00 sec  36.9 KBytes   302 Kbits/sec  25.060 ms  4/31 (13%)  
[  8] 317.00-318.00 sec  41.0 KBytes   336 Kbits/sec  22.919 ms  2/32 (6.2%)  
[  8] 318.00-319.00 sec  30.1 KBytes   246 Kbits/sec  26.656 ms  0/22 (0%)  
[  8] 319.00-320.00 sec  31.4 KBytes   258 Kbits/sec  23.006 ms  6/29 (21%)  
[  8] 320.00-321.00 sec  27.3 KBytes   224 Kbits/sec  29.738 ms  0/20 (0%)  
[  8] 321.00-322.00 sec  30.1 KBytes   246 Kbits/sec  27.837 ms  2/24 (8.3%)  
[  8] 322.00-323.00 sec  31.4 KBytes   258 Kbits/sec  31.061 ms  15/38 (39%)  
[  8] 323.00-324.00 sec  32.8 KBytes   269 Kbits/sec  25.152 ms  27/51 (53%)  
[  8] 324.00-325.00 sec  34.2 KBytes   280 Kbits/sec  29.503 ms  17/42 (40%)  
[  8] 325.00-326.00 sec  32.8 KBytes   269 Kbits/sec  29.267 ms  22/46 (48%)  
[  8] 326.00-327.00 sec   105 KBytes   863 Kbits/sec  30.302 ms  57/134 (43%)  
[  8] 327.00-328.00 sec  41.0 KBytes   336 Kbits/sec  35.989 ms  39/69 (57%)  
[  8] 328.00-329.00 sec  38.3 KBytes   313 Kbits/sec  24.332 ms  13/41 (32%)  
[  8] 329.00-330.00 sec  20.5 KBytes   168 Kbits/sec  37.091 ms  12/27 (44%)  
[  8] 330.00-331.00 sec  26.0 KBytes   213 Kbits/sec  57.930 ms  43/62 (69%)  
[  8] 331.00-332.00 sec  26.0 KBytes   213 Kbits/sec  46.950 ms  26/45 (58%)  
[  8] 332.00-333.00 sec  26.0 KBytes   213 Kbits/sec  46.759 ms  21/40 (52%)  
[  8] 333.00-334.00 sec  9.57 KBytes  78.4 Kbits/sec  62.197 ms  19/26 (73%)  
[  8] 334.00-335.00 sec  16.4 KBytes   134 Kbits/sec  59.214 ms  17/29 (59%)  
[  8] 335.00-336.00 sec  17.8 KBytes   146 Kbits/sec  47.163 ms  25/38 (66%)  
[  8] 336.00-337.00 sec  62.9 KBytes   515 Kbits/sec  19.470 ms  52/98 (53%)  
[  8] 337.00-338.00 sec  61.5 KBytes   504 Kbits/sec  8.057 ms  0/45 (0%)  
[  8] 338.00-339.00 sec  58.8 KBytes   481 Kbits/sec  6.151 ms  1/44 (2.3%)  
[  8] 339.00-340.00 sec  62.9 KBytes   516 Kbits/sec  4.907 ms  0/46 (0%)  
[  8] 340.00-340.03 sec  1.37 KBytes   380 Kbits/sec  4.861 ms  0/1 (0%)  
- - - - - - - - - - - - - - - - - - - - - - - - -
[ ID] Interval           Transfer     Bitrate         Jitter    Lost/Total Datagrams
[  8]   0.00-340.03 sec  14.8 MBytes   366 Kbits/sec  4.861 ms  4058/15179 (27%)  receiver
