-----------------------------------------------------------
Server listening on 5201 (test #1)
-----------------------------------------------------------
Accepted connection from 10.0.0.41, port 33172
[  8] local 10.0.0.105 port 5201 connected to 10.0.0.41 port 53820
[ ID] Interval           Transfer     Bitrate         Jitter    Lost/Total Datagrams
[  8]   0.00-1.00   sec   238 KBytes  1.95 Mbits/sec  3.793 ms  0/174 (0%)  
[  8]   1.00-2.00   sec   245 KBytes  2.00 Mbits/sec  4.855 ms  0/179 (0%)  
[  8]   2.00-3.00   sec   228 KBytes  1.87 Mbits/sec  6.049 ms  10/177 (5.6%)  
[  8]   3.00-4.00   sec   243 KBytes  2.00 Mbits/sec  6.630 ms  2/180 (1.1%)  
[  8]   4.00-5.00   sec   242 KBytes  1.98 Mbits/sec  4.335 ms  0/177 (0%)  
[  8]   5.00-6.00   sec   247 KBytes  2.03 Mbits/sec  4.626 ms  0/181 (0%)  
[  8]   6.00-7.00   sec   232 KBytes  1.90 Mbits/sec  4.240 ms  3/173 (1.7%)  
[  8]   7.00-8.00   sec   246 KBytes  2.02 Mbits/sec  4.629 ms  0/180 (0%)  
[  8]   8.00-9.00   sec   239 KBytes  1.96 Mbits/sec  4.201 ms  7/182 (3.8%)  
[  8]   9.00-10.00  sec   243 KBytes  1.99 Mbits/sec  5.274 ms  0/178 (0%)  
[  8]  10.00-11.00  sec   246 KBytes  2.02 Mbits/sec  5.691 ms  0/180 (0%)  
[  8]  11.00-12.00  sec   243 KBytes  1.99 Mbits/sec  2.654 ms  0/178 (0%)  
[  8]  12.00-13.00  sec   246 KBytes  2.01 Mbits/sec  2.404 ms  0/180 (0%)  
[  8]  13.00-14.00  sec   242 KBytes  1.99 Mbits/sec  5.042 ms  0/177 (0%)  
[  8]  14.00-15.00  sec   243 KBytes  1.99 Mbits/sec  6.262 ms  0/178 (0%)  
[  8]  15.00-16.00  sec   246 KBytes  2.02 Mbits/sec  3.405 ms  0/180 (0%)  
[  8]  16.00-17.00  sec   237 KBytes  1.93 Mbits/sec  7.349 ms  0/173 (0%)  
[  8]  17.00-18.00  sec   243 KBytes  1.99 Mbits/sec  5.745 ms  4/182 (2.2%)  
[  8]  18.00-19.00  sec   249 KBytes  2.04 Mbits/sec  3.935 ms  0/182 (0%)  
[  8]  19.00-20.00  sec   241 KBytes  1.97 Mbits/sec  4.809 ms  0/176 (0%)  
[  8]  20.00-21.00  sec   242 KBytes  1.98 Mbits/sec  5.095 ms  0/177 (0%)  
[  8]  21.00-22.00  sec   242 KBytes  1.98 Mbits/sec  1.861 ms  5/182 (2.7%)  
[  8]  22.00-23.00  sec   223 KBytes  1.83 Mbits/sec  6.001 ms  8/171 (4.7%)  
[  8]  23.00-24.00  sec   228 KBytes  1.87 Mbits/sec  4.088 ms  13/180 (7.2%)  
[  8]  24.00-25.00  sec   243 KBytes  1.99 Mbits/sec  5.550 ms  3/181 (1.7%)  
[  8]  25.00-26.00  sec   232 KBytes  1.90 Mbits/sec  3.361 ms  8/178 (4.5%)  
[  8]  26.00-27.00  sec   226 KBytes  1.85 Mbits/sec  2.948 ms  7/172 (4.1%)  
[  8]  27.00-28.00  sec   249 KBytes  2.04 Mbits/sec  3.731 ms  7/189 (3.7%)  
[  8]  28.00-29.00  sec   234 KBytes  1.91 Mbits/sec  4.427 ms  4/175 (2.3%)  
[  8]  29.00-30.00  sec   208 KBytes  1.70 Mbits/sec  5.269 ms  28/180 (16%)  
[  8]  30.00-31.00  sec   242 KBytes  1.98 Mbits/sec  3.647 ms  0/177 (0%)  
[  8]  31.00-32.00  sec   246 KBytes  2.02 Mbits/sec  3.957 ms  3/183 (1.6%)  
[  8]  32.00-33.00  sec   180 KBytes  1.48 Mbits/sec  5.292 ms  33/165 (20%)  
[  8]  33.00-34.00  sec   243 KBytes  1.99 Mbits/sec  3.954 ms  12/190 (6.3%)  
[  8]  34.00-35.00  sec   241 KBytes  1.97 Mbits/sec  2.566 ms  1/177 (0.56%)  
[  8]  35.00-36.00  sec   230 KBytes  1.88 Mbits/sec  1.281 ms  3/171 (1.8%)  
[  8]  36.00-37.00  sec   256 KBytes  2.09 Mbits/sec  3.910 ms  0/187 (0%)  
[  8]  37.00-38.00  sec   235 KBytes  1.93 Mbits/sec  4.051 ms  8/180 (4.4%)  
[  8]  38.00-39.00  sec   190 KBytes  1.56 Mbits/sec  11.269 ms  0/139 (0%)  
[  8]  39.00-40.00  sec   120 KBytes   985 Kbits/sec  9.568 ms  7/95 (7.4%)  
[  8]  40.00-41.01  sec   193 KBytes  1.57 Mbits/sec  8.114 ms  42/183 (23%)  
[  8]  41.01-42.00  sec   220 KBytes  1.82 Mbits/sec  4.752 ms  136/297 (46%)  
[  8]  42.00-43.00  sec   245 KBytes  2.00 Mbits/sec  4.656 ms  0/179 (0%)  
[  8]  43.00-44.00  sec   124 KBytes  1.02 Mbits/sec  9.641 ms  2/93 (2.2%)  
[  8]  44.00-45.00  sec   101 KBytes   826 Kbits/sec  5.371 ms  6/80 (7.5%)  
[  8]  45.00-46.00  sec   180 KBytes  1.48 Mbits/sec  4.077 ms  76/208 (37%)  
[  8]  46.00-47.00  sec   113 KBytes   930 Kbits/sec  7.756 ms  6/89 (6.7%)  
[  8]  47.00-48.00  sec  84.8 KBytes   696 Kbits/sec  15.819 ms  33/95 (35%)  
[  8]  48.00-49.00  sec   123 KBytes  1.01 Mbits/sec  8.341 ms  273/363 (75%)  
[  8]  49.00-50.00  sec   206 KBytes  1.69 Mbits/sec  8.025 ms  46/197 (23%)  
[  8]  50.00-51.00  sec   159 KBytes  1.30 Mbits/sec  10.625 ms  4/120 (3.3%)  
[  8]  51.00-52.00  sec   272 KBytes  2.23 Mbits/sec  3.262 ms  156/355 (44%)  
[  8]  52.00-53.00  sec   242 KBytes  1.99 Mbits/sec  2.868 ms  3/180 (1.7%)  
[  8]  53.00-54.01  sec   238 KBytes  1.93 Mbits/sec  5.060 ms  1/175 (0.57%)  
[  8]  54.01-55.00  sec   167 KBytes  1.38 Mbits/sec  7.515 ms  42/164 (26%)  
[  8]  55.00-56.00  sec   137 KBytes  1.12 Mbits/sec  9.717 ms  15/115 (13%)  
[  8]  56.00-57.00  sec   245 KBytes  2.00 Mbits/sec  3.399 ms  80/259 (31%)  
[  8]  57.00-58.00  sec   220 KBytes  1.81 Mbits/sec  3.504 ms  18/179 (10%)  
[  8]  58.00-59.00  sec   211 KBytes  1.72 Mbits/sec  7.260 ms  28/182 (15%)  
[  8]  59.00-60.00  sec   209 KBytes  1.71 Mbits/sec  2.613 ms  29/182 (16%)  
[  8]  60.00-61.00  sec   246 KBytes  2.01 Mbits/sec  3.749 ms  0/180 (0%)  
[  8]  61.00-62.00  sec   237 KBytes  1.94 Mbits/sec  5.225 ms  0/173 (0%)  
[  8]  62.00-63.00  sec   238 KBytes  1.95 Mbits/sec  3.872 ms  4/178 (2.2%)  
[  8]  63.00-64.00  sec   205 KBytes  1.68 Mbits/sec  7.965 ms  15/165 (9.1%)  
[  8]  64.00-65.01  sec  95.7 KBytes   780 Kbits/sec  15.304 ms  0/70 (0%)  
[  8]  65.01-66.00  sec  88.9 KBytes   733 Kbits/sec  6.934 ms  0/65 (0%)  
[  8]  66.00-67.00  sec   211 KBytes  1.72 Mbits/sec  9.410 ms  250/404 (62%)  
[  8]  67.00-68.00  sec   182 KBytes  1.50 Mbits/sec  5.852 ms  52/185 (28%)  
[  8]  68.00-69.00  sec   242 KBytes  1.98 Mbits/sec  6.093 ms  5/182 (2.7%)  
[  8]  69.00-70.00  sec   230 KBytes  1.88 Mbits/sec  3.243 ms  13/181 (7.2%)  
[  8]  70.00-71.00  sec   243 KBytes  2.00 Mbits/sec  6.016 ms  0/178 (0%)  
[  8]  71.00-72.00  sec   246 KBytes  2.02 Mbits/sec  5.078 ms  0/180 (0%)  
[  8]  72.00-73.00  sec   245 KBytes  2.00 Mbits/sec  3.488 ms  0/179 (0%)  
[  8]  73.00-74.00  sec   238 KBytes  1.95 Mbits/sec  3.732 ms  6/180 (3.3%)  
[  8]  74.00-75.00  sec   237 KBytes  1.94 Mbits/sec  3.316 ms  4/177 (2.3%)  
[  8]  75.00-76.00  sec   230 KBytes  1.88 Mbits/sec  2.943 ms  7/175 (4%)  
[  8]  76.00-77.00  sec   241 KBytes  1.97 Mbits/sec  5.739 ms  5/181 (2.8%)  
[  8]  77.00-78.00  sec   238 KBytes  1.95 Mbits/sec  3.022 ms  2/176 (1.1%)  
[  8]  78.00-79.00  sec   250 KBytes  2.05 Mbits/sec  2.136 ms  2/185 (1.1%)  
[  8]  79.00-80.00  sec   242 KBytes  1.99 Mbits/sec  3.804 ms  0/177 (0%)  
[  8]  80.00-81.00  sec   224 KBytes  1.84 Mbits/sec  7.836 ms  0/164 (0%)  
[  8]  81.00-82.00  sec   206 KBytes  1.69 Mbits/sec  5.000 ms  41/192 (21%)  
[  8]  82.00-83.00  sec   178 KBytes  1.46 Mbits/sec  8.079 ms  4/134 (3%)  
[  8]  83.00-84.00  sec   280 KBytes  2.30 Mbits/sec  5.022 ms  20/225 (8.9%)  
[  8]  84.00-85.00  sec   235 KBytes  1.93 Mbits/sec  4.259 ms  5/177 (2.8%)  
[  8]  85.00-86.00  sec   242 KBytes  1.98 Mbits/sec  4.548 ms  1/178 (0.56%)  
[  8]  86.00-87.00  sec   198 KBytes  1.62 Mbits/sec  12.171 ms  3/148 (2%)  
[  8]  87.00-88.00  sec   209 KBytes  1.71 Mbits/sec  6.916 ms  50/203 (25%)  
[  8]  88.00-89.00  sec   180 KBytes  1.48 Mbits/sec  7.495 ms  12/144 (8.3%)  
[  8]  89.00-90.00  sec   186 KBytes  1.52 Mbits/sec  7.833 ms  1/137 (0.73%)  
[  8]  90.00-91.00  sec   215 KBytes  1.76 Mbits/sec  6.068 ms  2/159 (1.3%)  
[  8]  91.00-92.00  sec   250 KBytes  2.05 Mbits/sec  9.606 ms  30/213 (14%)  
[  8]  92.00-93.00  sec   257 KBytes  2.11 Mbits/sec  6.582 ms  44/232 (19%)  
[  8]  93.00-94.00  sec   206 KBytes  1.69 Mbits/sec  6.636 ms  1/152 (0.66%)  
[  8]  94.00-95.00  sec   297 KBytes  2.43 Mbits/sec  6.200 ms  0/217 (0%)  
[  8]  95.00-96.00  sec   241 KBytes  1.97 Mbits/sec  3.578 ms  7/183 (3.8%)  
[  8]  96.00-97.00  sec   221 KBytes  1.81 Mbits/sec  2.987 ms  7/169 (4.1%)  
[  8]  97.00-98.00  sec   246 KBytes  2.02 Mbits/sec  3.127 ms  3/183 (1.6%)  
[  8]  98.00-99.00  sec   245 KBytes  2.00 Mbits/sec  3.641 ms  6/185 (3.2%)  
[  8]  99.00-100.00 sec   234 KBytes  1.92 Mbits/sec  6.381 ms  4/175 (2.3%)  
[  8] 100.00-101.00 sec   232 KBytes  1.90 Mbits/sec  0.914 ms  9/179 (5%)  
[  8] 101.00-102.00 sec   235 KBytes  1.93 Mbits/sec  1.627 ms  8/180 (4.4%)  
[  8] 102.00-103.00 sec   242 KBytes  1.98 Mbits/sec  2.381 ms  0/177 (0%)  
[  8] 103.00-104.00 sec   227 KBytes  1.86 Mbits/sec  2.348 ms  13/179 (7.3%)  
[  8] 104.00-105.00 sec   221 KBytes  1.81 Mbits/sec  2.865 ms  1/163 (0.61%)  
[  8] 105.00-106.00 sec   219 KBytes  1.79 Mbits/sec  6.495 ms  3/163 (1.8%)  
[  8] 106.00-107.00 sec   224 KBytes  1.84 Mbits/sec  0.984 ms  47/211 (22%)  
[  8] 107.00-108.00 sec   241 KBytes  1.97 Mbits/sec  2.083 ms  0/176 (0%)  
[  8] 108.00-109.00 sec   249 KBytes  2.03 Mbits/sec  2.220 ms  0/182 (0%)  
[  8] 109.00-110.00 sec   234 KBytes  1.92 Mbits/sec  3.897 ms  3/174 (1.7%)  
[  8] 110.00-111.00 sec   232 KBytes  1.90 Mbits/sec  2.354 ms  8/178 (4.5%)  
[  8] 111.00-112.00 sec   230 KBytes  1.88 Mbits/sec  3.261 ms  11/179 (6.1%)  
[  8] 112.00-113.00 sec   247 KBytes  2.03 Mbits/sec  3.880 ms  2/183 (1.1%)  
[  8] 113.00-114.00 sec   238 KBytes  1.95 Mbits/sec  2.511 ms  3/177 (1.7%)  
[  8] 114.00-115.00 sec   237 KBytes  1.94 Mbits/sec  2.802 ms  6/179 (3.4%)  
[  8] 115.00-116.00 sec   235 KBytes  1.93 Mbits/sec  1.225 ms  0/172 (0%)  
[  8] 116.00-117.00 sec   254 KBytes  2.08 Mbits/sec  2.743 ms  0/186 (0%)  
[  8] 117.00-118.00 sec   242 KBytes  1.98 Mbits/sec  4.238 ms  0/177 (0%)  
[  8] 118.00-119.00 sec   241 KBytes  1.97 Mbits/sec  3.741 ms  2/178 (1.1%)  
[  8] 119.00-120.00 sec   234 KBytes  1.92 Mbits/sec  2.762 ms  6/177 (3.4%)  
[  8] 120.00-121.00 sec   217 KBytes  1.78 Mbits/sec  5.259 ms  15/174 (8.6%)  
[  8] 121.00-122.00 sec   196 KBytes  1.60 Mbits/sec  5.725 ms  35/178 (20%)  
[  8] 122.00-123.00 sec   231 KBytes  1.89 Mbits/sec  5.590 ms  17/186 (9.1%)  
[  8] 123.00-124.00 sec   219 KBytes  1.79 Mbits/sec  6.628 ms  18/178 (10%)  
[  8] 124.00-125.00 sec   235 KBytes  1.92 Mbits/sec  3.132 ms  7/179 (3.9%)  
[  8] 125.00-126.00 sec   241 KBytes  1.98 Mbits/sec  2.810 ms  0/176 (0%)  
[  8] 126.00-127.00 sec   247 KBytes  2.03 Mbits/sec  4.547 ms  1/182 (0.55%)  
[  8] 127.00-128.01 sec   241 KBytes  1.96 Mbits/sec  2.425 ms  0/176 (0%)  
[  8] 128.01-129.00 sec   238 KBytes  1.96 Mbits/sec  2.546 ms  7/181 (3.9%)  
[  8] 129.00-130.00 sec   238 KBytes  1.95 Mbits/sec  3.809 ms  0/174 (0%)  
[  8] 130.00-131.00 sec   245 KBytes  2.00 Mbits/sec  2.529 ms  2/181 (1.1%)  
[  8] 131.00-132.00 sec   234 KBytes  1.92 Mbits/sec  3.153 ms  6/177 (3.4%)  
[  8] 132.00-133.00 sec   250 KBytes  2.05 Mbits/sec  1.678 ms  0/183 (0%)  
[  8] 133.00-134.00 sec   242 KBytes  1.98 Mbits/sec  2.412 ms  0/177 (0%)  
[  8] 134.00-135.00 sec   245 KBytes  2.00 Mbits/sec  1.578 ms  1/180 (0.56%)  
[  8] 135.00-136.00 sec   223 KBytes  1.83 Mbits/sec  8.474 ms  10/173 (5.8%)  
[  8] 136.00-137.00 sec   227 KBytes  1.86 Mbits/sec  5.897 ms  6/172 (3.5%)  
[  8] 137.00-138.00 sec   215 KBytes  1.76 Mbits/sec  6.933 ms  16/173 (9.2%)  
[  8] 138.00-139.00 sec   163 KBytes  1.33 Mbits/sec  8.762 ms  11/130 (8.5%)  
[  8] 139.00-140.00 sec   193 KBytes  1.58 Mbits/sec  9.129 ms  76/217 (35%)  
[  8] 140.00-141.00 sec   245 KBytes  2.00 Mbits/sec  4.908 ms  28/207 (14%)  
[  8] 141.00-142.00 sec   237 KBytes  1.94 Mbits/sec  6.042 ms  0/173 (0%)  
[  8] 142.00-143.00 sec   182 KBytes  1.49 Mbits/sec  7.041 ms  15/148 (10%)  
[  8] 143.00-144.00 sec   170 KBytes  1.39 Mbits/sec  11.261 ms  10/134 (7.5%)  
[  8] 144.00-145.00 sec   116 KBytes   954 Kbits/sec  13.170 ms  28/113 (25%)  
[  8] 145.00-146.00 sec  82.0 KBytes   672 Kbits/sec  10.600 ms  53/113 (47%)  
[  8] 146.00-147.00 sec   213 KBytes  1.75 Mbits/sec  5.968 ms  229/385 (59%)  
[  8] 147.00-148.00 sec   191 KBytes  1.57 Mbits/sec  9.770 ms  6/146 (4.1%)  
[  8] 148.00-149.00 sec  75.2 KBytes   616 Kbits/sec  17.592 ms  2/57 (3.5%)  
[  8] 149.00-150.00 sec   108 KBytes   885 Kbits/sec  12.776 ms  23/102 (23%)  
[  8] 150.00-151.00 sec   149 KBytes  1.22 Mbits/sec  13.505 ms  114/223 (51%)  
[  8] 151.00-152.00 sec  97.1 KBytes   797 Kbits/sec  16.150 ms  82/153 (54%)  
[  8] 152.00-153.00 sec   148 KBytes  1.21 Mbits/sec  9.762 ms  111/219 (51%)  
[  8] 153.00-154.00 sec   254 KBytes  2.08 Mbits/sec  1.608 ms  158/344 (46%)  
[  8] 154.00-155.01 sec   220 KBytes  1.80 Mbits/sec  4.688 ms  24/185 (13%)  
[  8] 155.01-156.00 sec   211 KBytes  1.73 Mbits/sec  6.467 ms  18/172 (10%)  
[  8] 156.00-157.00 sec   206 KBytes  1.69 Mbits/sec  7.972 ms  25/176 (14%)  
[  8] 157.00-158.00 sec   245 KBytes  2.00 Mbits/sec  1.914 ms  13/192 (6.8%)  
[  8] 158.00-159.01 sec   227 KBytes  1.85 Mbits/sec  6.331 ms  0/166 (0%)  
[  8] 159.01-160.00 sec   260 KBytes  2.14 Mbits/sec  5.557 ms  0/190 (0%)  
[  8] 160.00-161.00 sec   235 KBytes  1.93 Mbits/sec  4.587 ms  3/175 (1.7%)  
[  8] 161.00-162.00 sec   235 KBytes  1.92 Mbits/sec  5.795 ms  12/184 (6.5%)  
[  8] 162.00-163.00 sec   213 KBytes  1.75 Mbits/sec  6.216 ms  20/176 (11%)  
[  8] 163.00-164.00 sec   153 KBytes  1.26 Mbits/sec  12.108 ms  12/124 (9.7%)  
[  8] 164.00-165.00 sec   157 KBytes  1.29 Mbits/sec  13.041 ms  39/154 (25%)  
[  8] 165.00-166.00 sec   264 KBytes  2.16 Mbits/sec  8.668 ms  56/249 (22%)  
[  8] 166.00-167.00 sec   208 KBytes  1.70 Mbits/sec  7.193 ms  8/160 (5%)  
[  8] 167.00-168.00 sec   190 KBytes  1.56 Mbits/sec  8.484 ms  3/142 (2.1%)  
[  8] 168.00-169.00 sec   261 KBytes  2.14 Mbits/sec  3.332 ms  52/243 (21%)  
[  8] 169.00-170.00 sec   246 KBytes  2.02 Mbits/sec  4.808 ms  1/181 (0.55%)  
[  8] 170.00-171.00 sec   238 KBytes  1.95 Mbits/sec  3.955 ms  1/175 (0.57%)  
[  8] 171.00-172.00 sec   228 KBytes  1.87 Mbits/sec  3.577 ms  9/176 (5.1%)  
[  8] 172.00-173.00 sec   247 KBytes  2.03 Mbits/sec  3.168 ms  3/184 (1.6%)  
[  8] 173.00-174.01 sec   224 KBytes  1.83 Mbits/sec  4.327 ms  2/166 (1.2%)  
[  8] 174.01-175.00 sec   215 KBytes  1.77 Mbits/sec  6.531 ms  29/186 (16%)  
[  8] 175.00-176.00 sec   226 KBytes  1.85 Mbits/sec  2.887 ms  15/180 (8.3%)  
[  8] 176.00-177.00 sec   237 KBytes  1.94 Mbits/sec  4.611 ms  2/175 (1.1%)  
[  8] 177.00-178.00 sec   235 KBytes  1.93 Mbits/sec  3.515 ms  2/174 (1.1%)  
[  8] 178.00-179.00 sec   123 KBytes  1.01 Mbits/sec  12.196 ms  7/97 (7.2%)  
[  8] 179.00-180.00 sec  97.1 KBytes   796 Kbits/sec  11.670 ms  37/108 (34%)  
[  8] 180.00-181.00 sec   323 KBytes  2.64 Mbits/sec  3.247 ms  107/343 (31%)  
[  8] 181.00-182.00 sec   239 KBytes  1.96 Mbits/sec  1.770 ms  0/175 (0%)  
[  8] 182.00-183.00 sec   246 KBytes  2.02 Mbits/sec  2.290 ms  0/180 (0%)  
[  8] 183.00-184.00 sec   230 KBytes  1.88 Mbits/sec  7.890 ms  1/169 (0.59%)  
[  8] 184.00-185.00 sec   256 KBytes  2.09 Mbits/sec  3.859 ms  0/187 (0%)  
[  8] 185.00-186.00 sec   230 KBytes  1.88 Mbits/sec  3.826 ms  6/174 (3.4%)  
[  8] 186.00-187.00 sec   227 KBytes  1.86 Mbits/sec  7.819 ms  12/178 (6.7%)  
[  8] 187.00-188.00 sec   209 KBytes  1.72 Mbits/sec  5.964 ms  32/185 (17%)  
[  8] 188.00-189.00 sec   245 KBytes  2.01 Mbits/sec  2.274 ms  0/179 (0%)  
[  8] 189.00-190.00 sec   245 KBytes  2.00 Mbits/sec  1.819 ms  0/179 (0%)  
[  8] 190.00-191.00 sec   237 KBytes  1.93 Mbits/sec  3.111 ms  2/175 (1.1%)  
[  8] 191.00-192.00 sec   245 KBytes  2.01 Mbits/sec  2.170 ms  0/179 (0%)  
[  8] 192.00-193.00 sec   237 KBytes  1.94 Mbits/sec  5.190 ms  6/179 (3.4%)  
[  8] 193.00-194.00 sec   234 KBytes  1.91 Mbits/sec  3.341 ms  3/174 (1.7%)  
[  8] 194.00-195.00 sec   252 KBytes  2.06 Mbits/sec  2.256 ms  0/184 (0%)  
[  8] 195.00-196.00 sec   245 KBytes  2.01 Mbits/sec  1.007 ms  0/179 (0%)  
[  8] 196.00-197.00 sec   145 KBytes  1.19 Mbits/sec  4.501 ms  0/106 (0%)  
[  8] 197.00-198.00 sec   227 KBytes  1.86 Mbits/sec  6.065 ms  41/207 (20%)  
[  8] 198.00-199.00 sec   145 KBytes  1.19 Mbits/sec  6.642 ms  25/131 (19%)  
[  8] 199.00-200.00 sec   319 KBytes  2.61 Mbits/sec  1.578 ms  40/273 (15%)  
[  8] 200.00-201.00 sec   226 KBytes  1.85 Mbits/sec  9.198 ms  4/169 (2.4%)  
[  8] 201.00-202.00 sec   182 KBytes  1.49 Mbits/sec  4.480 ms  54/187 (29%)  
[  8] 202.00-203.00 sec   226 KBytes  1.85 Mbits/sec  3.318 ms  13/178 (7.3%)  
[  8] 203.00-204.01 sec   243 KBytes  1.98 Mbits/sec  7.012 ms  2/180 (1.1%)  
[  8] 204.01-205.00 sec   230 KBytes  1.89 Mbits/sec  6.503 ms  8/176 (4.5%)  
[  8] 205.00-206.00 sec   200 KBytes  1.64 Mbits/sec  5.778 ms  19/165 (12%)  
[  8] 206.00-207.00 sec   182 KBytes  1.49 Mbits/sec  10.780 ms  11/144 (7.6%)  
[  8] 207.00-208.00 sec   172 KBytes  1.41 Mbits/sec  10.122 ms  75/201 (37%)  
[  8] 208.00-209.00 sec   220 KBytes  1.80 Mbits/sec  8.209 ms  14/175 (8%)  
[  8] 209.00-210.00 sec   230 KBytes  1.88 Mbits/sec  8.204 ms  9/177 (5.1%)  
[  8] 210.00-211.00 sec   282 KBytes  2.31 Mbits/sec  2.890 ms  6/212 (2.8%)  
[  8] 211.00-212.00 sec   243 KBytes  1.99 Mbits/sec  3.119 ms  0/178 (0%)  
[  8] 212.00-213.00 sec   223 KBytes  1.83 Mbits/sec  6.526 ms  1/164 (0.61%)  
[  8] 213.00-214.00 sec   262 KBytes  2.15 Mbits/sec  4.122 ms  2/194 (1%)  
[  8] 214.00-215.00 sec   237 KBytes  1.94 Mbits/sec  5.031 ms  2/175 (1.1%)  
[  8] 215.00-216.00 sec   247 KBytes  2.03 Mbits/sec  2.559 ms  0/181 (0%)  
[  8] 216.00-217.00 sec   234 KBytes  1.92 Mbits/sec  3.593 ms  8/179 (4.5%)  
[  8] 217.00-218.00 sec   232 KBytes  1.90 Mbits/sec  4.831 ms  7/177 (4%)  
[  8] 218.00-219.00 sec   239 KBytes  1.96 Mbits/sec  4.197 ms  1/176 (0.57%)  
[  8] 219.00-220.00 sec   237 KBytes  1.94 Mbits/sec  6.015 ms  3/176 (1.7%)  
[  8] 220.00-221.00 sec   179 KBytes  1.47 Mbits/sec  10.262 ms  20/151 (13%)  
[  8] 221.00-222.00 sec   234 KBytes  1.92 Mbits/sec  3.480 ms  38/209 (18%)  
[  8] 222.00-223.00 sec   249 KBytes  2.04 Mbits/sec  2.382 ms  0/182 (0%)  
[  8] 223.00-224.00 sec   243 KBytes  1.99 Mbits/sec  4.228 ms  1/179 (0.56%)  
[  8] 224.00-225.00 sec   239 KBytes  1.96 Mbits/sec  3.620 ms  3/178 (1.7%)  
[  8] 225.00-226.00 sec   231 KBytes  1.89 Mbits/sec  5.072 ms  8/177 (4.5%)  
[  8] 226.00-227.00 sec   221 KBytes  1.81 Mbits/sec  4.970 ms  14/176 (8%)  
[  8] 227.00-228.00 sec   250 KBytes  2.05 Mbits/sec  3.278 ms  0/183 (0%)  
[  8] 228.00-229.00 sec   227 KBytes  1.86 Mbits/sec  0.847 ms  7/173 (4%)  
[  8] 229.00-230.00 sec   245 KBytes  2.00 Mbits/sec  0.190 ms  2/181 (1.1%)  
[  8] 230.00-231.00 sec   227 KBytes  1.86 Mbits/sec  1.158 ms  3/169 (1.8%)  
[  8] 231.00-232.00 sec   250 KBytes  2.05 Mbits/sec  1.242 ms  3/186 (1.6%)  
[  8] 232.00-233.00 sec   252 KBytes  2.06 Mbits/sec  0.324 ms  0/184 (0%)  
[  8] 233.00-234.00 sec   220 KBytes  1.80 Mbits/sec  4.595 ms  11/172 (6.4%)  
[  8] 234.00-235.00 sec   230 KBytes  1.88 Mbits/sec  2.698 ms  4/172 (2.3%)  
[  8] 235.00-236.00 sec   242 KBytes  1.98 Mbits/sec  1.359 ms  12/189 (6.3%)  
[  8] 236.00-237.02 sec   168 KBytes  1.36 Mbits/sec  5.681 ms  32/155 (21%)  
[  8] 237.02-238.00 sec   149 KBytes  1.24 Mbits/sec  9.450 ms  12/121 (9.9%)  
[  8] 238.00-239.00 sec   131 KBytes  1.08 Mbits/sec  8.726 ms  33/129 (26%)  
[  8] 239.00-240.00 sec  36.9 KBytes   302 Kbits/sec  34.937 ms  1/28 (3.6%)  
[  8] 240.00-241.00 sec   272 KBytes  2.23 Mbits/sec  8.867 ms  234/433 (54%)  
[  8] 241.00-242.00 sec  82.0 KBytes   670 Kbits/sec  16.118 ms  6/66 (9.1%)  
[  8] 242.00-243.01 sec   107 KBytes   869 Kbits/sec  9.606 ms  29/107 (27%)  
[  8] 243.01-244.00 sec  71.1 KBytes   587 Kbits/sec  19.805 ms  132/184 (72%)  
[  8] 244.00-245.01 sec  91.6 KBytes   745 Kbits/sec  12.801 ms  88/155 (57%)  
[  8] 245.01-246.01 sec   175 KBytes  1.43 Mbits/sec  8.267 ms  220/348 (63%)  
[  8] 246.01-247.02 sec   108 KBytes   876 Kbits/sec  12.414 ms  6/85 (7.1%)  
[  8] 247.02-248.00 sec  87.5 KBytes   729 Kbits/sec  20.381 ms  20/84 (24%)  
[  8] 248.00-249.00 sec   339 KBytes  2.78 Mbits/sec  4.768 ms  180/428 (42%)  
[  8] 249.00-250.00 sec   232 KBytes  1.90 Mbits/sec  6.071 ms  5/175 (2.9%)  
[  8] 250.00-251.00 sec  75.2 KBytes   616 Kbits/sec  16.605 ms  21/76 (28%)  
[  8] 251.00-252.00 sec  67.0 KBytes   549 Kbits/sec  20.599 ms  4/53 (7.5%)  
[  8] 252.00-253.00 sec  43.8 KBytes   357 Kbits/sec  31.330 ms  80/112 (71%)  
[  8] 253.00-254.02 sec  30.1 KBytes   242 Kbits/sec  31.544 ms  76/98 (78%)  
[  8] 254.02-255.00 sec  34.2 KBytes   286 Kbits/sec  36.687 ms  191/216 (88%)  
[  8] 255.00-256.00 sec  30.1 KBytes   246 Kbits/sec  32.063 ms  222/244 (91%)  
[  8] 256.00-257.00 sec  31.4 KBytes   257 Kbits/sec  31.152 ms  119/142 (84%)  
[  8] 257.00-258.00 sec  28.7 KBytes   236 Kbits/sec  28.210 ms  123/144 (85%)  
[  8] 258.00-259.00 sec  19.1 KBytes   157 Kbits/sec  34.838 ms  68/82 (83%)  
[  8] 259.00-260.00 sec  30.1 KBytes   247 Kbits/sec  25.111 ms  115/137 (84%)  
[  8] 260.00-261.00 sec  68.4 KBytes   560 Kbits/sec  12.107 ms  143/193 (74%)  
[  8] 261.00-262.00 sec  58.8 KBytes   482 Kbits/sec  22.348 ms  99/142 (70%)  
[  8] 262.00-263.01 sec   111 KBytes   902 Kbits/sec  19.551 ms  444/525 (85%)  
[  8] 263.01-264.00 sec   165 KBytes  1.36 Mbits/sec  10.226 ms  108/229 (47%)  
[  8] 264.00-265.00 sec   216 KBytes  1.77 Mbits/sec  3.984 ms  125/283 (44%)  
[  8] 265.00-266.00 sec   145 KBytes  1.19 Mbits/sec  7.345 ms  5/111 (4.5%)  
[  8] 266.00-267.00 sec   153 KBytes  1.25 Mbits/sec  7.928 ms  3/115 (2.6%)  
[  8] 267.00-268.00 sec   172 KBytes  1.41 Mbits/sec  7.541 ms  0/126 (0%)  
[  8] 268.00-269.00 sec   182 KBytes  1.49 Mbits/sec  10.083 ms  1/134 (0.75%)  
[  8] 269.00-270.00 sec   174 KBytes  1.42 Mbits/sec  11.920 ms  59/186 (32%)  
[  8] 270.00-271.00 sec   172 KBytes  1.41 Mbits/sec  7.419 ms  37/163 (23%)  
[  8] 271.00-272.00 sec  77.9 KBytes   638 Kbits/sec  15.696 ms  25/82 (30%)  
[  8] 272.00-273.00 sec  77.9 KBytes   638 Kbits/sec  17.570 ms  85/142 (60%)  
[  8] 273.00-274.00 sec  42.4 KBytes   347 Kbits/sec  26.919 ms  49/80 (61%)  
[  8] 274.00-275.00 sec  53.3 KBytes   437 Kbits/sec  25.131 ms  165/204 (81%)  
[  8] 275.00-276.00 sec  46.5 KBytes   381 Kbits/sec  24.886 ms  127/161 (79%)  
[  8] 276.00-277.00 sec  67.0 KBytes   549 Kbits/sec  26.770 ms  227/276 (82%)  
[  8] 277.00-278.00 sec  38.3 KBytes   314 Kbits/sec  28.506 ms  113/141 (80%)  
[  8] 278.00-279.00 sec  58.8 KBytes   482 Kbits/sec  18.468 ms  127/170 (75%)  
[  8] 279.00-280.00 sec  67.0 KBytes   547 Kbits/sec  24.253 ms  164/213 (77%)  
[  8] 280.00-281.00 sec  54.7 KBytes   448 Kbits/sec  18.612 ms  145/185 (78%)  
[  8] 281.00-282.00 sec  53.3 KBytes   438 Kbits/sec  21.792 ms  117/156 (75%)  
[  8] 282.00-283.00 sec  57.4 KBytes   470 Kbits/sec  20.981 ms  152/194 (78%)  
[  8] 283.00-284.00 sec  42.4 KBytes   347 Kbits/sec  18.870 ms  121/152 (80%)  
[  8] 284.00-285.00 sec  49.2 KBytes   403 Kbits/sec  23.069 ms  96/132 (73%)  
[  8] 285.00-286.00 sec  19.1 KBytes   157 Kbits/sec  38.974 ms  44/58 (76%)  
[  8] 286.00-287.00 sec  21.9 KBytes   179 Kbits/sec  43.320 ms  71/87 (82%)  
[  8] 287.00-288.00 sec  27.3 KBytes   224 Kbits/sec  92.998 ms  279/299 (93%)  
[  8] 288.00-289.04 sec   129 KBytes  1.02 Mbits/sec  15.365 ms  618/712 (87%)  
[  8] 289.04-290.00 sec   179 KBytes  1.52 Mbits/sec  5.050 ms  59/190 (31%)  
[  8] 290.00-291.00 sec   212 KBytes  1.74 Mbits/sec  4.771 ms  23/178 (13%)  
[  8] 291.00-292.00 sec   231 KBytes  1.89 Mbits/sec  4.718 ms  11/180 (6.1%)  
[  8] 292.00-293.00 sec   241 KBytes  1.97 Mbits/sec  2.607 ms  2/178 (1.1%)  
[  8] 293.00-294.02 sec   249 KBytes  2.01 Mbits/sec  4.785 ms  0/182 (0%)  
[  8] 294.02-295.00 sec   228 KBytes  1.90 Mbits/sec  4.879 ms  7/174 (4%)  
[  8] 295.00-296.00 sec   227 KBytes  1.86 Mbits/sec  5.919 ms  9/175 (5.1%)  
[  8] 296.00-297.00 sec   159 KBytes  1.30 Mbits/sec  4.730 ms  69/185 (37%)  
[  8] 297.00-298.00 sec   241 KBytes  1.97 Mbits/sec  2.566 ms  0/176 (0%)  
[  8] 298.00-299.00 sec   242 KBytes  1.98 Mbits/sec  2.825 ms  1/178 (0.56%)  
[  8] 299.00-300.00 sec   245 KBytes  2.01 Mbits/sec  4.323 ms  0/179 (0%)  
[  8] 300.00-301.02 sec   247 KBytes  1.99 Mbits/sec  4.354 ms  2/183 (1.1%)  
[  8] 301.02-302.00 sec   242 KBytes  2.02 Mbits/sec  0.967 ms  0/177 (0%)  
[  8] 302.00-303.00 sec   243 KBytes  1.99 Mbits/sec  1.235 ms  0/178 (0%)  
[  8] 303.00-304.01 sec   246 KBytes  2.00 Mbits/sec  3.038 ms  0/180 (0%)  
[  8] 304.01-305.00 sec   131 KBytes  1.08 Mbits/sec  10.184 ms  0/96 (0%)  
[  8] 305.00-306.00 sec   112 KBytes   918 Kbits/sec  5.152 ms  0/82 (0%)  
[  8] 306.00-307.00 sec   317 KBytes  2.60 Mbits/sec  1.172 ms  124/356 (35%)  
[  8] 307.00-308.00 sec   228 KBytes  1.87 Mbits/sec  4.184 ms  11/178 (6.2%)  
[  8] 308.00-309.00 sec   245 KBytes  2.00 Mbits/sec  1.331 ms  0/179 (0%)  
[  8] 309.00-310.01 sec   243 KBytes  1.98 Mbits/sec  3.002 ms  4/182 (2.2%)  
[  8] 310.01-311.01 sec   234 KBytes  1.92 Mbits/sec  4.628 ms  3/174 (1.7%)  
[  8] 311.01-312.00 sec   204 KBytes  1.68 Mbits/sec  7.460 ms  0/149 (0%)  
[  8] 312.00-313.01 sec  95.7 KBytes   779 Kbits/sec  17.540 ms  3/73 (4.1%)  
[  8] 313.01-314.00 sec  75.2 KBytes   619 Kbits/sec  12.667 ms  11/66 (17%)  
[  8] 314.00-315.00 sec   291 KBytes  2.39 Mbits/sec  0.960 ms  211/424 (50%)  
[  8] 315.00-316.00 sec   227 KBytes  1.86 Mbits/sec  2.140 ms  16/182 (8.8%)  
[  8] 316.00-317.00 sec   230 KBytes  1.88 Mbits/sec  2.745 ms  7/175 (4%)  
[  8] 317.00-318.02 sec   220 KBytes  1.77 Mbits/sec  6.383 ms  6/167 (3.6%)  
[  8] 318.02-319.00 sec   208 KBytes  1.73 Mbits/sec  5.616 ms  32/184 (17%)  
[  8] 319.00-320.00 sec   205 KBytes  1.68 Mbits/sec  15.169 ms  29/179 (16%)  
[  8] 320.00-321.02 sec   193 KBytes  1.54 Mbits/sec  12.213 ms  21/162 (13%)  
[  8] 321.02-322.00 sec   191 KBytes  1.60 Mbits/sec  8.643 ms  29/169 (17%)  
[  8] 322.00-323.00 sec   197 KBytes  1.61 Mbits/sec  14.977 ms  12/156 (7.7%)  
[  8] 323.00-324.00 sec   148 KBytes  1.21 Mbits/sec  10.271 ms  79/187 (42%)  
[  8] 324.00-325.00 sec   204 KBytes  1.67 Mbits/sec  5.887 ms  50/199 (25%)  
[  8] 325.00-326.00 sec  76.6 KBytes   626 Kbits/sec  23.832 ms  0/56 (0%)  
[  8] 326.00-327.00 sec   144 KBytes  1.18 Mbits/sec  10.109 ms  44/149 (30%)  
[  8] 327.00-328.00 sec   178 KBytes  1.46 Mbits/sec  10.840 ms  6/136 (4.4%)  
[  8] 328.00-329.00 sec   118 KBytes   963 Kbits/sec  14.549 ms  36/122 (30%)  
[  8] 329.00-330.00 sec   109 KBytes   896 Kbits/sec  19.783 ms  109/189 (58%)  
[  8] 330.00-331.00 sec   200 KBytes  1.63 Mbits/sec  10.827 ms  289/435 (66%)  
[  8] 331.00-332.00 sec   194 KBytes  1.59 Mbits/sec  7.801 ms  36/178 (20%)  
[  8] 332.00-333.00 sec   223 KBytes  1.83 Mbits/sec  7.837 ms  19/182 (10%)  
[  8] 333.00-334.00 sec   127 KBytes  1.04 Mbits/sec  11.884 ms  6/99 (6.1%)  
[  8] 334.00-335.00 sec  71.1 KBytes   582 Kbits/sec  19.825 ms  4/56 (7.1%)  
[  8] 335.00-336.00 sec   163 KBytes  1.33 Mbits/sec  9.719 ms  80/199 (40%)  
[  8] 336.00-337.01 sec   220 KBytes  1.79 Mbits/sec  3.015 ms  120/281 (43%)  
[  8] 337.01-338.00 sec   339 KBytes  2.80 Mbits/sec  4.294 ms  20/268 (7.5%)  
[  8] 338.00-339.00 sec   239 KBytes  1.96 Mbits/sec  3.980 ms  6/181 (3.3%)  
[  8] 339.00-340.00 sec   242 KBytes  1.98 Mbits/sec  1.452 ms  0/177 (0%)  
- - - - - - - - - - - - - - - - - - - - - - - - -
[ ID] Interval           Transfer     Bitrate         Jitter    Lost/Total Datagrams
[  8]   0.00-340.05 sec  65.8 MBytes  1.62 Mbits/sec  1.452 ms  11392/60710 (19%)  receiver
