-----------------------------------------------------------
Server listening on 5201 (test #1)
-----------------------------------------------------------
Accepted connection from 10.0.0.24, port 33284
[  8] local 10.0.0.56 port 5201 connected to 10.0.0.24 port 59045
[ ID] Interval           Transfer     Bitrate         Jitter    Lost/Total Datagrams
[  8]   0.00-1.00   sec  58.8 KBytes   482 Kbits/sec  8.264 ms  0/43 (0%)  
[  8]   1.00-2.00   sec  58.8 KBytes   482 Kbits/sec  8.134 ms  2/45 (4.4%)  
[  8]   2.00-3.00   sec  60.2 KBytes   493 Kbits/sec  7.614 ms  0/44 (0%)  
[  8]   3.00-4.00   sec  62.9 KBytes   515 Kbits/sec  7.757 ms  0/46 (0%)  
[  8]   4.00-5.00   sec  61.5 KBytes   504 Kbits/sec  4.398 ms  0/45 (0%)  
[  8]   5.00-6.00   sec  52.0 KBytes   426 Kbits/sec  10.384 ms  2/40 (5%)  
[  8]   6.00-7.00   sec  65.6 KBytes   538 Kbits/sec  8.560 ms  0/48 (0%)  
[  8]   7.00-8.00   sec  62.9 KBytes   515 Kbits/sec  5.530 ms  0/46 (0%)  
[  8]   8.00-9.00   sec  58.8 KBytes   482 Kbits/sec  3.714 ms  1/44 (2.3%)  
[  8]   9.00-10.00  sec  61.5 KBytes   504 Kbits/sec  4.478 ms  0/45 (0%)  
[  8]  10.00-11.00  sec  61.5 KBytes   503 Kbits/sec  4.829 ms  0/45 (0%)  
[  8]  11.00-12.00  sec  60.2 KBytes   494 Kbits/sec  4.567 ms  0/44 (0%)  
[  8]  12.00-13.01  sec  61.5 KBytes   500 Kbits/sec  3.096 ms  0/45 (0%)  
[  8]  13.01-14.00  sec  61.5 KBytes   508 Kbits/sec  3.811 ms  0/45 (0%)  
[  8]  14.00-15.00  sec  60.2 KBytes   491 Kbits/sec  7.314 ms  0/44 (0%)  
[  8]  15.00-16.00  sec  61.5 KBytes   505 Kbits/sec  3.507 ms  0/45 (0%)  
[  8]  16.00-17.00  sec  61.5 KBytes   504 Kbits/sec  4.796 ms  0/45 (0%)  
[  8]  17.00-18.00  sec  60.2 KBytes   493 Kbits/sec  7.609 ms  0/44 (0%)  
[  8]  18.00-19.00  sec  61.5 KBytes   504 Kbits/sec  5.555 ms  0/45 (0%)  
[  8]  19.00-20.00  sec  60.2 KBytes   493 Kbits/sec  3.767 ms  0/44 (0%)  
[  8]  20.00-21.00  sec  58.8 KBytes   482 Kbits/sec  4.579 ms  2/45 (4.4%)  
[  8]  21.00-22.00  sec  60.2 KBytes   492 Kbits/sec  3.892 ms  0/44 (0%)  
[  8]  22.00-23.00  sec  60.2 KBytes   493 Kbits/sec  8.292 ms  1/45 (2.2%)  
[  8]  23.00-24.00  sec  61.5 KBytes   504 Kbits/sec  5.100 ms  0/45 (0%)  
[  8]  24.00-25.00  sec  60.2 KBytes   493 Kbits/sec  3.202 ms  0/44 (0%)  
[  8]  25.00-26.00  sec  61.5 KBytes   504 Kbits/sec  4.889 ms  0/45 (0%)  
[  8]  26.00-27.00  sec  58.8 KBytes   480 Kbits/sec  6.262 ms  1/44 (2.3%)  
[  8]  27.00-28.00  sec  62.9 KBytes   517 Kbits/sec  4.735 ms  0/46 (0%)  
[  8]  28.00-29.00  sec  60.2 KBytes   493 Kbits/sec  6.270 ms  0/44 (0%)  
[  8]  29.00-30.00  sec  60.2 KBytes   493 Kbits/sec  7.106 ms  1/45 (2.2%)  
[  8]  30.00-31.00  sec  52.0 KBytes   426 Kbits/sec  12.601 ms  2/40 (5%)  
[  8]  31.00-32.00  sec  45.1 KBytes   370 Kbits/sec  15.546 ms  10/43 (23%)  
[  8]  32.00-33.00  sec  53.3 KBytes   437 Kbits/sec  11.536 ms  11/50 (22%)  
[  8]  33.00-34.00  sec  61.5 KBytes   504 Kbits/sec  5.231 ms  0/45 (0%)  
[  8]  34.00-35.00  sec  58.8 KBytes   482 Kbits/sec  9.896 ms  2/45 (4.4%)  
[  8]  35.00-36.00  sec  23.2 KBytes   190 Kbits/sec  31.929 ms  2/19 (11%)  
[  8]  36.00-37.00  sec  31.4 KBytes   258 Kbits/sec  28.537 ms  1/24 (4.2%)  
[  8]  37.00-38.00  sec  91.6 KBytes   750 Kbits/sec  15.796 ms  24/91 (26%)  
[  8]  38.00-39.00  sec  45.1 KBytes   370 Kbits/sec  17.242 ms  0/33 (0%)  
[  8]  39.00-40.00  sec  34.2 KBytes   280 Kbits/sec  23.949 ms  5/30 (17%)  
[  8]  40.00-41.00  sec  32.8 KBytes   269 Kbits/sec  26.688 ms  16/40 (40%)  
[  8]  41.00-42.00  sec  61.5 KBytes   504 Kbits/sec  16.396 ms  26/71 (37%)  
[  8]  42.00-43.00  sec  53.3 KBytes   437 Kbits/sec  15.417 ms  3/42 (7.1%)  
[  8]  43.00-44.00  sec  26.0 KBytes   213 Kbits/sec  31.054 ms  3/22 (14%)  
[  8]  44.00-45.00  sec  41.0 KBytes   336 Kbits/sec  31.205 ms  6/36 (17%)  
[  8]  45.00-46.00  sec  5.47 KBytes  44.8 Kbits/sec  58.082 ms  17/21 (81%)  
[  8]  46.00-47.00  sec  16.4 KBytes   134 Kbits/sec  65.169 ms  2/14 (14%)  
[  8]  47.00-48.00  sec  15.0 KBytes   123 Kbits/sec  139.211 ms  65/76 (86%)  
[  8]  48.00-49.00  sec  27.3 KBytes   224 Kbits/sec  67.741 ms  45/65 (69%)  
[  8]  49.00-50.00  sec  38.3 KBytes   314 Kbits/sec  43.088 ms  29/57 (51%)  
[  8]  50.00-51.00  sec  28.7 KBytes   235 Kbits/sec  32.980 ms  3/24 (12%)  
[  8]  51.00-52.00  sec  69.7 KBytes   571 Kbits/sec  14.064 ms  42/93 (45%)  
[  8]  52.00-53.00  sec  60.2 KBytes   493 Kbits/sec  12.113 ms  0/44 (0%)  
[  8]  53.00-54.00  sec  52.0 KBytes   425 Kbits/sec  17.426 ms  4/42 (9.5%)  
[  8]  54.00-55.00  sec  34.2 KBytes   280 Kbits/sec  29.417 ms  18/43 (42%)  
[  8]  55.00-56.00  sec  21.9 KBytes   179 Kbits/sec  33.423 ms  8/24 (33%)  
[  8]  56.00-57.00  sec  79.3 KBytes   650 Kbits/sec  12.878 ms  11/69 (16%)  
[  8]  57.00-58.00  sec  61.5 KBytes   504 Kbits/sec  9.356 ms  1/46 (2.2%)  
[  8]  58.00-59.00  sec  60.2 KBytes   493 Kbits/sec  8.494 ms  1/45 (2.2%)  
[  8]  59.00-60.00  sec  58.8 KBytes   481 Kbits/sec  7.873 ms  2/45 (4.4%)  
[  8]  60.00-61.00  sec  60.2 KBytes   493 Kbits/sec  4.865 ms  0/44 (0%)  
[  8]  61.00-62.00  sec  61.5 KBytes   504 Kbits/sec  6.313 ms  0/45 (0%)  
[  8]  62.00-63.00  sec  61.5 KBytes   504 Kbits/sec  6.659 ms  0/45 (0%)  
[  8]  63.00-64.00  sec  36.9 KBytes   302 Kbits/sec  16.093 ms  9/36 (25%)  
[  8]  64.00-65.00  sec  20.5 KBytes   168 Kbits/sec  36.341 ms  4/19 (21%)  
[  8]  65.00-66.00  sec  13.7 KBytes   112 Kbits/sec  44.324 ms  0/10 (0%)  
[  8]  66.00-67.00  sec  36.9 KBytes   302 Kbits/sec  50.867 ms  85/112 (76%)  
[  8]  67.00-68.00  sec  39.6 KBytes   325 Kbits/sec  15.347 ms  17/46 (37%)  
[  8]  68.00-69.00  sec  60.2 KBytes   493 Kbits/sec  6.395 ms  1/45 (2.2%)  
[  8]  69.00-70.00  sec  56.1 KBytes   459 Kbits/sec  12.065 ms  3/44 (6.8%)  
[  8]  70.00-71.00  sec  61.5 KBytes   504 Kbits/sec  7.128 ms  0/45 (0%)  
[  8]  71.00-72.00  sec  61.5 KBytes   503 Kbits/sec  3.347 ms  0/45 (0%)  
[  8]  72.00-73.00  sec  61.5 KBytes   505 Kbits/sec  5.713 ms  0/45 (0%)  
[  8]  73.00-74.00  sec  60.2 KBytes   493 Kbits/sec  6.144 ms  0/44 (0%)  
[  8]  74.00-75.00  sec  58.8 KBytes   482 Kbits/sec  5.215 ms  2/45 (4.4%)  
[  8]  75.00-76.00  sec  60.2 KBytes   493 Kbits/sec  8.155 ms  0/44 (0%)  
[  8]  76.00-77.00  sec  60.2 KBytes   493 Kbits/sec  5.784 ms  1/45 (2.2%)  
[  8]  77.00-78.00  sec  58.8 KBytes   481 Kbits/sec  3.655 ms  1/44 (2.3%)  
[  8]  78.00-79.00  sec  62.9 KBytes   516 Kbits/sec  3.343 ms  0/46 (0%)  
[  8]  79.00-80.00  sec  60.2 KBytes   493 Kbits/sec  4.572 ms  0/44 (0%)  
[  8]  80.00-81.00  sec  53.3 KBytes   437 Kbits/sec  6.887 ms  1/40 (2.5%)  
[  8]  81.00-82.00  sec  67.0 KBytes   549 Kbits/sec  8.388 ms  0/49 (0%)  
[  8]  82.00-83.00  sec  46.5 KBytes   381 Kbits/sec  13.858 ms  7/41 (17%)  
[  8]  83.00-84.00  sec  53.3 KBytes   437 Kbits/sec  10.458 ms  10/49 (20%)  
[  8]  84.00-85.00  sec  60.2 KBytes   493 Kbits/sec  5.582 ms  1/45 (2.2%)  
[  8]  85.00-86.00  sec  60.2 KBytes   492 Kbits/sec  5.614 ms  0/44 (0%)  
[  8]  86.00-87.00  sec  34.2 KBytes   279 Kbits/sec  17.122 ms  8/33 (24%)  
[  8]  87.00-88.01  sec  35.5 KBytes   290 Kbits/sec  17.571 ms  28/54 (52%)  
[  8]  88.01-89.00  sec  21.9 KBytes   180 Kbits/sec  25.396 ms  12/28 (43%)  
[  8]  89.00-90.00  sec  19.1 KBytes   157 Kbits/sec  29.964 ms  22/36 (61%)  
[  8]  90.00-91.00  sec  35.5 KBytes   291 Kbits/sec  38.613 ms  34/60 (57%)  
[  8]  91.00-92.00  sec  21.9 KBytes   179 Kbits/sec  39.971 ms  17/33 (52%)  
[  8]  92.00-93.00  sec  15.0 KBytes   123 Kbits/sec  49.132 ms  50/61 (82%)  
[  8]  93.00-94.00  sec  49.2 KBytes   403 Kbits/sec  19.262 ms  10/46 (22%)  
[  8]  94.00-95.00  sec  56.1 KBytes   459 Kbits/sec  14.942 ms  0/41 (0%)  
[  8]  95.00-96.00  sec  62.9 KBytes   515 Kbits/sec  10.503 ms  9/55 (16%)  
[  8]  96.00-97.00  sec  58.8 KBytes   482 Kbits/sec  11.001 ms  0/43 (0%)  
[  8]  97.00-98.00  sec  52.0 KBytes   425 Kbits/sec  7.495 ms  7/45 (16%)  
[  8]  98.00-99.00  sec  61.5 KBytes   504 Kbits/sec  5.587 ms  0/45 (0%)  
[  8]  99.00-100.00 sec  54.7 KBytes   448 Kbits/sec  6.151 ms  3/43 (7%)  
[  8] 100.00-101.00 sec  56.1 KBytes   459 Kbits/sec  5.571 ms  5/46 (11%)  
[  8] 101.00-102.00 sec  61.5 KBytes   504 Kbits/sec  3.862 ms  0/45 (0%)  
[  8] 102.00-103.00 sec  60.2 KBytes   492 Kbits/sec  2.782 ms  0/44 (0%)  
[  8] 103.00-104.01 sec  47.9 KBytes   387 Kbits/sec  21.089 ms  0/35 (0%)  
[  8] 104.01-105.00 sec  34.2 KBytes   283 Kbits/sec  27.158 ms  0/25 (0%)  
[  8] 105.00-106.00 sec  19.1 KBytes   157 Kbits/sec  45.984 ms  6/20 (30%)  
[  8] 106.00-107.00 sec  21.9 KBytes   179 Kbits/sec  38.835 ms  9/25 (36%)  
[  8] 107.00-108.00 sec  42.4 KBytes   348 Kbits/sec  23.988 ms  1/32 (3.1%)  
[  8] 108.00-109.00 sec  80.7 KBytes   661 Kbits/sec  22.662 ms  25/84 (30%)  
[  8] 109.00-110.00 sec  69.7 KBytes   570 Kbits/sec  17.732 ms  13/64 (20%)  
[  8] 110.00-111.00 sec  73.8 KBytes   606 Kbits/sec  24.902 ms  19/73 (26%)  
[  8] 111.00-112.00 sec  60.2 KBytes   493 Kbits/sec  9.173 ms  1/45 (2.2%)  
[  8] 112.00-113.00 sec  58.8 KBytes   481 Kbits/sec  5.340 ms  1/44 (2.3%)  
[  8] 113.00-114.00 sec  61.5 KBytes   505 Kbits/sec  4.062 ms  0/45 (0%)  
[  8] 114.00-115.00 sec  60.2 KBytes   493 Kbits/sec  7.270 ms  0/44 (0%)  
[  8] 115.00-116.01 sec  61.5 KBytes   498 Kbits/sec  5.482 ms  0/45 (0%)  
[  8] 116.01-117.00 sec  60.2 KBytes   499 Kbits/sec  3.915 ms  1/45 (2.2%)  
[  8] 117.00-118.00 sec  60.2 KBytes   492 Kbits/sec  4.348 ms  0/44 (0%)  
[  8] 118.00-119.00 sec  61.5 KBytes   505 Kbits/sec  3.279 ms  0/45 (0%)  
[  8] 119.00-120.00 sec  46.5 KBytes   381 Kbits/sec  15.336 ms  2/36 (5.6%)  
[  8] 120.00-121.00 sec  47.9 KBytes   392 Kbits/sec  22.482 ms  17/52 (33%)  
[  8] 121.00-122.00 sec  57.4 KBytes   470 Kbits/sec  8.958 ms  3/45 (6.7%)  
[  8] 122.00-123.00 sec  61.5 KBytes   504 Kbits/sec  10.221 ms  1/46 (2.2%)  
[  8] 123.00-124.00 sec  57.4 KBytes   470 Kbits/sec  7.940 ms  2/44 (4.5%)  
[  8] 124.00-125.00 sec  61.5 KBytes   505 Kbits/sec  4.916 ms  0/45 (0%)  
[  8] 125.00-126.00 sec  58.8 KBytes   482 Kbits/sec  6.117 ms  1/44 (2.3%)  
[  8] 126.00-127.00 sec  61.5 KBytes   504 Kbits/sec  4.646 ms  0/45 (0%)  
[  8] 127.00-128.01 sec  61.5 KBytes   501 Kbits/sec  4.221 ms  0/45 (0%)  
[  8] 128.01-129.00 sec  60.2 KBytes   495 Kbits/sec  2.534 ms  0/44 (0%)  
[  8] 129.00-130.00 sec  56.1 KBytes   459 Kbits/sec  5.567 ms  4/45 (8.9%)  
[  8] 130.00-131.00 sec  56.1 KBytes   460 Kbits/sec  5.141 ms  1/42 (2.4%)  
[  8] 131.00-132.00 sec  64.3 KBytes   526 Kbits/sec  7.353 ms  1/48 (2.1%)  
[  8] 132.00-133.00 sec  58.8 KBytes   482 Kbits/sec  5.462 ms  0/43 (0%)  
[  8] 133.00-134.00 sec  58.8 KBytes   482 Kbits/sec  4.044 ms  0/43 (0%)  
[  8] 134.00-135.00 sec  60.2 KBytes   493 Kbits/sec  8.222 ms  2/46 (4.3%)  
[  8] 135.00-136.00 sec  30.1 KBytes   246 Kbits/sec  20.471 ms  16/38 (42%)  
[  8] 136.00-137.00 sec  20.5 KBytes   168 Kbits/sec  33.705 ms  31/46 (67%)  
[  8] 137.00-138.00 sec  36.9 KBytes   302 Kbits/sec  23.990 ms  8/35 (23%)  
[  8] 138.00-139.00 sec  30.1 KBytes   246 Kbits/sec  28.334 ms  1/23 (4.3%)  
[  8] 139.00-140.00 sec  72.5 KBytes   594 Kbits/sec  17.871 ms  25/78 (32%)  
[  8] 140.00-141.00 sec  65.6 KBytes   537 Kbits/sec  7.042 ms  1/49 (2%)  
[  8] 141.00-142.00 sec  61.5 KBytes   504 Kbits/sec  8.081 ms  0/45 (0%)  
[  8] 142.00-143.00 sec  58.8 KBytes   482 Kbits/sec  9.132 ms  1/44 (2.3%)  
[  8] 143.00-144.00 sec  60.2 KBytes   492 Kbits/sec  8.767 ms  1/45 (2.2%)  
[  8] 144.00-145.00 sec  61.5 KBytes   505 Kbits/sec  6.065 ms  0/45 (0%)  
[  8] 145.00-146.00 sec  61.5 KBytes   504 Kbits/sec  4.412 ms  0/45 (0%)  
[  8] 146.00-147.00 sec  60.2 KBytes   493 Kbits/sec  4.204 ms  0/44 (0%)  
[  8] 147.00-148.00 sec  45.1 KBytes   370 Kbits/sec  15.574 ms  0/33 (0%)  
[  8] 148.00-149.00 sec  21.9 KBytes   179 Kbits/sec  32.873 ms  0/16 (0%)  
[  8] 149.00-150.00 sec  9.57 KBytes  78.4 Kbits/sec  45.436 ms  13/20 (65%)  
[  8] 150.00-151.00 sec  19.1 KBytes   157 Kbits/sec  44.893 ms  36/50 (72%)  
[  8] 151.00-152.00 sec  16.4 KBytes   134 Kbits/sec  46.546 ms  16/28 (57%)  
[  8] 152.00-153.00 sec  23.2 KBytes   190 Kbits/sec  40.834 ms  46/63 (73%)  
[  8] 153.00-154.00 sec   111 KBytes   907 Kbits/sec  19.685 ms  18/99 (18%)  
[  8] 154.00-155.00 sec  41.0 KBytes   336 Kbits/sec  21.018 ms  15/45 (33%)  
[  8] 155.00-156.00 sec  36.9 KBytes   302 Kbits/sec  22.301 ms  18/45 (40%)  
[  8] 156.00-157.00 sec  24.6 KBytes   202 Kbits/sec  30.210 ms  21/39 (54%)  
[  8] 157.00-158.00 sec  50.6 KBytes   414 Kbits/sec  7.736 ms  16/53 (30%)  
[  8] 158.00-159.00 sec  36.9 KBytes   302 Kbits/sec  14.765 ms  5/32 (16%)  
[  8] 159.00-160.00 sec  27.3 KBytes   224 Kbits/sec  23.277 ms  37/57 (65%)  
[  8] 160.00-161.00 sec  53.3 KBytes   437 Kbits/sec  10.861 ms  5/44 (11%)  
[  8] 161.00-162.00 sec  60.2 KBytes   492 Kbits/sec  4.769 ms  0/44 (0%)  
[  8] 162.00-163.00 sec  43.8 KBytes   359 Kbits/sec  8.335 ms  13/45 (29%)  
[  8] 163.00-164.00 sec  45.1 KBytes   370 Kbits/sec  11.078 ms  9/42 (21%)  
[  8] 164.00-165.00 sec  47.9 KBytes   392 Kbits/sec  21.944 ms  8/43 (19%)  
[  8] 165.00-166.00 sec  38.3 KBytes   313 Kbits/sec  16.687 ms  3/31 (9.7%)  
[  8] 166.00-167.00 sec  38.3 KBytes   314 Kbits/sec  21.690 ms  6/34 (18%)  
[  8] 167.00-168.00 sec  26.0 KBytes   213 Kbits/sec  27.932 ms  3/22 (14%)  
[  8] 168.00-169.00 sec  60.2 KBytes   493 Kbits/sec  24.586 ms  6/50 (12%)  
[  8] 169.00-170.00 sec  50.6 KBytes   413 Kbits/sec  28.621 ms  2/39 (5.1%)  
[  8] 170.00-171.00 sec  38.3 KBytes   314 Kbits/sec  32.290 ms  9/37 (24%)  
[  8] 171.00-172.00 sec  41.0 KBytes   337 Kbits/sec  38.571 ms  10/40 (25%)  
[  8] 172.00-173.00 sec  46.5 KBytes   381 Kbits/sec  25.558 ms  14/48 (29%)  
[  8] 173.00-174.00 sec  49.2 KBytes   403 Kbits/sec  43.253 ms  43/79 (54%)  
[  8] 174.00-175.00 sec  49.2 KBytes   403 Kbits/sec  25.469 ms  35/71 (49%)  
[  8] 175.00-176.00 sec  50.6 KBytes   414 Kbits/sec  16.781 ms  8/45 (18%)  
[  8] 176.00-177.00 sec  52.0 KBytes   426 Kbits/sec  17.387 ms  5/43 (12%)  
[  8] 177.00-178.00 sec  61.5 KBytes   504 Kbits/sec  18.839 ms  0/45 (0%)  
[  8] 178.00-179.00 sec  32.8 KBytes   269 Kbits/sec  20.305 ms  15/39 (38%)  
[  8] 179.00-180.00 sec  39.6 KBytes   325 Kbits/sec  20.154 ms  21/50 (42%)  
[  8] 180.00-181.00 sec  45.1 KBytes   369 Kbits/sec  20.603 ms  13/46 (28%)  
[  8] 181.00-182.00 sec  57.4 KBytes   471 Kbits/sec  13.393 ms  3/45 (6.7%)  
[  8] 182.00-183.00 sec  58.8 KBytes   482 Kbits/sec  12.671 ms  1/44 (2.3%)  
[  8] 183.00-184.00 sec  47.9 KBytes   392 Kbits/sec  24.015 ms  4/39 (10%)  
[  8] 184.00-185.00 sec  39.6 KBytes   325 Kbits/sec  16.654 ms  15/44 (34%)  
[  8] 185.00-186.00 sec  31.4 KBytes   258 Kbits/sec  22.571 ms  26/49 (53%)  
[  8] 186.00-187.00 sec  46.5 KBytes   380 Kbits/sec  21.453 ms  10/44 (23%)  
[  8] 187.00-188.00 sec  28.7 KBytes   236 Kbits/sec  27.353 ms  18/39 (46%)  
[  8] 188.00-189.00 sec  45.1 KBytes   370 Kbits/sec  16.276 ms  5/38 (13%)  
[  8] 189.00-190.00 sec  43.8 KBytes   358 Kbits/sec  14.033 ms  6/38 (16%)  
[  8] 190.00-191.00 sec  24.6 KBytes   202 Kbits/sec  20.602 ms  13/31 (42%)  
[  8] 191.00-192.00 sec  31.4 KBytes   258 Kbits/sec  19.251 ms  14/37 (38%)  
[  8] 192.00-193.00 sec  43.8 KBytes   358 Kbits/sec  32.770 ms  56/88 (64%)  
[  8] 193.00-194.00 sec  49.2 KBytes   404 Kbits/sec  16.827 ms  8/44 (18%)  
[  8] 194.00-195.00 sec  36.9 KBytes   302 Kbits/sec  15.628 ms  11/38 (29%)  
[  8] 195.00-196.00 sec  36.9 KBytes   303 Kbits/sec  17.953 ms  1/28 (3.6%)  
[  8] 196.00-197.00 sec  34.2 KBytes   280 Kbits/sec  20.109 ms  3/28 (11%)  
[  8] 197.00-198.00 sec  35.5 KBytes   291 Kbits/sec  19.294 ms  3/29 (10%)  
[  8] 198.00-199.00 sec  23.2 KBytes   190 Kbits/sec  85.976 ms  59/76 (78%)  
[  8] 199.00-200.00 sec  58.8 KBytes   482 Kbits/sec  30.411 ms  7/50 (14%)  
[  8] 200.00-201.00 sec  24.6 KBytes   202 Kbits/sec  27.679 ms  14/32 (44%)  
[  8] 201.00-202.00 sec  35.5 KBytes   290 Kbits/sec  26.365 ms  25/51 (49%)  
[  8] 202.00-203.00 sec  60.2 KBytes   494 Kbits/sec  12.394 ms  13/57 (23%)  
[  8] 203.00-204.00 sec  39.6 KBytes   325 Kbits/sec  15.201 ms  0/29 (0%)  
[  8] 204.00-205.00 sec  32.8 KBytes   268 Kbits/sec  20.317 ms  3/27 (11%)  
[  8] 205.00-206.00 sec  42.4 KBytes   348 Kbits/sec  18.018 ms  3/34 (8.8%)  
[  8] 206.00-207.00 sec  19.1 KBytes   157 Kbits/sec  46.945 ms  2/16 (12%)  
[  8] 207.00-208.00 sec  15.0 KBytes   123 Kbits/sec  50.640 ms  19/30 (63%)  
[  8] 208.00-209.00 sec  16.4 KBytes   134 Kbits/sec  52.727 ms  6/18 (33%)  
[  8] 209.00-210.00 sec  27.3 KBytes   224 Kbits/sec  49.791 ms  26/46 (57%)  
[  8] 210.00-211.00 sec  46.5 KBytes   380 Kbits/sec  31.728 ms  37/71 (52%)  
[  8] 211.00-212.00 sec  52.0 KBytes   426 Kbits/sec  23.970 ms  38/76 (50%)  
[  8] 212.00-213.00 sec  42.4 KBytes   347 Kbits/sec  21.568 ms  3/34 (8.8%)  
[  8] 213.00-214.00 sec  58.8 KBytes   481 Kbits/sec  16.027 ms  9/52 (17%)  
[  8] 214.00-215.00 sec  67.0 KBytes   549 Kbits/sec  20.590 ms  39/88 (44%)  
[  8] 215.00-216.00 sec  47.9 KBytes   392 Kbits/sec  28.627 ms  1/36 (2.8%)  
[  8] 216.00-217.00 sec  93.0 KBytes   762 Kbits/sec  17.245 ms  12/80 (15%)  
[  8] 217.00-218.00 sec  57.4 KBytes   469 Kbits/sec  11.101 ms  3/45 (6.7%)  
[  8] 218.00-219.00 sec  49.2 KBytes   404 Kbits/sec  13.927 ms  8/44 (18%)  
[  8] 219.00-220.00 sec  54.7 KBytes   448 Kbits/sec  16.036 ms  1/41 (2.4%)  
[  8] 220.00-221.00 sec  67.0 KBytes   548 Kbits/sec  24.354 ms  0/49 (0%)  
[  8] 221.00-222.00 sec  61.5 KBytes   505 Kbits/sec  16.796 ms  0/45 (0%)  
[  8] 222.00-223.00 sec  60.2 KBytes   493 Kbits/sec  4.369 ms  1/45 (2.2%)  
[  8] 223.00-224.00 sec  62.9 KBytes   515 Kbits/sec  5.444 ms  0/46 (0%)  
[  8] 224.00-225.00 sec  58.8 KBytes   482 Kbits/sec  14.177 ms  0/43 (0%)  
[  8] 225.00-226.00 sec  56.1 KBytes   459 Kbits/sec  8.452 ms  5/46 (11%)  
[  8] 226.00-227.00 sec  61.5 KBytes   504 Kbits/sec  6.257 ms  0/45 (0%)  
[  8] 227.00-228.00 sec  60.2 KBytes   493 Kbits/sec  4.701 ms  0/44 (0%)  
[  8] 228.00-229.00 sec  60.2 KBytes   493 Kbits/sec  4.225 ms  1/45 (2.2%)  
[  8] 229.00-230.00 sec  60.2 KBytes   493 Kbits/sec  2.228 ms  0/44 (0%)  
[  8] 230.00-231.00 sec  60.2 KBytes   493 Kbits/sec  4.364 ms  0/44 (0%)  
[  8] 231.00-232.00 sec  61.5 KBytes   504 Kbits/sec  4.035 ms  0/45 (0%)  
[  8] 232.00-233.00 sec  60.2 KBytes   493 Kbits/sec  2.432 ms  0/44 (0%)  
[  8] 233.00-234.00 sec  49.2 KBytes   403 Kbits/sec  11.945 ms  7/43 (16%)  
[  8] 234.00-235.00 sec  47.9 KBytes   392 Kbits/sec  16.573 ms  7/42 (17%)  
[  8] 235.00-236.00 sec  35.5 KBytes   291 Kbits/sec  22.667 ms  10/36 (28%)  
[  8] 236.00-237.00 sec  27.3 KBytes   224 Kbits/sec  23.879 ms  4/24 (17%)  
[  8] 237.00-238.00 sec  26.0 KBytes   213 Kbits/sec  30.135 ms  4/23 (17%)  
[  8] 238.00-239.00 sec  20.5 KBytes   168 Kbits/sec  41.768 ms  14/29 (48%)  
[  8] 239.00-240.00 sec  26.0 KBytes   213 Kbits/sec  30.836 ms  14/33 (42%)  
[  8] 240.00-241.00 sec  45.1 KBytes   370 Kbits/sec  49.810 ms  84/117 (72%)  
[  8] 241.00-242.00 sec  27.3 KBytes   223 Kbits/sec  39.276 ms  8/28 (29%)  
[  8] 242.00-243.00 sec  27.3 KBytes   224 Kbits/sec  67.897 ms  46/66 (70%)  
[  8] 243.00-244.00 sec  23.2 KBytes   190 Kbits/sec  41.877 ms  24/41 (59%)  
[  8] 244.00-245.00 sec  21.9 KBytes   179 Kbits/sec  38.148 ms  8/24 (33%)  
[  8] 245.00-246.00 sec  12.3 KBytes   101 Kbits/sec  51.090 ms  6/15 (40%)  
[  8] 246.00-247.00 sec  21.9 KBytes   179 Kbits/sec  60.063 ms  50/66 (76%)  
[  8] 247.00-248.00 sec  30.1 KBytes   247 Kbits/sec  44.961 ms  28/50 (56%)  
[  8] 248.00-249.00 sec  56.1 KBytes   459 Kbits/sec  24.984 ms  23/64 (36%)  
[  8] 249.00-250.00 sec  62.9 KBytes   515 Kbits/sec  17.792 ms  7/53 (13%)  
[  8] 250.00-251.00 sec  16.4 KBytes   134 Kbits/sec  33.229 ms  20/32 (62%)  
[  8] 251.00-252.00 sec  23.2 KBytes   190 Kbits/sec  50.977 ms  14/31 (45%)  
[  8] 252.00-253.00 sec  12.3 KBytes   101 Kbits/sec  63.946 ms  15/24 (62%)  
[  8] 253.00-254.00 sec  41.0 KBytes   336 Kbits/sec  41.481 ms  40/70 (57%)  
[  8] 254.00-255.00 sec  19.1 KBytes   157 Kbits/sec  44.373 ms  45/59 (76%)  
[  8] 255.00-256.00 sec  15.0 KBytes   123 Kbits/sec  40.802 ms  36/47 (77%)  
[  8] 256.00-257.00 sec  8.20 KBytes  67.2 Kbits/sec  51.549 ms  27/33 (82%)  
[  8] 257.00-258.00 sec  8.20 KBytes  67.2 Kbits/sec  51.612 ms  25/31 (81%)  
[  8] 258.00-259.00 sec  8.20 KBytes  67.2 Kbits/sec  52.255 ms  25/31 (81%)  
[  8] 259.00-260.00 sec  9.57 KBytes  78.4 Kbits/sec  68.192 ms  5/12 (42%)  
[  8] 260.00-261.00 sec  6.84 KBytes  56.0 Kbits/sec  82.992 ms  20/25 (80%)  
[  8] 261.00-262.00 sec  2.73 KBytes  22.4 Kbits/sec  101.898 ms  24/26 (92%)  
[  8] 262.00-263.00 sec  28.7 KBytes   235 Kbits/sec  99.503 ms  133/154 (86%)  
[  8] 263.00-264.00 sec  32.8 KBytes   269 Kbits/sec  42.516 ms  6/30 (20%)  
[  8] 264.00-265.00 sec  30.1 KBytes   246 Kbits/sec  32.693 ms  4/26 (15%)  
[  8] 265.00-266.00 sec  17.8 KBytes   146 Kbits/sec  41.759 ms  3/16 (19%)  
[  8] 266.00-267.00 sec  20.5 KBytes   168 Kbits/sec  51.869 ms  3/18 (17%)  
[  8] 267.00-268.00 sec  12.3 KBytes   101 Kbits/sec  52.654 ms  13/22 (59%)  
[  8] 268.00-269.00 sec  15.0 KBytes   123 Kbits/sec  58.994 ms  5/16 (31%)  
[  8] 269.00-270.00 sec  9.57 KBytes  78.5 Kbits/sec  52.749 ms  39/46 (85%)  
[  8] 270.00-271.00 sec  9.57 KBytes  78.4 Kbits/sec  100.575 ms  64/71 (90%)  
[  8] 271.00-272.00 sec  5.47 KBytes  44.8 Kbits/sec  130.029 ms  78/82 (95%)  
[  8] 272.00-273.00 sec  4.10 KBytes  33.6 Kbits/sec  129.978 ms  23/26 (88%)  
[  8] 273.00-274.00 sec  1.37 KBytes  11.2 Kbits/sec  128.845 ms  2/3 (67%)  
[  8] 274.00-275.00 sec  2.73 KBytes  22.4 Kbits/sec  167.614 ms  30/32 (94%)  
[  8] 275.00-276.00 sec  2.73 KBytes  22.4 Kbits/sec  172.386 ms  25/27 (93%)  
[  8] 276.00-277.00 sec  1.37 KBytes  11.2 Kbits/sec  168.880 ms  17/18 (94%)  
[  8] 277.00-278.00 sec  0.00 Bytes  0.00 bits/sec  168.880 ms  0/0 (0%)  
[  8] 278.00-279.00 sec  1.37 KBytes  11.2 Kbits/sec  245.886 ms  54/55 (98%)  
[  8] 279.00-280.00 sec  2.73 KBytes  22.4 Kbits/sec  232.788 ms  3/5 (60%)  
[  8] 280.00-281.00 sec  1.37 KBytes  11.2 Kbits/sec  263.179 ms  99/100 (99%)  
[  8] 281.00-282.00 sec  1.37 KBytes  11.2 Kbits/sec  249.322 ms  37/38 (97%)  
[  8] 282.00-283.00 sec  0.00 Bytes  0.00 bits/sec  249.322 ms  0/0 (0%)  
[  8] 283.00-284.00 sec  2.73 KBytes  22.4 Kbits/sec  372.257 ms  207/209 (99%)  
[  8] 284.00-285.00 sec  1.37 KBytes  11.2 Kbits/sec  353.121 ms  11/12 (92%)  
[  8] 285.00-286.00 sec  0.00 Bytes  0.00 bits/sec  353.121 ms  0/0 (0%)  
[  8] 286.00-287.00 sec  26.0 KBytes   213 Kbits/sec  141.124 ms  150/169 (89%)  
[  8] 287.00-288.00 sec  45.1 KBytes   370 Kbits/sec  29.928 ms  1/34 (2.9%)  
[  8] 288.00-289.00 sec  79.3 KBytes   650 Kbits/sec  33.899 ms  38/96 (40%)  
[  8] 289.00-290.00 sec  77.9 KBytes   638 Kbits/sec  9.823 ms  8/65 (12%)  
[  8] 290.00-291.00 sec  56.1 KBytes   459 Kbits/sec  7.043 ms  4/45 (8.9%)  
[  8] 291.00-292.00 sec  57.4 KBytes   470 Kbits/sec  10.374 ms  3/45 (6.7%)  
[  8] 292.00-293.00 sec  58.8 KBytes   482 Kbits/sec  6.516 ms  2/45 (4.4%)  
[  8] 293.00-294.00 sec  58.8 KBytes   482 Kbits/sec  6.927 ms  1/44 (2.3%)  
[  8] 294.00-295.00 sec  61.5 KBytes   504 Kbits/sec  9.061 ms  0/45 (0%)  
[  8] 295.00-296.00 sec  57.4 KBytes   471 Kbits/sec  7.900 ms  0/42 (0%)  
[  8] 296.00-297.01 sec  62.9 KBytes   513 Kbits/sec  8.195 ms  0/46 (0%)  
[  8] 297.01-298.00 sec  62.9 KBytes   518 Kbits/sec  4.019 ms  0/46 (0%)  
[  8] 298.00-299.00 sec  60.2 KBytes   493 Kbits/sec  5.443 ms  0/44 (0%)  
[  8] 299.00-300.03 sec  64.3 KBytes   511 Kbits/sec  6.581 ms  0/47 (0%)  
[  8] 300.03-301.01 sec  57.4 KBytes   481 Kbits/sec  5.044 ms  1/43 (2.3%)  
[  8] 301.01-302.00 sec  61.5 KBytes   508 Kbits/sec  2.846 ms  0/45 (0%)  
[  8] 302.00-303.00 sec  61.5 KBytes   504 Kbits/sec  2.561 ms  0/45 (0%)  
[  8] 303.00-304.00 sec  60.2 KBytes   493 Kbits/sec  2.650 ms  0/44 (0%)  
[  8] 304.00-305.00 sec  54.7 KBytes   448 Kbits/sec  13.402 ms  4/44 (9.1%)  
[  8] 305.00-306.00 sec  56.1 KBytes   459 Kbits/sec  18.121 ms  1/42 (2.4%)  
[  8] 306.00-307.00 sec  47.9 KBytes   392 Kbits/sec  20.591 ms  1/36 (2.8%)  
[  8] 307.00-308.00 sec  72.5 KBytes   594 Kbits/sec  15.103 ms  1/54 (1.9%)  
[  8] 308.00-309.00 sec  46.5 KBytes   381 Kbits/sec  17.774 ms  0/34 (0%)  
[  8] 309.00-310.00 sec  38.3 KBytes   314 Kbits/sec  17.103 ms  0/28 (0%)  
[  8] 310.00-311.00 sec  38.3 KBytes   313 Kbits/sec  20.961 ms  1/29 (3.4%)  
[  8] 311.00-312.00 sec  39.6 KBytes   325 Kbits/sec  13.671 ms  1/30 (3.3%)  
[  8] 312.00-313.00 sec  28.7 KBytes   235 Kbits/sec  31.153 ms  1/22 (4.5%)  
[  8] 313.00-314.00 sec  41.0 KBytes   336 Kbits/sec  37.139 ms  13/43 (30%)  
[  8] 314.00-315.00 sec  82.0 KBytes   672 Kbits/sec  20.265 ms  39/99 (39%)  
[  8] 315.00-316.00 sec  68.4 KBytes   560 Kbits/sec  18.379 ms  20/70 (29%)  
[  8] 316.00-317.00 sec  39.6 KBytes   325 Kbits/sec  20.686 ms  6/35 (17%)  
[  8] 317.00-318.00 sec  16.4 KBytes   135 Kbits/sec  42.795 ms  9/21 (43%)  
[  8] 318.00-319.00 sec  16.4 KBytes   134 Kbits/sec  41.656 ms  10/22 (45%)  
[  8] 319.00-320.00 sec  19.1 KBytes   157 Kbits/sec  44.426 ms  13/27 (48%)  
[  8] 320.00-321.00 sec  15.0 KBytes   123 Kbits/sec  55.906 ms  5/16 (31%)  
[  8] 321.00-322.00 sec  13.7 KBytes   112 Kbits/sec  53.263 ms  18/28 (64%)  
[  8] 322.00-323.00 sec  10.9 KBytes  89.6 Kbits/sec  79.009 ms  20/28 (71%)  
[  8] 323.00-324.00 sec  15.0 KBytes   123 Kbits/sec  82.723 ms  43/54 (80%)  
[  8] 324.00-325.00 sec  19.1 KBytes   157 Kbits/sec  61.244 ms  34/48 (71%)  
[  8] 325.00-326.00 sec  6.84 KBytes  56.0 Kbits/sec  69.281 ms  14/19 (74%)  
[  8] 326.00-327.00 sec  30.1 KBytes   247 Kbits/sec  40.383 ms  33/55 (60%)  
[  8] 327.00-328.00 sec  31.4 KBytes   258 Kbits/sec  30.085 ms  20/43 (47%)  
[  8] 328.00-329.00 sec  10.9 KBytes  89.6 Kbits/sec  116.806 ms  102/110 (93%)  
[  8] 329.00-330.00 sec  6.84 KBytes  56.0 Kbits/sec  95.968 ms  43/48 (90%)  
[  8] 330.00-331.00 sec  39.6 KBytes   325 Kbits/sec  70.251 ms  83/112 (74%)  
[  8] 331.00-332.00 sec  15.0 KBytes   123 Kbits/sec  56.399 ms  32/43 (74%)  
[  8] 332.00-333.00 sec  16.4 KBytes   134 Kbits/sec  42.812 ms  27/39 (69%)  
[  8] 333.00-334.00 sec  13.7 KBytes   112 Kbits/sec  49.037 ms  30/40 (75%)  
[  8] 334.00-335.00 sec  16.4 KBytes   134 Kbits/sec  61.684 ms  19/31 (61%)  
[  8] 335.00-336.00 sec  28.7 KBytes   235 Kbits/sec  44.019 ms  0/21 (0%)  
[  8] 336.00-337.00 sec  45.1 KBytes   370 Kbits/sec  28.594 ms  55/88 (62%)  
[  8] 337.00-338.00 sec  79.3 KBytes   650 Kbits/sec  6.878 ms  1/59 (1.7%)  
[  8] 338.00-339.00 sec  57.4 KBytes   470 Kbits/sec  8.892 ms  1/43 (2.3%)  
[  8] 339.00-340.00 sec  62.9 KBytes   515 Kbits/sec  4.671 ms  0/46 (0%)  
- - - - - - - - - - - - - - - - - - - - - - - - -
[ ID] Interval           Transfer     Bitrate         Jitter    Lost/Total Datagrams
[  8]   0.00-340.02 sec  14.5 MBytes   358 Kbits/sec  4.671 ms  4315/15178 (28%)  receiver
