-----------------------------------------------------------
Server listening on 5201 (test #1)
-----------------------------------------------------------
Accepted connection from 10.0.0.19, port 41462
[  8] local 10.0.0.51 port 5201 connected to 10.0.0.19 port 53119
[ ID] Interval           Transfer     Bitrate         Jitter    Lost/Total Datagrams
[  8]   0.00-1.00   sec  58.8 KBytes   480 Kbits/sec  6.963 ms  0/43 (0%)  
[  8]   1.00-2.00   sec  61.5 KBytes   505 Kbits/sec  10.460 ms  1/46 (2.2%)  
[  8]   2.00-3.00   sec  60.2 KBytes   493 Kbits/sec  8.255 ms  0/44 (0%)  
[  8]   3.00-4.00   sec  61.5 KBytes   504 Kbits/sec  7.679 ms  0/45 (0%)  
[  8]   4.00-5.00   sec  60.2 KBytes   493 Kbits/sec  4.158 ms  0/44 (0%)  
[  8]   5.00-6.00   sec  53.3 KBytes   437 Kbits/sec  14.403 ms  3/42 (7.1%)  
[  8]   6.00-7.00   sec  62.9 KBytes   515 Kbits/sec  13.583 ms  2/48 (4.2%)  
[  8]   7.00-8.00   sec  60.2 KBytes   492 Kbits/sec  5.996 ms  0/44 (0%)  
[  8]   8.00-9.00   sec  60.2 KBytes   492 Kbits/sec  4.063 ms  1/45 (2.2%)  
[  8]   9.00-10.00  sec  60.2 KBytes   495 Kbits/sec  3.201 ms  0/44 (0%)  
[  8]  10.00-11.00  sec  61.5 KBytes   504 Kbits/sec  3.278 ms  0/45 (0%)  
[  8]  11.00-12.00  sec  61.5 KBytes   504 Kbits/sec  3.110 ms  0/45 (0%)  
[  8]  12.00-13.00  sec  61.5 KBytes   504 Kbits/sec  3.032 ms  0/45 (0%)  
[  8]  13.00-14.00  sec  60.2 KBytes   492 Kbits/sec  3.933 ms  0/44 (0%)  
[  8]  14.00-15.00  sec  58.8 KBytes   483 Kbits/sec  3.352 ms  0/43 (0%)  
[  8]  15.00-16.00  sec  62.9 KBytes   515 Kbits/sec  3.139 ms  0/46 (0%)  
[  8]  16.00-17.00  sec  61.5 KBytes   504 Kbits/sec  5.936 ms  0/45 (0%)  
[  8]  17.00-18.00  sec  61.5 KBytes   504 Kbits/sec  6.007 ms  0/45 (0%)  
[  8]  18.00-19.00  sec  60.2 KBytes   493 Kbits/sec  4.051 ms  0/44 (0%)  
[  8]  19.00-20.00  sec  61.5 KBytes   504 Kbits/sec  4.620 ms  0/45 (0%)  
[  8]  20.00-21.00  sec  56.1 KBytes   459 Kbits/sec  4.882 ms  1/42 (2.4%)  
[  8]  21.00-22.00  sec  64.3 KBytes   526 Kbits/sec  4.447 ms  0/47 (0%)  
[  8]  22.00-23.00  sec  60.2 KBytes   493 Kbits/sec  8.882 ms  1/45 (2.2%)  
[  8]  23.00-24.00  sec  61.5 KBytes   504 Kbits/sec  6.502 ms  0/45 (0%)  
[  8]  24.00-25.00  sec  61.5 KBytes   504 Kbits/sec  4.233 ms  0/45 (0%)  
[  8]  25.00-26.00  sec  58.8 KBytes   482 Kbits/sec  4.379 ms  0/43 (0%)  
[  8]  26.00-27.00  sec  57.4 KBytes   470 Kbits/sec  6.403 ms  3/45 (6.7%)  
[  8]  27.00-28.00  sec  61.5 KBytes   504 Kbits/sec  3.124 ms  0/45 (0%)  
[  8]  28.00-29.00  sec  61.5 KBytes   504 Kbits/sec  5.315 ms  0/45 (0%)  
[  8]  29.00-30.00  sec  54.7 KBytes   448 Kbits/sec  5.516 ms  3/43 (7%)  
[  8]  30.00-31.00  sec  54.7 KBytes   448 Kbits/sec  7.459 ms  2/42 (4.8%)  
[  8]  31.00-32.00  sec  45.1 KBytes   370 Kbits/sec  7.582 ms  9/42 (21%)  
[  8]  32.00-33.00  sec  45.1 KBytes   370 Kbits/sec  9.138 ms  16/49 (33%)  
[  8]  33.00-34.00  sec  62.9 KBytes   515 Kbits/sec  4.602 ms  0/46 (0%)  
[  8]  34.00-35.00  sec  60.2 KBytes   492 Kbits/sec  3.186 ms  0/44 (0%)  
[  8]  35.00-36.00  sec  28.7 KBytes   236 Kbits/sec  32.764 ms  1/22 (4.5%)  
[  8]  36.00-37.00  sec  31.4 KBytes   258 Kbits/sec  24.666 ms  2/25 (8%)  
[  8]  37.00-38.00  sec  90.2 KBytes   739 Kbits/sec  13.862 ms  23/89 (26%)  
[  8]  38.00-39.00  sec  47.9 KBytes   392 Kbits/sec  18.083 ms  0/35 (0%)  
[  8]  39.00-40.00  sec  35.5 KBytes   291 Kbits/sec  20.407 ms  0/26 (0%)  
[  8]  40.00-41.00  sec  34.2 KBytes   280 Kbits/sec  28.252 ms  18/43 (42%)  
[  8]  41.00-42.00  sec  60.2 KBytes   493 Kbits/sec  21.501 ms  25/69 (36%)  
[  8]  42.00-43.00  sec  56.1 KBytes   459 Kbits/sec  15.420 ms  3/44 (6.8%)  
[  8]  43.00-44.00  sec  26.0 KBytes   213 Kbits/sec  25.498 ms  4/23 (17%)  
[  8]  44.00-45.00  sec  43.8 KBytes   359 Kbits/sec  25.297 ms  2/34 (5.9%)  
[  8]  45.00-46.00  sec  9.57 KBytes  78.4 Kbits/sec  51.395 ms  17/24 (71%)  
[  8]  46.00-47.00  sec  15.0 KBytes   123 Kbits/sec  59.289 ms  2/13 (15%)  
[  8]  47.00-48.00  sec  17.8 KBytes   146 Kbits/sec  70.245 ms  16/29 (55%)  
[  8]  48.00-49.00  sec  19.1 KBytes   157 Kbits/sec  90.131 ms  97/111 (87%)  
[  8]  49.00-50.00  sec  39.6 KBytes   325 Kbits/sec  44.080 ms  25/54 (46%)  
[  8]  50.00-51.00  sec  35.5 KBytes   291 Kbits/sec  28.989 ms  1/27 (3.7%)  
[  8]  51.00-52.00  sec  67.0 KBytes   547 Kbits/sec  15.537 ms  42/91 (46%)  
[  8]  52.00-53.00  sec  61.5 KBytes   506 Kbits/sec  16.827 ms  0/45 (0%)  
[  8]  53.00-54.00  sec  56.1 KBytes   459 Kbits/sec  15.242 ms  1/42 (2.4%)  
[  8]  54.00-55.00  sec  31.4 KBytes   258 Kbits/sec  32.921 ms  16/39 (41%)  
[  8]  55.00-56.00  sec  36.9 KBytes   302 Kbits/sec  32.502 ms  3/30 (10%)  
[  8]  56.00-57.00  sec  77.9 KBytes   638 Kbits/sec  11.300 ms  11/68 (16%)  
[  8]  57.00-58.00  sec  60.2 KBytes   494 Kbits/sec  9.586 ms  1/45 (2.2%)  
[  8]  58.00-59.00  sec  60.2 KBytes   493 Kbits/sec  8.605 ms  0/44 (0%)  
[  8]  59.00-60.00  sec  57.4 KBytes   470 Kbits/sec  7.397 ms  4/46 (8.7%)  
[  8]  60.00-61.00  sec  61.5 KBytes   504 Kbits/sec  4.223 ms  0/45 (0%)  
[  8]  61.00-62.00  sec  60.2 KBytes   493 Kbits/sec  6.835 ms  0/44 (0%)  
[  8]  62.00-63.00  sec  58.8 KBytes   482 Kbits/sec  8.412 ms  1/44 (2.3%)  
[  8]  63.00-64.00  sec  41.0 KBytes   336 Kbits/sec  11.231 ms  8/38 (21%)  
[  8]  64.00-65.00  sec  16.4 KBytes   134 Kbits/sec  32.811 ms  8/20 (40%)  
[  8]  65.00-66.00  sec  15.0 KBytes   123 Kbits/sec  45.410 ms  3/14 (21%)  
[  8]  66.00-67.00  sec  27.3 KBytes   224 Kbits/sec  69.442 ms  85/105 (81%)  
[  8]  67.00-68.00  sec  43.8 KBytes   358 Kbits/sec  15.663 ms  14/46 (30%)  
[  8]  68.00-69.00  sec  58.8 KBytes   481 Kbits/sec  7.791 ms  2/45 (4.4%)  
[  8]  69.00-70.00  sec  62.9 KBytes   516 Kbits/sec  11.423 ms  0/46 (0%)  
[  8]  70.00-71.00  sec  60.2 KBytes   493 Kbits/sec  6.731 ms  0/44 (0%)  
[  8]  71.00-72.00  sec  61.5 KBytes   504 Kbits/sec  4.675 ms  0/45 (0%)  
[  8]  72.00-73.00  sec  60.2 KBytes   493 Kbits/sec  5.231 ms  0/44 (0%)  
[  8]  73.00-74.00  sec  61.5 KBytes   504 Kbits/sec  9.333 ms  0/45 (0%)  
[  8]  74.00-75.00  sec  57.4 KBytes   470 Kbits/sec  3.778 ms  2/44 (4.5%)  
[  8]  75.00-76.00  sec  60.2 KBytes   493 Kbits/sec  9.694 ms  1/45 (2.2%)  
[  8]  76.00-77.00  sec  60.2 KBytes   493 Kbits/sec  5.612 ms  1/45 (2.2%)  
[  8]  77.00-78.00  sec  60.2 KBytes   493 Kbits/sec  5.696 ms  0/44 (0%)  
[  8]  78.00-79.00  sec  60.2 KBytes   493 Kbits/sec  3.439 ms  0/44 (0%)  
[  8]  79.00-80.00  sec  61.5 KBytes   504 Kbits/sec  4.122 ms  0/45 (0%)  
[  8]  80.00-81.00  sec  57.4 KBytes   471 Kbits/sec  6.784 ms  0/42 (0%)  
[  8]  81.00-82.00  sec  65.6 KBytes   538 Kbits/sec  7.281 ms  0/48 (0%)  
[  8]  82.00-83.00  sec  46.5 KBytes   381 Kbits/sec  12.180 ms  9/43 (21%)  
[  8]  83.00-84.00  sec  47.9 KBytes   392 Kbits/sec  10.401 ms  9/44 (20%)  
[  8]  84.00-85.00  sec  62.9 KBytes   515 Kbits/sec  6.021 ms  1/47 (2.1%)  
[  8]  85.00-86.00  sec  60.2 KBytes   493 Kbits/sec  4.659 ms  0/44 (0%)  
[  8]  86.00-87.00  sec  36.9 KBytes   302 Kbits/sec  14.791 ms  0/27 (0%)  
[  8]  87.00-88.00  sec  31.4 KBytes   258 Kbits/sec  19.695 ms  37/60 (62%)  
[  8]  88.00-89.00  sec  24.6 KBytes   201 Kbits/sec  22.251 ms  14/32 (44%)  
[  8]  89.00-90.00  sec  12.3 KBytes   101 Kbits/sec  33.845 ms  27/36 (75%)  
[  8]  90.00-91.00  sec  47.9 KBytes   392 Kbits/sec  31.359 ms  25/60 (42%)  
[  8]  91.00-92.00  sec  28.7 KBytes   235 Kbits/sec  27.694 ms  12/33 (36%)  
[  8]  92.00-93.00  sec  16.4 KBytes   134 Kbits/sec  46.413 ms  43/55 (78%)  
[  8]  93.00-94.00  sec  54.7 KBytes   448 Kbits/sec  20.797 ms  8/48 (17%)  
[  8]  94.00-95.00  sec  60.2 KBytes   493 Kbits/sec  15.743 ms  1/45 (2.2%)  
[  8]  95.00-96.00  sec  61.5 KBytes   504 Kbits/sec  8.647 ms  6/51 (12%)  
[  8]  96.00-97.00  sec  60.2 KBytes   493 Kbits/sec  7.496 ms  0/44 (0%)  
[  8]  97.00-98.00  sec  52.0 KBytes   425 Kbits/sec  6.198 ms  7/45 (16%)  
[  8]  98.00-99.00  sec  61.5 KBytes   504 Kbits/sec  5.433 ms  0/45 (0%)  
[  8]  99.00-100.00 sec  57.4 KBytes   470 Kbits/sec  9.601 ms  0/42 (0%)  
[  8] 100.00-101.00 sec  50.6 KBytes   414 Kbits/sec  8.716 ms  10/47 (21%)  
[  8] 101.00-102.00 sec  61.5 KBytes   504 Kbits/sec  3.170 ms  0/45 (0%)  
[  8] 102.00-103.00 sec  60.2 KBytes   493 Kbits/sec  4.150 ms  0/44 (0%)  
[  8] 103.00-104.00 sec  47.9 KBytes   392 Kbits/sec  15.215 ms  1/36 (2.8%)  
[  8] 104.00-105.00 sec  30.1 KBytes   246 Kbits/sec  24.931 ms  2/24 (8.3%)  
[  8] 105.00-106.00 sec  15.0 KBytes   123 Kbits/sec  44.119 ms  8/19 (42%)  
[  8] 106.00-107.00 sec  28.7 KBytes   235 Kbits/sec  34.055 ms  6/27 (22%)  
[  8] 107.00-108.00 sec  39.6 KBytes   325 Kbits/sec  23.984 ms  1/30 (3.3%)  
[  8] 108.00-109.00 sec  75.2 KBytes   616 Kbits/sec  27.303 ms  22/77 (29%)  
[  8] 109.00-110.00 sec  79.3 KBytes   650 Kbits/sec  18.301 ms  16/74 (22%)  
[  8] 110.00-111.01 sec  68.4 KBytes   556 Kbits/sec  25.882 ms  16/66 (24%)  
[  8] 111.01-112.00 sec  60.2 KBytes   495 Kbits/sec  5.739 ms  4/48 (8.3%)  
[  8] 112.00-113.00 sec  61.5 KBytes   505 Kbits/sec  4.776 ms  0/45 (0%)  
[  8] 113.00-114.00 sec  62.9 KBytes   515 Kbits/sec  4.135 ms  0/46 (0%)  
[  8] 114.00-115.00 sec  58.8 KBytes   482 Kbits/sec  6.154 ms  0/43 (0%)  
[  8] 115.00-116.00 sec  61.5 KBytes   504 Kbits/sec  6.704 ms  0/45 (0%)  
[  8] 116.00-117.00 sec  62.9 KBytes   515 Kbits/sec  5.584 ms  0/46 (0%)  
[  8] 117.00-118.00 sec  60.2 KBytes   491 Kbits/sec  4.307 ms  0/44 (0%)  
[  8] 118.00-119.00 sec  61.5 KBytes   506 Kbits/sec  2.680 ms  0/45 (0%)  
[  8] 119.00-120.00 sec  43.8 KBytes   358 Kbits/sec  18.716 ms  5/37 (14%)  
[  8] 120.00-121.00 sec  52.0 KBytes   426 Kbits/sec  20.568 ms  14/52 (27%)  
[  8] 121.00-122.00 sec  61.5 KBytes   504 Kbits/sec  7.768 ms  0/45 (0%)  
[  8] 122.00-123.00 sec  57.4 KBytes   470 Kbits/sec  11.289 ms  2/44 (4.5%)  
[  8] 123.00-124.00 sec  61.5 KBytes   505 Kbits/sec  8.626 ms  0/45 (0%)  
[  8] 124.00-125.00 sec  61.5 KBytes   504 Kbits/sec  7.222 ms  0/45 (0%)  
[  8] 125.00-126.00 sec  60.2 KBytes   493 Kbits/sec  8.923 ms  0/44 (0%)  
[  8] 126.00-127.00 sec  61.5 KBytes   504 Kbits/sec  4.658 ms  0/45 (0%)  
[  8] 127.00-128.00 sec  60.2 KBytes   493 Kbits/sec  5.067 ms  0/44 (0%)  
[  8] 128.00-129.00 sec  62.9 KBytes   515 Kbits/sec  5.019 ms  0/46 (0%)  
[  8] 129.00-130.00 sec  57.4 KBytes   470 Kbits/sec  12.804 ms  1/43 (2.3%)  
[  8] 130.00-131.00 sec  61.5 KBytes   504 Kbits/sec  8.300 ms  0/45 (0%)  
[  8] 131.00-132.00 sec  60.2 KBytes   493 Kbits/sec  7.614 ms  1/45 (2.2%)  
[  8] 132.00-133.00 sec  61.5 KBytes   504 Kbits/sec  6.561 ms  0/45 (0%)  
[  8] 133.00-134.00 sec  61.5 KBytes   504 Kbits/sec  4.536 ms  0/45 (0%)  
[  8] 134.00-135.00 sec  54.7 KBytes   448 Kbits/sec  10.322 ms  3/43 (7%)  
[  8] 135.00-136.00 sec  35.5 KBytes   291 Kbits/sec  20.296 ms  12/38 (32%)  
[  8] 136.00-137.00 sec  27.3 KBytes   224 Kbits/sec  26.568 ms  27/47 (57%)  
[  8] 137.00-138.00 sec  38.3 KBytes   314 Kbits/sec  22.095 ms  7/35 (20%)  
[  8] 138.00-139.01 sec  28.7 KBytes   234 Kbits/sec  27.714 ms  1/22 (4.5%)  
[  8] 139.01-140.00 sec  71.1 KBytes   586 Kbits/sec  19.807 ms  23/75 (31%)  
[  8] 140.00-141.00 sec  71.1 KBytes   582 Kbits/sec  7.258 ms  0/52 (0%)  
[  8] 141.00-142.00 sec  60.2 KBytes   493 Kbits/sec  8.758 ms  0/44 (0%)  
[  8] 142.00-143.00 sec  58.8 KBytes   482 Kbits/sec  10.213 ms  2/45 (4.4%)  
[  8] 143.00-144.00 sec  60.2 KBytes   493 Kbits/sec  9.073 ms  0/44 (0%)  
[  8] 144.00-145.00 sec  62.9 KBytes   515 Kbits/sec  4.785 ms  0/46 (0%)  
[  8] 145.00-146.00 sec  60.2 KBytes   493 Kbits/sec  3.865 ms  0/44 (0%)  
[  8] 146.00-147.00 sec  60.2 KBytes   493 Kbits/sec  4.377 ms  1/45 (2.2%)  
[  8] 147.00-148.00 sec  46.5 KBytes   381 Kbits/sec  13.730 ms  1/35 (2.9%)  
[  8] 148.00-149.00 sec  21.9 KBytes   179 Kbits/sec  32.122 ms  0/16 (0%)  
[  8] 149.00-150.00 sec  12.3 KBytes   101 Kbits/sec  41.816 ms  12/21 (57%)  
[  8] 150.00-151.00 sec  20.5 KBytes   168 Kbits/sec  31.381 ms  31/46 (67%)  
[  8] 151.00-152.00 sec  16.4 KBytes   134 Kbits/sec  33.031 ms  20/32 (62%)  
[  8] 152.00-153.00 sec  20.5 KBytes   168 Kbits/sec  37.733 ms  46/61 (75%)  
[  8] 153.00-154.00 sec   109 KBytes   896 Kbits/sec  16.995 ms  21/101 (21%)  
[  8] 154.00-155.00 sec  42.4 KBytes   347 Kbits/sec  18.861 ms  13/44 (30%)  
[  8] 155.00-156.00 sec  35.5 KBytes   291 Kbits/sec  23.991 ms  15/41 (37%)  
[  8] 156.00-157.00 sec  30.1 KBytes   246 Kbits/sec  27.002 ms  21/43 (49%)  
[  8] 157.00-158.00 sec  53.3 KBytes   437 Kbits/sec  9.045 ms  12/51 (24%)  
[  8] 158.00-159.00 sec  35.5 KBytes   291 Kbits/sec  8.368 ms  0/26 (0%)  
[  8] 159.00-160.00 sec  21.9 KBytes   179 Kbits/sec  35.517 ms  45/61 (74%)  
[  8] 160.00-161.00 sec  56.1 KBytes   459 Kbits/sec  11.136 ms  5/46 (11%)  
[  8] 161.00-162.00 sec  61.5 KBytes   504 Kbits/sec  8.728 ms  0/45 (0%)  
[  8] 162.00-163.00 sec  36.9 KBytes   302 Kbits/sec  13.429 ms  16/43 (37%)  
[  8] 163.00-164.00 sec  45.1 KBytes   370 Kbits/sec  12.543 ms  12/45 (27%)  
[  8] 164.00-165.00 sec  41.0 KBytes   336 Kbits/sec  18.211 ms  4/34 (12%)  
[  8] 165.00-166.00 sec  43.8 KBytes   358 Kbits/sec  22.536 ms  10/42 (24%)  
[  8] 166.00-167.00 sec  35.5 KBytes   291 Kbits/sec  21.238 ms  5/31 (16%)  
[  8] 167.00-168.00 sec  26.0 KBytes   213 Kbits/sec  25.521 ms  4/23 (17%)  
[  8] 168.00-169.00 sec  60.2 KBytes   493 Kbits/sec  20.826 ms  6/50 (12%)  
[  8] 169.00-170.00 sec  49.2 KBytes   403 Kbits/sec  16.649 ms  0/36 (0%)  
[  8] 170.00-171.00 sec  39.6 KBytes   325 Kbits/sec  18.288 ms  8/37 (22%)  
[  8] 171.00-172.00 sec  47.9 KBytes   392 Kbits/sec  29.056 ms  6/41 (15%)  
[  8] 172.00-173.00 sec  45.1 KBytes   370 Kbits/sec  24.097 ms  15/48 (31%)  
[  8] 173.00-174.00 sec  64.3 KBytes   526 Kbits/sec  38.689 ms  35/82 (43%)  
[  8] 174.00-175.01 sec  46.5 KBytes   378 Kbits/sec  19.565 ms  32/66 (48%)  
[  8] 175.01-176.00 sec  58.8 KBytes   485 Kbits/sec  13.036 ms  4/47 (8.5%)  
[  8] 176.00-177.00 sec  52.0 KBytes   426 Kbits/sec  18.766 ms  4/42 (9.5%)  
[  8] 177.00-178.00 sec  61.5 KBytes   504 Kbits/sec  13.972 ms  1/46 (2.2%)  
[  8] 178.00-179.00 sec  41.0 KBytes   336 Kbits/sec  23.347 ms  10/40 (25%)  
[  8] 179.00-180.00 sec  46.5 KBytes   381 Kbits/sec  23.500 ms  15/49 (31%)  
[  8] 180.00-181.00 sec  46.5 KBytes   381 Kbits/sec  16.955 ms  12/46 (26%)  
[  8] 181.00-182.00 sec  58.8 KBytes   482 Kbits/sec  9.495 ms  2/45 (4.4%)  
[  8] 182.00-183.00 sec  54.7 KBytes   448 Kbits/sec  8.219 ms  3/43 (7%)  
[  8] 183.00-184.00 sec  45.1 KBytes   370 Kbits/sec  20.032 ms  7/40 (18%)  
[  8] 184.00-185.00 sec  47.9 KBytes   392 Kbits/sec  17.678 ms  9/44 (20%)  
[  8] 185.00-186.00 sec  36.9 KBytes   302 Kbits/sec  24.957 ms  20/47 (43%)  
[  8] 186.00-187.00 sec  42.4 KBytes   347 Kbits/sec  27.338 ms  14/45 (31%)  
[  8] 187.00-188.00 sec  36.9 KBytes   302 Kbits/sec  19.699 ms  14/41 (34%)  
[  8] 188.00-189.00 sec  46.5 KBytes   381 Kbits/sec  14.987 ms  3/37 (8.1%)  
[  8] 189.00-190.00 sec  42.4 KBytes   347 Kbits/sec  9.379 ms  7/38 (18%)  
[  8] 190.00-191.00 sec  32.8 KBytes   269 Kbits/sec  16.183 ms  8/32 (25%)  
[  8] 191.00-192.00 sec  36.9 KBytes   302 Kbits/sec  23.851 ms  9/36 (25%)  
[  8] 192.00-193.00 sec  45.1 KBytes   370 Kbits/sec  45.572 ms  55/88 (62%)  
[  8] 193.00-194.00 sec  50.6 KBytes   414 Kbits/sec  11.855 ms  5/42 (12%)  
[  8] 194.00-195.00 sec  38.3 KBytes   314 Kbits/sec  12.606 ms  11/39 (28%)  
[  8] 195.00-196.00 sec  38.3 KBytes   314 Kbits/sec  19.263 ms  0/28 (0%)  
[  8] 196.00-197.00 sec  36.9 KBytes   302 Kbits/sec  18.494 ms  5/32 (16%)  
[  8] 197.00-198.00 sec  28.7 KBytes   235 Kbits/sec  18.716 ms  4/25 (16%)  
[  8] 198.00-199.00 sec  30.1 KBytes   246 Kbits/sec  68.972 ms  57/79 (72%)  
[  8] 199.00-200.00 sec  61.5 KBytes   504 Kbits/sec  23.753 ms  4/49 (8.2%)  
[  8] 200.00-201.00 sec  30.1 KBytes   246 Kbits/sec  28.642 ms  7/29 (24%)  
[  8] 201.00-202.00 sec  36.9 KBytes   302 Kbits/sec  21.749 ms  22/49 (45%)  
[  8] 202.00-203.00 sec  56.1 KBytes   459 Kbits/sec  15.426 ms  21/62 (34%)  
[  8] 203.00-204.00 sec  38.3 KBytes   314 Kbits/sec  17.110 ms  2/30 (6.7%)  
[  8] 204.00-205.00 sec  32.8 KBytes   269 Kbits/sec  22.988 ms  1/25 (4%)  
[  8] 205.00-206.00 sec  41.0 KBytes   336 Kbits/sec  18.100 ms  3/33 (9.1%)  
[  8] 206.00-207.00 sec  21.9 KBytes   179 Kbits/sec  41.224 ms  2/18 (11%)  
[  8] 207.00-208.00 sec  23.2 KBytes   190 Kbits/sec  37.807 ms  8/25 (32%)  
[  8] 208.00-209.00 sec  19.1 KBytes   157 Kbits/sec  45.221 ms  10/24 (42%)  
[  8] 209.00-210.00 sec  26.0 KBytes   213 Kbits/sec  46.870 ms  25/44 (57%)  
[  8] 210.00-211.00 sec  42.4 KBytes   347 Kbits/sec  27.939 ms  40/71 (56%)  
[  8] 211.00-212.00 sec  57.4 KBytes   470 Kbits/sec  19.881 ms  34/76 (45%)  
[  8] 212.00-213.00 sec  46.5 KBytes   380 Kbits/sec  18.669 ms  3/37 (8.1%)  
[  8] 213.00-214.00 sec  53.3 KBytes   437 Kbits/sec  12.897 ms  6/45 (13%)  
[  8] 214.00-215.00 sec  71.1 KBytes   582 Kbits/sec  21.474 ms  40/92 (43%)  
[  8] 215.00-216.00 sec  52.0 KBytes   426 Kbits/sec  21.111 ms  1/39 (2.6%)  
[  8] 216.00-217.00 sec  90.2 KBytes   739 Kbits/sec  15.919 ms  12/78 (15%)  
[  8] 217.00-218.00 sec  60.2 KBytes   492 Kbits/sec  15.260 ms  2/46 (4.3%)  
[  8] 218.00-219.00 sec  47.9 KBytes   392 Kbits/sec  18.312 ms  7/42 (17%)  
[  8] 219.00-220.00 sec  47.9 KBytes   392 Kbits/sec  18.443 ms  9/44 (20%)  
[  8] 220.00-221.00 sec  57.4 KBytes   470 Kbits/sec  26.194 ms  0/42 (0%)  
[  8] 221.00-222.00 sec  67.0 KBytes   550 Kbits/sec  15.336 ms  0/49 (0%)  
[  8] 222.00-223.00 sec  62.9 KBytes   515 Kbits/sec  6.025 ms  0/46 (0%)  
[  8] 223.00-224.00 sec  60.2 KBytes   493 Kbits/sec  6.047 ms  0/44 (0%)  
[  8] 224.00-225.00 sec  60.2 KBytes   493 Kbits/sec  9.469 ms  0/44 (0%)  
[  8] 225.00-226.00 sec  56.1 KBytes   459 Kbits/sec  8.681 ms  5/46 (11%)  
[  8] 226.00-227.00 sec  60.2 KBytes   493 Kbits/sec  6.402 ms  0/44 (0%)  
[  8] 227.00-228.00 sec  60.2 KBytes   493 Kbits/sec  6.158 ms  1/45 (2.2%)  
[  8] 228.00-229.00 sec  61.5 KBytes   504 Kbits/sec  6.123 ms  0/45 (0%)  
[  8] 229.00-230.00 sec  60.2 KBytes   493 Kbits/sec  3.804 ms  0/44 (0%)  
[  8] 230.00-231.00 sec  61.5 KBytes   504 Kbits/sec  5.068 ms  0/45 (0%)  
[  8] 231.00-232.00 sec  60.2 KBytes   493 Kbits/sec  6.036 ms  0/44 (0%)  
[  8] 232.00-233.00 sec  58.8 KBytes   482 Kbits/sec  2.231 ms  0/43 (0%)  
[  8] 233.00-234.00 sec  58.8 KBytes   482 Kbits/sec  14.371 ms  1/44 (2.3%)  
[  8] 234.00-235.00 sec  49.2 KBytes   403 Kbits/sec  20.396 ms  7/43 (16%)  
[  8] 235.00-236.00 sec  34.2 KBytes   280 Kbits/sec  19.702 ms  10/35 (29%)  
[  8] 236.00-237.00 sec  28.7 KBytes   235 Kbits/sec  24.563 ms  5/26 (19%)  
[  8] 237.00-238.01 sec  28.7 KBytes   234 Kbits/sec  29.400 ms  3/24 (12%)  
[  8] 238.01-239.00 sec  23.2 KBytes   191 Kbits/sec  39.347 ms  12/29 (41%)  
[  8] 239.00-240.00 sec  27.3 KBytes   224 Kbits/sec  31.678 ms  12/32 (38%)  
[  8] 240.00-241.00 sec  50.6 KBytes   414 Kbits/sec  39.655 ms  83/120 (69%)  
[  8] 241.00-242.00 sec  26.0 KBytes   212 Kbits/sec  35.329 ms  7/26 (27%)  
[  8] 242.00-243.00 sec  27.3 KBytes   224 Kbits/sec  69.116 ms  45/65 (69%)  
[  8] 243.00-244.00 sec  27.3 KBytes   224 Kbits/sec  47.042 ms  23/43 (53%)  
[  8] 244.00-245.00 sec  23.2 KBytes   190 Kbits/sec  40.513 ms  5/22 (23%)  
[  8] 245.00-246.00 sec  19.1 KBytes   157 Kbits/sec  47.049 ms  1/15 (6.7%)  
[  8] 246.00-247.00 sec  26.0 KBytes   213 Kbits/sec  53.576 ms  47/66 (71%)  
[  8] 247.00-248.00 sec  26.0 KBytes   213 Kbits/sec  38.073 ms  22/41 (54%)  
[  8] 248.00-249.00 sec  52.0 KBytes   426 Kbits/sec  25.447 ms  32/70 (46%)  
[  8] 249.00-250.00 sec  68.4 KBytes   560 Kbits/sec  20.221 ms  4/54 (7.4%)  
[  8] 250.00-251.00 sec  21.9 KBytes   179 Kbits/sec  36.365 ms  17/33 (52%)  
[  8] 251.00-252.00 sec  23.2 KBytes   190 Kbits/sec  57.712 ms  15/32 (47%)  
[  8] 252.00-253.00 sec  6.84 KBytes  56.0 Kbits/sec  64.415 ms  16/21 (76%)  
[  8] 253.00-254.00 sec  50.6 KBytes   414 Kbits/sec  59.225 ms  51/88 (58%)  
[  8] 254.00-255.00 sec  19.1 KBytes   157 Kbits/sec  44.222 ms  28/42 (67%)  
[  8] 255.00-256.00 sec  12.3 KBytes   101 Kbits/sec  47.954 ms  38/47 (81%)  
[  8] 256.00-257.00 sec  6.84 KBytes  56.0 Kbits/sec  54.024 ms  29/34 (85%)  
[  8] 257.00-258.00 sec  9.57 KBytes  78.4 Kbits/sec  48.289 ms  20/27 (74%)  
[  8] 258.00-259.00 sec  9.57 KBytes  78.4 Kbits/sec  44.941 ms  31/38 (82%)  
[  8] 259.00-260.00 sec  9.57 KBytes  78.4 Kbits/sec  65.620 ms  4/11 (36%)  
[  8] 260.00-261.00 sec  13.7 KBytes   112 Kbits/sec  65.910 ms  14/24 (58%)  
[  8] 261.00-262.00 sec  8.20 KBytes  67.2 Kbits/sec  72.311 ms  23/29 (79%)  
[  8] 262.00-263.00 sec  50.6 KBytes   414 Kbits/sec  55.208 ms  114/151 (75%)  
[  8] 263.00-264.00 sec  31.4 KBytes   258 Kbits/sec  30.135 ms  6/29 (21%)  
[  8] 264.00-265.00 sec  31.4 KBytes   258 Kbits/sec  24.161 ms  4/27 (15%)  
[  8] 265.00-266.00 sec  21.9 KBytes   179 Kbits/sec  36.041 ms  1/17 (5.9%)  
[  8] 266.00-267.00 sec  20.5 KBytes   168 Kbits/sec  50.364 ms  3/18 (17%)  
[  8] 267.00-268.00 sec  17.8 KBytes   146 Kbits/sec  51.053 ms  7/20 (35%)  
[  8] 268.00-269.00 sec  15.0 KBytes   123 Kbits/sec  59.620 ms  8/19 (42%)  
[  8] 269.00-270.00 sec  24.6 KBytes   202 Kbits/sec  40.075 ms  26/44 (59%)  
[  8] 270.00-271.00 sec  16.4 KBytes   134 Kbits/sec  82.246 ms  59/71 (83%)  
[  8] 271.00-272.00 sec  4.10 KBytes  33.6 Kbits/sec  82.886 ms  26/29 (90%)  
[  8] 272.00-273.00 sec  5.47 KBytes  44.8 Kbits/sec  109.207 ms  75/79 (95%)  
[  8] 273.00-274.00 sec  5.47 KBytes  44.8 Kbits/sec  124.651 ms  15/19 (79%)  
[  8] 274.00-275.00 sec  5.47 KBytes  44.8 Kbits/sec  120.893 ms  13/17 (76%)  
[  8] 275.00-276.00 sec  5.47 KBytes  44.8 Kbits/sec  121.036 ms  23/27 (85%)  
[  8] 276.00-277.00 sec  10.9 KBytes  89.6 Kbits/sec  107.320 ms  27/35 (77%)  
[  8] 277.00-278.00 sec  4.10 KBytes  33.6 Kbits/sec  100.466 ms  3/6 (50%)  
[  8] 278.00-279.00 sec  9.57 KBytes  78.4 Kbits/sec  107.588 ms  22/29 (76%)  
[  8] 279.00-280.00 sec  8.20 KBytes  67.1 Kbits/sec  94.609 ms  11/17 (65%)  
[  8] 280.00-281.00 sec  6.84 KBytes  56.0 Kbits/sec  105.699 ms  76/81 (94%)  
[  8] 281.00-282.00 sec  8.20 KBytes  67.3 Kbits/sec  91.425 ms  58/64 (91%)  
[  8] 282.00-283.00 sec  6.84 KBytes  56.0 Kbits/sec  156.962 ms  90/95 (95%)  
[  8] 283.00-284.00 sec  8.20 KBytes  67.2 Kbits/sec  167.986 ms  93/99 (94%)  
[  8] 284.00-285.00 sec  1.37 KBytes  11.2 Kbits/sec  172.768 ms  19/20 (95%)  
[  8] 285.00-286.00 sec  2.73 KBytes  22.5 Kbits/sec  162.203 ms  41/43 (95%)  
[  8] 286.00-287.00 sec  28.7 KBytes   235 Kbits/sec  87.998 ms  93/114 (82%)  
[  8] 287.00-288.00 sec  39.6 KBytes   325 Kbits/sec  28.339 ms  2/31 (6.5%)  
[  8] 288.00-289.00 sec  75.2 KBytes   616 Kbits/sec  34.547 ms  29/84 (35%)  
[  8] 289.00-290.00 sec  86.1 KBytes   704 Kbits/sec  7.981 ms  18/81 (22%)  
[  8] 290.00-291.00 sec  57.4 KBytes   470 Kbits/sec  7.744 ms  2/44 (4.5%)  
[  8] 291.00-292.00 sec  57.4 KBytes   471 Kbits/sec  7.083 ms  1/43 (2.3%)  
[  8] 292.00-293.00 sec  61.5 KBytes   503 Kbits/sec  5.726 ms  1/46 (2.2%)  
[  8] 293.00-294.00 sec  61.5 KBytes   505 Kbits/sec  8.474 ms  1/46 (2.2%)  
[  8] 294.00-295.00 sec  57.4 KBytes   470 Kbits/sec  9.095 ms  1/43 (2.3%)  
[  8] 295.00-296.00 sec  58.8 KBytes   482 Kbits/sec  6.349 ms  0/43 (0%)  
[  8] 296.00-297.00 sec  65.6 KBytes   538 Kbits/sec  10.470 ms  0/48 (0%)  
[  8] 297.00-298.00 sec  60.2 KBytes   493 Kbits/sec  3.970 ms  0/44 (0%)  
[  8] 298.00-299.00 sec  58.8 KBytes   481 Kbits/sec  8.158 ms  1/44 (2.3%)  
[  8] 299.00-300.00 sec  61.5 KBytes   504 Kbits/sec  6.125 ms  0/45 (0%)  
[  8] 300.00-301.00 sec  58.8 KBytes   481 Kbits/sec  7.128 ms  1/44 (2.3%)  
[  8] 301.00-302.00 sec  61.5 KBytes   505 Kbits/sec  2.777 ms  0/45 (0%)  
[  8] 302.00-303.00 sec  61.5 KBytes   504 Kbits/sec  2.245 ms  0/45 (0%)  
[  8] 303.00-304.00 sec  61.5 KBytes   504 Kbits/sec  2.190 ms  0/45 (0%)  
[  8] 304.00-305.00 sec  56.1 KBytes   459 Kbits/sec  13.134 ms  2/43 (4.7%)  
[  8] 305.00-306.00 sec  54.7 KBytes   448 Kbits/sec  13.528 ms  3/43 (7%)  
[  8] 306.00-307.00 sec  47.9 KBytes   392 Kbits/sec  16.550 ms  2/37 (5.4%)  
[  8] 307.00-308.00 sec  72.5 KBytes   594 Kbits/sec  17.092 ms  1/54 (1.9%)  
[  8] 308.00-309.00 sec  46.5 KBytes   381 Kbits/sec  13.295 ms  0/34 (0%)  
[  8] 309.00-310.00 sec  39.6 KBytes   325 Kbits/sec  16.848 ms  0/29 (0%)  
[  8] 310.00-311.00 sec  35.5 KBytes   291 Kbits/sec  18.451 ms  0/26 (0%)  
[  8] 311.00-312.00 sec  41.0 KBytes   336 Kbits/sec  15.931 ms  2/32 (6.2%)  
[  8] 312.00-313.00 sec  30.1 KBytes   247 Kbits/sec  33.088 ms  1/23 (4.3%)  
[  8] 313.00-314.00 sec  34.2 KBytes   280 Kbits/sec  30.651 ms  2/27 (7.4%)  
[  8] 314.00-315.00 sec  88.9 KBytes   729 Kbits/sec  21.105 ms  49/114 (43%)  
[  8] 315.00-316.00 sec  72.5 KBytes   591 Kbits/sec  19.491 ms  15/68 (22%)  
[  8] 316.00-317.00 sec  43.8 KBytes   360 Kbits/sec  13.464 ms  5/37 (14%)  
[  8] 317.00-318.00 sec  26.0 KBytes   213 Kbits/sec  31.178 ms  2/21 (9.5%)  
[  8] 318.00-319.00 sec  21.9 KBytes   179 Kbits/sec  33.726 ms  8/24 (33%)  
[  8] 319.00-320.00 sec  27.3 KBytes   224 Kbits/sec  45.097 ms  7/27 (26%)  
[  8] 320.00-321.00 sec  17.8 KBytes   146 Kbits/sec  55.065 ms  4/17 (24%)  
[  8] 321.00-322.00 sec  20.5 KBytes   168 Kbits/sec  54.543 ms  10/25 (40%)  
[  8] 322.00-323.00 sec  15.0 KBytes   123 Kbits/sec  55.528 ms  19/30 (63%)  
[  8] 323.00-324.00 sec  19.1 KBytes   157 Kbits/sec  62.708 ms  39/53 (74%)  
[  8] 324.00-325.00 sec  30.1 KBytes   246 Kbits/sec  43.054 ms  26/48 (54%)  
[  8] 325.00-326.00 sec  15.0 KBytes   123 Kbits/sec  54.381 ms  14/25 (56%)  
[  8] 326.00-327.01 sec  30.1 KBytes   244 Kbits/sec  44.703 ms  24/46 (52%)  
[  8] 327.01-328.00 sec  34.2 KBytes   283 Kbits/sec  29.027 ms  22/47 (47%)  
[  8] 328.00-329.00 sec  15.0 KBytes   123 Kbits/sec  112.761 ms  102/113 (90%)  
[  8] 329.00-330.00 sec  9.57 KBytes  78.4 Kbits/sec  85.212 ms  39/46 (85%)  
[  8] 330.00-331.00 sec  36.9 KBytes   302 Kbits/sec  69.436 ms  82/109 (75%)  
[  8] 331.00-332.00 sec  24.6 KBytes   202 Kbits/sec  48.916 ms  23/41 (56%)  
[  8] 332.00-333.00 sec  27.3 KBytes   224 Kbits/sec  37.113 ms  19/39 (49%)  
[  8] 333.00-334.00 sec  20.5 KBytes   168 Kbits/sec  40.134 ms  29/44 (66%)  
[  8] 334.00-335.00 sec  21.9 KBytes   179 Kbits/sec  47.861 ms  15/31 (48%)  
[  8] 335.00-336.00 sec  30.1 KBytes   247 Kbits/sec  40.135 ms  0/22 (0%)  
[  8] 336.00-337.01 sec  43.8 KBytes   356 Kbits/sec  31.787 ms  48/80 (60%)  
[  8] 337.01-338.00 sec  86.1 KBytes   710 Kbits/sec  7.800 ms  0/63 (0%)  
[  8] 338.00-339.00 sec  53.3 KBytes   437 Kbits/sec  11.259 ms  4/43 (9.3%)  
[  8] 339.00-340.00 sec  62.9 KBytes   515 Kbits/sec  5.240 ms  0/46 (0%)  
- - - - - - - - - - - - - - - - - - - - - - - - -
[ ID] Interval           Transfer     Bitrate         Jitter    Lost/Total Datagrams
[  8]   0.00-340.04 sec  14.9 MBytes   368 Kbits/sec  5.240 ms  3997/15178 (26%)  receiver
