-----------------------------------------------------------
Server listening on 5201 (test #1)
-----------------------------------------------------------
Accepted connection from 10.0.0.1, port 60826
[  8] local 10.0.0.65 port 5201 connected to 10.0.0.1 port 51258
[ ID] Interval           Transfer     Bitrate         Jitter    Lost/Total Datagrams
[  8]   0.00-1.00   sec  2.15 MBytes  18.1 Mbits/sec  0.906 ms  158/1771 (8.9%)  
[  8]   1.00-2.00   sec  2.07 MBytes  17.4 Mbits/sec  0.628 ms  238/1792 (13%)  
[  8]   2.00-3.00   sec  2.34 MBytes  19.6 Mbits/sec  0.926 ms  21/1774 (1.2%)  
[  8]   3.00-4.00   sec  2.38 MBytes  20.0 Mbits/sec  0.562 ms  14/1798 (0.78%)  
[  8]   4.00-5.00   sec  2.38 MBytes  20.0 Mbits/sec  0.415 ms  1/1786 (0.056%)  
[  8]   5.00-6.00   sec  2.38 MBytes  20.0 Mbits/sec  0.411 ms  0/1783 (0%)  
[  8]   6.00-7.00   sec  2.38 MBytes  20.0 Mbits/sec  0.298 ms  4/1789 (0.22%)  
[  8]   7.00-8.00   sec  2.36 MBytes  19.8 Mbits/sec  0.595 ms  15/1783 (0.84%)  
[  8]   8.00-9.00   sec  2.38 MBytes  20.0 Mbits/sec  0.654 ms  0/1785 (0%)  
[  8]   9.00-10.00  sec  2.38 MBytes  19.9 Mbits/sec  0.625 ms  2/1782 (0.11%)  
[  8]  10.00-11.00  sec  2.38 MBytes  19.9 Mbits/sec  0.651 ms  8/1792 (0.45%)  
[  8]  11.00-12.00  sec  2.32 MBytes  19.5 Mbits/sec  0.517 ms  47/1783 (2.6%)  
[  8]  12.00-13.00  sec  2.39 MBytes  20.0 Mbits/sec  0.643 ms  1/1790 (0.056%)  
[  8]  13.00-14.00  sec  2.33 MBytes  19.6 Mbits/sec  0.959 ms  16/1762 (0.91%)  
[  8]  14.00-15.00  sec  2.38 MBytes  20.0 Mbits/sec  0.576 ms  20/1803 (1.1%)  
[  8]  15.00-16.00  sec  2.33 MBytes  19.6 Mbits/sec  0.955 ms  35/1783 (2%)  
[  8]  16.00-17.00  sec  2.38 MBytes  19.9 Mbits/sec  0.571 ms  4/1784 (0.22%)  
[  8]  17.00-18.00  sec  2.37 MBytes  19.9 Mbits/sec  0.334 ms  19/1796 (1.1%)  
[  8]  18.00-19.00  sec  2.35 MBytes  19.7 Mbits/sec  0.561 ms  20/1781 (1.1%)  
[  8]  19.00-20.00  sec  2.34 MBytes  19.7 Mbits/sec  0.737 ms  36/1791 (2%)  
[  8]  20.00-21.00  sec  2.37 MBytes  19.9 Mbits/sec  0.528 ms  0/1777 (0%)  
[  8]  21.00-22.00  sec  2.39 MBytes  20.0 Mbits/sec  0.686 ms  5/1792 (0.28%)  
[  8]  22.00-23.00  sec  2.30 MBytes  19.3 Mbits/sec  0.705 ms  58/1783 (3.3%)  
[  8]  23.00-24.00  sec  2.36 MBytes  19.8 Mbits/sec  0.774 ms  12/1778 (0.67%)  
[  8]  24.00-25.00  sec  2.37 MBytes  19.9 Mbits/sec  0.587 ms  25/1799 (1.4%)  
[  8]  25.00-26.00  sec  2.36 MBytes  19.8 Mbits/sec  0.548 ms  12/1781 (0.67%)  
[  8]  26.00-27.00  sec  2.33 MBytes  19.5 Mbits/sec  0.306 ms  39/1784 (2.2%)  
[  8]  27.00-28.00  sec  1.56 MBytes  13.1 Mbits/sec  3.542 ms  514/1684 (31%)  
[  8]  28.00-29.00  sec  1.03 MBytes  8.62 Mbits/sec  1.254 ms  814/1584 (51%)  
[  8]  29.00-30.00  sec  1.62 MBytes  13.6 Mbits/sec  0.802 ms  683/1896 (36%)  
[  8]  30.00-31.00  sec  2.17 MBytes  18.2 Mbits/sec  1.308 ms  346/1970 (18%)  
[  8]  31.00-32.00  sec  2.29 MBytes  19.2 Mbits/sec  0.621 ms  70/1784 (3.9%)  
[  8]  32.00-33.00  sec  2.11 MBytes  17.7 Mbits/sec  0.712 ms  220/1797 (12%)  
[  8]  33.00-34.00  sec  1.44 MBytes  12.1 Mbits/sec  0.474 ms  564/1640 (34%)  
[  8]  34.00-35.00  sec  1.54 MBytes  12.9 Mbits/sec  1.156 ms  550/1703 (32%)  
[  8]  35.00-36.00  sec  2.06 MBytes  17.3 Mbits/sec  0.503 ms  427/1967 (22%)  
[  8]  36.00-37.00  sec  2.42 MBytes  20.3 Mbits/sec  0.681 ms  26/1838 (1.4%)  
[  8]  37.00-38.00  sec  2.30 MBytes  19.3 Mbits/sec  0.851 ms  48/1772 (2.7%)  
[  8]  38.00-39.00  sec  2.21 MBytes  18.6 Mbits/sec  0.892 ms  110/1767 (6.2%)  
[  8]  39.00-40.00  sec  1.60 MBytes  13.4 Mbits/sec  0.605 ms  541/1740 (31%)  
[  8]  40.00-41.00  sec  1.36 MBytes  11.4 Mbits/sec  0.729 ms  826/1843 (45%)  
[  8]  41.00-42.00  sec  1.89 MBytes  15.8 Mbits/sec  0.614 ms  323/1735 (19%)  
[  8]  42.00-43.00  sec  1.77 MBytes  14.8 Mbits/sec  0.329 ms  499/1822 (27%)  
[  8]  43.00-44.00  sec  2.11 MBytes  17.7 Mbits/sec  0.249 ms  169/1751 (9.7%)  
[  8]  44.00-45.00  sec  2.15 MBytes  18.1 Mbits/sec  0.344 ms  232/1846 (13%)  
[  8]  45.00-46.00  sec  2.32 MBytes  19.4 Mbits/sec  0.958 ms  44/1781 (2.5%)  
[  8]  46.00-47.00  sec  2.34 MBytes  19.7 Mbits/sec  0.677 ms  34/1789 (1.9%)  
[  8]  47.00-48.00  sec  2.40 MBytes  20.1 Mbits/sec  0.447 ms  1/1795 (0.056%)  
[  8]  48.00-49.00  sec  2.36 MBytes  19.8 Mbits/sec  0.644 ms  11/1777 (0.62%)  
[  8]  49.00-50.00  sec  2.38 MBytes  19.9 Mbits/sec  0.458 ms  11/1791 (0.61%)  
[  8]  50.00-51.00  sec  2.37 MBytes  19.9 Mbits/sec  0.480 ms  6/1780 (0.34%)  
[  8]  51.00-52.00  sec  2.15 MBytes  18.0 Mbits/sec  0.224 ms  185/1795 (10%)  
[  8]  52.00-53.00  sec  2.20 MBytes  18.5 Mbits/sec  0.567 ms  107/1756 (6.1%)  
[  8]  53.00-54.00  sec  2.33 MBytes  19.5 Mbits/sec  0.811 ms  68/1810 (3.8%)  
[  8]  54.00-55.00  sec  2.36 MBytes  19.8 Mbits/sec  0.557 ms  22/1791 (1.2%)  
[  8]  55.00-56.00  sec  2.37 MBytes  19.9 Mbits/sec  0.495 ms  2/1780 (0.11%)  
[  8]  56.00-57.00  sec  2.36 MBytes  19.8 Mbits/sec  0.744 ms  23/1789 (1.3%)  
[  8]  57.00-58.00  sec  2.36 MBytes  19.8 Mbits/sec  0.643 ms  21/1785 (1.2%)  
[  8]  58.00-59.00  sec  2.34 MBytes  19.6 Mbits/sec  0.542 ms  33/1783 (1.9%)  
[  8]  59.00-60.00  sec  2.32 MBytes  19.4 Mbits/sec  0.737 ms  45/1779 (2.5%)  
[  8]  60.00-61.00  sec  2.40 MBytes  20.1 Mbits/sec  0.685 ms  2/1797 (0.11%)  
[  8]  61.00-62.00  sec  2.37 MBytes  19.9 Mbits/sec  0.648 ms  14/1790 (0.78%)  
[  8]  62.00-63.00  sec  2.38 MBytes  20.0 Mbits/sec  0.423 ms  6/1787 (0.34%)  
[  8]  63.00-64.00  sec  2.33 MBytes  19.6 Mbits/sec  0.710 ms  24/1772 (1.4%)  
[  8]  64.00-65.00  sec  2.40 MBytes  20.1 Mbits/sec  0.387 ms  2/1798 (0.11%)  
[  8]  65.00-66.00  sec  2.36 MBytes  19.8 Mbits/sec  0.375 ms  14/1785 (0.78%)  
[  8]  66.00-67.00  sec  2.38 MBytes  20.0 Mbits/sec  0.537 ms  0/1785 (0%)  
[  8]  67.00-68.00  sec  2.37 MBytes  19.9 Mbits/sec  0.547 ms  4/1782 (0.22%)  
[  8]  68.00-69.00  sec  2.39 MBytes  20.0 Mbits/sec  0.612 ms  0/1790 (0%)  
[  8]  69.00-70.00  sec  2.38 MBytes  20.0 Mbits/sec  0.640 ms  0/1786 (0%)  
[  8]  70.00-71.00  sec  2.37 MBytes  19.9 Mbits/sec  0.556 ms  5/1781 (0.28%)  
[  8]  71.00-72.00  sec  2.38 MBytes  19.9 Mbits/sec  0.800 ms  3/1788 (0.17%)  
[  8]  72.00-73.00  sec  2.26 MBytes  19.0 Mbits/sec  0.590 ms  63/1752 (3.6%)  
[  8]  73.00-74.00  sec  2.32 MBytes  19.5 Mbits/sec  0.418 ms  62/1803 (3.4%)  
[  8]  74.00-75.00  sec  2.22 MBytes  18.6 Mbits/sec  0.835 ms  123/1786 (6.9%)  
[  8]  75.00-76.00  sec  2.35 MBytes  19.7 Mbits/sec  0.858 ms  29/1791 (1.6%)  
[  8]  76.00-77.00  sec  2.26 MBytes  19.0 Mbits/sec  0.681 ms  84/1780 (4.7%)  
[  8]  77.00-78.00  sec  2.07 MBytes  17.3 Mbits/sec  0.562 ms  260/1808 (14%)  
[  8]  78.00-79.00  sec  2.25 MBytes  18.9 Mbits/sec  0.553 ms  88/1776 (5%)  
[  8]  79.00-80.00  sec  2.31 MBytes  19.4 Mbits/sec  0.439 ms  57/1788 (3.2%)  
[  8]  80.00-81.00  sec  2.26 MBytes  19.0 Mbits/sec  0.747 ms  94/1789 (5.3%)  
[  8]  81.00-82.00  sec  2.32 MBytes  19.4 Mbits/sec  0.639 ms  47/1781 (2.6%)  
[  8]  82.00-83.00  sec  2.22 MBytes  18.6 Mbits/sec  0.968 ms  95/1758 (5.4%)  
[  8]  83.00-84.00  sec  2.07 MBytes  17.4 Mbits/sec  0.547 ms  267/1820 (15%)  
[  8]  84.00-85.00  sec  2.19 MBytes  18.3 Mbits/sec  1.399 ms  112/1750 (6.4%)  
[  8]  85.00-86.00  sec  1.98 MBytes  16.6 Mbits/sec  0.692 ms  335/1816 (18%)  
[  8]  86.00-87.00  sec  2.32 MBytes  19.5 Mbits/sec  0.764 ms  48/1786 (2.7%)  
[  8]  87.00-88.00  sec  2.26 MBytes  19.0 Mbits/sec  0.952 ms  92/1788 (5.1%)  
[  8]  88.00-89.00  sec  1.93 MBytes  16.2 Mbits/sec  0.790 ms  296/1745 (17%)  
[  8]  89.00-90.00  sec  2.09 MBytes  17.5 Mbits/sec  0.441 ms  256/1821 (14%)  
[  8]  90.00-91.00  sec  2.09 MBytes  17.5 Mbits/sec  0.767 ms  220/1784 (12%)  
[  8]  91.00-92.00  sec  2.31 MBytes  19.4 Mbits/sec  0.482 ms  54/1787 (3%)  
[  8]  92.00-93.00  sec  2.14 MBytes  18.0 Mbits/sec  0.390 ms  185/1789 (10%)  
[  8]  93.00-94.00  sec  2.07 MBytes  17.4 Mbits/sec  0.557 ms  230/1783 (13%)  
[  8]  94.00-95.00  sec  1.75 MBytes  14.7 Mbits/sec  0.966 ms  448/1759 (25%)  
[  8]  95.00-96.00  sec  1.90 MBytes  15.9 Mbits/sec  0.945 ms  369/1791 (21%)  
[  8]  96.00-97.00  sec  2.18 MBytes  18.3 Mbits/sec  0.671 ms  175/1807 (9.7%)  
[  8]  97.00-98.00  sec  2.12 MBytes  17.8 Mbits/sec  0.534 ms  193/1782 (11%)  
[  8]  98.00-99.00  sec  2.19 MBytes  18.3 Mbits/sec  0.691 ms  155/1793 (8.6%)  
[  8]  99.00-100.00 sec  2.26 MBytes  19.0 Mbits/sec  0.542 ms  91/1785 (5.1%)  
[  8] 100.00-101.00 sec  2.34 MBytes  19.6 Mbits/sec  0.572 ms  36/1786 (2%)  
[  8] 101.00-102.00 sec  2.05 MBytes  17.2 Mbits/sec  0.664 ms  248/1780 (14%)  
[  8] 102.00-103.00 sec  2.36 MBytes  19.8 Mbits/sec  0.280 ms  29/1797 (1.6%)  
[  8] 103.00-104.00 sec  2.38 MBytes  19.9 Mbits/sec  0.517 ms  6/1785 (0.34%)  
[  8] 104.00-105.00 sec  2.33 MBytes  19.5 Mbits/sec  0.832 ms  33/1776 (1.9%)  
[  8] 105.00-106.00 sec  1.88 MBytes  15.7 Mbits/sec  0.506 ms  353/1758 (20%)  
[  8] 106.00-107.00 sec  1.93 MBytes  16.2 Mbits/sec  0.959 ms  336/1779 (19%)  
[  8] 107.00-108.00 sec  2.16 MBytes  18.1 Mbits/sec  0.668 ms  213/1829 (12%)  
[  8] 108.00-109.00 sec  2.38 MBytes  20.0 Mbits/sec  0.562 ms  3/1787 (0.17%)  
[  8] 109.00-110.00 sec  2.30 MBytes  19.3 Mbits/sec  0.504 ms  51/1773 (2.9%)  
[  8] 110.00-111.00 sec  2.23 MBytes  18.7 Mbits/sec  0.493 ms  113/1781 (6.3%)  
[  8] 111.00-112.00 sec  2.07 MBytes  17.3 Mbits/sec  0.521 ms  240/1787 (13%)  
[  8] 112.00-113.00 sec  1.89 MBytes  15.8 Mbits/sec  0.640 ms  146/1559 (9.4%)  
[  8] 113.00-114.00 sec  2.19 MBytes  18.4 Mbits/sec  0.379 ms  363/2005 (18%)  
[  8] 114.00-115.00 sec  2.22 MBytes  18.6 Mbits/sec  0.666 ms  128/1787 (7.2%)  
[  8] 115.00-116.00 sec  2.37 MBytes  19.9 Mbits/sec  0.549 ms  30/1806 (1.7%)  
[  8] 116.00-117.00 sec  2.19 MBytes  18.4 Mbits/sec  0.700 ms  131/1773 (7.4%)  
[  8] 117.00-118.00 sec  2.24 MBytes  18.7 Mbits/sec  0.559 ms  110/1784 (6.2%)  
[  8] 118.00-119.00 sec  2.12 MBytes  17.8 Mbits/sec  0.793 ms  187/1777 (11%)  
[  8] 119.00-120.00 sec  2.39 MBytes  20.0 Mbits/sec  0.419 ms  15/1802 (0.83%)  
[  8] 120.00-121.00 sec  1.63 MBytes  13.6 Mbits/sec  1.189 ms  188/1406 (13%)  
[  8] 121.00-122.00 sec  2.33 MBytes  19.5 Mbits/sec  0.508 ms  426/2170 (20%)  
[  8] 122.00-123.00 sec  2.34 MBytes  19.6 Mbits/sec  0.569 ms  13/1765 (0.74%)  
[  8] 123.00-124.00 sec  2.31 MBytes  19.4 Mbits/sec  0.786 ms  42/1772 (2.4%)  
[  8] 124.00-125.00 sec  2.28 MBytes  19.1 Mbits/sec  0.492 ms  96/1800 (5.3%)  
[  8] 125.00-126.00 sec  2.26 MBytes  18.9 Mbits/sec  0.708 ms  111/1800 (6.2%)  
[  8] 126.00-127.00 sec  2.35 MBytes  19.7 Mbits/sec  0.454 ms  15/1777 (0.84%)  
[  8] 127.00-128.00 sec  2.17 MBytes  18.2 Mbits/sec  0.363 ms  169/1797 (9.4%)  
[  8] 128.00-129.00 sec  2.35 MBytes  19.8 Mbits/sec  0.610 ms  33/1793 (1.8%)  
[  8] 129.00-130.00 sec  2.37 MBytes  19.9 Mbits/sec  0.581 ms  1/1779 (0.056%)  
[  8] 130.00-131.00 sec  2.24 MBytes  18.8 Mbits/sec  1.142 ms  40/1720 (2.3%)  
[  8] 131.00-132.00 sec  2.38 MBytes  19.9 Mbits/sec  0.707 ms  70/1850 (3.8%)  
[  8] 132.00-133.00 sec  2.24 MBytes  18.8 Mbits/sec  0.962 ms  61/1740 (3.5%)  
[  8] 133.00-134.00 sec  2.32 MBytes  19.4 Mbits/sec  0.660 ms  105/1840 (5.7%)  
[  8] 134.00-135.00 sec  2.28 MBytes  19.2 Mbits/sec  0.587 ms  49/1761 (2.8%)  
[  8] 135.00-136.00 sec  2.33 MBytes  19.6 Mbits/sec  0.553 ms  60/1806 (3.3%)  
[  8] 136.00-137.00 sec  2.37 MBytes  19.9 Mbits/sec  0.402 ms  12/1787 (0.67%)  
[  8] 137.00-138.00 sec  2.36 MBytes  19.8 Mbits/sec  0.284 ms  10/1780 (0.56%)  
[  8] 138.00-139.00 sec  2.32 MBytes  19.4 Mbits/sec  0.669 ms  49/1784 (2.7%)  
[  8] 139.00-140.00 sec  2.28 MBytes  19.1 Mbits/sec  0.613 ms  89/1793 (5%)  
[  8] 140.00-141.00 sec  2.37 MBytes  19.9 Mbits/sec  0.586 ms  6/1784 (0.34%)  
[  8] 141.00-142.00 sec  2.34 MBytes  19.6 Mbits/sec  0.942 ms  23/1775 (1.3%)  
[  8] 142.00-143.00 sec  2.36 MBytes  19.8 Mbits/sec  0.736 ms  12/1780 (0.67%)  
[  8] 143.00-144.00 sec  2.31 MBytes  19.4 Mbits/sec  0.466 ms  72/1805 (4%)  
[  8] 144.00-145.00 sec  2.38 MBytes  20.0 Mbits/sec  0.641 ms  4/1788 (0.22%)  
[  8] 145.00-146.00 sec  2.38 MBytes  19.9 Mbits/sec  0.645 ms  5/1785 (0.28%)  
[  8] 146.00-147.00 sec  2.37 MBytes  19.8 Mbits/sec  0.527 ms  7/1781 (0.39%)  
[  8] 147.00-148.00 sec  2.37 MBytes  19.9 Mbits/sec  0.472 ms  13/1786 (0.73%)  
[  8] 148.00-149.00 sec  2.26 MBytes  19.0 Mbits/sec  1.115 ms  91/1785 (5.1%)  
[  8] 149.00-150.00 sec  2.38 MBytes  19.9 Mbits/sec  0.387 ms  5/1786 (0.28%)  
[  8] 150.00-151.00 sec  2.38 MBytes  19.9 Mbits/sec  0.525 ms  3/1783 (0.17%)  
[  8] 151.00-152.00 sec  2.38 MBytes  20.0 Mbits/sec  0.615 ms  2/1786 (0.11%)  
[  8] 152.00-153.00 sec  2.38 MBytes  20.0 Mbits/sec  0.651 ms  8/1792 (0.45%)  
[  8] 153.00-154.00 sec  2.33 MBytes  19.5 Mbits/sec  0.599 ms  38/1780 (2.1%)  
[  8] 154.00-155.00 sec  2.37 MBytes  19.9 Mbits/sec  0.554 ms  12/1789 (0.67%)  
[  8] 155.00-156.00 sec  2.38 MBytes  19.9 Mbits/sec  0.558 ms  8/1788 (0.45%)  
[  8] 156.00-157.00 sec  2.36 MBytes  19.8 Mbits/sec  0.498 ms  7/1772 (0.4%)  
[  8] 157.00-158.00 sec  2.35 MBytes  19.7 Mbits/sec  0.403 ms  31/1793 (1.7%)  
[  8] 158.00-159.00 sec  2.37 MBytes  19.8 Mbits/sec  0.402 ms  15/1787 (0.84%)  
[  8] 159.00-160.00 sec  2.39 MBytes  20.0 Mbits/sec  0.610 ms  0/1790 (0%)  
[  8] 160.00-161.00 sec  2.34 MBytes  19.6 Mbits/sec  1.114 ms  12/1763 (0.68%)  
[  8] 161.00-162.00 sec  2.27 MBytes  19.1 Mbits/sec  0.622 ms  100/1802 (5.5%)  
[  8] 162.00-163.00 sec  2.31 MBytes  19.4 Mbits/sec  0.661 ms  49/1782 (2.7%)  
[  8] 163.00-164.00 sec  2.38 MBytes  19.9 Mbits/sec  0.590 ms  11/1791 (0.61%)  
[  8] 164.00-165.00 sec  2.39 MBytes  20.1 Mbits/sec  0.380 ms  1/1790 (0.056%)  
[  8] 165.00-166.00 sec  2.36 MBytes  19.8 Mbits/sec  0.622 ms  10/1778 (0.56%)  
[  8] 166.00-167.00 sec  2.39 MBytes  20.1 Mbits/sec  0.575 ms  0/1793 (0%)  
[  8] 167.00-168.00 sec  2.38 MBytes  19.9 Mbits/sec  0.674 ms  0/1779 (0%)  
[  8] 168.00-169.00 sec  2.35 MBytes  19.7 Mbits/sec  0.659 ms  22/1781 (1.2%)  
[  8] 169.00-170.00 sec  2.38 MBytes  20.0 Mbits/sec  0.688 ms  6/1792 (0.33%)  
[  8] 170.00-171.00 sec  2.37 MBytes  19.9 Mbits/sec  0.640 ms  0/1778 (0%)  
[  8] 171.00-172.00 sec  2.25 MBytes  18.9 Mbits/sec  0.899 ms  108/1793 (6%)  
[  8] 172.00-173.00 sec  2.35 MBytes  19.7 Mbits/sec  0.701 ms  27/1789 (1.5%)  
[  8] 173.00-174.00 sec  2.35 MBytes  19.7 Mbits/sec  0.647 ms  15/1777 (0.84%)  
[  8] 174.00-175.00 sec  2.36 MBytes  19.8 Mbits/sec  0.652 ms  19/1785 (1.1%)  
[  8] 175.00-176.00 sec  2.39 MBytes  20.1 Mbits/sec  0.728 ms  6/1797 (0.33%)  
[  8] 176.00-177.00 sec  2.36 MBytes  19.8 Mbits/sec  0.387 ms  15/1784 (0.84%)  
[  8] 177.00-178.00 sec  2.38 MBytes  20.0 Mbits/sec  0.631 ms  4/1786 (0.22%)  
[  8] 178.00-179.00 sec  2.36 MBytes  19.8 Mbits/sec  0.793 ms  14/1782 (0.79%)  
[  8] 179.00-180.00 sec  2.37 MBytes  19.9 Mbits/sec  0.770 ms  12/1790 (0.67%)  
[  8] 180.00-181.00 sec  2.39 MBytes  20.1 Mbits/sec  0.181 ms  0/1787 (0%)  
[  8] 181.00-182.00 sec  2.38 MBytes  20.0 Mbits/sec  0.516 ms  0/1786 (0%)  
[  8] 182.00-183.00 sec  2.36 MBytes  19.8 Mbits/sec  0.653 ms  10/1780 (0.56%)  
[  8] 183.00-184.00 sec  2.36 MBytes  19.8 Mbits/sec  0.675 ms  23/1789 (1.3%)  
[  8] 184.00-185.00 sec  2.23 MBytes  18.7 Mbits/sec  0.380 ms  116/1786 (6.5%)  
[  8] 185.00-186.00 sec  2.37 MBytes  19.9 Mbits/sec  0.477 ms  11/1789 (0.61%)  
[  8] 186.00-187.00 sec  2.38 MBytes  20.0 Mbits/sec  0.354 ms  1/1787 (0.056%)  
[  8] 187.00-188.00 sec  2.36 MBytes  19.8 Mbits/sec  0.485 ms  13/1780 (0.73%)  
[  8] 188.00-189.00 sec  2.38 MBytes  19.9 Mbits/sec  0.407 ms  10/1789 (0.56%)  
[  8] 189.00-190.00 sec  2.34 MBytes  19.6 Mbits/sec  0.471 ms  28/1782 (1.6%)  
[  8] 190.00-191.00 sec  2.38 MBytes  20.0 Mbits/sec  0.610 ms  6/1791 (0.34%)  
[  8] 191.00-192.00 sec  2.37 MBytes  19.9 Mbits/sec  0.599 ms  1/1775 (0.056%)  
[  8] 192.00-193.00 sec  2.37 MBytes  19.9 Mbits/sec  0.357 ms  13/1790 (0.73%)  
[  8] 193.00-194.00 sec  2.37 MBytes  19.9 Mbits/sec  0.396 ms  12/1790 (0.67%)  
[  8] 194.00-195.00 sec  2.38 MBytes  20.0 Mbits/sec  0.422 ms  2/1784 (0.11%)  
[  8] 195.00-196.00 sec  2.37 MBytes  19.8 Mbits/sec  0.259 ms  12/1784 (0.67%)  
[  8] 196.00-197.00 sec  2.28 MBytes  19.1 Mbits/sec  0.658 ms  50/1760 (2.8%)  
[  8] 197.00-198.00 sec  2.33 MBytes  19.6 Mbits/sec  0.485 ms  65/1813 (3.6%)  
[  8] 198.00-199.00 sec  2.27 MBytes  19.0 Mbits/sec  0.507 ms  82/1782 (4.6%)  
[  8] 199.00-200.00 sec  2.38 MBytes  20.0 Mbits/sec  0.685 ms  3/1788 (0.17%)  
[  8] 200.00-201.00 sec  2.38 MBytes  20.0 Mbits/sec  0.586 ms  2/1788 (0.11%)  
[  8] 201.00-202.00 sec  2.36 MBytes  19.8 Mbits/sec  0.847 ms  15/1782 (0.84%)  
[  8] 202.00-203.00 sec  2.37 MBytes  19.9 Mbits/sec  0.635 ms  13/1789 (0.73%)  
[  8] 203.00-204.00 sec  2.38 MBytes  19.9 Mbits/sec  0.704 ms  2/1782 (0.11%)  
[  8] 204.00-205.00 sec  2.38 MBytes  20.0 Mbits/sec  0.739 ms  0/1784 (0%)  
[  8] 205.00-206.00 sec  2.37 MBytes  19.9 Mbits/sec  0.698 ms  18/1793 (1%)  
[  8] 206.00-207.00 sec  2.38 MBytes  19.9 Mbits/sec  0.512 ms  2/1782 (0.11%)  
[  8] 207.00-208.00 sec  2.38 MBytes  20.0 Mbits/sec  0.461 ms  3/1787 (0.17%)  
[  8] 208.00-209.00 sec  2.36 MBytes  19.8 Mbits/sec  0.465 ms  17/1787 (0.95%)  
[  8] 209.00-210.00 sec  2.34 MBytes  19.7 Mbits/sec  0.882 ms  30/1785 (1.7%)  
[  8] 210.00-211.00 sec  2.37 MBytes  19.9 Mbits/sec  0.684 ms  7/1784 (0.39%)  
[  8] 211.00-212.00 sec  2.38 MBytes  20.0 Mbits/sec  0.453 ms  0/1785 (0%)  
[  8] 212.00-213.00 sec  2.39 MBytes  20.0 Mbits/sec  0.548 ms  3/1792 (0.17%)  
[  8] 213.00-214.00 sec  2.35 MBytes  19.7 Mbits/sec  0.717 ms  15/1773 (0.85%)  
[  8] 214.00-215.00 sec  2.39 MBytes  20.1 Mbits/sec  0.697 ms  0/1791 (0%)  
[  8] 215.00-216.00 sec  2.38 MBytes  20.0 Mbits/sec  0.548 ms  3/1787 (0.17%)  
[  8] 216.00-217.00 sec  2.34 MBytes  19.7 Mbits/sec  0.829 ms  29/1784 (1.6%)  
[  8] 217.00-218.00 sec  2.39 MBytes  20.0 Mbits/sec  0.462 ms  3/1791 (0.17%)  
[  8] 218.00-219.00 sec  2.31 MBytes  19.4 Mbits/sec  0.738 ms  57/1786 (3.2%)  
[  8] 219.00-220.00 sec  2.36 MBytes  19.8 Mbits/sec  0.826 ms  12/1779 (0.67%)  
[  8] 220.00-221.00 sec  2.37 MBytes  19.9 Mbits/sec  0.714 ms  17/1790 (0.95%)  
[  8] 221.00-222.00 sec  2.39 MBytes  20.0 Mbits/sec  0.258 ms  0/1788 (0%)  
[  8] 222.00-223.00 sec  2.38 MBytes  19.9 Mbits/sec  0.491 ms  4/1784 (0.22%)  
[  8] 223.00-224.00 sec  2.35 MBytes  19.7 Mbits/sec  0.584 ms  12/1775 (0.68%)  
[  8] 224.00-225.00 sec  2.40 MBytes  20.1 Mbits/sec  0.518 ms  0/1795 (0%)  
[  8] 225.00-226.00 sec  2.34 MBytes  19.6 Mbits/sec  0.678 ms  36/1788 (2%)  
[  8] 226.00-227.00 sec  2.37 MBytes  19.9 Mbits/sec  0.629 ms  12/1789 (0.67%)  
[  8] 227.00-228.00 sec  2.37 MBytes  19.9 Mbits/sec  0.710 ms  6/1780 (0.34%)  
[  8] 228.00-229.00 sec  2.30 MBytes  19.3 Mbits/sec  0.632 ms  41/1765 (2.3%)  
[  8] 229.00-230.00 sec  2.36 MBytes  19.8 Mbits/sec  0.622 ms  29/1797 (1.6%)  
[  8] 230.00-231.00 sec  2.33 MBytes  19.5 Mbits/sec  0.521 ms  51/1797 (2.8%)  
[  8] 231.00-232.00 sec  2.34 MBytes  19.7 Mbits/sec  0.641 ms  33/1787 (1.8%)  
[  8] 232.00-233.00 sec  2.32 MBytes  19.5 Mbits/sec  0.783 ms  35/1776 (2%)  
[  8] 233.00-234.00 sec  2.37 MBytes  19.9 Mbits/sec  0.692 ms  18/1796 (1%)  
[  8] 234.00-235.00 sec  2.38 MBytes  19.9 Mbits/sec  0.735 ms  2/1781 (0.11%)  
[  8] 235.00-236.00 sec  2.30 MBytes  19.3 Mbits/sec  0.958 ms  64/1788 (3.6%)  
[  8] 236.00-237.00 sec  2.38 MBytes  20.0 Mbits/sec  0.669 ms  2/1788 (0.11%)  
[  8] 237.00-238.00 sec  2.38 MBytes  19.9 Mbits/sec  0.656 ms  3/1782 (0.17%)  
[  8] 238.00-239.00 sec  2.38 MBytes  20.0 Mbits/sec  0.540 ms  8/1790 (0.45%)  
[  8] 239.00-240.00 sec  2.36 MBytes  19.8 Mbits/sec  1.055 ms  1/1769 (0.057%)  
[  8] 240.00-241.00 sec  2.39 MBytes  20.1 Mbits/sec  0.668 ms  10/1802 (0.55%)  
[  8] 241.00-242.00 sec  2.38 MBytes  19.9 Mbits/sec  0.760 ms  3/1783 (0.17%)  
[  8] 242.00-243.00 sec  2.38 MBytes  19.9 Mbits/sec  0.291 ms  0/1781 (0%)  
[  8] 243.00-244.00 sec  2.34 MBytes  19.6 Mbits/sec  0.538 ms  40/1791 (2.2%)  
[  8] 244.00-245.00 sec  2.15 MBytes  18.0 Mbits/sec  0.771 ms  93/1701 (5.5%)  
[  8] 245.00-246.00 sec  2.12 MBytes  17.8 Mbits/sec  0.385 ms  282/1868 (15%)  
[  8] 246.00-247.00 sec  2.23 MBytes  18.7 Mbits/sec  0.701 ms  105/1775 (5.9%)  
[  8] 247.00-248.00 sec  2.01 MBytes  16.9 Mbits/sec  0.254 ms  154/1662 (9.3%)  
[  8] 248.00-249.00 sec  1.23 MBytes  10.3 Mbits/sec  1.544 ms  955/1878 (51%)  
[  8] 249.00-250.00 sec  1.81 MBytes  15.2 Mbits/sec  1.667 ms  265/1624 (16%)  
[  8] 250.00-251.00 sec   880 KBytes  7.21 Mbits/sec  0.753 ms  1285/1929 (67%)  
[  8] 251.00-252.00 sec  1.71 MBytes  14.4 Mbits/sec  1.062 ms  372/1656 (22%)  
[  8] 252.00-253.00 sec  2.16 MBytes  18.1 Mbits/sec  0.646 ms  326/1946 (17%)  
[  8] 253.00-254.00 sec  1.92 MBytes  16.1 Mbits/sec  1.070 ms  212/1651 (13%)  
[  8] 254.00-255.00 sec  1.51 MBytes  12.7 Mbits/sec  0.974 ms  809/1942 (42%)  
[  8] 255.00-256.00 sec  2.34 MBytes  19.6 Mbits/sec  0.553 ms  51/1802 (2.8%)  
[  8] 256.00-257.00 sec  2.32 MBytes  19.4 Mbits/sec  0.712 ms  38/1773 (2.1%)  
[  8] 257.00-258.00 sec  1.88 MBytes  15.8 Mbits/sec  0.826 ms  208/1615 (13%)  
[  8] 258.00-259.00 sec  2.16 MBytes  18.1 Mbits/sec  0.752 ms  339/1954 (17%)  
[  8] 259.00-260.00 sec  2.20 MBytes  18.4 Mbits/sec  0.321 ms  71/1722 (4.1%)  
[  8] 260.00-261.00 sec  2.32 MBytes  19.5 Mbits/sec  0.752 ms  105/1840 (5.7%)  
[  8] 261.00-262.00 sec  2.24 MBytes  18.8 Mbits/sec  0.644 ms  114/1791 (6.4%)  
[  8] 262.00-263.00 sec  2.29 MBytes  19.2 Mbits/sec  0.888 ms  79/1791 (4.4%)  
[  8] 263.00-264.00 sec  2.17 MBytes  18.2 Mbits/sec  0.800 ms  167/1794 (9.3%)  
[  8] 264.00-265.00 sec  2.32 MBytes  19.5 Mbits/sec  0.608 ms  47/1786 (2.6%)  
[  8] 265.00-266.00 sec  2.18 MBytes  18.3 Mbits/sec  0.808 ms  119/1753 (6.8%)  
[  8] 266.00-267.00 sec  2.36 MBytes  19.8 Mbits/sec  0.517 ms  55/1819 (3%)  
[  8] 267.00-268.00 sec  1.53 MBytes  12.8 Mbits/sec  1.847 ms  119/1266 (9.4%)  
[  8] 268.00-269.00 sec  1.99 MBytes  16.7 Mbits/sec  1.173 ms  569/2057 (28%)  
[  8] 269.00-270.00 sec  2.47 MBytes  20.7 Mbits/sec  0.226 ms  191/2039 (9.4%)  
[  8] 270.00-271.00 sec  2.25 MBytes  18.8 Mbits/sec  0.959 ms  89/1771 (5%)  
[  8] 271.00-272.00 sec  1.29 MBytes  10.8 Mbits/sec  2.403 ms  807/1770 (46%)  
[  8] 272.00-273.00 sec  2.06 MBytes  17.3 Mbits/sec  0.857 ms  261/1803 (14%)  
[  8] 273.00-274.00 sec  2.20 MBytes  18.5 Mbits/sec  1.218 ms  97/1747 (5.6%)  
[  8] 274.00-275.01 sec  2.18 MBytes  18.1 Mbits/sec  0.894 ms  14/1646 (0.85%)  
[  8] 275.01-276.00 sec  2.57 MBytes  21.8 Mbits/sec  0.587 ms  45/1972 (2.3%)  
[  8] 276.00-277.00 sec  2.37 MBytes  19.9 Mbits/sec  0.568 ms  7/1782 (0.39%)  
[  8] 277.00-278.00 sec  2.20 MBytes  18.4 Mbits/sec  0.747 ms  142/1788 (7.9%)  
[  8] 278.00-279.00 sec  2.37 MBytes  19.9 Mbits/sec  0.458 ms  13/1790 (0.73%)  
[  8] 279.00-280.00 sec  2.30 MBytes  19.3 Mbits/sec  0.828 ms  52/1776 (2.9%)  
[  8] 280.00-281.00 sec  2.31 MBytes  19.3 Mbits/sec  0.427 ms  71/1798 (3.9%)  
[  8] 281.00-282.00 sec  2.35 MBytes  19.8 Mbits/sec  0.540 ms  22/1783 (1.2%)  
[  8] 282.00-283.00 sec  2.37 MBytes  19.8 Mbits/sec  0.593 ms  7/1779 (0.39%)  
[  8] 283.00-284.00 sec  2.21 MBytes  18.5 Mbits/sec  0.749 ms  121/1776 (6.8%)  
[  8] 284.00-285.00 sec  2.13 MBytes  17.8 Mbits/sec  0.449 ms  210/1802 (12%)  
[  8] 285.00-286.00 sec  2.34 MBytes  19.7 Mbits/sec  0.692 ms  21/1776 (1.2%)  
[  8] 286.00-287.00 sec  2.36 MBytes  19.8 Mbits/sec  0.582 ms  23/1792 (1.3%)  
[  8] 287.00-288.00 sec  2.18 MBytes  18.3 Mbits/sec  0.532 ms  151/1786 (8.5%)  
[  8] 288.00-289.00 sec  2.37 MBytes  19.8 Mbits/sec  0.833 ms  10/1782 (0.56%)  
[  8] 289.00-290.00 sec  2.19 MBytes  18.3 Mbits/sec  1.132 ms  117/1755 (6.7%)  
[  8] 290.00-291.00 sec  1.96 MBytes  16.4 Mbits/sec  0.857 ms  158/1623 (9.7%)  
[  8] 291.00-292.00 sec  1.97 MBytes  16.5 Mbits/sec  0.478 ms  516/1991 (26%)  
[  8] 292.00-293.00 sec  1.46 MBytes  12.3 Mbits/sec  1.100 ms  412/1507 (27%)  
[  8] 293.00-294.00 sec  1.73 MBytes  14.5 Mbits/sec  0.745 ms  673/1971 (34%)  
[  8] 294.00-295.00 sec  1.83 MBytes  15.4 Mbits/sec  0.713 ms  340/1712 (20%)  
[  8] 295.00-296.00 sec  2.17 MBytes  18.2 Mbits/sec  0.609 ms  322/1945 (17%)  
[  8] 296.00-297.00 sec  2.25 MBytes  18.9 Mbits/sec  0.773 ms  91/1777 (5.1%)  
[  8] 297.00-298.00 sec  2.39 MBytes  20.0 Mbits/sec  0.699 ms  4/1791 (0.22%)  
[  8] 298.00-299.00 sec  2.37 MBytes  19.9 Mbits/sec  0.642 ms  8/1781 (0.45%)  
[  8] 299.00-300.00 sec  2.32 MBytes  19.4 Mbits/sec  0.787 ms  41/1777 (2.3%)  
[  8] 300.00-301.00 sec  2.19 MBytes  18.4 Mbits/sec  0.505 ms  162/1803 (9%)  
[  8] 301.00-302.00 sec  2.34 MBytes  19.6 Mbits/sec  0.609 ms  27/1778 (1.5%)  
[  8] 302.00-303.00 sec  2.29 MBytes  19.2 Mbits/sec  0.711 ms  75/1793 (4.2%)  
[  8] 303.00-304.00 sec  2.15 MBytes  18.0 Mbits/sec  0.639 ms  176/1784 (9.9%)  
[  8] 304.00-305.00 sec  2.37 MBytes  19.9 Mbits/sec  0.568 ms  13/1790 (0.73%)  
[  8] 305.00-306.00 sec  2.34 MBytes  19.6 Mbits/sec  0.776 ms  23/1772 (1.3%)  
[  8] 306.00-307.00 sec  2.05 MBytes  17.2 Mbits/sec  0.829 ms  237/1776 (13%)  
[  8] 307.00-308.00 sec  1.96 MBytes  16.5 Mbits/sec  0.462 ms  341/1810 (19%)  
[  8] 308.00-309.00 sec  2.34 MBytes  19.7 Mbits/sec  0.675 ms  28/1783 (1.6%)  
[  8] 309.00-310.00 sec  2.29 MBytes  19.2 Mbits/sec  0.739 ms  62/1775 (3.5%)  
[  8] 310.00-311.00 sec  2.27 MBytes  19.1 Mbits/sec  1.181 ms  58/1761 (3.3%)  
[  8] 311.00-312.00 sec  2.25 MBytes  18.9 Mbits/sec  0.325 ms  133/1817 (7.3%)  
[  8] 312.00-313.00 sec  2.22 MBytes  18.6 Mbits/sec  0.670 ms  111/1776 (6.2%)  
[  8] 313.00-314.00 sec  2.15 MBytes  18.0 Mbits/sec  0.558 ms  119/1730 (6.9%)  
[  8] 314.00-315.00 sec  2.46 MBytes  20.7 Mbits/sec  0.594 ms  10/1854 (0.54%)  
[  8] 315.00-316.00 sec  2.35 MBytes  19.7 Mbits/sec  0.543 ms  8/1768 (0.45%)  
[  8] 316.00-317.00 sec  1.98 MBytes  16.6 Mbits/sec  0.977 ms  279/1759 (16%)  
[  8] 317.00-318.00 sec  1.95 MBytes  16.4 Mbits/sec  1.007 ms  54/1516 (3.6%)  
[  8] 318.00-319.00 sec   998 KBytes  8.18 Mbits/sec  1.064 ms  947/1677 (56%)  
[  8] 319.00-320.00 sec  1.98 MBytes  16.6 Mbits/sec  1.132 ms  629/2111 (30%)  
[  8] 320.00-321.00 sec  2.12 MBytes  17.8 Mbits/sec  0.733 ms  288/1876 (15%)  
[  8] 321.00-322.00 sec  2.33 MBytes  19.6 Mbits/sec  0.487 ms  50/1798 (2.8%)  
[  8] 322.00-323.00 sec  2.36 MBytes  19.8 Mbits/sec  0.528 ms  6/1773 (0.34%)  
[  8] 323.00-324.00 sec  2.22 MBytes  18.6 Mbits/sec  0.807 ms  127/1791 (7.1%)  
[  8] 324.00-325.00 sec  2.20 MBytes  18.5 Mbits/sec  0.706 ms  136/1784 (7.6%)  
[  8] 325.00-326.00 sec  2.38 MBytes  20.0 Mbits/sec  0.526 ms  3/1787 (0.17%)  
[  8] 326.00-327.00 sec  2.34 MBytes  19.7 Mbits/sec  0.606 ms  35/1789 (2%)  
[  8] 327.00-328.00 sec  2.36 MBytes  19.8 Mbits/sec  0.610 ms  19/1786 (1.1%)  
[  8] 328.00-329.00 sec  2.31 MBytes  19.4 Mbits/sec  0.776 ms  47/1780 (2.6%)  
[  8] 329.00-330.00 sec  2.27 MBytes  19.0 Mbits/sec  0.652 ms  94/1791 (5.2%)  
[  8] 330.00-331.00 sec  2.32 MBytes  19.5 Mbits/sec  0.523 ms  48/1788 (2.7%)  
[  8] 331.00-332.00 sec  2.27 MBytes  19.1 Mbits/sec  0.357 ms  77/1777 (4.3%)  
[  8] 332.00-333.00 sec  2.33 MBytes  19.5 Mbits/sec  0.431 ms  44/1789 (2.5%)  
[  8] 333.00-334.00 sec  2.33 MBytes  19.6 Mbits/sec  0.566 ms  41/1789 (2.3%)  
[  8] 334.00-335.00 sec  2.32 MBytes  19.5 Mbits/sec  0.769 ms  48/1789 (2.7%)  
[  8] 335.00-336.00 sec  2.06 MBytes  17.3 Mbits/sec  0.344 ms  233/1779 (13%)  
[  8] 336.00-337.00 sec  2.37 MBytes  19.8 Mbits/sec  0.744 ms  12/1784 (0.67%)  
[  8] 337.00-338.00 sec  2.37 MBytes  19.9 Mbits/sec  0.391 ms  12/1785 (0.67%)  
[  8] 338.00-339.00 sec  1.94 MBytes  16.2 Mbits/sec  0.534 ms  336/1786 (19%)  
[  8] 339.00-340.00 sec  2.13 MBytes  17.9 Mbits/sec  1.070 ms  155/1754 (8.8%)  
[  8] 340.00-340.21 sec  45.1 KBytes  1.72 Mbits/sec  0.972 ms  8/41 (20%)  
- - - - - - - - - - - - - - - - - - - - - - - - -
[ ID] Interval           Transfer     Bitrate         Jitter    Lost/Total Datagrams
[  8]   0.00-340.21 sec   762 MBytes  18.8 Mbits/sec  0.972 ms  36592/607136 (6%)  receiver
