-----------------------------------------------------------
Server listening on 5201 (test #1)
-----------------------------------------------------------
Accepted connection from 10.0.0.5, port 47926
[  8] local 10.0.0.69 port 5201 connected to 10.0.0.5 port 58675
[ ID] Interval           Transfer     Bitrate         Jitter    Lost/Total Datagrams
[  8]   0.00-1.00   sec   582 KBytes  4.77 Mbits/sec  1.466 ms  16/442 (3.6%)  
[  8]   1.00-2.00   sec   604 KBytes  4.95 Mbits/sec  1.544 ms  6/448 (1.3%)  
[  8]   2.00-3.00   sec   602 KBytes  4.93 Mbits/sec  0.895 ms  4/444 (0.9%)  
[  8]   3.00-4.00   sec   599 KBytes  4.91 Mbits/sec  2.461 ms  9/447 (2%)  
[  8]   4.00-5.00   sec   607 KBytes  4.97 Mbits/sec  2.016 ms  4/448 (0.89%)  
[  8]   5.00-6.00   sec   596 KBytes  4.88 Mbits/sec  2.124 ms  7/443 (1.6%)  
[  8]   6.00-7.00   sec   599 KBytes  4.91 Mbits/sec  1.463 ms  12/450 (2.7%)  
[  8]   7.00-8.00   sec   608 KBytes  4.98 Mbits/sec  1.560 ms  2/447 (0.45%)  
[  8]   8.00-9.00   sec   608 KBytes  4.98 Mbits/sec  1.712 ms  0/445 (0%)  
[  8]   9.00-10.00  sec   610 KBytes  4.99 Mbits/sec  1.971 ms  0/446 (0%)  
[  8]  10.00-11.00  sec   569 KBytes  4.66 Mbits/sec  2.210 ms  21/437 (4.8%)  
[  8]  11.00-12.00  sec   604 KBytes  4.95 Mbits/sec  1.773 ms  13/455 (2.9%)  
[  8]  12.00-13.00  sec   589 KBytes  4.82 Mbits/sec  2.402 ms  18/449 (4%)  
[  8]  13.00-14.00  sec   567 KBytes  4.66 Mbits/sec  1.992 ms  28/443 (6.3%)  
[  8]  14.00-15.00  sec   597 KBytes  4.89 Mbits/sec  1.948 ms  10/447 (2.2%)  
[  8]  15.00-16.00  sec   591 KBytes  4.83 Mbits/sec  2.065 ms  15/447 (3.4%)  
[  8]  16.00-17.00  sec   578 KBytes  4.74 Mbits/sec  2.026 ms  24/447 (5.4%)  
[  8]  17.00-18.00  sec   611 KBytes  5.01 Mbits/sec  1.989 ms  1/448 (0.22%)  
[  8]  18.00-19.00  sec   604 KBytes  4.95 Mbits/sec  2.521 ms  2/444 (0.45%)  
[  8]  19.00-20.00  sec   607 KBytes  4.96 Mbits/sec  2.254 ms  5/449 (1.1%)  
[  8]  20.00-21.00  sec   597 KBytes  4.91 Mbits/sec  2.159 ms  6/443 (1.4%)  
[  8]  21.00-22.00  sec   608 KBytes  4.98 Mbits/sec  2.010 ms  3/448 (0.67%)  
[  8]  22.00-23.00  sec   607 KBytes  4.97 Mbits/sec  1.978 ms  4/448 (0.89%)  
[  8]  23.00-24.00  sec   603 KBytes  4.94 Mbits/sec  2.098 ms  4/445 (0.9%)  
[  8]  24.00-25.00  sec   591 KBytes  4.84 Mbits/sec  2.237 ms  13/445 (2.9%)  
[  8]  25.00-26.00  sec   595 KBytes  4.87 Mbits/sec  1.719 ms  11/446 (2.5%)  
[  8]  26.00-27.00  sec   604 KBytes  4.95 Mbits/sec  1.702 ms  7/449 (1.6%)  
[  8]  27.00-28.00  sec   585 KBytes  4.79 Mbits/sec  2.489 ms  11/439 (2.5%)  
[  8]  28.00-29.00  sec   615 KBytes  5.04 Mbits/sec  1.278 ms  4/454 (0.88%)  
[  8]  29.00-30.00  sec   585 KBytes  4.79 Mbits/sec  1.766 ms  15/443 (3.4%)  
[  8]  30.00-31.00  sec   591 KBytes  4.84 Mbits/sec  1.692 ms  17/449 (3.8%)  
[  8]  31.00-32.00  sec   607 KBytes  4.97 Mbits/sec  1.987 ms  4/448 (0.89%)  
[  8]  32.00-33.00  sec   600 KBytes  4.91 Mbits/sec  2.450 ms  5/444 (1.1%)  
[  8]  33.00-34.00  sec   561 KBytes  4.61 Mbits/sec  2.595 ms  38/448 (8.5%)  
[  8]  34.00-35.00  sec   585 KBytes  4.79 Mbits/sec  2.292 ms  16/444 (3.6%)  
[  8]  35.00-36.00  sec   584 KBytes  4.78 Mbits/sec  1.712 ms  19/446 (4.3%)  
[  8]  36.00-37.00  sec   585 KBytes  4.79 Mbits/sec  1.360 ms  18/446 (4%)  
[  8]  37.00-38.00  sec   417 KBytes  3.42 Mbits/sec  1.849 ms  27/332 (8.1%)  
[  8]  38.00-39.00  sec   587 KBytes  4.80 Mbits/sec  2.234 ms  135/564 (24%)  
[  8]  39.00-40.00  sec   593 KBytes  4.86 Mbits/sec  1.729 ms  12/446 (2.7%)  
[  8]  40.00-41.00  sec   591 KBytes  4.84 Mbits/sec  1.768 ms  16/448 (3.6%)  
[  8]  41.00-42.00  sec   510 KBytes  4.18 Mbits/sec  2.827 ms  5/378 (1.3%)  
[  8]  42.00-43.00  sec   406 KBytes  3.33 Mbits/sec  2.690 ms  109/406 (27%)  
[  8]  43.00-44.00  sec   603 KBytes  4.94 Mbits/sec  1.996 ms  113/554 (20%)  
[  8]  44.00-45.00  sec   535 KBytes  4.38 Mbits/sec  2.277 ms  2/393 (0.51%)  
[  8]  45.00-46.00  sec   417 KBytes  3.42 Mbits/sec  2.042 ms  114/419 (27%)  
[  8]  46.00-47.00  sec   431 KBytes  3.53 Mbits/sec  1.827 ms  148/463 (32%)  
[  8]  47.00-48.00  sec   648 KBytes  5.31 Mbits/sec  1.909 ms  35/509 (6.9%)  
[  8]  48.00-49.00  sec   576 KBytes  4.72 Mbits/sec  3.755 ms  24/445 (5.4%)  
[  8]  49.00-50.00  sec   458 KBytes  3.75 Mbits/sec  2.285 ms  97/432 (22%)  
[  8]  50.00-51.00  sec   593 KBytes  4.86 Mbits/sec  1.703 ms  29/463 (6.3%)  
[  8]  51.00-52.00  sec   569 KBytes  4.66 Mbits/sec  2.545 ms  19/435 (4.4%)  
[  8]  52.00-53.00  sec   547 KBytes  4.48 Mbits/sec  1.018 ms  58/458 (13%)  
[  8]  53.00-54.00  sec   593 KBytes  4.86 Mbits/sec  0.346 ms  7/441 (1.6%)  
[  8]  54.00-55.00  sec   589 KBytes  4.83 Mbits/sec  1.041 ms  15/446 (3.4%)  
[  8]  55.00-56.00  sec   566 KBytes  4.64 Mbits/sec  0.971 ms  34/448 (7.6%)  
[  8]  56.00-57.00  sec   592 KBytes  4.85 Mbits/sec  1.499 ms  17/450 (3.8%)  
[  8]  57.00-58.00  sec   554 KBytes  4.53 Mbits/sec  2.760 ms  41/446 (9.2%)  
[  8]  58.00-59.00  sec   555 KBytes  4.55 Mbits/sec  2.444 ms  37/443 (8.4%)  
[  8]  59.00-60.00  sec   558 KBytes  4.57 Mbits/sec  1.305 ms  43/451 (9.5%)  
[  8]  60.00-61.00  sec   569 KBytes  4.66 Mbits/sec  1.433 ms  30/446 (6.7%)  
[  8]  61.00-62.00  sec   569 KBytes  4.66 Mbits/sec  2.374 ms  30/446 (6.7%)  
[  8]  62.00-63.00  sec   578 KBytes  4.74 Mbits/sec  2.916 ms  22/445 (4.9%)  
[  8]  63.00-64.00  sec   578 KBytes  4.74 Mbits/sec  1.938 ms  26/449 (5.8%)  
[  8]  64.00-65.00  sec   595 KBytes  4.87 Mbits/sec  1.104 ms  12/447 (2.7%)  
[  8]  65.00-66.00  sec   578 KBytes  4.74 Mbits/sec  1.819 ms  22/445 (4.9%)  
[  8]  66.00-67.00  sec   589 KBytes  4.83 Mbits/sec  1.648 ms  15/446 (3.4%)  
[  8]  67.00-68.00  sec   595 KBytes  4.87 Mbits/sec  1.560 ms  13/448 (2.9%)  
[  8]  68.00-69.00  sec   588 KBytes  4.81 Mbits/sec  1.567 ms  14/444 (3.2%)  
[  8]  69.00-70.00  sec   591 KBytes  4.84 Mbits/sec  1.201 ms  17/449 (3.8%)  
[  8]  70.00-71.00  sec   585 KBytes  4.79 Mbits/sec  1.900 ms  17/445 (3.8%)  
[  8]  71.00-72.00  sec   581 KBytes  4.76 Mbits/sec  1.964 ms  17/442 (3.8%)  
[  8]  72.00-73.00  sec   561 KBytes  4.60 Mbits/sec  3.089 ms  18/428 (4.2%)  
[  8]  73.00-74.00  sec   558 KBytes  4.57 Mbits/sec  2.486 ms  57/465 (12%)  
[  8]  74.00-75.00  sec   588 KBytes  4.82 Mbits/sec  2.055 ms  22/452 (4.9%)  
[  8]  75.00-76.00  sec   582 KBytes  4.77 Mbits/sec  2.243 ms  21/447 (4.7%)  
[  8]  76.00-77.00  sec   577 KBytes  4.73 Mbits/sec  2.343 ms  19/441 (4.3%)  
[  8]  77.00-78.00  sec   597 KBytes  4.89 Mbits/sec  2.087 ms  15/452 (3.3%)  
[  8]  78.00-79.00  sec   573 KBytes  4.69 Mbits/sec  1.896 ms  27/446 (6.1%)  
[  8]  79.00-80.00  sec   563 KBytes  4.61 Mbits/sec  1.251 ms  35/447 (7.8%)  
[  8]  80.00-81.00  sec   544 KBytes  4.46 Mbits/sec  2.982 ms  38/436 (8.7%)  
[  8]  81.00-82.00  sec   580 KBytes  4.75 Mbits/sec  1.352 ms  30/454 (6.6%)  
[  8]  82.00-83.00  sec   588 KBytes  4.82 Mbits/sec  2.154 ms  15/445 (3.4%)  
[  8]  83.00-84.00  sec   588 KBytes  4.82 Mbits/sec  2.122 ms  20/450 (4.4%)  
[  8]  84.00-85.00  sec   588 KBytes  4.82 Mbits/sec  2.016 ms  18/448 (4%)  
[  8]  85.00-86.00  sec   587 KBytes  4.80 Mbits/sec  1.225 ms  15/444 (3.4%)  
[  8]  86.00-87.00  sec   566 KBytes  4.64 Mbits/sec  1.677 ms  32/446 (7.2%)  
[  8]  87.00-88.00  sec   571 KBytes  4.68 Mbits/sec  1.132 ms  27/445 (6.1%)  
[  8]  88.00-89.00  sec   578 KBytes  4.74 Mbits/sec  1.262 ms  19/442 (4.3%)  
[  8]  89.00-90.00  sec   602 KBytes  4.93 Mbits/sec  1.319 ms  14/454 (3.1%)  
[  8]  90.00-91.00  sec   599 KBytes  4.91 Mbits/sec  0.882 ms  9/447 (2%)  
[  8]  91.00-92.00  sec   608 KBytes  4.98 Mbits/sec  1.092 ms  2/447 (0.45%)  
[  8]  92.00-93.00  sec   491 KBytes  4.02 Mbits/sec  2.599 ms  12/371 (3.2%)  
[  8]  93.00-94.00  sec   483 KBytes  3.95 Mbits/sec  1.551 ms  167/520 (32%)  
[  8]  94.00-95.00  sec   591 KBytes  4.84 Mbits/sec  1.632 ms  13/445 (2.9%)  
[  8]  95.00-96.00  sec   591 KBytes  4.84 Mbits/sec  2.125 ms  16/448 (3.6%)  
[  8]  96.00-97.00  sec   606 KBytes  4.95 Mbits/sec  1.172 ms  5/448 (1.1%)  
[  8]  97.00-98.00  sec   563 KBytes  4.63 Mbits/sec  2.006 ms  34/446 (7.6%)  
[  8]  98.00-99.00  sec   567 KBytes  4.65 Mbits/sec  1.482 ms  26/441 (5.9%)  
[  8]  99.00-100.00 sec   515 KBytes  4.22 Mbits/sec  3.451 ms  19/396 (4.8%)  
[  8] 100.00-101.00 sec   528 KBytes  4.32 Mbits/sec  1.315 ms  112/498 (22%)  
[  8] 101.00-102.00 sec   584 KBytes  4.78 Mbits/sec  2.226 ms  22/449 (4.9%)  
[  8] 102.00-103.00 sec   604 KBytes  4.95 Mbits/sec  1.464 ms  7/449 (1.6%)  
[  8] 103.00-104.00 sec   585 KBytes  4.79 Mbits/sec  1.687 ms  15/443 (3.4%)  
[  8] 104.00-105.00 sec   576 KBytes  4.72 Mbits/sec  1.647 ms  28/449 (6.2%)  
[  8] 105.00-106.00 sec   546 KBytes  4.47 Mbits/sec  1.704 ms  28/427 (6.6%)  
[  8] 106.00-107.00 sec   626 KBytes  5.13 Mbits/sec  2.346 ms  5/463 (1.1%)  
[  8] 107.00-108.00 sec   607 KBytes  4.97 Mbits/sec  1.397 ms  6/450 (1.3%)  
[  8] 108.00-109.00 sec   576 KBytes  4.72 Mbits/sec  1.826 ms  23/444 (5.2%)  
[  8] 109.00-110.00 sec   567 KBytes  4.65 Mbits/sec  2.334 ms  29/444 (6.5%)  
[  8] 110.00-111.00 sec   577 KBytes  4.73 Mbits/sec  1.996 ms  26/448 (5.8%)  
[  8] 111.00-112.00 sec   574 KBytes  4.70 Mbits/sec  1.476 ms  27/447 (6%)  
[  8] 112.00-113.00 sec   600 KBytes  4.92 Mbits/sec  1.751 ms  9/448 (2%)  
[  8] 113.00-114.00 sec   585 KBytes  4.79 Mbits/sec  2.179 ms  16/444 (3.6%)  
[  8] 114.00-115.00 sec   589 KBytes  4.83 Mbits/sec  2.103 ms  15/446 (3.4%)  
[  8] 115.00-116.00 sec   585 KBytes  4.79 Mbits/sec  2.294 ms  19/447 (4.3%)  
[  8] 116.00-117.00 sec   607 KBytes  4.97 Mbits/sec  1.425 ms  5/449 (1.1%)  
[  8] 117.00-118.00 sec   589 KBytes  4.83 Mbits/sec  2.105 ms  13/444 (2.9%)  
[  8] 118.00-119.00 sec   599 KBytes  4.91 Mbits/sec  1.559 ms  10/448 (2.2%)  
[  8] 119.00-120.00 sec   589 KBytes  4.83 Mbits/sec  2.444 ms  13/444 (2.9%)  
[  8] 120.00-121.00 sec   595 KBytes  4.87 Mbits/sec  1.565 ms  13/448 (2.9%)  
[  8] 121.00-122.00 sec   570 KBytes  4.67 Mbits/sec  1.489 ms  31/448 (6.9%)  
[  8] 122.00-123.00 sec   589 KBytes  4.83 Mbits/sec  1.968 ms  9/440 (2%)  
[  8] 123.00-124.00 sec   585 KBytes  4.79 Mbits/sec  2.038 ms  22/450 (4.9%)  
[  8] 124.00-125.00 sec   566 KBytes  4.63 Mbits/sec  2.208 ms  36/450 (8%)  
[  8] 125.00-126.00 sec   578 KBytes  4.74 Mbits/sec  2.087 ms  20/443 (4.5%)  
[  8] 126.00-127.00 sec   581 KBytes  4.76 Mbits/sec  1.917 ms  23/448 (5.1%)  
[  8] 127.00-128.00 sec   608 KBytes  4.98 Mbits/sec  1.134 ms  3/448 (0.67%)  
[  8] 128.00-129.00 sec   573 KBytes  4.69 Mbits/sec  1.912 ms  26/445 (5.8%)  
[  8] 129.00-130.00 sec   581 KBytes  4.76 Mbits/sec  1.448 ms  21/446 (4.7%)  
[  8] 130.00-131.00 sec   569 KBytes  4.66 Mbits/sec  1.764 ms  30/446 (6.7%)  
[  8] 131.00-132.00 sec   581 KBytes  4.76 Mbits/sec  1.190 ms  20/445 (4.5%)  
[  8] 132.00-133.00 sec   541 KBytes  4.44 Mbits/sec  2.389 ms  52/448 (12%)  
[  8] 133.00-134.00 sec   418 KBytes  3.43 Mbits/sec  4.817 ms  89/395 (23%)  
[  8] 134.00-135.00 sec   429 KBytes  3.52 Mbits/sec  2.314 ms  184/498 (37%)  
[  8] 135.00-136.00 sec   576 KBytes  4.72 Mbits/sec  2.415 ms  19/440 (4.3%)  
[  8] 136.00-137.00 sec   576 KBytes  4.72 Mbits/sec  2.009 ms  31/452 (6.9%)  
[  8] 137.00-138.00 sec   571 KBytes  4.68 Mbits/sec  2.060 ms  29/447 (6.5%)  
[  8] 138.00-139.00 sec   597 KBytes  4.89 Mbits/sec  1.819 ms  8/445 (1.8%)  
[  8] 139.00-140.00 sec   587 KBytes  4.80 Mbits/sec  2.058 ms  17/446 (3.8%)  
[  8] 140.00-141.00 sec   569 KBytes  4.66 Mbits/sec  2.283 ms  34/450 (7.6%)  
[  8] 141.00-142.00 sec   599 KBytes  4.91 Mbits/sec  1.661 ms  9/447 (2%)  
[  8] 142.00-143.00 sec   606 KBytes  4.96 Mbits/sec  1.524 ms  3/446 (0.67%)  
[  8] 143.00-144.00 sec   580 KBytes  4.75 Mbits/sec  1.894 ms  23/447 (5.1%)  
[  8] 144.00-145.00 sec   593 KBytes  4.86 Mbits/sec  2.002 ms  11/445 (2.5%)  
[  8] 145.00-146.00 sec   570 KBytes  4.67 Mbits/sec  1.731 ms  31/448 (6.9%)  
[  8] 146.00-147.00 sec   554 KBytes  4.54 Mbits/sec  1.614 ms  38/443 (8.6%)  
[  8] 147.00-148.00 sec   593 KBytes  4.86 Mbits/sec  1.962 ms  14/448 (3.1%)  
[  8] 148.00-149.00 sec   573 KBytes  4.69 Mbits/sec  1.289 ms  27/446 (6.1%)  
[  8] 149.00-150.00 sec   569 KBytes  4.66 Mbits/sec  2.051 ms  29/445 (6.5%)  
[  8] 150.00-151.00 sec   581 KBytes  4.76 Mbits/sec  1.455 ms  24/449 (5.3%)  
[  8] 151.00-152.00 sec   581 KBytes  4.76 Mbits/sec  2.520 ms  19/444 (4.3%)  
[  8] 152.00-153.00 sec   588 KBytes  4.82 Mbits/sec  2.421 ms  18/448 (4%)  
[  8] 153.00-154.00 sec   559 KBytes  4.58 Mbits/sec  3.222 ms  36/445 (8.1%)  
[  8] 154.00-155.00 sec   584 KBytes  4.78 Mbits/sec  1.847 ms  20/447 (4.5%)  
[  8] 155.00-156.00 sec   576 KBytes  4.72 Mbits/sec  2.912 ms  20/441 (4.5%)  
[  8] 156.00-157.00 sec   599 KBytes  4.91 Mbits/sec  2.214 ms  15/453 (3.3%)  
[  8] 157.00-158.00 sec   573 KBytes  4.69 Mbits/sec  2.099 ms  29/448 (6.5%)  
[  8] 158.00-159.00 sec   544 KBytes  4.46 Mbits/sec  1.697 ms  42/440 (9.5%)  
[  8] 159.00-160.00 sec   578 KBytes  4.74 Mbits/sec  1.746 ms  28/451 (6.2%)  
[  8] 160.00-161.00 sec   576 KBytes  4.71 Mbits/sec  1.496 ms  27/448 (6%)  
[  8] 161.00-162.00 sec   602 KBytes  4.93 Mbits/sec  1.554 ms  6/446 (1.3%)  
[  8] 162.00-163.00 sec   576 KBytes  4.72 Mbits/sec  1.555 ms  25/446 (5.6%)  
[  8] 163.00-164.00 sec   593 KBytes  4.86 Mbits/sec  2.174 ms  10/444 (2.3%)  
[  8] 164.00-165.00 sec   592 KBytes  4.85 Mbits/sec  2.273 ms  13/446 (2.9%)  
[  8] 165.00-166.00 sec   602 KBytes  4.92 Mbits/sec  1.795 ms  10/450 (2.2%)  
[  8] 166.00-167.00 sec   541 KBytes  4.44 Mbits/sec  1.610 ms  50/446 (11%)  
[  8] 167.00-168.00 sec   607 KBytes  4.97 Mbits/sec  2.110 ms  1/445 (0.22%)  
[  8] 168.00-169.00 sec   570 KBytes  4.67 Mbits/sec  2.073 ms  30/447 (6.7%)  
[  8] 169.00-170.00 sec   582 KBytes  4.77 Mbits/sec  2.204 ms  20/446 (4.5%)  
[  8] 170.00-171.00 sec   555 KBytes  4.55 Mbits/sec  2.115 ms  42/448 (9.4%)  
[  8] 171.00-172.00 sec   597 KBytes  4.89 Mbits/sec  1.341 ms  9/446 (2%)  
[  8] 172.00-173.00 sec   607 KBytes  4.97 Mbits/sec  1.088 ms  1/445 (0.22%)  
[  8] 173.00-174.00 sec   578 KBytes  4.74 Mbits/sec  1.670 ms  26/449 (5.8%)  
[  8] 174.00-175.00 sec   581 KBytes  4.76 Mbits/sec  2.410 ms  18/443 (4.1%)  
[  8] 175.00-176.00 sec   588 KBytes  4.82 Mbits/sec  1.552 ms  18/448 (4%)  
[  8] 176.00-177.00 sec   604 KBytes  4.95 Mbits/sec  1.397 ms  5/447 (1.1%)  
[  8] 177.00-178.00 sec   587 KBytes  4.80 Mbits/sec  2.378 ms  12/441 (2.7%)  
[  8] 178.00-179.00 sec   526 KBytes  4.31 Mbits/sec  2.541 ms  31/416 (7.5%)  
[  8] 179.00-180.00 sec   563 KBytes  4.61 Mbits/sec  1.864 ms  71/483 (15%)  
[  8] 180.00-181.00 sec   540 KBytes  4.43 Mbits/sec  1.474 ms  46/441 (10%)  
[  8] 181.00-182.00 sec   597 KBytes  4.89 Mbits/sec  1.473 ms  13/450 (2.9%)  
[  8] 182.00-183.00 sec   603 KBytes  4.94 Mbits/sec  1.677 ms  6/447 (1.3%)  
[  8] 183.00-184.00 sec   593 KBytes  4.86 Mbits/sec  1.754 ms  12/446 (2.7%)  
[  8] 184.00-185.00 sec   591 KBytes  4.84 Mbits/sec  2.202 ms  16/448 (3.6%)  
[  8] 185.00-186.00 sec   587 KBytes  4.80 Mbits/sec  2.104 ms  17/446 (3.8%)  
[  8] 186.00-187.00 sec   596 KBytes  4.88 Mbits/sec  1.709 ms  10/446 (2.2%)  
[  8] 187.00-188.00 sec   595 KBytes  4.87 Mbits/sec  2.061 ms  9/444 (2%)  
[  8] 188.00-189.00 sec   565 KBytes  4.63 Mbits/sec  2.416 ms  34/447 (7.6%)  
[  8] 189.00-190.00 sec   606 KBytes  4.96 Mbits/sec  1.434 ms  5/448 (1.1%)  
[  8] 190.00-191.00 sec   558 KBytes  4.57 Mbits/sec  1.879 ms  31/439 (7.1%)  
[  8] 191.00-192.00 sec   528 KBytes  4.32 Mbits/sec  1.560 ms  67/453 (15%)  
[  8] 192.00-193.00 sec   577 KBytes  4.73 Mbits/sec  2.002 ms  27/449 (6%)  
[  8] 193.00-194.00 sec   587 KBytes  4.80 Mbits/sec  1.907 ms  17/446 (3.8%)  
[  8] 194.00-195.00 sec   574 KBytes  4.70 Mbits/sec  1.702 ms  26/446 (5.8%)  
[  8] 195.00-196.00 sec   565 KBytes  4.63 Mbits/sec  2.546 ms  31/444 (7%)  
[  8] 196.00-197.00 sec   612 KBytes  5.02 Mbits/sec  1.337 ms  1/449 (0.22%)  
[  8] 197.00-198.00 sec   604 KBytes  4.95 Mbits/sec  1.904 ms  4/446 (0.9%)  
[  8] 198.00-199.00 sec   573 KBytes  4.69 Mbits/sec  1.894 ms  28/447 (6.3%)  
[  8] 199.00-200.00 sec   565 KBytes  4.63 Mbits/sec  2.076 ms  29/442 (6.6%)  
[  8] 200.00-201.00 sec   581 KBytes  4.76 Mbits/sec  2.826 ms  23/448 (5.1%)  
[  8] 201.00-202.00 sec   582 KBytes  4.77 Mbits/sec  1.740 ms  24/450 (5.3%)  
[  8] 202.00-203.00 sec   580 KBytes  4.75 Mbits/sec  1.748 ms  21/445 (4.7%)  
[  8] 203.00-204.00 sec   587 KBytes  4.81 Mbits/sec  2.073 ms  18/447 (4%)  
[  8] 204.00-205.00 sec   584 KBytes  4.78 Mbits/sec  1.442 ms  18/445 (4%)  
[  8] 205.00-206.00 sec   602 KBytes  4.93 Mbits/sec  1.878 ms  8/448 (1.8%)  
[  8] 206.00-207.00 sec   578 KBytes  4.74 Mbits/sec  2.558 ms  19/442 (4.3%)  
[  8] 207.00-208.00 sec   589 KBytes  4.83 Mbits/sec  2.789 ms  13/444 (2.9%)  
[  8] 208.00-209.00 sec   548 KBytes  4.49 Mbits/sec  1.981 ms  50/451 (11%)  
[  8] 209.00-210.00 sec   587 KBytes  4.80 Mbits/sec  1.962 ms  19/448 (4.2%)  
[  8] 210.00-211.00 sec   592 KBytes  4.85 Mbits/sec  1.222 ms  12/445 (2.7%)  
[  8] 211.00-212.00 sec   603 KBytes  4.94 Mbits/sec  2.571 ms  9/450 (2%)  
[  8] 212.00-213.00 sec   587 KBytes  4.80 Mbits/sec  1.504 ms  16/445 (3.6%)  
[  8] 213.00-214.00 sec   584 KBytes  4.78 Mbits/sec  1.699 ms  19/446 (4.3%)  
[  8] 214.00-215.00 sec   582 KBytes  4.77 Mbits/sec  2.189 ms  20/446 (4.5%)  
[  8] 215.00-216.00 sec   581 KBytes  4.76 Mbits/sec  1.905 ms  18/443 (4.1%)  
[  8] 216.00-217.00 sec   608 KBytes  4.98 Mbits/sec  1.444 ms  4/449 (0.89%)  
[  8] 217.00-218.00 sec   603 KBytes  4.94 Mbits/sec  1.563 ms  5/446 (1.1%)  
[  8] 218.00-219.00 sec   593 KBytes  4.86 Mbits/sec  1.379 ms  14/448 (3.1%)  
[  8] 219.00-220.00 sec   573 KBytes  4.69 Mbits/sec  2.999 ms  20/439 (4.6%)  
[  8] 220.00-221.00 sec   567 KBytes  4.65 Mbits/sec  2.223 ms  37/452 (8.2%)  
[  8] 221.00-222.00 sec   581 KBytes  4.76 Mbits/sec  1.367 ms  24/449 (5.3%)  
[  8] 222.00-223.00 sec   600 KBytes  4.92 Mbits/sec  1.593 ms  7/446 (1.6%)  
[  8] 223.00-224.00 sec   582 KBytes  4.77 Mbits/sec  1.863 ms  14/440 (3.2%)  
[  8] 224.00-225.00 sec   582 KBytes  4.78 Mbits/sec  2.433 ms  27/453 (6%)  
[  8] 225.00-226.00 sec   604 KBytes  4.95 Mbits/sec  1.862 ms  5/447 (1.1%)  
[  8] 226.00-227.00 sec   566 KBytes  4.64 Mbits/sec  2.768 ms  19/433 (4.4%)  
[  8] 227.00-228.00 sec   551 KBytes  4.51 Mbits/sec  1.722 ms  55/458 (12%)  
[  8] 228.00-229.00 sec   602 KBytes  4.93 Mbits/sec  1.490 ms  7/447 (1.6%)  
[  8] 229.00-230.00 sec   597 KBytes  4.89 Mbits/sec  2.387 ms  7/444 (1.6%)  
[  8] 230.00-231.00 sec   593 KBytes  4.86 Mbits/sec  1.234 ms  15/449 (3.3%)  
[  8] 231.00-232.00 sec   603 KBytes  4.94 Mbits/sec  2.277 ms  4/445 (0.9%)  
[  8] 232.00-233.00 sec   604 KBytes  4.95 Mbits/sec  2.263 ms  7/449 (1.6%)  
[  8] 233.00-234.00 sec   599 KBytes  4.91 Mbits/sec  2.408 ms  8/446 (1.8%)  
[  8] 234.00-235.00 sec   599 KBytes  4.91 Mbits/sec  2.020 ms  7/445 (1.6%)  
[  8] 235.00-236.00 sec   611 KBytes  5.01 Mbits/sec  1.420 ms  2/449 (0.45%)  
[  8] 236.00-237.00 sec   599 KBytes  4.91 Mbits/sec  1.213 ms  7/445 (1.6%)  
[  8] 237.00-238.00 sec   607 KBytes  4.97 Mbits/sec  1.474 ms  3/447 (0.67%)  
[  8] 238.00-239.00 sec   606 KBytes  4.96 Mbits/sec  1.846 ms  3/446 (0.67%)  
[  8] 239.00-240.00 sec   591 KBytes  4.84 Mbits/sec  2.063 ms  13/445 (2.9%)  
[  8] 240.00-240.01 sec  6.84 KBytes  9.92 Mbits/sec  2.050 ms  0/5 (0%)  
- - - - - - - - - - - - - - - - - - - - - - - - -
[ ID] Interval           Transfer     Bitrate         Jitter    Lost/Total Datagrams
[  8]   0.00-240.01 sec   136 MBytes  4.74 Mbits/sec  2.050 ms  5565/107143 (5.2%)  receiver
