-----------------------------------------------------------
Server listening on 5201 (test #1)
-----------------------------------------------------------
Accepted connection from 10.0.0.89, port 49770
[  8] local 10.0.0.121 port 5201 connected to 10.0.0.89 port 33194
[ ID] Interval           Transfer     Bitrate         Jitter    Lost/Total Datagrams
[  8]   0.00-1.00   sec   607 KBytes  4.97 Mbits/sec  2.303 ms  0/444 (0%)  
[  8]   1.00-2.00   sec   611 KBytes  5.01 Mbits/sec  1.417 ms  0/447 (0%)  
[  8]   2.00-3.00   sec   612 KBytes  5.02 Mbits/sec  0.760 ms  0/448 (0%)  
[  8]   3.00-4.00   sec   599 KBytes  4.91 Mbits/sec  2.092 ms  6/444 (1.4%)  
[  8]   4.00-5.00   sec   611 KBytes  5.01 Mbits/sec  1.739 ms  0/447 (0%)  
[  8]   5.00-6.00   sec   612 KBytes  5.02 Mbits/sec  1.130 ms  0/448 (0%)  
[  8]   6.00-7.00   sec   611 KBytes  5.01 Mbits/sec  1.597 ms  0/447 (0%)  
[  8]   7.00-8.00   sec   608 KBytes  4.98 Mbits/sec  1.287 ms  0/445 (0%)  
[  8]   8.00-9.00   sec   610 KBytes  5.00 Mbits/sec  1.229 ms  0/446 (0%)  
[  8]   9.00-10.00  sec   611 KBytes  5.01 Mbits/sec  1.960 ms  0/447 (0%)  
[  8]  10.00-11.00  sec   610 KBytes  5.00 Mbits/sec  2.306 ms  0/446 (0%)  
[  8]  11.00-12.00  sec   611 KBytes  5.01 Mbits/sec  1.584 ms  0/447 (0%)  
[  8]  12.00-13.00  sec   610 KBytes  5.00 Mbits/sec  2.936 ms  0/446 (0%)  
[  8]  13.00-14.00  sec   610 KBytes  5.00 Mbits/sec  2.212 ms  0/446 (0%)  
[  8]  14.00-15.00  sec   607 KBytes  4.97 Mbits/sec  1.947 ms  0/444 (0%)  
[  8]  15.00-16.00  sec   615 KBytes  5.04 Mbits/sec  2.133 ms  0/450 (0%)  
[  8]  16.00-17.00  sec   608 KBytes  4.98 Mbits/sec  1.332 ms  0/445 (0%)  
[  8]  17.00-18.00  sec   612 KBytes  5.02 Mbits/sec  1.438 ms  0/448 (0%)  
[  8]  18.00-19.00  sec   610 KBytes  4.99 Mbits/sec  1.300 ms  0/446 (0%)  
[  8]  19.00-20.00  sec   608 KBytes  4.98 Mbits/sec  2.239 ms  0/445 (0%)  
[  8]  20.00-21.00  sec   611 KBytes  5.01 Mbits/sec  1.379 ms  0/447 (0%)  
[  8]  21.00-22.00  sec   608 KBytes  4.98 Mbits/sec  1.741 ms  0/445 (0%)  
[  8]  22.00-23.00  sec   614 KBytes  5.03 Mbits/sec  1.866 ms  0/449 (0%)  
[  8]  23.00-24.00  sec   607 KBytes  4.98 Mbits/sec  1.800 ms  0/444 (0%)  
[  8]  24.00-25.00  sec   608 KBytes  4.98 Mbits/sec  1.596 ms  0/445 (0%)  
[  8]  25.00-26.00  sec   615 KBytes  5.04 Mbits/sec  1.605 ms  0/450 (0%)  
[  8]  26.00-27.00  sec   611 KBytes  5.01 Mbits/sec  1.134 ms  0/447 (0%)  
[  8]  27.00-28.00  sec   589 KBytes  4.83 Mbits/sec  2.463 ms  0/431 (0%)  
[  8]  28.00-29.00  sec   629 KBytes  5.15 Mbits/sec  2.084 ms  0/460 (0%)  
[  8]  29.00-30.00  sec   611 KBytes  5.01 Mbits/sec  2.091 ms  0/447 (0%)  
[  8]  30.00-31.00  sec   612 KBytes  5.02 Mbits/sec  1.694 ms  0/448 (0%)  
[  8]  31.00-32.00  sec   608 KBytes  4.98 Mbits/sec  1.789 ms  0/445 (0%)  
[  8]  32.00-33.00  sec   611 KBytes  5.01 Mbits/sec  1.712 ms  0/447 (0%)  
[  8]  33.00-34.00  sec   610 KBytes  5.00 Mbits/sec  1.708 ms  0/446 (0%)  
[  8]  34.00-35.00  sec   611 KBytes  5.01 Mbits/sec  1.370 ms  0/447 (0%)  
[  8]  35.00-36.00  sec   610 KBytes  4.99 Mbits/sec  1.231 ms  0/446 (0%)  
[  8]  36.00-37.00  sec   611 KBytes  5.00 Mbits/sec  2.011 ms  0/447 (0%)  
[  8]  37.00-38.00  sec   608 KBytes  4.98 Mbits/sec  2.181 ms  1/446 (0.22%)  
[  8]  38.00-39.00  sec   610 KBytes  5.00 Mbits/sec  1.853 ms  1/447 (0.22%)  
[  8]  39.00-40.00  sec   608 KBytes  4.98 Mbits/sec  1.774 ms  0/445 (0%)  
[  8]  40.00-41.00  sec   610 KBytes  4.99 Mbits/sec  1.832 ms  0/446 (0%)  
[  8]  41.00-42.00  sec   610 KBytes  5.00 Mbits/sec  1.643 ms  0/446 (0%)  
[  8]  42.00-43.00  sec   596 KBytes  4.88 Mbits/sec  1.786 ms  12/448 (2.7%)  
[  8]  43.00-44.00  sec   611 KBytes  5.01 Mbits/sec  1.999 ms  0/447 (0%)  
[  8]  44.00-45.00  sec   607 KBytes  4.97 Mbits/sec  1.186 ms  0/444 (0%)  
[  8]  45.00-46.00  sec   612 KBytes  5.02 Mbits/sec  1.086 ms  0/448 (0%)  
[  8]  46.00-47.00  sec   610 KBytes  5.00 Mbits/sec  1.062 ms  0/446 (0%)  
[  8]  47.00-48.00  sec   606 KBytes  4.95 Mbits/sec  1.677 ms  4/447 (0.89%)  
[  8]  48.00-49.00  sec   600 KBytes  4.92 Mbits/sec  2.747 ms  0/439 (0%)  
[  8]  49.00-50.00  sec   591 KBytes  4.84 Mbits/sec  2.635 ms  6/438 (1.4%)  
[  8]  50.00-51.00  sec   629 KBytes  5.15 Mbits/sec  1.864 ms  3/463 (0.65%)  
[  8]  51.00-52.00  sec   589 KBytes  4.83 Mbits/sec  3.130 ms  0/431 (0%)  
[  8]  52.00-53.00  sec   563 KBytes  4.61 Mbits/sec  2.031 ms  50/462 (11%)  
[  8]  53.00-54.00  sec   607 KBytes  4.97 Mbits/sec  3.053 ms  0/444 (0%)  
[  8]  54.00-55.00  sec   611 KBytes  5.01 Mbits/sec  1.063 ms  0/447 (0%)  
[  8]  55.00-56.00  sec   611 KBytes  5.01 Mbits/sec  1.112 ms  0/447 (0%)  
[  8]  56.00-57.00  sec   610 KBytes  4.98 Mbits/sec  1.511 ms  0/446 (0%)  
[  8]  57.00-58.00  sec   610 KBytes  5.01 Mbits/sec  2.067 ms  0/446 (0%)  
[  8]  58.00-59.00  sec   612 KBytes  5.02 Mbits/sec  1.426 ms  1/449 (0.22%)  
[  8]  59.00-60.00  sec   607 KBytes  4.97 Mbits/sec  1.629 ms  1/445 (0.22%)  
[  8]  60.00-61.00  sec   610 KBytes  5.00 Mbits/sec  0.954 ms  0/446 (0%)  
[  8]  61.00-62.00  sec   607 KBytes  4.95 Mbits/sec  2.217 ms  5/449 (1.1%)  
[  8]  62.00-63.00  sec   608 KBytes  4.99 Mbits/sec  1.750 ms  0/445 (0%)  
[  8]  63.00-64.00  sec   591 KBytes  4.86 Mbits/sec  1.759 ms  8/440 (1.8%)  
[  8]  64.00-65.00  sec   619 KBytes  5.07 Mbits/sec  1.262 ms  0/453 (0%)  
[  8]  65.00-66.00  sec   607 KBytes  4.97 Mbits/sec  1.641 ms  2/446 (0.45%)  
[  8]  66.00-67.00  sec   610 KBytes  5.00 Mbits/sec  1.923 ms  0/446 (0%)  
[  8]  67.00-68.00  sec   611 KBytes  5.01 Mbits/sec  1.616 ms  0/447 (0%)  
[  8]  68.00-69.00  sec   597 KBytes  4.89 Mbits/sec  1.741 ms  3/440 (0.68%)  
[  8]  69.00-70.00  sec   611 KBytes  5.01 Mbits/sec  1.535 ms  7/454 (1.5%)  
[  8]  70.00-71.00  sec   591 KBytes  4.84 Mbits/sec  2.282 ms  6/438 (1.4%)  
[  8]  71.00-72.00  sec   607 KBytes  4.97 Mbits/sec  1.741 ms  9/453 (2%)  
[  8]  72.00-73.01  sec   607 KBytes  4.93 Mbits/sec  1.132 ms  0/444 (0%)  
[  8]  73.01-74.00  sec   600 KBytes  4.95 Mbits/sec  1.320 ms  9/448 (2%)  
[  8]  74.00-75.00  sec   611 KBytes  5.01 Mbits/sec  1.215 ms  0/447 (0%)  
[  8]  75.00-76.00  sec   612 KBytes  5.01 Mbits/sec  1.893 ms  1/449 (0.22%)  
[  8]  76.00-77.00  sec   608 KBytes  5.00 Mbits/sec  1.377 ms  0/445 (0%)  
[  8]  77.00-78.00  sec   611 KBytes  5.01 Mbits/sec  2.128 ms  0/447 (0%)  
[  8]  78.00-79.00  sec   607 KBytes  4.97 Mbits/sec  1.859 ms  0/444 (0%)  
[  8]  79.00-80.00  sec   608 KBytes  4.98 Mbits/sec  0.927 ms  0/445 (0%)  
[  8]  80.00-81.00  sec   607 KBytes  4.97 Mbits/sec  1.399 ms  0/444 (0%)  
[  8]  81.00-82.00  sec   618 KBytes  5.06 Mbits/sec  1.955 ms  0/452 (0%)  
[  8]  82.00-83.00  sec   608 KBytes  4.98 Mbits/sec  2.070 ms  0/445 (0%)  
[  8]  83.00-84.00  sec   597 KBytes  4.89 Mbits/sec  1.703 ms  4/441 (0.91%)  
[  8]  84.00-85.00  sec   603 KBytes  4.94 Mbits/sec  1.297 ms  11/452 (2.4%)  
[  8]  85.00-86.00  sec   612 KBytes  5.02 Mbits/sec  1.716 ms  0/448 (0%)  
[  8]  86.00-87.00  sec   607 KBytes  4.97 Mbits/sec  2.290 ms  0/444 (0%)  
[  8]  87.00-88.00  sec   612 KBytes  5.02 Mbits/sec  1.649 ms  1/449 (0.22%)  
[  8]  88.00-89.00  sec   600 KBytes  4.92 Mbits/sec  1.862 ms  4/443 (0.9%)  
[  8]  89.00-90.00  sec   607 KBytes  4.97 Mbits/sec  1.487 ms  5/449 (1.1%)  
[  8]  90.00-91.00  sec   608 KBytes  4.98 Mbits/sec  0.846 ms  2/447 (0.45%)  
[  8]  91.00-92.00  sec   610 KBytes  4.99 Mbits/sec  1.402 ms  0/446 (0%)  
[  8]  92.00-93.00  sec   610 KBytes  5.00 Mbits/sec  1.519 ms  0/446 (0%)  
[  8]  93.00-94.00  sec   604 KBytes  4.95 Mbits/sec  1.804 ms  5/447 (1.1%)  
[  8]  94.00-95.00  sec   606 KBytes  4.97 Mbits/sec  1.301 ms  3/446 (0.67%)  
[  8]  95.00-96.00  sec   603 KBytes  4.94 Mbits/sec  1.964 ms  7/448 (1.6%)  
[  8]  96.00-97.00  sec   608 KBytes  4.98 Mbits/sec  2.117 ms  0/445 (0%)  
[  8]  97.00-98.00  sec   611 KBytes  5.01 Mbits/sec  1.435 ms  0/447 (0%)  
[  8]  98.00-99.00  sec   596 KBytes  4.88 Mbits/sec  1.554 ms  4/440 (0.91%)  
[  8]  99.00-100.00 sec   604 KBytes  4.95 Mbits/sec  1.190 ms  12/454 (2.6%)  
[  8] 100.00-101.00 sec   593 KBytes  4.86 Mbits/sec  1.680 ms  11/445 (2.5%)  
[  8] 101.00-102.00 sec   589 KBytes  4.83 Mbits/sec  1.979 ms  15/446 (3.4%)  
[  8] 102.00-103.00 sec   610 KBytes  5.00 Mbits/sec  0.913 ms  0/446 (0%)  
[  8] 103.00-104.00 sec   610 KBytes  5.00 Mbits/sec  0.836 ms  0/446 (0%)  
[  8] 104.00-105.00 sec   593 KBytes  4.86 Mbits/sec  1.214 ms  14/448 (3.1%)  
[  8] 105.00-106.00 sec   585 KBytes  4.79 Mbits/sec  1.390 ms  1/429 (0.23%)  
[  8] 106.00-107.00 sec   634 KBytes  5.20 Mbits/sec  1.951 ms  0/464 (0%)  
[  8] 107.00-108.00 sec   611 KBytes  5.01 Mbits/sec  1.274 ms  0/447 (0%)  
[  8] 108.00-109.00 sec   607 KBytes  4.97 Mbits/sec  2.049 ms  1/445 (0.22%)  
[  8] 109.00-110.00 sec   606 KBytes  4.96 Mbits/sec  2.583 ms  0/443 (0%)  
[  8] 110.00-111.00 sec   612 KBytes  5.02 Mbits/sec  1.230 ms  1/449 (0.22%)  
[  8] 111.00-112.00 sec   607 KBytes  4.97 Mbits/sec  1.456 ms  4/448 (0.89%)  
[  8] 112.00-113.00 sec   606 KBytes  4.96 Mbits/sec  1.059 ms  3/446 (0.67%)  
[  8] 113.00-114.00 sec   599 KBytes  4.91 Mbits/sec  1.787 ms  6/444 (1.4%)  
[  8] 114.00-115.00 sec   599 KBytes  4.91 Mbits/sec  1.877 ms  7/445 (1.6%)  
[  8] 115.00-116.00 sec   606 KBytes  4.96 Mbits/sec  1.543 ms  7/450 (1.6%)  
[  8] 116.00-117.00 sec   612 KBytes  5.01 Mbits/sec  1.667 ms  0/448 (0%)  
[  8] 117.00-118.00 sec   604 KBytes  4.96 Mbits/sec  1.813 ms  2/444 (0.45%)  
[  8] 118.00-119.00 sec   610 KBytes  5.00 Mbits/sec  1.880 ms  2/448 (0.45%)  
[  8] 119.00-120.00 sec   603 KBytes  4.94 Mbits/sec  2.027 ms  3/444 (0.68%)  
[  8] 120.00-121.00 sec   608 KBytes  4.98 Mbits/sec  1.888 ms  4/449 (0.89%)  
[  8] 121.00-122.00 sec   602 KBytes  4.93 Mbits/sec  1.489 ms  6/446 (1.3%)  
[  8] 122.00-123.00 sec   611 KBytes  5.01 Mbits/sec  1.321 ms  0/447 (0%)  
[  8] 123.00-124.00 sec   592 KBytes  4.85 Mbits/sec  1.667 ms  13/446 (2.9%)  
[  8] 124.00-125.00 sec   603 KBytes  4.94 Mbits/sec  1.437 ms  4/445 (0.9%)  
[  8] 125.00-126.00 sec   612 KBytes  5.02 Mbits/sec  1.243 ms  0/448 (0%)  
[  8] 126.00-127.00 sec   608 KBytes  4.98 Mbits/sec  2.461 ms  0/445 (0%)  
[  8] 127.00-128.00 sec   612 KBytes  5.01 Mbits/sec  2.004 ms  0/448 (0%)  
[  8] 128.00-129.00 sec   611 KBytes  5.01 Mbits/sec  1.312 ms  0/447 (0%)  
[  8] 129.00-130.00 sec   607 KBytes  4.97 Mbits/sec  1.300 ms  2/446 (0.45%)  
[  8] 130.00-131.00 sec   597 KBytes  4.89 Mbits/sec  1.400 ms  8/445 (1.8%)  
[  8] 131.00-132.00 sec   602 KBytes  4.93 Mbits/sec  1.042 ms  7/447 (1.6%)  
[  8] 132.00-133.00 sec   607 KBytes  4.97 Mbits/sec  1.477 ms  3/447 (0.67%)  
[  8] 133.00-134.00 sec   610 KBytes  5.00 Mbits/sec  1.487 ms  0/446 (0%)  
[  8] 134.00-135.00 sec   582 KBytes  4.77 Mbits/sec  1.829 ms  17/443 (3.8%)  
[  8] 135.00-136.00 sec   603 KBytes  4.94 Mbits/sec  2.127 ms  6/447 (1.3%)  
[  8] 136.00-137.00 sec   604 KBytes  4.95 Mbits/sec  1.495 ms  5/447 (1.1%)  
[  8] 137.00-138.00 sec   604 KBytes  4.95 Mbits/sec  2.071 ms  7/449 (1.6%)  
[  8] 138.00-139.00 sec   611 KBytes  5.01 Mbits/sec  1.549 ms  0/447 (0%)  
[  8] 139.00-140.00 sec   610 KBytes  5.00 Mbits/sec  1.345 ms  0/446 (0%)  
[  8] 140.00-141.00 sec   611 KBytes  5.01 Mbits/sec  2.146 ms  0/447 (0%)  
[  8] 141.00-142.00 sec   608 KBytes  4.98 Mbits/sec  2.365 ms  0/445 (0%)  
[  8] 142.00-143.00 sec   608 KBytes  4.98 Mbits/sec  1.516 ms  0/445 (0%)  
[  8] 143.00-144.00 sec   614 KBytes  5.03 Mbits/sec  1.810 ms  0/449 (0%)  
[  8] 144.00-145.00 sec   607 KBytes  4.97 Mbits/sec  1.858 ms  0/444 (0%)  
[  8] 145.00-146.00 sec   612 KBytes  5.02 Mbits/sec  1.462 ms  0/448 (0%)  
[  8] 146.00-147.00 sec   611 KBytes  5.01 Mbits/sec  1.834 ms  0/447 (0%)  
[  8] 147.00-148.00 sec   602 KBytes  4.93 Mbits/sec  1.961 ms  5/445 (1.1%)  
[  8] 148.00-149.00 sec   608 KBytes  4.98 Mbits/sec  2.110 ms  3/448 (0.67%)  
[  8] 149.00-150.00 sec   599 KBytes  4.91 Mbits/sec  1.209 ms  9/447 (2%)  
[  8] 150.00-151.00 sec   610 KBytes  4.99 Mbits/sec  1.557 ms  0/446 (0%)  
[  8] 151.00-152.00 sec   608 KBytes  4.98 Mbits/sec  1.920 ms  0/445 (0%)  
[  8] 152.00-153.00 sec   610 KBytes  5.00 Mbits/sec  1.894 ms  0/446 (0%)  
[  8] 153.00-154.00 sec   603 KBytes  4.94 Mbits/sec  2.178 ms  4/445 (0.9%)  
[  8] 154.00-155.00 sec   606 KBytes  4.96 Mbits/sec  2.229 ms  5/448 (1.1%)  
[  8] 155.00-156.00 sec   588 KBytes  4.82 Mbits/sec  2.780 ms  8/438 (1.8%)  
[  8] 156.00-157.00 sec   614 KBytes  5.03 Mbits/sec  2.309 ms  6/455 (1.3%)  
[  8] 157.00-158.00 sec   606 KBytes  4.96 Mbits/sec  2.311 ms  3/446 (0.67%)  
[  8] 158.00-159.00 sec   584 KBytes  4.78 Mbits/sec  1.824 ms  20/447 (4.5%)  
[  8] 159.00-160.00 sec   599 KBytes  4.91 Mbits/sec  2.487 ms  7/445 (1.6%)  
[  8] 160.00-161.00 sec   600 KBytes  4.92 Mbits/sec  1.584 ms  8/447 (1.8%)  
[  8] 161.00-162.00 sec   612 KBytes  5.02 Mbits/sec  1.386 ms  0/448 (0%)  
[  8] 162.00-163.00 sec   610 KBytes  5.00 Mbits/sec  1.160 ms  1/447 (0.22%)  
[  8] 163.00-164.00 sec   603 KBytes  4.94 Mbits/sec  1.740 ms  5/446 (1.1%)  
[  8] 164.00-165.00 sec   597 KBytes  4.90 Mbits/sec  1.467 ms  8/445 (1.8%)  
[  8] 165.00-166.00 sec   612 KBytes  5.02 Mbits/sec  1.450 ms  0/448 (0%)  
[  8] 166.00-167.00 sec   604 KBytes  4.95 Mbits/sec  1.085 ms  3/445 (0.67%)  
[  8] 167.00-168.00 sec   612 KBytes  5.02 Mbits/sec  1.567 ms  0/448 (0%)  
[  8] 168.00-169.00 sec   592 KBytes  4.85 Mbits/sec  1.712 ms  13/446 (2.9%)  
[  8] 169.00-170.00 sec   602 KBytes  4.93 Mbits/sec  2.435 ms  6/446 (1.3%)  
[  8] 170.00-171.00 sec   606 KBytes  4.96 Mbits/sec  1.988 ms  4/447 (0.89%)  
[  8] 171.00-172.00 sec   604 KBytes  4.95 Mbits/sec  1.024 ms  4/446 (0.9%)  
[  8] 172.00-173.00 sec   610 KBytes  4.99 Mbits/sec  1.807 ms  1/447 (0.22%)  
[  8] 173.00-174.00 sec   603 KBytes  4.94 Mbits/sec  1.465 ms  5/446 (1.1%)  
[  8] 174.00-175.00 sec   599 KBytes  4.91 Mbits/sec  1.741 ms  6/444 (1.4%)  
[  8] 175.00-176.00 sec   604 KBytes  4.95 Mbits/sec  1.525 ms  7/449 (1.6%)  
[  8] 176.00-177.00 sec   610 KBytes  4.99 Mbits/sec  1.104 ms  0/446 (0%)  
[  8] 177.00-178.00 sec   596 KBytes  4.88 Mbits/sec  2.589 ms  8/444 (1.8%)  
[  8] 178.00-179.00 sec   611 KBytes  5.01 Mbits/sec  1.450 ms  2/449 (0.45%)  
[  8] 179.00-180.00 sec   604 KBytes  4.95 Mbits/sec  1.576 ms  2/444 (0.45%)  
[  8] 180.00-181.00 sec   614 KBytes  5.03 Mbits/sec  1.442 ms  0/449 (0%)  
[  8] 181.00-182.00 sec   610 KBytes  5.00 Mbits/sec  1.813 ms  0/446 (0%)  
[  8] 182.00-183.00 sec   610 KBytes  5.00 Mbits/sec  1.803 ms  0/446 (0%)  
[  8] 183.00-184.00 sec   588 KBytes  4.82 Mbits/sec  0.973 ms  18/448 (4%)  
[  8] 184.00-185.00 sec   606 KBytes  4.96 Mbits/sec  2.005 ms  0/443 (0%)  
[  8] 185.00-186.00 sec   610 KBytes  5.00 Mbits/sec  1.817 ms  1/447 (0.22%)  
[  8] 186.00-187.00 sec   612 KBytes  5.02 Mbits/sec  1.777 ms  0/448 (0%)  
[  8] 187.00-188.00 sec   607 KBytes  4.97 Mbits/sec  2.255 ms  2/446 (0.45%)  
[  8] 188.00-189.00 sec   602 KBytes  4.93 Mbits/sec  1.818 ms  5/445 (1.1%)  
[  8] 189.00-190.00 sec   604 KBytes  4.95 Mbits/sec  1.591 ms  5/447 (1.1%)  
[  8] 190.00-191.00 sec   610 KBytes  5.00 Mbits/sec  2.525 ms  0/446 (0%)  
[  8] 191.00-192.00 sec   599 KBytes  4.91 Mbits/sec  2.246 ms  11/449 (2.4%)  
[  8] 192.00-193.00 sec   608 KBytes  4.98 Mbits/sec  2.200 ms  0/445 (0%)  
[  8] 193.00-194.00 sec   571 KBytes  4.68 Mbits/sec  1.834 ms  25/443 (5.6%)  
[  8] 194.00-195.00 sec   600 KBytes  4.92 Mbits/sec  1.784 ms  13/452 (2.9%)  
[  8] 195.00-196.00 sec   596 KBytes  4.88 Mbits/sec  1.708 ms  10/446 (2.2%)  
[  8] 196.00-197.00 sec   606 KBytes  4.96 Mbits/sec  1.414 ms  3/446 (0.67%)  
[  8] 197.00-198.00 sec   606 KBytes  4.96 Mbits/sec  1.221 ms  0/443 (0%)  
[  8] 198.00-199.00 sec   607 KBytes  4.97 Mbits/sec  1.223 ms  2/446 (0.45%)  
[  8] 199.00-200.00 sec   612 KBytes  5.02 Mbits/sec  2.027 ms  2/450 (0.44%)  
[  8] 200.00-201.00 sec   608 KBytes  4.98 Mbits/sec  2.048 ms  2/447 (0.45%)  
[  8] 201.00-202.00 sec   608 KBytes  4.98 Mbits/sec  2.446 ms  0/445 (0%)  
[  8] 202.00-203.00 sec   608 KBytes  4.98 Mbits/sec  2.134 ms  0/445 (0%)  
[  8] 203.00-204.00 sec   607 KBytes  4.97 Mbits/sec  0.871 ms  3/447 (0.67%)  
[  8] 204.00-205.00 sec   599 KBytes  4.91 Mbits/sec  1.439 ms  11/449 (2.4%)  
[  8] 205.00-206.00 sec   599 KBytes  4.91 Mbits/sec  0.975 ms  5/443 (1.1%)  
[  8] 206.00-207.00 sec   611 KBytes  5.00 Mbits/sec  1.958 ms  0/447 (0%)  
[  8] 207.00-208.00 sec   593 KBytes  4.86 Mbits/sec  2.195 ms  11/445 (2.5%)  
[  8] 208.00-209.00 sec   584 KBytes  4.77 Mbits/sec  1.772 ms  23/450 (5.1%)  
[  8] 209.00-210.00 sec   607 KBytes  4.98 Mbits/sec  1.871 ms  3/447 (0.67%)  
[  8] 210.00-211.00 sec   608 KBytes  4.98 Mbits/sec  0.732 ms  1/446 (0.22%)  
[  8] 211.00-212.00 sec   608 KBytes  4.98 Mbits/sec  2.128 ms  0/445 (0%)  
[  8] 212.00-213.00 sec   614 KBytes  5.03 Mbits/sec  1.176 ms  0/449 (0%)  
[  8] 213.00-214.00 sec   595 KBytes  4.87 Mbits/sec  1.365 ms  11/446 (2.5%)  
[  8] 214.00-215.00 sec   597 KBytes  4.89 Mbits/sec  1.214 ms  7/444 (1.6%)  
[  8] 215.00-216.00 sec   611 KBytes  5.01 Mbits/sec  1.318 ms  1/448 (0.22%)  
[  8] 216.00-217.00 sec   611 KBytes  5.01 Mbits/sec  1.084 ms  0/447 (0%)  
[  8] 217.00-218.00 sec   603 KBytes  4.94 Mbits/sec  2.662 ms  3/444 (0.68%)  
[  8] 218.00-219.00 sec   611 KBytes  5.00 Mbits/sec  1.043 ms  2/449 (0.45%)  
[  8] 219.00-220.00 sec   585 KBytes  4.80 Mbits/sec  1.584 ms  14/442 (3.2%)  
[  8] 220.00-221.00 sec   603 KBytes  4.94 Mbits/sec  1.935 ms  9/450 (2%)  
[  8] 221.00-222.00 sec   610 KBytes  5.00 Mbits/sec  1.740 ms  0/446 (0%)  
[  8] 222.00-223.00 sec   610 KBytes  5.00 Mbits/sec  2.150 ms  0/446 (0%)  
[  8] 223.00-224.00 sec   607 KBytes  4.97 Mbits/sec  2.340 ms  0/444 (0%)  
[  8] 224.00-225.00 sec   615 KBytes  5.04 Mbits/sec  1.713 ms  0/450 (0%)  
[  8] 225.00-226.00 sec   610 KBytes  4.99 Mbits/sec  2.161 ms  0/446 (0%)  
[  8] 226.00-227.00 sec   608 KBytes  4.99 Mbits/sec  2.080 ms  1/446 (0.22%)  
[  8] 227.00-228.00 sec   610 KBytes  5.00 Mbits/sec  1.583 ms  1/447 (0.22%)  
[  8] 228.00-229.00 sec   611 KBytes  5.01 Mbits/sec  1.313 ms  0/447 (0%)  
[  8] 229.00-230.00 sec   604 KBytes  4.95 Mbits/sec  2.649 ms  0/442 (0%)  
[  8] 230.00-231.00 sec   611 KBytes  5.01 Mbits/sec  1.663 ms  4/451 (0.89%)  
[  8] 231.00-232.00 sec   610 KBytes  5.00 Mbits/sec  1.702 ms  0/446 (0%)  
[  8] 232.00-233.00 sec   608 KBytes  4.98 Mbits/sec  2.127 ms  0/445 (0%)  
[  8] 233.00-234.00 sec   612 KBytes  5.02 Mbits/sec  1.814 ms  0/448 (0%)  
[  8] 234.00-235.00 sec   611 KBytes  5.01 Mbits/sec  1.369 ms  0/447 (0%)  
[  8] 235.00-236.00 sec   610 KBytes  5.00 Mbits/sec  1.268 ms  0/446 (0%)  
[  8] 236.00-237.00 sec   608 KBytes  4.98 Mbits/sec  1.666 ms  0/445 (0%)  
[  8] 237.00-238.00 sec   611 KBytes  5.00 Mbits/sec  1.799 ms  1/448 (0.22%)  
[  8] 238.00-239.00 sec   611 KBytes  5.01 Mbits/sec  1.906 ms  0/447 (0%)  
[  8] 239.00-240.00 sec   610 KBytes  5.00 Mbits/sec  1.775 ms  0/446 (0%)  
[  8] 240.00-240.01 sec  1.37 KBytes  1.96 Mbits/sec  1.900 ms  0/1 (0%)  
- - - - - - - - - - - - - - - - - - - - - - - - -
[ ID] Interval           Transfer     Bitrate         Jitter    Lost/Total Datagrams
[  8]   0.00-240.01 sec   142 MBytes  4.97 Mbits/sec  1.900 ms  715/107143 (0.67%)  receiver
