-----------------------------------------------------------
Server listening on 5201 (test #1)
-----------------------------------------------------------
Accepted connection from 10.0.0.33, port 36920
[  8] local 10.0.0.97 port 5201 connected to 10.0.0.33 port 45537
[ ID] Interval           Transfer     Bitrate         Jitter    Lost/Total Datagrams
[  8]   0.00-1.00   sec   120 KBytes   986 Kbits/sec  1.509 ms  1/89 (1.1%)  
[  8]   1.00-2.00   sec   120 KBytes   986 Kbits/sec  2.472 ms  1/89 (1.1%)  
[  8]   2.00-3.00   sec   122 KBytes   997 Kbits/sec  2.431 ms  0/89 (0%)  
[  8]   3.00-4.00   sec   119 KBytes   974 Kbits/sec  3.153 ms  2/89 (2.2%)  
[  8]   4.00-5.00   sec   122 KBytes   997 Kbits/sec  2.052 ms  0/89 (0%)  
[  8]   5.00-6.00   sec   122 KBytes   997 Kbits/sec  2.724 ms  1/90 (1.1%)  
[  8]   6.00-7.00   sec   122 KBytes   997 Kbits/sec  4.042 ms  1/90 (1.1%)  
[  8]   7.00-8.00   sec   122 KBytes   997 Kbits/sec  1.586 ms  0/89 (0%)  
[  8]   8.00-9.00   sec   122 KBytes   997 Kbits/sec  1.930 ms  0/89 (0%)  
[  8]   9.00-10.00  sec   123 KBytes  1.01 Mbits/sec  1.969 ms  0/90 (0%)  
[  8]  10.00-11.01  sec   116 KBytes   947 Kbits/sec  4.997 ms  2/87 (2.3%)  
[  8]  11.01-12.00  sec   123 KBytes  1.01 Mbits/sec  3.143 ms  1/91 (1.1%)  
[  8]  12.00-13.00  sec   120 KBytes   986 Kbits/sec  3.991 ms  1/89 (1.1%)  
[  8]  13.00-14.00  sec   116 KBytes   952 Kbits/sec  2.905 ms  4/89 (4.5%)  
[  8]  14.00-15.00  sec   122 KBytes   997 Kbits/sec  2.840 ms  1/90 (1.1%)  
[  8]  15.00-16.00  sec   122 KBytes   997 Kbits/sec  1.752 ms  0/89 (0%)  
[  8]  16.00-17.00  sec   120 KBytes   986 Kbits/sec  1.957 ms  1/89 (1.1%)  
[  8]  17.00-18.00  sec   122 KBytes   997 Kbits/sec  2.318 ms  1/90 (1.1%)  
[  8]  18.00-19.00  sec   120 KBytes   986 Kbits/sec  3.323 ms  0/88 (0%)  
[  8]  19.00-20.00  sec   123 KBytes  1.01 Mbits/sec  2.698 ms  0/90 (0%)  
[  8]  20.00-21.00  sec   122 KBytes   997 Kbits/sec  2.648 ms  0/89 (0%)  
[  8]  21.00-22.00  sec   122 KBytes   997 Kbits/sec  4.050 ms  0/89 (0%)  
[  8]  22.00-23.00  sec   122 KBytes   997 Kbits/sec  2.731 ms  1/90 (1.1%)  
[  8]  23.00-24.00  sec   120 KBytes   986 Kbits/sec  3.257 ms  1/89 (1.1%)  
[  8]  24.00-25.00  sec   122 KBytes   997 Kbits/sec  3.681 ms  0/89 (0%)  
[  8]  25.00-26.00  sec   122 KBytes   997 Kbits/sec  3.546 ms  1/90 (1.1%)  
[  8]  26.00-27.00  sec   122 KBytes   997 Kbits/sec  2.343 ms  0/89 (0%)  
[  8]  27.00-28.00  sec   119 KBytes   974 Kbits/sec  4.959 ms  1/88 (1.1%)  
[  8]  28.00-29.00  sec   124 KBytes  1.02 Mbits/sec  2.471 ms  0/91 (0%)  
[  8]  29.00-30.00  sec   119 KBytes   974 Kbits/sec  4.434 ms  1/88 (1.1%)  
[  8]  30.00-31.00  sec   123 KBytes  1.01 Mbits/sec  2.544 ms  0/90 (0%)  
[  8]  31.00-32.00  sec   122 KBytes   997 Kbits/sec  2.760 ms  0/89 (0%)  
[  8]  32.00-33.00  sec   120 KBytes   985 Kbits/sec  2.682 ms  2/90 (2.2%)  
[  8]  33.00-34.00  sec   116 KBytes   952 Kbits/sec  3.859 ms  4/89 (4.5%)  
[  8]  34.00-35.00  sec   119 KBytes   974 Kbits/sec  3.403 ms  2/89 (2.2%)  
[  8]  35.00-36.00  sec   120 KBytes   986 Kbits/sec  2.459 ms  1/89 (1.1%)  
[  8]  36.00-37.00  sec   120 KBytes   986 Kbits/sec  3.398 ms  2/90 (2.2%)  
[  8]  37.00-38.00  sec  83.4 KBytes   683 Kbits/sec  5.948 ms  5/66 (7.6%)  
[  8]  38.00-39.00  sec   126 KBytes  1.03 Mbits/sec  8.717 ms  21/113 (19%)  
[  8]  39.00-40.00  sec   120 KBytes   985 Kbits/sec  2.813 ms  1/89 (1.1%)  
[  8]  40.00-41.00  sec   119 KBytes   975 Kbits/sec  5.332 ms  2/89 (2.2%)  
[  8]  41.00-42.00  sec   103 KBytes   840 Kbits/sec  6.902 ms  1/76 (1.3%)  
[  8]  42.00-43.00  sec  94.3 KBytes   773 Kbits/sec  9.221 ms  13/82 (16%)  
[  8]  43.00-44.00  sec   131 KBytes  1.08 Mbits/sec  4.331 ms  14/110 (13%)  
[  8]  44.00-45.00  sec   108 KBytes   885 Kbits/sec  3.966 ms  0/79 (0%)  
[  8]  45.00-46.00  sec   115 KBytes   941 Kbits/sec  4.482 ms  0/84 (0%)  
[  8]  46.00-47.00  sec   127 KBytes  1.04 Mbits/sec  3.479 ms  0/93 (0%)  
[  8]  47.00-48.00  sec   135 KBytes  1.11 Mbits/sec  2.945 ms  2/101 (2%)  
[  8]  48.00-49.00  sec   120 KBytes   986 Kbits/sec  3.884 ms  1/89 (1.1%)  
[  8]  49.00-50.00  sec   120 KBytes   986 Kbits/sec  4.218 ms  2/90 (2.2%)  
[  8]  50.00-51.00  sec   122 KBytes   997 Kbits/sec  3.372 ms  0/89 (0%)  
[  8]  51.00-52.00  sec   113 KBytes   930 Kbits/sec  3.396 ms  4/87 (4.6%)  
[  8]  52.00-53.00  sec   108 KBytes   885 Kbits/sec  9.526 ms  13/92 (14%)  
[  8]  53.00-54.00  sec  99.8 KBytes   818 Kbits/sec  12.142 ms  6/79 (7.6%)  
[  8]  54.00-55.00  sec   118 KBytes   963 Kbits/sec  3.018 ms  13/99 (13%)  
[  8]  55.00-56.00  sec   122 KBytes   997 Kbits/sec  2.410 ms  1/90 (1.1%)  
[  8]  56.00-57.00  sec   119 KBytes   974 Kbits/sec  3.052 ms  1/88 (1.1%)  
[  8]  57.00-58.00  sec   122 KBytes   997 Kbits/sec  3.701 ms  1/90 (1.1%)  
[  8]  58.00-59.00  sec   120 KBytes   986 Kbits/sec  3.689 ms  1/89 (1.1%)  
[  8]  59.00-60.00  sec   120 KBytes   986 Kbits/sec  2.748 ms  2/90 (2.2%)  
[  8]  60.00-61.00  sec   120 KBytes   986 Kbits/sec  2.409 ms  1/89 (1.1%)  
[  8]  61.00-62.00  sec   119 KBytes   973 Kbits/sec  4.501 ms  2/89 (2.2%)  
[  8]  62.00-63.00  sec   122 KBytes   998 Kbits/sec  3.503 ms  1/90 (1.1%)  
[  8]  63.00-64.00  sec   112 KBytes   918 Kbits/sec  2.948 ms  6/88 (6.8%)  
[  8]  64.00-65.00  sec   120 KBytes   986 Kbits/sec  1.593 ms  2/90 (2.2%)  
[  8]  65.00-66.00  sec   118 KBytes   962 Kbits/sec  2.956 ms  3/89 (3.4%)  
[  8]  66.00-67.00  sec   123 KBytes  1.01 Mbits/sec  2.328 ms  0/90 (0%)  
[  8]  67.00-68.00  sec   118 KBytes   963 Kbits/sec  2.340 ms  3/89 (3.4%)  
[  8]  68.00-69.00  sec   122 KBytes   997 Kbits/sec  3.769 ms  0/89 (0%)  
[  8]  69.00-70.00  sec   123 KBytes  1.01 Mbits/sec  3.319 ms  0/90 (0%)  
[  8]  70.00-71.00  sec   115 KBytes   941 Kbits/sec  3.673 ms  5/89 (5.6%)  
[  8]  71.00-72.00  sec   122 KBytes   997 Kbits/sec  3.285 ms  0/89 (0%)  
[  8]  72.00-73.00  sec   118 KBytes   963 Kbits/sec  3.430 ms  2/88 (2.3%)  
[  8]  73.00-74.00  sec   119 KBytes   974 Kbits/sec  3.260 ms  4/91 (4.4%)  
[  8]  74.00-75.00  sec   116 KBytes   952 Kbits/sec  2.925 ms  4/89 (4.5%)  
[  8]  75.00-76.00  sec   119 KBytes   975 Kbits/sec  3.584 ms  2/89 (2.2%)  
[  8]  76.00-77.00  sec   119 KBytes   974 Kbits/sec  3.146 ms  2/89 (2.2%)  
[  8]  77.00-78.00  sec   123 KBytes  1.01 Mbits/sec  2.822 ms  0/90 (0%)  
[  8]  78.00-79.00  sec   118 KBytes   963 Kbits/sec  3.525 ms  3/89 (3.4%)  
[  8]  79.00-80.00  sec   116 KBytes   952 Kbits/sec  3.283 ms  5/90 (5.6%)  
[  8]  80.00-81.00  sec   113 KBytes   930 Kbits/sec  5.965 ms  3/86 (3.5%)  
[  8]  81.00-82.00  sec   126 KBytes  1.03 Mbits/sec  4.081 ms  0/92 (0%)  
[  8]  82.00-83.00  sec   122 KBytes   997 Kbits/sec  3.216 ms  0/89 (0%)  
[  8]  83.00-84.00  sec   118 KBytes   963 Kbits/sec  2.712 ms  3/89 (3.4%)  
[  8]  84.00-85.00  sec   115 KBytes   941 Kbits/sec  2.961 ms  6/90 (6.7%)  
[  8]  85.00-86.00  sec   120 KBytes   986 Kbits/sec  4.062 ms  1/89 (1.1%)  
[  8]  86.00-87.00  sec   115 KBytes   941 Kbits/sec  3.534 ms  5/89 (5.6%)  
[  8]  87.00-88.00  sec   120 KBytes   985 Kbits/sec  4.315 ms  2/90 (2.2%)  
[  8]  88.00-89.00  sec   119 KBytes   975 Kbits/sec  3.208 ms  2/89 (2.2%)  
[  8]  89.00-90.00  sec   118 KBytes   963 Kbits/sec  3.596 ms  3/89 (3.4%)  
[  8]  90.00-91.00  sec   122 KBytes   997 Kbits/sec  2.039 ms  1/90 (1.1%)  
[  8]  91.00-92.00  sec   120 KBytes   986 Kbits/sec  2.205 ms  0/88 (0%)  
[  8]  92.00-93.00  sec   103 KBytes   840 Kbits/sec  7.684 ms  1/76 (1.3%)  
[  8]  93.00-94.00  sec   133 KBytes  1.08 Mbits/sec  3.626 ms  7/104 (6.7%)  
[  8]  94.00-95.00  sec   120 KBytes   988 Kbits/sec  1.380 ms  1/89 (1.1%)  
[  8]  95.00-96.00  sec   120 KBytes   986 Kbits/sec  4.763 ms  1/89 (1.1%)  
[  8]  96.00-97.00  sec   118 KBytes   963 Kbits/sec  3.465 ms  3/89 (3.4%)  
[  8]  97.00-98.00  sec   120 KBytes   986 Kbits/sec  2.476 ms  1/89 (1.1%)  
[  8]  98.00-99.00  sec   122 KBytes   996 Kbits/sec  2.259 ms  1/90 (1.1%)  
[  8]  99.00-100.00 sec   103 KBytes   840 Kbits/sec  7.256 ms  3/78 (3.8%)  
[  8] 100.00-101.00 sec   116 KBytes   952 Kbits/sec  3.444 ms  15/100 (15%)  
[  8] 101.00-102.00 sec   115 KBytes   941 Kbits/sec  3.908 ms  5/89 (5.6%)  
[  8] 102.00-103.00 sec   120 KBytes   985 Kbits/sec  2.616 ms  2/90 (2.2%)  
[  8] 103.00-104.00 sec  99.8 KBytes   818 Kbits/sec  6.555 ms  14/87 (16%)  
[  8] 104.00-105.00 sec   115 KBytes   941 Kbits/sec  2.823 ms  8/92 (8.7%)  
[  8] 105.00-106.00 sec   103 KBytes   839 Kbits/sec  3.018 ms  10/85 (12%)  
[  8] 106.00-107.00 sec   127 KBytes  1.04 Mbits/sec  3.751 ms  0/93 (0%)  
[  8] 107.00-108.00 sec   123 KBytes  1.01 Mbits/sec  2.433 ms  0/90 (0%)  
[  8] 108.00-109.00 sec   118 KBytes   963 Kbits/sec  2.967 ms  3/89 (3.4%)  
[  8] 109.00-110.00 sec   116 KBytes   951 Kbits/sec  4.175 ms  2/87 (2.3%)  
[  8] 110.00-111.00 sec   122 KBytes   998 Kbits/sec  1.871 ms  2/91 (2.2%)  
[  8] 111.00-112.00 sec   119 KBytes   974 Kbits/sec  2.764 ms  3/90 (3.3%)  
[  8] 112.00-113.00 sec   118 KBytes   963 Kbits/sec  2.087 ms  3/89 (3.4%)  
[  8] 113.00-114.00 sec   120 KBytes   986 Kbits/sec  2.716 ms  1/89 (1.1%)  
[  8] 114.00-115.00 sec   119 KBytes   974 Kbits/sec  2.554 ms  2/89 (2.2%)  
[  8] 115.00-116.00 sec   116 KBytes   952 Kbits/sec  3.197 ms  5/90 (5.6%)  
[  8] 116.00-117.00 sec   120 KBytes   986 Kbits/sec  2.725 ms  1/89 (1.1%)  
[  8] 117.00-118.00 sec   120 KBytes   986 Kbits/sec  3.884 ms  1/89 (1.1%)  
[  8] 118.00-119.00 sec   120 KBytes   986 Kbits/sec  1.995 ms  1/89 (1.1%)  
[  8] 119.00-120.00 sec   122 KBytes   997 Kbits/sec  3.488 ms  1/90 (1.1%)  
[  8] 120.00-121.00 sec   122 KBytes   997 Kbits/sec  3.043 ms  0/89 (0%)  
[  8] 121.00-122.00 sec   116 KBytes   952 Kbits/sec  3.840 ms  5/90 (5.6%)  
[  8] 122.00-123.00 sec   122 KBytes   997 Kbits/sec  1.513 ms  0/89 (0%)  
[  8] 123.00-124.00 sec   120 KBytes   986 Kbits/sec  2.298 ms  1/89 (1.1%)  
[  8] 124.00-125.00 sec   119 KBytes   974 Kbits/sec  1.994 ms  2/89 (2.2%)  
[  8] 125.00-126.00 sec   120 KBytes   986 Kbits/sec  2.611 ms  1/89 (1.1%)  
[  8] 126.00-127.00 sec   123 KBytes  1.01 Mbits/sec  4.460 ms  0/90 (0%)  
[  8] 127.00-128.00 sec   122 KBytes   996 Kbits/sec  2.327 ms  0/89 (0%)  
[  8] 128.00-129.00 sec   118 KBytes   964 Kbits/sec  4.921 ms  3/89 (3.4%)  
[  8] 129.00-130.00 sec   122 KBytes   997 Kbits/sec  2.846 ms  1/90 (1.1%)  
[  8] 130.00-131.00 sec   116 KBytes   952 Kbits/sec  3.822 ms  4/89 (4.5%)  
[  8] 131.00-132.00 sec   120 KBytes   986 Kbits/sec  2.474 ms  2/90 (2.2%)  
[  8] 132.00-133.00 sec   119 KBytes   974 Kbits/sec  3.087 ms  2/89 (2.2%)  
[  8] 133.00-134.00 sec   120 KBytes   986 Kbits/sec  2.879 ms  1/89 (1.1%)  
[  8] 134.00-135.00 sec   118 KBytes   963 Kbits/sec  4.794 ms  3/89 (3.4%)  
[  8] 135.00-136.00 sec   119 KBytes   974 Kbits/sec  5.083 ms  1/88 (1.1%)  
[  8] 136.00-137.00 sec   119 KBytes   975 Kbits/sec  3.643 ms  2/89 (2.2%)  
[  8] 137.00-138.00 sec   118 KBytes   963 Kbits/sec  3.817 ms  5/91 (5.5%)  
[  8] 138.00-139.00 sec   122 KBytes   997 Kbits/sec  3.378 ms  0/89 (0%)  
[  8] 139.00-140.00 sec   122 KBytes   997 Kbits/sec  2.959 ms  1/90 (1.1%)  
[  8] 140.00-141.00 sec   119 KBytes   974 Kbits/sec  3.790 ms  2/89 (2.2%)  
[  8] 141.00-142.00 sec   120 KBytes   986 Kbits/sec  3.532 ms  1/89 (1.1%)  
[  8] 142.00-143.00 sec   123 KBytes  1.01 Mbits/sec  2.441 ms  0/90 (0%)  
[  8] 143.00-144.00 sec   120 KBytes   986 Kbits/sec  1.948 ms  1/89 (1.1%)  
[  8] 144.00-145.00 sec   122 KBytes   997 Kbits/sec  1.849 ms  0/89 (0%)  
[  8] 145.00-146.00 sec   118 KBytes   963 Kbits/sec  3.351 ms  3/89 (3.4%)  
[  8] 146.00-147.00 sec   116 KBytes   952 Kbits/sec  3.789 ms  4/89 (4.5%)  
[  8] 147.00-148.00 sec   122 KBytes   997 Kbits/sec  2.704 ms  1/90 (1.1%)  
[  8] 148.00-149.00 sec   115 KBytes   941 Kbits/sec  2.810 ms  5/89 (5.6%)  
[  8] 149.00-150.00 sec   119 KBytes   974 Kbits/sec  2.856 ms  2/89 (2.2%)  
[  8] 150.00-151.00 sec   120 KBytes   986 Kbits/sec  3.363 ms  2/90 (2.2%)  
[  8] 151.00-152.00 sec   120 KBytes   986 Kbits/sec  2.999 ms  1/89 (1.1%)  
[  8] 152.00-153.00 sec   118 KBytes   963 Kbits/sec  3.263 ms  2/88 (2.3%)  
[  8] 153.00-154.00 sec   119 KBytes   974 Kbits/sec  4.293 ms  3/90 (3.3%)  
[  8] 154.00-155.00 sec   118 KBytes   963 Kbits/sec  3.550 ms  3/89 (3.4%)  
[  8] 155.00-156.00 sec   116 KBytes   952 Kbits/sec  4.784 ms  3/88 (3.4%)  
[  8] 156.00-157.00 sec   120 KBytes   986 Kbits/sec  4.309 ms  3/91 (3.3%)  
[  8] 157.00-158.00 sec   118 KBytes   963 Kbits/sec  4.449 ms  3/89 (3.4%)  
[  8] 158.00-159.00 sec   108 KBytes   885 Kbits/sec  4.558 ms  10/89 (11%)  
[  8] 159.00-160.00 sec   116 KBytes   952 Kbits/sec  3.068 ms  5/90 (5.6%)  
[  8] 160.00-161.00 sec   119 KBytes   974 Kbits/sec  4.210 ms  2/89 (2.2%)  
[  8] 161.00-162.00 sec   122 KBytes   997 Kbits/sec  2.254 ms  1/90 (1.1%)  
[  8] 162.00-163.00 sec   119 KBytes   974 Kbits/sec  2.873 ms  2/89 (2.2%)  
[  8] 163.00-164.00 sec   122 KBytes   997 Kbits/sec  3.441 ms  0/89 (0%)  
[  8] 164.00-165.00 sec   120 KBytes   986 Kbits/sec  4.084 ms  1/89 (1.1%)  
[  8] 165.00-166.00 sec   123 KBytes  1.01 Mbits/sec  2.165 ms  0/90 (0%)  
[  8] 166.00-167.00 sec   119 KBytes   974 Kbits/sec  4.727 ms  3/90 (3.3%)  
[  8] 167.00-168.00 sec   120 KBytes   985 Kbits/sec  2.938 ms  0/88 (0%)  
[  8] 168.00-169.00 sec   118 KBytes   963 Kbits/sec  2.612 ms  3/89 (3.4%)  
[  8] 169.00-170.00 sec   116 KBytes   952 Kbits/sec  4.475 ms  5/90 (5.6%)  
[  8] 170.00-171.00 sec   115 KBytes   941 Kbits/sec  4.891 ms  5/89 (5.6%)  
[  8] 171.00-172.00 sec   123 KBytes  1.01 Mbits/sec  3.323 ms  0/90 (0%)  
[  8] 172.00-173.00 sec   122 KBytes   997 Kbits/sec  1.824 ms  0/89 (0%)  
[  8] 173.00-174.00 sec   118 KBytes   963 Kbits/sec  2.599 ms  3/89 (3.4%)  
[  8] 174.00-175.00 sec   116 KBytes   952 Kbits/sec  3.481 ms  4/89 (4.5%)  
[  8] 175.00-176.00 sec   122 KBytes   997 Kbits/sec  2.757 ms  1/90 (1.1%)  
[  8] 176.00-177.00 sec   120 KBytes   986 Kbits/sec  4.534 ms  1/89 (1.1%)  
[  8] 177.00-178.00 sec   116 KBytes   952 Kbits/sec  2.954 ms  3/88 (3.4%)  
[  8] 178.00-179.00 sec   120 KBytes   986 Kbits/sec  4.792 ms  2/90 (2.2%)  
[  8] 179.00-180.00 sec   109 KBytes   896 Kbits/sec  4.545 ms  10/90 (11%)  
[  8] 180.00-181.00 sec   112 KBytes   918 Kbits/sec  5.273 ms  7/89 (7.9%)  
[  8] 181.00-182.00 sec   120 KBytes   985 Kbits/sec  3.148 ms  1/89 (1.1%)  
[  8] 182.00-183.00 sec   122 KBytes   997 Kbits/sec  2.233 ms  0/89 (0%)  
[  8] 183.00-184.00 sec   119 KBytes   974 Kbits/sec  3.143 ms  3/90 (3.3%)  
[  8] 184.00-185.00 sec   120 KBytes   986 Kbits/sec  3.027 ms  1/89 (1.1%)  
[  8] 185.00-186.00 sec   120 KBytes   985 Kbits/sec  3.897 ms  2/90 (2.2%)  
[  8] 186.00-187.00 sec   120 KBytes   986 Kbits/sec  2.120 ms  1/89 (1.1%)  
[  8] 187.00-188.00 sec   119 KBytes   974 Kbits/sec  3.482 ms  2/89 (2.2%)  
[  8] 188.00-189.00 sec   116 KBytes   952 Kbits/sec  3.400 ms  4/89 (4.5%)  
[  8] 189.00-190.00 sec   118 KBytes   963 Kbits/sec  3.797 ms  4/90 (4.4%)  
[  8] 190.00-191.00 sec   113 KBytes   927 Kbits/sec  7.159 ms  5/88 (5.7%)  
[  8] 191.00-192.00 sec   108 KBytes   888 Kbits/sec  4.901 ms  9/88 (10%)  
[  8] 192.00-193.00 sec   123 KBytes  1.01 Mbits/sec  4.089 ms  2/92 (2.2%)  
[  8] 193.00-194.00 sec   109 KBytes   896 Kbits/sec  2.278 ms  8/88 (9.1%)  
[  8] 194.00-195.00 sec   118 KBytes   963 Kbits/sec  2.753 ms  4/90 (4.4%)  
[  8] 195.00-196.00 sec   112 KBytes   918 Kbits/sec  4.963 ms  8/90 (8.9%)  
[  8] 196.00-197.00 sec   120 KBytes   986 Kbits/sec  1.659 ms  1/89 (1.1%)  
[  8] 197.00-198.00 sec   118 KBytes   962 Kbits/sec  3.061 ms  3/89 (3.4%)  
[  8] 198.00-199.00 sec   116 KBytes   953 Kbits/sec  2.409 ms  4/89 (4.5%)  
[  8] 199.00-200.00 sec   118 KBytes   963 Kbits/sec  3.760 ms  4/90 (4.4%)  
[  8] 200.00-201.00 sec   118 KBytes   961 Kbits/sec  3.294 ms  3/89 (3.4%)  
[  8] 201.00-202.00 sec   116 KBytes   955 Kbits/sec  6.173 ms  4/89 (4.5%)  
[  8] 202.00-203.00 sec   120 KBytes   986 Kbits/sec  3.472 ms  2/90 (2.2%)  
[  8] 203.00-204.00 sec   115 KBytes   941 Kbits/sec  3.627 ms  4/88 (4.5%)  
[  8] 204.00-205.00 sec   116 KBytes   952 Kbits/sec  2.976 ms  5/90 (5.6%)  
[  8] 205.00-206.00 sec   119 KBytes   974 Kbits/sec  2.697 ms  1/88 (1.1%)  
[  8] 206.00-207.00 sec   118 KBytes   963 Kbits/sec  4.088 ms  5/91 (5.5%)  
[  8] 207.00-208.00 sec   118 KBytes   963 Kbits/sec  3.183 ms  1/87 (1.1%)  
[  8] 208.00-209.00 sec   113 KBytes   930 Kbits/sec  4.428 ms  8/91 (8.8%)  
[  8] 209.00-210.00 sec   120 KBytes   986 Kbits/sec  3.485 ms  2/90 (2.2%)  
[  8] 210.00-211.00 sec   113 KBytes   930 Kbits/sec  1.801 ms  5/88 (5.7%)  
[  8] 211.00-212.00 sec   123 KBytes  1.01 Mbits/sec  3.041 ms  0/90 (0%)  
[  8] 212.00-213.00 sec   123 KBytes  1.01 Mbits/sec  2.096 ms  0/90 (0%)  
[  8] 213.00-214.00 sec   116 KBytes   952 Kbits/sec  2.881 ms  4/89 (4.5%)  
[  8] 214.00-215.00 sec   119 KBytes   974 Kbits/sec  2.755 ms  2/89 (2.2%)  
[  8] 215.00-216.00 sec   120 KBytes   986 Kbits/sec  2.148 ms  1/89 (1.1%)  
[  8] 216.00-217.00 sec   123 KBytes  1.01 Mbits/sec  1.308 ms  0/90 (0%)  
[  8] 217.00-218.00 sec   120 KBytes   986 Kbits/sec  4.538 ms  0/88 (0%)  
[  8] 218.00-219.00 sec   122 KBytes   997 Kbits/sec  3.064 ms  1/90 (1.1%)  
[  8] 219.00-220.00 sec   113 KBytes   930 Kbits/sec  3.224 ms  5/88 (5.7%)  
[  8] 220.00-221.00 sec   115 KBytes   941 Kbits/sec  2.408 ms  7/91 (7.7%)  
[  8] 221.00-222.00 sec   119 KBytes   974 Kbits/sec  3.400 ms  2/89 (2.2%)  
[  8] 222.00-223.00 sec   119 KBytes   974 Kbits/sec  3.136 ms  2/89 (2.2%)  
[  8] 223.00-224.00 sec   116 KBytes   952 Kbits/sec  2.540 ms  3/88 (3.4%)  
[  8] 224.00-225.00 sec   119 KBytes   974 Kbits/sec  4.683 ms  4/91 (4.4%)  
[  8] 225.00-226.00 sec   120 KBytes   985 Kbits/sec  4.110 ms  1/89 (1.1%)  
[  8] 226.00-227.00 sec   115 KBytes   941 Kbits/sec  6.017 ms  2/86 (2.3%)  
[  8] 227.00-228.00 sec   118 KBytes   963 Kbits/sec  2.776 ms  7/93 (7.5%)  
[  8] 228.00-229.00 sec   122 KBytes   997 Kbits/sec  1.531 ms  0/89 (0%)  
[  8] 229.00-230.00 sec   120 KBytes   983 Kbits/sec  3.608 ms  1/89 (1.1%)  
[  8] 230.00-231.00 sec   123 KBytes  1.01 Mbits/sec  4.225 ms  0/90 (0%)  
[  8] 231.00-232.00 sec   122 KBytes   997 Kbits/sec  3.345 ms  0/89 (0%)  
[  8] 232.00-233.00 sec   122 KBytes   997 Kbits/sec  4.356 ms  0/89 (0%)  
[  8] 233.00-234.00 sec   120 KBytes   986 Kbits/sec  3.671 ms  1/89 (1.1%)  
[  8] 234.00-235.00 sec   122 KBytes   997 Kbits/sec  2.398 ms  1/90 (1.1%)  
[  8] 235.00-236.00 sec   122 KBytes   997 Kbits/sec  3.452 ms  0/89 (0%)  
[  8] 236.00-237.00 sec   122 KBytes   997 Kbits/sec  1.993 ms  0/89 (0%)  
[  8] 237.00-238.00 sec   122 KBytes   997 Kbits/sec  2.565 ms  1/90 (1.1%)  
[  8] 238.00-239.00 sec   119 KBytes   974 Kbits/sec  2.439 ms  1/88 (1.1%)  
[  8] 239.00-240.00 sec   122 KBytes   997 Kbits/sec  2.977 ms  1/90 (1.1%)  
[  8] 240.00-240.01 sec  1.37 KBytes  1.15 Mbits/sec  2.903 ms  0/1 (0%)  
- - - - - - - - - - - - - - - - - - - - - - - - -
[ ID] Interval           Transfer     Bitrate         Jitter    Lost/Total Datagrams
[  8]   0.00-240.01 sec  27.8 MBytes   972 Kbits/sec  2.903 ms  599/21429 (2.8%)  receiver
