flows: 64   duration: 20s
  all 128 host namespaces resolved
  servers listening: 64 / 64
  rate ladder:       8 0.25      48 1.25       8 5 
  64 clients launched at 1787643830.990810414; waiting 20s + drain
  all clients returned at 1787643863.216539428
  ⚠️  cli_h10_to_h74_1.25M.json: 1.25 Mbit/s, 41.8% lost
  ⚠️  cli_h11_to_h75_1.25M.json: 1.25 Mbit/s, 42.1% lost
  ⚠️  cli_h12_to_h76_1.25M.json: 1.25 Mbit/s, 41.6% lost
  ⚠️  cli_h13_to_h77_0.25M.json: 0.25 Mbit/s, 33.6% lost
  ⚠️  cli_h14_to_h78_1.25M.json: 1.25 Mbit/s, 42.9% lost
  ⚠️  cli_h15_to_h79_1.25M.json: 1.25 Mbit/s, 43.5% lost
  ⚠️  cli_h16_to_h80_1.25M.json: 1.25 Mbit/s, 44.0% lost
  ⚠️  cli_h17_to_h49_5M.json: 4.99 Mbit/s, 73.4% lost
  ⚠️  cli_h18_to_h50_1.25M.json: 1.25 Mbit/s, 43.6% lost
  ⚠️  cli_h19_to_h51_1.25M.json: 1.25 Mbit/s, 44.0% lost
  🔴 cli_h1_to_h65_5M.json: unable to read from stream socket: Resource temporarily unavailable
  ⚠️  cli_h20_to_h52_1.25M.json: 1.25 Mbit/s, 44.3% lost
  ⚠️  cli_h21_to_h53_0.25M.json: 0.25 Mbit/s, 36.9% lost
  🔴 cli_h22_to_h54_1.25M.json: control socket has closed unexpectedly
  ⚠️  cli_h23_to_h55_1.25M.json: 1.25 Mbit/s, 44.4% lost
  ⚠️  cli_h24_to_h56_1.25M.json: 1.25 Mbit/s, 45.4% lost
  ⚠️  cli_h25_to_h57_5M.json: 5.00 Mbit/s, 75.6% lost
  ⚠️  cli_h26_to_h58_1.25M.json: 1.25 Mbit/s, 46.3% lost
  ⚠️  cli_h27_to_h59_1.25M.json: 1.25 Mbit/s, 12.0% lost
  ⚠️  cli_h28_to_h60_1.25M.json: 1.25 Mbit/s, 46.2% lost
  ⚠️  cli_h29_to_h61_0.25M.json: 0.25 Mbit/s, 42.7% lost
  ⚠️  cli_h2_to_h66_1.25M.json: 1.25 Mbit/s, 39.4% lost
  ⚠️  cli_h30_to_h62_1.25M.json: 1.25 Mbit/s, 46.5% lost
  ⚠️  cli_h31_to_h63_1.25M.json: 1.25 Mbit/s, 46.4% lost
  ⚠️  cli_h32_to_h64_1.25M.json: 1.25 Mbit/s, 45.9% lost
  ⚠️  cli_h33_to_h97_5M.json: 5.00 Mbit/s, 34.1% lost
  ⚠️  cli_h34_to_h98_1.25M.json: 1.25 Mbit/s, 24.0% lost
  ⚠️  cli_h35_to_h99_1.25M.json: 1.25 Mbit/s, 25.4% lost
  ⚠️  cli_h36_to_h100_1.25M.json: 1.25 Mbit/s, 24.9% lost
  ⚠️  cli_h37_to_h101_0.25M.json: 0.25 Mbit/s, 20.8% lost
  ⚠️  cli_h38_to_h102_1.25M.json: 1.25 Mbit/s, 26.4% lost
  ⚠️  cli_h39_to_h103_1.25M.json: 1.25 Mbit/s, 25.7% lost
  ⚠️  cli_h3_to_h67_1.25M.json: 1.25 Mbit/s, 40.2% lost
  ⚠️  cli_h40_to_h104_1.25M.json: 1.25 Mbit/s, 25.2% lost
  ⚠️  cli_h41_to_h105_5M.json: 5.00 Mbit/s, 34.8% lost
  ⚠️  cli_h42_to_h106_1.25M.json: 1.25 Mbit/s, 25.7% lost
  ⚠️  cli_h43_to_h107_1.25M.json: 1.25 Mbit/s, 26.4% lost
  ⚠️  cli_h44_to_h108_1.25M.json: 1.25 Mbit/s, 26.8% lost
  ⚠️  cli_h45_to_h109_0.25M.json: 0.25 Mbit/s, 19.0% lost
  ⚠️  cli_h46_to_h110_1.25M.json: 1.25 Mbit/s, 26.2% lost
  ⚠️  cli_h47_to_h111_1.25M.json: 1.25 Mbit/s, 25.6% lost
  ⚠️  cli_h48_to_h112_1.25M.json: 1.25 Mbit/s, 25.3% lost
  ⚠️  cli_h4_to_h68_1.25M.json: 1.25 Mbit/s, 40.0% lost
  ⚠️  cli_h5_to_h69_0.25M.json: 0.25 Mbit/s, 32.4% lost
  ⚠️  cli_h6_to_h70_1.25M.json: 1.25 Mbit/s, 40.1% lost
  ⚠️  cli_h7_to_h71_1.25M.json: 1.25 Mbit/s, 40.6% lost
  🔴 cli_h81_to_h113_5M.json: unable to read from stream socket: Resource temporarily unavailable
  🔴 cli_h84_to_h116_1.25M.json: unable to read from stream socket: Resource temporarily unavailable
  🔴 cli_h85_to_h117_0.25M.json: unable to read from stream socket: Resource temporarily unavailable
  🔴 cli_h89_to_h121_5M.json: unable to read from stream socket: Resource temporarily unavailable
  ⚠️  cli_h8_to_h72_1.25M.json: 1.25 Mbit/s, 41.0% lost
  ⚠️  cli_h91_to_h123_1.25M.json: 1.25 Mbit/s, 5.0% lost
  🔴 cli_h92_to_h124_1.25M.json: unable to read from stream socket: Resource temporarily unavailable
  ⚠️  cli_h96_to_h128_1.25M.json: 1.25 Mbit/s, 5.2% lost
  ⚠️  cli_h9_to_h73_5M.json: 5.00 Mbit/s, 71.2% lost

  flows with a result: 57, without: 7
  offered total: 83.0 Mbit/s
