=== 2. ndt status --check on the P4 fabric it asked for -- must be GREEN ===
# 2026-09-03T23:32:30+08:00
lab
  claim          yours -- 40m left (until 00:12:15)
  note           fix #8 --check baseline: p4 discrimination arm
  exclusive cpu  no (heavy local jobs may overlap this claim)
  measuring      nothing
  code           2e087930  +6 file(s) with uncommitted changes
                 4 of them can change behaviour:
                 p4_proxy/mininet/host_count_override
                 p4_proxy/p4_src/build
                 p4_proxy/venv
                 tools/test_workflow/ndt.trunk

configuration
  hosts          4   (what the last 'ndt up' asked for: p4)
  topology       setting/StaticNetworkTopologyP4_10Switches_4Hosts.json
  p4 host knob   4   (p4_proxy/mininet/host_count_override -- P4 only; decides the next 'ndt up p4')
  bmv2           /usr/local/bmv2-fast/bin/simple_switch_grpc
  sample rate    1/256
  pipeline       ndtwin_switch.p4 is NEWER than build/ndtwin_switch.json -- restored source, never recompiled
  note           /ndt/get_cpu_utilization is fabricated in MININET mode; use cpu_probe.py

running
  bmv2 switches  10      topo session   present
  host/switch    14      manifest       present
  :8000 kernel   open    :8081 proxy    open    :8080 ryu closed
  binary         /usr/local/bmv2-fast/bin/simple_switch_grpc

network health
  switches       10 up, 10 enabled, 0 admin-disabled
  links          40 total, 0 down, 0 admin-disabled
  tc netem       none
  sudo grants    all 3 granted
  apps           none running

kernel graph
  10 switches (10 up, 10 enabled), 4 hosts, 40 edges
proxy
  12 destination paths (want 12 for 4 hosts)

up target
  asked for      p4, 4 hosts   (recorded 2026-09-03 23:32:15 by ndtcheck)
  topology       setting/StaticNetworkTopologyP4_10Switches_4Hosts.json   (declares 4 hosts / 40 edges)
  dataplane      p4                     == p4   ok
  fabric hosts   4                      == 4   ok
  graph hosts    4                      == 4   ok
  graph edges    40                     == 40   ok
  topology file  sha256 50a3246390a6    == recorded   ok

check: 1 problem(s)
  - ndtwin_switch.p4 is newer than its compiled json (restored source, never recompiled)
CHECK_RC=1
