drive_exercise.py -- p4runtime / solution
(non-interactive: no mininet CLI, no xterm; kills nothing)

== pre-flight (read-only) ==============================================
OK   ports 9090-9099 free
OK   interpreter /home/adam/p4dev-python-venv/bin/python (3.12.3)
OK   switch  /usr/local/bin/simple_switch_grpc  sha256[:16]=327fa7d172217397  --version=1.15.3-f0b7d201
OK   p4c     /usr/local/bin/p4c-bm2-ss  sha256[:16]=226f3f66df515c9e  --version=Version 1.2.5.15 (SHA: 5b948b037a BUILD: Release)
OK   exercise dir /home/adam/tutorials/exercises/p4runtime

== compile =============================================================
$ /usr/local/bin/p4c-bm2-ss --p4v 16 --p4runtime-files /home/adam/tutorials/exercises/p4runtime/build/advanced_tunnel.p4.p4info.txtpb -o /home/adam/tutorials/exercises/p4runtime/build/advanced_tunnel.json /home/adam/tutorials/exercises/p4runtime/advanced_tunnel.p4
/home/adam/tutorials/exercises/p4runtime/advanced_tunnel.p4(140): [--Wwarn=invalid-header] warning: accessing a field of an invalid header hdr.myTunnel
        egressTunnelCounter.count((bit<32>) hdr.myTunnel.dst_id);
                                            ^^^^^^^^^^^^
-> /home/adam/tutorials/exercises/p4runtime/build/advanced_tunnel.json  27957 B  sha256[:16]=ef1adeee9e769f26  warnings=1

== plan ================================================================
topology : topology.json
hosts    : h1, h2, h3
switches : s1, s2, s3
links    : 6
program  : /home/adam/tutorials/exercises/p4runtime/advanced_tunnel.p4 -> build/advanced_tunnel.json
switch   : /usr/local/bin/simple_switch_grpc
steps    : run the exercise's controller; h1 ping h2; assert the transit rule and the ping
equivalent to (cwd must be the exercise dir):
  cd /home/adam/tutorials/exercises/p4runtime && \
  sudo /home/adam/p4dev-python-venv/bin/python /home/adam/tutorials/utils/run_exercise.py -t topology.json -j build/advanced_tunnel.json -b /usr/local/bin/simple_switch_grpc
  ... except do_net_cli() is replaced by the scripted steps above.
Reading topology file.
Building mininet topology.
/usr/local/bin/simple_switch_grpc -i 1@s1-eth1 -i 2@s1-eth2 -i 3@s1-eth3 --pcap /home/adam/tutorials/exercises/p4runtime/pcaps --nanolog ipc:///tmp/bm-0-log.ipc --device-id 0 build/advanced_tunnel.json --log-console --thrift-port 9090 -- --grpc-server-addr 0.0.0.0:50051

/usr/local/bin/simple_switch_grpc -i 1@s2-eth1 -i 2@s2-eth2 -i 3@s2-eth3 --pcap /home/adam/tutorials/exercises/p4runtime/pcaps --nanolog ipc:///tmp/bm-1-log.ipc --device-id 1 build/advanced_tunnel.json --log-console --thrift-port 9091 -- --grpc-server-addr 0.0.0.0:50052

/usr/local/bin/simple_switch_grpc -i 1@s3-eth1 -i 2@s3-eth2 -i 3@s3-eth3 --pcap /home/adam/tutorials/exercises/p4runtime/pcaps --nanolog ipc:///tmp/bm-2-log.ipc --device-id 2 build/advanced_tunnel.json --log-console --thrift-port 9092 -- --grpc-server-addr 0.0.0.0:50053

Warning: No control plane file provided for switch s1.
Warning: No control plane file provided for switch s2.
Warning: No control plane file provided for switch s3.

== topology as brought up ==============================================
s1 -> gRPC port: 50051
s2 -> gRPC port: 50052
s3 -> gRPC port: 50053
**********
h1
default interface: eth0	10.0.1.1	08:00:00:00:01:11
**********
**********
h2
default interface: eth0	10.0.2.2	08:00:00:00:02:22
**********
**********
h3
default interface: eth0	10.0.3.3	08:00:00:00:03:33
**********

== scripted steps (no CLI, no xterm) ===================================
$ PYTHONPATH=/home/adam/tutorials/utils /home/adam/p4dev-python-venv/bin/python /home/adam/tutorials/exercises/p4runtime/solution/mycontroller.py   (> /home/adam/tutorials/exercises/p4runtime/logs/driver-controller-p4runtime.log)
   controller pid 1515572 (handed to the generic cell; stopped after it)
-- controller log (/home/adam/tutorials/exercises/p4runtime/logs/driver-controller-p4runtime.log) --
Installed P4 Program using SetForwardingPipelineConfig on s1
Installed P4 Program using SetForwardingPipelineConfig on s2
Installed ingress tunnel rule on s1
Installed transit tunnel rule on s1
Installed egress tunnel rule on s2
Installed ingress tunnel rule on s2
Installed transit tunnel rule on s2
Installed egress tunnel rule on s1

----- Reading tables rules for s1 -----
MyIngress.ipv4_lpm:  hdr.ipv4.dstAddr (b'\n\x00\x02\x02', 32) -> MyIngress.myTunnel_ingress dst_id b'd' 
MyIngress.myTunnel_exact:  hdr.myTunnel.dst_id b'd' -> MyIngress.myTunnel_forward port b'\x02' 
MyIngress.myTunnel_exact:  hdr.myTunnel.dst_id b'\xc8' -> MyIngress.myTunnel_egress dstAddr b'\x08\x00\x00\x00\x01\x11' port b'\x01' 

----- Reading tables rules for s2 -----
MyIngress.ipv4_lpm:  hdr.ipv4.dstAddr (b'\n\x00\x01\x01', 32) -> MyIngress.myTunnel_ingress dst_id b'\xc8' 
MyIngress.myTunnel_exact:  hdr.myTunnel.dst_id b'd' -> MyIngress.myTunnel_egress dstAddr b'\x08\x00\x00\x00\x02"' port b'\x01' 
MyIngress.myTunnel_exact:  hdr.myTunnel.dst_id b'\xc8' -> MyIngress.myTunnel_forward port b'\x02' 

----- Reading tunnel counters -----
s1 MyIngress.ingressTunnelCounter 100: 0 packets (0 bytes)
s2 MyIngress.egressTunnelCounter 100: 0 packets (0 bytes)
s2 MyIngress.ingressTunnelCounter 200: 0 packets (0 bytes)
s1 MyIngress.egressTunnelCounter 200: 0 packets (0 bytes)

----- Reading tunnel counters -----
s1 MyIngress.ingressTunnelCounter 100: 0 packets (0 bytes)
s2 MyIngress.egressTunnelCounter 100: 0 packets (0 bytes)
s2 MyIngress.ingressTunnelCounter 200: 0 packets (0 bytes)
s1 MyIngress.egressTunnelCounter 200: 0 packets (0 bytes)

----- Reading tunnel counters -----
s1 MyIngress.ingressTunnelCounter 100: 0 packets (0 bytes)
s2 MyIngress.egressTunnelCounter 100: 0 packets (0 bytes)
s2 MyIngress.ingressTunnelCounter 200: 0 packets (0 bytes)
s1 MyIngress.egressTunnelCounter 200: 0 packets (0 bytes)

----- Reading tunnel counters -----
s1 MyIngress.ingressTunnelCounter 100: 0 packets (0 bytes)
s2 MyIngress.egressTunnelCounter 100: 0 packets (0 bytes)
s2 MyIngress.ingressTunnelCounter 200: 0 packets (0 bytes)
s1 MyIngress.egressTunnelCounter 200: 0 packets (0 bytes)

----- Reading tunnel counters -----
s1 MyIngress.ingressTunnelCounter 100: 0 packets (0 bytes)
s2 MyIngress.egressTunnelCounter 100: 0 packets (0 bytes)
s2 MyIngress.ingressTunnelCounter 200: 0 packets (0 bytes)
s1 MyIngress.egressTunnelCounter 200: 0 packets (0 bytes)

   PASS injection: the controller stayed up            want=alive after 12s        got=alive
   PASS switches the controller programmed             want=[1, 2]                 got=[1, 2]
$ h1: ping -c5 10.0.2.2 -> 0% loss, 5/5 received
   PASS the transit rule went in                       want=Installed transit tunnel rule got=installed
   PASS h1 -> h2 forwards through the tunnel           want=0.0%                   got=0% loss, 5/5 received

-- switch logs --
   /home/adam/tutorials/exercises/p4runtime/logs/driver-controller-p4runtime.log 2999 B
   /home/adam/tutorials/exercises/p4runtime/logs/s1-p4runtime-requests.txt 3789 B
   /home/adam/tutorials/exercises/p4runtime/logs/s1.log 234048 B
   /home/adam/tutorials/exercises/p4runtime/logs/s2-p4runtime-requests.txt 4024 B
   /home/adam/tutorials/exercises/p4runtime/logs/s2.log 232168 B
   /home/adam/tutorials/exercises/p4runtime/logs/s3.log 173648 B

== net.stop() ==========================================================
net.stop() returned cleanly

== verdict =============================================================
   PASS injection: the controller stayed up            want=alive after 12s        got=alive   【源碼推導，未執行】
   PASS switches the controller programmed             want=[1, 2]                 got=[1, 2]   【源碼推導，未執行】
   PASS the transit rule went in                       want=Installed transit tunnel rule got=installed   【源碼推導，未執行】
   PASS h1 -> h2 forwards through the tunnel           want=0.0%                   got=0% loss, 5/5 received   【README 宣稱】＋【源碼推導，未執行】

>>> PASS (4/4)

report: /home/adam/Desktop/NDTwin-Kernel/doc/audit/2026-09-04_p4-tutorial-exercise-prep/runs/2026-09-24T131543Z_p4runtime_solution.md
