NDTwin L2 contract test
  kernel   : http://localhost:8000
  topology : StaticNetworkTopologyMininet_10Switches.json: 10 switches (OVS), 128 hosts, 288 edges
  traffic  : not expected
  mutations: skipped
  checks   : 39

  PASS [200]  get_graph_data
  PASS [200]  get_detected_flow_data
  PASS [200]  get_detected_top_k_flow_data
  FAIL [200]  get_switch_openflow_table_entries
           - no switch reported a flow table -- in P4 mode /stats/flow/<dpid> is probably still the [] stub
           note: feeds the Classifier, which produces every flow's path
  PASS [200]  get_static_topology_json
  PASS [200]  get_average_link_usage
  FAIL [404]  get_path_switch_count
           - HTTP status 404, expected 200
  PASS [200]  get_num_of_flows_passing_a_switch
  PASS [200]  get_total_input_traffic_load_passing_a_switch
  FAIL [200]  get_power_report
           - no power reading for dpid(s): [1, 2, 3, 4, 5, 6, 7, 8, 9, 10]
  PASS [200]  get_switches_power_state
  FAIL [200]  get_cpu_utilization
           - <root>: expected object (map), got null (None)
  FAIL [200]  get_memory_utilization
           - <root>: expected object (map), got null (None)
  FAIL [200]  get_temperature
           - <root>: expected object (map), got null (None)
  PASS [200]  get_openflow_capacity
  PASS [200]  get_nickname
  PASS [200]  acquire_lock
  PASS [423]  acquire_lock_conflict
  PASS [200]  renew_lock
  PASS [200]  release_lock
  PASS [200]  acquire_lock_after_release
  PASS [200]  release_lock_cleanup
  PASS [412]  release_lock_not_held
  PASS [423]  acquire_lock_invalid_type
  PASS [404]  install_flow_entry__unknown_dpid
  PASS [400]  install_flow_entry__malformed_json
  PASS [400]  install_flow_entry__missing_fields
  PASS [400]  get_path_switch_count__bad_ip
  PASS [200]  get_num_of_flows__unknown_dpid
  PASS [404]  get_nickname__unknown_dpid
  PASS [400]  inform_switch_entered__bad_dpid
  PASS [404]  unknown_endpoint
  PASS [404]  batch_flow_entries__all_unknown_dpids
  PASS [400]  received_a_simulation_case__malformed
  PASS [400]  received_a_simulation_case__missing_fields
  PASS [400]  simulation_completed__malformed
  PASS [400]  app_register__missing_fields
  PASS [400]  historical_logging__bad_state
  PASS [503]  intent_translator_text__incomplete_body

======================================================================
33/39 passed in 0.1s

FAILED checks: get_switch_openflow_table_entries, get_path_switch_count, get_power_report, get_cpu_utilization, get_memory_utilization, get_temperature

hint: flow/path/rate checks are skipped without --with-traffic; start traffic and re-run to cover the telemetry path
