guarded_build: jobs=1 mem_high=3G mem_max=4G lock=/tmp/ndtwin-build.lock
guarded_build: $ cmake --build build -j1
[1/51] Building CXX object CMakeFiles/ndtwin_kernel.dir/src/main.cpp.o
[2/51] Building CXX object src/ndt_core/collection/CMakeFiles/NdtCore_CollectionLib.dir/FlowLinkUsageCollector.cpp.o
[3/51] Linking CXX static library lib/libNdtCore_CollectionLib.a
[4/51] Building CXX object src/ndt_core/routing_management/CMakeFiles/NdtCore_RoutingManagementLib.dir/FlowRoutingManager.cpp.o
[5/51] Building CXX object src/ndt_core/routing_management/CMakeFiles/NdtCore_RoutingManagementLib.dir/Controller.cpp.o
[6/51] Building CXX object src/ndt_core/routing_management/CMakeFiles/NdtCore_RoutingManagementLib.dir/HttpRoutingStrategyBase.cpp.o
[7/51] Building CXX object src/ndt_core/routing_management/CMakeFiles/NdtCore_RoutingManagementLib.dir/P4RoutingStrategy.cpp.o
[8/51] Linking CXX static library lib/libNdtCore_RoutingManagementLib.a
[9/51] Building CXX object src/ndt_core/event_handling/CMakeFiles/NdtCore_EventHandlingLib.dir/ControllerAndOtherEventHandler.cpp.o
[10/51] Linking CXX static library lib/libNdtCore_EventHandlingLib.a
[11/51] Building CXX object src/ndt_core/power_management/CMakeFiles/NdtCore_PowerManagementLib.dir/DeviceConfigurationAndPowerManager.cpp.o
[12/51] Building CXX object src/ndt_core/power_management/CMakeFiles/NdtCore_PowerManagementLib.dir/OVSPowerStrategy.cpp.o
[13/51] Building CXX object src/ndt_core/power_management/CMakeFiles/NdtCore_PowerManagementLib.dir/P4PowerStrategy.cpp.o
[14/51] Linking CXX static library lib/libNdtCore_PowerManagementLib.a
[15/51] Building CXX object src/ndt_core/intent_translator/CMakeFiles/NdtCore_IntentTranslatorLib.dir/IntentTranslator.cpp.o
[16/51] Building CXX object src/ndt_core/intent_translator/CMakeFiles/NdtCore_IntentTranslatorLib.dir/LLMAgent.cpp.o
[17/51] Linking CXX static library lib/libNdtCore_IntentTranslatorLib.a
[18/51] Building CXX object src/ndt_core/http/CMakeFiles/NdtCore_HttpLib.dir/HttpSession.cpp.o
[19/51] Linking CXX static library lib/libNdtCore_HttpLib.a
[20/51] Linking CXX executable bin/ndtwin_kernel
[21/51] Building CXX object tests/CMakeFiles/test_routing_strategy.dir/test_RoutingStrategies.cpp.o
[22/51] Building CXX object tests/CMakeFiles/test_routing_strategy.dir/test_SwitchKindDispatch.cpp.o
[23/51] Building CXX object tests/CMakeFiles/test_routing_strategy.dir/test_OvsLiveness.cpp.o
[24/51] Building CXX object tests/CMakeFiles/test_routing_strategy.dir/test_SyntheticPower.cpp.o
[25/51] Building CXX object tests/CMakeFiles/test_routing_strategy.dir/test_SimulatedDeviceMetrics.cpp.o
[26/51] Building CXX object tests/CMakeFiles/test_routing_strategy.dir/test_DispatchOutcomeLog.cpp.o
[27/51] Building CXX object tests/CMakeFiles/test_routing_strategy.dir/test_PendingEntryFilter.cpp.o
[28/51] Building CXX object tests/CMakeFiles/test_routing_strategy.dir/test_Controller.cpp.o
[29/51] Building CXX object tests/CMakeFiles/test_routing_strategy.dir/test_OvsPowerStrategy.cpp.o
[30/51] Building CXX object tests/CMakeFiles/test_routing_strategy.dir/test_P4PowerStrategy.cpp.o
[31/51] Building CXX object tests/CMakeFiles/test_routing_strategy.dir/test_P4Liveness.cpp.o
[32/51] Building CXX object tests/CMakeFiles/test_routing_strategy.dir/test_RelayResponse.cpp.o
[33/51] Building CXX object tests/CMakeFiles/test_routing_strategy.dir/test_RequestDeadlines.cpp.o
[34/51] Building CXX object tests/CMakeFiles/test_routing_strategy.dir/test_FlowTableCacheOptionalFields.cpp.o
[35/51] Building CXX object tests/CMakeFiles/test_routing_strategy.dir/test_HttpSessionRouting.cpp.o
[36/51] Building CXX object tests/CMakeFiles/test_routing_strategy.dir/test_FlowStatsTimeout.cpp.o
[37/51] Building CXX object tests/CMakeFiles/test_routing_strategy.dir/test_StaleTableCarryForward.cpp.o
[38/51] Building CXX object tests/CMakeFiles/test_routing_strategy.dir/test_FlowLiveness.cpp.o
[39/51] Building CXX object tests/CMakeFiles/test_routing_strategy.dir/test_ApiKeyNotLogged.cpp.o
[40/51] Building CXX object tests/CMakeFiles/test_routing_strategy.dir/test_IntentTaskOutcomes.cpp.o
[41/51] Building CXX object tests/CMakeFiles/test_routing_strategy.dir/test_HttpSessionStatusCodes.cpp.o
[42/51] Building CXX object tests/CMakeFiles/test_routing_strategy.dir/test_GroupMeterExistence.cpp.o
[43/51] Building CXX object tests/CMakeFiles/test_routing_strategy.dir/test_HistoricalLogging.cpp.o
[44/51] Building CXX object tests/CMakeFiles/test_routing_strategy.dir/test_PowerManagerShutdown.cpp.o
[45/51] Building CXX object tests/CMakeFiles/test_routing_strategy.dir/test_DataPlaneKindOrdering.cpp.o
[46/51] Building CXX object tests/CMakeFiles/test_routing_strategy.dir/test_PollDoesNotResurrect.cpp.o
[47/51] Building CXX object tests/CMakeFiles/test_routing_strategy.dir/test_KernelStopIsBounded.cpp.o
[48/51] Building CXX object tests/CMakeFiles/test_routing_strategy.dir/test_IsUpSplit.cpp.o
[49/51] Building CXX object tests/CMakeFiles/test_routing_strategy.dir/test_CpuReportNoIpSwitch.cpp.o
[50/51] Building CXX object tests/CMakeFiles/test_routing_strategy.dir/test_PhantomFilterCoversOvs.cpp.o
[51/51] Linking CXX executable bin/test_routing_strategy
guarded_build: exit 0
