-----------------------------------------------------------
Server listening on 5201 (test #1)
-----------------------------------------------------------
Accepted connection from 10.0.0.6, port 46894
[  8] local 10.0.0.70 port 5201 connected to 10.0.0.6 port 59967
[ ID] Interval           Transfer     Bitrate         Jitter    Lost/Total Datagrams
[  8]   0.00-1.00   sec   103 KBytes   840 Kbits/sec  8.091 ms  239/314 (76%)  
[  8]   1.00-2.00   sec   123 KBytes  1.01 Mbits/sec  10.414 ms  417/507 (82%)  
[  8]   2.00-3.00   sec   126 KBytes  1.03 Mbits/sec  7.282 ms  327/419 (78%)  
[  8]   3.00-4.00   sec   221 KBytes  1.81 Mbits/sec  5.142 ms  246/408 (60%)  
[  8]   4.00-5.00   sec   208 KBytes  1.70 Mbits/sec  6.414 ms  323/475 (68%)  
[  8]   5.00-6.00   sec   238 KBytes  1.95 Mbits/sec  5.127 ms  249/423 (59%)  
[  8]   6.00-7.00   sec   228 KBytes  1.87 Mbits/sec  5.237 ms  275/442 (62%)  
[  8]   7.00-8.00   sec   226 KBytes  1.85 Mbits/sec  5.981 ms  245/410 (60%)  
[  8]   8.00-9.00   sec   176 KBytes  1.44 Mbits/sec  6.377 ms  312/441 (71%)  
[  8]   9.00-10.00  sec   179 KBytes  1.47 Mbits/sec  5.141 ms  285/416 (69%)  
[  8]  10.00-11.00  sec   204 KBytes  1.67 Mbits/sec  7.873 ms  373/522 (71%)  
[  8]  11.00-12.00  sec   138 KBytes  1.13 Mbits/sec  6.807 ms  213/314 (68%)  
[  8]  12.00-13.00  sec   115 KBytes   941 Kbits/sec  6.451 ms  300/384 (78%)  
[  8]  13.00-14.00  sec   163 KBytes  1.33 Mbits/sec  4.084 ms  330/449 (73%)  
[  8]  14.00-15.00  sec   180 KBytes  1.48 Mbits/sec  8.046 ms  374/506 (74%)  
[  8]  15.00-16.00  sec   202 KBytes  1.66 Mbits/sec  4.576 ms  340/488 (70%)  
[  8]  16.00-17.00  sec   171 KBytes  1.40 Mbits/sec  5.149 ms  338/463 (73%)  
[  8]  17.00-18.00  sec   148 KBytes  1.21 Mbits/sec  7.201 ms  418/526 (79%)  
[  8]  18.00-19.00  sec  97.1 KBytes   797 Kbits/sec  6.486 ms  306/377 (81%)  
[  8]  19.00-20.00  sec   131 KBytes  1.08 Mbits/sec  5.519 ms  355/451 (79%)  
[  8]  20.00-21.00  sec   141 KBytes  1.15 Mbits/sec  6.578 ms  384/487 (79%)  
[  8]  21.00-22.00  sec   201 KBytes  1.65 Mbits/sec  4.960 ms  311/458 (68%)  
[  8]  22.00-23.00  sec   211 KBytes  1.72 Mbits/sec  3.229 ms  256/410 (62%)  
[  8]  23.00-24.00  sec   206 KBytes  1.69 Mbits/sec  7.172 ms  226/377 (60%)  
[  8]  24.00-25.00  sec   126 KBytes  1.03 Mbits/sec  9.577 ms  404/496 (81%)  
[  8]  25.00-26.00  sec   123 KBytes  1.01 Mbits/sec  7.629 ms  461/551 (84%)  
[  8]  26.00-27.00  sec   146 KBytes  1.20 Mbits/sec  5.268 ms  310/417 (74%)  
[  8]  27.00-28.00  sec   148 KBytes  1.21 Mbits/sec  4.138 ms  189/297 (64%)  
[  8]  28.00-29.00  sec   227 KBytes  1.86 Mbits/sec  7.797 ms  336/502 (67%)  
[  8]  29.00-30.00  sec   176 KBytes  1.44 Mbits/sec  7.897 ms  352/481 (73%)  
[  8]  30.00-31.00  sec   152 KBytes  1.24 Mbits/sec  8.256 ms  349/460 (76%)  
[  8]  31.00-32.00  sec   129 KBytes  1.05 Mbits/sec  7.254 ms  376/470 (80%)  
[  8]  32.00-33.00  sec   160 KBytes  1.31 Mbits/sec  7.693 ms  275/392 (70%)  
[  8]  33.00-34.00  sec   134 KBytes  1.10 Mbits/sec  7.313 ms  340/438 (78%)  
[  8]  34.00-35.00  sec   175 KBytes  1.43 Mbits/sec  9.964 ms  318/446 (71%)  
[  8]  35.00-36.00  sec   124 KBytes  1.02 Mbits/sec  13.667 ms  435/526 (83%)  
[  8]  36.00-37.00  sec   171 KBytes  1.40 Mbits/sec  5.779 ms  369/494 (75%)  
[  8]  37.00-38.00  sec   137 KBytes  1.12 Mbits/sec  9.617 ms  387/487 (79%)  
[  8]  38.00-39.00  sec   120 KBytes   986 Kbits/sec  7.166 ms  279/367 (76%)  
[  8]  39.00-40.00  sec   127 KBytes  1.04 Mbits/sec  8.066 ms  310/403 (77%)  
[  8]  40.00-41.00  sec   126 KBytes  1.03 Mbits/sec  7.560 ms  237/329 (72%)  
[  8]  41.00-42.00  sec   111 KBytes   907 Kbits/sec  8.153 ms  419/500 (84%)  
[  8]  42.00-43.00  sec   152 KBytes  1.24 Mbits/sec  6.247 ms  441/552 (80%)  
[  8]  43.00-44.00  sec   157 KBytes  1.29 Mbits/sec  6.309 ms  214/329 (65%)  
[  8]  44.00-45.00  sec   145 KBytes  1.19 Mbits/sec  5.737 ms  443/549 (81%)  
[  8]  45.00-46.00  sec   107 KBytes   874 Kbits/sec  6.592 ms  423/501 (84%)  
[  8]  46.00-47.00  sec   141 KBytes  1.15 Mbits/sec  8.414 ms  380/483 (79%)  
[  8]  47.00-48.00  sec  84.8 KBytes   694 Kbits/sec  10.784 ms  163/225 (72%)  
[  8]  48.00-49.00  sec   174 KBytes  1.42 Mbits/sec  6.048 ms  463/590 (78%)  
[  8]  49.00-50.00  sec   208 KBytes  1.70 Mbits/sec  4.179 ms  270/422 (64%)  
[  8]  50.00-51.00  sec   238 KBytes  1.95 Mbits/sec  4.521 ms  289/463 (62%)  
[  8]  51.00-52.00  sec   241 KBytes  1.97 Mbits/sec  7.123 ms  316/492 (64%)  
[  8]  52.00-53.00  sec   157 KBytes  1.29 Mbits/sec  6.077 ms  321/436 (74%)  
[  8]  53.00-54.00  sec   174 KBytes  1.42 Mbits/sec  5.050 ms  280/407 (69%)  
[  8]  54.00-55.00  sec   159 KBytes  1.30 Mbits/sec  5.890 ms  326/442 (74%)  
[  8]  55.00-56.00  sec   152 KBytes  1.24 Mbits/sec  8.424 ms  365/476 (77%)  
[  8]  56.00-57.00  sec   141 KBytes  1.15 Mbits/sec  9.476 ms  290/393 (74%)  
[  8]  57.00-58.00  sec   122 KBytes   997 Kbits/sec  9.906 ms  364/453 (80%)  
[  8]  58.00-59.00  sec   156 KBytes  1.27 Mbits/sec  8.373 ms  270/384 (70%)  
[  8]  59.00-60.00  sec   174 KBytes  1.42 Mbits/sec  5.197 ms  352/479 (73%)  
[  8]  60.00-61.00  sec   129 KBytes  1.05 Mbits/sec  7.733 ms  340/434 (78%)  
[  8]  61.00-62.00  sec   149 KBytes  1.22 Mbits/sec  9.521 ms  353/462 (76%)  
[  8]  62.00-63.00  sec  88.9 KBytes   728 Kbits/sec  8.333 ms  364/429 (85%)  
[  8]  63.00-64.00  sec  90.2 KBytes   739 Kbits/sec  11.034 ms  346/412 (84%)  
[  8]  64.00-65.00  sec   124 KBytes  1.02 Mbits/sec  10.257 ms  421/512 (82%)  
[  8]  65.00-66.00  sec  71.1 KBytes   582 Kbits/sec  8.679 ms  384/436 (88%)  
[  8]  66.00-67.01  sec  97.1 KBytes   788 Kbits/sec  9.169 ms  385/456 (84%)  
[  8]  67.01-68.00  sec   139 KBytes  1.15 Mbits/sec  4.983 ms  301/403 (75%)  
[  8]  68.00-69.00  sec   126 KBytes  1.03 Mbits/sec  12.252 ms  420/512 (82%)  
[  8]  69.00-70.00  sec   129 KBytes  1.05 Mbits/sec  9.674 ms  327/421 (78%)  
[  8]  70.00-71.00  sec   119 KBytes   975 Kbits/sec  9.726 ms  378/465 (81%)  
[  8]  71.00-72.00  sec  79.3 KBytes   650 Kbits/sec  11.232 ms  347/405 (86%)  
[  8]  72.00-73.00  sec  79.3 KBytes   650 Kbits/sec  9.773 ms  381/439 (87%)  
[  8]  73.00-74.00  sec  69.7 KBytes   571 Kbits/sec  10.012 ms  379/430 (88%)  
[  8]  74.00-75.00  sec   108 KBytes   885 Kbits/sec  7.209 ms  318/397 (80%)  
[  8]  75.00-76.00  sec   149 KBytes  1.22 Mbits/sec  6.396 ms  423/532 (80%)  
[  8]  76.00-77.00  sec   156 KBytes  1.28 Mbits/sec  6.812 ms  276/390 (71%)  
[  8]  77.00-78.00  sec  83.4 KBytes   683 Kbits/sec  10.168 ms  502/563 (89%)  
[  8]  78.00-79.00  sec  88.9 KBytes   728 Kbits/sec  8.513 ms  207/272 (76%)  
[  8]  79.00-80.00  sec   193 KBytes  1.58 Mbits/sec  4.323 ms  398/539 (74%)  
[  8]  80.00-81.00  sec   189 KBytes  1.55 Mbits/sec  6.139 ms  317/455 (70%)  
[  8]  81.00-82.00  sec   161 KBytes  1.32 Mbits/sec  5.446 ms  299/417 (72%)  
[  8]  82.00-83.00  sec   123 KBytes  1.01 Mbits/sec  5.814 ms  370/460 (80%)  
[  8]  83.00-84.00  sec  90.2 KBytes   737 Kbits/sec  9.131 ms  245/311 (79%)  
[  8]  84.00-85.00  sec  76.6 KBytes   629 Kbits/sec  10.662 ms  443/499 (89%)  
[  8]  85.00-86.00  sec  42.4 KBytes   347 Kbits/sec  16.946 ms  381/412 (92%)  
[  8]  86.00-87.00  sec  58.8 KBytes   482 Kbits/sec  13.469 ms  388/431 (90%)  
[  8]  87.00-88.00  sec  71.1 KBytes   582 Kbits/sec  11.209 ms  466/518 (90%)  
[  8]  88.00-89.00  sec  83.4 KBytes   683 Kbits/sec  7.687 ms  410/471 (87%)  
[  8]  89.00-90.00  sec  99.8 KBytes   818 Kbits/sec  50.907 ms  443/516 (86%)  
[  8]  90.00-91.00  sec  72.5 KBytes   594 Kbits/sec  15.707 ms  222/275 (81%)  
[  8]  91.00-92.00  sec  56.1 KBytes   459 Kbits/sec  11.480 ms  402/443 (91%)  
[  8]  92.00-93.00  sec   189 KBytes  1.55 Mbits/sec  6.721 ms  450/588 (77%)  
[  8]  93.00-94.00  sec   138 KBytes  1.13 Mbits/sec  8.940 ms  270/371 (73%)  
[  8]  94.00-95.00  sec  42.4 KBytes   347 Kbits/sec  12.473 ms  363/394 (92%)  
[  8]  95.00-96.00  sec   107 KBytes   874 Kbits/sec  8.829 ms  559/637 (88%)  
[  8]  96.00-97.00  sec   168 KBytes  1.38 Mbits/sec  7.207 ms  344/467 (74%)  
[  8]  97.00-98.00  sec   205 KBytes  1.68 Mbits/sec  3.778 ms  273/423 (65%)  
[  8]  98.00-99.00  sec   165 KBytes  1.36 Mbits/sec  9.028 ms  321/442 (73%)  
[  8]  99.00-100.00 sec   124 KBytes  1.02 Mbits/sec  9.611 ms  389/480 (81%)  
[  8] 100.00-101.00 sec   116 KBytes   952 Kbits/sec  9.169 ms  325/410 (79%)  
[  8] 101.00-102.00 sec   107 KBytes   873 Kbits/sec  8.874 ms  388/466 (83%)  
[  8] 102.00-103.00 sec   164 KBytes  1.34 Mbits/sec  5.686 ms  248/368 (67%)  
[  8] 103.00-104.00 sec   103 KBytes   840 Kbits/sec  7.663 ms  414/489 (85%)  
[  8] 104.00-105.00 sec   135 KBytes  1.11 Mbits/sec  8.851 ms  373/472 (79%)  
[  8] 105.00-106.00 sec  94.3 KBytes   772 Kbits/sec  7.686 ms  417/486 (86%)  
[  8] 106.00-107.00 sec   115 KBytes   941 Kbits/sec  7.877 ms  307/391 (79%)  
[  8] 107.00-108.00 sec  94.3 KBytes   773 Kbits/sec  10.501 ms  390/459 (85%)  
[  8] 108.00-109.00 sec   138 KBytes  1.13 Mbits/sec  8.558 ms  321/422 (76%)  
[  8] 109.00-110.00 sec   119 KBytes   974 Kbits/sec  12.540 ms  380/467 (81%)  
[  8] 110.00-111.00 sec   124 KBytes  1.02 Mbits/sec  9.578 ms  294/385 (76%)  
[  8] 111.00-112.00 sec   234 KBytes  1.92 Mbits/sec  4.193 ms  326/497 (66%)  
[  8] 112.00-113.00 sec   133 KBytes  1.09 Mbits/sec  9.803 ms  330/427 (77%)  
[  8] 113.00-114.00 sec   126 KBytes  1.03 Mbits/sec  9.178 ms  350/442 (79%)  
[  8] 114.00-115.00 sec   137 KBytes  1.12 Mbits/sec  8.842 ms  282/382 (74%)  
[  8] 115.00-116.00 sec   137 KBytes  1.12 Mbits/sec  5.936 ms  418/518 (81%)  
[  8] 116.00-117.00 sec   130 KBytes  1.07 Mbits/sec  6.633 ms  399/494 (81%)  
[  8] 117.00-118.00 sec   119 KBytes   974 Kbits/sec  11.545 ms  271/358 (76%)  
[  8] 118.00-119.00 sec   176 KBytes  1.44 Mbits/sec  7.073 ms  290/419 (69%)  
[  8] 119.00-120.00 sec   113 KBytes   930 Kbits/sec  6.371 ms  309/392 (79%)  
[  8] 120.00-121.00 sec   111 KBytes   907 Kbits/sec  11.013 ms  435/516 (84%)  
[  8] 121.00-122.00 sec   109 KBytes   896 Kbits/sec  7.930 ms  501/581 (86%)  
[  8] 122.00-123.00 sec  99.8 KBytes   818 Kbits/sec  9.197 ms  203/276 (74%)  
[  8] 123.00-124.00 sec  58.8 KBytes   482 Kbits/sec  10.674 ms  230/273 (84%)  
[  8] 124.00-125.00 sec  67.0 KBytes   549 Kbits/sec  11.442 ms  303/352 (86%)  
[  8] 125.00-126.00 sec  64.3 KBytes   526 Kbits/sec  12.225 ms  543/590 (92%)  
[  8] 126.00-127.00 sec  94.3 KBytes   772 Kbits/sec  8.765 ms  440/509 (86%)  
[  8] 127.00-128.00 sec  84.8 KBytes   695 Kbits/sec  8.147 ms  356/418 (85%)  
[  8] 128.00-129.00 sec   126 KBytes  1.03 Mbits/sec  8.038 ms  362/454 (80%)  
[  8] 129.00-130.00 sec   174 KBytes  1.43 Mbits/sec  6.520 ms  435/562 (77%)  
[  8] 130.00-131.00 sec   165 KBytes  1.36 Mbits/sec  5.459 ms  305/426 (72%)  
[  8] 131.00-132.00 sec   165 KBytes  1.35 Mbits/sec  6.769 ms  317/438 (72%)  
[  8] 132.00-133.00 sec   139 KBytes  1.14 Mbits/sec  7.041 ms  301/403 (75%)  
[  8] 133.00-134.00 sec   152 KBytes  1.24 Mbits/sec  6.168 ms  347/458 (76%)  
[  8] 134.00-135.00 sec   126 KBytes  1.03 Mbits/sec  6.395 ms  346/438 (79%)  
[  8] 135.00-136.00 sec   126 KBytes  1.03 Mbits/sec  11.520 ms  378/470 (80%)  
[  8] 136.00-137.00 sec   152 KBytes  1.24 Mbits/sec  7.578 ms  274/385 (71%)  
[  8] 137.00-138.00 sec   264 KBytes  2.16 Mbits/sec  34.340 ms  338/531 (64%)  
[  8] 138.00-139.00 sec   197 KBytes  1.61 Mbits/sec  5.397 ms  296/440 (67%)  
[  8] 139.00-140.00 sec   193 KBytes  1.58 Mbits/sec  7.690 ms  329/470 (70%)  
[  8] 140.00-141.00 sec   160 KBytes  1.31 Mbits/sec  7.094 ms  273/390 (70%)  
[  8] 141.00-142.00 sec   141 KBytes  1.15 Mbits/sec  6.043 ms  383/486 (79%)  
[  8] 142.00-143.00 sec   186 KBytes  1.52 Mbits/sec  6.130 ms  291/427 (68%)  
[  8] 143.00-144.00 sec   112 KBytes   918 Kbits/sec  7.773 ms  271/353 (77%)  
[  8] 144.00-145.00 sec   150 KBytes  1.23 Mbits/sec  6.440 ms  414/524 (79%)  
[  8] 145.00-146.00 sec   254 KBytes  2.08 Mbits/sec  5.653 ms  334/520 (64%)  
[  8] 146.00-147.00 sec   171 KBytes  1.40 Mbits/sec  8.833 ms  282/407 (69%)  
[  8] 147.00-148.00 sec   198 KBytes  1.62 Mbits/sec  5.577 ms  336/481 (70%)  
[  8] 148.00-149.00 sec   189 KBytes  1.55 Mbits/sec  7.832 ms  245/383 (64%)  
[  8] 149.00-150.00 sec   129 KBytes  1.05 Mbits/sec  10.976 ms  314/408 (77%)  
[  8] 150.00-151.00 sec   122 KBytes   997 Kbits/sec  7.882 ms  397/486 (82%)  
[  8] 151.00-152.00 sec   161 KBytes  1.32 Mbits/sec  6.394 ms  253/371 (68%)  
[  8] 152.00-153.00 sec   138 KBytes  1.13 Mbits/sec  9.149 ms  447/548 (82%)  
[  8] 153.00-154.00 sec   157 KBytes  1.29 Mbits/sec  6.275 ms  340/455 (75%)  
[  8] 154.00-155.00 sec   122 KBytes   997 Kbits/sec  8.778 ms  193/282 (68%)  
[  8] 155.00-156.00 sec   129 KBytes  1.05 Mbits/sec  5.467 ms  370/464 (80%)  
[  8] 156.00-157.00 sec   176 KBytes  1.44 Mbits/sec  5.702 ms  415/544 (76%)  
[  8] 157.00-158.00 sec   130 KBytes  1.06 Mbits/sec  7.650 ms  344/439 (78%)  
[  8] 158.00-159.00 sec   118 KBytes   962 Kbits/sec  5.728 ms  423/509 (83%)  
[  8] 159.00-160.00 sec   122 KBytes   998 Kbits/sec  11.843 ms  389/478 (81%)  
[  8] 160.00-161.00 sec   145 KBytes  1.19 Mbits/sec  5.994 ms  253/359 (70%)  
[  8] 161.00-162.00 sec   194 KBytes  1.59 Mbits/sec  5.325 ms  382/524 (73%)  
[  8] 162.00-163.00 sec   209 KBytes  1.71 Mbits/sec  5.835 ms  263/416 (63%)  
[  8] 163.00-164.00 sec   152 KBytes  1.24 Mbits/sec  9.358 ms  315/426 (74%)  
[  8] 164.00-165.00 sec   116 KBytes   952 Kbits/sec  6.145 ms  448/533 (84%)  
[  8] 165.00-166.00 sec   161 KBytes  1.32 Mbits/sec  6.406 ms  404/522 (77%)  
[  8] 166.00-167.00 sec   111 KBytes   907 Kbits/sec  10.838 ms  343/424 (81%)  
[  8] 167.00-168.00 sec   138 KBytes  1.13 Mbits/sec  8.221 ms  293/394 (74%)  
[  8] 168.00-169.01 sec   164 KBytes  1.33 Mbits/sec  5.986 ms  402/522 (77%)  
[  8] 169.01-170.00 sec   105 KBytes   873 Kbits/sec  9.005 ms  287/364 (79%)  
[  8] 170.00-171.00 sec   108 KBytes   885 Kbits/sec  6.986 ms  344/423 (81%)  
[  8] 171.00-172.00 sec   129 KBytes  1.05 Mbits/sec  9.715 ms  368/462 (80%)  
[  8] 172.00-173.00 sec  80.7 KBytes   661 Kbits/sec  7.475 ms  358/417 (86%)  
[  8] 173.00-174.00 sec   165 KBytes  1.36 Mbits/sec  8.215 ms  375/496 (76%)  
[  8] 174.00-175.00 sec   118 KBytes   963 Kbits/sec  6.866 ms  378/464 (81%)  
[  8] 175.00-176.00 sec   116 KBytes   952 Kbits/sec  7.620 ms  390/475 (82%)  
[  8] 176.00-177.00 sec   141 KBytes  1.15 Mbits/sec  7.188 ms  351/454 (77%)  
[  8] 177.00-178.00 sec   111 KBytes   907 Kbits/sec  8.258 ms  281/362 (78%)  
[  8] 178.00-179.00 sec   113 KBytes   930 Kbits/sec  7.553 ms  371/454 (82%)  
[  8] 179.00-180.00 sec  95.7 KBytes   784 Kbits/sec  6.187 ms  386/456 (85%)  
[  8] 180.00-181.00 sec   127 KBytes  1.04 Mbits/sec  8.797 ms  440/533 (83%)  
[  8] 181.00-182.00 sec   116 KBytes   952 Kbits/sec  9.172 ms  276/361 (76%)  
[  8] 182.00-183.00 sec  86.1 KBytes   706 Kbits/sec  6.350 ms  373/436 (86%)  
[  8] 183.00-184.00 sec   118 KBytes   963 Kbits/sec  6.612 ms  449/535 (84%)  
[  8] 184.00-185.00 sec  97.1 KBytes   795 Kbits/sec  6.473 ms  313/384 (82%)  
[  8] 185.00-186.00 sec   154 KBytes  1.27 Mbits/sec  3.428 ms  279/392 (71%)  
[  8] 186.00-187.00 sec   134 KBytes  1.10 Mbits/sec  7.426 ms  393/491 (80%)  
[  8] 187.00-188.00 sec   159 KBytes  1.30 Mbits/sec  6.669 ms  304/420 (72%)  
[  8] 188.00-189.00 sec   237 KBytes  1.94 Mbits/sec  4.843 ms  314/487 (64%)  
[  8] 189.00-190.00 sec   129 KBytes  1.05 Mbits/sec  4.423 ms  353/447 (79%)  
[  8] 190.00-191.00 sec   145 KBytes  1.19 Mbits/sec  8.003 ms  340/446 (76%)  
[  8] 191.00-192.00 sec   148 KBytes  1.21 Mbits/sec  7.187 ms  414/522 (79%)  
[  8] 192.00-193.00 sec   157 KBytes  1.29 Mbits/sec  7.865 ms  211/326 (65%)  
[  8] 193.00-194.00 sec   108 KBytes   886 Kbits/sec  7.361 ms  390/469 (83%)  
[  8] 194.00-195.00 sec   129 KBytes  1.05 Mbits/sec  11.680 ms  398/492 (81%)  
[  8] 195.00-196.00 sec   122 KBytes   997 Kbits/sec  6.470 ms  262/351 (75%)  
[  8] 196.00-197.00 sec   217 KBytes  1.78 Mbits/sec  6.305 ms  392/551 (71%)  
[  8] 197.00-198.00 sec   113 KBytes   928 Kbits/sec  7.540 ms  339/422 (80%)  
[  8] 198.00-199.00 sec   122 KBytes   999 Kbits/sec  7.886 ms  390/479 (81%)  
[  8] 199.00-200.00 sec   170 KBytes  1.39 Mbits/sec  6.448 ms  380/504 (75%)  
[  8] 200.00-201.00 sec   120 KBytes   985 Kbits/sec  13.729 ms  282/370 (76%)  
[  8] 201.00-202.00 sec  82.0 KBytes   671 Kbits/sec  14.770 ms  430/490 (88%)  
[  8] 202.00-203.00 sec  88.9 KBytes   729 Kbits/sec  10.041 ms  238/303 (79%)  
[  8] 203.00-204.00 sec   130 KBytes  1.06 Mbits/sec  5.966 ms  414/509 (81%)  
[  8] 204.00-205.00 sec   139 KBytes  1.14 Mbits/sec  5.476 ms  370/472 (78%)  
[  8] 205.00-206.00 sec   161 KBytes  1.32 Mbits/sec  6.262 ms  287/405 (71%)  
[  8] 206.00-207.00 sec   165 KBytes  1.35 Mbits/sec  5.108 ms  296/417 (71%)  
[  8] 207.00-208.00 sec   127 KBytes  1.04 Mbits/sec  8.458 ms  308/401 (77%)  
[  8] 208.00-209.00 sec  84.8 KBytes   694 Kbits/sec  11.284 ms  395/457 (86%)  
[  8] 209.00-210.00 sec  41.0 KBytes   336 Kbits/sec  15.655 ms  487/517 (94%)  
[  8] 210.00-211.01 sec  79.3 KBytes   644 Kbits/sec  8.913 ms  295/353 (84%)  
[  8] 211.01-212.00 sec  73.8 KBytes   608 Kbits/sec  12.503 ms  375/429 (87%)  
[  8] 212.00-213.00 sec  79.3 KBytes   652 Kbits/sec  15.915 ms  437/495 (88%)  
[  8] 213.00-214.00 sec  83.4 KBytes   681 Kbits/sec  11.067 ms  490/551 (89%)  
[  8] 214.00-215.00 sec   124 KBytes  1.02 Mbits/sec  8.397 ms  373/464 (80%)  
[  8] 215.00-216.00 sec  57.4 KBytes   470 Kbits/sec  10.920 ms  239/281 (85%)  
[  8] 216.00-217.00 sec  57.4 KBytes   470 Kbits/sec  11.554 ms  426/468 (91%)  
[  8] 217.00-218.00 sec  88.9 KBytes   727 Kbits/sec  9.160 ms  409/474 (86%)  
[  8] 218.00-219.00 sec  94.3 KBytes   774 Kbits/sec  7.959 ms  444/513 (87%)  
[  8] 219.00-220.00 sec  62.9 KBytes   515 Kbits/sec  13.167 ms  296/342 (87%)  
[  8] 220.00-221.00 sec  52.0 KBytes   426 Kbits/sec  21.356 ms  511/549 (93%)  
[  8] 221.00-222.00 sec   146 KBytes  1.20 Mbits/sec  13.050 ms  253/360 (70%)  
[  8] 222.00-223.00 sec   212 KBytes  1.74 Mbits/sec  4.121 ms  416/571 (73%)  
[  8] 223.00-224.00 sec   282 KBytes  2.31 Mbits/sec  5.369 ms  266/472 (56%)  
[  8] 224.00-225.00 sec   239 KBytes  1.96 Mbits/sec  4.014 ms  279/454 (61%)  
[  8] 225.00-226.00 sec   122 KBytes   997 Kbits/sec  7.614 ms  352/441 (80%)  
[  8] 226.00-227.00 sec   131 KBytes  1.07 Mbits/sec  10.859 ms  265/361 (73%)  
[  8] 227.00-228.00 sec   145 KBytes  1.19 Mbits/sec  8.021 ms  362/468 (77%)  
[  8] 228.00-229.00 sec   127 KBytes  1.04 Mbits/sec  5.760 ms  362/455 (80%)  
[  8] 229.00-230.00 sec   148 KBytes  1.21 Mbits/sec  8.669 ms  381/489 (78%)  
[  8] 230.00-231.00 sec  95.7 KBytes   783 Kbits/sec  8.988 ms  412/482 (85%)  
[  8] 231.00-232.00 sec   126 KBytes  1.03 Mbits/sec  6.051 ms  242/334 (72%)  
[  8] 232.00-233.00 sec   152 KBytes  1.24 Mbits/sec  6.761 ms  351/462 (76%)  
[  8] 233.00-234.00 sec   160 KBytes  1.31 Mbits/sec  5.166 ms  285/402 (71%)  
[  8] 234.00-235.00 sec   130 KBytes  1.06 Mbits/sec  13.054 ms  317/412 (77%)  
[  8] 235.00-236.00 sec   112 KBytes   918 Kbits/sec  10.970 ms  378/460 (82%)  
[  8] 236.00-237.00 sec   120 KBytes   983 Kbits/sec  7.508 ms  407/495 (82%)  
[  8] 237.00-238.00 sec   163 KBytes  1.34 Mbits/sec  8.008 ms  364/483 (75%)  
[  8] 238.00-239.00 sec   172 KBytes  1.41 Mbits/sec  5.402 ms  323/449 (72%)  
[  8] 239.00-240.00 sec   138 KBytes  1.13 Mbits/sec  5.763 ms  338/439 (77%)  
[  8] 240.00-241.00 sec   113 KBytes   930 Kbits/sec  8.968 ms  291/374 (78%)  
[  8] 241.00-242.00 sec   152 KBytes  1.24 Mbits/sec  6.995 ms  390/501 (78%)  
[  8] 242.00-243.00 sec   126 KBytes  1.03 Mbits/sec  6.849 ms  300/392 (77%)  
[  8] 243.00-244.00 sec   137 KBytes  1.12 Mbits/sec  6.702 ms  338/438 (77%)  
[  8] 244.00-245.00 sec   237 KBytes  1.94 Mbits/sec  6.023 ms  341/514 (66%)  
[  8] 245.00-246.00 sec   243 KBytes  2.00 Mbits/sec  5.543 ms  236/414 (57%)  
[  8] 246.00-247.00 sec   157 KBytes  1.29 Mbits/sec  9.626 ms  292/407 (72%)  
[  8] 247.00-248.00 sec   273 KBytes  2.24 Mbits/sec  4.561 ms  304/504 (60%)  
[  8] 248.00-249.00 sec   185 KBytes  1.51 Mbits/sec  4.280 ms  282/417 (68%)  
[  8] 249.00-250.00 sec   137 KBytes  1.12 Mbits/sec  7.608 ms  413/513 (81%)  
[  8] 250.00-251.00 sec   174 KBytes  1.42 Mbits/sec  5.119 ms  302/429 (70%)  
[  8] 251.00-252.00 sec   152 KBytes  1.24 Mbits/sec  9.787 ms  435/546 (80%)  
[  8] 252.00-253.00 sec   137 KBytes  1.12 Mbits/sec  8.509 ms  329/429 (77%)  
[  8] 253.00-254.00 sec   129 KBytes  1.05 Mbits/sec  8.851 ms  225/319 (71%)  
[  8] 254.00-255.00 sec   156 KBytes  1.28 Mbits/sec  6.672 ms  301/415 (73%)  
[  8] 255.00-256.00 sec   172 KBytes  1.41 Mbits/sec  8.491 ms  364/490 (74%)  
[  8] 256.00-257.00 sec   127 KBytes  1.04 Mbits/sec  7.396 ms  408/501 (81%)  
[  8] 257.00-258.00 sec   170 KBytes  1.39 Mbits/sec  7.634 ms  309/433 (71%)  
[  8] 258.00-259.00 sec   175 KBytes  1.43 Mbits/sec  8.574 ms  276/404 (68%)  
[  8] 259.00-260.00 sec   167 KBytes  1.37 Mbits/sec  8.118 ms  295/417 (71%)  
[  8] 260.00-261.00 sec   202 KBytes  1.66 Mbits/sec  8.668 ms  255/403 (63%)  
[  8] 261.00-262.00 sec   174 KBytes  1.42 Mbits/sec  9.504 ms  349/476 (73%)  
[  8] 262.00-263.00 sec   190 KBytes  1.56 Mbits/sec  6.188 ms  421/560 (75%)  
[  8] 263.00-264.00 sec   179 KBytes  1.47 Mbits/sec  6.362 ms  323/454 (71%)  
[  8] 264.00-265.00 sec   189 KBytes  1.55 Mbits/sec  7.113 ms  318/456 (70%)  
[  8] 265.00-266.00 sec   172 KBytes  1.41 Mbits/sec  6.768 ms  290/416 (70%)  
[  8] 266.00-267.00 sec   148 KBytes  1.21 Mbits/sec  7.192 ms  312/420 (74%)  
[  8] 267.00-268.00 sec   183 KBytes  1.50 Mbits/sec  8.397 ms  298/432 (69%)  
[  8] 268.00-269.00 sec   148 KBytes  1.21 Mbits/sec  10.669 ms  287/395 (73%)  
[  8] 269.00-270.00 sec  99.8 KBytes   818 Kbits/sec  7.699 ms  450/523 (86%)  
[  8] 270.00-271.00 sec   135 KBytes  1.11 Mbits/sec  5.888 ms  289/388 (74%)  
[  8] 271.00-272.00 sec   103 KBytes   840 Kbits/sec  7.015 ms  408/483 (84%)  
[  8] 272.00-273.00 sec   154 KBytes  1.26 Mbits/sec  6.896 ms  328/441 (74%)  
[  8] 273.00-274.00 sec   223 KBytes  1.83 Mbits/sec  6.609 ms  284/447 (64%)  
[  8] 274.00-275.00 sec   144 KBytes  1.18 Mbits/sec  6.603 ms  240/345 (70%)  
[  8] 275.00-276.01 sec   146 KBytes  1.18 Mbits/sec  7.920 ms  315/422 (75%)  
[  8] 276.01-277.00 sec   164 KBytes  1.36 Mbits/sec  6.692 ms  368/488 (75%)  
[  8] 277.00-278.00 sec   183 KBytes  1.50 Mbits/sec  8.884 ms  331/465 (71%)  
[  8] 278.00-279.00 sec   138 KBytes  1.13 Mbits/sec  5.432 ms  238/339 (70%)  
[  8] 279.00-280.00 sec   135 KBytes  1.11 Mbits/sec  8.705 ms  392/491 (80%)  
[  8] 280.00-281.00 sec   104 KBytes   853 Kbits/sec  7.998 ms  339/415 (82%)  
[  8] 281.00-282.00 sec  53.3 KBytes   436 Kbits/sec  15.197 ms  391/430 (91%)  
[  8] 282.00-283.01 sec  99.8 KBytes   812 Kbits/sec  7.823 ms  399/472 (85%)  
[  8] 283.01-284.00 sec   172 KBytes  1.42 Mbits/sec  7.198 ms  313/439 (71%)  
[  8] 284.00-285.00 sec   185 KBytes  1.51 Mbits/sec  8.753 ms  381/516 (74%)  
[  8] 285.00-286.00 sec   150 KBytes  1.24 Mbits/sec  10.103 ms  417/527 (79%)  
[  8] 286.00-287.00 sec   163 KBytes  1.33 Mbits/sec  8.083 ms  213/332 (64%)  
[  8] 287.00-288.00 sec   160 KBytes  1.31 Mbits/sec  8.154 ms  315/432 (73%)  
[  8] 288.00-289.00 sec   124 KBytes  1.02 Mbits/sec  7.773 ms  280/371 (75%)  
[  8] 289.00-290.00 sec   179 KBytes  1.47 Mbits/sec  4.292 ms  431/562 (77%)  
[  8] 290.00-291.01 sec   178 KBytes  1.45 Mbits/sec  5.754 ms  333/463 (72%)  
[  8] 291.01-292.00 sec   131 KBytes  1.08 Mbits/sec  8.710 ms  340/436 (78%)  
[  8] 292.00-293.00 sec   152 KBytes  1.24 Mbits/sec  10.996 ms  446/557 (80%)  
[  8] 293.00-294.00 sec   124 KBytes  1.02 Mbits/sec  6.664 ms  378/469 (81%)  
[  8] 294.00-295.00 sec  94.3 KBytes   773 Kbits/sec  12.299 ms  272/341 (80%)  
[  8] 295.00-296.00 sec   107 KBytes   874 Kbits/sec  11.113 ms  466/544 (86%)  
[  8] 296.00-297.00 sec  73.8 KBytes   605 Kbits/sec  11.765 ms  221/275 (80%)  
[  8] 297.00-298.00 sec  79.3 KBytes   650 Kbits/sec  14.209 ms  528/586 (90%)  
[  8] 298.00-299.00 sec   109 KBytes   896 Kbits/sec  9.108 ms  269/349 (77%)  
[  8] 299.00-300.00 sec   101 KBytes   829 Kbits/sec  6.361 ms  327/401 (82%)  
[  8] 300.00-301.00 sec  98.4 KBytes   806 Kbits/sec  11.831 ms  348/420 (83%)  
[  8] 301.00-302.00 sec   127 KBytes  1.04 Mbits/sec  7.756 ms  425/518 (82%)  
[  8] 302.00-303.00 sec   120 KBytes   986 Kbits/sec  7.798 ms  359/447 (80%)  
[  8] 303.00-304.00 sec   124 KBytes  1.02 Mbits/sec  9.057 ms  449/540 (83%)  
[  8] 304.00-305.00 sec   134 KBytes  1.10 Mbits/sec  8.174 ms  273/371 (74%)  
[  8] 305.00-306.00 sec  97.1 KBytes   795 Kbits/sec  10.083 ms  403/474 (85%)  
[  8] 306.00-307.00 sec  91.6 KBytes   750 Kbits/sec  12.610 ms  430/497 (87%)  
[  8] 307.00-308.00 sec   149 KBytes  1.22 Mbits/sec  7.180 ms  426/535 (80%)  
[  8] 308.00-309.00 sec   171 KBytes  1.40 Mbits/sec  10.261 ms  308/433 (71%)  
[  8] 309.00-310.00 sec  99.8 KBytes   818 Kbits/sec  9.884 ms  341/414 (82%)  
[  8] 310.00-311.00 sec   135 KBytes  1.11 Mbits/sec  5.895 ms  370/469 (79%)  
[  8] 311.00-312.00 sec   108 KBytes   885 Kbits/sec  5.860 ms  332/411 (81%)  
[  8] 312.00-313.00 sec   141 KBytes  1.15 Mbits/sec  8.513 ms  357/460 (78%)  
[  8] 313.00-314.00 sec   175 KBytes  1.43 Mbits/sec  5.682 ms  334/462 (72%)  
[  8] 314.00-315.00 sec   163 KBytes  1.33 Mbits/sec  9.769 ms  319/438 (73%)  
[  8] 315.00-316.00 sec  88.9 KBytes   729 Kbits/sec  12.328 ms  336/401 (84%)  
[  8] 316.00-317.00 sec  98.4 KBytes   806 Kbits/sec  8.268 ms  329/401 (82%)  
[  8] 317.00-318.00 sec  60.2 KBytes   493 Kbits/sec  10.437 ms  369/413 (89%)  
[  8] 318.00-319.00 sec  52.0 KBytes   426 Kbits/sec  11.014 ms  403/441 (91%)  
[  8] 319.00-320.00 sec  87.5 KBytes   716 Kbits/sec  9.560 ms  454/518 (88%)  
[  8] 320.00-321.00 sec   189 KBytes  1.55 Mbits/sec  8.690 ms  368/506 (73%)  
[  8] 321.00-322.00 sec   130 KBytes  1.06 Mbits/sec  11.614 ms  362/457 (79%)  
[  8] 322.00-323.00 sec   113 KBytes   929 Kbits/sec  4.847 ms  353/436 (81%)  
[  8] 323.00-324.00 sec   133 KBytes  1.09 Mbits/sec  7.441 ms  383/480 (80%)  
[  8] 324.00-325.00 sec   112 KBytes   917 Kbits/sec  11.731 ms  224/306 (73%)  
[  8] 325.00-326.00 sec   109 KBytes   898 Kbits/sec  8.694 ms  378/458 (83%)  
[  8] 326.00-327.00 sec   186 KBytes  1.52 Mbits/sec  7.787 ms  372/508 (73%)  
[  8] 327.00-328.00 sec   134 KBytes  1.10 Mbits/sec  10.415 ms  225/323 (70%)  
[  8] 328.00-329.00 sec   167 KBytes  1.37 Mbits/sec  5.739 ms  484/606 (80%)  
[  8] 329.00-330.00 sec   154 KBytes  1.26 Mbits/sec  6.839 ms  268/381 (70%)  
[  8] 330.00-331.00 sec   163 KBytes  1.33 Mbits/sec  10.460 ms  383/502 (76%)  
[  8] 331.00-332.00 sec   115 KBytes   941 Kbits/sec  8.318 ms  252/336 (75%)  
[  8] 332.00-333.00 sec  80.7 KBytes   661 Kbits/sec  18.105 ms  458/517 (89%)  
[  8] 333.00-334.00 sec   126 KBytes  1.03 Mbits/sec  6.653 ms  311/403 (77%)  
[  8] 334.00-335.00 sec  91.6 KBytes   750 Kbits/sec  9.724 ms  281/348 (81%)  
[  8] 335.00-336.00 sec  75.2 KBytes   616 Kbits/sec  17.033 ms  501/556 (90%)  
[  8] 336.00-337.00 sec   112 KBytes   918 Kbits/sec  7.252 ms  315/397 (79%)  
[  8] 337.00-338.00 sec   154 KBytes  1.27 Mbits/sec  7.826 ms  338/451 (75%)  
[  8] 338.00-339.00 sec   208 KBytes  1.70 Mbits/sec  7.175 ms  370/522 (71%)  
[  8] 339.00-340.00 sec   149 KBytes  1.22 Mbits/sec  5.211 ms  295/404 (73%)  
[  8] 340.00-340.49 sec  80.7 KBytes  1.34 Mbits/sec  6.198 ms  195/254 (77%)  
- - - - - - - - - - - - - - - - - - - - - - - - -
[ ID] Interval           Transfer     Bitrate         Jitter    Lost/Total Datagrams
[SUM]  0.0-340.5 sec  47 datagrams received out-of-order
[  8]   0.00-340.49 sec  45.9 MBytes  1.13 Mbits/sec  6.198 ms  117372/151783 (77%)  receiver
