-----------------------------------------------------------
Server listening on 5201 (test #1)
-----------------------------------------------------------
Accepted connection from 10.0.0.40, port 37972
[  8] local 10.0.0.104 port 5201 connected to 10.0.0.40 port 38806
[ ID] Interval           Transfer     Bitrate         Jitter    Lost/Total Datagrams
[  8]   0.00-1.00   sec  62.9 KBytes   514 Kbits/sec  9.336 ms  279/325 (86%)  
[  8]   1.00-2.00   sec   108 KBytes   887 Kbits/sec  10.943 ms  372/451 (82%)  
[  8]   2.00-3.00   sec  79.3 KBytes   650 Kbits/sec  7.986 ms  353/411 (86%)  
[  8]   3.00-4.00   sec   168 KBytes  1.38 Mbits/sec  5.457 ms  374/497 (75%)  
[  8]   4.00-5.00   sec   145 KBytes  1.19 Mbits/sec  6.767 ms  321/427 (75%)  
[  8]   5.00-6.00   sec   152 KBytes  1.24 Mbits/sec  5.703 ms  319/430 (74%)  
[  8]   6.00-7.00   sec   122 KBytes   998 Kbits/sec  7.244 ms  349/438 (80%)  
[  8]   7.00-8.00   sec   101 KBytes   829 Kbits/sec  6.761 ms  360/434 (83%)  
[  8]   8.00-9.00   sec   153 KBytes  1.25 Mbits/sec  4.745 ms  361/473 (76%)  
[  8]   9.00-10.00  sec   139 KBytes  1.14 Mbits/sec  3.338 ms  306/408 (75%)  
[  8]  10.00-11.00  sec   120 KBytes   986 Kbits/sec  7.743 ms  401/489 (82%)  
[  8]  11.00-12.00  sec   160 KBytes  1.31 Mbits/sec  4.239 ms  220/337 (65%)  
[  8]  12.00-13.00  sec   196 KBytes  1.60 Mbits/sec  5.772 ms  356/499 (71%)  
[  8]  13.00-14.00  sec   191 KBytes  1.57 Mbits/sec  5.216 ms  301/441 (68%)  
[  8]  14.00-15.00  sec   127 KBytes  1.04 Mbits/sec  8.501 ms  368/461 (80%)  
[  8]  15.00-16.00  sec   174 KBytes  1.42 Mbits/sec  6.605 ms  339/466 (73%)  
[  8]  16.00-17.00  sec   124 KBytes  1.02 Mbits/sec  5.512 ms  271/362 (75%)  
[  8]  17.00-18.00  sec   200 KBytes  1.64 Mbits/sec  4.006 ms  442/588 (75%)  
[  8]  18.00-19.00  sec   172 KBytes  1.41 Mbits/sec  4.549 ms  275/401 (69%)  
[  8]  19.00-20.00  sec   139 KBytes  1.14 Mbits/sec  4.755 ms  328/430 (76%)  
[  8]  20.00-21.00  sec   179 KBytes  1.47 Mbits/sec  6.686 ms  321/452 (71%)  
[  8]  21.00-22.00  sec   167 KBytes  1.37 Mbits/sec  3.605 ms  336/458 (73%)  
[  8]  22.00-23.00  sec   168 KBytes  1.38 Mbits/sec  5.613 ms  317/440 (72%)  
[  8]  23.00-24.00  sec   153 KBytes  1.25 Mbits/sec  7.152 ms  319/431 (74%)  
[  8]  24.00-25.00  sec   109 KBytes   897 Kbits/sec  7.541 ms  466/546 (85%)  
[  8]  25.00-26.00  sec   185 KBytes  1.51 Mbits/sec  4.965 ms  277/412 (67%)  
[  8]  26.00-27.00  sec   146 KBytes  1.20 Mbits/sec  6.597 ms  337/444 (76%)  
[  8]  27.00-28.00  sec   190 KBytes  1.56 Mbits/sec  7.810 ms  228/367 (62%)  
[  8]  28.00-29.00  sec   172 KBytes  1.41 Mbits/sec  4.334 ms  345/471 (73%)  
[  8]  29.00-30.00  sec   191 KBytes  1.57 Mbits/sec  5.314 ms  352/492 (72%)  
[  8]  30.00-31.00  sec   150 KBytes  1.23 Mbits/sec  4.831 ms  327/437 (75%)  
[  8]  31.00-32.00  sec   107 KBytes   875 Kbits/sec  7.680 ms  397/475 (84%)  
[  8]  32.00-33.00  sec   122 KBytes   997 Kbits/sec  8.981 ms  309/398 (78%)  
[  8]  33.00-34.00  sec   127 KBytes  1.04 Mbits/sec  5.305 ms  315/408 (77%)  
[  8]  34.00-35.00  sec   146 KBytes  1.20 Mbits/sec  7.392 ms  393/500 (79%)  
[  8]  35.00-36.00  sec   127 KBytes  1.04 Mbits/sec  6.626 ms  420/513 (82%)  
[  8]  36.00-37.00  sec   131 KBytes  1.08 Mbits/sec  4.205 ms  312/408 (76%)  
[  8]  37.00-38.00  sec   149 KBytes  1.22 Mbits/sec  4.687 ms  385/494 (78%)  
[  8]  38.00-39.00  sec   161 KBytes  1.32 Mbits/sec  5.318 ms  235/353 (67%)  
[  8]  39.00-40.00  sec   175 KBytes  1.43 Mbits/sec  5.687 ms  299/427 (70%)  
[  8]  40.00-41.00  sec   167 KBytes  1.37 Mbits/sec  4.478 ms  300/422 (71%)  
[  8]  41.00-42.00  sec   180 KBytes  1.47 Mbits/sec  6.782 ms  390/522 (75%)  
[  8]  42.00-43.00  sec   111 KBytes   910 Kbits/sec  7.513 ms  349/430 (81%)  
[  8]  43.00-44.00  sec   118 KBytes   963 Kbits/sec  7.785 ms  241/327 (74%)  
[  8]  44.00-45.00  sec  82.0 KBytes   672 Kbits/sec  10.379 ms  453/513 (88%)  
[  8]  45.00-46.00  sec   157 KBytes  1.29 Mbits/sec  5.917 ms  464/579 (80%)  
[  8]  46.00-47.00  sec  98.4 KBytes   806 Kbits/sec  8.220 ms  367/439 (84%)  
[  8]  47.00-48.00  sec   219 KBytes  1.79 Mbits/sec  5.121 ms  229/389 (59%)  
[  8]  48.00-49.00  sec   139 KBytes  1.14 Mbits/sec  3.908 ms  327/429 (76%)  
[  8]  49.00-50.00  sec   116 KBytes   952 Kbits/sec  3.682 ms  336/421 (80%)  
[  8]  50.00-51.00  sec   260 KBytes  2.13 Mbits/sec  4.693 ms  266/456 (58%)  
[  8]  51.00-52.00  sec   108 KBytes   885 Kbits/sec  7.412 ms  368/447 (82%)  
[  8]  52.00-53.00  sec  67.0 KBytes   549 Kbits/sec  7.694 ms  433/482 (90%)  
[  8]  53.00-54.00  sec   127 KBytes  1.04 Mbits/sec  4.314 ms  267/360 (74%)  
[  8]  54.00-55.00  sec   178 KBytes  1.46 Mbits/sec  5.835 ms  370/500 (74%)  
[  8]  55.00-56.00  sec   227 KBytes  1.86 Mbits/sec  6.265 ms  309/475 (65%)  
[  8]  56.00-57.00  sec   153 KBytes  1.25 Mbits/sec  5.398 ms  299/411 (73%)  
[  8]  57.00-58.00  sec   124 KBytes  1.02 Mbits/sec  5.321 ms  380/471 (81%)  
[  8]  58.00-59.00  sec   174 KBytes  1.42 Mbits/sec  5.443 ms  232/359 (65%)  
[  8]  59.00-60.00  sec   215 KBytes  1.76 Mbits/sec  4.259 ms  328/485 (68%)  
[  8]  60.00-61.00  sec   200 KBytes  1.64 Mbits/sec  3.820 ms  335/481 (70%)  
[  8]  61.00-62.00  sec   150 KBytes  1.23 Mbits/sec  6.161 ms  279/389 (72%)  
[  8]  62.00-63.00  sec   221 KBytes  1.82 Mbits/sec  5.140 ms  360/522 (69%)  
[  8]  63.00-64.00  sec   185 KBytes  1.51 Mbits/sec  9.175 ms  337/472 (71%)  
[  8]  64.00-65.00  sec   113 KBytes   930 Kbits/sec  7.445 ms  275/358 (77%)  
[  8]  65.00-66.00  sec   113 KBytes   930 Kbits/sec  7.081 ms  426/509 (84%)  
[  8]  66.00-67.00  sec  80.7 KBytes   661 Kbits/sec  8.034 ms  395/454 (87%)  
[  8]  67.00-68.00  sec   107 KBytes   874 Kbits/sec  7.719 ms  320/398 (80%)  
[  8]  68.00-69.00  sec   137 KBytes  1.12 Mbits/sec  7.042 ms  380/480 (79%)  
[  8]  69.00-70.00  sec   205 KBytes  1.68 Mbits/sec  8.125 ms  322/472 (68%)  
[  8]  70.00-71.00  sec   135 KBytes  1.11 Mbits/sec  5.481 ms  365/464 (79%)  
[  8]  71.00-72.00  sec   152 KBytes  1.24 Mbits/sec  8.164 ms  309/420 (74%)  
[  8]  72.00-73.00  sec  77.9 KBytes   638 Kbits/sec  6.070 ms  387/444 (87%)  
[  8]  73.00-74.00  sec   130 KBytes  1.06 Mbits/sec  4.412 ms  367/462 (79%)  
[  8]  74.00-75.00  sec   145 KBytes  1.19 Mbits/sec  5.000 ms  268/374 (72%)  
[  8]  75.00-76.00  sec   186 KBytes  1.52 Mbits/sec  9.086 ms  351/487 (72%)  
[  8]  76.00-77.00  sec   237 KBytes  1.94 Mbits/sec  4.093 ms  233/406 (57%)  
[  8]  77.00-78.00  sec   133 KBytes  1.09 Mbits/sec  7.702 ms  313/410 (76%)  
[  8]  78.00-79.00  sec   126 KBytes  1.03 Mbits/sec  6.270 ms  251/343 (73%)  
[  8]  79.00-80.00  sec   172 KBytes  1.41 Mbits/sec  8.762 ms  457/583 (78%)  
[  8]  80.00-81.00  sec   127 KBytes  1.04 Mbits/sec  7.192 ms  372/465 (80%)  
[  8]  81.00-82.00  sec   145 KBytes  1.19 Mbits/sec  4.420 ms  261/367 (71%)  
[  8]  82.00-83.00  sec   242 KBytes  1.98 Mbits/sec  4.449 ms  312/489 (64%)  
[  8]  83.00-84.00  sec   206 KBytes  1.69 Mbits/sec  6.398 ms  330/481 (69%)  
[  8]  84.00-85.00  sec   185 KBytes  1.51 Mbits/sec  4.282 ms  300/435 (69%)  
[  8]  85.00-86.00  sec   137 KBytes  1.12 Mbits/sec  11.099 ms  371/471 (79%)  
[  8]  86.00-87.00  sec   137 KBytes  1.12 Mbits/sec  10.572 ms  304/404 (75%)  
[  8]  87.00-88.00  sec   139 KBytes  1.14 Mbits/sec  7.286 ms  280/382 (73%)  
[  8]  88.00-89.00  sec   119 KBytes   974 Kbits/sec  5.225 ms  367/454 (81%)  
[  8]  89.00-90.00  sec   182 KBytes  1.49 Mbits/sec  4.886 ms  340/473 (72%)  
[  8]  90.00-91.00  sec   171 KBytes  1.40 Mbits/sec  5.554 ms  270/395 (68%)  
[  8]  91.00-92.00  sec   154 KBytes  1.27 Mbits/sec  5.305 ms  324/437 (74%)  
[  8]  92.00-93.00  sec   159 KBytes  1.30 Mbits/sec  4.517 ms  328/444 (74%)  
[  8]  93.00-94.00  sec   211 KBytes  1.72 Mbits/sec  4.841 ms  250/404 (62%)  
[  8]  94.00-95.00  sec   217 KBytes  1.78 Mbits/sec  4.573 ms  331/490 (68%)  
[  8]  95.00-96.00  sec   191 KBytes  1.57 Mbits/sec  11.140 ms  331/471 (70%)  
[  8]  96.00-97.00  sec  97.1 KBytes   795 Kbits/sec  5.763 ms  440/511 (86%)  
[  8]  97.00-98.00  sec   209 KBytes  1.71 Mbits/sec  9.027 ms  334/487 (69%)  
[  8]  98.00-99.00  sec   152 KBytes  1.24 Mbits/sec  4.987 ms  297/408 (73%)  
[  8]  99.00-100.00 sec   180 KBytes  1.48 Mbits/sec  5.302 ms  395/527 (75%)  
[  8] 100.00-101.00 sec   170 KBytes  1.39 Mbits/sec  2.719 ms  299/423 (71%)  
[  8] 101.00-102.00 sec   190 KBytes  1.56 Mbits/sec  5.265 ms  356/495 (72%)  
[  8] 102.00-103.00 sec   139 KBytes  1.14 Mbits/sec  4.699 ms  264/366 (72%)  
[  8] 103.00-104.00 sec   176 KBytes  1.44 Mbits/sec  4.763 ms  296/425 (70%)  
[  8] 104.00-105.00 sec   141 KBytes  1.15 Mbits/sec  7.569 ms  360/463 (78%)  
[  8] 105.00-106.00 sec   141 KBytes  1.15 Mbits/sec  7.845 ms  343/446 (77%)  
[  8] 106.00-107.00 sec  58.8 KBytes   482 Kbits/sec  12.490 ms  356/399 (89%)  
[  8] 107.00-108.00 sec  54.7 KBytes   448 Kbits/sec  11.878 ms  459/499 (92%)  
[  8] 108.00-109.00 sec  86.1 KBytes   706 Kbits/sec  10.280 ms  349/412 (85%)  
[  8] 109.00-110.00 sec  76.6 KBytes   627 Kbits/sec  10.139 ms  370/426 (87%)  
[  8] 110.00-111.00 sec  84.8 KBytes   694 Kbits/sec  8.330 ms  331/393 (84%)  
[  8] 111.00-112.00 sec  99.8 KBytes   818 Kbits/sec  7.854 ms  359/432 (83%)  
[  8] 112.00-113.00 sec  60.2 KBytes   493 Kbits/sec  13.054 ms  470/514 (91%)  
[  8] 113.00-114.00 sec   130 KBytes  1.06 Mbits/sec  7.198 ms  378/473 (80%)  
[  8] 114.00-115.00 sec   113 KBytes   930 Kbits/sec  9.389 ms  370/453 (82%)  
[  8] 115.00-116.00 sec   176 KBytes  1.44 Mbits/sec  6.281 ms  326/455 (72%)  
[  8] 116.00-117.00 sec   133 KBytes  1.09 Mbits/sec  8.266 ms  334/431 (77%)  
[  8] 117.00-118.00 sec   193 KBytes  1.58 Mbits/sec  3.411 ms  345/486 (71%)  
[  8] 118.00-119.00 sec   223 KBytes  1.83 Mbits/sec  4.697 ms  214/377 (57%)  
[  8] 119.00-120.00 sec   204 KBytes  1.67 Mbits/sec  4.530 ms  306/455 (67%)  
[  8] 120.00-121.00 sec   198 KBytes  1.62 Mbits/sec  7.637 ms  361/506 (71%)  
[  8] 121.00-122.00 sec   101 KBytes   829 Kbits/sec  5.997 ms  433/507 (85%)  
[  8] 122.00-123.00 sec   146 KBytes  1.20 Mbits/sec  8.152 ms  302/409 (74%)  
[  8] 123.00-124.00 sec   157 KBytes  1.29 Mbits/sec  6.580 ms  221/336 (66%)  
[  8] 124.00-125.00 sec   104 KBytes   851 Kbits/sec  14.294 ms  420/496 (85%)  
[  8] 125.00-126.00 sec   131 KBytes  1.08 Mbits/sec  7.642 ms  375/471 (80%)  
[  8] 126.00-127.00 sec   167 KBytes  1.37 Mbits/sec  6.440 ms  288/410 (70%)  
[  8] 127.00-128.00 sec   200 KBytes  1.63 Mbits/sec  5.953 ms  282/428 (66%)  
[  8] 128.00-129.00 sec   156 KBytes  1.28 Mbits/sec  9.560 ms  263/377 (70%)  
[  8] 129.00-130.00 sec   152 KBytes  1.24 Mbits/sec  4.919 ms  408/519 (79%)  
[  8] 130.00-131.00 sec   185 KBytes  1.51 Mbits/sec  4.489 ms  275/410 (67%)  
[  8] 131.00-132.00 sec   186 KBytes  1.52 Mbits/sec  5.486 ms  292/428 (68%)  
[  8] 132.00-133.00 sec   122 KBytes   997 Kbits/sec  8.985 ms  337/426 (79%)  
[  8] 133.00-134.00 sec   197 KBytes  1.61 Mbits/sec  4.957 ms  297/441 (67%)  
[  8] 134.00-135.00 sec   176 KBytes  1.44 Mbits/sec  6.777 ms  424/553 (77%)  
[  8] 135.00-136.00 sec   127 KBytes  1.04 Mbits/sec  7.305 ms  296/389 (76%)  
[  8] 136.00-137.00 sec  53.3 KBytes   437 Kbits/sec  9.446 ms  410/449 (91%)  
[  8] 137.00-138.00 sec  61.5 KBytes   502 Kbits/sec  12.199 ms  411/456 (90%)  
[  8] 138.00-139.00 sec  67.0 KBytes   551 Kbits/sec  6.190 ms  380/429 (89%)  
[  8] 139.00-140.00 sec   165 KBytes  1.36 Mbits/sec  6.264 ms  355/476 (75%)  
[  8] 140.00-141.00 sec   165 KBytes  1.36 Mbits/sec  5.051 ms  284/405 (70%)  
[  8] 141.00-142.00 sec   152 KBytes  1.24 Mbits/sec  9.879 ms  308/419 (74%)  
[  8] 142.00-143.00 sec   108 KBytes   885 Kbits/sec  8.556 ms  466/545 (86%)  
[  8] 143.00-144.00 sec   116 KBytes   952 Kbits/sec  7.403 ms  285/370 (77%)  
[  8] 144.00-145.00 sec   191 KBytes  1.57 Mbits/sec  3.859 ms  328/468 (70%)  
[  8] 145.00-146.00 sec   243 KBytes  1.99 Mbits/sec  6.227 ms  327/505 (65%)  
[  8] 146.00-147.00 sec   180 KBytes  1.48 Mbits/sec  5.274 ms  323/455 (71%)  
[  8] 147.00-148.00 sec   190 KBytes  1.56 Mbits/sec  5.721 ms  322/461 (70%)  
[  8] 148.00-149.00 sec   231 KBytes  1.89 Mbits/sec  4.543 ms  319/488 (65%)  
[  8] 149.00-150.00 sec   185 KBytes  1.51 Mbits/sec  4.690 ms  260/395 (66%)  
[  8] 150.00-151.00 sec   156 KBytes  1.28 Mbits/sec  6.099 ms  319/433 (74%)  
[  8] 151.00-152.00 sec   118 KBytes   963 Kbits/sec  8.415 ms  285/371 (77%)  
[  8] 152.00-153.00 sec   107 KBytes   874 Kbits/sec  5.809 ms  452/530 (85%)  
[  8] 153.00-154.00 sec  90.2 KBytes   739 Kbits/sec  5.652 ms  374/440 (85%)  
[  8] 154.00-155.00 sec  91.6 KBytes   750 Kbits/sec  16.304 ms  484/551 (88%)  
[  8] 155.00-156.00 sec   120 KBytes   986 Kbits/sec  6.796 ms  187/275 (68%)  
[  8] 156.00-157.00 sec   107 KBytes   874 Kbits/sec  12.849 ms  339/417 (81%)  
[  8] 157.00-158.00 sec   115 KBytes   941 Kbits/sec  8.185 ms  478/562 (85%)  
[  8] 158.00-159.00 sec   137 KBytes  1.12 Mbits/sec  6.044 ms  377/477 (79%)  
[  8] 159.00-160.00 sec   115 KBytes   941 Kbits/sec  12.221 ms  262/346 (76%)  
[  8] 160.00-161.00 sec   138 KBytes  1.13 Mbits/sec  6.525 ms  387/488 (79%)  
[  8] 161.00-162.00 sec   153 KBytes  1.25 Mbits/sec  5.770 ms  414/526 (79%)  
[  8] 162.00-163.00 sec   149 KBytes  1.22 Mbits/sec  8.723 ms  204/313 (65%)  
[  8] 163.00-164.00 sec   149 KBytes  1.22 Mbits/sec  8.489 ms  270/379 (71%)  
[  8] 164.00-165.00 sec   187 KBytes  1.53 Mbits/sec  4.113 ms  459/596 (77%)  
[  8] 165.00-166.00 sec   161 KBytes  1.32 Mbits/sec  6.366 ms  373/491 (76%)  
[  8] 166.00-167.00 sec   194 KBytes  1.59 Mbits/sec  6.490 ms  300/442 (68%)  
[  8] 167.00-168.00 sec   104 KBytes   851 Kbits/sec  15.392 ms  313/389 (80%)  
[  8] 168.00-169.00 sec   129 KBytes  1.05 Mbits/sec  6.691 ms  395/489 (81%)  
[  8] 169.00-170.00 sec   189 KBytes  1.55 Mbits/sec  4.027 ms  315/453 (70%)  
[  8] 170.00-171.00 sec   163 KBytes  1.33 Mbits/sec  6.126 ms  254/373 (68%)  
[  8] 171.00-172.00 sec   113 KBytes   928 Kbits/sec  8.248 ms  425/508 (84%)  
[  8] 172.00-173.00 sec  45.1 KBytes   370 Kbits/sec  10.063 ms  401/434 (92%)  
[  8] 173.00-174.00 sec  91.6 KBytes   750 Kbits/sec  9.523 ms  411/478 (86%)  
[  8] 174.00-175.00 sec  94.3 KBytes   773 Kbits/sec  7.106 ms  391/460 (85%)  
[  8] 175.00-176.00 sec   115 KBytes   941 Kbits/sec  6.141 ms  338/422 (80%)  
[  8] 176.00-177.00 sec   163 KBytes  1.33 Mbits/sec  6.632 ms  319/438 (73%)  
[  8] 177.00-178.00 sec   182 KBytes  1.49 Mbits/sec  7.101 ms  332/465 (71%)  
[  8] 178.00-179.00 sec   113 KBytes   929 Kbits/sec  6.646 ms  375/458 (82%)  
[  8] 179.00-180.00 sec  77.9 KBytes   639 Kbits/sec  8.380 ms  337/394 (86%)  
[  8] 180.00-181.00 sec   141 KBytes  1.15 Mbits/sec  3.931 ms  371/474 (78%)  
[  8] 181.00-182.00 sec   287 KBytes  2.35 Mbits/sec  5.275 ms  152/362 (42%)  
[  8] 182.00-183.00 sec   168 KBytes  1.38 Mbits/sec  5.933 ms  361/484 (75%)  
[  8] 183.00-184.00 sec   153 KBytes  1.25 Mbits/sec  7.573 ms  418/530 (79%)  
[  8] 184.00-185.00 sec  73.8 KBytes   604 Kbits/sec  11.549 ms  437/491 (89%)  
[  8] 185.00-186.00 sec   124 KBytes  1.02 Mbits/sec  6.965 ms  250/341 (73%)  
[  8] 186.00-187.00 sec   141 KBytes  1.15 Mbits/sec  8.894 ms  340/443 (77%)  
[  8] 187.00-188.00 sec   120 KBytes   986 Kbits/sec  9.381 ms  373/461 (81%)  
[  8] 188.00-189.00 sec  90.2 KBytes   739 Kbits/sec  6.064 ms  321/387 (83%)  
[  8] 189.00-190.00 sec   107 KBytes   874 Kbits/sec  6.410 ms  409/487 (84%)  
[  8] 190.00-191.00 sec  97.1 KBytes   795 Kbits/sec  5.564 ms  355/426 (83%)  
[  8] 191.00-192.00 sec  77.9 KBytes   638 Kbits/sec  10.110 ms  460/517 (89%)  
[  8] 192.00-193.00 sec  79.3 KBytes   650 Kbits/sec  9.362 ms  323/381 (85%)  
[  8] 193.00-194.00 sec  69.7 KBytes   571 Kbits/sec  6.185 ms  356/407 (87%)  
[  8] 194.00-195.00 sec  73.8 KBytes   605 Kbits/sec  6.834 ms  455/509 (89%)  
[  8] 195.00-196.00 sec   126 KBytes  1.03 Mbits/sec  5.007 ms  370/462 (80%)  
[  8] 196.00-197.00 sec   167 KBytes  1.37 Mbits/sec  6.531 ms  322/444 (73%)  
[  8] 197.00-198.00 sec   101 KBytes   829 Kbits/sec  7.719 ms  379/453 (84%)  
[  8] 198.00-199.00 sec   141 KBytes  1.15 Mbits/sec  5.581 ms  381/484 (79%)  
[  8] 199.00-200.00 sec   108 KBytes   887 Kbits/sec  6.683 ms  390/469 (83%)  
[  8] 200.00-201.00 sec   112 KBytes   919 Kbits/sec  8.685 ms  284/366 (78%)  
[  8] 201.00-202.00 sec  87.5 KBytes   717 Kbits/sec  11.128 ms  262/326 (80%)  
[  8] 202.00-203.00 sec   168 KBytes  1.38 Mbits/sec  8.423 ms  348/471 (74%)  
[  8] 203.00-204.00 sec   145 KBytes  1.19 Mbits/sec  7.491 ms  366/472 (78%)  
[  8] 204.00-205.00 sec   185 KBytes  1.51 Mbits/sec  5.681 ms  316/451 (70%)  
[  8] 205.00-206.00 sec   194 KBytes  1.59 Mbits/sec  7.328 ms  263/405 (65%)  
[  8] 206.00-207.00 sec   219 KBytes  1.79 Mbits/sec  5.975 ms  237/397 (60%)  
[  8] 207.00-208.00 sec   175 KBytes  1.43 Mbits/sec  7.189 ms  318/446 (71%)  
[  8] 208.00-209.00 sec   134 KBytes  1.10 Mbits/sec  9.289 ms  416/514 (81%)  
[  8] 209.00-210.00 sec   127 KBytes  1.04 Mbits/sec  7.286 ms  413/506 (82%)  
[  8] 210.00-211.00 sec   235 KBytes  1.93 Mbits/sec  5.693 ms  241/413 (58%)  
[  8] 211.00-212.00 sec   262 KBytes  2.15 Mbits/sec  6.586 ms  265/457 (58%)  
[  8] 212.00-213.00 sec   271 KBytes  2.22 Mbits/sec  3.022 ms  283/481 (59%)  
[  8] 213.00-214.00 sec   200 KBytes  1.64 Mbits/sec  8.824 ms  356/502 (71%)  
[  8] 214.00-215.00 sec   127 KBytes  1.04 Mbits/sec  7.063 ms  290/383 (76%)  
[  8] 215.00-216.01 sec   201 KBytes  1.64 Mbits/sec  3.855 ms  335/482 (70%)  
[  8] 216.01-217.00 sec   272 KBytes  2.23 Mbits/sec  4.764 ms  224/423 (53%)  
[  8] 217.00-218.00 sec   152 KBytes  1.25 Mbits/sec  6.731 ms  356/467 (76%)  
[  8] 218.00-219.00 sec   105 KBytes   860 Kbits/sec  6.527 ms  488/565 (86%)  
[  8] 219.00-220.00 sec  94.3 KBytes   772 Kbits/sec  7.490 ms  305/374 (82%)  
[  8] 220.00-221.00 sec  98.4 KBytes   809 Kbits/sec  6.981 ms  376/448 (84%)  
[  8] 221.00-222.00 sec  68.4 KBytes   559 Kbits/sec  11.584 ms  278/328 (85%)  
[  8] 222.00-223.00 sec  94.3 KBytes   771 Kbits/sec  10.076 ms  375/444 (84%)  
[  8] 223.00-224.01 sec   135 KBytes  1.11 Mbits/sec  9.450 ms  301/400 (75%)  
[  8] 224.01-225.00 sec   119 KBytes   979 Kbits/sec  5.129 ms  300/387 (78%)  
[  8] 225.00-226.00 sec   186 KBytes  1.52 Mbits/sec  7.914 ms  549/685 (80%)  
[  8] 226.00-227.00 sec   112 KBytes   918 Kbits/sec  9.017 ms  355/437 (81%)  
[  8] 227.00-228.00 sec   123 KBytes  1.01 Mbits/sec  7.009 ms  338/428 (79%)  
[  8] 228.00-229.00 sec   111 KBytes   904 Kbits/sec  6.091 ms  404/485 (83%)  
[  8] 229.00-230.00 sec   118 KBytes   965 Kbits/sec  8.172 ms  355/441 (80%)  
[  8] 230.00-231.00 sec   104 KBytes   853 Kbits/sec  6.553 ms  340/416 (82%)  
[  8] 231.00-232.00 sec   129 KBytes  1.05 Mbits/sec  6.565 ms  363/457 (79%)  
[  8] 232.00-233.00 sec  94.3 KBytes   773 Kbits/sec  7.892 ms  361/430 (84%)  
[  8] 233.00-234.00 sec   129 KBytes  1.05 Mbits/sec  5.722 ms  300/394 (76%)  
[  8] 234.00-235.00 sec   119 KBytes   974 Kbits/sec  14.592 ms  345/432 (80%)  
[  8] 235.00-236.00 sec  68.4 KBytes   560 Kbits/sec  10.574 ms  393/443 (89%)  
[  8] 236.00-237.00 sec  79.3 KBytes   649 Kbits/sec  7.386 ms  385/443 (87%)  
[  8] 237.00-238.00 sec  76.6 KBytes   628 Kbits/sec  7.139 ms  417/473 (88%)  
[  8] 238.00-239.00 sec   111 KBytes   907 Kbits/sec  5.770 ms  346/427 (81%)  
[  8] 239.00-240.00 sec   115 KBytes   941 Kbits/sec  7.388 ms  356/440 (81%)  
[  8] 240.00-241.00 sec   148 KBytes  1.21 Mbits/sec  4.531 ms  360/468 (77%)  
[  8] 241.00-242.00 sec   168 KBytes  1.37 Mbits/sec  4.557 ms  302/425 (71%)  
[  8] 242.00-243.00 sec   134 KBytes  1.10 Mbits/sec  4.688 ms  332/430 (77%)  
[  8] 243.00-244.00 sec   180 KBytes  1.48 Mbits/sec  5.864 ms  323/455 (71%)  
[  8] 244.00-245.01 sec   167 KBytes  1.35 Mbits/sec  6.492 ms  333/455 (73%)  
[  8] 245.01-246.00 sec   275 KBytes  2.28 Mbits/sec  6.269 ms  195/396 (49%)  
[  8] 246.00-247.00 sec   202 KBytes  1.66 Mbits/sec  7.376 ms  256/404 (63%)  
[  8] 247.00-248.00 sec   272 KBytes  2.23 Mbits/sec  7.657 ms  310/509 (61%)  
[  8] 248.00-249.00 sec   194 KBytes  1.59 Mbits/sec  4.290 ms  374/516 (72%)  
[  8] 249.00-250.00 sec   109 KBytes   896 Kbits/sec  8.209 ms  287/367 (78%)  
[  8] 250.00-251.00 sec   168 KBytes  1.38 Mbits/sec  5.435 ms  279/402 (69%)  
[  8] 251.00-252.00 sec   257 KBytes  2.10 Mbits/sec  3.153 ms  343/531 (65%)  
[  8] 252.00-253.00 sec   157 KBytes  1.29 Mbits/sec  5.603 ms  298/413 (72%)  
[  8] 253.00-254.00 sec   182 KBytes  1.49 Mbits/sec  6.894 ms  309/442 (70%)  
[  8] 254.00-255.00 sec   206 KBytes  1.69 Mbits/sec  6.161 ms  272/423 (64%)  
[  8] 255.00-256.00 sec   170 KBytes  1.39 Mbits/sec  10.575 ms  423/547 (77%)  
[  8] 256.00-257.00 sec   183 KBytes  1.50 Mbits/sec  6.159 ms  318/452 (70%)  
[  8] 257.00-258.00 sec   224 KBytes  1.83 Mbits/sec  5.214 ms  280/444 (63%)  
[  8] 258.00-259.00 sec   200 KBytes  1.64 Mbits/sec  3.665 ms  249/395 (63%)  
[  8] 259.00-260.00 sec   242 KBytes  1.98 Mbits/sec  7.803 ms  261/438 (60%)  
[  8] 260.00-261.00 sec   215 KBytes  1.76 Mbits/sec  3.551 ms  242/399 (61%)  
[  8] 261.00-262.00 sec   221 KBytes  1.81 Mbits/sec  4.803 ms  301/463 (65%)  
[  8] 262.00-263.00 sec   219 KBytes  1.79 Mbits/sec  8.190 ms  388/548 (71%)  
[  8] 263.00-264.00 sec   157 KBytes  1.29 Mbits/sec  5.127 ms  320/435 (74%)  
[  8] 264.00-265.00 sec   153 KBytes  1.25 Mbits/sec  7.271 ms  377/489 (77%)  
[  8] 265.00-266.00 sec   204 KBytes  1.67 Mbits/sec  5.086 ms  298/447 (67%)  
[  8] 266.00-267.00 sec   170 KBytes  1.39 Mbits/sec  5.754 ms  288/412 (70%)  
[  8] 267.00-268.00 sec   144 KBytes  1.18 Mbits/sec  5.094 ms  339/444 (76%)  
[  8] 268.00-269.00 sec   265 KBytes  2.17 Mbits/sec  6.757 ms  222/416 (53%)  
[  8] 269.00-270.00 sec   178 KBytes  1.45 Mbits/sec  6.021 ms  383/513 (75%)  
[  8] 270.00-271.00 sec   137 KBytes  1.12 Mbits/sec  6.029 ms  346/446 (78%)  
[  8] 271.00-272.00 sec   103 KBytes   840 Kbits/sec  6.058 ms  387/462 (84%)  
[  8] 272.00-273.00 sec   178 KBytes  1.45 Mbits/sec  4.601 ms  319/449 (71%)  
[  8] 273.00-274.00 sec   120 KBytes   990 Kbits/sec  5.854 ms  262/350 (75%)  
[  8] 274.00-275.00 sec   154 KBytes  1.26 Mbits/sec  8.919 ms  264/377 (70%)  
[  8] 275.00-276.00 sec   180 KBytes  1.48 Mbits/sec  7.121 ms  241/373 (65%)  
[  8] 276.00-277.00 sec   135 KBytes  1.11 Mbits/sec  5.729 ms  393/492 (80%)  
[  8] 277.00-278.00 sec   180 KBytes  1.48 Mbits/sec  4.756 ms  337/469 (72%)  
[  8] 278.00-279.00 sec   164 KBytes  1.35 Mbits/sec  5.890 ms  232/352 (66%)  
[  8] 279.00-280.00 sec   187 KBytes  1.54 Mbits/sec  8.612 ms  360/497 (72%)  
[  8] 280.00-281.00 sec   175 KBytes  1.43 Mbits/sec  5.153 ms  353/481 (73%)  
[  8] 281.00-282.00 sec   234 KBytes  1.92 Mbits/sec  6.936 ms  377/548 (69%)  
[  8] 282.00-283.00 sec   238 KBytes  1.95 Mbits/sec  5.742 ms  186/360 (52%)  
[  8] 283.00-284.00 sec   206 KBytes  1.69 Mbits/sec  11.360 ms  414/565 (73%)  
[  8] 284.00-285.00 sec  87.5 KBytes   716 Kbits/sec  6.644 ms  354/418 (85%)  
[  8] 285.00-286.00 sec  65.6 KBytes   538 Kbits/sec  10.030 ms  484/532 (91%)  
[  8] 286.00-287.00 sec   150 KBytes  1.23 Mbits/sec  6.260 ms  159/269 (59%)  
[  8] 287.00-288.00 sec   180 KBytes  1.48 Mbits/sec  5.340 ms  262/394 (66%)  
[  8] 288.00-289.00 sec   168 KBytes  1.38 Mbits/sec  7.903 ms  287/410 (70%)  
[  8] 289.00-290.00 sec   206 KBytes  1.69 Mbits/sec  5.419 ms  333/484 (69%)  
[  8] 290.00-291.00 sec   127 KBytes  1.04 Mbits/sec  8.704 ms  401/494 (81%)  
[  8] 291.00-292.00 sec   108 KBytes   885 Kbits/sec  8.140 ms  319/398 (80%)  
[  8] 292.00-293.00 sec   219 KBytes  1.79 Mbits/sec  4.680 ms  419/579 (72%)  
[  8] 293.00-294.00 sec   196 KBytes  1.60 Mbits/sec  6.587 ms  286/429 (67%)  
[  8] 294.00-295.00 sec   197 KBytes  1.61 Mbits/sec  5.361 ms  215/359 (60%)  
[  8] 295.00-296.00 sec   144 KBytes  1.18 Mbits/sec  8.765 ms  357/462 (77%)  
[  8] 296.00-297.00 sec  94.3 KBytes   773 Kbits/sec  19.585 ms  430/499 (86%)  
[  8] 297.00-298.00 sec  93.0 KBytes   761 Kbits/sec  7.290 ms  465/533 (87%)  
[  8] 298.00-299.00 sec   129 KBytes  1.05 Mbits/sec  5.750 ms  292/386 (76%)  
[  8] 299.00-300.00 sec   107 KBytes   874 Kbits/sec  8.175 ms  322/400 (80%)  
[  8] 300.00-301.00 sec   109 KBytes   896 Kbits/sec  8.101 ms  355/435 (82%)  
[  8] 301.00-302.01 sec   108 KBytes   878 Kbits/sec  5.519 ms  412/491 (84%)  
[  8] 302.01-303.00 sec  91.6 KBytes   756 Kbits/sec  8.662 ms  395/462 (85%)  
[  8] 303.00-304.00 sec  97.1 KBytes   795 Kbits/sec  7.357 ms  361/432 (84%)  
[  8] 304.00-305.00 sec   120 KBytes   986 Kbits/sec  7.942 ms  421/509 (83%)  
[  8] 305.00-306.00 sec   133 KBytes  1.09 Mbits/sec  4.641 ms  368/465 (79%)  
[  8] 306.00-307.00 sec  84.8 KBytes   694 Kbits/sec  10.386 ms  367/429 (86%)  
[  8] 307.00-308.00 sec   107 KBytes   873 Kbits/sec  4.864 ms  334/412 (81%)  
[  8] 308.00-309.00 sec   159 KBytes  1.30 Mbits/sec  10.781 ms  442/558 (79%)  
[  8] 309.00-310.00 sec   133 KBytes  1.09 Mbits/sec  6.188 ms  252/349 (72%)  
[  8] 310.00-311.00 sec  69.7 KBytes   571 Kbits/sec  11.064 ms  458/509 (90%)  
[  8] 311.00-312.00 sec   137 KBytes  1.12 Mbits/sec  11.727 ms  358/458 (78%)  
[  8] 312.00-313.00 sec   138 KBytes  1.13 Mbits/sec  5.229 ms  370/471 (79%)  
[  8] 313.00-314.00 sec   139 KBytes  1.14 Mbits/sec  3.204 ms  325/427 (76%)  
[  8] 314.00-315.00 sec   142 KBytes  1.16 Mbits/sec  6.294 ms  333/437 (76%)  
[  8] 315.00-316.00 sec  97.1 KBytes   795 Kbits/sec  6.287 ms  374/445 (84%)  
[  8] 316.00-317.00 sec   153 KBytes  1.25 Mbits/sec  3.822 ms  326/438 (74%)  
[  8] 317.00-318.00 sec   185 KBytes  1.51 Mbits/sec  8.212 ms  316/451 (70%)  
[  8] 318.00-319.01 sec   157 KBytes  1.28 Mbits/sec  6.965 ms  327/442 (74%)  
[  8] 319.01-320.00 sec   165 KBytes  1.37 Mbits/sec  5.875 ms  331/452 (73%)  
[  8] 320.00-321.00 sec   141 KBytes  1.15 Mbits/sec  5.340 ms  294/397 (74%)  
[  8] 321.00-322.00 sec   137 KBytes  1.12 Mbits/sec  6.149 ms  405/505 (80%)  
[  8] 322.00-323.00 sec   105 KBytes   862 Kbits/sec  6.568 ms  314/391 (80%)  
[  8] 323.00-324.00 sec   133 KBytes  1.09 Mbits/sec  6.273 ms  376/473 (79%)  
[  8] 324.00-325.00 sec   122 KBytes   997 Kbits/sec  9.851 ms  199/288 (69%)  
[  8] 325.00-326.00 sec   142 KBytes  1.16 Mbits/sec  4.178 ms  372/476 (78%)  
[  8] 326.00-327.00 sec   174 KBytes  1.42 Mbits/sec  4.194 ms  374/501 (75%)  
[  8] 327.00-328.00 sec  82.0 KBytes   672 Kbits/sec  8.088 ms  312/372 (84%)  
[  8] 328.00-329.00 sec   127 KBytes  1.04 Mbits/sec  8.262 ms  461/554 (83%)  
[  8] 329.00-330.00 sec  99.8 KBytes   816 Kbits/sec  7.760 ms  350/423 (83%)  
[  8] 330.00-331.00 sec  94.3 KBytes   775 Kbits/sec  7.667 ms  362/431 (84%)  
[  8] 331.00-332.00 sec  76.6 KBytes   626 Kbits/sec  9.083 ms  439/495 (89%)  
[  8] 332.00-333.00 sec   115 KBytes   943 Kbits/sec  6.804 ms  376/460 (82%)  
[  8] 333.00-334.00 sec  84.8 KBytes   694 Kbits/sec  4.336 ms  340/402 (85%)  
[  8] 334.00-335.00 sec  88.9 KBytes   728 Kbits/sec  5.574 ms  374/439 (85%)  
[  8] 335.00-336.00 sec  95.7 KBytes   784 Kbits/sec  7.179 ms  420/490 (86%)  
[  8] 336.00-337.00 sec   168 KBytes  1.38 Mbits/sec  5.979 ms  207/330 (63%)  
[  8] 337.00-338.00 sec   279 KBytes  2.28 Mbits/sec  7.379 ms  332/536 (62%)  
[  8] 338.00-339.00 sec   261 KBytes  2.14 Mbits/sec  7.454 ms  231/422 (55%)  
[  8] 339.00-340.00 sec   190 KBytes  1.56 Mbits/sec  6.727 ms  276/415 (67%)  
[  8] 340.00-340.36 sec  93.0 KBytes  2.13 Mbits/sec  7.683 ms  167/235 (71%)  
- - - - - - - - - - - - - - - - - - - - - - - - -
[ ID] Interval           Transfer     Bitrate         Jitter    Lost/Total Datagrams
[  8]   0.00-340.36 sec  49.1 MBytes  1.21 Mbits/sec  7.683 ms  115017/151785 (76%)  receiver
