-----------------------------------------------------------
Server listening on 5201 (test #1)
-----------------------------------------------------------
Accepted connection from 10.0.0.85, port 35726
[  8] local 10.0.0.117 port 5201 connected to 10.0.0.85 port 34725
[ ID] Interval           Transfer     Bitrate         Jitter    Lost/Total Datagrams
[  8]   0.00-1.00   sec  35.5 KBytes   291 Kbits/sec  16.644 ms  33/59 (56%)  
[  8]   1.00-2.00   sec  64.3 KBytes   526 Kbits/sec  8.083 ms  64/111 (58%)  
[  8]   2.00-3.00   sec  53.3 KBytes   437 Kbits/sec  8.274 ms  49/88 (56%)  
[  8]   3.00-4.00   sec  83.4 KBytes   683 Kbits/sec  5.130 ms  30/91 (33%)  
[  8]   4.00-5.00   sec  77.9 KBytes   638 Kbits/sec  4.737 ms  29/86 (34%)  
[  8]   5.00-6.00   sec  68.4 KBytes   560 Kbits/sec  6.354 ms  38/88 (43%)  
[  8]   6.00-7.01   sec  54.7 KBytes   445 Kbits/sec  6.657 ms  50/90 (56%)  
[  8]   7.01-8.00   sec  42.4 KBytes   349 Kbits/sec  7.897 ms  56/87 (64%)  
[  8]   8.00-9.00   sec  67.0 KBytes   549 Kbits/sec  6.069 ms  43/92 (47%)  
[  8]   9.00-10.00  sec  47.9 KBytes   392 Kbits/sec  6.490 ms  48/83 (58%)  
[  8]  10.00-11.00  sec  80.7 KBytes   661 Kbits/sec  7.959 ms  43/102 (42%)  
[  8]  11.00-12.00  sec  62.9 KBytes   515 Kbits/sec  7.643 ms  16/62 (26%)  
[  8]  12.00-13.00  sec  90.2 KBytes   739 Kbits/sec  3.366 ms  24/90 (27%)  
[  8]  13.00-14.00  sec  93.0 KBytes   762 Kbits/sec  4.295 ms  24/92 (26%)  
[  8]  14.00-15.00  sec  80.7 KBytes   661 Kbits/sec  6.195 ms  35/94 (37%)  
[  8]  15.00-16.00  sec  73.8 KBytes   605 Kbits/sec  5.772 ms  35/89 (39%)  
[  8]  16.00-17.00  sec  73.8 KBytes   605 Kbits/sec  4.570 ms  45/99 (45%)  
[  8]  17.00-18.00  sec  98.4 KBytes   806 Kbits/sec  5.032 ms  21/93 (23%)  
[  8]  18.00-19.00  sec  97.1 KBytes   795 Kbits/sec  4.339 ms  16/87 (18%)  
[  8]  19.00-20.00  sec  82.0 KBytes   672 Kbits/sec  4.482 ms  26/86 (30%)  
[  8]  20.00-21.00  sec  71.1 KBytes   583 Kbits/sec  4.811 ms  38/90 (42%)  
[  8]  21.00-22.00  sec  69.7 KBytes   571 Kbits/sec  6.114 ms  47/98 (48%)  
[  8]  22.00-23.00  sec  62.9 KBytes   515 Kbits/sec  6.032 ms  34/80 (42%)  
[  8]  23.00-24.00  sec  68.4 KBytes   560 Kbits/sec  6.097 ms  39/89 (44%)  
[  8]  24.00-25.00  sec  46.5 KBytes   381 Kbits/sec  9.494 ms  67/101 (66%)  
[  8]  25.00-26.00  sec   101 KBytes   829 Kbits/sec  8.705 ms  10/84 (12%)  
[  8]  26.00-27.00  sec   105 KBytes   862 Kbits/sec  7.712 ms  9/86 (10%)  
[  8]  27.00-28.00  sec  94.3 KBytes   773 Kbits/sec  7.351 ms  16/85 (19%)  
[  8]  28.00-29.00  sec  99.8 KBytes   817 Kbits/sec  6.757 ms  16/89 (18%)  
[  8]  29.00-30.00  sec  97.1 KBytes   795 Kbits/sec  6.858 ms  22/93 (24%)  
[  8]  30.00-31.00  sec  88.9 KBytes   728 Kbits/sec  11.017 ms  26/91 (29%)  
[  8]  31.00-32.00  sec  97.1 KBytes   795 Kbits/sec  6.789 ms  26/97 (27%)  
[  8]  32.00-33.00  sec  73.8 KBytes   605 Kbits/sec  10.458 ms  26/80 (32%)  
[  8]  33.00-34.00  sec  72.5 KBytes   594 Kbits/sec  6.272 ms  31/84 (37%)  
[  8]  34.00-35.00  sec  94.3 KBytes   772 Kbits/sec  8.913 ms  28/97 (29%)  
[  8]  35.00-36.00  sec  60.2 KBytes   493 Kbits/sec  7.271 ms  46/90 (51%)  
[  8]  36.00-37.00  sec   101 KBytes   830 Kbits/sec  6.083 ms  21/95 (22%)  
[  8]  37.00-38.00  sec  94.3 KBytes   773 Kbits/sec  5.440 ms  22/91 (24%)  
[  8]  38.00-39.00  sec  57.4 KBytes   470 Kbits/sec  8.673 ms  29/71 (41%)  
[  8]  39.00-40.00  sec  60.2 KBytes   493 Kbits/sec  8.110 ms  50/94 (53%)  
[  8]  40.00-41.00  sec  93.0 KBytes   762 Kbits/sec  6.723 ms  19/87 (22%)  
[  8]  41.00-42.00  sec  94.3 KBytes   773 Kbits/sec  6.600 ms  36/105 (34%)  
[  8]  42.00-43.00  sec  79.3 KBytes   650 Kbits/sec  5.075 ms  25/83 (30%)  
[  8]  43.00-44.00  sec  71.1 KBytes   582 Kbits/sec  8.599 ms  26/78 (33%)  
[  8]  44.00-45.00  sec  54.7 KBytes   447 Kbits/sec  9.346 ms  59/99 (60%)  
[  8]  45.00-46.00  sec  93.0 KBytes   764 Kbits/sec  5.587 ms  29/97 (30%)  
[  8]  46.00-47.00  sec  53.3 KBytes   437 Kbits/sec  6.431 ms  48/87 (55%)  
[  8]  47.00-48.01  sec  52.0 KBytes   422 Kbits/sec  11.241 ms  33/71 (46%)  
[  8]  48.01-49.00  sec  62.9 KBytes   519 Kbits/sec  9.861 ms  55/101 (54%)  
[  8]  49.00-50.00  sec  86.1 KBytes   706 Kbits/sec  4.378 ms  24/87 (28%)  
[  8]  50.00-51.00  sec  64.3 KBytes   526 Kbits/sec  4.386 ms  41/88 (47%)  
[  8]  51.00-52.00  sec  54.7 KBytes   448 Kbits/sec  8.884 ms  61/101 (60%)  
[  8]  52.00-53.00  sec  56.1 KBytes   459 Kbits/sec  8.666 ms  42/83 (51%)  
[  8]  53.00-54.00  sec  58.8 KBytes   482 Kbits/sec  6.001 ms  39/82 (48%)  
[  8]  54.00-55.00  sec  50.6 KBytes   414 Kbits/sec  6.623 ms  56/93 (60%)  
[  8]  55.00-56.00  sec  71.1 KBytes   582 Kbits/sec  7.040 ms  27/79 (34%)  
[  8]  56.00-57.01  sec  61.5 KBytes   500 Kbits/sec  7.077 ms  59/104 (57%)  
[  8]  57.01-58.00  sec  84.8 KBytes   700 Kbits/sec  5.333 ms  29/91 (32%)  
[  8]  58.00-59.00  sec   104 KBytes   851 Kbits/sec  4.465 ms  11/87 (13%)  
[  8]  59.00-60.00  sec   105 KBytes   862 Kbits/sec  8.120 ms  16/93 (17%)  
[  8]  60.00-61.00  sec  57.4 KBytes   470 Kbits/sec  9.769 ms  36/78 (46%)  
[  8]  61.00-62.00  sec  76.6 KBytes   627 Kbits/sec  6.528 ms  38/94 (40%)  
[  8]  62.00-63.00  sec  69.7 KBytes   571 Kbits/sec  9.504 ms  23/74 (31%)  
[  8]  63.00-64.00  sec  57.4 KBytes   470 Kbits/sec  9.614 ms  56/98 (57%)  
[  8]  64.00-65.00  sec  61.5 KBytes   504 Kbits/sec  11.555 ms  59/104 (57%)  
[  8]  65.00-66.00  sec  60.2 KBytes   493 Kbits/sec  7.299 ms  43/87 (49%)  
[  8]  66.00-67.00  sec  42.4 KBytes   347 Kbits/sec  10.402 ms  52/83 (63%)  
[  8]  67.00-68.00  sec  75.2 KBytes   616 Kbits/sec  9.449 ms  34/89 (38%)  
[  8]  68.00-69.00  sec  53.3 KBytes   437 Kbits/sec  9.217 ms  56/95 (59%)  
[  8]  69.00-70.00  sec  35.5 KBytes   291 Kbits/sec  8.106 ms  52/78 (67%)  
[  8]  70.00-71.00  sec  58.8 KBytes   482 Kbits/sec  7.216 ms  63/106 (59%)  
[  8]  71.00-72.00  sec  57.4 KBytes   470 Kbits/sec  12.614 ms  45/87 (52%)  
[  8]  72.00-73.00  sec  64.3 KBytes   526 Kbits/sec  5.173 ms  45/92 (49%)  
[  8]  73.00-74.00  sec  52.0 KBytes   425 Kbits/sec  12.636 ms  32/70 (46%)  
[  8]  74.00-75.00  sec  52.0 KBytes   426 Kbits/sec  7.319 ms  48/86 (56%)  
[  8]  75.00-76.00  sec  71.1 KBytes   582 Kbits/sec  14.660 ms  46/98 (47%)  
[  8]  76.00-77.00  sec  77.9 KBytes   638 Kbits/sec  9.824 ms  31/88 (35%)  
[  8]  77.00-78.00  sec  60.2 KBytes   493 Kbits/sec  9.046 ms  48/92 (52%)  
[  8]  78.00-79.00  sec  67.0 KBytes   548 Kbits/sec  8.148 ms  21/70 (30%)  
[  8]  79.00-80.00  sec  82.0 KBytes   673 Kbits/sec  5.743 ms  47/107 (44%)  
[  8]  80.00-81.00  sec  52.0 KBytes   426 Kbits/sec  8.434 ms  51/89 (57%)  
[  8]  81.00-82.00  sec  75.2 KBytes   616 Kbits/sec  6.517 ms  34/89 (38%)  
[  8]  82.00-83.00  sec  76.6 KBytes   627 Kbits/sec  5.110 ms  32/88 (36%)  
[  8]  83.00-84.00  sec  60.2 KBytes   493 Kbits/sec  9.016 ms  32/76 (42%)  
[  8]  84.00-85.00  sec  72.5 KBytes   594 Kbits/sec  8.210 ms  34/87 (39%)  
[  8]  85.00-86.00  sec   104 KBytes   851 Kbits/sec  8.287 ms  20/96 (21%)  
[  8]  86.00-87.00  sec  97.1 KBytes   795 Kbits/sec  6.404 ms  10/81 (12%)  
[  8]  87.00-88.00  sec  79.3 KBytes   650 Kbits/sec  5.998 ms  28/86 (33%)  
[  8]  88.00-89.00  sec  64.3 KBytes   526 Kbits/sec  7.737 ms  49/96 (51%)  
[  8]  89.00-90.00  sec  84.8 KBytes   694 Kbits/sec  7.865 ms  39/101 (39%)  
[  8]  90.00-91.00  sec  62.9 KBytes   515 Kbits/sec  11.022 ms  19/65 (29%)  
[  8]  91.00-92.00  sec  60.2 KBytes   492 Kbits/sec  9.484 ms  58/102 (57%)  
[  8]  92.00-93.00  sec  49.2 KBytes   403 Kbits/sec  9.404 ms  69/105 (66%)  
[  8]  93.00-94.00  sec  80.7 KBytes   661 Kbits/sec  6.988 ms  13/72 (18%)  
[  8]  94.00-95.00  sec   105 KBytes   862 Kbits/sec  5.918 ms  9/86 (10%)  
[  8]  95.00-96.00  sec  82.0 KBytes   672 Kbits/sec  14.502 ms  43/103 (42%)  
[  8]  96.00-97.00  sec  39.6 KBytes   325 Kbits/sec  11.552 ms  72/101 (71%)  
[  8]  97.00-98.00  sec  60.2 KBytes   493 Kbits/sec  6.816 ms  40/84 (48%)  
[  8]  98.00-99.00  sec  91.6 KBytes   751 Kbits/sec  5.633 ms  21/88 (24%)  
[  8]  99.00-100.00 sec  93.0 KBytes   762 Kbits/sec  4.366 ms  31/99 (31%)  
[  8] 100.00-101.00 sec  83.4 KBytes   682 Kbits/sec  6.889 ms  26/87 (30%)  
[  8] 101.00-102.00 sec  67.0 KBytes   550 Kbits/sec  11.216 ms  35/84 (42%)  
[  8] 102.00-103.00 sec  31.4 KBytes   258 Kbits/sec  14.042 ms  54/77 (70%)  
[  8] 103.00-104.00 sec  45.1 KBytes   370 Kbits/sec  8.621 ms  67/100 (67%)  
[  8] 104.00-105.00 sec  58.8 KBytes   481 Kbits/sec  8.592 ms  50/93 (54%)  
[  8] 105.00-106.00 sec  58.8 KBytes   482 Kbits/sec  10.687 ms  56/99 (57%)  
[  8] 106.00-107.00 sec  90.2 KBytes   739 Kbits/sec  10.388 ms  20/86 (23%)  
[  8] 107.00-108.00 sec  84.8 KBytes   695 Kbits/sec  9.569 ms  29/91 (32%)  
[  8] 108.00-109.00 sec  84.8 KBytes   694 Kbits/sec  8.046 ms  29/91 (32%)  
[  8] 109.00-110.00 sec  79.3 KBytes   650 Kbits/sec  10.740 ms  32/90 (36%)  
[  8] 110.00-111.00 sec  54.7 KBytes   448 Kbits/sec  10.185 ms  36/76 (47%)  
[  8] 111.00-112.00 sec  45.1 KBytes   370 Kbits/sec  7.317 ms  53/86 (62%)  
[  8] 112.00-113.00 sec  72.5 KBytes   594 Kbits/sec  8.404 ms  52/105 (50%)  
[  8] 113.00-114.00 sec  65.6 KBytes   538 Kbits/sec  7.354 ms  36/84 (43%)  
[  8] 114.00-115.00 sec  49.2 KBytes   403 Kbits/sec  8.797 ms  46/82 (56%)  
[  8] 115.00-116.00 sec  75.2 KBytes   616 Kbits/sec  5.090 ms  39/94 (41%)  
[  8] 116.00-117.00 sec  84.8 KBytes   694 Kbits/sec  7.538 ms  23/85 (27%)  
[  8] 117.00-118.00 sec  76.6 KBytes   626 Kbits/sec  8.124 ms  32/88 (36%)  
[  8] 118.00-119.00 sec  91.6 KBytes   751 Kbits/sec  5.708 ms  30/97 (31%)  
[  8] 119.00-120.00 sec  79.3 KBytes   650 Kbits/sec  7.053 ms  18/76 (24%)  
[  8] 120.00-121.00 sec  83.4 KBytes   683 Kbits/sec  6.996 ms  39/100 (39%)  
[  8] 121.00-122.00 sec  43.8 KBytes   358 Kbits/sec  11.441 ms  61/93 (66%)  
[  8] 122.00-123.00 sec  67.0 KBytes   549 Kbits/sec  7.757 ms  22/71 (31%)  
[  8] 123.00-124.00 sec  68.4 KBytes   560 Kbits/sec  10.272 ms  21/71 (30%)  
[  8] 124.00-125.00 sec  47.9 KBytes   392 Kbits/sec  13.115 ms  50/85 (59%)  
[  8] 125.00-126.00 sec  87.5 KBytes   717 Kbits/sec  7.679 ms  37/101 (37%)  
[  8] 126.00-127.00 sec   104 KBytes   852 Kbits/sec  8.257 ms  26/102 (25%)  
[  8] 127.00-128.00 sec  87.5 KBytes   717 Kbits/sec  4.871 ms  29/93 (31%)  
[  8] 128.00-129.00 sec  93.0 KBytes   761 Kbits/sec  5.576 ms  32/100 (32%)  
[  8] 129.00-130.00 sec  65.6 KBytes   536 Kbits/sec  5.014 ms  45/93 (48%)  
[  8] 130.00-131.00 sec  68.4 KBytes   561 Kbits/sec  5.423 ms  42/92 (46%)  
[  8] 131.00-132.00 sec  91.6 KBytes   750 Kbits/sec  3.926 ms  24/91 (26%)  
[  8] 132.00-133.00 sec  64.3 KBytes   526 Kbits/sec  7.485 ms  42/89 (47%)  
[  8] 133.00-134.00 sec  90.2 KBytes   739 Kbits/sec  5.747 ms  17/83 (20%)  
[  8] 134.00-135.00 sec  95.7 KBytes   782 Kbits/sec  3.732 ms  17/87 (20%)  
[  8] 135.00-136.00 sec  86.1 KBytes   708 Kbits/sec  5.134 ms  22/85 (26%)  
[  8] 136.00-137.00 sec  41.0 KBytes   336 Kbits/sec  6.588 ms  59/89 (66%)  
[  8] 137.00-138.00 sec  54.7 KBytes   448 Kbits/sec  7.336 ms  49/89 (55%)  
[  8] 138.00-139.00 sec  36.9 KBytes   302 Kbits/sec  8.002 ms  49/76 (64%)  
[  8] 139.00-140.00 sec  38.3 KBytes   314 Kbits/sec  12.233 ms  77/105 (73%)  
[  8] 140.00-141.00 sec  67.0 KBytes   549 Kbits/sec  6.654 ms  48/97 (49%)  
[  8] 141.00-142.00 sec  42.4 KBytes   347 Kbits/sec  12.717 ms  32/63 (51%)  
[  8] 142.00-143.00 sec  52.0 KBytes   425 Kbits/sec  11.192 ms  77/115 (67%)  
[  8] 143.00-144.00 sec  68.4 KBytes   560 Kbits/sec  7.423 ms  29/79 (37%)  
[  8] 144.00-145.00 sec  61.5 KBytes   504 Kbits/sec  7.911 ms  33/78 (42%)  
[  8] 145.00-146.00 sec  65.6 KBytes   538 Kbits/sec  7.956 ms  52/100 (52%)  
[  8] 146.00-147.00 sec  69.7 KBytes   571 Kbits/sec  5.654 ms  38/89 (43%)  
[  8] 147.00-148.00 sec  69.7 KBytes   571 Kbits/sec  7.083 ms  43/94 (46%)  
[  8] 148.00-149.00 sec  57.4 KBytes   471 Kbits/sec  5.417 ms  42/84 (50%)  
[  8] 149.00-150.00 sec  64.3 KBytes   527 Kbits/sec  6.869 ms  39/86 (45%)  
[  8] 150.00-151.00 sec  56.1 KBytes   459 Kbits/sec  7.325 ms  48/89 (54%)  
[  8] 151.00-152.00 sec  49.2 KBytes   403 Kbits/sec  7.069 ms  44/80 (55%)  
[  8] 152.00-153.00 sec  58.8 KBytes   481 Kbits/sec  7.995 ms  55/98 (56%)  
[  8] 153.00-154.00 sec  47.9 KBytes   392 Kbits/sec  7.310 ms  58/93 (62%)  
[  8] 154.00-155.00 sec  61.5 KBytes   504 Kbits/sec  10.786 ms  35/80 (44%)  
[  8] 155.00-156.00 sec  52.0 KBytes   426 Kbits/sec  6.773 ms  41/79 (52%)  
[  8] 156.00-157.00 sec  69.7 KBytes   571 Kbits/sec  9.691 ms  58/109 (53%)  
[  8] 157.00-158.00 sec  83.4 KBytes   684 Kbits/sec  5.499 ms  41/102 (40%)  
[  8] 158.00-159.00 sec  88.9 KBytes   726 Kbits/sec  6.254 ms  26/91 (29%)  
[  8] 159.00-160.00 sec  57.4 KBytes   472 Kbits/sec  9.029 ms  32/74 (43%)  
[  8] 160.00-161.00 sec  72.5 KBytes   594 Kbits/sec  4.607 ms  41/94 (44%)  
[  8] 161.00-162.00 sec  50.6 KBytes   414 Kbits/sec  7.496 ms  46/83 (55%)  
[  8] 162.00-163.00 sec  58.8 KBytes   482 Kbits/sec  9.614 ms  29/72 (40%)  
[  8] 163.00-164.00 sec  49.2 KBytes   403 Kbits/sec  9.511 ms  59/95 (62%)  
[  8] 164.00-165.00 sec  73.8 KBytes   605 Kbits/sec  5.972 ms  52/106 (49%)  
[  8] 165.00-166.00 sec  84.8 KBytes   694 Kbits/sec  4.471 ms  29/91 (32%)  
[  8] 166.00-167.00 sec  73.8 KBytes   605 Kbits/sec  9.047 ms  32/86 (37%)  
[  8] 167.00-168.00 sec  76.6 KBytes   627 Kbits/sec  7.003 ms  40/96 (42%)  
[  8] 168.00-169.00 sec  68.4 KBytes   560 Kbits/sec  13.488 ms  42/92 (46%)  
[  8] 169.00-170.00 sec  87.5 KBytes   717 Kbits/sec  4.717 ms  19/83 (23%)  
[  8] 170.00-171.00 sec  68.4 KBytes   560 Kbits/sec  10.989 ms  41/91 (45%)  
[  8] 171.00-172.00 sec  80.7 KBytes   661 Kbits/sec  7.032 ms  31/90 (34%)  
[  8] 172.00-173.00 sec  38.3 KBytes   313 Kbits/sec  9.158 ms  57/85 (67%)  
[  8] 173.00-174.00 sec  47.9 KBytes   392 Kbits/sec  8.510 ms  56/91 (62%)  
[  8] 174.00-175.00 sec  69.7 KBytes   571 Kbits/sec  8.196 ms  47/98 (48%)  
[  8] 175.00-176.00 sec  82.0 KBytes   672 Kbits/sec  7.420 ms  26/86 (30%)  
[  8] 176.00-177.00 sec  91.6 KBytes   751 Kbits/sec  7.190 ms  21/88 (24%)  
[  8] 177.00-178.00 sec  57.4 KBytes   470 Kbits/sec  5.366 ms  39/81 (48%)  
[  8] 178.00-179.00 sec  80.7 KBytes   661 Kbits/sec  5.140 ms  34/93 (37%)  
[  8] 179.00-180.00 sec  45.1 KBytes   370 Kbits/sec  9.095 ms  56/89 (63%)  
[  8] 180.00-181.00 sec  77.9 KBytes   639 Kbits/sec  8.289 ms  40/97 (41%)  
[  8] 181.00-182.00 sec  75.2 KBytes   616 Kbits/sec  6.430 ms  22/77 (29%)  
[  8] 182.00-183.00 sec   104 KBytes   851 Kbits/sec  4.676 ms  30/106 (28%)  
[  8] 183.00-184.00 sec  80.7 KBytes   661 Kbits/sec  4.594 ms  27/86 (31%)  
[  8] 184.00-185.00 sec  47.9 KBytes   392 Kbits/sec  8.494 ms  41/76 (54%)  
[  8] 185.00-186.00 sec  61.5 KBytes   504 Kbits/sec  12.196 ms  50/95 (53%)  
[  8] 186.00-187.00 sec  65.6 KBytes   538 Kbits/sec  7.721 ms  38/86 (44%)  
[  8] 187.00-188.00 sec  49.2 KBytes   403 Kbits/sec  7.846 ms  50/86 (58%)  
[  8] 188.00-189.00 sec  84.8 KBytes   694 Kbits/sec  5.002 ms  35/97 (36%)  
[  8] 189.00-190.00 sec  94.3 KBytes   773 Kbits/sec  5.479 ms  23/92 (25%)  
[  8] 190.00-191.00 sec  49.2 KBytes   403 Kbits/sec  6.379 ms  46/82 (56%)  
[  8] 191.00-192.00 sec  41.0 KBytes   336 Kbits/sec  8.666 ms  71/101 (70%)  
[  8] 192.00-193.00 sec  38.3 KBytes   314 Kbits/sec  10.679 ms  51/79 (65%)  
[  8] 193.00-194.00 sec  28.7 KBytes   235 Kbits/sec  13.566 ms  53/74 (72%)  
[  8] 194.00-195.00 sec  43.8 KBytes   358 Kbits/sec  8.461 ms  73/105 (70%)  
[  8] 195.00-196.00 sec  79.3 KBytes   650 Kbits/sec  6.304 ms  28/86 (33%)  
[  8] 196.00-197.00 sec  64.3 KBytes   526 Kbits/sec  6.994 ms  48/95 (51%)  
[  8] 197.00-198.00 sec  47.9 KBytes   391 Kbits/sec  11.359 ms  55/90 (61%)  
[  8] 198.00-199.00 sec  56.1 KBytes   460 Kbits/sec  9.231 ms  41/82 (50%)  
[  8] 199.00-200.00 sec  45.1 KBytes   370 Kbits/sec  7.739 ms  65/98 (66%)  
[  8] 200.00-201.00 sec  67.0 KBytes   549 Kbits/sec  7.364 ms  44/93 (47%)  
[  8] 201.00-202.00 sec  73.8 KBytes   605 Kbits/sec  7.992 ms  26/80 (32%)  
[  8] 202.00-203.00 sec  86.1 KBytes   706 Kbits/sec  8.649 ms  16/79 (20%)  
[  8] 203.00-204.00 sec  49.2 KBytes   403 Kbits/sec  10.789 ms  61/97 (63%)  
[  8] 204.00-205.00 sec  79.3 KBytes   650 Kbits/sec  12.322 ms  28/86 (33%)  
[  8] 205.00-206.00 sec  53.3 KBytes   437 Kbits/sec  8.624 ms  54/93 (58%)  
[  8] 206.00-207.00 sec  50.6 KBytes   414 Kbits/sec  13.498 ms  51/88 (58%)  
[  8] 207.00-208.00 sec  77.9 KBytes   638 Kbits/sec  9.613 ms  22/79 (28%)  
[  8] 208.00-209.00 sec  80.7 KBytes   662 Kbits/sec  7.256 ms  36/95 (38%)  
[  8] 209.00-210.00 sec  80.7 KBytes   661 Kbits/sec  7.732 ms  31/90 (34%)  
[  8] 210.00-211.00 sec  83.4 KBytes   683 Kbits/sec  9.265 ms  24/85 (28%)  
[  8] 211.00-212.00 sec  76.6 KBytes   627 Kbits/sec  10.635 ms  24/80 (30%)  
[  8] 212.00-213.00 sec  95.7 KBytes   784 Kbits/sec  6.627 ms  31/101 (31%)  
[  8] 213.00-214.00 sec  76.6 KBytes   627 Kbits/sec  8.707 ms  33/89 (37%)  
[  8] 214.00-215.00 sec  62.9 KBytes   515 Kbits/sec  14.873 ms  49/95 (52%)  
[  8] 215.00-216.00 sec  79.3 KBytes   650 Kbits/sec  6.535 ms  13/71 (18%)  
[  8] 216.00-217.00 sec  88.9 KBytes   728 Kbits/sec  8.630 ms  25/90 (28%)  
[  8] 217.00-218.00 sec  90.2 KBytes   739 Kbits/sec  4.943 ms  27/93 (29%)  
[  8] 218.00-219.00 sec  58.8 KBytes   482 Kbits/sec  8.924 ms  54/97 (56%)  
[  8] 219.00-220.00 sec  79.3 KBytes   650 Kbits/sec  8.105 ms  26/84 (31%)  
[  8] 220.00-221.00 sec  90.2 KBytes   739 Kbits/sec  15.911 ms  40/106 (38%)  
[  8] 221.00-222.00 sec  49.2 KBytes   403 Kbits/sec  15.682 ms  33/69 (48%)  
[  8] 222.00-223.00 sec  60.2 KBytes   493 Kbits/sec  8.228 ms  65/109 (60%)  
[  8] 223.00-224.00 sec  67.0 KBytes   549 Kbits/sec  14.132 ms  48/97 (49%)  
[  8] 224.00-225.00 sec  57.4 KBytes   471 Kbits/sec  8.748 ms  43/85 (51%)  
[  8] 225.00-226.00 sec  80.7 KBytes   661 Kbits/sec  8.454 ms  34/93 (37%)  
[  8] 226.00-227.00 sec  50.6 KBytes   414 Kbits/sec  8.801 ms  44/81 (54%)  
[  8] 227.00-228.00 sec  53.3 KBytes   437 Kbits/sec  14.724 ms  42/81 (52%)  
[  8] 228.00-229.00 sec  34.2 KBytes   280 Kbits/sec  12.235 ms  66/91 (73%)  
[  8] 229.00-230.00 sec  65.6 KBytes   538 Kbits/sec  9.822 ms  50/98 (51%)  
[  8] 230.00-231.00 sec  38.3 KBytes   314 Kbits/sec  7.984 ms  51/79 (65%)  
[  8] 231.00-232.00 sec  86.1 KBytes   706 Kbits/sec  5.274 ms  45/108 (42%)  
[  8] 232.00-233.00 sec  87.5 KBytes   717 Kbits/sec  6.751 ms  22/86 (26%)  
[  8] 233.00-234.00 sec  64.3 KBytes   526 Kbits/sec  9.204 ms  37/84 (44%)  
[  8] 234.00-235.00 sec  69.7 KBytes   571 Kbits/sec  8.669 ms  35/86 (41%)  
[  8] 235.00-236.00 sec  46.5 KBytes   381 Kbits/sec  6.443 ms  57/91 (63%)  
[  8] 236.00-237.00 sec  28.7 KBytes   235 Kbits/sec  6.946 ms  58/79 (73%)  
[  8] 237.00-238.00 sec  41.0 KBytes   336 Kbits/sec  10.528 ms  75/105 (71%)  
[  8] 238.00-239.00 sec  54.7 KBytes   448 Kbits/sec  5.939 ms  57/97 (59%)  
[  8] 239.00-240.00 sec  82.0 KBytes   672 Kbits/sec  6.147 ms  25/85 (29%)  
[  8] 240.00-241.00 sec  77.9 KBytes   638 Kbits/sec  5.150 ms  24/81 (30%)  
[  8] 241.00-242.00 sec  91.6 KBytes   750 Kbits/sec  5.917 ms  27/94 (29%)  
[  8] 242.00-243.00 sec  77.9 KBytes   638 Kbits/sec  5.185 ms  27/84 (32%)  
[  8] 243.00-244.00 sec  75.2 KBytes   616 Kbits/sec  6.430 ms  36/91 (40%)  
[  8] 244.00-245.00 sec  64.3 KBytes   526 Kbits/sec  7.284 ms  40/87 (46%)  
[  8] 245.00-246.00 sec  62.9 KBytes   515 Kbits/sec  7.173 ms  51/97 (53%)  
[  8] 246.00-247.00 sec  64.3 KBytes   526 Kbits/sec  7.226 ms  36/83 (43%)  
[  8] 247.00-248.00 sec  69.7 KBytes   571 Kbits/sec  9.655 ms  30/81 (37%)  
[  8] 248.00-249.00 sec  83.4 KBytes   683 Kbits/sec  6.009 ms  46/107 (43%)  
[  8] 249.00-250.00 sec  80.7 KBytes   661 Kbits/sec  8.737 ms  26/85 (31%)  
[  8] 250.00-251.00 sec  60.2 KBytes   493 Kbits/sec  4.875 ms  38/82 (46%)  
[  8] 251.00-252.00 sec   103 KBytes   838 Kbits/sec  5.742 ms  27/102 (26%)  
[  8] 252.00-253.00 sec  91.6 KBytes   752 Kbits/sec  5.775 ms  23/90 (26%)  
[  8] 253.00-254.00 sec  84.8 KBytes   694 Kbits/sec  8.644 ms  27/89 (30%)  
[  8] 254.00-255.00 sec  90.2 KBytes   738 Kbits/sec  5.154 ms  15/81 (19%)  
[  8] 255.00-256.00 sec  83.4 KBytes   684 Kbits/sec  4.542 ms  37/98 (38%)  
[  8] 256.00-257.00 sec  88.9 KBytes   727 Kbits/sec  6.522 ms  26/91 (29%)  
[  8] 257.00-258.00 sec  80.7 KBytes   662 Kbits/sec  5.471 ms  20/79 (25%)  
[  8] 258.00-259.00 sec  53.3 KBytes   436 Kbits/sec  5.510 ms  47/86 (55%)  
[  8] 259.00-260.00 sec  67.0 KBytes   550 Kbits/sec  10.480 ms  51/100 (51%)  
[  8] 260.00-261.00 sec  75.2 KBytes   616 Kbits/sec  5.562 ms  20/75 (27%)  
[  8] 261.00-262.00 sec  76.6 KBytes   627 Kbits/sec  5.449 ms  37/93 (40%)  
[  8] 262.00-263.00 sec  87.5 KBytes   717 Kbits/sec  6.299 ms  31/95 (33%)  
[  8] 263.00-264.00 sec  87.5 KBytes   717 Kbits/sec  4.252 ms  22/86 (26%)  
[  8] 264.00-265.00 sec   101 KBytes   829 Kbits/sec  4.222 ms  24/98 (24%)  
[  8] 265.00-266.00 sec  93.0 KBytes   761 Kbits/sec  7.186 ms  15/83 (18%)  
[  8] 266.00-267.00 sec  75.2 KBytes   616 Kbits/sec  9.443 ms  28/83 (34%)  
[  8] 267.00-268.00 sec   103 KBytes   840 Kbits/sec  6.098 ms  16/91 (18%)  
[  8] 268.00-269.00 sec  98.4 KBytes   806 Kbits/sec  7.530 ms  19/91 (21%)  
[  8] 269.00-270.00 sec  72.5 KBytes   594 Kbits/sec  6.260 ms  45/98 (46%)  
[  8] 270.00-271.00 sec  57.4 KBytes   470 Kbits/sec  5.376 ms  43/85 (51%)  
[  8] 271.00-272.00 sec  77.9 KBytes   638 Kbits/sec  6.713 ms  28/85 (33%)  
[  8] 272.00-273.00 sec  82.0 KBytes   672 Kbits/sec  5.144 ms  32/92 (35%)  
[  8] 273.00-274.00 sec  65.6 KBytes   538 Kbits/sec  5.848 ms  49/97 (51%)  
[  8] 274.00-275.00 sec  91.6 KBytes   750 Kbits/sec  5.162 ms  11/78 (14%)  
[  8] 275.00-276.00 sec  76.6 KBytes   627 Kbits/sec  6.947 ms  35/91 (38%)  
[  8] 276.00-277.00 sec  64.3 KBytes   527 Kbits/sec  6.745 ms  42/89 (47%)  
[  8] 277.00-278.00 sec  67.0 KBytes   549 Kbits/sec  6.644 ms  38/87 (44%)  
[  8] 278.00-279.00 sec  82.0 KBytes   672 Kbits/sec  4.659 ms  25/85 (29%)  
[  8] 279.00-280.00 sec  58.8 KBytes   481 Kbits/sec  8.767 ms  51/94 (54%)  
[  8] 280.00-281.00 sec  67.0 KBytes   549 Kbits/sec  8.787 ms  29/78 (37%)  
[  8] 281.00-282.00 sec   109 KBytes   896 Kbits/sec  6.004 ms  8/88 (9.1%)  
[  8] 282.00-283.00 sec  97.1 KBytes   795 Kbits/sec  4.718 ms  20/91 (22%)  
[  8] 283.00-284.00 sec  69.7 KBytes   571 Kbits/sec  8.810 ms  34/85 (40%)  
[  8] 284.00-285.00 sec  32.8 KBytes   269 Kbits/sec  8.716 ms  71/95 (75%)  
[  8] 285.00-286.00 sec  54.7 KBytes   448 Kbits/sec  8.086 ms  65/105 (62%)  
[  8] 286.00-287.00 sec  80.7 KBytes   661 Kbits/sec  5.550 ms  37/96 (39%)  
[  8] 287.00-288.00 sec  91.6 KBytes   750 Kbits/sec  5.666 ms  17/84 (20%)  
[  8] 288.00-289.00 sec  76.6 KBytes   627 Kbits/sec  6.978 ms  17/73 (23%)  
[  8] 289.00-290.00 sec  64.3 KBytes   527 Kbits/sec  6.009 ms  49/96 (51%)  
[  8] 290.00-291.00 sec  38.3 KBytes   314 Kbits/sec  10.613 ms  66/94 (70%)  
[  8] 291.00-292.00 sec  43.8 KBytes   358 Kbits/sec  7.946 ms  64/96 (67%)  
[  8] 292.00-293.00 sec  72.5 KBytes   594 Kbits/sec  7.217 ms  34/87 (39%)  
[  8] 293.00-294.00 sec  93.0 KBytes   761 Kbits/sec  4.850 ms  21/89 (24%)  
[  8] 294.00-295.00 sec   107 KBytes   874 Kbits/sec  5.529 ms  16/94 (17%)  
[  8] 295.00-296.00 sec  73.8 KBytes   605 Kbits/sec  9.514 ms  22/76 (29%)  
[  8] 296.00-297.00 sec  62.9 KBytes   515 Kbits/sec  8.200 ms  18/64 (28%)  
[  8] 297.00-298.00 sec  71.1 KBytes   582 Kbits/sec  7.305 ms  37/89 (42%)  
[  8] 298.00-299.00 sec  52.0 KBytes   426 Kbits/sec  8.801 ms  71/109 (65%)  
[  8] 299.00-300.00 sec  53.3 KBytes   437 Kbits/sec  7.351 ms  46/85 (54%)  
[  8] 300.00-301.00 sec  47.9 KBytes   392 Kbits/sec  9.208 ms  55/90 (61%)  
[  8] 301.00-302.00 sec  52.0 KBytes   426 Kbits/sec  10.038 ms  54/92 (59%)  
[  8] 302.00-303.00 sec  46.5 KBytes   381 Kbits/sec  8.566 ms  56/90 (62%)  
[  8] 303.00-304.00 sec  56.1 KBytes   459 Kbits/sec  6.425 ms  54/95 (57%)  
[  8] 304.00-305.00 sec  49.2 KBytes   403 Kbits/sec  5.515 ms  46/82 (56%)  
[  8] 305.00-306.00 sec  36.9 KBytes   302 Kbits/sec  8.883 ms  54/81 (67%)  
[  8] 306.00-307.00 sec  45.1 KBytes   370 Kbits/sec  10.053 ms  70/103 (68%)  
[  8] 307.00-308.00 sec  46.5 KBytes   381 Kbits/sec  10.557 ms  60/94 (64%)  
[  8] 308.00-309.00 sec  49.2 KBytes   403 Kbits/sec  9.068 ms  52/88 (59%)  
[  8] 309.00-310.00 sec  47.9 KBytes   392 Kbits/sec  8.813 ms  37/72 (51%)  
[  8] 310.00-311.00 sec  54.7 KBytes   448 Kbits/sec  11.775 ms  63/103 (61%)  
[  8] 311.00-312.00 sec  65.6 KBytes   538 Kbits/sec  5.860 ms  41/89 (46%)  
[  8] 312.00-313.00 sec  52.0 KBytes   425 Kbits/sec  6.354 ms  58/96 (60%)  
[  8] 313.00-314.00 sec  58.8 KBytes   482 Kbits/sec  7.788 ms  43/86 (50%)  
[  8] 314.00-315.00 sec  41.0 KBytes   336 Kbits/sec  9.577 ms  58/88 (66%)  
[  8] 315.00-316.00 sec  67.0 KBytes   549 Kbits/sec  8.908 ms  27/76 (36%)  
[  8] 316.00-317.00 sec  73.8 KBytes   605 Kbits/sec  7.410 ms  26/80 (32%)  
[  8] 317.00-318.00 sec  61.5 KBytes   504 Kbits/sec  10.975 ms  48/93 (52%)  
[  8] 318.00-319.00 sec  54.7 KBytes   448 Kbits/sec  9.924 ms  48/88 (55%)  
[  8] 319.00-320.00 sec  53.3 KBytes   437 Kbits/sec  10.462 ms  64/103 (62%)  
[  8] 320.00-321.00 sec  43.8 KBytes   359 Kbits/sec  11.058 ms  62/94 (66%)  
[  8] 321.00-322.00 sec  41.0 KBytes   336 Kbits/sec  12.225 ms  75/105 (71%)  
[  8] 322.00-323.00 sec  69.7 KBytes   571 Kbits/sec  7.730 ms  35/86 (41%)  
[  8] 323.00-324.00 sec  60.2 KBytes   493 Kbits/sec  6.708 ms  38/82 (46%)  
[  8] 324.00-325.00 sec  75.2 KBytes   616 Kbits/sec  7.976 ms  30/85 (35%)  
[  8] 325.00-326.00 sec  75.2 KBytes   616 Kbits/sec  8.395 ms  29/84 (35%)  
[  8] 326.00-327.00 sec  90.2 KBytes   738 Kbits/sec  9.345 ms  35/101 (35%)  
[  8] 327.00-328.00 sec  57.4 KBytes   471 Kbits/sec  9.321 ms  49/91 (54%)  
[  8] 328.00-329.00 sec  75.2 KBytes   616 Kbits/sec  5.311 ms  40/95 (42%)  
[  8] 329.00-330.00 sec  60.2 KBytes   491 Kbits/sec  7.377 ms  28/72 (39%)  
[  8] 330.00-331.00 sec  80.7 KBytes   664 Kbits/sec  5.229 ms  42/101 (42%)  
[  8] 331.00-332.00 sec  72.5 KBytes   594 Kbits/sec  6.991 ms  35/88 (40%)  
[  8] 332.00-333.00 sec  97.1 KBytes   795 Kbits/sec  6.303 ms  9/80 (11%)  
[  8] 333.00-334.00 sec   101 KBytes   828 Kbits/sec  6.297 ms  21/95 (22%)  
[  8] 334.00-335.00 sec  84.8 KBytes   695 Kbits/sec  7.859 ms  21/83 (25%)  
[  8] 335.00-336.00 sec   109 KBytes   896 Kbits/sec  6.127 ms  7/87 (8%)  
[  8] 336.00-337.00 sec  88.9 KBytes   727 Kbits/sec  7.129 ms  12/77 (16%)  
[  8] 337.00-338.00 sec  61.5 KBytes   504 Kbits/sec  7.914 ms  61/106 (58%)  
[  8] 338.00-339.00 sec  71.1 KBytes   582 Kbits/sec  5.817 ms  45/97 (46%)  
[  8] 339.00-340.00 sec  90.2 KBytes   739 Kbits/sec  5.663 ms  26/92 (28%)  
[  8] 340.00-340.16 sec  10.9 KBytes   576 Kbits/sec  7.180 ms  0/8 (0%)  
- - - - - - - - - - - - - - - - - - - - - - - - -
[ ID] Interval           Transfer     Bitrate         Jitter    Lost/Total Datagrams
[  8]   0.00-340.16 sec  23.1 MBytes   570 Kbits/sec  7.180 ms  13043/30357 (43%)  receiver
