-----------------------------------------------------------
Server listening on 5201 (test #1)
-----------------------------------------------------------
Accepted connection from 10.0.0.14, port 54020
[  8] local 10.0.0.78 port 5201 connected to 10.0.0.14 port 49300
[ ID] Interval           Transfer     Bitrate         Jitter    Lost/Total Datagrams
[  8]   0.00-1.00   sec  88.9 KBytes   728 Kbits/sec  7.797 ms  220/285 (77%)  
[  8]   1.00-2.00   sec   133 KBytes  1.09 Mbits/sec  8.540 ms  388/485 (80%)  
[  8]   2.00-3.00   sec   139 KBytes  1.14 Mbits/sec  6.489 ms  339/441 (77%)  
[  8]   3.00-4.00   sec   213 KBytes  1.75 Mbits/sec  5.357 ms  248/404 (61%)  
[  8]   4.00-5.00   sec   212 KBytes  1.74 Mbits/sec  4.431 ms  315/470 (67%)  
[  8]   5.00-6.00   sec   212 KBytes  1.74 Mbits/sec  4.187 ms  269/424 (63%)  
[  8]   6.00-7.00   sec   204 KBytes  1.67 Mbits/sec  5.694 ms  291/440 (66%)  
[  8]   7.00-8.00   sec   211 KBytes  1.72 Mbits/sec  5.627 ms  257/411 (63%)  
[  8]   8.00-9.00   sec   159 KBytes  1.30 Mbits/sec  5.134 ms  332/448 (74%)  
[  8]   9.00-10.00  sec   185 KBytes  1.51 Mbits/sec  4.970 ms  277/412 (67%)  
[  8]  10.00-11.00  sec   186 KBytes  1.52 Mbits/sec  7.851 ms  383/519 (74%)  
[  8]  11.00-12.00  sec   127 KBytes  1.04 Mbits/sec  8.422 ms  219/312 (70%)  
[  8]  12.00-13.00  sec  98.4 KBytes   807 Kbits/sec  9.493 ms  312/384 (81%)  
[  8]  13.00-14.00  sec   131 KBytes  1.08 Mbits/sec  3.750 ms  354/450 (79%)  
[  8]  14.00-15.00  sec   161 KBytes  1.32 Mbits/sec  6.928 ms  392/510 (77%)  
[  8]  15.00-16.00  sec   185 KBytes  1.51 Mbits/sec  6.125 ms  366/501 (73%)  
[  8]  16.00-17.00  sec   163 KBytes  1.33 Mbits/sec  5.001 ms  346/465 (74%)  
[  8]  17.00-18.00  sec   139 KBytes  1.14 Mbits/sec  6.087 ms  408/510 (80%)  
[  8]  18.00-19.00  sec   107 KBytes   874 Kbits/sec  6.577 ms  302/380 (79%)  
[  8]  19.00-20.00  sec   122 KBytes   997 Kbits/sec  5.133 ms  358/447 (80%)  
[  8]  20.00-21.00  sec   124 KBytes  1.02 Mbits/sec  7.363 ms  381/472 (81%)  
[  8]  21.00-22.00  sec   179 KBytes  1.47 Mbits/sec  5.346 ms  340/471 (72%)  
[  8]  22.00-23.00  sec   193 KBytes  1.58 Mbits/sec  3.089 ms  266/407 (65%)  
[  8]  23.00-24.00  sec   201 KBytes  1.65 Mbits/sec  8.221 ms  243/390 (62%)  
[  8]  24.00-25.00  sec   123 KBytes  1.01 Mbits/sec  11.064 ms  396/486 (81%)  
[  8]  25.00-26.00  sec   116 KBytes   952 Kbits/sec  9.372 ms  450/535 (84%)  
[  8]  26.00-27.00  sec   148 KBytes  1.21 Mbits/sec  5.837 ms  322/430 (75%)  
[  8]  27.00-28.00  sec   131 KBytes  1.08 Mbits/sec  3.868 ms  212/308 (69%)  
[  8]  28.00-29.00  sec   219 KBytes  1.79 Mbits/sec  6.891 ms  349/509 (69%)  
[  8]  29.00-30.00  sec   134 KBytes  1.10 Mbits/sec  8.354 ms  375/473 (79%)  
[  8]  30.00-31.00  sec   163 KBytes  1.33 Mbits/sec  8.666 ms  333/452 (74%)  
[  8]  31.00-32.00  sec   122 KBytes   997 Kbits/sec  6.734 ms  389/478 (81%)  
[  8]  32.00-33.00  sec   164 KBytes  1.34 Mbits/sec  5.855 ms  273/393 (69%)  
[  8]  33.00-34.00  sec   115 KBytes   937 Kbits/sec  7.448 ms  356/440 (81%)  
[  8]  34.00-35.00  sec   170 KBytes  1.39 Mbits/sec  7.364 ms  324/448 (72%)  
[  8]  35.00-36.00  sec   112 KBytes   919 Kbits/sec  13.420 ms  450/532 (85%)  
[  8]  36.00-37.00  sec   175 KBytes  1.43 Mbits/sec  4.884 ms  343/471 (73%)  
[  8]  37.00-38.00  sec   112 KBytes   918 Kbits/sec  8.478 ms  414/496 (83%)  
[  8]  38.00-39.00  sec   116 KBytes   952 Kbits/sec  7.099 ms  257/342 (75%)  
[  8]  39.00-40.00  sec   126 KBytes  1.03 Mbits/sec  7.474 ms  350/442 (79%)  
[  8]  40.00-41.00  sec   104 KBytes   850 Kbits/sec  8.764 ms  223/299 (75%)  
[  8]  41.00-42.00  sec   122 KBytes   998 Kbits/sec  10.849 ms  436/525 (83%)  
[  8]  42.00-43.00  sec   138 KBytes  1.13 Mbits/sec  5.951 ms  432/533 (81%)  
[  8]  43.00-44.00  sec   163 KBytes  1.33 Mbits/sec  7.631 ms  232/351 (66%)  
[  8]  44.00-45.00  sec   142 KBytes  1.16 Mbits/sec  6.778 ms  442/546 (81%)  
[  8]  45.00-46.00  sec   113 KBytes   927 Kbits/sec  7.924 ms  409/492 (83%)  
[  8]  46.00-47.00  sec   139 KBytes  1.15 Mbits/sec  8.825 ms  366/468 (78%)  
[  8]  47.00-48.00  sec  79.3 KBytes   649 Kbits/sec  11.315 ms  175/233 (75%)  
[  8]  48.00-49.00  sec   175 KBytes  1.43 Mbits/sec  6.799 ms  469/597 (79%)  
[  8]  49.00-50.00  sec   202 KBytes  1.66 Mbits/sec  5.087 ms  268/416 (64%)  
[  8]  50.00-51.00  sec   200 KBytes  1.64 Mbits/sec  6.963 ms  326/472 (69%)  
[  8]  51.00-52.00  sec   189 KBytes  1.55 Mbits/sec  5.637 ms  357/495 (72%)  
[  8]  52.00-53.00  sec   123 KBytes  1.01 Mbits/sec  8.925 ms  318/408 (78%)  
[  8]  53.00-54.00  sec   153 KBytes  1.25 Mbits/sec  4.277 ms  313/425 (74%)  
[  8]  54.00-55.00  sec   135 KBytes  1.11 Mbits/sec  5.419 ms  333/432 (77%)  
[  8]  55.00-56.00  sec   152 KBytes  1.24 Mbits/sec  11.307 ms  392/503 (78%)  
[  8]  56.00-57.00  sec   142 KBytes  1.17 Mbits/sec  8.726 ms  270/374 (72%)  
[  8]  57.00-58.00  sec   127 KBytes  1.04 Mbits/sec  7.806 ms  359/452 (79%)  
[  8]  58.00-59.00  sec   144 KBytes  1.18 Mbits/sec  9.071 ms  288/393 (73%)  
[  8]  59.00-60.00  sec   164 KBytes  1.34 Mbits/sec  6.322 ms  366/486 (75%)  
[  8]  60.00-61.00  sec   137 KBytes  1.12 Mbits/sec  6.151 ms  327/427 (77%)  
[  8]  61.00-62.00  sec   139 KBytes  1.14 Mbits/sec  9.475 ms  359/461 (78%)  
[  8]  62.00-63.00  sec  94.3 KBytes   771 Kbits/sec  7.369 ms  354/423 (84%)  
[  8]  63.00-64.00  sec  87.5 KBytes   718 Kbits/sec  12.730 ms  371/435 (85%)  
[  8]  64.00-65.00  sec   108 KBytes   885 Kbits/sec  10.289 ms  417/496 (84%)  
[  8]  65.00-66.00  sec  76.6 KBytes   627 Kbits/sec  7.720 ms  381/437 (87%)  
[  8]  66.00-67.00  sec  87.5 KBytes   717 Kbits/sec  7.651 ms  391/455 (86%)  
[  8]  67.00-68.00  sec   127 KBytes  1.04 Mbits/sec  7.167 ms  326/419 (78%)  
[  8]  68.00-69.00  sec   116 KBytes   952 Kbits/sec  11.022 ms  413/498 (83%)  
[  8]  69.00-70.00  sec   127 KBytes  1.04 Mbits/sec  9.294 ms  348/441 (79%)  
[  8]  70.00-71.00  sec   119 KBytes   975 Kbits/sec  8.355 ms  358/445 (80%)  
[  8]  71.00-72.00  sec  75.2 KBytes   615 Kbits/sec  10.274 ms  352/407 (86%)  
[  8]  72.00-73.00  sec  72.5 KBytes   594 Kbits/sec  8.854 ms  378/431 (88%)  
[  8]  73.00-74.00  sec  71.1 KBytes   582 Kbits/sec  9.883 ms  370/422 (88%)  
[  8]  74.00-75.00  sec   112 KBytes   919 Kbits/sec  7.339 ms  315/397 (79%)  
[  8]  75.00-76.00  sec   145 KBytes  1.19 Mbits/sec  6.625 ms  416/522 (80%)  
[  8]  76.00-77.00  sec   152 KBytes  1.24 Mbits/sec  5.497 ms  286/397 (72%)  
[  8]  77.00-78.00  sec  83.4 KBytes   682 Kbits/sec  10.656 ms  504/565 (89%)  
[  8]  78.00-79.00  sec  90.2 KBytes   740 Kbits/sec  11.553 ms  234/300 (78%)  
[  8]  79.00-80.00  sec   194 KBytes  1.59 Mbits/sec  6.437 ms  385/527 (73%)  
[  8]  80.00-81.00  sec   176 KBytes  1.44 Mbits/sec  4.968 ms  322/451 (71%)  
[  8]  81.00-82.00  sec   133 KBytes  1.09 Mbits/sec  11.549 ms  306/403 (76%)  
[  8]  82.00-83.00  sec   126 KBytes  1.03 Mbits/sec  4.807 ms  365/457 (80%)  
[  8]  83.00-84.01  sec  77.9 KBytes   634 Kbits/sec  9.280 ms  281/338 (83%)  
[  8]  84.01-85.00  sec  43.8 KBytes   361 Kbits/sec  13.728 ms  443/475 (93%)  
[  8]  85.00-86.00  sec  52.0 KBytes   426 Kbits/sec  14.191 ms  380/418 (91%)  
[  8]  86.00-87.00  sec  73.8 KBytes   603 Kbits/sec  10.760 ms  371/425 (87%)  
[  8]  87.00-88.00  sec  80.7 KBytes   663 Kbits/sec  8.480 ms  463/522 (89%)  
[  8]  88.00-89.00  sec   112 KBytes   917 Kbits/sec  7.151 ms  396/478 (83%)  
[  8]  89.00-90.00  sec  99.8 KBytes   819 Kbits/sec  11.523 ms  386/459 (84%)  
[  8]  90.00-91.00  sec  86.1 KBytes   706 Kbits/sec  24.760 ms  256/319 (80%)  
[  8]  91.00-92.00  sec  73.8 KBytes   605 Kbits/sec  10.023 ms  408/462 (88%)  
[  8]  92.00-93.00  sec   164 KBytes  1.34 Mbits/sec  6.959 ms  454/574 (79%)  
[  8]  93.00-94.00  sec   131 KBytes  1.08 Mbits/sec  8.286 ms  286/382 (75%)  
[  8]  94.00-95.00  sec  53.3 KBytes   437 Kbits/sec  10.171 ms  357/396 (90%)  
[  8]  95.00-96.00  sec  95.7 KBytes   784 Kbits/sec  9.623 ms  572/642 (89%)  
[  8]  96.00-97.00  sec   137 KBytes  1.12 Mbits/sec  8.115 ms  361/461 (78%)  
[  8]  97.00-98.00  sec   217 KBytes  1.78 Mbits/sec  4.153 ms  262/421 (62%)  
[  8]  98.00-99.00  sec   145 KBytes  1.19 Mbits/sec  8.437 ms  336/442 (76%)  
[  8]  99.00-100.00 sec   108 KBytes   884 Kbits/sec  8.731 ms  405/484 (84%)  
[  8] 100.00-101.00 sec   119 KBytes   975 Kbits/sec  9.155 ms  321/408 (79%)  
[  8] 101.00-102.00 sec   108 KBytes   885 Kbits/sec  11.029 ms  377/456 (83%)  
[  8] 102.00-103.00 sec   167 KBytes  1.37 Mbits/sec  6.377 ms  250/372 (67%)  
[  8] 103.00-104.00 sec   115 KBytes   941 Kbits/sec  7.062 ms  415/499 (83%)  
[  8] 104.00-105.00 sec   133 KBytes  1.09 Mbits/sec  6.047 ms  354/451 (78%)  
[  8] 105.00-106.00 sec   120 KBytes   986 Kbits/sec  6.596 ms  415/503 (83%)  
[  8] 106.00-107.00 sec   118 KBytes   963 Kbits/sec  9.050 ms  311/397 (78%)  
[  8] 107.00-108.01 sec   101 KBytes   822 Kbits/sec  10.254 ms  384/458 (84%)  
[  8] 108.01-109.00 sec   120 KBytes   994 Kbits/sec  6.847 ms  338/426 (79%)  
[  8] 109.00-110.00 sec   123 KBytes  1.01 Mbits/sec  11.613 ms  380/470 (81%)  
[  8] 110.00-111.00 sec   123 KBytes  1.01 Mbits/sec  8.485 ms  293/383 (77%)  
[  8] 111.00-112.00 sec   209 KBytes  1.72 Mbits/sec  4.895 ms  324/477 (68%)  
[  8] 112.00-113.00 sec   314 KBytes  2.58 Mbits/sec  3.593 ms  299/529 (57%)  
[  8] 113.00-114.00 sec   115 KBytes   941 Kbits/sec  8.134 ms  263/347 (76%)  
[  8] 114.00-115.01 sec   137 KBytes  1.11 Mbits/sec  9.091 ms  293/393 (75%)  
[  8] 115.01-116.00 sec   103 KBytes   850 Kbits/sec  11.114 ms  448/523 (86%)  
[  8] 116.00-117.00 sec   122 KBytes   996 Kbits/sec  7.562 ms  381/470 (81%)  
[  8] 117.00-118.00 sec   123 KBytes  1.01 Mbits/sec  9.568 ms  270/360 (75%)  
[  8] 118.00-119.00 sec   174 KBytes  1.42 Mbits/sec  6.700 ms  304/431 (71%)  
[  8] 119.00-120.00 sec  95.7 KBytes   784 Kbits/sec  7.147 ms  308/378 (81%)  
[  8] 120.00-121.00 sec   107 KBytes   874 Kbits/sec  10.441 ms  461/539 (86%)  
[  8] 121.00-122.00 sec  99.8 KBytes   818 Kbits/sec  7.367 ms  487/560 (87%)  
[  8] 122.00-123.00 sec  87.5 KBytes   717 Kbits/sec  11.678 ms  208/272 (76%)  
[  8] 123.00-124.00 sec  54.7 KBytes   448 Kbits/sec  12.982 ms  232/272 (85%)  
[  8] 124.00-125.00 sec  56.1 KBytes   459 Kbits/sec  14.525 ms  317/358 (89%)  
[  8] 125.00-126.00 sec  57.4 KBytes   469 Kbits/sec  10.621 ms  539/581 (93%)  
[  8] 126.00-127.00 sec   107 KBytes   876 Kbits/sec  12.228 ms  451/529 (85%)  
[  8] 127.00-128.00 sec  73.8 KBytes   605 Kbits/sec  11.553 ms  350/404 (87%)  
[  8] 128.00-129.00 sec  97.1 KBytes   795 Kbits/sec  5.579 ms  404/475 (85%)  
[  8] 129.00-130.00 sec   167 KBytes  1.37 Mbits/sec  8.463 ms  429/551 (78%)  
[  8] 130.00-131.00 sec   165 KBytes  1.36 Mbits/sec  3.469 ms  304/425 (72%)  
[  8] 131.00-132.00 sec   157 KBytes  1.29 Mbits/sec  5.377 ms  314/429 (73%)  
[  8] 132.00-133.00 sec   137 KBytes  1.12 Mbits/sec  7.873 ms  325/425 (76%)  
[  8] 133.00-134.00 sec   163 KBytes  1.33 Mbits/sec  5.917 ms  321/440 (73%)  
[  8] 134.00-135.00 sec   142 KBytes  1.16 Mbits/sec  6.138 ms  335/439 (76%)  
[  8] 135.00-136.00 sec   130 KBytes  1.06 Mbits/sec  13.316 ms  399/494 (81%)  
[  8] 136.00-137.00 sec   157 KBytes  1.29 Mbits/sec  5.573 ms  249/364 (68%)  
[  8] 137.00-138.01 sec   187 KBytes  1.53 Mbits/sec  3.975 ms  285/422 (68%)  
[  8] 138.01-139.00 sec   213 KBytes  1.75 Mbits/sec  8.228 ms  388/544 (71%)  
[  8] 139.00-140.00 sec   187 KBytes  1.54 Mbits/sec  7.441 ms  337/474 (71%)  
[  8] 140.00-141.00 sec   150 KBytes  1.23 Mbits/sec  8.699 ms  275/385 (71%)  
[  8] 141.00-142.00 sec   144 KBytes  1.18 Mbits/sec  11.541 ms  377/482 (78%)  
[  8] 142.00-143.00 sec   196 KBytes  1.60 Mbits/sec  8.158 ms  288/431 (67%)  
[  8] 143.00-144.00 sec   129 KBytes  1.05 Mbits/sec  5.500 ms  267/361 (74%)  
[  8] 144.00-145.00 sec   149 KBytes  1.22 Mbits/sec  7.459 ms  416/525 (79%)  
[  8] 145.00-146.00 sec   237 KBytes  1.94 Mbits/sec  4.768 ms  337/510 (66%)  
[  8] 146.00-147.00 sec   168 KBytes  1.38 Mbits/sec  5.715 ms  306/429 (71%)  
[  8] 147.00-148.00 sec   187 KBytes  1.53 Mbits/sec  5.765 ms  330/467 (71%)  
[  8] 148.00-149.00 sec   198 KBytes  1.62 Mbits/sec  6.479 ms  233/378 (62%)  
[  8] 149.00-150.00 sec   118 KBytes   964 Kbits/sec  11.389 ms  337/423 (80%)  
[  8] 150.00-151.00 sec   119 KBytes   973 Kbits/sec  6.715 ms  399/486 (82%)  
[  8] 151.00-152.00 sec   150 KBytes  1.23 Mbits/sec  5.224 ms  240/350 (69%)  
[  8] 152.00-153.00 sec   150 KBytes  1.23 Mbits/sec  8.379 ms  452/562 (80%)  
[  8] 153.00-154.00 sec   149 KBytes  1.22 Mbits/sec  5.018 ms  339/448 (76%)  
[  8] 154.00-155.00 sec   115 KBytes   941 Kbits/sec  10.649 ms  217/301 (72%)  
[  8] 155.00-156.01 sec   139 KBytes  1.14 Mbits/sec  7.111 ms  356/458 (78%)  
[  8] 156.01-157.00 sec   183 KBytes  1.51 Mbits/sec  4.598 ms  398/532 (75%)  
[  8] 157.00-158.00 sec   118 KBytes   963 Kbits/sec  5.873 ms  349/435 (80%)  
[  8] 158.00-159.00 sec   134 KBytes  1.10 Mbits/sec  7.189 ms  424/522 (81%)  
[  8] 159.00-160.00 sec   113 KBytes   930 Kbits/sec  10.777 ms  395/478 (83%)  
[  8] 160.00-161.00 sec   148 KBytes  1.21 Mbits/sec  5.323 ms  255/363 (70%)  
[  8] 161.00-162.00 sec   178 KBytes  1.46 Mbits/sec  5.041 ms  376/506 (74%)  
[  8] 162.00-163.00 sec   189 KBytes  1.55 Mbits/sec  6.802 ms  273/411 (66%)  
[  8] 163.00-164.00 sec   108 KBytes   885 Kbits/sec  14.183 ms  371/450 (82%)  
[  8] 164.00-165.00 sec   119 KBytes   974 Kbits/sec  6.611 ms  427/514 (83%)  
[  8] 165.00-166.00 sec   150 KBytes  1.23 Mbits/sec  6.890 ms  416/526 (79%)  
[  8] 166.00-167.00 sec  98.4 KBytes   807 Kbits/sec  8.978 ms  338/410 (82%)  
[  8] 167.00-168.00 sec   133 KBytes  1.09 Mbits/sec  8.586 ms  330/427 (77%)  
[  8] 168.00-169.00 sec   172 KBytes  1.41 Mbits/sec  6.644 ms  381/507 (75%)  
[  8] 169.00-170.00 sec   103 KBytes   840 Kbits/sec  11.614 ms  281/356 (79%)  
[  8] 170.00-171.00 sec  94.3 KBytes   772 Kbits/sec  7.276 ms  365/434 (84%)  
[  8] 171.00-172.00 sec   116 KBytes   953 Kbits/sec  8.870 ms  368/453 (81%)  
[  8] 172.00-173.00 sec  77.9 KBytes   637 Kbits/sec  7.537 ms  368/425 (87%)  
[  8] 173.00-174.00 sec   152 KBytes  1.25 Mbits/sec  9.063 ms  386/497 (78%)  
[  8] 174.00-175.00 sec   109 KBytes   896 Kbits/sec  10.692 ms  367/447 (82%)  
[  8] 175.00-176.00 sec   123 KBytes  1.01 Mbits/sec  7.824 ms  396/486 (81%)  
[  8] 176.00-177.00 sec   138 KBytes  1.13 Mbits/sec  6.939 ms  352/453 (78%)  
[  8] 177.00-178.00 sec   105 KBytes   862 Kbits/sec  7.210 ms  309/386 (80%)  
[  8] 178.00-179.00 sec   116 KBytes   952 Kbits/sec  8.897 ms  348/433 (80%)  
[  8] 179.00-180.00 sec  87.5 KBytes   717 Kbits/sec  10.018 ms  411/475 (87%)  
[  8] 180.00-181.00 sec   118 KBytes   963 Kbits/sec  7.819 ms  431/517 (83%)  
[  8] 181.00-182.00 sec   101 KBytes   829 Kbits/sec  10.663 ms  282/356 (79%)  
[  8] 182.00-183.00 sec  64.3 KBytes   526 Kbits/sec  7.055 ms  389/436 (89%)  
[  8] 183.00-184.00 sec   122 KBytes   997 Kbits/sec  6.682 ms  449/538 (83%)  
[  8] 184.00-185.00 sec  83.4 KBytes   683 Kbits/sec  8.280 ms  310/371 (84%)  
[  8] 185.00-186.00 sec   150 KBytes  1.23 Mbits/sec  5.010 ms  303/413 (73%)  
[  8] 186.00-187.00 sec   116 KBytes   952 Kbits/sec  8.139 ms  403/488 (83%)  
[  8] 187.00-188.00 sec   159 KBytes  1.30 Mbits/sec  7.139 ms  313/429 (73%)  
[  8] 188.00-189.00 sec   220 KBytes  1.81 Mbits/sec  4.313 ms  313/474 (66%)  
[  8] 189.00-190.00 sec   131 KBytes  1.08 Mbits/sec  7.243 ms  340/436 (78%)  
[  8] 190.00-191.00 sec   148 KBytes  1.21 Mbits/sec  8.663 ms  351/459 (76%)  
[  8] 191.00-192.00 sec   145 KBytes  1.19 Mbits/sec  6.763 ms  405/511 (79%)  
[  8] 192.00-193.00 sec   154 KBytes  1.26 Mbits/sec  6.235 ms  220/333 (66%)  
[  8] 193.00-194.00 sec   126 KBytes  1.03 Mbits/sec  7.908 ms  382/474 (81%)  
[  8] 194.00-195.00 sec   113 KBytes   931 Kbits/sec  10.456 ms  401/484 (83%)  
[  8] 195.00-196.00 sec   120 KBytes   986 Kbits/sec  6.624 ms  262/350 (75%)  
[  8] 196.00-197.00 sec   215 KBytes  1.76 Mbits/sec  8.312 ms  385/542 (71%)  
[  8] 197.00-198.00 sec   101 KBytes   829 Kbits/sec  10.456 ms  351/425 (83%)  
[  8] 198.00-199.00 sec  82.0 KBytes   672 Kbits/sec  11.412 ms  435/495 (88%)  
[  8] 199.00-200.00 sec   137 KBytes  1.12 Mbits/sec  6.422 ms  399/499 (80%)  
[  8] 200.00-201.02 sec   103 KBytes   827 Kbits/sec  11.768 ms  295/370 (80%)  
[  8] 201.02-202.00 sec  72.5 KBytes   603 Kbits/sec  15.267 ms  416/469 (89%)  
[  8] 202.00-203.00 sec  77.9 KBytes   639 Kbits/sec  11.299 ms  258/315 (82%)  
[  8] 203.00-204.00 sec   120 KBytes   986 Kbits/sec  4.962 ms  422/510 (83%)  
[  8] 204.00-205.00 sec   129 KBytes  1.05 Mbits/sec  6.724 ms  377/471 (80%)  
[  8] 205.00-206.00 sec   154 KBytes  1.27 Mbits/sec  5.650 ms  298/411 (73%)  
[  8] 206.00-207.00 sec   164 KBytes  1.34 Mbits/sec  6.760 ms  281/401 (70%)  
[  8] 207.00-208.00 sec  99.8 KBytes   818 Kbits/sec  8.618 ms  342/415 (82%)  
[  8] 208.00-209.00 sec  68.4 KBytes   560 Kbits/sec  15.959 ms  421/471 (89%)  
[  8] 209.00-210.00 sec  43.8 KBytes   358 Kbits/sec  12.034 ms  466/498 (94%)  
[  8] 210.00-211.00 sec   109 KBytes   896 Kbits/sec  9.562 ms  278/358 (78%)  
[  8] 211.00-212.01 sec  57.4 KBytes   468 Kbits/sec  13.887 ms  394/436 (90%)  
[  8] 212.01-213.00 sec  68.4 KBytes   563 Kbits/sec  16.941 ms  436/486 (90%)  
[  8] 213.00-214.00 sec  52.0 KBytes   426 Kbits/sec  9.277 ms  506/544 (93%)  
[  8] 214.00-215.00 sec   122 KBytes   995 Kbits/sec  8.286 ms  372/461 (81%)  
[  8] 215.00-216.00 sec  53.3 KBytes   438 Kbits/sec  11.751 ms  228/267 (85%)  
[  8] 216.00-217.00 sec  50.6 KBytes   414 Kbits/sec  11.161 ms  467/504 (93%)  
[  8] 217.00-218.00 sec  69.7 KBytes   571 Kbits/sec  10.238 ms  433/484 (89%)  
[  8] 218.00-219.00 sec  80.7 KBytes   661 Kbits/sec  10.746 ms  428/487 (88%)  
[  8] 219.00-220.00 sec  46.5 KBytes   381 Kbits/sec  14.686 ms  321/355 (90%)  
[  8] 220.00-221.00 sec  50.6 KBytes   414 Kbits/sec  19.270 ms  556/593 (94%)  
[  8] 221.00-222.00 sec   133 KBytes  1.08 Mbits/sec  13.847 ms  213/310 (69%)  
[  8] 222.00-223.01 sec   205 KBytes  1.68 Mbits/sec  4.104 ms  426/576 (74%)  
[  8] 223.01-224.00 sec   261 KBytes  2.14 Mbits/sec  7.602 ms  276/467 (59%)  
[  8] 224.00-225.00 sec   217 KBytes  1.79 Mbits/sec  5.573 ms  293/452 (65%)  
[  8] 225.00-226.00 sec   135 KBytes  1.11 Mbits/sec  6.935 ms  352/451 (78%)  
[  8] 226.00-227.00 sec   120 KBytes   986 Kbits/sec  8.174 ms  249/337 (74%)  
[  8] 227.00-228.00 sec   139 KBytes  1.14 Mbits/sec  6.941 ms  386/488 (79%)  
[  8] 228.00-229.00 sec   126 KBytes  1.03 Mbits/sec  8.204 ms  366/458 (80%)  
[  8] 229.00-230.00 sec   134 KBytes  1.10 Mbits/sec  8.212 ms  395/493 (80%)  
[  8] 230.00-231.00 sec  90.2 KBytes   739 Kbits/sec  7.793 ms  402/468 (86%)  
[  8] 231.00-232.00 sec   124 KBytes  1.02 Mbits/sec  7.461 ms  280/371 (75%)  
[  8] 232.00-233.00 sec   167 KBytes  1.37 Mbits/sec  6.945 ms  350/472 (74%)  
[  8] 233.00-234.00 sec   213 KBytes  1.75 Mbits/sec  5.680 ms  199/355 (56%)  
[  8] 234.00-235.00 sec   138 KBytes  1.13 Mbits/sec  10.008 ms  318/419 (76%)  
[  8] 235.00-236.00 sec   127 KBytes  1.04 Mbits/sec  8.570 ms  375/468 (80%)  
[  8] 236.00-237.00 sec   119 KBytes   977 Kbits/sec  10.116 ms  387/474 (82%)  
[  8] 237.00-238.00 sec   154 KBytes  1.27 Mbits/sec  6.653 ms  389/502 (77%)  
[  8] 238.00-239.00 sec   144 KBytes  1.18 Mbits/sec  5.397 ms  327/432 (76%)  
[  8] 239.00-240.00 sec   138 KBytes  1.13 Mbits/sec  6.878 ms  348/449 (78%)  
[  8] 240.00-241.00 sec   107 KBytes   874 Kbits/sec  9.039 ms  295/373 (79%)  
[  8] 241.00-242.00 sec   150 KBytes  1.23 Mbits/sec  6.963 ms  385/495 (78%)  
[  8] 242.00-243.00 sec   135 KBytes  1.11 Mbits/sec  9.254 ms  299/398 (75%)  
[  8] 243.00-244.00 sec   131 KBytes  1.08 Mbits/sec  6.719 ms  341/437 (78%)  
[  8] 244.00-245.00 sec   243 KBytes  1.99 Mbits/sec  5.009 ms  341/519 (66%)  
[  8] 245.00-246.00 sec   237 KBytes  1.94 Mbits/sec  6.672 ms  254/427 (59%)  
[  8] 246.00-247.00 sec   164 KBytes  1.34 Mbits/sec  5.476 ms  281/401 (70%)  
[  8] 247.00-248.00 sec   249 KBytes  2.04 Mbits/sec  5.845 ms  310/492 (63%)  
[  8] 248.00-249.00 sec   179 KBytes  1.47 Mbits/sec  6.165 ms  310/441 (70%)  
[  8] 249.00-250.00 sec   137 KBytes  1.12 Mbits/sec  8.061 ms  383/483 (79%)  
[  8] 250.00-251.00 sec   164 KBytes  1.34 Mbits/sec  6.108 ms  311/431 (72%)  
[  8] 251.00-252.00 sec   153 KBytes  1.25 Mbits/sec  6.727 ms  448/560 (80%)  
[  8] 252.00-253.00 sec   115 KBytes   941 Kbits/sec  7.671 ms  332/416 (80%)  
[  8] 253.00-254.00 sec   120 KBytes   984 Kbits/sec  8.348 ms  240/328 (73%)  
[  8] 254.00-255.00 sec   160 KBytes  1.31 Mbits/sec  4.777 ms  288/405 (71%)  
[  8] 255.00-256.00 sec   165 KBytes  1.36 Mbits/sec  11.042 ms  419/540 (78%)  
[  8] 256.00-257.00 sec   134 KBytes  1.10 Mbits/sec  6.727 ms  364/462 (79%)  
[  8] 257.00-258.00 sec   167 KBytes  1.37 Mbits/sec  5.461 ms  311/433 (72%)  
[  8] 258.00-259.00 sec   168 KBytes  1.38 Mbits/sec  8.200 ms  284/407 (70%)  
[  8] 259.00-260.00 sec   152 KBytes  1.24 Mbits/sec  5.655 ms  294/405 (73%)  
[  8] 260.00-261.00 sec   185 KBytes  1.51 Mbits/sec  8.580 ms  280/415 (67%)  
[  8] 261.00-262.00 sec   161 KBytes  1.32 Mbits/sec  4.830 ms  367/485 (76%)  
[  8] 262.00-263.00 sec   164 KBytes  1.34 Mbits/sec  6.020 ms  422/542 (78%)  
[  8] 263.00-264.00 sec   175 KBytes  1.43 Mbits/sec  5.855 ms  324/452 (72%)  
[  8] 264.00-265.00 sec   190 KBytes  1.56 Mbits/sec  6.800 ms  312/451 (69%)  
[  8] 265.00-266.00 sec   157 KBytes  1.29 Mbits/sec  5.372 ms  302/417 (72%)  
[  8] 266.00-267.00 sec   145 KBytes  1.19 Mbits/sec  7.775 ms  326/432 (75%)  
[  8] 267.00-268.00 sec   170 KBytes  1.39 Mbits/sec  6.464 ms  301/425 (71%)  
[  8] 268.00-269.00 sec   138 KBytes  1.13 Mbits/sec  9.832 ms  297/398 (75%)  
[  8] 269.00-270.00 sec  94.3 KBytes   773 Kbits/sec  6.947 ms  438/507 (86%)  
[  8] 270.00-271.00 sec   123 KBytes  1.01 Mbits/sec  8.117 ms  303/393 (77%)  
[  8] 271.00-272.00 sec   109 KBytes   896 Kbits/sec  7.061 ms  418/498 (84%)  
[  8] 272.00-273.00 sec   145 KBytes  1.19 Mbits/sec  6.869 ms  330/436 (76%)  
[  8] 273.00-274.00 sec   227 KBytes  1.86 Mbits/sec  6.715 ms  274/440 (62%)  
[  8] 274.00-275.00 sec   142 KBytes  1.16 Mbits/sec  11.802 ms  301/405 (74%)  
[  8] 275.00-276.00 sec   144 KBytes  1.17 Mbits/sec  6.879 ms  265/370 (72%)  
[  8] 276.00-277.00 sec   159 KBytes  1.30 Mbits/sec  6.121 ms  370/486 (76%)  
[  8] 277.00-278.00 sec   159 KBytes  1.30 Mbits/sec  7.868 ms  348/464 (75%)  
[  8] 278.00-279.00 sec   122 KBytes   997 Kbits/sec  7.095 ms  247/336 (74%)  
[  8] 279.00-280.00 sec   127 KBytes  1.04 Mbits/sec  9.771 ms  385/478 (81%)  
[  8] 280.00-281.00 sec  99.8 KBytes   818 Kbits/sec  7.273 ms  352/425 (83%)  
[  8] 281.00-282.00 sec  41.0 KBytes   336 Kbits/sec  20.592 ms  440/470 (94%)  
[  8] 282.00-283.00 sec  94.3 KBytes   773 Kbits/sec  6.539 ms  371/440 (84%)  
[  8] 283.00-284.00 sec   164 KBytes  1.34 Mbits/sec  6.103 ms  341/461 (74%)  
[  8] 284.00-285.00 sec   202 KBytes  1.66 Mbits/sec  5.867 ms  362/510 (71%)  
[  8] 285.00-286.00 sec   133 KBytes  1.09 Mbits/sec  9.093 ms  430/527 (82%)  
[  8] 286.00-287.00 sec   160 KBytes  1.31 Mbits/sec  6.262 ms  204/321 (64%)  
[  8] 287.00-288.00 sec   150 KBytes  1.23 Mbits/sec  5.714 ms  315/425 (74%)  
[  8] 288.00-289.00 sec   113 KBytes   930 Kbits/sec  6.829 ms  298/381 (78%)  
[  8] 289.00-290.00 sec   172 KBytes  1.41 Mbits/sec  5.451 ms  429/555 (77%)  
[  8] 290.00-291.00 sec   176 KBytes  1.44 Mbits/sec  7.768 ms  333/462 (72%)  
[  8] 291.00-292.00 sec   148 KBytes  1.21 Mbits/sec  6.913 ms  329/437 (75%)  
[  8] 292.00-293.00 sec   157 KBytes  1.29 Mbits/sec  7.343 ms  448/563 (80%)  
[  8] 293.00-294.00 sec   112 KBytes   918 Kbits/sec  7.143 ms  373/455 (82%)  
[  8] 294.00-295.00 sec  86.1 KBytes   705 Kbits/sec  13.560 ms  323/386 (84%)  
[  8] 295.00-296.00 sec  98.4 KBytes   807 Kbits/sec  11.063 ms  428/500 (86%)  
[  8] 296.00-297.00 sec  64.3 KBytes   525 Kbits/sec  12.937 ms  222/269 (83%)  
[  8] 297.00-298.00 sec  72.5 KBytes   594 Kbits/sec  17.388 ms  533/586 (91%)  
[  8] 298.00-299.00 sec   119 KBytes   976 Kbits/sec  7.379 ms  266/353 (75%)  
[  8] 299.00-300.00 sec   108 KBytes   885 Kbits/sec  6.609 ms  324/403 (80%)  
[  8] 300.00-301.00 sec  98.4 KBytes   806 Kbits/sec  8.031 ms  354/426 (83%)  
[  8] 301.00-302.00 sec   120 KBytes   983 Kbits/sec  8.273 ms  442/530 (83%)  
[  8] 302.00-303.00 sec   122 KBytes  1000 Kbits/sec  8.211 ms  341/430 (79%)  
[  8] 303.00-304.00 sec   122 KBytes   997 Kbits/sec  9.453 ms  473/562 (84%)  
[  8] 304.00-305.00 sec   120 KBytes   986 Kbits/sec  8.908 ms  262/350 (75%)  
[  8] 305.00-306.00 sec  79.3 KBytes   649 Kbits/sec  11.438 ms  407/465 (88%)  
[  8] 306.00-307.00 sec  88.9 KBytes   728 Kbits/sec  10.878 ms  460/525 (88%)  
[  8] 307.00-308.00 sec   226 KBytes  1.85 Mbits/sec  4.735 ms  360/525 (69%)  
[  8] 308.00-309.00 sec   198 KBytes  1.63 Mbits/sec  9.010 ms  299/444 (67%)  
[  8] 309.00-310.00 sec   101 KBytes   828 Kbits/sec  8.853 ms  326/400 (82%)  
[  8] 310.00-311.00 sec   122 KBytes   997 Kbits/sec  7.460 ms  370/459 (81%)  
[  8] 311.00-312.00 sec   111 KBytes   908 Kbits/sec  7.602 ms  355/436 (81%)  
[  8] 312.00-313.00 sec   122 KBytes   997 Kbits/sec  6.917 ms  371/460 (81%)  
[  8] 313.00-314.00 sec   165 KBytes  1.36 Mbits/sec  9.832 ms  315/436 (72%)  
[  8] 314.00-315.00 sec   149 KBytes  1.22 Mbits/sec  9.996 ms  321/430 (75%)  
[  8] 315.00-316.00 sec  90.2 KBytes   739 Kbits/sec  12.743 ms  348/414 (84%)  
[  8] 316.00-317.00 sec  98.4 KBytes   806 Kbits/sec  10.687 ms  347/419 (83%)  
[  8] 317.00-318.00 sec  45.1 KBytes   370 Kbits/sec  12.286 ms  355/388 (91%)  
[  8] 318.00-319.00 sec  41.0 KBytes   336 Kbits/sec  11.316 ms  464/494 (94%)  
[  8] 319.00-320.00 sec   104 KBytes   849 Kbits/sec  11.955 ms  410/486 (84%)  
[  8] 320.00-321.00 sec   176 KBytes  1.45 Mbits/sec  7.196 ms  368/497 (74%)  
[  8] 321.00-322.00 sec  98.4 KBytes   805 Kbits/sec  8.975 ms  387/459 (84%)  
[  8] 322.00-323.00 sec   123 KBytes  1.01 Mbits/sec  5.550 ms  343/433 (79%)  
[  8] 323.00-324.00 sec   135 KBytes  1.11 Mbits/sec  6.582 ms  380/479 (79%)  
[  8] 324.00-325.00 sec   124 KBytes  1.02 Mbits/sec  8.552 ms  204/295 (69%)  
[  8] 325.00-326.00 sec   108 KBytes   885 Kbits/sec  9.104 ms  394/473 (83%)  
[  8] 326.00-327.00 sec   144 KBytes  1.18 Mbits/sec  6.979 ms  394/499 (79%)  
[  8] 327.00-328.00 sec   302 KBytes  2.48 Mbits/sec  4.003 ms  190/411 (46%)  
[  8] 328.00-329.00 sec   142 KBytes  1.16 Mbits/sec  6.503 ms  422/526 (80%)  
[  8] 329.00-330.00 sec   150 KBytes  1.23 Mbits/sec  5.690 ms  265/375 (71%)  
[  8] 330.00-331.00 sec   164 KBytes  1.34 Mbits/sec  8.698 ms  384/504 (76%)  
[  8] 331.00-332.00 sec   116 KBytes   951 Kbits/sec  7.769 ms  258/343 (75%)  
[  8] 332.00-333.00 sec  67.0 KBytes   549 Kbits/sec  19.682 ms  459/508 (90%)  
[  8] 333.00-334.00 sec   123 KBytes  1.01 Mbits/sec  8.474 ms  303/393 (77%)  
[  8] 334.00-335.00 sec  90.2 KBytes   737 Kbits/sec  12.736 ms  283/349 (81%)  
[  8] 335.00-336.00 sec  54.7 KBytes   449 Kbits/sec  19.491 ms  534/574 (93%)  
[  8] 336.00-337.00 sec   101 KBytes   829 Kbits/sec  8.255 ms  309/383 (81%)  
[  8] 337.00-338.00 sec   150 KBytes  1.23 Mbits/sec  8.407 ms  351/461 (76%)  
[  8] 338.00-339.00 sec   211 KBytes  1.72 Mbits/sec  8.713 ms  363/517 (70%)  
[  8] 339.00-340.00 sec   139 KBytes  1.14 Mbits/sec  9.837 ms  302/404 (75%)  
[  8] 340.00-340.39 sec   103 KBytes  2.17 Mbits/sec  4.991 ms  222/297 (75%)  
- - - - - - - - - - - - - - - - - - - - - - - - -
[ ID] Interval           Transfer     Bitrate         Jitter    Lost/Total Datagrams
[SUM]  0.0-340.4 sec  27 datagrams received out-of-order
[  8]   0.00-340.39 sec  44.4 MBytes  1.09 Mbits/sec  4.991 ms  118550/151786 (78%)  receiver
iperf3: error - unable to receive results: Bad file descriptor
