-----------------------------------------------------------
Server listening on 5201 (test #1)
-----------------------------------------------------------
Accepted connection from 10.0.0.17, port 50872
[  8] local 10.0.0.49 port 5201 connected to 10.0.0.17 port 35350
[ ID] Interval           Transfer     Bitrate         Jitter    Lost/Total Datagrams
[  8]   0.00-1.00   sec  2.29 MBytes  19.2 Mbits/sec  0.213 ms  55/1768 (3.1%)  
[  8]   1.00-2.00   sec  2.38 MBytes  19.9 Mbits/sec  0.461 ms  7/1786 (0.39%)  
[  8]   2.00-3.00   sec  2.01 MBytes  16.9 Mbits/sec  0.538 ms  278/1787 (16%)  
[  8]   3.00-4.00   sec  2.38 MBytes  20.0 Mbits/sec  0.463 ms  3/1786 (0.17%)  
[  8]   4.00-5.00   sec  2.37 MBytes  19.9 Mbits/sec  0.548 ms  9/1786 (0.5%)  
[  8]   5.00-6.00   sec  2.35 MBytes  19.7 Mbits/sec  0.157 ms  19/1782 (1.1%)  
[  8]   6.00-7.00   sec  2.36 MBytes  19.8 Mbits/sec  0.541 ms  13/1784 (0.73%)  
[  8]   7.00-8.00   sec  2.35 MBytes  19.7 Mbits/sec  0.774 ms  22/1782 (1.2%)  
[  8]   8.00-9.00   sec  2.38 MBytes  20.0 Mbits/sec  0.628 ms  10/1795 (0.56%)  
[  8]   9.00-10.00  sec  2.33 MBytes  19.6 Mbits/sec  0.462 ms  33/1780 (1.9%)  
[  8]  10.00-11.00  sec  2.30 MBytes  19.3 Mbits/sec  0.846 ms  48/1772 (2.7%)  
[  8]  11.00-12.00  sec  2.34 MBytes  19.6 Mbits/sec  0.332 ms  53/1805 (2.9%)  
[  8]  12.00-13.00  sec  2.29 MBytes  19.2 Mbits/sec  0.497 ms  60/1775 (3.4%)  
[  8]  13.00-14.00  sec  2.40 MBytes  20.1 Mbits/sec  0.616 ms  0/1795 (0%)  
[  8]  14.00-15.00  sec  2.36 MBytes  19.8 Mbits/sec  0.433 ms  17/1785 (0.95%)  
[  8]  15.00-16.00  sec  2.39 MBytes  20.0 Mbits/sec  0.654 ms  1/1789 (0.056%)  
[  8]  16.00-17.00  sec  2.35 MBytes  19.7 Mbits/sec  0.359 ms  22/1785 (1.2%)  
[  8]  17.00-18.00  sec  2.33 MBytes  19.5 Mbits/sec  0.502 ms  42/1785 (2.4%)  
[  8]  18.00-19.00  sec  2.37 MBytes  19.9 Mbits/sec  0.874 ms  0/1777 (0%)  
[  8]  19.00-20.00  sec  2.38 MBytes  20.0 Mbits/sec  0.552 ms  2/1788 (0.11%)  
[  8]  20.00-21.00  sec  2.39 MBytes  20.0 Mbits/sec  0.412 ms  3/1793 (0.17%)  
[  8]  21.00-22.00  sec  2.38 MBytes  20.0 Mbits/sec  0.558 ms  0/1783 (0%)  
[  8]  22.00-23.00  sec  2.34 MBytes  19.6 Mbits/sec  0.727 ms  34/1786 (1.9%)  
[  8]  23.00-24.00  sec  2.35 MBytes  19.7 Mbits/sec  0.515 ms  20/1783 (1.1%)  
[  8]  24.00-25.00  sec  2.31 MBytes  19.4 Mbits/sec  0.412 ms  40/1771 (2.3%)  
[  8]  25.00-26.00  sec  2.34 MBytes  19.6 Mbits/sec  0.551 ms  49/1802 (2.7%)  
[  8]  26.00-27.00  sec  2.36 MBytes  19.8 Mbits/sec  0.715 ms  4/1770 (0.23%)  
[  8]  27.00-28.00  sec  2.38 MBytes  20.0 Mbits/sec  0.646 ms  19/1801 (1.1%)  
[  8]  28.00-29.00  sec  2.38 MBytes  19.9 Mbits/sec  0.442 ms  5/1786 (0.28%)  
[  8]  29.00-30.00  sec  2.35 MBytes  19.7 Mbits/sec  0.762 ms  26/1787 (1.5%)  
[  8]  30.00-31.00  sec  2.37 MBytes  19.9 Mbits/sec  0.727 ms  6/1784 (0.34%)  
[  8]  31.00-32.00  sec  2.32 MBytes  19.5 Mbits/sec  0.561 ms  41/1780 (2.3%)  
[  8]  32.00-33.00  sec  2.35 MBytes  19.7 Mbits/sec  0.528 ms  32/1792 (1.8%)  
[  8]  33.00-34.00  sec  2.37 MBytes  19.9 Mbits/sec  0.706 ms  8/1781 (0.45%)  
[  8]  34.00-35.00  sec  2.32 MBytes  19.5 Mbits/sec  0.554 ms  57/1795 (3.2%)  
[  8]  35.00-36.00  sec  2.36 MBytes  19.8 Mbits/sec  0.423 ms  17/1781 (0.95%)  
[  8]  36.00-37.00  sec  2.32 MBytes  19.4 Mbits/sec  0.495 ms  46/1782 (2.6%)  
[  8]  37.00-38.00  sec  2.37 MBytes  19.8 Mbits/sec  0.300 ms  17/1789 (0.95%)  
[  8]  38.00-39.00  sec  2.37 MBytes  19.9 Mbits/sec  0.576 ms  13/1788 (0.73%)  
[  8]  39.00-40.00  sec  2.20 MBytes  18.5 Mbits/sec  0.703 ms  127/1775 (7.2%)  
[  8]  40.00-41.00  sec  2.39 MBytes  20.0 Mbits/sec  0.301 ms  8/1797 (0.45%)  
[  8]  41.00-42.00  sec  2.34 MBytes  19.6 Mbits/sec  0.844 ms  24/1777 (1.4%)  
[  8]  42.00-43.00  sec  2.38 MBytes  20.0 Mbits/sec  0.245 ms  11/1794 (0.61%)  
[  8]  43.00-44.00  sec  2.38 MBytes  19.9 Mbits/sec  0.397 ms  2/1782 (0.11%)  
[  8]  44.00-45.00  sec  2.37 MBytes  19.9 Mbits/sec  0.443 ms  13/1791 (0.73%)  
[  8]  45.00-46.00  sec  2.37 MBytes  19.9 Mbits/sec  0.507 ms  11/1786 (0.62%)  
[  8]  46.00-47.00  sec  2.31 MBytes  19.4 Mbits/sec  0.456 ms  52/1782 (2.9%)  
[  8]  47.00-48.00  sec  2.34 MBytes  19.7 Mbits/sec  0.316 ms  20/1775 (1.1%)  
[  8]  48.00-49.00  sec  2.21 MBytes  18.5 Mbits/sec  0.952 ms  89/1741 (5.1%)  
[  8]  49.00-50.00  sec  1.83 MBytes  15.4 Mbits/sec  0.609 ms  433/1805 (24%)  
[  8]  50.00-51.00  sec  2.14 MBytes  17.9 Mbits/sec  0.662 ms  214/1816 (12%)  
[  8]  51.00-52.00  sec  2.23 MBytes  18.7 Mbits/sec  0.760 ms  123/1791 (6.9%)  
[  8]  52.00-53.00  sec  2.34 MBytes  19.7 Mbits/sec  0.552 ms  26/1782 (1.5%)  
[  8]  53.00-54.00  sec  1.94 MBytes  16.3 Mbits/sec  2.267 ms  213/1665 (13%)  
[  8]  54.00-55.00  sec  2.28 MBytes  19.2 Mbits/sec  0.344 ms  199/1910 (10%)  
[  8]  55.00-56.00  sec  2.17 MBytes  18.2 Mbits/sec  0.461 ms  63/1690 (3.7%)  
[  8]  56.00-57.00  sec  2.45 MBytes  20.6 Mbits/sec  0.680 ms  46/1883 (2.4%)  
[  8]  57.00-58.00  sec  1.88 MBytes  15.8 Mbits/sec  3.058 ms  187/1595 (12%)  
[  8]  58.00-59.00  sec  1.30 MBytes  10.9 Mbits/sec  1.188 ms  912/1883 (48%)  
[  8]  59.00-60.00  sec  1.59 MBytes  13.3 Mbits/sec  0.925 ms  596/1787 (33%)  
[  8]  60.00-61.00  sec  1.93 MBytes  16.2 Mbits/sec  1.092 ms  405/1851 (22%)  
[  8]  61.00-62.00  sec  2.34 MBytes  19.6 Mbits/sec  0.686 ms  54/1808 (3%)  
[  8]  62.00-63.00  sec  2.35 MBytes  19.7 Mbits/sec  0.575 ms  24/1787 (1.3%)  
[  8]  63.00-64.00  sec  2.34 MBytes  19.7 Mbits/sec  0.788 ms  26/1782 (1.5%)  
[  8]  64.00-65.00  sec  2.37 MBytes  19.9 Mbits/sec  0.621 ms  16/1789 (0.89%)  
[  8]  65.00-66.00  sec  2.32 MBytes  19.5 Mbits/sec  0.894 ms  33/1773 (1.9%)  
[  8]  66.00-67.00  sec  2.17 MBytes  18.2 Mbits/sec  0.959 ms  157/1782 (8.8%)  
[  8]  67.00-68.01  sec  2.04 MBytes  17.0 Mbits/sec  1.178 ms  187/1714 (11%)  
[  8]  68.01-69.00  sec  2.15 MBytes  18.2 Mbits/sec  0.710 ms  257/1871 (14%)  
[  8]  69.00-70.00  sec  1.81 MBytes  15.2 Mbits/sec  1.000 ms  112/1467 (7.6%)  
[  8]  70.00-71.00  sec  1.49 MBytes  12.5 Mbits/sec  1.396 ms  929/2044 (45%)  
[  8]  71.00-72.00  sec  2.07 MBytes  17.3 Mbits/sec  0.539 ms  307/1855 (17%)  
[  8]  72.00-73.00  sec  2.24 MBytes  18.8 Mbits/sec  0.601 ms  92/1771 (5.2%)  
[  8]  73.00-74.00  sec  1.87 MBytes  15.7 Mbits/sec  0.298 ms  386/1785 (22%)  
[  8]  74.00-75.00  sec  1.93 MBytes  16.2 Mbits/sec  1.006 ms  284/1727 (16%)  
[  8]  75.00-76.00  sec  1.29 MBytes  10.9 Mbits/sec  1.137 ms  757/1726 (44%)  
[  8]  76.00-77.00  sec  2.08 MBytes  17.4 Mbits/sec  1.035 ms  203/1761 (12%)  
[  8]  77.00-78.00  sec  2.31 MBytes  19.3 Mbits/sec  0.800 ms  212/1939 (11%)  
[  8]  78.00-79.00  sec  2.24 MBytes  18.8 Mbits/sec  0.632 ms  100/1780 (5.6%)  
[  8]  79.00-80.00  sec  2.05 MBytes  17.2 Mbits/sec  0.508 ms  258/1790 (14%)  
[  8]  80.00-81.00  sec  2.00 MBytes  16.8 Mbits/sec  1.267 ms  162/1661 (9.8%)  
[  8]  81.00-82.00  sec  1.82 MBytes  15.3 Mbits/sec  0.746 ms  386/1751 (22%)  
[  8]  82.00-83.00  sec  2.14 MBytes  18.0 Mbits/sec  0.690 ms  336/1939 (17%)  
[  8]  83.00-84.00  sec  2.26 MBytes  18.9 Mbits/sec  0.602 ms  103/1792 (5.7%)  
[  8]  84.00-85.00  sec  2.11 MBytes  17.7 Mbits/sec  0.403 ms  199/1782 (11%)  
[  8]  85.00-86.00  sec  2.33 MBytes  19.6 Mbits/sec  0.609 ms  48/1794 (2.7%)  
[  8]  86.00-87.00  sec  1.63 MBytes  13.7 Mbits/sec  1.349 ms  222/1441 (15%)  
[  8]  87.00-88.00  sec  1.14 MBytes  9.58 Mbits/sec  0.862 ms  1021/1876 (54%)  
[  8]  88.00-89.00  sec  2.46 MBytes  20.6 Mbits/sec  0.639 ms  195/2039 (9.6%)  
[  8]  89.00-90.00  sec  2.34 MBytes  19.7 Mbits/sec  0.733 ms  24/1780 (1.3%)  
[  8]  90.00-91.00  sec  2.37 MBytes  19.8 Mbits/sec  0.688 ms  7/1780 (0.39%)  
[  8]  91.00-92.00  sec  1.84 MBytes  15.4 Mbits/sec  0.889 ms  20/1396 (1.4%)  
[  8]  92.00-93.00  sec  2.61 MBytes  21.9 Mbits/sec  0.688 ms  234/2190 (11%)  
[  8]  93.00-94.00  sec  2.37 MBytes  19.9 Mbits/sec  0.578 ms  11/1784 (0.62%)  
[  8]  94.00-95.00  sec  2.34 MBytes  19.6 Mbits/sec  0.699 ms  32/1786 (1.8%)  
[  8]  95.00-96.00  sec  2.25 MBytes  18.9 Mbits/sec  0.602 ms  95/1782 (5.3%)  
[  8]  96.00-97.00  sec  2.33 MBytes  19.6 Mbits/sec  0.491 ms  39/1785 (2.2%)  
[  8]  97.00-98.00  sec  2.33 MBytes  19.5 Mbits/sec  0.718 ms  42/1784 (2.4%)  
[  8]  98.00-99.00  sec  2.36 MBytes  19.8 Mbits/sec  1.058 ms  10/1781 (0.56%)  
[  8]  99.00-100.00 sec  2.34 MBytes  19.7 Mbits/sec  0.728 ms  27/1782 (1.5%)  
[  8] 100.00-101.00 sec  1.83 MBytes  15.4 Mbits/sec  1.324 ms  391/1764 (22%)  
[  8] 101.00-102.00 sec  2.14 MBytes  18.0 Mbits/sec  0.604 ms  215/1818 (12%)  
[  8] 102.00-103.00 sec  2.05 MBytes  17.2 Mbits/sec  0.571 ms  256/1789 (14%)  
[  8] 103.00-104.00 sec  2.38 MBytes  20.0 Mbits/sec  0.618 ms  6/1788 (0.34%)  
[  8] 104.00-105.00 sec  2.15 MBytes  18.0 Mbits/sec  0.364 ms  174/1784 (9.8%)  
[  8] 105.00-106.00 sec  2.39 MBytes  20.0 Mbits/sec  0.411 ms  0/1789 (0%)  
[  8] 106.00-107.00 sec  2.36 MBytes  19.8 Mbits/sec  0.355 ms  15/1780 (0.84%)  
[  8] 107.00-108.00 sec  2.38 MBytes  19.9 Mbits/sec  0.449 ms  1/1781 (0.056%)  
[  8] 108.00-109.00 sec  2.33 MBytes  19.6 Mbits/sec  0.848 ms  16/1762 (0.91%)  
[  8] 109.00-110.00 sec  2.35 MBytes  19.7 Mbits/sec  0.662 ms  55/1814 (3%)  
[  8] 110.00-111.00 sec  2.37 MBytes  19.9 Mbits/sec  0.716 ms  6/1783 (0.34%)  
[  8] 111.00-112.00 sec  2.35 MBytes  19.7 Mbits/sec  0.467 ms  15/1776 (0.84%)  
[  8] 112.00-113.00 sec  2.40 MBytes  20.1 Mbits/sec  0.675 ms  6/1800 (0.33%)  
[  8] 113.00-114.00 sec  2.37 MBytes  19.8 Mbits/sec  0.535 ms  4/1781 (0.22%)  
[  8] 114.00-115.00 sec  2.38 MBytes  20.1 Mbits/sec  0.556 ms  4/1789 (0.22%)  
[  8] 115.00-116.00 sec  2.37 MBytes  19.9 Mbits/sec  0.584 ms  12/1786 (0.67%)  
[  8] 116.00-117.00 sec  2.37 MBytes  19.9 Mbits/sec  0.521 ms  11/1787 (0.62%)  
[  8] 117.00-118.00 sec  2.37 MBytes  19.9 Mbits/sec  0.581 ms  9/1787 (0.5%)  
[  8] 118.00-119.00 sec  2.33 MBytes  19.5 Mbits/sec  0.656 ms  36/1781 (2%)  
[  8] 119.00-120.00 sec  1.29 MBytes  10.8 Mbits/sec  2.082 ms  204/1169 (17%)  
[  8] 120.00-121.00 sec   872 KBytes  7.15 Mbits/sec  1.222 ms  1343/1981 (68%)  
[  8] 121.00-122.00 sec  1.10 MBytes  9.26 Mbits/sec  0.830 ms  1024/1851 (55%)  
[  8] 122.00-123.00 sec   952 KBytes  7.80 Mbits/sec  2.600 ms  1021/1717 (59%)  
[  8] 123.00-124.00 sec   638 KBytes  5.23 Mbits/sec  2.921 ms  1123/1590 (71%)  
[  8] 124.00-125.00 sec  1.05 MBytes  8.77 Mbits/sec  1.310 ms  1252/2035 (62%)  
[  8] 125.00-126.00 sec  2.36 MBytes  19.8 Mbits/sec  0.499 ms  386/2156 (18%)  
[  8] 126.00-127.00 sec  2.31 MBytes  19.4 Mbits/sec  0.569 ms  63/1791 (3.5%)  
[  8] 127.00-128.00 sec  1.81 MBytes  15.2 Mbits/sec  0.832 ms  199/1558 (13%)  
[  8] 128.00-129.00 sec  1.21 MBytes  10.2 Mbits/sec  0.763 ms  711/1619 (44%)  
[  8] 129.00-130.00 sec  1.39 MBytes  11.7 Mbits/sec  2.212 ms  496/1537 (32%)  
[  8] 130.00-131.00 sec   740 KBytes  6.06 Mbits/sec  1.713 ms  1293/1834 (71%)  
[  8] 131.00-132.00 sec  1.24 MBytes  10.4 Mbits/sec  1.296 ms  1310/2235 (59%)  
[  8] 132.00-133.00 sec  1.66 MBytes  13.9 Mbits/sec  0.492 ms  681/1925 (35%)  
[  8] 133.00-134.00 sec  2.33 MBytes  19.5 Mbits/sec  0.531 ms  41/1785 (2.3%)  
[  8] 134.00-135.00 sec  2.35 MBytes  19.7 Mbits/sec  0.979 ms  16/1774 (0.9%)  
[  8] 135.00-136.00 sec  2.33 MBytes  19.6 Mbits/sec  0.513 ms  55/1802 (3.1%)  
[  8] 136.00-137.00 sec  2.38 MBytes  19.9 Mbits/sec  0.480 ms  6/1791 (0.34%)  
[  8] 137.00-138.00 sec  2.38 MBytes  20.0 Mbits/sec  0.503 ms  5/1786 (0.28%)  
[  8] 138.00-139.00 sec  2.38 MBytes  20.0 Mbits/sec  0.664 ms  0/1782 (0%)  
[  8] 139.00-140.00 sec  2.38 MBytes  19.9 Mbits/sec  0.605 ms  3/1784 (0.17%)  
[  8] 140.00-141.00 sec  2.36 MBytes  19.8 Mbits/sec  0.406 ms  18/1787 (1%)  
[  8] 141.00-142.00 sec  2.38 MBytes  20.0 Mbits/sec  0.554 ms  0/1784 (0%)  
[  8] 142.00-143.00 sec  2.35 MBytes  19.7 Mbits/sec  0.563 ms  7/1768 (0.4%)  
[  8] 143.00-144.00 sec  2.39 MBytes  20.1 Mbits/sec  0.679 ms  7/1798 (0.39%)  
[  8] 144.00-145.00 sec  1.75 MBytes  14.7 Mbits/sec  1.146 ms  406/1718 (24%)  
[  8] 145.00-146.00 sec  1.93 MBytes  16.2 Mbits/sec  0.540 ms  329/1777 (19%)  
[  8] 146.00-147.00 sec  2.08 MBytes  17.5 Mbits/sec  0.924 ms  267/1828 (15%)  
[  8] 147.00-148.00 sec  2.04 MBytes  17.1 Mbits/sec  0.879 ms  293/1820 (16%)  
[  8] 148.00-149.00 sec  2.18 MBytes  18.3 Mbits/sec  0.829 ms  157/1788 (8.8%)  
[  8] 149.00-150.00 sec  2.34 MBytes  19.7 Mbits/sec  0.684 ms  38/1792 (2.1%)  
[  8] 150.00-151.00 sec  2.16 MBytes  18.1 Mbits/sec  0.501 ms  144/1762 (8.2%)  
[  8] 151.00-152.00 sec  2.33 MBytes  19.5 Mbits/sec  0.597 ms  64/1809 (3.5%)  
[  8] 152.00-153.00 sec  2.37 MBytes  19.9 Mbits/sec  0.842 ms  10/1784 (0.56%)  
[  8] 153.00-154.00 sec  2.32 MBytes  19.5 Mbits/sec  0.503 ms  42/1782 (2.4%)  
[  8] 154.00-155.00 sec  2.29 MBytes  19.2 Mbits/sec  0.585 ms  70/1784 (3.9%)  
[  8] 155.00-156.00 sec  1.87 MBytes  15.6 Mbits/sec  0.680 ms  393/1790 (22%)  
[  8] 156.00-157.00 sec  2.33 MBytes  19.6 Mbits/sec  0.652 ms  37/1783 (2.1%)  
[  8] 157.00-158.00 sec  2.03 MBytes  17.1 Mbits/sec  0.970 ms  176/1700 (10%)  
[  8] 158.00-159.00 sec  2.43 MBytes  20.4 Mbits/sec  0.444 ms  52/1875 (2.8%)  
[  8] 159.00-160.00 sec  2.05 MBytes  17.2 Mbits/sec  1.176 ms  233/1767 (13%)  
[  8] 160.00-161.00 sec  1.67 MBytes  14.0 Mbits/sec  0.829 ms  448/1697 (26%)  
[  8] 161.00-162.00 sec  1.65 MBytes  13.8 Mbits/sec  0.842 ms  327/1560 (21%)  
[  8] 162.00-163.00 sec  1.94 MBytes  16.3 Mbits/sec  0.819 ms  637/2093 (30%)  
[  8] 163.00-164.00 sec  2.24 MBytes  18.8 Mbits/sec  1.399 ms  109/1784 (6.1%)  
[  8] 164.00-165.00 sec  2.12 MBytes  17.8 Mbits/sec  0.731 ms  221/1812 (12%)  
[  8] 165.00-166.00 sec  2.22 MBytes  18.6 Mbits/sec  0.749 ms  104/1767 (5.9%)  
[  8] 166.00-167.00 sec  1.67 MBytes  14.1 Mbits/sec  1.140 ms  532/1782 (30%)  
[  8] 167.00-168.00 sec  1.83 MBytes  15.4 Mbits/sec  1.140 ms  294/1666 (18%)  
[  8] 168.00-169.00 sec  1.94 MBytes  16.3 Mbits/sec  0.322 ms  476/1932 (25%)  
[  8] 169.00-170.00 sec  2.37 MBytes  19.9 Mbits/sec  0.676 ms  12/1786 (0.67%)  
[  8] 170.00-171.00 sec  2.36 MBytes  19.8 Mbits/sec  0.540 ms  15/1784 (0.84%)  
[  8] 171.00-172.00 sec  2.32 MBytes  19.5 Mbits/sec  0.488 ms  47/1787 (2.6%)  
[  8] 172.00-173.00 sec  2.29 MBytes  19.2 Mbits/sec  0.657 ms  38/1756 (2.2%)  
[  8] 173.00-174.00 sec  2.04 MBytes  17.1 Mbits/sec  0.818 ms  138/1667 (8.3%)  
[  8] 174.00-175.00 sec  1.56 MBytes  13.0 Mbits/sec  2.280 ms  238/1403 (17%)  
[  8] 175.00-176.00 sec  2.54 MBytes  21.3 Mbits/sec  0.533 ms  411/2316 (18%)  
[  8] 176.00-177.00 sec  2.38 MBytes  20.0 Mbits/sec  0.575 ms  0/1785 (0%)  
[  8] 177.00-178.00 sec  2.37 MBytes  19.9 Mbits/sec  0.392 ms  0/1777 (0%)  
[  8] 178.00-179.00 sec  2.39 MBytes  20.0 Mbits/sec  0.273 ms  8/1795 (0.45%)  
[  8] 179.00-180.00 sec  2.36 MBytes  19.8 Mbits/sec  0.420 ms  19/1785 (1.1%)  
[  8] 180.00-181.00 sec  2.38 MBytes  19.9 Mbits/sec  0.308 ms  10/1790 (0.56%)  
[  8] 181.00-182.00 sec  2.35 MBytes  19.7 Mbits/sec  0.307 ms  24/1781 (1.3%)  
[  8] 182.00-183.00 sec  2.22 MBytes  18.6 Mbits/sec  0.918 ms  24/1684 (1.4%)  
[  8] 183.00-184.00 sec  2.29 MBytes  19.2 Mbits/sec  0.590 ms  167/1883 (8.9%)  
[  8] 184.00-185.00 sec  2.31 MBytes  19.4 Mbits/sec  0.475 ms  56/1788 (3.1%)  
[  8] 185.00-186.00 sec  2.37 MBytes  19.9 Mbits/sec  0.558 ms  4/1777 (0.23%)  
[  8] 186.00-187.00 sec  2.35 MBytes  19.7 Mbits/sec  0.454 ms  32/1794 (1.8%)  
[  8] 187.00-188.00 sec  2.14 MBytes  18.0 Mbits/sec  0.563 ms  186/1791 (10%)  
[  8] 188.00-189.00 sec  2.36 MBytes  19.8 Mbits/sec  0.507 ms  17/1788 (0.95%)  
[  8] 189.00-190.00 sec  2.36 MBytes  19.8 Mbits/sec  0.639 ms  4/1773 (0.23%)  
[  8] 190.00-191.00 sec  2.40 MBytes  20.1 Mbits/sec  0.631 ms  1/1796 (0.056%)  
[  8] 191.00-192.00 sec  2.38 MBytes  20.0 Mbits/sec  0.609 ms  0/1783 (0%)  
[  8] 192.00-193.00 sec  2.07 MBytes  17.3 Mbits/sec  0.997 ms  24/1572 (1.5%)  
[  8] 193.00-194.00 sec  2.00 MBytes  16.8 Mbits/sec  1.418 ms  363/1861 (20%)  
[  8] 194.00-195.00 sec  1.48 MBytes  12.4 Mbits/sec  0.277 ms  816/1927 (42%)  
[  8] 195.00-196.00 sec  1.72 MBytes  14.4 Mbits/sec  1.654 ms  219/1506 (15%)  
[  8] 196.00-197.00 sec  1.62 MBytes  13.6 Mbits/sec  0.734 ms  578/1789 (32%)  
[  8] 197.00-198.00 sec  1.79 MBytes  15.0 Mbits/sec  0.460 ms  708/2051 (35%)  
[  8] 198.00-199.00 sec   942 KBytes  7.72 Mbits/sec  2.480 ms  224/913 (25%)  
[  8] 199.00-200.00 sec   597 KBytes  4.89 Mbits/sec  3.033 ms  1216/1653 (74%)  
[  8] 200.00-201.00 sec  1.30 MBytes  10.9 Mbits/sec  1.361 ms  1487/2460 (60%)  
[  8] 201.00-202.00 sec  2.01 MBytes  16.9 Mbits/sec  0.981 ms  378/1885 (20%)  
[  8] 202.00-203.00 sec  2.18 MBytes  18.3 Mbits/sec  0.589 ms  264/1900 (14%)  
[  8] 203.00-204.00 sec  2.51 MBytes  21.0 Mbits/sec  0.697 ms  37/1915 (1.9%)  
[  8] 204.00-205.00 sec  2.38 MBytes  19.9 Mbits/sec  0.772 ms  0/1781 (0%)  
[  8] 205.00-206.00 sec  2.14 MBytes  17.9 Mbits/sec  1.066 ms  24/1626 (1.5%)  
[  8] 206.00-207.00 sec  2.31 MBytes  19.4 Mbits/sec  0.822 ms  166/1898 (8.7%)  
[  8] 207.00-208.00 sec  2.00 MBytes  16.8 Mbits/sec  0.468 ms  152/1650 (9.2%)  
[  8] 208.00-209.00 sec  2.37 MBytes  19.9 Mbits/sec  0.667 ms  191/1965 (9.7%)  
[  8] 209.00-210.00 sec  2.10 MBytes  17.7 Mbits/sec  0.703 ms  78/1654 (4.7%)  
[  8] 210.00-211.00 sec  2.46 MBytes  20.6 Mbits/sec  1.369 ms  50/1891 (2.6%)  
[  8] 211.00-212.00 sec  1.81 MBytes  15.2 Mbits/sec  0.817 ms  279/1633 (17%)  
[  8] 212.00-213.00 sec  2.39 MBytes  20.0 Mbits/sec  0.788 ms  169/1958 (8.6%)  
[  8] 213.00-214.00 sec  1.96 MBytes  16.4 Mbits/sec  0.600 ms  132/1599 (8.3%)  
[  8] 214.00-215.00 sec  2.30 MBytes  19.3 Mbits/sec  0.721 ms  208/1934 (11%)  
[  8] 215.00-216.00 sec  2.02 MBytes  17.0 Mbits/sec  0.876 ms  62/1578 (3.9%)  
[  8] 216.00-217.00 sec  2.48 MBytes  20.8 Mbits/sec  0.697 ms  173/2034 (8.5%)  
[  8] 217.00-218.00 sec  2.36 MBytes  19.8 Mbits/sec  0.354 ms  25/1795 (1.4%)  
[  8] 218.00-219.00 sec  2.39 MBytes  20.0 Mbits/sec  0.533 ms  0/1789 (0%)  
[  8] 219.00-220.00 sec  2.37 MBytes  19.9 Mbits/sec  0.582 ms  4/1782 (0.22%)  
[  8] 220.00-221.00 sec  2.29 MBytes  19.2 Mbits/sec  0.600 ms  70/1782 (3.9%)  
[  8] 221.00-222.00 sec  2.33 MBytes  19.5 Mbits/sec  0.692 ms  41/1786 (2.3%)  
[  8] 222.00-223.00 sec  2.38 MBytes  20.0 Mbits/sec  0.433 ms  7/1793 (0.39%)  
[  8] 223.00-224.00 sec  2.32 MBytes  19.5 Mbits/sec  0.693 ms  39/1778 (2.2%)  
[  8] 224.00-225.00 sec  2.39 MBytes  20.0 Mbits/sec  0.720 ms  3/1791 (0.17%)  
[  8] 225.00-226.00 sec  2.36 MBytes  19.8 Mbits/sec  0.487 ms  13/1783 (0.73%)  
[  8] 226.00-227.00 sec  2.36 MBytes  19.8 Mbits/sec  0.557 ms  19/1787 (1.1%)  
[  8] 227.00-228.00 sec  2.39 MBytes  20.1 Mbits/sec  0.539 ms  0/1791 (0%)  
[  8] 228.00-229.00 sec  2.38 MBytes  20.0 Mbits/sec  0.669 ms  0/1785 (0%)  
[  8] 229.00-230.00 sec  2.36 MBytes  19.8 Mbits/sec  0.661 ms  10/1781 (0.56%)  
[  8] 230.00-231.00 sec  2.37 MBytes  19.9 Mbits/sec  0.392 ms  15/1790 (0.84%)  
[  8] 231.00-232.00 sec  2.37 MBytes  19.9 Mbits/sec  0.553 ms  4/1778 (0.22%)  
[  8] 232.00-233.00 sec  2.14 MBytes  18.0 Mbits/sec  0.631 ms  16/1622 (0.99%)  
[  8] 233.00-234.00 sec  1.92 MBytes  16.1 Mbits/sec  0.754 ms  276/1716 (16%)  
[  8] 234.00-235.00 sec  2.32 MBytes  19.4 Mbits/sec  0.728 ms  147/1882 (7.8%)  
[  8] 235.00-236.00 sec  2.50 MBytes  21.0 Mbits/sec  0.697 ms  46/1917 (2.4%)  
[  8] 236.00-237.00 sec  2.37 MBytes  19.9 Mbits/sec  0.472 ms  21/1799 (1.2%)  
[  8] 237.00-238.00 sec  2.21 MBytes  18.5 Mbits/sec  0.638 ms  102/1755 (5.8%)  
[  8] 238.00-239.00 sec  1.65 MBytes  13.8 Mbits/sec  0.797 ms  542/1779 (30%)  
[  8] 239.00-240.00 sec  2.26 MBytes  18.9 Mbits/sec  0.489 ms  107/1796 (6%)  
[  8] 240.00-241.00 sec  2.23 MBytes  18.7 Mbits/sec  0.502 ms  126/1797 (7%)  
[  8] 241.00-242.00 sec  2.19 MBytes  18.4 Mbits/sec  0.680 ms  157/1798 (8.7%)  
[  8] 242.00-243.00 sec  2.36 MBytes  19.8 Mbits/sec  0.422 ms  19/1783 (1.1%)  
[  8] 243.00-244.00 sec  2.18 MBytes  18.3 Mbits/sec  0.488 ms  66/1701 (3.9%)  
[  8] 244.00-245.00 sec  2.13 MBytes  17.9 Mbits/sec  0.407 ms  273/1871 (15%)  
[  8] 245.00-246.00 sec  1.61 MBytes  13.5 Mbits/sec  0.988 ms  323/1529 (21%)  
[  8] 246.00-247.00 sec  2.23 MBytes  18.7 Mbits/sec  0.577 ms  380/2048 (19%)  
[  8] 247.00-248.00 sec  2.32 MBytes  19.5 Mbits/sec  0.405 ms  44/1784 (2.5%)  
[  8] 248.00-249.00 sec  2.25 MBytes  18.9 Mbits/sec  0.792 ms  79/1767 (4.5%)  
[  8] 249.00-250.00 sec  2.23 MBytes  18.7 Mbits/sec  0.625 ms  133/1801 (7.4%)  
[  8] 250.00-251.00 sec  1.44 MBytes  12.1 Mbits/sec  0.802 ms  524/1605 (33%)  
[  8] 251.00-252.00 sec  1.97 MBytes  16.5 Mbits/sec  0.987 ms  354/1827 (19%)  
[  8] 252.00-253.00 sec  1.75 MBytes  14.7 Mbits/sec  2.146 ms  271/1582 (17%)  
[  8] 253.00-254.00 sec  1.14 MBytes  9.60 Mbits/sec  0.761 ms  1261/2118 (60%)  
[  8] 254.00-255.00 sec  2.39 MBytes  20.0 Mbits/sec  0.703 ms  10/1799 (0.56%)  
[  8] 255.00-256.00 sec  2.39 MBytes  20.0 Mbits/sec  0.512 ms  1/1788 (0.056%)  
[  8] 256.00-257.00 sec  2.34 MBytes  19.6 Mbits/sec  0.413 ms  29/1782 (1.6%)  
[  8] 257.00-258.00 sec  2.02 MBytes  17.0 Mbits/sec  1.049 ms  103/1619 (6.4%)  
[  8] 258.00-259.00 sec  1.40 MBytes  11.8 Mbits/sec  0.733 ms  547/1598 (34%)  
[  8] 259.00-260.00 sec  1.09 MBytes  9.16 Mbits/sec  1.962 ms  792/1610 (49%)  
[  8] 260.00-261.00 sec  1.00 MBytes  8.39 Mbits/sec  1.503 ms  1419/2168 (65%)  
[  8] 261.00-262.00 sec  1.39 MBytes  11.7 Mbits/sec  1.006 ms  763/1807 (42%)  
[  8] 262.00-263.00 sec  2.19 MBytes  18.4 Mbits/sec  0.475 ms  67/1711 (3.9%)  
[  8] 263.00-264.00 sec  2.62 MBytes  22.0 Mbits/sec  0.654 ms  26/1989 (1.3%)  
[  8] 264.00-265.00 sec  2.27 MBytes  19.0 Mbits/sec  0.487 ms  67/1766 (3.8%)  
[  8] 265.00-266.00 sec  2.39 MBytes  20.0 Mbits/sec  0.370 ms  16/1806 (0.89%)  
[  8] 266.00-267.00 sec  2.38 MBytes  19.9 Mbits/sec  0.462 ms  4/1784 (0.22%)  
[  8] 267.00-268.00 sec  2.38 MBytes  20.0 Mbits/sec  0.431 ms  2/1785 (0.11%)  
[  8] 268.00-269.00 sec  2.39 MBytes  20.0 Mbits/sec  0.676 ms  2/1789 (0.11%)  
[  8] 269.00-270.00 sec  2.36 MBytes  19.8 Mbits/sec  0.654 ms  18/1782 (1%)  
[  8] 270.00-271.00 sec  2.36 MBytes  19.8 Mbits/sec  0.772 ms  18/1788 (1%)  
[  8] 271.00-272.00 sec  2.02 MBytes  17.0 Mbits/sec  0.678 ms  269/1784 (15%)  
[  8] 272.00-273.00 sec  1.69 MBytes  14.2 Mbits/sec  2.083 ms  233/1502 (16%)  
[  8] 273.00-274.00 sec  1.05 MBytes  8.78 Mbits/sec  0.822 ms  869/1653 (53%)  
[  8] 274.00-275.00 sec  1.73 MBytes  14.5 Mbits/sec  1.077 ms  569/1864 (31%)  
[  8] 275.00-276.00 sec  1010 KBytes  8.28 Mbits/sec  1.094 ms  930/1669 (56%)  
[  8] 276.00-277.00 sec  2.22 MBytes  18.7 Mbits/sec  0.451 ms  577/2243 (26%)  
[  8] 277.00-278.00 sec  2.38 MBytes  20.0 Mbits/sec  0.429 ms  0/1785 (0%)  
[  8] 278.00-279.00 sec  2.34 MBytes  19.6 Mbits/sec  0.820 ms  5/1757 (0.28%)  
[  8] 279.00-280.00 sec  2.00 MBytes  16.8 Mbits/sec  1.018 ms  278/1774 (16%)  
[  8] 280.00-281.00 sec  2.00 MBytes  16.8 Mbits/sec  0.853 ms  318/1817 (18%)  
[  8] 281.00-282.00 sec  2.34 MBytes  19.6 Mbits/sec  0.906 ms  39/1791 (2.2%)  
[  8] 282.00-283.00 sec  1.90 MBytes  15.9 Mbits/sec  1.278 ms  310/1733 (18%)  
[  8] 283.00-284.00 sec  2.19 MBytes  18.4 Mbits/sec  0.682 ms  160/1804 (8.9%)  
[  8] 284.00-285.00 sec  2.14 MBytes  18.0 Mbits/sec  1.415 ms  183/1787 (10%)  
[  8] 285.00-286.00 sec  2.20 MBytes  18.4 Mbits/sec  0.967 ms  153/1800 (8.5%)  
[  8] 286.00-287.00 sec  2.00 MBytes  16.8 Mbits/sec  0.642 ms  303/1800 (17%)  
[  8] 287.00-288.00 sec  1.70 MBytes  14.3 Mbits/sec  1.247 ms  472/1746 (27%)  
[  8] 288.00-289.00 sec  1.12 MBytes  9.37 Mbits/sec  3.040 ms  748/1587 (47%)  
[  8] 289.00-290.00 sec   295 KBytes  2.42 Mbits/sec  5.015 ms  1362/1578 (86%)  
[  8] 290.00-291.00 sec  2.19 MBytes  18.4 Mbits/sec  0.673 ms  600/2239 (27%)  
[  8] 291.00-292.00 sec  2.04 MBytes  17.1 Mbits/sec  0.568 ms  254/1780 (14%)  
[  8] 292.00-293.00 sec  2.27 MBytes  19.1 Mbits/sec  0.397 ms  71/1774 (4%)  
[  8] 293.00-294.00 sec  2.16 MBytes  18.1 Mbits/sec  0.625 ms  189/1807 (10%)  
[  8] 294.00-295.00 sec  2.35 MBytes  19.7 Mbits/sec  0.470 ms  21/1780 (1.2%)  
[  8] 295.00-296.00 sec  2.15 MBytes  18.0 Mbits/sec  0.855 ms  30/1641 (1.8%)  
[  8] 296.00-297.00 sec  1.19 MBytes  10.0 Mbits/sec  1.074 ms  666/1559 (43%)  
[  8] 297.00-298.00 sec  2.20 MBytes  18.5 Mbits/sec  1.073 ms  310/1961 (16%)  
[  8] 298.00-299.00 sec  2.34 MBytes  19.6 Mbits/sec  0.495 ms  227/1979 (11%)  
[  8] 299.00-300.00 sec  2.37 MBytes  19.9 Mbits/sec  0.657 ms  17/1790 (0.95%)  
[  8] 300.00-301.00 sec  2.38 MBytes  20.0 Mbits/sec  0.380 ms  0/1786 (0%)  
[  8] 301.00-302.00 sec  2.33 MBytes  19.5 Mbits/sec  0.462 ms  43/1786 (2.4%)  
[  8] 302.00-303.00 sec  2.07 MBytes  17.4 Mbits/sec  0.772 ms  235/1788 (13%)  
[  8] 303.00-304.00 sec  2.30 MBytes  19.3 Mbits/sec  0.996 ms  19/1738 (1.1%)  
[  8] 304.00-305.00 sec  2.19 MBytes  18.3 Mbits/sec  0.984 ms  184/1822 (10%)  
[  8] 305.00-306.00 sec  2.38 MBytes  19.9 Mbits/sec  0.602 ms  12/1793 (0.67%)  
[  8] 306.00-307.00 sec  2.31 MBytes  19.4 Mbits/sec  0.663 ms  57/1789 (3.2%)  
[  8] 307.00-308.00 sec  2.37 MBytes  19.9 Mbits/sec  0.561 ms  5/1781 (0.28%)  
[  8] 308.00-309.00 sec  2.39 MBytes  20.0 Mbits/sec  0.458 ms  4/1791 (0.22%)  
[  8] 309.00-310.00 sec  1.76 MBytes  14.8 Mbits/sec  1.576 ms  381/1699 (22%)  
[  8] 310.00-311.00 sec  2.12 MBytes  17.8 Mbits/sec  1.309 ms  200/1791 (11%)  
[  8] 311.00-312.00 sec  1.84 MBytes  15.4 Mbits/sec  1.182 ms  47/1423 (3.3%)  
[  8] 312.00-313.00 sec  1.19 MBytes  10.0 Mbits/sec  0.707 ms  1328/2220 (60%)  
[  8] 313.00-314.00 sec  2.37 MBytes  19.9 Mbits/sec  1.042 ms  0/1777 (0%)  
[  8] 314.00-315.00 sec  2.39 MBytes  20.0 Mbits/sec  0.519 ms  16/1807 (0.89%)  
[  8] 315.00-316.00 sec  2.36 MBytes  19.8 Mbits/sec  0.573 ms  20/1785 (1.1%)  
[  8] 316.00-317.00 sec  1.55 MBytes  13.0 Mbits/sec  1.637 ms  413/1575 (26%)  
[  8] 317.00-318.00 sec  1.31 MBytes  11.0 Mbits/sec  2.075 ms  938/1917 (49%)  
[  8] 318.00-319.00 sec  1.37 MBytes  11.5 Mbits/sec  1.806 ms  606/1635 (37%)  
[  8] 319.00-320.00 sec  1.14 MBytes  9.53 Mbits/sec  0.428 ms  1163/2014 (58%)  
[  8] 320.00-321.00 sec  1.20 MBytes  10.1 Mbits/sec  5.115 ms  421/1318 (32%)  
[  8] 321.00-322.00 sec   555 KBytes  4.55 Mbits/sec  3.133 ms  837/1243 (67%)  
[  8] 322.00-323.00 sec   552 KBytes  4.53 Mbits/sec  1.355 ms  1625/2029 (80%)  
[  8] 323.00-324.00 sec  1021 KBytes  8.37 Mbits/sec  1.701 ms  961/1708 (56%)  
[  8] 324.00-325.00 sec  1.66 MBytes  14.0 Mbits/sec  0.809 ms  1049/2295 (46%)  
[  8] 325.00-326.00 sec  1.48 MBytes  12.5 Mbits/sec  1.158 ms  512/1624 (32%)  
[  8] 326.00-327.00 sec  2.55 MBytes  21.4 Mbits/sec  0.585 ms  367/2279 (16%)  
[  8] 327.00-328.00 sec  2.39 MBytes  20.0 Mbits/sec  0.512 ms  5/1793 (0.28%)  
[  8] 328.00-329.00 sec  1.73 MBytes  14.5 Mbits/sec  0.916 ms  163/1459 (11%)  
[  8] 329.00-330.00 sec  1.49 MBytes  12.5 Mbits/sec  1.070 ms  724/1837 (39%)  
[  8] 330.00-331.00 sec  1.49 MBytes  12.5 Mbits/sec  1.045 ms  544/1661 (33%)  
[  8] 331.00-332.00 sec  2.15 MBytes  18.1 Mbits/sec  0.690 ms  483/2096 (23%)  
[  8] 332.00-333.00 sec  1.89 MBytes  15.9 Mbits/sec  1.182 ms  117/1537 (7.6%)  
[  8] 333.00-334.00 sec  2.06 MBytes  17.3 Mbits/sec  0.291 ms  574/2120 (27%)  
[  8] 334.00-335.00 sec  2.24 MBytes  18.8 Mbits/sec  0.391 ms  112/1789 (6.3%)  
[  8] 335.00-336.00 sec  2.37 MBytes  19.9 Mbits/sec  0.454 ms  7/1779 (0.39%)  
[  8] 336.00-337.00 sec  2.38 MBytes  20.0 Mbits/sec  0.457 ms  2/1788 (0.11%)  
[  8] 337.00-338.00 sec  2.38 MBytes  20.0 Mbits/sec  0.554 ms  4/1790 (0.22%)  
[  8] 338.00-339.00 sec  2.38 MBytes  20.0 Mbits/sec  0.572 ms  2/1786 (0.11%)  
[  8] 339.00-340.00 sec  1.56 MBytes  13.0 Mbits/sec  1.679 ms  295/1460 (20%)  
[  8] 340.00-340.22 sec  87.5 KBytes  3.28 Mbits/sec  3.901 ms  155/219 (71%)  
- - - - - - - - - - - - - - - - - - - - - - - - -
[ ID] Interval           Transfer     Bitrate         Jitter    Lost/Total Datagrams
[  8]   0.00-340.22 sec   711 MBytes  17.5 Mbits/sec  3.901 ms  74510/607022 (12%)  receiver
