-----------------------------------------------------------
Server listening on 5201 (test #1)
-----------------------------------------------------------
Accepted connection from 10.0.0.9, port 56758
[  8] local 10.0.0.73 port 5201 connected to 10.0.0.9 port 37005
[ ID] Interval           Transfer     Bitrate         Jitter    Lost/Total Datagrams
[  8]   0.00-1.00   sec   550 KBytes  4.50 Mbits/sec  1.374 ms  41/443 (9.3%)  
[  8]   1.00-2.00   sec   604 KBytes  4.95 Mbits/sec  2.503 ms  4/446 (0.9%)  
[  8]   2.00-3.00   sec   536 KBytes  4.39 Mbits/sec  1.860 ms  56/448 (12%)  
[  8]   3.00-4.00   sec   596 KBytes  4.88 Mbits/sec  1.537 ms  11/447 (2.5%)  
[  8]   4.00-5.00   sec   608 KBytes  4.98 Mbits/sec  1.910 ms  1/446 (0.22%)  
[  8]   5.00-6.00   sec   606 KBytes  4.96 Mbits/sec  1.544 ms  4/447 (0.89%)  
[  8]   6.00-7.00   sec   597 KBytes  4.89 Mbits/sec  2.245 ms  6/443 (1.4%)  
[  8]   7.00-8.00   sec   606 KBytes  4.96 Mbits/sec  2.165 ms  5/448 (1.1%)  
[  8]   8.00-9.00   sec   610 KBytes  5.00 Mbits/sec  1.486 ms  1/447 (0.22%)  
[  8]   9.00-10.00  sec   602 KBytes  4.93 Mbits/sec  2.092 ms  7/447 (1.6%)  
[  8]  10.00-11.00  sec   600 KBytes  4.92 Mbits/sec  2.044 ms  8/447 (1.8%)  
[  8]  11.00-12.00  sec   603 KBytes  4.94 Mbits/sec  2.000 ms  4/445 (0.9%)  
[  8]  12.00-13.00  sec   593 KBytes  4.86 Mbits/sec  1.794 ms  12/446 (2.7%)  
[  8]  13.00-14.00  sec   612 KBytes  5.02 Mbits/sec  1.374 ms  0/448 (0%)  
[  8]  14.00-15.00  sec   603 KBytes  4.94 Mbits/sec  0.807 ms  6/447 (1.3%)  
[  8]  15.00-16.00  sec   608 KBytes  4.98 Mbits/sec  0.851 ms  2/447 (0.45%)  
[  8]  16.00-17.00  sec   595 KBytes  4.87 Mbits/sec  1.589 ms  5/440 (1.1%)  
[  8]  17.00-18.00  sec   612 KBytes  5.02 Mbits/sec  1.268 ms  2/450 (0.44%)  
[  8]  18.00-19.00  sec   612 KBytes  5.02 Mbits/sec  0.983 ms  0/448 (0%)  
[  8]  19.00-20.00  sec   607 KBytes  4.97 Mbits/sec  1.367 ms  3/447 (0.67%)  
[  8]  20.00-21.00  sec   610 KBytes  5.00 Mbits/sec  1.723 ms  0/446 (0%)  
[  8]  21.00-22.00  sec   611 KBytes  5.01 Mbits/sec  1.047 ms  0/447 (0%)  
[  8]  22.00-23.00  sec   600 KBytes  4.92 Mbits/sec  1.139 ms  6/445 (1.3%)  
[  8]  23.00-24.00  sec   597 KBytes  4.89 Mbits/sec  1.896 ms  6/443 (1.4%)  
[  8]  24.00-25.00  sec   596 KBytes  4.88 Mbits/sec  1.958 ms  10/446 (2.2%)  
[  8]  25.00-26.00  sec   596 KBytes  4.88 Mbits/sec  1.408 ms  15/451 (3.3%)  
[  8]  26.00-27.00  sec   610 KBytes  4.99 Mbits/sec  2.084 ms  0/446 (0%)  
[  8]  27.00-28.00  sec   606 KBytes  4.97 Mbits/sec  1.812 ms  2/445 (0.45%)  
[  8]  28.00-29.00  sec   610 KBytes  5.00 Mbits/sec  1.193 ms  3/449 (0.67%)  
[  8]  29.00-30.00  sec   602 KBytes  4.93 Mbits/sec  1.591 ms  5/445 (1.1%)  
[  8]  30.00-31.00  sec   607 KBytes  4.97 Mbits/sec  2.286 ms  0/444 (0%)  
[  8]  31.00-32.00  sec   595 KBytes  4.87 Mbits/sec  1.231 ms  14/449 (3.1%)  
[  8]  32.00-33.00  sec   604 KBytes  4.95 Mbits/sec  1.724 ms  5/447 (1.1%)  
[  8]  33.00-34.00  sec   607 KBytes  4.97 Mbits/sec  1.491 ms  3/447 (0.67%)  
[  8]  34.00-35.00  sec   593 KBytes  4.86 Mbits/sec  1.336 ms  12/446 (2.7%)  
[  8]  35.00-36.00  sec   606 KBytes  4.96 Mbits/sec  1.598 ms  3/446 (0.67%)  
[  8]  36.00-37.00  sec   593 KBytes  4.86 Mbits/sec  1.654 ms  13/447 (2.9%)  
[  8]  37.00-38.00  sec   570 KBytes  4.67 Mbits/sec  1.867 ms  29/446 (6.5%)  
[  8]  38.00-39.00  sec   607 KBytes  4.97 Mbits/sec  1.359 ms  2/446 (0.45%)  
[  8]  39.00-40.00  sec   556 KBytes  4.56 Mbits/sec  1.535 ms  37/444 (8.3%)  
[  8]  40.00-41.00  sec   612 KBytes  5.02 Mbits/sec  1.133 ms  2/450 (0.44%)  
[  8]  41.00-42.00  sec   599 KBytes  4.90 Mbits/sec  2.116 ms  8/446 (1.8%)  
[  8]  42.00-43.00  sec   603 KBytes  4.94 Mbits/sec  1.054 ms  6/447 (1.3%)  
[  8]  43.00-44.00  sec   608 KBytes  4.98 Mbits/sec  1.400 ms  0/445 (0%)  
[  8]  44.00-45.00  sec   608 KBytes  4.98 Mbits/sec  1.709 ms  1/446 (0.22%)  
[  8]  45.00-46.00  sec   589 KBytes  4.83 Mbits/sec  1.155 ms  16/447 (3.6%)  
[  8]  46.00-47.00  sec   563 KBytes  4.61 Mbits/sec  1.887 ms  35/447 (7.8%)  
[  8]  47.00-48.00  sec   604 KBytes  4.95 Mbits/sec  1.728 ms  4/446 (0.9%)  
[  8]  48.00-49.00  sec   571 KBytes  4.68 Mbits/sec  3.224 ms  15/433 (3.5%)  
[  8]  49.00-50.00  sec   447 KBytes  3.66 Mbits/sec  2.912 ms  125/452 (28%)  
[  8]  50.00-51.00  sec   535 KBytes  4.38 Mbits/sec  2.244 ms  61/452 (13%)  
[  8]  51.00-52.00  sec   562 KBytes  4.60 Mbits/sec  1.361 ms  39/450 (8.7%)  
[  8]  52.00-53.00  sec   588 KBytes  4.82 Mbits/sec  2.946 ms  11/441 (2.5%)  
[  8]  53.00-54.00  sec   469 KBytes  3.84 Mbits/sec  3.968 ms  79/422 (19%)  
[  8]  54.00-55.00  sec   604 KBytes  4.95 Mbits/sec  1.531 ms  33/475 (6.9%)  
[  8]  55.00-56.00  sec   554 KBytes  4.54 Mbits/sec  3.518 ms  14/419 (3.3%)  
[  8]  56.00-57.00  sec   603 KBytes  4.94 Mbits/sec  1.402 ms  30/471 (6.4%)  
[  8]  57.00-58.00  sec   507 KBytes  4.16 Mbits/sec  3.875 ms  49/420 (12%)  
[  8]  58.00-59.00  sec   461 KBytes  3.77 Mbits/sec  3.239 ms  119/456 (26%)  
[  8]  59.00-60.00  sec   409 KBytes  3.35 Mbits/sec  2.542 ms  143/442 (32%)  
[  8]  60.00-61.00  sec   495 KBytes  4.05 Mbits/sec  1.882 ms  103/465 (22%)  
[  8]  61.00-62.00  sec   602 KBytes  4.93 Mbits/sec  1.256 ms  13/453 (2.9%)  
[  8]  62.00-63.00  sec   593 KBytes  4.86 Mbits/sec  2.235 ms  8/442 (1.8%)  
[  8]  63.00-64.00  sec   600 KBytes  4.92 Mbits/sec  1.013 ms  9/448 (2%)  
[  8]  64.00-65.00  sec   603 KBytes  4.94 Mbits/sec  2.291 ms  6/447 (1.3%)  
[  8]  65.00-66.00  sec   604 KBytes  4.95 Mbits/sec  1.877 ms  3/445 (0.67%)  
[  8]  66.00-67.00  sec   562 KBytes  4.60 Mbits/sec  2.069 ms  37/448 (8.3%)  
[  8]  67.00-68.00  sec   443 KBytes  3.63 Mbits/sec  2.948 ms  100/424 (24%)  
[  8]  68.00-69.00  sec   544 KBytes  4.46 Mbits/sec  1.149 ms  73/471 (15%)  
[  8]  69.00-70.00  sec   455 KBytes  3.73 Mbits/sec  4.351 ms  34/367 (9.3%)  
[  8]  70.00-71.00  sec   424 KBytes  3.47 Mbits/sec  3.879 ms  208/518 (40%)  
[  8]  71.00-72.00  sec   503 KBytes  4.12 Mbits/sec  2.570 ms  85/453 (19%)  
[  8]  72.00-73.00  sec   554 KBytes  4.54 Mbits/sec  2.387 ms  39/444 (8.8%)  
[  8]  73.00-74.00  sec   473 KBytes  3.88 Mbits/sec  3.726 ms  94/440 (21%)  
[  8]  74.00-75.00  sec   540 KBytes  4.42 Mbits/sec  3.647 ms  57/452 (13%)  
[  8]  75.00-76.00  sec   480 KBytes  3.93 Mbits/sec  3.277 ms  46/397 (12%)  
[  8]  76.00-77.00  sec   539 KBytes  4.41 Mbits/sec  2.507 ms  70/464 (15%)  
[  8]  77.00-78.00  sec   567 KBytes  4.65 Mbits/sec  2.414 ms  67/482 (14%)  
[  8]  78.00-79.00  sec   559 KBytes  4.58 Mbits/sec  1.151 ms  37/446 (8.3%)  
[  8]  79.00-80.00  sec   513 KBytes  4.20 Mbits/sec  1.663 ms  70/445 (16%)  
[  8]  80.00-81.00  sec   554 KBytes  4.54 Mbits/sec  2.261 ms  24/429 (5.6%)  
[  8]  81.00-82.00  sec   521 KBytes  4.27 Mbits/sec  2.409 ms  43/424 (10%)  
[  8]  82.00-83.00  sec   495 KBytes  4.05 Mbits/sec  1.999 ms  127/489 (26%)  
[  8]  83.00-84.00  sec   524 KBytes  4.28 Mbits/sec  3.503 ms  60/443 (14%)  
[  8]  84.00-85.00  sec   496 KBytes  4.08 Mbits/sec  2.117 ms  85/448 (19%)  
[  8]  85.00-86.00  sec   582 KBytes  4.77 Mbits/sec  1.863 ms  13/439 (3%)  
[  8]  86.00-87.00  sec   407 KBytes  3.34 Mbits/sec  3.732 ms  76/374 (20%)  
[  8]  87.00-88.00  sec   394 KBytes  3.23 Mbits/sec  1.787 ms  177/465 (38%)  
[  8]  88.00-89.00  sec   602 KBytes  4.93 Mbits/sec  1.451 ms  67/507 (13%)  
[  8]  89.00-90.00  sec   596 KBytes  4.88 Mbits/sec  2.418 ms  11/447 (2.5%)  
[  8]  90.00-91.00  sec   577 KBytes  4.73 Mbits/sec  1.775 ms  18/441 (4.1%)  
[  8]  91.00-92.00  sec   472 KBytes  3.86 Mbits/sec  2.194 ms  9/354 (2.5%)  
[  8]  92.00-93.00  sec   648 KBytes  5.29 Mbits/sec  2.301 ms  72/546 (13%)  
[  8]  93.00-94.00  sec   602 KBytes  4.94 Mbits/sec  1.220 ms  3/443 (0.68%)  
[  8]  94.00-95.00  sec   599 KBytes  4.91 Mbits/sec  1.969 ms  9/447 (2%)  
[  8]  95.00-96.00  sec   571 KBytes  4.68 Mbits/sec  1.857 ms  29/447 (6.5%)  
[  8]  96.00-97.00  sec   596 KBytes  4.88 Mbits/sec  1.746 ms  12/448 (2.7%)  
[  8]  97.00-98.00  sec   498 KBytes  4.07 Mbits/sec  2.396 ms  28/392 (7.1%)  
[  8]  98.00-99.00  sec   547 KBytes  4.49 Mbits/sec  2.510 ms  67/467 (14%)  
[  8]  99.00-100.00 sec   422 KBytes  3.46 Mbits/sec  2.417 ms  51/360 (14%)  
[  8] 100.00-101.00 sec   540 KBytes  4.42 Mbits/sec  2.231 ms  151/546 (28%)  
[  8] 101.00-102.00 sec   622 KBytes  5.10 Mbits/sec  2.003 ms  11/466 (2.4%)  
[  8] 102.00-103.00 sec   541 KBytes  4.44 Mbits/sec  0.842 ms  51/448 (11%)  
[  8] 103.00-104.00 sec   606 KBytes  4.96 Mbits/sec  1.148 ms  4/447 (0.89%)  
[  8] 104.00-105.00 sec   602 KBytes  4.93 Mbits/sec  1.332 ms  5/445 (1.1%)  
[  8] 105.00-106.00 sec   610 KBytes  5.00 Mbits/sec  1.989 ms  1/447 (0.22%)  
[  8] 106.00-107.00 sec   606 KBytes  4.96 Mbits/sec  2.758 ms  4/447 (0.89%)  
[  8] 107.00-108.00 sec   604 KBytes  4.95 Mbits/sec  2.217 ms  1/443 (0.23%)  
[  8] 108.00-109.00 sec   597 KBytes  4.90 Mbits/sec  2.763 ms  4/441 (0.91%)  
[  8] 109.00-110.00 sec   584 KBytes  4.78 Mbits/sec  1.320 ms  28/455 (6.2%)  
[  8] 110.00-111.00 sec   596 KBytes  4.89 Mbits/sec  1.463 ms  10/446 (2.2%)  
[  8] 111.00-112.00 sec   596 KBytes  4.88 Mbits/sec  2.125 ms  9/445 (2%)  
[  8] 112.00-113.00 sec   597 KBytes  4.89 Mbits/sec  2.149 ms  3/440 (0.68%)  
[  8] 113.00-114.00 sec   612 KBytes  5.02 Mbits/sec  1.389 ms  7/455 (1.5%)  
[  8] 114.00-115.00 sec   610 KBytes  5.00 Mbits/sec  1.607 ms  1/447 (0.22%)  
[  8] 115.00-116.00 sec   596 KBytes  4.89 Mbits/sec  1.410 ms  9/445 (2%)  
[  8] 116.00-117.00 sec   604 KBytes  4.95 Mbits/sec  1.778 ms  5/447 (1.1%)  
[  8] 117.00-118.00 sec   607 KBytes  4.97 Mbits/sec  1.415 ms  3/447 (0.67%)  
[  8] 118.00-119.00 sec   573 KBytes  4.69 Mbits/sec  1.299 ms  26/445 (5.8%)  
[  8] 119.00-120.00 sec   414 KBytes  3.39 Mbits/sec  2.993 ms  7/310 (2.3%)  
[  8] 120.00-121.00 sec   577 KBytes  4.73 Mbits/sec  1.654 ms  64/486 (13%)  
[  8] 121.00-122.00 sec   588 KBytes  4.82 Mbits/sec  1.704 ms  32/462 (6.9%)  
[  8] 122.00-123.00 sec   396 KBytes  3.25 Mbits/sec  2.639 ms  139/429 (32%)  
[  8] 123.00-124.00 sec   353 KBytes  2.89 Mbits/sec  2.552 ms  154/412 (37%)  
[  8] 124.00-125.00 sec   630 KBytes  5.16 Mbits/sec  2.905 ms  38/499 (7.6%)  
[  8] 125.00-126.00 sec   608 KBytes  4.98 Mbits/sec  1.378 ms  82/527 (16%)  
[  8] 126.00-127.00 sec   592 KBytes  4.85 Mbits/sec  1.470 ms  13/446 (2.9%)  
[  8] 127.00-128.00 sec   498 KBytes  4.08 Mbits/sec  2.888 ms  23/387 (5.9%)  
[  8] 128.00-129.00 sec   479 KBytes  3.92 Mbits/sec  2.162 ms  66/416 (16%)  
[  8] 129.00-130.00 sec   446 KBytes  3.65 Mbits/sec  2.440 ms  7/333 (2.1%)  
[  8] 130.00-131.00 sec   656 KBytes  5.38 Mbits/sec  2.477 ms  15/495 (3%)  
[  8] 131.00-132.00 sec   638 KBytes  5.22 Mbits/sec  3.947 ms  105/572 (18%)  
[  8] 132.00-133.00 sec   608 KBytes  4.99 Mbits/sec  2.054 ms  30/475 (6.3%)  
[  8] 133.00-134.00 sec   582 KBytes  4.77 Mbits/sec  2.205 ms  19/445 (4.3%)  
[  8] 134.00-135.00 sec   596 KBytes  4.88 Mbits/sec  2.859 ms  9/445 (2%)  
[  8] 135.00-136.00 sec   603 KBytes  4.94 Mbits/sec  1.698 ms  9/450 (2%)  
[  8] 136.00-137.00 sec   610 KBytes  5.00 Mbits/sec  1.455 ms  1/447 (0.22%)  
[  8] 137.00-138.00 sec   606 KBytes  4.96 Mbits/sec  2.239 ms  1/444 (0.23%)  
[  8] 138.00-139.00 sec   614 KBytes  5.03 Mbits/sec  1.414 ms  0/449 (0%)  
[  8] 139.00-140.00 sec   606 KBytes  4.96 Mbits/sec  1.409 ms  2/445 (0.45%)  
[  8] 140.00-141.00 sec   606 KBytes  4.96 Mbits/sec  1.361 ms  5/448 (1.1%)  
[  8] 141.00-142.00 sec   611 KBytes  5.01 Mbits/sec  1.217 ms  0/447 (0%)  
[  8] 142.00-143.00 sec   610 KBytes  4.99 Mbits/sec  1.978 ms  0/446 (0%)  
[  8] 143.00-144.00 sec   604 KBytes  4.95 Mbits/sec  2.336 ms  3/445 (0.67%)  
[  8] 144.00-145.00 sec   514 KBytes  4.21 Mbits/sec  2.769 ms  43/419 (10%)  
[  8] 145.00-146.00 sec   488 KBytes  4.00 Mbits/sec  1.651 ms  97/454 (21%)  
[  8] 146.00-147.00 sec   558 KBytes  4.57 Mbits/sec  2.343 ms  52/460 (11%)  
[  8] 147.00-148.00 sec   462 KBytes  3.79 Mbits/sec  4.534 ms  115/453 (25%)  
[  8] 148.00-149.00 sec   558 KBytes  4.57 Mbits/sec  4.928 ms  33/441 (7.5%)  
[  8] 149.00-150.00 sec   603 KBytes  4.94 Mbits/sec  2.814 ms  10/451 (2.2%)  
[  8] 150.00-151.00 sec   532 KBytes  4.36 Mbits/sec  2.758 ms  47/436 (11%)  
[  8] 151.00-152.00 sec   612 KBytes  5.02 Mbits/sec  0.885 ms  12/460 (2.6%)  
[  8] 152.00-153.00 sec   603 KBytes  4.94 Mbits/sec  2.328 ms  1/442 (0.23%)  
[  8] 153.00-154.00 sec   592 KBytes  4.85 Mbits/sec  2.314 ms  16/449 (3.6%)  
[  8] 154.00-155.00 sec   576 KBytes  4.72 Mbits/sec  2.237 ms  25/446 (5.6%)  
[  8] 155.00-156.00 sec   458 KBytes  3.75 Mbits/sec  2.271 ms  111/446 (25%)  
[  8] 156.00-157.00 sec   578 KBytes  4.74 Mbits/sec  1.859 ms  25/448 (5.6%)  
[  8] 157.00-158.00 sec   455 KBytes  3.73 Mbits/sec  2.281 ms  92/425 (22%)  
[  8] 158.00-159.00 sec   570 KBytes  4.67 Mbits/sec  2.108 ms  51/468 (11%)  
[  8] 159.00-160.00 sec   525 KBytes  4.30 Mbits/sec  2.914 ms  58/442 (13%)  
[  8] 160.00-161.00 sec   429 KBytes  3.52 Mbits/sec  3.653 ms  97/411 (24%)  
[  8] 161.00-162.00 sec   438 KBytes  3.58 Mbits/sec  3.111 ms  87/407 (21%)  
[  8] 162.00-163.00 sec   422 KBytes  3.46 Mbits/sec  3.575 ms  206/515 (40%)  
[  8] 163.00-164.00 sec   565 KBytes  4.63 Mbits/sec  2.242 ms  39/452 (8.6%)  
[  8] 164.00-165.00 sec   495 KBytes  4.05 Mbits/sec  3.090 ms  75/437 (17%)  
[  8] 165.00-166.00 sec   587 KBytes  4.80 Mbits/sec  2.378 ms  28/457 (6.1%)  
[  8] 166.00-167.00 sec   409 KBytes  3.34 Mbits/sec  2.306 ms  145/444 (33%)  
[  8] 167.00-168.00 sec   461 KBytes  3.78 Mbits/sec  1.784 ms  81/418 (19%)  
[  8] 168.00-169.00 sec   496 KBytes  4.07 Mbits/sec  1.539 ms  118/481 (25%)  
[  8] 169.00-170.00 sec   602 KBytes  4.93 Mbits/sec  1.767 ms  6/446 (1.3%)  
[  8] 170.00-171.00 sec   599 KBytes  4.91 Mbits/sec  2.263 ms  6/444 (1.4%)  
[  8] 171.00-172.00 sec   593 KBytes  4.86 Mbits/sec  1.966 ms  15/449 (3.3%)  
[  8] 172.00-173.00 sec   554 KBytes  4.54 Mbits/sec  2.657 ms  26/431 (6%)  
[  8] 173.00-174.00 sec   494 KBytes  4.04 Mbits/sec  2.445 ms  67/428 (16%)  
[  8] 174.00-175.00 sec   447 KBytes  3.66 Mbits/sec  2.769 ms  48/375 (13%)  
[  8] 175.00-176.00 sec   682 KBytes  5.59 Mbits/sec  1.309 ms  55/554 (9.9%)  
[  8] 176.00-177.00 sec   607 KBytes  4.97 Mbits/sec  1.032 ms  1/445 (0.22%)  
[  8] 177.00-178.00 sec   611 KBytes  5.00 Mbits/sec  1.260 ms  0/447 (0%)  
[  8] 178.00-179.00 sec   603 KBytes  4.94 Mbits/sec  0.613 ms  5/446 (1.1%)  
[  8] 179.00-180.00 sec   565 KBytes  4.63 Mbits/sec  1.679 ms  30/443 (6.8%)  
[  8] 180.00-181.00 sec   599 KBytes  4.91 Mbits/sec  1.872 ms  11/449 (2.4%)  
[  8] 181.00-182.00 sec   600 KBytes  4.92 Mbits/sec  2.411 ms  7/446 (1.6%)  
[  8] 182.00-183.00 sec   566 KBytes  4.64 Mbits/sec  2.065 ms  19/433 (4.4%)  
[  8] 183.00-184.00 sec   529 KBytes  4.33 Mbits/sec  1.946 ms  74/461 (16%)  
[  8] 184.00-185.00 sec   596 KBytes  4.88 Mbits/sec  1.317 ms  9/445 (2%)  
[  8] 185.00-186.00 sec   612 KBytes  5.02 Mbits/sec  1.513 ms  0/448 (0%)  
[  8] 186.00-187.00 sec   587 KBytes  4.80 Mbits/sec  0.878 ms  18/447 (4%)  
[  8] 187.00-188.00 sec   541 KBytes  4.44 Mbits/sec  1.307 ms  49/445 (11%)  
[  8] 188.00-189.00 sec   607 KBytes  4.97 Mbits/sec  0.863 ms  4/448 (0.89%)  
[  8] 189.00-190.00 sec   607 KBytes  4.97 Mbits/sec  0.872 ms  1/445 (0.22%)  
[  8] 190.00-191.00 sec   597 KBytes  4.89 Mbits/sec  1.622 ms  8/445 (1.8%)  
[  8] 191.00-192.00 sec   606 KBytes  4.96 Mbits/sec  1.507 ms  3/446 (0.67%)  
[  8] 192.00-193.00 sec   539 KBytes  4.42 Mbits/sec  2.576 ms  2/396 (0.51%)  
[  8] 193.00-194.00 sec   552 KBytes  4.52 Mbits/sec  2.539 ms  69/473 (15%)  
[  8] 194.00-195.00 sec   425 KBytes  3.48 Mbits/sec  1.733 ms  162/473 (34%)  
[  8] 195.00-196.00 sec   525 KBytes  4.30 Mbits/sec  2.417 ms  6/390 (1.5%)  
[  8] 196.00-197.00 sec   494 KBytes  4.04 Mbits/sec  3.031 ms  81/442 (18%)  
[  8] 197.00-198.00 sec   499 KBytes  4.09 Mbits/sec  2.414 ms  138/503 (27%)  
[  8] 198.00-199.00 sec   323 KBytes  2.64 Mbits/sec  3.647 ms  2/238 (0.84%)  
[  8] 199.00-200.00 sec   386 KBytes  3.16 Mbits/sec  3.368 ms  141/423 (33%)  
[  8] 200.00-201.00 sec   521 KBytes  4.27 Mbits/sec  1.736 ms  228/609 (37%)  
[  8] 201.00-202.01 sec   511 KBytes  4.16 Mbits/sec  2.039 ms  92/466 (20%)  
[  8] 202.01-203.00 sec   540 KBytes  4.45 Mbits/sec  2.663 ms  72/467 (15%)  
[  8] 203.00-204.00 sec   608 KBytes  4.98 Mbits/sec  1.231 ms  34/479 (7.1%)  
[  8] 204.00-205.00 sec   595 KBytes  4.87 Mbits/sec  2.718 ms  7/442 (1.6%)  
[  8] 205.00-206.00 sec   544 KBytes  4.46 Mbits/sec  2.437 ms  17/416 (4.1%)  
[  8] 206.00-207.00 sec   588 KBytes  4.82 Mbits/sec  3.018 ms  35/465 (7.5%)  
[  8] 207.00-208.00 sec   524 KBytes  4.29 Mbits/sec  2.275 ms  32/415 (7.7%)  
[  8] 208.00-209.00 sec   604 KBytes  4.95 Mbits/sec  1.772 ms  52/494 (11%)  
[  8] 209.00-210.00 sec   541 KBytes  4.44 Mbits/sec  2.767 ms  14/410 (3.4%)  
[  8] 210.00-211.00 sec   623 KBytes  5.10 Mbits/sec  1.834 ms  19/475 (4%)  
[  8] 211.00-212.00 sec   498 KBytes  4.08 Mbits/sec  2.223 ms  45/409 (11%)  
[  8] 212.00-213.00 sec   610 KBytes  5.00 Mbits/sec  2.007 ms  43/489 (8.8%)  
[  8] 213.00-214.00 sec   496 KBytes  4.07 Mbits/sec  3.277 ms  32/395 (8.1%)  
[  8] 214.00-215.00 sec   559 KBytes  4.58 Mbits/sec  2.132 ms  79/488 (16%)  
[  8] 215.00-216.00 sec   500 KBytes  4.10 Mbits/sec  1.944 ms  32/398 (8%)  
[  8] 216.00-217.00 sec   612 KBytes  5.00 Mbits/sec  2.584 ms  60/508 (12%)  
[  8] 217.00-218.00 sec   589 KBytes  4.84 Mbits/sec  1.716 ms  15/446 (3.4%)  
[  8] 218.00-219.00 sec   611 KBytes  5.01 Mbits/sec  1.727 ms  0/447 (0%)  
[  8] 219.00-220.00 sec   602 KBytes  4.93 Mbits/sec  1.222 ms  7/447 (1.6%)  
[  8] 220.00-221.00 sec   576 KBytes  4.72 Mbits/sec  2.046 ms  25/446 (5.6%)  
[  8] 221.00-222.00 sec   581 KBytes  4.76 Mbits/sec  2.527 ms  18/443 (4.1%)  
[  8] 222.00-223.00 sec   614 KBytes  5.03 Mbits/sec  1.739 ms  1/450 (0.22%)  
[  8] 223.00-224.00 sec   593 KBytes  4.86 Mbits/sec  1.199 ms  12/446 (2.7%)  
[  8] 224.00-225.00 sec   610 KBytes  5.00 Mbits/sec  1.970 ms  1/447 (0.22%)  
[  8] 225.00-226.00 sec   606 KBytes  4.96 Mbits/sec  1.147 ms  3/446 (0.67%)  
[  8] 226.00-227.00 sec   595 KBytes  4.87 Mbits/sec  0.934 ms  12/447 (2.7%)  
[  8] 227.00-228.00 sec   610 KBytes  5.00 Mbits/sec  1.264 ms  0/446 (0%)  
[  8] 228.00-229.00 sec   610 KBytes  5.00 Mbits/sec  1.253 ms  0/446 (0%)  
[  8] 229.00-230.00 sec   608 KBytes  4.98 Mbits/sec  1.437 ms  1/446 (0.22%)  
[  8] 230.00-231.00 sec   607 KBytes  4.97 Mbits/sec  1.241 ms  2/446 (0.45%)  
[  8] 231.00-232.00 sec   541 KBytes  4.43 Mbits/sec  2.456 ms  49/445 (11%)  
[  8] 232.00-233.00 sec   535 KBytes  4.38 Mbits/sec  2.667 ms  13/404 (3.2%)  
[  8] 233.00-234.00 sec   502 KBytes  4.11 Mbits/sec  2.312 ms  62/429 (14%)  
[  8] 234.00-235.00 sec   591 KBytes  4.84 Mbits/sec  1.218 ms  40/472 (8.5%)  
[  8] 235.00-236.00 sec   587 KBytes  4.80 Mbits/sec  1.941 ms  50/479 (10%)  
[  8] 236.00-237.00 sec   597 KBytes  4.89 Mbits/sec  1.008 ms  13/450 (2.9%)  
[  8] 237.00-238.00 sec   559 KBytes  4.58 Mbits/sec  1.799 ms  38/447 (8.5%)  
[  8] 238.00-239.00 sec   429 KBytes  3.52 Mbits/sec  2.809 ms  118/432 (27%)  
[  8] 239.00-240.00 sec   536 KBytes  4.39 Mbits/sec  4.060 ms  60/452 (13%)  
[  8] 240.00-241.00 sec   518 KBytes  4.24 Mbits/sec  3.246 ms  66/445 (15%)  
[  8] 241.00-242.00 sec   555 KBytes  4.55 Mbits/sec  1.573 ms  50/456 (11%)  
[  8] 242.00-243.00 sec   608 KBytes  4.98 Mbits/sec  1.452 ms  2/447 (0.45%)  
[  8] 243.00-244.00 sec   536 KBytes  4.39 Mbits/sec  3.527 ms  38/430 (8.8%)  
[  8] 244.00-245.00 sec   520 KBytes  4.26 Mbits/sec  1.633 ms  80/460 (17%)  
[  8] 245.00-246.00 sec   418 KBytes  3.43 Mbits/sec  1.542 ms  79/386 (20%)  
[  8] 246.00-247.00 sec   540 KBytes  4.42 Mbits/sec  1.391 ms  99/494 (20%)  
[  8] 247.00-248.00 sec   619 KBytes  5.07 Mbits/sec  1.047 ms  6/459 (1.3%)  
[  8] 248.00-249.00 sec   577 KBytes  4.73 Mbits/sec  1.860 ms  24/446 (5.4%)  
[  8] 249.00-250.00 sec   576 KBytes  4.71 Mbits/sec  1.803 ms  28/449 (6.2%)  
[  8] 250.00-251.00 sec   355 KBytes  2.91 Mbits/sec  2.474 ms  137/397 (35%)  
[  8] 251.00-252.00 sec   474 KBytes  3.89 Mbits/sec  2.458 ms  116/463 (25%)  
[  8] 252.00-253.00 sec   424 KBytes  3.47 Mbits/sec  4.708 ms  83/393 (21%)  
[  8] 253.00-254.00 sec   530 KBytes  4.35 Mbits/sec  4.169 ms  141/529 (27%)  
[  8] 254.00-255.00 sec   606 KBytes  4.96 Mbits/sec  2.048 ms  8/451 (1.8%)  
[  8] 255.00-256.00 sec   604 KBytes  4.95 Mbits/sec  2.034 ms  5/447 (1.1%)  
[  8] 256.00-257.00 sec   596 KBytes  4.88 Mbits/sec  2.447 ms  7/443 (1.6%)  
[  8] 257.00-258.00 sec   566 KBytes  4.64 Mbits/sec  2.336 ms  6/420 (1.4%)  
[  8] 258.00-259.00 sec   429 KBytes  3.52 Mbits/sec  3.068 ms  76/390 (19%)  
[  8] 259.00-260.00 sec   529 KBytes  4.33 Mbits/sec  2.149 ms  39/426 (9.2%)  
[  8] 260.00-261.00 sec   626 KBytes  5.13 Mbits/sec  2.209 ms  73/531 (14%)  
[  8] 261.00-262.00 sec   420 KBytes  3.44 Mbits/sec  2.264 ms  131/438 (30%)  
[  8] 262.00-263.00 sec   561 KBytes  4.59 Mbits/sec  0.837 ms  16/426 (3.8%)  
[  8] 263.00-264.00 sec   655 KBytes  5.36 Mbits/sec  2.304 ms  16/495 (3.2%)  
[  8] 264.00-265.00 sec   567 KBytes  4.65 Mbits/sec  1.798 ms  20/435 (4.6%)  
[  8] 265.00-266.00 sec   597 KBytes  4.89 Mbits/sec  1.408 ms  23/460 (5%)  
[  8] 266.00-267.00 sec   596 KBytes  4.88 Mbits/sec  1.223 ms  11/447 (2.5%)  
[  8] 267.00-268.00 sec   610 KBytes  5.00 Mbits/sec  1.720 ms  0/446 (0%)  
[  8] 268.00-269.00 sec   604 KBytes  4.95 Mbits/sec  1.001 ms  4/446 (0.9%)  
[  8] 269.00-270.00 sec   603 KBytes  4.94 Mbits/sec  1.311 ms  3/444 (0.68%)  
[  8] 270.00-271.00 sec   614 KBytes  5.03 Mbits/sec  1.303 ms  1/450 (0.22%)  
[  8] 271.00-272.00 sec   602 KBytes  4.93 Mbits/sec  1.109 ms  5/445 (1.1%)  
[  8] 272.00-273.00 sec   526 KBytes  4.31 Mbits/sec  2.050 ms  8/393 (2%)  
[  8] 273.00-274.00 sec   319 KBytes  2.61 Mbits/sec  1.564 ms  161/394 (41%)  
[  8] 274.00-275.00 sec   380 KBytes  3.11 Mbits/sec  2.470 ms  190/468 (41%)  
[  8] 275.00-276.00 sec   360 KBytes  2.95 Mbits/sec  2.675 ms  160/423 (38%)  
[  8] 276.00-277.00 sec   546 KBytes  4.47 Mbits/sec  1.758 ms  151/550 (27%)  
[  8] 277.00-278.00 sec   614 KBytes  5.03 Mbits/sec  0.791 ms  2/451 (0.44%)  
[  8] 278.00-279.00 sec   563 KBytes  4.61 Mbits/sec  2.838 ms  26/438 (5.9%)  
[  8] 279.00-280.00 sec   576 KBytes  4.72 Mbits/sec  1.451 ms  31/452 (6.9%)  
[  8] 280.00-281.00 sec   599 KBytes  4.91 Mbits/sec  2.120 ms  10/448 (2.2%)  
[  8] 281.00-282.00 sec   585 KBytes  4.79 Mbits/sec  2.958 ms  18/446 (4%)  
[  8] 282.00-283.00 sec   582 KBytes  4.77 Mbits/sec  1.837 ms  12/438 (2.7%)  
[  8] 283.00-284.00 sec   602 KBytes  4.93 Mbits/sec  2.395 ms  8/448 (1.8%)  
[  8] 284.00-285.00 sec   577 KBytes  4.73 Mbits/sec  2.133 ms  25/447 (5.6%)  
[  8] 285.00-286.00 sec   581 KBytes  4.76 Mbits/sec  1.796 ms  27/452 (6%)  
[  8] 286.00-287.00 sec   540 KBytes  4.42 Mbits/sec  1.904 ms  49/444 (11%)  
[  8] 287.00-288.00 sec   559 KBytes  4.58 Mbits/sec  2.450 ms  34/443 (7.7%)  
[  8] 288.00-289.00 sec   530 KBytes  4.34 Mbits/sec  5.538 ms  21/409 (5.1%)  
[  8] 289.00-290.00 sec   414 KBytes  3.39 Mbits/sec  4.376 ms  177/480 (37%)  
[  8] 290.00-291.00 sec   563 KBytes  4.62 Mbits/sec  1.337 ms  46/458 (10%)  
[  8] 291.00-292.00 sec   565 KBytes  4.63 Mbits/sec  1.711 ms  34/447 (7.6%)  
[  8] 292.00-293.00 sec   570 KBytes  4.67 Mbits/sec  2.749 ms  29/446 (6.5%)  
[  8] 293.00-294.00 sec   544 KBytes  4.46 Mbits/sec  2.310 ms  47/445 (11%)  
[  8] 294.00-295.00 sec   611 KBytes  5.01 Mbits/sec  1.092 ms  2/449 (0.45%)  
[  8] 295.00-296.00 sec   536 KBytes  4.39 Mbits/sec  3.090 ms  18/410 (4.4%)  
[  8] 296.00-297.00 sec   317 KBytes  2.60 Mbits/sec  2.675 ms  157/389 (40%)  
[  8] 297.00-298.00 sec   536 KBytes  4.38 Mbits/sec  1.615 ms  97/489 (20%)  
[  8] 298.00-299.00 sec   547 KBytes  4.49 Mbits/sec  1.323 ms  98/498 (20%)  
[  8] 299.00-300.00 sec   595 KBytes  4.87 Mbits/sec  1.864 ms  6/441 (1.4%)  
[  8] 300.00-301.00 sec   599 KBytes  4.91 Mbits/sec  1.553 ms  12/450 (2.7%)  
[  8] 301.00-302.00 sec   597 KBytes  4.89 Mbits/sec  1.520 ms  11/448 (2.5%)  
[  8] 302.00-303.00 sec   532 KBytes  4.36 Mbits/sec  3.042 ms  44/433 (10%)  
[  8] 303.00-304.00 sec   587 KBytes  4.81 Mbits/sec  1.233 ms  13/442 (2.9%)  
[  8] 304.00-305.00 sec   546 KBytes  4.47 Mbits/sec  1.446 ms  63/462 (14%)  
[  8] 305.00-306.00 sec   592 KBytes  4.85 Mbits/sec  1.556 ms  12/445 (2.7%)  
[  8] 306.00-307.00 sec   581 KBytes  4.76 Mbits/sec  1.298 ms  17/442 (3.8%)  
[  8] 307.00-308.00 sec   591 KBytes  4.82 Mbits/sec  0.940 ms  21/453 (4.6%)  
[  8] 308.00-309.00 sec   607 KBytes  4.99 Mbits/sec  1.014 ms  2/446 (0.45%)  
[  8] 309.00-310.00 sec   543 KBytes  4.45 Mbits/sec  2.234 ms  33/430 (7.7%)  
[  8] 310.00-311.00 sec   571 KBytes  4.68 Mbits/sec  2.331 ms  36/454 (7.9%)  
[  8] 311.00-312.00 sec   470 KBytes  3.85 Mbits/sec  2.109 ms  18/362 (5%)  
[  8] 312.00-313.00 sec   597 KBytes  4.89 Mbits/sec  2.485 ms  104/541 (19%)  
[  8] 313.00-314.00 sec   602 KBytes  4.93 Mbits/sec  2.512 ms  0/440 (0%)  
[  8] 314.00-315.00 sec   591 KBytes  4.84 Mbits/sec  1.286 ms  21/453 (4.6%)  
[  8] 315.00-316.00 sec   611 KBytes  5.01 Mbits/sec  0.887 ms  0/447 (0%)  
[  8] 316.00-317.00 sec   524 KBytes  4.29 Mbits/sec  2.692 ms  42/425 (9.9%)  
[  8] 317.00-318.00 sec   470 KBytes  3.85 Mbits/sec  4.121 ms  103/447 (23%)  
[  8] 318.00-319.00 sec   454 KBytes  3.72 Mbits/sec  2.765 ms  89/421 (21%)  
[  8] 319.00-320.00 sec   551 KBytes  4.51 Mbits/sec  2.020 ms  88/491 (18%)  
[  8] 320.00-321.00 sec   422 KBytes  3.46 Mbits/sec  3.742 ms  41/350 (12%)  
[  8] 321.00-322.00 sec   421 KBytes  3.45 Mbits/sec  2.766 ms  9/317 (2.8%)  
[  8] 322.00-323.00 sec   376 KBytes  3.08 Mbits/sec  2.771 ms  211/486 (43%)  
[  8] 323.00-324.00 sec   376 KBytes  3.08 Mbits/sec  2.367 ms  159/434 (37%)  
[  8] 324.00-325.00 sec   514 KBytes  4.21 Mbits/sec  2.263 ms  189/565 (33%)  
[  8] 325.00-326.00 sec   391 KBytes  3.20 Mbits/sec  2.001 ms  135/421 (32%)  
[  8] 326.00-327.00 sec   756 KBytes  6.19 Mbits/sec  1.260 ms  0/553 (0%)  
[  8] 327.00-328.00 sec   606 KBytes  4.96 Mbits/sec  1.473 ms  3/446 (0.67%)  
[  8] 328.00-329.00 sec   432 KBytes  3.54 Mbits/sec  1.843 ms  51/367 (14%)  
[  8] 329.00-330.00 sec   403 KBytes  3.30 Mbits/sec  3.575 ms  150/445 (34%)  
[  8] 330.00-331.00 sec   425 KBytes  3.48 Mbits/sec  2.121 ms  119/430 (28%)  
[  8] 331.00-332.00 sec   552 KBytes  4.52 Mbits/sec  2.023 ms  121/525 (23%)  
[  8] 332.00-333.00 sec   487 KBytes  4.00 Mbits/sec  1.900 ms  27/383 (7%)  
[  8] 333.00-334.00 sec   498 KBytes  4.06 Mbits/sec  2.305 ms  163/527 (31%)  
[  8] 334.00-335.00 sec   582 KBytes  4.79 Mbits/sec  1.257 ms  22/448 (4.9%)  
[  8] 335.00-336.00 sec   603 KBytes  4.94 Mbits/sec  1.779 ms  4/445 (0.9%)  
[  8] 336.00-337.00 sec   612 KBytes  5.02 Mbits/sec  1.250 ms  1/449 (0.22%)  
[  8] 337.00-338.00 sec   606 KBytes  4.96 Mbits/sec  1.680 ms  2/445 (0.45%)  
[  8] 338.00-339.00 sec   604 KBytes  4.95 Mbits/sec  1.711 ms  3/445 (0.67%)  
[  8] 339.00-340.00 sec   514 KBytes  4.21 Mbits/sec  3.092 ms  2/378 (0.53%)  
[  8] 340.00-340.22 sec  27.3 KBytes  1.03 Mbits/sec  6.135 ms  38/58 (66%)  
- - - - - - - - - - - - - - - - - - - - - - - - -
[ ID] Interval           Transfer     Bitrate         Jitter    Lost/Total Datagrams
[  8]   0.00-340.22 sec   184 MBytes  4.54 Mbits/sec  6.135 ms  13806/151771 (9.1%)  receiver
