-----------------------------------------------------------
Server listening on 5201 (test #1)
-----------------------------------------------------------
Accepted connection from 10.0.0.33, port 47988
[  8] local 10.0.0.97 port 5201 connected to 10.0.0.33 port 33192
[ ID] Interval           Transfer     Bitrate         Jitter    Lost/Total Datagrams
[  8]   0.00-1.00   sec   123 KBytes  1.01 Mbits/sec  1.632 ms  0/90 (0%)  
[  8]   1.00-2.00   sec   119 KBytes   974 Kbits/sec  1.923 ms  1/88 (1.1%)  
[  8]   2.00-3.00   sec   123 KBytes  1.01 Mbits/sec  2.010 ms  0/90 (0%)  
[  8]   3.00-4.00   sec   115 KBytes   941 Kbits/sec  4.377 ms  4/88 (4.5%)  
[  8]   4.00-5.00   sec   119 KBytes   974 Kbits/sec  3.102 ms  4/91 (4.4%)  
[  8]   5.00-6.00   sec   116 KBytes   952 Kbits/sec  2.286 ms  2/87 (2.3%)  
[  8]   6.00-7.00   sec   123 KBytes  1.01 Mbits/sec  3.579 ms  0/90 (0%)  
[  8]   7.00-8.00   sec   123 KBytes  1.01 Mbits/sec  3.767 ms  0/90 (0%)  
[  8]   8.00-9.00   sec   122 KBytes   997 Kbits/sec  2.035 ms  0/89 (0%)  
[  8]   9.00-10.00  sec   123 KBytes  1.01 Mbits/sec  2.475 ms  0/90 (0%)  
[  8]  10.00-11.00  sec   122 KBytes   997 Kbits/sec  3.482 ms  0/89 (0%)  
[  8]  11.00-12.00  sec   122 KBytes   995 Kbits/sec  1.837 ms  0/89 (0%)  
[  8]  12.00-13.00  sec   122 KBytes   999 Kbits/sec  3.118 ms  0/89 (0%)  
[  8]  13.00-14.00  sec   122 KBytes   997 Kbits/sec  3.947 ms  0/89 (0%)  
[  8]  14.00-15.01  sec   120 KBytes   981 Kbits/sec  2.566 ms  2/90 (2.2%)  
[  8]  15.01-16.00  sec   118 KBytes   967 Kbits/sec  3.238 ms  1/87 (1.1%)  
[  8]  16.00-17.00  sec   122 KBytes   998 Kbits/sec  2.974 ms  2/91 (2.2%)  
[  8]  17.00-18.00  sec   123 KBytes  1.01 Mbits/sec  2.187 ms  0/90 (0%)  
[  8]  18.00-19.00  sec   119 KBytes   974 Kbits/sec  3.815 ms  0/87 (0%)  
[  8]  19.00-20.00  sec   122 KBytes   997 Kbits/sec  4.478 ms  3/92 (3.3%)  
[  8]  20.00-21.00  sec   120 KBytes   986 Kbits/sec  4.841 ms  1/89 (1.1%)  
[  8]  21.00-22.00  sec   122 KBytes   997 Kbits/sec  2.547 ms  0/89 (0%)  
[  8]  22.00-23.00  sec   122 KBytes   997 Kbits/sec  2.209 ms  0/89 (0%)  
[  8]  23.00-24.00  sec   118 KBytes   963 Kbits/sec  2.547 ms  0/86 (0%)  
[  8]  24.00-25.00  sec   127 KBytes  1.04 Mbits/sec  2.263 ms  0/93 (0%)  
[  8]  25.00-26.00  sec   122 KBytes   997 Kbits/sec  2.058 ms  0/89 (0%)  
[  8]  26.00-27.00  sec   122 KBytes   997 Kbits/sec  2.206 ms  0/89 (0%)  
[  8]  27.00-28.00  sec   122 KBytes   997 Kbits/sec  3.216 ms  1/90 (1.1%)  
[  8]  28.00-29.00  sec   120 KBytes   985 Kbits/sec  3.697 ms  0/88 (0%)  
[  8]  29.00-30.00  sec   124 KBytes  1.02 Mbits/sec  4.418 ms  0/91 (0%)  
[  8]  30.00-31.00  sec   120 KBytes   986 Kbits/sec  2.911 ms  0/88 (0%)  
[  8]  31.00-32.00  sec   123 KBytes  1.01 Mbits/sec  3.593 ms  0/90 (0%)  
[  8]  32.00-33.00  sec   122 KBytes   997 Kbits/sec  4.317 ms  0/89 (0%)  
[  8]  33.00-34.00  sec   118 KBytes   963 Kbits/sec  5.597 ms  3/89 (3.4%)  
[  8]  34.00-35.00  sec   119 KBytes   974 Kbits/sec  2.714 ms  3/90 (3.3%)  
[  8]  35.00-36.00  sec   118 KBytes   963 Kbits/sec  2.549 ms  3/89 (3.4%)  
[  8]  36.00-37.00  sec   118 KBytes   963 Kbits/sec  2.354 ms  3/89 (3.4%)  
[  8]  37.00-38.00  sec   119 KBytes   974 Kbits/sec  2.808 ms  2/89 (2.2%)  
[  8]  38.00-39.00  sec   120 KBytes   986 Kbits/sec  3.057 ms  1/89 (1.1%)  
[  8]  39.00-40.00  sec   122 KBytes   997 Kbits/sec  1.812 ms  1/90 (1.1%)  
[  8]  40.00-41.00  sec   119 KBytes   974 Kbits/sec  1.684 ms  3/90 (3.3%)  
[  8]  41.00-42.00  sec   122 KBytes   997 Kbits/sec  2.839 ms  0/89 (0%)  
[  8]  42.00-43.00  sec   122 KBytes   997 Kbits/sec  1.950 ms  0/89 (0%)  
[  8]  43.00-44.00  sec   120 KBytes   986 Kbits/sec  3.893 ms  1/89 (1.1%)  
[  8]  44.00-45.00  sec   120 KBytes   986 Kbits/sec  3.046 ms  1/89 (1.1%)  
[  8]  45.00-46.00  sec   123 KBytes  1.01 Mbits/sec  2.848 ms  0/90 (0%)  
[  8]  46.00-47.00  sec   116 KBytes   952 Kbits/sec  2.058 ms  3/88 (3.4%)  
[  8]  47.00-48.00  sec   122 KBytes   997 Kbits/sec  2.230 ms  1/90 (1.1%)  
[  8]  48.00-49.00  sec   119 KBytes   974 Kbits/sec  4.215 ms  2/89 (2.2%)  
[  8]  49.00-50.00  sec   122 KBytes   997 Kbits/sec  2.473 ms  1/90 (1.1%)  
[  8]  50.00-51.00  sec   122 KBytes   997 Kbits/sec  2.284 ms  0/89 (0%)  
[  8]  51.00-52.00  sec   123 KBytes  1.01 Mbits/sec  1.810 ms  0/90 (0%)  
[  8]  52.00-53.00  sec   122 KBytes   997 Kbits/sec  2.362 ms  0/89 (0%)  
[  8]  53.00-54.00  sec   119 KBytes   974 Kbits/sec  3.548 ms  2/89 (2.2%)  
[  8]  54.00-55.00  sec   123 KBytes  1.01 Mbits/sec  2.098 ms  0/90 (0%)  
[  8]  55.00-56.00  sec   122 KBytes   997 Kbits/sec  1.389 ms  0/89 (0%)  
[  8]  56.00-57.00  sec   120 KBytes   986 Kbits/sec  1.692 ms  1/89 (1.1%)  
[  8]  57.00-58.00  sec   122 KBytes   997 Kbits/sec  3.120 ms  0/89 (0%)  
[  8]  58.00-59.00  sec   119 KBytes   974 Kbits/sec  3.661 ms  3/90 (3.3%)  
[  8]  59.00-60.00  sec   120 KBytes   986 Kbits/sec  3.506 ms  1/89 (1.1%)  
[  8]  60.00-61.00  sec   120 KBytes   985 Kbits/sec  2.464 ms  1/89 (1.1%)  
[  8]  61.00-62.00  sec   120 KBytes   986 Kbits/sec  1.674 ms  2/90 (2.2%)  
[  8]  62.00-63.00  sec   116 KBytes   952 Kbits/sec  2.381 ms  3/88 (3.4%)  
[  8]  63.00-64.00  sec   119 KBytes   974 Kbits/sec  2.020 ms  3/90 (3.3%)  
[  8]  64.00-65.00  sec   119 KBytes   974 Kbits/sec  2.941 ms  1/88 (1.1%)  
[  8]  65.00-66.00  sec   122 KBytes   997 Kbits/sec  2.621 ms  2/91 (2.2%)  
[  8]  66.00-67.00  sec   120 KBytes   986 Kbits/sec  2.529 ms  1/89 (1.1%)  
[  8]  67.00-68.00  sec   122 KBytes   997 Kbits/sec  1.421 ms  0/89 (0%)  
[  8]  68.00-69.00  sec   119 KBytes   974 Kbits/sec  3.756 ms  2/89 (2.2%)  
[  8]  69.00-70.00  sec   120 KBytes   986 Kbits/sec  2.232 ms  2/90 (2.2%)  
[  8]  70.00-71.00  sec   120 KBytes   986 Kbits/sec  1.701 ms  1/89 (1.1%)  
[  8]  71.00-72.00  sec   119 KBytes   974 Kbits/sec  2.132 ms  3/90 (3.3%)  
[  8]  72.00-73.00  sec   120 KBytes   986 Kbits/sec  1.776 ms  1/89 (1.1%)  
[  8]  73.00-74.00  sec   120 KBytes   986 Kbits/sec  4.118 ms  0/88 (0%)  
[  8]  74.00-75.00  sec   119 KBytes   974 Kbits/sec  2.616 ms  2/89 (2.2%)  
[  8]  75.00-76.00  sec   123 KBytes  1.01 Mbits/sec  1.232 ms  1/91 (1.1%)  
[  8]  76.00-77.00  sec   122 KBytes   997 Kbits/sec  1.774 ms  0/89 (0%)  
[  8]  77.00-78.00  sec   119 KBytes   974 Kbits/sec  3.304 ms  1/88 (1.1%)  
[  8]  78.00-79.00  sec   112 KBytes   918 Kbits/sec  2.341 ms  8/90 (8.9%)  
[  8]  79.00-80.00  sec   120 KBytes   985 Kbits/sec  3.159 ms  1/89 (1.1%)  
[  8]  80.00-81.00  sec   120 KBytes   986 Kbits/sec  2.209 ms  2/90 (2.2%)  
[  8]  81.00-82.00  sec   118 KBytes   963 Kbits/sec  2.689 ms  3/89 (3.4%)  
[  8]  82.00-83.00  sec   120 KBytes   986 Kbits/sec  3.189 ms  1/89 (1.1%)  
[  8]  83.00-84.00  sec   116 KBytes   952 Kbits/sec  3.287 ms  5/90 (5.6%)  
[  8]  84.00-85.00  sec   119 KBytes   974 Kbits/sec  4.317 ms  2/89 (2.2%)  
[  8]  85.00-86.00  sec   111 KBytes   907 Kbits/sec  5.768 ms  8/89 (9%)  
[  8]  86.00-87.00  sec   120 KBytes   985 Kbits/sec  2.804 ms  1/89 (1.1%)  
[  8]  87.00-88.00  sec   119 KBytes   975 Kbits/sec  4.708 ms  1/88 (1.1%)  
[  8]  88.00-89.00  sec   116 KBytes   952 Kbits/sec  4.190 ms  6/91 (6.6%)  
[  8]  89.00-90.00  sec   112 KBytes   919 Kbits/sec  4.061 ms  6/88 (6.8%)  
[  8]  90.00-91.00  sec   118 KBytes   963 Kbits/sec  2.388 ms  4/90 (4.4%)  
[  8]  91.00-92.00  sec   118 KBytes   963 Kbits/sec  3.252 ms  3/89 (3.4%)  
[  8]  92.00-93.00  sec   118 KBytes   963 Kbits/sec  3.870 ms  3/89 (3.4%)  
[  8]  93.00-94.00  sec   119 KBytes   974 Kbits/sec  4.157 ms  2/89 (2.2%)  
[  8]  94.00-95.00  sec   120 KBytes   986 Kbits/sec  3.997 ms  3/91 (3.3%)  
[  8]  95.00-96.00  sec   120 KBytes   986 Kbits/sec  4.208 ms  1/89 (1.1%)  
[  8]  96.00-97.00  sec   123 KBytes  1.01 Mbits/sec  2.426 ms  0/90 (0%)  
[  8]  97.00-98.00  sec   122 KBytes   997 Kbits/sec  2.999 ms  0/89 (0%)  
[  8]  98.00-99.00  sec   119 KBytes   974 Kbits/sec  2.974 ms  2/89 (2.2%)  
[  8]  99.00-100.00 sec   122 KBytes   997 Kbits/sec  1.720 ms  1/90 (1.1%)  
[  8] 100.00-101.00 sec   122 KBytes   997 Kbits/sec  1.799 ms  0/89 (0%)  
[  8] 101.00-102.00 sec   118 KBytes   963 Kbits/sec  2.208 ms  3/89 (3.4%)  
[  8] 102.00-103.00 sec   120 KBytes   986 Kbits/sec  2.062 ms  0/88 (0%)  
[  8] 103.00-104.00 sec   122 KBytes   997 Kbits/sec  1.754 ms  2/91 (2.2%)  
[  8] 104.00-105.00 sec   118 KBytes   962 Kbits/sec  2.414 ms  3/89 (3.4%)  
[  8] 105.00-106.00 sec   113 KBytes   931 Kbits/sec  4.691 ms  5/88 (5.7%)  
[  8] 106.00-107.00 sec   119 KBytes   974 Kbits/sec  3.635 ms  3/90 (3.3%)  
[  8] 107.00-108.00 sec   120 KBytes   986 Kbits/sec  3.541 ms  1/89 (1.1%)  
[  8] 108.00-109.00 sec   123 KBytes  1.01 Mbits/sec  2.792 ms  0/90 (0%)  
[  8] 109.00-110.00 sec   120 KBytes   986 Kbits/sec  2.045 ms  1/89 (1.1%)  
[  8] 110.00-111.00 sec   122 KBytes   997 Kbits/sec  4.152 ms  0/89 (0%)  
[  8] 111.00-112.00 sec   123 KBytes  1.01 Mbits/sec  2.925 ms  0/90 (0%)  
[  8] 112.00-113.00 sec   122 KBytes   995 Kbits/sec  3.072 ms  0/89 (0%)  
[  8] 113.00-114.00 sec   122 KBytes   999 Kbits/sec  6.347 ms  1/90 (1.1%)  
[  8] 114.00-115.00 sec   119 KBytes   974 Kbits/sec  2.395 ms  2/89 (2.2%)  
[  8] 115.00-116.00 sec   119 KBytes   972 Kbits/sec  4.587 ms  2/89 (2.2%)  
[  8] 116.00-117.00 sec   118 KBytes   965 Kbits/sec  3.652 ms  3/89 (3.4%)  
[  8] 117.00-118.00 sec   122 KBytes   997 Kbits/sec  2.572 ms  0/89 (0%)  
[  8] 118.00-119.00 sec   112 KBytes   918 Kbits/sec  3.395 ms  8/90 (8.9%)  
[  8] 119.00-120.00 sec   122 KBytes   997 Kbits/sec  3.068 ms  0/89 (0%)  
[  8] 120.00-121.00 sec   120 KBytes   986 Kbits/sec  4.796 ms  1/89 (1.1%)  
[  8] 121.00-122.00 sec   122 KBytes   997 Kbits/sec  3.273 ms  1/90 (1.1%)  
[  8] 122.00-123.00 sec   122 KBytes   997 Kbits/sec  3.667 ms  0/89 (0%)  
[  8] 123.00-124.00 sec   122 KBytes   996 Kbits/sec  2.046 ms  0/89 (0%)  
[  8] 124.00-125.00 sec   123 KBytes  1.01 Mbits/sec  1.707 ms  0/90 (0%)  
[  8] 125.00-126.00 sec   122 KBytes   997 Kbits/sec  2.029 ms  0/89 (0%)  
[  8] 126.00-127.00 sec   120 KBytes   986 Kbits/sec  1.889 ms  1/89 (1.1%)  
[  8] 127.00-128.00 sec   122 KBytes   997 Kbits/sec  2.363 ms  0/89 (0%)  
[  8] 128.00-129.00 sec   119 KBytes   974 Kbits/sec  4.996 ms  2/89 (2.2%)  
[  8] 129.00-130.00 sec   120 KBytes   985 Kbits/sec  1.604 ms  2/90 (2.2%)  
[  8] 130.00-131.00 sec   122 KBytes   997 Kbits/sec  2.284 ms  0/89 (0%)  
[  8] 131.00-132.00 sec   118 KBytes   963 Kbits/sec  4.870 ms  2/88 (2.3%)  
[  8] 132.00-133.00 sec   122 KBytes   997 Kbits/sec  2.618 ms  2/91 (2.2%)  
[  8] 133.00-134.00 sec   116 KBytes   952 Kbits/sec  3.711 ms  4/89 (4.5%)  
[  8] 134.00-135.00 sec   118 KBytes   963 Kbits/sec  2.964 ms  3/89 (3.4%)  
[  8] 135.00-136.00 sec   122 KBytes   996 Kbits/sec  4.057 ms  1/90 (1.1%)  
[  8] 136.00-137.00 sec   119 KBytes   975 Kbits/sec  2.920 ms  2/89 (2.2%)  
[  8] 137.00-138.00 sec   120 KBytes   986 Kbits/sec  1.140 ms  0/88 (0%)  
[  8] 138.00-139.00 sec   124 KBytes  1.02 Mbits/sec  1.628 ms  0/91 (0%)  
[  8] 139.00-140.00 sec   119 KBytes   975 Kbits/sec  3.091 ms  2/89 (2.2%)  
[  8] 140.00-141.00 sec   118 KBytes   963 Kbits/sec  3.744 ms  3/89 (3.4%)  
[  8] 141.00-142.00 sec   122 KBytes   997 Kbits/sec  2.807 ms  0/89 (0%)  
[  8] 142.00-143.00 sec   123 KBytes  1.01 Mbits/sec  2.299 ms  0/90 (0%)  
[  8] 143.00-144.00 sec   111 KBytes   907 Kbits/sec  4.451 ms  7/88 (8%)  
[  8] 144.00-145.00 sec   116 KBytes   952 Kbits/sec  3.020 ms  4/89 (4.5%)  
[  8] 145.00-146.00 sec   123 KBytes  1.01 Mbits/sec  2.792 ms  1/91 (1.1%)  
[  8] 146.00-147.00 sec   111 KBytes   907 Kbits/sec  5.574 ms  3/84 (3.6%)  
[  8] 147.00-148.00 sec   124 KBytes  1.02 Mbits/sec  3.048 ms  3/94 (3.2%)  
[  8] 148.00-149.00 sec   122 KBytes   997 Kbits/sec  1.695 ms  0/89 (0%)  
[  8] 149.00-150.00 sec   122 KBytes   997 Kbits/sec  2.554 ms  1/90 (1.1%)  
[  8] 150.00-151.00 sec   112 KBytes   918 Kbits/sec  2.989 ms  0/82 (0%)  
[  8] 151.00-152.00 sec   131 KBytes  1.08 Mbits/sec  1.783 ms  0/96 (0%)  
[  8] 152.00-153.00 sec   122 KBytes   997 Kbits/sec  2.429 ms  0/89 (0%)  
[  8] 153.00-154.00 sec   119 KBytes   974 Kbits/sec  5.057 ms  3/90 (3.3%)  
[  8] 154.00-155.00 sec   120 KBytes   986 Kbits/sec  2.723 ms  1/89 (1.1%)  
[  8] 155.00-156.00 sec   120 KBytes   986 Kbits/sec  2.482 ms  1/89 (1.1%)  
[  8] 156.00-157.00 sec   120 KBytes   985 Kbits/sec  2.583 ms  2/90 (2.2%)  
[  8] 157.00-158.00 sec   113 KBytes   930 Kbits/sec  2.581 ms  5/88 (5.7%)  
[  8] 158.00-159.00 sec   120 KBytes   985 Kbits/sec  4.409 ms  1/89 (1.1%)  
[  8] 159.00-160.00 sec   124 KBytes  1.02 Mbits/sec  3.215 ms  0/91 (0%)  
[  8] 160.00-161.00 sec   120 KBytes   986 Kbits/sec  2.559 ms  0/88 (0%)  
[  8] 161.00-162.00 sec   123 KBytes  1.01 Mbits/sec  2.229 ms  0/90 (0%)  
[  8] 162.00-163.00 sec   123 KBytes  1.01 Mbits/sec  1.943 ms  0/90 (0%)  
[  8] 163.00-164.00 sec   118 KBytes   963 Kbits/sec  3.320 ms  3/89 (3.4%)  
[  8] 164.00-165.00 sec   120 KBytes   986 Kbits/sec  2.766 ms  1/89 (1.1%)  
[  8] 165.00-166.00 sec   119 KBytes   974 Kbits/sec  2.481 ms  2/89 (2.2%)  
[  8] 166.00-167.00 sec   122 KBytes   997 Kbits/sec  1.925 ms  0/89 (0%)  
[  8] 167.00-168.00 sec   123 KBytes  1.01 Mbits/sec  2.673 ms  0/90 (0%)  
[  8] 168.00-169.00 sec   122 KBytes   997 Kbits/sec  3.986 ms  0/89 (0%)  
[  8] 169.00-170.00 sec   123 KBytes  1.01 Mbits/sec  4.147 ms  0/90 (0%)  
[  8] 170.00-171.00 sec   120 KBytes   986 Kbits/sec  3.730 ms  1/89 (1.1%)  
[  8] 171.00-172.00 sec   122 KBytes   997 Kbits/sec  3.419 ms  0/89 (0%)  
[  8] 172.00-173.00 sec   122 KBytes   997 Kbits/sec  1.927 ms  0/89 (0%)  
[  8] 173.00-174.00 sec   118 KBytes   963 Kbits/sec  4.564 ms  3/89 (3.4%)  
[  8] 174.00-175.00 sec   120 KBytes   986 Kbits/sec  4.130 ms  1/89 (1.1%)  
[  8] 175.00-176.00 sec   118 KBytes   963 Kbits/sec  3.092 ms  4/90 (4.4%)  
[  8] 176.00-177.00 sec   123 KBytes  1.01 Mbits/sec  3.737 ms  0/90 (0%)  
[  8] 177.00-178.00 sec   122 KBytes   997 Kbits/sec  2.741 ms  0/89 (0%)  
[  8] 178.00-179.00 sec   118 KBytes   963 Kbits/sec  3.411 ms  2/88 (2.3%)  
[  8] 179.00-180.00 sec   122 KBytes   997 Kbits/sec  3.047 ms  1/90 (1.1%)  
[  8] 180.00-181.00 sec   120 KBytes   986 Kbits/sec  3.092 ms  2/90 (2.2%)  
[  8] 181.00-182.00 sec   120 KBytes   986 Kbits/sec  2.256 ms  1/89 (1.1%)  
[  8] 182.00-183.00 sec   116 KBytes   952 Kbits/sec  2.889 ms  4/89 (4.5%)  
[  8] 183.00-184.00 sec   115 KBytes   941 Kbits/sec  2.319 ms  6/90 (6.7%)  
[  8] 184.00-185.00 sec   116 KBytes   952 Kbits/sec  3.725 ms  3/88 (3.4%)  
[  8] 185.00-186.00 sec   120 KBytes   986 Kbits/sec  3.057 ms  2/90 (2.2%)  
[  8] 186.00-187.00 sec   120 KBytes   986 Kbits/sec  4.092 ms  1/89 (1.1%)  
[  8] 187.00-188.00 sec   122 KBytes   995 Kbits/sec  3.237 ms  1/90 (1.1%)  
[  8] 188.00-189.00 sec   112 KBytes   919 Kbits/sec  5.819 ms  5/87 (5.7%)  
[  8] 189.00-190.00 sec   109 KBytes   895 Kbits/sec  5.356 ms  11/91 (12%)  
[  8] 190.00-191.00 sec   118 KBytes   965 Kbits/sec  3.361 ms  4/90 (4.4%)  
[  8] 191.00-192.00 sec   113 KBytes   930 Kbits/sec  5.339 ms  5/88 (5.7%)  
[  8] 192.00-193.00 sec   112 KBytes   918 Kbits/sec  5.808 ms  7/89 (7.9%)  
[  8] 193.00-194.00 sec   115 KBytes   941 Kbits/sec  4.789 ms  6/90 (6.7%)  
[  8] 194.00-195.00 sec   116 KBytes   952 Kbits/sec  4.125 ms  4/89 (4.5%)  
[  8] 195.00-196.00 sec   119 KBytes   974 Kbits/sec  2.744 ms  3/90 (3.3%)  
[  8] 196.00-197.00 sec   120 KBytes   986 Kbits/sec  4.183 ms  1/89 (1.1%)  
[  8] 197.00-198.00 sec   115 KBytes   941 Kbits/sec  4.835 ms  0/84 (0%)  
[  8] 198.00-199.00 sec   119 KBytes   974 Kbits/sec  3.055 ms  8/95 (8.4%)  
[  8] 199.00-200.00 sec   118 KBytes   963 Kbits/sec  2.951 ms  3/89 (3.4%)  
[  8] 200.00-201.00 sec   120 KBytes   986 Kbits/sec  2.238 ms  1/89 (1.1%)  
[  8] 201.00-202.00 sec   118 KBytes   963 Kbits/sec  2.811 ms  4/90 (4.4%)  
[  8] 202.00-203.00 sec   122 KBytes   997 Kbits/sec  2.859 ms  0/89 (0%)  
[  8] 203.00-204.00 sec   120 KBytes   986 Kbits/sec  2.364 ms  1/89 (1.1%)  
[  8] 204.00-205.00 sec   120 KBytes   986 Kbits/sec  2.733 ms  1/89 (1.1%)  
[  8] 205.00-206.00 sec   122 KBytes   997 Kbits/sec  1.917 ms  1/90 (1.1%)  
[  8] 206.00-207.00 sec   119 KBytes   974 Kbits/sec  2.506 ms  1/88 (1.1%)  
[  8] 207.00-208.00 sec   122 KBytes   997 Kbits/sec  2.888 ms  1/90 (1.1%)  
[  8] 208.00-209.00 sec   122 KBytes   997 Kbits/sec  4.501 ms  0/89 (0%)  
[  8] 209.00-210.00 sec   122 KBytes   997 Kbits/sec  2.244 ms  1/90 (1.1%)  
[  8] 210.00-211.00 sec   122 KBytes   997 Kbits/sec  2.351 ms  0/89 (0%)  
[  8] 211.00-212.00 sec   120 KBytes   985 Kbits/sec  2.691 ms  1/89 (1.1%)  
[  8] 212.00-213.00 sec   123 KBytes  1.01 Mbits/sec  2.289 ms  0/90 (0%)  
[  8] 213.00-214.00 sec   120 KBytes   986 Kbits/sec  2.610 ms  1/89 (1.1%)  
[  8] 214.00-215.00 sec   119 KBytes   974 Kbits/sec  2.720 ms  2/89 (2.2%)  
[  8] 215.00-216.00 sec   122 KBytes   997 Kbits/sec  3.060 ms  0/89 (0%)  
[  8] 216.00-217.00 sec   122 KBytes   997 Kbits/sec  2.347 ms  0/89 (0%)  
[  8] 217.00-218.00 sec   123 KBytes  1.01 Mbits/sec  2.263 ms  0/90 (0%)  
[  8] 218.00-219.00 sec   123 KBytes  1.01 Mbits/sec  1.619 ms  0/90 (0%)  
[  8] 219.00-220.00 sec   119 KBytes   974 Kbits/sec  1.337 ms  2/89 (2.2%)  
[  8] 220.00-221.00 sec   120 KBytes   986 Kbits/sec  3.379 ms  1/89 (1.1%)  
[  8] 221.00-222.00 sec   122 KBytes   997 Kbits/sec  2.310 ms  0/89 (0%)  
[  8] 222.00-223.00 sec   123 KBytes  1.01 Mbits/sec  1.207 ms  0/90 (0%)  
[  8] 223.00-224.00 sec   122 KBytes   997 Kbits/sec  2.453 ms  0/89 (0%)  
[  8] 224.00-225.00 sec   120 KBytes   986 Kbits/sec  2.854 ms  0/88 (0%)  
[  8] 225.00-226.00 sec   120 KBytes   986 Kbits/sec  3.805 ms  2/90 (2.2%)  
[  8] 226.00-227.00 sec   123 KBytes  1.01 Mbits/sec  2.582 ms  0/90 (0%)  
[  8] 227.00-228.00 sec   105 KBytes   862 Kbits/sec  8.552 ms  1/78 (1.3%)  
[  8] 228.00-229.00 sec   123 KBytes  1.01 Mbits/sec  1.959 ms  10/100 (10%)  
[  8] 229.00-230.00 sec   123 KBytes  1.01 Mbits/sec  1.840 ms  0/90 (0%)  
[  8] 230.00-231.00 sec   120 KBytes   986 Kbits/sec  2.330 ms  1/89 (1.1%)  
[  8] 231.00-232.00 sec   122 KBytes   997 Kbits/sec  2.765 ms  0/89 (0%)  
[  8] 232.00-233.00 sec   119 KBytes   974 Kbits/sec  2.845 ms  2/89 (2.2%)  
[  8] 233.00-234.00 sec   122 KBytes   997 Kbits/sec  2.986 ms  0/89 (0%)  
[  8] 234.00-235.00 sec   122 KBytes   997 Kbits/sec  3.474 ms  1/90 (1.1%)  
[  8] 235.00-236.00 sec   122 KBytes   995 Kbits/sec  2.656 ms  0/89 (0%)  
[  8] 236.00-237.00 sec   104 KBytes   853 Kbits/sec  13.100 ms  14/90 (16%)  
[  8] 237.00-238.00 sec   122 KBytes   997 Kbits/sec  2.438 ms  0/89 (0%)  
[  8] 238.00-239.00 sec   122 KBytes   997 Kbits/sec  2.956 ms  0/89 (0%)  
[  8] 239.00-240.00 sec   122 KBytes   997 Kbits/sec  1.494 ms  0/89 (0%)  
[  8] 240.00-240.02 sec  1.37 KBytes   606 Kbits/sec  1.439 ms  0/1 (0%)  
- - - - - - - - - - - - - - - - - - - - - - - - -
[ ID] Interval           Transfer     Bitrate         Jitter    Lost/Total Datagrams
[  8]   0.00-240.02 sec  28.1 MBytes   982 Kbits/sec  1.439 ms  381/21429 (1.8%)  receiver
