-----------------------------------------------------------
Server listening on 5201 (test #1)
-----------------------------------------------------------
Accepted connection from 10.0.0.29, port 39152
[  8] local 10.0.0.61 port 5201 connected to 10.0.0.29 port 33760
[ ID] Interval           Transfer     Bitrate         Jitter    Lost/Total Datagrams
[  8]   0.00-1.00   sec   604 KBytes  4.95 Mbits/sec  1.278 ms  2/444 (0.45%)  
[  8]   1.00-2.00   sec   608 KBytes  4.98 Mbits/sec  1.762 ms  0/445 (0%)  
[  8]   2.00-3.00   sec   614 KBytes  5.03 Mbits/sec  1.123 ms  0/449 (0%)  
[  8]   3.00-4.00   sec   593 KBytes  4.86 Mbits/sec  1.934 ms  12/446 (2.7%)  
[  8]   4.00-5.00   sec   593 KBytes  4.86 Mbits/sec  2.059 ms  12/446 (2.7%)  
[  8]   5.00-6.00   sec   596 KBytes  4.88 Mbits/sec  2.003 ms  10/446 (2.2%)  
[  8]   6.00-7.00   sec   604 KBytes  4.95 Mbits/sec  1.180 ms  4/446 (0.9%)  
[  8]   7.00-8.00   sec   612 KBytes  5.02 Mbits/sec  1.467 ms  0/448 (0%)  
[  8]   8.00-9.00   sec   606 KBytes  4.96 Mbits/sec  1.479 ms  2/445 (0.45%)  
[  8]   9.00-10.00  sec   611 KBytes  5.01 Mbits/sec  0.920 ms  0/447 (0%)  
[  8]  10.00-11.00  sec   604 KBytes  4.95 Mbits/sec  2.128 ms  5/447 (1.1%)  
[  8]  11.00-12.00  sec   612 KBytes  5.02 Mbits/sec  1.548 ms  0/448 (0%)  
[  8]  12.00-13.00  sec   607 KBytes  4.97 Mbits/sec  1.510 ms  1/445 (0.22%)  
[  8]  13.00-14.00  sec   606 KBytes  4.96 Mbits/sec  2.284 ms  2/445 (0.45%)  
[  8]  14.00-15.00  sec   597 KBytes  4.89 Mbits/sec  1.436 ms  7/444 (1.6%)  
[  8]  15.00-16.00  sec   607 KBytes  4.97 Mbits/sec  1.270 ms  1/445 (0.22%)  
[  8]  16.00-17.00  sec   615 KBytes  5.04 Mbits/sec  2.068 ms  2/452 (0.44%)  
[  8]  17.00-18.00  sec   606 KBytes  4.96 Mbits/sec  2.096 ms  2/445 (0.45%)  
[  8]  18.00-19.00  sec   604 KBytes  4.95 Mbits/sec  1.085 ms  5/447 (1.1%)  
[  8]  19.00-20.00  sec   494 KBytes  4.04 Mbits/sec  3.089 ms  58/419 (14%)  
[  8]  20.00-21.00  sec   589 KBytes  4.83 Mbits/sec  1.488 ms  43/474 (9.1%)  
[  8]  21.00-22.00  sec   596 KBytes  4.88 Mbits/sec  1.063 ms  9/445 (2%)  
[  8]  22.00-23.00  sec   610 KBytes  5.00 Mbits/sec  1.789 ms  2/448 (0.45%)  
[  8]  23.00-24.00  sec   591 KBytes  4.84 Mbits/sec  2.891 ms  4/436 (0.92%)  
[  8]  24.00-25.00  sec   619 KBytes  5.07 Mbits/sec  1.498 ms  3/456 (0.66%)  
[  8]  25.00-26.00  sec   606 KBytes  4.96 Mbits/sec  1.693 ms  4/447 (0.89%)  
[  8]  26.00-27.00  sec   604 KBytes  4.95 Mbits/sec  1.804 ms  1/443 (0.23%)  
[  8]  27.00-28.00  sec   607 KBytes  4.97 Mbits/sec  1.914 ms  7/451 (1.6%)  
[  8]  28.00-29.00  sec   592 KBytes  4.85 Mbits/sec  1.703 ms  13/446 (2.9%)  
[  8]  29.00-30.00  sec   608 KBytes  4.98 Mbits/sec  1.880 ms  1/446 (0.22%)  
[  8]  30.00-31.00  sec   606 KBytes  4.96 Mbits/sec  2.283 ms  4/447 (0.89%)  
[  8]  31.00-32.00  sec   597 KBytes  4.89 Mbits/sec  1.370 ms  8/445 (1.8%)  
[  8]  32.00-33.00  sec   577 KBytes  4.73 Mbits/sec  1.773 ms  21/443 (4.7%)  
[  8]  33.00-34.00  sec   580 KBytes  4.75 Mbits/sec  2.016 ms  27/451 (6%)  
[  8]  34.00-35.00  sec   584 KBytes  4.78 Mbits/sec  2.277 ms  18/445 (4%)  
[  8]  35.00-36.00  sec   589 KBytes  4.83 Mbits/sec  1.469 ms  16/447 (3.6%)  
[  8]  36.00-37.00  sec   596 KBytes  4.88 Mbits/sec  1.518 ms  8/444 (1.8%)  
[  8]  37.00-38.00  sec   597 KBytes  4.89 Mbits/sec  2.412 ms  10/447 (2.2%)  
[  8]  38.00-39.00  sec   584 KBytes  4.78 Mbits/sec  1.260 ms  22/449 (4.9%)  
[  8]  39.00-40.00  sec   596 KBytes  4.88 Mbits/sec  1.319 ms  11/447 (2.5%)  
[  8]  40.00-41.00  sec   604 KBytes  4.95 Mbits/sec  1.038 ms  4/446 (0.9%)  
[  8]  41.00-42.00  sec   603 KBytes  4.94 Mbits/sec  1.456 ms  6/447 (1.3%)  
[  8]  42.00-43.00  sec   602 KBytes  4.93 Mbits/sec  1.602 ms  6/446 (1.3%)  
[  8]  43.00-44.00  sec   592 KBytes  4.85 Mbits/sec  1.445 ms  12/445 (2.7%)  
[  8]  44.00-45.00  sec   599 KBytes  4.91 Mbits/sec  1.862 ms  8/446 (1.8%)  
[  8]  45.00-46.00  sec   588 KBytes  4.82 Mbits/sec  1.433 ms  18/448 (4%)  
[  8]  46.00-47.00  sec   592 KBytes  4.85 Mbits/sec  2.123 ms  9/442 (2%)  
[  8]  47.00-48.00  sec   596 KBytes  4.88 Mbits/sec  1.326 ms  13/449 (2.9%)  
[  8]  48.00-49.00  sec   588 KBytes  4.82 Mbits/sec  1.906 ms  11/441 (2.5%)  
[  8]  49.00-50.00  sec   602 KBytes  4.93 Mbits/sec  1.057 ms  9/449 (2%)  
[  8]  50.00-51.00  sec   608 KBytes  4.99 Mbits/sec  1.707 ms  7/452 (1.5%)  
[  8]  51.00-52.00  sec   608 KBytes  4.98 Mbits/sec  1.336 ms  1/446 (0.22%)  
[  8]  52.00-53.00  sec   611 KBytes  5.01 Mbits/sec  0.895 ms  0/447 (0%)  
[  8]  53.00-54.00  sec   595 KBytes  4.87 Mbits/sec  1.827 ms  10/445 (2.2%)  
[  8]  54.00-55.00  sec   577 KBytes  4.73 Mbits/sec  1.766 ms  22/444 (5%)  
[  8]  55.00-56.00  sec   602 KBytes  4.93 Mbits/sec  1.246 ms  10/450 (2.2%)  
[  8]  56.00-57.00  sec   603 KBytes  4.94 Mbits/sec  1.145 ms  5/446 (1.1%)  
[  8]  57.00-58.00  sec   591 KBytes  4.84 Mbits/sec  1.086 ms  11/443 (2.5%)  
[  8]  58.00-59.00  sec   602 KBytes  4.93 Mbits/sec  1.088 ms  10/450 (2.2%)  
[  8]  59.00-60.00  sec   604 KBytes  4.95 Mbits/sec  1.127 ms  5/447 (1.1%)  
[  8]  60.00-61.00  sec   600 KBytes  4.91 Mbits/sec  0.931 ms  7/446 (1.6%)  
[  8]  61.00-62.00  sec   608 KBytes  4.99 Mbits/sec  1.223 ms  1/446 (0.22%)  
[  8]  62.00-63.00  sec   602 KBytes  4.93 Mbits/sec  0.839 ms  7/447 (1.6%)  
[  8]  63.00-64.00  sec   593 KBytes  4.86 Mbits/sec  1.419 ms  11/445 (2.5%)  
[  8]  64.00-65.00  sec   582 KBytes  4.77 Mbits/sec  2.165 ms  18/444 (4.1%)  
[  8]  65.00-66.00  sec   597 KBytes  4.89 Mbits/sec  1.828 ms  13/450 (2.9%)  
[  8]  66.00-67.00  sec   600 KBytes  4.92 Mbits/sec  1.910 ms  7/446 (1.6%)  
[  8]  67.00-68.00  sec   612 KBytes  5.02 Mbits/sec  1.262 ms  0/448 (0%)  
[  8]  68.00-69.00  sec   597 KBytes  4.89 Mbits/sec  1.453 ms  6/443 (1.4%)  
[  8]  69.00-70.00  sec   595 KBytes  4.87 Mbits/sec  1.134 ms  15/450 (3.3%)  
[  8]  70.00-71.00  sec   603 KBytes  4.94 Mbits/sec  1.156 ms  4/445 (0.9%)  
[  8]  71.00-72.00  sec   602 KBytes  4.93 Mbits/sec  1.467 ms  6/446 (1.3%)  
[  8]  72.00-73.00  sec   611 KBytes  5.01 Mbits/sec  0.802 ms  0/447 (0%)  
[  8]  73.00-74.00  sec   591 KBytes  4.84 Mbits/sec  2.112 ms  11/443 (2.5%)  
[  8]  74.00-75.00  sec   581 KBytes  4.76 Mbits/sec  0.970 ms  23/448 (5.1%)  
[  8]  75.00-76.00  sec   596 KBytes  4.88 Mbits/sec  1.114 ms  12/448 (2.7%)  
[  8]  76.00-77.00  sec   607 KBytes  4.97 Mbits/sec  1.287 ms  2/446 (0.45%)  
[  8]  77.00-78.00  sec   584 KBytes  4.78 Mbits/sec  2.197 ms  17/444 (3.8%)  
[  8]  78.00-79.00  sec   591 KBytes  4.84 Mbits/sec  1.464 ms  16/448 (3.6%)  
[  8]  79.00-80.00  sec   604 KBytes  4.95 Mbits/sec  1.791 ms  6/448 (1.3%)  
[  8]  80.00-81.00  sec   587 KBytes  4.80 Mbits/sec  2.401 ms  13/442 (2.9%)  
[  8]  81.00-82.00  sec   612 KBytes  5.02 Mbits/sec  1.604 ms  2/450 (0.44%)  
[  8]  82.00-83.00  sec   596 KBytes  4.88 Mbits/sec  1.806 ms  7/443 (1.6%)  
[  8]  83.00-84.00  sec   585 KBytes  4.79 Mbits/sec  1.372 ms  21/449 (4.7%)  
[  8]  84.00-85.00  sec   608 KBytes  4.98 Mbits/sec  2.145 ms  0/445 (0%)  
[  8]  85.00-86.00  sec   597 KBytes  4.89 Mbits/sec  1.906 ms  13/450 (2.9%)  
[  8]  86.00-87.00  sec   607 KBytes  4.97 Mbits/sec  1.778 ms  1/445 (0.22%)  
[  8]  87.00-88.00  sec   591 KBytes  4.84 Mbits/sec  1.869 ms  11/443 (2.5%)  
[  8]  88.00-89.00  sec   592 KBytes  4.85 Mbits/sec  1.931 ms  17/450 (3.8%)  
[  8]  89.00-90.00  sec   593 KBytes  4.86 Mbits/sec  1.424 ms  13/447 (2.9%)  
[  8]  90.00-91.00  sec   608 KBytes  4.98 Mbits/sec  1.589 ms  1/446 (0.22%)  
[  8]  91.00-92.00  sec   592 KBytes  4.85 Mbits/sec  0.959 ms  7/440 (1.6%)  
[  8]  92.00-93.00  sec   607 KBytes  4.97 Mbits/sec  2.262 ms  9/453 (2%)  
[  8]  93.00-94.00  sec   592 KBytes  4.85 Mbits/sec  1.850 ms  4/437 (0.92%)  
[  8]  94.00-95.00  sec   607 KBytes  4.97 Mbits/sec  1.760 ms  8/452 (1.8%)  
[  8]  95.00-96.00  sec   603 KBytes  4.94 Mbits/sec  2.122 ms  9/450 (2%)  
[  8]  96.00-97.00  sec   600 KBytes  4.92 Mbits/sec  2.273 ms  9/448 (2%)  
[  8]  97.00-98.00  sec   604 KBytes  4.95 Mbits/sec  1.886 ms  1/443 (0.23%)  
[  8]  98.00-99.00  sec   591 KBytes  4.84 Mbits/sec  1.737 ms  17/449 (3.8%)  
[  8]  99.00-100.00 sec   599 KBytes  4.91 Mbits/sec  1.058 ms  9/447 (2%)  
[  8] 100.00-101.00 sec   610 KBytes  5.00 Mbits/sec  1.439 ms  0/446 (0%)  
[  8] 101.00-102.00 sec   604 KBytes  4.95 Mbits/sec  1.358 ms  5/447 (1.1%)  
[  8] 102.00-103.00 sec   606 KBytes  4.96 Mbits/sec  1.294 ms  1/444 (0.23%)  
[  8] 103.00-104.00 sec   602 KBytes  4.93 Mbits/sec  0.974 ms  8/448 (1.8%)  
[  8] 104.00-105.00 sec   592 KBytes  4.85 Mbits/sec  1.778 ms  13/446 (2.9%)  
[  8] 105.00-106.00 sec   592 KBytes  4.85 Mbits/sec  1.484 ms  13/446 (2.9%)  
[  8] 106.00-107.00 sec   596 KBytes  4.88 Mbits/sec  1.425 ms  11/447 (2.5%)  
[  8] 107.00-108.00 sec   581 KBytes  4.76 Mbits/sec  1.814 ms  16/441 (3.6%)  
[  8] 108.00-109.00 sec   587 KBytes  4.80 Mbits/sec  1.572 ms  22/451 (4.9%)  
[  8] 109.00-110.00 sec   602 KBytes  4.93 Mbits/sec  1.515 ms  8/448 (1.8%)  
[  8] 110.00-111.00 sec   600 KBytes  4.91 Mbits/sec  2.287 ms  4/443 (0.9%)  
[  8] 111.00-112.00 sec   611 KBytes  5.01 Mbits/sec  1.096 ms  2/449 (0.45%)  
[  8] 112.00-113.00 sec   608 KBytes  4.98 Mbits/sec  1.682 ms  3/448 (0.67%)  
[  8] 113.00-114.00 sec   541 KBytes  4.44 Mbits/sec  1.523 ms  49/445 (11%)  
[  8] 114.00-115.00 sec   585 KBytes  4.79 Mbits/sec  1.549 ms  19/447 (4.3%)  
[  8] 115.00-116.00 sec   588 KBytes  4.82 Mbits/sec  2.141 ms  15/445 (3.4%)  
[  8] 116.00-117.00 sec   595 KBytes  4.87 Mbits/sec  1.424 ms  13/448 (2.9%)  
[  8] 117.00-118.00 sec   607 KBytes  4.97 Mbits/sec  1.237 ms  1/445 (0.22%)  
[  8] 118.00-119.00 sec   577 KBytes  4.73 Mbits/sec  1.440 ms  24/448 (5.4%)  
[  8] 119.00-120.00 sec   596 KBytes  4.88 Mbits/sec  1.753 ms  8/444 (1.8%)  
[  8] 120.00-121.00 sec   607 KBytes  4.97 Mbits/sec  1.859 ms  3/447 (0.67%)  
[  8] 121.00-122.00 sec   610 KBytes  4.99 Mbits/sec  1.641 ms  2/448 (0.45%)  
[  8] 122.00-123.00 sec   593 KBytes  4.86 Mbits/sec  1.876 ms  12/446 (2.7%)  
[  8] 123.00-124.00 sec   592 KBytes  4.85 Mbits/sec  1.247 ms  14/447 (3.1%)  
[  8] 124.00-125.00 sec   591 KBytes  4.84 Mbits/sec  1.553 ms  14/446 (3.1%)  
[  8] 125.00-126.00 sec   600 KBytes  4.92 Mbits/sec  1.422 ms  8/447 (1.8%)  
[  8] 126.00-127.00 sec   596 KBytes  4.88 Mbits/sec  1.878 ms  10/446 (2.2%)  
[  8] 127.00-128.00 sec   595 KBytes  4.87 Mbits/sec  2.234 ms  4/439 (0.91%)  
[  8] 128.00-129.00 sec   569 KBytes  4.66 Mbits/sec  2.105 ms  36/452 (8%)  
[  8] 129.00-130.00 sec   580 KBytes  4.75 Mbits/sec  1.164 ms  23/447 (5.1%)  
[  8] 130.00-131.00 sec   588 KBytes  4.82 Mbits/sec  1.867 ms  17/447 (3.8%)  
[  8] 131.00-132.00 sec   584 KBytes  4.78 Mbits/sec  2.606 ms  20/447 (4.5%)  
[  8] 132.00-133.00 sec   573 KBytes  4.69 Mbits/sec  2.076 ms  26/445 (5.8%)  
[  8] 133.00-134.00 sec   576 KBytes  4.72 Mbits/sec  2.371 ms  26/447 (5.8%)  
[  8] 134.00-135.00 sec   592 KBytes  4.84 Mbits/sec  2.098 ms  13/446 (2.9%)  
[  8] 135.00-136.00 sec   604 KBytes  4.96 Mbits/sec  1.946 ms  5/447 (1.1%)  
[  8] 136.00-137.00 sec   593 KBytes  4.86 Mbits/sec  1.921 ms  13/447 (2.9%)  
[  8] 137.00-138.00 sec   566 KBytes  4.64 Mbits/sec  1.734 ms  33/447 (7.4%)  
[  8] 138.00-139.00 sec   604 KBytes  4.95 Mbits/sec  1.606 ms  4/446 (0.9%)  
[  8] 139.00-140.00 sec   593 KBytes  4.86 Mbits/sec  1.161 ms  13/447 (2.9%)  
[  8] 140.00-141.00 sec   593 KBytes  4.86 Mbits/sec  2.078 ms  12/446 (2.7%)  
[  8] 141.00-142.00 sec   604 KBytes  4.95 Mbits/sec  1.584 ms  4/446 (0.9%)  
[  8] 142.00-143.00 sec   577 KBytes  4.73 Mbits/sec  1.582 ms  22/444 (5%)  
[  8] 143.00-144.00 sec   585 KBytes  4.79 Mbits/sec  1.382 ms  20/448 (4.5%)  
[  8] 144.00-145.00 sec   585 KBytes  4.79 Mbits/sec  1.025 ms  18/446 (4%)  
[  8] 145.00-146.00 sec   580 KBytes  4.75 Mbits/sec  1.728 ms  25/449 (5.6%)  
[  8] 146.00-147.00 sec   552 KBytes  4.52 Mbits/sec  2.171 ms  16/420 (3.8%)  
[  8] 147.00-148.00 sec   638 KBytes  5.23 Mbits/sec  1.481 ms  5/472 (1.1%)  
[  8] 148.00-149.00 sec   566 KBytes  4.64 Mbits/sec  1.764 ms  31/445 (7%)  
[  8] 149.00-150.00 sec   570 KBytes  4.67 Mbits/sec  1.647 ms  30/447 (6.7%)  
[  8] 150.00-151.00 sec   500 KBytes  4.10 Mbits/sec  1.186 ms  44/410 (11%)  
[  8] 151.00-152.00 sec   611 KBytes  5.01 Mbits/sec  1.489 ms  28/475 (5.9%)  
[  8] 152.00-153.00 sec   621 KBytes  5.08 Mbits/sec  0.868 ms  0/454 (0%)  
[  8] 153.00-154.00 sec   595 KBytes  4.87 Mbits/sec  2.636 ms  10/445 (2.2%)  
[  8] 154.00-155.00 sec   596 KBytes  4.88 Mbits/sec  1.725 ms  13/449 (2.9%)  
[  8] 155.00-156.00 sec   592 KBytes  4.85 Mbits/sec  1.687 ms  11/444 (2.5%)  
[  8] 156.00-157.00 sec   603 KBytes  4.94 Mbits/sec  1.930 ms  8/449 (1.8%)  
[  8] 157.00-158.00 sec   606 KBytes  4.96 Mbits/sec  2.032 ms  1/444 (0.23%)  
[  8] 158.00-159.00 sec   589 KBytes  4.83 Mbits/sec  1.732 ms  10/441 (2.3%)  
[  8] 159.00-160.00 sec   589 KBytes  4.83 Mbits/sec  1.708 ms  22/453 (4.9%)  
[  8] 160.00-161.00 sec   593 KBytes  4.86 Mbits/sec  0.962 ms  12/446 (2.7%)  
[  8] 161.00-162.00 sec   604 KBytes  4.95 Mbits/sec  0.723 ms  4/446 (0.9%)  
[  8] 162.00-163.00 sec   610 KBytes  5.00 Mbits/sec  1.456 ms  1/447 (0.22%)  
[  8] 163.00-164.00 sec   592 KBytes  4.85 Mbits/sec  1.964 ms  15/448 (3.3%)  
[  8] 164.00-165.00 sec   604 KBytes  4.95 Mbits/sec  1.248 ms  4/446 (0.9%)  
[  8] 165.00-166.00 sec   607 KBytes  4.97 Mbits/sec  1.554 ms  2/446 (0.45%)  
[  8] 166.00-167.00 sec   611 KBytes  5.01 Mbits/sec  1.101 ms  0/447 (0%)  
[  8] 167.00-168.00 sec   604 KBytes  4.95 Mbits/sec  0.932 ms  4/446 (0.9%)  
[  8] 168.00-169.00 sec   602 KBytes  4.93 Mbits/sec  1.586 ms  8/448 (1.8%)  
[  8] 169.00-170.00 sec   593 KBytes  4.86 Mbits/sec  1.436 ms  11/445 (2.5%)  
[  8] 170.00-171.00 sec   595 KBytes  4.87 Mbits/sec  1.732 ms  12/447 (2.7%)  
[  8] 171.00-172.00 sec   578 KBytes  4.74 Mbits/sec  1.612 ms  22/445 (4.9%)  
[  8] 172.00-173.00 sec   603 KBytes  4.94 Mbits/sec  1.711 ms  7/448 (1.6%)  
[  8] 173.00-174.00 sec   580 KBytes  4.75 Mbits/sec  2.335 ms  21/445 (4.7%)  
[  8] 174.00-175.00 sec   599 KBytes  4.91 Mbits/sec  1.378 ms  8/446 (1.8%)  
[  8] 175.00-176.00 sec   607 KBytes  4.97 Mbits/sec  1.705 ms  5/449 (1.1%)  
[  8] 176.00-177.00 sec   603 KBytes  4.94 Mbits/sec  1.215 ms  4/445 (0.9%)  
[  8] 177.00-178.00 sec   600 KBytes  4.92 Mbits/sec  1.446 ms  8/447 (1.8%)  
[  8] 178.00-179.00 sec   607 KBytes  4.96 Mbits/sec  1.961 ms  1/445 (0.22%)  
[  8] 179.00-180.00 sec   593 KBytes  4.87 Mbits/sec  1.550 ms  13/447 (2.9%)  
[  8] 180.00-181.00 sec   596 KBytes  4.88 Mbits/sec  1.520 ms  12/448 (2.7%)  
[  8] 181.00-182.00 sec   602 KBytes  4.92 Mbits/sec  1.451 ms  5/445 (1.1%)  
[  8] 182.00-183.00 sec   597 KBytes  4.90 Mbits/sec  1.775 ms  9/446 (2%)  
[  8] 183.00-184.00 sec   587 KBytes  4.80 Mbits/sec  1.199 ms  17/446 (3.8%)  
[  8] 184.00-185.00 sec   603 KBytes  4.94 Mbits/sec  2.445 ms  5/446 (1.1%)  
[  8] 185.00-186.00 sec   596 KBytes  4.88 Mbits/sec  1.624 ms  12/448 (2.7%)  
[  8] 186.00-187.00 sec   596 KBytes  4.88 Mbits/sec  1.342 ms  11/447 (2.5%)  
[  8] 187.00-188.00 sec   591 KBytes  4.84 Mbits/sec  2.085 ms  12/444 (2.7%)  
[  8] 188.00-189.00 sec   539 KBytes  4.41 Mbits/sec  2.507 ms  50/444 (11%)  
[  8] 189.00-190.00 sec   582 KBytes  4.77 Mbits/sec  1.304 ms  24/450 (5.3%)  
[  8] 190.00-191.00 sec   592 KBytes  4.85 Mbits/sec  1.377 ms  14/447 (3.1%)  
[  8] 191.00-192.00 sec   588 KBytes  4.82 Mbits/sec  1.777 ms  17/447 (3.8%)  
[  8] 192.00-193.00 sec   578 KBytes  4.74 Mbits/sec  2.611 ms  16/439 (3.6%)  
[  8] 193.00-194.00 sec   588 KBytes  4.82 Mbits/sec  1.453 ms  23/453 (5.1%)  
[  8] 194.00-195.00 sec   589 KBytes  4.83 Mbits/sec  1.720 ms  14/445 (3.1%)  
[  8] 195.00-196.00 sec   600 KBytes  4.92 Mbits/sec  1.877 ms  8/447 (1.8%)  
[  8] 196.00-197.00 sec   602 KBytes  4.93 Mbits/sec  1.860 ms  7/447 (1.6%)  
[  8] 197.00-198.00 sec   571 KBytes  4.68 Mbits/sec  2.966 ms  3/421 (0.71%)  
[  8] 198.00-199.00 sec   611 KBytes  5.01 Mbits/sec  1.356 ms  26/473 (5.5%)  
[  8] 199.00-200.00 sec   608 KBytes  4.98 Mbits/sec  1.007 ms  1/446 (0.22%)  
[  8] 200.00-201.00 sec   611 KBytes  5.00 Mbits/sec  1.244 ms  0/447 (0%)  
[  8] 201.00-202.00 sec   608 KBytes  4.99 Mbits/sec  1.212 ms  1/446 (0.22%)  
[  8] 202.00-203.00 sec   611 KBytes  5.01 Mbits/sec  1.527 ms  0/447 (0%)  
[  8] 203.00-204.00 sec   599 KBytes  4.91 Mbits/sec  1.313 ms  8/446 (1.8%)  
[  8] 204.00-205.00 sec   607 KBytes  4.97 Mbits/sec  1.526 ms  3/447 (0.67%)  
[  8] 205.00-206.00 sec   604 KBytes  4.95 Mbits/sec  0.908 ms  4/446 (0.9%)  
[  8] 206.00-207.00 sec   597 KBytes  4.88 Mbits/sec  1.651 ms  10/447 (2.2%)  
[  8] 207.00-208.00 sec   606 KBytes  4.98 Mbits/sec  1.117 ms  2/445 (0.45%)  
[  8] 208.00-209.00 sec   607 KBytes  4.97 Mbits/sec  1.981 ms  4/448 (0.89%)  
[  8] 209.00-210.00 sec   587 KBytes  4.80 Mbits/sec  1.735 ms  15/444 (3.4%)  
[  8] 210.00-211.00 sec   593 KBytes  4.86 Mbits/sec  0.934 ms  14/448 (3.1%)  
[  8] 211.00-212.00 sec   592 KBytes  4.85 Mbits/sec  1.279 ms  14/447 (3.1%)  
[  8] 212.00-213.00 sec   593 KBytes  4.86 Mbits/sec  1.043 ms  11/445 (2.5%)  
[  8] 213.00-214.00 sec   596 KBytes  4.88 Mbits/sec  1.903 ms  7/443 (1.6%)  
[  8] 214.00-215.00 sec   615 KBytes  5.04 Mbits/sec  1.129 ms  0/450 (0%)  
[  8] 215.00-216.00 sec   597 KBytes  4.89 Mbits/sec  1.921 ms  9/446 (2%)  
[  8] 216.00-217.00 sec   599 KBytes  4.91 Mbits/sec  2.010 ms  9/447 (2%)  
[  8] 217.00-218.00 sec   607 KBytes  4.97 Mbits/sec  1.473 ms  2/446 (0.45%)  
[  8] 218.00-219.00 sec   604 KBytes  4.95 Mbits/sec  0.678 ms  4/446 (0.9%)  
[  8] 219.00-220.00 sec   610 KBytes  5.00 Mbits/sec  1.076 ms  2/448 (0.45%)  
[  8] 220.00-221.00 sec   610 KBytes  4.99 Mbits/sec  1.659 ms  0/446 (0%)  
[  8] 221.00-222.00 sec   596 KBytes  4.88 Mbits/sec  1.804 ms  11/447 (2.5%)  
[  8] 222.00-223.00 sec   608 KBytes  4.98 Mbits/sec  1.208 ms  2/447 (0.45%)  
[  8] 223.00-224.00 sec   600 KBytes  4.92 Mbits/sec  1.394 ms  7/446 (1.6%)  
[  8] 224.00-225.00 sec   600 KBytes  4.92 Mbits/sec  1.932 ms  1/440 (0.23%)  
[  8] 225.00-226.00 sec   618 KBytes  5.06 Mbits/sec  1.244 ms  0/452 (0%)  
[  8] 226.00-227.00 sec   608 KBytes  4.98 Mbits/sec  0.918 ms  1/446 (0.22%)  
[  8] 227.00-228.00 sec   535 KBytes  4.38 Mbits/sec  4.410 ms  0/391 (0%)  
[  8] 228.00-229.00 sec   607 KBytes  4.97 Mbits/sec  1.060 ms  58/502 (12%)  
[  8] 229.00-230.00 sec   612 KBytes  5.02 Mbits/sec  1.430 ms  0/448 (0%)  
[  8] 230.00-231.00 sec   603 KBytes  4.94 Mbits/sec  1.587 ms  5/446 (1.1%)  
[  8] 231.00-232.00 sec   606 KBytes  4.96 Mbits/sec  1.872 ms  2/445 (0.45%)  
[  8] 232.00-233.00 sec   588 KBytes  4.82 Mbits/sec  1.375 ms  15/445 (3.4%)  
[  8] 233.00-234.00 sec   611 KBytes  5.01 Mbits/sec  1.449 ms  1/448 (0.22%)  
[  8] 234.00-235.00 sec   581 KBytes  4.76 Mbits/sec  1.945 ms  23/448 (5.1%)  
[  8] 235.00-236.00 sec   608 KBytes  4.98 Mbits/sec  1.919 ms  1/446 (0.22%)  
[  8] 236.00-237.00 sec   543 KBytes  4.45 Mbits/sec  4.064 ms  49/446 (11%)  
[  8] 237.00-238.00 sec   610 KBytes  5.00 Mbits/sec  0.825 ms  0/446 (0%)  
[  8] 238.00-239.00 sec   608 KBytes  4.98 Mbits/sec  1.809 ms  2/447 (0.45%)  
[  8] 239.00-240.00 sec   607 KBytes  4.97 Mbits/sec  1.970 ms  0/444 (0%)  
- - - - - - - - - - - - - - - - - - - - - - - - -
[ ID] Interval           Transfer     Bitrate         Jitter    Lost/Total Datagrams
[  8]   0.00-240.01 sec   140 MBytes  4.88 Mbits/sec  1.970 ms  2494/107139 (2.3%)  receiver
