-----------------------------------------------------------
Server listening on 5201 (test #1)
-----------------------------------------------------------
Accepted connection from 10.0.0.1, port 51548
[  8] local 10.0.0.65 port 5201 connected to 10.0.0.1 port 50418
[ ID] Interval           Transfer     Bitrate         Jitter    Lost/Total Datagrams
[  8]   0.00-1.00   sec  2.32 MBytes  19.5 Mbits/sec  0.643 ms  22/1760 (1.2%)  
[  8]   1.00-2.00   sec  2.39 MBytes  20.1 Mbits/sec  0.583 ms  6/1798 (0.33%)  
[  8]   2.00-3.00   sec  2.38 MBytes  19.9 Mbits/sec  0.763 ms  1/1780 (0.056%)  
[  8]   3.00-4.00   sec  2.26 MBytes  18.9 Mbits/sec  0.914 ms  78/1769 (4.4%)  
[  8]   4.00-5.00   sec  2.28 MBytes  19.2 Mbits/sec  0.628 ms  100/1811 (5.5%)  
[  8]   5.00-6.00   sec  2.31 MBytes  19.4 Mbits/sec  0.580 ms  53/1786 (3%)  
[  8]   6.00-7.00   sec  2.34 MBytes  19.6 Mbits/sec  0.877 ms  22/1773 (1.2%)  
[  8]   7.00-8.00   sec  2.29 MBytes  19.2 Mbits/sec  0.525 ms  72/1786 (4%)  
[  8]   8.00-9.00   sec  2.35 MBytes  19.7 Mbits/sec  0.781 ms  27/1784 (1.5%)  
[  8]   9.00-10.00  sec  2.39 MBytes  20.1 Mbits/sec  0.628 ms  2/1793 (0.11%)  
[  8]  10.00-11.00  sec  2.35 MBytes  19.7 Mbits/sec  0.626 ms  28/1790 (1.6%)  
[  8]  11.00-12.00  sec  2.35 MBytes  19.7 Mbits/sec  0.810 ms  18/1778 (1%)  
[  8]  12.00-13.00  sec  2.37 MBytes  19.9 Mbits/sec  0.722 ms  15/1793 (0.84%)  
[  8]  13.00-14.00  sec  2.35 MBytes  19.7 Mbits/sec  0.724 ms  15/1773 (0.85%)  
[  8]  14.00-15.00  sec  2.33 MBytes  19.6 Mbits/sec  0.807 ms  38/1786 (2.1%)  
[  8]  15.00-16.00  sec  2.26 MBytes  19.0 Mbits/sec  0.966 ms  67/1762 (3.8%)  
[  8]  16.00-17.00  sec  2.39 MBytes  20.0 Mbits/sec  0.597 ms  35/1822 (1.9%)  
[  8]  17.00-18.00  sec  2.34 MBytes  19.6 Mbits/sec  0.474 ms  29/1782 (1.6%)  
[  8]  18.00-19.00  sec  2.28 MBytes  19.1 Mbits/sec  0.663 ms  45/1749 (2.6%)  
[  8]  19.00-20.00  sec  1.87 MBytes  15.7 Mbits/sec  0.912 ms  304/1705 (18%)  
[  8]  20.00-21.00  sec  2.22 MBytes  18.6 Mbits/sec  0.628 ms  246/1906 (13%)  
[  8]  21.00-22.00  sec  2.31 MBytes  19.3 Mbits/sec  0.920 ms  45/1774 (2.5%)  
[  8]  22.00-23.00  sec  2.36 MBytes  19.9 Mbits/sec  0.642 ms  25/1796 (1.4%)  
[  8]  23.00-24.00  sec  2.32 MBytes  19.5 Mbits/sec  0.803 ms  40/1780 (2.2%)  
[  8]  24.00-25.00  sec  2.35 MBytes  19.7 Mbits/sec  0.750 ms  24/1783 (1.3%)  
[  8]  25.00-26.00  sec  2.33 MBytes  19.6 Mbits/sec  0.628 ms  50/1796 (2.8%)  
[  8]  26.00-27.00  sec  2.34 MBytes  19.6 Mbits/sec  0.934 ms  19/1773 (1.1%)  
[  8]  27.00-28.00  sec  2.31 MBytes  19.4 Mbits/sec  0.923 ms  63/1792 (3.5%)  
[  8]  28.00-29.00  sec  2.26 MBytes  18.9 Mbits/sec  0.775 ms  94/1784 (5.3%)  
[  8]  29.00-30.00  sec  2.34 MBytes  19.6 Mbits/sec  0.499 ms  39/1792 (2.2%)  
[  8]  30.00-31.00  sec  2.34 MBytes  19.6 Mbits/sec  0.473 ms  32/1786 (1.8%)  
[  8]  31.00-32.00  sec  2.33 MBytes  19.5 Mbits/sec  0.761 ms  39/1783 (2.2%)  
[  8]  32.00-33.00  sec  2.16 MBytes  18.2 Mbits/sec  1.164 ms  153/1774 (8.6%)  
[  8]  33.00-34.00  sec  2.17 MBytes  18.2 Mbits/sec  0.784 ms  175/1802 (9.7%)  
[  8]  34.00-35.00  sec  2.22 MBytes  18.6 Mbits/sec  0.584 ms  123/1782 (6.9%)  
[  8]  35.00-36.00  sec  2.26 MBytes  18.9 Mbits/sec  0.478 ms  96/1786 (5.4%)  
[  8]  36.00-37.00  sec  2.24 MBytes  18.8 Mbits/sec  0.695 ms  95/1776 (5.3%)  
[  8]  37.00-38.00  sec  2.30 MBytes  19.3 Mbits/sec  0.786 ms  64/1790 (3.6%)  
[  8]  38.00-39.00  sec  2.24 MBytes  18.8 Mbits/sec  0.728 ms  106/1787 (5.9%)  
[  8]  39.00-40.00  sec  2.29 MBytes  19.2 Mbits/sec  0.590 ms  84/1796 (4.7%)  
[  8]  40.00-41.00  sec  2.33 MBytes  19.6 Mbits/sec  0.715 ms  35/1782 (2%)  
[  8]  41.00-42.00  sec  2.32 MBytes  19.5 Mbits/sec  0.857 ms  40/1778 (2.2%)  
[  8]  42.00-43.00  sec  2.36 MBytes  19.8 Mbits/sec  0.558 ms  28/1798 (1.6%)  
[  8]  43.00-44.00  sec  2.24 MBytes  18.8 Mbits/sec  0.918 ms  87/1767 (4.9%)  
[  8]  44.00-45.00  sec  2.32 MBytes  19.4 Mbits/sec  0.481 ms  64/1800 (3.6%)  
[  8]  45.00-46.00  sec  2.21 MBytes  18.5 Mbits/sec  0.697 ms  132/1787 (7.4%)  
[  8]  46.00-47.00  sec  2.22 MBytes  18.6 Mbits/sec  0.824 ms  110/1772 (6.2%)  
[  8]  47.00-48.00  sec  2.20 MBytes  18.4 Mbits/sec  0.523 ms  149/1795 (8.3%)  
[  8]  48.00-49.00  sec  2.20 MBytes  18.5 Mbits/sec  1.059 ms  109/1760 (6.2%)  
[  8]  49.00-50.00  sec  2.32 MBytes  19.4 Mbits/sec  0.520 ms  83/1817 (4.6%)  
[  8]  50.00-51.00  sec  2.33 MBytes  19.6 Mbits/sec  0.770 ms  33/1780 (1.9%)  
[  8]  51.00-52.00  sec  2.37 MBytes  19.8 Mbits/sec  0.937 ms  10/1782 (0.56%)  
[  8]  52.00-53.00  sec  2.38 MBytes  20.0 Mbits/sec  0.472 ms  0/1786 (0%)  
[  8]  53.00-54.00  sec  2.20 MBytes  18.5 Mbits/sec  0.991 ms  131/1781 (7.4%)  
[  8]  54.00-55.00  sec  2.27 MBytes  19.0 Mbits/sec  0.663 ms  87/1786 (4.9%)  
[  8]  55.00-56.00  sec  2.34 MBytes  19.6 Mbits/sec  0.735 ms  44/1793 (2.5%)  
[  8]  56.00-57.00  sec  2.34 MBytes  19.6 Mbits/sec  0.578 ms  42/1794 (2.3%)  
[  8]  57.00-58.00  sec  2.31 MBytes  19.4 Mbits/sec  0.505 ms  50/1781 (2.8%)  
[  8]  58.00-59.00  sec  2.29 MBytes  19.2 Mbits/sec  0.690 ms  70/1786 (3.9%)  
[  8]  59.00-60.00  sec  2.31 MBytes  19.4 Mbits/sec  0.585 ms  50/1783 (2.8%)  
[  8]  60.00-61.00  sec  2.30 MBytes  19.2 Mbits/sec  0.591 ms  64/1787 (3.6%)  
[  8]  61.00-62.00  sec  2.33 MBytes  19.6 Mbits/sec  0.713 ms  44/1788 (2.5%)  
[  8]  62.00-63.00  sec  2.26 MBytes  19.0 Mbits/sec  0.995 ms  79/1775 (4.5%)  
[  8]  63.00-64.00  sec  2.23 MBytes  18.7 Mbits/sec  0.664 ms  128/1797 (7.1%)  
[  8]  64.00-65.00  sec  2.21 MBytes  18.5 Mbits/sec  1.120 ms  100/1756 (5.7%)  
[  8]  65.00-66.00  sec  2.30 MBytes  19.3 Mbits/sec  0.677 ms  80/1800 (4.4%)  
[  8]  66.00-67.00  sec  2.35 MBytes  19.7 Mbits/sec  0.777 ms  42/1800 (2.3%)  
[  8]  67.00-68.00  sec  2.37 MBytes  19.9 Mbits/sec  0.653 ms  11/1784 (0.62%)  
[  8]  68.00-69.00  sec  2.14 MBytes  17.9 Mbits/sec  0.640 ms  185/1787 (10%)  
[  8]  69.00-70.00  sec  2.31 MBytes  19.4 Mbits/sec  0.521 ms  55/1787 (3.1%)  
[  8]  70.00-71.00  sec  2.33 MBytes  19.5 Mbits/sec  0.669 ms  39/1781 (2.2%)  
[  8]  71.00-72.00  sec  2.34 MBytes  19.7 Mbits/sec  0.697 ms  37/1793 (2.1%)  
[  8]  72.00-73.00  sec  2.33 MBytes  19.5 Mbits/sec  0.600 ms  44/1786 (2.5%)  
[  8]  73.00-74.00  sec  2.25 MBytes  18.8 Mbits/sec  1.049 ms  67/1750 (3.8%)  
[  8]  74.00-75.00  sec  2.23 MBytes  18.7 Mbits/sec  0.765 ms  127/1800 (7.1%)  
[  8]  75.00-76.00  sec  2.26 MBytes  18.9 Mbits/sec  0.635 ms  111/1805 (6.1%)  
[  8]  76.00-77.00  sec  2.37 MBytes  19.9 Mbits/sec  0.557 ms  4/1781 (0.22%)  
[  8]  77.00-78.00  sec  2.16 MBytes  18.1 Mbits/sec  1.400 ms  154/1772 (8.7%)  
[  8]  78.00-79.00  sec  2.17 MBytes  18.2 Mbits/sec  0.625 ms  173/1799 (9.6%)  
[  8]  79.00-80.00  sec  2.29 MBytes  19.2 Mbits/sec  0.653 ms  79/1791 (4.4%)  
[  8]  80.00-81.00  sec  2.25 MBytes  18.9 Mbits/sec  1.060 ms  84/1769 (4.7%)  
[  8]  81.00-82.00  sec  2.23 MBytes  18.7 Mbits/sec  0.749 ms  129/1797 (7.2%)  
[  8]  82.00-83.00  sec  2.29 MBytes  19.2 Mbits/sec  0.603 ms  54/1772 (3%)  
[  8]  83.00-84.00  sec  2.24 MBytes  18.8 Mbits/sec  0.422 ms  119/1797 (6.6%)  
[  8]  84.00-85.00  sec  2.28 MBytes  19.1 Mbits/sec  0.443 ms  72/1780 (4%)  
[  8]  85.00-86.00  sec  2.23 MBytes  18.7 Mbits/sec  0.630 ms  128/1798 (7.1%)  
[  8]  86.00-87.00  sec  2.35 MBytes  19.7 Mbits/sec  0.601 ms  26/1789 (1.5%)  
[  8]  87.00-88.00  sec  2.28 MBytes  19.1 Mbits/sec  0.937 ms  27/1733 (1.6%)  
[  8]  88.00-89.00  sec  2.19 MBytes  18.3 Mbits/sec  0.591 ms  181/1819 (10%)  
[  8]  89.00-90.00  sec  2.16 MBytes  18.1 Mbits/sec  1.111 ms  153/1770 (8.6%)  
[  8]  90.00-91.00  sec  2.31 MBytes  19.4 Mbits/sec  0.369 ms  88/1817 (4.8%)  
[  8]  91.00-92.00  sec  2.22 MBytes  18.6 Mbits/sec  0.701 ms  109/1770 (6.2%)  
[  8]  92.00-93.00  sec  2.21 MBytes  18.5 Mbits/sec  0.785 ms  128/1783 (7.2%)  
[  8]  93.00-94.00  sec  2.26 MBytes  19.0 Mbits/sec  0.776 ms  77/1766 (4.4%)  
[  8]  94.00-95.00  sec  2.26 MBytes  19.0 Mbits/sec  0.899 ms  114/1808 (6.3%)  
[  8]  95.00-96.00  sec  2.28 MBytes  19.1 Mbits/sec  0.767 ms  79/1786 (4.4%)  
[  8]  96.00-97.00  sec  2.31 MBytes  19.4 Mbits/sec  0.840 ms  59/1790 (3.3%)  
[  8]  97.00-98.00  sec  2.38 MBytes  19.9 Mbits/sec  0.631 ms  4/1787 (0.22%)  
[  8]  98.00-99.00  sec  2.25 MBytes  19.0 Mbits/sec  0.541 ms  107/1794 (6%)  
[  8]  99.00-100.00 sec  2.26 MBytes  19.0 Mbits/sec  0.729 ms  96/1789 (5.4%)  
[  8] 100.00-101.00 sec  2.35 MBytes  19.7 Mbits/sec  0.768 ms  19/1781 (1.1%)  
[  8] 101.00-102.00 sec  2.35 MBytes  19.7 Mbits/sec  0.544 ms  32/1790 (1.8%)  
[  8] 102.00-103.00 sec  2.33 MBytes  19.6 Mbits/sec  0.513 ms  14/1760 (0.8%)  
[  8] 103.00-104.00 sec  2.30 MBytes  19.3 Mbits/sec  0.699 ms  81/1800 (4.5%)  
[  8] 104.00-105.00 sec  2.22 MBytes  18.7 Mbits/sec  0.435 ms  125/1791 (7%)  
[  8] 105.00-106.00 sec  2.32 MBytes  19.5 Mbits/sec  0.688 ms  48/1788 (2.7%)  
[  8] 106.00-107.00 sec  2.31 MBytes  19.4 Mbits/sec  0.595 ms  57/1789 (3.2%)  
[  8] 107.00-108.00 sec  2.24 MBytes  18.8 Mbits/sec  0.844 ms  96/1777 (5.4%)  
[  8] 108.00-109.00 sec  2.18 MBytes  18.3 Mbits/sec  0.473 ms  160/1796 (8.9%)  
[  8] 109.00-110.00 sec  2.29 MBytes  19.2 Mbits/sec  0.471 ms  65/1777 (3.7%)  
[  8] 110.00-111.00 sec  2.32 MBytes  19.4 Mbits/sec  0.464 ms  30/1764 (1.7%)  
[  8] 111.00-112.00 sec  2.38 MBytes  20.0 Mbits/sec  0.691 ms  33/1815 (1.8%)  
[  8] 112.00-113.00 sec  2.32 MBytes  19.5 Mbits/sec  0.700 ms  46/1784 (2.6%)  
[  8] 113.00-114.00 sec  1.99 MBytes  16.7 Mbits/sec  0.604 ms  300/1788 (17%)  
[  8] 114.00-115.00 sec  2.28 MBytes  19.1 Mbits/sec  0.597 ms  77/1786 (4.3%)  
[  8] 115.00-116.00 sec  2.23 MBytes  18.7 Mbits/sec  0.647 ms  108/1779 (6.1%)  
[  8] 116.00-117.00 sec  2.28 MBytes  19.2 Mbits/sec  0.324 ms  79/1789 (4.4%)  
[  8] 117.00-118.00 sec  2.30 MBytes  19.3 Mbits/sec  0.631 ms  62/1782 (3.5%)  
[  8] 118.00-119.00 sec  2.21 MBytes  18.5 Mbits/sec  0.425 ms  130/1782 (7.3%)  
[  8] 119.00-120.00 sec  2.36 MBytes  19.8 Mbits/sec  0.627 ms  26/1790 (1.5%)  
[  8] 120.00-121.00 sec  2.36 MBytes  19.8 Mbits/sec  0.882 ms  21/1786 (1.2%)  
[  8] 121.00-122.00 sec  2.36 MBytes  19.8 Mbits/sec  0.570 ms  24/1794 (1.3%)  
[  8] 122.00-123.00 sec  2.31 MBytes  19.4 Mbits/sec  0.715 ms  53/1784 (3%)  
[  8] 123.00-124.00 sec  2.28 MBytes  19.1 Mbits/sec  0.782 ms  66/1770 (3.7%)  
[  8] 124.00-125.00 sec  2.31 MBytes  19.4 Mbits/sec  0.828 ms  71/1803 (3.9%)  
[  8] 125.00-126.00 sec  2.31 MBytes  19.4 Mbits/sec  0.542 ms  52/1784 (2.9%)  
[  8] 126.00-127.00 sec  2.30 MBytes  19.3 Mbits/sec  0.704 ms  54/1778 (3%)  
[  8] 127.00-128.00 sec  2.28 MBytes  19.1 Mbits/sec  0.801 ms  36/1740 (2.1%)  
[  8] 128.00-129.00 sec  2.14 MBytes  17.9 Mbits/sec  0.758 ms  232/1832 (13%)  
[  8] 129.00-130.00 sec  2.25 MBytes  18.9 Mbits/sec  0.533 ms  95/1782 (5.3%)  
[  8] 130.00-131.00 sec  2.32 MBytes  19.4 Mbits/sec  0.800 ms  56/1792 (3.1%)  
[  8] 131.00-132.00 sec  2.21 MBytes  18.5 Mbits/sec  0.919 ms  101/1755 (5.8%)  
[  8] 132.00-133.00 sec  2.17 MBytes  18.2 Mbits/sec  0.611 ms  192/1814 (11%)  
[  8] 133.00-134.00 sec  2.06 MBytes  17.3 Mbits/sec  0.794 ms  236/1777 (13%)  
[  8] 134.00-135.00 sec  2.18 MBytes  18.3 Mbits/sec  0.738 ms  161/1797 (9%)  
[  8] 135.00-136.00 sec  2.28 MBytes  19.1 Mbits/sec  0.459 ms  75/1785 (4.2%)  
[  8] 136.00-137.00 sec  2.25 MBytes  18.8 Mbits/sec  1.001 ms  89/1771 (5%)  
[  8] 137.00-138.00 sec  2.10 MBytes  17.6 Mbits/sec  0.801 ms  220/1795 (12%)  
[  8] 138.00-139.00 sec  2.35 MBytes  19.7 Mbits/sec  0.642 ms  32/1791 (1.8%)  
[  8] 139.00-140.00 sec  2.27 MBytes  19.1 Mbits/sec  0.496 ms  88/1791 (4.9%)  
[  8] 140.00-141.00 sec  2.20 MBytes  18.5 Mbits/sec  0.661 ms  124/1773 (7%)  
[  8] 141.00-142.00 sec  2.33 MBytes  19.5 Mbits/sec  0.511 ms  57/1801 (3.2%)  
[  8] 142.00-143.00 sec  2.23 MBytes  18.7 Mbits/sec  0.479 ms  110/1780 (6.2%)  
[  8] 143.00-144.00 sec  2.24 MBytes  18.8 Mbits/sec  0.520 ms  94/1773 (5.3%)  
[  8] 144.00-145.00 sec  2.21 MBytes  18.5 Mbits/sec  0.829 ms  131/1785 (7.3%)  
[  8] 145.00-146.00 sec  2.26 MBytes  18.9 Mbits/sec  0.607 ms  106/1797 (5.9%)  
[  8] 146.00-147.00 sec  2.13 MBytes  17.9 Mbits/sec  1.056 ms  90/1687 (5.3%)  
[  8] 147.00-148.00 sec  2.38 MBytes  20.0 Mbits/sec  0.534 ms  103/1886 (5.5%)  
[  8] 148.00-149.00 sec  2.31 MBytes  19.4 Mbits/sec  0.856 ms  51/1779 (2.9%)  
[  8] 149.00-150.00 sec  2.25 MBytes  18.9 Mbits/sec  0.710 ms  106/1791 (5.9%)  
[  8] 150.00-151.00 sec  2.06 MBytes  17.3 Mbits/sec  0.636 ms  97/1641 (5.9%)  
[  8] 151.00-152.00 sec  2.42 MBytes  20.3 Mbits/sec  1.022 ms  89/1905 (4.7%)  
[  8] 152.00-153.00 sec  2.42 MBytes  20.3 Mbits/sec  0.674 ms  4/1817 (0.22%)  
[  8] 153.00-154.00 sec  2.30 MBytes  19.3 Mbits/sec  0.715 ms  55/1774 (3.1%)  
[  8] 154.00-155.00 sec  2.30 MBytes  19.3 Mbits/sec  0.709 ms  70/1790 (3.9%)  
[  8] 155.00-156.00 sec  2.25 MBytes  18.9 Mbits/sec  0.912 ms  93/1780 (5.2%)  
[  8] 156.00-157.00 sec  2.25 MBytes  18.9 Mbits/sec  0.666 ms  113/1798 (6.3%)  
[  8] 157.00-158.00 sec  2.24 MBytes  18.8 Mbits/sec  0.755 ms  77/1755 (4.4%)  
[  8] 158.00-159.00 sec  2.22 MBytes  18.6 Mbits/sec  0.579 ms  128/1792 (7.1%)  
[  8] 159.00-160.00 sec  2.30 MBytes  19.3 Mbits/sec  0.692 ms  80/1803 (4.4%)  
[  8] 160.00-161.00 sec  2.24 MBytes  18.8 Mbits/sec  0.724 ms  105/1782 (5.9%)  
[  8] 161.00-162.00 sec  2.36 MBytes  19.8 Mbits/sec  0.366 ms  26/1795 (1.4%)  
[  8] 162.00-163.00 sec  2.39 MBytes  20.0 Mbits/sec  0.524 ms  0/1789 (0%)  
[  8] 163.00-164.00 sec  2.19 MBytes  18.3 Mbits/sec  0.692 ms  144/1781 (8.1%)  
[  8] 164.00-165.00 sec  2.26 MBytes  19.0 Mbits/sec  0.343 ms  93/1789 (5.2%)  
[  8] 165.00-166.00 sec  2.20 MBytes  18.5 Mbits/sec  0.506 ms  131/1779 (7.4%)  
[  8] 166.00-167.00 sec  2.34 MBytes  19.7 Mbits/sec  0.633 ms  28/1784 (1.6%)  
[  8] 167.00-168.00 sec  2.37 MBytes  19.9 Mbits/sec  0.805 ms  19/1792 (1.1%)  
[  8] 168.00-169.00 sec  2.27 MBytes  19.1 Mbits/sec  0.724 ms  80/1782 (4.5%)  
[  8] 169.00-170.00 sec  2.35 MBytes  19.7 Mbits/sec  0.518 ms  35/1792 (2%)  
[  8] 170.00-171.00 sec  2.33 MBytes  19.5 Mbits/sec  0.503 ms  40/1785 (2.2%)  
[  8] 171.00-172.00 sec  2.23 MBytes  18.7 Mbits/sec  0.834 ms  111/1779 (6.2%)  
[  8] 172.00-173.00 sec  2.35 MBytes  19.7 Mbits/sec  0.438 ms  31/1793 (1.7%)  
[  8] 173.00-174.00 sec  2.19 MBytes  18.4 Mbits/sec  0.799 ms  122/1761 (6.9%)  
[  8] 174.00-175.00 sec  2.23 MBytes  18.7 Mbits/sec  0.458 ms  136/1807 (7.5%)  
[  8] 175.00-176.00 sec  2.26 MBytes  18.9 Mbits/sec  0.562 ms  97/1789 (5.4%)  
[  8] 176.00-177.00 sec  2.29 MBytes  19.2 Mbits/sec  0.866 ms  43/1759 (2.4%)  
[  8] 177.00-178.00 sec  2.34 MBytes  19.6 Mbits/sec  0.776 ms  51/1803 (2.8%)  
[  8] 178.00-179.00 sec  2.35 MBytes  19.7 Mbits/sec  0.675 ms  23/1785 (1.3%)  
[  8] 179.00-180.00 sec  2.28 MBytes  19.1 Mbits/sec  0.575 ms  88/1792 (4.9%)  
[  8] 180.00-181.00 sec  2.25 MBytes  18.9 Mbits/sec  0.598 ms  99/1785 (5.5%)  
[  8] 181.00-182.00 sec  2.30 MBytes  19.3 Mbits/sec  0.570 ms  66/1790 (3.7%)  
[  8] 182.00-183.00 sec  2.28 MBytes  19.2 Mbits/sec  0.916 ms  57/1768 (3.2%)  
[  8] 183.00-184.00 sec  2.24 MBytes  18.7 Mbits/sec  0.794 ms  125/1799 (6.9%)  
[  8] 184.00-185.00 sec  2.24 MBytes  18.8 Mbits/sec  0.701 ms  103/1779 (5.8%)  
[  8] 185.00-186.00 sec  2.27 MBytes  19.1 Mbits/sec  0.642 ms  90/1793 (5%)  
[  8] 186.00-187.00 sec  2.28 MBytes  19.1 Mbits/sec  0.601 ms  79/1788 (4.4%)  
[  8] 187.00-188.00 sec  2.27 MBytes  19.0 Mbits/sec  0.996 ms  77/1778 (4.3%)  
[  8] 188.00-189.00 sec  1.90 MBytes  16.0 Mbits/sec  1.775 ms  302/1726 (17%)  
[  8] 189.00-190.00 sec  2.18 MBytes  18.3 Mbits/sec  0.650 ms  211/1846 (11%)  
[  8] 190.00-191.00 sec  2.24 MBytes  18.8 Mbits/sec  0.821 ms  110/1788 (6.2%)  
[  8] 191.00-192.00 sec  2.21 MBytes  18.5 Mbits/sec  0.569 ms  137/1790 (7.7%)  
[  8] 192.00-193.00 sec  2.11 MBytes  17.7 Mbits/sec  1.001 ms  181/1759 (10%)  
[  8] 193.00-194.00 sec  2.14 MBytes  17.9 Mbits/sec  0.776 ms  209/1809 (12%)  
[  8] 194.00-195.00 sec  2.28 MBytes  19.1 Mbits/sec  0.899 ms  81/1785 (4.5%)  
[  8] 195.00-196.00 sec  2.35 MBytes  19.7 Mbits/sec  0.714 ms  26/1786 (1.5%)  
[  8] 196.00-197.00 sec  2.25 MBytes  18.9 Mbits/sec  0.695 ms  88/1776 (5%)  
[  8] 197.00-198.00 sec  2.22 MBytes  18.6 Mbits/sec  1.218 ms  35/1698 (2.1%)  
[  8] 198.00-199.00 sec  2.21 MBytes  18.6 Mbits/sec  0.414 ms  221/1879 (12%)  
[  8] 199.00-200.00 sec  2.27 MBytes  19.1 Mbits/sec  0.756 ms  85/1787 (4.8%)  
[  8] 200.00-201.00 sec  2.31 MBytes  19.3 Mbits/sec  0.658 ms  67/1794 (3.7%)  
[  8] 201.00-202.00 sec  2.24 MBytes  18.8 Mbits/sec  0.682 ms  95/1776 (5.3%)  
[  8] 202.00-203.00 sec  2.39 MBytes  20.0 Mbits/sec  0.738 ms  7/1796 (0.39%)  
[  8] 203.00-204.00 sec  2.31 MBytes  19.4 Mbits/sec  0.802 ms  52/1783 (2.9%)  
[  8] 204.00-205.00 sec  2.33 MBytes  19.5 Mbits/sec  0.703 ms  38/1781 (2.1%)  
[  8] 205.00-206.00 sec  2.30 MBytes  19.3 Mbits/sec  0.654 ms  59/1785 (3.3%)  
[  8] 206.00-207.00 sec  2.28 MBytes  19.1 Mbits/sec  0.695 ms  76/1780 (4.3%)  
[  8] 207.00-208.00 sec  2.31 MBytes  19.4 Mbits/sec  0.434 ms  62/1793 (3.5%)  
[  8] 208.00-209.00 sec  2.34 MBytes  19.6 Mbits/sec  0.594 ms  40/1791 (2.2%)  
[  8] 209.00-210.00 sec  2.23 MBytes  18.7 Mbits/sec  0.715 ms  110/1780 (6.2%)  
[  8] 210.00-211.00 sec  2.33 MBytes  19.5 Mbits/sec  0.755 ms  43/1787 (2.4%)  
[  8] 211.00-212.00 sec  2.31 MBytes  19.3 Mbits/sec  0.816 ms  51/1778 (2.9%)  
[  8] 212.00-213.00 sec  2.34 MBytes  19.5 Mbits/sec  0.780 ms  42/1795 (2.3%)  
[  8] 213.00-214.00 sec  2.34 MBytes  19.7 Mbits/sec  0.439 ms  36/1785 (2%)  
[  8] 214.00-215.00 sec  2.34 MBytes  19.6 Mbits/sec  0.593 ms  40/1789 (2.2%)  
[  8] 215.00-216.00 sec  2.33 MBytes  19.5 Mbits/sec  0.484 ms  38/1784 (2.1%)  
[  8] 216.00-217.00 sec  2.32 MBytes  19.5 Mbits/sec  0.504 ms  49/1785 (2.7%)  
[  8] 217.00-218.00 sec  2.34 MBytes  19.6 Mbits/sec  0.451 ms  30/1779 (1.7%)  
[  8] 218.00-219.00 sec  2.36 MBytes  19.8 Mbits/sec  0.583 ms  28/1796 (1.6%)  
[  8] 219.00-220.00 sec  2.36 MBytes  19.8 Mbits/sec  0.498 ms  20/1784 (1.1%)  
[  8] 220.00-221.00 sec  2.36 MBytes  19.8 Mbits/sec  0.358 ms  13/1781 (0.73%)  
[  8] 221.00-222.00 sec  2.31 MBytes  19.4 Mbits/sec  0.620 ms  60/1792 (3.3%)  
[  8] 222.00-223.00 sec  2.38 MBytes  19.9 Mbits/sec  0.674 ms  3/1784 (0.17%)  
[  8] 223.00-224.00 sec  2.34 MBytes  19.6 Mbits/sec  0.717 ms  38/1788 (2.1%)  
[  8] 224.00-225.00 sec  2.36 MBytes  19.8 Mbits/sec  0.580 ms  19/1786 (1.1%)  
[  8] 225.00-226.00 sec  2.35 MBytes  19.7 Mbits/sec  0.484 ms  20/1782 (1.1%)  
[  8] 226.00-227.00 sec  2.36 MBytes  19.8 Mbits/sec  0.665 ms  12/1783 (0.67%)  
[  8] 227.00-228.00 sec  2.06 MBytes  17.3 Mbits/sec  1.586 ms  25/1570 (1.6%)  
[  8] 228.00-229.00 sec  2.19 MBytes  18.4 Mbits/sec  0.579 ms  367/2010 (18%)  
[  8] 229.00-230.00 sec  2.37 MBytes  19.9 Mbits/sec  0.584 ms  5/1778 (0.28%)  
[  8] 230.00-231.00 sec  2.34 MBytes  19.6 Mbits/sec  0.540 ms  38/1788 (2.1%)  
[  8] 231.00-232.00 sec  2.32 MBytes  19.5 Mbits/sec  0.637 ms  35/1775 (2%)  
[  8] 232.00-233.00 sec  2.25 MBytes  18.9 Mbits/sec  0.825 ms  105/1793 (5.9%)  
[  8] 233.00-234.00 sec  2.38 MBytes  19.9 Mbits/sec  0.779 ms  5/1785 (0.28%)  
[  8] 234.00-235.00 sec  2.24 MBytes  18.8 Mbits/sec  0.677 ms  110/1791 (6.1%)  
[  8] 235.00-236.00 sec  2.33 MBytes  19.6 Mbits/sec  0.474 ms  16/1763 (0.91%)  
[  8] 236.00-237.00 sec  1.98 MBytes  16.6 Mbits/sec  2.300 ms  323/1806 (18%)  
[  8] 237.00-238.00 sec  2.38 MBytes  20.0 Mbits/sec  0.581 ms  7/1792 (0.39%)  
[  8] 238.00-239.00 sec  2.37 MBytes  19.9 Mbits/sec  0.267 ms  7/1782 (0.39%)  
[  8] 239.00-240.00 sec  2.37 MBytes  19.9 Mbits/sec  0.650 ms  2/1780 (0.11%)  
[  8] 240.00-240.02 sec  13.7 KBytes  6.24 Mbits/sec  1.038 ms  0/10 (0%)  
- - - - - - - - - - - - - - - - - - - - - - - - -
[ ID] Interval           Transfer     Bitrate         Jitter    Lost/Total Datagrams
[  8]   0.00-240.02 sec   547 MBytes  19.1 Mbits/sec  1.038 ms  18698/428562 (4.4%)  receiver
