-----------------------------------------------------------
Server listening on 5201 (test #1)
-----------------------------------------------------------
Accepted connection from 10.0.0.1, port 48810
[  8] local 10.0.0.65 port 5201 connected to 10.0.0.1 port 57358
[ ID] Interval           Transfer     Bitrate         Jitter    Lost/Total Datagrams
[  8]   0.00-1.00   sec  2.29 MBytes  19.2 Mbits/sec  0.579 ms  60/1776 (3.4%)  
[  8]   1.00-2.00   sec  2.30 MBytes  19.3 Mbits/sec  1.269 ms  33/1757 (1.9%)  
[  8]   2.00-3.00   sec  2.33 MBytes  19.5 Mbits/sec  0.653 ms  62/1807 (3.4%)  
[  8]   3.00-4.00   sec  2.39 MBytes  19.9 Mbits/sec  0.747 ms  4/1792 (0.22%)  
[  8]   4.00-5.00   sec  2.38 MBytes  20.0 Mbits/sec  0.887 ms  3/1784 (0.17%)  
[  8]   5.00-6.00   sec  2.38 MBytes  20.0 Mbits/sec  0.511 ms  0/1786 (0%)  
[  8]   6.00-7.00   sec  2.38 MBytes  19.9 Mbits/sec  0.696 ms  2/1783 (0.11%)  
[  8]   7.00-8.00   sec  2.39 MBytes  20.1 Mbits/sec  0.481 ms  0/1791 (0%)  
[  8]   8.00-9.00   sec  2.31 MBytes  19.3 Mbits/sec  0.263 ms  44/1771 (2.5%)  
[  8]   9.00-10.00  sec  2.39 MBytes  20.1 Mbits/sec  0.454 ms  7/1800 (0.39%)  
[  8]  10.00-11.00  sec  2.37 MBytes  19.9 Mbits/sec  0.860 ms  5/1778 (0.28%)  
[  8]  11.00-12.00  sec  2.39 MBytes  20.0 Mbits/sec  0.591 ms  0/1788 (0%)  
[  8]  12.00-13.00  sec  2.38 MBytes  19.9 Mbits/sec  0.736 ms  2/1781 (0.11%)  
[  8]  13.00-14.00  sec  2.40 MBytes  20.1 Mbits/sec  0.633 ms  0/1796 (0%)  
[  8]  14.00-15.00  sec  2.37 MBytes  19.9 Mbits/sec  0.343 ms  9/1782 (0.51%)  
[  8]  15.00-16.00  sec  2.39 MBytes  20.0 Mbits/sec  0.333 ms  0/1788 (0%)  
[  8]  16.00-17.00  sec  2.38 MBytes  20.0 Mbits/sec  0.632 ms  0/1783 (0%)  
[  8]  17.00-18.00  sec  2.37 MBytes  19.9 Mbits/sec  0.544 ms  1/1776 (0.056%)  
[  8]  18.00-19.00  sec  2.39 MBytes  20.0 Mbits/sec  0.679 ms  1/1791 (0.056%)  
[  8]  19.00-20.00  sec  2.37 MBytes  19.9 Mbits/sec  0.431 ms  0/1773 (0%)  
[  8]  20.00-21.00  sec  2.39 MBytes  20.0 Mbits/sec  0.746 ms  10/1799 (0.56%)  
[  8]  21.00-22.00  sec  2.39 MBytes  20.1 Mbits/sec  0.437 ms  3/1794 (0.17%)  
[  8]  22.00-23.00  sec  2.37 MBytes  19.9 Mbits/sec  0.459 ms  1/1775 (0.056%)  
[  8]  23.00-24.00  sec  2.33 MBytes  19.6 Mbits/sec  0.488 ms  45/1791 (2.5%)  
[  8]  24.00-25.00  sec  2.34 MBytes  19.7 Mbits/sec  0.592 ms  31/1787 (1.7%)  
[  8]  25.00-26.00  sec  2.35 MBytes  19.7 Mbits/sec  0.685 ms  26/1788 (1.5%)  
[  8]  26.00-27.00  sec  2.37 MBytes  19.9 Mbits/sec  0.367 ms  2/1780 (0.11%)  
[  8]  27.00-28.00  sec  2.38 MBytes  19.9 Mbits/sec  0.859 ms  2/1783 (0.11%)  
[  8]  28.00-29.00  sec  2.33 MBytes  19.5 Mbits/sec  0.731 ms  37/1782 (2.1%)  
[  8]  29.00-30.00  sec  2.37 MBytes  19.8 Mbits/sec  0.805 ms  21/1797 (1.2%)  
[  8]  30.00-31.00  sec  2.38 MBytes  20.0 Mbits/sec  0.582 ms  4/1783 (0.22%)  
[  8]  31.00-32.00  sec  2.38 MBytes  20.0 Mbits/sec  0.638 ms  4/1784 (0.22%)  
[  8]  32.00-33.00  sec  2.35 MBytes  19.7 Mbits/sec  1.137 ms  5/1765 (0.28%)  
[  8]  33.00-34.00  sec  2.29 MBytes  19.2 Mbits/sec  0.486 ms  96/1808 (5.3%)  
[  8]  34.00-35.00  sec  2.38 MBytes  19.9 Mbits/sec  0.472 ms  5/1786 (0.28%)  
[  8]  35.00-36.00  sec  2.38 MBytes  20.0 Mbits/sec  0.592 ms  0/1786 (0%)  
[  8]  36.00-37.00  sec  2.38 MBytes  20.0 Mbits/sec  0.776 ms  2/1784 (0.11%)  
[  8]  37.00-38.00  sec  2.38 MBytes  19.9 Mbits/sec  0.434 ms  7/1788 (0.39%)  
[  8]  38.00-39.00  sec  2.34 MBytes  19.6 Mbits/sec  0.814 ms  31/1782 (1.7%)  
[  8]  39.00-40.00  sec  2.38 MBytes  20.0 Mbits/sec  0.566 ms  6/1789 (0.34%)  
[  8]  40.00-41.00  sec  2.38 MBytes  20.0 Mbits/sec  0.511 ms  5/1787 (0.28%)  
[  8]  41.00-42.00  sec  2.36 MBytes  19.8 Mbits/sec  0.566 ms  9/1779 (0.51%)  
[  8]  42.00-43.00  sec  2.37 MBytes  19.9 Mbits/sec  0.769 ms  8/1784 (0.45%)  
[  8]  43.00-44.00  sec  2.39 MBytes  20.0 Mbits/sec  0.676 ms  0/1789 (0%)  
[  8]  44.00-45.00  sec  2.35 MBytes  19.7 Mbits/sec  0.665 ms  25/1787 (1.4%)  
[  8]  45.00-46.00  sec  2.37 MBytes  19.9 Mbits/sec  0.598 ms  1/1777 (0.056%)  
[  8]  46.00-47.00  sec  2.40 MBytes  20.1 Mbits/sec  0.559 ms  0/1797 (0%)  
[  8]  47.00-48.00  sec  2.37 MBytes  19.9 Mbits/sec  0.582 ms  7/1783 (0.39%)  
[  8]  48.00-49.00  sec  2.36 MBytes  19.7 Mbits/sec  0.659 ms  21/1788 (1.2%)  
[  8]  49.00-50.00  sec  2.38 MBytes  20.0 Mbits/sec  0.551 ms  2/1782 (0.11%)  
[  8]  50.00-51.00  sec  2.38 MBytes  19.9 Mbits/sec  0.577 ms  7/1788 (0.39%)  
[  8]  51.00-52.00  sec  2.38 MBytes  20.0 Mbits/sec  0.569 ms  0/1782 (0%)  
[  8]  52.00-53.00  sec  2.35 MBytes  19.7 Mbits/sec  0.600 ms  27/1790 (1.5%)  
[  8]  53.00-54.00  sec  2.37 MBytes  19.9 Mbits/sec  0.791 ms  0/1778 (0%)  
[  8]  54.00-55.00  sec  2.33 MBytes  19.6 Mbits/sec  0.768 ms  40/1787 (2.2%)  
[  8]  55.00-56.00  sec  2.33 MBytes  19.5 Mbits/sec  0.576 ms  46/1791 (2.6%)  
[  8]  56.00-57.00  sec  2.36 MBytes  19.8 Mbits/sec  0.675 ms  5/1776 (0.28%)  
[  8]  57.00-58.00  sec  2.27 MBytes  19.0 Mbits/sec  0.619 ms  93/1794 (5.2%)  
[  8]  58.00-59.00  sec  2.38 MBytes  20.0 Mbits/sec  0.630 ms  3/1788 (0.17%)  
[  8]  59.00-60.00  sec  2.36 MBytes  19.8 Mbits/sec  0.470 ms  18/1782 (1%)  
[  8]  60.00-61.00  sec  2.37 MBytes  19.9 Mbits/sec  0.753 ms  13/1789 (0.73%)  
[  8]  61.00-62.00  sec  2.38 MBytes  20.0 Mbits/sec  0.474 ms  8/1789 (0.45%)  
[  8]  62.00-63.00  sec  2.35 MBytes  19.7 Mbits/sec  0.577 ms  18/1778 (1%)  
[  8]  63.00-64.00  sec  2.37 MBytes  19.9 Mbits/sec  0.774 ms  14/1792 (0.78%)  
[  8]  64.00-65.00  sec  2.37 MBytes  19.9 Mbits/sec  0.657 ms  7/1782 (0.39%)  
[  8]  65.00-66.00  sec  2.35 MBytes  19.7 Mbits/sec  0.738 ms  25/1782 (1.4%)  
[  8]  66.00-67.00  sec  2.38 MBytes  20.0 Mbits/sec  0.670 ms  3/1788 (0.17%)  
[  8]  67.00-68.00  sec  2.38 MBytes  19.9 Mbits/sec  0.716 ms  4/1784 (0.22%)  
[  8]  68.00-69.00  sec  2.35 MBytes  19.7 Mbits/sec  0.470 ms  26/1785 (1.5%)  
[  8]  69.00-70.00  sec  2.37 MBytes  19.9 Mbits/sec  0.601 ms  16/1791 (0.89%)  
[  8]  70.00-71.00  sec  2.36 MBytes  19.8 Mbits/sec  0.716 ms  18/1786 (1%)  
[  8]  71.00-72.00  sec  2.39 MBytes  20.0 Mbits/sec  0.584 ms  1/1790 (0.056%)  
[  8]  72.00-73.00  sec  2.38 MBytes  20.0 Mbits/sec  0.532 ms  0/1783 (0%)  
[  8]  73.00-74.00  sec  2.37 MBytes  19.9 Mbits/sec  0.619 ms  8/1786 (0.45%)  
[  8]  74.00-75.00  sec  2.36 MBytes  19.8 Mbits/sec  0.486 ms  21/1786 (1.2%)  
[  8]  75.00-76.00  sec  2.36 MBytes  19.8 Mbits/sec  0.610 ms  15/1782 (0.84%)  
[  8]  76.00-77.00  sec  2.28 MBytes  19.1 Mbits/sec  0.588 ms  73/1782 (4.1%)  
[  8]  77.00-78.00  sec  2.37 MBytes  19.9 Mbits/sec  0.439 ms  16/1789 (0.89%)  
[  8]  78.00-79.00  sec  2.34 MBytes  19.6 Mbits/sec  0.471 ms  32/1785 (1.8%)  
[  8]  79.00-80.00  sec  2.33 MBytes  19.5 Mbits/sec  0.683 ms  46/1789 (2.6%)  
[  8]  80.00-81.00  sec  2.38 MBytes  20.0 Mbits/sec  0.481 ms  3/1787 (0.17%)  
[  8]  81.00-82.00  sec  2.38 MBytes  19.9 Mbits/sec  0.684 ms  1/1780 (0.056%)  
[  8]  82.00-83.00  sec  2.32 MBytes  19.5 Mbits/sec  0.352 ms  47/1787 (2.6%)  
[  8]  83.00-84.00  sec  2.35 MBytes  19.7 Mbits/sec  0.593 ms  25/1783 (1.4%)  
[  8]  84.00-85.00  sec  2.38 MBytes  19.9 Mbits/sec  0.421 ms  10/1789 (0.56%)  
[  8]  85.00-86.00  sec  2.37 MBytes  19.9 Mbits/sec  0.864 ms  4/1782 (0.22%)  
[  8]  86.00-87.00  sec  2.33 MBytes  19.5 Mbits/sec  0.755 ms  20/1762 (1.1%)  
[  8]  87.00-88.00  sec  2.29 MBytes  19.2 Mbits/sec  0.569 ms  98/1816 (5.4%)  
[  8]  88.00-89.00  sec  2.36 MBytes  19.8 Mbits/sec  0.506 ms  16/1784 (0.9%)  
[  8]  89.00-90.00  sec  2.38 MBytes  19.9 Mbits/sec  0.764 ms  0/1781 (0%)  
[  8]  90.00-91.00  sec  2.28 MBytes  19.2 Mbits/sec  0.655 ms  63/1774 (3.6%)  
[  8]  91.00-92.00  sec  2.37 MBytes  19.9 Mbits/sec  0.554 ms  25/1799 (1.4%)  
[  8]  92.00-93.00  sec  2.31 MBytes  19.4 Mbits/sec  0.675 ms  62/1795 (3.5%)  
[  8]  93.00-94.00  sec  2.34 MBytes  19.6 Mbits/sec  0.688 ms  31/1781 (1.7%)  
[  8]  94.00-95.00  sec  2.32 MBytes  19.5 Mbits/sec  0.659 ms  48/1782 (2.7%)  
[  8]  95.00-96.00  sec  2.34 MBytes  19.6 Mbits/sec  0.468 ms  37/1786 (2.1%)  
[  8]  96.00-97.00  sec  2.32 MBytes  19.4 Mbits/sec  0.515 ms  47/1783 (2.6%)  
[  8]  97.00-98.00  sec  2.37 MBytes  19.8 Mbits/sec  0.514 ms  25/1801 (1.4%)  
[  8]  98.00-99.00  sec  2.34 MBytes  19.6 Mbits/sec  0.474 ms  9/1758 (0.51%)  
[  8]  99.00-100.00 sec  2.37 MBytes  19.9 Mbits/sec  0.744 ms  30/1808 (1.7%)  
[  8] 100.00-101.00 sec  2.33 MBytes  19.5 Mbits/sec  0.407 ms  34/1778 (1.9%)  
[  8] 101.00-102.00 sec  2.33 MBytes  19.5 Mbits/sec  0.649 ms  44/1786 (2.5%)  
[  8] 102.00-103.00 sec  2.27 MBytes  19.1 Mbits/sec  0.661 ms  24/1727 (1.4%)  
[  8] 103.00-104.00 sec  2.28 MBytes  19.2 Mbits/sec  0.576 ms  130/1841 (7.1%)  
[  8] 104.00-105.00 sec  2.36 MBytes  19.8 Mbits/sec  0.466 ms  21/1791 (1.2%)  
[  8] 105.00-106.00 sec  2.36 MBytes  19.8 Mbits/sec  0.396 ms  23/1792 (1.3%)  
[  8] 106.00-107.00 sec  2.37 MBytes  19.9 Mbits/sec  0.588 ms  5/1781 (0.28%)  
[  8] 107.00-108.00 sec  2.38 MBytes  20.0 Mbits/sec  0.655 ms  0/1784 (0%)  
[  8] 108.00-109.00 sec  2.39 MBytes  20.0 Mbits/sec  0.522 ms  0/1787 (0%)  
[  8] 109.00-110.00 sec  2.39 MBytes  20.0 Mbits/sec  0.634 ms  0/1787 (0%)  
[  8] 110.00-111.00 sec  2.34 MBytes  19.6 Mbits/sec  0.541 ms  37/1788 (2.1%)  
[  8] 111.00-112.00 sec  2.37 MBytes  19.9 Mbits/sec  0.433 ms  9/1783 (0.5%)  
[  8] 112.00-113.00 sec  2.38 MBytes  19.9 Mbits/sec  0.750 ms  0/1780 (0%)  
[  8] 113.00-114.00 sec  2.36 MBytes  19.8 Mbits/sec  0.643 ms  21/1791 (1.2%)  
[  8] 114.00-115.00 sec  2.38 MBytes  19.9 Mbits/sec  0.623 ms  6/1785 (0.34%)  
[  8] 115.00-116.00 sec  2.37 MBytes  19.9 Mbits/sec  0.716 ms  10/1787 (0.56%)  
[  8] 116.00-117.00 sec  2.38 MBytes  20.0 Mbits/sec  0.651 ms  2/1786 (0.11%)  
[  8] 117.00-118.00 sec  2.26 MBytes  18.9 Mbits/sec  0.349 ms  98/1789 (5.5%)  
[  8] 118.00-119.00 sec  2.38 MBytes  20.0 Mbits/sec  0.615 ms  1/1784 (0.056%)  
[  8] 119.00-120.00 sec  2.38 MBytes  19.9 Mbits/sec  0.630 ms  4/1785 (0.22%)  
[  8] 120.00-121.00 sec  2.33 MBytes  19.6 Mbits/sec  0.501 ms  31/1779 (1.7%)  
[  8] 121.00-122.00 sec  2.34 MBytes  19.6 Mbits/sec  0.309 ms  38/1789 (2.1%)  
[  8] 122.00-123.00 sec  2.39 MBytes  20.0 Mbits/sec  0.711 ms  1/1788 (0.056%)  
[  8] 123.00-124.00 sec  2.36 MBytes  19.8 Mbits/sec  0.471 ms  18/1782 (1%)  
[  8] 124.00-125.00 sec  2.38 MBytes  19.9 Mbits/sec  0.584 ms  8/1787 (0.45%)  
[  8] 125.00-126.00 sec  2.39 MBytes  20.0 Mbits/sec  0.549 ms  1/1789 (0.056%)  
[  8] 126.00-127.00 sec  2.38 MBytes  19.9 Mbits/sec  0.684 ms  0/1781 (0%)  
[  8] 127.00-128.00 sec  2.35 MBytes  19.7 Mbits/sec  0.511 ms  28/1791 (1.6%)  
[  8] 128.00-129.00 sec  2.37 MBytes  19.9 Mbits/sec  0.646 ms  7/1784 (0.39%)  
[  8] 129.00-130.00 sec  2.38 MBytes  19.9 Mbits/sec  0.601 ms  4/1784 (0.22%)  
[  8] 130.00-131.00 sec  2.38 MBytes  20.0 Mbits/sec  0.718 ms  2/1784 (0.11%)  
[  8] 131.00-132.00 sec  2.36 MBytes  19.8 Mbits/sec  0.575 ms  22/1787 (1.2%)  
[  8] 132.00-133.00 sec  2.37 MBytes  19.9 Mbits/sec  0.683 ms  6/1779 (0.34%)  
[  8] 133.00-134.00 sec  2.40 MBytes  20.1 Mbits/sec  0.687 ms  1/1798 (0.056%)  
[  8] 134.00-135.00 sec  2.29 MBytes  19.2 Mbits/sec  0.633 ms  69/1783 (3.9%)  
[  8] 135.00-136.00 sec  2.37 MBytes  19.9 Mbits/sec  0.568 ms  9/1782 (0.51%)  
[  8] 136.00-137.00 sec  2.37 MBytes  19.9 Mbits/sec  0.584 ms  11/1788 (0.62%)  
[  8] 137.00-138.00 sec  2.38 MBytes  20.0 Mbits/sec  0.692 ms  1/1786 (0.056%)  
[  8] 138.00-139.00 sec  2.36 MBytes  19.8 Mbits/sec  0.769 ms  22/1789 (1.2%)  
[  8] 139.00-140.00 sec  2.36 MBytes  19.8 Mbits/sec  0.672 ms  19/1784 (1.1%)  
[  8] 140.00-141.00 sec  2.34 MBytes  19.6 Mbits/sec  0.672 ms  29/1781 (1.6%)  
[  8] 141.00-142.00 sec  2.33 MBytes  19.6 Mbits/sec  0.512 ms  36/1784 (2%)  
[  8] 142.00-143.00 sec  2.35 MBytes  19.7 Mbits/sec  0.823 ms  23/1780 (1.3%)  
[  8] 143.00-144.01 sec  2.40 MBytes  20.0 Mbits/sec  0.604 ms  15/1814 (0.83%)  
[  8] 144.01-145.00 sec  2.33 MBytes  19.7 Mbits/sec  0.851 ms  18/1765 (1%)  
[  8] 145.00-146.00 sec  2.38 MBytes  19.9 Mbits/sec  0.746 ms  6/1788 (0.34%)  
[  8] 146.00-147.00 sec  2.38 MBytes  20.0 Mbits/sec  0.555 ms  5/1785 (0.28%)  
[  8] 147.00-148.00 sec  2.38 MBytes  20.0 Mbits/sec  0.584 ms  1/1786 (0.056%)  
[  8] 148.00-149.00 sec  2.37 MBytes  19.9 Mbits/sec  0.786 ms  7/1785 (0.39%)  
[  8] 149.00-150.00 sec  2.32 MBytes  19.5 Mbits/sec  0.649 ms  48/1788 (2.7%)  
[  8] 150.00-151.00 sec  2.35 MBytes  19.7 Mbits/sec  0.816 ms  24/1785 (1.3%)  
[  8] 151.00-152.00 sec  2.38 MBytes  19.9 Mbits/sec  0.857 ms  0/1779 (0%)  
[  8] 152.00-153.00 sec  2.36 MBytes  19.8 Mbits/sec  0.887 ms  4/1774 (0.23%)  
[  8] 153.00-154.00 sec  2.39 MBytes  20.0 Mbits/sec  0.585 ms  6/1794 (0.33%)  
[  8] 154.00-155.00 sec  2.40 MBytes  20.1 Mbits/sec  0.626 ms  4/1798 (0.22%)  
[  8] 155.00-156.00 sec  2.37 MBytes  19.9 Mbits/sec  0.686 ms  0/1778 (0%)  
[  8] 156.00-157.00 sec  2.35 MBytes  19.7 Mbits/sec  0.723 ms  19/1777 (1.1%)  
[  8] 157.00-158.00 sec  2.26 MBytes  19.0 Mbits/sec  0.636 ms  92/1786 (5.2%)  
[  8] 158.00-159.00 sec  2.38 MBytes  20.0 Mbits/sec  0.611 ms  17/1802 (0.94%)  
[  8] 159.00-160.00 sec  2.37 MBytes  19.9 Mbits/sec  0.492 ms  13/1787 (0.73%)  
[  8] 160.00-161.00 sec  2.38 MBytes  20.0 Mbits/sec  0.591 ms  2/1788 (0.11%)  
[  8] 161.00-162.00 sec  2.38 MBytes  20.0 Mbits/sec  0.593 ms  0/1784 (0%)  
[  8] 162.00-163.00 sec  2.33 MBytes  19.6 Mbits/sec  0.545 ms  34/1780 (1.9%)  
[  8] 163.00-164.00 sec  2.36 MBytes  19.8 Mbits/sec  0.778 ms  19/1786 (1.1%)  
[  8] 164.00-165.00 sec  2.38 MBytes  20.0 Mbits/sec  0.733 ms  2/1786 (0.11%)  
[  8] 165.00-166.00 sec  2.26 MBytes  18.9 Mbits/sec  0.707 ms  82/1773 (4.6%)  
[  8] 166.00-167.00 sec  2.33 MBytes  19.5 Mbits/sec  0.631 ms  56/1798 (3.1%)  
[  8] 167.00-168.00 sec  2.33 MBytes  19.6 Mbits/sec  0.840 ms  34/1780 (1.9%)  
[  8] 168.00-169.00 sec  2.19 MBytes  18.3 Mbits/sec  0.740 ms  89/1727 (5.2%)  
[  8] 169.00-170.00 sec  2.34 MBytes  19.6 Mbits/sec  0.621 ms  68/1824 (3.7%)  
[  8] 170.00-171.00 sec  2.40 MBytes  20.2 Mbits/sec  0.509 ms  17/1815 (0.94%)  
[  8] 171.00-172.00 sec  2.33 MBytes  19.5 Mbits/sec  0.663 ms  41/1785 (2.3%)  
[  8] 172.00-173.00 sec  2.37 MBytes  19.9 Mbits/sec  0.587 ms  13/1790 (0.73%)  
[  8] 173.00-174.00 sec  2.30 MBytes  19.3 Mbits/sec  0.406 ms  42/1766 (2.4%)  
[  8] 174.00-175.00 sec  2.31 MBytes  19.3 Mbits/sec  0.656 ms  72/1799 (4%)  
[  8] 175.00-176.00 sec  2.32 MBytes  19.5 Mbits/sec  0.874 ms  43/1784 (2.4%)  
[  8] 176.00-177.00 sec  2.14 MBytes  18.0 Mbits/sec  0.859 ms  157/1762 (8.9%)  
[  8] 177.00-178.00 sec  2.35 MBytes  19.7 Mbits/sec  0.565 ms  53/1811 (2.9%)  
[  8] 178.00-179.00 sec  2.34 MBytes  19.6 Mbits/sec  1.073 ms  23/1774 (1.3%)  
[  8] 179.00-180.00 sec  2.40 MBytes  20.1 Mbits/sec  0.658 ms  5/1799 (0.28%)  
[  8] 180.00-181.00 sec  2.27 MBytes  19.0 Mbits/sec  0.802 ms  85/1784 (4.8%)  
[  8] 181.00-182.00 sec  2.34 MBytes  19.7 Mbits/sec  0.703 ms  37/1793 (2.1%)  
[  8] 182.00-183.00 sec  2.32 MBytes  19.5 Mbits/sec  0.592 ms  42/1780 (2.4%)  
[  8] 183.00-184.00 sec  2.26 MBytes  18.9 Mbits/sec  0.874 ms  91/1782 (5.1%)  
[  8] 184.00-185.00 sec  2.33 MBytes  19.6 Mbits/sec  0.710 ms  36/1783 (2%)  
[  8] 185.00-186.00 sec  2.26 MBytes  19.0 Mbits/sec  0.645 ms  98/1791 (5.5%)  
[  8] 186.00-187.00 sec  2.04 MBytes  17.1 Mbits/sec  0.654 ms  260/1789 (15%)  
[  8] 187.00-188.00 sec  2.09 MBytes  17.5 Mbits/sec  0.897 ms  209/1775 (12%)  
[  8] 188.00-189.00 sec  2.39 MBytes  20.0 Mbits/sec  0.358 ms  9/1797 (0.5%)  
[  8] 189.00-190.00 sec  2.34 MBytes  19.7 Mbits/sec  0.623 ms  32/1787 (1.8%)  
[  8] 190.00-191.00 sec  2.31 MBytes  19.4 Mbits/sec  0.486 ms  54/1783 (3%)  
[  8] 191.00-192.00 sec  2.36 MBytes  19.8 Mbits/sec  0.608 ms  21/1788 (1.2%)  
[  8] 192.00-193.00 sec  2.19 MBytes  18.3 Mbits/sec  0.429 ms  145/1783 (8.1%)  
[  8] 193.00-194.00 sec  2.34 MBytes  19.6 Mbits/sec  0.642 ms  32/1782 (1.8%)  
[  8] 194.00-195.00 sec  2.34 MBytes  19.6 Mbits/sec  0.637 ms  33/1786 (1.8%)  
[  8] 195.00-196.00 sec  2.31 MBytes  19.3 Mbits/sec  0.518 ms  55/1782 (3.1%)  
[  8] 196.00-197.00 sec  2.17 MBytes  18.2 Mbits/sec  0.608 ms  169/1796 (9.4%)  
[  8] 197.00-198.00 sec  2.30 MBytes  19.3 Mbits/sec  0.628 ms  59/1780 (3.3%)  
[  8] 198.00-199.00 sec  2.38 MBytes  20.0 Mbits/sec  0.558 ms  8/1791 (0.45%)  
[  8] 199.00-200.00 sec  2.19 MBytes  18.4 Mbits/sec  0.681 ms  141/1781 (7.9%)  
[  8] 200.00-201.00 sec  2.22 MBytes  18.7 Mbits/sec  0.536 ms  125/1791 (7%)  
[  8] 201.00-202.00 sec  2.38 MBytes  19.9 Mbits/sec  0.613 ms  1/1782 (0.056%)  
[  8] 202.00-203.00 sec  2.39 MBytes  20.0 Mbits/sec  0.589 ms  0/1789 (0%)  
[  8] 203.00-204.00 sec  2.37 MBytes  19.9 Mbits/sec  0.505 ms  8/1786 (0.45%)  
[  8] 204.00-205.00 sec  2.35 MBytes  19.7 Mbits/sec  0.603 ms  16/1773 (0.9%)  
[  8] 205.00-206.00 sec  2.35 MBytes  19.7 Mbits/sec  0.629 ms  19/1782 (1.1%)  
[  8] 206.00-207.00 sec  2.38 MBytes  20.0 Mbits/sec  0.651 ms  11/1796 (0.61%)  
[  8] 207.00-208.00 sec  2.37 MBytes  19.9 Mbits/sec  0.517 ms  9/1786 (0.5%)  
[  8] 208.00-209.00 sec  2.38 MBytes  19.9 Mbits/sec  0.860 ms  2/1782 (0.11%)  
[  8] 209.00-210.00 sec  2.33 MBytes  19.5 Mbits/sec  0.782 ms  42/1784 (2.4%)  
[  8] 210.00-211.00 sec  2.33 MBytes  19.6 Mbits/sec  0.795 ms  37/1785 (2.1%)  
[  8] 211.00-212.00 sec  2.38 MBytes  20.0 Mbits/sec  0.598 ms  8/1794 (0.45%)  
[  8] 212.00-213.00 sec  2.36 MBytes  19.8 Mbits/sec  0.680 ms  15/1786 (0.84%)  
[  8] 213.00-214.00 sec  2.35 MBytes  19.7 Mbits/sec  0.862 ms  15/1777 (0.84%)  
[  8] 214.00-215.00 sec  2.26 MBytes  19.0 Mbits/sec  0.581 ms  102/1794 (5.7%)  
[  8] 215.00-216.00 sec  2.28 MBytes  19.1 Mbits/sec  0.403 ms  72/1780 (4%)  
[  8] 216.00-217.00 sec  2.36 MBytes  19.8 Mbits/sec  0.663 ms  30/1795 (1.7%)  
[  8] 217.00-218.00 sec  2.38 MBytes  20.0 Mbits/sec  0.655 ms  2/1784 (0.11%)  
[  8] 218.00-219.00 sec  2.31 MBytes  19.4 Mbits/sec  0.704 ms  50/1783 (2.8%)  
[  8] 219.00-220.00 sec  2.25 MBytes  18.9 Mbits/sec  0.685 ms  99/1784 (5.5%)  
[  8] 220.00-221.00 sec  2.37 MBytes  19.9 Mbits/sec  0.758 ms  9/1783 (0.5%)  
[  8] 221.00-222.00 sec  2.36 MBytes  19.8 Mbits/sec  0.421 ms  7/1774 (0.39%)  
[  8] 222.00-223.00 sec  2.33 MBytes  19.5 Mbits/sec  0.627 ms  56/1800 (3.1%)  
[  8] 223.00-224.00 sec  2.30 MBytes  19.3 Mbits/sec  0.794 ms  56/1776 (3.2%)  
[  8] 224.00-225.00 sec  2.30 MBytes  19.3 Mbits/sec  0.836 ms  45/1766 (2.5%)  
[  8] 225.00-226.00 sec  2.17 MBytes  18.2 Mbits/sec  0.654 ms  178/1807 (9.9%)  
[  8] 226.00-227.00 sec  2.34 MBytes  19.6 Mbits/sec  0.772 ms  45/1795 (2.5%)  
[  8] 227.00-228.00 sec  2.33 MBytes  19.5 Mbits/sec  0.734 ms  41/1785 (2.3%)  
[  8] 228.00-229.00 sec  2.32 MBytes  19.5 Mbits/sec  0.645 ms  38/1778 (2.1%)  
[  8] 229.00-230.00 sec  2.37 MBytes  19.9 Mbits/sec  0.714 ms  18/1796 (1%)  
[  8] 230.00-231.00 sec  2.39 MBytes  20.0 Mbits/sec  0.537 ms  0/1790 (0%)  
[  8] 231.00-232.00 sec  2.38 MBytes  20.0 Mbits/sec  0.663 ms  0/1783 (0%)  
[  8] 232.00-233.00 sec  2.38 MBytes  20.0 Mbits/sec  0.761 ms  0/1785 (0%)  
[  8] 233.00-234.00 sec  2.29 MBytes  19.2 Mbits/sec  0.409 ms  64/1779 (3.6%)  
[  8] 234.00-235.00 sec  2.35 MBytes  19.7 Mbits/sec  0.740 ms  29/1791 (1.6%)  
[  8] 235.00-236.00 sec  2.39 MBytes  20.1 Mbits/sec  0.704 ms  0/1791 (0%)  
[  8] 236.00-237.00 sec  2.36 MBytes  19.8 Mbits/sec  0.476 ms  8/1779 (0.45%)  
[  8] 237.00-238.00 sec  2.37 MBytes  19.9 Mbits/sec  0.634 ms  13/1789 (0.73%)  
[  8] 238.00-239.00 sec  2.20 MBytes  18.4 Mbits/sec  0.363 ms  124/1770 (7%)  
[  8] 239.00-240.00 sec  2.34 MBytes  19.6 Mbits/sec  0.584 ms  48/1802 (2.7%)  
[  8] 240.00-241.00 sec  2.37 MBytes  19.8 Mbits/sec  0.535 ms  6/1778 (0.34%)  
[  8] 241.00-242.00 sec  2.27 MBytes  19.0 Mbits/sec  0.473 ms  93/1792 (5.2%)  
[  8] 242.00-243.00 sec  2.37 MBytes  19.9 Mbits/sec  0.649 ms  7/1785 (0.39%)  
[  8] 243.00-244.00 sec  2.37 MBytes  19.9 Mbits/sec  0.613 ms  12/1786 (0.67%)  
[  8] 244.00-245.00 sec  2.38 MBytes  19.9 Mbits/sec  0.538 ms  9/1788 (0.5%)  
[  8] 245.00-246.00 sec  2.37 MBytes  19.9 Mbits/sec  0.671 ms  13/1785 (0.73%)  
[  8] 246.00-247.00 sec  2.16 MBytes  18.1 Mbits/sec  0.503 ms  171/1786 (9.6%)  
[  8] 247.00-248.00 sec  2.37 MBytes  19.9 Mbits/sec  0.602 ms  7/1783 (0.39%)  
[  8] 248.00-249.00 sec  2.37 MBytes  19.9 Mbits/sec  0.673 ms  5/1782 (0.28%)  
[  8] 249.00-250.00 sec  2.34 MBytes  19.6 Mbits/sec  0.633 ms  35/1785 (2%)  
[  8] 250.00-251.00 sec  2.39 MBytes  20.0 Mbits/sec  0.425 ms  4/1793 (0.22%)  
[  8] 251.00-252.00 sec  2.34 MBytes  19.6 Mbits/sec  0.657 ms  35/1785 (2%)  
[  8] 252.00-253.00 sec  2.36 MBytes  19.8 Mbits/sec  0.500 ms  11/1779 (0.62%)  
[  8] 253.00-254.00 sec  2.37 MBytes  19.9 Mbits/sec  0.513 ms  16/1789 (0.89%)  
[  8] 254.00-255.00 sec  2.36 MBytes  19.8 Mbits/sec  1.026 ms  11/1777 (0.62%)  
[  8] 255.00-256.00 sec  2.40 MBytes  20.1 Mbits/sec  0.544 ms  6/1802 (0.33%)  
[  8] 256.00-257.00 sec  2.37 MBytes  19.9 Mbits/sec  0.594 ms  2/1780 (0.11%)  
[  8] 257.00-258.00 sec  2.36 MBytes  19.8 Mbits/sec  0.894 ms  8/1774 (0.45%)  
[  8] 258.00-259.00 sec  2.36 MBytes  19.8 Mbits/sec  0.771 ms  27/1794 (1.5%)  
[  8] 259.00-260.00 sec  2.33 MBytes  19.6 Mbits/sec  0.427 ms  35/1781 (2%)  
[  8] 260.00-261.00 sec  2.38 MBytes  19.9 Mbits/sec  0.626 ms  15/1796 (0.84%)  
[  8] 261.00-262.00 sec  2.29 MBytes  19.2 Mbits/sec  0.816 ms  62/1778 (3.5%)  
[  8] 262.00-263.00 sec  2.29 MBytes  19.2 Mbits/sec  0.379 ms  70/1785 (3.9%)  
[  8] 263.00-264.00 sec  2.37 MBytes  19.9 Mbits/sec  0.479 ms  21/1794 (1.2%)  
[  8] 264.00-265.00 sec  2.38 MBytes  20.0 Mbits/sec  0.518 ms  4/1787 (0.22%)  
[  8] 265.00-266.00 sec  2.38 MBytes  20.0 Mbits/sec  0.676 ms  0/1786 (0%)  
[  8] 266.00-267.00 sec  2.39 MBytes  20.1 Mbits/sec  0.511 ms  0/1787 (0%)  
[  8] 267.00-268.00 sec  2.28 MBytes  19.1 Mbits/sec  0.798 ms  71/1777 (4%)  
[  8] 268.00-269.00 sec  2.32 MBytes  19.5 Mbits/sec  0.569 ms  47/1788 (2.6%)  
[  8] 269.00-270.00 sec  2.39 MBytes  20.0 Mbits/sec  0.634 ms  0/1787 (0%)  
[  8] 270.00-271.00 sec  2.35 MBytes  19.7 Mbits/sec  0.554 ms  18/1781 (1%)  
[  8] 271.00-272.00 sec  2.21 MBytes  18.6 Mbits/sec  0.493 ms  139/1794 (7.7%)  
[  8] 272.00-273.00 sec  2.35 MBytes  19.7 Mbits/sec  0.699 ms  19/1781 (1.1%)  
[  8] 273.00-274.00 sec  2.38 MBytes  20.0 Mbits/sec  0.642 ms  2/1785 (0.11%)  
[  8] 274.00-275.00 sec  2.38 MBytes  20.0 Mbits/sec  0.765 ms  7/1789 (0.39%)  
[  8] 275.00-276.00 sec  2.36 MBytes  19.8 Mbits/sec  0.751 ms  20/1786 (1.1%)  
[  8] 276.00-277.00 sec  2.36 MBytes  19.9 Mbits/sec  0.462 ms  11/1782 (0.62%)  
[  8] 277.00-278.00 sec  2.36 MBytes  19.8 Mbits/sec  0.829 ms  9/1779 (0.51%)  
[  8] 278.00-279.00 sec  2.34 MBytes  19.6 Mbits/sec  0.412 ms  39/1788 (2.2%)  
[  8] 279.00-280.00 sec  2.36 MBytes  19.8 Mbits/sec  0.442 ms  22/1791 (1.2%)  
[  8] 280.00-281.00 sec  2.36 MBytes  19.8 Mbits/sec  0.406 ms  17/1787 (0.95%)  
[  8] 281.00-282.00 sec  2.36 MBytes  19.8 Mbits/sec  0.517 ms  18/1786 (1%)  
[  8] 282.00-283.00 sec  2.38 MBytes  20.0 Mbits/sec  0.461 ms  3/1787 (0.17%)  
[  8] 283.00-284.00 sec  2.19 MBytes  18.4 Mbits/sec  0.518 ms  145/1786 (8.1%)  
[  8] 284.00-285.00 sec  2.35 MBytes  19.7 Mbits/sec  0.653 ms  18/1775 (1%)  
[  8] 285.00-286.00 sec  2.37 MBytes  19.9 Mbits/sec  0.620 ms  19/1793 (1.1%)  
[  8] 286.00-287.00 sec  2.35 MBytes  19.7 Mbits/sec  0.814 ms  21/1782 (1.2%)  
[  8] 287.00-288.00 sec  2.26 MBytes  18.9 Mbits/sec  0.798 ms  99/1789 (5.5%)  
[  8] 288.00-289.00 sec  2.35 MBytes  19.7 Mbits/sec  0.457 ms  24/1787 (1.3%)  
[  8] 289.00-290.00 sec  2.38 MBytes  19.9 Mbits/sec  0.558 ms  8/1788 (0.45%)  
[  8] 290.00-291.00 sec  2.31 MBytes  19.4 Mbits/sec  0.648 ms  46/1774 (2.6%)  
[  8] 291.00-292.00 sec  2.39 MBytes  20.0 Mbits/sec  0.700 ms  7/1796 (0.39%)  
[  8] 292.00-293.00 sec  2.36 MBytes  19.8 Mbits/sec  0.812 ms  12/1780 (0.67%)  
[  8] 293.00-294.00 sec  2.37 MBytes  19.9 Mbits/sec  0.693 ms  17/1790 (0.95%)  
[  8] 294.00-295.00 sec  2.35 MBytes  19.7 Mbits/sec  0.472 ms  25/1783 (1.4%)  
[  8] 295.00-296.00 sec  2.29 MBytes  19.2 Mbits/sec  0.521 ms  62/1778 (3.5%)  
[  8] 296.00-297.00 sec  2.39 MBytes  20.0 Mbits/sec  0.715 ms  14/1802 (0.78%)  
[  8] 297.00-298.00 sec  2.36 MBytes  19.8 Mbits/sec  0.804 ms  6/1777 (0.34%)  
[  8] 298.00-299.00 sec  2.36 MBytes  19.8 Mbits/sec  0.522 ms  29/1794 (1.6%)  
[  8] 299.00-300.00 sec  2.32 MBytes  19.4 Mbits/sec  0.726 ms  44/1778 (2.5%)  
[  8] 300.00-301.00 sec  2.34 MBytes  19.6 Mbits/sec  0.662 ms  37/1786 (2.1%)  
[  8] 301.00-302.00 sec  2.35 MBytes  19.7 Mbits/sec  0.558 ms  32/1792 (1.8%)  
[  8] 302.00-303.00 sec  2.34 MBytes  19.6 Mbits/sec  0.686 ms  26/1778 (1.5%)  
[  8] 303.00-304.00 sec  2.34 MBytes  19.7 Mbits/sec  0.708 ms  32/1787 (1.8%)  
[  8] 304.00-305.00 sec  2.32 MBytes  19.5 Mbits/sec  0.508 ms  49/1788 (2.7%)  
[  8] 305.00-306.00 sec  2.23 MBytes  18.7 Mbits/sec  0.748 ms  107/1779 (6%)  
[  8] 306.00-307.00 sec  2.29 MBytes  19.2 Mbits/sec  0.499 ms  68/1785 (3.8%)  
[  8] 307.00-308.00 sec  2.30 MBytes  19.3 Mbits/sec  1.091 ms  53/1776 (3%)  
[  8] 308.00-309.00 sec  2.33 MBytes  19.5 Mbits/sec  0.687 ms  44/1786 (2.5%)  
[  8] 309.00-310.00 sec  2.31 MBytes  19.4 Mbits/sec  0.435 ms  55/1786 (3.1%)  
[  8] 310.00-311.00 sec  2.35 MBytes  19.7 Mbits/sec  1.066 ms  28/1789 (1.6%)  
[  8] 311.00-312.00 sec  2.36 MBytes  19.8 Mbits/sec  0.779 ms  27/1798 (1.5%)  
[  8] 312.00-313.00 sec  2.29 MBytes  19.2 Mbits/sec  0.635 ms  68/1785 (3.8%)  
[  8] 313.00-314.00 sec  2.37 MBytes  19.9 Mbits/sec  0.693 ms  15/1789 (0.84%)  
[  8] 314.00-315.00 sec  2.34 MBytes  19.7 Mbits/sec  0.942 ms  22/1778 (1.2%)  
[  8] 315.00-316.00 sec  2.35 MBytes  19.7 Mbits/sec  0.583 ms  33/1795 (1.8%)  
[  8] 316.00-317.00 sec  2.35 MBytes  19.7 Mbits/sec  0.549 ms  27/1788 (1.5%)  
[  8] 317.00-318.00 sec  2.36 MBytes  19.8 Mbits/sec  0.454 ms  16/1785 (0.9%)  
[  8] 318.00-319.00 sec  2.36 MBytes  19.8 Mbits/sec  0.624 ms  0/1770 (0%)  
[  8] 319.00-320.00 sec  2.33 MBytes  19.5 Mbits/sec  0.751 ms  48/1790 (2.7%)  
[  8] 320.00-321.00 sec  2.38 MBytes  20.0 Mbits/sec  0.397 ms  4/1788 (0.22%)  
[  8] 321.00-322.00 sec  2.38 MBytes  19.9 Mbits/sec  0.904 ms  4/1784 (0.22%)  
[  8] 322.00-323.00 sec  2.36 MBytes  19.8 Mbits/sec  0.481 ms  15/1785 (0.84%)  
[  8] 323.00-324.00 sec  2.39 MBytes  20.0 Mbits/sec  0.449 ms  1/1791 (0.056%)  
[  8] 324.00-325.00 sec  2.36 MBytes  19.8 Mbits/sec  0.194 ms  16/1786 (0.9%)  
[  8] 325.00-326.00 sec  2.18 MBytes  18.3 Mbits/sec  0.456 ms  152/1787 (8.5%)  
[  8] 326.00-327.00 sec  2.30 MBytes  19.3 Mbits/sec  0.181 ms  62/1785 (3.5%)  
[  8] 327.00-328.00 sec  2.38 MBytes  20.0 Mbits/sec  0.298 ms  7/1790 (0.39%)  
[  8] 328.00-329.00 sec  2.35 MBytes  19.7 Mbits/sec  0.470 ms  15/1775 (0.85%)  
[  8] 329.00-330.00 sec  2.30 MBytes  19.3 Mbits/sec  0.385 ms  76/1798 (4.2%)  
[  8] 330.00-331.00 sec  2.17 MBytes  18.2 Mbits/sec  0.817 ms  148/1770 (8.4%)  
[  8] 331.00-332.00 sec  2.34 MBytes  19.6 Mbits/sec  0.603 ms  39/1791 (2.2%)  
[  8] 332.00-333.00 sec  2.37 MBytes  19.8 Mbits/sec  0.535 ms  22/1794 (1.2%)  
[  8] 333.00-334.00 sec  2.35 MBytes  19.7 Mbits/sec  0.565 ms  24/1781 (1.3%)  
[  8] 334.00-335.00 sec  2.37 MBytes  19.9 Mbits/sec  0.493 ms  17/1790 (0.95%)  
[  8] 335.00-336.00 sec  2.37 MBytes  19.9 Mbits/sec  0.425 ms  8/1785 (0.45%)  
[  8] 336.00-337.00 sec  2.36 MBytes  19.8 Mbits/sec  0.247 ms  21/1787 (1.2%)  
[  8] 337.00-338.00 sec  2.29 MBytes  19.2 Mbits/sec  0.291 ms  72/1788 (4%)  
[  8] 338.00-339.00 sec  2.36 MBytes  19.8 Mbits/sec  0.287 ms  13/1782 (0.73%)  
[  8] 339.00-340.00 sec  2.30 MBytes  19.3 Mbits/sec  0.494 ms  58/1782 (3.3%)  
[  8] 340.00-340.01 sec  24.6 KBytes  16.6 Mbits/sec  0.555 ms  0/18 (0%)  
- - - - - - - - - - - - - - - - - - - - - - - - -
[ ID] Interval           Transfer     Bitrate         Jitter    Lost/Total Datagrams
[  8]   0.00-340.01 sec   797 MBytes  19.7 Mbits/sec  0.555 ms  10181/607142 (1.7%)  receiver
