-----------------------------------------------------------
Server listening on 5201 (test #1)
-----------------------------------------------------------
Accepted connection from 10.0.0.13, port 36300
[  8] local 10.0.0.77 port 5201 connected to 10.0.0.13 port 54909
[ ID] Interval           Transfer     Bitrate         Jitter    Lost/Total Datagrams
[  8]   0.00-1.00   sec   592 KBytes  4.85 Mbits/sec  2.141 ms  10/443 (2.3%)  
[  8]   1.00-2.00   sec   606 KBytes  4.96 Mbits/sec  1.872 ms  3/446 (0.67%)  
[  8]   2.00-3.00   sec   600 KBytes  4.92 Mbits/sec  1.665 ms  10/449 (2.2%)  
[  8]   3.00-4.00   sec   608 KBytes  4.97 Mbits/sec  1.816 ms  2/447 (0.45%)  
[  8]   4.00-5.00   sec   608 KBytes  5.00 Mbits/sec  2.255 ms  0/445 (0%)  
[  8]   5.00-6.00   sec   611 KBytes  5.01 Mbits/sec  1.058 ms  0/447 (0%)  
[  8]   6.00-7.00   sec   607 KBytes  4.97 Mbits/sec  1.750 ms  0/444 (0%)  
[  8]   7.00-8.00   sec   614 KBytes  5.03 Mbits/sec  1.053 ms  0/449 (0%)  
[  8]   8.00-9.00   sec   591 KBytes  4.84 Mbits/sec  2.257 ms  11/443 (2.5%)  
[  8]   9.00-10.00  sec   611 KBytes  5.01 Mbits/sec  1.070 ms  3/450 (0.67%)  
[  8]  10.00-11.00  sec   606 KBytes  4.96 Mbits/sec  1.483 ms  1/444 (0.23%)  
[  8]  11.00-12.00  sec   612 KBytes  5.02 Mbits/sec  1.426 ms  0/448 (0%)  
[  8]  12.00-13.00  sec   611 KBytes  5.01 Mbits/sec  1.594 ms  0/447 (0%)  
[  8]  13.00-14.00  sec   608 KBytes  4.98 Mbits/sec  1.770 ms  1/446 (0.22%)  
[  8]  14.00-15.00  sec   606 KBytes  4.96 Mbits/sec  1.552 ms  4/447 (0.89%)  
[  8]  15.00-16.00  sec   610 KBytes  5.00 Mbits/sec  0.970 ms  0/446 (0%)  
[  8]  16.00-17.00  sec   608 KBytes  4.98 Mbits/sec  1.405 ms  0/445 (0%)  
[  8]  17.00-18.00  sec   610 KBytes  5.00 Mbits/sec  0.995 ms  1/447 (0.22%)  
[  8]  18.00-19.00  sec   606 KBytes  4.96 Mbits/sec  1.718 ms  0/443 (0%)  
[  8]  19.00-20.00  sec   608 KBytes  4.98 Mbits/sec  2.573 ms  0/445 (0%)  
[  8]  20.00-21.00  sec   617 KBytes  5.05 Mbits/sec  1.527 ms  1/452 (0.22%)  
[  8]  21.00-22.00  sec   610 KBytes  5.00 Mbits/sec  1.218 ms  1/447 (0.22%)  
[  8]  22.00-23.00  sec   610 KBytes  4.98 Mbits/sec  1.750 ms  0/446 (0%)  
[  8]  23.00-24.00  sec   596 KBytes  4.89 Mbits/sec  2.249 ms  9/445 (2%)  
[  8]  24.00-25.00  sec   606 KBytes  4.96 Mbits/sec  1.726 ms  2/445 (0.45%)  
[  8]  25.00-26.00  sec   608 KBytes  4.98 Mbits/sec  1.187 ms  4/449 (0.89%)  
[  8]  26.00-27.00  sec   610 KBytes  5.00 Mbits/sec  1.290 ms  1/447 (0.22%)  
[  8]  27.00-28.00  sec   608 KBytes  4.98 Mbits/sec  1.896 ms  0/445 (0%)  
[  8]  28.00-29.00  sec   592 KBytes  4.85 Mbits/sec  1.604 ms  11/444 (2.5%)  
[  8]  29.00-30.00  sec   607 KBytes  4.97 Mbits/sec  1.692 ms  4/448 (0.89%)  
[  8]  30.00-31.00  sec   612 KBytes  5.02 Mbits/sec  1.364 ms  0/448 (0%)  
[  8]  31.00-32.00  sec   607 KBytes  4.97 Mbits/sec  1.298 ms  1/445 (0.22%)  
[  8]  32.00-33.00  sec   591 KBytes  4.84 Mbits/sec  1.558 ms  1/433 (0.23%)  
[  8]  33.00-34.00  sec   606 KBytes  4.96 Mbits/sec  2.081 ms  18/461 (3.9%)  
[  8]  34.00-35.00  sec   610 KBytes  5.00 Mbits/sec  1.247 ms  1/447 (0.22%)  
[  8]  35.00-36.00  sec   610 KBytes  5.00 Mbits/sec  1.435 ms  0/446 (0%)  
[  8]  36.00-37.00  sec   608 KBytes  4.98 Mbits/sec  1.891 ms  0/445 (0%)  
[  8]  37.00-38.00  sec   612 KBytes  5.02 Mbits/sec  1.801 ms  0/448 (0%)  
[  8]  38.00-39.00  sec   602 KBytes  4.93 Mbits/sec  1.717 ms  7/447 (1.6%)  
[  8]  39.00-40.00  sec   607 KBytes  4.97 Mbits/sec  1.304 ms  2/446 (0.45%)  
[  8]  40.00-41.00  sec   610 KBytes  5.00 Mbits/sec  1.160 ms  0/446 (0%)  
[  8]  41.00-42.00  sec   607 KBytes  4.97 Mbits/sec  1.475 ms  3/447 (0.67%)  
[  8]  42.00-43.00  sec   608 KBytes  4.98 Mbits/sec  1.674 ms  1/446 (0.22%)  
[  8]  43.00-44.00  sec   612 KBytes  5.02 Mbits/sec  1.008 ms  0/448 (0%)  
[  8]  44.00-45.00  sec   604 KBytes  4.95 Mbits/sec  1.719 ms  2/444 (0.45%)  
[  8]  45.00-46.00  sec   610 KBytes  5.00 Mbits/sec  1.100 ms  1/447 (0.22%)  
[  8]  46.00-47.00  sec   611 KBytes  5.01 Mbits/sec  1.160 ms  0/447 (0%)  
[  8]  47.00-48.00  sec   607 KBytes  4.97 Mbits/sec  1.882 ms  2/446 (0.45%)  
[  8]  48.00-49.00  sec   603 KBytes  4.94 Mbits/sec  1.654 ms  6/447 (1.3%)  
[  8]  49.00-50.00  sec   610 KBytes  5.00 Mbits/sec  1.940 ms  0/446 (0%)  
[  8]  50.00-51.00  sec   610 KBytes  5.00 Mbits/sec  1.281 ms  1/447 (0.22%)  
[  8]  51.00-52.00  sec   610 KBytes  5.00 Mbits/sec  1.752 ms  0/446 (0%)  
[  8]  52.00-53.00  sec   604 KBytes  4.95 Mbits/sec  1.404 ms  4/446 (0.9%)  
[  8]  53.00-54.00  sec   611 KBytes  5.01 Mbits/sec  1.969 ms  0/447 (0%)  
[  8]  54.00-55.00  sec   581 KBytes  4.76 Mbits/sec  1.563 ms  14/439 (3.2%)  
[  8]  55.00-56.00  sec   611 KBytes  5.01 Mbits/sec  1.339 ms  6/453 (1.3%)  
[  8]  56.00-57.00  sec   591 KBytes  4.84 Mbits/sec  1.873 ms  5/437 (1.1%)  
[  8]  57.00-58.00  sec   592 KBytes  4.85 Mbits/sec  1.557 ms  23/456 (5%)  
[  8]  58.00-59.00  sec   610 KBytes  5.00 Mbits/sec  1.135 ms  1/447 (0.22%)  
[  8]  59.00-60.00  sec   606 KBytes  4.96 Mbits/sec  1.473 ms  3/446 (0.67%)  
[  8]  60.00-61.00  sec   606 KBytes  4.96 Mbits/sec  1.884 ms  3/446 (0.67%)  
[  8]  61.00-62.00  sec   611 KBytes  5.01 Mbits/sec  1.994 ms  0/447 (0%)  
[  8]  62.00-63.00  sec   604 KBytes  4.95 Mbits/sec  1.106 ms  4/446 (0.9%)  
[  8]  63.00-64.00  sec   607 KBytes  4.97 Mbits/sec  2.096 ms  2/446 (0.45%)  
[  8]  64.00-65.00  sec   610 KBytes  5.00 Mbits/sec  1.780 ms  1/447 (0.22%)  
[  8]  65.00-66.00  sec   604 KBytes  4.95 Mbits/sec  1.304 ms  4/446 (0.9%)  
[  8]  66.00-67.00  sec   610 KBytes  4.98 Mbits/sec  2.068 ms  1/447 (0.22%)  
[  8]  67.00-68.00  sec   603 KBytes  4.95 Mbits/sec  1.846 ms  4/445 (0.9%)  
[  8]  68.00-69.00  sec   614 KBytes  5.03 Mbits/sec  1.976 ms  0/449 (0%)  
[  8]  69.00-70.00  sec   604 KBytes  4.95 Mbits/sec  1.609 ms  3/445 (0.67%)  
[  8]  70.00-71.00  sec   611 KBytes  5.01 Mbits/sec  1.757 ms  0/447 (0%)  
[  8]  71.00-72.00  sec   608 KBytes  4.98 Mbits/sec  1.480 ms  0/445 (0%)  
[  8]  72.00-73.00  sec   612 KBytes  5.02 Mbits/sec  1.533 ms  0/448 (0%)  
[  8]  73.00-74.00  sec   607 KBytes  4.97 Mbits/sec  1.426 ms  2/446 (0.45%)  
[  8]  74.00-75.01  sec   607 KBytes  4.94 Mbits/sec  1.624 ms  5/449 (1.1%)  
[  8]  75.01-76.00  sec   603 KBytes  4.97 Mbits/sec  1.617 ms  1/442 (0.23%)  
[  8]  76.00-77.00  sec   577 KBytes  4.73 Mbits/sec  1.364 ms  25/447 (5.6%)  
[  8]  77.00-78.00  sec   608 KBytes  4.98 Mbits/sec  1.403 ms  3/448 (0.67%)  
[  8]  78.00-79.00  sec   599 KBytes  4.91 Mbits/sec  1.982 ms  7/445 (1.6%)  
[  8]  79.00-80.00  sec   602 KBytes  4.93 Mbits/sec  1.366 ms  6/446 (1.3%)  
[  8]  80.00-81.00  sec   611 KBytes  5.00 Mbits/sec  1.410 ms  1/448 (0.22%)  
[  8]  81.00-82.00  sec   608 KBytes  4.99 Mbits/sec  1.945 ms  1/446 (0.22%)  
[  8]  82.00-83.00  sec   596 KBytes  4.88 Mbits/sec  1.260 ms  11/447 (2.5%)  
[  8]  83.00-84.00  sec   606 KBytes  4.96 Mbits/sec  2.109 ms  4/447 (0.89%)  
[  8]  84.00-85.00  sec   608 KBytes  4.99 Mbits/sec  1.216 ms  0/445 (0%)  
[  8]  85.00-86.00  sec   610 KBytes  5.00 Mbits/sec  1.805 ms  1/447 (0.22%)  
[  8]  86.00-87.00  sec   602 KBytes  4.93 Mbits/sec  2.118 ms  6/446 (1.3%)  
[  8]  87.00-88.00  sec   585 KBytes  4.79 Mbits/sec  1.816 ms  16/444 (3.6%)  
[  8]  88.00-89.00  sec   608 KBytes  4.98 Mbits/sec  1.704 ms  3/448 (0.67%)  
[  8]  89.00-90.00  sec   610 KBytes  5.00 Mbits/sec  1.871 ms  0/446 (0%)  
[  8]  90.00-91.00  sec   593 KBytes  4.86 Mbits/sec  2.138 ms  13/447 (2.9%)  
[  8]  91.00-92.00  sec   602 KBytes  4.93 Mbits/sec  2.218 ms  4/444 (0.9%)  
[  8]  92.00-93.00  sec   588 KBytes  4.82 Mbits/sec  1.735 ms  11/441 (2.5%)  
[  8]  93.00-94.00  sec   614 KBytes  5.03 Mbits/sec  1.900 ms  4/453 (0.88%)  
[  8]  94.00-95.00  sec   599 KBytes  4.91 Mbits/sec  1.620 ms  12/450 (2.7%)  
[  8]  95.00-96.00  sec   592 KBytes  4.85 Mbits/sec  1.737 ms  11/444 (2.5%)  
[  8]  96.00-97.00  sec   593 KBytes  4.86 Mbits/sec  1.941 ms  12/446 (2.7%)  
[  8]  97.00-98.00  sec   611 KBytes  5.01 Mbits/sec  1.355 ms  1/448 (0.22%)  
[  8]  98.00-99.00  sec   608 KBytes  4.98 Mbits/sec  2.187 ms  1/446 (0.22%)  
[  8]  99.00-100.00 sec   606 KBytes  4.96 Mbits/sec  1.542 ms  4/447 (0.89%)  
[  8] 100.00-101.00 sec   603 KBytes  4.94 Mbits/sec  1.617 ms  4/445 (0.9%)  
[  8] 101.00-102.00 sec   600 KBytes  4.92 Mbits/sec  1.290 ms  8/447 (1.8%)  
[  8] 102.00-103.00 sec   587 KBytes  4.80 Mbits/sec  1.329 ms  1/430 (0.23%)  
[  8] 103.00-104.00 sec   588 KBytes  4.82 Mbits/sec  1.793 ms  33/463 (7.1%)  
[  8] 104.00-105.00 sec   604 KBytes  4.95 Mbits/sec  1.067 ms  2/444 (0.45%)  
[  8] 105.00-106.00 sec   611 KBytes  5.01 Mbits/sec  1.231 ms  3/450 (0.67%)  
[  8] 106.00-107.00 sec   610 KBytes  5.00 Mbits/sec  1.560 ms  0/446 (0%)  
[  8] 107.00-108.00 sec   608 KBytes  4.98 Mbits/sec  1.548 ms  0/445 (0%)  
[  8] 108.00-109.00 sec   612 KBytes  5.02 Mbits/sec  1.255 ms  0/448 (0%)  
[  8] 109.00-110.00 sec   611 KBytes  5.01 Mbits/sec  1.564 ms  0/447 (0%)  
[  8] 110.00-111.00 sec   600 KBytes  4.92 Mbits/sec  1.712 ms  7/446 (1.6%)  
[  8] 111.00-112.00 sec   607 KBytes  4.97 Mbits/sec  1.927 ms  2/446 (0.45%)  
[  8] 112.00-113.00 sec   610 KBytes  5.00 Mbits/sec  1.865 ms  0/446 (0%)  
[  8] 113.00-114.00 sec   603 KBytes  4.94 Mbits/sec  2.187 ms  4/445 (0.9%)  
[  8] 114.00-115.00 sec   612 KBytes  5.02 Mbits/sec  1.266 ms  2/450 (0.44%)  
[  8] 115.00-116.00 sec   606 KBytes  4.96 Mbits/sec  1.405 ms  3/446 (0.67%)  
[  8] 116.00-117.00 sec   610 KBytes  5.00 Mbits/sec  1.205 ms  0/446 (0%)  
[  8] 117.00-118.00 sec   577 KBytes  4.73 Mbits/sec  0.897 ms  24/446 (5.4%)  
[  8] 118.00-119.00 sec   611 KBytes  5.01 Mbits/sec  0.840 ms  0/447 (0%)  
[  8] 119.00-120.00 sec   610 KBytes  5.00 Mbits/sec  1.250 ms  0/446 (0%)  
[  8] 120.00-121.00 sec   603 KBytes  4.94 Mbits/sec  1.402 ms  5/446 (1.1%)  
[  8] 121.00-122.00 sec   600 KBytes  4.92 Mbits/sec  1.657 ms  7/446 (1.6%)  
[  8] 122.00-123.00 sec   610 KBytes  5.00 Mbits/sec  1.788 ms  0/446 (0%)  
[  8] 123.00-124.00 sec   608 KBytes  4.98 Mbits/sec  1.503 ms  2/447 (0.45%)  
[  8] 124.00-125.00 sec   611 KBytes  5.01 Mbits/sec  1.335 ms  0/447 (0%)  
[  8] 125.00-126.00 sec   612 KBytes  5.02 Mbits/sec  1.272 ms  0/448 (0%)  
[  8] 126.00-127.00 sec   606 KBytes  4.95 Mbits/sec  1.722 ms  0/443 (0%)  
[  8] 127.00-128.00 sec   612 KBytes  5.03 Mbits/sec  1.028 ms  2/450 (0.44%)  
[  8] 128.00-129.00 sec   602 KBytes  4.93 Mbits/sec  1.270 ms  4/444 (0.9%)  
[  8] 129.00-130.00 sec   608 KBytes  4.98 Mbits/sec  1.578 ms  0/445 (0%)  
[  8] 130.00-131.00 sec   608 KBytes  4.97 Mbits/sec  1.706 ms  3/448 (0.67%)  
[  8] 131.00-132.00 sec   602 KBytes  4.94 Mbits/sec  1.732 ms  6/446 (1.3%)  
[  8] 132.00-133.00 sec   611 KBytes  5.01 Mbits/sec  1.687 ms  0/447 (0%)  
[  8] 133.00-134.00 sec   611 KBytes  5.01 Mbits/sec  1.426 ms  0/447 (0%)  
[  8] 134.00-135.00 sec   600 KBytes  4.92 Mbits/sec  1.627 ms  6/445 (1.3%)  
[  8] 135.00-136.00 sec   607 KBytes  4.97 Mbits/sec  2.181 ms  4/448 (0.89%)  
[  8] 136.00-137.00 sec   607 KBytes  4.97 Mbits/sec  1.949 ms  2/446 (0.45%)  
[  8] 137.00-138.00 sec   612 KBytes  5.00 Mbits/sec  2.007 ms  0/448 (0%)  
[  8] 138.00-139.00 sec   607 KBytes  4.99 Mbits/sec  1.748 ms  1/445 (0.22%)  
[  8] 139.00-140.00 sec   610 KBytes  5.00 Mbits/sec  1.715 ms  2/448 (0.45%)  
[  8] 140.00-141.00 sec   593 KBytes  4.86 Mbits/sec  1.902 ms  9/443 (2%)  
[  8] 141.00-142.00 sec   607 KBytes  4.97 Mbits/sec  1.422 ms  5/449 (1.1%)  
[  8] 142.00-143.00 sec   599 KBytes  4.91 Mbits/sec  1.925 ms  6/444 (1.4%)  
[  8] 143.00-144.00 sec   608 KBytes  4.98 Mbits/sec  1.970 ms  1/446 (0.22%)  
[  8] 144.00-145.00 sec   606 KBytes  4.96 Mbits/sec  1.848 ms  6/449 (1.3%)  
[  8] 145.00-146.00 sec   606 KBytes  4.96 Mbits/sec  1.248 ms  3/446 (0.67%)  
[  8] 146.00-147.00 sec   608 KBytes  4.98 Mbits/sec  1.130 ms  2/447 (0.45%)  
[  8] 147.00-148.00 sec   608 KBytes  4.98 Mbits/sec  1.657 ms  0/445 (0%)  
[  8] 148.00-149.00 sec   610 KBytes  5.00 Mbits/sec  1.250 ms  1/447 (0.22%)  
[  8] 149.00-150.00 sec   595 KBytes  4.87 Mbits/sec  2.187 ms  11/446 (2.5%)  
[  8] 150.00-151.00 sec   593 KBytes  4.86 Mbits/sec  1.605 ms  14/448 (3.1%)  
[  8] 151.00-152.00 sec   608 KBytes  4.98 Mbits/sec  1.620 ms  0/445 (0%)  
[  8] 152.00-153.00 sec   610 KBytes  5.00 Mbits/sec  1.844 ms  1/447 (0.22%)  
[  8] 153.00-154.00 sec   606 KBytes  4.96 Mbits/sec  2.217 ms  2/445 (0.45%)  
[  8] 154.00-155.00 sec   610 KBytes  4.99 Mbits/sec  1.161 ms  1/447 (0.22%)  
[  8] 155.00-156.00 sec   611 KBytes  5.01 Mbits/sec  2.064 ms  0/447 (0%)  
[  8] 156.00-157.00 sec   596 KBytes  4.88 Mbits/sec  1.913 ms  9/445 (2%)  
[  8] 157.00-158.00 sec   588 KBytes  4.82 Mbits/sec  2.114 ms  14/444 (3.2%)  
[  8] 158.00-159.00 sec   606 KBytes  4.96 Mbits/sec  1.665 ms  5/448 (1.1%)  
[  8] 159.00-160.00 sec   614 KBytes  5.03 Mbits/sec  1.329 ms  1/450 (0.22%)  
[  8] 160.00-161.00 sec   610 KBytes  5.00 Mbits/sec  1.253 ms  0/446 (0%)  
[  8] 161.00-162.00 sec   610 KBytes  5.00 Mbits/sec  1.462 ms  0/446 (0%)  
[  8] 162.00-163.00 sec   603 KBytes  4.94 Mbits/sec  1.608 ms  6/447 (1.3%)  
[  8] 163.00-164.00 sec   606 KBytes  4.96 Mbits/sec  1.668 ms  3/446 (0.67%)  
[  8] 164.00-165.00 sec   607 KBytes  4.97 Mbits/sec  1.355 ms  1/445 (0.22%)  
[  8] 165.00-166.00 sec   582 KBytes  4.77 Mbits/sec  2.294 ms  16/442 (3.6%)  
[  8] 166.00-167.00 sec   602 KBytes  4.93 Mbits/sec  2.064 ms  12/452 (2.7%)  
[  8] 167.00-168.00 sec   597 KBytes  4.89 Mbits/sec  1.336 ms  8/445 (1.8%)  
[  8] 168.00-169.00 sec   576 KBytes  4.71 Mbits/sec  2.037 ms  23/444 (5.2%)  
[  8] 169.00-170.00 sec   596 KBytes  4.88 Mbits/sec  2.131 ms  10/446 (2.2%)  
[  8] 170.00-171.00 sec   611 KBytes  5.01 Mbits/sec  1.593 ms  4/451 (0.89%)  
[  8] 171.00-172.00 sec   607 KBytes  4.97 Mbits/sec  1.161 ms  3/447 (0.67%)  
[  8] 172.00-173.00 sec   608 KBytes  4.98 Mbits/sec  1.547 ms  1/446 (0.22%)  
[  8] 173.00-174.00 sec   591 KBytes  4.84 Mbits/sec  2.282 ms  11/443 (2.5%)  
[  8] 174.00-175.00 sec   600 KBytes  4.92 Mbits/sec  1.423 ms  10/449 (2.2%)  
[  8] 175.00-176.00 sec   591 KBytes  4.84 Mbits/sec  2.102 ms  13/445 (2.9%)  
[  8] 176.00-177.00 sec   548 KBytes  4.49 Mbits/sec  2.554 ms  41/442 (9.3%)  
[  8] 177.00-178.00 sec   600 KBytes  4.92 Mbits/sec  2.053 ms  12/451 (2.7%)  
[  8] 178.00-179.00 sec   603 KBytes  4.94 Mbits/sec  2.045 ms  7/448 (1.6%)  
[  8] 179.00-180.00 sec   608 KBytes  4.98 Mbits/sec  1.206 ms  2/447 (0.45%)  
[  8] 180.00-181.00 sec   591 KBytes  4.84 Mbits/sec  1.569 ms  14/446 (3.1%)  
[  8] 181.00-182.00 sec   599 KBytes  4.91 Mbits/sec  1.553 ms  8/446 (1.8%)  
[  8] 182.00-183.00 sec   603 KBytes  4.94 Mbits/sec  1.472 ms  7/448 (1.6%)  
[  8] 183.00-184.00 sec   580 KBytes  4.75 Mbits/sec  2.151 ms  21/445 (4.7%)  
[  8] 184.00-185.00 sec   593 KBytes  4.86 Mbits/sec  2.729 ms  10/444 (2.3%)  
[  8] 185.00-186.00 sec   593 KBytes  4.86 Mbits/sec  1.742 ms  16/450 (3.6%)  
[  8] 186.00-187.00 sec   536 KBytes  4.39 Mbits/sec  1.530 ms  53/445 (12%)  
[  8] 187.00-188.00 sec   558 KBytes  4.57 Mbits/sec  1.792 ms  39/447 (8.7%)  
[  8] 188.00-189.00 sec   607 KBytes  4.97 Mbits/sec  2.018 ms  3/447 (0.67%)  
[  8] 189.00-190.00 sec   604 KBytes  4.95 Mbits/sec  1.502 ms  4/446 (0.9%)  
[  8] 190.00-191.00 sec   588 KBytes  4.82 Mbits/sec  1.438 ms  15/445 (3.4%)  
[  8] 191.00-192.00 sec   604 KBytes  4.95 Mbits/sec  1.775 ms  5/447 (1.1%)  
[  8] 192.00-193.00 sec   563 KBytes  4.61 Mbits/sec  1.509 ms  35/447 (7.8%)  
[  8] 193.00-194.00 sec   602 KBytes  4.93 Mbits/sec  1.582 ms  7/447 (1.6%)  
[  8] 194.00-195.00 sec   599 KBytes  4.91 Mbits/sec  1.957 ms  8/446 (1.8%)  
[  8] 195.00-196.00 sec   591 KBytes  4.84 Mbits/sec  1.923 ms  15/447 (3.4%)  
[  8] 196.00-197.00 sec   551 KBytes  4.51 Mbits/sec  2.201 ms  42/445 (9.4%)  
[  8] 197.00-198.00 sec   591 KBytes  4.84 Mbits/sec  1.163 ms  14/446 (3.1%)  
[  8] 198.00-199.00 sec   612 KBytes  5.02 Mbits/sec  1.404 ms  0/448 (0%)  
[  8] 199.00-200.00 sec   561 KBytes  4.59 Mbits/sec  2.708 ms  33/443 (7.4%)  
[  8] 200.00-201.00 sec   556 KBytes  4.56 Mbits/sec  1.353 ms  43/450 (9.6%)  
[  8] 201.00-202.00 sec   610 KBytes  5.00 Mbits/sec  1.227 ms  0/446 (0%)  
[  8] 202.00-203.00 sec   611 KBytes  5.01 Mbits/sec  0.948 ms  0/447 (0%)  
[  8] 203.00-204.00 sec   607 KBytes  4.97 Mbits/sec  1.599 ms  2/446 (0.45%)  
[  8] 204.00-205.00 sec   603 KBytes  4.94 Mbits/sec  1.931 ms  4/445 (0.9%)  
[  8] 205.00-206.00 sec   602 KBytes  4.93 Mbits/sec  1.966 ms  5/445 (1.1%)  
[  8] 206.00-207.00 sec   610 KBytes  5.00 Mbits/sec  2.060 ms  2/448 (0.45%)  
[  8] 207.00-208.00 sec   610 KBytes  4.99 Mbits/sec  2.192 ms  1/447 (0.22%)  
[  8] 208.00-209.00 sec   611 KBytes  5.01 Mbits/sec  1.889 ms  0/447 (0%)  
[  8] 209.00-210.00 sec   596 KBytes  4.88 Mbits/sec  2.225 ms  8/444 (1.8%)  
[  8] 210.00-211.00 sec   603 KBytes  4.95 Mbits/sec  1.510 ms  7/448 (1.6%)  
[  8] 211.00-212.00 sec   610 KBytes  4.99 Mbits/sec  1.288 ms  1/447 (0.22%)  
[  8] 212.00-213.00 sec   608 KBytes  4.98 Mbits/sec  1.871 ms  3/448 (0.67%)  
[  8] 213.00-214.00 sec   599 KBytes  4.91 Mbits/sec  2.224 ms  4/442 (0.9%)  
[  8] 214.00-215.00 sec   581 KBytes  4.76 Mbits/sec  1.138 ms  26/451 (5.8%)  
[  8] 215.00-216.00 sec   595 KBytes  4.87 Mbits/sec  1.967 ms  8/443 (1.8%)  
[  8] 216.00-217.00 sec   606 KBytes  4.96 Mbits/sec  1.449 ms  6/449 (1.3%)  
[  8] 217.00-218.00 sec   610 KBytes  5.00 Mbits/sec  1.737 ms  0/446 (0%)  
[  8] 218.00-219.00 sec   593 KBytes  4.86 Mbits/sec  1.450 ms  11/445 (2.5%)  
[  8] 219.00-220.00 sec   581 KBytes  4.76 Mbits/sec  1.397 ms  22/447 (4.9%)  
[  8] 220.00-221.00 sec   612 KBytes  5.02 Mbits/sec  1.877 ms  0/448 (0%)  
[  8] 221.00-222.00 sec   604 KBytes  4.95 Mbits/sec  1.857 ms  3/445 (0.67%)  
[  8] 222.00-223.00 sec   591 KBytes  4.84 Mbits/sec  1.816 ms  11/443 (2.5%)  
[  8] 223.00-224.00 sec   597 KBytes  4.87 Mbits/sec  2.541 ms  15/452 (3.3%)  
[  8] 224.00-225.00 sec   588 KBytes  4.84 Mbits/sec  2.103 ms  8/438 (1.8%)  
[  8] 225.00-226.00 sec   544 KBytes  4.46 Mbits/sec  2.097 ms  52/450 (12%)  
[  8] 226.00-227.00 sec   600 KBytes  4.92 Mbits/sec  1.814 ms  10/449 (2.2%)  
[  8] 227.00-228.00 sec   597 KBytes  4.89 Mbits/sec  1.399 ms  5/442 (1.1%)  
[  8] 228.00-229.00 sec   603 KBytes  4.94 Mbits/sec  1.741 ms  11/452 (2.4%)  
[  8] 229.00-230.00 sec   603 KBytes  4.94 Mbits/sec  1.666 ms  5/446 (1.1%)  
[  8] 230.00-231.00 sec   610 KBytes  5.00 Mbits/sec  0.746 ms  1/447 (0.22%)  
[  8] 231.00-232.00 sec   610 KBytes  5.00 Mbits/sec  1.276 ms  0/446 (0%)  
[  8] 232.00-233.00 sec   611 KBytes  5.01 Mbits/sec  1.366 ms  0/447 (0%)  
[  8] 233.00-234.00 sec   596 KBytes  4.88 Mbits/sec  1.479 ms  9/445 (2%)  
[  8] 234.00-235.00 sec   604 KBytes  4.95 Mbits/sec  2.157 ms  5/447 (1.1%)  
[  8] 235.00-236.00 sec   612 KBytes  5.02 Mbits/sec  1.471 ms  0/448 (0%)  
[  8] 236.00-237.00 sec   608 KBytes  4.98 Mbits/sec  1.111 ms  0/445 (0%)  
[  8] 237.00-238.00 sec   610 KBytes  5.00 Mbits/sec  1.424 ms  1/447 (0.22%)  
[  8] 238.00-239.00 sec   574 KBytes  4.70 Mbits/sec  2.090 ms  23/443 (5.2%)  
[  8] 239.00-240.00 sec   593 KBytes  4.86 Mbits/sec  1.440 ms  16/450 (3.6%)  
[  8] 240.00-241.00 sec   608 KBytes  4.98 Mbits/sec  1.856 ms  1/446 (0.22%)  
[  8] 241.00-242.00 sec   578 KBytes  4.73 Mbits/sec  1.432 ms  24/447 (5.4%)  
[  8] 242.00-243.00 sec   607 KBytes  4.98 Mbits/sec  1.289 ms  1/445 (0.22%)  
[  8] 243.00-244.00 sec   607 KBytes  4.97 Mbits/sec  1.902 ms  3/447 (0.67%)  
[  8] 244.00-245.00 sec   607 KBytes  4.97 Mbits/sec  1.759 ms  1/445 (0.22%)  
[  8] 245.00-246.00 sec   611 KBytes  5.01 Mbits/sec  1.756 ms  2/449 (0.45%)  
[  8] 246.00-247.00 sec   554 KBytes  4.54 Mbits/sec  1.098 ms  42/447 (9.4%)  
[  8] 247.00-248.00 sec   610 KBytes  5.00 Mbits/sec  1.172 ms  0/446 (0%)  
[  8] 248.00-249.00 sec   607 KBytes  4.97 Mbits/sec  1.558 ms  1/445 (0.22%)  
[  8] 249.00-250.00 sec   599 KBytes  4.91 Mbits/sec  1.109 ms  4/442 (0.9%)  
[  8] 250.00-251.00 sec   615 KBytes  5.04 Mbits/sec  0.867 ms  0/450 (0%)  
[  8] 251.00-252.00 sec   606 KBytes  4.96 Mbits/sec  1.309 ms  4/447 (0.89%)  
[  8] 252.00-253.00 sec   606 KBytes  4.96 Mbits/sec  1.949 ms  2/445 (0.45%)  
[  8] 253.00-254.00 sec   610 KBytes  5.00 Mbits/sec  1.242 ms  2/448 (0.45%)  
[  8] 254.00-255.00 sec   608 KBytes  4.98 Mbits/sec  1.545 ms  1/446 (0.22%)  
[  8] 255.00-256.00 sec   610 KBytes  4.99 Mbits/sec  1.965 ms  2/448 (0.45%)  
[  8] 256.00-257.00 sec   603 KBytes  4.94 Mbits/sec  1.667 ms  2/443 (0.45%)  
[  8] 257.00-258.00 sec   614 KBytes  5.03 Mbits/sec  1.819 ms  0/449 (0%)  
[  8] 258.00-259.00 sec   602 KBytes  4.93 Mbits/sec  2.287 ms  7/447 (1.6%)  
[  8] 259.00-260.00 sec   599 KBytes  4.91 Mbits/sec  1.751 ms  8/446 (1.8%)  
[  8] 260.00-261.00 sec   604 KBytes  4.95 Mbits/sec  2.025 ms  3/445 (0.67%)  
[  8] 261.00-262.00 sec   595 KBytes  4.87 Mbits/sec  2.029 ms  11/446 (2.5%)  
[  8] 262.00-263.00 sec   597 KBytes  4.89 Mbits/sec  1.590 ms  12/449 (2.7%)  
[  8] 263.00-264.00 sec   602 KBytes  4.93 Mbits/sec  1.510 ms  6/446 (1.3%)  
[  8] 264.00-265.00 sec   608 KBytes  4.98 Mbits/sec  1.126 ms  1/446 (0.22%)  
[  8] 265.00-266.00 sec   610 KBytes  5.00 Mbits/sec  0.835 ms  0/446 (0%)  
[  8] 266.00-267.00 sec   611 KBytes  5.01 Mbits/sec  1.539 ms  0/447 (0%)  
[  8] 267.00-268.00 sec   587 KBytes  4.80 Mbits/sec  1.592 ms  15/444 (3.4%)  
[  8] 268.00-269.00 sec   604 KBytes  4.95 Mbits/sec  1.218 ms  8/450 (1.8%)  
[  8] 269.00-270.00 sec   608 KBytes  4.98 Mbits/sec  1.317 ms  1/446 (0.22%)  
[  8] 270.00-271.00 sec   599 KBytes  4.91 Mbits/sec  2.202 ms  4/442 (0.9%)  
[  8] 271.00-272.00 sec   565 KBytes  4.63 Mbits/sec  1.102 ms  35/448 (7.8%)  
[  8] 272.00-273.00 sec   606 KBytes  4.96 Mbits/sec  1.993 ms  5/448 (1.1%)  
[  8] 273.00-274.00 sec   610 KBytes  4.99 Mbits/sec  1.094 ms  2/448 (0.45%)  
[  8] 274.00-275.00 sec   603 KBytes  4.94 Mbits/sec  1.700 ms  3/444 (0.68%)  
[  8] 275.00-276.00 sec   604 KBytes  4.95 Mbits/sec  1.063 ms  5/447 (1.1%)  
[  8] 276.00-277.00 sec   610 KBytes  5.00 Mbits/sec  1.133 ms  2/448 (0.45%)  
[  8] 277.00-278.00 sec   603 KBytes  4.93 Mbits/sec  2.305 ms  1/442 (0.23%)  
[  8] 278.00-279.00 sec   611 KBytes  5.02 Mbits/sec  1.793 ms  1/448 (0.22%)  
[  8] 279.00-280.00 sec   607 KBytes  4.97 Mbits/sec  1.544 ms  4/448 (0.89%)  
[  8] 280.00-281.00 sec   600 KBytes  4.92 Mbits/sec  1.457 ms  5/444 (1.1%)  
[  8] 281.00-282.00 sec   611 KBytes  5.01 Mbits/sec  1.567 ms  2/449 (0.45%)  
[  8] 282.00-283.00 sec   610 KBytes  5.00 Mbits/sec  1.276 ms  1/447 (0.22%)  
[  8] 283.00-284.00 sec   574 KBytes  4.70 Mbits/sec  2.016 ms  23/443 (5.2%)  
[  8] 284.00-285.00 sec   606 KBytes  4.96 Mbits/sec  1.696 ms  6/449 (1.3%)  
[  8] 285.00-286.00 sec   602 KBytes  4.93 Mbits/sec  1.620 ms  2/442 (0.45%)  
[  8] 286.00-287.00 sec   608 KBytes  4.98 Mbits/sec  1.622 ms  6/451 (1.3%)  
[  8] 287.00-288.00 sec   584 KBytes  4.78 Mbits/sec  1.044 ms  18/445 (4%)  
[  8] 288.00-289.00 sec   606 KBytes  4.96 Mbits/sec  1.588 ms  4/447 (0.89%)  
[  8] 289.00-290.00 sec   607 KBytes  4.97 Mbits/sec  2.016 ms  1/445 (0.22%)  
[  8] 290.00-291.00 sec   597 KBytes  4.89 Mbits/sec  1.637 ms  11/448 (2.5%)  
[  8] 291.00-292.00 sec   610 KBytes  4.99 Mbits/sec  1.579 ms  2/448 (0.45%)  
[  8] 292.00-293.00 sec   604 KBytes  4.95 Mbits/sec  1.802 ms  1/443 (0.23%)  
[  8] 293.00-294.00 sec   611 KBytes  5.01 Mbits/sec  2.015 ms  1/448 (0.22%)  
[  8] 294.00-295.00 sec   607 KBytes  4.97 Mbits/sec  1.322 ms  2/446 (0.45%)  
[  8] 295.00-296.00 sec   606 KBytes  4.96 Mbits/sec  1.395 ms  4/447 (0.89%)  
[  8] 296.00-297.00 sec   612 KBytes  5.02 Mbits/sec  1.705 ms  0/448 (0%)  
[  8] 297.00-298.00 sec   608 KBytes  4.98 Mbits/sec  1.206 ms  1/446 (0.22%)  
[  8] 298.00-299.00 sec   600 KBytes  4.92 Mbits/sec  1.312 ms  6/445 (1.3%)  
[  8] 299.00-300.00 sec   599 KBytes  4.91 Mbits/sec  1.746 ms  8/446 (1.8%)  
[  8] 300.00-301.00 sec   595 KBytes  4.87 Mbits/sec  1.846 ms  12/447 (2.7%)  
[  8] 301.00-302.00 sec   603 KBytes  4.94 Mbits/sec  1.356 ms  5/446 (1.1%)  
[  8] 302.00-303.00 sec   608 KBytes  4.98 Mbits/sec  1.355 ms  3/448 (0.67%)  
[  8] 303.00-304.00 sec   603 KBytes  4.94 Mbits/sec  1.894 ms  3/444 (0.68%)  
[  8] 304.00-305.00 sec   589 KBytes  4.83 Mbits/sec  1.781 ms  15/446 (3.4%)  
[  8] 305.00-306.00 sec   578 KBytes  4.74 Mbits/sec  1.837 ms  27/450 (6%)  
[  8] 306.00-307.00 sec   595 KBytes  4.87 Mbits/sec  1.726 ms  9/444 (2%)  
[  8] 307.00-308.00 sec   608 KBytes  4.98 Mbits/sec  2.006 ms  4/449 (0.89%)  
[  8] 308.00-309.00 sec   589 KBytes  4.83 Mbits/sec  1.990 ms  12/443 (2.7%)  
[  8] 309.00-310.00 sec   600 KBytes  4.92 Mbits/sec  1.702 ms  8/447 (1.8%)  
[  8] 310.00-311.00 sec   602 KBytes  4.93 Mbits/sec  1.912 ms  8/448 (1.8%)  
[  8] 311.00-312.00 sec   602 KBytes  4.93 Mbits/sec  1.920 ms  6/446 (1.3%)  
[  8] 312.00-313.00 sec   587 KBytes  4.80 Mbits/sec  1.739 ms  17/446 (3.8%)  
[  8] 313.00-314.00 sec   610 KBytes  5.00 Mbits/sec  1.046 ms  2/448 (0.45%)  
[  8] 314.00-315.00 sec   600 KBytes  4.92 Mbits/sec  1.570 ms  7/446 (1.6%)  
[  8] 315.00-316.00 sec   604 KBytes  4.95 Mbits/sec  1.212 ms  5/447 (1.1%)  
[  8] 316.00-317.00 sec   608 KBytes  4.98 Mbits/sec  1.015 ms  2/447 (0.45%)  
[  8] 317.00-318.00 sec   606 KBytes  4.96 Mbits/sec  1.155 ms  2/445 (0.45%)  
[  8] 318.00-319.00 sec   604 KBytes  4.95 Mbits/sec  1.424 ms  0/442 (0%)  
[  8] 319.00-320.00 sec   603 KBytes  4.94 Mbits/sec  1.832 ms  8/449 (1.8%)  
[  8] 320.00-321.00 sec   611 KBytes  5.01 Mbits/sec  1.582 ms  2/449 (0.45%)  
[  8] 321.00-322.00 sec   607 KBytes  4.97 Mbits/sec  2.239 ms  1/445 (0.22%)  
[  8] 322.00-323.00 sec   606 KBytes  4.96 Mbits/sec  1.896 ms  3/446 (0.67%)  
[  8] 323.00-324.00 sec   611 KBytes  5.01 Mbits/sec  1.456 ms  1/448 (0.22%)  
[  8] 324.00-325.00 sec   603 KBytes  4.94 Mbits/sec  1.394 ms  6/447 (1.3%)  
[  8] 325.00-326.00 sec   580 KBytes  4.75 Mbits/sec  1.357 ms  22/446 (4.9%)  
[  8] 326.00-327.00 sec   595 KBytes  4.87 Mbits/sec  1.140 ms  12/447 (2.7%)  
[  8] 327.00-328.00 sec   611 KBytes  5.01 Mbits/sec  0.953 ms  0/447 (0%)  
[  8] 328.00-329.00 sec   595 KBytes  4.87 Mbits/sec  1.853 ms  11/446 (2.5%)  
[  8] 329.00-330.00 sec   595 KBytes  4.87 Mbits/sec  1.611 ms  12/447 (2.7%)  
[  8] 330.00-331.00 sec   561 KBytes  4.59 Mbits/sec  1.842 ms  35/445 (7.9%)  
[  8] 331.00-332.00 sec   597 KBytes  4.89 Mbits/sec  1.677 ms  7/444 (1.6%)  
[  8] 332.00-333.00 sec   610 KBytes  5.00 Mbits/sec  2.104 ms  2/448 (0.45%)  
[  8] 333.00-334.00 sec   608 KBytes  4.98 Mbits/sec  1.836 ms  3/448 (0.67%)  
[  8] 334.00-335.00 sec   607 KBytes  4.97 Mbits/sec  1.726 ms  3/447 (0.67%)  
[  8] 335.00-336.00 sec   604 KBytes  4.95 Mbits/sec  1.333 ms  4/446 (0.9%)  
[  8] 336.00-337.00 sec   606 KBytes  4.96 Mbits/sec  1.039 ms  4/447 (0.89%)  
[  8] 337.00-338.00 sec   585 KBytes  4.79 Mbits/sec  0.706 ms  18/446 (4%)  
[  8] 338.00-339.00 sec   604 KBytes  4.95 Mbits/sec  1.719 ms  3/445 (0.67%)  
[  8] 339.00-340.00 sec   599 KBytes  4.91 Mbits/sec  1.706 ms  9/447 (2%)  
[  8] 340.00-340.02 sec  4.10 KBytes  1.66 Mbits/sec  1.632 ms  0/3 (0%)  
- - - - - - - - - - - - - - - - - - - - - - - - -
[ ID] Interval           Transfer     Bitrate         Jitter    Lost/Total Datagrams
[  8]   0.00-340.02 sec   200 MBytes  4.93 Mbits/sec  1.632 ms  2099/151786 (1.4%)  receiver
