-----------------------------------------------------------
Server listening on 5201 (test #1)
-----------------------------------------------------------
Accepted connection from 10.0.0.29, port 32976
[  8] local 10.0.0.61 port 5201 connected to 10.0.0.29 port 36591
[ ID] Interval           Transfer     Bitrate         Jitter    Lost/Total Datagrams
[  8]   0.00-1.00   sec   533 KBytes  4.37 Mbits/sec  0.172 ms  27/417 (6.5%)  
[  8]   1.00-2.00   sec   554 KBytes  4.54 Mbits/sec  0.192 ms  58/463 (13%)  
[  8]   2.00-3.00   sec   577 KBytes  4.73 Mbits/sec  0.248 ms  28/450 (6.2%)  
[  8]   3.00-4.00   sec   532 KBytes  4.36 Mbits/sec  4.077 ms  27/416 (6.5%)  
[  8]   4.00-5.00   sec   470 KBytes  3.85 Mbits/sec  2.622 ms  109/453 (24%)  
[  8]   5.00-6.00   sec   604 KBytes  4.95 Mbits/sec  1.418 ms  26/468 (5.6%)  
[  8]   6.00-7.00   sec   504 KBytes  4.13 Mbits/sec  3.136 ms  38/407 (9.3%)  
[  8]   7.00-8.00   sec   410 KBytes  3.36 Mbits/sec  3.091 ms  151/451 (33%)  
[  8]   8.00-9.00   sec   395 KBytes  3.24 Mbits/sec  3.873 ms  134/423 (32%)  
[  8]   9.00-10.00  sec   401 KBytes  3.28 Mbits/sec  4.575 ms  177/470 (38%)  
[  8]  10.00-11.00  sec   365 KBytes  2.99 Mbits/sec  6.156 ms  109/376 (29%)  
[  8]  11.00-12.00  sec   409 KBytes  3.34 Mbits/sec  3.419 ms  109/408 (27%)  
[  8]  12.00-13.00  sec   507 KBytes  4.16 Mbits/sec  2.904 ms  198/569 (35%)  
[  8]  13.00-14.00  sec   416 KBytes  3.40 Mbits/sec  3.265 ms  163/467 (35%)  
[  8]  14.00-15.00  sec   391 KBytes  3.20 Mbits/sec  6.552 ms  123/409 (30%)  
[  8]  15.00-16.00  sec   265 KBytes  2.17 Mbits/sec  7.892 ms  225/419 (54%)  
[  8]  16.00-17.00  sec   213 KBytes  1.75 Mbits/sec  7.112 ms  318/474 (67%)  
[  8]  17.00-18.00  sec   362 KBytes  2.97 Mbits/sec  3.361 ms  216/481 (45%)  
[  8]  18.00-19.00  sec   489 KBytes  4.01 Mbits/sec  1.456 ms  91/449 (20%)  
[  8]  19.00-20.00  sec   483 KBytes  3.96 Mbits/sec  2.636 ms  73/426 (17%)  
[  8]  20.00-21.00  sec   308 KBytes  2.52 Mbits/sec  4.842 ms  202/427 (47%)  
[  8]  21.00-22.01  sec   257 KBytes  2.09 Mbits/sec  6.308 ms  259/447 (58%)  
[  8]  22.01-23.00  sec   299 KBytes  2.47 Mbits/sec  7.052 ms  217/436 (50%)  
[  8]  23.00-24.00  sec   297 KBytes  2.43 Mbits/sec  4.399 ms  151/368 (41%)  
[  8]  24.00-25.00  sec   264 KBytes  2.16 Mbits/sec  5.978 ms  91/284 (32%)  
[  8]  25.00-26.00  sec   319 KBytes  2.61 Mbits/sec  7.069 ms  398/631 (63%)  
[  8]  26.00-27.00  sec   472 KBytes  3.85 Mbits/sec  1.517 ms  214/559 (38%)  
[  8]  27.00-28.00  sec   417 KBytes  3.42 Mbits/sec  3.655 ms  112/417 (27%)  
[  8]  28.00-29.00  sec   354 KBytes  2.90 Mbits/sec  5.609 ms  160/419 (38%)  
[  8]  29.00-30.00  sec   306 KBytes  2.50 Mbits/sec  5.888 ms  204/428 (48%)  
[  8]  30.00-31.00  sec   450 KBytes  3.69 Mbits/sec  6.154 ms  134/463 (29%)  
[  8]  31.00-32.00  sec   262 KBytes  2.15 Mbits/sec  9.790 ms  272/464 (59%)  
[  8]  32.00-33.00  sec   234 KBytes  1.92 Mbits/sec  8.418 ms  277/448 (62%)  
[  8]  33.00-34.00  sec   299 KBytes  2.45 Mbits/sec  1.283 ms  212/431 (49%)  
[  8]  34.00-35.00  sec   453 KBytes  3.71 Mbits/sec  2.728 ms  81/412 (20%)  
[  8]  35.00-36.00  sec   339 KBytes  2.78 Mbits/sec  4.397 ms  241/489 (49%)  
[  8]  36.00-37.00  sec   256 KBytes  2.09 Mbits/sec  5.622 ms  287/474 (61%)  
[  8]  37.00-38.00  sec   466 KBytes  3.81 Mbits/sec  3.663 ms  82/423 (19%)  
[  8]  38.00-39.00  sec   351 KBytes  2.88 Mbits/sec  5.333 ms  185/442 (42%)  
[  8]  39.00-40.00  sec   258 KBytes  2.12 Mbits/sec  3.794 ms  269/458 (59%)  
[  8]  40.00-41.00  sec   440 KBytes  3.61 Mbits/sec  3.624 ms  128/450 (28%)  
[  8]  41.00-42.00  sec   496 KBytes  4.07 Mbits/sec  3.447 ms  112/475 (24%)  
[  8]  42.00-43.00  sec   271 KBytes  2.22 Mbits/sec  4.806 ms  217/415 (52%)  
[  8]  43.00-44.00  sec   278 KBytes  2.27 Mbits/sec  2.146 ms  276/479 (58%)  
[  8]  44.00-45.00  sec   498 KBytes  4.08 Mbits/sec  1.621 ms  84/448 (19%)  
[  8]  45.00-46.00  sec   525 KBytes  4.30 Mbits/sec  0.754 ms  57/441 (13%)  
[  8]  46.00-47.00  sec   381 KBytes  3.12 Mbits/sec  1.750 ms  163/442 (37%)  
[  8]  47.00-48.00  sec   243 KBytes  1.99 Mbits/sec  3.890 ms  147/325 (45%)  
[  8]  48.00-49.00  sec   265 KBytes  2.17 Mbits/sec  4.030 ms  149/343 (43%)  
[  8]  49.00-50.00  sec   372 KBytes  3.04 Mbits/sec  3.189 ms  389/661 (59%)  
[  8]  50.00-51.00  sec   387 KBytes  3.18 Mbits/sec  3.461 ms  176/459 (38%)  
[  8]  51.00-52.00  sec   332 KBytes  2.71 Mbits/sec  3.613 ms  165/408 (40%)  
[  8]  52.00-53.00  sec   327 KBytes  2.68 Mbits/sec  3.740 ms  223/462 (48%)  
[  8]  53.00-54.00  sec   380 KBytes  3.12 Mbits/sec  3.550 ms  186/464 (40%)  
[  8]  54.00-55.00  sec   246 KBytes  2.02 Mbits/sec  6.104 ms  217/397 (55%)  
[  8]  55.00-56.00  sec   254 KBytes  2.08 Mbits/sec  4.991 ms  248/434 (57%)  
[  8]  56.00-57.00  sec   350 KBytes  2.87 Mbits/sec  3.066 ms  243/499 (49%)  
[  8]  57.00-58.00  sec   342 KBytes  2.80 Mbits/sec  5.058 ms  175/425 (41%)  
[  8]  58.00-59.00  sec   301 KBytes  2.46 Mbits/sec  4.804 ms  224/444 (50%)  
[  8]  59.00-60.00  sec   421 KBytes  3.45 Mbits/sec  2.054 ms  187/495 (38%)  
[  8]  60.00-61.00  sec   454 KBytes  3.72 Mbits/sec  1.506 ms  108/440 (25%)  
[  8]  61.00-62.00  sec   428 KBytes  3.51 Mbits/sec  5.771 ms  64/377 (17%)  
[  8]  62.00-63.00  sec   217 KBytes  1.78 Mbits/sec  7.667 ms  276/435 (63%)  
[  8]  63.00-64.00  sec   217 KBytes  1.78 Mbits/sec  7.243 ms  314/473 (66%)  
[  8]  64.00-65.00  sec   234 KBytes  1.92 Mbits/sec  5.732 ms  152/323 (47%)  
[  8]  65.00-66.00  sec   260 KBytes  2.13 Mbits/sec  7.705 ms  112/302 (37%)  
[  8]  66.00-67.00  sec   295 KBytes  2.42 Mbits/sec  6.768 ms  489/705 (69%)  
[  8]  67.00-68.00  sec   284 KBytes  2.33 Mbits/sec  5.112 ms  256/464 (55%)  
[  8]  68.00-69.00  sec   384 KBytes  3.15 Mbits/sec  7.600 ms  154/435 (35%)  
[  8]  69.00-70.00  sec   200 KBytes  1.64 Mbits/sec  10.362 ms  224/370 (61%)  
[  8]  70.00-71.00  sec   183 KBytes  1.50 Mbits/sec  5.444 ms  201/335 (60%)  
[  8]  71.00-72.00  sec   182 KBytes  1.49 Mbits/sec  6.988 ms  179/312 (57%)  
[  8]  72.00-73.00  sec   191 KBytes  1.57 Mbits/sec  11.159 ms  263/403 (65%)  
[  8]  73.00-74.00  sec   288 KBytes  2.36 Mbits/sec  4.802 ms  362/573 (63%)  
[  8]  74.00-75.00  sec   257 KBytes  2.11 Mbits/sec  6.342 ms  199/387 (51%)  
[  8]  75.00-76.00  sec   293 KBytes  2.40 Mbits/sec  7.175 ms  280/494 (57%)  
[  8]  76.00-77.00  sec   260 KBytes  2.12 Mbits/sec  7.255 ms  200/390 (51%)  
[  8]  77.00-78.00  sec   148 KBytes  1.21 Mbits/sec  12.245 ms  173/281 (62%)  
[  8]  78.00-79.00  sec   154 KBytes  1.27 Mbits/sec  9.645 ms  281/394 (71%)  
[  8]  79.00-80.00  sec   201 KBytes  1.65 Mbits/sec  8.599 ms  400/547 (73%)  
[  8]  80.00-81.00  sec   187 KBytes  1.53 Mbits/sec  11.750 ms  339/476 (71%)  
[  8]  81.00-82.00  sec   138 KBytes  1.13 Mbits/sec  13.489 ms  359/460 (78%)  
[  8]  82.00-83.00  sec   186 KBytes  1.52 Mbits/sec  7.863 ms  288/424 (68%)  
[  8]  83.00-84.00  sec   187 KBytes  1.53 Mbits/sec  8.450 ms  336/473 (71%)  
[  8]  84.00-85.00  sec   226 KBytes  1.85 Mbits/sec  9.110 ms  286/451 (63%)  
[  8]  85.00-86.00  sec   211 KBytes  1.72 Mbits/sec  8.015 ms  263/417 (63%)  
[  8]  86.00-87.00  sec   148 KBytes  1.21 Mbits/sec  12.564 ms  251/359 (70%)  
[  8]  87.00-88.00  sec   131 KBytes  1.08 Mbits/sec  10.239 ms  294/390 (75%)  
[  8]  88.00-89.00  sec   148 KBytes  1.21 Mbits/sec  13.395 ms  366/474 (77%)  
[  8]  89.00-90.00  sec   126 KBytes  1.03 Mbits/sec  16.642 ms  360/452 (80%)  
[  8]  90.00-91.00  sec  72.5 KBytes   594 Kbits/sec  14.863 ms  191/244 (78%)  
[  8]  91.00-92.00  sec  68.4 KBytes   560 Kbits/sec  24.041 ms  655/705 (93%)  
[  8]  92.00-93.00  sec  94.3 KBytes   773 Kbits/sec  12.513 ms  458/527 (87%)  
[  8]  93.00-94.00  sec   391 KBytes  3.20 Mbits/sec  8.596 ms  533/819 (65%)  
[  8]  94.00-95.00  sec   156 KBytes  1.28 Mbits/sec  8.913 ms  168/282 (60%)  
[  8]  95.00-96.00  sec   138 KBytes  1.13 Mbits/sec  13.385 ms  279/380 (73%)  
[  8]  96.00-97.00  sec   145 KBytes  1.19 Mbits/sec  12.567 ms  483/589 (82%)  
[  8]  97.00-98.00  sec   211 KBytes  1.72 Mbits/sec  3.525 ms  408/562 (73%)  
[  8]  98.00-99.00  sec   328 KBytes  2.69 Mbits/sec  7.471 ms  184/424 (43%)  
[  8]  99.00-100.00 sec   391 KBytes  3.20 Mbits/sec  4.775 ms  183/469 (39%)  
[  8] 100.00-101.00 sec   357 KBytes  2.92 Mbits/sec  15.138 ms  141/402 (35%)  
[  8] 101.00-102.00 sec   135 KBytes  1.11 Mbits/sec  12.626 ms  293/392 (75%)  
[  8] 102.00-103.00 sec   115 KBytes   941 Kbits/sec  17.727 ms  246/330 (75%)  
[  8] 103.00-104.00 sec   182 KBytes  1.49 Mbits/sec  16.936 ms  442/575 (77%)  
[  8] 104.00-105.00 sec   206 KBytes  1.69 Mbits/sec  5.393 ms  211/362 (58%)  
[  8] 105.00-106.00 sec   212 KBytes  1.74 Mbits/sec  7.874 ms  90/245 (37%)  
[  8] 106.00-107.00 sec   185 KBytes  1.51 Mbits/sec  5.402 ms  671/806 (83%)  
[  8] 107.00-108.00 sec   306 KBytes  2.51 Mbits/sec  2.556 ms  264/488 (54%)  
[  8] 108.00-109.01 sec   217 KBytes  1.77 Mbits/sec  8.909 ms  44/203 (22%)  
[  8] 109.01-110.00 sec   329 KBytes  2.71 Mbits/sec  4.448 ms  283/524 (54%)  
[  8] 110.00-111.00 sec   314 KBytes  2.58 Mbits/sec  5.982 ms  341/571 (60%)  
[  8] 111.00-112.00 sec   272 KBytes  2.23 Mbits/sec  8.847 ms  182/381 (48%)  
[  8] 112.00-113.00 sec   253 KBytes  2.07 Mbits/sec  6.604 ms  121/306 (40%)  
[  8] 113.00-114.00 sec   247 KBytes  2.03 Mbits/sec  7.221 ms  141/322 (44%)  
[  8] 114.00-115.00 sec   329 KBytes  2.70 Mbits/sec  6.547 ms  526/767 (69%)  
[  8] 115.00-116.00 sec   439 KBytes  3.60 Mbits/sec  7.136 ms  133/454 (29%)  
[  8] 116.00-117.00 sec   107 KBytes   874 Kbits/sec  19.219 ms  301/379 (79%)  
[  8] 117.00-118.00 sec   161 KBytes  1.32 Mbits/sec  2.173 ms  433/551 (79%)  
[  8] 118.00-119.00 sec   541 KBytes  4.44 Mbits/sec  2.336 ms  55/451 (12%)  
[  8] 119.00-120.00 sec   308 KBytes  2.52 Mbits/sec  4.984 ms  60/285 (21%)  
[  8] 120.00-121.00 sec   220 KBytes  1.80 Mbits/sec  9.310 ms  94/255 (37%)  
[  8] 121.00-122.00 sec   212 KBytes  1.74 Mbits/sec  6.610 ms  235/390 (60%)  
[  8] 122.00-123.00 sec   276 KBytes  2.26 Mbits/sec  1.182 ms  618/820 (75%)  
[  8] 123.00-124.00 sec   308 KBytes  2.52 Mbits/sec  2.925 ms  260/485 (54%)  
[  8] 124.00-125.00 sec   345 KBytes  2.82 Mbits/sec  1.439 ms  180/432 (42%)  
[  8] 125.00-126.00 sec   301 KBytes  2.46 Mbits/sec  3.669 ms  111/331 (34%)  
[  8] 126.00-127.00 sec   427 KBytes  3.49 Mbits/sec  3.622 ms  257/569 (45%)  
[  8] 127.00-128.00 sec   470 KBytes  3.85 Mbits/sec  1.818 ms  98/442 (22%)  
[  8] 128.00-129.00 sec   287 KBytes  2.35 Mbits/sec  6.858 ms  203/413 (49%)  
[  8] 129.00-130.00 sec   297 KBytes  2.42 Mbits/sec  3.585 ms  201/418 (48%)  
[  8] 130.00-131.00 sec   304 KBytes  2.49 Mbits/sec  6.949 ms  264/486 (54%)  
[  8] 131.00-132.00 sec   231 KBytes  1.89 Mbits/sec  4.256 ms  283/452 (63%)  
[  8] 132.00-133.00 sec   321 KBytes  2.63 Mbits/sec  3.997 ms  203/438 (46%)  
[  8] 133.00-134.00 sec   358 KBytes  2.93 Mbits/sec  5.853 ms  164/426 (38%)  
[  8] 134.00-135.00 sec   278 KBytes  2.27 Mbits/sec  5.375 ms  259/462 (56%)  
[  8] 135.00-136.01 sec   319 KBytes  2.59 Mbits/sec  4.962 ms  218/451 (48%)  
[  8] 136.01-137.00 sec   215 KBytes  1.77 Mbits/sec  9.178 ms  187/344 (54%)  
[  8] 137.00-138.00 sec   142 KBytes  1.16 Mbits/sec  9.753 ms  183/287 (64%)  
[  8] 138.00-139.00 sec   139 KBytes  1.14 Mbits/sec  12.268 ms  580/682 (85%)  
[  8] 139.00-140.00 sec   135 KBytes  1.11 Mbits/sec  11.795 ms  157/256 (61%)  
[  8] 140.00-141.00 sec   133 KBytes  1.09 Mbits/sec  11.710 ms  207/304 (68%)  
[  8] 141.00-142.00 sec   134 KBytes  1.10 Mbits/sec  11.433 ms  271/369 (73%)  
[  8] 142.00-143.01 sec   390 KBytes  3.17 Mbits/sec  4.894 ms  406/691 (59%)  
[  8] 143.01-144.00 sec   314 KBytes  2.59 Mbits/sec  8.588 ms  297/527 (56%)  
[  8] 144.00-145.00 sec   247 KBytes  2.03 Mbits/sec  7.215 ms  364/545 (67%)  
[  8] 145.00-146.00 sec   176 KBytes  1.45 Mbits/sec  10.372 ms  325/454 (72%)  
[  8] 146.00-147.00 sec   149 KBytes  1.22 Mbits/sec  14.068 ms  289/398 (73%)  
[  8] 147.00-148.00 sec  98.4 KBytes   807 Kbits/sec  10.325 ms  207/279 (74%)  
[  8] 148.00-149.00 sec   113 KBytes   928 Kbits/sec  12.768 ms  223/306 (73%)  
[  8] 149.00-150.00 sec   141 KBytes  1.16 Mbits/sec  24.595 ms  386/489 (79%)  
[  8] 150.00-151.00 sec   413 KBytes  3.38 Mbits/sec  3.827 ms  477/779 (61%)  
[  8] 151.00-152.00 sec   372 KBytes  3.05 Mbits/sec  5.549 ms  159/431 (37%)  
[  8] 152.00-153.00 sec   308 KBytes  2.52 Mbits/sec  5.325 ms  220/445 (49%)  
[  8] 153.00-154.00 sec   193 KBytes  1.58 Mbits/sec  5.978 ms  127/268 (47%)  
[  8] 154.00-155.00 sec   288 KBytes  2.36 Mbits/sec  7.163 ms  361/572 (63%)  
[  8] 155.00-156.00 sec   176 KBytes  1.44 Mbits/sec  9.383 ms  173/302 (57%)  
[  8] 156.00-157.00 sec   196 KBytes  1.60 Mbits/sec  13.971 ms  284/427 (67%)  
[  8] 157.00-158.00 sec   221 KBytes  1.82 Mbits/sec  8.868 ms  498/660 (75%)  
[  8] 158.00-159.00 sec   246 KBytes  2.01 Mbits/sec  7.181 ms  273/453 (60%)  
[  8] 159.00-160.00 sec   213 KBytes  1.75 Mbits/sec  6.873 ms  282/438 (64%)  
[  8] 160.00-161.00 sec   196 KBytes  1.60 Mbits/sec  11.220 ms  303/446 (68%)  
[  8] 161.00-162.00 sec   278 KBytes  2.27 Mbits/sec  5.406 ms  259/462 (56%)  
[  8] 162.00-163.00 sec   227 KBytes  1.86 Mbits/sec  12.477 ms  249/415 (60%)  
[  8] 163.00-164.00 sec   144 KBytes  1.18 Mbits/sec  9.292 ms  341/446 (76%)  
[  8] 164.00-165.01 sec   187 KBytes  1.52 Mbits/sec  9.506 ms  134/271 (49%)  
[  8] 165.01-166.00 sec   197 KBytes  1.63 Mbits/sec  4.962 ms  251/395 (64%)  
[  8] 166.00-167.00 sec   316 KBytes  2.59 Mbits/sec  11.769 ms  342/573 (60%)  
[  8] 167.00-168.00 sec   461 KBytes  3.77 Mbits/sec  5.386 ms  245/582 (42%)  
[  8] 168.00-169.00 sec   323 KBytes  2.64 Mbits/sec  8.602 ms  184/420 (44%)  
[  8] 169.00-170.00 sec   329 KBytes  2.70 Mbits/sec  5.802 ms  227/468 (49%)  
[  8] 170.00-171.00 sec   453 KBytes  3.71 Mbits/sec  3.095 ms  118/449 (26%)  
[  8] 171.00-172.00 sec   213 KBytes  1.75 Mbits/sec  9.929 ms  278/434 (64%)  
[  8] 172.00-173.00 sec   390 KBytes  3.19 Mbits/sec  2.883 ms  211/496 (43%)  
[  8] 173.00-174.00 sec   354 KBytes  2.89 Mbits/sec  3.557 ms  150/409 (37%)  
[  8] 174.00-175.00 sec   358 KBytes  2.93 Mbits/sec  5.335 ms  168/430 (39%)  
[  8] 175.00-176.00 sec   360 KBytes  2.95 Mbits/sec  5.027 ms  207/470 (44%)  
[  8] 176.00-177.00 sec   317 KBytes  2.60 Mbits/sec  8.715 ms  205/437 (47%)  
[  8] 177.00-178.00 sec   317 KBytes  2.60 Mbits/sec  5.756 ms  211/443 (48%)  
[  8] 178.00-179.00 sec   313 KBytes  2.56 Mbits/sec  4.295 ms  228/457 (50%)  
[  8] 179.00-180.00 sec   346 KBytes  2.83 Mbits/sec  5.803 ms  153/406 (38%)  
[  8] 180.00-181.00 sec   267 KBytes  2.18 Mbits/sec  5.424 ms  314/510 (62%)  
[  8] 181.00-182.00 sec   249 KBytes  2.04 Mbits/sec  6.133 ms  211/393 (54%)  
[  8] 182.00-183.00 sec   242 KBytes  1.98 Mbits/sec  9.353 ms  278/455 (61%)  
[  8] 183.00-184.00 sec   205 KBytes  1.68 Mbits/sec  5.930 ms  236/386 (61%)  
[  8] 184.00-185.00 sec   386 KBytes  3.16 Mbits/sec  3.546 ms  216/498 (43%)  
[  8] 185.00-186.00 sec   428 KBytes  3.50 Mbits/sec  2.841 ms  196/509 (39%)  
[  8] 186.00-187.00 sec   433 KBytes  3.56 Mbits/sec  5.538 ms  56/373 (15%)  
[  8] 187.00-188.00 sec   425 KBytes  3.48 Mbits/sec  4.480 ms  199/510 (39%)  
[  8] 188.00-189.00 sec   339 KBytes  2.78 Mbits/sec  6.777 ms  155/403 (38%)  
[  8] 189.00-190.00 sec   343 KBytes  2.81 Mbits/sec  3.336 ms  196/447 (44%)  
[  8] 190.00-191.00 sec   253 KBytes  2.07 Mbits/sec  6.146 ms  249/434 (57%)  
[  8] 191.00-192.00 sec   290 KBytes  2.37 Mbits/sec  8.147 ms  223/435 (51%)  
[  8] 192.00-193.00 sec   283 KBytes  2.32 Mbits/sec  7.317 ms  204/411 (50%)  
[  8] 193.00-194.00 sec   141 KBytes  1.15 Mbits/sec  11.353 ms  398/501 (79%)  
[  8] 194.00-195.00 sec   440 KBytes  3.61 Mbits/sec  5.375 ms  140/462 (30%)  
[  8] 195.00-196.00 sec   412 KBytes  3.37 Mbits/sec  4.897 ms  137/438 (31%)  
[  8] 196.00-197.00 sec   421 KBytes  3.45 Mbits/sec  4.161 ms  147/455 (32%)  
[  8] 197.00-198.00 sec   329 KBytes  2.70 Mbits/sec  5.094 ms  117/358 (33%)  
[  8] 198.00-199.00 sec   347 KBytes  2.85 Mbits/sec  4.135 ms  277/531 (52%)  
[  8] 199.00-200.00 sec   269 KBytes  2.21 Mbits/sec  5.789 ms  231/428 (54%)  
[  8] 200.00-201.00 sec   323 KBytes  2.64 Mbits/sec  4.692 ms  211/447 (47%)  
[  8] 201.00-202.04 sec   320 KBytes  2.52 Mbits/sec  7.512 ms  226/460 (49%)  
[  8] 202.04-203.00 sec   253 KBytes  2.16 Mbits/sec  6.299 ms  235/420 (56%)  
[  8] 203.00-204.00 sec   269 KBytes  2.21 Mbits/sec  8.238 ms  281/478 (59%)  
[  8] 204.00-205.00 sec   135 KBytes  1.11 Mbits/sec  7.770 ms  336/435 (77%)  
[  8] 205.00-206.00 sec  68.4 KBytes   560 Kbits/sec  15.289 ms  226/276 (82%)  
[  8] 206.00-207.00 sec   168 KBytes  1.38 Mbits/sec  9.173 ms  425/548 (78%)  
[  8] 207.00-208.00 sec   221 KBytes  1.82 Mbits/sec  6.836 ms  307/469 (65%)  
[  8] 208.00-209.00 sec   105 KBytes   862 Kbits/sec  12.107 ms  329/406 (81%)  
[  8] 209.00-210.00 sec  83.4 KBytes   683 Kbits/sec  12.985 ms  286/347 (82%)  
[  8] 210.00-211.00 sec   495 KBytes  4.05 Mbits/sec  4.470 ms  278/640 (43%)  
[  8] 211.00-212.00 sec   247 KBytes  2.03 Mbits/sec  12.378 ms  295/476 (62%)  
[  8] 212.00-213.00 sec   126 KBytes  1.03 Mbits/sec  7.192 ms  71/163 (44%)  
[  8] 213.00-214.00 sec  75.2 KBytes   617 Kbits/sec  13.151 ms  284/339 (84%)  
[  8] 214.00-215.00 sec  46.5 KBytes   380 Kbits/sec  18.071 ms  199/233 (85%)  
[  8] 215.00-216.00 sec  46.5 KBytes   382 Kbits/sec  22.011 ms  577/611 (94%)  
[  8] 216.00-217.00 sec  58.8 KBytes   481 Kbits/sec  29.734 ms  379/422 (90%)  
[  8] 217.00-218.00 sec  76.6 KBytes   627 Kbits/sec  16.817 ms  171/227 (75%)  
[  8] 218.00-219.00 sec  58.8 KBytes   482 Kbits/sec  25.366 ms  422/465 (91%)  
[  8] 219.00-220.00 sec  57.4 KBytes   470 Kbits/sec  28.638 ms  294/336 (88%)  
[  8] 220.00-221.00 sec  54.7 KBytes   448 Kbits/sec  16.428 ms  386/426 (91%)  
[  8] 221.00-222.00 sec  68.4 KBytes   560 Kbits/sec  18.855 ms  532/582 (91%)  
[  8] 222.00-223.00 sec  93.0 KBytes   762 Kbits/sec  27.821 ms  908/976 (93%)  
[  8] 223.00-224.00 sec   328 KBytes  2.69 Mbits/sec  4.763 ms  306/546 (56%)  
[  8] 224.00-225.00 sec   332 KBytes  2.72 Mbits/sec  4.367 ms  196/439 (45%)  
[  8] 225.00-226.00 sec   448 KBytes  3.67 Mbits/sec  4.582 ms  98/426 (23%)  
[  8] 226.00-227.00 sec   514 KBytes  4.21 Mbits/sec  1.833 ms  137/513 (27%)  
[  8] 227.00-228.00 sec   312 KBytes  2.55 Mbits/sec  8.757 ms  117/345 (34%)  
[  8] 228.00-229.00 sec   134 KBytes  1.10 Mbits/sec  10.097 ms  362/460 (79%)  
[  8] 229.00-230.00 sec   123 KBytes  1.01 Mbits/sec  12.752 ms  152/242 (63%)  
[  8] 230.00-231.00 sec   120 KBytes   986 Kbits/sec  14.806 ms  85/173 (49%)  
[  8] 231.00-232.00 sec  95.7 KBytes   784 Kbits/sec  15.836 ms  213/283 (75%)  
[  8] 232.00-233.00 sec  80.7 KBytes   661 Kbits/sec  12.349 ms  200/259 (77%)  
[  8] 233.00-234.00 sec  76.6 KBytes   627 Kbits/sec  15.078 ms  398/454 (88%)  
[  8] 234.00-235.00 sec   146 KBytes  1.20 Mbits/sec  8.112 ms  978/1085 (90%)  
[  8] 235.00-236.00 sec   221 KBytes  1.81 Mbits/sec  11.548 ms  277/439 (63%)  
[  8] 236.00-237.00 sec   111 KBytes   907 Kbits/sec  10.417 ms  154/235 (66%)  
[  8] 237.00-238.00 sec   336 KBytes  2.75 Mbits/sec  5.469 ms  637/883 (72%)  
[  8] 238.00-239.00 sec   275 KBytes  2.25 Mbits/sec  7.046 ms  234/435 (54%)  
[  8] 239.00-240.00 sec   321 KBytes  2.62 Mbits/sec  5.507 ms  218/453 (48%)  
[  8] 240.00-241.02 sec   305 KBytes  2.46 Mbits/sec  5.249 ms  125/348 (36%)  
[  8] 241.02-242.00 sec   254 KBytes  2.12 Mbits/sec  9.539 ms  322/508 (63%)  
[  8] 242.00-243.00 sec   301 KBytes  2.46 Mbits/sec  3.617 ms  220/440 (50%)  
[  8] 243.00-244.00 sec   220 KBytes  1.80 Mbits/sec  7.749 ms  126/287 (44%)  
[  8] 244.00-245.00 sec   112 KBytes   918 Kbits/sec  15.560 ms  217/299 (73%)  
[  8] 245.00-246.00 sec   115 KBytes   941 Kbits/sec  7.606 ms  183/267 (69%)  
[  8] 246.00-247.00 sec   133 KBytes  1.09 Mbits/sec  14.777 ms  186/283 (66%)  
[  8] 247.00-248.00 sec   257 KBytes  2.11 Mbits/sec  7.522 ms  973/1161 (84%)  
[  8] 248.00-249.00 sec   297 KBytes  2.43 Mbits/sec  5.495 ms  201/418 (48%)  
[  8] 249.00-250.00 sec   237 KBytes  1.94 Mbits/sec  6.434 ms  309/482 (64%)  
[  8] 250.00-251.00 sec   228 KBytes  1.87 Mbits/sec  5.743 ms  262/429 (61%)  
[  8] 251.00-252.00 sec   204 KBytes  1.67 Mbits/sec  7.193 ms  276/425 (65%)  
[  8] 252.00-253.00 sec   256 KBytes  2.09 Mbits/sec  10.401 ms  180/367 (49%)  
[  8] 253.00-254.00 sec   329 KBytes  2.69 Mbits/sec  11.915 ms  311/552 (56%)  
[  8] 254.00-255.00 sec   247 KBytes  2.03 Mbits/sec  5.285 ms  244/425 (57%)  
[  8] 255.00-256.00 sec   309 KBytes  2.53 Mbits/sec  3.546 ms  253/479 (53%)  
[  8] 256.00-257.00 sec   353 KBytes  2.89 Mbits/sec  6.095 ms  175/433 (40%)  
[  8] 257.00-258.00 sec   291 KBytes  2.39 Mbits/sec  3.702 ms  276/489 (56%)  
[  8] 258.00-259.00 sec   526 KBytes  4.31 Mbits/sec  2.926 ms  55/440 (12%)  
[  8] 259.00-260.00 sec   298 KBytes  2.44 Mbits/sec  7.072 ms  194/412 (47%)  
[  8] 260.00-261.00 sec   291 KBytes  2.39 Mbits/sec  5.573 ms  244/457 (53%)  
[  8] 261.00-262.00 sec   250 KBytes  2.05 Mbits/sec  8.516 ms  241/424 (57%)  
[  8] 262.00-263.00 sec   258 KBytes  2.12 Mbits/sec  10.407 ms  256/445 (58%)  
[  8] 263.00-264.00 sec   187 KBytes  1.53 Mbits/sec  12.525 ms  302/439 (69%)  
[  8] 264.00-265.00 sec   187 KBytes  1.53 Mbits/sec  10.290 ms  291/428 (68%)  
[  8] 265.00-266.00 sec   221 KBytes  1.82 Mbits/sec  9.088 ms  294/456 (64%)  
[  8] 266.00-267.00 sec   217 KBytes  1.78 Mbits/sec  11.680 ms  313/472 (66%)  
[  8] 267.00-268.00 sec   232 KBytes  1.90 Mbits/sec  8.521 ms  245/415 (59%)  
[  8] 268.00-269.00 sec   351 KBytes  2.88 Mbits/sec  6.797 ms  227/484 (47%)  
[  8] 269.00-270.00 sec   314 KBytes  2.57 Mbits/sec  8.234 ms  188/418 (45%)  
[  8] 270.00-271.00 sec   247 KBytes  2.03 Mbits/sec  8.415 ms  308/489 (63%)  
[  8] 271.00-272.00 sec   304 KBytes  2.49 Mbits/sec  5.285 ms  208/430 (48%)  
[  8] 272.00-273.00 sec   200 KBytes  1.64 Mbits/sec  13.462 ms  266/412 (65%)  
[  8] 273.00-274.00 sec   379 KBytes  3.10 Mbits/sec  4.249 ms  216/493 (44%)  
[  8] 274.00-275.00 sec   250 KBytes  2.05 Mbits/sec  7.741 ms  106/289 (37%)  
[  8] 275.00-276.00 sec   260 KBytes  2.13 Mbits/sec  5.314 ms  130/320 (41%)  
[  8] 276.00-277.00 sec   247 KBytes  2.03 Mbits/sec  7.414 ms  276/457 (60%)  
[  8] 277.00-278.00 sec   221 KBytes  1.81 Mbits/sec  9.710 ms  234/396 (59%)  
[  8] 278.00-279.00 sec   164 KBytes  1.34 Mbits/sec  10.509 ms  232/352 (66%)  
[  8] 279.00-280.01 sec   138 KBytes  1.12 Mbits/sec  9.373 ms  226/327 (69%)  
[  8] 280.01-281.00 sec   172 KBytes  1.42 Mbits/sec  10.823 ms  674/800 (84%)  
[  8] 281.00-282.00 sec   164 KBytes  1.34 Mbits/sec  14.235 ms  257/377 (68%)  
[  8] 282.00-283.00 sec   115 KBytes   941 Kbits/sec  15.768 ms  329/413 (80%)  
[  8] 283.00-284.00 sec   167 KBytes  1.37 Mbits/sec  13.027 ms  343/465 (74%)  
[  8] 284.00-285.00 sec   134 KBytes  1.10 Mbits/sec  14.724 ms  334/432 (77%)  
[  8] 285.00-286.01 sec   168 KBytes  1.37 Mbits/sec  12.944 ms  192/315 (61%)  
[  8] 286.01-287.01 sec   133 KBytes  1.09 Mbits/sec  9.822 ms  222/319 (70%)  
[  8] 287.01-288.01 sec   126 KBytes  1.02 Mbits/sec  13.552 ms  315/407 (77%)  
[  8] 288.01-289.00 sec   159 KBytes  1.32 Mbits/sec  8.337 ms  682/798 (85%)  
[  8] 289.00-290.00 sec   297 KBytes  2.43 Mbits/sec  4.772 ms  453/670 (68%)  
[  8] 290.00-291.00 sec   261 KBytes  2.14 Mbits/sec  6.330 ms  268/459 (58%)  
[  8] 291.00-292.00 sec   276 KBytes  2.26 Mbits/sec  9.352 ms  158/360 (44%)  
[  8] 292.00-293.00 sec   309 KBytes  2.53 Mbits/sec  4.454 ms  280/506 (55%)  
[  8] 293.00-294.00 sec   228 KBytes  1.87 Mbits/sec  6.184 ms  300/467 (64%)  
[  8] 294.00-295.00 sec   226 KBytes  1.85 Mbits/sec  4.150 ms  263/428 (61%)  
[  8] 295.00-296.00 sec   226 KBytes  1.85 Mbits/sec  5.639 ms  278/443 (63%)  
[  8] 296.00-297.00 sec   405 KBytes  3.32 Mbits/sec  6.556 ms  168/464 (36%)  
[  8] 297.00-298.00 sec   476 KBytes  3.90 Mbits/sec  2.658 ms  136/484 (28%)  
[  8] 298.00-299.00 sec   357 KBytes  2.92 Mbits/sec  4.078 ms  179/440 (41%)  
[  8] 299.00-300.00 sec   503 KBytes  4.12 Mbits/sec  2.248 ms  92/460 (20%)  
[  8] 300.00-301.00 sec   369 KBytes  3.03 Mbits/sec  3.988 ms  132/402 (33%)  
[  8] 301.00-302.00 sec   295 KBytes  2.42 Mbits/sec  8.394 ms  239/455 (53%)  
[  8] 302.00-303.00 sec   249 KBytes  2.04 Mbits/sec  6.352 ms  273/455 (60%)  
[  8] 303.00-304.00 sec   231 KBytes  1.89 Mbits/sec  5.840 ms  263/432 (61%)  
[  8] 304.00-305.00 sec   189 KBytes  1.55 Mbits/sec  11.306 ms  308/446 (69%)  
[  8] 305.00-306.00 sec   161 KBytes  1.32 Mbits/sec  9.434 ms  284/402 (71%)  
[  8] 306.00-307.00 sec   168 KBytes  1.38 Mbits/sec  8.264 ms  291/414 (70%)  
[  8] 307.00-308.00 sec   176 KBytes  1.44 Mbits/sec  6.860 ms  369/498 (74%)  
[  8] 308.00-309.00 sec   395 KBytes  3.24 Mbits/sec  4.916 ms  186/475 (39%)  
[  8] 309.00-310.00 sec   284 KBytes  2.33 Mbits/sec  6.078 ms  241/449 (54%)  
[  8] 310.00-311.00 sec   237 KBytes  1.94 Mbits/sec  8.180 ms  256/429 (60%)  
[  8] 311.00-312.00 sec   245 KBytes  2.00 Mbits/sec  8.048 ms  214/393 (54%)  
[  8] 312.00-313.00 sec   226 KBytes  1.85 Mbits/sec  4.958 ms  100/265 (38%)  
[  8] 313.00-314.00 sec   216 KBytes  1.77 Mbits/sec  7.612 ms  231/389 (59%)  
[  8] 314.00-315.00 sec   189 KBytes  1.55 Mbits/sec  10.687 ms  307/445 (69%)  
[  8] 315.00-316.00 sec   290 KBytes  2.37 Mbits/sec  7.579 ms  516/728 (71%)  
[  8] 316.00-317.00 sec   253 KBytes  2.07 Mbits/sec  5.542 ms  252/437 (58%)  
[  8] 317.00-318.00 sec   235 KBytes  1.93 Mbits/sec  3.230 ms  305/477 (64%)  
[  8] 318.00-319.00 sec   295 KBytes  2.42 Mbits/sec  6.596 ms  244/460 (53%)  
[  8] 319.00-320.00 sec   350 KBytes  2.86 Mbits/sec  5.918 ms  184/440 (42%)  
[  8] 320.00-321.00 sec   587 KBytes  4.79 Mbits/sec  1.908 ms  58/487 (12%)  
[  8] 321.00-322.00 sec   541 KBytes  4.45 Mbits/sec  0.233 ms  41/437 (9.4%)  
[  8] 322.00-323.00 sec   463 KBytes  3.80 Mbits/sec  3.100 ms  71/410 (17%)  
[  8] 323.00-324.00 sec   279 KBytes  2.28 Mbits/sec  6.110 ms  112/316 (35%)  
[  8] 324.00-325.00 sec   280 KBytes  2.30 Mbits/sec  5.408 ms  206/411 (50%)  
[  8] 325.00-326.00 sec   250 KBytes  2.05 Mbits/sec  5.311 ms  141/324 (44%)  
[  8] 326.00-327.00 sec   131 KBytes  1.08 Mbits/sec  9.942 ms  440/536 (82%)  
[  8] 327.00-328.00 sec   239 KBytes  1.96 Mbits/sec  8.463 ms  277/452 (61%)  
[  8] 328.00-329.01 sec   185 KBytes  1.51 Mbits/sec  8.501 ms  304/439 (69%)  
[  8] 329.01-330.00 sec   189 KBytes  1.55 Mbits/sec  8.112 ms  372/510 (73%)  
[  8] 330.00-331.00 sec   154 KBytes  1.26 Mbits/sec  10.790 ms  151/264 (57%)  
[  8] 331.00-332.00 sec   122 KBytes   998 Kbits/sec  12.075 ms  118/207 (57%)  
[  8] 332.00-333.00 sec  93.0 KBytes   762 Kbits/sec  12.527 ms  154/222 (69%)  
[  8] 333.00-334.00 sec   187 KBytes  1.53 Mbits/sec  9.978 ms  1050/1187 (88%)  
[  8] 334.00-335.00 sec   168 KBytes  1.38 Mbits/sec  7.766 ms  134/257 (52%)  
[  8] 335.00-336.00 sec   153 KBytes  1.25 Mbits/sec  8.874 ms  205/317 (65%)  
[  8] 336.00-337.00 sec   202 KBytes  1.66 Mbits/sec  9.465 ms  362/510 (71%)  
[  8] 337.00-338.00 sec   447 KBytes  3.66 Mbits/sec  4.209 ms  420/747 (56%)  
[  8] 338.00-339.00 sec   390 KBytes  3.19 Mbits/sec  4.767 ms  165/450 (37%)  
[  8] 339.00-340.00 sec   369 KBytes  3.02 Mbits/sec  8.635 ms  172/442 (39%)  
[  8] 340.00-340.08 sec  35.5 KBytes  3.69 Mbits/sec  5.821 ms  9/35 (26%)  
- - - - - - - - - - - - - - - - - - - - - - - - -
[ ID] Interval           Transfer     Bitrate         Jitter    Lost/Total Datagrams
[  8]   0.00-340.08 sec  90.2 MBytes  2.23 Mbits/sec  5.821 ms  84182/151772 (55%)  receiver
