-----------------------------------------------------------
Server listening on 5201 (test #1)
-----------------------------------------------------------
Accepted connection from 10.0.0.37, port 54116
[  8] local 10.0.0.101 port 5201 connected to 10.0.0.37 port 49638
[ ID] Interval           Transfer     Bitrate         Jitter    Lost/Total Datagrams
[  8]   0.00-1.00   sec   548 KBytes  4.49 Mbits/sec  0.353 ms  19/420 (4.5%)  
[  8]   1.00-2.00   sec   574 KBytes  4.70 Mbits/sec  0.148 ms  34/454 (7.5%)  
[  8]   2.00-3.00   sec   582 KBytes  4.77 Mbits/sec  0.317 ms  34/460 (7.4%)  
[  8]   3.00-4.00   sec   517 KBytes  4.24 Mbits/sec  0.609 ms  50/428 (12%)  
[  8]   4.00-5.00   sec   510 KBytes  4.18 Mbits/sec  0.901 ms  52/425 (12%)  
[  8]   5.00-6.00   sec   584 KBytes  4.78 Mbits/sec  0.502 ms  46/473 (9.7%)  
[  8]   6.00-7.00   sec   403 KBytes  3.29 Mbits/sec  1.362 ms  107/402 (27%)  
[  8]   7.00-8.00   sec   420 KBytes  3.45 Mbits/sec  0.449 ms  182/489 (37%)  
[  8]   8.00-9.00   sec   589 KBytes  4.83 Mbits/sec  0.492 ms  29/460 (6.3%)  
[  8]   9.00-10.00  sec   581 KBytes  4.76 Mbits/sec  0.826 ms  16/441 (3.6%)  
[  8]  10.00-11.00  sec   574 KBytes  4.69 Mbits/sec  2.754 ms  35/455 (7.7%)  
[  8]  11.00-12.00  sec   570 KBytes  4.68 Mbits/sec  0.856 ms  30/447 (6.7%)  
[  8]  12.00-13.00  sec   502 KBytes  4.12 Mbits/sec  1.722 ms  39/406 (9.6%)  
[  8]  13.00-14.00  sec   607 KBytes  4.97 Mbits/sec  3.652 ms  35/479 (7.3%)  
[  8]  14.00-15.00  sec   540 KBytes  4.42 Mbits/sec  3.980 ms  41/436 (9.4%)  
[  8]  15.00-16.00  sec   487 KBytes  3.99 Mbits/sec  2.660 ms  103/459 (22%)  
[  8]  16.00-17.00  sec   476 KBytes  3.90 Mbits/sec  2.684 ms  89/437 (20%)  
[  8]  17.00-18.00  sec   524 KBytes  4.29 Mbits/sec  1.190 ms  59/442 (13%)  
[  8]  18.00-19.00  sec   448 KBytes  3.67 Mbits/sec  3.590 ms  117/445 (26%)  
[  8]  19.00-20.00  sec   487 KBytes  3.99 Mbits/sec  3.407 ms  91/447 (20%)  
[  8]  20.00-21.00  sec   566 KBytes  4.64 Mbits/sec  2.123 ms  47/461 (10%)  
[  8]  21.00-22.00  sec   551 KBytes  4.51 Mbits/sec  1.564 ms  49/452 (11%)  
[  8]  22.00-23.00  sec   539 KBytes  4.41 Mbits/sec  2.251 ms  51/445 (11%)  
[  8]  23.00-24.00  sec   574 KBytes  4.71 Mbits/sec  3.068 ms  15/435 (3.4%)  
[  8]  24.00-25.00  sec   610 KBytes  5.00 Mbits/sec  2.538 ms  13/459 (2.8%)  
[  8]  25.00-26.00  sec   388 KBytes  3.18 Mbits/sec  3.785 ms  158/442 (36%)  
[  8]  26.00-27.00  sec   520 KBytes  4.25 Mbits/sec  2.584 ms  61/441 (14%)  
[  8]  27.00-28.00  sec   517 KBytes  4.23 Mbits/sec  2.467 ms  76/454 (17%)  
[  8]  28.00-29.00  sec   552 KBytes  4.53 Mbits/sec  2.467 ms  43/447 (9.6%)  
[  8]  29.00-30.00  sec   562 KBytes  4.60 Mbits/sec  2.144 ms  33/444 (7.4%)  
[  8]  30.00-31.00  sec   470 KBytes  3.86 Mbits/sec  1.916 ms  82/426 (19%)  
[  8]  31.00-32.00  sec   558 KBytes  4.57 Mbits/sec  1.412 ms  57/465 (12%)  
[  8]  32.00-33.00  sec   554 KBytes  4.54 Mbits/sec  1.301 ms  40/445 (9%)  
[  8]  33.00-34.00  sec   470 KBytes  3.85 Mbits/sec  1.324 ms  101/445 (23%)  
[  8]  34.00-35.00  sec   473 KBytes  3.88 Mbits/sec  3.214 ms  102/448 (23%)  
[  8]  35.00-36.00  sec   450 KBytes  3.68 Mbits/sec  4.701 ms  114/443 (26%)  
[  8]  36.00-37.00  sec   468 KBytes  3.83 Mbits/sec  3.654 ms  103/445 (23%)  
[  8]  37.00-38.00  sec   507 KBytes  4.14 Mbits/sec  2.680 ms  77/448 (17%)  
[  8]  38.00-39.00  sec   569 KBytes  4.68 Mbits/sec  2.781 ms  39/455 (8.6%)  
[  8]  39.00-40.00  sec   585 KBytes  4.79 Mbits/sec  2.947 ms  21/449 (4.7%)  
[  8]  40.00-41.00  sec   537 KBytes  4.40 Mbits/sec  2.951 ms  40/433 (9.2%)  
[  8]  41.00-42.01  sec   528 KBytes  4.30 Mbits/sec  1.974 ms  72/458 (16%)  
[  8]  42.01-43.00  sec   477 KBytes  3.93 Mbits/sec  3.029 ms  93/442 (21%)  
[  8]  43.00-44.00  sec   498 KBytes  4.07 Mbits/sec  1.266 ms  58/422 (14%)  
[  8]  44.00-45.00  sec   491 KBytes  4.02 Mbits/sec  2.969 ms  100/459 (22%)  
[  8]  45.00-46.01  sec   454 KBytes  3.70 Mbits/sec  2.384 ms  126/458 (28%)  
[  8]  46.01-47.00  sec   298 KBytes  2.46 Mbits/sec  2.320 ms  203/421 (48%)  
[  8]  47.00-48.00  sec   556 KBytes  4.56 Mbits/sec  2.487 ms  70/477 (15%)  
[  8]  48.00-49.00  sec   550 KBytes  4.50 Mbits/sec  2.823 ms  32/434 (7.4%)  
[  8]  49.00-50.00  sec   530 KBytes  4.35 Mbits/sec  1.133 ms  58/446 (13%)  
[  8]  50.00-51.00  sec   543 KBytes  4.45 Mbits/sec  1.044 ms  55/452 (12%)  
[  8]  51.00-52.00  sec   536 KBytes  4.39 Mbits/sec  1.914 ms  53/445 (12%)  
[  8]  52.00-53.00  sec   587 KBytes  4.81 Mbits/sec  3.459 ms  11/440 (2.5%)  
[  8]  53.00-54.00  sec   502 KBytes  4.10 Mbits/sec  2.204 ms  88/455 (19%)  
[  8]  54.00-55.00  sec   504 KBytes  4.14 Mbits/sec  1.427 ms  74/443 (17%)  
[  8]  55.00-56.00  sec   563 KBytes  4.62 Mbits/sec  2.585 ms  37/449 (8.2%)  
[  8]  56.00-57.00  sec   571 KBytes  4.68 Mbits/sec  1.936 ms  27/445 (6.1%)  
[  8]  57.00-58.00  sec   571 KBytes  4.68 Mbits/sec  1.508 ms  28/446 (6.3%)  
[  8]  58.00-59.00  sec   543 KBytes  4.44 Mbits/sec  1.391 ms  51/448 (11%)  
[  8]  59.00-60.00  sec   522 KBytes  4.28 Mbits/sec  1.617 ms  57/439 (13%)  
[  8]  60.00-61.00  sec   530 KBytes  4.35 Mbits/sec  0.707 ms  58/446 (13%)  
[  8]  61.00-62.00  sec   540 KBytes  4.43 Mbits/sec  2.385 ms  35/430 (8.1%)  
[  8]  62.00-63.00  sec   515 KBytes  4.22 Mbits/sec  5.068 ms  70/447 (16%)  
[  8]  63.00-64.00  sec   280 KBytes  2.30 Mbits/sec  3.967 ms  254/459 (55%)  
[  8]  64.00-65.00  sec   388 KBytes  3.18 Mbits/sec  1.805 ms  162/446 (36%)  
[  8]  65.00-66.00  sec   454 KBytes  3.72 Mbits/sec  0.703 ms  124/456 (27%)  
[  8]  66.00-67.00  sec   506 KBytes  4.14 Mbits/sec  3.166 ms  71/441 (16%)  
[  8]  67.00-68.00  sec   507 KBytes  4.16 Mbits/sec  0.867 ms  90/461 (20%)  
[  8]  68.00-69.00  sec   529 KBytes  4.33 Mbits/sec  0.177 ms  54/441 (12%)  
[  8]  69.00-70.00  sec   469 KBytes  3.84 Mbits/sec  3.380 ms  94/437 (22%)  
[  8]  70.00-71.00  sec   506 KBytes  4.14 Mbits/sec  0.768 ms  84/454 (19%)  
[  8]  71.00-72.00  sec   541 KBytes  4.44 Mbits/sec  0.939 ms  59/455 (13%)  
[  8]  72.00-73.00  sec   548 KBytes  4.49 Mbits/sec  0.566 ms  38/439 (8.7%)  
[  8]  73.00-74.00  sec   582 KBytes  4.77 Mbits/sec  2.680 ms  17/443 (3.8%)  
[  8]  74.00-75.00  sec   502 KBytes  4.11 Mbits/sec  1.665 ms  80/447 (18%)  
[  8]  75.00-76.00  sec   543 KBytes  4.45 Mbits/sec  2.377 ms  36/433 (8.3%)  
[  8]  76.00-77.00  sec   496 KBytes  4.07 Mbits/sec  3.436 ms  87/450 (19%)  
[  8]  77.00-78.00  sec   485 KBytes  3.98 Mbits/sec  3.539 ms  67/422 (16%)  
[  8]  78.00-79.00  sec   386 KBytes  3.16 Mbits/sec  6.389 ms  134/416 (32%)  
[  8]  79.00-80.00  sec   510 KBytes  4.18 Mbits/sec  1.627 ms  149/522 (29%)  
[  8]  80.00-81.00  sec   584 KBytes  4.78 Mbits/sec  2.179 ms  16/443 (3.6%)  
[  8]  81.00-82.00  sec   597 KBytes  4.89 Mbits/sec  2.697 ms  9/446 (2%)  
[  8]  82.00-83.00  sec   591 KBytes  4.84 Mbits/sec  0.778 ms  12/444 (2.7%)  
[  8]  83.00-84.00  sec   555 KBytes  4.55 Mbits/sec  4.430 ms  46/452 (10%)  
[  8]  84.00-85.00  sec   535 KBytes  4.38 Mbits/sec  0.662 ms  26/417 (6.2%)  
[  8]  85.00-86.00  sec   630 KBytes  5.17 Mbits/sec  1.411 ms  8/469 (1.7%)  
[  8]  86.00-87.00  sec   607 KBytes  4.97 Mbits/sec  0.596 ms  9/453 (2%)  
[  8]  87.00-88.00  sec   543 KBytes  4.45 Mbits/sec  0.316 ms  35/432 (8.1%)  
[  8]  88.00-89.00  sec   550 KBytes  4.50 Mbits/sec  0.380 ms  41/443 (9.3%)  
[  8]  89.00-90.00  sec   483 KBytes  3.95 Mbits/sec  4.827 ms  10/363 (2.8%)  
[  8]  90.00-91.00  sec   293 KBytes  2.40 Mbits/sec  6.730 ms  79/293 (27%)  
[  8]  91.00-92.00  sec   317 KBytes  2.60 Mbits/sec  5.593 ms  27/259 (10%)  
[  8]  92.00-93.00  sec   328 KBytes  2.69 Mbits/sec  5.898 ms  328/568 (58%)  
[  8]  93.00-94.00  sec   453 KBytes  3.71 Mbits/sec  1.928 ms  426/757 (56%)  
[  8]  94.00-95.00  sec   301 KBytes  2.46 Mbits/sec  5.285 ms  206/426 (48%)  
[  8]  95.00-96.00  sec   373 KBytes  3.06 Mbits/sec  3.511 ms  117/390 (30%)  
[  8]  96.00-97.00  sec   366 KBytes  3.00 Mbits/sec  5.421 ms  188/456 (41%)  
[  8]  97.00-98.00  sec   457 KBytes  3.73 Mbits/sec  3.147 ms  115/449 (26%)  
[  8]  98.00-99.00  sec   514 KBytes  4.22 Mbits/sec  2.700 ms  46/422 (11%)  
[  8]  99.00-100.00 sec   662 KBytes  5.42 Mbits/sec  1.793 ms  62/546 (11%)  
[  8] 100.00-101.00 sec   536 KBytes  4.39 Mbits/sec  3.662 ms  40/432 (9.3%)  
[  8] 101.00-102.00 sec   379 KBytes  3.10 Mbits/sec  3.739 ms  144/421 (34%)  
[  8] 102.00-103.00 sec   369 KBytes  3.02 Mbits/sec  3.111 ms  59/329 (18%)  
[  8] 103.00-104.00 sec   331 KBytes  2.71 Mbits/sec  6.812 ms  303/545 (56%)  
[  8] 104.00-105.00 sec   388 KBytes  3.18 Mbits/sec  2.452 ms  216/500 (43%)  
[  8] 105.00-106.00 sec   522 KBytes  4.28 Mbits/sec  2.699 ms  57/439 (13%)  
[  8] 106.00-107.00 sec   403 KBytes  3.30 Mbits/sec  5.948 ms  99/394 (25%)  
[  8] 107.00-108.00 sec   406 KBytes  3.33 Mbits/sec  2.655 ms  194/491 (40%)  
[  8] 108.00-109.00 sec   286 KBytes  2.34 Mbits/sec  5.992 ms  39/248 (16%)  
[  8] 109.00-110.00 sec   503 KBytes  4.12 Mbits/sec  1.920 ms  293/661 (44%)  
[  8] 110.00-111.00 sec   577 KBytes  4.73 Mbits/sec  1.669 ms  30/452 (6.6%)  
[  8] 111.00-112.00 sec   606 KBytes  4.96 Mbits/sec  2.130 ms  0/443 (0%)  
[  8] 112.00-113.00 sec   578 KBytes  4.74 Mbits/sec  0.225 ms  12/435 (2.8%)  
[  8] 113.00-114.00 sec   625 KBytes  5.12 Mbits/sec  1.030 ms  1/458 (0.22%)  
[  8] 114.00-115.00 sec   614 KBytes  5.03 Mbits/sec  0.506 ms  1/450 (0.22%)  
[  8] 115.00-116.00 sec   224 KBytes  1.84 Mbits/sec  8.247 ms  15/179 (8.4%)  
[  8] 116.00-117.00 sec  72.5 KBytes   594 Kbits/sec  13.143 ms  171/224 (76%)  
[  8] 117.00-118.00 sec   126 KBytes  1.03 Mbits/sec  13.420 ms  405/497 (81%)  
[  8] 118.00-119.00 sec  95.7 KBytes   784 Kbits/sec  17.888 ms  348/418 (83%)  
[  8] 119.00-120.00 sec   167 KBytes  1.37 Mbits/sec  6.692 ms  550/672 (82%)  
[  8] 120.00-121.00 sec   282 KBytes  2.31 Mbits/sec  4.910 ms  215/421 (51%)  
[  8] 121.00-122.00 sec   208 KBytes  1.70 Mbits/sec  9.173 ms  217/369 (59%)  
[  8] 122.00-123.00 sec   287 KBytes  2.35 Mbits/sec  1.923 ms  569/779 (73%)  
[  8] 123.00-124.00 sec   494 KBytes  4.04 Mbits/sec  1.700 ms  89/450 (20%)  
[  8] 124.00-125.00 sec   526 KBytes  4.31 Mbits/sec  0.812 ms  62/447 (14%)  
[  8] 125.00-126.00 sec   559 KBytes  4.58 Mbits/sec  2.293 ms  32/441 (7.3%)  
[  8] 126.00-127.00 sec   468 KBytes  3.83 Mbits/sec  4.200 ms  93/435 (21%)  
[  8] 127.00-128.00 sec   439 KBytes  3.60 Mbits/sec  3.356 ms  140/461 (30%)  
[  8] 128.00-129.00 sec   522 KBytes  4.28 Mbits/sec  1.765 ms  68/450 (15%)  
[  8] 129.00-130.00 sec   529 KBytes  4.33 Mbits/sec  2.576 ms  58/445 (13%)  
[  8] 130.00-131.00 sec   536 KBytes  4.39 Mbits/sec  1.456 ms  48/440 (11%)  
[  8] 131.00-132.00 sec   440 KBytes  3.61 Mbits/sec  2.122 ms  115/437 (26%)  
[  8] 132.00-133.00 sec   511 KBytes  4.19 Mbits/sec  3.163 ms  49/423 (12%)  
[  8] 133.00-134.00 sec   476 KBytes  3.90 Mbits/sec  1.895 ms  132/480 (28%)  
[  8] 134.00-135.00 sec   424 KBytes  3.47 Mbits/sec  2.650 ms  148/458 (32%)  
[  8] 135.00-136.00 sec   443 KBytes  3.63 Mbits/sec  3.303 ms  109/433 (25%)  
[  8] 136.00-137.00 sec   353 KBytes  2.89 Mbits/sec  3.898 ms  135/393 (34%)  
[  8] 137.00-138.00 sec   237 KBytes  1.94 Mbits/sec  2.079 ms  81/254 (32%)  
[  8] 138.00-139.00 sec   205 KBytes  1.68 Mbits/sec  11.647 ms  476/626 (76%)  
[  8] 139.00-140.00 sec   157 KBytes  1.29 Mbits/sec  5.325 ms  121/236 (51%)  
[  8] 140.00-141.00 sec   185 KBytes  1.51 Mbits/sec  13.088 ms  381/516 (74%)  
[  8] 141.00-142.01 sec   185 KBytes  1.50 Mbits/sec  10.423 ms  209/344 (61%)  
[  8] 142.01-143.00 sec   185 KBytes  1.52 Mbits/sec  9.797 ms  272/407 (67%)  
[  8] 143.00-144.00 sec   154 KBytes  1.26 Mbits/sec  8.097 ms  290/403 (72%)  
[  8] 144.00-145.00 sec   416 KBytes  3.40 Mbits/sec  3.497 ms  505/809 (62%)  
[  8] 145.00-146.00 sec   346 KBytes  2.84 Mbits/sec  5.943 ms  222/475 (47%)  
[  8] 146.00-147.00 sec   354 KBytes  2.90 Mbits/sec  5.521 ms  141/400 (35%)  
[  8] 147.00-148.00 sec   317 KBytes  2.60 Mbits/sec  5.091 ms  84/316 (27%)  
[  8] 148.00-149.00 sec   142 KBytes  1.16 Mbits/sec  12.882 ms  33/137 (24%)  
[  8] 149.00-150.00 sec   196 KBytes  1.60 Mbits/sec  6.795 ms  71/214 (33%)  
[  8] 150.00-151.00 sec   163 KBytes  1.33 Mbits/sec  14.331 ms  768/887 (87%)  
[  8] 151.00-152.00 sec   175 KBytes  1.43 Mbits/sec  8.965 ms  275/403 (68%)  
[  8] 152.00-153.00 sec   453 KBytes  3.71 Mbits/sec  2.764 ms  450/781 (58%)  
[  8] 153.00-154.00 sec   530 KBytes  4.35 Mbits/sec  2.541 ms  53/441 (12%)  
[  8] 154.00-155.00 sec   473 KBytes  3.88 Mbits/sec  3.053 ms  29/375 (7.7%)  
[  8] 155.00-156.00 sec   328 KBytes  2.68 Mbits/sec  4.567 ms  110/350 (31%)  
[  8] 156.00-157.00 sec   355 KBytes  2.92 Mbits/sec  3.437 ms  122/382 (32%)  
[  8] 157.00-158.00 sec   480 KBytes  3.93 Mbits/sec  3.592 ms  286/637 (45%)  
[  8] 158.00-159.00 sec   496 KBytes  4.07 Mbits/sec  2.342 ms  128/491 (26%)  
[  8] 159.00-160.00 sec   444 KBytes  3.64 Mbits/sec  4.984 ms  86/411 (21%)  
[  8] 160.00-161.00 sec   409 KBytes  3.35 Mbits/sec  4.737 ms  133/432 (31%)  
[  8] 161.00-162.00 sec   304 KBytes  2.49 Mbits/sec  4.661 ms  241/463 (52%)  
[  8] 162.00-163.00 sec   432 KBytes  3.54 Mbits/sec  5.440 ms  138/454 (30%)  
[  8] 163.00-164.00 sec   362 KBytes  2.97 Mbits/sec  4.204 ms  188/453 (42%)  
[  8] 164.00-165.00 sec   387 KBytes  3.16 Mbits/sec  2.606 ms  148/431 (34%)  
[  8] 165.00-166.00 sec   366 KBytes  3.01 Mbits/sec  1.621 ms  212/480 (44%)  
[  8] 166.00-167.00 sec   607 KBytes  4.97 Mbits/sec  0.846 ms  7/451 (1.6%)  
[  8] 167.00-168.00 sec   559 KBytes  4.58 Mbits/sec  0.117 ms  39/448 (8.7%)  
[  8] 168.00-169.00 sec   539 KBytes  4.41 Mbits/sec  3.401 ms  36/430 (8.4%)  
[  8] 169.00-170.00 sec   546 KBytes  4.47 Mbits/sec  2.131 ms  56/455 (12%)  
[  8] 170.00-171.00 sec   606 KBytes  4.96 Mbits/sec  0.739 ms  14/457 (3.1%)  
[  8] 171.00-172.00 sec   442 KBytes  3.62 Mbits/sec  1.178 ms  89/412 (22%)  
[  8] 172.00-173.00 sec   436 KBytes  3.57 Mbits/sec  0.358 ms  154/473 (33%)  
[  8] 173.00-174.00 sec   540 KBytes  4.41 Mbits/sec  2.949 ms  47/442 (11%)  
[  8] 174.00-175.00 sec   438 KBytes  3.59 Mbits/sec  3.019 ms  82/402 (20%)  
[  8] 175.00-176.00 sec   320 KBytes  2.63 Mbits/sec  2.763 ms  110/344 (32%)  
[  8] 176.00-177.02 sec   543 KBytes  4.35 Mbits/sec  0.789 ms  181/578 (31%)  
[  8] 177.02-178.00 sec   518 KBytes  4.33 Mbits/sec  1.126 ms  1/380 (0.26%)  
[  8] 178.00-179.00 sec   459 KBytes  3.76 Mbits/sec  3.300 ms  110/446 (25%)  
[  8] 179.00-180.00 sec   496 KBytes  4.08 Mbits/sec  0.495 ms  89/452 (20%)  
[  8] 180.00-181.00 sec   607 KBytes  4.98 Mbits/sec  1.999 ms  81/525 (15%)  
[  8] 181.00-182.00 sec   517 KBytes  4.23 Mbits/sec  2.318 ms  49/427 (11%)  
[  8] 182.00-183.00 sec   541 KBytes  4.44 Mbits/sec  2.117 ms  56/452 (12%)  
[  8] 183.00-184.00 sec   466 KBytes  3.82 Mbits/sec  3.008 ms  113/454 (25%)  
[  8] 184.00-185.00 sec   496 KBytes  4.07 Mbits/sec  1.146 ms  82/445 (18%)  
[  8] 185.00-186.00 sec   506 KBytes  4.14 Mbits/sec  3.857 ms  65/435 (15%)  
[  8] 186.00-187.00 sec   317 KBytes  2.60 Mbits/sec  1.396 ms  173/405 (43%)  
[  8] 187.00-188.00 sec   361 KBytes  2.96 Mbits/sec  0.418 ms  231/495 (47%)  
[  8] 188.00-189.00 sec   522 KBytes  4.28 Mbits/sec  2.339 ms  83/465 (18%)  
[  8] 189.00-190.00 sec   524 KBytes  4.29 Mbits/sec  2.223 ms  59/442 (13%)  
[  8] 190.00-191.00 sec   529 KBytes  4.33 Mbits/sec  1.518 ms  60/447 (13%)  
[  8] 191.00-192.00 sec   588 KBytes  4.82 Mbits/sec  2.813 ms  17/447 (3.8%)  
[  8] 192.00-193.00 sec   394 KBytes  3.23 Mbits/sec  2.374 ms  74/362 (20%)  
[  8] 193.00-194.00 sec   476 KBytes  3.89 Mbits/sec  3.491 ms  171/519 (33%)  
[  8] 194.00-195.00 sec   541 KBytes  4.44 Mbits/sec  2.218 ms  58/454 (13%)  
[  8] 195.00-196.00 sec   454 KBytes  3.72 Mbits/sec  2.750 ms  81/413 (20%)  
[  8] 196.00-197.00 sec   461 KBytes  3.77 Mbits/sec  1.646 ms  129/466 (28%)  
[  8] 197.00-198.00 sec   484 KBytes  3.96 Mbits/sec  2.428 ms  114/468 (24%)  
[  8] 198.00-199.00 sec   589 KBytes  4.83 Mbits/sec  2.209 ms  16/447 (3.6%)  
[  8] 199.00-200.00 sec   336 KBytes  2.76 Mbits/sec  5.374 ms  25/271 (9.2%)  
[  8] 200.00-201.00 sec   148 KBytes  1.21 Mbits/sec  6.464 ms  82/190 (43%)  
[  8] 201.00-202.00 sec   569 KBytes  4.66 Mbits/sec  1.933 ms  454/870 (52%)  
[  8] 202.00-203.00 sec   406 KBytes  3.33 Mbits/sec  0.418 ms  139/436 (32%)  
[  8] 203.00-204.00 sec   593 KBytes  4.86 Mbits/sec  0.245 ms  19/453 (4.2%)  
[  8] 204.00-205.00 sec   477 KBytes  3.90 Mbits/sec  3.756 ms  56/405 (14%)  
[  8] 205.00-206.00 sec   250 KBytes  2.05 Mbits/sec  10.220 ms  140/323 (43%)  
[  8] 206.00-207.00 sec   459 KBytes  3.77 Mbits/sec  1.111 ms  288/624 (46%)  
[  8] 207.00-208.00 sec   591 KBytes  4.84 Mbits/sec  1.210 ms  5/437 (1.1%)  
[  8] 208.00-209.00 sec   387 KBytes  3.17 Mbits/sec  5.331 ms  40/323 (12%)  
[  8] 209.00-210.00 sec   157 KBytes  1.29 Mbits/sec  8.873 ms  0/115 (0%)  
[  8] 210.00-211.00 sec   178 KBytes  1.46 Mbits/sec  7.852 ms  182/312 (58%)  
[  8] 211.00-212.00 sec   130 KBytes  1.06 Mbits/sec  7.063 ms  337/432 (78%)  
[  8] 212.00-213.00 sec   179 KBytes  1.47 Mbits/sec  4.463 ms  237/368 (64%)  
[  8] 213.00-214.00 sec   235 KBytes  1.93 Mbits/sec  7.852 ms  355/527 (67%)  
[  8] 214.00-215.00 sec   183 KBytes  1.50 Mbits/sec  7.668 ms  260/394 (66%)  
[  8] 215.00-216.00 sec  43.8 KBytes   358 Kbits/sec  12.799 ms  34/66 (52%)  
[  8] 216.00-217.00 sec  72.5 KBytes   594 Kbits/sec  18.277 ms  278/331 (84%)  
[  8] 217.00-218.00 sec   186 KBytes  1.52 Mbits/sec  12.893 ms  855/991 (86%)  
[  8] 218.00-219.00 sec   154 KBytes  1.27 Mbits/sec  8.607 ms  337/450 (75%)  
[  8] 219.00-220.00 sec   159 KBytes  1.30 Mbits/sec  10.039 ms  259/375 (69%)  
[  8] 220.00-221.00 sec   182 KBytes  1.49 Mbits/sec  7.749 ms  292/425 (69%)  
[  8] 221.00-222.00 sec   131 KBytes  1.08 Mbits/sec  17.760 ms  245/341 (72%)  
[  8] 222.00-223.00 sec   190 KBytes  1.56 Mbits/sec  6.229 ms  1041/1180 (88%)  
[  8] 223.00-224.00 sec   459 KBytes  3.76 Mbits/sec  1.862 ms  178/514 (35%)  
[  8] 224.00-225.00 sec   578 KBytes  4.73 Mbits/sec  2.175 ms  31/454 (6.8%)  
[  8] 225.00-226.00 sec   515 KBytes  4.23 Mbits/sec  1.822 ms  51/428 (12%)  
[  8] 226.00-227.00 sec   522 KBytes  4.28 Mbits/sec  1.741 ms  79/461 (17%)  
[  8] 227.00-228.00 sec   606 KBytes  4.96 Mbits/sec  2.077 ms  5/448 (1.1%)  
[  8] 228.00-229.00 sec   435 KBytes  3.56 Mbits/sec  5.597 ms  94/412 (23%)  
[  8] 229.00-230.00 sec   305 KBytes  2.50 Mbits/sec  7.241 ms  150/373 (40%)  
[  8] 230.00-231.00 sec   384 KBytes  3.15 Mbits/sec  5.634 ms  97/378 (26%)  
[  8] 231.00-232.00 sec   351 KBytes  2.88 Mbits/sec  4.854 ms  47/304 (15%)  
[  8] 232.00-233.00 sec   335 KBytes  2.74 Mbits/sec  6.415 ms  46/291 (16%)  
[  8] 233.00-234.00 sec   280 KBytes  2.29 Mbits/sec  7.911 ms  195/400 (49%)  
[  8] 234.00-235.00 sec   483 KBytes  3.96 Mbits/sec  3.984 ms  362/715 (51%)  
[  8] 235.00-236.00 sec   470 KBytes  3.85 Mbits/sec  3.145 ms  91/435 (21%)  
[  8] 236.00-237.00 sec   394 KBytes  3.23 Mbits/sec  2.907 ms  59/347 (17%)  
[  8] 237.00-238.00 sec   489 KBytes  4.01 Mbits/sec  1.977 ms  332/690 (48%)  
[  8] 238.00-239.00 sec   458 KBytes  3.75 Mbits/sec  7.513 ms  108/443 (24%)  
[  8] 239.00-240.00 sec   536 KBytes  4.39 Mbits/sec  0.427 ms  171/563 (30%)  
[  8] 240.00-241.00 sec   451 KBytes  3.70 Mbits/sec  0.729 ms  89/419 (21%)  
[  8] 241.00-242.00 sec   302 KBytes  2.48 Mbits/sec  2.554 ms  245/466 (53%)  
[  8] 242.00-243.00 sec   481 KBytes  3.94 Mbits/sec  2.376 ms  85/437 (19%)  
[  8] 243.00-244.00 sec   279 KBytes  2.28 Mbits/sec  5.442 ms  116/320 (36%)  
[  8] 244.00-245.00 sec   165 KBytes  1.36 Mbits/sec  3.801 ms  20/141 (14%)  
[  8] 245.00-246.00 sec   308 KBytes  2.52 Mbits/sec  2.160 ms  301/526 (57%)  
[  8] 246.00-247.00 sec   238 KBytes  1.95 Mbits/sec  6.018 ms  296/470 (63%)  
[  8] 247.00-248.00 sec   395 KBytes  3.24 Mbits/sec  1.137 ms  509/798 (64%)  
[  8] 248.00-249.00 sec   483 KBytes  3.95 Mbits/sec  1.169 ms  99/452 (22%)  
[  8] 249.00-250.00 sec   522 KBytes  4.28 Mbits/sec  2.204 ms  24/406 (5.9%)  
[  8] 250.00-251.00 sec   546 KBytes  4.47 Mbits/sec  0.826 ms  86/485 (18%)  
[  8] 251.00-252.00 sec   306 KBytes  2.50 Mbits/sec  5.867 ms  31/255 (12%)  
[  8] 252.00-253.00 sec   200 KBytes  1.64 Mbits/sec  2.728 ms  0/146 (0%)  
[  8] 253.00-254.00 sec   112 KBytes   920 Kbits/sec  8.824 ms  357/439 (81%)  
[  8] 254.00-255.00 sec   139 KBytes  1.14 Mbits/sec  8.651 ms  420/522 (80%)  
[  8] 255.00-256.00 sec   208 KBytes  1.70 Mbits/sec  4.461 ms  378/530 (71%)  
[  8] 256.00-257.00 sec   142 KBytes  1.16 Mbits/sec  7.942 ms  331/435 (76%)  
[  8] 257.00-258.00 sec   521 KBytes  4.26 Mbits/sec  2.532 ms  416/797 (52%)  
[  8] 258.00-259.00 sec   550 KBytes  4.51 Mbits/sec  1.751 ms  28/430 (6.5%)  
[  8] 259.00-260.00 sec   578 KBytes  4.74 Mbits/sec  2.357 ms  17/440 (3.9%)  
[  8] 260.00-261.00 sec   537 KBytes  4.40 Mbits/sec  2.195 ms  18/411 (4.4%)  
[  8] 261.00-262.00 sec   455 KBytes  3.73 Mbits/sec  1.766 ms  62/395 (16%)  
[  8] 262.00-263.00 sec   406 KBytes  3.33 Mbits/sec  2.332 ms  155/452 (34%)  
[  8] 263.00-264.00 sec   237 KBytes  1.94 Mbits/sec  2.347 ms  190/363 (52%)  
[  8] 264.00-265.00 sec   265 KBytes  2.17 Mbits/sec  4.822 ms  331/525 (63%)  
[  8] 265.00-266.00 sec   615 KBytes  5.04 Mbits/sec  1.249 ms  94/544 (17%)  
[  8] 266.00-267.00 sec   614 KBytes  5.03 Mbits/sec  1.153 ms  9/458 (2%)  
[  8] 267.00-268.00 sec   496 KBytes  4.07 Mbits/sec  0.233 ms  54/417 (13%)  
[  8] 268.00-269.00 sec   587 KBytes  4.81 Mbits/sec  1.595 ms  37/466 (7.9%)  
[  8] 269.00-270.00 sec   565 KBytes  4.63 Mbits/sec  0.409 ms  42/455 (9.2%)  
[  8] 270.00-271.00 sec   576 KBytes  4.71 Mbits/sec  0.522 ms  11/432 (2.5%)  
[  8] 271.00-272.00 sec   580 KBytes  4.75 Mbits/sec  0.788 ms  35/459 (7.6%)  
[  8] 272.00-273.00 sec   581 KBytes  4.75 Mbits/sec  3.189 ms  18/443 (4.1%)  
[  8] 273.00-274.00 sec   587 KBytes  4.81 Mbits/sec  0.868 ms  20/449 (4.5%)  
[  8] 274.00-275.00 sec   550 KBytes  4.50 Mbits/sec  4.217 ms  21/423 (5%)  
[  8] 275.00-276.00 sec   582 KBytes  4.77 Mbits/sec  1.158 ms  15/441 (3.4%)  
[  8] 276.00-277.00 sec   362 KBytes  2.97 Mbits/sec  6.820 ms  133/398 (33%)  
[  8] 277.00-278.00 sec   369 KBytes  3.02 Mbits/sec  0.815 ms  92/362 (25%)  
[  8] 278.00-279.00 sec   432 KBytes  3.54 Mbits/sec  3.443 ms  182/498 (37%)  
[  8] 279.00-280.00 sec   361 KBytes  2.96 Mbits/sec  3.834 ms  18/282 (6.4%)  
[  8] 280.00-281.00 sec   388 KBytes  3.18 Mbits/sec  7.027 ms  185/469 (39%)  
[  8] 281.00-282.02 sec   444 KBytes  3.55 Mbits/sec  3.726 ms  127/452 (28%)  
[  8] 282.02-283.00 sec   331 KBytes  2.77 Mbits/sec  8.812 ms  169/411 (41%)  
[  8] 283.00-284.00 sec   329 KBytes  2.70 Mbits/sec  3.905 ms  198/439 (45%)  
[  8] 284.00-285.00 sec   317 KBytes  2.60 Mbits/sec  8.404 ms  221/453 (49%)  
[  8] 285.00-286.00 sec   275 KBytes  2.25 Mbits/sec  4.439 ms  240/441 (54%)  
[  8] 286.00-287.01 sec   249 KBytes  2.03 Mbits/sec  8.343 ms  238/420 (57%)  
[  8] 287.01-288.00 sec   293 KBytes  2.41 Mbits/sec  6.008 ms  226/440 (51%)  
[  8] 288.00-289.00 sec   355 KBytes  2.91 Mbits/sec  3.356 ms  224/485 (46%)  
[  8] 289.00-290.00 sec   424 KBytes  3.47 Mbits/sec  3.521 ms  402/712 (56%)  
[  8] 290.00-291.00 sec   379 KBytes  3.10 Mbits/sec  2.864 ms  155/432 (36%)  
[  8] 291.00-292.00 sec   510 KBytes  4.18 Mbits/sec  0.423 ms  101/474 (21%)  
[  8] 292.00-293.00 sec   472 KBytes  3.86 Mbits/sec  1.096 ms  83/428 (19%)  
[  8] 293.00-294.00 sec   442 KBytes  3.62 Mbits/sec  2.886 ms  122/445 (27%)  
[  8] 294.00-295.00 sec   499 KBytes  4.09 Mbits/sec  2.407 ms  101/466 (22%)  
[  8] 295.00-296.00 sec   514 KBytes  4.21 Mbits/sec  2.528 ms  64/440 (15%)  
[  8] 296.00-297.00 sec   597 KBytes  4.89 Mbits/sec  1.038 ms  22/459 (4.8%)  
[  8] 297.00-298.00 sec   546 KBytes  4.47 Mbits/sec  2.412 ms  37/436 (8.5%)  
[  8] 298.00-299.00 sec   561 KBytes  4.60 Mbits/sec  0.981 ms  39/449 (8.7%)  
[  8] 299.00-300.01 sec   592 KBytes  4.78 Mbits/sec  1.904 ms  13/446 (2.9%)  
[  8] 300.01-301.00 sec   610 KBytes  5.06 Mbits/sec  1.330 ms  12/458 (2.6%)  
[  8] 301.00-302.00 sec   520 KBytes  4.26 Mbits/sec  0.674 ms  32/412 (7.8%)  
[  8] 302.00-303.00 sec   585 KBytes  4.79 Mbits/sec  0.732 ms  50/478 (10%)  
[  8] 303.00-304.00 sec   565 KBytes  4.63 Mbits/sec  1.153 ms  22/435 (5.1%)  
[  8] 304.00-305.00 sec   301 KBytes  2.46 Mbits/sec  3.078 ms  47/267 (18%)  
[  8] 305.00-306.00 sec   528 KBytes  4.31 Mbits/sec  0.462 ms  251/637 (39%)  
[  8] 306.00-307.00 sec   448 KBytes  3.69 Mbits/sec  1.518 ms  91/419 (22%)  
[  8] 307.00-308.00 sec   474 KBytes  3.89 Mbits/sec  0.760 ms  101/448 (23%)  
[  8] 308.00-309.00 sec   552 KBytes  4.52 Mbits/sec  0.698 ms  58/462 (13%)  
[  8] 309.00-310.00 sec   602 KBytes  4.93 Mbits/sec  0.373 ms  9/449 (2%)  
[  8] 310.00-311.00 sec   500 KBytes  4.10 Mbits/sec  0.477 ms  85/451 (19%)  
[  8] 311.00-312.00 sec   541 KBytes  4.44 Mbits/sec  0.340 ms  31/427 (7.3%)  
[  8] 312.00-313.00 sec   573 KBytes  4.69 Mbits/sec  1.254 ms  24/443 (5.4%)  
[  8] 313.00-314.00 sec   619 KBytes  5.07 Mbits/sec  0.298 ms  18/471 (3.8%)  
[  8] 314.00-315.00 sec   561 KBytes  4.59 Mbits/sec  0.211 ms  30/440 (6.8%)  
[  8] 315.00-316.00 sec   567 KBytes  4.65 Mbits/sec  0.166 ms  37/452 (8.2%)  
[  8] 316.00-317.00 sec   529 KBytes  4.33 Mbits/sec  0.297 ms  45/432 (10%)  
[  8] 317.00-318.00 sec   596 KBytes  4.88 Mbits/sec  0.787 ms  15/451 (3.3%)  
[  8] 318.00-319.00 sec   541 KBytes  4.44 Mbits/sec  0.348 ms  64/460 (14%)  
[  8] 319.00-320.00 sec   606 KBytes  4.95 Mbits/sec  0.253 ms  6/449 (1.3%)  
[  8] 320.00-321.02 sec   585 KBytes  4.73 Mbits/sec  0.386 ms  9/437 (2.1%)  
[  8] 321.02-322.00 sec   489 KBytes  4.07 Mbits/sec  0.345 ms  84/442 (19%)  
[  8] 322.00-323.00 sec   433 KBytes  3.55 Mbits/sec  0.514 ms  122/439 (28%)  
[  8] 323.00-324.00 sec   365 KBytes  2.98 Mbits/sec  1.443 ms  61/328 (19%)  
[  8] 324.00-325.00 sec   366 KBytes  3.00 Mbits/sec  0.532 ms  144/412 (35%)  
[  8] 325.00-326.00 sec   206 KBytes  1.69 Mbits/sec  3.763 ms  91/242 (38%)  
[  8] 326.00-327.00 sec   365 KBytes  3.00 Mbits/sec  5.416 ms  325/592 (55%)  
[  8] 327.00-328.00 sec   433 KBytes  3.55 Mbits/sec  4.661 ms  128/445 (29%)  
[  8] 328.00-329.00 sec   458 KBytes  3.75 Mbits/sec  1.588 ms  95/430 (22%)  
[  8] 329.00-330.00 sec   479 KBytes  3.92 Mbits/sec  4.320 ms  200/550 (36%)  
[  8] 330.00-331.00 sec   403 KBytes  3.30 Mbits/sec  4.664 ms  75/370 (20%)  
[  8] 331.00-332.00 sec   361 KBytes  2.95 Mbits/sec  4.959 ms  74/338 (22%)  
[  8] 332.00-333.00 sec   384 KBytes  3.15 Mbits/sec  6.523 ms  84/365 (23%)  
[  8] 333.00-334.00 sec   395 KBytes  3.24 Mbits/sec  6.086 ms  542/831 (65%)  
[  8] 334.00-335.00 sec   387 KBytes  3.17 Mbits/sec  2.449 ms  186/469 (40%)  
[  8] 335.00-336.00 sec   414 KBytes  3.38 Mbits/sec  4.426 ms  136/439 (31%)  
[  8] 336.00-337.00 sec   556 KBytes  4.57 Mbits/sec  1.158 ms  36/443 (8.1%)  
[  8] 337.00-338.00 sec   554 KBytes  4.54 Mbits/sec  0.884 ms  40/445 (9%)  
[  8] 338.00-339.00 sec   597 KBytes  4.89 Mbits/sec  1.002 ms  0/437 (0%)  
[  8] 339.00-340.00 sec   604 KBytes  4.95 Mbits/sec  0.363 ms  30/472 (6.4%)  
- - - - - - - - - - - - - - - - - - - - - - - - -
[ ID] Interval           Transfer     Bitrate         Jitter    Lost/Total Datagrams
[  8]   0.00-340.03 sec   147 MBytes  3.63 Mbits/sec  0.363 ms  41526/151781 (27%)  receiver
