-----------------------------------------------------------
Server listening on 5201 (test #1)
-----------------------------------------------------------
Accepted connection from 10.0.0.45, port 57290
[  8] local 10.0.0.109 port 5201 connected to 10.0.0.45 port 57349
[ ID] Interval           Transfer     Bitrate         Jitter    Lost/Total Datagrams
[  8]   0.00-1.00   sec   420 KBytes  3.44 Mbits/sec  0.504 ms  133/440 (30%)  
[  8]   1.00-2.00   sec   521 KBytes  4.27 Mbits/sec  0.428 ms  47/428 (11%)  
[  8]   2.00-3.00   sec   548 KBytes  4.49 Mbits/sec  0.213 ms  35/436 (8%)  
[  8]   3.00-4.00   sec   561 KBytes  4.59 Mbits/sec  0.485 ms  57/467 (12%)  
[  8]   4.00-5.00   sec   487 KBytes  3.99 Mbits/sec  0.956 ms  78/434 (18%)  
[  8]   5.00-6.00   sec   494 KBytes  4.05 Mbits/sec  1.184 ms  86/447 (19%)  
[  8]   6.00-7.00   sec   362 KBytes  2.97 Mbits/sec  1.083 ms  181/446 (41%)  
[  8]   7.00-8.00   sec   588 KBytes  4.81 Mbits/sec  2.732 ms  30/460 (6.5%)  
[  8]   8.00-9.00   sec   596 KBytes  4.88 Mbits/sec  0.241 ms  14/450 (3.1%)  
[  8]   9.00-10.00  sec   599 KBytes  4.91 Mbits/sec  0.349 ms  2/440 (0.45%)  
[  8]  10.00-11.00  sec   567 KBytes  4.65 Mbits/sec  0.932 ms  39/454 (8.6%)  
[  8]  11.00-12.00  sec   562 KBytes  4.60 Mbits/sec  3.688 ms  20/431 (4.6%)  
[  8]  12.00-13.00  sec   577 KBytes  4.73 Mbits/sec  3.045 ms  38/460 (8.3%)  
[  8]  13.00-14.00  sec   543 KBytes  4.45 Mbits/sec  1.610 ms  10/407 (2.5%)  
[  8]  14.00-15.00  sec   465 KBytes  3.81 Mbits/sec  1.225 ms  146/486 (30%)  
[  8]  15.00-16.00  sec   435 KBytes  3.56 Mbits/sec  3.001 ms  104/422 (25%)  
[  8]  16.00-17.00  sec   463 KBytes  3.80 Mbits/sec  0.658 ms  108/447 (24%)  
[  8]  17.00-18.00  sec   514 KBytes  4.21 Mbits/sec  1.743 ms  92/468 (20%)  
[  8]  18.00-19.00  sec   425 KBytes  3.48 Mbits/sec  1.454 ms  135/446 (30%)  
[  8]  19.00-20.00  sec   525 KBytes  4.29 Mbits/sec  1.768 ms  56/440 (13%)  
[  8]  20.00-21.00  sec   484 KBytes  3.98 Mbits/sec  1.459 ms  92/446 (21%)  
[  8]  21.00-22.00  sec   566 KBytes  4.64 Mbits/sec  2.315 ms  27/441 (6.1%)  
[  8]  22.00-23.00  sec   561 KBytes  4.59 Mbits/sec  0.493 ms  37/447 (8.3%)  
[  8]  23.00-24.00  sec   541 KBytes  4.43 Mbits/sec  0.601 ms  54/450 (12%)  
[  8]  24.00-25.00  sec   506 KBytes  4.14 Mbits/sec  3.934 ms  53/423 (13%)  
[  8]  25.00-26.00  sec   391 KBytes  3.20 Mbits/sec  1.285 ms  187/473 (40%)  
[  8]  26.00-27.00  sec   526 KBytes  4.31 Mbits/sec  3.679 ms  55/440 (12%)  
[  8]  27.00-28.00  sec   533 KBytes  4.36 Mbits/sec  1.309 ms  64/454 (14%)  
[  8]  28.00-29.01  sec   592 KBytes  4.83 Mbits/sec  2.629 ms  26/459 (5.7%)  
[  8]  29.01-30.00  sec   498 KBytes  4.10 Mbits/sec  3.650 ms  56/420 (13%)  
[  8]  30.00-31.00  sec   547 KBytes  4.48 Mbits/sec  3.356 ms  53/453 (12%)  
[  8]  31.00-32.00  sec   561 KBytes  4.58 Mbits/sec  2.444 ms  44/454 (9.7%)  
[  8]  32.00-33.00  sec   502 KBytes  4.13 Mbits/sec  2.519 ms  77/444 (17%)  
[  8]  33.00-34.00  sec   510 KBytes  4.18 Mbits/sec  1.019 ms  68/441 (15%)  
[  8]  34.00-35.00  sec   453 KBytes  3.71 Mbits/sec  3.975 ms  121/452 (27%)  
[  8]  35.00-36.00  sec   444 KBytes  3.62 Mbits/sec  1.776 ms  119/444 (27%)  
[  8]  36.00-37.00  sec   451 KBytes  3.71 Mbits/sec  1.746 ms  120/450 (27%)  
[  8]  37.00-38.00  sec   546 KBytes  4.47 Mbits/sec  3.108 ms  51/450 (11%)  
[  8]  38.00-39.00  sec   569 KBytes  4.66 Mbits/sec  1.333 ms  29/445 (6.5%)  
[  8]  39.00-40.00  sec   587 KBytes  4.80 Mbits/sec  2.526 ms  24/453 (5.3%)  
[  8]  40.00-41.00  sec   529 KBytes  4.33 Mbits/sec  3.371 ms  44/431 (10%)  
[  8]  41.00-42.02  sec   513 KBytes  4.14 Mbits/sec  3.747 ms  80/455 (18%)  
[  8]  42.02-43.00  sec   524 KBytes  4.34 Mbits/sec  2.749 ms  60/443 (14%)  
[  8]  43.00-44.00  sec   427 KBytes  3.50 Mbits/sec  3.429 ms  132/444 (30%)  
[  8]  44.00-45.00  sec   453 KBytes  3.70 Mbits/sec  2.814 ms  107/438 (24%)  
[  8]  45.00-46.00  sec   383 KBytes  3.14 Mbits/sec  4.129 ms  171/451 (38%)  
[  8]  46.00-47.00  sec   455 KBytes  3.73 Mbits/sec  4.160 ms  127/460 (28%)  
[  8]  47.00-48.00  sec   556 KBytes  4.55 Mbits/sec  3.633 ms  40/447 (8.9%)  
[  8]  48.00-49.00  sec   541 KBytes  4.44 Mbits/sec  1.962 ms  47/443 (11%)  
[  8]  49.00-50.00  sec   525 KBytes  4.30 Mbits/sec  4.068 ms  61/445 (14%)  
[  8]  50.00-51.00  sec   535 KBytes  4.38 Mbits/sec  1.723 ms  59/450 (13%)  
[  8]  51.00-52.00  sec   581 KBytes  4.76 Mbits/sec  3.034 ms  23/448 (5.1%)  
[  8]  52.00-53.00  sec   517 KBytes  4.22 Mbits/sec  3.286 ms  68/446 (15%)  
[  8]  53.00-54.00  sec   500 KBytes  4.10 Mbits/sec  2.163 ms  84/450 (19%)  
[  8]  54.00-55.00  sec   517 KBytes  4.24 Mbits/sec  2.709 ms  57/435 (13%)  
[  8]  55.00-56.00  sec   581 KBytes  4.76 Mbits/sec  1.287 ms  28/453 (6.2%)  
[  8]  56.00-57.00  sec   551 KBytes  4.51 Mbits/sec  1.645 ms  48/451 (11%)  
[  8]  57.00-58.00  sec   555 KBytes  4.55 Mbits/sec  2.594 ms  24/430 (5.6%)  
[  8]  58.00-59.00  sec   569 KBytes  4.66 Mbits/sec  2.345 ms  44/460 (9.6%)  
[  8]  59.00-60.00  sec   530 KBytes  4.33 Mbits/sec  2.659 ms  54/442 (12%)  
[  8]  60.00-61.00  sec   517 KBytes  4.24 Mbits/sec  1.589 ms  71/449 (16%)  
[  8]  61.00-62.00  sec   521 KBytes  4.27 Mbits/sec  4.650 ms  57/438 (13%)  
[  8]  62.00-63.00  sec   469 KBytes  3.84 Mbits/sec  3.940 ms  86/429 (20%)  
[  8]  63.00-64.01  sec   286 KBytes  2.32 Mbits/sec  3.072 ms  254/463 (55%)  
[  8]  64.01-65.00  sec   432 KBytes  3.57 Mbits/sec  1.834 ms  144/460 (31%)  
[  8]  65.00-66.00  sec   507 KBytes  4.17 Mbits/sec  2.794 ms  74/445 (17%)  
[  8]  66.00-67.00  sec   463 KBytes  3.80 Mbits/sec  4.018 ms  39/378 (10%)  
[  8]  67.00-68.00  sec   584 KBytes  4.78 Mbits/sec  1.104 ms  90/517 (17%)  
[  8]  68.00-69.00  sec   550 KBytes  4.50 Mbits/sec  4.448 ms  38/440 (8.6%)  
[  8]  69.00-70.00  sec   513 KBytes  4.20 Mbits/sec  1.743 ms  74/449 (16%)  
[  8]  70.00-71.00  sec   525 KBytes  4.30 Mbits/sec  1.874 ms  63/447 (14%)  
[  8]  71.00-72.00  sec   544 KBytes  4.46 Mbits/sec  2.211 ms  53/451 (12%)  
[  8]  72.00-73.00  sec   555 KBytes  4.55 Mbits/sec  1.799 ms  31/437 (7.1%)  
[  8]  73.00-74.00  sec   563 KBytes  4.61 Mbits/sec  2.084 ms  42/454 (9.3%)  
[  8]  74.00-75.00  sec   521 KBytes  4.26 Mbits/sec  3.556 ms  54/435 (12%)  
[  8]  75.00-76.00  sec   513 KBytes  4.20 Mbits/sec  2.785 ms  56/431 (13%)  
[  8]  76.00-77.00  sec   410 KBytes  3.37 Mbits/sec  5.299 ms  72/372 (19%)  
[  8]  77.00-78.00  sec   546 KBytes  4.46 Mbits/sec  1.779 ms  96/495 (19%)  
[  8]  78.00-79.01  sec   353 KBytes  2.87 Mbits/sec  6.083 ms  174/432 (40%)  
[  8]  79.01-80.00  sec   587 KBytes  4.85 Mbits/sec  2.238 ms  86/515 (17%)  
[  8]  80.00-81.00  sec   606 KBytes  4.96 Mbits/sec  1.358 ms  6/449 (1.3%)  
[  8]  81.00-82.00  sec   596 KBytes  4.88 Mbits/sec  0.745 ms  8/444 (1.8%)  
[  8]  82.00-83.00  sec   602 KBytes  4.93 Mbits/sec  2.489 ms  3/443 (0.68%)  
[  8]  83.00-84.00  sec   540 KBytes  4.42 Mbits/sec  1.740 ms  46/441 (10%)  
[  8]  84.00-85.00  sec   606 KBytes  4.96 Mbits/sec  1.428 ms  9/452 (2%)  
[  8]  85.00-86.01  sec   602 KBytes  4.88 Mbits/sec  2.196 ms  8/448 (1.8%)  
[  8]  86.01-87.06  sec   636 KBytes  4.98 Mbits/sec  2.796 ms  10/475 (2.1%)  
[  8]  87.06-88.00  sec   529 KBytes  4.59 Mbits/sec  3.109 ms  13/400 (3.2%)  
[  8]  88.00-89.00  sec   604 KBytes  4.95 Mbits/sec  1.810 ms  21/463 (4.5%)  
[  8]  89.00-90.00  sec   343 KBytes  2.81 Mbits/sec  4.749 ms  23/274 (8.4%)  
[  8]  90.00-91.01  sec   250 KBytes  2.03 Mbits/sec  6.325 ms  97/280 (35%)  
[  8]  91.01-92.01  sec   335 KBytes  2.75 Mbits/sec  6.376 ms  79/324 (24%)  
[  8]  92.01-93.00  sec   353 KBytes  2.90 Mbits/sec  9.235 ms  433/691 (63%)  
[  8]  93.00-94.00  sec   394 KBytes  3.22 Mbits/sec  4.472 ms  341/629 (54%)  
[  8]  94.00-95.00  sec   346 KBytes  2.84 Mbits/sec  5.482 ms  190/443 (43%)  
[  8]  95.00-96.00  sec   360 KBytes  2.95 Mbits/sec  5.834 ms  165/428 (39%)  
[  8]  96.00-97.00  sec   377 KBytes  3.09 Mbits/sec  4.603 ms  131/407 (32%)  
[  8]  97.00-98.02  sec   576 KBytes  4.62 Mbits/sec  2.158 ms  98/519 (19%)  
[  8]  98.02-99.00  sec   491 KBytes  4.09 Mbits/sec  1.453 ms  44/403 (11%)  
[  8]  99.00-100.00 sec   625 KBytes  5.12 Mbits/sec  0.643 ms  37/494 (7.5%)  
[  8] 100.00-101.01 sec   446 KBytes  3.64 Mbits/sec  5.133 ms  113/439 (26%)  
[  8] 101.01-102.00 sec   286 KBytes  2.35 Mbits/sec  2.256 ms  142/351 (40%)  
[  8] 102.00-103.01 sec   362 KBytes  2.95 Mbits/sec  5.163 ms  88/353 (25%)  
[  8] 103.01-104.00 sec   319 KBytes  2.62 Mbits/sec  4.119 ms  343/576 (60%)  
[  8] 104.00-105.00 sec   422 KBytes  3.46 Mbits/sec  1.186 ms  219/528 (41%)  
[  8] 105.00-106.00 sec   487 KBytes  3.99 Mbits/sec  3.998 ms  59/415 (14%)  
[  8] 106.00-107.00 sec   346 KBytes  2.84 Mbits/sec  2.833 ms  153/406 (38%)  
[  8] 107.00-108.00 sec   443 KBytes  3.62 Mbits/sec  3.666 ms  171/495 (35%)  
[  8] 108.00-109.00 sec   176 KBytes  1.45 Mbits/sec  8.106 ms  23/152 (15%)  
[  8] 109.00-110.00 sec   673 KBytes  5.51 Mbits/sec  2.035 ms  281/773 (36%)  
[  8] 110.00-111.00 sec   510 KBytes  4.18 Mbits/sec  2.299 ms  66/439 (15%)  
[  8] 111.00-112.00 sec   619 KBytes  5.07 Mbits/sec  1.204 ms  0/453 (0%)  
[  8] 112.00-113.00 sec   597 KBytes  4.89 Mbits/sec  2.001 ms  7/444 (1.6%)  
[  8] 113.00-114.00 sec   611 KBytes  5.01 Mbits/sec  1.545 ms  2/449 (0.45%)  
[  8] 114.00-115.00 sec   510 KBytes  4.18 Mbits/sec  5.765 ms  18/392 (4.6%)  
[  8] 115.00-116.00 sec   120 KBytes   985 Kbits/sec  10.016 ms  1/89 (1.1%)  
[  8] 116.00-117.00 sec   129 KBytes  1.05 Mbits/sec  13.102 ms  256/350 (73%)  
[  8] 117.00-118.00 sec  87.5 KBytes   717 Kbits/sec  11.089 ms  439/503 (87%)  
[  8] 118.00-119.00 sec  94.3 KBytes   772 Kbits/sec  9.793 ms  497/566 (88%)  
[  8] 119.00-120.00 sec   247 KBytes  2.03 Mbits/sec  3.985 ms  340/521 (65%)  
[  8] 120.00-121.00 sec   215 KBytes  1.75 Mbits/sec  5.505 ms  244/401 (61%)  
[  8] 121.00-122.00 sec   171 KBytes  1.40 Mbits/sec  5.404 ms  284/409 (69%)  
[  8] 122.00-123.00 sec   442 KBytes  3.62 Mbits/sec  4.050 ms  458/781 (59%)  
[  8] 123.00-124.00 sec   495 KBytes  4.05 Mbits/sec  4.194 ms  66/428 (15%)  
[  8] 124.00-125.00 sec   520 KBytes  4.26 Mbits/sec  3.193 ms  77/457 (17%)  
[  8] 125.00-126.00 sec   503 KBytes  4.12 Mbits/sec  5.227 ms  61/429 (14%)  
[  8] 126.00-127.00 sec   453 KBytes  3.71 Mbits/sec  2.711 ms  128/459 (28%)  
[  8] 127.00-128.00 sec   463 KBytes  3.80 Mbits/sec  2.715 ms  119/458 (26%)  
[  8] 128.00-129.00 sec   520 KBytes  4.26 Mbits/sec  3.452 ms  70/450 (16%)  
[  8] 129.00-130.00 sec   540 KBytes  4.42 Mbits/sec  2.746 ms  49/444 (11%)  
[  8] 130.00-131.00 sec   513 KBytes  4.20 Mbits/sec  2.119 ms  63/438 (14%)  
[  8] 131.00-132.00 sec   528 KBytes  4.32 Mbits/sec  3.130 ms  67/453 (15%)  
[  8] 132.00-133.00 sec   458 KBytes  3.75 Mbits/sec  5.718 ms  90/425 (21%)  
[  8] 133.00-134.00 sec   470 KBytes  3.85 Mbits/sec  1.372 ms  123/467 (26%)  
[  8] 134.00-135.00 sec   372 KBytes  3.05 Mbits/sec  4.705 ms  157/429 (37%)  
[  8] 135.00-136.00 sec   432 KBytes  3.54 Mbits/sec  4.168 ms  125/441 (28%)  
[  8] 136.00-137.00 sec   269 KBytes  2.21 Mbits/sec  2.785 ms  146/343 (43%)  
[  8] 137.00-138.00 sec   268 KBytes  2.19 Mbits/sec  5.316 ms  40/236 (17%)  
[  8] 138.00-139.00 sec   209 KBytes  1.72 Mbits/sec  9.169 ms  495/648 (76%)  
[  8] 139.00-140.00 sec   138 KBytes  1.13 Mbits/sec  8.533 ms  111/212 (52%)  
[  8] 140.00-141.00 sec   141 KBytes  1.15 Mbits/sec  16.302 ms  393/496 (79%)  
[  8] 141.00-142.00 sec   227 KBytes  1.86 Mbits/sec  5.872 ms  307/473 (65%)  
[  8] 142.00-143.00 sec   165 KBytes  1.36 Mbits/sec  7.404 ms  256/377 (68%)  
[  8] 143.00-144.00 sec   278 KBytes  2.27 Mbits/sec  2.940 ms  591/794 (74%)  
[  8] 144.00-145.00 sec   320 KBytes  2.62 Mbits/sec  5.128 ms  211/445 (47%)  
[  8] 145.00-146.00 sec   339 KBytes  2.77 Mbits/sec  1.895 ms  192/440 (44%)  
[  8] 146.00-147.00 sec   357 KBytes  2.93 Mbits/sec  3.657 ms  153/414 (37%)  
[  8] 147.00-148.01 sec   250 KBytes  2.03 Mbits/sec  9.490 ms  19/202 (9.4%)  
[  8] 148.01-149.00 sec   159 KBytes  1.31 Mbits/sec  4.907 ms  38/154 (25%)  
[  8] 149.00-150.00 sec   133 KBytes  1.08 Mbits/sec  14.737 ms  388/485 (80%)  
[  8] 150.00-151.00 sec   123 KBytes  1.01 Mbits/sec  8.891 ms  591/681 (87%)  
[  8] 151.00-152.00 sec   235 KBytes  1.92 Mbits/sec  4.657 ms  577/749 (77%)  
[  8] 152.00-153.00 sec   535 KBytes  4.39 Mbits/sec  0.886 ms  66/457 (14%)  
[  8] 153.00-154.00 sec   487 KBytes  3.98 Mbits/sec  4.053 ms  81/437 (19%)  
[  8] 154.00-155.00 sec   379 KBytes  3.11 Mbits/sec  5.409 ms  62/339 (18%)  
[  8] 155.00-156.00 sec   323 KBytes  2.64 Mbits/sec  5.343 ms  138/374 (37%)  
[  8] 156.00-157.00 sec   334 KBytes  2.73 Mbits/sec  4.800 ms  117/361 (32%)  
[  8] 157.00-158.02 sec   502 KBytes  4.04 Mbits/sec  3.213 ms  359/726 (49%)  
[  8] 158.02-159.00 sec   391 KBytes  3.25 Mbits/sec  2.926 ms  115/401 (29%)  
[  8] 159.00-160.00 sec   427 KBytes  3.49 Mbits/sec  1.437 ms  138/450 (31%)  
[  8] 160.00-161.00 sec   403 KBytes  3.31 Mbits/sec  4.118 ms  153/448 (34%)  
[  8] 161.00-162.00 sec   422 KBytes  3.46 Mbits/sec  1.391 ms  159/468 (34%)  
[  8] 162.00-163.00 sec   258 KBytes  2.12 Mbits/sec  5.651 ms  246/435 (57%)  
[  8] 163.00-164.00 sec   383 KBytes  3.14 Mbits/sec  5.428 ms  174/454 (38%)  
[  8] 164.00-165.00 sec   371 KBytes  3.04 Mbits/sec  3.660 ms  170/441 (39%)  
[  8] 165.00-166.00 sec   529 KBytes  4.33 Mbits/sec  1.177 ms  99/486 (20%)  
[  8] 166.00-167.00 sec   558 KBytes  4.57 Mbits/sec  2.332 ms  34/442 (7.7%)  
[  8] 167.00-168.00 sec   580 KBytes  4.75 Mbits/sec  2.763 ms  23/447 (5.1%)  
[  8] 168.00-169.00 sec   587 KBytes  4.80 Mbits/sec  1.823 ms  21/450 (4.7%)  
[  8] 169.00-170.00 sec   570 KBytes  4.67 Mbits/sec  2.001 ms  29/446 (6.5%)  
[  8] 170.00-171.00 sec   569 KBytes  4.66 Mbits/sec  3.627 ms  18/434 (4.1%)  
[  8] 171.00-172.00 sec   451 KBytes  3.70 Mbits/sec  4.629 ms  119/449 (27%)  
[  8] 172.00-173.00 sec   539 KBytes  4.41 Mbits/sec  2.555 ms  59/453 (13%)  
[  8] 173.00-174.00 sec   540 KBytes  4.41 Mbits/sec  2.273 ms  42/437 (9.6%)  
[  8] 174.00-175.00 sec   425 KBytes  3.50 Mbits/sec  2.441 ms  62/373 (17%)  
[  8] 175.00-176.00 sec   336 KBytes  2.76 Mbits/sec  7.077 ms  142/388 (37%)  
[  8] 176.00-177.00 sec   566 KBytes  4.64 Mbits/sec  3.140 ms  123/537 (23%)  
[  8] 177.00-178.00 sec   520 KBytes  4.26 Mbits/sec  0.360 ms  39/419 (9.3%)  
[  8] 178.00-179.00 sec   436 KBytes  3.57 Mbits/sec  1.380 ms  131/450 (29%)  
[  8] 179.00-180.00 sec   621 KBytes  5.08 Mbits/sec  1.963 ms  53/507 (10%)  
[  8] 180.00-181.00 sec   506 KBytes  4.14 Mbits/sec  4.257 ms  85/455 (19%)  
[  8] 181.00-182.00 sec   556 KBytes  4.56 Mbits/sec  1.983 ms  40/447 (8.9%)  
[  8] 182.00-183.00 sec   488 KBytes  4.00 Mbits/sec  3.955 ms  85/442 (19%)  
[  8] 183.00-184.00 sec   453 KBytes  3.70 Mbits/sec  3.312 ms  112/443 (25%)  
[  8] 184.00-185.00 sec   547 KBytes  4.49 Mbits/sec  1.946 ms  56/456 (12%)  
[  8] 185.00-186.00 sec   457 KBytes  3.74 Mbits/sec  2.846 ms  101/435 (23%)  
[  8] 186.00-187.00 sec   323 KBytes  2.64 Mbits/sec  3.088 ms  168/404 (42%)  
[  8] 187.00-188.00 sec   522 KBytes  4.28 Mbits/sec  2.613 ms  124/506 (25%)  
[  8] 188.00-189.00 sec   548 KBytes  4.49 Mbits/sec  2.443 ms  42/443 (9.5%)  
[  8] 189.00-190.00 sec   520 KBytes  4.26 Mbits/sec  2.890 ms  67/447 (15%)  
[  8] 190.00-191.00 sec   540 KBytes  4.42 Mbits/sec  3.283 ms  46/441 (10%)  
[  8] 191.00-192.00 sec   563 KBytes  4.62 Mbits/sec  2.851 ms  42/454 (9.3%)  
[  8] 192.00-193.00 sec   338 KBytes  2.76 Mbits/sec  4.138 ms  192/439 (44%)  
[  8] 193.00-194.00 sec   550 KBytes  4.50 Mbits/sec  1.059 ms  44/446 (9.9%)  
[  8] 194.00-195.00 sec   513 KBytes  4.20 Mbits/sec  0.899 ms  67/442 (15%)  
[  8] 195.00-196.00 sec   412 KBytes  3.37 Mbits/sec  3.697 ms  149/450 (33%)  
[  8] 196.00-197.00 sec   469 KBytes  3.84 Mbits/sec  3.504 ms  106/449 (24%)  
[  8] 197.00-198.00 sec   521 KBytes  4.27 Mbits/sec  2.988 ms  70/451 (16%)  
[  8] 198.00-199.00 sec   573 KBytes  4.69 Mbits/sec  2.568 ms  22/441 (5%)  
[  8] 199.00-200.00 sec   186 KBytes  1.52 Mbits/sec  5.331 ms  24/160 (15%)  
[  8] 200.00-201.00 sec   351 KBytes  2.88 Mbits/sec  1.363 ms  482/739 (65%)  
[  8] 201.00-202.00 sec   448 KBytes  3.67 Mbits/sec  2.526 ms  38/366 (10%)  
[  8] 202.00-203.00 sec   533 KBytes  4.37 Mbits/sec  0.507 ms  117/507 (23%)  
[  8] 203.00-204.00 sec   623 KBytes  5.11 Mbits/sec  0.252 ms  4/460 (0.87%)  
[  8] 204.00-205.00 sec   351 KBytes  2.88 Mbits/sec  5.298 ms  128/385 (33%)  
[  8] 205.00-206.00 sec   230 KBytes  1.88 Mbits/sec  9.446 ms  162/330 (49%)  
[  8] 206.00-207.00 sec   587 KBytes  4.81 Mbits/sec  1.463 ms  198/627 (32%)  
[  8] 207.00-208.00 sec   544 KBytes  4.46 Mbits/sec  4.529 ms  4/402 (1%)  
[  8] 208.00-209.00 sec   258 KBytes  2.12 Mbits/sec  6.354 ms  42/231 (18%)  
[  8] 209.00-210.00 sec   180 KBytes  1.48 Mbits/sec  7.879 ms  28/160 (18%)  
[  8] 210.00-211.00 sec   165 KBytes  1.36 Mbits/sec  8.159 ms  435/556 (78%)  
[  8] 211.00-212.00 sec   116 KBytes   951 Kbits/sec  6.873 ms  84/169 (50%)  
[  8] 212.00-213.00 sec   243 KBytes  2.00 Mbits/sec  9.040 ms  421/599 (70%)  
[  8] 213.00-214.00 sec   208 KBytes  1.70 Mbits/sec  4.907 ms  289/441 (66%)  
[  8] 214.00-215.00 sec   131 KBytes  1.08 Mbits/sec  12.905 ms  113/209 (54%)  
[  8] 215.00-216.00 sec   112 KBytes   919 Kbits/sec  9.044 ms  143/225 (64%)  
[  8] 216.00-217.00 sec   170 KBytes  1.38 Mbits/sec  26.518 ms  899/1023 (88%)  
[  8] 217.00-218.00 sec   104 KBytes   852 Kbits/sec  19.052 ms  82/158 (52%)  
[  8] 218.00-219.00 sec   145 KBytes  1.19 Mbits/sec  7.995 ms  361/467 (77%)  
[  8] 219.00-220.00 sec   129 KBytes  1.05 Mbits/sec  8.666 ms  388/482 (80%)  
[  8] 220.00-221.00 sec   131 KBytes  1.08 Mbits/sec  11.908 ms  318/414 (77%)  
[  8] 221.00-222.00 sec  61.5 KBytes   503 Kbits/sec  22.093 ms  311/356 (87%)  
[  8] 222.00-223.00 sec   280 KBytes  2.30 Mbits/sec  8.570 ms  980/1185 (83%)  
[  8] 223.00-224.00 sec   550 KBytes  4.50 Mbits/sec  1.138 ms  108/510 (21%)  
[  8] 224.00-225.00 sec   574 KBytes  4.70 Mbits/sec  2.223 ms  28/448 (6.2%)  
[  8] 225.00-226.00 sec   525 KBytes  4.30 Mbits/sec  2.082 ms  60/444 (14%)  
[  8] 226.00-227.00 sec   537 KBytes  4.40 Mbits/sec  2.562 ms  58/451 (13%)  
[  8] 227.00-228.00 sec   525 KBytes  4.29 Mbits/sec  4.635 ms  41/425 (9.6%)  
[  8] 228.00-229.00 sec   422 KBytes  3.46 Mbits/sec  5.411 ms  83/392 (21%)  
[  8] 229.00-230.00 sec   310 KBytes  2.55 Mbits/sec  2.908 ms  133/360 (37%)  
[  8] 230.00-231.00 sec   381 KBytes  3.12 Mbits/sec  5.013 ms  97/376 (26%)  
[  8] 231.00-232.00 sec   329 KBytes  2.70 Mbits/sec  4.307 ms  40/281 (14%)  
[  8] 232.00-233.00 sec   323 KBytes  2.64 Mbits/sec  6.817 ms  128/364 (35%)  
[  8] 233.00-234.00 sec   371 KBytes  3.04 Mbits/sec  7.458 ms  326/597 (55%)  
[  8] 234.00-235.00 sec   487 KBytes  3.99 Mbits/sec  3.384 ms  193/549 (35%)  
[  8] 235.00-236.00 sec   455 KBytes  3.73 Mbits/sec  5.681 ms  57/390 (15%)  
[  8] 236.00-237.00 sec   422 KBytes  3.46 Mbits/sec  4.272 ms  394/703 (56%)  
[  8] 237.00-238.00 sec   541 KBytes  4.42 Mbits/sec  0.632 ms  74/470 (16%)  
[  8] 238.00-239.00 sec   384 KBytes  3.16 Mbits/sec  1.270 ms  157/438 (36%)  
[  8] 239.00-240.00 sec   539 KBytes  4.41 Mbits/sec  0.515 ms  47/441 (11%)  
[  8] 240.00-241.00 sec   472 KBytes  3.85 Mbits/sec  1.802 ms  63/408 (15%)  
[  8] 241.00-242.00 sec   279 KBytes  2.29 Mbits/sec  2.926 ms  287/491 (58%)  
[  8] 242.00-243.00 sec   474 KBytes  3.88 Mbits/sec  4.381 ms  84/431 (19%)  
[  8] 243.00-244.00 sec   146 KBytes  1.20 Mbits/sec  8.490 ms  77/184 (42%)  
[  8] 244.00-245.01 sec   205 KBytes  1.66 Mbits/sec  7.603 ms  199/349 (57%)  
[  8] 245.01-246.00 sec   154 KBytes  1.28 Mbits/sec  6.830 ms  358/471 (76%)  
[  8] 246.00-247.00 sec   245 KBytes  2.00 Mbits/sec  5.300 ms  310/489 (63%)  
[  8] 247.00-248.00 sec   510 KBytes  4.18 Mbits/sec  3.342 ms  380/753 (50%)  
[  8] 248.00-249.00 sec   537 KBytes  4.40 Mbits/sec  0.803 ms  59/452 (13%)  
[  8] 249.00-250.00 sec   546 KBytes  4.47 Mbits/sec  0.354 ms  42/441 (9.5%)  
[  8] 250.00-251.05 sec   603 KBytes  4.71 Mbits/sec  1.749 ms  19/460 (4.1%)  
[  8] 251.05-252.00 sec   176 KBytes  1.52 Mbits/sec  3.033 ms  8/137 (5.8%)  
[  8] 252.00-253.00 sec   194 KBytes  1.59 Mbits/sec  6.935 ms  210/352 (60%)  
[  8] 253.00-254.00 sec   142 KBytes  1.16 Mbits/sec  21.889 ms  315/419 (75%)  
[  8] 254.00-255.00 sec   167 KBytes  1.37 Mbits/sec  9.460 ms  314/436 (72%)  
[  8] 255.00-256.00 sec   254 KBytes  2.08 Mbits/sec  5.891 ms  392/578 (68%)  
[  8] 256.00-257.00 sec   350 KBytes  2.87 Mbits/sec  3.340 ms  495/751 (66%)  
[  8] 257.00-258.00 sec   546 KBytes  4.48 Mbits/sec  2.516 ms  50/449 (11%)  
[  8] 258.00-259.00 sec   574 KBytes  4.70 Mbits/sec  2.202 ms  31/451 (6.9%)  
[  8] 259.00-260.00 sec   548 KBytes  4.49 Mbits/sec  2.703 ms  31/432 (7.2%)  
[  8] 260.00-261.00 sec   472 KBytes  3.86 Mbits/sec  3.643 ms  25/370 (6.8%)  
[  8] 261.00-262.00 sec   476 KBytes  3.90 Mbits/sec  3.671 ms  60/408 (15%)  
[  8] 262.00-263.00 sec   353 KBytes  2.89 Mbits/sec  4.128 ms  135/393 (34%)  
[  8] 263.00-264.00 sec   231 KBytes  1.89 Mbits/sec  4.129 ms  226/395 (57%)  
[  8] 264.00-265.00 sec   506 KBytes  4.14 Mbits/sec  1.807 ms  310/680 (46%)  
[  8] 265.00-266.00 sec   592 KBytes  4.85 Mbits/sec  1.995 ms  14/447 (3.1%)  
[  8] 266.00-267.00 sec   599 KBytes  4.90 Mbits/sec  2.717 ms  7/445 (1.6%)  
[  8] 267.00-268.00 sec   570 KBytes  4.67 Mbits/sec  1.900 ms  30/447 (6.7%)  
[  8] 268.00-269.00 sec   585 KBytes  4.79 Mbits/sec  1.191 ms  21/449 (4.7%)  
[  8] 269.00-270.00 sec   597 KBytes  4.89 Mbits/sec  2.106 ms  3/440 (0.68%)  
[  8] 270.00-271.00 sec   607 KBytes  4.97 Mbits/sec  2.340 ms  8/452 (1.8%)  
[  8] 271.00-272.00 sec   589 KBytes  4.83 Mbits/sec  2.454 ms  15/446 (3.4%)  
[  8] 272.00-273.00 sec   600 KBytes  4.92 Mbits/sec  2.189 ms  7/446 (1.6%)  
[  8] 273.00-274.00 sec   574 KBytes  4.70 Mbits/sec  3.060 ms  21/441 (4.8%)  
[  8] 274.00-275.00 sec   535 KBytes  4.37 Mbits/sec  0.658 ms  27/418 (6.5%)  
[  8] 275.00-276.00 sec   520 KBytes  4.24 Mbits/sec  1.207 ms  51/431 (12%)  
[  8] 276.00-277.00 sec   335 KBytes  2.75 Mbits/sec  2.782 ms  167/412 (41%)  
[  8] 277.00-278.01 sec   424 KBytes  3.46 Mbits/sec  3.455 ms  145/455 (32%)  
[  8] 278.01-279.00 sec   405 KBytes  3.33 Mbits/sec  4.572 ms  13/309 (4.2%)  
[  8] 279.00-280.00 sec   420 KBytes  3.44 Mbits/sec  4.402 ms  74/381 (19%)  
[  8] 280.00-281.00 sec   409 KBytes  3.35 Mbits/sec  1.591 ms  183/482 (38%)  
[  8] 281.00-282.00 sec   369 KBytes  3.02 Mbits/sec  4.319 ms  190/460 (41%)  
[  8] 282.00-283.00 sec   295 KBytes  2.42 Mbits/sec  5.349 ms  172/388 (44%)  
[  8] 283.00-284.00 sec   360 KBytes  2.95 Mbits/sec  1.569 ms  171/434 (39%)  
[  8] 284.00-285.00 sec   302 KBytes  2.48 Mbits/sec  3.511 ms  232/453 (51%)  
[  8] 285.00-286.00 sec   295 KBytes  2.42 Mbits/sec  2.751 ms  204/420 (49%)  
[  8] 286.00-287.00 sec   325 KBytes  2.67 Mbits/sec  6.766 ms  184/422 (44%)  
[  8] 287.00-288.00 sec   288 KBytes  2.36 Mbits/sec  2.981 ms  245/456 (54%)  
[  8] 288.00-289.00 sec   350 KBytes  2.87 Mbits/sec  5.324 ms  219/475 (46%)  
[  8] 289.00-290.00 sec   394 KBytes  3.23 Mbits/sec  3.585 ms  419/707 (59%)  
[  8] 290.00-291.00 sec   461 KBytes  3.77 Mbits/sec  3.119 ms  123/460 (27%)  
[  8] 291.00-292.00 sec   488 KBytes  4.00 Mbits/sec  3.709 ms  102/459 (22%)  
[  8] 292.00-293.00 sec   417 KBytes  3.42 Mbits/sec  1.092 ms  117/422 (28%)  
[  8] 293.00-294.00 sec   414 KBytes  3.39 Mbits/sec  2.726 ms  150/453 (33%)  
[  8] 294.00-295.00 sec   600 KBytes  4.92 Mbits/sec  2.778 ms  30/469 (6.4%)  
[  8] 295.00-296.00 sec   539 KBytes  4.40 Mbits/sec  0.851 ms  58/452 (13%)  
[  8] 296.00-297.00 sec   591 KBytes  4.85 Mbits/sec  0.707 ms  5/437 (1.1%)  
[  8] 297.00-298.00 sec   520 KBytes  4.26 Mbits/sec  1.372 ms  74/454 (16%)  
[  8] 298.00-299.00 sec   578 KBytes  4.74 Mbits/sec  2.248 ms  35/458 (7.6%)  
[  8] 299.00-300.00 sec   584 KBytes  4.78 Mbits/sec  1.261 ms  17/444 (3.8%)  
[  8] 300.00-301.00 sec   582 KBytes  4.77 Mbits/sec  2.225 ms  18/444 (4.1%)  
[  8] 301.00-302.00 sec   546 KBytes  4.46 Mbits/sec  0.556 ms  47/446 (11%)  
[  8] 302.00-303.00 sec   535 KBytes  4.39 Mbits/sec  0.632 ms  57/448 (13%)  
[  8] 303.00-304.00 sec   480 KBytes  3.92 Mbits/sec  3.028 ms  49/400 (12%)  
[  8] 304.00-305.00 sec   308 KBytes  2.53 Mbits/sec  2.991 ms  196/421 (47%)  
[  8] 305.00-306.00 sec   479 KBytes  3.92 Mbits/sec  4.395 ms  131/481 (27%)  
[  8] 306.00-307.00 sec   494 KBytes  4.03 Mbits/sec  1.582 ms  122/483 (25%)  
[  8] 307.00-308.00 sec   498 KBytes  4.09 Mbits/sec  2.234 ms  85/449 (19%)  
[  8] 308.00-309.00 sec   591 KBytes  4.84 Mbits/sec  1.443 ms  15/447 (3.4%)  
[  8] 309.00-310.00 sec   600 KBytes  4.92 Mbits/sec  1.674 ms  10/449 (2.2%)  
[  8] 310.00-311.00 sec   576 KBytes  4.72 Mbits/sec  2.027 ms  21/442 (4.8%)  
[  8] 311.00-312.00 sec   570 KBytes  4.67 Mbits/sec  1.876 ms  33/450 (7.3%)  
[  8] 312.00-313.00 sec   588 KBytes  4.81 Mbits/sec  3.081 ms  9/439 (2.1%)  
[  8] 313.00-314.00 sec   548 KBytes  4.49 Mbits/sec  1.937 ms  50/451 (11%)  
[  8] 314.00-315.00 sec   576 KBytes  4.72 Mbits/sec  1.765 ms  29/450 (6.4%)  
[  8] 315.00-316.00 sec   573 KBytes  4.69 Mbits/sec  3.385 ms  19/438 (4.3%)  
[  8] 316.00-317.00 sec   602 KBytes  4.93 Mbits/sec  2.166 ms  14/454 (3.1%)  
[  8] 317.00-318.00 sec   566 KBytes  4.64 Mbits/sec  3.783 ms  13/427 (3%)  
[  8] 318.00-319.00 sec   571 KBytes  4.68 Mbits/sec  0.339 ms  41/459 (8.9%)  
[  8] 319.00-320.00 sec   525 KBytes  4.30 Mbits/sec  0.561 ms  38/422 (9%)  
[  8] 320.00-321.00 sec   561 KBytes  4.57 Mbits/sec  1.124 ms  58/468 (12%)  
[  8] 321.00-322.00 sec   517 KBytes  4.25 Mbits/sec  0.987 ms  60/438 (14%)  
[  8] 322.00-323.00 sec   473 KBytes  3.88 Mbits/sec  1.849 ms  66/412 (16%)  
[  8] 323.00-324.00 sec   323 KBytes  2.64 Mbits/sec  3.667 ms  100/336 (30%)  
[  8] 324.00-325.00 sec   381 KBytes  3.13 Mbits/sec  5.544 ms  102/381 (27%)  
[  8] 325.00-326.00 sec   159 KBytes  1.30 Mbits/sec  6.188 ms  288/404 (71%)  
[  8] 326.00-327.00 sec   477 KBytes  3.90 Mbits/sec  3.256 ms  169/518 (33%)  
[  8] 327.00-328.00 sec   398 KBytes  3.27 Mbits/sec  4.163 ms  123/414 (30%)  
[  8] 328.00-329.00 sec   427 KBytes  3.50 Mbits/sec  4.645 ms  123/435 (28%)  
[  8] 329.00-330.00 sec   476 KBytes  3.90 Mbits/sec  2.747 ms  148/496 (30%)  
[  8] 330.00-331.00 sec   409 KBytes  3.35 Mbits/sec  3.840 ms  68/367 (19%)  
[  8] 331.00-332.00 sec   342 KBytes  2.80 Mbits/sec  6.185 ms  98/348 (28%)  
[  8] 332.00-333.00 sec   345 KBytes  2.82 Mbits/sec  4.578 ms  155/407 (38%)  
[  8] 333.00-334.00 sec   368 KBytes  3.01 Mbits/sec  0.691 ms  549/818 (67%)  
[  8] 334.00-335.00 sec   453 KBytes  3.71 Mbits/sec  3.578 ms  149/480 (31%)  
[  8] 335.00-336.00 sec   521 KBytes  4.27 Mbits/sec  2.651 ms  68/449 (15%)  
[  8] 336.00-337.00 sec   540 KBytes  4.42 Mbits/sec  5.032 ms  47/442 (11%)  
[  8] 337.00-338.00 sec   596 KBytes  4.88 Mbits/sec  1.716 ms  13/449 (2.9%)  
[  8] 338.00-339.00 sec   604 KBytes  4.95 Mbits/sec  2.962 ms  11/453 (2.4%)  
[  8] 339.00-340.00 sec   580 KBytes  4.75 Mbits/sec  1.485 ms  20/444 (4.5%)  
[  8] 340.00-340.01 sec  8.20 KBytes  6.44 Mbits/sec  1.758 ms  0/6 (0%)  
- - - - - - - - - - - - - - - - - - - - - - - - -
[ ID] Interval           Transfer     Bitrate         Jitter    Lost/Total Datagrams
[  8]   0.00-340.01 sec   147 MBytes  3.63 Mbits/sec  1.758 ms  41539/151785 (27%)  receiver
