-----------------------------------------------------------
Server listening on 5201 (test #1)
-----------------------------------------------------------
Accepted connection from 10.0.0.85, port 47220
[  8] local 10.0.0.117 port 5201 connected to 10.0.0.85 port 42321
[ ID] Interval           Transfer     Bitrate         Jitter    Lost/Total Datagrams
[  8]   0.00-1.00   sec   582 KBytes  4.77 Mbits/sec  0.254 ms  0/426 (0%)  
[  8]   1.00-2.00   sec   546 KBytes  4.47 Mbits/sec  0.219 ms  60/459 (13%)  
[  8]   2.00-3.00   sec   566 KBytes  4.64 Mbits/sec  0.474 ms  31/445 (7%)  
[  8]   3.00-4.00   sec   599 KBytes  4.91 Mbits/sec  0.511 ms  0/438 (0%)  
[  8]   4.00-5.00   sec   577 KBytes  4.73 Mbits/sec  0.266 ms  23/445 (5.2%)  
[  8]   5.00-6.00   sec   559 KBytes  4.58 Mbits/sec  0.178 ms  33/442 (7.5%)  
[  8]   6.00-7.00   sec   433 KBytes  3.55 Mbits/sec  0.648 ms  126/443 (28%)  
[  8]   7.00-8.00   sec   558 KBytes  4.58 Mbits/sec  0.630 ms  46/454 (10%)  
[  8]   8.00-9.00   sec   619 KBytes  5.07 Mbits/sec  0.329 ms  10/463 (2.2%)  
[  8]   9.00-10.00  sec   548 KBytes  4.49 Mbits/sec  0.292 ms  20/421 (4.8%)  
[  8]  10.00-11.00  sec   578 KBytes  4.74 Mbits/sec  1.255 ms  40/463 (8.6%)  
[  8]  11.00-12.00  sec   603 KBytes  4.94 Mbits/sec  0.819 ms  7/448 (1.6%)  
[  8]  12.00-13.00  sec   604 KBytes  4.95 Mbits/sec  2.287 ms  8/450 (1.8%)  
[  8]  13.00-14.00  sec   562 KBytes  4.60 Mbits/sec  1.008 ms  22/433 (5.1%)  
[  8]  14.00-15.00  sec   537 KBytes  4.40 Mbits/sec  1.601 ms  45/438 (10%)  
[  8]  15.00-16.00  sec   507 KBytes  4.15 Mbits/sec  1.798 ms  66/437 (15%)  
[  8]  16.00-17.00  sec   468 KBytes  3.84 Mbits/sec  2.280 ms  111/453 (25%)  
[  8]  17.00-18.00  sec   614 KBytes  5.03 Mbits/sec  2.958 ms  20/469 (4.3%)  
[  8]  18.00-19.00  sec   559 KBytes  4.58 Mbits/sec  1.947 ms  34/443 (7.7%)  
[  8]  19.00-20.00  sec   599 KBytes  4.89 Mbits/sec  1.609 ms  14/452 (3.1%)  
[  8]  20.00-21.00  sec   581 KBytes  4.78 Mbits/sec  0.819 ms  21/446 (4.7%)  
[  8]  21.00-22.00  sec   588 KBytes  4.82 Mbits/sec  0.653 ms  9/439 (2.1%)  
[  8]  22.00-23.00  sec   556 KBytes  4.56 Mbits/sec  1.007 ms  49/456 (11%)  
[  8]  23.00-24.00  sec   597 KBytes  4.89 Mbits/sec  0.837 ms  6/443 (1.4%)  
[  8]  24.00-25.00  sec   573 KBytes  4.69 Mbits/sec  0.326 ms  26/445 (5.8%)  
[  8]  25.00-26.00  sec   540 KBytes  4.42 Mbits/sec  1.140 ms  23/418 (5.5%)  
[  8]  26.00-27.00  sec   571 KBytes  4.68 Mbits/sec  0.191 ms  35/453 (7.7%)  
[  8]  27.00-28.00  sec   595 KBytes  4.87 Mbits/sec  0.614 ms  31/466 (6.7%)  
[  8]  28.00-29.00  sec   571 KBytes  4.68 Mbits/sec  0.190 ms  23/441 (5.2%)  
[  8]  29.00-30.00  sec   562 KBytes  4.60 Mbits/sec  0.938 ms  47/458 (10%)  
[  8]  30.00-31.00  sec   588 KBytes  4.82 Mbits/sec  1.999 ms  12/442 (2.7%)  
[  8]  31.00-32.00  sec   578 KBytes  4.74 Mbits/sec  1.578 ms  25/448 (5.6%)  
[  8]  32.00-33.00  sec   514 KBytes  4.21 Mbits/sec  0.524 ms  56/432 (13%)  
[  8]  33.00-34.00  sec   578 KBytes  4.74 Mbits/sec  0.727 ms  40/463 (8.6%)  
[  8]  34.00-35.00  sec   547 KBytes  4.48 Mbits/sec  0.879 ms  25/425 (5.9%)  
[  8]  35.00-36.00  sec   526 KBytes  4.31 Mbits/sec  1.231 ms  65/450 (14%)  
[  8]  36.00-37.00  sec   584 KBytes  4.78 Mbits/sec  0.259 ms  39/466 (8.4%)  
[  8]  37.00-38.00  sec   599 KBytes  4.91 Mbits/sec  1.843 ms  1/439 (0.23%)  
[  8]  38.00-39.00  sec   559 KBytes  4.58 Mbits/sec  2.541 ms  34/443 (7.7%)  
[  8]  39.00-40.00  sec   554 KBytes  4.54 Mbits/sec  2.594 ms  47/452 (10%)  
[  8]  40.00-41.00  sec   584 KBytes  4.78 Mbits/sec  1.496 ms  15/442 (3.4%)  
[  8]  41.00-42.00  sec   571 KBytes  4.68 Mbits/sec  1.254 ms  25/443 (5.6%)  
[  8]  42.00-43.00  sec   584 KBytes  4.78 Mbits/sec  2.281 ms  26/453 (5.7%)  
[  8]  43.00-44.00  sec   520 KBytes  4.26 Mbits/sec  2.687 ms  67/447 (15%)  
[  8]  44.00-45.00  sec   567 KBytes  4.65 Mbits/sec  1.516 ms  26/441 (5.9%)  
[  8]  45.00-46.00  sec   566 KBytes  4.64 Mbits/sec  2.528 ms  38/452 (8.4%)  
[  8]  46.00-47.01  sec   535 KBytes  4.34 Mbits/sec  0.942 ms  50/441 (11%)  
[  8]  47.01-48.00  sec   588 KBytes  4.86 Mbits/sec  0.990 ms  25/455 (5.5%)  
[  8]  48.00-49.00  sec   600 KBytes  4.92 Mbits/sec  0.969 ms  6/445 (1.3%)  
[  8]  49.00-50.00  sec   585 KBytes  4.79 Mbits/sec  2.070 ms  15/443 (3.4%)  
[  8]  50.00-51.00  sec   599 KBytes  4.91 Mbits/sec  1.796 ms  17/455 (3.7%)  
[  8]  51.00-52.00  sec   555 KBytes  4.55 Mbits/sec  0.331 ms  18/424 (4.2%)  
[  8]  52.00-53.00  sec   595 KBytes  4.87 Mbits/sec  1.888 ms  4/439 (0.91%)  
[  8]  53.00-54.00  sec   623 KBytes  5.11 Mbits/sec  0.731 ms  6/462 (1.3%)  
[  8]  54.00-55.00  sec   581 KBytes  4.75 Mbits/sec  1.124 ms  36/461 (7.8%)  
[  8]  55.00-56.00  sec   603 KBytes  4.95 Mbits/sec  2.461 ms  1/442 (0.23%)  
[  8]  56.00-57.00  sec   599 KBytes  4.91 Mbits/sec  2.126 ms  10/448 (2.2%)  
[  8]  57.00-58.00  sec   587 KBytes  4.81 Mbits/sec  3.339 ms  11/440 (2.5%)  
[  8]  58.00-59.00  sec   584 KBytes  4.78 Mbits/sec  2.388 ms  26/453 (5.7%)  
[  8]  59.00-60.00  sec   588 KBytes  4.81 Mbits/sec  2.832 ms  14/444 (3.2%)  
[  8]  60.00-61.00  sec   618 KBytes  5.07 Mbits/sec  1.599 ms  0/452 (0%)  
[  8]  61.00-62.00  sec   596 KBytes  4.88 Mbits/sec  2.478 ms  5/441 (1.1%)  
[  8]  62.00-63.00  sec   608 KBytes  4.98 Mbits/sec  1.887 ms  0/445 (0%)  
[  8]  63.00-64.00  sec   593 KBytes  4.86 Mbits/sec  3.503 ms  13/447 (2.9%)  
[  8]  64.00-65.00  sec   603 KBytes  4.94 Mbits/sec  0.654 ms  6/447 (1.3%)  
[  8]  65.00-66.00  sec   559 KBytes  4.58 Mbits/sec  1.723 ms  41/450 (9.1%)  
[  8]  66.00-67.00  sec   554 KBytes  4.54 Mbits/sec  2.036 ms  37/442 (8.4%)  
[  8]  67.00-68.00  sec   558 KBytes  4.57 Mbits/sec  3.171 ms  25/433 (5.8%)  
[  8]  68.00-69.00  sec   552 KBytes  4.53 Mbits/sec  3.088 ms  49/453 (11%)  
[  8]  69.00-70.00  sec   543 KBytes  4.45 Mbits/sec  1.586 ms  59/456 (13%)  
[  8]  70.00-71.00  sec   596 KBytes  4.88 Mbits/sec  1.041 ms  12/448 (2.7%)  
[  8]  71.00-72.01  sec   506 KBytes  4.10 Mbits/sec  2.745 ms  59/429 (14%)  
[  8]  72.01-73.04  sec   398 KBytes  3.17 Mbits/sec  4.820 ms  81/372 (22%)  
[  8]  73.04-74.00  sec   355 KBytes  3.02 Mbits/sec  4.114 ms  84/344 (24%)  
[  8]  74.00-75.00  sec   458 KBytes  3.76 Mbits/sec  4.126 ms  42/377 (11%)  
[  8]  75.00-76.00  sec   458 KBytes  3.75 Mbits/sec  4.180 ms  30/365 (8.2%)  
[  8]  76.00-77.00  sec   336 KBytes  2.76 Mbits/sec  4.061 ms  69/315 (22%)  
[  8]  77.00-78.00  sec   403 KBytes  3.30 Mbits/sec  5.695 ms  162/457 (35%)  
[  8]  78.00-79.00  sec   284 KBytes  2.33 Mbits/sec  6.178 ms  155/363 (43%)  
[  8]  79.00-80.00  sec   358 KBytes  2.93 Mbits/sec  7.084 ms  315/577 (55%)  
[  8]  80.00-81.00  sec   342 KBytes  2.80 Mbits/sec  4.615 ms  149/399 (37%)  
[  8]  81.00-82.00  sec   319 KBytes  2.61 Mbits/sec  6.153 ms  200/433 (46%)  
[  8]  82.00-83.01  sec   286 KBytes  2.33 Mbits/sec  6.676 ms  191/400 (48%)  
[  8]  83.01-84.00  sec   380 KBytes  3.13 Mbits/sec  5.157 ms  293/571 (51%)  
[  8]  84.00-85.00  sec   321 KBytes  2.63 Mbits/sec  7.649 ms  144/379 (38%)  
[  8]  85.00-86.00  sec   638 KBytes  5.23 Mbits/sec  1.690 ms  439/906 (48%)  
[  8]  86.00-87.01  sec   316 KBytes  2.57 Mbits/sec  3.319 ms  177/408 (43%)  
[  8]  87.01-88.00  sec   327 KBytes  2.69 Mbits/sec  3.035 ms  216/455 (47%)  
[  8]  88.00-89.00  sec   373 KBytes  3.06 Mbits/sec  4.016 ms  186/459 (41%)  
[  8]  89.00-90.00  sec   339 KBytes  2.78 Mbits/sec  5.662 ms  153/401 (38%)  
[  8]  90.00-91.00  sec   253 KBytes  2.07 Mbits/sec  6.338 ms  69/254 (27%)  
[  8]  91.00-92.00  sec   314 KBytes  2.57 Mbits/sec  3.751 ms  140/370 (38%)  
[  8]  92.00-93.00  sec   435 KBytes  3.57 Mbits/sec  5.545 ms  110/428 (26%)  
[  8]  93.00-94.00  sec   346 KBytes  2.83 Mbits/sec  5.344 ms  181/434 (42%)  
[  8]  94.00-95.00  sec   331 KBytes  2.71 Mbits/sec  4.961 ms  98/340 (29%)  
[  8]  95.00-96.00  sec   373 KBytes  3.06 Mbits/sec  5.721 ms  250/523 (48%)  
[  8]  96.00-97.00  sec   386 KBytes  3.16 Mbits/sec  4.482 ms  200/482 (41%)  
[  8]  97.00-98.00  sec   451 KBytes  3.69 Mbits/sec  3.760 ms  180/510 (35%)  
[  8]  98.00-99.00  sec   621 KBytes  5.09 Mbits/sec  1.951 ms  232/686 (34%)  
[  8]  99.00-100.00 sec   649 KBytes  5.32 Mbits/sec  0.567 ms  22/497 (4.4%)  
[  8] 100.00-101.00 sec   599 KBytes  4.91 Mbits/sec  1.675 ms  9/447 (2%)  
[  8] 101.00-102.00 sec   376 KBytes  3.08 Mbits/sec  6.129 ms  146/421 (35%)  
[  8] 102.00-103.00 sec   543 KBytes  4.44 Mbits/sec  4.992 ms  41/438 (9.4%)  
[  8] 103.00-104.00 sec   368 KBytes  3.01 Mbits/sec  5.741 ms  137/406 (34%)  
[  8] 104.00-105.00 sec   540 KBytes  4.43 Mbits/sec  2.555 ms  101/496 (20%)  
[  8] 105.00-106.00 sec   442 KBytes  3.62 Mbits/sec  3.127 ms  40/363 (11%)  
[  8] 106.00-107.00 sec   446 KBytes  3.65 Mbits/sec  3.412 ms  152/478 (32%)  
[  8] 107.00-108.00 sec   659 KBytes  5.40 Mbits/sec  1.695 ms  50/532 (9.4%)  
[  8] 108.00-109.00 sec   592 KBytes  4.85 Mbits/sec  1.791 ms  1/434 (0.23%)  
[  8] 109.00-110.00 sec   602 KBytes  4.93 Mbits/sec  0.753 ms  6/446 (1.3%)  
[  8] 110.00-111.00 sec   597 KBytes  4.89 Mbits/sec  1.785 ms  21/458 (4.6%)  
[  8] 111.00-112.00 sec   619 KBytes  5.07 Mbits/sec  0.428 ms  0/453 (0%)  
[  8] 112.00-113.00 sec   599 KBytes  4.91 Mbits/sec  0.413 ms  0/438 (0%)  
[  8] 113.00-114.00 sec   602 KBytes  4.93 Mbits/sec  0.199 ms  3/443 (0.68%)  
[  8] 114.00-115.00 sec   494 KBytes  4.04 Mbits/sec  5.393 ms  0/361 (0%)  
[  8] 115.00-116.00 sec   120 KBytes   984 Kbits/sec  6.975 ms  0/88 (0%)  
[  8] 116.00-117.00 sec   212 KBytes  1.74 Mbits/sec  4.221 ms  288/443 (65%)  
[  8] 117.00-118.00 sec   302 KBytes  2.48 Mbits/sec  6.713 ms  286/507 (56%)  
[  8] 118.00-119.00 sec   321 KBytes  2.63 Mbits/sec  5.194 ms  320/555 (58%)  
[  8] 119.00-120.00 sec   394 KBytes  3.23 Mbits/sec  3.574 ms  202/490 (41%)  
[  8] 120.00-121.00 sec   314 KBytes  2.58 Mbits/sec  7.547 ms  143/373 (38%)  
[  8] 121.00-122.00 sec   156 KBytes  1.28 Mbits/sec  4.341 ms  301/415 (73%)  
[  8] 122.00-123.00 sec   522 KBytes  4.28 Mbits/sec  1.222 ms  406/788 (52%)  
[  8] 123.00-124.00 sec   581 KBytes  4.75 Mbits/sec  1.292 ms  23/448 (5.1%)  
[  8] 124.00-125.00 sec   600 KBytes  4.93 Mbits/sec  1.000 ms  5/444 (1.1%)  
[  8] 125.00-126.00 sec   550 KBytes  4.50 Mbits/sec  0.906 ms  42/444 (9.5%)  
[  8] 126.00-127.00 sec   584 KBytes  4.78 Mbits/sec  1.552 ms  18/445 (4%)  
[  8] 127.00-128.00 sec   570 KBytes  4.67 Mbits/sec  1.100 ms  35/452 (7.7%)  
[  8] 128.00-129.00 sec   599 KBytes  4.89 Mbits/sec  1.182 ms  9/447 (2%)  
[  8] 129.00-130.00 sec   580 KBytes  4.75 Mbits/sec  1.367 ms  19/443 (4.3%)  
[  8] 130.00-131.00 sec   577 KBytes  4.74 Mbits/sec  0.436 ms  32/454 (7%)  
[  8] 131.00-132.00 sec   451 KBytes  3.70 Mbits/sec  3.296 ms  49/379 (13%)  
[  8] 132.00-133.00 sec   610 KBytes  4.98 Mbits/sec  3.342 ms  52/498 (10%)  
[  8] 133.00-134.00 sec   551 KBytes  4.52 Mbits/sec  2.339 ms  49/452 (11%)  
[  8] 134.00-135.00 sec   472 KBytes  3.86 Mbits/sec  0.697 ms  110/455 (24%)  
[  8] 135.00-136.00 sec   584 KBytes  4.80 Mbits/sec  0.216 ms  0/427 (0%)  
[  8] 136.00-137.00 sec   622 KBytes  5.09 Mbits/sec  0.343 ms  3/458 (0.66%)  
[  8] 137.00-138.00 sec   584 KBytes  4.79 Mbits/sec  0.740 ms  12/439 (2.7%)  
[  8] 138.00-139.00 sec   295 KBytes  2.42 Mbits/sec  9.057 ms  71/287 (25%)  
[  8] 139.00-140.00 sec   219 KBytes  1.79 Mbits/sec  2.261 ms  73/233 (31%)  
[  8] 140.00-141.00 sec   362 KBytes  2.97 Mbits/sec  1.957 ms  283/548 (52%)  
[  8] 141.00-142.00 sec   306 KBytes  2.51 Mbits/sec  5.408 ms  162/386 (42%)  
[  8] 142.00-143.00 sec   226 KBytes  1.85 Mbits/sec  5.901 ms  161/326 (49%)  
[  8] 143.00-144.01 sec   346 KBytes  2.82 Mbits/sec  2.761 ms  455/708 (64%)  
[  8] 144.01-145.00 sec   515 KBytes  4.24 Mbits/sec  1.215 ms  271/648 (42%)  
[  8] 145.00-146.00 sec   540 KBytes  4.43 Mbits/sec  0.785 ms  58/453 (13%)  
[  8] 146.00-147.00 sec   544 KBytes  4.46 Mbits/sec  0.532 ms  47/445 (11%)  
[  8] 147.00-148.00 sec   358 KBytes  2.93 Mbits/sec  1.051 ms  79/341 (23%)  
[  8] 148.00-149.01 sec   443 KBytes  3.61 Mbits/sec  2.587 ms  57/381 (15%)  
[  8] 149.01-150.00 sec   386 KBytes  3.17 Mbits/sec  3.119 ms  62/344 (18%)  
[  8] 150.00-151.00 sec   325 KBytes  2.67 Mbits/sec  3.034 ms  175/413 (42%)  
[  8] 151.00-152.00 sec   515 KBytes  4.22 Mbits/sec  1.304 ms  377/754 (50%)  
[  8] 152.00-153.00 sec   566 KBytes  4.63 Mbits/sec  0.281 ms  25/439 (5.7%)  
[  8] 153.00-154.00 sec   623 KBytes  5.11 Mbits/sec  0.714 ms  0/456 (0%)  
[  8] 154.00-155.00 sec   600 KBytes  4.92 Mbits/sec  1.265 ms  7/446 (1.6%)  
[  8] 155.00-156.00 sec   597 KBytes  4.89 Mbits/sec  1.377 ms  8/445 (1.8%)  
[  8] 156.00-157.00 sec   588 KBytes  4.81 Mbits/sec  0.347 ms  2/432 (0.46%)  
[  8] 157.00-158.00 sec   565 KBytes  4.63 Mbits/sec  0.232 ms  38/451 (8.4%)  
[  8] 158.00-159.00 sec   526 KBytes  4.31 Mbits/sec  2.290 ms  18/403 (4.5%)  
[  8] 159.00-160.00 sec   530 KBytes  4.34 Mbits/sec  0.495 ms  83/471 (18%)  
[  8] 160.00-161.00 sec   611 KBytes  5.01 Mbits/sec  2.473 ms  19/466 (4.1%)  
[  8] 161.00-162.00 sec   591 KBytes  4.84 Mbits/sec  2.663 ms  14/446 (3.1%)  
[  8] 162.00-163.00 sec   592 KBytes  4.85 Mbits/sec  1.951 ms  6/439 (1.4%)  
[  8] 163.00-164.00 sec   401 KBytes  3.28 Mbits/sec  4.735 ms  99/392 (25%)  
[  8] 164.00-165.00 sec   345 KBytes  2.82 Mbits/sec  1.418 ms  103/355 (29%)  
[  8] 165.00-166.00 sec   383 KBytes  3.13 Mbits/sec  2.613 ms  16/296 (5.4%)  
[  8] 166.00-167.00 sec   686 KBytes  5.63 Mbits/sec  0.955 ms  257/759 (34%)  
[  8] 167.00-168.00 sec   487 KBytes  3.99 Mbits/sec  3.653 ms  36/392 (9.2%)  
[  8] 168.00-169.00 sec   509 KBytes  4.17 Mbits/sec  2.233 ms  28/400 (7%)  
[  8] 169.00-170.00 sec   638 KBytes  5.22 Mbits/sec  1.816 ms  85/552 (15%)  
[  8] 170.00-171.00 sec   610 KBytes  5.00 Mbits/sec  1.738 ms  2/448 (0.45%)  
[  8] 171.00-172.00 sec   606 KBytes  4.96 Mbits/sec  2.206 ms  2/445 (0.45%)  
[  8] 172.00-173.00 sec   604 KBytes  4.95 Mbits/sec  3.090 ms  0/442 (0%)  
[  8] 173.00-174.00 sec   551 KBytes  4.51 Mbits/sec  1.777 ms  45/448 (10%)  
[  8] 174.00-175.00 sec   602 KBytes  4.93 Mbits/sec  2.020 ms  6/446 (1.3%)  
[  8] 175.00-176.00 sec   535 KBytes  4.38 Mbits/sec  6.235 ms  36/427 (8.4%)  
[  8] 176.00-177.00 sec   540 KBytes  4.42 Mbits/sec  2.280 ms  6/401 (1.5%)  
[  8] 177.00-178.00 sec   552 KBytes  4.52 Mbits/sec  2.193 ms  18/422 (4.3%)  
[  8] 178.00-179.00 sec   476 KBytes  3.90 Mbits/sec  2.466 ms  121/469 (26%)  
[  8] 179.00-180.00 sec   695 KBytes  5.69 Mbits/sec  1.183 ms  6/514 (1.2%)  
[  8] 180.00-181.00 sec   541 KBytes  4.44 Mbits/sec  3.768 ms  28/424 (6.6%)  
[  8] 181.00-182.00 sec   567 KBytes  4.65 Mbits/sec  0.243 ms  40/455 (8.8%)  
[  8] 182.00-183.00 sec   600 KBytes  4.92 Mbits/sec  0.149 ms  2/441 (0.45%)  
[  8] 183.00-184.00 sec   577 KBytes  4.73 Mbits/sec  0.440 ms  43/465 (9.2%)  
[  8] 184.00-185.00 sec   588 KBytes  4.82 Mbits/sec  0.499 ms  18/448 (4%)  
[  8] 185.00-186.00 sec   483 KBytes  3.95 Mbits/sec  2.529 ms  83/436 (19%)  
[  8] 186.00-187.00 sec   535 KBytes  4.38 Mbits/sec  0.671 ms  41/432 (9.5%)  
[  8] 187.00-188.00 sec   580 KBytes  4.75 Mbits/sec  1.716 ms  16/440 (3.6%)  
[  8] 188.00-189.00 sec   581 KBytes  4.76 Mbits/sec  1.082 ms  48/473 (10%)  
[  8] 189.00-190.00 sec   468 KBytes  3.83 Mbits/sec  4.570 ms  40/382 (10%)  
[  8] 190.00-191.00 sec   492 KBytes  4.03 Mbits/sec  5.916 ms  121/481 (25%)  
[  8] 191.00-192.00 sec   487 KBytes  3.99 Mbits/sec  3.167 ms  109/465 (23%)  
[  8] 192.00-193.00 sec   470 KBytes  3.85 Mbits/sec  0.976 ms  120/464 (26%)  
[  8] 193.00-194.00 sec   588 KBytes  4.82 Mbits/sec  2.231 ms  10/440 (2.3%)  
[  8] 194.00-195.00 sec   600 KBytes  4.92 Mbits/sec  0.654 ms  8/447 (1.8%)  
[  8] 195.00-196.00 sec   491 KBytes  4.02 Mbits/sec  1.238 ms  90/449 (20%)  
[  8] 196.00-197.00 sec   584 KBytes  4.78 Mbits/sec  1.762 ms  9/436 (2.1%)  
[  8] 197.00-198.00 sec   576 KBytes  4.72 Mbits/sec  2.601 ms  38/459 (8.3%)  
[  8] 198.00-199.00 sec   556 KBytes  4.56 Mbits/sec  4.741 ms  6/413 (1.5%)  
[  8] 199.00-200.00 sec   191 KBytes  1.57 Mbits/sec  7.144 ms  13/153 (8.5%)  
[  8] 200.00-201.00 sec   459 KBytes  3.77 Mbits/sec  1.195 ms  433/769 (56%)  
[  8] 201.00-202.00 sec   615 KBytes  5.04 Mbits/sec  0.709 ms  1/451 (0.22%)  
[  8] 202.00-203.00 sec   608 KBytes  4.98 Mbits/sec  1.141 ms  2/447 (0.45%)  
[  8] 203.00-204.00 sec   602 KBytes  4.93 Mbits/sec  1.790 ms  5/445 (1.1%)  
[  8] 204.00-205.00 sec   614 KBytes  5.01 Mbits/sec  2.048 ms  0/449 (0%)  
[  8] 205.00-206.01 sec   503 KBytes  4.10 Mbits/sec  1.481 ms  80/448 (18%)  
[  8] 206.01-207.00 sec   600 KBytes  4.95 Mbits/sec  1.872 ms  0/439 (0%)  
[  8] 207.00-208.00 sec   608 KBytes  4.98 Mbits/sec  1.804 ms  3/448 (0.67%)  
[  8] 208.00-209.00 sec   295 KBytes  2.41 Mbits/sec  4.486 ms  2/218 (0.92%)  
[  8] 209.00-210.00 sec   376 KBytes  3.08 Mbits/sec  4.352 ms  31/306 (10%)  
[  8] 210.00-211.00 sec   364 KBytes  2.98 Mbits/sec  3.510 ms  177/443 (40%)  
[  8] 211.00-212.00 sec   364 KBytes  2.98 Mbits/sec  2.851 ms  122/388 (31%)  
[  8] 212.00-213.01 sec   504 KBytes  4.10 Mbits/sec  4.598 ms  220/589 (37%)  
[  8] 213.01-214.00 sec   554 KBytes  4.56 Mbits/sec  5.203 ms  157/562 (28%)  
[  8] 214.00-215.00 sec   381 KBytes  3.13 Mbits/sec  5.488 ms  0/279 (0%)  
[  8] 215.00-216.00 sec   351 KBytes  2.88 Mbits/sec  6.907 ms  52/309 (17%)  
[  8] 216.00-217.00 sec   606 KBytes  4.96 Mbits/sec  1.840 ms  483/926 (52%)  
[  8] 217.00-218.00 sec   537 KBytes  4.40 Mbits/sec  2.149 ms  3/396 (0.76%)  
[  8] 218.00-219.00 sec   673 KBytes  5.51 Mbits/sec  1.576 ms  2/494 (0.4%)  
[  8] 219.00-220.00 sec   617 KBytes  5.05 Mbits/sec  1.875 ms  0/451 (0%)  
[  8] 220.00-221.00 sec   595 KBytes  4.87 Mbits/sec  2.876 ms  0/435 (0%)  
[  8] 221.00-222.01 sec   381 KBytes  3.11 Mbits/sec  4.404 ms  7/286 (2.4%)  
[  8] 222.01-223.00 sec   574 KBytes  4.73 Mbits/sec  2.525 ms  193/613 (31%)  
[  8] 223.00-224.00 sec   597 KBytes  4.89 Mbits/sec  2.596 ms  12/449 (2.7%)  
[  8] 224.00-225.00 sec   604 KBytes  4.95 Mbits/sec  2.393 ms  6/448 (1.3%)  
[  8] 225.00-226.00 sec   591 KBytes  4.83 Mbits/sec  2.443 ms  9/441 (2%)  
[  8] 226.00-227.00 sec   606 KBytes  4.97 Mbits/sec  2.742 ms  7/450 (1.6%)  
[  8] 227.00-228.00 sec   582 KBytes  4.77 Mbits/sec  2.456 ms  5/431 (1.2%)  
[  8] 228.00-229.00 sec   618 KBytes  5.06 Mbits/sec  2.021 ms  10/462 (2.2%)  
[  8] 229.00-230.00 sec   588 KBytes  4.82 Mbits/sec  2.075 ms  12/442 (2.7%)  
[  8] 230.00-231.00 sec   610 KBytes  4.99 Mbits/sec  1.202 ms  4/450 (0.89%)  
[  8] 231.00-232.00 sec   555 KBytes  4.56 Mbits/sec  1.455 ms  37/443 (8.4%)  
[  8] 232.00-233.00 sec   621 KBytes  5.08 Mbits/sec  1.442 ms  0/454 (0%)  
[  8] 233.00-234.00 sec   556 KBytes  4.56 Mbits/sec  2.647 ms  28/435 (6.4%)  
[  8] 234.00-235.00 sec   623 KBytes  5.11 Mbits/sec  1.433 ms  1/457 (0.22%)  
[  8] 235.00-236.00 sec   610 KBytes  4.98 Mbits/sec  2.039 ms  0/446 (0%)  
[  8] 236.00-237.00 sec   533 KBytes  4.38 Mbits/sec  4.416 ms  12/402 (3%)  
[  8] 237.00-238.00 sec   603 KBytes  4.94 Mbits/sec  2.019 ms  47/488 (9.6%)  
[  8] 238.00-239.00 sec   603 KBytes  4.94 Mbits/sec  1.197 ms  5/446 (1.1%)  
[  8] 239.00-240.00 sec   565 KBytes  4.62 Mbits/sec  2.848 ms  36/449 (8%)  
[  8] 240.00-241.00 sec   528 KBytes  4.33 Mbits/sec  4.601 ms  42/428 (9.8%)  
[  8] 241.00-242.00 sec   477 KBytes  3.91 Mbits/sec  4.069 ms  102/451 (23%)  
[  8] 242.00-243.00 sec   514 KBytes  4.21 Mbits/sec  2.657 ms  59/435 (14%)  
[  8] 243.00-244.00 sec   552 KBytes  4.52 Mbits/sec  3.088 ms  5/409 (1.2%)  
[  8] 244.00-245.00 sec   640 KBytes  5.25 Mbits/sec  2.103 ms  28/496 (5.6%)  
[  8] 245.00-246.00 sec   578 KBytes  4.74 Mbits/sec  3.346 ms  26/449 (5.8%)  
[  8] 246.00-247.00 sec   576 KBytes  4.70 Mbits/sec  2.795 ms  30/451 (6.7%)  
[  8] 247.00-248.00 sec   539 KBytes  4.42 Mbits/sec  3.024 ms  47/441 (11%)  
[  8] 248.00-249.00 sec   428 KBytes  3.51 Mbits/sec  3.663 ms  74/387 (19%)  
[  8] 249.00-250.00 sec   607 KBytes  4.97 Mbits/sec  1.404 ms  69/513 (13%)  
[  8] 250.00-251.00 sec   491 KBytes  4.02 Mbits/sec  4.055 ms  4/363 (1.1%)  
[  8] 251.00-252.00 sec   134 KBytes  1.09 Mbits/sec  7.429 ms  64/162 (40%)  
[  8] 252.00-253.00 sec   174 KBytes  1.42 Mbits/sec  8.462 ms  240/367 (65%)  
[  8] 253.00-254.00 sec   276 KBytes  2.27 Mbits/sec  6.945 ms  211/413 (51%)  
[  8] 254.00-255.00 sec   153 KBytes  1.25 Mbits/sec  7.577 ms  115/227 (51%)  
[  8] 255.00-256.00 sec   293 KBytes  2.40 Mbits/sec  3.748 ms  228/442 (52%)  
[  8] 256.00-257.00 sec   454 KBytes  3.72 Mbits/sec  3.966 ms  460/792 (58%)  
[  8] 257.00-258.00 sec   659 KBytes  5.40 Mbits/sec  1.647 ms  320/802 (40%)  
[  8] 258.00-259.00 sec   610 KBytes  4.99 Mbits/sec  2.076 ms  1/447 (0.22%)  
[  8] 259.00-260.00 sec   526 KBytes  4.32 Mbits/sec  1.452 ms  42/427 (9.8%)  
[  8] 260.00-261.00 sec   510 KBytes  4.18 Mbits/sec  3.109 ms  13/386 (3.4%)  
[  8] 261.00-262.00 sec   405 KBytes  3.31 Mbits/sec  2.992 ms  94/390 (24%)  
[  8] 262.00-263.00 sec   334 KBytes  2.74 Mbits/sec  3.899 ms  115/359 (32%)  
[  8] 263.00-264.00 sec   260 KBytes  2.13 Mbits/sec  2.743 ms  242/432 (56%)  
[  8] 264.00-265.00 sec   513 KBytes  4.20 Mbits/sec  1.058 ms  316/691 (46%)  
[  8] 265.00-266.00 sec   602 KBytes  4.93 Mbits/sec  1.347 ms  6/446 (1.3%)  
[  8] 266.00-267.00 sec   597 KBytes  4.89 Mbits/sec  0.186 ms  10/447 (2.2%)  
[  8] 267.00-268.00 sec   603 KBytes  4.94 Mbits/sec  1.416 ms  7/448 (1.6%)  
[  8] 268.00-269.00 sec   574 KBytes  4.70 Mbits/sec  1.257 ms  16/436 (3.7%)  
[  8] 269.00-270.00 sec   618 KBytes  5.06 Mbits/sec  1.264 ms  2/454 (0.44%)  
[  8] 270.00-271.00 sec   368 KBytes  3.01 Mbits/sec  5.785 ms  105/374 (28%)  
[  8] 271.00-272.00 sec   238 KBytes  1.95 Mbits/sec  6.467 ms  250/424 (59%)  
[  8] 272.00-273.00 sec   350 KBytes  2.87 Mbits/sec  4.588 ms  232/488 (48%)  
[  8] 273.00-274.00 sec   398 KBytes  3.25 Mbits/sec  3.510 ms  21/312 (6.7%)  
[  8] 274.00-275.00 sec   492 KBytes  4.05 Mbits/sec  2.067 ms  260/620 (42%)  
[  8] 275.00-276.00 sec   618 KBytes  5.05 Mbits/sec  2.454 ms  10/462 (2.2%)  
[  8] 276.00-277.00 sec   520 KBytes  4.27 Mbits/sec  3.368 ms  2/382 (0.52%)  
[  8] 277.00-278.00 sec   622 KBytes  5.10 Mbits/sec  2.582 ms  12/467 (2.6%)  
[  8] 278.00-279.00 sec   514 KBytes  4.21 Mbits/sec  2.229 ms  5/381 (1.3%)  
[  8] 279.00-280.00 sec   476 KBytes  3.90 Mbits/sec  2.738 ms  129/477 (27%)  
[  8] 280.00-281.00 sec   571 KBytes  4.68 Mbits/sec  4.040 ms  33/451 (7.3%)  
[  8] 281.00-282.00 sec   675 KBytes  5.53 Mbits/sec  5.326 ms  11/505 (2.2%)  
[  8] 282.00-283.00 sec   630 KBytes  5.17 Mbits/sec  2.806 ms  1/462 (0.22%)  
[  8] 283.00-284.00 sec   569 KBytes  4.65 Mbits/sec  3.723 ms  25/441 (5.7%)  
[  8] 284.00-285.00 sec   588 KBytes  4.82 Mbits/sec  2.960 ms  12/442 (2.7%)  
[  8] 285.00-286.00 sec   607 KBytes  4.97 Mbits/sec  2.998 ms  4/448 (0.89%)  
[  8] 286.00-287.00 sec   510 KBytes  4.18 Mbits/sec  3.315 ms  66/439 (15%)  
[  8] 287.00-288.00 sec   422 KBytes  3.46 Mbits/sec  6.196 ms  62/371 (17%)  
[  8] 288.00-289.00 sec   407 KBytes  3.34 Mbits/sec  3.121 ms  50/348 (14%)  
[  8] 289.00-290.00 sec   570 KBytes  4.67 Mbits/sec  3.453 ms  212/629 (34%)  
[  8] 290.00-291.00 sec   537 KBytes  4.40 Mbits/sec  2.475 ms  57/450 (13%)  
[  8] 291.00-292.00 sec   599 KBytes  4.91 Mbits/sec  2.595 ms  5/443 (1.1%)  
[  8] 292.00-293.03 sec   603 KBytes  4.79 Mbits/sec  3.065 ms  13/454 (2.9%)  
[  8] 293.03-294.00 sec   571 KBytes  4.83 Mbits/sec  2.502 ms  12/430 (2.8%)  
[  8] 294.00-295.00 sec   597 KBytes  4.90 Mbits/sec  2.962 ms  6/443 (1.4%)  
[  8] 295.00-296.01 sec   573 KBytes  4.65 Mbits/sec  1.783 ms  44/463 (9.5%)  
[  8] 296.01-297.00 sec   571 KBytes  4.73 Mbits/sec  1.895 ms  11/429 (2.6%)  
[  8] 297.00-298.00 sec   591 KBytes  4.84 Mbits/sec  3.058 ms  31/463 (6.7%)  
[  8] 298.00-299.00 sec   610 KBytes  4.99 Mbits/sec  2.661 ms  4/450 (0.89%)  
[  8] 299.00-300.00 sec   587 KBytes  4.81 Mbits/sec  1.582 ms  12/441 (2.7%)  
[  8] 300.00-301.00 sec   595 KBytes  4.87 Mbits/sec  2.166 ms  11/446 (2.5%)  
[  8] 301.00-302.00 sec   617 KBytes  5.05 Mbits/sec  1.383 ms  2/453 (0.44%)  
[  8] 302.00-303.00 sec   614 KBytes  5.02 Mbits/sec  1.343 ms  0/449 (0%)  
[  8] 303.00-304.00 sec   511 KBytes  4.19 Mbits/sec  4.678 ms  24/398 (6%)  
[  8] 304.00-305.00 sec   399 KBytes  3.27 Mbits/sec  1.875 ms  200/492 (41%)  
[  8] 305.00-306.00 sec   611 KBytes  5.00 Mbits/sec  1.456 ms  1/448 (0.22%)  
[  8] 306.00-307.00 sec   610 KBytes  5.00 Mbits/sec  1.465 ms  0/446 (0%)  
[  8] 307.00-308.03 sec   610 KBytes  4.87 Mbits/sec  0.457 ms  10/456 (2.2%)  
[  8] 308.03-309.00 sec   570 KBytes  4.79 Mbits/sec  1.631 ms  16/433 (3.7%)  
[  8] 309.00-310.00 sec   577 KBytes  4.72 Mbits/sec  3.994 ms  11/433 (2.5%)  
[  8] 310.00-311.00 sec   571 KBytes  4.68 Mbits/sec  2.090 ms  43/461 (9.3%)  
[  8] 311.00-312.00 sec   580 KBytes  4.75 Mbits/sec  2.505 ms  21/445 (4.7%)  
[  8] 312.00-313.00 sec   567 KBytes  4.64 Mbits/sec  2.937 ms  15/430 (3.5%)  
[  8] 313.00-314.00 sec   632 KBytes  5.18 Mbits/sec  1.726 ms  4/466 (0.86%)  
[  8] 314.00-315.00 sec   589 KBytes  4.83 Mbits/sec  2.108 ms  8/439 (1.8%)  
[  8] 315.00-316.00 sec   608 KBytes  4.98 Mbits/sec  2.385 ms  10/455 (2.2%)  
[  8] 316.00-317.00 sec   597 KBytes  4.89 Mbits/sec  1.671 ms  9/446 (2%)  
[  8] 317.00-318.00 sec   588 KBytes  4.82 Mbits/sec  1.772 ms  16/446 (3.6%)  
[  8] 318.00-319.00 sec   607 KBytes  4.97 Mbits/sec  1.263 ms  4/448 (0.89%)  
[  8] 319.00-320.00 sec   571 KBytes  4.68 Mbits/sec  3.304 ms  21/439 (4.8%)  
[  8] 320.00-321.00 sec   532 KBytes  4.36 Mbits/sec  3.549 ms  35/424 (8.3%)  
[  8] 321.00-322.00 sec   554 KBytes  4.54 Mbits/sec  0.485 ms  42/447 (9.4%)  
[  8] 322.00-323.00 sec   530 KBytes  4.35 Mbits/sec  1.718 ms  61/449 (14%)  
[  8] 323.00-324.00 sec   543 KBytes  4.45 Mbits/sec  0.604 ms  47/444 (11%)  
[  8] 324.00-325.00 sec   537 KBytes  4.40 Mbits/sec  1.390 ms  32/425 (7.5%)  
[  8] 325.00-326.00 sec   453 KBytes  3.71 Mbits/sec  1.918 ms  161/492 (33%)  
[  8] 326.00-327.00 sec   607 KBytes  4.97 Mbits/sec  2.173 ms  3/447 (0.67%)  
[  8] 327.00-328.00 sec   608 KBytes  4.98 Mbits/sec  2.687 ms  2/447 (0.45%)  
[  8] 328.00-329.00 sec   602 KBytes  4.93 Mbits/sec  2.104 ms  8/448 (1.8%)  
[  8] 329.00-330.00 sec   611 KBytes  5.01 Mbits/sec  1.668 ms  1/448 (0.22%)  
[  8] 330.00-331.00 sec   606 KBytes  4.96 Mbits/sec  1.263 ms  3/446 (0.67%)  
[  8] 331.00-332.00 sec   595 KBytes  4.87 Mbits/sec  0.910 ms  9/444 (2%)  
[  8] 332.00-333.00 sec   588 KBytes  4.82 Mbits/sec  1.618 ms  17/447 (3.8%)  
[  8] 333.00-334.00 sec   473 KBytes  3.87 Mbits/sec  2.345 ms  79/425 (19%)  
[  8] 334.00-335.00 sec   492 KBytes  4.02 Mbits/sec  3.263 ms  94/454 (21%)  
[  8] 335.00-336.00 sec   537 KBytes  4.42 Mbits/sec  2.202 ms  67/460 (15%)  
[  8] 336.00-337.00 sec   602 KBytes  4.93 Mbits/sec  0.984 ms  7/448 (1.6%)  
[  8] 337.00-338.00 sec   608 KBytes  4.98 Mbits/sec  1.620 ms  1/446 (0.22%)  
[  8] 338.00-339.00 sec   599 KBytes  4.91 Mbits/sec  2.444 ms  4/442 (0.9%)  
[  8] 339.00-340.00 sec   596 KBytes  4.88 Mbits/sec  1.688 ms  16/452 (3.5%)  
[  8] 340.00-340.01 sec  4.10 KBytes  2.35 Mbits/sec  1.898 ms  0/3 (0%)  
- - - - - - - - - - - - - - - - - - - - - - - - -
[ ID] Interval           Transfer     Bitrate         Jitter    Lost/Total Datagrams
[  8]   0.00-340.01 sec   173 MBytes  4.27 Mbits/sec  1.898 ms  22055/151786 (15%)  receiver
