sniffing on eth0
got a packet
###[ Ethernet ]### 
  dst       = 08:00:00:00:03:03
  src       = 08:00:00:00:03:00
  type      = IPv4
###[ IP ]### 
     version   = 4
     ihl       = 5
     tos       = 0x0
     len       = 57
     id        = 1
     flags     = 
     frag      = 0
     ttl       = 62
     proto     = tcp
     chksum    = 0x64bb
     src       = 10.0.1.1
     dst       = 10.0.3.3
     \options   \
###[ TCP ]### 
        sport     = 59596
        dport     = 1234
        seq       = 0
        ack       = 0
        dataofs   = 5
        reserved  = 0
        flags     = S
        window    = 8192
        chksum    = 0x4bb4
        urgptr    = 0
        options   = []
###[ Raw ]### 
           load      = 'P4 driver probe 1'

got a packet
###[ Ethernet ]### 
  dst       = 08:00:00:00:03:03
  src       = 08:00:00:00:03:00
  type      = IPv4
###[ IP ]### 
     version   = 4
     ihl       = 5
     tos       = 0x0
     len       = 57
     id        = 1
     flags     = 
     frag      = 0
     ttl       = 62
     proto     = tcp
     chksum    = 0x64bb
     src       = 10.0.1.1
     dst       = 10.0.3.3
     \options   \
###[ TCP ]### 
        sport     = 55076
        dport     = 1234
        seq       = 0
        ack       = 0
        dataofs   = 5
        reserved  = 0
        flags     = S
        window    = 8192
        chksum    = 0x5c5c
        urgptr    = 0
        options   = []
###[ Raw ]### 
           load      = 'P4 driver probe 2'

got a packet
###[ Ethernet ]### 
  dst       = 08:00:00:00:03:03
  src       = 08:00:00:00:03:00
  type      = IPv4
###[ IP ]### 
     version   = 4
     ihl       = 5
     tos       = 0x0
     len       = 57
     id        = 1
     flags     = 
     frag      = 0
     ttl       = 62
     proto     = tcp
     chksum    = 0x64bb
     src       = 10.0.1.1
     dst       = 10.0.3.3
     \options   \
###[ TCP ]### 
        sport     = 65030
        dport     = 1234
        seq       = 0
        ack       = 0
        dataofs   = 5
        reserved  = 0
        flags     = S
        window    = 8192
        chksum    = 0x337a
        urgptr    = 0
        options   = []
###[ Raw ]### 
           load      = 'P4 driver probe 4'

got a packet
###[ Ethernet ]### 
  dst       = 08:00:00:00:03:03
  src       = 08:00:00:00:03:00
  type      = IPv4
###[ IP ]### 
     version   = 4
     ihl       = 5
     tos       = 0x0
     len       = 57
     id        = 1
     flags     = 
     frag      = 0
     ttl       = 62
     proto     = tcp
     chksum    = 0x64bb
     src       = 10.0.1.1
     dst       = 10.0.3.3
     \options   \
###[ TCP ]### 
        sport     = 52459
        dport     = 1234
        seq       = 0
        ack       = 0
        dataofs   = 5
        reserved  = 0
        flags     = S
        window    = 8192
        chksum    = 0x6395
        urgptr    = 0
        options   = []
###[ Raw ]### 
           load      = 'P4 driver probe 5'

got a packet
###[ Ethernet ]### 
  dst       = 08:00:00:00:03:03
  src       = 08:00:00:00:03:00
  type      = IPv4
###[ IP ]### 
     version   = 4
     ihl       = 5
     tos       = 0x0
     len       = 57
     id        = 1
     flags     = 
     frag      = 0
     ttl       = 62
     proto     = tcp
     chksum    = 0x64bb
     src       = 10.0.1.1
     dst       = 10.0.3.3
     \options   \
###[ TCP ]### 
        sport     = 53016
        dport     = 1234
        seq       = 0
        ack       = 0
        dataofs   = 5
        reserved  = 0
        flags     = S
        window    = 8192
        chksum    = 0x6068
        urgptr    = 0
        options   = []
###[ Raw ]### 
           load      = 'P4 driver probe 6'

got a packet
###[ Ethernet ]### 
  dst       = 08:00:00:00:03:03
  src       = 08:00:00:00:03:00
  type      = IPv4
###[ IP ]### 
     version   = 4
     ihl       = 5
     tos       = 0x0
     len       = 57
     id        = 1
     flags     = 
     frag      = 0
     ttl       = 62
     proto     = tcp
     chksum    = 0x64bb
     src       = 10.0.1.1
     dst       = 10.0.3.3
     \options   \
###[ TCP ]### 
        sport     = 58828
        dport     = 1234
        seq       = 0
        ack       = 0
        dataofs   = 5
        reserved  = 0
        flags     = S
        window    = 8192
        chksum    = 0x47b4
        urgptr    = 0
        options   = []
###[ Raw ]### 
           load      = 'P4 driver probe 8'

