d32738b0f760bef0924e363aa91715dd38239b61
# 2026-09-27T03:50:15Z cmd bash tests/shell/mutate_l1_shell_scoring.sh
guarded_build: jobs=1 mem_high=3G mem_max=4G lock=/tmp/ndtwin-build.lock
guarded_build: $ bash tests/shell/mutate_l1_shell_scoring.sh
baseline (must be green before any mutation):
  Ran 96 checks, 0 failed

=== mutations: the 09-02 defect itself -- shell logs scored with unittest's vocabulary ===
  KILLED   the pre-fix scorer at l1_unit_tests.sh:319, verbatim   (suite rc=1, 3 check(s) red)
  KILLED   form B dropped, so '12 passed, 0 failed' counts as nothing   (suite rc=1, 15 check(s) red)
  KILLED   form C dropped, so the check(s) banner counts as nothing   (suite rc=1, 3 check(s) red)
  KILLED   form B loses its anchors, so a check NAME that quotes a summary invents tests   (suite rc=1, 1 check(s) red)
  KILLED   form A reads the total as the failed count   (suite rc=1, 2 check(s) red)
  KILLED   form B counts only the passes, so a red suite under-reports what it ran   (suite rc=1, 2 check(s) red)

=== mutations: the WORSE bug -- 'no tests ran' quietly becoming 'passed' ===
  KILLED   shell_summary answers 1 for a log it cannot read (absence scored as a pass)   (suite rc=1, 6 check(s) red)
  KILLED   ran==0 verdict flipped to PASS   (suite rc=1, 2 check(s) red)
  KILLED   the zero check deleted from the verdict entirely   (suite rc=1, 2 check(s) red)
  KILLED   the NO-TESTS-RAN arm stops counting, so the lane prints red and exits 0   (suite rc=1, 1 check(s) red)

=== mutations: the rest of the verdict order ===
  KILLED   the rc check dropped, so a harness that exited nonzero can still pass   (suite rc=1, 1 check(s) red)
  KILLED   the skip check dropped, so a skipping suite reads as no-tests-ran   (suite rc=1, 1 check(s) red)
  KILLED   the failed-checks arm dropped, so exit 0 over a red summary passes   (suite rc=1, 1 check(s) red)

=== mutations: the corpus check (group C) actually reads the corpus ===
  KILLED   a suite stops printing its GREEN-path summary (its failure one, followed by a bare exit, is left)   (suite rc=1, 1 check(s) red, 'C  test_faults.sh prints' among them, because 'followed by a bare exit at line')
  KILLED   a suite stops printing any summary the lane understands   (suite rc=1, 1 check(s) red, 'C  test_faults.sh prints' among them, because 'zero:')
  KILLED   a printf-summary suite stops printing a summary the lane understands   (suite rc=1, 1 check(s) red, 'C  test_stack_log_rotation.sh prints' among them, because 'zero:')
  KILLED   a printf-summary suite prints it only on the failure path, followed by a bare exit   (suite rc=1, 1 check(s) red, 'C  test_stack_log_rotation.sh prints' among them, because 'followed by a bare exit at line')
  KILLED   a one-line-failure-branch suite stops printing its green summary   (suite rc=1, 1 check(s) red, 'C  test_faults_topo_pid.sh prints' among them, because 'exit <non-zero> after it on the same line')
  KILLED   a suite whose other summaries are all "|| { ...; exit 1; }" loses its final one   (suite rc=1, 1 check(s) red, 'C  test_ndt_down_stops_only_ours.sh prints' among them, because 'exit <non-zero> after it on the same line')
  KILLED   a summary whose $(( )) the renderer cannot evaluate (09)   (suite rc=1, 1 check(s) red, 'C  test_faults.sh prints' among them, because 'instrument failed')

===== 20 mutation(s): 20 killed, 0 survived =====
guarded_build: exit 0
# rc=0
