08_heartbeat --self-test (synthetic captures in /home/adam/Desktop/NDTwin-Kernel/scratch/overnight-2026-09-05/logs/gates-0910/extb5/tmp/b2-red-UmvCI9/lt/tmp/live-p1-08-selftest-fjLfR5; no lab, no claim, nothing started)
  ok    H1 capabilities: reroute true, heartbeat                     OK all 4 switches: reroute true, link_discovery heartbeat
  ok    H1 one switch says reroute false                             BAD 1 of 4 switch(es) are not reroute true / link_discovery heartbeat:
  ok    H1 declared is not heartbeat                                 BAD 4 of 4 switch(es) are not reroute true / link_discovery heartbeat:
  ok    H1 reroute available, no reason                              OK reroute.available True, reason None
  ok    H1 unavailable is not available                              BAD reroute is available False reason 'unbound', want True None (x)
  ok    H1 a proxy with no reroute block                             BAD switch_state has no top-level reroute (a proxy from before segment
  ok    H1 heartbeat usable                                          OK heartbeat.state usable (watchdog running, session ab)
  ok    H1 a stopped heartbeat is not usable                         BAD heartbeat.state 'heartbeat_not_running', want 'usable' (None)
  ok    ruling 4: no frame left a host port (report)                 OK forwarded_to_hosts 0 (forwarded_between_switches 3, misdelivered 0,
  ok    ruling 4: the daemon counted one (report)                    STOP ruling 4: the heartbeat daemon counted 2 frame(s) leaving a host-
  ok    ruling 4: switch_state says it too                           STOP ruling 4: the heartbeat daemon counted 1 frame(s) leaving a host-
  ok    H1 eight directions up                                       OK 8/8 inter-switch directions is_enabled:true is_up:true
  ok    H1 one direction down is not all up                          BAD 7/8 inter-switch directions enabled+up; not: (1, 3, 3, 1)=(True, F
  ok    H1 up but not enabled                                        BAD 7/8 inter-switch directions enabled+up; not: (1, 4, 4, 2)=(False, 
  ok    H1 the cut is down both ways                                 OK both directions of s1:3<->s3:1 is_up:false
  ok    H1 only one direction down                                   BAD the cut is not down both ways: s1:3->s3:1 (True, False), s3:1->s1:
  ok    H1 nothing down                                              BAD the cut is not down both ways: s1:3->s3:1 (True, True), s3:1->s1:3
  ok    H1 back up both ways                                         OK both directions of s1:3<->s3:1 enabled and up
  ok    H1 still down                                                BAD the cut is not up both ways: s1:3->s3:1 (True, False), s3:1->s1:3 
  ok    H1 only one direction back up                                BAD the cut is not up both ways: s1:3->s3:1 (True, False), s3:1->s1:3 
  ok    H1 the cable routes use is picked                            OK 1 3 3 1
  ok      and it is s1-s3, the first used one
  ok      an unused s1-s3 is skipped for the next used cable
  ok    H1 rerouted: nothing into the cut, nothing lost              OK no installed route points into s1:3<->s3:1 (4 did before), every de
  ok    H1 s3 still routes into the cut                              BAD s3 still sends ['10.0.1.1', '10.0.2.2'] out of port 1
  ok    H1 a destination lost its route                              BAD s1 lost its route to ['10.0.4.4']
  ok    H1 a cut nothing routed over proves nothing                  BAD before the cut no route used s1:3<->s3:1: nothing to reroute, noth
  ok    H1 within 20 s                                               OK detection after 14.3 s (bound 20 s)
  ok    H1 over 20 s                                                 BAD detection after 20.4 s, over the 20 s bound
  ok    H1 never                                                     BAD detection: never happened (never)
  ok    H2 held up in every poll                                     OK up in all 12 polls
  ok    H2 went down once                                            BAD the cut went down with the heartbeat stopped (1 of 7 polls):    7.
  ok    H2 too few polls                                             BAD only 12 poll(s), want at least 20
  ok    H3 capabilities: no reroute, heartbeat                       OK all 4 switches: reroute false, link_discovery heartbeat
  ok    H3 reason unbound                                            OK reroute.available False, reason unbound
  ok    H3 a stopped heartbeat's reason is not unbound               BAD reroute is available False reason 'heartbeat_not_running', want Fa
  ok    H3 author's rows unchanged                                   OK 16 rows across 4 switch(es), identical before and after
  ok    H3 a row moved                                               BAD the author's rows changed: stats_flow_1.json: before 4 rows, after
  ok    H3 501 unbound                                               OK 501 unsupported_on_p4, reason unbound
  ok    H3 501 for another reason                                    BAD HTTP 501, outcome 'unsupported_on_p4', reason 'owned_by_package'
  ok    H3 a 500                                                     BAD HTTP 500, outcome None, reason None
  ok    H4 409 external control plane                                OK 409 external control plane
  ok    H4 the 500 of before                                         BAD HTTP 500, error None (ruling 5(a) wants 409)
  ok    H4 a 409 for something else                                  BAD HTTP 409, error 'something else' (ruling 5(a) wants 409)
  ok    H4 capabilities: no reroute, heartbeat                       OK all 3 switches: reroute false, link_discovery heartbeat
  ok    H4 reason external_control_plane                             OK reroute.available False, reason external_control_plane
  ok    H4 an unbound reason is not the external one                 BAD reroute is available False reason 'unbound', want False 'external_
  ok    H4 the proxy holds the cut down                              OK both directions of s1:2<->s2:2 down at the proxy, source heartbeat 
  ok    H4 one direction still up                                    BAD the proxy does not hold s1:2<->s2:2 down by the heartbeat: 2:2->1:
  ok    H4 declared is not the heartbeat                             BAD the proxy does not hold s1:2<->s2:2 down by the heartbeat: 1:2->2:
  ok    H4 a cable the proxy does not name                           BAD the proxy does not hold s3:3<->s2:3 down by the heartbeat: 3:3->2:
  ok    H4 restored: both up again                                   OK both directions of s1:2<->s2:2 up at the proxy, source heartbeat (1
  ok    H4 a cut that did not come back                              BAD the proxy does not hold s1:2<->s2:2 up by the heartbeat: 1:2->2:2=
  ok    H4 the cut is down and the kernel accepted it                OK both directions of s1:2<->s2:2 down at the proxy, source heartbeat 
  ok    H4 down at the proxy, not accepted by the kernel             BAD s1:2<->s2:2 is down at the proxy, but the kernel has not accepted 
  ok    H4 one direction not accepted                                BAD s1:2<->s2:2 is down at the proxy, but the kernel has not accepted 
  ok    H4 restored and the kernel accepted it                       OK both directions of s1:2<->s2:2 up at the proxy, source heartbeat (1
  ok    H4 nothing written across the cut                            OK 3 switch(es): pipeline_commits, rules_timed, table_generation uncha
  ok    H4 a pipeline commit across the cut                          BAD a switch's write record moved across the cut: s2: pipeline_commits
  ok    H4 a timed rule across the cut                               BAD a switch's write record moved across the cut: s1: rules_timed 0->3
  ok    H4 up at the proxy, not accepted by the kernel               BAD s1:2<->s2:2 is up at the proxy, but the kernel has not accepted it
  ok    H4 only table_generation moved                               BAD a switch's write record moved across the cut: s3: table_generation
  ok    H4 restore 19.9 s is within the strict 20 s                  OK recovery 19.9 s, within the strict 20 s
  ok    H4 restore 20.5 s is over the strict 20 s                    BAD recovery 20.5 s, over the strict 20 s (restore is judged strictly)
  ok    H4 the cut is a cable the package declares                   OK the package declares s1:2<->s2:2, both directions
  ok    H4 a cable the package does not declare                      BAD the package's model does not declare s1:3<->s3:1
  ok    H5 26 arms identical                                         OK all 26 arms: rc and verdict identical to the reference
  ok    H5 one arm differs                                           BAD 1 arm(s) differ from the reference: source_routing/solution: ('1',
  ok    H5 an arm missing                                            BAD 1 arm(s) differ from the reference: flowcache/solution: None vs ('
  ok    🔴 H5 against the control C1 as the README runs it (a whole 06) OK all 26 arms: rc and verdict identical to the reference
  ok      H5 against a 4-arm ONLY= control: the reference is not a whole 06 BAD the reference table has 4 arms, not 26
  ok    H5 heartbeat on exactly the expected arms                    OK a heartbeat ran on exactly the 20 expected arm(s); no host-port fra
  ok    H5 an expected arm had none                                  BAD 1 arm(s) not as expected: qos/solution: no heartbeat session start
  ok    H5 an arm that should have none had one                      BAD 1 arm(s) not as expected: calc/solution: a heartbeat session start
  ok    H5 ruling 4 in a sample                                      STOP ruling 4: a sample counted forwarded_to_hosts 1 at 1790470850
  ok    H5 no session during 01                                      OK no heartbeat session ran during 01 (NDTwin's own pipeline)
  ok    H5 a session during 01                                       BAD a heartbeat ran during 01: ['sess00', 'sess01', 'sess02', 'sess03'
  ok    H5 sampler killed after a good start: sampler_start said 0, and the run's last line is FAIL
  ok      H5 sampler with a warning on its stderr: the run's last line is FAIL and quotes it
  ok      the control: a sampler that ran and stopped cleanly ends PASS
  ok      sampler_alive: a live pid that is not the sampler (a reused pid) does not count
  ok    H5 01 with no sample in its window                           BAD 01's window was not sampled throughout: 100 s without a read from 
  ok    H5 a sampler that stopped reading for 500 s mid-06           BAD the sampler did not read for 1 stretch(es) of 06, e.g. 505 s from 
  ok    H5 01 where the sampler stopped half-way                     BAD 01's window was not sampled throughout: 105 s without a read from 
  ok    consts: the proxy's beacon interval, timeout and watchdog interval, imported (5 15 5)
  ok    an unreadable capture is BAD, not a traceback                BAD caps could not read its input: FileNotFoundError: [Errno 2] No suc
  ok    report_last: the LATER of the cable's two directions (100.25, 100.5 -> 100.500)
  ok      one direction missing: no answer, not a guess
  ok    next_phase_target: 0.05 s after the next round at least 0.3 s ahead (last 100, now 101 -> 105.050)
  ok      a round too close to catch is skipped for the next (now 104.9 -> 110.050)
  ok    phase_for: the first H1_WORST cycles at the worst phase, the rest random inside the period (0.05 0.05 0.05 2.69 1.72 0.68 4.81 4.03 3.73 0.17)
  ok    cycle: four tc instants, both last frames, phi 0.020, down, detection 15.880 from the FIRST end's call, the passes, psi 0.560, lateness 0.040, pass-to-graph 0.340
  ok    budget: 15.88 s is within the strict 20 s                    OK detection 15.880 s, within the strict 20 s (pass lateness +0.040, r
  ok    budget: over the strict 20 s by what was measured is OK, and says OVER (OK detection 20.320 s -- OVER the strict 20 s by 0.320 s, al...)
  ok    cycle: a reporting pass with none served before it says its lateness is not measured
  ok    budget: a pass 5.3 s after the timeout, none before it served, is over even the measured budget BAD detection 20.480 s -- 0.280 s over 20 s + the measured pass latene
  ok    cycle: a pass after the timeout that did not report the cut  BAD the pass at 215.200 came 0.200 s after the timeout and did not rep
  ok    cycle: a frame heard inside a cut window is flagged, and the cycle kept (window 0.025 s in the budget)
  ok    cycle: two directions timing out in two passes -- the one that made BOTH down (219.990) is the reporting pass
  ok    cycle: the wall clock moving against the monotonic one during the cycle is flagged
  ok    cycle: a worst-phase cut that landed before the round        BAD meant for the worst phase (0.02 s after a round) and landed 4.960 
  ok    cycle: the same landing on a random-phase cycle is fine      OK 204.960	204.970	204.980	205.000	199.990	200.000	4.960	220.900	15.94
  ok    cycle: no reporting pass served                              BAD no watchdog pass with a down transition after the last heard frame
  ok    cycle: the graph never showed it down                        BAD the kernel's graph never showed the cut down
  ok    cycle: a direction with no last frame in the report          BAD no last_heard_mono for both directions of the cable in the report
  ok    restore: four tc instants, both first frames, daemon 0.701 / report 1.200 / the up pass 3.300 later / graph 4.800 from the FIRST end's call
  ok    restore: a frame heard inside its end's restore window is flagged, and kept
  ok    restore: a frame heard before the restore started means the cut leaked BAD a->b was heard at 300.200, 0.300 s before its end's restore starte
  ok    restore: b->a heard before ITS end's restore started is a leak too BAD b->a was heard at 300.525, 0.005 s before its end's restore starte
  ok    restore: the watcher timed out                               BAD the report watcher saw no new frame for a direction within its lim
  ok    restore: no pass reported it up                              BAD no watchdog pass with an up transition after the report showed bot
  ok    restore: the graph never showed it up                        BAD the kernel's graph never showed the cable up again
  ok    restore_watch: the FIRST new frame per direction (105.0, not the later 110.0), with the report's written_mono
  ok    restore_watch: nothing new within its limit is a time-out, not a hang
  ok    restore_watch: a report without the cable is said at once, not waited on
  ok    cut_link/restore_link: every instant is $EPOCHREALTIME (µs, read in this shell -- a forked date gives ns)
  ok    cut_link/restore_link: A before B, each window holds its whole call, the restore after the cut
  ok    cut_link: the first tc call starts at the planned instant, not before (the attach points were read first)
  ok    restore_link: an end that could not be cleaned stays on record (rc 1, still in INJECTED_IFACES)
  ok    cut_cycle: the row, the strict line (OVER at 20.320 s, disclosed and kept for the conclusion), the budget only as a note, OVER+0.320; with no record, 18 '?' and the graph poll alone
  ok    restore_cycle: the recovery time is the record's (4.8 s from the first end's call), not the poll's 9.99 s from the last tc
  ok    H5 sampler: the real SAMPLER_PY writes its header and one 12-field row per read (written_wall, stop_reason and every direction's heard included), through missing, running, stopped (final counters) and a second session
  ok    🔴 H5 sampler: the exercise controller (pid 2872584) is in the controllers column while it lives, and only then (10 of 29 reads)
  ok      sampler_start said it had started, and the stop path took a last sample of the report as it stood
  ok    H5 sampler: a stopped session's final forwarded_to_hosts reaches ruling 4 STOP ruling 4: a sample counted forwarded_to_hosts 2 at 1790884828
  ok      a sampler that dies at compile time: sampler_start fails the run (rc 1), its SyntaxError kept in 50_sampler.err
  ok      the stop path reads once more: a 'stopped' rewrite just before sampler_stop is on record (final counters 5, 6)
  ok    report_dirs: each direction's last_heard_mono, a->b then b->a (100.25, 100.5)
  ok      report_dirs with one direction missing: no answer
  ok    graph_until after a cut: the elapsed time from T_CUT to the poll that said OK (1.52 s after a cut 1.5 s back)
  ok    H1's last lines: one cycle at 20.320 s -- the run PASSes, and the line above the PASS repeats that cycle's strict line verbatim, with the count (the one-psi caveat above)
  ok      the control: a cycle within 20 s ends PASS with nothing disclosed, and says it is one psi's answer
  ok      an earlier failure stays the last line, and the over-cycle is still disclosed right above it
  ok      a ruling-4 STOP still leads the last line, the over-cycle disclosed above it
  ok      an early exit after an OVER cycle: the FAIL is the last line, the over-cycle disclosed right above it (w_finish concludes)
  ok      an early exit from H3 after an OVER cycle: concluded as H3, the NOTE right above the FAIL
  ok      an early exit whose cycles were all within 20 s: concluded (said in the body), nothing disclosed
  ok      a clean run concludes once, in its phase, and never says 'cut short'
  ok    🔴 TERM to the run's own shell mid-H1, nothing failed before: FAIL (interrupted by SIGTERM), never PASS
  ok    🔴 and the run exits 143, the signal's code
  ok    🔴 TERM before arm_traps (start_step's traps): FAIL, rc 143
  ok      the control: no signal, the same harness PASSes
  ok    strict 19.5 s is within 20 s                                 OK detection 19.500 s, within the strict 20 s
  ok    strict 21 s is OVER, disclosed                               OVER detection 21.000 s is OVER the strict 20 s by 1.000 s (from the f
  ok    strict 36 s is past the 35 s ceiling: a FAIL                 BAD detection 36.000 s is past the hard ceiling of 35 s (the strict 20
  ok    graph_until before any cut: OK, 'n/a' to count from, and the poll's own µs stamp
  ok    HB_ARMS names 20 arms (segment S's 20 running arms, the 3 external ones detect only)
  ok    HB_ARMS names the 3 external arms
  ok    every live cut_cycle is concluded before the next phase (H1, H3), and an early exit is concluded by w_finish (the cell above): an OVER cycle anywhere reaches the last lines
  ok    a run that took its own fabric down: finish's rc 3 is not a failure, then release
  ok      a clean down of a fabric that is up: PASS, released (the control)
  ok    🔴 a REFUSED down (rc 5): the claim is KEPT (re-claimed), never released, and the verdict says so first
  ok    🔴 a down that did not verify clean (rc 1): kept, not released
  ok      a 3 while this run believes its fabric is up still fails it
  ok    🔴 a phase's 'ndt down' runs without measuring= even when the caller exported one
  ok      identity gate: B merged onto the controls' HEAD, the same uncommitted file: through (rc 0)
  ok    🔴 identity gate: another B than the one named -- refused
  ok    🔴 identity gate: no B_SHA -- refused
  ok    🔴 identity gate: a file changed in the shared checkout since the controls -- refused
  ok    🔴 identity gate: HEAD moved on past the merge -- refused
  ok    🔴 no NDT_OWNER: refused (rc 2) before _common.sh could default it
  ok      an unknown PART is refused
  ok    🔴 PART=h5 with a 4-arm OLD_06 (an ONLY= 06): refused (rc 2) before anything ran
  ok      PART=h5 with a whole 06 as OLD_06 goes through the prelude, and keeps it
  ok    🔴 CLAIM_MINUTES defaults to 120 and _common.sh's 45 does not shadow it
  ok      a caller's CLAIM_MINUTES still wins
  ok    🔴 a caller's NDT_MEASURING is gone after the prelude
  ok    the tc route is mnexec by default (segment S's)
  ok    this script parses
  ok    census_prepare.py is where H4 finds it
SELF-TEST PASS
