-----------------------------------------------------------
Server listening on 5201 (test #1)
-----------------------------------------------------------
Accepted connection from 10.0.0.83, port 50796
[  8] local 10.0.0.115 port 5201 connected to 10.0.0.83 port 52512
[ ID] Interval           Transfer     Bitrate         Jitter    Lost/Total Datagrams
[  8]   0.00-1.00   sec  30.1 KBytes   246 Kbits/sec  1.249 ms  0/22 (0%)  
[  8]   1.00-2.00   sec  30.1 KBytes   246 Kbits/sec  2.106 ms  0/22 (0%)  
[  8]   2.00-3.01   sec  31.4 KBytes   256 Kbits/sec  2.072 ms  0/23 (0%)  
[  8]   3.01-4.00   sec  30.1 KBytes   247 Kbits/sec  6.182 ms  0/22 (0%)  
[  8]   4.00-5.00   sec  31.4 KBytes   258 Kbits/sec  4.517 ms  0/23 (0%)  
[  8]   5.00-6.00   sec  30.1 KBytes   246 Kbits/sec  3.637 ms  0/22 (0%)  
[  8]   6.00-7.00   sec  31.4 KBytes   258 Kbits/sec  7.114 ms  0/23 (0%)  
[  8]   7.00-8.00   sec  30.1 KBytes   246 Kbits/sec  5.757 ms  0/22 (0%)  
[  8]   8.00-9.00   sec  30.1 KBytes   246 Kbits/sec  2.775 ms  0/22 (0%)  
[  8]   9.00-10.00  sec  31.4 KBytes   258 Kbits/sec  3.171 ms  0/23 (0%)  
[  8]  10.00-11.00  sec  28.7 KBytes   235 Kbits/sec  4.177 ms  0/21 (0%)  
[  8]  11.00-12.00  sec  31.4 KBytes   258 Kbits/sec  6.211 ms  0/23 (0%)  
[  8]  12.00-13.00  sec  30.1 KBytes   246 Kbits/sec  7.316 ms  0/22 (0%)  
[  8]  13.00-14.00  sec  31.4 KBytes   258 Kbits/sec  4.534 ms  0/23 (0%)  
[  8]  14.00-15.00  sec  30.1 KBytes   246 Kbits/sec  3.605 ms  0/22 (0%)  
[  8]  15.00-16.00  sec  30.1 KBytes   246 Kbits/sec  3.964 ms  0/22 (0%)  
[  8]  16.00-17.00  sec  31.4 KBytes   258 Kbits/sec  3.152 ms  0/23 (0%)  
[  8]  17.00-18.00  sec  30.1 KBytes   246 Kbits/sec  4.572 ms  0/22 (0%)  
[  8]  18.00-19.00  sec  30.1 KBytes   246 Kbits/sec  6.369 ms  0/22 (0%)  
[  8]  19.00-20.00  sec  31.4 KBytes   258 Kbits/sec  4.135 ms  0/23 (0%)  
- - - - - - - - - - - - - - - - - - - - - - - - -
[ ID] Interval           Transfer     Bitrate         Jitter    Lost/Total Datagrams
[  8]   0.00-20.00  sec   611 KBytes   250 Kbits/sec  4.135 ms  0/447 (0%)  receiver
