-----------------------------------------------------------
Server listening on 5201 (test #1)
-----------------------------------------------------------
Accepted connection from 10.0.0.5, port 38770
[  8] local 10.0.0.69 port 5201 connected to 10.0.0.5 port 51214
[ ID] Interval           Transfer     Bitrate         Jitter    Lost/Total Datagrams
[  8]   0.00-1.00   sec  6.84 KBytes  55.9 Kbits/sec  0.931 ms  0/5 (0%)  
[  8]   1.00-2.00   sec  5.47 KBytes  44.7 Kbits/sec  1.425 ms  0/4 (0%)  
[  8]   2.00-3.00   sec  6.84 KBytes  56.2 Kbits/sec  1.759 ms  0/5 (0%)  
[  8]   3.00-4.00   sec  5.47 KBytes  44.8 Kbits/sec  1.785 ms  0/4 (0%)  
[  8]   4.00-5.00   sec  6.84 KBytes  55.8 Kbits/sec  2.262 ms  0/5 (0%)  
[  8]   5.00-6.00   sec  5.47 KBytes  44.9 Kbits/sec  3.032 ms  0/4 (0%)  
[  8]   6.00-7.00   sec  6.84 KBytes  56.0 Kbits/sec  3.553 ms  0/5 (0%)  
[  8]   7.00-8.00   sec  5.47 KBytes  44.8 Kbits/sec  5.000 ms  0/4 (0%)  
[  8]   8.00-9.00   sec  6.84 KBytes  56.0 Kbits/sec  6.143 ms  0/5 (0%)  
[  8]   9.00-10.00  sec  5.47 KBytes  44.8 Kbits/sec  6.997 ms  0/4 (0%)  
[  8]  10.00-11.00  sec  6.84 KBytes  56.0 Kbits/sec  6.080 ms  0/5 (0%)  
[  8]  11.00-12.00  sec  5.47 KBytes  44.8 Kbits/sec  9.546 ms  0/4 (0%)  
[  8]  12.00-13.00  sec  5.47 KBytes  44.8 Kbits/sec  9.571 ms  0/4 (0%)  
[  8]  13.00-14.00  sec  6.84 KBytes  56.0 Kbits/sec  10.144 ms  0/5 (0%)  
[  8]  14.00-15.00  sec  5.47 KBytes  44.8 Kbits/sec  10.490 ms  0/4 (0%)  
[  8]  15.00-16.00  sec  6.84 KBytes  56.0 Kbits/sec  9.711 ms  0/5 (0%)  
[  8]  16.00-17.00  sec  5.47 KBytes  44.8 Kbits/sec  8.377 ms  0/4 (0%)  
[  8]  17.00-18.00  sec  6.84 KBytes  56.0 Kbits/sec  7.312 ms  0/5 (0%)  
[  8]  18.00-19.00  sec  5.47 KBytes  44.8 Kbits/sec  7.254 ms  0/4 (0%)  
[  8]  19.00-20.00  sec  6.84 KBytes  55.9 Kbits/sec  6.893 ms  0/5 (0%)  
- - - - - - - - - - - - - - - - - - - - - - - - -
[ ID] Interval           Transfer     Bitrate         Jitter    Lost/Total Datagrams
[  8]   0.00-20.02  sec   123 KBytes  50.4 Kbits/sec  6.893 ms  0/90 (0%)  receiver
