-----------------------------------------------------------
Server listening on 5201 (test #1)
-----------------------------------------------------------
Accepted connection from 10.0.0.32, port 33706
[  8] local 10.0.0.64 port 5201 connected to 10.0.0.32 port 48325
[ ID] Interval           Transfer     Bitrate         Jitter    Lost/Total Datagrams
[  8]   0.00-1.00   sec  31.4 KBytes   257 Kbits/sec  1.377 ms  0/23 (0%)  
[  8]   1.00-2.00   sec  30.1 KBytes   246 Kbits/sec  2.269 ms  0/22 (0%)  
[  8]   2.00-3.00   sec  30.1 KBytes   246 Kbits/sec  2.511 ms  0/22 (0%)  
[  8]   3.00-4.00   sec  31.4 KBytes   258 Kbits/sec  4.516 ms  0/23 (0%)  
[  8]   4.00-5.00   sec  30.1 KBytes   246 Kbits/sec  3.940 ms  0/22 (0%)  
[  8]   5.00-6.00   sec  30.1 KBytes   246 Kbits/sec  5.602 ms  0/22 (0%)  
[  8]   6.00-7.00   sec  30.1 KBytes   246 Kbits/sec  3.596 ms  0/22 (0%)  
[  8]   7.00-8.00   sec  30.1 KBytes   246 Kbits/sec  4.867 ms  0/22 (0%)  
[  8]   8.00-9.00   sec  31.4 KBytes   258 Kbits/sec  4.018 ms  0/23 (0%)  
[  8]   9.00-10.00  sec  31.4 KBytes   258 Kbits/sec  5.988 ms  0/23 (0%)  
[  8]  10.00-11.00  sec  30.1 KBytes   246 Kbits/sec  7.792 ms  0/22 (0%)  
[  8]  11.00-12.00  sec  30.1 KBytes   246 Kbits/sec  9.527 ms  0/22 (0%)  
[  8]  12.00-13.00  sec  31.4 KBytes   258 Kbits/sec  8.650 ms  0/23 (0%)  
[  8]  13.00-14.00  sec  30.1 KBytes   246 Kbits/sec  6.798 ms  0/22 (0%)  
[  8]  14.00-15.00  sec  30.1 KBytes   246 Kbits/sec  5.552 ms  0/22 (0%)  
[  8]  15.00-16.00  sec  30.1 KBytes   246 Kbits/sec  4.964 ms  0/22 (0%)  
[  8]  16.00-17.00  sec  31.4 KBytes   258 Kbits/sec  4.086 ms  0/23 (0%)  
[  8]  17.00-18.00  sec  30.1 KBytes   246 Kbits/sec  4.673 ms  0/22 (0%)  
[  8]  18.00-19.00  sec  30.1 KBytes   246 Kbits/sec  3.801 ms  0/22 (0%)  
[  8]  19.00-20.00  sec  31.4 KBytes   258 Kbits/sec  3.811 ms  0/23 (0%)  
- - - - - - - - - - - - - - - - - - - - - - - - -
[ ID] Interval           Transfer     Bitrate         Jitter    Lost/Total Datagrams
[  8]   0.00-20.01  sec   611 KBytes   250 Kbits/sec  3.811 ms  0/447 (0%)  receiver
