-----------------------------------------------------------
Server listening on 5201 (test #1)
-----------------------------------------------------------
Accepted connection from 10.0.0.30, port 33028
[  8] local 10.0.0.62 port 5201 connected to 10.0.0.30 port 38210
[ ID] Interval           Transfer     Bitrate         Jitter    Lost/Total Datagrams
[  8]   0.00-1.00   sec  30.1 KBytes   246 Kbits/sec  1.718 ms  0/22 (0%)  
[  8]   1.00-2.00   sec  30.1 KBytes   246 Kbits/sec  2.171 ms  0/22 (0%)  
[  8]   2.00-3.00   sec  31.4 KBytes   257 Kbits/sec  2.623 ms  0/23 (0%)  
[  8]   3.00-4.00   sec  31.4 KBytes   258 Kbits/sec  3.553 ms  0/23 (0%)  
[  8]   4.00-5.00   sec  30.1 KBytes   246 Kbits/sec  3.230 ms  0/22 (0%)  
[  8]   5.00-6.00   sec  30.1 KBytes   246 Kbits/sec  3.055 ms  0/22 (0%)  
[  8]   6.00-7.00   sec  31.4 KBytes   258 Kbits/sec  3.042 ms  0/23 (0%)  
[  8]   7.00-8.00   sec  28.7 KBytes   235 Kbits/sec  4.023 ms  0/21 (0%)  
[  8]   8.00-9.00   sec  31.4 KBytes   258 Kbits/sec  3.559 ms  0/23 (0%)  
[  8]   9.00-10.00  sec  31.4 KBytes   258 Kbits/sec  4.748 ms  0/23 (0%)  
[  8]  10.00-11.00  sec  28.7 KBytes   235 Kbits/sec  5.646 ms  0/21 (0%)  
[  8]  11.00-12.00  sec  31.4 KBytes   258 Kbits/sec  6.584 ms  0/23 (0%)  
[  8]  12.00-13.00  sec  28.7 KBytes   235 Kbits/sec  7.323 ms  1/22 (4.5%)  
[  8]  13.00-14.00  sec  31.4 KBytes   258 Kbits/sec  10.154 ms  0/23 (0%)  
[  8]  14.00-15.00  sec  30.1 KBytes   246 Kbits/sec  4.995 ms  0/22 (0%)  
[  8]  15.00-16.00  sec  30.1 KBytes   246 Kbits/sec  4.445 ms  0/22 (0%)  
[  8]  16.00-17.00  sec  31.4 KBytes   258 Kbits/sec  2.958 ms  0/23 (0%)  
[  8]  17.00-18.00  sec  30.1 KBytes   246 Kbits/sec  2.928 ms  0/22 (0%)  
[  8]  18.00-19.00  sec  30.1 KBytes   246 Kbits/sec  2.512 ms  0/22 (0%)  
[  8]  19.00-20.00  sec  31.4 KBytes   258 Kbits/sec  2.820 ms  0/23 (0%)  
- - - - - - - - - - - - - - - - - - - - - - - - -
[ ID] Interval           Transfer     Bitrate         Jitter    Lost/Total Datagrams
[  8]   0.00-20.01  sec   610 KBytes   250 Kbits/sec  2.820 ms  1/447 (0.22%)  receiver
