-----------------------------------------------------------
Server listening on 5201 (test #1)
-----------------------------------------------------------
Accepted connection from 10.0.0.7, port 47840
[  8] local 10.0.0.71 port 5201 connected to 10.0.0.7 port 59333
[ ID] Interval           Transfer     Bitrate         Jitter    Lost/Total Datagrams
[  8]   0.00-1.00   sec  31.4 KBytes   258 Kbits/sec  3.206 ms  0/23 (0%)  
[  8]   1.00-2.00   sec  30.1 KBytes   246 Kbits/sec  2.675 ms  0/22 (0%)  
[  8]   2.00-3.00   sec  30.1 KBytes   246 Kbits/sec  3.781 ms  0/22 (0%)  
[  8]   3.00-4.00   sec  28.7 KBytes   235 Kbits/sec  2.084 ms  0/21 (0%)  
[  8]   4.00-5.00   sec  31.4 KBytes   258 Kbits/sec  9.968 ms  0/23 (0%)  
[  8]   5.00-6.00   sec  31.4 KBytes   257 Kbits/sec  4.959 ms  0/23 (0%)  
[  8]   6.00-7.00   sec  30.1 KBytes   247 Kbits/sec  3.684 ms  0/22 (0%)  
[  8]   7.00-8.00   sec  30.1 KBytes   247 Kbits/sec  4.609 ms  0/22 (0%)  
[  8]   8.00-9.00   sec  30.1 KBytes   246 Kbits/sec  6.378 ms  0/22 (0%)  
[  8]   9.00-10.00  sec  32.8 KBytes   269 Kbits/sec  4.318 ms  0/24 (0%)  
[  8]  10.00-11.00  sec  30.1 KBytes   246 Kbits/sec  3.478 ms  0/22 (0%)  
[  8]  11.00-12.00  sec  30.1 KBytes   246 Kbits/sec  5.805 ms  0/22 (0%)  
[  8]  12.00-13.00  sec  30.1 KBytes   246 Kbits/sec  6.573 ms  0/22 (0%)  
[  8]  13.00-14.00  sec  30.1 KBytes   247 Kbits/sec  8.695 ms  1/23 (4.3%)  
[  8]  14.00-15.00  sec  30.1 KBytes   246 Kbits/sec  5.999 ms  0/22 (0%)  
[  8]  15.00-16.00  sec  30.1 KBytes   246 Kbits/sec  9.122 ms  0/22 (0%)  
[  8]  16.00-17.01  sec  31.4 KBytes   256 Kbits/sec  4.080 ms  0/23 (0%)  
[  8]  17.01-18.00  sec  30.1 KBytes   248 Kbits/sec  3.844 ms  0/22 (0%)  
[  8]  18.00-19.00  sec  30.1 KBytes   246 Kbits/sec  4.726 ms  0/22 (0%)  
[  8]  19.00-20.00  sec  31.4 KBytes   258 Kbits/sec  2.945 ms  0/23 (0%)  
- - - - - - - - - - - - - - - - - - - - - - - - -
[ ID] Interval           Transfer     Bitrate         Jitter    Lost/Total Datagrams
[  8]   0.00-20.05  sec   610 KBytes   249 Kbits/sec  2.945 ms  1/447 (0.22%)  receiver
