-----------------------------------------------------------
Server listening on 5201 (test #1)
-----------------------------------------------------------
Accepted connection from 10.0.0.4, port 54050
[  8] local 10.0.0.68 port 5201 connected to 10.0.0.4 port 44064
[ ID] Interval           Transfer     Bitrate         Jitter    Lost/Total Datagrams
[  8]   0.00-1.00   sec  31.4 KBytes   258 Kbits/sec  2.259 ms  0/23 (0%)  
[  8]   1.00-2.00   sec  30.1 KBytes   246 Kbits/sec  2.787 ms  0/22 (0%)  
[  8]   2.00-3.00   sec  28.7 KBytes   235 Kbits/sec  3.509 ms  0/21 (0%)  
[  8]   3.00-4.00   sec  31.4 KBytes   258 Kbits/sec  1.948 ms  0/23 (0%)  
[  8]   4.00-5.00   sec  30.1 KBytes   246 Kbits/sec  10.628 ms  0/22 (0%)  
[  8]   5.00-6.00   sec  31.4 KBytes   257 Kbits/sec  5.382 ms  0/23 (0%)  
[  8]   6.00-7.00   sec  30.1 KBytes   247 Kbits/sec  5.062 ms  0/22 (0%)  
[  8]   7.00-8.00   sec  31.4 KBytes   257 Kbits/sec  7.410 ms  0/23 (0%)  
[  8]   8.00-9.00   sec  30.1 KBytes   246 Kbits/sec  7.855 ms  0/22 (0%)  
[  8]   9.00-10.00  sec  30.1 KBytes   246 Kbits/sec  3.917 ms  0/22 (0%)  
[  8]  10.00-11.00  sec  31.4 KBytes   258 Kbits/sec  4.222 ms  0/23 (0%)  
[  8]  11.00-12.00  sec  30.1 KBytes   246 Kbits/sec  8.958 ms  0/22 (0%)  
[  8]  12.00-13.00  sec  30.1 KBytes   246 Kbits/sec  8.922 ms  0/22 (0%)  
[  8]  13.00-14.00  sec  30.1 KBytes   246 Kbits/sec  9.523 ms  0/22 (0%)  
[  8]  14.00-15.00  sec  31.4 KBytes   258 Kbits/sec  8.701 ms  0/23 (0%)  
[  8]  15.00-16.00  sec  30.1 KBytes   246 Kbits/sec  6.152 ms  0/22 (0%)  
[  8]  16.00-17.00  sec  30.1 KBytes   246 Kbits/sec  4.435 ms  0/22 (0%)  
[  8]  17.00-18.00  sec  31.4 KBytes   258 Kbits/sec  4.299 ms  0/23 (0%)  
[  8]  18.00-19.00  sec  30.1 KBytes   246 Kbits/sec  6.368 ms  0/22 (0%)  
[  8]  19.00-20.00  sec  31.4 KBytes   257 Kbits/sec  3.328 ms  0/23 (0%)  
- - - - - - - - - - - - - - - - - - - - - - - - -
[ ID] Interval           Transfer     Bitrate         Jitter    Lost/Total Datagrams
[  8]   0.00-20.02  sec   611 KBytes   250 Kbits/sec  3.328 ms  0/447 (0%)  receiver
