-----------------------------------------------------------
Server listening on 5201 (test #1)
-----------------------------------------------------------
Accepted connection from 10.0.0.94, port 48000
[  8] local 10.0.0.126 port 5201 connected to 10.0.0.94 port 51428
[ ID] Interval           Transfer     Bitrate         Jitter    Lost/Total Datagrams
[  8]   0.00-1.00   sec  31.4 KBytes   258 Kbits/sec  1.657 ms  0/23 (0%)  
[  8]   1.00-2.00   sec  28.7 KBytes   235 Kbits/sec  1.938 ms  0/21 (0%)  
[  8]   2.00-3.00   sec  30.1 KBytes   246 Kbits/sec  1.250 ms  0/22 (0%)  
[  8]   3.00-4.00   sec  32.8 KBytes   269 Kbits/sec  5.488 ms  0/24 (0%)  
[  8]   4.00-5.00   sec  30.1 KBytes   246 Kbits/sec  4.557 ms  0/22 (0%)  
[  8]   5.00-6.00   sec  30.1 KBytes   246 Kbits/sec  3.934 ms  0/22 (0%)  
[  8]   6.00-7.00   sec  30.1 KBytes   246 Kbits/sec  5.140 ms  0/22 (0%)  
[  8]   7.00-8.00   sec  31.4 KBytes   258 Kbits/sec  5.262 ms  0/23 (0%)  
[  8]   8.00-9.00   sec  30.1 KBytes   246 Kbits/sec  2.090 ms  0/22 (0%)  
[  8]   9.00-10.00  sec  30.1 KBytes   246 Kbits/sec  2.712 ms  0/22 (0%)  
[  8]  10.00-11.00  sec  31.4 KBytes   258 Kbits/sec  3.923 ms  0/23 (0%)  
[  8]  11.00-12.00  sec  30.1 KBytes   246 Kbits/sec  6.229 ms  0/22 (0%)  
[  8]  12.00-13.00  sec  30.1 KBytes   246 Kbits/sec  7.274 ms  0/22 (0%)  
[  8]  13.00-14.00  sec  30.1 KBytes   246 Kbits/sec  6.109 ms  0/22 (0%)  
[  8]  14.00-15.00  sec  31.4 KBytes   257 Kbits/sec  2.723 ms  0/23 (0%)  
[  8]  15.00-16.00  sec  30.1 KBytes   247 Kbits/sec  6.167 ms  0/22 (0%)  
[  8]  16.00-17.00  sec  30.1 KBytes   246 Kbits/sec  6.045 ms  0/22 (0%)  
[  8]  17.00-18.00  sec  30.1 KBytes   246 Kbits/sec  6.136 ms  0/22 (0%)  
[  8]  18.00-19.00  sec  31.4 KBytes   258 Kbits/sec  5.732 ms  0/23 (0%)  
[  8]  19.00-20.00  sec  31.4 KBytes   258 Kbits/sec  3.406 ms  0/23 (0%)  
- - - - - - - - - - - - - - - - - - - - - - - - -
[ ID] Interval           Transfer     Bitrate         Jitter    Lost/Total Datagrams
[  8]   0.00-20.01  sec   611 KBytes   250 Kbits/sec  3.406 ms  0/447 (0%)  receiver
