B-5 mutation gate (kernel shutdown abort)
  build dir : build-b5
  target    : test_routing_strategy
  filter    : PowerManagerShutdownDeathTest.*
  baseline  : 6d0f40285c9136af include/ndt_core/power_management/DeviceConfigurationAndPowerManager.hpp
  baseline  : 4abaf10846869c16 src/ndt_core/power_management/DeviceConfigurationAndPowerManager.cpp

baseline (unmutated) must build and be green:
    [----------] Global test environment tear-down
    [==========] 3 tests from 1 test suite ran. (3143 ms total)
    [  PASSED  ] 3 tests.
  ok       baseline green

=== 1. stop() forgets the third worker (B-5 as it shipped) ===
  anchor occurrences: 1 in src/ndt_core/power_management/DeviceConfigurationAndPowerManager.cpp
  ✅ caught by PowerManagerShutdownDeathTest.AStoppedManagerIsDestroyedWithoutAborting
     all red: PowerManagerShutdownDeathTest.AManagerNeverStoppedIsDestroyedWithoutAborting PowerManagerShutdownDeathTest.AStoppedManagerIsDestroyedWithoutAborting 

=== 2. the destructor no longer stops anything ===
  anchor occurrences: 1 in src/ndt_core/power_management/DeviceConfigurationAndPowerManager.cpp
  ✅ caught by PowerManagerShutdownDeathTest.AManagerNeverStoppedIsDestroyedWithoutAborting
     all red: PowerManagerShutdownDeathTest.AManagerNeverStoppedIsDestroyedWithoutAborting 

=== 3. a FOURTH worker is added and never joined (the shape) ===
  anchor occurrences: 1 in include/ndt_core/power_management/DeviceConfigurationAndPowerManager.hpp
  anchor occurrences: 1 in src/ndt_core/power_management/DeviceConfigurationAndPowerManager.cpp
  ✅ caught by PowerManagerShutdownDeathTest.AStoppedManagerIsDestroyedWithoutAborting
     all red: PowerManagerShutdownDeathTest.AManagerNeverStoppedIsDestroyedWithoutAborting PowerManagerShutdownDeathTest.AStoppedManagerIsDestroyedWithoutAborting 

restoring and re-checking the baseline:
  ok       sources restored byte-identically and the tree builds

mutations: 3   survivors: 0
✅ every mutation was caught.
