-----------------------------------------------------------
Server listening on 5201 (test #1)
-----------------------------------------------------------
Accepted connection from 10.0.0.37, port 49556
[  8] local 10.0.0.101 port 5201 connected to 10.0.0.37 port 40842
[ ID] Interval           Transfer     Bitrate         Jitter    Lost/Total Datagrams
[  8]   0.00-1.00   sec   580 KBytes  4.75 Mbits/sec  3.008 ms  13/437 (3%)  
[  8]   1.00-2.00   sec   606 KBytes  4.96 Mbits/sec  0.772 ms  7/450 (1.6%)  
[  8]   2.00-3.00   sec   500 KBytes  4.10 Mbits/sec  1.948 ms  44/410 (11%)  
[  8]   3.00-4.00   sec   608 KBytes  4.98 Mbits/sec  1.361 ms  41/486 (8.4%)  
[  8]   4.00-5.00   sec   607 KBytes  4.97 Mbits/sec  1.535 ms  2/446 (0.45%)  
[  8]   5.00-6.00   sec   610 KBytes  5.00 Mbits/sec  2.370 ms  0/446 (0%)  
[  8]   6.00-7.00   sec   603 KBytes  4.94 Mbits/sec  2.676 ms  1/442 (0.23%)  
[  8]   7.00-8.00   sec   611 KBytes  5.01 Mbits/sec  1.255 ms  4/451 (0.89%)  
[  8]   8.00-9.00   sec   606 KBytes  4.96 Mbits/sec  1.999 ms  4/447 (0.89%)  
[  8]   9.00-10.00  sec   608 KBytes  4.98 Mbits/sec  2.209 ms  0/445 (0%)  
[  8]  10.00-11.00  sec   606 KBytes  4.96 Mbits/sec  1.639 ms  3/446 (0.67%)  
[  8]  11.00-12.00  sec   602 KBytes  4.93 Mbits/sec  2.487 ms  4/444 (0.9%)  
[  8]  12.00-13.00  sec   597 KBytes  4.89 Mbits/sec  1.557 ms  13/450 (2.9%)  
[  8]  13.00-14.00  sec   600 KBytes  4.92 Mbits/sec  2.240 ms  0/439 (0%)  
[  8]  14.00-15.00  sec   580 KBytes  4.75 Mbits/sec  2.583 ms  27/451 (6%)  
[  8]  15.00-16.00  sec   435 KBytes  3.56 Mbits/sec  3.494 ms  30/348 (8.6%)  
[  8]  16.00-17.00  sec   524 KBytes  4.29 Mbits/sec  2.317 ms  100/483 (21%)  
[  8]  17.00-18.00  sec   547 KBytes  4.48 Mbits/sec  3.048 ms  32/432 (7.4%)  
[  8]  18.00-19.00  sec   438 KBytes  3.58 Mbits/sec  3.289 ms  110/430 (26%)  
[  8]  19.00-20.00  sec   562 KBytes  4.60 Mbits/sec  3.003 ms  23/434 (5.3%)  
[  8]  20.00-21.00  sec   725 KBytes  5.94 Mbits/sec  0.916 ms  25/555 (4.5%)  
[  8]  21.00-22.00  sec   599 KBytes  4.91 Mbits/sec  1.527 ms  7/445 (1.6%)  
[  8]  22.00-23.00  sec   612 KBytes  5.02 Mbits/sec  1.379 ms  0/448 (0%)  
[  8]  23.00-24.00  sec   610 KBytes  5.00 Mbits/sec  1.240 ms  1/447 (0.22%)  
[  8]  24.00-25.00  sec   610 KBytes  5.00 Mbits/sec  1.424 ms  0/446 (0%)  
[  8]  25.00-26.00  sec   610 KBytes  5.00 Mbits/sec  1.746 ms  0/446 (0%)  
[  8]  26.00-27.00  sec   593 KBytes  4.86 Mbits/sec  2.136 ms  9/443 (2%)  
[  8]  27.00-28.00  sec   603 KBytes  4.94 Mbits/sec  2.489 ms  6/447 (1.3%)  
[  8]  28.00-29.00  sec   612 KBytes  5.02 Mbits/sec  1.400 ms  0/448 (0%)  
[  8]  29.00-30.00  sec   606 KBytes  4.96 Mbits/sec  1.608 ms  4/447 (0.89%)  
[  8]  30.00-31.00  sec   607 KBytes  4.97 Mbits/sec  1.853 ms  2/446 (0.45%)  
[  8]  31.00-32.00  sec   608 KBytes  4.98 Mbits/sec  1.962 ms  1/446 (0.22%)  
[  8]  32.00-33.00  sec   610 KBytes  5.00 Mbits/sec  2.014 ms  1/447 (0.22%)  
[  8]  33.00-34.00  sec   602 KBytes  4.93 Mbits/sec  2.739 ms  1/441 (0.23%)  
[  8]  34.00-35.00  sec   618 KBytes  5.06 Mbits/sec  1.673 ms  1/453 (0.22%)  
[  8]  35.00-36.00  sec   606 KBytes  4.96 Mbits/sec  1.848 ms  1/444 (0.23%)  
[  8]  36.00-37.00  sec   612 KBytes  5.02 Mbits/sec  1.218 ms  0/448 (0%)  
[  8]  37.00-38.00  sec   608 KBytes  4.98 Mbits/sec  2.204 ms  2/447 (0.45%)  
[  8]  38.00-39.00  sec   608 KBytes  4.98 Mbits/sec  1.440 ms  1/446 (0.22%)  
[  8]  39.00-40.00  sec   610 KBytes  5.00 Mbits/sec  1.702 ms  1/447 (0.22%)  
[  8]  40.00-41.00  sec   611 KBytes  5.01 Mbits/sec  1.337 ms  0/447 (0%)  
[  8]  41.00-42.00  sec   608 KBytes  4.98 Mbits/sec  1.541 ms  1/446 (0.22%)  
[  8]  42.00-43.00  sec   608 KBytes  4.99 Mbits/sec  0.617 ms  1/446 (0.22%)  
[  8]  43.00-44.00  sec   611 KBytes  5.00 Mbits/sec  2.400 ms  1/448 (0.22%)  
[  8]  44.00-45.00  sec   581 KBytes  4.76 Mbits/sec  2.235 ms  18/443 (4.1%)  
[  8]  45.00-46.00  sec   608 KBytes  4.98 Mbits/sec  1.582 ms  3/448 (0.67%)  
[  8]  46.00-47.00  sec   607 KBytes  4.97 Mbits/sec  1.554 ms  0/444 (0%)  
[  8]  47.00-48.00  sec   578 KBytes  4.74 Mbits/sec  2.345 ms  12/435 (2.8%)  
[  8]  48.00-49.00  sec   580 KBytes  4.75 Mbits/sec  1.093 ms  10/434 (2.3%)  
[  8]  49.00-50.00  sec   610 KBytes  5.00 Mbits/sec  1.110 ms  17/463 (3.7%)  
[  8]  50.00-51.00  sec   610 KBytes  5.00 Mbits/sec  1.541 ms  9/455 (2%)  
[  8]  51.00-52.00  sec   595 KBytes  4.87 Mbits/sec  1.796 ms  12/447 (2.7%)  
[  8]  52.00-53.00  sec   608 KBytes  4.98 Mbits/sec  1.334 ms  3/448 (0.67%)  
[  8]  53.00-54.00  sec   582 KBytes  4.77 Mbits/sec  2.194 ms  18/444 (4.1%)  
[  8]  54.00-55.00  sec   599 KBytes  4.91 Mbits/sec  2.042 ms  10/448 (2.2%)  
[  8]  55.00-56.00  sec   604 KBytes  4.95 Mbits/sec  1.720 ms  4/446 (0.9%)  
[  8]  56.00-57.00  sec   566 KBytes  4.64 Mbits/sec  3.679 ms  0/414 (0%)  
[  8]  57.00-58.00  sec   558 KBytes  4.57 Mbits/sec  2.725 ms  9/417 (2.2%)  
[  8]  58.00-59.00  sec   577 KBytes  4.73 Mbits/sec  1.557 ms  5/427 (1.2%)  
[  8]  59.00-60.00  sec   588 KBytes  4.82 Mbits/sec  2.190 ms  0/430 (0%)  
[  8]  60.00-61.00  sec   630 KBytes  5.16 Mbits/sec  2.385 ms  23/484 (4.8%)  
[  8]  61.00-62.00  sec   592 KBytes  4.85 Mbits/sec  1.759 ms  0/433 (0%)  
[  8]  62.00-63.00  sec   697 KBytes  5.71 Mbits/sec  1.486 ms  1/511 (0.2%)  
[  8]  63.00-64.00  sec   611 KBytes  5.01 Mbits/sec  1.523 ms  6/453 (1.3%)  
[  8]  64.00-65.00  sec   477 KBytes  3.91 Mbits/sec  9.587 ms  71/420 (17%)  
[  8]  65.00-66.00  sec   621 KBytes  5.08 Mbits/sec  1.722 ms  22/476 (4.6%)  
[  8]  66.00-67.00  sec   597 KBytes  4.89 Mbits/sec  1.828 ms  4/441 (0.91%)  
[  8]  67.00-68.00  sec   603 KBytes  4.94 Mbits/sec  1.936 ms  10/451 (2.2%)  
[  8]  68.00-69.00  sec   596 KBytes  4.88 Mbits/sec  1.784 ms  3/439 (0.68%)  
[  8]  69.00-70.00  sec   622 KBytes  5.10 Mbits/sec  2.184 ms  0/455 (0%)  
[  8]  70.00-71.00  sec   610 KBytes  5.00 Mbits/sec  1.790 ms  0/446 (0%)  
[  8]  71.00-72.00  sec   585 KBytes  4.79 Mbits/sec  1.532 ms  18/446 (4%)  
[  8]  72.00-73.00  sec   597 KBytes  4.89 Mbits/sec  1.397 ms  8/445 (1.8%)  
[  8]  73.00-74.00  sec   600 KBytes  4.92 Mbits/sec  1.297 ms  10/449 (2.2%)  
[  8]  74.00-75.00  sec   591 KBytes  4.84 Mbits/sec  1.161 ms  14/446 (3.1%)  
[  8]  75.00-76.00  sec   595 KBytes  4.87 Mbits/sec  1.676 ms  10/445 (2.2%)  
[  8]  76.00-77.00  sec   589 KBytes  4.83 Mbits/sec  1.583 ms  14/445 (3.1%)  
[  8]  77.00-78.00  sec   602 KBytes  4.93 Mbits/sec  1.329 ms  7/447 (1.6%)  
[  8]  78.00-79.00  sec   611 KBytes  5.01 Mbits/sec  1.221 ms  3/450 (0.67%)  
[  8]  79.00-80.00  sec   607 KBytes  4.97 Mbits/sec  0.834 ms  1/445 (0.22%)  
[  8]  80.00-81.00  sec   611 KBytes  5.01 Mbits/sec  1.000 ms  0/447 (0%)  
[  8]  81.00-82.00  sec   607 KBytes  4.97 Mbits/sec  1.510 ms  1/445 (0.22%)  
[  8]  82.00-83.00  sec   602 KBytes  4.92 Mbits/sec  1.541 ms  5/445 (1.1%)  
[  8]  83.00-84.00  sec   600 KBytes  4.92 Mbits/sec  2.002 ms  7/446 (1.6%)  
[  8]  84.00-85.00  sec   614 KBytes  5.03 Mbits/sec  1.810 ms  1/450 (0.22%)  
[  8]  85.00-86.00  sec   596 KBytes  4.88 Mbits/sec  1.923 ms  7/443 (1.6%)  
[  8]  86.00-87.00  sec   611 KBytes  5.01 Mbits/sec  1.558 ms  3/450 (0.67%)  
[  8]  87.00-88.00  sec   591 KBytes  4.84 Mbits/sec  0.913 ms  14/446 (3.1%)  
[  8]  88.00-89.00  sec   559 KBytes  4.58 Mbits/sec  1.296 ms  38/447 (8.5%)  
[  8]  89.00-90.00  sec   603 KBytes  4.94 Mbits/sec  1.456 ms  1/442 (0.23%)  
[  8]  90.00-91.00  sec   614 KBytes  5.03 Mbits/sec  2.565 ms  1/450 (0.22%)  
[  8]  91.00-92.00  sec   604 KBytes  4.94 Mbits/sec  1.831 ms  3/445 (0.67%)  
[  8]  92.00-93.00  sec   587 KBytes  4.81 Mbits/sec  1.483 ms  9/438 (2.1%)  
[  8]  93.00-94.00  sec   581 KBytes  4.76 Mbits/sec  1.437 ms  20/445 (4.5%)  
[  8]  94.00-95.00  sec   618 KBytes  5.06 Mbits/sec  2.170 ms  4/456 (0.88%)  
[  8]  95.00-96.00  sec   597 KBytes  4.89 Mbits/sec  1.424 ms  10/447 (2.2%)  
[  8]  96.00-97.00  sec   592 KBytes  4.85 Mbits/sec  1.932 ms  12/445 (2.7%)  
[  8]  97.00-98.00  sec   595 KBytes  4.87 Mbits/sec  1.168 ms  13/448 (2.9%)  
[  8]  98.00-99.00  sec   587 KBytes  4.80 Mbits/sec  2.173 ms  17/446 (3.8%)  
[  8]  99.00-100.00 sec   588 KBytes  4.82 Mbits/sec  1.672 ms  18/448 (4%)  
[  8] 100.00-101.00 sec   607 KBytes  4.97 Mbits/sec  1.725 ms  2/446 (0.45%)  
[  8] 101.00-102.00 sec   607 KBytes  4.97 Mbits/sec  2.063 ms  1/445 (0.22%)  
[  8] 102.00-103.00 sec   559 KBytes  4.58 Mbits/sec  1.948 ms  11/420 (2.6%)  
[  8] 103.00-104.00 sec   293 KBytes  2.40 Mbits/sec  7.546 ms  66/280 (24%)  
[  8] 104.00-105.00 sec   615 KBytes  5.04 Mbits/sec  2.031 ms  189/639 (30%)  
[  8] 105.00-106.00 sec   599 KBytes  4.91 Mbits/sec  2.298 ms  7/445 (1.6%)  
[  8] 106.00-107.00 sec   582 KBytes  4.77 Mbits/sec  2.818 ms  21/447 (4.7%)  
[  8] 107.00-108.00 sec   581 KBytes  4.76 Mbits/sec  1.611 ms  24/449 (5.3%)  
[  8] 108.00-109.00 sec   599 KBytes  4.90 Mbits/sec  2.179 ms  8/446 (1.8%)  
[  8] 109.00-110.00 sec   606 KBytes  4.96 Mbits/sec  1.349 ms  4/447 (0.89%)  
[  8] 110.00-111.00 sec   530 KBytes  4.35 Mbits/sec  4.966 ms  2/390 (0.51%)  
[  8] 111.00-112.00 sec   509 KBytes  4.17 Mbits/sec  2.304 ms  7/379 (1.8%)  
[  8] 112.00-113.00 sec   614 KBytes  5.03 Mbits/sec  1.595 ms  120/569 (21%)  
[  8] 113.00-114.00 sec   487 KBytes  3.99 Mbits/sec  2.687 ms  43/399 (11%)  
[  8] 114.00-115.00 sec   556 KBytes  4.56 Mbits/sec  2.467 ms  16/423 (3.8%)  
[  8] 115.00-116.00 sec   622 KBytes  5.10 Mbits/sec  2.070 ms  14/469 (3%)  
[  8] 116.00-117.00 sec   630 KBytes  5.16 Mbits/sec  3.101 ms  6/467 (1.3%)  
[  8] 117.00-118.00 sec   522 KBytes  4.28 Mbits/sec  1.647 ms  12/394 (3%)  
[  8] 118.00-119.00 sec   673 KBytes  5.51 Mbits/sec  1.413 ms  24/516 (4.7%)  
[  8] 119.00-120.00 sec   520 KBytes  4.26 Mbits/sec  1.976 ms  77/457 (17%)  
[  8] 120.00-121.00 sec   595 KBytes  4.86 Mbits/sec  2.053 ms  13/448 (2.9%)  
[  8] 121.00-122.00 sec   580 KBytes  4.76 Mbits/sec  2.074 ms  21/445 (4.7%)  
[  8] 122.00-123.00 sec   570 KBytes  4.67 Mbits/sec  1.697 ms  31/448 (6.9%)  
[  8] 123.00-124.00 sec   603 KBytes  4.94 Mbits/sec  1.672 ms  2/443 (0.45%)  
[  8] 124.00-125.00 sec   602 KBytes  4.93 Mbits/sec  1.814 ms  10/450 (2.2%)  
[  8] 125.00-126.00 sec   600 KBytes  4.90 Mbits/sec  2.187 ms  3/442 (0.68%)  
[  8] 126.00-127.00 sec   608 KBytes  5.00 Mbits/sec  1.442 ms  3/448 (0.67%)  
[  8] 127.00-128.00 sec   607 KBytes  4.97 Mbits/sec  1.691 ms  5/449 (1.1%)  
[  8] 128.00-129.00 sec   599 KBytes  4.91 Mbits/sec  2.448 ms  7/445 (1.6%)  
[  8] 129.00-130.00 sec   611 KBytes  5.01 Mbits/sec  1.494 ms  0/447 (0%)  
[  8] 130.00-131.00 sec   595 KBytes  4.87 Mbits/sec  1.833 ms  6/441 (1.4%)  
[  8] 131.00-132.00 sec   600 KBytes  4.92 Mbits/sec  2.158 ms  12/451 (2.7%)  
[  8] 132.00-133.00 sec   574 KBytes  4.70 Mbits/sec  1.145 ms  25/445 (5.6%)  
[  8] 133.00-134.00 sec   551 KBytes  4.51 Mbits/sec  2.423 ms  43/446 (9.6%)  
[  8] 134.00-135.00 sec   585 KBytes  4.79 Mbits/sec  1.777 ms  17/445 (3.8%)  
[  8] 135.00-136.00 sec   574 KBytes  4.70 Mbits/sec  2.820 ms  26/446 (5.8%)  
[  8] 136.00-137.00 sec   599 KBytes  4.91 Mbits/sec  2.287 ms  13/451 (2.9%)  
[  8] 137.00-138.00 sec   574 KBytes  4.70 Mbits/sec  2.391 ms  24/444 (5.4%)  
[  8] 138.00-139.00 sec   582 KBytes  4.77 Mbits/sec  2.541 ms  2/428 (0.47%)  
[  8] 139.00-140.00 sec   587 KBytes  4.80 Mbits/sec  2.291 ms  29/458 (6.3%)  
[  8] 140.00-141.00 sec   548 KBytes  4.49 Mbits/sec  1.681 ms  56/457 (12%)  
[  8] 141.00-142.00 sec   581 KBytes  4.76 Mbits/sec  0.959 ms  4/429 (0.93%)  
[  8] 142.00-143.00 sec   621 KBytes  5.08 Mbits/sec  1.986 ms  10/464 (2.2%)  
[  8] 143.00-144.00 sec   603 KBytes  4.94 Mbits/sec  2.278 ms  5/446 (1.1%)  
[  8] 144.00-145.00 sec   592 KBytes  4.85 Mbits/sec  1.819 ms  13/446 (2.9%)  
[  8] 145.00-146.00 sec   600 KBytes  4.92 Mbits/sec  1.297 ms  7/446 (1.6%)  
[  8] 146.00-147.00 sec   550 KBytes  4.50 Mbits/sec  1.980 ms  45/447 (10%)  
[  8] 147.00-148.00 sec   580 KBytes  4.75 Mbits/sec  1.669 ms  22/446 (4.9%)  
[  8] 148.00-149.00 sec   595 KBytes  4.87 Mbits/sec  2.242 ms  10/445 (2.2%)  
[  8] 149.00-150.00 sec   606 KBytes  4.96 Mbits/sec  2.082 ms  5/448 (1.1%)  
[  8] 150.00-151.00 sec   608 KBytes  4.98 Mbits/sec  2.333 ms  2/447 (0.45%)  
[  8] 151.00-152.00 sec   584 KBytes  4.78 Mbits/sec  2.255 ms  13/440 (3%)  
[  8] 152.00-153.00 sec   597 KBytes  4.89 Mbits/sec  2.347 ms  12/449 (2.7%)  
[  8] 153.00-154.00 sec   584 KBytes  4.78 Mbits/sec  1.506 ms  23/450 (5.1%)  
[  8] 154.00-155.00 sec   602 KBytes  4.93 Mbits/sec  1.393 ms  5/445 (1.1%)  
[  8] 155.00-156.00 sec   595 KBytes  4.87 Mbits/sec  2.354 ms  12/447 (2.7%)  
[  8] 156.00-157.00 sec   589 KBytes  4.83 Mbits/sec  1.347 ms  16/447 (3.6%)  
[  8] 157.00-158.00 sec   593 KBytes  4.86 Mbits/sec  2.510 ms  11/445 (2.5%)  
[  8] 158.00-159.00 sec   603 KBytes  4.94 Mbits/sec  1.832 ms  4/445 (0.9%)  
[  8] 159.00-160.00 sec   602 KBytes  4.93 Mbits/sec  2.131 ms  8/448 (1.8%)  
[  8] 160.00-161.00 sec   603 KBytes  4.94 Mbits/sec  1.512 ms  5/446 (1.1%)  
[  8] 161.00-162.00 sec   606 KBytes  4.96 Mbits/sec  1.942 ms  3/446 (0.67%)  
[  8] 162.00-163.00 sec   603 KBytes  4.94 Mbits/sec  1.817 ms  4/445 (0.9%)  
[  8] 163.00-164.00 sec   593 KBytes  4.86 Mbits/sec  1.431 ms  16/450 (3.6%)  
[  8] 164.00-165.00 sec   606 KBytes  4.96 Mbits/sec  1.508 ms  4/447 (0.89%)  
[  8] 165.00-166.00 sec   607 KBytes  4.97 Mbits/sec  1.619 ms  1/445 (0.22%)  
[  8] 166.00-167.00 sec   606 KBytes  4.96 Mbits/sec  1.348 ms  5/448 (1.1%)  
[  8] 167.00-168.00 sec   585 KBytes  4.79 Mbits/sec  1.688 ms  18/446 (4%)  
[  8] 168.00-169.00 sec   597 KBytes  4.89 Mbits/sec  1.381 ms  7/444 (1.6%)  
[  8] 169.00-170.00 sec   602 KBytes  4.93 Mbits/sec  1.353 ms  8/448 (1.8%)  
[  8] 170.00-171.00 sec   591 KBytes  4.84 Mbits/sec  1.591 ms  13/445 (2.9%)  
[  8] 171.00-172.00 sec   614 KBytes  5.03 Mbits/sec  2.372 ms  0/449 (0%)  
[  8] 172.00-173.00 sec   596 KBytes  4.88 Mbits/sec  1.905 ms  10/446 (2.2%)  
[  8] 173.00-174.00 sec   610 KBytes  5.00 Mbits/sec  1.732 ms  1/447 (0.22%)  
[  8] 174.00-175.00 sec   597 KBytes  4.89 Mbits/sec  1.390 ms  8/445 (1.8%)  
[  8] 175.00-176.00 sec   603 KBytes  4.94 Mbits/sec  1.993 ms  6/448 (1.3%)  
[  8] 176.00-177.00 sec   573 KBytes  4.69 Mbits/sec  2.242 ms  26/445 (5.8%)  
[  8] 177.00-178.00 sec   589 KBytes  4.83 Mbits/sec  1.517 ms  13/444 (2.9%)  
[  8] 178.00-179.00 sec   587 KBytes  4.80 Mbits/sec  2.595 ms  17/446 (3.8%)  
[  8] 179.00-180.00 sec   604 KBytes  4.95 Mbits/sec  1.686 ms  8/450 (1.8%)  
[  8] 180.00-181.00 sec   592 KBytes  4.85 Mbits/sec  2.225 ms  11/444 (2.5%)  
[  8] 181.00-182.00 sec   603 KBytes  4.94 Mbits/sec  2.257 ms  4/445 (0.9%)  
[  8] 182.00-183.00 sec   596 KBytes  4.88 Mbits/sec  2.629 ms  14/450 (3.1%)  
[  8] 183.00-184.00 sec   606 KBytes  4.96 Mbits/sec  2.127 ms  1/444 (0.23%)  
[  8] 184.00-185.00 sec   610 KBytes  5.00 Mbits/sec  1.927 ms  0/446 (0%)  
[  8] 185.00-186.00 sec   612 KBytes  5.02 Mbits/sec  1.840 ms  0/448 (0%)  
[  8] 186.00-187.00 sec   596 KBytes  4.88 Mbits/sec  1.700 ms  12/448 (2.7%)  
[  8] 187.00-188.00 sec   600 KBytes  4.92 Mbits/sec  2.175 ms  5/444 (1.1%)  
[  8] 188.00-189.00 sec   603 KBytes  4.94 Mbits/sec  2.141 ms  5/446 (1.1%)  
[  8] 189.00-190.00 sec   612 KBytes  5.02 Mbits/sec  0.994 ms  1/449 (0.22%)  
[  8] 190.00-191.00 sec   608 KBytes  4.98 Mbits/sec  1.711 ms  0/445 (0%)  
[  8] 191.00-192.00 sec   603 KBytes  4.94 Mbits/sec  1.450 ms  4/445 (0.9%)  
[  8] 192.00-193.00 sec   596 KBytes  4.88 Mbits/sec  1.781 ms  14/450 (3.1%)  
[  8] 193.00-194.00 sec   591 KBytes  4.84 Mbits/sec  1.667 ms  13/445 (2.9%)  
[  8] 194.00-195.00 sec   595 KBytes  4.87 Mbits/sec  1.097 ms  12/447 (2.7%)  
[  8] 195.00-196.00 sec   595 KBytes  4.87 Mbits/sec  1.450 ms  9/444 (2%)  
[  8] 196.00-197.00 sec   612 KBytes  5.02 Mbits/sec  1.679 ms  1/449 (0.22%)  
[  8] 197.00-198.00 sec   562 KBytes  4.60 Mbits/sec  1.323 ms  35/446 (7.8%)  
[  8] 198.00-199.00 sec   595 KBytes  4.87 Mbits/sec  1.575 ms  7/442 (1.6%)  
[  8] 199.00-200.00 sec   614 KBytes  5.03 Mbits/sec  1.953 ms  1/450 (0.22%)  
[  8] 200.00-201.00 sec   604 KBytes  4.95 Mbits/sec  3.091 ms  3/445 (0.67%)  
[  8] 201.00-202.00 sec   577 KBytes  4.73 Mbits/sec  2.185 ms  27/449 (6%)  
[  8] 202.00-203.00 sec   580 KBytes  4.75 Mbits/sec  2.018 ms  17/441 (3.9%)  
[  8] 203.00-204.00 sec   602 KBytes  4.93 Mbits/sec  2.425 ms  10/450 (2.2%)  
[  8] 204.00-205.00 sec   577 KBytes  4.73 Mbits/sec  1.773 ms  28/450 (6.2%)  
[  8] 205.00-206.00 sec   610 KBytes  4.99 Mbits/sec  1.371 ms  0/446 (0%)  
[  8] 206.00-207.00 sec   565 KBytes  4.62 Mbits/sec  2.801 ms  32/445 (7.2%)  
[  8] 207.00-208.00 sec   591 KBytes  4.84 Mbits/sec  2.103 ms  14/446 (3.1%)  
[  8] 208.00-209.00 sec   596 KBytes  4.88 Mbits/sec  1.941 ms  10/446 (2.2%)  
[  8] 209.00-210.00 sec   603 KBytes  4.94 Mbits/sec  1.664 ms  5/446 (1.1%)  
[  8] 210.00-211.00 sec   612 KBytes  5.02 Mbits/sec  1.913 ms  0/448 (0%)  
[  8] 211.00-212.00 sec   576 KBytes  4.72 Mbits/sec  2.430 ms  19/440 (4.3%)  
[  8] 212.00-213.00 sec   587 KBytes  4.80 Mbits/sec  2.077 ms  22/451 (4.9%)  
[  8] 213.00-214.00 sec   588 KBytes  4.82 Mbits/sec  1.229 ms  18/448 (4%)  
[  8] 214.00-215.00 sec   580 KBytes  4.75 Mbits/sec  1.569 ms  22/446 (4.9%)  
[  8] 215.00-216.00 sec   592 KBytes  4.85 Mbits/sec  2.203 ms  14/447 (3.1%)  
[  8] 216.00-217.00 sec   569 KBytes  4.65 Mbits/sec  2.774 ms  26/442 (5.9%)  
[  8] 217.00-218.00 sec   591 KBytes  4.85 Mbits/sec  2.644 ms  15/447 (3.4%)  
[  8] 218.00-219.00 sec   578 KBytes  4.74 Mbits/sec  2.017 ms  28/451 (6.2%)  
[  8] 219.00-220.00 sec   596 KBytes  4.88 Mbits/sec  2.206 ms  8/444 (1.8%)  
[  8] 220.00-221.00 sec   585 KBytes  4.79 Mbits/sec  1.550 ms  21/449 (4.7%)  
[  8] 221.00-222.00 sec   599 KBytes  4.91 Mbits/sec  1.544 ms  8/446 (1.8%)  
[  8] 222.00-223.00 sec   602 KBytes  4.93 Mbits/sec  1.645 ms  5/445 (1.1%)  
[  8] 223.00-224.00 sec   611 KBytes  5.01 Mbits/sec  1.923 ms  0/447 (0%)  
[  8] 224.00-225.00 sec   611 KBytes  5.01 Mbits/sec  1.217 ms  1/448 (0.22%)  
[  8] 225.00-226.00 sec   597 KBytes  4.89 Mbits/sec  1.595 ms  7/444 (1.6%)  
[  8] 226.00-227.00 sec   611 KBytes  5.01 Mbits/sec  1.879 ms  1/448 (0.22%)  
[  8] 227.00-228.00 sec   610 KBytes  5.00 Mbits/sec  1.293 ms  0/446 (0%)  
[  8] 228.00-229.00 sec   610 KBytes  4.99 Mbits/sec  2.043 ms  1/447 (0.22%)  
[  8] 229.00-230.00 sec   587 KBytes  4.81 Mbits/sec  1.234 ms  18/447 (4%)  
[  8] 230.00-231.00 sec   589 KBytes  4.83 Mbits/sec  1.565 ms  14/445 (3.1%)  
[  8] 231.00-232.00 sec   611 KBytes  5.01 Mbits/sec  2.440 ms  0/447 (0%)  
[  8] 232.00-233.00 sec   607 KBytes  4.97 Mbits/sec  1.863 ms  2/446 (0.45%)  
[  8] 233.00-234.00 sec   608 KBytes  4.99 Mbits/sec  1.254 ms  4/449 (0.89%)  
[  8] 234.00-235.00 sec   606 KBytes  4.96 Mbits/sec  1.629 ms  2/445 (0.45%)  
[  8] 235.00-236.00 sec   606 KBytes  4.96 Mbits/sec  1.593 ms  3/446 (0.67%)  
[  8] 236.00-237.00 sec   608 KBytes  4.98 Mbits/sec  2.051 ms  1/446 (0.22%)  
[  8] 237.00-238.00 sec   600 KBytes  4.91 Mbits/sec  2.812 ms  5/444 (1.1%)  
[  8] 238.00-239.00 sec   607 KBytes  4.96 Mbits/sec  2.036 ms  6/450 (1.3%)  
[  8] 239.00-240.00 sec   599 KBytes  4.92 Mbits/sec  2.097 ms  7/445 (1.6%)  
[  8] 240.00-240.01 sec  5.47 KBytes  3.44 Mbits/sec  2.277 ms  0/4 (0%)  
- - - - - - - - - - - - - - - - - - - - - - - - -
[ ID] Interval           Transfer     Bitrate         Jitter    Lost/Total Datagrams
[  8]   0.00-240.01 sec   139 MBytes  4.86 Mbits/sec  2.277 ms  3038/107143 (2.8%)  receiver
