### E arm link_f64_a  group link  frame 64B (payload 22)  h1->h4  step 8s  11:26:14Z
      1 kpps  reps 1  loss   0.0000%  sent     999.9 pps  recv     999.8 pps  clean=yes
      2 kpps  reps 1  loss   0.0000%  sent    1999.8 pps  recv    1999.6 pps  clean=yes
      3 kpps  reps 1  loss   0.0000%  sent    2999.5 pps  recv    2999.2 pps  clean=yes
      5 kpps  reps 1  loss   0.0000%  sent    4999.2 pps  recv    4998.9 pps  clean=yes
      8 kpps  reps 1  loss   0.0000%  sent    7998.7 pps  recv    7998.2 pps  clean=yes
     12 kpps  reps 3  loss   0.0000%  sent   11998.1 pps  recv   11997.1 pps  clean=yes
     20 kpps  reps 3  loss   0.0100%  sent   19996.6 pps  recv   19994.2 pps  clean=yes
     30 kpps  reps 3  loss   0.1358%  sent   29995.0 pps  recv   29990.5 pps  clean=yes
     45 kpps  reps 1  loss   4.1771%  sent   44992.9 pps  recv   44984.0 pps  clean=no
     70 kpps  reps 1  loss  29.7262%  sent   69988.8 pps  recv   69983.4 pps  clean=no
    110 kpps  reps 1  loss  47.9981%  sent  109984.7 pps  recv  109964.3 pps  clean=no
  ⚠️  two consecutive rungs above 25% -- stopping the climb at 110 kpps.
     Rungs above 110 kpps were NOT measured; the highest clean rung is already below.
  ✅ confirmed 30 kpps  reps 0.1992,0.1096,0.0696  median 0.1096% <= 0.5%
### top_rung_confirmation=30:0.1992,0.1096,0.0696=>0.1096 
### kernel_sha256_end=be70b5dd3235684786dc074b79ec43ad285757af4661459e993b204d1833cb49
### sflow_counter_level=telemetry_health/telemetry_health
### d_rx_total=86426
### d_addressed_total=86426
### d_sock_ovfl_total=0
### d_app_drop_total=0
### d_malformed_ipv4_ihl=0
### d_family_ipv4=86422
### d_family_ipv6=0
### d_family_l2=4
### d_family_undecodable=0
### finished=2026-09-19T11:29:16Z
### invalid=no
