-----------------------------------------------------------
Server listening on 5201 (test #1)
-----------------------------------------------------------
Accepted connection from 10.0.0.1, port 52282
[  8] local 10.0.0.65 port 5201 connected to 10.0.0.1 port 47388
[ ID] Interval           Transfer     Bitrate         Jitter    Lost/Total Datagrams
[  8]   0.00-1.00   sec  2.07 MBytes  17.3 Mbits/sec  0.507 ms  220/1767 (12%)  
[  8]   1.00-2.00   sec  2.28 MBytes  19.1 Mbits/sec  0.404 ms  77/1784 (4.3%)  
[  8]   2.00-3.00   sec  2.34 MBytes  19.6 Mbits/sec  0.600 ms  38/1791 (2.1%)  
[  8]   3.00-4.00   sec  2.39 MBytes  20.0 Mbits/sec  0.644 ms  2/1790 (0.11%)  
[  8]   4.00-5.00   sec  2.39 MBytes  20.0 Mbits/sec  0.603 ms  0/1787 (0%)  
[  8]   5.00-6.00   sec  2.11 MBytes  17.7 Mbits/sec  1.157 ms  178/1758 (10%)  
[  8]   6.00-7.00   sec  2.35 MBytes  19.7 Mbits/sec  0.495 ms  48/1809 (2.7%)  
[  8]   7.00-8.00   sec  2.37 MBytes  19.8 Mbits/sec  0.788 ms  13/1785 (0.73%)  
[  8]   8.00-9.00   sec  2.36 MBytes  19.8 Mbits/sec  0.396 ms  16/1783 (0.9%)  
[  8]   9.00-10.00  sec  2.21 MBytes  18.5 Mbits/sec  0.496 ms  132/1786 (7.4%)  
[  8]  10.00-11.00  sec  2.28 MBytes  19.2 Mbits/sec  0.556 ms  84/1794 (4.7%)  
[  8]  11.00-12.00  sec  2.37 MBytes  19.9 Mbits/sec  0.539 ms  8/1786 (0.45%)  
[  8]  12.00-13.00  sec  2.26 MBytes  18.9 Mbits/sec  0.657 ms  80/1772 (4.5%)  
[  8]  13.00-14.00  sec  2.32 MBytes  19.5 Mbits/sec  0.792 ms  40/1781 (2.2%)  
[  8]  14.00-15.00  sec  2.37 MBytes  19.9 Mbits/sec  0.481 ms  26/1803 (1.4%)  
[  8]  15.00-16.00  sec  2.35 MBytes  19.7 Mbits/sec  0.591 ms  23/1781 (1.3%)  
[  8]  16.00-17.00  sec  2.20 MBytes  18.5 Mbits/sec  0.717 ms  21/1670 (1.3%)  
[  8]  17.00-18.00  sec  2.33 MBytes  19.5 Mbits/sec  0.619 ms  164/1908 (8.6%)  
[  8]  18.00-19.00  sec  2.24 MBytes  18.8 Mbits/sec  0.569 ms  100/1776 (5.6%)  
[  8]  19.00-20.00  sec  2.15 MBytes  18.0 Mbits/sec  0.670 ms  179/1790 (10%)  
[  8]  20.00-21.00  sec  2.31 MBytes  19.4 Mbits/sec  0.423 ms  59/1791 (3.3%)  
[  8]  21.00-22.00  sec  2.32 MBytes  19.4 Mbits/sec  0.541 ms  50/1784 (2.8%)  
[  8]  22.00-23.00  sec  2.28 MBytes  19.1 Mbits/sec  0.604 ms  73/1780 (4.1%)  
[  8]  23.00-24.00  sec  2.35 MBytes  19.7 Mbits/sec  0.733 ms  27/1787 (1.5%)  
[  8]  24.00-25.00  sec  2.37 MBytes  19.9 Mbits/sec  0.531 ms  4/1780 (0.22%)  
[  8]  25.00-26.00  sec  2.38 MBytes  19.9 Mbits/sec  0.707 ms  14/1795 (0.78%)  
[  8]  26.00-27.00  sec  2.32 MBytes  19.5 Mbits/sec  0.501 ms  38/1775 (2.1%)  
[  8]  27.00-28.00  sec  2.09 MBytes  17.5 Mbits/sec  0.848 ms  12/1574 (0.76%)  
[  8]  28.00-29.00  sec  2.16 MBytes  18.1 Mbits/sec  0.817 ms  205/1825 (11%)  
[  8]  29.00-30.00  sec  2.19 MBytes  18.4 Mbits/sec  0.499 ms  317/1959 (16%)  
[  8]  30.00-31.00  sec  2.37 MBytes  19.9 Mbits/sec  0.607 ms  11/1786 (0.62%)  
[  8]  31.00-32.00  sec  2.31 MBytes  19.4 Mbits/sec  0.777 ms  64/1794 (3.6%)  
[  8]  32.00-33.00  sec  2.37 MBytes  19.9 Mbits/sec  0.633 ms  0/1777 (0%)  
[  8]  33.00-34.00  sec  2.40 MBytes  20.1 Mbits/sec  0.523 ms  2/1796 (0.11%)  
[  8]  34.00-35.00  sec  2.36 MBytes  19.8 Mbits/sec  0.655 ms  15/1782 (0.84%)  
[  8]  35.00-36.00  sec  2.19 MBytes  18.4 Mbits/sec  0.562 ms  121/1761 (6.9%)  
[  8]  36.00-37.00  sec  2.39 MBytes  20.1 Mbits/sec  0.610 ms  5/1796 (0.28%)  
[  8]  37.00-38.00  sec  2.38 MBytes  20.0 Mbits/sec  0.680 ms  18/1804 (1%)  
[  8]  38.00-39.00  sec  2.36 MBytes  19.8 Mbits/sec  0.532 ms  11/1775 (0.62%)  
[  8]  39.00-40.00  sec  2.15 MBytes  18.1 Mbits/sec  0.676 ms  179/1793 (10%)  
[  8]  40.00-41.00  sec  2.34 MBytes  19.7 Mbits/sec  0.598 ms  21/1777 (1.2%)  
[  8]  41.00-42.00  sec  2.38 MBytes  20.0 Mbits/sec  0.445 ms  9/1793 (0.5%)  
[  8]  42.00-43.00  sec  2.36 MBytes  19.8 Mbits/sec  0.436 ms  21/1789 (1.2%)  
[  8]  43.00-44.00  sec  2.33 MBytes  19.5 Mbits/sec  0.315 ms  34/1777 (1.9%)  
[  8]  44.00-45.00  sec  2.38 MBytes  19.9 Mbits/sec  0.516 ms  14/1793 (0.78%)  
[  8]  45.00-46.00  sec  2.32 MBytes  19.5 Mbits/sec  0.848 ms  43/1783 (2.4%)  
[  8]  46.00-47.00  sec  2.33 MBytes  19.6 Mbits/sec  0.647 ms  40/1788 (2.2%)  
[  8]  47.00-48.00  sec  2.22 MBytes  18.6 Mbits/sec  0.948 ms  64/1727 (3.7%)  
[  8]  48.00-49.00  sec  1.28 MBytes  10.7 Mbits/sec  1.103 ms  523/1481 (35%)  
[  8]  49.00-50.00  sec  2.29 MBytes  19.2 Mbits/sec  0.432 ms  435/2147 (20%)  
[  8]  50.00-51.00  sec  1.74 MBytes  14.6 Mbits/sec  0.802 ms  343/1648 (21%)  
[  8]  51.00-52.00  sec  2.17 MBytes  18.2 Mbits/sec  0.720 ms  298/1926 (15%)  
[  8]  52.00-53.00  sec  2.33 MBytes  19.5 Mbits/sec  0.711 ms  20/1762 (1.1%)  
[  8]  53.00-54.00  sec  2.37 MBytes  19.9 Mbits/sec  0.983 ms  24/1798 (1.3%)  
[  8]  54.00-55.00  sec  2.40 MBytes  20.1 Mbits/sec  0.677 ms  2/1797 (0.11%)  
[  8]  55.00-56.00  sec  2.33 MBytes  19.5 Mbits/sec  0.749 ms  35/1780 (2%)  
[  8]  56.00-57.00  sec  2.31 MBytes  19.4 Mbits/sec  0.556 ms  62/1794 (3.5%)  
[  8]  57.00-58.00  sec  2.26 MBytes  18.9 Mbits/sec  0.729 ms  77/1768 (4.4%)  
[  8]  58.00-59.00  sec  2.29 MBytes  19.2 Mbits/sec  0.639 ms  49/1761 (2.8%)  
[  8]  59.00-60.00  sec  2.26 MBytes  19.0 Mbits/sec  0.966 ms  34/1730 (2%)  
[  8]  60.00-61.00  sec  1.87 MBytes  15.7 Mbits/sec  0.758 ms  466/1867 (25%)  
[  8]  61.00-62.01  sec  2.14 MBytes  17.8 Mbits/sec  0.639 ms  189/1794 (11%)  
[  8]  62.01-63.00  sec  2.38 MBytes  20.1 Mbits/sec  0.685 ms  10/1791 (0.56%)  
[  8]  63.00-64.00  sec  1.89 MBytes  15.9 Mbits/sec  1.211 ms  109/1525 (7.1%)  
[  8]  64.00-65.00  sec  2.45 MBytes  20.5 Mbits/sec  0.697 ms  209/2041 (10%)  
[  8]  65.00-66.00  sec  2.24 MBytes  18.8 Mbits/sec  1.014 ms  35/1712 (2%)  
[  8]  66.00-67.00  sec  2.41 MBytes  20.2 Mbits/sec  0.638 ms  53/1860 (2.8%)  
[  8]  67.00-68.00  sec  2.36 MBytes  19.8 Mbits/sec  0.356 ms  16/1785 (0.9%)  
[  8]  68.00-69.00  sec  2.34 MBytes  19.6 Mbits/sec  0.668 ms  37/1786 (2.1%)  
[  8]  69.00-70.00  sec  2.37 MBytes  19.9 Mbits/sec  0.613 ms  9/1784 (0.5%)  
[  8]  70.00-71.00  sec  2.21 MBytes  18.6 Mbits/sec  0.883 ms  123/1780 (6.9%)  
[  8]  71.00-72.00  sec  2.33 MBytes  19.5 Mbits/sec  0.832 ms  46/1791 (2.6%)  
[  8]  72.00-73.00  sec  1.88 MBytes  15.8 Mbits/sec  1.404 ms  293/1702 (17%)  
[  8]  73.00-74.00  sec  2.21 MBytes  18.6 Mbits/sec  0.760 ms  222/1878 (12%)  
[  8]  74.00-75.00  sec  2.32 MBytes  19.5 Mbits/sec  0.357 ms  44/1781 (2.5%)  
[  8]  75.00-76.00  sec  2.29 MBytes  19.2 Mbits/sec  0.667 ms  63/1775 (3.5%)  
[  8]  76.00-77.00  sec  2.27 MBytes  19.1 Mbits/sec  0.405 ms  95/1796 (5.3%)  
[  8]  77.00-78.00  sec  2.28 MBytes  19.2 Mbits/sec  0.331 ms  84/1795 (4.7%)  
[  8]  78.00-79.00  sec  2.33 MBytes  19.5 Mbits/sec  0.431 ms  32/1775 (1.8%)  
[  8]  79.00-80.00  sec  2.36 MBytes  19.8 Mbits/sec  0.426 ms  22/1789 (1.2%)  
[  8]  80.00-81.00  sec  2.23 MBytes  18.7 Mbits/sec  0.634 ms  98/1770 (5.5%)  
[  8]  81.00-82.00  sec  2.34 MBytes  19.7 Mbits/sec  0.548 ms  44/1800 (2.4%)  
[  8]  82.00-83.00  sec  2.24 MBytes  18.8 Mbits/sec  0.463 ms  86/1766 (4.9%)  
[  8]  83.00-84.00  sec  2.21 MBytes  18.6 Mbits/sec  0.636 ms  148/1806 (8.2%)  
[  8]  84.00-85.00  sec  2.34 MBytes  19.7 Mbits/sec  0.738 ms  32/1788 (1.8%)  
[  8]  85.00-86.00  sec  2.35 MBytes  19.7 Mbits/sec  0.282 ms  30/1790 (1.7%)  
[  8]  86.00-87.00  sec  2.24 MBytes  18.8 Mbits/sec  0.661 ms  95/1773 (5.4%)  
[  8]  87.00-88.00  sec  2.33 MBytes  19.5 Mbits/sec  0.720 ms  46/1790 (2.6%)  
[  8]  88.00-89.00  sec  2.35 MBytes  19.7 Mbits/sec  0.326 ms  18/1781 (1%)  
[  8]  89.00-90.00  sec  2.34 MBytes  19.6 Mbits/sec  0.458 ms  31/1784 (1.7%)  
[  8]  90.00-91.00  sec  2.39 MBytes  20.1 Mbits/sec  0.595 ms  5/1797 (0.28%)  
[  8]  91.00-92.00  sec  2.38 MBytes  20.0 Mbits/sec  0.627 ms  5/1788 (0.28%)  
[  8]  92.00-93.00  sec  2.31 MBytes  19.3 Mbits/sec  0.903 ms  51/1778 (2.9%)  
[  8]  93.00-94.00  sec  2.34 MBytes  19.6 Mbits/sec  0.438 ms  29/1783 (1.6%)  
[  8]  94.00-95.00  sec  2.38 MBytes  19.9 Mbits/sec  0.640 ms  11/1791 (0.61%)  
[  8]  95.00-96.00  sec  2.38 MBytes  20.0 Mbits/sec  0.741 ms  0/1785 (0%)  
[  8]  96.00-97.00  sec  2.39 MBytes  20.0 Mbits/sec  0.313 ms  0/1788 (0%)  
[  8]  97.00-98.00  sec  2.35 MBytes  19.7 Mbits/sec  0.519 ms  23/1780 (1.3%)  
[  8]  98.00-99.00  sec  2.37 MBytes  19.9 Mbits/sec  0.512 ms  11/1788 (0.62%)  
[  8]  99.00-100.00 sec  2.38 MBytes  20.0 Mbits/sec  0.490 ms  8/1793 (0.45%)  
[  8] 100.00-101.00 sec  2.38 MBytes  20.0 Mbits/sec  0.325 ms  0/1785 (0%)  
[  8] 101.00-102.00 sec  2.37 MBytes  19.9 Mbits/sec  0.965 ms  2/1780 (0.11%)  
[  8] 102.00-103.00 sec  2.35 MBytes  19.7 Mbits/sec  0.596 ms  28/1790 (1.6%)  
[  8] 103.00-104.00 sec  2.33 MBytes  19.6 Mbits/sec  0.660 ms  31/1779 (1.7%)  
[  8] 104.00-105.00 sec  2.29 MBytes  19.2 Mbits/sec  0.452 ms  83/1797 (4.6%)  
[  8] 105.00-106.00 sec  2.33 MBytes  19.6 Mbits/sec  0.590 ms  35/1783 (2%)  
[  8] 106.00-107.00 sec  2.38 MBytes  20.0 Mbits/sec  0.705 ms  1/1783 (0.056%)  
[  8] 107.00-108.00 sec  2.37 MBytes  19.9 Mbits/sec  0.632 ms  8/1786 (0.45%)  
[  8] 108.00-109.00 sec  2.00 MBytes  16.8 Mbits/sec  0.743 ms  145/1642 (8.8%)  
[  8] 109.00-110.00 sec  2.31 MBytes  19.4 Mbits/sec  0.783 ms  195/1928 (10%)  
[  8] 110.00-111.00 sec  2.16 MBytes  18.1 Mbits/sec  0.634 ms  153/1768 (8.7%)  
[  8] 111.00-112.00 sec  2.15 MBytes  18.0 Mbits/sec  0.817 ms  164/1776 (9.2%)  
[  8] 112.00-113.00 sec  2.25 MBytes  18.9 Mbits/sec  0.944 ms  111/1797 (6.2%)  
[  8] 113.00-114.00 sec  2.34 MBytes  19.6 Mbits/sec  0.755 ms  49/1802 (2.7%)  
[  8] 114.00-115.00 sec  2.34 MBytes  19.6 Mbits/sec  0.581 ms  37/1786 (2.1%)  
[  8] 115.00-116.00 sec  2.36 MBytes  19.8 Mbits/sec  0.677 ms  20/1785 (1.1%)  
[  8] 116.00-117.00 sec  1.90 MBytes  16.0 Mbits/sec  1.177 ms  275/1700 (16%)  
[  8] 117.00-118.00 sec  1.45 MBytes  12.2 Mbits/sec  1.279 ms  476/1564 (30%)  
[  8] 118.00-119.00 sec  1.84 MBytes  15.4 Mbits/sec  0.938 ms  520/1898 (27%)  
[  8] 119.00-120.00 sec  2.42 MBytes  20.3 Mbits/sec  0.797 ms  169/1982 (8.5%)  
[  8] 120.00-121.00 sec  2.18 MBytes  18.3 Mbits/sec  0.657 ms  147/1778 (8.3%)  
[  8] 121.00-122.00 sec  2.17 MBytes  18.2 Mbits/sec  0.817 ms  154/1782 (8.6%)  
[  8] 122.00-123.00 sec  2.33 MBytes  19.5 Mbits/sec  0.636 ms  53/1796 (3%)  
[  8] 123.00-124.00 sec  2.37 MBytes  19.8 Mbits/sec  0.640 ms  12/1784 (0.67%)  
[  8] 124.00-125.00 sec  2.34 MBytes  19.7 Mbits/sec  0.482 ms  32/1788 (1.8%)  
[  8] 125.00-126.00 sec  2.36 MBytes  19.8 Mbits/sec  0.895 ms  18/1786 (1%)  
[  8] 126.00-127.00 sec  2.35 MBytes  19.8 Mbits/sec  0.626 ms  26/1789 (1.5%)  
[  8] 127.00-128.00 sec  2.35 MBytes  19.7 Mbits/sec  0.736 ms  27/1786 (1.5%)  
[  8] 128.00-129.00 sec  2.37 MBytes  19.9 Mbits/sec  0.742 ms  3/1779 (0.17%)  
[  8] 129.00-130.00 sec  2.32 MBytes  19.5 Mbits/sec  0.661 ms  47/1788 (2.6%)  
[  8] 130.00-131.00 sec  2.29 MBytes  19.2 Mbits/sec  0.675 ms  73/1788 (4.1%)  
[  8] 131.00-132.00 sec  2.18 MBytes  18.3 Mbits/sec  0.871 ms  137/1772 (7.7%)  
[  8] 132.00-133.00 sec  2.25 MBytes  18.9 Mbits/sec  0.242 ms  116/1801 (6.4%)  
[  8] 133.00-134.00 sec  2.21 MBytes  18.5 Mbits/sec  0.680 ms  110/1764 (6.2%)  
[  8] 134.00-135.00 sec  2.30 MBytes  19.3 Mbits/sec  0.555 ms  83/1803 (4.6%)  
[  8] 135.00-136.00 sec  2.28 MBytes  19.2 Mbits/sec  0.662 ms  65/1776 (3.7%)  
[  8] 136.00-137.00 sec  2.38 MBytes  20.0 Mbits/sec  0.593 ms  15/1800 (0.83%)  
[  8] 137.00-138.00 sec  2.35 MBytes  19.7 Mbits/sec  0.688 ms  23/1782 (1.3%)  
[  8] 138.00-139.00 sec  2.35 MBytes  19.7 Mbits/sec  0.578 ms  29/1791 (1.6%)  
[  8] 139.00-140.00 sec  2.34 MBytes  19.6 Mbits/sec  0.539 ms  31/1780 (1.7%)  
[  8] 140.00-141.00 sec  2.36 MBytes  19.8 Mbits/sec  0.712 ms  20/1788 (1.1%)  
[  8] 141.00-142.00 sec  2.19 MBytes  18.4 Mbits/sec  0.700 ms  133/1775 (7.5%)  
[  8] 142.00-143.00 sec  2.25 MBytes  18.9 Mbits/sec  0.630 ms  108/1794 (6%)  
[  8] 143.00-144.00 sec  2.30 MBytes  19.3 Mbits/sec  0.671 ms  75/1794 (4.2%)  
[  8] 144.00-145.00 sec  2.30 MBytes  19.3 Mbits/sec  0.757 ms  40/1763 (2.3%)  
[  8] 145.00-146.00 sec  2.38 MBytes  19.9 Mbits/sec  0.766 ms  19/1799 (1.1%)  
[  8] 146.00-147.00 sec  2.37 MBytes  19.9 Mbits/sec  0.570 ms  18/1792 (1%)  
[  8] 147.00-148.00 sec  2.38 MBytes  19.9 Mbits/sec  0.562 ms  4/1785 (0.22%)  
[  8] 148.00-149.00 sec  2.33 MBytes  19.6 Mbits/sec  0.419 ms  34/1782 (1.9%)  
[  8] 149.00-150.00 sec  2.29 MBytes  19.2 Mbits/sec  0.522 ms  78/1790 (4.4%)  
[  8] 150.00-151.00 sec  2.36 MBytes  19.8 Mbits/sec  0.855 ms  1/1772 (0.056%)  
[  8] 151.00-152.00 sec  2.38 MBytes  20.0 Mbits/sec  0.746 ms  16/1802 (0.89%)  
[  8] 152.00-153.00 sec  2.28 MBytes  19.1 Mbits/sec  0.600 ms  69/1777 (3.9%)  
[  8] 153.00-154.00 sec  2.37 MBytes  19.9 Mbits/sec  0.393 ms  13/1786 (0.73%)  
[  8] 154.00-155.00 sec  2.35 MBytes  19.7 Mbits/sec  0.681 ms  20/1780 (1.1%)  
[  8] 155.00-156.00 sec  2.36 MBytes  19.8 Mbits/sec  0.455 ms  19/1789 (1.1%)  
[  8] 156.00-157.00 sec  2.38 MBytes  19.9 Mbits/sec  0.398 ms  11/1791 (0.61%)  
[  8] 157.00-158.00 sec  2.33 MBytes  19.6 Mbits/sec  0.785 ms  34/1782 (1.9%)  
[  8] 158.00-159.00 sec  2.29 MBytes  19.2 Mbits/sec  0.916 ms  67/1781 (3.8%)  
[  8] 159.00-160.00 sec  2.35 MBytes  19.7 Mbits/sec  0.807 ms  21/1781 (1.2%)  
[  8] 160.00-161.00 sec  2.27 MBytes  19.0 Mbits/sec  0.645 ms  100/1799 (5.6%)  
[  8] 161.00-162.00 sec  2.28 MBytes  19.1 Mbits/sec  0.654 ms  81/1789 (4.5%)  
[  8] 162.00-163.00 sec  2.21 MBytes  18.5 Mbits/sec  0.564 ms  130/1784 (7.3%)  
[  8] 163.00-164.00 sec  2.27 MBytes  19.0 Mbits/sec  0.597 ms  85/1784 (4.8%)  
[  8] 164.00-165.00 sec  2.26 MBytes  19.0 Mbits/sec  0.558 ms  81/1777 (4.6%)  
[  8] 165.00-166.00 sec  2.03 MBytes  17.0 Mbits/sec  0.812 ms  257/1778 (14%)  
[  8] 166.00-167.00 sec  2.17 MBytes  18.2 Mbits/sec  0.808 ms  159/1787 (8.9%)  
[  8] 167.00-168.00 sec  2.26 MBytes  18.9 Mbits/sec  1.790 ms  34/1724 (2%)  
[  8] 168.00-169.00 sec  2.31 MBytes  19.4 Mbits/sec  0.611 ms  130/1863 (7%)  
[  8] 169.00-170.00 sec  2.20 MBytes  18.5 Mbits/sec  0.796 ms  127/1775 (7.2%)  
[  8] 170.00-171.00 sec  2.04 MBytes  17.1 Mbits/sec  0.901 ms  259/1788 (14%)  
[  8] 171.00-172.00 sec  2.24 MBytes  18.8 Mbits/sec  0.687 ms  100/1778 (5.6%)  
[  8] 172.00-173.00 sec  2.33 MBytes  19.5 Mbits/sec  0.693 ms  59/1803 (3.3%)  
[  8] 173.00-174.00 sec  2.34 MBytes  19.6 Mbits/sec  0.848 ms  23/1777 (1.3%)  
[  8] 174.00-175.00 sec  2.29 MBytes  19.2 Mbits/sec  0.494 ms  82/1795 (4.6%)  
[  8] 175.00-176.00 sec  2.37 MBytes  19.9 Mbits/sec  0.734 ms  3/1780 (0.17%)  
[  8] 176.00-177.00 sec  2.38 MBytes  19.9 Mbits/sec  0.761 ms  2/1783 (0.11%)  
[  8] 177.00-178.00 sec  2.36 MBytes  19.8 Mbits/sec  0.508 ms  21/1785 (1.2%)  
[  8] 178.00-179.00 sec  2.24 MBytes  18.8 Mbits/sec  0.855 ms  103/1784 (5.8%)  
[  8] 179.00-180.00 sec  2.13 MBytes  17.8 Mbits/sec  0.332 ms  195/1788 (11%)  
[  8] 180.00-181.00 sec  2.37 MBytes  19.9 Mbits/sec  0.513 ms  9/1782 (0.51%)  
[  8] 181.00-182.00 sec  2.33 MBytes  19.5 Mbits/sec  0.736 ms  50/1792 (2.8%)  
[  8] 182.00-183.00 sec  2.09 MBytes  17.5 Mbits/sec  1.073 ms  216/1778 (12%)  
[  8] 183.00-184.00 sec  2.39 MBytes  20.1 Mbits/sec  0.562 ms  6/1799 (0.33%)  
[  8] 184.00-185.00 sec  1.66 MBytes  13.9 Mbits/sec  1.189 ms  341/1583 (22%)  
[  8] 185.00-186.00 sec  2.42 MBytes  20.3 Mbits/sec  0.434 ms  181/1993 (9.1%)  
[  8] 186.00-187.00 sec  2.35 MBytes  19.7 Mbits/sec  0.487 ms  23/1784 (1.3%)  
[  8] 187.00-188.00 sec  2.38 MBytes  20.0 Mbits/sec  0.626 ms  0/1783 (0%)  
[  8] 188.00-189.00 sec  2.36 MBytes  19.8 Mbits/sec  0.684 ms  16/1783 (0.9%)  
[  8] 189.00-190.00 sec  2.21 MBytes  18.5 Mbits/sec  0.644 ms  134/1789 (7.5%)  
[  8] 190.00-191.00 sec  2.37 MBytes  19.9 Mbits/sec  0.585 ms  12/1784 (0.67%)  
[  8] 191.00-192.00 sec  2.39 MBytes  20.0 Mbits/sec  0.623 ms  0/1787 (0%)  
[  8] 192.00-193.00 sec  2.38 MBytes  20.0 Mbits/sec  0.634 ms  0/1783 (0%)  
[  8] 193.00-194.00 sec  2.39 MBytes  20.0 Mbits/sec  0.624 ms  1/1792 (0.056%)  
[  8] 194.00-195.00 sec  2.37 MBytes  19.9 Mbits/sec  0.739 ms  2/1775 (0.11%)  
[  8] 195.00-196.00 sec  2.40 MBytes  20.1 Mbits/sec  0.716 ms  2/1796 (0.11%)  
[  8] 196.00-197.00 sec  2.35 MBytes  19.7 Mbits/sec  0.786 ms  17/1777 (0.96%)  
[  8] 197.00-198.00 sec  2.39 MBytes  20.0 Mbits/sec  0.601 ms  5/1793 (0.28%)  
[  8] 198.00-199.00 sec  2.38 MBytes  20.0 Mbits/sec  0.490 ms  1/1783 (0.056%)  
[  8] 199.00-200.00 sec  2.37 MBytes  19.8 Mbits/sec  0.967 ms  6/1778 (0.34%)  
[  8] 200.00-201.00 sec  2.39 MBytes  20.1 Mbits/sec  0.643 ms  0/1791 (0%)  
[  8] 201.00-202.00 sec  2.39 MBytes  20.0 Mbits/sec  0.554 ms  0/1789 (0%)  
[  8] 202.00-203.00 sec  2.38 MBytes  20.0 Mbits/sec  0.648 ms  1/1786 (0.056%)  
[  8] 203.00-204.00 sec  2.38 MBytes  20.0 Mbits/sec  0.533 ms  5/1786 (0.28%)  
[  8] 204.00-205.00 sec  2.22 MBytes  18.6 Mbits/sec  0.747 ms  104/1768 (5.9%)  
[  8] 205.00-206.00 sec  2.34 MBytes  19.7 Mbits/sec  0.723 ms  29/1785 (1.6%)  
[  8] 206.00-207.00 sec  2.27 MBytes  19.0 Mbits/sec  0.397 ms  103/1802 (5.7%)  
[  8] 207.00-208.00 sec  2.36 MBytes  19.8 Mbits/sec  0.992 ms  5/1769 (0.28%)  
[  8] 208.00-209.00 sec  2.29 MBytes  19.2 Mbits/sec  0.597 ms  91/1806 (5%)  
[  8] 209.00-210.00 sec  2.01 MBytes  16.9 Mbits/sec  0.782 ms  165/1673 (9.9%)  
[  8] 210.00-211.00 sec  2.10 MBytes  17.6 Mbits/sec  0.663 ms  319/1890 (17%)  
[  8] 211.00-212.00 sec  2.21 MBytes  18.5 Mbits/sec  0.817 ms  112/1767 (6.3%)  
[  8] 212.00-213.00 sec  1.96 MBytes  16.4 Mbits/sec  0.579 ms  262/1727 (15%)  
[  8] 213.00-214.00 sec  1.50 MBytes  12.6 Mbits/sec  1.395 ms  224/1351 (17%)  
[  8] 214.00-215.00 sec  2.04 MBytes  17.1 Mbits/sec  0.928 ms  749/2274 (33%)  
[  8] 215.00-216.00 sec  2.13 MBytes  17.9 Mbits/sec  0.463 ms  201/1800 (11%)  
[  8] 216.00-217.00 sec  2.26 MBytes  19.0 Mbits/sec  0.743 ms  109/1802 (6%)  
[  8] 217.00-218.01 sec  2.19 MBytes  18.3 Mbits/sec  0.624 ms  151/1795 (8.4%)  
[  8] 218.01-219.00 sec  2.11 MBytes  17.8 Mbits/sec  1.007 ms  97/1675 (5.8%)  
[  8] 219.00-220.00 sec  2.36 MBytes  19.8 Mbits/sec  1.041 ms  106/1873 (5.7%)  
[  8] 220.00-221.00 sec  2.22 MBytes  18.6 Mbits/sec  0.785 ms  101/1765 (5.7%)  
[  8] 221.00-222.00 sec  1.53 MBytes  12.8 Mbits/sec  0.845 ms  490/1637 (30%)  
[  8] 222.00-223.00 sec  1.97 MBytes  16.5 Mbits/sec  1.065 ms  381/1854 (21%)  
[  8] 223.00-224.00 sec  2.08 MBytes  17.4 Mbits/sec  0.898 ms  293/1848 (16%)  
[  8] 224.00-225.00 sec  2.34 MBytes  19.6 Mbits/sec  0.635 ms  91/1840 (4.9%)  
[  8] 225.00-226.00 sec  2.32 MBytes  19.4 Mbits/sec  0.555 ms  33/1771 (1.9%)  
[  8] 226.00-227.00 sec  2.35 MBytes  19.8 Mbits/sec  0.800 ms  26/1789 (1.5%)  
[  8] 227.00-228.00 sec  2.37 MBytes  19.9 Mbits/sec  0.828 ms  14/1792 (0.78%)  
[  8] 228.00-229.00 sec  2.37 MBytes  19.8 Mbits/sec  0.547 ms  19/1791 (1.1%)  
[  8] 229.00-230.00 sec  2.37 MBytes  19.9 Mbits/sec  0.657 ms  1/1779 (0.056%)  
[  8] 230.00-231.00 sec  2.30 MBytes  19.3 Mbits/sec  0.909 ms  52/1778 (2.9%)  
[  8] 231.00-232.00 sec  2.28 MBytes  19.2 Mbits/sec  0.565 ms  86/1797 (4.8%)  
[  8] 232.00-233.00 sec  2.32 MBytes  19.5 Mbits/sec  0.472 ms  51/1791 (2.8%)  
[  8] 233.00-234.00 sec  2.03 MBytes  17.0 Mbits/sec  1.066 ms  256/1773 (14%)  
[  8] 234.00-235.00 sec  2.28 MBytes  19.1 Mbits/sec  0.989 ms  61/1770 (3.4%)  
[  8] 235.00-236.00 sec  2.31 MBytes  19.4 Mbits/sec  1.217 ms  64/1792 (3.6%)  
[  8] 236.00-237.00 sec  2.32 MBytes  19.4 Mbits/sec  0.792 ms  56/1791 (3.1%)  
[  8] 237.00-238.00 sec  2.19 MBytes  18.4 Mbits/sec  0.890 ms  116/1759 (6.6%)  
[  8] 238.00-239.00 sec  2.14 MBytes  18.0 Mbits/sec  0.594 ms  223/1828 (12%)  
[  8] 239.00-240.00 sec  1.69 MBytes  14.2 Mbits/sec  1.139 ms  300/1567 (19%)  
[  8] 240.00-241.00 sec  1.58 MBytes  13.3 Mbits/sec  1.127 ms  713/1897 (38%)  
[  8] 241.00-242.00 sec  2.28 MBytes  19.1 Mbits/sec  0.570 ms  183/1891 (9.7%)  
[  8] 242.00-243.00 sec  2.36 MBytes  19.8 Mbits/sec  0.871 ms  10/1781 (0.56%)  
[  8] 243.00-244.00 sec  2.29 MBytes  19.2 Mbits/sec  0.574 ms  66/1784 (3.7%)  
[  8] 244.00-245.00 sec  1.69 MBytes  14.2 Mbits/sec  1.518 ms  328/1595 (21%)  
[  8] 245.00-246.00 sec   865 KBytes  7.09 Mbits/sec  1.673 ms  1105/1738 (64%)  
[  8] 246.00-247.00 sec  1.42 MBytes  11.9 Mbits/sec  0.789 ms  955/2015 (47%)  
[  8] 247.00-248.00 sec  2.19 MBytes  18.4 Mbits/sec  1.131 ms  124/1764 (7%)  
[  8] 248.00-249.00 sec  1.84 MBytes  15.5 Mbits/sec  0.822 ms  412/1793 (23%)  
[  8] 249.00-250.00 sec  1.90 MBytes  15.9 Mbits/sec  1.012 ms  366/1788 (20%)  
[  8] 250.00-251.00 sec  1.88 MBytes  15.8 Mbits/sec  0.759 ms  352/1759 (20%)  
[  8] 251.00-252.00 sec  1.66 MBytes  14.0 Mbits/sec  1.281 ms  561/1807 (31%)  
[  8] 252.00-253.00 sec  1.50 MBytes  12.6 Mbits/sec  1.446 ms  658/1783 (37%)  
[  8] 253.00-254.00 sec  1.75 MBytes  14.7 Mbits/sec  1.176 ms  364/1674 (22%)  
[  8] 254.00-255.00 sec  1.92 MBytes  16.1 Mbits/sec  0.902 ms  374/1813 (21%)  
[  8] 255.00-256.00 sec  2.14 MBytes  17.9 Mbits/sec  0.748 ms  214/1815 (12%)  
[  8] 256.00-257.00 sec  1.35 MBytes  11.4 Mbits/sec  1.400 ms  740/1754 (42%)  
[  8] 257.00-258.00 sec  1.70 MBytes  14.2 Mbits/sec  0.699 ms  613/1884 (33%)  
[  8] 258.00-259.00 sec  2.21 MBytes  18.5 Mbits/sec  0.492 ms  150/1802 (8.3%)  
[  8] 259.00-260.00 sec  1.65 MBytes  13.8 Mbits/sec  0.628 ms  558/1791 (31%)  
[  8] 260.00-261.00 sec  1.79 MBytes  15.0 Mbits/sec  0.760 ms  365/1707 (21%)  
[  8] 261.00-262.00 sec  1.43 MBytes  12.0 Mbits/sec  1.030 ms  515/1587 (32%)  
[  8] 262.00-263.00 sec  1.80 MBytes  15.1 Mbits/sec  0.372 ms  699/2048 (34%)  
[  8] 263.00-264.00 sec  2.15 MBytes  18.0 Mbits/sec  0.481 ms  184/1795 (10%)  
[  8] 264.00-265.00 sec  2.02 MBytes  16.9 Mbits/sec  0.585 ms  264/1775 (15%)  
[  8] 265.00-266.00 sec  1.89 MBytes  15.9 Mbits/sec  0.474 ms  372/1788 (21%)  
[  8] 266.00-267.00 sec  2.22 MBytes  18.6 Mbits/sec  0.646 ms  132/1793 (7.4%)  
[  8] 267.00-268.00 sec  1.90 MBytes  15.9 Mbits/sec  0.246 ms  330/1753 (19%)  
[  8] 268.00-269.00 sec  1.99 MBytes  16.7 Mbits/sec  0.969 ms  330/1820 (18%)  
[  8] 269.00-270.00 sec  2.26 MBytes  19.0 Mbits/sec  0.680 ms  100/1793 (5.6%)  
[  8] 270.00-271.00 sec  2.32 MBytes  19.5 Mbits/sec  0.452 ms  47/1788 (2.6%)  
[  8] 271.00-272.00 sec  2.38 MBytes  20.0 Mbits/sec  0.561 ms  0/1784 (0%)  
[  8] 272.00-273.00 sec  2.35 MBytes  19.7 Mbits/sec  0.630 ms  24/1785 (1.3%)  
[  8] 273.00-274.00 sec  2.37 MBytes  19.9 Mbits/sec  0.505 ms  7/1785 (0.39%)  
[  8] 274.00-275.00 sec  2.34 MBytes  19.6 Mbits/sec  0.509 ms  42/1791 (2.3%)  
[  8] 275.00-276.00 sec  2.30 MBytes  19.3 Mbits/sec  0.557 ms  63/1784 (3.5%)  
[  8] 276.00-277.00 sec  2.31 MBytes  19.4 Mbits/sec  0.629 ms  59/1788 (3.3%)  
[  8] 277.00-278.00 sec  1.90 MBytes  16.0 Mbits/sec  0.607 ms  345/1769 (20%)  
[  8] 278.00-279.00 sec  2.11 MBytes  17.7 Mbits/sec  2.301 ms  172/1753 (9.8%)  
[  8] 279.00-280.00 sec  2.03 MBytes  17.0 Mbits/sec  0.417 ms  306/1828 (17%)  
[  8] 280.00-281.00 sec  2.35 MBytes  19.7 Mbits/sec  0.562 ms  16/1775 (0.9%)  
[  8] 281.00-282.00 sec  2.24 MBytes  18.8 Mbits/sec  0.991 ms  97/1772 (5.5%)  
[  8] 282.00-283.00 sec  2.07 MBytes  17.3 Mbits/sec  0.729 ms  259/1806 (14%)  
[  8] 283.00-284.00 sec  2.19 MBytes  18.4 Mbits/sec  0.604 ms  151/1789 (8.4%)  
[  8] 284.00-285.00 sec  2.30 MBytes  19.3 Mbits/sec  0.657 ms  58/1784 (3.3%)  
[  8] 285.00-286.00 sec  2.35 MBytes  19.7 Mbits/sec  0.463 ms  36/1793 (2%)  
[  8] 286.00-287.00 sec  2.33 MBytes  19.5 Mbits/sec  0.574 ms  41/1784 (2.3%)  
[  8] 287.00-288.00 sec  2.36 MBytes  19.8 Mbits/sec  0.481 ms  20/1789 (1.1%)  
[  8] 288.00-289.00 sec  2.34 MBytes  19.6 Mbits/sec  0.865 ms  27/1777 (1.5%)  
[  8] 289.00-290.00 sec  2.34 MBytes  19.6 Mbits/sec  0.714 ms  30/1783 (1.7%)  
[  8] 290.00-291.00 sec  2.37 MBytes  19.8 Mbits/sec  0.739 ms  11/1783 (0.62%)  
[  8] 291.00-292.00 sec  2.38 MBytes  20.0 Mbits/sec  0.596 ms  12/1797 (0.67%)  
[  8] 292.00-293.00 sec  2.33 MBytes  19.6 Mbits/sec  0.665 ms  32/1778 (1.8%)  
[  8] 293.00-294.00 sec  2.38 MBytes  20.0 Mbits/sec  0.631 ms  7/1793 (0.39%)  
[  8] 294.00-295.00 sec  2.26 MBytes  18.9 Mbits/sec  0.769 ms  85/1775 (4.8%)  
[  8] 295.00-296.00 sec  2.27 MBytes  19.0 Mbits/sec  0.559 ms  99/1797 (5.5%)  
[  8] 296.00-297.00 sec  2.19 MBytes  18.4 Mbits/sec  0.883 ms  142/1782 (8%)  
[  8] 297.00-298.00 sec  2.22 MBytes  18.6 Mbits/sec  0.531 ms  113/1778 (6.4%)  
[  8] 298.00-299.00 sec  2.33 MBytes  19.5 Mbits/sec  0.724 ms  40/1782 (2.2%)  
[  8] 299.00-300.00 sec  2.05 MBytes  17.2 Mbits/sec  0.607 ms  259/1793 (14%)  
[  8] 300.00-301.00 sec  2.31 MBytes  19.4 Mbits/sec  0.595 ms  58/1791 (3.2%)  
[  8] 301.00-302.00 sec  2.31 MBytes  19.4 Mbits/sec  0.545 ms  61/1791 (3.4%)  
[  8] 302.00-303.00 sec  2.07 MBytes  17.4 Mbits/sec  0.578 ms  232/1783 (13%)  
[  8] 303.00-304.00 sec  2.38 MBytes  20.0 Mbits/sec  0.639 ms  2/1785 (0.11%)  
[  8] 304.00-305.00 sec  2.34 MBytes  19.6 Mbits/sec  0.910 ms  13/1766 (0.74%)  
[  8] 305.00-306.00 sec  2.37 MBytes  19.9 Mbits/sec  0.585 ms  27/1800 (1.5%)  
[  8] 306.00-307.00 sec  2.38 MBytes  19.9 Mbits/sec  0.651 ms  5/1786 (0.28%)  
[  8] 307.00-308.00 sec  2.32 MBytes  19.4 Mbits/sec  0.605 ms  53/1787 (3%)  
[  8] 308.00-309.00 sec  2.37 MBytes  19.8 Mbits/sec  0.339 ms  14/1786 (0.78%)  
[  8] 309.00-310.00 sec  2.32 MBytes  19.5 Mbits/sec  0.553 ms  49/1787 (2.7%)  
[  8] 310.00-311.00 sec  2.34 MBytes  19.7 Mbits/sec  0.340 ms  34/1789 (1.9%)  
[  8] 311.00-312.00 sec  2.29 MBytes  19.2 Mbits/sec  0.600 ms  63/1781 (3.5%)  
[  8] 312.00-313.00 sec  2.39 MBytes  20.0 Mbits/sec  0.456 ms  1/1791 (0.056%)  
[  8] 313.00-314.00 sec  2.37 MBytes  19.9 Mbits/sec  0.907 ms  0/1777 (0%)  
[  8] 314.00-315.00 sec  2.37 MBytes  19.8 Mbits/sec  0.632 ms  21/1793 (1.2%)  
[  8] 315.00-316.00 sec  2.37 MBytes  19.9 Mbits/sec  0.661 ms  8/1786 (0.45%)  
[  8] 316.00-317.00 sec  2.38 MBytes  20.0 Mbits/sec  0.532 ms  0/1782 (0%)  
[  8] 317.00-318.00 sec  2.36 MBytes  19.8 Mbits/sec  0.751 ms  10/1781 (0.56%)  
[  8] 318.00-319.00 sec  1.81 MBytes  15.2 Mbits/sec  0.816 ms  433/1789 (24%)  
[  8] 319.00-320.00 sec  2.29 MBytes  19.2 Mbits/sec  0.666 ms  71/1787 (4%)  
[  8] 320.00-321.00 sec  2.35 MBytes  19.7 Mbits/sec  0.701 ms  18/1780 (1%)  
[  8] 321.00-322.00 sec  2.38 MBytes  20.0 Mbits/sec  0.526 ms  5/1788 (0.28%)  
[  8] 322.00-323.00 sec  2.39 MBytes  20.1 Mbits/sec  0.546 ms  2/1795 (0.11%)  
[  8] 323.00-324.00 sec  2.39 MBytes  20.0 Mbits/sec  0.648 ms  0/1787 (0%)  
[  8] 324.00-325.00 sec  2.32 MBytes  19.4 Mbits/sec  1.118 ms  10/1744 (0.57%)  
[  8] 325.00-326.00 sec  2.26 MBytes  18.9 Mbits/sec  0.769 ms  126/1816 (6.9%)  
[  8] 326.00-327.00 sec  2.36 MBytes  19.8 Mbits/sec  0.678 ms  23/1793 (1.3%)  
[  8] 327.00-328.00 sec  2.37 MBytes  19.9 Mbits/sec  0.542 ms  7/1781 (0.39%)  
[  8] 328.00-329.00 sec  2.34 MBytes  19.6 Mbits/sec  1.100 ms  20/1771 (1.1%)  
[  8] 329.00-330.00 sec  2.36 MBytes  19.8 Mbits/sec  0.640 ms  36/1806 (2%)  
[  8] 330.00-331.00 sec  2.38 MBytes  20.0 Mbits/sec  0.572 ms  4/1786 (0.22%)  
[  8] 331.00-332.00 sec  2.39 MBytes  20.0 Mbits/sec  0.391 ms  0/1787 (0%)  
[  8] 332.00-333.00 sec  2.37 MBytes  19.9 Mbits/sec  0.683 ms  1/1778 (0.056%)  
[  8] 333.00-334.00 sec  2.39 MBytes  20.1 Mbits/sec  0.597 ms  0/1792 (0%)  
[  8] 334.00-335.00 sec  2.37 MBytes  19.9 Mbits/sec  0.466 ms  10/1787 (0.56%)  
[  8] 335.00-336.00 sec  2.38 MBytes  19.9 Mbits/sec  0.542 ms  1/1781 (0.056%)  
[  8] 336.00-337.00 sec  2.36 MBytes  19.8 Mbits/sec  0.735 ms  17/1785 (0.95%)  
[  8] 337.00-338.00 sec  2.36 MBytes  19.8 Mbits/sec  0.675 ms  17/1781 (0.95%)  
[  8] 338.00-339.00 sec  2.32 MBytes  19.5 Mbits/sec  1.227 ms  48/1785 (2.7%)  
[  8] 339.00-340.00 sec  2.26 MBytes  19.0 Mbits/sec  0.782 ms  63/1759 (3.6%)  
[  8] 340.00-340.21 sec  45.1 KBytes  1.72 Mbits/sec  0.947 ms  10/43 (23%)  
- - - - - - - - - - - - - - - - - - - - - - - - -
[ ID] Interval           Transfer     Bitrate         Jitter    Lost/Total Datagrams
[  8]   0.00-340.21 sec   761 MBytes  18.8 Mbits/sec  0.947 ms  37163/607138 (6.1%)  receiver
