-----------------------------------------------------------
Server listening on 5201 (test #1)
-----------------------------------------------------------
Accepted connection from 10.0.0.17, port 47430
[  8] local 10.0.0.49 port 5201 connected to 10.0.0.17 port 40821
[ ID] Interval           Transfer     Bitrate         Jitter    Lost/Total Datagrams
[  8]   0.00-1.00   sec  2.32 MBytes  19.5 Mbits/sec  0.587 ms  12/1752 (0.68%)  
[  8]   1.00-2.00   sec  2.32 MBytes  19.5 Mbits/sec  0.529 ms  51/1790 (2.8%)  
[  8]   2.00-3.00   sec  2.36 MBytes  19.7 Mbits/sec  0.758 ms  12/1778 (0.67%)  
[  8]   3.00-4.00   sec  2.37 MBytes  20.0 Mbits/sec  0.578 ms  19/1797 (1.1%)  
[  8]   4.00-5.00   sec  2.38 MBytes  20.0 Mbits/sec  0.504 ms  1/1783 (0.056%)  
[  8]   5.00-6.00   sec  2.38 MBytes  20.0 Mbits/sec  0.419 ms  0/1786 (0%)  
[  8]   6.00-7.00   sec  2.38 MBytes  19.9 Mbits/sec  0.664 ms  2/1781 (0.11%)  
[  8]   7.00-8.00   sec  2.39 MBytes  20.0 Mbits/sec  0.570 ms  1/1789 (0.056%)  
[  8]   8.00-9.00   sec  2.38 MBytes  20.0 Mbits/sec  0.522 ms  2/1786 (0.11%)  
[  8]   9.00-10.00  sec  2.37 MBytes  19.9 Mbits/sec  0.476 ms  5/1781 (0.28%)  
[  8]  10.00-11.00  sec  2.38 MBytes  20.0 Mbits/sec  0.292 ms  6/1790 (0.34%)  
[  8]  11.00-12.00  sec  2.37 MBytes  19.9 Mbits/sec  0.366 ms  9/1784 (0.5%)  
[  8]  12.00-13.00  sec  2.38 MBytes  19.9 Mbits/sec  0.617 ms  1/1780 (0.056%)  
[  8]  13.00-14.00  sec  2.39 MBytes  20.1 Mbits/sec  0.518 ms  0/1792 (0%)  
[  8]  14.00-15.00  sec  2.23 MBytes  18.7 Mbits/sec  0.410 ms  0/1673 (0%)  
[  8]  15.00-16.00  sec  2.44 MBytes  20.4 Mbits/sec  0.645 ms  67/1892 (3.5%)  
[  8]  16.00-17.00  sec  2.38 MBytes  19.9 Mbits/sec  0.730 ms  4/1784 (0.22%)  
[  8]  17.00-18.00  sec  2.40 MBytes  20.1 Mbits/sec  0.609 ms  2/1797 (0.11%)  
[  8]  18.00-19.00  sec  2.25 MBytes  18.8 Mbits/sec  0.820 ms  81/1763 (4.6%)  
[  8]  19.00-20.00  sec  2.36 MBytes  19.8 Mbits/sec  0.718 ms  26/1794 (1.4%)  
[  8]  20.00-21.00  sec  2.15 MBytes  18.0 Mbits/sec  0.679 ms  26/1633 (1.6%)  
[  8]  21.00-22.00  sec  1.86 MBytes  15.6 Mbits/sec  1.000 ms  154/1550 (9.9%)  
[  8]  22.00-23.00  sec  2.48 MBytes  20.8 Mbits/sec  0.827 ms  129/1985 (6.5%)  
[  8]  23.00-24.00  sec  2.29 MBytes  19.2 Mbits/sec  0.492 ms  262/1978 (13%)  
[  8]  24.00-25.00  sec  2.39 MBytes  20.1 Mbits/sec  0.513 ms  4/1796 (0.22%)  
[  8]  25.00-26.00  sec  2.36 MBytes  19.8 Mbits/sec  0.757 ms  9/1779 (0.51%)  
[  8]  26.00-27.00  sec  2.38 MBytes  19.9 Mbits/sec  0.555 ms  12/1792 (0.67%)  
[  8]  27.00-28.00  sec  2.39 MBytes  20.0 Mbits/sec  0.567 ms  0/1789 (0%)  
[  8]  28.00-29.00  sec  2.25 MBytes  18.9 Mbits/sec  0.667 ms  44/1728 (2.5%)  
[  8]  29.00-30.00  sec  2.40 MBytes  20.2 Mbits/sec  0.365 ms  37/1838 (2%)  
[  8]  30.00-31.00  sec  2.36 MBytes  19.8 Mbits/sec  0.546 ms  20/1785 (1.1%)  
[  8]  31.00-32.00  sec  2.38 MBytes  20.0 Mbits/sec  0.451 ms  5/1790 (0.28%)  
[  8]  32.00-33.00  sec  2.38 MBytes  20.0 Mbits/sec  0.563 ms  0/1785 (0%)  
[  8]  33.00-34.00  sec  2.37 MBytes  19.9 Mbits/sec  0.249 ms  9/1783 (0.5%)  
[  8]  34.00-35.00  sec  2.39 MBytes  20.0 Mbits/sec  0.444 ms  0/1793 (0%)  
[  8]  35.00-36.00  sec  2.36 MBytes  19.8 Mbits/sec  0.420 ms  17/1784 (0.95%)  
[  8]  36.00-37.00  sec  2.35 MBytes  19.7 Mbits/sec  0.470 ms  22/1782 (1.2%)  
[  8]  37.00-38.00  sec  2.35 MBytes  19.7 Mbits/sec  0.206 ms  9/1769 (0.51%)  
[  8]  38.00-39.00  sec  2.38 MBytes  19.9 Mbits/sec  0.755 ms  23/1802 (1.3%)  
[  8]  39.00-40.00  sec  2.38 MBytes  20.0 Mbits/sec  0.611 ms  2/1784 (0.11%)  
[  8]  40.00-41.00  sec  2.32 MBytes  19.4 Mbits/sec  0.668 ms  46/1782 (2.6%)  
[  8]  41.00-42.00  sec  2.35 MBytes  19.7 Mbits/sec  0.553 ms  30/1791 (1.7%)  
[  8]  42.00-43.00  sec  2.36 MBytes  19.8 Mbits/sec  0.400 ms  15/1786 (0.84%)  
[  8]  43.00-44.00  sec  2.38 MBytes  19.9 Mbits/sec  0.352 ms  4/1785 (0.22%)  
[  8]  44.00-45.00  sec  2.38 MBytes  20.0 Mbits/sec  0.557 ms  5/1789 (0.28%)  
[  8]  45.00-46.00  sec  2.34 MBytes  19.6 Mbits/sec  1.140 ms  13/1763 (0.74%)  
[  8]  46.00-47.00  sec  2.40 MBytes  20.1 Mbits/sec  0.556 ms  5/1799 (0.28%)  
[  8]  47.00-48.00  sec  2.38 MBytes  20.0 Mbits/sec  0.365 ms  8/1793 (0.45%)  
[  8]  48.00-49.00  sec  2.38 MBytes  19.9 Mbits/sec  0.640 ms  5/1785 (0.28%)  
[  8]  49.00-50.00  sec  2.34 MBytes  19.6 Mbits/sec  0.276 ms  28/1782 (1.6%)  
[  8]  50.00-51.00  sec  2.39 MBytes  20.0 Mbits/sec  0.306 ms  4/1793 (0.22%)  
[  8]  51.00-52.00  sec  2.31 MBytes  19.4 Mbits/sec  0.416 ms  44/1776 (2.5%)  
[  8]  52.00-53.00  sec  2.39 MBytes  20.1 Mbits/sec  0.310 ms  2/1795 (0.11%)  
[  8]  53.00-54.00  sec  2.34 MBytes  19.7 Mbits/sec  0.459 ms  27/1783 (1.5%)  
[  8]  54.00-55.00  sec  2.38 MBytes  20.0 Mbits/sec  0.181 ms  0/1786 (0%)  
[  8]  55.00-56.00  sec  2.33 MBytes  19.5 Mbits/sec  0.649 ms  31/1776 (1.7%)  
[  8]  56.00-57.00  sec  2.35 MBytes  19.7 Mbits/sec  0.493 ms  32/1791 (1.8%)  
[  8]  57.00-58.00  sec  2.30 MBytes  19.3 Mbits/sec  0.574 ms  68/1791 (3.8%)  
[  8]  58.00-59.00  sec  2.35 MBytes  19.7 Mbits/sec  0.533 ms  14/1777 (0.79%)  
[  8]  59.00-60.00  sec  2.36 MBytes  19.8 Mbits/sec  0.406 ms  13/1781 (0.73%)  
[  8]  60.00-61.00  sec  1.89 MBytes  15.9 Mbits/sec  0.896 ms  352/1769 (20%)  
[  8]  61.00-62.00  sec  2.36 MBytes  19.8 Mbits/sec  0.430 ms  27/1798 (1.5%)  
[  8]  62.00-63.00  sec  2.33 MBytes  19.6 Mbits/sec  0.602 ms  53/1800 (2.9%)  
[  8]  63.00-64.00  sec  2.38 MBytes  20.0 Mbits/sec  0.622 ms  6/1787 (0.34%)  
[  8]  64.00-65.00  sec  2.37 MBytes  19.9 Mbits/sec  0.733 ms  11/1786 (0.62%)  
[  8]  65.00-66.00  sec  2.37 MBytes  19.9 Mbits/sec  0.358 ms  13/1787 (0.73%)  
[  8]  66.00-67.00  sec  2.37 MBytes  19.9 Mbits/sec  0.491 ms  7/1781 (0.39%)  
[  8]  67.00-68.00  sec  2.37 MBytes  19.9 Mbits/sec  0.510 ms  20/1793 (1.1%)  
[  8]  68.00-69.00  sec  2.38 MBytes  19.9 Mbits/sec  0.486 ms  0/1779 (0%)  
[  8]  69.00-70.00  sec  2.38 MBytes  20.0 Mbits/sec  0.526 ms  6/1791 (0.34%)  
[  8]  70.00-71.00  sec  2.34 MBytes  19.6 Mbits/sec  0.576 ms  30/1782 (1.7%)  
[  8]  71.00-72.00  sec  2.36 MBytes  19.8 Mbits/sec  0.561 ms  20/1787 (1.1%)  
[  8]  72.00-73.00  sec  2.25 MBytes  18.8 Mbits/sec  2.081 ms  68/1750 (3.9%)  
[  8]  73.00-74.00  sec  1.83 MBytes  15.4 Mbits/sec  0.961 ms  369/1738 (21%)  
[  8]  74.00-75.00  sec  2.47 MBytes  20.7 Mbits/sec  0.542 ms  22/1873 (1.2%)  
[  8]  75.00-76.00  sec  2.32 MBytes  19.4 Mbits/sec  0.586 ms  52/1786 (2.9%)  
[  8]  76.00-77.00  sec  1.86 MBytes  15.6 Mbits/sec  0.770 ms  391/1782 (22%)  
[  8]  77.00-78.00  sec  2.27 MBytes  19.1 Mbits/sec  0.856 ms  81/1784 (4.5%)  
[  8]  78.00-79.00  sec  2.09 MBytes  17.5 Mbits/sec  0.339 ms  66/1630 (4%)  
[  8]  79.00-80.00  sec  2.07 MBytes  17.3 Mbits/sec  0.618 ms  398/1947 (20%)  
[  8]  80.00-81.00  sec  2.35 MBytes  19.7 Mbits/sec  0.514 ms  23/1782 (1.3%)  
[  8]  81.00-82.00  sec  2.35 MBytes  19.7 Mbits/sec  0.603 ms  31/1789 (1.7%)  
[  8]  82.00-83.00  sec  2.24 MBytes  18.8 Mbits/sec  0.713 ms  103/1777 (5.8%)  
[  8]  83.00-84.00  sec  2.37 MBytes  19.9 Mbits/sec  0.446 ms  16/1789 (0.89%)  
[  8]  84.00-85.00  sec  2.37 MBytes  19.9 Mbits/sec  0.606 ms  15/1789 (0.84%)  
[  8]  85.00-86.00  sec  2.33 MBytes  19.6 Mbits/sec  0.562 ms  39/1786 (2.2%)  
[  8]  86.00-87.00  sec  2.35 MBytes  19.7 Mbits/sec  0.586 ms  27/1786 (1.5%)  
[  8]  87.00-88.00  sec  2.29 MBytes  19.2 Mbits/sec  0.636 ms  68/1784 (3.8%)  
[  8]  88.00-89.00  sec  2.31 MBytes  19.4 Mbits/sec  0.612 ms  51/1780 (2.9%)  
[  8]  89.00-90.00  sec  2.36 MBytes  19.8 Mbits/sec  0.116 ms  20/1790 (1.1%)  
[  8]  90.00-91.00  sec  2.33 MBytes  19.6 Mbits/sec  0.528 ms  43/1787 (2.4%)  
[  8]  91.00-92.00  sec  2.36 MBytes  19.8 Mbits/sec  0.550 ms  14/1784 (0.78%)  
[  8]  92.00-93.00  sec  2.33 MBytes  19.5 Mbits/sec  0.891 ms  35/1780 (2%)  
[  8]  93.00-94.00  sec  2.38 MBytes  20.0 Mbits/sec  0.360 ms  10/1790 (0.56%)  
[  8]  94.00-95.00  sec  2.23 MBytes  18.7 Mbits/sec  0.785 ms  107/1780 (6%)  
[  8]  95.00-96.00  sec  2.36 MBytes  19.8 Mbits/sec  0.874 ms  12/1777 (0.68%)  
[  8]  96.00-97.00  sec  2.38 MBytes  20.0 Mbits/sec  0.626 ms  23/1806 (1.3%)  
[  8]  97.00-98.00  sec  2.36 MBytes  19.8 Mbits/sec  0.456 ms  17/1784 (0.95%)  
[  8]  98.00-99.00  sec  2.37 MBytes  19.9 Mbits/sec  0.390 ms  16/1789 (0.89%)  
[  8]  99.00-100.00 sec  2.30 MBytes  19.3 Mbits/sec  0.159 ms  40/1766 (2.3%)  
[  8] 100.00-101.00 sec  2.19 MBytes  18.4 Mbits/sec  0.585 ms  150/1792 (8.4%)  
[  8] 101.00-102.00 sec  2.39 MBytes  20.1 Mbits/sec  0.422 ms  0/1790 (0%)  
[  8] 102.00-103.00 sec  2.38 MBytes  19.9 Mbits/sec  0.747 ms  8/1790 (0.45%)  
[  8] 103.00-104.00 sec  2.30 MBytes  19.3 Mbits/sec  0.527 ms  62/1785 (3.5%)  
[  8] 104.00-105.00 sec  2.26 MBytes  19.0 Mbits/sec  0.196 ms  80/1774 (4.5%)  
[  8] 105.00-106.00 sec  2.36 MBytes  19.8 Mbits/sec  0.334 ms  27/1797 (1.5%)  
[  8] 106.00-107.00 sec  2.24 MBytes  18.8 Mbits/sec  0.454 ms  110/1790 (6.1%)  
[  8] 107.00-108.00 sec  2.24 MBytes  18.8 Mbits/sec  0.839 ms  94/1773 (5.3%)  
[  8] 108.00-109.00 sec  2.34 MBytes  19.7 Mbits/sec  0.642 ms  29/1785 (1.6%)  
[  8] 109.00-110.00 sec  2.34 MBytes  19.7 Mbits/sec  0.620 ms  37/1792 (2.1%)  
[  8] 110.00-111.00 sec  2.25 MBytes  18.9 Mbits/sec  1.397 ms  52/1739 (3%)  
[  8] 111.00-112.00 sec  2.23 MBytes  18.7 Mbits/sec  0.749 ms  158/1828 (8.6%)  
[  8] 112.00-113.00 sec  2.33 MBytes  19.5 Mbits/sec  0.619 ms  46/1792 (2.6%)  
[  8] 113.00-114.00 sec  2.32 MBytes  19.4 Mbits/sec  0.464 ms  51/1785 (2.9%)  
[  8] 114.00-115.00 sec  2.24 MBytes  18.8 Mbits/sec  0.464 ms  114/1791 (6.4%)  
[  8] 115.00-116.00 sec  2.36 MBytes  19.8 Mbits/sec  0.542 ms  11/1782 (0.62%)  
[  8] 116.00-117.00 sec  2.36 MBytes  19.8 Mbits/sec  0.838 ms  24/1789 (1.3%)  
[  8] 117.00-118.00 sec  2.31 MBytes  19.4 Mbits/sec  0.679 ms  40/1772 (2.3%)  
[  8] 118.00-119.00 sec  2.38 MBytes  19.9 Mbits/sec  0.565 ms  21/1800 (1.2%)  
[  8] 119.00-120.00 sec  2.34 MBytes  19.6 Mbits/sec  0.514 ms  32/1786 (1.8%)  
[  8] 120.00-121.00 sec  2.30 MBytes  19.3 Mbits/sec  0.282 ms  63/1785 (3.5%)  
[  8] 121.00-122.00 sec  2.36 MBytes  19.8 Mbits/sec  0.543 ms  19/1785 (1.1%)  
[  8] 122.00-123.00 sec  2.38 MBytes  19.9 Mbits/sec  0.665 ms  8/1787 (0.45%)  
[  8] 123.00-124.00 sec  2.36 MBytes  19.8 Mbits/sec  0.587 ms  10/1778 (0.56%)  
[  8] 124.00-125.00 sec  2.39 MBytes  20.0 Mbits/sec  0.515 ms  6/1795 (0.33%)  
[  8] 125.00-126.00 sec  2.36 MBytes  19.8 Mbits/sec  0.558 ms  15/1786 (0.84%)  
[  8] 126.00-127.00 sec  2.34 MBytes  19.6 Mbits/sec  0.375 ms  30/1785 (1.7%)  
[  8] 127.00-128.00 sec  2.34 MBytes  19.6 Mbits/sec  1.003 ms  37/1786 (2.1%)  
[  8] 128.00-129.00 sec  2.23 MBytes  18.7 Mbits/sec  0.591 ms  93/1760 (5.3%)  
[  8] 129.00-130.00 sec  2.21 MBytes  18.5 Mbits/sec  0.631 ms  147/1801 (8.2%)  
[  8] 130.00-131.00 sec  2.34 MBytes  19.6 Mbits/sec  0.603 ms  40/1793 (2.2%)  
[  8] 131.00-132.00 sec  1.94 MBytes  16.2 Mbits/sec  0.716 ms  337/1787 (19%)  
[  8] 132.00-133.00 sec  2.33 MBytes  19.6 Mbits/sec  0.620 ms  35/1782 (2%)  
[  8] 133.00-134.00 sec  2.35 MBytes  19.7 Mbits/sec  0.689 ms  19/1779 (1.1%)  
[  8] 134.00-135.00 sec  2.37 MBytes  19.9 Mbits/sec  0.517 ms  17/1795 (0.95%)  
[  8] 135.00-136.00 sec  2.37 MBytes  19.9 Mbits/sec  0.681 ms  4/1781 (0.22%)  
[  8] 136.00-137.00 sec  2.30 MBytes  19.3 Mbits/sec  0.748 ms  1/1724 (0.058%)  
[  8] 137.00-138.00 sec  2.36 MBytes  19.8 Mbits/sec  0.677 ms  50/1816 (2.8%)  
[  8] 138.00-139.00 sec  1.56 MBytes  13.1 Mbits/sec  1.429 ms  273/1439 (19%)  
[  8] 139.00-140.00 sec  1.97 MBytes  16.5 Mbits/sec  1.249 ms  435/1907 (23%)  
[  8] 140.00-141.00 sec   962 KBytes  7.89 Mbits/sec  1.951 ms  973/1677 (58%)  
[  8] 141.00-142.00 sec  2.04 MBytes  17.1 Mbits/sec  0.588 ms  352/1881 (19%)  
[  8] 142.00-143.00 sec  1.90 MBytes  15.9 Mbits/sec  1.249 ms  335/1756 (19%)  
[  8] 143.00-144.00 sec  1.94 MBytes  16.3 Mbits/sec  0.435 ms  523/1978 (26%)  
[  8] 144.00-145.00 sec  2.49 MBytes  20.9 Mbits/sec  0.388 ms  3/1869 (0.16%)  
[  8] 145.00-146.00 sec  2.40 MBytes  20.1 Mbits/sec  0.420 ms  15/1809 (0.83%)  
[  8] 146.00-147.00 sec  2.05 MBytes  17.2 Mbits/sec  0.899 ms  3/1540 (0.19%)  
[  8] 147.00-148.00 sec  1.55 MBytes  13.0 Mbits/sec  0.838 ms  583/1746 (33%)  
[  8] 148.00-149.00 sec  2.17 MBytes  18.2 Mbits/sec  0.653 ms  406/2033 (20%)  
[  8] 149.00-150.00 sec  2.07 MBytes  17.4 Mbits/sec  0.784 ms  12/1562 (0.77%)  
[  8] 150.00-151.00 sec  1.52 MBytes  12.7 Mbits/sec  1.327 ms  505/1642 (31%)  
[  8] 151.00-152.00 sec  2.27 MBytes  19.1 Mbits/sec  0.327 ms  479/2181 (22%)  
[  8] 152.00-153.00 sec  2.40 MBytes  20.1 Mbits/sec  0.279 ms  7/1804 (0.39%)  
[  8] 153.00-154.00 sec  2.30 MBytes  19.3 Mbits/sec  0.604 ms  65/1785 (3.6%)  
[  8] 154.00-155.00 sec  2.28 MBytes  19.1 Mbits/sec  0.570 ms  73/1782 (4.1%)  
[  8] 155.00-156.00 sec  2.39 MBytes  20.0 Mbits/sec  0.449 ms  2/1792 (0.11%)  
[  8] 156.00-157.00 sec  2.36 MBytes  19.8 Mbits/sec  0.527 ms  13/1781 (0.73%)  
[  8] 157.00-158.00 sec  2.38 MBytes  20.0 Mbits/sec  0.318 ms  10/1789 (0.56%)  
[  8] 158.00-159.00 sec  2.37 MBytes  19.9 Mbits/sec  0.644 ms  10/1783 (0.56%)  
[  8] 159.00-160.00 sec  2.38 MBytes  20.0 Mbits/sec  0.470 ms  0/1785 (0%)  
[  8] 160.00-161.00 sec  2.36 MBytes  19.8 Mbits/sec  0.598 ms  18/1786 (1%)  
[  8] 161.00-162.00 sec  2.38 MBytes  20.0 Mbits/sec  0.649 ms  3/1788 (0.17%)  
[  8] 162.00-163.00 sec  2.37 MBytes  19.9 Mbits/sec  0.475 ms  6/1784 (0.34%)  
[  8] 163.00-164.00 sec  2.37 MBytes  19.9 Mbits/sec  0.526 ms  8/1785 (0.45%)  
[  8] 164.00-165.00 sec  2.32 MBytes  19.4 Mbits/sec  0.400 ms  51/1786 (2.9%)  
[  8] 165.00-166.00 sec  2.38 MBytes  20.0 Mbits/sec  0.439 ms  2/1788 (0.11%)  
[  8] 166.00-167.00 sec  2.38 MBytes  20.0 Mbits/sec  0.374 ms  1/1785 (0.056%)  
[  8] 167.00-168.00 sec  2.35 MBytes  19.7 Mbits/sec  0.508 ms  25/1782 (1.4%)  
[  8] 168.00-169.00 sec  2.33 MBytes  19.5 Mbits/sec  0.891 ms  32/1775 (1.8%)  
[  8] 169.00-170.00 sec  2.35 MBytes  19.7 Mbits/sec  0.490 ms  36/1797 (2%)  
[  8] 170.00-171.00 sec  2.37 MBytes  19.9 Mbits/sec  0.438 ms  14/1787 (0.78%)  
[  8] 171.00-172.00 sec  2.34 MBytes  19.6 Mbits/sec  0.522 ms  32/1785 (1.8%)  
[  8] 172.00-173.00 sec  2.33 MBytes  19.6 Mbits/sec  0.499 ms  28/1774 (1.6%)  
[  8] 173.00-174.00 sec  2.40 MBytes  20.1 Mbits/sec  0.459 ms  3/1801 (0.17%)  
[  8] 174.00-175.00 sec  2.36 MBytes  19.8 Mbits/sec  0.643 ms  18/1786 (1%)  
[  8] 175.00-176.00 sec  2.35 MBytes  19.7 Mbits/sec  0.308 ms  17/1779 (0.96%)  
[  8] 176.00-177.00 sec  2.37 MBytes  19.9 Mbits/sec  0.664 ms  14/1789 (0.78%)  
[  8] 177.00-178.00 sec  2.35 MBytes  19.7 Mbits/sec  0.578 ms  19/1776 (1.1%)  
[  8] 178.00-179.00 sec  2.38 MBytes  20.0 Mbits/sec  0.504 ms  14/1798 (0.78%)  
[  8] 179.00-180.00 sec  2.37 MBytes  19.9 Mbits/sec  0.745 ms  5/1781 (0.28%)  
[  8] 180.00-180.01 sec  42.4 KBytes  24.2 Mbits/sec  0.488 ms  0/31 (0%)  
- - - - - - - - - - - - - - - - - - - - - - - - -
[ ID] Interval           Transfer     Bitrate         Jitter    Lost/Total Datagrams
[  8]   0.00-180.01 sec   414 MBytes  19.3 Mbits/sec  0.488 ms  11681/321427 (3.6%)  receiver
