-----------------------------------------------------------
Server listening on 5201 (test #1)
-----------------------------------------------------------
Accepted connection from 10.0.0.29, port 35130
[  8] local 10.0.0.61 port 5201 connected to 10.0.0.29 port 50576
[ ID] Interval           Transfer     Bitrate         Jitter    Lost/Total Datagrams
[  8]   0.00-1.00   sec   596 KBytes  4.88 Mbits/sec  1.808 ms  2/438 (0.46%)  
[  8]   1.00-2.00   sec   600 KBytes  4.92 Mbits/sec  1.626 ms  9/448 (2%)  
[  8]   2.00-3.00   sec   607 KBytes  4.97 Mbits/sec  1.855 ms  3/447 (0.67%)  
[  8]   3.00-4.00   sec   604 KBytes  4.95 Mbits/sec  1.638 ms  3/445 (0.67%)  
[  8]   4.00-5.00   sec   612 KBytes  5.02 Mbits/sec  1.488 ms  0/448 (0%)  
[  8]   5.00-6.00   sec   610 KBytes  5.00 Mbits/sec  0.803 ms  0/446 (0%)  
[  8]   6.00-7.00   sec   607 KBytes  4.97 Mbits/sec  1.967 ms  1/445 (0.22%)  
[  8]   7.00-8.00   sec   610 KBytes  5.00 Mbits/sec  1.691 ms  1/447 (0.22%)  
[  8]   8.00-9.00   sec   611 KBytes  5.01 Mbits/sec  0.598 ms  1/448 (0.22%)  
[  8]   9.00-10.00  sec   611 KBytes  5.01 Mbits/sec  1.226 ms  0/447 (0%)  
[  8]  10.00-11.00  sec   607 KBytes  4.97 Mbits/sec  1.192 ms  1/445 (0.22%)  
[  8]  11.00-12.00  sec   608 KBytes  4.98 Mbits/sec  0.926 ms  2/447 (0.45%)  
[  8]  12.00-13.00  sec   608 KBytes  4.98 Mbits/sec  1.559 ms  1/446 (0.22%)  
[  8]  13.00-14.00  sec   610 KBytes  5.00 Mbits/sec  1.240 ms  0/446 (0%)  
[  8]  14.00-15.00  sec   580 KBytes  4.75 Mbits/sec  1.791 ms  0/424 (0%)  
[  8]  15.00-16.00  sec   638 KBytes  5.23 Mbits/sec  1.563 ms  3/470 (0.64%)  
[  8]  16.00-17.00  sec   610 KBytes  5.00 Mbits/sec  1.395 ms  0/446 (0%)  
[  8]  17.00-18.00  sec   608 KBytes  4.98 Mbits/sec  1.788 ms  0/445 (0%)  
[  8]  18.00-19.00  sec   599 KBytes  4.91 Mbits/sec  1.569 ms  9/447 (2%)  
[  8]  19.00-20.00  sec   596 KBytes  4.88 Mbits/sec  1.682 ms  7/443 (1.6%)  
[  8]  20.00-21.00  sec   561 KBytes  4.59 Mbits/sec  2.993 ms  3/413 (0.73%)  
[  8]  21.00-22.00  sec   469 KBytes  3.84 Mbits/sec  1.929 ms  42/385 (11%)  
[  8]  22.00-23.00  sec   637 KBytes  5.22 Mbits/sec  1.947 ms  30/496 (6%)  
[  8]  23.00-24.00  sec   617 KBytes  5.05 Mbits/sec  1.707 ms  43/494 (8.7%)  
[  8]  24.00-25.00  sec   614 KBytes  5.03 Mbits/sec  1.211 ms  0/449 (0%)  
[  8]  25.00-26.00  sec   607 KBytes  4.97 Mbits/sec  1.384 ms  2/446 (0.45%)  
[  8]  26.00-27.00  sec   607 KBytes  4.97 Mbits/sec  1.812 ms  2/446 (0.45%)  
[  8]  27.00-28.00  sec   611 KBytes  5.01 Mbits/sec  1.298 ms  0/447 (0%)  
[  8]  28.00-29.00  sec   595 KBytes  4.87 Mbits/sec  2.249 ms  4/439 (0.91%)  
[  8]  29.00-30.00  sec   610 KBytes  5.00 Mbits/sec  1.142 ms  3/449 (0.67%)  
[  8]  30.00-31.00  sec   612 KBytes  5.02 Mbits/sec  1.198 ms  2/450 (0.44%)  
[  8]  31.00-32.00  sec   610 KBytes  5.00 Mbits/sec  0.999 ms  1/447 (0.22%)  
[  8]  32.00-33.00  sec   608 KBytes  4.98 Mbits/sec  1.586 ms  0/445 (0%)  
[  8]  33.00-34.00  sec   611 KBytes  5.01 Mbits/sec  0.977 ms  1/448 (0.22%)  
[  8]  34.00-35.00  sec   608 KBytes  4.98 Mbits/sec  0.754 ms  0/445 (0%)  
[  8]  35.00-36.00  sec   608 KBytes  4.98 Mbits/sec  0.958 ms  1/446 (0.22%)  
[  8]  36.00-37.00  sec   604 KBytes  4.95 Mbits/sec  1.258 ms  6/448 (1.3%)  
[  8]  37.00-38.00  sec   611 KBytes  5.01 Mbits/sec  1.721 ms  0/447 (0%)  
[  8]  38.00-39.00  sec   602 KBytes  4.93 Mbits/sec  2.159 ms  4/444 (0.9%)  
[  8]  39.00-40.00  sec   611 KBytes  5.01 Mbits/sec  1.637 ms  2/449 (0.45%)  
[  8]  40.00-41.00  sec   597 KBytes  4.89 Mbits/sec  1.990 ms  8/445 (1.8%)  
[  8]  41.00-42.00  sec   600 KBytes  4.92 Mbits/sec  1.244 ms  7/446 (1.6%)  
[  8]  42.00-43.00  sec   608 KBytes  4.98 Mbits/sec  1.444 ms  4/449 (0.89%)  
[  8]  43.00-44.00  sec   608 KBytes  4.98 Mbits/sec  1.338 ms  0/445 (0%)  
[  8]  44.00-45.00  sec   608 KBytes  4.98 Mbits/sec  1.642 ms  0/445 (0%)  
[  8]  45.00-46.00  sec   611 KBytes  5.01 Mbits/sec  1.929 ms  1/448 (0.22%)  
[  8]  46.00-47.00  sec   608 KBytes  4.98 Mbits/sec  1.312 ms  2/447 (0.45%)  
[  8]  47.00-48.00  sec   610 KBytes  5.00 Mbits/sec  0.498 ms  1/447 (0.22%)  
[  8]  48.00-49.00  sec   606 KBytes  4.96 Mbits/sec  1.742 ms  2/445 (0.45%)  
[  8]  49.00-50.00  sec   604 KBytes  4.95 Mbits/sec  1.689 ms  5/447 (1.1%)  
[  8]  50.00-51.00  sec   608 KBytes  4.98 Mbits/sec  1.147 ms  2/447 (0.45%)  
[  8]  51.00-52.00  sec   602 KBytes  4.93 Mbits/sec  1.958 ms  7/447 (1.6%)  
[  8]  52.00-53.00  sec   606 KBytes  4.96 Mbits/sec  1.536 ms  0/443 (0%)  
[  8]  53.00-54.00  sec   607 KBytes  4.97 Mbits/sec  1.259 ms  5/449 (1.1%)  
[  8]  54.00-55.00  sec   608 KBytes  4.98 Mbits/sec  0.916 ms  1/446 (0.22%)  
[  8]  55.00-56.00  sec   597 KBytes  4.89 Mbits/sec  2.107 ms  7/444 (1.6%)  
[  8]  56.00-57.00  sec   596 KBytes  4.88 Mbits/sec  1.742 ms  13/449 (2.9%)  
[  8]  57.00-58.00  sec   589 KBytes  4.83 Mbits/sec  1.146 ms  15/446 (3.4%)  
[  8]  58.00-59.00  sec   606 KBytes  4.96 Mbits/sec  1.352 ms  3/446 (0.67%)  
[  8]  59.00-60.00  sec   608 KBytes  4.98 Mbits/sec  1.332 ms  1/446 (0.22%)  
[  8]  60.00-61.00  sec   517 KBytes  4.23 Mbits/sec  3.002 ms  70/448 (16%)  
[  8]  61.00-62.00  sec   595 KBytes  4.87 Mbits/sec  2.074 ms  7/442 (1.6%)  
[  8]  62.00-63.00  sec   603 KBytes  4.94 Mbits/sec  1.954 ms  8/449 (1.8%)  
[  8]  63.00-64.00  sec   607 KBytes  4.97 Mbits/sec  1.471 ms  4/448 (0.89%)  
[  8]  64.00-65.00  sec   600 KBytes  4.92 Mbits/sec  1.981 ms  5/444 (1.1%)  
[  8]  65.00-66.00  sec   604 KBytes  4.95 Mbits/sec  1.335 ms  6/448 (1.3%)  
[  8]  66.00-67.00  sec   610 KBytes  4.99 Mbits/sec  1.444 ms  0/446 (0%)  
[  8]  67.00-68.00  sec   606 KBytes  4.97 Mbits/sec  1.091 ms  6/449 (1.3%)  
[  8]  68.00-69.00  sec   607 KBytes  4.97 Mbits/sec  1.028 ms  1/445 (0.22%)  
[  8]  69.00-70.00  sec   608 KBytes  4.98 Mbits/sec  0.595 ms  2/447 (0.45%)  
[  8]  70.00-71.00  sec   603 KBytes  4.93 Mbits/sec  2.049 ms  6/447 (1.3%)  
[  8]  71.00-72.00  sec   600 KBytes  4.92 Mbits/sec  1.181 ms  4/443 (0.9%)  
[  8]  72.00-73.00  sec   597 KBytes  4.89 Mbits/sec  2.251 ms  9/446 (2%)  
[  8]  73.00-74.00  sec   480 KBytes  3.93 Mbits/sec  2.734 ms  80/431 (19%)  
[  8]  74.00-75.00  sec   632 KBytes  5.17 Mbits/sec  1.008 ms  3/465 (0.65%)  
[  8]  75.00-76.00  sec   599 KBytes  4.91 Mbits/sec  2.300 ms  6/444 (1.4%)  
[  8]  76.00-77.00  sec   529 KBytes  4.33 Mbits/sec  2.200 ms  56/443 (13%)  
[  8]  77.00-78.00  sec   592 KBytes  4.85 Mbits/sec  1.932 ms  18/451 (4%)  
[  8]  78.00-79.00  sec   529 KBytes  4.33 Mbits/sec  1.862 ms  20/407 (4.9%)  
[  8]  79.00-80.00  sec   533 KBytes  4.37 Mbits/sec  1.952 ms  95/485 (20%)  
[  8]  80.00-81.00  sec   608 KBytes  4.98 Mbits/sec  1.689 ms  4/449 (0.89%)  
[  8]  81.00-82.00  sec   603 KBytes  4.94 Mbits/sec  1.489 ms  4/445 (0.9%)  
[  8]  82.00-83.00  sec   588 KBytes  4.82 Mbits/sec  1.384 ms  17/447 (3.8%)  
[  8]  83.00-84.00  sec   606 KBytes  4.96 Mbits/sec  1.745 ms  4/447 (0.89%)  
[  8]  84.00-85.00  sec   607 KBytes  4.97 Mbits/sec  0.864 ms  2/446 (0.45%)  
[  8]  85.00-86.00  sec   599 KBytes  4.91 Mbits/sec  1.523 ms  9/447 (2%)  
[  8]  86.00-87.00  sec   603 KBytes  4.94 Mbits/sec  1.661 ms  5/446 (1.1%)  
[  8]  87.00-88.00  sec   592 KBytes  4.85 Mbits/sec  1.831 ms  11/444 (2.5%)  
[  8]  88.00-89.00  sec   606 KBytes  4.95 Mbits/sec  1.463 ms  7/450 (1.6%)  
[  8]  89.00-90.00  sec   603 KBytes  4.95 Mbits/sec  1.435 ms  3/444 (0.68%)  
[  8]  90.00-91.00  sec   603 KBytes  4.94 Mbits/sec  1.850 ms  5/446 (1.1%)  
[  8]  91.00-92.00  sec   607 KBytes  4.97 Mbits/sec  1.646 ms  3/447 (0.67%)  
[  8]  92.00-93.00  sec   602 KBytes  4.93 Mbits/sec  1.082 ms  5/445 (1.1%)  
[  8]  93.00-94.00  sec   607 KBytes  4.97 Mbits/sec  1.778 ms  2/446 (0.45%)  
[  8]  94.00-95.00  sec   600 KBytes  4.92 Mbits/sec  2.028 ms  11/450 (2.4%)  
[  8]  95.00-96.00  sec   608 KBytes  4.98 Mbits/sec  1.936 ms  1/446 (0.22%)  
[  8]  96.00-97.00  sec   599 KBytes  4.91 Mbits/sec  2.187 ms  6/444 (1.4%)  
[  8]  97.00-98.00  sec   612 KBytes  5.02 Mbits/sec  1.079 ms  0/448 (0%)  
[  8]  98.00-99.00  sec   603 KBytes  4.94 Mbits/sec  1.782 ms  5/446 (1.1%)  
[  8]  99.00-100.00 sec   602 KBytes  4.93 Mbits/sec  1.286 ms  7/447 (1.6%)  
[  8] 100.00-101.00 sec   592 KBytes  4.85 Mbits/sec  1.879 ms  12/445 (2.7%)  
[  8] 101.00-102.00 sec   611 KBytes  5.01 Mbits/sec  0.771 ms  0/447 (0%)  
[  8] 102.00-103.00 sec   607 KBytes  4.97 Mbits/sec  1.954 ms  3/447 (0.67%)  
[  8] 103.00-104.00 sec   593 KBytes  4.86 Mbits/sec  1.320 ms  13/447 (2.9%)  
[  8] 104.00-105.00 sec   595 KBytes  4.87 Mbits/sec  1.622 ms  12/447 (2.7%)  
[  8] 105.00-106.00 sec   600 KBytes  4.92 Mbits/sec  1.067 ms  5/444 (1.1%)  
[  8] 106.00-107.00 sec   595 KBytes  4.87 Mbits/sec  1.443 ms  10/445 (2.2%)  
[  8] 107.00-108.00 sec   584 KBytes  4.78 Mbits/sec  3.097 ms  20/447 (4.5%)  
[  8] 108.00-109.00 sec   603 KBytes  4.94 Mbits/sec  2.066 ms  6/447 (1.3%)  
[  8] 109.00-110.00 sec   604 KBytes  4.95 Mbits/sec  1.490 ms  5/447 (1.1%)  
[  8] 110.00-111.00 sec   603 KBytes  4.94 Mbits/sec  2.411 ms  4/445 (0.9%)  
[  8] 111.00-112.00 sec   558 KBytes  4.57 Mbits/sec  1.948 ms  35/443 (7.9%)  
[  8] 112.00-113.00 sec   608 KBytes  4.98 Mbits/sec  1.886 ms  9/454 (2%)  
[  8] 113.00-114.00 sec   595 KBytes  4.87 Mbits/sec  1.652 ms  10/445 (2.2%)  
[  8] 114.00-115.00 sec   574 KBytes  4.70 Mbits/sec  1.780 ms  25/445 (5.6%)  
[  8] 115.00-116.00 sec   608 KBytes  4.98 Mbits/sec  1.187 ms  2/447 (0.45%)  
[  8] 116.00-117.00 sec   608 KBytes  4.98 Mbits/sec  1.031 ms  0/445 (0%)  
[  8] 117.00-118.00 sec   596 KBytes  4.88 Mbits/sec  1.567 ms  11/447 (2.5%)  
[  8] 118.00-119.00 sec   604 KBytes  4.95 Mbits/sec  1.886 ms  5/447 (1.1%)  
[  8] 119.00-120.00 sec   607 KBytes  4.97 Mbits/sec  1.760 ms  3/447 (0.67%)  
[  8] 120.00-121.00 sec   595 KBytes  4.87 Mbits/sec  1.201 ms  13/448 (2.9%)  
[  8] 121.00-122.00 sec   607 KBytes  4.97 Mbits/sec  1.425 ms  2/446 (0.45%)  
[  8] 122.00-123.00 sec   610 KBytes  5.00 Mbits/sec  1.750 ms  1/447 (0.22%)  
[  8] 123.00-124.00 sec   603 KBytes  4.94 Mbits/sec  1.641 ms  2/443 (0.45%)  
[  8] 124.00-125.00 sec   607 KBytes  4.97 Mbits/sec  1.637 ms  5/449 (1.1%)  
[  8] 125.00-126.00 sec   604 KBytes  4.95 Mbits/sec  2.222 ms  2/444 (0.45%)  
[  8] 126.00-127.00 sec   604 KBytes  4.95 Mbits/sec  0.920 ms  6/448 (1.3%)  
[  8] 127.00-128.00 sec   607 KBytes  4.97 Mbits/sec  1.506 ms  3/447 (0.67%)  
[  8] 128.00-129.00 sec   587 KBytes  4.81 Mbits/sec  2.310 ms  15/444 (3.4%)  
[  8] 129.00-130.00 sec   589 KBytes  4.83 Mbits/sec  1.694 ms  19/450 (4.2%)  
[  8] 130.00-131.00 sec   604 KBytes  4.95 Mbits/sec  1.016 ms  4/446 (0.9%)  
[  8] 131.00-132.00 sec   561 KBytes  4.59 Mbits/sec  1.456 ms  36/446 (8.1%)  
[  8] 132.00-133.00 sec   603 KBytes  4.94 Mbits/sec  2.422 ms  5/446 (1.1%)  
[  8] 133.00-134.00 sec   606 KBytes  4.97 Mbits/sec  1.563 ms  2/445 (0.45%)  
[  8] 134.00-135.00 sec   608 KBytes  4.98 Mbits/sec  1.922 ms  2/447 (0.45%)  
[  8] 135.00-136.00 sec   611 KBytes  5.01 Mbits/sec  1.529 ms  0/447 (0%)  
[  8] 136.00-137.00 sec   596 KBytes  4.88 Mbits/sec  2.396 ms  0/436 (0%)  
[  8] 137.00-138.00 sec   600 KBytes  4.92 Mbits/sec  1.657 ms  8/447 (1.8%)  
[  8] 138.00-139.00 sec   410 KBytes  3.36 Mbits/sec  2.505 ms  63/363 (17%)  
[  8] 139.00-140.00 sec   515 KBytes  4.22 Mbits/sec  1.787 ms  103/480 (21%)  
[  8] 140.00-141.00 sec   291 KBytes  2.39 Mbits/sec  4.099 ms  195/408 (48%)  
[  8] 141.00-142.00 sec   580 KBytes  4.74 Mbits/sec  3.076 ms  54/478 (11%)  
[  8] 142.00-143.00 sec   517 KBytes  4.24 Mbits/sec  1.696 ms  55/433 (13%)  
[  8] 143.00-144.00 sec   520 KBytes  4.26 Mbits/sec  0.953 ms  119/499 (24%)  
[  8] 144.00-145.00 sec   634 KBytes  5.20 Mbits/sec  1.881 ms  1/465 (0.22%)  
[  8] 145.00-146.00 sec   618 KBytes  5.06 Mbits/sec  1.743 ms  4/456 (0.88%)  
[  8] 146.00-147.00 sec   526 KBytes  4.32 Mbits/sec  1.251 ms  1/386 (0.26%)  
[  8] 147.00-148.00 sec   381 KBytes  3.12 Mbits/sec  2.720 ms  150/429 (35%)  
[  8] 148.00-149.00 sec   565 KBytes  4.63 Mbits/sec  1.485 ms  98/511 (19%)  
[  8] 149.00-150.00 sec   537 KBytes  4.40 Mbits/sec  2.708 ms  4/397 (1%)  
[  8] 150.00-151.00 sec   406 KBytes  3.33 Mbits/sec  3.704 ms  112/409 (27%)  
[  8] 151.00-152.00 sec   596 KBytes  4.88 Mbits/sec  1.771 ms  109/545 (20%)  
[  8] 152.00-153.00 sec   602 KBytes  4.93 Mbits/sec  1.900 ms  3/443 (0.68%)  
[  8] 153.00-154.00 sec   603 KBytes  4.94 Mbits/sec  1.211 ms  11/452 (2.4%)  
[  8] 154.00-155.00 sec   596 KBytes  4.88 Mbits/sec  1.799 ms  10/446 (2.2%)  
[  8] 155.00-156.00 sec   610 KBytes  5.00 Mbits/sec  1.530 ms  1/447 (0.22%)  
[  8] 156.00-157.00 sec   610 KBytes  5.00 Mbits/sec  1.235 ms  0/446 (0%)  
[  8] 157.00-158.00 sec   608 KBytes  4.98 Mbits/sec  1.166 ms  2/447 (0.45%)  
[  8] 158.00-159.00 sec   608 KBytes  4.98 Mbits/sec  1.808 ms  1/446 (0.22%)  
[  8] 159.00-160.00 sec   611 KBytes  5.01 Mbits/sec  1.285 ms  0/447 (0%)  
[  8] 160.00-161.00 sec   606 KBytes  4.96 Mbits/sec  0.975 ms  3/446 (0.67%)  
[  8] 161.00-162.00 sec   608 KBytes  4.98 Mbits/sec  1.268 ms  1/446 (0.22%)  
[  8] 162.00-163.00 sec   611 KBytes  5.01 Mbits/sec  0.829 ms  0/447 (0%)  
[  8] 163.00-164.00 sec   610 KBytes  5.00 Mbits/sec  1.052 ms  0/446 (0%)  
[  8] 164.00-165.00 sec   592 KBytes  4.85 Mbits/sec  1.368 ms  14/447 (3.1%)  
[  8] 165.00-166.00 sec   608 KBytes  4.98 Mbits/sec  0.533 ms  0/445 (0%)  
[  8] 166.00-167.00 sec   610 KBytes  5.00 Mbits/sec  1.147 ms  1/447 (0.22%)  
[  8] 167.00-168.00 sec   603 KBytes  4.94 Mbits/sec  1.278 ms  5/446 (1.1%)  
[  8] 168.00-169.00 sec   600 KBytes  4.92 Mbits/sec  2.069 ms  7/446 (1.6%)  
[  8] 169.00-170.00 sec   591 KBytes  4.84 Mbits/sec  1.319 ms  15/447 (3.4%)  
[  8] 170.00-171.00 sec   606 KBytes  4.96 Mbits/sec  1.691 ms  2/445 (0.45%)  
[  8] 171.00-172.00 sec   608 KBytes  4.98 Mbits/sec  1.123 ms  3/448 (0.67%)  
[  8] 172.00-173.00 sec   603 KBytes  4.94 Mbits/sec  1.571 ms  6/447 (1.3%)  
[  8] 173.00-174.00 sec   603 KBytes  4.94 Mbits/sec  1.504 ms  4/445 (0.9%)  
[  8] 174.00-175.00 sec   604 KBytes  4.95 Mbits/sec  1.577 ms  5/447 (1.1%)  
[  8] 175.00-176.00 sec   602 KBytes  4.93 Mbits/sec  0.834 ms  6/446 (1.3%)  
[  8] 176.00-177.00 sec   607 KBytes  4.97 Mbits/sec  1.936 ms  3/447 (0.67%)  
[  8] 177.00-178.00 sec   607 KBytes  4.97 Mbits/sec  1.659 ms  2/446 (0.45%)  
[  8] 178.00-179.00 sec   608 KBytes  4.98 Mbits/sec  1.161 ms  2/447 (0.45%)  
[  8] 179.00-180.00 sec   610 KBytes  5.00 Mbits/sec  0.722 ms  1/447 (0.22%)  
[  8] 180.00-180.02 sec  8.20 KBytes  4.15 Mbits/sec  1.201 ms  0/6 (0%)  
- - - - - - - - - - - - - - - - - - - - - - - - -
[ ID] Interval           Transfer     Bitrate         Jitter    Lost/Total Datagrams
[  8]   0.00-180.02 sec   104 MBytes  4.86 Mbits/sec  1.201 ms  2281/80357 (2.8%)  receiver
