-----------------------------------------------------------
Server listening on 5201 (test #1)
-----------------------------------------------------------
Accepted connection from 10.0.0.93, port 51688
[  8] local 10.0.0.125 port 5201 connected to 10.0.0.93 port 33805
[ ID] Interval           Transfer     Bitrate         Jitter    Lost/Total Datagrams
[  8]   0.00-1.00   sec   603 KBytes  4.94 Mbits/sec  1.297 ms  4/445 (0.9%)  
[  8]   1.00-2.00   sec   610 KBytes  5.00 Mbits/sec  1.063 ms  0/446 (0%)  
[  8]   2.00-3.00   sec   610 KBytes  5.00 Mbits/sec  1.538 ms  0/446 (0%)  
[  8]   3.00-4.00   sec   612 KBytes  5.02 Mbits/sec  0.954 ms  0/448 (0%)  
[  8]   4.00-5.00   sec   608 KBytes  4.98 Mbits/sec  1.157 ms  0/445 (0%)  
[  8]   5.00-6.00   sec   612 KBytes  5.02 Mbits/sec  1.111 ms  0/448 (0%)  
[  8]   6.00-7.00   sec   608 KBytes  4.98 Mbits/sec  0.969 ms  0/445 (0%)  
[  8]   7.00-8.00   sec   611 KBytes  5.01 Mbits/sec  1.414 ms  0/447 (0%)  
[  8]   8.00-9.00   sec   608 KBytes  4.98 Mbits/sec  1.829 ms  0/445 (0%)  
[  8]   9.00-10.00  sec   612 KBytes  5.02 Mbits/sec  1.747 ms  0/448 (0%)  
[  8]  10.00-11.00  sec   608 KBytes  4.98 Mbits/sec  1.507 ms  0/445 (0%)  
[  8]  11.00-12.00  sec   614 KBytes  5.03 Mbits/sec  0.950 ms  0/449 (0%)  
[  8]  12.00-13.00  sec   610 KBytes  5.00 Mbits/sec  0.803 ms  0/446 (0%)  
[  8]  13.00-14.00  sec   608 KBytes  4.98 Mbits/sec  1.298 ms  0/445 (0%)  
[  8]  14.00-15.00  sec   611 KBytes  5.01 Mbits/sec  1.925 ms  0/447 (0%)  
[  8]  15.00-16.00  sec   610 KBytes  5.00 Mbits/sec  1.374 ms  0/446 (0%)  
[  8]  16.00-17.00  sec   610 KBytes  4.99 Mbits/sec  2.337 ms  0/446 (0%)  
[  8]  17.00-18.00  sec   611 KBytes  5.01 Mbits/sec  1.296 ms  0/447 (0%)  
[  8]  18.00-19.00  sec   603 KBytes  4.94 Mbits/sec  2.290 ms  4/445 (0.9%)  
[  8]  19.00-20.00  sec   595 KBytes  4.87 Mbits/sec  2.049 ms  9/444 (2%)  
[  8]  20.00-21.00  sec   615 KBytes  5.04 Mbits/sec  2.013 ms  1/451 (0.22%)  
[  8]  21.00-22.00  sec   611 KBytes  5.00 Mbits/sec  1.461 ms  0/447 (0%)  
[  8]  22.00-23.00  sec   606 KBytes  4.95 Mbits/sec  1.838 ms  2/445 (0.45%)  
[  8]  23.00-24.00  sec   581 KBytes  4.77 Mbits/sec  2.336 ms  21/446 (4.7%)  
[  8]  24.00-25.00  sec   612 KBytes  5.02 Mbits/sec  1.145 ms  0/448 (0%)  
[  8]  25.00-26.00  sec   611 KBytes  5.01 Mbits/sec  1.754 ms  0/447 (0%)  
[  8]  26.00-27.00  sec   610 KBytes  5.00 Mbits/sec  1.896 ms  0/446 (0%)  
[  8]  27.00-28.00  sec   608 KBytes  4.98 Mbits/sec  1.676 ms  0/445 (0%)  
[  8]  28.00-29.00  sec   612 KBytes  5.02 Mbits/sec  1.239 ms  0/448 (0%)  
[  8]  29.00-30.00  sec   607 KBytes  4.97 Mbits/sec  1.370 ms  2/446 (0.45%)  
[  8]  30.00-31.00  sec   610 KBytes  5.00 Mbits/sec  1.783 ms  0/446 (0%)  
[  8]  31.00-32.00  sec   610 KBytes  4.99 Mbits/sec  1.446 ms  0/446 (0%)  
[  8]  32.00-33.00  sec   610 KBytes  5.00 Mbits/sec  0.865 ms  0/446 (0%)  
[  8]  33.00-34.00  sec   612 KBytes  5.02 Mbits/sec  1.700 ms  0/448 (0%)  
[  8]  34.00-35.00  sec   610 KBytes  4.99 Mbits/sec  1.362 ms  0/446 (0%)  
[  8]  35.00-36.00  sec   608 KBytes  4.99 Mbits/sec  1.487 ms  0/445 (0%)  
[  8]  36.00-37.00  sec   612 KBytes  5.02 Mbits/sec  1.371 ms  0/448 (0%)  
[  8]  37.00-38.00  sec   607 KBytes  4.97 Mbits/sec  1.873 ms  0/444 (0%)  
[  8]  38.00-39.00  sec   612 KBytes  5.02 Mbits/sec  1.142 ms  0/448 (0%)  
[  8]  39.00-40.00  sec   611 KBytes  5.00 Mbits/sec  1.377 ms  0/447 (0%)  
[  8]  40.00-41.00  sec   611 KBytes  5.01 Mbits/sec  1.722 ms  0/447 (0%)  
[  8]  41.00-42.00  sec   610 KBytes  5.00 Mbits/sec  1.758 ms  0/446 (0%)  
[  8]  42.00-43.00  sec   607 KBytes  4.97 Mbits/sec  1.192 ms  0/444 (0%)  
[  8]  43.00-44.00  sec   614 KBytes  5.03 Mbits/sec  1.718 ms  0/449 (0%)  
[  8]  44.00-45.00  sec   608 KBytes  4.98 Mbits/sec  2.058 ms  0/445 (0%)  
[  8]  45.00-46.00  sec   614 KBytes  5.03 Mbits/sec  2.169 ms  0/449 (0%)  
[  8]  46.00-47.00  sec   606 KBytes  4.96 Mbits/sec  1.289 ms  0/443 (0%)  
[  8]  47.00-48.00  sec   614 KBytes  5.03 Mbits/sec  1.279 ms  0/449 (0%)  
[  8]  48.00-49.00  sec   610 KBytes  5.00 Mbits/sec  0.791 ms  0/446 (0%)  
[  8]  49.00-50.00  sec   612 KBytes  5.02 Mbits/sec  1.318 ms  0/448 (0%)  
[  8]  50.00-51.00  sec   607 KBytes  4.97 Mbits/sec  1.702 ms  0/444 (0%)  
[  8]  51.00-52.00  sec   606 KBytes  4.96 Mbits/sec  2.037 ms  0/443 (0%)  
[  8]  52.00-53.00  sec   615 KBytes  5.04 Mbits/sec  1.278 ms  0/450 (0%)  
[  8]  53.00-54.00  sec   612 KBytes  5.02 Mbits/sec  1.332 ms  0/448 (0%)  
[  8]  54.00-55.00  sec   610 KBytes  4.99 Mbits/sec  2.293 ms  0/446 (0%)  
[  8]  55.00-56.00  sec   606 KBytes  4.95 Mbits/sec  1.419 ms  0/443 (0%)  
[  8]  56.00-57.00  sec   608 KBytes  4.99 Mbits/sec  1.396 ms  0/445 (0%)  
[  8]  57.00-58.00  sec   615 KBytes  5.04 Mbits/sec  0.857 ms  1/451 (0.22%)  
[  8]  58.00-59.00  sec   610 KBytes  5.00 Mbits/sec  1.532 ms  0/446 (0%)  
[  8]  59.00-60.00  sec   606 KBytes  4.96 Mbits/sec  1.660 ms  3/446 (0.67%)  
[  8]  60.00-61.00  sec   607 KBytes  4.97 Mbits/sec  2.116 ms  2/446 (0.45%)  
[  8]  61.00-62.00  sec   612 KBytes  5.02 Mbits/sec  2.310 ms  0/448 (0%)  
[  8]  62.00-63.00  sec   608 KBytes  4.98 Mbits/sec  1.724 ms  0/445 (0%)  
[  8]  63.00-64.00  sec   612 KBytes  5.02 Mbits/sec  1.261 ms  0/448 (0%)  
[  8]  64.00-65.00  sec   596 KBytes  4.88 Mbits/sec  2.223 ms  0/436 (0%)  
[  8]  65.00-66.00  sec   604 KBytes  4.95 Mbits/sec  1.278 ms  14/456 (3.1%)  
[  8]  66.00-67.00  sec   604 KBytes  4.95 Mbits/sec  1.402 ms  0/442 (0%)  
[  8]  67.00-68.00  sec   612 KBytes  5.02 Mbits/sec  1.679 ms  0/448 (0%)  
[  8]  68.00-69.00  sec   614 KBytes  5.03 Mbits/sec  1.388 ms  0/449 (0%)  
[  8]  69.00-70.00  sec   610 KBytes  5.00 Mbits/sec  1.754 ms  0/446 (0%)  
[  8]  70.00-71.00  sec   608 KBytes  4.98 Mbits/sec  2.163 ms  0/445 (0%)  
[  8]  71.00-72.00  sec   614 KBytes  5.03 Mbits/sec  1.978 ms  0/449 (0%)  
[  8]  72.00-73.00  sec   610 KBytes  4.99 Mbits/sec  2.613 ms  0/446 (0%)  
[  8]  73.00-74.00  sec   614 KBytes  5.01 Mbits/sec  2.064 ms  0/449 (0%)  
[  8]  74.00-75.00  sec   595 KBytes  4.89 Mbits/sec  2.686 ms  0/435 (0%)  
[  8]  75.00-76.00  sec   619 KBytes  5.07 Mbits/sec  1.712 ms  1/454 (0.22%)  
[  8]  76.00-77.00  sec   612 KBytes  5.02 Mbits/sec  1.137 ms  0/448 (0%)  
[  8]  77.00-78.00  sec   611 KBytes  5.01 Mbits/sec  1.958 ms  0/447 (0%)  
[  8]  78.00-79.00  sec   608 KBytes  4.98 Mbits/sec  1.668 ms  0/445 (0%)  
[  8]  79.00-80.00  sec   600 KBytes  4.92 Mbits/sec  1.977 ms  5/444 (1.1%)  
[  8]  80.00-81.00  sec   614 KBytes  5.03 Mbits/sec  1.889 ms  0/449 (0%)  
[  8]  81.00-82.00  sec   611 KBytes  5.01 Mbits/sec  1.736 ms  0/447 (0%)  
[  8]  82.00-83.00  sec   610 KBytes  4.99 Mbits/sec  1.908 ms  0/446 (0%)  
[  8]  83.00-84.00  sec   612 KBytes  5.02 Mbits/sec  1.330 ms  0/448 (0%)  
[  8]  84.00-85.00  sec   604 KBytes  4.95 Mbits/sec  0.687 ms  4/446 (0.9%)  
[  8]  85.00-86.00  sec   610 KBytes  5.00 Mbits/sec  1.453 ms  0/446 (0%)  
[  8]  86.00-87.00  sec   608 KBytes  4.98 Mbits/sec  1.698 ms  0/445 (0%)  
[  8]  87.00-88.00  sec   608 KBytes  4.98 Mbits/sec  1.423 ms  2/447 (0.45%)  
[  8]  88.00-89.00  sec   612 KBytes  5.02 Mbits/sec  1.843 ms  0/448 (0%)  
[  8]  89.00-90.00  sec   607 KBytes  4.97 Mbits/sec  1.711 ms  0/444 (0%)  
[  8]  90.00-91.00  sec   610 KBytes  5.00 Mbits/sec  1.754 ms  0/446 (0%)  
[  8]  91.00-92.00  sec   611 KBytes  5.01 Mbits/sec  1.714 ms  0/447 (0%)  
[  8]  92.00-93.00  sec   611 KBytes  5.01 Mbits/sec  2.033 ms  0/447 (0%)  
[  8]  93.00-94.00  sec   611 KBytes  5.01 Mbits/sec  1.212 ms  0/447 (0%)  
[  8]  94.00-95.00  sec   610 KBytes  5.00 Mbits/sec  1.302 ms  0/446 (0%)  
[  8]  95.00-96.00  sec   593 KBytes  4.86 Mbits/sec  2.142 ms  8/442 (1.8%)  
[  8]  96.00-97.01  sec   619 KBytes  5.05 Mbits/sec  2.082 ms  1/454 (0.22%)  
[  8]  97.01-98.00  sec   606 KBytes  4.99 Mbits/sec  1.629 ms  0/443 (0%)  
[  8]  98.00-99.00  sec   581 KBytes  4.76 Mbits/sec  1.941 ms  20/445 (4.5%)  
[  8]  99.00-100.00 sec   611 KBytes  5.01 Mbits/sec  0.780 ms  0/447 (0%)  
[  8] 100.00-101.00 sec   606 KBytes  4.96 Mbits/sec  1.812 ms  0/443 (0%)  
[  8] 101.00-102.00 sec   611 KBytes  5.01 Mbits/sec  0.504 ms  4/451 (0.89%)  
[  8] 102.00-103.00 sec   608 KBytes  4.97 Mbits/sec  0.889 ms  0/445 (0%)  
[  8] 103.00-104.00 sec   612 KBytes  5.03 Mbits/sec  0.957 ms  0/448 (0%)  
[  8] 104.00-105.00 sec   608 KBytes  4.98 Mbits/sec  1.339 ms  0/445 (0%)  
[  8] 105.00-106.00 sec   611 KBytes  5.01 Mbits/sec  1.830 ms  0/447 (0%)  
[  8] 106.00-107.00 sec   606 KBytes  4.96 Mbits/sec  2.114 ms  2/445 (0.45%)  
[  8] 107.00-108.00 sec   608 KBytes  4.98 Mbits/sec  1.506 ms  2/447 (0.45%)  
[  8] 108.00-109.00 sec   606 KBytes  4.96 Mbits/sec  1.636 ms  0/443 (0%)  
[  8] 109.00-110.00 sec   618 KBytes  5.06 Mbits/sec  0.955 ms  0/452 (0%)  
[  8] 110.00-111.00 sec   602 KBytes  4.93 Mbits/sec  1.320 ms  5/445 (1.1%)  
[  8] 111.00-112.00 sec   611 KBytes  5.01 Mbits/sec  1.753 ms  0/447 (0%)  
[  8] 112.00-113.00 sec   608 KBytes  4.98 Mbits/sec  1.972 ms  0/445 (0%)  
[  8] 113.00-114.00 sec   614 KBytes  5.03 Mbits/sec  1.430 ms  0/449 (0%)  
[  8] 114.00-115.00 sec   610 KBytes  5.00 Mbits/sec  0.968 ms  0/446 (0%)  
[  8] 115.00-116.00 sec   607 KBytes  4.97 Mbits/sec  2.135 ms  0/444 (0%)  
[  8] 116.00-117.00 sec   612 KBytes  5.02 Mbits/sec  1.600 ms  0/448 (0%)  
[  8] 117.00-118.00 sec   612 KBytes  5.02 Mbits/sec  1.770 ms  0/448 (0%)  
[  8] 118.00-119.00 sec   606 KBytes  4.96 Mbits/sec  1.932 ms  0/443 (0%)  
[  8] 119.00-120.00 sec   614 KBytes  5.03 Mbits/sec  1.373 ms  0/449 (0%)  
[  8] 120.00-121.00 sec   610 KBytes  5.00 Mbits/sec  1.050 ms  0/446 (0%)  
[  8] 121.00-122.00 sec   610 KBytes  5.00 Mbits/sec  1.727 ms  0/446 (0%)  
[  8] 122.00-123.00 sec   612 KBytes  5.02 Mbits/sec  2.077 ms  0/448 (0%)  
[  8] 123.00-124.00 sec   610 KBytes  5.00 Mbits/sec  1.882 ms  0/446 (0%)  
[  8] 124.00-125.00 sec   608 KBytes  4.98 Mbits/sec  2.078 ms  0/445 (0%)  
[  8] 125.00-126.00 sec   611 KBytes  5.01 Mbits/sec  1.117 ms  0/447 (0%)  
[  8] 126.00-127.00 sec   612 KBytes  5.02 Mbits/sec  0.796 ms  0/448 (0%)  
[  8] 127.00-128.00 sec   607 KBytes  4.97 Mbits/sec  2.048 ms  0/444 (0%)  
[  8] 128.00-129.00 sec   614 KBytes  5.03 Mbits/sec  1.836 ms  0/449 (0%)  
[  8] 129.00-130.00 sec   608 KBytes  4.98 Mbits/sec  1.440 ms  0/445 (0%)  
[  8] 130.00-131.00 sec   599 KBytes  4.91 Mbits/sec  1.400 ms  0/438 (0%)  
[  8] 131.00-132.00 sec   621 KBytes  5.08 Mbits/sec  1.018 ms  0/454 (0%)  
[  8] 132.00-133.00 sec   606 KBytes  4.96 Mbits/sec  1.034 ms  0/443 (0%)  
[  8] 133.00-134.00 sec   617 KBytes  5.05 Mbits/sec  1.394 ms  0/452 (0%)  
[  8] 134.00-135.00 sec   610 KBytes  4.99 Mbits/sec  1.030 ms  0/446 (0%)  
[  8] 135.00-136.00 sec   607 KBytes  4.98 Mbits/sec  0.892 ms  0/444 (0%)  
[  8] 136.00-137.00 sec   617 KBytes  5.04 Mbits/sec  1.921 ms  0/451 (0%)  
[  8] 137.00-138.00 sec   606 KBytes  4.98 Mbits/sec  2.167 ms  0/443 (0%)  
[  8] 138.00-139.00 sec   614 KBytes  5.03 Mbits/sec  0.962 ms  0/449 (0%)  
[  8] 139.00-140.00 sec   607 KBytes  4.97 Mbits/sec  1.332 ms  0/444 (0%)  
[  8] 140.00-141.00 sec   611 KBytes  5.01 Mbits/sec  1.084 ms  0/447 (0%)  
[  8] 141.00-142.00 sec   608 KBytes  4.98 Mbits/sec  1.850 ms  1/446 (0.22%)  
[  8] 142.00-143.00 sec   611 KBytes  5.01 Mbits/sec  1.563 ms  0/447 (0%)  
[  8] 143.00-144.00 sec   611 KBytes  5.01 Mbits/sec  0.744 ms  0/447 (0%)  
[  8] 144.00-145.00 sec   611 KBytes  5.01 Mbits/sec  1.400 ms  0/447 (0%)  
[  8] 145.00-146.00 sec   610 KBytes  4.99 Mbits/sec  1.890 ms  0/446 (0%)  
[  8] 146.00-147.00 sec   610 KBytes  5.00 Mbits/sec  1.255 ms  1/447 (0.22%)  
[  8] 147.00-148.00 sec   608 KBytes  4.98 Mbits/sec  1.844 ms  0/445 (0%)  
[  8] 148.00-149.00 sec   608 KBytes  4.98 Mbits/sec  1.480 ms  0/445 (0%)  
[  8] 149.00-150.00 sec   612 KBytes  5.01 Mbits/sec  1.596 ms  0/448 (0%)  
[  8] 150.00-151.00 sec   611 KBytes  5.01 Mbits/sec  1.236 ms  0/447 (0%)  
[  8] 151.00-152.00 sec   608 KBytes  4.98 Mbits/sec  1.469 ms  0/445 (0%)  
[  8] 152.00-153.00 sec   607 KBytes  4.97 Mbits/sec  1.781 ms  0/444 (0%)  
[  8] 153.00-154.00 sec   615 KBytes  5.04 Mbits/sec  1.317 ms  0/450 (0%)  
[  8] 154.00-155.00 sec   610 KBytes  5.00 Mbits/sec  1.555 ms  0/446 (0%)  
[  8] 155.00-156.00 sec   610 KBytes  5.00 Mbits/sec  0.936 ms  0/446 (0%)  
[  8] 156.00-157.00 sec   611 KBytes  5.01 Mbits/sec  1.027 ms  0/447 (0%)  
[  8] 157.00-158.00 sec   611 KBytes  5.01 Mbits/sec  1.650 ms  0/447 (0%)  
[  8] 158.00-159.00 sec   610 KBytes  5.00 Mbits/sec  1.972 ms  0/446 (0%)  
[  8] 159.00-160.00 sec   608 KBytes  4.98 Mbits/sec  1.567 ms  0/445 (0%)  
[  8] 160.00-161.00 sec   610 KBytes  5.00 Mbits/sec  1.764 ms  0/446 (0%)  
[  8] 161.00-162.00 sec   614 KBytes  5.03 Mbits/sec  1.019 ms  0/449 (0%)  
[  8] 162.00-163.00 sec   610 KBytes  4.99 Mbits/sec  0.827 ms  0/446 (0%)  
[  8] 163.00-164.00 sec   610 KBytes  5.00 Mbits/sec  1.474 ms  0/446 (0%)  
[  8] 164.00-165.00 sec   611 KBytes  5.01 Mbits/sec  2.330 ms  0/447 (0%)  
[  8] 165.00-166.00 sec   608 KBytes  4.98 Mbits/sec  1.406 ms  0/445 (0%)  
[  8] 166.00-167.00 sec   608 KBytes  4.98 Mbits/sec  2.054 ms  0/445 (0%)  
[  8] 167.00-168.00 sec   614 KBytes  5.03 Mbits/sec  1.574 ms  0/449 (0%)  
[  8] 168.00-169.00 sec   610 KBytes  5.00 Mbits/sec  2.222 ms  0/446 (0%)  
[  8] 169.00-170.00 sec   611 KBytes  5.01 Mbits/sec  1.115 ms  0/447 (0%)  
[  8] 170.00-171.00 sec   607 KBytes  4.97 Mbits/sec  2.380 ms  0/444 (0%)  
[  8] 171.00-172.00 sec   612 KBytes  5.02 Mbits/sec  1.545 ms  0/448 (0%)  
[  8] 172.00-173.00 sec   608 KBytes  4.98 Mbits/sec  1.554 ms  0/445 (0%)  
[  8] 173.00-174.00 sec   614 KBytes  5.03 Mbits/sec  1.337 ms  0/449 (0%)  
[  8] 174.00-175.00 sec   602 KBytes  4.93 Mbits/sec  2.315 ms  5/445 (1.1%)  
[  8] 175.00-176.00 sec   611 KBytes  5.01 Mbits/sec  1.185 ms  0/447 (0%)  
[  8] 176.00-177.00 sec   611 KBytes  5.00 Mbits/sec  1.133 ms  0/447 (0%)  
[  8] 177.00-178.00 sec   608 KBytes  4.99 Mbits/sec  1.357 ms  0/445 (0%)  
[  8] 178.00-179.00 sec   611 KBytes  5.01 Mbits/sec  1.037 ms  0/447 (0%)  
[  8] 179.00-180.00 sec   611 KBytes  5.01 Mbits/sec  1.498 ms  0/447 (0%)  
[  8] 180.00-180.01 sec  1.37 KBytes  1.86 Mbits/sec  1.770 ms  0/1 (0%)  
- - - - - - - - - - - - - - - - - - - - - - - - -
[ ID] Interval           Transfer     Bitrate         Jitter    Lost/Total Datagrams
[  8]   0.00-180.01 sec   107 MBytes  4.99 Mbits/sec  1.770 ms  124/80357 (0.15%)  receiver
