-----------------------------------------------------------
Server listening on 5201 (test #1)
-----------------------------------------------------------
Accepted connection from 10.0.0.45, port 38346
[  8] local 10.0.0.109 port 5201 connected to 10.0.0.45 port 41629
[ ID] Interval           Transfer     Bitrate         Jitter    Lost/Total Datagrams
[  8]   0.00-1.00   sec   580 KBytes  4.75 Mbits/sec  1.484 ms  16/440 (3.6%)  
[  8]   1.00-2.00   sec   602 KBytes  4.93 Mbits/sec  1.228 ms  7/447 (1.6%)  
[  8]   2.00-3.00   sec   600 KBytes  4.92 Mbits/sec  1.553 ms  5/444 (1.1%)  
[  8]   3.00-4.00   sec   606 KBytes  4.96 Mbits/sec  1.486 ms  7/450 (1.6%)  
[  8]   4.00-5.00   sec   607 KBytes  4.97 Mbits/sec  1.022 ms  2/446 (0.45%)  
[  8]   5.00-6.00   sec   604 KBytes  4.95 Mbits/sec  1.630 ms  2/444 (0.45%)  
[  8]   6.00-7.00   sec   612 KBytes  5.02 Mbits/sec  1.242 ms  2/450 (0.44%)  
[  8]   7.00-8.00   sec   604 KBytes  4.95 Mbits/sec  1.882 ms  0/442 (0%)  
[  8]   8.00-9.00   sec   608 KBytes  4.98 Mbits/sec  1.071 ms  2/447 (0.45%)  
[  8]   9.00-10.00  sec   610 KBytes  5.00 Mbits/sec  1.474 ms  0/446 (0%)  
[  8]  10.00-11.00  sec   612 KBytes  5.02 Mbits/sec  1.734 ms  0/448 (0%)  
[  8]  11.00-12.00  sec   612 KBytes  5.02 Mbits/sec  1.068 ms  0/448 (0%)  
[  8]  12.00-13.00  sec   608 KBytes  4.98 Mbits/sec  1.595 ms  0/445 (0%)  
[  8]  13.00-14.00  sec   610 KBytes  5.00 Mbits/sec  2.131 ms  1/447 (0.22%)  
[  8]  14.00-15.00  sec   602 KBytes  4.93 Mbits/sec  2.182 ms  6/446 (1.3%)  
[  8]  15.00-16.00  sec   600 KBytes  4.92 Mbits/sec  2.339 ms  7/446 (1.6%)  
[  8]  16.00-17.00  sec   608 KBytes  4.98 Mbits/sec  2.058 ms  0/445 (0%)  
[  8]  17.00-18.00  sec   612 KBytes  5.02 Mbits/sec  1.624 ms  0/448 (0%)  
[  8]  18.00-19.00  sec   571 KBytes  4.68 Mbits/sec  2.526 ms  21/439 (4.8%)  
[  8]  19.00-20.00  sec   582 KBytes  4.75 Mbits/sec  2.079 ms  27/453 (6%)  
[  8]  20.00-21.00  sec   514 KBytes  4.23 Mbits/sec  3.801 ms  25/401 (6.2%)  
[  8]  21.00-22.00  sec   510 KBytes  4.18 Mbits/sec  2.030 ms  17/390 (4.4%)  
[  8]  22.00-23.00  sec   666 KBytes  5.45 Mbits/sec  2.282 ms  9/496 (1.8%)  
[  8]  23.00-24.00  sec   556 KBytes  4.56 Mbits/sec  2.452 ms  91/498 (18%)  
[  8]  24.00-25.00  sec   611 KBytes  5.01 Mbits/sec  1.539 ms  0/447 (0%)  
[  8]  25.00-26.00  sec   612 KBytes  5.02 Mbits/sec  1.532 ms  0/448 (0%)  
[  8]  26.00-27.00  sec   603 KBytes  4.94 Mbits/sec  1.638 ms  5/446 (1.1%)  
[  8]  27.00-28.00  sec   608 KBytes  4.98 Mbits/sec  1.009 ms  2/447 (0.45%)  
[  8]  28.00-29.00  sec   554 KBytes  4.54 Mbits/sec  1.893 ms  17/422 (4%)  
[  8]  29.00-30.00  sec   592 KBytes  4.85 Mbits/sec  1.578 ms  37/470 (7.9%)  
[  8]  30.00-31.00  sec   611 KBytes  5.01 Mbits/sec  1.855 ms  0/447 (0%)  
[  8]  31.00-32.00  sec   604 KBytes  4.95 Mbits/sec  1.808 ms  4/446 (0.9%)  
[  8]  32.00-33.00  sec   607 KBytes  4.97 Mbits/sec  1.061 ms  0/444 (0%)  
[  8]  33.00-34.00  sec   614 KBytes  5.03 Mbits/sec  1.233 ms  0/449 (0%)  
[  8]  34.00-35.00  sec   611 KBytes  5.01 Mbits/sec  1.265 ms  0/447 (0%)  
[  8]  35.00-36.00  sec   610 KBytes  5.00 Mbits/sec  1.137 ms  1/447 (0.22%)  
[  8]  36.00-37.00  sec   610 KBytes  5.00 Mbits/sec  1.194 ms  0/446 (0%)  
[  8]  37.00-38.00  sec   606 KBytes  4.96 Mbits/sec  2.052 ms  3/446 (0.67%)  
[  8]  38.00-39.00  sec   610 KBytes  5.00 Mbits/sec  1.527 ms  1/447 (0.22%)  
[  8]  39.00-40.00  sec   607 KBytes  4.97 Mbits/sec  1.973 ms  0/444 (0%)  
[  8]  40.00-41.00  sec   604 KBytes  4.95 Mbits/sec  1.839 ms  5/447 (1.1%)  
[  8]  41.00-42.00  sec   607 KBytes  4.97 Mbits/sec  1.431 ms  5/449 (1.1%)  
[  8]  42.00-43.00  sec   603 KBytes  4.94 Mbits/sec  1.713 ms  5/446 (1.1%)  
[  8]  43.00-44.00  sec   606 KBytes  4.96 Mbits/sec  1.517 ms  0/443 (0%)  
[  8]  44.00-45.00  sec   610 KBytes  5.00 Mbits/sec  2.386 ms  2/448 (0.45%)  
[  8]  45.00-46.00  sec   602 KBytes  4.93 Mbits/sec  2.417 ms  5/445 (1.1%)  
[  8]  46.00-47.00  sec   608 KBytes  4.98 Mbits/sec  1.612 ms  5/450 (1.1%)  
[  8]  47.00-48.00  sec   608 KBytes  4.98 Mbits/sec  0.914 ms  0/445 (0%)  
[  8]  48.00-49.00  sec   608 KBytes  4.98 Mbits/sec  1.559 ms  2/447 (0.45%)  
[  8]  49.00-50.00  sec   608 KBytes  4.98 Mbits/sec  1.829 ms  0/445 (0%)  
[  8]  50.00-51.00  sec   610 KBytes  5.00 Mbits/sec  1.216 ms  2/448 (0.45%)  
[  8]  51.00-52.00  sec   596 KBytes  4.88 Mbits/sec  1.979 ms  10/446 (2.2%)  
[  8]  52.00-53.00  sec   606 KBytes  4.96 Mbits/sec  2.008 ms  3/446 (0.67%)  
[  8]  53.00-54.00  sec   607 KBytes  4.97 Mbits/sec  1.398 ms  3/447 (0.67%)  
[  8]  54.00-55.00  sec   608 KBytes  4.98 Mbits/sec  2.159 ms  0/445 (0%)  
[  8]  55.00-56.00  sec   603 KBytes  4.94 Mbits/sec  2.716 ms  3/444 (0.68%)  
[  8]  56.00-57.00  sec   593 KBytes  4.86 Mbits/sec  1.753 ms  16/450 (3.6%)  
[  8]  57.00-58.00  sec   603 KBytes  4.94 Mbits/sec  0.974 ms  7/448 (1.6%)  
[  8]  58.00-59.00  sec   600 KBytes  4.91 Mbits/sec  1.757 ms  4/443 (0.9%)  
[  8]  59.00-60.00  sec   595 KBytes  4.87 Mbits/sec  1.153 ms  13/448 (2.9%)  
[  8]  60.00-61.00  sec   612 KBytes  5.02 Mbits/sec  1.689 ms  0/448 (0%)  
[  8]  61.00-62.00  sec   550 KBytes  4.50 Mbits/sec  2.324 ms  38/440 (8.6%)  
[  8]  62.00-63.00  sec   566 KBytes  4.64 Mbits/sec  1.977 ms  37/451 (8.2%)  
[  8]  63.00-64.00  sec   611 KBytes  5.01 Mbits/sec  1.764 ms  0/447 (0%)  
[  8]  64.00-65.00  sec   565 KBytes  4.62 Mbits/sec  2.556 ms  5/418 (1.2%)  
[  8]  65.00-66.00  sec   622 KBytes  5.10 Mbits/sec  1.322 ms  18/473 (3.8%)  
[  8]  66.00-67.00  sec   610 KBytes  5.00 Mbits/sec  1.705 ms  2/448 (0.45%)  
[  8]  67.00-68.00  sec   610 KBytes  4.99 Mbits/sec  1.340 ms  2/448 (0.45%)  
[  8]  68.00-69.00  sec   610 KBytes  5.00 Mbits/sec  1.658 ms  0/446 (0%)  
[  8]  69.00-70.00  sec   604 KBytes  4.95 Mbits/sec  1.556 ms  3/445 (0.67%)  
[  8]  70.00-71.00  sec   610 KBytes  5.00 Mbits/sec  2.350 ms  1/447 (0.22%)  
[  8]  71.00-72.00  sec   599 KBytes  4.90 Mbits/sec  2.416 ms  7/445 (1.6%)  
[  8]  72.00-73.00  sec   602 KBytes  4.93 Mbits/sec  2.939 ms  7/447 (1.6%)  
[  8]  73.00-74.00  sec   607 KBytes  4.97 Mbits/sec  2.087 ms  4/448 (0.89%)  
[  8]  74.00-75.00  sec   570 KBytes  4.67 Mbits/sec  2.716 ms  19/436 (4.4%)  
[  8]  75.00-76.00  sec   614 KBytes  5.03 Mbits/sec  1.273 ms  7/456 (1.5%)  
[  8]  76.00-77.00  sec   596 KBytes  4.88 Mbits/sec  2.503 ms  9/445 (2%)  
[  8]  77.00-78.00  sec   597 KBytes  4.89 Mbits/sec  1.876 ms  11/448 (2.5%)  
[  8]  78.00-79.00  sec   573 KBytes  4.69 Mbits/sec  2.207 ms  7/426 (1.6%)  
[  8]  79.00-80.00  sec   515 KBytes  4.22 Mbits/sec  2.000 ms  90/467 (19%)  
[  8]  80.00-81.00  sec   561 KBytes  4.59 Mbits/sec  1.551 ms  37/447 (8.3%)  
[  8]  81.00-82.00  sec   606 KBytes  4.96 Mbits/sec  1.910 ms  3/446 (0.67%)  
[  8]  82.00-83.00  sec   596 KBytes  4.88 Mbits/sec  1.374 ms  11/447 (2.5%)  
[  8]  83.00-84.00  sec   607 KBytes  4.97 Mbits/sec  1.104 ms  3/447 (0.67%)  
[  8]  84.00-85.00  sec   600 KBytes  4.92 Mbits/sec  1.089 ms  7/446 (1.6%)  
[  8]  85.00-86.00  sec   610 KBytes  5.00 Mbits/sec  1.129 ms  0/447 (0%)  
[  8]  86.00-87.00  sec   595 KBytes  4.87 Mbits/sec  0.714 ms  11/446 (2.5%)  
[  8]  87.00-88.00  sec   606 KBytes  4.96 Mbits/sec  1.864 ms  2/445 (0.45%)  
[  8]  88.00-89.00  sec   610 KBytes  5.00 Mbits/sec  1.569 ms  2/448 (0.45%)  
[  8]  89.00-90.00  sec   591 KBytes  4.84 Mbits/sec  2.150 ms  10/442 (2.3%)  
[  8]  90.00-91.00  sec   610 KBytes  4.99 Mbits/sec  1.882 ms  2/448 (0.45%)  
[  8]  91.00-92.00  sec   585 KBytes  4.79 Mbits/sec  2.606 ms  18/446 (4%)  
[  8]  92.00-93.00  sec   585 KBytes  4.79 Mbits/sec  2.075 ms  20/448 (4.5%)  
[  8]  93.00-94.00  sec   608 KBytes  4.99 Mbits/sec  1.760 ms  3/448 (0.67%)  
[  8]  94.00-95.00  sec   577 KBytes  4.73 Mbits/sec  2.508 ms  19/441 (4.3%)  
[  8]  95.00-96.00  sec   550 KBytes  4.50 Mbits/sec  2.632 ms  44/446 (9.9%)  
[  8]  96.00-97.00  sec   610 KBytes  5.00 Mbits/sec  2.343 ms  2/448 (0.45%)  
[  8]  97.00-98.00  sec   614 KBytes  5.03 Mbits/sec  2.268 ms  0/449 (0%)  
[  8]  98.00-99.00  sec   582 KBytes  4.77 Mbits/sec  2.469 ms  21/447 (4.7%)  
[  8]  99.00-100.00 sec   595 KBytes  4.87 Mbits/sec  1.773 ms  12/447 (2.7%)  
[  8] 100.00-101.00 sec   563 KBytes  4.61 Mbits/sec  2.690 ms  18/430 (4.2%)  
[  8] 101.00-102.00 sec   621 KBytes  5.08 Mbits/sec  1.210 ms  9/463 (1.9%)  
[  8] 102.00-103.00 sec   595 KBytes  4.87 Mbits/sec  2.372 ms  10/445 (2.2%)  
[  8] 103.00-104.00 sec   602 KBytes  4.93 Mbits/sec  1.163 ms  9/449 (2%)  
[  8] 104.00-105.00 sec   607 KBytes  4.97 Mbits/sec  1.288 ms  0/444 (0%)  
[  8] 105.00-106.00 sec   606 KBytes  4.96 Mbits/sec  2.021 ms  4/447 (0.89%)  
[  8] 106.00-107.00 sec   571 KBytes  4.68 Mbits/sec  2.839 ms  25/443 (5.6%)  
[  8] 107.00-108.00 sec   562 KBytes  4.60 Mbits/sec  1.752 ms  30/441 (6.8%)  
[  8] 108.00-109.00 sec   603 KBytes  4.95 Mbits/sec  1.627 ms  8/449 (1.8%)  
[  8] 109.00-110.00 sec   617 KBytes  5.05 Mbits/sec  1.311 ms  2/453 (0.44%)  
[  8] 110.00-111.00 sec   567 KBytes  4.65 Mbits/sec  3.274 ms  21/436 (4.8%)  
[  8] 111.00-112.00 sec   574 KBytes  4.70 Mbits/sec  2.249 ms  30/450 (6.7%)  
[  8] 112.00-113.00 sec   612 KBytes  5.02 Mbits/sec  2.165 ms  5/453 (1.1%)  
[  8] 113.00-114.00 sec   604 KBytes  4.95 Mbits/sec  1.885 ms  3/445 (0.67%)  
[  8] 114.00-115.00 sec   596 KBytes  4.88 Mbits/sec  1.326 ms  12/448 (2.7%)  
[  8] 115.00-116.00 sec   607 KBytes  4.97 Mbits/sec  2.296 ms  0/444 (0%)  
[  8] 116.00-117.00 sec   607 KBytes  4.97 Mbits/sec  2.029 ms  4/448 (0.89%)  
[  8] 117.00-118.00 sec   604 KBytes  4.95 Mbits/sec  1.445 ms  5/447 (1.1%)  
[  8] 118.00-119.00 sec   597 KBytes  4.89 Mbits/sec  2.270 ms  5/442 (1.1%)  
[  8] 119.00-120.00 sec   599 KBytes  4.91 Mbits/sec  1.803 ms  12/450 (2.7%)  
[  8] 120.00-121.00 sec   602 KBytes  4.93 Mbits/sec  1.418 ms  9/449 (2%)  
[  8] 121.00-122.00 sec   608 KBytes  4.98 Mbits/sec  1.606 ms  1/446 (0.22%)  
[  8] 122.00-123.00 sec   611 KBytes  5.01 Mbits/sec  1.705 ms  0/447 (0%)  
[  8] 123.00-124.00 sec   606 KBytes  4.96 Mbits/sec  1.955 ms  2/445 (0.45%)  
[  8] 124.00-125.00 sec   611 KBytes  5.01 Mbits/sec  1.318 ms  0/447 (0%)  
[  8] 125.00-126.00 sec   607 KBytes  4.97 Mbits/sec  1.225 ms  1/445 (0.22%)  
[  8] 126.00-127.00 sec   603 KBytes  4.94 Mbits/sec  1.505 ms  6/447 (1.3%)  
[  8] 127.00-128.00 sec   606 KBytes  4.96 Mbits/sec  1.586 ms  2/445 (0.45%)  
[  8] 128.00-129.00 sec   610 KBytes  4.99 Mbits/sec  1.756 ms  0/446 (0%)  
[  8] 129.00-130.00 sec   612 KBytes  5.01 Mbits/sec  2.096 ms  1/449 (0.22%)  
[  8] 130.00-131.00 sec   611 KBytes  5.01 Mbits/sec  1.287 ms  0/447 (0%)  
[  8] 131.00-132.00 sec   606 KBytes  4.96 Mbits/sec  2.245 ms  1/444 (0.23%)  
[  8] 132.00-133.00 sec   604 KBytes  4.94 Mbits/sec  2.333 ms  7/449 (1.6%)  
[  8] 133.00-134.00 sec   599 KBytes  4.91 Mbits/sec  2.199 ms  5/443 (1.1%)  
[  8] 134.00-135.00 sec   614 KBytes  5.03 Mbits/sec  2.044 ms  0/449 (0%)  
[  8] 135.00-136.00 sec   606 KBytes  4.96 Mbits/sec  1.695 ms  0/443 (0%)  
[  8] 136.00-137.00 sec   592 KBytes  4.85 Mbits/sec  2.841 ms  0/433 (0%)  
[  8] 137.00-138.00 sec   614 KBytes  5.03 Mbits/sec  1.756 ms  4/453 (0.88%)  
[  8] 138.00-139.00 sec   498 KBytes  4.08 Mbits/sec  1.632 ms  0/364 (0%)  
[  8] 139.00-140.00 sec   632 KBytes  5.17 Mbits/sec  3.547 ms  6/468 (1.3%)  
[  8] 140.00-141.00 sec   596 KBytes  4.89 Mbits/sec  1.900 ms  0/436 (0%)  
[  8] 141.00-142.00 sec   587 KBytes  4.80 Mbits/sec  2.839 ms  33/462 (7.1%)  
[  8] 142.00-143.00 sec   587 KBytes  4.80 Mbits/sec  2.456 ms  8/437 (1.8%)  
[  8] 143.00-144.00 sec   673 KBytes  5.51 Mbits/sec  1.414 ms  2/494 (0.4%)  
[  8] 144.00-145.00 sec   640 KBytes  5.24 Mbits/sec  1.280 ms  1/469 (0.21%)  
[  8] 145.00-146.00 sec   612 KBytes  5.02 Mbits/sec  1.962 ms  2/450 (0.44%)  
[  8] 146.00-147.00 sec   506 KBytes  4.14 Mbits/sec  1.875 ms  14/384 (3.6%)  
[  8] 147.00-148.00 sec   608 KBytes  4.98 Mbits/sec  1.577 ms  0/445 (0%)  
[  8] 148.00-149.00 sec   685 KBytes  5.62 Mbits/sec  2.140 ms  2/503 (0.4%)  
[  8] 149.00-150.00 sec   528 KBytes  4.32 Mbits/sec  2.259 ms  3/389 (0.77%)  
[  8] 150.00-151.00 sec   552 KBytes  4.52 Mbits/sec  2.256 ms  2/406 (0.49%)  
[  8] 151.00-152.00 sec   614 KBytes  5.03 Mbits/sec  2.308 ms  103/552 (19%)  
[  8] 152.00-153.00 sec   597 KBytes  4.89 Mbits/sec  2.207 ms  9/446 (2%)  
[  8] 153.00-154.00 sec   587 KBytes  4.80 Mbits/sec  2.454 ms  19/448 (4.2%)  
[  8] 154.00-155.00 sec   589 KBytes  4.83 Mbits/sec  2.532 ms  14/445 (3.1%)  
[  8] 155.00-156.00 sec   608 KBytes  4.98 Mbits/sec  1.778 ms  2/447 (0.45%)  
[  8] 156.00-157.00 sec   610 KBytes  5.00 Mbits/sec  1.264 ms  2/448 (0.45%)  
[  8] 157.00-158.00 sec   611 KBytes  5.01 Mbits/sec  0.962 ms  0/447 (0%)  
[  8] 158.00-159.00 sec   603 KBytes  4.94 Mbits/sec  1.534 ms  2/443 (0.45%)  
[  8] 159.00-160.00 sec   611 KBytes  5.01 Mbits/sec  1.877 ms  2/449 (0.45%)  
[  8] 160.00-161.00 sec   608 KBytes  4.99 Mbits/sec  2.084 ms  2/447 (0.45%)  
[  8] 161.00-162.00 sec   608 KBytes  4.98 Mbits/sec  1.155 ms  0/445 (0%)  
[  8] 162.00-163.00 sec   606 KBytes  4.96 Mbits/sec  0.837 ms  4/447 (0.89%)  
[  8] 163.00-164.00 sec   608 KBytes  4.98 Mbits/sec  1.019 ms  0/445 (0%)  
[  8] 164.00-165.00 sec   608 KBytes  4.99 Mbits/sec  1.679 ms  0/445 (0%)  
[  8] 165.00-166.00 sec   606 KBytes  4.96 Mbits/sec  1.969 ms  4/447 (0.89%)  
[  8] 166.00-167.00 sec   607 KBytes  4.97 Mbits/sec  1.797 ms  1/445 (0.22%)  
[  8] 167.00-168.00 sec   587 KBytes  4.81 Mbits/sec  2.475 ms  19/448 (4.2%)  
[  8] 168.00-169.00 sec   600 KBytes  4.92 Mbits/sec  2.367 ms  6/445 (1.3%)  
[  8] 169.00-170.00 sec   612 KBytes  5.02 Mbits/sec  1.312 ms  2/450 (0.44%)  
[  8] 170.00-171.00 sec   611 KBytes  5.01 Mbits/sec  1.271 ms  0/447 (0%)  
[  8] 171.00-172.00 sec   602 KBytes  4.93 Mbits/sec  2.001 ms  4/444 (0.9%)  
[  8] 172.00-173.00 sec   610 KBytes  5.00 Mbits/sec  2.422 ms  2/448 (0.45%)  
[  8] 173.00-174.00 sec   602 KBytes  4.93 Mbits/sec  1.739 ms  4/444 (0.9%)  
[  8] 174.00-175.00 sec   603 KBytes  4.94 Mbits/sec  2.129 ms  8/449 (1.8%)  
[  8] 175.00-176.00 sec   608 KBytes  4.98 Mbits/sec  1.126 ms  2/447 (0.45%)  
[  8] 176.00-177.00 sec   610 KBytes  5.00 Mbits/sec  2.158 ms  0/446 (0%)  
[  8] 177.00-178.00 sec   611 KBytes  5.01 Mbits/sec  1.510 ms  0/447 (0%)  
[  8] 178.00-179.00 sec   607 KBytes  4.97 Mbits/sec  1.448 ms  2/446 (0.45%)  
[  8] 179.00-180.00 sec   611 KBytes  5.01 Mbits/sec  1.418 ms  1/448 (0.22%)  
[  8] 180.00-180.01 sec  5.47 KBytes  4.15 Mbits/sec  1.113 ms  0/4 (0%)  
- - - - - - - - - - - - - - - - - - - - - - - - -
[ ID] Interval           Transfer     Bitrate         Jitter    Lost/Total Datagrams
[  8]   0.00-180.01 sec   105 MBytes  4.91 Mbits/sec  1.113 ms  1439/80357 (1.8%)  receiver
