-----------------------------------------------------------
Server listening on 5201 (test #1)
-----------------------------------------------------------
Accepted connection from 10.0.0.33, port 40774
[  8] local 10.0.0.97 port 5201 connected to 10.0.0.33 port 35575
[ ID] Interval           Transfer     Bitrate         Jitter    Lost/Total Datagrams
[  8]   0.00-1.00   sec   119 KBytes   974 Kbits/sec  1.889 ms  2/89 (2.2%)  
[  8]   1.00-2.00   sec   122 KBytes   997 Kbits/sec  3.087 ms  0/89 (0%)  
[  8]   2.00-3.00   sec   120 KBytes   986 Kbits/sec  3.305 ms  2/90 (2.2%)  
[  8]   3.00-4.00   sec   119 KBytes   974 Kbits/sec  4.005 ms  2/89 (2.2%)  
[  8]   4.00-5.00   sec   123 KBytes  1.01 Mbits/sec  2.882 ms  0/90 (0%)  
[  8]   5.00-6.00   sec   120 KBytes   985 Kbits/sec  2.128 ms  1/89 (1.1%)  
[  8]   6.00-7.00   sec   120 KBytes   985 Kbits/sec  1.286 ms  1/89 (1.1%)  
[  8]   7.00-8.00   sec   122 KBytes   997 Kbits/sec  2.179 ms  0/89 (0%)  
[  8]   8.00-9.00   sec   122 KBytes   997 Kbits/sec  2.584 ms  1/90 (1.1%)  
[  8]   9.00-10.00  sec   122 KBytes   997 Kbits/sec  3.302 ms  0/89 (0%)  
[  8]  10.00-11.00  sec   122 KBytes   997 Kbits/sec  2.227 ms  0/89 (0%)  
[  8]  11.00-12.00  sec   122 KBytes   997 Kbits/sec  1.236 ms  0/89 (0%)  
[  8]  12.00-13.00  sec   123 KBytes  1.01 Mbits/sec  2.022 ms  0/90 (0%)  
[  8]  13.00-14.00  sec   122 KBytes   997 Kbits/sec  2.521 ms  0/89 (0%)  
[  8]  14.00-15.00  sec   119 KBytes   974 Kbits/sec  3.054 ms  2/89 (2.2%)  
[  8]  15.00-16.00  sec   120 KBytes   986 Kbits/sec  2.892 ms  0/88 (0%)  
[  8]  16.00-17.00  sec   123 KBytes  1.01 Mbits/sec  3.394 ms  1/91 (1.1%)  
[  8]  17.00-18.01  sec   123 KBytes  1.00 Mbits/sec  4.204 ms  0/90 (0%)  
[  8]  18.01-19.00  sec   115 KBytes   946 Kbits/sec  5.987 ms  4/88 (4.5%)  
[  8]  19.00-20.00  sec   113 KBytes   930 Kbits/sec  4.343 ms  6/89 (6.7%)  
[  8]  20.00-21.00  sec   101 KBytes   829 Kbits/sec  6.119 ms  9/83 (11%)  
[  8]  21.00-22.00  sec  99.8 KBytes   818 Kbits/sec  4.696 ms  4/77 (5.2%)  
[  8]  22.00-23.00  sec   131 KBytes  1.08 Mbits/sec  3.414 ms  2/98 (2%)  
[  8]  23.00-24.00  sec   113 KBytes   930 Kbits/sec  5.343 ms  17/100 (17%)  
[  8]  24.00-25.00  sec   122 KBytes   997 Kbits/sec  1.591 ms  0/89 (0%)  
[  8]  25.00-26.00  sec   122 KBytes   997 Kbits/sec  2.484 ms  0/89 (0%)  
[  8]  26.00-27.00  sec   122 KBytes   997 Kbits/sec  3.192 ms  0/89 (0%)  
[  8]  27.00-28.00  sec   122 KBytes   997 Kbits/sec  2.052 ms  1/90 (1.1%)  
[  8]  28.00-29.00  sec   112 KBytes   918 Kbits/sec  5.280 ms  6/88 (6.8%)  
[  8]  29.00-30.00  sec   118 KBytes   964 Kbits/sec  3.854 ms  4/90 (4.4%)  
[  8]  30.00-31.00  sec   123 KBytes  1.01 Mbits/sec  3.273 ms  0/90 (0%)  
[  8]  31.00-32.00  sec   122 KBytes   997 Kbits/sec  2.014 ms  0/89 (0%)  
[  8]  32.00-33.00  sec   122 KBytes   997 Kbits/sec  1.979 ms  0/89 (0%)  
[  8]  33.00-34.00  sec   123 KBytes  1.01 Mbits/sec  2.331 ms  0/90 (0%)  
[  8]  34.00-35.00  sec   122 KBytes   995 Kbits/sec  2.069 ms  0/89 (0%)  
[  8]  35.00-36.00  sec   120 KBytes   988 Kbits/sec  3.050 ms  1/89 (1.1%)  
[  8]  36.00-37.00  sec   123 KBytes  1.01 Mbits/sec  2.274 ms  0/90 (0%)  
[  8]  37.00-38.00  sec   119 KBytes   974 Kbits/sec  2.991 ms  1/88 (1.1%)  
[  8]  38.00-39.00  sec   122 KBytes   997 Kbits/sec  2.258 ms  1/90 (1.1%)  
[  8]  39.00-40.00  sec   122 KBytes   997 Kbits/sec  2.351 ms  0/89 (0%)  
[  8]  40.00-41.00  sec   120 KBytes   986 Kbits/sec  2.870 ms  2/90 (2.2%)  
[  8]  41.00-42.00  sec   122 KBytes   997 Kbits/sec  2.130 ms  0/89 (0%)  
[  8]  42.00-43.00  sec   120 KBytes   986 Kbits/sec  1.943 ms  1/89 (1.1%)  
[  8]  43.00-44.00  sec   123 KBytes  1.01 Mbits/sec  2.024 ms  0/90 (0%)  
[  8]  44.00-45.00  sec   119 KBytes   974 Kbits/sec  3.670 ms  1/88 (1.1%)  
[  8]  45.00-46.00  sec   123 KBytes  1.01 Mbits/sec  3.852 ms  0/90 (0%)  
[  8]  46.00-47.00  sec   120 KBytes   986 Kbits/sec  3.017 ms  1/89 (1.1%)  
[  8]  47.00-48.00  sec   123 KBytes  1.01 Mbits/sec  1.464 ms  0/90 (0%)  
[  8]  48.00-49.00  sec   122 KBytes   997 Kbits/sec  1.678 ms  0/89 (0%)  
[  8]  49.00-50.00  sec   122 KBytes   997 Kbits/sec  1.342 ms  0/89 (0%)  
[  8]  50.00-51.00  sec   123 KBytes  1.01 Mbits/sec  2.685 ms  0/90 (0%)  
[  8]  51.00-52.00  sec   119 KBytes   974 Kbits/sec  4.330 ms  2/89 (2.2%)  
[  8]  52.00-53.00  sec   122 KBytes   997 Kbits/sec  2.214 ms  0/89 (0%)  
[  8]  53.00-54.00  sec   122 KBytes   997 Kbits/sec  1.742 ms  0/89 (0%)  
[  8]  54.00-55.00  sec   122 KBytes   997 Kbits/sec  2.248 ms  0/89 (0%)  
[  8]  55.00-56.00  sec   120 KBytes   986 Kbits/sec  4.043 ms  1/89 (1.1%)  
[  8]  56.00-57.00  sec   122 KBytes   996 Kbits/sec  4.464 ms  1/90 (1.1%)  
[  8]  57.00-58.00  sec   120 KBytes   985 Kbits/sec  2.878 ms  2/90 (2.2%)  
[  8]  58.00-59.00  sec   122 KBytes   998 Kbits/sec  3.618 ms  0/89 (0%)  
[  8]  59.00-60.00  sec   119 KBytes   974 Kbits/sec  2.549 ms  2/89 (2.2%)  
[  8]  60.00-61.00  sec   119 KBytes   974 Kbits/sec  4.436 ms  2/89 (2.2%)  
[  8]  61.00-62.00  sec   109 KBytes   896 Kbits/sec  4.878 ms  8/88 (9.1%)  
[  8]  62.00-63.00  sec   113 KBytes   929 Kbits/sec  3.976 ms  8/91 (8.8%)  
[  8]  63.00-64.00  sec   122 KBytes   997 Kbits/sec  2.760 ms  0/89 (0%)  
[  8]  64.00-65.00  sec   118 KBytes   963 Kbits/sec  3.164 ms  1/87 (1.1%)  
[  8]  65.00-66.00  sec   123 KBytes  1.01 Mbits/sec  2.780 ms  2/92 (2.2%)  
[  8]  66.00-67.01  sec   120 KBytes   978 Kbits/sec  3.032 ms  1/89 (1.1%)  
[  8]  67.01-68.00  sec   122 KBytes  1.01 Mbits/sec  3.241 ms  0/89 (0%)  
[  8]  68.00-69.00  sec   123 KBytes  1.01 Mbits/sec  2.048 ms  0/90 (0%)  
[  8]  69.00-70.00  sec   122 KBytes   997 Kbits/sec  2.892 ms  0/89 (0%)  
[  8]  70.00-71.00  sec   122 KBytes   997 Kbits/sec  4.580 ms  0/89 (0%)  
[  8]  71.00-72.00  sec   122 KBytes   997 Kbits/sec  4.020 ms  0/89 (0%)  
[  8]  72.00-73.00  sec   116 KBytes   949 Kbits/sec  4.189 ms  3/88 (3.4%)  
[  8]  73.00-74.00  sec   120 KBytes   989 Kbits/sec  3.756 ms  3/91 (3.3%)  
[  8]  74.00-75.00  sec   115 KBytes   941 Kbits/sec  3.966 ms  3/87 (3.4%)  
[  8]  75.00-76.00  sec   122 KBytes   997 Kbits/sec  3.111 ms  2/91 (2.2%)  
[  8]  76.00-77.00  sec   119 KBytes   974 Kbits/sec  3.284 ms  2/89 (2.2%)  
[  8]  77.00-78.00  sec   118 KBytes   963 Kbits/sec  5.679 ms  4/90 (4.4%)  
[  8]  78.00-79.00  sec   115 KBytes   940 Kbits/sec  3.904 ms  1/85 (1.2%)  
[  8]  79.00-80.00  sec   103 KBytes   841 Kbits/sec  4.508 ms  19/94 (20%)  
[  8]  80.00-81.00  sec   112 KBytes   918 Kbits/sec  2.567 ms  7/89 (7.9%)  
[  8]  81.00-82.00  sec   120 KBytes   986 Kbits/sec  3.866 ms  1/89 (1.1%)  
[  8]  82.00-83.00  sec   120 KBytes   986 Kbits/sec  3.914 ms  2/90 (2.2%)  
[  8]  83.00-84.00  sec   122 KBytes   997 Kbits/sec  2.155 ms  0/89 (0%)  
[  8]  84.00-85.00  sec   115 KBytes   940 Kbits/sec  1.842 ms  5/89 (5.6%)  
[  8]  85.00-86.00  sec   123 KBytes  1.01 Mbits/sec  2.180 ms  0/90 (0%)  
[  8]  86.00-87.00  sec   120 KBytes   986 Kbits/sec  3.991 ms  0/88 (0%)  
[  8]  87.00-88.00  sec   122 KBytes   997 Kbits/sec  2.905 ms  0/89 (0%)  
[  8]  88.00-89.00  sec   123 KBytes  1.01 Mbits/sec  2.625 ms  0/90 (0%)  
[  8]  89.00-90.00  sec   122 KBytes   997 Kbits/sec  2.737 ms  0/89 (0%)  
[  8]  90.00-91.00  sec   123 KBytes  1.01 Mbits/sec  3.544 ms  0/90 (0%)  
[  8]  91.00-92.00  sec   115 KBytes   941 Kbits/sec  4.040 ms  5/89 (5.6%)  
[  8]  92.00-93.00  sec   115 KBytes   941 Kbits/sec  3.895 ms  5/89 (5.6%)  
[  8]  93.00-94.00  sec   120 KBytes   986 Kbits/sec  2.269 ms  1/89 (1.1%)  
[  8]  94.00-95.00  sec   120 KBytes   986 Kbits/sec  2.293 ms  2/90 (2.2%)  
[  8]  95.00-96.00  sec   115 KBytes   939 Kbits/sec  4.569 ms  4/88 (4.5%)  
[  8]  96.00-97.00  sec   123 KBytes  1.01 Mbits/sec  2.782 ms  0/90 (0%)  
[  8]  97.00-98.00  sec   123 KBytes  1.01 Mbits/sec  3.329 ms  0/90 (0%)  
[  8]  98.00-99.00  sec   118 KBytes   963 Kbits/sec  6.404 ms  3/89 (3.4%)  
[  8]  99.00-100.00 sec   120 KBytes   986 Kbits/sec  5.096 ms  2/90 (2.2%)  
[  8] 100.00-101.00 sec   112 KBytes   918 Kbits/sec  4.932 ms  5/87 (5.7%)  
[  8] 101.00-102.00 sec   124 KBytes  1.02 Mbits/sec  1.546 ms  0/91 (0%)  
[  8] 102.00-103.00 sec   119 KBytes   975 Kbits/sec  3.233 ms  1/88 (1.1%)  
[  8] 103.00-104.00 sec   123 KBytes  1.01 Mbits/sec  2.035 ms  1/91 (1.1%)  
[  8] 104.00-105.00 sec   122 KBytes   997 Kbits/sec  1.543 ms  0/89 (0%)  
[  8] 105.00-106.00 sec   120 KBytes   986 Kbits/sec  3.383 ms  1/89 (1.1%)  
[  8] 106.00-107.00 sec   113 KBytes   929 Kbits/sec  6.260 ms  6/89 (6.7%)  
[  8] 107.00-108.00 sec   116 KBytes   952 Kbits/sec  4.765 ms  5/90 (5.6%)  
[  8] 108.00-109.00 sec   119 KBytes   974 Kbits/sec  4.642 ms  1/88 (1.1%)  
[  8] 109.00-110.00 sec   124 KBytes  1.02 Mbits/sec  2.210 ms  0/91 (0%)  
[  8] 110.00-111.00 sec   118 KBytes   963 Kbits/sec  5.897 ms  2/88 (2.3%)  
[  8] 111.00-112.00 sec   112 KBytes   918 Kbits/sec  4.143 ms  7/89 (7.9%)  
[  8] 112.00-113.00 sec   120 KBytes   986 Kbits/sec  2.216 ms  2/90 (2.2%)  
[  8] 113.00-114.00 sec   122 KBytes   997 Kbits/sec  2.186 ms  0/89 (0%)  
[  8] 114.00-115.00 sec   119 KBytes   974 Kbits/sec  2.281 ms  3/90 (3.3%)  
[  8] 115.00-116.00 sec   122 KBytes   997 Kbits/sec  2.783 ms  0/89 (0%)  
[  8] 116.00-117.00 sec   122 KBytes   997 Kbits/sec  2.552 ms  0/89 (0%)  
[  8] 117.00-118.00 sec   122 KBytes   996 Kbits/sec  2.775 ms  1/90 (1.1%)  
[  8] 118.00-119.00 sec   120 KBytes   987 Kbits/sec  4.654 ms  1/89 (1.1%)  
[  8] 119.00-120.00 sec   119 KBytes   974 Kbits/sec  3.013 ms  2/89 (2.2%)  
[  8] 120.00-121.00 sec   120 KBytes   986 Kbits/sec  2.131 ms  1/89 (1.1%)  
[  8] 121.00-122.00 sec   120 KBytes   986 Kbits/sec  2.884 ms  2/90 (2.2%)  
[  8] 122.00-123.00 sec   122 KBytes   997 Kbits/sec  3.277 ms  0/89 (0%)  
[  8] 123.00-124.00 sec   120 KBytes   986 Kbits/sec  3.119 ms  1/89 (1.1%)  
[  8] 124.00-125.00 sec   123 KBytes  1.01 Mbits/sec  2.260 ms  0/90 (0%)  
[  8] 125.00-126.00 sec   122 KBytes   997 Kbits/sec  2.945 ms  0/89 (0%)  
[  8] 126.00-127.00 sec   119 KBytes   974 Kbits/sec  2.922 ms  2/89 (2.2%)  
[  8] 127.00-128.00 sec   120 KBytes   986 Kbits/sec  3.463 ms  1/89 (1.1%)  
[  8] 128.00-129.00 sec   122 KBytes   997 Kbits/sec  3.696 ms  0/89 (0%)  
[  8] 129.00-130.00 sec   123 KBytes  1.01 Mbits/sec  3.553 ms  0/90 (0%)  
[  8] 130.00-131.00 sec   122 KBytes   997 Kbits/sec  3.271 ms  0/89 (0%)  
[  8] 131.00-132.00 sec   122 KBytes   997 Kbits/sec  2.519 ms  0/89 (0%)  
[  8] 132.00-133.01 sec   120 KBytes   979 Kbits/sec  2.195 ms  2/90 (2.2%)  
[  8] 133.01-134.00 sec   122 KBytes  1.00 Mbits/sec  1.661 ms  0/89 (0%)  
[  8] 134.00-135.00 sec   122 KBytes   997 Kbits/sec  1.600 ms  0/89 (0%)  
[  8] 135.00-136.00 sec   123 KBytes  1.00 Mbits/sec  2.267 ms  0/90 (0%)  
[  8] 136.00-137.00 sec   119 KBytes   979 Kbits/sec  2.691 ms  0/87 (0%)  
[  8] 137.00-138.00 sec   120 KBytes   985 Kbits/sec  3.734 ms  1/89 (1.1%)  
[  8] 138.00-139.00 sec   101 KBytes   829 Kbits/sec  5.232 ms  0/74 (0%)  
[  8] 139.00-140.00 sec   124 KBytes  1.02 Mbits/sec  5.895 ms  3/94 (3.2%)  
[  8] 140.00-141.00 sec   113 KBytes   930 Kbits/sec  5.329 ms  0/83 (0%)  
[  8] 141.00-142.00 sec   123 KBytes  1.01 Mbits/sec  8.761 ms  5/95 (5.3%)  
[  8] 142.00-143.00 sec   116 KBytes   952 Kbits/sec  3.977 ms  0/85 (0%)  
[  8] 143.00-144.00 sec   135 KBytes  1.11 Mbits/sec  4.489 ms  2/101 (2%)  
[  8] 144.00-145.00 sec   129 KBytes  1.05 Mbits/sec  2.669 ms  0/94 (0%)  
[  8] 145.00-146.00 sec   123 KBytes  1.01 Mbits/sec  1.836 ms  1/91 (1.1%)  
[  8] 146.00-147.00 sec   101 KBytes   830 Kbits/sec  4.047 ms  3/77 (3.9%)  
[  8] 147.00-148.00 sec   118 KBytes   963 Kbits/sec  3.278 ms  0/86 (0%)  
[  8] 148.00-149.00 sec   139 KBytes  1.14 Mbits/sec  4.634 ms  0/102 (0%)  
[  8] 149.00-150.00 sec   108 KBytes   885 Kbits/sec  4.812 ms  0/79 (0%)  
[  8] 150.00-151.00 sec   112 KBytes   918 Kbits/sec  4.040 ms  0/82 (0%)  
[  8] 151.00-152.00 sec   119 KBytes   975 Kbits/sec  4.284 ms  22/109 (20%)  
[  8] 152.00-153.00 sec   119 KBytes   974 Kbits/sec  3.797 ms  2/89 (2.2%)  
[  8] 153.00-154.00 sec   118 KBytes   963 Kbits/sec  5.047 ms  4/90 (4.4%)  
[  8] 154.00-155.00 sec   119 KBytes   974 Kbits/sec  3.948 ms  2/89 (2.2%)  
[  8] 155.00-156.00 sec   122 KBytes   997 Kbits/sec  2.982 ms  1/90 (1.1%)  
[  8] 156.00-157.00 sec   122 KBytes   997 Kbits/sec  1.426 ms  0/89 (0%)  
[  8] 157.00-158.00 sec   122 KBytes   996 Kbits/sec  1.721 ms  0/89 (0%)  
[  8] 158.00-159.00 sec   122 KBytes   997 Kbits/sec  3.531 ms  0/89 (0%)  
[  8] 159.00-160.00 sec   120 KBytes   986 Kbits/sec  2.733 ms  2/90 (2.2%)  
[  8] 160.00-161.00 sec   122 KBytes   997 Kbits/sec  3.088 ms  0/89 (0%)  
[  8] 161.00-162.00 sec   122 KBytes   997 Kbits/sec  1.407 ms  0/89 (0%)  
[  8] 162.00-163.00 sec   122 KBytes   997 Kbits/sec  1.651 ms  1/90 (1.1%)  
[  8] 163.00-164.00 sec   122 KBytes   997 Kbits/sec  2.380 ms  0/89 (0%)  
[  8] 164.00-165.00 sec   122 KBytes   997 Kbits/sec  2.760 ms  0/89 (0%)  
[  8] 165.00-166.00 sec   120 KBytes   984 Kbits/sec  2.380 ms  1/89 (1.1%)  
[  8] 166.00-167.00 sec   120 KBytes   988 Kbits/sec  2.490 ms  1/89 (1.1%)  
[  8] 167.00-168.00 sec   122 KBytes   997 Kbits/sec  4.541 ms  1/90 (1.1%)  
[  8] 168.00-169.00 sec   122 KBytes   997 Kbits/sec  3.353 ms  0/89 (0%)  
[  8] 169.00-170.00 sec   122 KBytes   997 Kbits/sec  1.947 ms  1/90 (1.1%)  
[  8] 170.00-171.00 sec   120 KBytes   986 Kbits/sec  3.183 ms  0/88 (0%)  
[  8] 171.00-172.00 sec   122 KBytes   997 Kbits/sec  3.229 ms  1/90 (1.1%)  
[  8] 172.00-173.00 sec   122 KBytes   997 Kbits/sec  3.050 ms  0/89 (0%)  
[  8] 173.00-174.00 sec   120 KBytes   986 Kbits/sec  2.081 ms  2/90 (2.2%)  
[  8] 174.00-175.00 sec   120 KBytes   986 Kbits/sec  4.732 ms  1/89 (1.1%)  
[  8] 175.00-176.00 sec   120 KBytes   986 Kbits/sec  3.065 ms  1/89 (1.1%)  
[  8] 176.00-177.00 sec   123 KBytes  1.01 Mbits/sec  2.786 ms  0/90 (0%)  
[  8] 177.00-178.00 sec   122 KBytes   997 Kbits/sec  2.552 ms  0/89 (0%)  
[  8] 178.00-179.00 sec   122 KBytes   997 Kbits/sec  3.014 ms  0/89 (0%)  
[  8] 179.00-180.00 sec   123 KBytes  1.01 Mbits/sec  1.471 ms  0/90 (0%)  
- - - - - - - - - - - - - - - - - - - - - - - - -
[ ID] Interval           Transfer     Bitrate         Jitter    Lost/Total Datagrams
[  8]   0.00-180.00 sec  21.1 MBytes   982 Kbits/sec  1.471 ms  282/16072 (1.8%)  receiver
