-----------------------------------------------------------
Server listening on 5201 (test #1)
-----------------------------------------------------------
Accepted connection from 10.0.0.25, port 55482
[  8] local 10.0.0.57 port 5201 connected to 10.0.0.25 port 52769
[ ID] Interval           Transfer     Bitrate         Jitter    Lost/Total Datagrams
[  8]   0.00-1.00   sec   604 KBytes  4.95 Mbits/sec  2.082 ms  2/444 (0.45%)  
[  8]   1.00-2.00   sec   600 KBytes  4.92 Mbits/sec  1.060 ms  9/448 (2%)  
[  8]   2.00-3.00   sec   604 KBytes  4.95 Mbits/sec  1.411 ms  3/445 (0.67%)  
[  8]   3.00-4.00   sec   611 KBytes  5.01 Mbits/sec  1.471 ms  1/448 (0.22%)  
[  8]   4.00-5.00   sec   610 KBytes  5.00 Mbits/sec  1.431 ms  0/446 (0%)  
[  8]   5.00-6.00   sec   610 KBytes  5.00 Mbits/sec  0.561 ms  0/446 (0%)  
[  8]   6.00-7.00   sec   608 KBytes  4.98 Mbits/sec  1.140 ms  1/446 (0.22%)  
[  8]   7.00-8.00   sec   611 KBytes  5.01 Mbits/sec  1.836 ms  0/447 (0%)  
[  8]   8.00-9.00   sec   610 KBytes  5.00 Mbits/sec  1.934 ms  0/446 (0%)  
[  8]   9.00-10.00  sec   607 KBytes  4.97 Mbits/sec  1.268 ms  2/446 (0.45%)  
[  8]  10.00-11.00  sec   608 KBytes  4.98 Mbits/sec  1.183 ms  2/447 (0.45%)  
[  8]  11.00-12.00  sec   610 KBytes  5.00 Mbits/sec  1.020 ms  1/447 (0.22%)  
[  8]  12.00-13.00  sec   608 KBytes  4.98 Mbits/sec  1.960 ms  0/445 (0%)  
[  8]  13.00-14.00  sec   612 KBytes  5.02 Mbits/sec  1.354 ms  0/448 (0%)  
[  8]  14.00-15.00  sec   571 KBytes  4.68 Mbits/sec  1.494 ms  0/418 (0%)  
[  8]  15.00-16.00  sec   645 KBytes  5.29 Mbits/sec  1.420 ms  1/473 (0.21%)  
[  8]  16.00-17.00  sec   608 KBytes  4.98 Mbits/sec  1.538 ms  1/446 (0.22%)  
[  8]  17.00-18.00  sec   612 KBytes  5.02 Mbits/sec  1.624 ms  0/448 (0%)  
[  8]  18.00-19.00  sec   580 KBytes  4.75 Mbits/sec  1.986 ms  21/445 (4.7%)  
[  8]  19.00-20.00  sec   592 KBytes  4.85 Mbits/sec  1.573 ms  12/445 (2.7%)  
[  8]  20.00-21.00  sec   555 KBytes  4.55 Mbits/sec  3.217 ms  3/409 (0.73%)  
[  8]  21.00-22.00  sec   483 KBytes  3.95 Mbits/sec  2.252 ms  33/386 (8.5%)  
[  8]  22.00-23.00  sec   643 KBytes  5.26 Mbits/sec  1.652 ms  27/497 (5.4%)  
[  8]  23.00-24.00  sec   622 KBytes  5.10 Mbits/sec  2.059 ms  41/496 (8.3%)  
[  8]  24.00-25.00  sec   611 KBytes  5.01 Mbits/sec  0.949 ms  0/447 (0%)  
[  8]  25.00-26.00  sec   604 KBytes  4.95 Mbits/sec  1.226 ms  4/446 (0.9%)  
[  8]  26.00-27.00  sec   611 KBytes  5.01 Mbits/sec  1.570 ms  0/447 (0%)  
[  8]  27.00-28.00  sec   612 KBytes  5.01 Mbits/sec  1.609 ms  0/448 (0%)  
[  8]  28.00-29.00  sec   585 KBytes  4.80 Mbits/sec  2.192 ms  3/431 (0.7%)  
[  8]  29.00-30.00  sec   619 KBytes  5.07 Mbits/sec  1.747 ms  7/460 (1.5%)  
[  8]  30.00-31.00  sec   603 KBytes  4.94 Mbits/sec  1.620 ms  6/447 (1.3%)  
[  8]  31.00-32.00  sec   610 KBytes  5.00 Mbits/sec  1.210 ms  1/447 (0.22%)  
[  8]  32.00-33.00  sec   610 KBytes  4.99 Mbits/sec  1.574 ms  0/446 (0%)  
[  8]  33.00-34.00  sec   610 KBytes  5.00 Mbits/sec  1.044 ms  0/446 (0%)  
[  8]  34.00-35.00  sec   611 KBytes  5.01 Mbits/sec  1.273 ms  0/447 (0%)  
[  8]  35.00-36.00  sec   607 KBytes  4.97 Mbits/sec  1.390 ms  1/445 (0.22%)  
[  8]  36.00-37.00  sec   610 KBytes  5.00 Mbits/sec  1.259 ms  2/448 (0.45%)  
[  8]  37.00-38.00  sec   610 KBytes  4.99 Mbits/sec  1.421 ms  0/446 (0%)  
[  8]  38.00-39.00  sec   606 KBytes  4.97 Mbits/sec  2.061 ms  3/446 (0.67%)  
[  8]  39.00-40.00  sec   608 KBytes  4.98 Mbits/sec  1.117 ms  1/446 (0.22%)  
[  8]  40.00-41.00  sec   596 KBytes  4.88 Mbits/sec  2.066 ms  10/446 (2.2%)  
[  8]  41.00-42.00  sec   606 KBytes  4.97 Mbits/sec  1.197 ms  5/448 (1.1%)  
[  8]  42.00-43.00  sec   600 KBytes  4.92 Mbits/sec  1.453 ms  7/446 (1.6%)  
[  8]  43.00-44.00  sec   608 KBytes  4.98 Mbits/sec  1.130 ms  1/446 (0.22%)  
[  8]  44.00-45.00  sec   611 KBytes  5.01 Mbits/sec  2.012 ms  0/447 (0%)  
[  8]  45.00-46.00  sec   602 KBytes  4.93 Mbits/sec  2.494 ms  2/442 (0.45%)  
[  8]  46.00-47.00  sec   614 KBytes  5.03 Mbits/sec  1.233 ms  1/450 (0.22%)  
[  8]  47.00-48.00  sec   611 KBytes  5.01 Mbits/sec  0.566 ms  0/447 (0%)  
[  8]  48.00-49.00  sec   607 KBytes  4.95 Mbits/sec  1.376 ms  1/445 (0.22%)  
[  8]  49.00-50.00  sec   612 KBytes  5.04 Mbits/sec  1.402 ms  1/449 (0.22%)  
[  8]  50.00-51.00  sec   607 KBytes  4.97 Mbits/sec  1.245 ms  2/446 (0.45%)  
[  8]  51.00-52.00  sec   593 KBytes  4.86 Mbits/sec  1.912 ms  10/444 (2.3%)  
[  8]  52.00-53.00  sec   612 KBytes  5.02 Mbits/sec  1.216 ms  0/448 (0%)  
[  8]  53.00-54.00  sec   603 KBytes  4.94 Mbits/sec  0.692 ms  6/447 (1.3%)  
[  8]  54.00-55.00  sec   606 KBytes  4.96 Mbits/sec  0.640 ms  3/446 (0.67%)  
[  8]  55.00-56.00  sec   599 KBytes  4.91 Mbits/sec  1.639 ms  6/444 (1.4%)  
[  8]  56.00-57.00  sec   597 KBytes  4.89 Mbits/sec  1.865 ms  11/448 (2.5%)  
[  8]  57.00-58.00  sec   596 KBytes  4.88 Mbits/sec  0.954 ms  12/448 (2.7%)  
[  8]  58.00-59.00  sec   607 KBytes  4.97 Mbits/sec  1.601 ms  1/445 (0.22%)  
[  8]  59.00-60.00  sec   607 KBytes  4.97 Mbits/sec  1.543 ms  1/445 (0.22%)  
[  8]  60.00-61.00  sec   524 KBytes  4.29 Mbits/sec  2.248 ms  66/449 (15%)  
[  8]  61.00-62.00  sec   597 KBytes  4.89 Mbits/sec  2.002 ms  6/443 (1.4%)  
[  8]  62.00-63.00  sec   597 KBytes  4.89 Mbits/sec  2.043 ms  12/449 (2.7%)  
[  8]  63.00-64.00  sec   608 KBytes  4.98 Mbits/sec  1.683 ms  1/446 (0.22%)  
[  8]  64.00-65.00  sec   608 KBytes  4.98 Mbits/sec  2.176 ms  3/448 (0.67%)  
[  8]  65.00-66.00  sec   606 KBytes  4.96 Mbits/sec  1.170 ms  3/446 (0.67%)  
[  8]  66.00-67.00  sec   604 KBytes  4.95 Mbits/sec  1.219 ms  4/446 (0.9%)  
[  8]  67.00-68.00  sec   602 KBytes  4.93 Mbits/sec  1.111 ms  7/447 (1.6%)  
[  8]  68.00-69.00  sec   608 KBytes  4.98 Mbits/sec  0.797 ms  1/446 (0.22%)  
[  8]  69.00-70.00  sec   607 KBytes  4.97 Mbits/sec  0.911 ms  2/446 (0.45%)  
[  8]  70.00-71.00  sec   595 KBytes  4.88 Mbits/sec  1.287 ms  10/445 (2.2%)  
[  8]  71.00-72.00  sec   606 KBytes  4.96 Mbits/sec  1.577 ms  5/448 (1.1%)  
[  8]  72.00-73.00  sec   589 KBytes  4.82 Mbits/sec  1.066 ms  4/435 (0.92%)  
[  8]  73.00-74.00  sec   498 KBytes  4.08 Mbits/sec  1.645 ms  72/436 (17%)  
[  8]  74.00-75.00  sec   638 KBytes  5.23 Mbits/sec  1.000 ms  2/469 (0.43%)  
[  8]  75.00-76.00  sec   606 KBytes  4.95 Mbits/sec  2.242 ms  4/447 (0.89%)  
[  8]  76.00-77.00  sec   518 KBytes  4.25 Mbits/sec  2.716 ms  67/446 (15%)  
[  8]  77.00-78.00  sec   580 KBytes  4.75 Mbits/sec  2.023 ms  20/444 (4.5%)  
[  8]  78.00-79.00  sec   536 KBytes  4.39 Mbits/sec  1.728 ms  17/409 (4.2%)  
[  8]  79.00-80.00  sec   543 KBytes  4.45 Mbits/sec  1.596 ms  88/485 (18%)  
[  8]  80.00-81.00  sec   603 KBytes  4.94 Mbits/sec  1.330 ms  6/447 (1.3%)  
[  8]  81.00-82.00  sec   600 KBytes  4.92 Mbits/sec  1.419 ms  8/447 (1.8%)  
[  8]  82.00-83.00  sec   585 KBytes  4.79 Mbits/sec  1.400 ms  17/445 (3.8%)  
[  8]  83.00-84.00  sec   606 KBytes  4.96 Mbits/sec  1.365 ms  5/448 (1.1%)  
[  8]  84.00-85.00  sec   607 KBytes  4.97 Mbits/sec  1.222 ms  1/445 (0.22%)  
[  8]  85.00-86.00  sec   597 KBytes  4.89 Mbits/sec  1.465 ms  11/448 (2.5%)  
[  8]  86.00-87.00  sec   608 KBytes  4.98 Mbits/sec  1.538 ms  2/447 (0.45%)  
[  8]  87.00-88.00  sec   585 KBytes  4.79 Mbits/sec  1.869 ms  17/445 (3.8%)  
[  8]  88.00-89.00  sec   599 KBytes  4.91 Mbits/sec  1.382 ms  9/447 (2%)  
[  8]  89.00-90.00  sec   603 KBytes  4.94 Mbits/sec  1.953 ms  4/445 (0.9%)  
[  8]  90.00-91.00  sec   606 KBytes  4.96 Mbits/sec  1.487 ms  5/448 (1.1%)  
[  8]  91.00-92.00  sec   600 KBytes  4.92 Mbits/sec  1.057 ms  7/446 (1.6%)  
[  8]  92.00-93.00  sec   596 KBytes  4.87 Mbits/sec  1.426 ms  9/445 (2%)  
[  8]  93.00-94.00  sec   611 KBytes  5.02 Mbits/sec  1.615 ms  1/448 (0.22%)  
[  8]  94.00-95.00  sec   587 KBytes  4.80 Mbits/sec  2.114 ms  15/444 (3.4%)  
[  8]  95.00-96.00  sec   604 KBytes  4.95 Mbits/sec  2.164 ms  2/444 (0.45%)  
[  8]  96.00-97.00  sec   611 KBytes  5.01 Mbits/sec  2.464 ms  5/452 (1.1%)  
[  8]  97.00-98.00  sec   604 KBytes  4.95 Mbits/sec  1.053 ms  2/444 (0.45%)  
[  8]  98.00-99.00  sec   608 KBytes  4.98 Mbits/sec  1.219 ms  2/447 (0.45%)  
[  8]  99.00-100.00 sec   607 KBytes  4.97 Mbits/sec  0.315 ms  1/445 (0.22%)  
[  8] 100.00-101.00 sec   592 KBytes  4.85 Mbits/sec  1.768 ms  13/446 (2.9%)  
[  8] 101.00-102.00 sec   612 KBytes  5.01 Mbits/sec  0.667 ms  0/448 (0%)  
[  8] 102.00-103.00 sec   608 KBytes  4.99 Mbits/sec  1.962 ms  3/448 (0.67%)  
[  8] 103.00-104.00 sec   589 KBytes  4.83 Mbits/sec  1.385 ms  15/446 (3.4%)  
[  8] 104.00-105.00 sec   599 KBytes  4.91 Mbits/sec  1.488 ms  9/447 (2%)  
[  8] 105.00-106.00 sec   604 KBytes  4.95 Mbits/sec  1.471 ms  4/446 (0.9%)  
[  8] 106.00-107.00 sec   592 KBytes  4.85 Mbits/sec  1.568 ms  14/447 (3.1%)  
[  8] 107.00-108.00 sec   574 KBytes  4.70 Mbits/sec  3.051 ms  23/443 (5.2%)  
[  8] 108.00-109.00 sec   608 KBytes  4.98 Mbits/sec  2.026 ms  2/447 (0.45%)  
[  8] 109.00-110.00 sec   596 KBytes  4.88 Mbits/sec  1.655 ms  12/448 (2.7%)  
[  8] 110.00-111.00 sec   597 KBytes  4.89 Mbits/sec  2.239 ms  5/442 (1.1%)  
[  8] 111.00-112.00 sec   569 KBytes  4.66 Mbits/sec  1.522 ms  30/446 (6.7%)  
[  8] 112.00-113.00 sec   608 KBytes  4.98 Mbits/sec  1.753 ms  6/451 (1.3%)  
[  8] 113.00-114.00 sec   597 KBytes  4.89 Mbits/sec  1.065 ms  9/446 (2%)  
[  8] 114.00-115.00 sec   584 KBytes  4.78 Mbits/sec  1.570 ms  22/449 (4.9%)  
[  8] 115.00-116.00 sec   606 KBytes  4.96 Mbits/sec  1.253 ms  2/445 (0.45%)  
[  8] 116.00-117.00 sec   604 KBytes  4.95 Mbits/sec  2.234 ms  3/445 (0.67%)  
[  8] 117.00-118.00 sec   596 KBytes  4.88 Mbits/sec  1.758 ms  9/445 (2%)  
[  8] 118.00-119.00 sec   608 KBytes  4.98 Mbits/sec  1.624 ms  5/450 (1.1%)  
[  8] 119.00-120.00 sec   604 KBytes  4.95 Mbits/sec  1.547 ms  5/447 (1.1%)  
[  8] 120.00-121.00 sec   588 KBytes  4.82 Mbits/sec  0.997 ms  16/446 (3.6%)  
[  8] 121.00-122.00 sec   606 KBytes  4.96 Mbits/sec  1.823 ms  3/446 (0.67%)  
[  8] 122.00-123.00 sec   604 KBytes  4.95 Mbits/sec  2.332 ms  3/445 (0.67%)  
[  8] 123.00-124.00 sec   607 KBytes  4.97 Mbits/sec  1.856 ms  3/447 (0.67%)  
[  8] 124.00-125.00 sec   610 KBytes  5.00 Mbits/sec  1.194 ms  2/448 (0.45%)  
[  8] 125.00-126.00 sec   608 KBytes  4.98 Mbits/sec  1.947 ms  2/447 (0.45%)  
[  8] 126.00-127.00 sec   604 KBytes  4.95 Mbits/sec  1.732 ms  3/445 (0.67%)  
[  8] 127.00-128.00 sec   599 KBytes  4.90 Mbits/sec  1.882 ms  8/446 (1.8%)  
[  8] 128.00-129.00 sec   588 KBytes  4.82 Mbits/sec  2.368 ms  12/442 (2.7%)  
[  8] 129.00-130.00 sec   589 KBytes  4.83 Mbits/sec  1.862 ms  19/450 (4.2%)  
[  8] 130.00-131.00 sec   607 KBytes  4.97 Mbits/sec  0.957 ms  4/448 (0.89%)  
[  8] 131.00-132.00 sec   558 KBytes  4.57 Mbits/sec  1.614 ms  39/447 (8.7%)  
[  8] 132.00-133.00 sec   602 KBytes  4.93 Mbits/sec  1.729 ms  5/445 (1.1%)  
[  8] 133.00-134.00 sec   606 KBytes  4.96 Mbits/sec  0.889 ms  2/445 (0.45%)  
[  8] 134.00-135.00 sec   611 KBytes  5.01 Mbits/sec  1.666 ms  2/449 (0.45%)  
[  8] 135.00-136.00 sec   607 KBytes  4.97 Mbits/sec  1.454 ms  1/445 (0.22%)  
[  8] 136.00-137.00 sec   589 KBytes  4.83 Mbits/sec  2.554 ms  1/432 (0.23%)  
[  8] 137.00-138.00 sec   612 KBytes  5.02 Mbits/sec  1.894 ms  5/453 (1.1%)  
[  8] 138.00-139.00 sec   398 KBytes  3.26 Mbits/sec  2.815 ms  69/360 (19%)  
[  8] 139.00-140.00 sec   510 KBytes  4.18 Mbits/sec  2.226 ms  103/476 (22%)  
[  8] 140.00-141.00 sec   282 KBytes  2.31 Mbits/sec  3.929 ms  215/421 (51%)  
[  8] 141.00-142.00 sec   567 KBytes  4.65 Mbits/sec  2.904 ms  54/469 (12%)  
[  8] 142.00-143.00 sec   540 KBytes  4.42 Mbits/sec  2.041 ms  43/438 (9.8%)  
[  8] 143.00-144.00 sec   548 KBytes  4.49 Mbits/sec  1.169 ms  95/496 (19%)  
[  8] 144.00-145.00 sec   638 KBytes  5.23 Mbits/sec  1.778 ms  0/467 (0%)  
[  8] 145.00-146.00 sec   615 KBytes  5.04 Mbits/sec  1.034 ms  3/453 (0.66%)  
[  8] 146.00-147.00 sec   525 KBytes  4.30 Mbits/sec  1.629 ms  0/384 (0%)  
[  8] 147.00-148.00 sec   414 KBytes  3.39 Mbits/sec  2.332 ms  131/434 (30%)  
[  8] 148.00-149.00 sec   580 KBytes  4.76 Mbits/sec  1.062 ms  86/510 (17%)  
[  8] 149.00-150.00 sec   533 KBytes  4.37 Mbits/sec  2.490 ms  3/393 (0.76%)  
[  8] 150.00-151.00 sec   417 KBytes  3.42 Mbits/sec  1.901 ms  104/409 (25%)  
[  8] 151.00-152.00 sec   614 KBytes  5.03 Mbits/sec  1.668 ms  100/549 (18%)  
[  8] 152.00-153.00 sec   603 KBytes  4.93 Mbits/sec  1.268 ms  6/447 (1.3%)  
[  8] 153.00-154.00 sec   597 KBytes  4.90 Mbits/sec  0.892 ms  9/446 (2%)  
[  8] 154.00-155.00 sec   587 KBytes  4.80 Mbits/sec  2.057 ms  15/444 (3.4%)  
[  8] 155.00-156.00 sec   614 KBytes  5.03 Mbits/sec  1.585 ms  0/449 (0%)  
[  8] 156.00-157.00 sec   606 KBytes  4.96 Mbits/sec  1.734 ms  2/445 (0.45%)  
[  8] 157.00-158.00 sec   608 KBytes  4.98 Mbits/sec  0.859 ms  3/448 (0.67%)  
[  8] 158.00-159.00 sec   608 KBytes  4.98 Mbits/sec  1.542 ms  0/445 (0%)  
[  8] 159.00-160.00 sec   611 KBytes  5.01 Mbits/sec  1.191 ms  0/447 (0%)  
[  8] 160.00-161.00 sec   608 KBytes  4.98 Mbits/sec  0.970 ms  2/447 (0.45%)  
[  8] 161.00-162.00 sec   610 KBytes  4.99 Mbits/sec  1.384 ms  0/446 (0%)  
[  8] 162.00-163.00 sec   606 KBytes  4.96 Mbits/sec  0.923 ms  1/444 (0.23%)  
[  8] 163.00-164.00 sec   611 KBytes  5.01 Mbits/sec  0.915 ms  2/449 (0.45%)  
[  8] 164.00-165.00 sec   595 KBytes  4.87 Mbits/sec  1.607 ms  12/447 (2.7%)  
[  8] 165.00-166.00 sec   608 KBytes  4.98 Mbits/sec  0.698 ms  0/445 (0%)  
[  8] 166.00-167.00 sec   611 KBytes  5.01 Mbits/sec  0.729 ms  0/447 (0%)  
[  8] 167.00-168.00 sec   606 KBytes  4.96 Mbits/sec  1.348 ms  3/446 (0.67%)  
[  8] 168.00-169.00 sec   595 KBytes  4.87 Mbits/sec  2.111 ms  9/444 (2%)  
[  8] 169.00-170.00 sec   607 KBytes  4.97 Mbits/sec  1.238 ms  6/450 (1.3%)  
[  8] 170.00-171.00 sec   606 KBytes  4.96 Mbits/sec  1.119 ms  3/446 (0.67%)  
[  8] 171.00-172.00 sec   606 KBytes  4.96 Mbits/sec  1.242 ms  3/446 (0.67%)  
[  8] 172.00-173.00 sec   603 KBytes  4.94 Mbits/sec  1.867 ms  4/445 (0.9%)  
[  8] 173.00-174.00 sec   610 KBytes  5.00 Mbits/sec  1.365 ms  3/449 (0.67%)  
[  8] 174.00-175.00 sec   608 KBytes  4.98 Mbits/sec  1.900 ms  1/446 (0.22%)  
[  8] 175.00-176.00 sec   604 KBytes  4.95 Mbits/sec  0.762 ms  4/446 (0.9%)  
[  8] 176.00-177.00 sec   606 KBytes  4.96 Mbits/sec  2.086 ms  4/447 (0.89%)  
[  8] 177.00-178.00 sec   602 KBytes  4.91 Mbits/sec  2.019 ms  6/446 (1.3%)  
[  8] 178.00-179.00 sec   610 KBytes  5.01 Mbits/sec  1.256 ms  1/447 (0.22%)  
[  8] 179.00-180.00 sec   608 KBytes  4.98 Mbits/sec  1.822 ms  0/445 (0%)  
- - - - - - - - - - - - - - - - - - - - - - - - -
[ ID] Interval           Transfer     Bitrate         Jitter    Lost/Total Datagrams
[  8]   0.00-180.00 sec   104 MBytes  4.86 Mbits/sec  1.822 ms  2217/80355 (2.8%)  receiver
