-----------------------------------------------------------
Server listening on 5201 (test #1)
-----------------------------------------------------------
Accepted connection from 10.0.0.13, port 49154
[  8] local 10.0.0.77 port 5201 connected to 10.0.0.13 port 42658
[ ID] Interval           Transfer     Bitrate         Jitter    Lost/Total Datagrams
[  8]   0.00-1.00   sec   576 KBytes  4.71 Mbits/sec  1.964 ms  22/443 (5%)  
[  8]   1.00-2.00   sec   600 KBytes  4.92 Mbits/sec  1.281 ms  9/448 (2%)  
[  8]   2.00-3.00   sec   597 KBytes  4.89 Mbits/sec  1.998 ms  10/447 (2.2%)  
[  8]   3.00-4.00   sec   603 KBytes  4.94 Mbits/sec  1.343 ms  4/445 (0.9%)  
[  8]   4.00-5.00   sec   607 KBytes  4.97 Mbits/sec  1.312 ms  3/447 (0.67%)  
[  8]   5.00-6.00   sec   608 KBytes  4.98 Mbits/sec  1.203 ms  3/448 (0.67%)  
[  8]   6.00-7.00   sec   606 KBytes  4.97 Mbits/sec  1.033 ms  2/445 (0.45%)  
[  8]   7.00-8.00   sec   611 KBytes  5.01 Mbits/sec  1.386 ms  0/447 (0%)  
[  8]   8.00-9.00   sec   600 KBytes  4.92 Mbits/sec  2.185 ms  6/445 (1.3%)  
[  8]   9.00-10.00  sec   611 KBytes  5.01 Mbits/sec  1.549 ms  1/448 (0.22%)  
[  8]  10.00-11.00  sec   604 KBytes  4.95 Mbits/sec  1.899 ms  3/445 (0.67%)  
[  8]  11.00-12.00  sec   608 KBytes  4.98 Mbits/sec  1.201 ms  1/446 (0.22%)  
[  8]  12.00-13.00  sec   610 KBytes  5.00 Mbits/sec  0.940 ms  1/447 (0.22%)  
[  8]  13.00-14.00  sec   604 KBytes  4.95 Mbits/sec  1.873 ms  4/446 (0.9%)  
[  8]  14.00-15.00  sec   593 KBytes  4.86 Mbits/sec  1.656 ms  12/446 (2.7%)  
[  8]  15.00-16.00  sec   602 KBytes  4.93 Mbits/sec  2.266 ms  5/445 (1.1%)  
[  8]  16.00-17.00  sec   604 KBytes  4.95 Mbits/sec  1.401 ms  7/449 (1.6%)  
[  8]  17.00-18.00  sec   606 KBytes  4.96 Mbits/sec  1.286 ms  3/446 (0.67%)  
[  8]  18.00-19.00  sec   563 KBytes  4.61 Mbits/sec  2.430 ms  34/446 (7.6%)  
[  8]  19.00-20.00  sec   570 KBytes  4.67 Mbits/sec  1.907 ms  29/446 (6.5%)  
[  8]  20.00-21.00  sec   528 KBytes  4.32 Mbits/sec  2.503 ms  28/414 (6.8%)  
[  8]  21.00-22.00  sec   581 KBytes  4.76 Mbits/sec  1.222 ms  55/480 (11%)  
[  8]  22.00-23.00  sec   584 KBytes  4.78 Mbits/sec  2.050 ms  17/444 (3.8%)  
[  8]  23.00-24.00  sec   494 KBytes  4.04 Mbits/sec  1.904 ms  87/448 (19%)  
[  8]  24.00-25.00  sec   611 KBytes  5.01 Mbits/sec  0.768 ms  1/448 (0.22%)  
[  8]  25.00-26.00  sec   602 KBytes  4.93 Mbits/sec  2.001 ms  6/446 (1.3%)  
[  8]  26.00-27.00  sec   604 KBytes  4.94 Mbits/sec  2.045 ms  6/448 (1.3%)  
[  8]  27.00-28.00  sec   604 KBytes  4.96 Mbits/sec  1.022 ms  2/444 (0.45%)  
[  8]  28.00-29.00  sec   582 KBytes  4.77 Mbits/sec  2.194 ms  16/442 (3.6%)  
[  8]  29.00-30.00  sec   570 KBytes  4.67 Mbits/sec  1.838 ms  24/441 (5.4%)  
[  8]  30.00-31.00  sec   617 KBytes  5.05 Mbits/sec  1.782 ms  7/458 (1.5%)  
[  8]  31.00-32.00  sec   600 KBytes  4.91 Mbits/sec  1.787 ms  4/443 (0.9%)  
[  8]  32.00-33.00  sec   610 KBytes  5.00 Mbits/sec  1.808 ms  2/448 (0.45%)  
[  8]  33.00-34.00  sec   608 KBytes  4.98 Mbits/sec  1.463 ms  3/448 (0.67%)  
[  8]  34.00-35.00  sec   610 KBytes  4.99 Mbits/sec  1.609 ms  0/446 (0%)  
[  8]  35.00-36.00  sec   604 KBytes  4.95 Mbits/sec  1.531 ms  4/446 (0.9%)  
[  8]  36.00-37.00  sec   606 KBytes  4.96 Mbits/sec  1.966 ms  4/447 (0.89%)  
[  8]  37.00-38.00  sec   607 KBytes  4.97 Mbits/sec  1.876 ms  2/446 (0.45%)  
[  8]  38.00-39.00  sec   603 KBytes  4.94 Mbits/sec  1.374 ms  5/446 (1.1%)  
[  8]  39.00-40.00  sec   607 KBytes  4.97 Mbits/sec  1.408 ms  1/445 (0.22%)  
[  8]  40.00-41.00  sec   603 KBytes  4.94 Mbits/sec  1.871 ms  7/448 (1.6%)  
[  8]  41.00-42.00  sec   596 KBytes  4.89 Mbits/sec  1.705 ms  10/446 (2.2%)  
[  8]  42.00-43.00  sec   602 KBytes  4.93 Mbits/sec  2.014 ms  5/446 (1.1%)  
[  8]  43.00-44.00  sec   603 KBytes  4.94 Mbits/sec  1.995 ms  6/447 (1.3%)  
[  8]  44.00-45.00  sec   607 KBytes  4.97 Mbits/sec  1.714 ms  1/445 (0.22%)  
[  8]  45.00-46.00  sec   599 KBytes  4.91 Mbits/sec  1.882 ms  9/447 (2%)  
[  8]  46.00-47.00  sec   604 KBytes  4.95 Mbits/sec  1.901 ms  6/448 (1.3%)  
[  8]  47.00-48.00  sec   608 KBytes  4.98 Mbits/sec  1.393 ms  1/446 (0.22%)  
[  8]  48.00-49.00  sec   607 KBytes  4.97 Mbits/sec  1.589 ms  2/446 (0.45%)  
[  8]  49.00-50.00  sec   606 KBytes  4.96 Mbits/sec  1.408 ms  4/447 (0.89%)  
[  8]  50.00-51.00  sec   606 KBytes  4.96 Mbits/sec  1.360 ms  3/446 (0.67%)  
[  8]  51.00-52.00  sec   589 KBytes  4.83 Mbits/sec  2.582 ms  14/445 (3.1%)  
[  8]  52.00-53.00  sec   612 KBytes  5.02 Mbits/sec  2.059 ms  1/449 (0.22%)  
[  8]  53.00-54.00  sec   604 KBytes  4.95 Mbits/sec  0.531 ms  5/447 (1.1%)  
[  8]  54.00-55.00  sec   607 KBytes  4.97 Mbits/sec  0.807 ms  0/444 (0%)  
[  8]  55.00-56.00  sec   593 KBytes  4.86 Mbits/sec  1.697 ms  11/445 (2.5%)  
[  8]  56.00-57.00  sec   581 KBytes  4.76 Mbits/sec  1.675 ms  21/446 (4.7%)  
[  8]  57.00-58.00  sec   584 KBytes  4.78 Mbits/sec  1.786 ms  22/449 (4.9%)  
[  8]  58.00-59.00  sec   595 KBytes  4.87 Mbits/sec  2.276 ms  12/447 (2.7%)  
[  8]  59.00-60.00  sec   603 KBytes  4.94 Mbits/sec  1.425 ms  6/447 (1.3%)  
[  8]  60.00-61.00  sec   522 KBytes  4.28 Mbits/sec  3.716 ms  64/446 (14%)  
[  8]  61.00-62.00  sec   536 KBytes  4.39 Mbits/sec  2.657 ms  44/436 (10%)  
[  8]  62.00-63.00  sec   556 KBytes  4.56 Mbits/sec  2.053 ms  49/456 (11%)  
[  8]  63.00-64.00  sec   611 KBytes  5.01 Mbits/sec  1.793 ms  0/447 (0%)  
[  8]  64.00-65.00  sec   593 KBytes  4.86 Mbits/sec  1.507 ms  11/445 (2.5%)  
[  8]  65.00-66.00  sec   596 KBytes  4.89 Mbits/sec  1.263 ms  11/447 (2.5%)  
[  8]  66.00-67.00  sec   600 KBytes  4.92 Mbits/sec  1.770 ms  5/444 (1.1%)  
[  8]  67.00-68.00  sec   610 KBytes  5.00 Mbits/sec  1.666 ms  5/451 (1.1%)  
[  8]  68.00-69.00  sec   610 KBytes  4.99 Mbits/sec  1.377 ms  1/447 (0.22%)  
[  8]  69.00-70.00  sec   604 KBytes  4.95 Mbits/sec  1.766 ms  4/446 (0.9%)  
[  8]  70.00-71.00  sec   597 KBytes  4.89 Mbits/sec  2.006 ms  5/442 (1.1%)  
[  8]  71.00-72.00  sec   602 KBytes  4.93 Mbits/sec  2.386 ms  7/447 (1.6%)  
[  8]  72.00-73.00  sec   593 KBytes  4.86 Mbits/sec  2.585 ms  8/442 (1.8%)  
[  8]  73.00-74.00  sec   459 KBytes  3.76 Mbits/sec  3.148 ms  101/437 (23%)  
[  8]  74.00-75.00  sec   603 KBytes  4.94 Mbits/sec  2.638 ms  15/456 (3.3%)  
[  8]  75.00-76.00  sec   600 KBytes  4.92 Mbits/sec  1.916 ms  12/451 (2.7%)  
[  8]  76.00-77.00  sec   524 KBytes  4.29 Mbits/sec  2.053 ms  66/449 (15%)  
[  8]  77.00-78.00  sec   580 KBytes  4.75 Mbits/sec  2.349 ms  20/444 (4.5%)  
[  8]  78.00-79.00  sec   514 KBytes  4.21 Mbits/sec  2.366 ms  33/409 (8.1%)  
[  8]  79.00-80.00  sec   511 KBytes  4.18 Mbits/sec  2.191 ms  110/484 (23%)  
[  8]  80.00-81.00  sec   566 KBytes  4.64 Mbits/sec  1.752 ms  34/448 (7.6%)  
[  8]  81.00-82.00  sec   610 KBytes  5.00 Mbits/sec  1.686 ms  1/447 (0.22%)  
[  8]  82.00-83.00  sec   574 KBytes  4.70 Mbits/sec  1.912 ms  25/445 (5.6%)  
[  8]  83.00-84.00  sec   607 KBytes  4.97 Mbits/sec  1.352 ms  5/449 (1.1%)  
[  8]  84.00-85.00  sec   593 KBytes  4.86 Mbits/sec  0.709 ms  12/446 (2.7%)  
[  8]  85.00-86.00  sec   595 KBytes  4.87 Mbits/sec  1.714 ms  12/447 (2.7%)  
[  8]  86.00-87.00  sec   589 KBytes  4.83 Mbits/sec  2.347 ms  14/445 (3.1%)  
[  8]  87.00-88.00  sec   593 KBytes  4.86 Mbits/sec  1.750 ms  13/447 (2.9%)  
[  8]  88.00-89.00  sec   597 KBytes  4.89 Mbits/sec  1.476 ms  9/446 (2%)  
[  8]  89.00-90.00  sec   596 KBytes  4.88 Mbits/sec  2.078 ms  10/446 (2.2%)  
[  8]  90.00-91.00  sec   582 KBytes  4.77 Mbits/sec  1.701 ms  19/445 (4.3%)  
[  8]  91.00-92.00  sec   596 KBytes  4.88 Mbits/sec  2.280 ms  9/445 (2%)  
[  8]  92.00-93.00  sec   563 KBytes  4.61 Mbits/sec  2.341 ms  33/445 (7.4%)  
[  8]  93.00-94.00  sec   607 KBytes  4.97 Mbits/sec  1.361 ms  5/449 (1.1%)  
[  8]  94.00-95.00  sec   587 KBytes  4.80 Mbits/sec  1.943 ms  18/447 (4%)  
[  8]  95.00-96.01  sec   559 KBytes  4.55 Mbits/sec  2.585 ms  39/448 (8.7%)  
[  8]  96.01-97.00  sec   591 KBytes  4.87 Mbits/sec  2.157 ms  14/446 (3.1%)  
[  8]  97.00-98.00  sec   603 KBytes  4.94 Mbits/sec  1.719 ms  5/446 (1.1%)  
[  8]  98.00-99.00  sec   596 KBytes  4.88 Mbits/sec  1.900 ms  10/446 (2.2%)  
[  8]  99.00-100.00 sec   599 KBytes  4.91 Mbits/sec  1.868 ms  8/446 (1.8%)  
[  8] 100.00-101.00 sec   565 KBytes  4.63 Mbits/sec  2.031 ms  29/442 (6.6%)  
[  8] 101.00-102.00 sec   610 KBytes  5.00 Mbits/sec  2.074 ms  7/453 (1.5%)  
[  8] 102.00-103.00 sec   602 KBytes  4.93 Mbits/sec  1.404 ms  6/446 (1.3%)  
[  8] 103.00-104.00 sec   585 KBytes  4.79 Mbits/sec  1.698 ms  19/447 (4.3%)  
[  8] 104.00-105.00 sec   593 KBytes  4.86 Mbits/sec  2.111 ms  10/444 (2.3%)  
[  8] 105.00-106.00 sec   611 KBytes  4.99 Mbits/sec  1.874 ms  4/451 (0.89%)  
[  8] 106.00-107.00 sec   551 KBytes  4.53 Mbits/sec  2.294 ms  37/440 (8.4%)  
[  8] 107.00-108.00 sec   537 KBytes  4.40 Mbits/sec  2.308 ms  55/448 (12%)  
[  8] 108.00-109.00 sec   581 KBytes  4.76 Mbits/sec  2.184 ms  17/442 (3.8%)  
[  8] 109.00-110.00 sec   603 KBytes  4.94 Mbits/sec  1.265 ms  12/453 (2.6%)  
[  8] 110.00-111.00 sec   565 KBytes  4.63 Mbits/sec  2.334 ms  29/442 (6.6%)  
[  8] 111.00-112.00 sec   548 KBytes  4.49 Mbits/sec  2.394 ms  47/448 (10%)  
[  8] 112.00-113.00 sec   596 KBytes  4.88 Mbits/sec  1.980 ms  13/449 (2.9%)  
[  8] 113.00-114.00 sec   593 KBytes  4.86 Mbits/sec  1.766 ms  11/445 (2.5%)  
[  8] 114.00-115.00 sec   562 KBytes  4.60 Mbits/sec  1.836 ms  35/446 (7.8%)  
[  8] 115.00-116.00 sec   611 KBytes  5.01 Mbits/sec  1.445 ms  2/449 (0.45%)  
[  8] 116.00-117.00 sec   596 KBytes  4.88 Mbits/sec  1.465 ms  9/445 (2%)  
[  8] 117.00-118.00 sec   589 KBytes  4.83 Mbits/sec  1.229 ms  16/447 (3.6%)  
[  8] 118.00-119.00 sec   595 KBytes  4.86 Mbits/sec  2.414 ms  9/444 (2%)  
[  8] 119.00-120.00 sec   595 KBytes  4.88 Mbits/sec  2.173 ms  14/449 (3.1%)  
[  8] 120.00-121.00 sec   577 KBytes  4.73 Mbits/sec  1.432 ms  25/447 (5.6%)  
[  8] 121.00-122.00 sec   597 KBytes  4.89 Mbits/sec  2.140 ms  8/445 (1.8%)  
[  8] 122.00-123.00 sec   606 KBytes  4.96 Mbits/sec  1.762 ms  2/445 (0.45%)  
[  8] 123.00-124.00 sec   604 KBytes  4.95 Mbits/sec  1.803 ms  8/450 (1.8%)  
[  8] 124.00-125.00 sec   604 KBytes  4.95 Mbits/sec  1.634 ms  1/443 (0.23%)  
[  8] 125.00-126.00 sec   607 KBytes  4.97 Mbits/sec  1.594 ms  3/447 (0.67%)  
[  8] 126.00-127.00 sec   593 KBytes  4.86 Mbits/sec  1.425 ms  12/446 (2.7%)  
[  8] 127.00-128.00 sec   593 KBytes  4.86 Mbits/sec  2.473 ms  12/446 (2.7%)  
[  8] 128.00-129.00 sec   591 KBytes  4.84 Mbits/sec  1.935 ms  18/450 (4%)  
[  8] 129.00-130.00 sec   581 KBytes  4.76 Mbits/sec  1.850 ms  20/445 (4.5%)  
[  8] 130.00-131.00 sec   603 KBytes  4.94 Mbits/sec  1.368 ms  6/447 (1.3%)  
[  8] 131.00-132.00 sec   556 KBytes  4.56 Mbits/sec  1.306 ms  40/447 (8.9%)  
[  8] 132.00-133.00 sec   591 KBytes  4.84 Mbits/sec  2.111 ms  10/442 (2.3%)  
[  8] 133.00-134.00 sec   596 KBytes  4.88 Mbits/sec  2.175 ms  13/449 (2.9%)  
[  8] 134.00-135.00 sec   608 KBytes  4.98 Mbits/sec  1.899 ms  2/447 (0.45%)  
[  8] 135.00-136.00 sec   610 KBytes  5.00 Mbits/sec  1.370 ms  1/447 (0.22%)  
[  8] 136.00-137.00 sec   595 KBytes  4.87 Mbits/sec  1.859 ms  2/437 (0.46%)  
[  8] 137.00-138.00 sec   595 KBytes  4.87 Mbits/sec  2.029 ms  6/441 (1.4%)  
[  8] 138.00-139.00 sec   395 KBytes  3.24 Mbits/sec  2.568 ms  77/366 (21%)  
[  8] 139.00-140.00 sec   510 KBytes  4.18 Mbits/sec  2.042 ms  112/485 (23%)  
[  8] 140.00-141.00 sec   279 KBytes  2.28 Mbits/sec  3.675 ms  183/387 (47%)  
[  8] 141.00-142.00 sec   500 KBytes  4.10 Mbits/sec  3.735 ms  132/498 (27%)  
[  8] 142.00-143.00 sec   515 KBytes  4.21 Mbits/sec  1.778 ms  42/419 (10%)  
[  8] 143.00-144.00 sec   539 KBytes  4.42 Mbits/sec  1.311 ms  115/509 (23%)  
[  8] 144.00-145.00 sec   638 KBytes  5.23 Mbits/sec  1.607 ms  1/468 (0.21%)  
[  8] 145.00-146.00 sec   610 KBytes  4.99 Mbits/sec  2.018 ms  8/454 (1.8%)  
[  8] 146.00-147.00 sec   513 KBytes  4.21 Mbits/sec  1.511 ms  16/391 (4.1%)  
[  8] 147.00-148.00 sec   409 KBytes  3.35 Mbits/sec  2.845 ms  120/419 (29%)  
[  8] 148.00-149.00 sec   584 KBytes  4.77 Mbits/sec  1.850 ms  87/514 (17%)  
[  8] 149.00-150.00 sec   543 KBytes  4.46 Mbits/sec  3.372 ms  4/401 (1%)  
[  8] 150.00-151.00 sec   405 KBytes  3.32 Mbits/sec  2.416 ms  105/401 (26%)  
[  8] 151.00-152.00 sec   487 KBytes  3.99 Mbits/sec  2.181 ms  195/551 (35%)  
[  8] 152.00-153.00 sec   585 KBytes  4.79 Mbits/sec  2.135 ms  16/444 (3.6%)  
[  8] 153.00-154.00 sec   595 KBytes  4.87 Mbits/sec  1.945 ms  14/449 (3.1%)  
[  8] 154.00-155.00 sec   577 KBytes  4.73 Mbits/sec  1.807 ms  26/448 (5.8%)  
[  8] 155.00-156.00 sec   610 KBytes  5.00 Mbits/sec  1.183 ms  1/447 (0.22%)  
[  8] 156.00-157.00 sec   607 KBytes  4.97 Mbits/sec  1.578 ms  2/447 (0.45%)  
[  8] 157.00-158.00 sec   607 KBytes  4.97 Mbits/sec  1.623 ms  2/446 (0.45%)  
[  8] 158.00-159.00 sec   595 KBytes  4.87 Mbits/sec  2.084 ms  11/446 (2.5%)  
[  8] 159.00-160.00 sec   603 KBytes  4.94 Mbits/sec  1.238 ms  3/444 (0.68%)  
[  8] 160.00-161.00 sec   604 KBytes  4.95 Mbits/sec  2.097 ms  6/448 (1.3%)  
[  8] 161.00-162.00 sec   611 KBytes  5.01 Mbits/sec  1.291 ms  1/448 (0.22%)  
[  8] 162.00-163.00 sec   606 KBytes  4.96 Mbits/sec  1.297 ms  4/447 (0.89%)  
[  8] 163.00-164.00 sec   606 KBytes  4.96 Mbits/sec  1.499 ms  2/445 (0.45%)  
[  8] 164.00-165.00 sec   597 KBytes  4.89 Mbits/sec  2.059 ms  10/447 (2.2%)  
[  8] 165.00-166.00 sec   603 KBytes  4.94 Mbits/sec  1.024 ms  5/446 (1.1%)  
[  8] 166.00-167.00 sec   608 KBytes  4.98 Mbits/sec  1.271 ms  2/447 (0.45%)  
[  8] 167.00-168.00 sec   578 KBytes  4.74 Mbits/sec  2.259 ms  22/445 (4.9%)  
[  8] 168.00-169.00 sec   585 KBytes  4.79 Mbits/sec  1.752 ms  17/445 (3.8%)  
[  8] 169.00-170.00 sec   607 KBytes  4.97 Mbits/sec  1.059 ms  6/450 (1.3%)  
[  8] 170.00-171.00 sec   599 KBytes  4.91 Mbits/sec  2.359 ms  6/444 (1.4%)  
[  8] 171.00-172.00 sec   606 KBytes  4.96 Mbits/sec  2.025 ms  5/448 (1.1%)  
[  8] 172.00-173.00 sec   597 KBytes  4.90 Mbits/sec  1.794 ms  8/445 (1.8%)  
[  8] 173.00-174.00 sec   607 KBytes  4.97 Mbits/sec  1.622 ms  4/448 (0.89%)  
[  8] 174.00-175.00 sec   597 KBytes  4.89 Mbits/sec  2.273 ms  6/443 (1.4%)  
[  8] 175.00-176.00 sec   602 KBytes  4.93 Mbits/sec  1.289 ms  8/449 (1.8%)  
[  8] 176.00-177.00 sec   607 KBytes  4.97 Mbits/sec  1.701 ms  3/447 (0.67%)  
[  8] 177.00-178.00 sec   602 KBytes  4.93 Mbits/sec  1.675 ms  7/447 (1.6%)  
[  8] 178.00-179.00 sec   602 KBytes  4.93 Mbits/sec  1.229 ms  2/442 (0.45%)  
[  8] 179.00-180.00 sec   615 KBytes  5.04 Mbits/sec  1.532 ms  0/450 (0%)  
[  8] 180.00-180.01 sec  2.73 KBytes  2.54 Mbits/sec  1.600 ms  0/2 (0%)  
- - - - - - - - - - - - - - - - - - - - - - - - -
[ ID] Interval           Transfer     Bitrate         Jitter    Lost/Total Datagrams
[  8]   0.00-180.01 sec   103 MBytes  4.79 Mbits/sec  1.600 ms  3411/80357 (4.2%)  receiver
