-----------------------------------------------------------
Server listening on 5201 (test #1)
-----------------------------------------------------------
Accepted connection from 10.0.0.9, port 42038
[  8] local 10.0.0.73 port 5201 connected to 10.0.0.9 port 52508
[ ID] Interval           Transfer     Bitrate         Jitter    Lost/Total Datagrams
[  8]   0.00-1.00   sec   518 KBytes  4.24 Mbits/sec  0.685 ms  48/427 (11%)  
[  8]   1.00-2.00   sec   365 KBytes  2.99 Mbits/sec  2.756 ms  168/435 (39%)  
[  8]   2.00-3.00   sec   201 KBytes  1.64 Mbits/sec  5.315 ms  253/400 (63%)  
[  8]   3.00-4.00   sec   234 KBytes  1.92 Mbits/sec  4.725 ms  295/466 (63%)  
[  8]   4.00-5.00   sec   345 KBytes  2.82 Mbits/sec  4.577 ms  204/456 (45%)  
[  8]   5.00-6.00   sec   308 KBytes  2.52 Mbits/sec  4.401 ms  225/450 (50%)  
[  8]   6.00-7.00   sec   268 KBytes  2.20 Mbits/sec  6.190 ms  111/307 (36%)  
[  8]   7.00-8.00   sec   450 KBytes  3.68 Mbits/sec  2.401 ms  282/611 (46%)  
[  8]   8.00-9.00   sec   287 KBytes  2.36 Mbits/sec  3.331 ms  137/347 (39%)  
[  8]   9.00-10.00  sec   361 KBytes  2.96 Mbits/sec  6.483 ms  226/490 (46%)  
[  8]  10.00-11.00  sec   185 KBytes  1.51 Mbits/sec  8.462 ms  83/218 (38%)  
[  8]  11.00-12.00  sec   108 KBytes   885 Kbits/sec  12.375 ms  216/295 (73%)  
[  8]  12.00-13.00  sec   191 KBytes  1.57 Mbits/sec  8.164 ms  459/599 (77%)  
[  8]  13.00-14.00  sec   137 KBytes  1.12 Mbits/sec  9.428 ms  557/657 (85%)  
[  8]  14.00-15.00  sec   220 KBytes  1.80 Mbits/sec  7.506 ms  255/416 (61%)  
[  8]  15.00-16.00  sec   272 KBytes  2.23 Mbits/sec  7.833 ms  158/357 (44%)  
[  8]  16.00-17.00  sec   309 KBytes  2.53 Mbits/sec  4.185 ms  366/592 (62%)  
[  8]  17.00-18.00  sec   223 KBytes  1.83 Mbits/sec  5.423 ms  216/379 (57%)  
[  8]  18.00-19.00  sec   406 KBytes  3.33 Mbits/sec  8.060 ms  195/492 (40%)  
[  8]  19.00-20.00  sec   297 KBytes  2.43 Mbits/sec  10.341 ms  251/468 (54%)  
[  8]  20.00-21.00  sec   223 KBytes  1.83 Mbits/sec  7.832 ms  295/458 (64%)  
[  8]  21.00-22.00  sec   280 KBytes  2.30 Mbits/sec  10.675 ms  199/404 (49%)  
[  8]  22.00-23.00  sec   145 KBytes  1.19 Mbits/sec  8.477 ms  352/458 (77%)  
[  8]  23.00-24.00  sec   118 KBytes   963 Kbits/sec  17.688 ms  292/378 (77%)  
[  8]  24.00-25.00  sec   189 KBytes  1.55 Mbits/sec  10.594 ms  384/522 (74%)  
[  8]  25.00-26.00  sec   261 KBytes  2.14 Mbits/sec  4.210 ms  180/371 (49%)  
[  8]  26.00-27.00  sec   673 KBytes  5.51 Mbits/sec  3.319 ms  73/565 (13%)  
[  8]  27.00-28.00  sec   392 KBytes  3.21 Mbits/sec  5.309 ms  147/434 (34%)  
[  8]  28.00-29.00  sec   232 KBytes  1.90 Mbits/sec  8.928 ms  155/325 (48%)  
[  8]  29.00-30.00  sec   216 KBytes  1.77 Mbits/sec  11.814 ms  370/528 (70%)  
[  8]  30.00-31.00  sec   283 KBytes  2.32 Mbits/sec  5.011 ms  176/383 (46%)  
[  8]  31.00-32.00  sec   234 KBytes  1.92 Mbits/sec  7.080 ms  122/293 (42%)  
[  8]  32.00-33.00  sec   176 KBytes  1.44 Mbits/sec  10.939 ms  142/271 (52%)  
[  8]  33.00-34.00  sec   131 KBytes  1.08 Mbits/sec  17.219 ms  692/788 (88%)  
[  8]  34.00-35.00  sec   316 KBytes  2.59 Mbits/sec  3.123 ms  330/561 (59%)  
[  8]  35.00-36.00  sec   271 KBytes  2.22 Mbits/sec  5.081 ms  99/297 (33%)  
[  8]  36.00-37.00  sec   312 KBytes  2.55 Mbits/sec  4.982 ms  135/363 (37%)  
[  8]  37.00-38.00  sec   253 KBytes  2.07 Mbits/sec  5.903 ms  302/487 (62%)  
[  8]  38.00-39.00  sec   509 KBytes  4.17 Mbits/sec  1.269 ms  269/641 (42%)  
[  8]  39.00-40.00  sec   327 KBytes  2.68 Mbits/sec  3.674 ms  192/431 (45%)  
[  8]  40.00-41.00  sec   335 KBytes  2.74 Mbits/sec  11.215 ms  89/334 (27%)  
[  8]  41.00-42.00  sec   442 KBytes  3.62 Mbits/sec  3.340 ms  186/509 (37%)  
[  8]  42.00-43.00  sec   327 KBytes  2.68 Mbits/sec  4.279 ms  257/496 (52%)  
[  8]  43.00-44.00  sec   275 KBytes  2.25 Mbits/sec  8.599 ms  218/419 (52%)  
[  8]  44.00-45.00  sec   336 KBytes  2.75 Mbits/sec  5.093 ms  224/470 (48%)  
[  8]  45.00-46.00  sec   454 KBytes  3.72 Mbits/sec  3.599 ms  119/451 (26%)  
[  8]  46.00-47.00  sec   504 KBytes  4.13 Mbits/sec  2.057 ms  91/460 (20%)  
[  8]  47.00-48.00  sec   360 KBytes  2.95 Mbits/sec  4.161 ms  156/419 (37%)  
[  8]  48.00-49.00  sec   249 KBytes  2.04 Mbits/sec  3.476 ms  30/212 (14%)  
[  8]  49.00-50.00  sec   368 KBytes  3.01 Mbits/sec  4.761 ms  419/688 (61%)  
[  8]  50.00-51.00  sec   272 KBytes  2.23 Mbits/sec  10.005 ms  138/337 (41%)  
[  8]  51.00-52.00  sec   247 KBytes  2.03 Mbits/sec  9.723 ms  305/486 (63%)  
[  8]  52.00-53.00  sec   232 KBytes  1.90 Mbits/sec  7.324 ms  335/505 (66%)  
[  8]  53.00-54.00  sec   304 KBytes  2.49 Mbits/sec  5.636 ms  224/446 (50%)  
[  8]  54.00-55.00  sec   391 KBytes  3.20 Mbits/sec  5.648 ms  136/422 (32%)  
[  8]  55.00-56.00  sec   358 KBytes  2.93 Mbits/sec  1.078 ms  241/503 (48%)  
[  8]  56.00-57.01  sec   366 KBytes  2.99 Mbits/sec  1.962 ms  177/445 (40%)  
[  8]  57.01-58.00  sec   368 KBytes  3.03 Mbits/sec  5.076 ms  174/443 (39%)  
[  8]  58.00-59.00  sec   216 KBytes  1.77 Mbits/sec  7.222 ms  92/250 (37%)  
[  8]  59.00-60.00  sec   213 KBytes  1.75 Mbits/sec  8.853 ms  432/588 (73%)  
[  8]  60.00-61.00  sec   323 KBytes  2.64 Mbits/sec  4.140 ms  262/498 (53%)  
[  8]  61.00-62.00  sec   216 KBytes  1.77 Mbits/sec  2.279 ms  225/383 (59%)  
[  8]  62.00-63.00  sec   443 KBytes  3.63 Mbits/sec  5.109 ms  152/476 (32%)  
[  8]  63.00-64.00  sec   569 KBytes  4.66 Mbits/sec  4.149 ms  50/466 (11%)  
[  8]  64.00-65.00  sec   373 KBytes  3.06 Mbits/sec  3.355 ms  169/442 (38%)  
[  8]  65.00-66.00  sec   429 KBytes  3.52 Mbits/sec  4.240 ms  144/458 (31%)  
[  8]  66.00-67.00  sec   242 KBytes  1.98 Mbits/sec  12.430 ms  186/363 (51%)  
[  8]  67.00-68.00  sec   395 KBytes  3.25 Mbits/sec  4.706 ms  222/511 (43%)  
[  8]  68.00-69.00  sec   446 KBytes  3.65 Mbits/sec  3.768 ms  133/459 (29%)  
[  8]  69.00-70.00  sec   395 KBytes  3.23 Mbits/sec  3.416 ms  161/450 (36%)  
[  8]  70.00-71.00  sec   435 KBytes  3.57 Mbits/sec  3.612 ms  92/410 (22%)  
[  8]  71.00-72.00  sec   323 KBytes  2.64 Mbits/sec  6.387 ms  227/463 (49%)  
[  8]  72.00-73.00  sec   180 KBytes  1.48 Mbits/sec  7.841 ms  307/439 (70%)  
[  8]  73.00-74.00  sec   182 KBytes  1.49 Mbits/sec  8.754 ms  332/465 (71%)  
[  8]  74.00-75.00  sec   189 KBytes  1.54 Mbits/sec  3.461 ms  288/426 (68%)  
[  8]  75.00-76.00  sec   228 KBytes  1.87 Mbits/sec  7.987 ms  291/458 (64%)  
[  8]  76.00-77.00  sec   288 KBytes  2.36 Mbits/sec  5.173 ms  232/443 (52%)  
[  8]  77.00-78.00  sec   499 KBytes  4.09 Mbits/sec  1.185 ms  138/503 (27%)  
[  8]  78.00-79.00  sec   358 KBytes  2.93 Mbits/sec  5.995 ms  101/363 (28%)  
[  8]  79.00-80.00  sec   275 KBytes  2.25 Mbits/sec  7.269 ms  121/322 (38%)  
[  8]  80.00-81.00  sec   258 KBytes  2.12 Mbits/sec  9.782 ms  363/552 (66%)  
[  8]  81.00-82.00  sec   220 KBytes  1.80 Mbits/sec  2.322 ms  317/478 (66%)  
[  8]  82.00-83.00  sec   174 KBytes  1.43 Mbits/sec  1.901 ms  354/481 (74%)  
[  8]  83.00-84.00  sec   509 KBytes  4.17 Mbits/sec  4.092 ms  78/450 (17%)  
[  8]  84.00-85.00  sec   379 KBytes  3.10 Mbits/sec  6.153 ms  95/372 (26%)  
[  8]  85.00-86.00  sec   205 KBytes  1.68 Mbits/sec  7.740 ms  125/275 (45%)  
[  8]  86.00-87.00  sec   175 KBytes  1.43 Mbits/sec  5.802 ms  264/392 (67%)  
[  8]  87.00-88.00  sec   231 KBytes  1.89 Mbits/sec  15.512 ms  540/709 (76%)  
[  8]  88.00-89.00  sec   112 KBytes   918 Kbits/sec  10.638 ms  307/389 (79%)  
[  8]  89.00-90.00  sec   123 KBytes  1.01 Mbits/sec  18.318 ms  376/466 (81%)  
[  8]  90.00-91.00  sec  86.1 KBytes   706 Kbits/sec  19.295 ms  255/318 (80%)  
[  8]  91.00-92.00  sec   119 KBytes   974 Kbits/sec  13.798 ms  298/385 (77%)  
[  8]  92.00-93.00  sec   235 KBytes  1.93 Mbits/sec  7.684 ms  468/640 (73%)  
[  8]  93.00-94.00  sec   174 KBytes  1.42 Mbits/sec  9.364 ms  330/457 (72%)  
[  8]  94.00-95.00  sec   235 KBytes  1.93 Mbits/sec  7.051 ms  317/489 (65%)  
[  8]  95.00-96.00  sec   284 KBytes  2.33 Mbits/sec  5.967 ms  227/435 (52%)  
[  8]  96.00-97.00  sec   163 KBytes  1.33 Mbits/sec  16.123 ms  260/379 (69%)  
[  8]  97.00-98.00  sec  86.1 KBytes   706 Kbits/sec  12.997 ms  137/200 (68%)  
[  8]  98.00-99.00  sec   201 KBytes  1.65 Mbits/sec  20.240 ms  508/655 (78%)  
[  8]  99.00-100.00 sec  88.9 KBytes   728 Kbits/sec  19.147 ms  460/525 (88%)  
[  8] 100.00-101.00 sec   197 KBytes  1.61 Mbits/sec  9.660 ms  299/443 (67%)  
[  8] 101.00-102.00 sec   171 KBytes  1.40 Mbits/sec  11.464 ms  277/402 (69%)  
[  8] 102.00-103.00 sec   124 KBytes  1.02 Mbits/sec  8.805 ms  206/297 (69%)  
[  8] 103.00-104.00 sec   431 KBytes  3.53 Mbits/sec  3.513 ms  414/729 (57%)  
[  8] 104.00-105.00 sec   284 KBytes  2.33 Mbits/sec  6.406 ms  180/388 (46%)  
[  8] 105.00-106.00 sec   320 KBytes  2.62 Mbits/sec  9.615 ms  205/439 (47%)  
[  8] 106.00-107.00 sec   265 KBytes  2.17 Mbits/sec  4.701 ms  271/465 (58%)  
[  8] 107.00-108.00 sec   338 KBytes  2.76 Mbits/sec  6.549 ms  194/441 (44%)  
[  8] 108.00-109.00 sec   227 KBytes  1.86 Mbits/sec  7.066 ms  288/454 (63%)  
[  8] 109.00-110.00 sec   226 KBytes  1.85 Mbits/sec  7.029 ms  282/447 (63%)  
[  8] 110.00-111.00 sec   272 KBytes  2.23 Mbits/sec  3.485 ms  289/488 (59%)  
[  8] 111.00-112.00 sec   425 KBytes  3.48 Mbits/sec  1.551 ms  133/444 (30%)  
[  8] 112.00-113.00 sec   220 KBytes  1.80 Mbits/sec  6.640 ms  214/375 (57%)  
[  8] 113.00-114.00 sec   293 KBytes  2.39 Mbits/sec  9.426 ms  264/478 (55%)  
[  8] 114.00-115.00 sec   186 KBytes  1.53 Mbits/sec  10.472 ms  245/381 (64%)  
[  8] 115.00-116.00 sec   198 KBytes  1.62 Mbits/sec  8.567 ms  149/294 (51%)  
[  8] 116.00-117.00 sec   340 KBytes  2.79 Mbits/sec  5.198 ms  407/656 (62%)  
[  8] 117.00-118.00 sec   226 KBytes  1.85 Mbits/sec  9.829 ms  279/444 (63%)  
[  8] 118.00-119.00 sec   279 KBytes  2.28 Mbits/sec  5.547 ms  230/434 (53%)  
[  8] 119.00-120.00 sec   302 KBytes  2.48 Mbits/sec  3.472 ms  250/471 (53%)  
[  8] 120.00-121.00 sec   338 KBytes  2.76 Mbits/sec  4.825 ms  176/423 (42%)  
[  8] 121.00-122.00 sec   257 KBytes  2.11 Mbits/sec  5.631 ms  178/366 (49%)  
[  8] 122.00-123.00 sec   253 KBytes  2.08 Mbits/sec  6.998 ms  91/276 (33%)  
[  8] 123.00-124.00 sec   119 KBytes   974 Kbits/sec  11.496 ms  329/416 (79%)  
[  8] 124.00-125.00 sec   201 KBytes  1.65 Mbits/sec  8.621 ms  254/401 (63%)  
[  8] 125.00-126.00 sec   245 KBytes  2.00 Mbits/sec  7.133 ms  400/579 (69%)  
[  8] 126.00-127.00 sec   342 KBytes  2.80 Mbits/sec  3.439 ms  445/695 (64%)  
[  8] 127.00-128.00 sec   355 KBytes  2.90 Mbits/sec  5.778 ms  172/432 (40%)  
[  8] 128.00-129.00 sec   241 KBytes  1.98 Mbits/sec  4.006 ms  261/437 (60%)  
[  8] 129.00-130.00 sec   358 KBytes  2.93 Mbits/sec  3.348 ms  211/473 (45%)  
[  8] 130.00-131.00 sec   261 KBytes  2.14 Mbits/sec  4.334 ms  213/404 (53%)  
[  8] 131.00-132.00 sec   168 KBytes  1.38 Mbits/sec  24.183 ms  244/367 (66%)  
[  8] 132.00-133.00 sec   235 KBytes  1.93 Mbits/sec  6.374 ms  365/537 (68%)  
[  8] 133.00-134.00 sec   279 KBytes  2.28 Mbits/sec  3.917 ms  125/329 (38%)  
[  8] 134.00-135.00 sec   253 KBytes  2.07 Mbits/sec  7.457 ms  363/548 (66%)  
[  8] 135.00-136.00 sec  87.5 KBytes   717 Kbits/sec  8.803 ms  383/447 (86%)  
[  8] 136.00-137.00 sec   142 KBytes  1.16 Mbits/sec  7.164 ms  336/440 (76%)  
[  8] 137.00-138.00 sec   258 KBytes  2.12 Mbits/sec  6.497 ms  222/411 (54%)  
[  8] 138.00-139.00 sec   392 KBytes  3.21 Mbits/sec  2.019 ms  253/540 (47%)  
[  8] 139.00-140.00 sec   342 KBytes  2.80 Mbits/sec  4.389 ms  108/358 (30%)  
[  8] 140.00-141.00 sec   309 KBytes  2.53 Mbits/sec  4.999 ms  91/317 (29%)  
[  8] 141.00-142.00 sec   308 KBytes  2.52 Mbits/sec  11.201 ms  424/649 (65%)  
[  8] 142.00-143.00 sec   340 KBytes  2.79 Mbits/sec  6.495 ms  170/419 (41%)  
[  8] 143.00-144.00 sec   325 KBytes  2.66 Mbits/sec  5.659 ms  210/448 (47%)  
[  8] 144.00-145.00 sec   267 KBytes  2.19 Mbits/sec  7.968 ms  244/439 (56%)  
[  8] 145.00-146.00 sec   230 KBytes  1.88 Mbits/sec  7.624 ms  181/349 (52%)  
[  8] 146.00-147.00 sec   331 KBytes  2.70 Mbits/sec  6.592 ms  157/399 (39%)  
[  8] 147.00-148.00 sec   357 KBytes  2.93 Mbits/sec  5.830 ms  107/368 (29%)  
[  8] 148.00-149.00 sec   331 KBytes  2.71 Mbits/sec  4.815 ms  228/470 (49%)  
[  8] 149.00-150.00 sec   406 KBytes  3.33 Mbits/sec  2.300 ms  406/703 (58%)  
[  8] 150.00-151.00 sec   447 KBytes  3.66 Mbits/sec  4.351 ms  105/432 (24%)  
[  8] 151.00-152.00 sec   336 KBytes  2.76 Mbits/sec  4.727 ms  178/424 (42%)  
[  8] 152.00-153.00 sec   440 KBytes  3.61 Mbits/sec  4.865 ms  86/408 (21%)  
[  8] 153.00-154.00 sec   301 KBytes  2.46 Mbits/sec  5.479 ms  235/455 (52%)  
[  8] 154.00-155.00 sec   409 KBytes  3.35 Mbits/sec  5.800 ms  150/449 (33%)  
[  8] 155.00-156.00 sec   224 KBytes  1.84 Mbits/sec  6.454 ms  290/454 (64%)  
[  8] 156.00-157.00 sec   291 KBytes  2.39 Mbits/sec  4.699 ms  190/403 (47%)  
[  8] 157.00-158.00 sec   340 KBytes  2.79 Mbits/sec  4.724 ms  266/515 (52%)  
[  8] 158.00-159.00 sec   364 KBytes  2.98 Mbits/sec  2.644 ms  174/440 (40%)  
[  8] 159.00-160.00 sec   167 KBytes  1.37 Mbits/sec  4.323 ms  334/456 (73%)  
[  8] 160.00-161.00 sec   246 KBytes  2.02 Mbits/sec  7.612 ms  209/389 (54%)  
[  8] 161.00-162.00 sec   271 KBytes  2.22 Mbits/sec  5.554 ms  303/501 (60%)  
[  8] 162.00-163.00 sec   272 KBytes  2.23 Mbits/sec  5.197 ms  204/403 (51%)  
[  8] 163.00-164.00 sec   226 KBytes  1.85 Mbits/sec  6.416 ms  245/410 (60%)  
[  8] 164.00-165.00 sec   196 KBytes  1.60 Mbits/sec  10.037 ms  137/280 (49%)  
[  8] 165.00-166.00 sec   138 KBytes  1.13 Mbits/sec  9.786 ms  278/379 (73%)  
[  8] 166.00-167.01 sec   160 KBytes  1.30 Mbits/sec  8.873 ms  289/406 (71%)  
[  8] 167.01-168.00 sec   200 KBytes  1.65 Mbits/sec  10.880 ms  276/422 (65%)  
[  8] 168.00-169.00 sec   279 KBytes  2.28 Mbits/sec  3.505 ms  629/833 (76%)  
[  8] 169.00-170.00 sec   261 KBytes  2.14 Mbits/sec  8.656 ms  228/419 (54%)  
[  8] 170.00-171.00 sec   148 KBytes  1.21 Mbits/sec  8.442 ms  348/456 (76%)  
[  8] 171.00-172.00 sec   209 KBytes  1.71 Mbits/sec  6.943 ms  283/436 (65%)  
[  8] 172.00-173.00 sec   189 KBytes  1.55 Mbits/sec  6.274 ms  270/408 (66%)  
[  8] 173.00-174.00 sec   154 KBytes  1.27 Mbits/sec  6.100 ms  350/463 (76%)  
[  8] 174.00-175.00 sec   165 KBytes  1.36 Mbits/sec  6.099 ms  315/436 (72%)  
[  8] 175.00-176.00 sec   189 KBytes  1.55 Mbits/sec  7.149 ms  336/474 (71%)  
[  8] 176.00-177.00 sec   298 KBytes  2.44 Mbits/sec  9.330 ms  223/441 (51%)  
[  8] 177.00-178.00 sec   283 KBytes  2.32 Mbits/sec  7.194 ms  186/393 (47%)  
[  8] 178.00-179.00 sec   223 KBytes  1.83 Mbits/sec  6.313 ms  341/504 (68%)  
[  8] 179.00-180.00 sec   208 KBytes  1.70 Mbits/sec  8.344 ms  186/338 (55%)  
[  8] 180.00-181.00 sec   353 KBytes  2.89 Mbits/sec  6.145 ms  283/541 (52%)  
[  8] 181.00-182.00 sec   138 KBytes  1.13 Mbits/sec  13.874 ms  335/436 (77%)  
[  8] 182.00-183.00 sec   176 KBytes  1.44 Mbits/sec  11.969 ms  320/449 (71%)  
[  8] 183.00-184.00 sec   159 KBytes  1.30 Mbits/sec  11.108 ms  347/463 (75%)  
[  8] 184.00-185.00 sec   139 KBytes  1.14 Mbits/sec  18.597 ms  359/461 (78%)  
[  8] 185.00-186.00 sec   120 KBytes   986 Kbits/sec  8.634 ms  347/435 (80%)  
[  8] 186.00-187.00 sec   138 KBytes  1.13 Mbits/sec  9.798 ms  286/387 (74%)  
[  8] 187.00-188.00 sec   156 KBytes  1.28 Mbits/sec  24.991 ms  391/505 (77%)  
[  8] 188.00-189.00 sec   293 KBytes  2.40 Mbits/sec  4.811 ms  277/491 (56%)  
[  8] 189.00-190.00 sec   221 KBytes  1.81 Mbits/sec  2.472 ms  272/434 (63%)  
[  8] 190.00-191.00 sec   282 KBytes  2.31 Mbits/sec  2.463 ms  213/419 (51%)  
[  8] 191.00-192.00 sec   394 KBytes  3.23 Mbits/sec  2.523 ms  114/402 (28%)  
[  8] 192.00-193.00 sec   421 KBytes  3.45 Mbits/sec  3.585 ms  141/449 (31%)  
[  8] 193.00-194.00 sec   288 KBytes  2.36 Mbits/sec  9.495 ms  320/531 (60%)  
[  8] 194.00-195.00 sec   371 KBytes  3.04 Mbits/sec  5.293 ms  154/425 (36%)  
[  8] 195.00-196.00 sec   261 KBytes  2.14 Mbits/sec  5.986 ms  178/369 (48%)  
[  8] 196.00-197.00 sec   353 KBytes  2.89 Mbits/sec  3.882 ms  258/516 (50%)  
[  8] 197.00-198.00 sec   268 KBytes  2.19 Mbits/sec  5.854 ms  187/383 (49%)  
[  8] 198.00-199.00 sec   442 KBytes  3.62 Mbits/sec  2.776 ms  224/547 (41%)  
[  8] 199.00-200.00 sec   432 KBytes  3.54 Mbits/sec  3.668 ms  125/441 (28%)  
[  8] 200.00-201.00 sec   314 KBytes  2.57 Mbits/sec  5.451 ms  168/398 (42%)  
[  8] 201.00-202.00 sec   336 KBytes  2.76 Mbits/sec  3.898 ms  219/465 (47%)  
[  8] 202.00-203.00 sec   299 KBytes  2.45 Mbits/sec  7.389 ms  206/425 (48%)  
[  8] 203.00-204.00 sec   264 KBytes  2.16 Mbits/sec  7.556 ms  171/364 (47%)  
[  8] 204.00-205.00 sec   279 KBytes  2.28 Mbits/sec  5.211 ms  271/475 (57%)  
[  8] 205.00-206.00 sec   410 KBytes  3.36 Mbits/sec  4.733 ms  215/515 (42%)  
[  8] 206.00-207.00 sec   186 KBytes  1.52 Mbits/sec  8.715 ms  162/298 (54%)  
[  8] 207.00-208.00 sec   113 KBytes   930 Kbits/sec  10.353 ms  119/202 (59%)  
[  8] 208.00-209.00 sec   105 KBytes   863 Kbits/sec  27.990 ms  532/609 (87%)  
[  8] 209.00-210.00 sec   427 KBytes  3.49 Mbits/sec  5.721 ms  330/642 (51%)  
[  8] 210.00-211.00 sec   329 KBytes  2.70 Mbits/sec  5.994 ms  261/502 (52%)  
[  8] 211.00-212.00 sec   316 KBytes  2.59 Mbits/sec  8.544 ms  100/331 (30%)  
[  8] 212.00-213.00 sec   327 KBytes  2.68 Mbits/sec  9.219 ms  301/540 (56%)  
[  8] 213.00-214.00 sec   278 KBytes  2.27 Mbits/sec  9.608 ms  240/443 (54%)  
[  8] 214.00-215.00 sec   381 KBytes  3.12 Mbits/sec  2.157 ms  218/497 (44%)  
[  8] 215.00-216.00 sec   213 KBytes  1.75 Mbits/sec  10.172 ms  224/380 (59%)  
[  8] 216.00-217.00 sec   164 KBytes  1.34 Mbits/sec  5.941 ms  320/440 (73%)  
[  8] 217.00-218.00 sec   308 KBytes  2.52 Mbits/sec  4.483 ms  244/469 (52%)  
[  8] 218.00-219.01 sec   368 KBytes  3.00 Mbits/sec  4.495 ms  185/454 (41%)  
[  8] 219.01-220.00 sec   373 KBytes  3.07 Mbits/sec  4.601 ms  167/440 (38%)  
[  8] 220.00-221.00 sec   323 KBytes  2.64 Mbits/sec  3.454 ms  242/478 (51%)  
[  8] 221.00-222.00 sec   338 KBytes  2.77 Mbits/sec  5.329 ms  158/405 (39%)  
[  8] 222.00-223.00 sec   265 KBytes  2.17 Mbits/sec  8.364 ms  273/467 (58%)  
[  8] 223.00-224.00 sec   280 KBytes  2.29 Mbits/sec  6.854 ms  223/428 (52%)  
[  8] 224.00-225.00 sec   264 KBytes  2.16 Mbits/sec  5.768 ms  269/462 (58%)  
[  8] 225.00-226.00 sec   298 KBytes  2.44 Mbits/sec  8.824 ms  208/426 (49%)  
[  8] 226.00-227.00 sec   271 KBytes  2.22 Mbits/sec  3.272 ms  260/458 (57%)  
[  8] 227.00-228.00 sec   399 KBytes  3.27 Mbits/sec  3.254 ms  143/435 (33%)  
[  8] 228.00-229.00 sec   342 KBytes  2.80 Mbits/sec  7.957 ms  202/452 (45%)  
[  8] 229.00-230.00 sec   216 KBytes  1.77 Mbits/sec  8.206 ms  299/457 (65%)  
[  8] 230.00-231.00 sec   205 KBytes  1.68 Mbits/sec  13.330 ms  251/401 (63%)  
[  8] 231.00-232.00 sec   160 KBytes  1.31 Mbits/sec  8.485 ms  334/451 (74%)  
[  8] 232.00-233.00 sec   156 KBytes  1.28 Mbits/sec  8.080 ms  295/409 (72%)  
[  8] 233.00-234.00 sec   115 KBytes   941 Kbits/sec  24.357 ms  413/497 (83%)  
[  8] 234.00-235.00 sec   186 KBytes  1.52 Mbits/sec  8.739 ms  325/461 (70%)  
[  8] 235.00-236.00 sec   174 KBytes  1.42 Mbits/sec  8.867 ms  267/394 (68%)  
[  8] 236.00-237.00 sec   189 KBytes  1.55 Mbits/sec  12.268 ms  339/477 (71%)  
[  8] 237.00-238.00 sec   253 KBytes  2.07 Mbits/sec  8.456 ms  297/482 (62%)  
[  8] 238.00-239.00 sec   267 KBytes  2.19 Mbits/sec  7.092 ms  260/455 (57%)  
[  8] 239.00-240.00 sec   223 KBytes  1.83 Mbits/sec  4.753 ms  266/429 (62%)  
[  8] 240.00-241.00 sec   204 KBytes  1.67 Mbits/sec  5.594 ms  146/295 (49%)  
[  8] 241.00-242.00 sec   221 KBytes  1.81 Mbits/sec  6.050 ms  103/265 (39%)  
[  8] 242.00-243.00 sec   453 KBytes  3.71 Mbits/sec  2.361 ms  503/834 (60%)  
[  8] 243.00-244.00 sec   331 KBytes  2.71 Mbits/sec  8.097 ms  50/292 (17%)  
[  8] 244.00-245.00 sec   246 KBytes  2.02 Mbits/sec  5.615 ms  295/475 (62%)  
[  8] 245.00-246.00 sec   178 KBytes  1.46 Mbits/sec  7.212 ms  41/171 (24%)  
[  8] 246.00-247.00 sec   119 KBytes   974 Kbits/sec  12.528 ms  160/247 (65%)  
[  8] 247.00-248.00 sec   202 KBytes  1.66 Mbits/sec  14.814 ms  801/949 (84%)  
[  8] 248.00-249.00 sec   103 KBytes   840 Kbits/sec  12.290 ms  246/321 (77%)  
[  8] 249.00-250.00 sec  79.3 KBytes   649 Kbits/sec  17.633 ms  54/112 (48%)  
[  8] 250.00-251.00 sec   104 KBytes   852 Kbits/sec  14.156 ms  483/559 (86%)  
[  8] 251.00-252.00 sec   245 KBytes  2.01 Mbits/sec  3.422 ms  582/761 (76%)  
[  8] 252.00-253.00 sec   216 KBytes  1.77 Mbits/sec  10.723 ms  235/393 (60%)  
[  8] 253.00-254.00 sec   294 KBytes  2.41 Mbits/sec  6.469 ms  358/573 (62%)  
[  8] 254.00-255.00 sec   280 KBytes  2.29 Mbits/sec  5.532 ms  258/463 (56%)  
[  8] 255.00-256.00 sec   335 KBytes  2.75 Mbits/sec  5.197 ms  209/454 (46%)  
[  8] 256.00-257.00 sec   347 KBytes  2.84 Mbits/sec  4.740 ms  155/409 (38%)  
[  8] 257.00-258.01 sec   149 KBytes  1.21 Mbits/sec  10.849 ms  340/449 (76%)  
[  8] 258.01-259.00 sec   232 KBytes  1.91 Mbits/sec  7.015 ms  280/450 (62%)  
[  8] 259.00-260.00 sec   328 KBytes  2.69 Mbits/sec  5.321 ms  198/438 (45%)  
[  8] 260.00-261.00 sec   345 KBytes  2.82 Mbits/sec  7.836 ms  206/458 (45%)  
[  8] 261.00-262.00 sec   286 KBytes  2.34 Mbits/sec  8.786 ms  203/412 (49%)  
[  8] 262.00-263.00 sec   343 KBytes  2.81 Mbits/sec  9.420 ms  221/472 (47%)  
[  8] 263.00-264.00 sec   377 KBytes  3.09 Mbits/sec  5.452 ms  187/463 (40%)  
[  8] 264.00-265.00 sec   358 KBytes  2.93 Mbits/sec  5.157 ms  189/451 (42%)  
[  8] 265.00-266.00 sec   417 KBytes  3.42 Mbits/sec  2.812 ms  177/482 (37%)  
[  8] 266.00-267.00 sec   345 KBytes  2.82 Mbits/sec  6.736 ms  73/325 (22%)  
[  8] 267.00-268.00 sec   220 KBytes  1.80 Mbits/sec  7.991 ms  282/443 (64%)  
[  8] 268.00-269.00 sec   424 KBytes  3.47 Mbits/sec  4.912 ms  247/557 (44%)  
[  8] 269.00-270.00 sec   306 KBytes  2.51 Mbits/sec  5.136 ms  187/411 (45%)  
[  8] 270.00-271.00 sec   228 KBytes  1.87 Mbits/sec  8.094 ms  132/299 (44%)  
[  8] 271.00-272.00 sec   190 KBytes  1.56 Mbits/sec  10.113 ms  212/351 (60%)  
[  8] 272.00-273.00 sec   196 KBytes  1.60 Mbits/sec  7.549 ms  568/711 (80%)  
[  8] 273.00-274.00 sec   246 KBytes  2.02 Mbits/sec  2.720 ms  261/441 (59%)  
[  8] 274.00-275.00 sec   284 KBytes  2.33 Mbits/sec  5.765 ms  253/461 (55%)  
[  8] 275.00-276.00 sec   299 KBytes  2.45 Mbits/sec  4.449 ms  245/464 (53%)  
[  8] 276.00-277.00 sec   325 KBytes  2.67 Mbits/sec  4.572 ms  164/402 (41%)  
[  8] 277.00-278.00 sec   268 KBytes  2.20 Mbits/sec  1.724 ms  282/478 (59%)  
[  8] 278.00-279.00 sec   388 KBytes  3.18 Mbits/sec  3.084 ms  158/442 (36%)  
[  8] 279.00-280.00 sec   453 KBytes  3.71 Mbits/sec  2.521 ms  131/462 (28%)  
[  8] 280.00-281.00 sec   293 KBytes  2.40 Mbits/sec  9.288 ms  212/426 (50%)  
[  8] 281.00-282.00 sec   317 KBytes  2.59 Mbits/sec  3.363 ms  223/455 (49%)  
[  8] 282.00-283.00 sec   439 KBytes  3.61 Mbits/sec  2.788 ms  136/457 (30%)  
[  8] 283.00-284.00 sec   336 KBytes  2.74 Mbits/sec  4.607 ms  24/270 (8.9%)  
[  8] 284.00-285.00 sec   280 KBytes  2.30 Mbits/sec  5.892 ms  175/380 (46%)  
[  8] 285.00-286.00 sec   267 KBytes  2.18 Mbits/sec  5.698 ms  241/436 (55%)  
[  8] 286.00-287.00 sec   237 KBytes  1.94 Mbits/sec  5.822 ms  495/668 (74%)  
[  8] 287.00-288.00 sec   185 KBytes  1.51 Mbits/sec  15.329 ms  300/435 (69%)  
[  8] 288.00-289.00 sec   175 KBytes  1.43 Mbits/sec  12.289 ms  243/371 (65%)  
[  8] 289.00-290.00 sec   138 KBytes  1.13 Mbits/sec  13.640 ms  130/231 (56%)  
[  8] 290.00-291.00 sec   271 KBytes  2.22 Mbits/sec  3.994 ms  434/632 (69%)  
[  8] 291.00-292.00 sec   309 KBytes  2.53 Mbits/sec  2.472 ms  348/574 (61%)  
[  8] 292.00-293.00 sec   204 KBytes  1.67 Mbits/sec  3.950 ms  244/393 (62%)  
[  8] 293.00-294.00 sec   178 KBytes  1.46 Mbits/sec  5.684 ms  305/435 (70%)  
[  8] 294.00-295.00 sec  94.3 KBytes   773 Kbits/sec  3.470 ms  317/386 (82%)  
[  8] 295.00-296.00 sec  95.7 KBytes   784 Kbits/sec  9.604 ms  201/271 (74%)  
[  8] 296.00-297.00 sec   170 KBytes  1.39 Mbits/sec  3.743 ms  658/782 (84%)  
[  8] 297.00-298.00 sec   405 KBytes  3.32 Mbits/sec  4.505 ms  130/426 (31%)  
[  8] 298.00-299.00 sec   241 KBytes  1.97 Mbits/sec  5.113 ms  262/438 (60%)  
[  8] 299.00-300.00 sec   223 KBytes  1.83 Mbits/sec  4.081 ms  273/436 (63%)  
[  8] 300.00-301.00 sec   314 KBytes  2.58 Mbits/sec  1.568 ms  258/488 (53%)  
[  8] 301.00-302.00 sec   432 KBytes  3.54 Mbits/sec  0.940 ms  119/435 (27%)  
[  8] 302.00-303.00 sec   291 KBytes  2.39 Mbits/sec  3.689 ms  220/433 (51%)  
[  8] 303.00-304.00 sec   204 KBytes  1.67 Mbits/sec  4.778 ms  266/415 (64%)  
[  8] 304.00-305.00 sec   231 KBytes  1.89 Mbits/sec  10.509 ms  290/459 (63%)  
[  8] 305.00-306.00 sec   211 KBytes  1.73 Mbits/sec  10.819 ms  289/443 (65%)  
[  8] 306.00-307.00 sec   164 KBytes  1.34 Mbits/sec  12.188 ms  313/433 (72%)  
[  8] 307.00-308.00 sec   256 KBytes  2.09 Mbits/sec  1.591 ms  283/470 (60%)  
[  8] 308.00-309.00 sec   130 KBytes  1.06 Mbits/sec  5.590 ms  304/399 (76%)  
[  8] 309.00-310.00 sec   126 KBytes  1.03 Mbits/sec  12.666 ms  293/385 (76%)  
[  8] 310.00-311.00 sec   103 KBytes   841 Kbits/sec  6.551 ms  480/555 (86%)  
[  8] 311.00-312.00 sec   103 KBytes   840 Kbits/sec  14.256 ms  279/354 (79%)  
[  8] 312.00-313.00 sec   115 KBytes   941 Kbits/sec  13.071 ms  410/494 (83%)  
[  8] 313.00-314.00 sec   108 KBytes   885 Kbits/sec  10.228 ms  352/431 (82%)  
[  8] 314.00-315.00 sec   175 KBytes  1.43 Mbits/sec  9.631 ms  367/495 (74%)  
[  8] 315.00-316.00 sec   224 KBytes  1.84 Mbits/sec  10.488 ms  196/360 (54%)  
[  8] 316.00-317.00 sec   113 KBytes   930 Kbits/sec  14.941 ms  240/323 (74%)  
[  8] 317.00-318.00 sec   103 KBytes   840 Kbits/sec  11.840 ms  599/674 (89%)  
[  8] 318.00-319.00 sec  56.1 KBytes   459 Kbits/sec  5.372 ms  381/422 (90%)  
[  8] 319.00-320.00 sec   168 KBytes  1.38 Mbits/sec  3.131 ms  304/427 (71%)  
[  8] 320.00-321.00 sec   146 KBytes  1.20 Mbits/sec  9.230 ms  335/442 (76%)  
[  8] 321.00-322.00 sec   137 KBytes  1.12 Mbits/sec  7.601 ms  307/407 (75%)  
[  8] 322.00-323.00 sec   272 KBytes  2.22 Mbits/sec  4.313 ms  149/348 (43%)  
[  8] 323.00-324.00 sec   351 KBytes  2.88 Mbits/sec  3.677 ms  323/580 (56%)  
[  8] 324.00-325.00 sec   279 KBytes  2.28 Mbits/sec  4.010 ms  118/322 (37%)  
[  8] 325.00-326.00 sec   343 KBytes  2.81 Mbits/sec  4.739 ms  152/403 (38%)  
[  8] 326.00-327.00 sec   302 KBytes  2.47 Mbits/sec  4.264 ms  438/659 (66%)  
[  8] 327.00-328.00 sec   338 KBytes  2.77 Mbits/sec  3.782 ms  195/442 (44%)  
[  8] 328.00-329.00 sec   332 KBytes  2.72 Mbits/sec  2.980 ms  204/447 (46%)  
[  8] 329.00-330.00 sec   265 KBytes  2.17 Mbits/sec  1.173 ms  293/487 (60%)  
[  8] 330.00-331.00 sec   320 KBytes  2.62 Mbits/sec  5.585 ms  166/400 (42%)  
[  8] 331.00-332.00 sec   191 KBytes  1.57 Mbits/sec  5.213 ms  154/294 (52%)  
[  8] 332.00-333.00 sec   182 KBytes  1.49 Mbits/sec  10.349 ms  135/268 (50%)  
[  8] 333.00-334.00 sec   502 KBytes  4.11 Mbits/sec  0.417 ms  410/777 (53%)  
[  8] 334.00-335.00 sec   417 KBytes  3.42 Mbits/sec  1.243 ms  133/438 (30%)  
[  8] 335.00-336.00 sec   346 KBytes  2.83 Mbits/sec  7.419 ms  153/406 (38%)  
[  8] 336.00-337.00 sec   273 KBytes  2.24 Mbits/sec  4.069 ms  290/490 (59%)  
[  8] 337.00-338.00 sec   264 KBytes  2.16 Mbits/sec  4.039 ms  141/334 (42%)  
[  8] 338.00-339.00 sec   313 KBytes  2.56 Mbits/sec  4.971 ms  148/377 (39%)  
[  8] 339.00-340.00 sec   189 KBytes  1.55 Mbits/sec  8.634 ms  233/371 (63%)  
[  8] 340.00-340.68 sec   165 KBytes  1.99 Mbits/sec  9.567 ms  190/311 (61%)  
- - - - - - - - - - - - - - - - - - - - - - - - -
[ ID] Interval           Transfer     Bitrate         Jitter    Lost/Total Datagrams
[  8]   0.00-340.68 sec  89.3 MBytes  2.20 Mbits/sec  9.567 ms  84877/151777 (56%)  receiver
