-----------------------------------------------------------
Server listening on 5201 (test #1)
-----------------------------------------------------------
Accepted connection from 10.0.0.17, port 55286
[  8] local 10.0.0.49 port 5201 connected to 10.0.0.17 port 53436
[ ID] Interval           Transfer     Bitrate         Jitter    Lost/Total Datagrams
[  8]   0.00-1.00   sec  1.35 MBytes  11.3 Mbits/sec  0.947 ms  683/1692 (40%)  
[  8]   1.00-2.00   sec  2.04 MBytes  17.1 Mbits/sec  1.330 ms  270/1799 (15%)  
[  8]   2.00-3.00   sec  1.57 MBytes  13.1 Mbits/sec  5.188 ms  327/1500 (22%)  
[  8]   3.00-4.00   sec   320 KBytes  2.62 Mbits/sec  3.078 ms  1691/1925 (88%)  
[  8]   4.00-5.00   sec   328 KBytes  2.69 Mbits/sec  7.191 ms  1611/1851 (87%)  
[  8]   5.00-6.00   sec   360 KBytes  2.94 Mbits/sec  3.560 ms  1469/1732 (85%)  
[  8]   6.00-7.00   sec   331 KBytes  2.71 Mbits/sec  8.055 ms  1067/1309 (82%)  
[  8]   7.00-8.00   sec  1.00 MBytes  8.41 Mbits/sec  5.914 ms  1365/2116 (65%)  
[  8]   8.00-9.00   sec   405 KBytes  3.31 Mbits/sec  5.012 ms  1657/1953 (85%)  
[  8]   9.00-10.00  sec   332 KBytes  2.72 Mbits/sec  7.968 ms  1166/1409 (83%)  
[  8]  10.00-11.00  sec   182 KBytes  1.49 Mbits/sec  11.264 ms  839/972 (86%)  
[  8]  11.00-12.00  sec   235 KBytes  1.93 Mbits/sec  3.864 ms  1893/2065 (92%)  
[  8]  12.00-13.00  sec   209 KBytes  1.71 Mbits/sec  7.056 ms  1810/1963 (92%)  
[  8]  13.00-14.00  sec  2.01 MBytes  16.8 Mbits/sec  4.737 ms  934/2436 (38%)  
[  8]  14.00-15.00  sec   667 KBytes  5.47 Mbits/sec  1.129 ms  1403/1891 (74%)  
[  8]  15.00-16.00  sec   290 KBytes  2.37 Mbits/sec  4.627 ms  880/1092 (81%)  
[  8]  16.00-17.00  sec   391 KBytes  3.20 Mbits/sec  6.047 ms  2097/2383 (88%)  
[  8]  17.00-18.00  sec   693 KBytes  5.68 Mbits/sec  0.314 ms  1502/2009 (75%)  
[  8]  18.00-19.00  sec   324 KBytes  2.65 Mbits/sec  10.197 ms  1379/1616 (85%)  
[  8]  19.00-20.00  sec   196 KBytes  1.60 Mbits/sec  7.878 ms  1502/1645 (91%)  
[  8]  20.00-21.01  sec   212 KBytes  1.72 Mbits/sec  9.537 ms  1733/1888 (92%)  
[  8]  21.01-22.00  sec   159 KBytes  1.31 Mbits/sec  11.409 ms  1381/1497 (92%)  
[  8]  22.00-23.00  sec   298 KBytes  2.45 Mbits/sec  7.621 ms  1757/1975 (89%)  
[  8]  23.00-24.00  sec   172 KBytes  1.41 Mbits/sec  20.275 ms  1003/1129 (89%)  
[  8]  24.00-25.00  sec   156 KBytes  1.28 Mbits/sec  13.378 ms  2188/2302 (95%)  
[  8]  25.00-26.00  sec   536 KBytes  4.39 Mbits/sec  5.482 ms  962/1354 (71%)  
[  8]  26.00-27.00  sec   249 KBytes  2.04 Mbits/sec  6.762 ms  1205/1387 (87%)  
[  8]  27.00-28.00  sec   191 KBytes  1.57 Mbits/sec  9.600 ms  1615/1755 (92%)  
[  8]  28.00-29.00  sec   243 KBytes  1.99 Mbits/sec  9.779 ms  2355/2533 (93%)  
[  8]  29.00-30.01  sec   182 KBytes  1.48 Mbits/sec  9.945 ms  1859/1992 (93%)  
[  8]  30.01-31.00  sec   179 KBytes  1.47 Mbits/sec  8.498 ms  860/991 (87%)  
[  8]  31.00-32.00  sec   174 KBytes  1.42 Mbits/sec  7.801 ms  667/794 (84%)  
[  8]  32.00-33.00  sec   235 KBytes  1.93 Mbits/sec  23.135 ms  3543/3715 (95%)  
[  8]  33.00-34.01  sec   293 KBytes  2.38 Mbits/sec  6.588 ms  1638/1852 (88%)  
[  8]  34.01-35.00  sec  1.30 MBytes  11.0 Mbits/sec  1.580 ms  786/1756 (45%)  
[  8]  35.00-36.00  sec   984 KBytes  8.06 Mbits/sec  0.828 ms  834/1554 (54%)  
[  8]  36.00-37.00  sec  1.62 MBytes  13.6 Mbits/sec  0.271 ms  996/2211 (45%)  
[  8]  37.00-38.00  sec   484 KBytes  3.97 Mbits/sec  2.212 ms  1417/1771 (80%)  
[  8]  38.00-39.00  sec   736 KBytes  6.03 Mbits/sec  6.141 ms  1103/1641 (67%)  
[  8]  39.00-40.00  sec   273 KBytes  2.24 Mbits/sec  4.927 ms  1282/1482 (87%)  
[  8]  40.00-41.00  sec  1.04 MBytes  8.76 Mbits/sec  1.776 ms  789/1571 (50%)  
[  8]  41.00-42.00  sec   599 KBytes  4.91 Mbits/sec  3.932 ms  897/1335 (67%)  
[  8]  42.00-43.00  sec   425 KBytes  3.48 Mbits/sec  4.446 ms  1690/2001 (84%)  
[  8]  43.00-44.00  sec   550 KBytes  4.50 Mbits/sec  7.899 ms  2099/2501 (84%)  
[  8]  44.00-45.00  sec   429 KBytes  3.52 Mbits/sec  4.852 ms  1477/1791 (82%)  
[  8]  45.00-46.00  sec   554 KBytes  4.54 Mbits/sec  0.357 ms  1367/1772 (77%)  
[  8]  46.00-47.00  sec   990 KBytes  8.11 Mbits/sec  0.267 ms  1260/1984 (64%)  
[  8]  47.00-48.00  sec   736 KBytes  6.03 Mbits/sec  3.951 ms  840/1378 (61%)  
[  8]  48.00-49.00  sec   361 KBytes  2.96 Mbits/sec  5.791 ms  964/1228 (79%)  
[  8]  49.00-50.00  sec   377 KBytes  3.09 Mbits/sec  4.267 ms  2270/2546 (89%)  
[  8]  50.00-51.00  sec   759 KBytes  6.22 Mbits/sec  0.385 ms  1398/1953 (72%)  
[  8]  51.00-52.00  sec   321 KBytes  2.63 Mbits/sec  8.030 ms  1386/1621 (86%)  
[  8]  52.00-53.00  sec   182 KBytes  1.49 Mbits/sec  7.189 ms  1561/1694 (92%)  
[  8]  53.00-54.00  sec   376 KBytes  3.08 Mbits/sec  7.384 ms  1637/1912 (86%)  
[  8]  54.00-55.00  sec   349 KBytes  2.86 Mbits/sec  5.430 ms  1209/1464 (83%)  
[  8]  55.00-56.00  sec   971 KBytes  7.94 Mbits/sec  0.382 ms  1521/2231 (68%)  
[  8]  56.00-57.00  sec   608 KBytes  4.99 Mbits/sec  3.045 ms  1298/1743 (74%)  
[  8]  57.00-58.00  sec   454 KBytes  3.72 Mbits/sec  6.974 ms  1252/1584 (79%)  
[  8]  58.00-59.00  sec   246 KBytes  2.02 Mbits/sec  6.207 ms  683/863 (79%)  
[  8]  59.00-60.00  sec   470 KBytes  3.84 Mbits/sec  2.671 ms  2567/2911 (88%)  
[  8]  60.00-61.00  sec   302 KBytes  2.48 Mbits/sec  3.977 ms  1437/1658 (87%)  
[  8]  61.00-62.00  sec   967 KBytes  7.91 Mbits/sec  5.123 ms  1162/1869 (62%)  
[  8]  62.00-63.00  sec   546 KBytes  4.46 Mbits/sec  2.727 ms  1356/1755 (77%)  
[  8]  63.00-64.00  sec   585 KBytes  4.80 Mbits/sec  5.746 ms  1311/1739 (75%)  
[  8]  64.00-65.00  sec   338 KBytes  2.77 Mbits/sec  5.700 ms  1527/1774 (86%)  
[  8]  65.00-66.00  sec   472 KBytes  3.86 Mbits/sec  3.621 ms  1463/1808 (81%)  
[  8]  66.00-67.00  sec   278 KBytes  2.27 Mbits/sec  7.873 ms  1511/1714 (88%)  
[  8]  67.00-68.00  sec   349 KBytes  2.86 Mbits/sec  5.576 ms  1544/1799 (86%)  
[  8]  68.00-69.00  sec   271 KBytes  2.22 Mbits/sec  4.047 ms  1655/1853 (89%)  
[  8]  69.00-70.00  sec   459 KBytes  3.76 Mbits/sec  2.496 ms  1498/1834 (82%)  
[  8]  70.00-71.00  sec   485 KBytes  3.97 Mbits/sec  4.645 ms  1317/1672 (79%)  
[  8]  71.00-72.00  sec   571 KBytes  4.69 Mbits/sec  3.339 ms  1521/1939 (78%)  
[  8]  72.00-73.00  sec   595 KBytes  4.87 Mbits/sec  7.913 ms  1328/1763 (75%)  
[  8]  73.00-74.00  sec   216 KBytes  1.77 Mbits/sec  4.249 ms  1515/1673 (91%)  
[  8]  74.00-75.00  sec   232 KBytes  1.90 Mbits/sec  5.554 ms  1662/1832 (91%)  
[  8]  75.00-76.00  sec   286 KBytes  2.34 Mbits/sec  7.299 ms  1586/1795 (88%)  
[  8]  76.00-77.00  sec   320 KBytes  2.62 Mbits/sec  4.468 ms  1592/1826 (87%)  
[  8]  77.00-78.00  sec  1.84 MBytes  15.5 Mbits/sec  0.603 ms  554/1935 (29%)  
[  8]  78.00-79.00  sec   424 KBytes  3.47 Mbits/sec  2.242 ms  1270/1580 (80%)  
[  8]  79.00-80.00  sec   446 KBytes  3.65 Mbits/sec  0.146 ms  1452/1778 (82%)  
[  8]  80.00-81.00  sec   331 KBytes  2.71 Mbits/sec  10.004 ms  1558/1800 (87%)  
[  8]  81.00-82.00  sec   558 KBytes  4.57 Mbits/sec  0.600 ms  1443/1851 (78%)  
[  8]  82.00-83.00  sec  1.44 MBytes  12.0 Mbits/sec  3.030 ms  779/1855 (42%)  
[  8]  83.00-84.00  sec   604 KBytes  4.95 Mbits/sec  5.484 ms  1280/1722 (74%)  
[  8]  84.00-85.00  sec   369 KBytes  3.02 Mbits/sec  4.306 ms  1019/1289 (79%)  
[  8]  85.00-86.00  sec   206 KBytes  1.69 Mbits/sec  2.887 ms  1011/1162 (87%)  
[  8]  86.00-87.00  sec   234 KBytes  1.92 Mbits/sec  7.420 ms  1848/2019 (92%)  
[  8]  87.00-88.00  sec   595 KBytes  4.87 Mbits/sec  2.852 ms  1907/2342 (81%)  
[  8]  88.00-89.00  sec   183 KBytes  1.50 Mbits/sec  9.792 ms  1679/1813 (93%)  
[  8]  89.00-90.00  sec   145 KBytes  1.19 Mbits/sec  15.726 ms  1719/1825 (94%)  
[  8]  90.00-91.00  sec   157 KBytes  1.29 Mbits/sec  11.731 ms  1730/1845 (94%)  
[  8]  91.00-92.00  sec   164 KBytes  1.34 Mbits/sec  12.301 ms  1831/1951 (94%)  
[  8]  92.00-93.00  sec   159 KBytes  1.30 Mbits/sec  8.075 ms  1627/1743 (93%)  
[  8]  93.00-94.00  sec   180 KBytes  1.48 Mbits/sec  7.611 ms  1485/1617 (92%)  
[  8]  94.00-95.00  sec   171 KBytes  1.40 Mbits/sec  10.847 ms  1683/1808 (93%)  
[  8]  95.00-96.00  sec   290 KBytes  2.38 Mbits/sec  11.022 ms  1727/1939 (89%)  
[  8]  96.00-97.00  sec   232 KBytes  1.90 Mbits/sec  10.318 ms  1606/1776 (90%)  
[  8]  97.00-98.00  sec   209 KBytes  1.71 Mbits/sec  6.325 ms  1493/1646 (91%)  
[  8]  98.00-99.00  sec   193 KBytes  1.58 Mbits/sec  8.206 ms  1744/1885 (93%)  
[  8]  99.00-100.00 sec   347 KBytes  2.84 Mbits/sec  5.125 ms  1547/1801 (86%)  
[  8] 100.00-101.00 sec   293 KBytes  2.40 Mbits/sec  7.632 ms  1576/1790 (88%)  
[  8] 101.00-102.00 sec   216 KBytes  1.77 Mbits/sec  6.016 ms  1557/1715 (91%)  
[  8] 102.00-103.00 sec   543 KBytes  4.45 Mbits/sec  0.725 ms  1685/2082 (81%)  
[  8] 103.00-104.00 sec  1020 KBytes  8.36 Mbits/sec  3.680 ms  904/1650 (55%)  
[  8] 104.00-105.00 sec   272 KBytes  2.23 Mbits/sec  4.389 ms  1478/1677 (88%)  
[  8] 105.00-106.00 sec   321 KBytes  2.63 Mbits/sec  5.987 ms  1515/1750 (87%)  
[  8] 106.00-107.00 sec   283 KBytes  2.32 Mbits/sec  3.811 ms  1597/1804 (89%)  
[  8] 107.00-108.00 sec   384 KBytes  3.14 Mbits/sec  10.544 ms  1584/1865 (85%)  
[  8] 108.00-109.00 sec   371 KBytes  3.04 Mbits/sec  5.598 ms  1402/1673 (84%)  
[  8] 109.00-110.00 sec   217 KBytes  1.78 Mbits/sec  6.880 ms  1792/1951 (92%)  
[  8] 110.00-111.00 sec   753 KBytes  6.17 Mbits/sec  1.087 ms  1344/1895 (71%)  
[  8] 111.00-112.00 sec  1.49 MBytes  12.5 Mbits/sec  1.937 ms  374/1488 (25%)  
[  8] 112.00-113.00 sec   838 KBytes  6.86 Mbits/sec  5.191 ms  1363/1976 (69%)  
[  8] 113.00-114.00 sec   314 KBytes  2.57 Mbits/sec  8.741 ms  1371/1601 (86%)  
[  8] 114.00-115.00 sec   176 KBytes  1.45 Mbits/sec  10.397 ms  1540/1669 (92%)  
[  8] 115.00-116.00 sec   212 KBytes  1.74 Mbits/sec  6.264 ms  800/955 (84%)  
[  8] 116.00-117.00 sec   380 KBytes  3.11 Mbits/sec  6.098 ms  2558/2836 (90%)  
[  8] 117.00-118.01 sec   238 KBytes  1.93 Mbits/sec  4.333 ms  1674/1848 (91%)  
[  8] 118.01-119.00 sec   299 KBytes  2.47 Mbits/sec  6.923 ms  1535/1754 (88%)  
[  8] 119.00-120.00 sec   298 KBytes  2.44 Mbits/sec  6.945 ms  1436/1654 (87%)  
[  8] 120.00-121.00 sec   373 KBytes  3.06 Mbits/sec  6.791 ms  1518/1791 (85%)  
[  8] 121.00-122.00 sec   257 KBytes  2.11 Mbits/sec  5.618 ms  1147/1335 (86%)  
[  8] 122.00-123.00 sec   232 KBytes  1.90 Mbits/sec  7.314 ms  977/1147 (85%)  
[  8] 123.00-124.00 sec   167 KBytes  1.37 Mbits/sec  11.333 ms  1713/1835 (93%)  
[  8] 124.00-125.00 sec   216 KBytes  1.77 Mbits/sec  8.219 ms  1565/1723 (91%)  
[  8] 125.00-126.00 sec   254 KBytes  2.08 Mbits/sec  6.877 ms  2105/2291 (92%)  
[  8] 126.00-127.00 sec   603 KBytes  4.95 Mbits/sec  1.031 ms  2159/2600 (83%)  
[  8] 127.00-128.00 sec  1.75 MBytes  14.6 Mbits/sec  0.289 ms  577/1884 (31%)  
[  8] 128.00-129.00 sec   768 KBytes  6.29 Mbits/sec  1.774 ms  897/1459 (61%)  
[  8] 129.00-130.00 sec   480 KBytes  3.93 Mbits/sec  5.600 ms  1530/1881 (81%)  
[  8] 130.00-131.00 sec   209 KBytes  1.72 Mbits/sec  7.933 ms  1285/1438 (89%)  
[  8] 131.00-132.00 sec   339 KBytes  2.78 Mbits/sec  5.731 ms  1651/1899 (87%)  
[  8] 132.00-133.00 sec   347 KBytes  2.84 Mbits/sec  4.404 ms  1776/2030 (87%)  
[  8] 133.00-134.00 sec   276 KBytes  2.26 Mbits/sec  7.494 ms  1134/1336 (85%)  
[  8] 134.00-135.00 sec   329 KBytes  2.70 Mbits/sec  0.685 ms  2072/2313 (90%)  
[  8] 135.00-136.00 sec   262 KBytes  2.15 Mbits/sec  7.692 ms  1467/1659 (88%)  
[  8] 136.00-137.00 sec   314 KBytes  2.57 Mbits/sec  5.967 ms  1684/1914 (88%)  
[  8] 137.00-138.01 sec   323 KBytes  2.63 Mbits/sec  6.122 ms  1149/1385 (83%)  
[  8] 138.01-139.00 sec   628 KBytes  5.16 Mbits/sec  2.513 ms  1788/2247 (80%)  
[  8] 139.00-140.00 sec   362 KBytes  2.97 Mbits/sec  7.944 ms  984/1249 (79%)  
[  8] 140.00-141.00 sec   336 KBytes  2.75 Mbits/sec  10.677 ms  1364/1610 (85%)  
[  8] 141.00-142.00 sec   427 KBytes  3.50 Mbits/sec  8.137 ms  2054/2366 (87%)  
[  8] 142.00-143.00 sec   339 KBytes  2.78 Mbits/sec  5.072 ms  1558/1806 (86%)  
[  8] 143.00-144.00 sec   316 KBytes  2.59 Mbits/sec  9.550 ms  1309/1540 (85%)  
[  8] 144.00-145.00 sec   429 KBytes  3.52 Mbits/sec  3.672 ms  1748/2062 (85%)  
[  8] 145.00-146.00 sec   299 KBytes  2.45 Mbits/sec  5.162 ms  1520/1739 (87%)  
[  8] 146.00-147.00 sec   350 KBytes  2.87 Mbits/sec  7.081 ms  683/939 (73%)  
[  8] 147.00-148.00 sec   369 KBytes  3.02 Mbits/sec  7.175 ms  1698/1968 (86%)  
[  8] 148.00-149.00 sec   405 KBytes  3.31 Mbits/sec  5.299 ms  1827/2123 (86%)  
[  8] 149.00-150.00 sec   908 KBytes  7.43 Mbits/sec  0.217 ms  1639/2303 (71%)  
[  8] 150.00-151.00 sec   835 KBytes  6.86 Mbits/sec  3.920 ms  984/1595 (62%)  
[  8] 151.00-152.00 sec  1.00 MBytes  8.40 Mbits/sec  0.767 ms  1252/2002 (63%)  
[  8] 152.00-153.00 sec  1.59 MBytes  13.3 Mbits/sec  0.817 ms  593/1786 (33%)  
[  8] 153.00-154.00 sec  1.73 MBytes  14.5 Mbits/sec  4.033 ms  293/1587 (18%)  
[  8] 154.00-155.00 sec   336 KBytes  2.76 Mbits/sec  6.270 ms  1357/1603 (85%)  
[  8] 155.00-156.00 sec   238 KBytes  1.95 Mbits/sec  7.480 ms  1866/2040 (91%)  
[  8] 156.00-157.00 sec   313 KBytes  2.56 Mbits/sec  4.004 ms  1040/1269 (82%)  
[  8] 157.00-158.00 sec   563 KBytes  4.61 Mbits/sec  5.507 ms  1870/2282 (82%)  
[  8] 158.00-159.00 sec   775 KBytes  6.35 Mbits/sec  1.374 ms  1256/1823 (69%)  
[  8] 159.00-160.00 sec  1.10 MBytes  9.19 Mbits/sec  3.925 ms  932/1753 (53%)  
[  8] 160.00-161.00 sec   414 KBytes  3.39 Mbits/sec  1.797 ms  1198/1501 (80%)  
[  8] 161.00-162.00 sec  1.22 MBytes  10.3 Mbits/sec  0.674 ms  1288/2205 (58%)  
[  8] 162.00-163.00 sec   993 KBytes  8.13 Mbits/sec  2.155 ms  722/1448 (50%)  
[  8] 163.00-164.00 sec   295 KBytes  2.42 Mbits/sec  7.327 ms  1056/1272 (83%)  
[  8] 164.00-165.00 sec   193 KBytes  1.58 Mbits/sec  9.908 ms  880/1021 (86%)  
[  8] 165.00-166.00 sec   137 KBytes  1.12 Mbits/sec  11.153 ms  1179/1279 (92%)  
[  8] 166.00-167.00 sec   131 KBytes  1.08 Mbits/sec  9.883 ms  1151/1247 (92%)  
[  8] 167.00-168.00 sec   137 KBytes  1.12 Mbits/sec  9.844 ms  1385/1485 (93%)  
[  8] 168.00-169.00 sec   124 KBytes  1.02 Mbits/sec  16.678 ms  1694/1785 (95%)  
[  8] 169.00-170.00 sec   160 KBytes  1.31 Mbits/sec  12.201 ms  3305/3422 (97%)  
[  8] 170.00-171.00 sec   242 KBytes  1.99 Mbits/sec  7.392 ms  1242/1419 (88%)  
[  8] 171.00-172.00 sec   104 KBytes   852 Kbits/sec  22.454 ms  1527/1603 (95%)  
[  8] 172.00-173.00 sec   109 KBytes   892 Kbits/sec  16.813 ms  1838/1918 (96%)  
[  8] 173.00-174.00 sec   133 KBytes  1.09 Mbits/sec  14.954 ms  1927/2024 (95%)  
[  8] 174.00-175.00 sec   138 KBytes  1.13 Mbits/sec  13.684 ms  1845/1946 (95%)  
[  8] 175.00-176.00 sec   336 KBytes  2.76 Mbits/sec  2.297 ms  2730/2976 (92%)  
[  8] 176.00-177.00 sec   295 KBytes  2.42 Mbits/sec  7.766 ms  1547/1763 (88%)  
[  8] 177.00-178.00 sec   253 KBytes  2.07 Mbits/sec  7.792 ms  1133/1318 (86%)  
[  8] 178.00-179.00 sec   459 KBytes  3.76 Mbits/sec  8.137 ms  1711/2047 (84%)  
[  8] 179.00-180.00 sec   216 KBytes  1.77 Mbits/sec  8.996 ms  1107/1265 (88%)  
[  8] 180.00-181.00 sec   396 KBytes  3.25 Mbits/sec  7.263 ms  2095/2385 (88%)  
[  8] 181.00-182.00 sec   224 KBytes  1.84 Mbits/sec  6.582 ms  1639/1803 (91%)  
[  8] 182.00-183.00 sec   209 KBytes  1.71 Mbits/sec  7.450 ms  1618/1771 (91%)  
[  8] 183.00-184.00 sec   175 KBytes  1.43 Mbits/sec  12.185 ms  1645/1773 (93%)  
[  8] 184.00-185.00 sec   149 KBytes  1.22 Mbits/sec  11.448 ms  1631/1740 (94%)  
[  8] 185.00-186.00 sec   126 KBytes  1.03 Mbits/sec  12.285 ms  1757/1849 (95%)  
[  8] 186.00-187.00 sec   183 KBytes  1.50 Mbits/sec  13.686 ms  1404/1538 (91%)  
[  8] 187.00-188.00 sec   273 KBytes  2.24 Mbits/sec  3.274 ms  1958/2158 (91%)  
[  8] 188.00-189.00 sec   648 KBytes  5.31 Mbits/sec  8.468 ms  1395/1869 (75%)  
[  8] 189.00-190.00 sec  1.09 MBytes  9.09 Mbits/sec  1.094 ms  1016/1831 (55%)  
[  8] 190.00-191.00 sec   699 KBytes  5.74 Mbits/sec  0.880 ms  1026/1537 (67%)  
[  8] 191.00-192.00 sec  1.45 MBytes  12.2 Mbits/sec  2.556 ms  797/1886 (42%)  
[  8] 192.00-193.00 sec   440 KBytes  3.61 Mbits/sec  3.771 ms  1000/1322 (76%)  
[  8] 193.00-194.00 sec   704 KBytes  5.77 Mbits/sec  0.615 ms  1921/2436 (79%)  
[  8] 194.00-195.00 sec   674 KBytes  5.52 Mbits/sec  4.297 ms  958/1451 (66%)  
[  8] 195.00-196.00 sec   301 KBytes  2.47 Mbits/sec  6.115 ms  1310/1530 (86%)  
[  8] 196.00-197.00 sec   640 KBytes  5.24 Mbits/sec  4.355 ms  1770/2238 (79%)  
[  8] 197.00-198.00 sec   421 KBytes  3.45 Mbits/sec  9.364 ms  1490/1798 (83%)  
[  8] 198.00-199.00 sec   945 KBytes  7.74 Mbits/sec  0.813 ms  1158/1849 (63%)  
[  8] 199.00-200.00 sec  1002 KBytes  8.21 Mbits/sec  0.258 ms  973/1706 (57%)  
[  8] 200.00-201.00 sec   327 KBytes  2.68 Mbits/sec  5.985 ms  1540/1779 (87%)  
[  8] 201.00-202.00 sec   528 KBytes  4.32 Mbits/sec  0.489 ms  1448/1834 (79%)  
[  8] 202.00-203.00 sec   737 KBytes  6.04 Mbits/sec  1.040 ms  1055/1594 (66%)  
[  8] 203.00-204.00 sec   608 KBytes  4.98 Mbits/sec  3.759 ms  1316/1761 (75%)  
[  8] 204.00-205.00 sec   429 KBytes  3.52 Mbits/sec  3.197 ms  1647/1961 (84%)  
[  8] 205.00-206.00 sec   361 KBytes  2.96 Mbits/sec  5.073 ms  1347/1611 (84%)  
[  8] 206.00-207.00 sec   211 KBytes  1.72 Mbits/sec  7.686 ms  972/1126 (86%)  
[  8] 207.00-208.00 sec   343 KBytes  2.81 Mbits/sec  8.785 ms  2145/2396 (90%)  
[  8] 208.00-209.00 sec   372 KBytes  3.05 Mbits/sec  4.960 ms  1649/1921 (86%)  
[  8] 209.00-210.00 sec   282 KBytes  2.31 Mbits/sec  11.957 ms  1168/1374 (85%)  
[  8] 210.00-211.00 sec   275 KBytes  2.25 Mbits/sec  7.450 ms  1195/1396 (86%)  
[  8] 211.00-212.00 sec   459 KBytes  3.76 Mbits/sec  9.243 ms  1628/1964 (83%)  
[  8] 212.00-213.00 sec   474 KBytes  3.88 Mbits/sec  4.740 ms  2051/2398 (86%)  
[  8] 213.00-214.00 sec   252 KBytes  2.07 Mbits/sec  6.117 ms  1591/1775 (90%)  
[  8] 214.00-215.00 sec   547 KBytes  4.48 Mbits/sec  6.635 ms  1368/1768 (77%)  
[  8] 215.00-216.00 sec   211 KBytes  1.72 Mbits/sec  6.447 ms  1654/1808 (91%)  
[  8] 216.00-217.00 sec   246 KBytes  2.02 Mbits/sec  6.403 ms  1502/1682 (89%)  
[  8] 217.00-218.00 sec   317 KBytes  2.60 Mbits/sec  4.874 ms  1666/1898 (88%)  
[  8] 218.00-219.00 sec   666 KBytes  5.46 Mbits/sec  3.787 ms  1403/1890 (74%)  
[  8] 219.00-220.00 sec   388 KBytes  3.18 Mbits/sec  8.205 ms  1517/1801 (84%)  
[  8] 220.00-221.00 sec   934 KBytes  7.65 Mbits/sec  0.558 ms  1020/1703 (60%)  
[  8] 221.00-222.00 sec   511 KBytes  4.19 Mbits/sec  5.986 ms  1261/1635 (77%)  
[  8] 222.00-223.00 sec   293 KBytes  2.39 Mbits/sec  5.085 ms  1748/1962 (89%)  
[  8] 223.00-224.00 sec   276 KBytes  2.26 Mbits/sec  5.304 ms  1494/1696 (88%)  
[  8] 224.00-225.00 sec   320 KBytes  2.62 Mbits/sec  8.040 ms  1737/1971 (88%)  
[  8] 225.00-226.00 sec   301 KBytes  2.46 Mbits/sec  8.123 ms  1405/1625 (86%)  
[  8] 226.00-227.00 sec   204 KBytes  1.67 Mbits/sec  5.532 ms  1610/1759 (92%)  
[  8] 227.00-228.00 sec   227 KBytes  1.86 Mbits/sec  8.147 ms  1702/1868 (91%)  
[  8] 228.00-229.00 sec   234 KBytes  1.91 Mbits/sec  7.767 ms  1645/1816 (91%)  
[  8] 229.00-230.00 sec   273 KBytes  2.24 Mbits/sec  8.089 ms  1600/1800 (89%)  
[  8] 230.00-231.00 sec   261 KBytes  2.14 Mbits/sec  14.822 ms  1344/1535 (88%)  
[  8] 231.00-232.00 sec   232 KBytes  1.90 Mbits/sec  1.484 ms  1832/2002 (92%)  
[  8] 232.00-233.00 sec   208 KBytes  1.70 Mbits/sec  8.687 ms  1110/1262 (88%)  
[  8] 233.00-234.00 sec   145 KBytes  1.19 Mbits/sec  7.284 ms  2112/2218 (95%)  
[  8] 234.00-235.00 sec   200 KBytes  1.64 Mbits/sec  4.448 ms  1701/1847 (92%)  
[  8] 235.00-236.00 sec   179 KBytes  1.47 Mbits/sec  6.358 ms  1625/1756 (93%)  
[  8] 236.00-237.00 sec   238 KBytes  1.95 Mbits/sec  4.440 ms  1682/1856 (91%)  
[  8] 237.00-238.00 sec   379 KBytes  3.10 Mbits/sec  4.888 ms  1581/1858 (85%)  
[  8] 238.00-239.00 sec   200 KBytes  1.64 Mbits/sec  9.845 ms  1668/1814 (92%)  
[  8] 239.00-240.00 sec   262 KBytes  2.15 Mbits/sec  5.310 ms  1233/1425 (87%)  
[  8] 240.00-241.00 sec   228 KBytes  1.87 Mbits/sec  4.432 ms  972/1139 (85%)  
[  8] 241.00-242.00 sec   213 KBytes  1.74 Mbits/sec  26.991 ms  1964/2120 (93%)  
[  8] 242.00-243.00 sec   283 KBytes  2.32 Mbits/sec  3.584 ms  2128/2335 (91%)  
[  8] 243.00-244.00 sec   201 KBytes  1.65 Mbits/sec  15.444 ms  1622/1769 (92%)  
[  8] 244.00-245.00 sec   243 KBytes  1.99 Mbits/sec  9.087 ms  1053/1231 (86%)  
[  8] 245.00-246.00 sec   220 KBytes  1.80 Mbits/sec  7.342 ms  958/1119 (86%)  
[  8] 246.00-247.00 sec   161 KBytes  1.32 Mbits/sec  16.035 ms  1140/1258 (91%)  
[  8] 247.00-248.00 sec   134 KBytes  1.10 Mbits/sec  15.294 ms  3177/3275 (97%)  
[  8] 248.00-249.00 sec   220 KBytes  1.80 Mbits/sec  2.506 ms  1201/1362 (88%)  
[  8] 249.00-250.01 sec   346 KBytes  2.82 Mbits/sec  8.580 ms  1887/2140 (88%)  
[  8] 250.01-251.00 sec   144 KBytes  1.18 Mbits/sec  14.906 ms  689/794 (87%)  
[  8] 251.00-252.00 sec   131 KBytes  1.08 Mbits/sec  9.926 ms  1797/1893 (95%)  
[  8] 252.00-253.00 sec   127 KBytes  1.04 Mbits/sec  12.736 ms  917/1010 (91%)  
[  8] 253.00-254.00 sec   154 KBytes  1.27 Mbits/sec  16.211 ms  2486/2599 (96%)  
[  8] 254.00-255.00 sec   178 KBytes  1.45 Mbits/sec  11.430 ms  1867/1997 (93%)  
[  8] 255.00-256.00 sec   186 KBytes  1.53 Mbits/sec  10.202 ms  1449/1585 (91%)  
[  8] 256.00-257.00 sec   138 KBytes  1.13 Mbits/sec  12.970 ms  1496/1597 (94%)  
[  8] 257.00-258.00 sec   119 KBytes   976 Kbits/sec  15.747 ms  1470/1557 (94%)  
[  8] 258.00-259.00 sec   219 KBytes  1.79 Mbits/sec  17.434 ms  3081/3241 (95%)  
[  8] 259.00-260.00 sec   334 KBytes  2.73 Mbits/sec  4.417 ms  1687/1931 (87%)  
[  8] 260.00-261.00 sec   268 KBytes  2.20 Mbits/sec  12.106 ms  1391/1587 (88%)  
[  8] 261.00-262.00 sec   228 KBytes  1.87 Mbits/sec  4.324 ms  1829/1996 (92%)  
[  8] 262.00-263.00 sec   319 KBytes  2.61 Mbits/sec  4.787 ms  1546/1779 (87%)  
[  8] 263.00-264.00 sec   398 KBytes  3.26 Mbits/sec  4.353 ms  1515/1806 (84%)  
[  8] 264.00-265.00 sec   375 KBytes  3.07 Mbits/sec  3.569 ms  1521/1795 (85%)  
[  8] 265.00-266.00 sec   571 KBytes  4.68 Mbits/sec  5.898 ms  1372/1790 (77%)  
[  8] 266.00-267.00 sec   220 KBytes  1.80 Mbits/sec  10.294 ms  1172/1333 (88%)  
[  8] 267.00-268.00 sec   256 KBytes  2.09 Mbits/sec  8.462 ms  1773/1960 (90%)  
[  8] 268.00-269.00 sec   432 KBytes  3.54 Mbits/sec  7.560 ms  1565/1881 (83%)  
[  8] 269.00-270.00 sec   335 KBytes  2.74 Mbits/sec  4.377 ms  1538/1783 (86%)  
[  8] 270.00-271.00 sec   185 KBytes  1.51 Mbits/sec  6.474 ms  928/1063 (87%)  
[  8] 271.00-272.00 sec   190 KBytes  1.56 Mbits/sec  6.800 ms  1329/1468 (91%)  
[  8] 272.00-273.00 sec   685 KBytes  5.61 Mbits/sec  1.448 ms  2595/3096 (84%)  
[  8] 273.00-274.00 sec   714 KBytes  5.85 Mbits/sec  0.980 ms  1077/1599 (67%)  
[  8] 274.00-275.00 sec   736 KBytes  6.03 Mbits/sec  3.193 ms  1450/1988 (73%)  
[  8] 275.00-276.00 sec   618 KBytes  5.06 Mbits/sec  3.002 ms  1194/1646 (73%)  
[  8] 276.00-277.00 sec   763 KBytes  6.26 Mbits/sec  2.306 ms  1236/1794 (69%)  
[  8] 277.00-278.01 sec   637 KBytes  5.18 Mbits/sec  3.983 ms  1303/1769 (74%)  
[  8] 278.01-279.00 sec   958 KBytes  7.91 Mbits/sec  1.623 ms  1049/1750 (60%)  
[  8] 279.00-280.00 sec   654 KBytes  5.35 Mbits/sec  4.442 ms  1371/1849 (74%)  
[  8] 280.00-281.00 sec   518 KBytes  4.24 Mbits/sec  1.032 ms  1483/1862 (80%)  
[  8] 281.00-282.00 sec   580 KBytes  4.75 Mbits/sec  3.202 ms  1351/1775 (76%)  
[  8] 282.00-283.00 sec   923 KBytes  7.56 Mbits/sec  2.286 ms  1053/1728 (61%)  
[  8] 283.00-284.00 sec   537 KBytes  4.40 Mbits/sec  5.460 ms  662/1055 (63%)  
[  8] 284.00-285.00 sec   293 KBytes  2.40 Mbits/sec  8.750 ms  1384/1598 (87%)  
[  8] 285.00-286.00 sec   294 KBytes  2.41 Mbits/sec  5.760 ms  1619/1834 (88%)  
[  8] 286.00-287.00 sec   390 KBytes  3.19 Mbits/sec  6.608 ms  2365/2650 (89%)  
[  8] 287.00-288.00 sec   247 KBytes  2.03 Mbits/sec  8.719 ms  1592/1773 (90%)  
[  8] 288.00-289.00 sec   198 KBytes  1.63 Mbits/sec  8.127 ms  1102/1247 (88%)  
[  8] 289.00-290.00 sec   171 KBytes  1.40 Mbits/sec  11.814 ms  1498/1623 (92%)  
[  8] 290.00-291.00 sec  1.07 MBytes  9.02 Mbits/sec  0.923 ms  1741/2545 (68%)  
[  8] 291.00-292.00 sec   797 KBytes  6.53 Mbits/sec  1.305 ms  1203/1786 (67%)  
[  8] 292.00-293.00 sec   748 KBytes  6.13 Mbits/sec  1.634 ms  1000/1547 (65%)  
[  8] 293.00-294.00 sec   647 KBytes  5.30 Mbits/sec  0.257 ms  1563/2036 (77%)  
[  8] 294.00-295.00 sec  1017 KBytes  8.33 Mbits/sec  0.221 ms  1118/1862 (60%)  
[  8] 295.00-296.00 sec   633 KBytes  5.17 Mbits/sec  1.814 ms  1288/1751 (74%)  
[  8] 296.00-297.00 sec   889 KBytes  7.30 Mbits/sec  0.478 ms  1207/1857 (65%)  
[  8] 297.00-298.00 sec   551 KBytes  4.51 Mbits/sec  3.277 ms  1297/1700 (76%)  
[  8] 298.00-299.00 sec   234 KBytes  1.92 Mbits/sec  6.499 ms  1410/1581 (89%)  
[  8] 299.00-300.00 sec   237 KBytes  1.94 Mbits/sec  7.734 ms  1288/1461 (88%)  
[  8] 300.00-301.00 sec   309 KBytes  2.53 Mbits/sec  2.210 ms  1260/1486 (85%)  
[  8] 301.00-302.00 sec   916 KBytes  7.50 Mbits/sec  1.009 ms  1989/2659 (75%)  
[  8] 302.00-303.00 sec  1.12 MBytes  9.43 Mbits/sec  5.235 ms  801/1643 (49%)  
[  8] 303.00-304.00 sec   226 KBytes  1.85 Mbits/sec  5.510 ms  1435/1600 (90%)  
[  8] 304.00-305.00 sec   273 KBytes  2.24 Mbits/sec  6.279 ms  1876/2076 (90%)  
[  8] 305.00-306.00 sec   319 KBytes  2.61 Mbits/sec  0.726 ms  1552/1785 (87%)  
[  8] 306.00-307.00 sec   361 KBytes  2.96 Mbits/sec  4.561 ms  1390/1654 (84%)  
[  8] 307.00-308.00 sec   755 KBytes  6.18 Mbits/sec  1.878 ms  1148/1700 (68%)  
[  8] 308.00-309.00 sec  1.64 MBytes  13.8 Mbits/sec  7.602 ms  687/1919 (36%)  
[  8] 309.00-310.00 sec  1.12 MBytes  9.40 Mbits/sec  0.484 ms  1140/1979 (58%)  
[  8] 310.00-311.00 sec  2.09 MBytes  17.5 Mbits/sec  2.727 ms  35/1601 (2.2%)  
[  8] 311.00-312.00 sec   276 KBytes  2.26 Mbits/sec  5.276 ms  1493/1695 (88%)  
[  8] 312.00-313.00 sec   238 KBytes  1.95 Mbits/sec  5.352 ms  1761/1935 (91%)  
[  8] 313.00-314.00 sec   868 KBytes  7.11 Mbits/sec  9.723 ms  530/1165 (45%)  
[  8] 314.00-315.00 sec   142 KBytes  1.16 Mbits/sec  11.018 ms  1304/1408 (93%)  
[  8] 315.00-316.00 sec   204 KBytes  1.67 Mbits/sec  12.914 ms  2129/2278 (93%)  
[  8] 316.00-317.00 sec   105 KBytes   863 Kbits/sec  15.683 ms  1027/1104 (93%)  
[  8] 317.00-318.00 sec   324 KBytes  2.65 Mbits/sec  5.364 ms  2756/2993 (92%)  
[  8] 318.00-319.00 sec   375 KBytes  3.07 Mbits/sec  4.844 ms  1399/1673 (84%)  
[  8] 319.00-320.00 sec   353 KBytes  2.89 Mbits/sec  4.835 ms  1642/1900 (86%)  
[  8] 320.00-321.00 sec   290 KBytes  2.37 Mbits/sec  11.031 ms  1168/1380 (85%)  
[  8] 321.00-322.00 sec   160 KBytes  1.31 Mbits/sec  10.103 ms  1590/1707 (93%)  
[  8] 322.00-323.00 sec   343 KBytes  2.81 Mbits/sec  7.642 ms  1458/1709 (85%)  
[  8] 323.00-324.00 sec   483 KBytes  3.95 Mbits/sec  3.974 ms  1579/1932 (82%)  
[  8] 324.00-325.00 sec   313 KBytes  2.56 Mbits/sec  5.073 ms  1086/1315 (83%)  
[  8] 325.00-326.00 sec   321 KBytes  2.63 Mbits/sec  6.069 ms  1380/1615 (85%)  
[  8] 326.00-327.00 sec   321 KBytes  2.63 Mbits/sec  3.678 ms  2489/2724 (91%)  
[  8] 327.00-328.00 sec   402 KBytes  3.29 Mbits/sec  4.287 ms  1530/1824 (84%)  
[  8] 328.00-329.00 sec   297 KBytes  2.43 Mbits/sec  9.581 ms  1499/1716 (87%)  
[  8] 329.00-330.00 sec  1.32 MBytes  11.0 Mbits/sec  3.693 ms  808/1794 (45%)  
[  8] 330.00-331.00 sec   298 KBytes  2.44 Mbits/sec  9.393 ms  1542/1760 (88%)  
[  8] 331.00-332.00 sec   185 KBytes  1.51 Mbits/sec  6.541 ms  956/1091 (88%)  
[  8] 332.00-333.00 sec   308 KBytes  2.52 Mbits/sec  1.060 ms  2326/2551 (91%)  
[  8] 333.00-334.00 sec  1.93 MBytes  16.2 Mbits/sec  0.743 ms  264/1712 (15%)  
[  8] 334.00-335.00 sec  2.11 MBytes  17.7 Mbits/sec  0.733 ms  362/1940 (19%)  
[  8] 335.00-336.00 sec   654 KBytes  5.35 Mbits/sec  4.478 ms  1305/1783 (73%)  
[  8] 336.00-337.00 sec  1.01 MBytes  8.47 Mbits/sec  2.731 ms  676/1432 (47%)  
[  8] 337.00-338.00 sec   405 KBytes  3.32 Mbits/sec  4.123 ms  1188/1484 (80%)  
[  8] 338.00-339.00 sec   310 KBytes  2.54 Mbits/sec  3.793 ms  1277/1504 (85%)  
[  8] 339.00-340.00 sec   204 KBytes  1.67 Mbits/sec  5.579 ms  1484/1633 (91%)  
[  8] 340.00-340.47 sec   144 KBytes  2.48 Mbits/sec  4.705 ms  1055/1160 (91%)  
- - - - - - - - - - - - - - - - - - - - - - - - -
[ ID] Interval           Transfer     Bitrate         Jitter    Lost/Total Datagrams
[SUM]  0.0-340.5 sec  6 datagrams received out-of-order
[  8]   0.00-340.47 sec   156 MBytes  3.84 Mbits/sec  4.705 ms  490370/607083 (81%)  receiver
