-----------------------------------------------------------
Server listening on 5201 (test #1)
-----------------------------------------------------------
Accepted connection from 10.0.0.89, port 59668
[  8] local 10.0.0.121 port 5201 connected to 10.0.0.89 port 33548
[ ID] Interval           Transfer     Bitrate         Jitter    Lost/Total Datagrams
[  8]   0.00-1.00   sec   558 KBytes  4.56 Mbits/sec  1.738 ms  31/439 (7.1%)  
[  8]   1.00-2.00   sec   507 KBytes  4.16 Mbits/sec  3.164 ms  63/434 (15%)  
[  8]   2.00-3.00   sec   543 KBytes  4.45 Mbits/sec  0.422 ms  52/449 (12%)  
[  8]   3.00-4.00   sec   618 KBytes  5.06 Mbits/sec  1.445 ms  2/454 (0.44%)  
[  8]   4.00-5.00   sec   580 KBytes  4.75 Mbits/sec  0.318 ms  4/428 (0.93%)  
[  8]   5.00-6.00   sec   626 KBytes  5.13 Mbits/sec  0.695 ms  1/459 (0.22%)  
[  8]   6.00-7.00   sec   597 KBytes  4.89 Mbits/sec  2.141 ms  19/456 (4.2%)  
[  8]   7.00-8.00   sec   585 KBytes  4.79 Mbits/sec  1.310 ms  13/441 (2.9%)  
[  8]   8.00-9.00   sec   597 KBytes  4.89 Mbits/sec  0.995 ms  16/453 (3.5%)  
[  8]   9.00-10.00  sec   592 KBytes  4.85 Mbits/sec  1.098 ms  12/445 (2.7%)  
[  8]  10.00-11.00  sec   604 KBytes  4.95 Mbits/sec  1.083 ms  2/444 (0.45%)  
[  8]  11.00-12.00  sec   591 KBytes  4.84 Mbits/sec  3.129 ms  12/445 (2.7%)  
[  8]  12.00-13.00  sec   506 KBytes  4.14 Mbits/sec  3.994 ms  28/400 (7%)  
[  8]  13.00-14.00  sec   461 KBytes  3.77 Mbits/sec  6.310 ms  139/476 (29%)  
[  8]  14.00-15.00  sec   567 KBytes  4.66 Mbits/sec  2.442 ms  34/449 (7.6%)  
[  8]  15.00-16.00  sec   566 KBytes  4.64 Mbits/sec  1.764 ms  41/455 (9%)  
[  8]  16.00-17.00  sec   462 KBytes  3.79 Mbits/sec  2.463 ms  30/368 (8.2%)  
[  8]  17.00-18.00  sec   504 KBytes  4.13 Mbits/sec  3.109 ms  105/474 (22%)  
[  8]  18.00-19.00  sec   457 KBytes  3.74 Mbits/sec  2.960 ms  75/409 (18%)  
[  8]  19.00-20.00  sec   420 KBytes  3.44 Mbits/sec  2.187 ms  122/429 (28%)  
[  8]  20.00-21.00  sec   420 KBytes  3.44 Mbits/sec  2.955 ms  163/470 (35%)  
[  8]  21.00-22.00  sec   375 KBytes  3.07 Mbits/sec  4.286 ms  75/349 (21%)  
[  8]  22.00-23.00  sec   368 KBytes  3.01 Mbits/sec  3.406 ms  281/550 (51%)  
[  8]  23.00-24.01  sec   451 KBytes  3.67 Mbits/sec  4.089 ms  186/516 (36%)  
[  8]  24.01-25.00  sec   410 KBytes  3.37 Mbits/sec  2.600 ms  122/422 (29%)  
[  8]  25.00-26.02  sec   498 KBytes  4.00 Mbits/sec  0.458 ms  123/487 (25%)  
[  8]  26.02-27.00  sec   592 KBytes  4.96 Mbits/sec  1.648 ms  8/441 (1.8%)  
[  8]  27.00-28.00  sec   582 KBytes  4.77 Mbits/sec  0.651 ms  4/430 (0.93%)  
[  8]  28.00-29.00  sec   571 KBytes  4.68 Mbits/sec  1.292 ms  48/466 (10%)  
[  8]  29.00-30.00  sec   541 KBytes  4.42 Mbits/sec  0.603 ms  53/449 (12%)  
[  8]  30.00-31.00  sec   543 KBytes  4.45 Mbits/sec  0.301 ms  34/431 (7.9%)  
[  8]  31.00-32.00  sec   440 KBytes  3.62 Mbits/sec  3.612 ms  82/404 (20%)  
[  8]  32.00-33.00  sec   354 KBytes  2.90 Mbits/sec  7.452 ms  159/418 (38%)  
[  8]  33.00-34.00  sec   413 KBytes  3.38 Mbits/sec  4.261 ms  218/520 (42%)  
[  8]  34.00-35.00  sec   487 KBytes  3.99 Mbits/sec  3.981 ms  47/403 (12%)  
[  8]  35.00-36.01  sec   319 KBytes  2.60 Mbits/sec  8.263 ms  189/422 (45%)  
[  8]  36.01-37.00  sec   208 KBytes  1.71 Mbits/sec  10.330 ms  289/441 (66%)  
[  8]  37.00-38.00  sec   339 KBytes  2.77 Mbits/sec  5.325 ms  264/512 (52%)  
[  8]  38.00-39.00  sec   614 KBytes  5.05 Mbits/sec  2.865 ms  11/460 (2.4%)  
[  8]  39.00-40.00  sec   569 KBytes  4.66 Mbits/sec  1.598 ms  24/440 (5.5%)  
[  8]  40.00-41.00  sec   587 KBytes  4.80 Mbits/sec  1.717 ms  17/446 (3.8%)  
[  8]  41.00-42.00  sec   617 KBytes  5.03 Mbits/sec  2.305 ms  7/458 (1.5%)  
[  8]  42.00-43.00  sec   563 KBytes  4.62 Mbits/sec  3.421 ms  27/439 (6.2%)  
[  8]  43.00-44.00  sec   552 KBytes  4.54 Mbits/sec  2.514 ms  50/454 (11%)  
[  8]  44.00-45.00  sec   566 KBytes  4.64 Mbits/sec  1.503 ms  10/424 (2.4%)  
[  8]  45.00-46.00  sec   633 KBytes  5.19 Mbits/sec  1.259 ms  4/467 (0.86%)  
[  8]  46.00-47.00  sec   585 KBytes  4.79 Mbits/sec  0.324 ms  7/435 (1.6%)  
[  8]  47.00-48.00  sec   552 KBytes  4.52 Mbits/sec  0.801 ms  36/440 (8.2%)  
[  8]  48.00-49.00  sec   554 KBytes  4.54 Mbits/sec  0.807 ms  51/456 (11%)  
[  8]  49.00-50.00  sec   612 KBytes  5.02 Mbits/sec  0.175 ms  4/452 (0.88%)  
[  8]  50.00-51.00  sec   577 KBytes  4.73 Mbits/sec  0.907 ms  26/448 (5.8%)  
[  8]  51.00-52.00  sec   495 KBytes  4.06 Mbits/sec  1.364 ms  57/419 (14%)  
[  8]  52.00-53.00  sec   632 KBytes  5.17 Mbits/sec  0.343 ms  16/478 (3.3%)  
[  8]  53.00-54.00  sec   587 KBytes  4.80 Mbits/sec  0.162 ms  1/430 (0.23%)  
[  8]  54.00-55.01  sec   481 KBytes  3.92 Mbits/sec  1.221 ms  20/372 (5.4%)  
[  8]  55.01-56.00  sec   643 KBytes  5.29 Mbits/sec  1.362 ms  62/532 (12%)  
[  8]  56.00-57.00  sec   614 KBytes  5.01 Mbits/sec  0.542 ms  0/449 (0%)  
[  8]  57.00-58.00  sec   603 KBytes  4.96 Mbits/sec  1.082 ms  2/443 (0.45%)  
[  8]  58.00-59.00  sec   611 KBytes  5.00 Mbits/sec  0.219 ms  5/452 (1.1%)  
[  8]  59.00-60.00  sec   561 KBytes  4.59 Mbits/sec  0.757 ms  34/444 (7.7%)  
[  8]  60.00-61.00  sec   550 KBytes  4.50 Mbits/sec  1.857 ms  34/436 (7.8%)  
[  8]  61.00-62.00  sec   617 KBytes  5.05 Mbits/sec  0.489 ms  8/459 (1.7%)  
[  8]  62.00-63.00  sec   589 KBytes  4.83 Mbits/sec  0.564 ms  6/437 (1.4%)  
[  8]  63.00-64.00  sec   602 KBytes  4.93 Mbits/sec  0.509 ms  3/443 (0.68%)  
[  8]  64.00-65.00  sec   621 KBytes  5.08 Mbits/sec  0.749 ms  0/454 (0%)  
[  8]  65.00-66.00  sec   517 KBytes  4.23 Mbits/sec  2.567 ms  38/416 (9.1%)  
[  8]  66.00-67.00  sec   407 KBytes  3.34 Mbits/sec  3.337 ms  53/351 (15%)  
[  8]  67.00-68.00  sec   656 KBytes  5.38 Mbits/sec  1.370 ms  101/581 (17%)  
[  8]  68.00-69.00  sec   596 KBytes  4.88 Mbits/sec  0.464 ms  2/438 (0.46%)  
[  8]  69.00-70.00  sec   617 KBytes  5.05 Mbits/sec  0.304 ms  2/453 (0.44%)  
[  8]  70.00-71.00  sec   555 KBytes  4.55 Mbits/sec  1.232 ms  25/431 (5.8%)  
[  8]  71.00-72.00  sec   461 KBytes  3.77 Mbits/sec  2.462 ms  96/433 (22%)  
[  8]  72.00-73.00  sec   480 KBytes  3.93 Mbits/sec  3.660 ms  104/455 (23%)  
[  8]  73.00-74.00  sec   578 KBytes  4.74 Mbits/sec  0.916 ms  26/449 (5.8%)  
[  8]  74.00-75.00  sec   546 KBytes  4.47 Mbits/sec  0.248 ms  46/445 (10%)  
[  8]  75.00-76.00  sec   574 KBytes  4.70 Mbits/sec  0.188 ms  3/423 (0.71%)  
[  8]  76.00-77.00  sec   275 KBytes  2.25 Mbits/sec  0.893 ms  4/205 (2%)  
[  8]  77.00-78.00  sec   744 KBytes  6.11 Mbits/sec  0.215 ms  177/721 (25%)  
[  8]  78.00-79.00  sec   496 KBytes  4.07 Mbits/sec  1.236 ms  45/408 (11%)  
[  8]  79.00-80.00  sec   375 KBytes  3.07 Mbits/sec  4.242 ms  132/406 (33%)  
[  8]  80.00-81.00  sec   413 KBytes  3.38 Mbits/sec  6.236 ms  205/507 (40%)  
[  8]  81.00-82.00  sec   582 KBytes  4.77 Mbits/sec  3.156 ms  15/441 (3.4%)  
[  8]  82.00-83.00  sec   571 KBytes  4.68 Mbits/sec  1.208 ms  57/475 (12%)  
[  8]  83.00-84.00  sec   602 KBytes  4.93 Mbits/sec  1.971 ms  5/445 (1.1%)  
[  8]  84.00-85.00  sec   591 KBytes  4.83 Mbits/sec  1.580 ms  22/454 (4.8%)  
[  8]  85.00-86.00  sec   582 KBytes  4.78 Mbits/sec  1.520 ms  16/442 (3.6%)  
[  8]  86.00-87.00  sec   543 KBytes  4.45 Mbits/sec  3.854 ms  30/427 (7%)  
[  8]  87.00-88.00  sec   461 KBytes  3.77 Mbits/sec  4.937 ms  77/414 (19%)  
[  8]  88.00-89.00  sec   355 KBytes  2.91 Mbits/sec  3.495 ms  114/374 (30%)  
[  8]  89.00-90.00  sec   395 KBytes  3.24 Mbits/sec  7.594 ms  161/450 (36%)  
[  8]  90.00-91.00  sec   299 KBytes  2.45 Mbits/sec  3.928 ms  136/355 (38%)  
[  8]  91.00-92.00  sec   447 KBytes  3.66 Mbits/sec  8.892 ms  266/593 (45%)  
[  8]  92.00-93.00  sec   472 KBytes  3.87 Mbits/sec  1.068 ms  146/491 (30%)  
[  8]  93.00-94.00  sec   525 KBytes  4.30 Mbits/sec  3.909 ms  49/433 (11%)  
[  8]  94.00-95.00  sec   641 KBytes  5.25 Mbits/sec  0.983 ms  16/485 (3.3%)  
[  8]  95.00-96.00  sec   555 KBytes  4.55 Mbits/sec  2.487 ms  24/430 (5.6%)  
[  8]  96.00-97.00  sec   365 KBytes  2.99 Mbits/sec  4.159 ms  43/310 (14%)  
[  8]  97.00-98.00  sec   577 KBytes  4.73 Mbits/sec  1.207 ms  170/592 (29%)  
[  8]  98.00-99.00  sec   339 KBytes  2.78 Mbits/sec  7.686 ms  164/412 (40%)  
[  8]  99.00-100.00 sec   364 KBytes  2.98 Mbits/sec  2.523 ms  66/332 (20%)  
[  8] 100.00-101.00 sec   643 KBytes  5.26 Mbits/sec  3.431 ms  127/597 (21%)  
[  8] 101.00-102.00 sec   331 KBytes  2.71 Mbits/sec  2.749 ms  98/340 (29%)  
[  8] 102.00-103.00 sec   554 KBytes  4.54 Mbits/sec  4.427 ms  123/528 (23%)  
[  8] 103.00-104.00 sec   514 KBytes  4.21 Mbits/sec  0.599 ms  88/464 (19%)  
[  8] 104.00-105.00 sec   612 KBytes  5.02 Mbits/sec  1.277 ms  0/448 (0%)  
[  8] 105.00-106.00 sec   595 KBytes  4.87 Mbits/sec  0.497 ms  21/456 (4.6%)  
[  8] 106.00-107.00 sec   581 KBytes  4.76 Mbits/sec  1.289 ms  11/436 (2.5%)  
[  8] 107.00-108.00 sec   585 KBytes  4.79 Mbits/sec  1.059 ms  27/455 (5.9%)  
[  8] 108.00-109.00 sec   588 KBytes  4.82 Mbits/sec  0.176 ms  11/441 (2.5%)  
[  8] 109.00-110.00 sec   569 KBytes  4.66 Mbits/sec  0.851 ms  24/440 (5.5%)  
[  8] 110.00-111.00 sec   589 KBytes  4.83 Mbits/sec  0.453 ms  18/449 (4%)  
[  8] 111.00-112.00 sec   547 KBytes  4.48 Mbits/sec  1.107 ms  57/457 (12%)  
[  8] 112.00-113.00 sec   561 KBytes  4.59 Mbits/sec  2.371 ms  23/433 (5.3%)  
[  8] 113.00-114.00 sec   592 KBytes  4.85 Mbits/sec  0.254 ms  8/441 (1.8%)  
[  8] 114.00-115.00 sec   634 KBytes  5.20 Mbits/sec  0.160 ms  1/465 (0.22%)  
[  8] 115.00-116.00 sec   581 KBytes  4.76 Mbits/sec  0.379 ms  15/440 (3.4%)  
[  8] 116.00-117.00 sec   602 KBytes  4.93 Mbits/sec  0.638 ms  15/455 (3.3%)  
[  8] 117.00-118.00 sec   611 KBytes  5.01 Mbits/sec  1.005 ms  0/447 (0%)  
[  8] 118.00-119.00 sec   559 KBytes  4.58 Mbits/sec  0.826 ms  21/430 (4.9%)  
[  8] 119.00-120.00 sec   603 KBytes  4.94 Mbits/sec  2.101 ms  19/460 (4.1%)  
[  8] 120.00-121.00 sec   585 KBytes  4.79 Mbits/sec  0.942 ms  19/447 (4.3%)  
[  8] 121.00-122.00 sec   593 KBytes  4.86 Mbits/sec  2.673 ms  4/438 (0.91%)  
[  8] 122.00-123.00 sec   555 KBytes  4.55 Mbits/sec  2.466 ms  34/440 (7.7%)  
[  8] 123.00-124.00 sec   480 KBytes  3.93 Mbits/sec  1.025 ms  86/437 (20%)  
[  8] 124.00-125.00 sec   600 KBytes  4.92 Mbits/sec  0.330 ms  16/455 (3.5%)  
[  8] 125.00-126.00 sec   614 KBytes  5.03 Mbits/sec  0.359 ms  8/457 (1.8%)  
[  8] 126.00-127.00 sec   593 KBytes  4.86 Mbits/sec  0.680 ms  17/451 (3.8%)  
[  8] 127.00-128.00 sec   550 KBytes  4.50 Mbits/sec  1.040 ms  35/437 (8%)  
[  8] 128.00-129.00 sec   483 KBytes  3.95 Mbits/sec  1.228 ms  93/446 (21%)  
[  8] 129.00-130.00 sec   581 KBytes  4.75 Mbits/sec  0.216 ms  25/450 (5.6%)  
[  8] 130.00-131.00 sec   617 KBytes  5.06 Mbits/sec  1.671 ms  0/451 (0%)  
[  8] 131.00-132.00 sec   469 KBytes  3.84 Mbits/sec  2.168 ms  89/432 (21%)  
[  8] 132.00-133.00 sec   555 KBytes  4.55 Mbits/sec  2.344 ms  47/453 (10%)  
[  8] 133.00-134.00 sec   600 KBytes  4.92 Mbits/sec  0.444 ms  2/441 (0.45%)  
[  8] 134.00-135.00 sec   384 KBytes  3.15 Mbits/sec  0.919 ms  140/421 (33%)  
[  8] 135.00-136.00 sec   313 KBytes  2.56 Mbits/sec  1.533 ms  218/447 (49%)  
[  8] 136.00-137.00 sec   591 KBytes  4.84 Mbits/sec  0.865 ms  48/480 (10%)  
[  8] 137.00-138.00 sec   607 KBytes  4.97 Mbits/sec  2.716 ms  9/453 (2%)  
[  8] 138.00-139.00 sec   592 KBytes  4.85 Mbits/sec  1.897 ms  13/446 (2.9%)  
[  8] 139.00-140.00 sec   567 KBytes  4.65 Mbits/sec  1.929 ms  25/440 (5.7%)  
[  8] 140.00-141.00 sec   559 KBytes  4.58 Mbits/sec  2.360 ms  13/422 (3.1%)  
[  8] 141.00-142.00 sec   566 KBytes  4.64 Mbits/sec  1.093 ms  52/466 (11%)  
[  8] 142.00-143.00 sec   615 KBytes  5.04 Mbits/sec  0.852 ms  5/455 (1.1%)  
[  8] 143.00-144.00 sec   559 KBytes  4.58 Mbits/sec  1.521 ms  38/447 (8.5%)  
[  8] 144.00-145.00 sec   599 KBytes  4.91 Mbits/sec  1.481 ms  6/444 (1.4%)  
[  8] 145.00-146.00 sec   562 KBytes  4.60 Mbits/sec  1.613 ms  36/447 (8.1%)  
[  8] 146.00-147.00 sec   607 KBytes  4.97 Mbits/sec  0.899 ms  7/452 (1.5%)  
[  8] 147.00-148.00 sec   578 KBytes  4.74 Mbits/sec  0.690 ms  5/428 (1.2%)  
[  8] 148.00-149.00 sec   580 KBytes  4.75 Mbits/sec  1.301 ms  22/446 (4.9%)  
[  8] 149.00-150.00 sec   585 KBytes  4.79 Mbits/sec  0.417 ms  27/455 (5.9%)  
[  8] 150.00-151.00 sec   592 KBytes  4.85 Mbits/sec  0.485 ms  19/452 (4.2%)  
[  8] 151.00-152.00 sec   584 KBytes  4.78 Mbits/sec  1.185 ms  14/441 (3.2%)  
[  8] 152.00-153.00 sec   496 KBytes  4.07 Mbits/sec  1.516 ms  62/425 (15%)  
[  8] 153.00-154.00 sec   407 KBytes  3.33 Mbits/sec  1.977 ms  54/352 (15%)  
[  8] 154.00-155.00 sec   625 KBytes  5.12 Mbits/sec  0.308 ms  101/558 (18%)  
[  8] 155.00-156.00 sec   567 KBytes  4.66 Mbits/sec  0.775 ms  34/449 (7.6%)  
[  8] 156.00-157.00 sec   573 KBytes  4.69 Mbits/sec  1.793 ms  25/444 (5.6%)  
[  8] 157.00-158.00 sec   595 KBytes  4.87 Mbits/sec  0.541 ms  7/442 (1.6%)  
[  8] 158.00-159.00 sec   612 KBytes  5.02 Mbits/sec  0.765 ms  7/455 (1.5%)  
[  8] 159.00-160.00 sec   552 KBytes  4.53 Mbits/sec  3.758 ms  37/441 (8.4%)  
[  8] 160.00-161.00 sec   573 KBytes  4.69 Mbits/sec  0.582 ms  41/460 (8.9%)  
[  8] 161.00-162.00 sec   580 KBytes  4.75 Mbits/sec  1.459 ms  19/443 (4.3%)  
[  8] 162.00-163.00 sec   558 KBytes  4.57 Mbits/sec  0.946 ms  28/436 (6.4%)  
[  8] 163.00-164.00 sec   587 KBytes  4.80 Mbits/sec  1.600 ms  33/462 (7.1%)  
[  8] 164.00-165.00 sec   576 KBytes  4.71 Mbits/sec  0.312 ms  18/439 (4.1%)  
[  8] 165.00-166.00 sec   567 KBytes  4.65 Mbits/sec  0.353 ms  18/433 (4.2%)  
[  8] 166.00-167.00 sec   610 KBytes  5.00 Mbits/sec  0.460 ms  8/454 (1.8%)  
[  8] 167.00-168.00 sec   625 KBytes  5.12 Mbits/sec  0.601 ms  0/457 (0%)  
[  8] 168.00-169.00 sec   562 KBytes  4.60 Mbits/sec  4.190 ms  9/420 (2.1%)  
[  8] 169.00-170.00 sec   469 KBytes  3.84 Mbits/sec  5.972 ms  77/420 (18%)  
[  8] 170.00-171.00 sec   391 KBytes  3.20 Mbits/sec  0.483 ms  125/411 (30%)  
[  8] 171.00-172.00 sec   511 KBytes  4.19 Mbits/sec  2.132 ms  130/504 (26%)  
[  8] 172.00-173.00 sec   511 KBytes  4.19 Mbits/sec  3.282 ms  71/445 (16%)  
[  8] 173.00-174.00 sec   584 KBytes  4.78 Mbits/sec  1.275 ms  29/456 (6.4%)  
[  8] 174.00-175.00 sec   571 KBytes  4.68 Mbits/sec  1.608 ms  27/445 (6.1%)  
[  8] 175.00-176.00 sec   540 KBytes  4.42 Mbits/sec  0.613 ms  59/454 (13%)  
[  8] 176.00-177.00 sec   603 KBytes  4.94 Mbits/sec  0.347 ms  22/463 (4.8%)  
[  8] 177.00-178.00 sec   556 KBytes  4.56 Mbits/sec  0.457 ms  37/444 (8.3%)  
[  8] 178.00-179.00 sec   550 KBytes  4.50 Mbits/sec  0.905 ms  50/452 (11%)  
[  8] 179.00-180.00 sec   495 KBytes  4.05 Mbits/sec  0.697 ms  55/417 (13%)  
[  8] 180.00-181.00 sec   451 KBytes  3.70 Mbits/sec  3.373 ms  82/412 (20%)  
[  8] 181.00-182.00 sec   394 KBytes  3.22 Mbits/sec  1.334 ms  132/420 (31%)  
[  8] 182.00-183.00 sec   476 KBytes  3.91 Mbits/sec  0.256 ms  152/500 (30%)  
[  8] 183.00-184.00 sec   412 KBytes  3.37 Mbits/sec  2.759 ms  138/439 (31%)  
[  8] 184.00-185.00 sec   339 KBytes  2.78 Mbits/sec  2.600 ms  181/429 (42%)  
[  8] 185.00-186.00 sec   484 KBytes  3.96 Mbits/sec  0.516 ms  146/500 (29%)  
[  8] 186.00-187.00 sec   414 KBytes  3.39 Mbits/sec  1.137 ms  106/409 (26%)  
[  8] 187.00-188.00 sec   496 KBytes  4.07 Mbits/sec  0.089 ms  78/441 (18%)  
[  8] 188.00-189.00 sec   489 KBytes  4.01 Mbits/sec  0.806 ms  130/488 (27%)  
[  8] 189.00-190.00 sec   607 KBytes  4.97 Mbits/sec  0.528 ms  0/444 (0%)  
[  8] 190.00-191.00 sec   604 KBytes  4.95 Mbits/sec  3.065 ms  6/448 (1.3%)  
[  8] 191.00-192.00 sec   573 KBytes  4.69 Mbits/sec  2.839 ms  36/455 (7.9%)  
[  8] 192.00-193.00 sec   591 KBytes  4.84 Mbits/sec  3.461 ms  10/442 (2.3%)  
[  8] 193.00-194.00 sec   580 KBytes  4.75 Mbits/sec  1.737 ms  19/443 (4.3%)  
[  8] 194.00-195.00 sec   589 KBytes  4.83 Mbits/sec  1.353 ms  25/456 (5.5%)  
[  8] 195.00-196.00 sec   584 KBytes  4.78 Mbits/sec  1.259 ms  18/445 (4%)  
[  8] 196.00-197.00 sec   615 KBytes  5.04 Mbits/sec  2.509 ms  0/450 (0%)  
[  8] 197.00-198.00 sec   567 KBytes  4.64 Mbits/sec  3.012 ms  20/435 (4.6%)  
[  8] 198.00-199.00 sec   606 KBytes  4.97 Mbits/sec  3.389 ms  9/452 (2%)  
[  8] 199.00-200.00 sec   577 KBytes  4.73 Mbits/sec  3.809 ms  14/436 (3.2%)  
[  8] 200.00-201.00 sec   507 KBytes  4.15 Mbits/sec  3.270 ms  78/449 (17%)  
[  8] 201.00-202.00 sec   600 KBytes  4.92 Mbits/sec  4.251 ms  15/454 (3.3%)  
[  8] 202.00-203.00 sec   552 KBytes  4.52 Mbits/sec  2.182 ms  32/436 (7.3%)  
[  8] 203.00-204.00 sec   267 KBytes  2.18 Mbits/sec  5.031 ms  48/243 (20%)  
[  8] 204.00-205.00 sec   619 KBytes  5.08 Mbits/sec  1.743 ms  208/661 (31%)  
[  8] 205.00-206.00 sec   565 KBytes  4.63 Mbits/sec  3.346 ms  26/439 (5.9%)  
[  8] 206.00-207.00 sec   458 KBytes  3.75 Mbits/sec  3.489 ms  94/429 (22%)  
[  8] 207.00-208.00 sec   372 KBytes  3.05 Mbits/sec  4.891 ms  11/283 (3.9%)  
[  8] 208.00-209.00 sec   502 KBytes  4.11 Mbits/sec  1.666 ms  273/640 (43%)  
[  8] 209.00-210.00 sec   600 KBytes  4.92 Mbits/sec  1.654 ms  4/443 (0.9%)  
[  8] 210.00-211.00 sec   603 KBytes  4.94 Mbits/sec  2.209 ms  9/450 (2%)  
[  8] 211.00-212.00 sec   585 KBytes  4.79 Mbits/sec  1.422 ms  6/434 (1.4%)  
[  8] 212.00-213.00 sec   446 KBytes  3.65 Mbits/sec  1.964 ms  128/454 (28%)  
[  8] 213.00-214.00 sec   610 KBytes  5.00 Mbits/sec  1.527 ms  3/449 (0.67%)  
[  8] 214.00-215.00 sec   591 KBytes  4.84 Mbits/sec  1.943 ms  12/444 (2.7%)  
[  8] 215.00-216.01 sec   543 KBytes  4.42 Mbits/sec  3.309 ms  46/443 (10%)  
[  8] 216.01-217.00 sec   548 KBytes  4.52 Mbits/sec  3.836 ms  42/443 (9.5%)  
[  8] 217.00-218.00 sec   589 KBytes  4.83 Mbits/sec  3.634 ms  15/446 (3.4%)  
[  8] 218.00-219.00 sec   592 KBytes  4.85 Mbits/sec  1.474 ms  20/453 (4.4%)  
[  8] 219.00-220.00 sec   546 KBytes  4.47 Mbits/sec  1.464 ms  35/434 (8.1%)  
[  8] 220.00-221.00 sec   571 KBytes  4.68 Mbits/sec  1.987 ms  20/438 (4.6%)  
[  8] 221.00-222.00 sec   581 KBytes  4.76 Mbits/sec  2.611 ms  43/468 (9.2%)  
[  8] 222.00-223.00 sec   592 KBytes  4.84 Mbits/sec  1.696 ms  17/450 (3.8%)  
[  8] 223.00-224.00 sec   587 KBytes  4.81 Mbits/sec  3.012 ms  11/440 (2.5%)  
[  8] 224.00-225.00 sec   588 KBytes  4.81 Mbits/sec  2.718 ms  22/452 (4.9%)  
[  8] 225.00-226.00 sec   592 KBytes  4.86 Mbits/sec  2.490 ms  15/448 (3.3%)  
[  8] 226.00-227.00 sec   603 KBytes  4.94 Mbits/sec  2.707 ms  1/442 (0.23%)  
[  8] 227.00-228.00 sec   610 KBytes  4.99 Mbits/sec  2.428 ms  2/448 (0.45%)  
[  8] 228.00-229.00 sec   603 KBytes  4.93 Mbits/sec  1.838 ms  9/450 (2%)  
[  8] 229.00-230.00 sec   582 KBytes  4.76 Mbits/sec  3.100 ms  16/442 (3.6%)  
[  8] 230.00-231.00 sec   530 KBytes  4.35 Mbits/sec  2.932 ms  43/431 (10%)  
[  8] 231.00-232.00 sec   402 KBytes  3.30 Mbits/sec  4.286 ms  153/447 (34%)  
[  8] 232.00-233.00 sec   398 KBytes  3.26 Mbits/sec  4.817 ms  158/449 (35%)  
[  8] 233.00-234.00 sec   339 KBytes  2.78 Mbits/sec  3.288 ms  194/442 (44%)  
[  8] 234.00-235.00 sec   540 KBytes  4.42 Mbits/sec  3.548 ms  62/457 (14%)  
[  8] 235.00-236.00 sec   476 KBytes  3.90 Mbits/sec  2.022 ms  104/452 (23%)  
[  8] 236.00-237.00 sec   600 KBytes  4.92 Mbits/sec  2.650 ms  10/449 (2.2%)  
[  8] 237.00-238.00 sec   591 KBytes  4.84 Mbits/sec  0.743 ms  6/438 (1.4%)  
[  8] 238.00-239.00 sec   443 KBytes  3.63 Mbits/sec  4.491 ms  36/360 (10%)  
[  8] 239.00-240.00 sec   621 KBytes  5.09 Mbits/sec  0.301 ms  78/532 (15%)  
[  8] 240.00-241.00 sec   503 KBytes  4.13 Mbits/sec  1.177 ms  74/442 (17%)  
[  8] 241.00-242.00 sec   607 KBytes  4.97 Mbits/sec  0.899 ms  0/444 (0%)  
[  8] 242.00-243.00 sec   618 KBytes  5.06 Mbits/sec  0.482 ms  11/463 (2.4%)  
[  8] 243.00-244.00 sec   528 KBytes  4.32 Mbits/sec  3.005 ms  40/426 (9.4%)  
[  8] 244.00-245.00 sec   532 KBytes  4.35 Mbits/sec  3.359 ms  40/429 (9.3%)  
[  8] 245.00-246.00 sec   421 KBytes  3.45 Mbits/sec  3.426 ms  35/343 (10%)  
[  8] 246.00-247.00 sec   440 KBytes  3.61 Mbits/sec  9.246 ms  248/570 (44%)  
[  8] 247.00-248.00 sec   399 KBytes  3.27 Mbits/sec  7.029 ms  115/407 (28%)  
[  8] 248.00-249.00 sec   261 KBytes  2.14 Mbits/sec  6.164 ms  71/262 (27%)  
[  8] 249.00-250.00 sec   254 KBytes  2.08 Mbits/sec  3.538 ms  141/327 (43%)  
[  8] 250.00-251.00 sec   262 KBytes  2.15 Mbits/sec  4.668 ms  225/417 (54%)  
[  8] 251.00-252.00 sec   645 KBytes  5.29 Mbits/sec  0.797 ms  362/834 (43%)  
[  8] 252.00-253.00 sec   599 KBytes  4.91 Mbits/sec  0.537 ms  4/442 (0.9%)  
[  8] 253.00-254.00 sec   610 KBytes  5.00 Mbits/sec  1.376 ms  2/448 (0.45%)  
[  8] 254.00-255.00 sec   566 KBytes  4.64 Mbits/sec  2.814 ms  0/414 (0%)  
[  8] 255.00-256.00 sec   648 KBytes  5.31 Mbits/sec  1.989 ms  10/484 (2.1%)  
[  8] 256.00-257.00 sec   577 KBytes  4.73 Mbits/sec  3.178 ms  3/425 (0.71%)  
[  8] 257.00-258.00 sec   510 KBytes  4.18 Mbits/sec  3.065 ms  15/388 (3.9%)  
[  8] 258.00-259.00 sec   457 KBytes  3.74 Mbits/sec  4.378 ms  84/418 (20%)  
[  8] 259.00-260.00 sec   398 KBytes  3.26 Mbits/sec  5.302 ms  125/416 (30%)  
[  8] 260.00-261.00 sec   571 KBytes  4.68 Mbits/sec  2.250 ms  165/583 (28%)  
[  8] 261.00-262.00 sec   611 KBytes  5.01 Mbits/sec  2.119 ms  2/449 (0.45%)  
[  8] 262.00-263.00 sec   589 KBytes  4.83 Mbits/sec  2.283 ms  13/444 (2.9%)  
[  8] 263.00-264.00 sec   612 KBytes  5.02 Mbits/sec  1.439 ms  0/448 (0%)  
[  8] 264.00-265.00 sec   607 KBytes  4.97 Mbits/sec  2.007 ms  3/447 (0.67%)  
[  8] 265.00-266.00 sec   602 KBytes  4.93 Mbits/sec  1.402 ms  7/447 (1.6%)  
[  8] 266.00-267.00 sec   480 KBytes  3.93 Mbits/sec  6.126 ms  71/422 (17%)  
[  8] 267.00-268.00 sec   559 KBytes  4.58 Mbits/sec  0.910 ms  54/463 (12%)  
[  8] 268.00-269.00 sec   587 KBytes  4.80 Mbits/sec  0.424 ms  16/445 (3.6%)  
[  8] 269.00-270.00 sec   588 KBytes  4.82 Mbits/sec  1.464 ms  18/448 (4%)  
[  8] 270.00-271.00 sec   565 KBytes  4.63 Mbits/sec  0.363 ms  7/420 (1.7%)  
[  8] 271.00-272.00 sec   566 KBytes  4.64 Mbits/sec  0.953 ms  44/458 (9.6%)  
[  8] 272.00-273.00 sec   539 KBytes  4.41 Mbits/sec  2.464 ms  69/463 (15%)  
[  8] 273.00-274.00 sec   596 KBytes  4.88 Mbits/sec  0.956 ms  9/445 (2%)  
[  8] 274.00-275.00 sec   563 KBytes  4.61 Mbits/sec  0.700 ms  30/442 (6.8%)  
[  8] 275.00-276.00 sec   584 KBytes  4.78 Mbits/sec  1.492 ms  29/456 (6.4%)  
[  8] 276.00-277.00 sec   432 KBytes  3.53 Mbits/sec  3.584 ms  123/439 (28%)  
[  8] 277.00-278.00 sec   558 KBytes  4.58 Mbits/sec  2.701 ms  40/448 (8.9%)  
[  8] 278.00-279.00 sec   537 KBytes  4.40 Mbits/sec  3.092 ms  13/406 (3.2%)  
[  8] 279.00-280.00 sec   608 KBytes  4.98 Mbits/sec  1.080 ms  37/482 (7.7%)  
[  8] 280.00-281.00 sec   550 KBytes  4.50 Mbits/sec  1.057 ms  54/456 (12%)  
[  8] 281.00-282.00 sec   541 KBytes  4.44 Mbits/sec  2.112 ms  41/437 (9.4%)  
[  8] 282.00-283.00 sec   589 KBytes  4.83 Mbits/sec  1.198 ms  26/457 (5.7%)  
[  8] 283.00-284.02 sec   593 KBytes  4.76 Mbits/sec  1.188 ms  21/455 (4.6%)  
[  8] 284.02-285.01 sec   536 KBytes  4.43 Mbits/sec  0.427 ms  47/439 (11%)  
[  8] 285.01-286.00 sec   526 KBytes  4.37 Mbits/sec  0.716 ms  41/426 (9.6%)  
[  8] 286.00-287.00 sec   602 KBytes  4.92 Mbits/sec  1.661 ms  21/461 (4.6%)  
[  8] 287.00-288.00 sec   480 KBytes  3.94 Mbits/sec  0.773 ms  81/432 (19%)  
[  8] 288.00-289.00 sec   562 KBytes  4.60 Mbits/sec  0.250 ms  49/460 (11%)  
[  8] 289.00-290.00 sec   563 KBytes  4.61 Mbits/sec  1.927 ms  41/453 (9.1%)  
[  8] 290.00-291.00 sec   357 KBytes  2.92 Mbits/sec  3.083 ms  11/272 (4%)  
[  8] 291.00-292.00 sec   526 KBytes  4.32 Mbits/sec  2.928 ms  221/606 (36%)  
[  8] 292.00-293.01 sec   554 KBytes  4.47 Mbits/sec  2.048 ms  58/463 (13%)  
[  8] 293.01-294.00 sec   409 KBytes  3.38 Mbits/sec  4.514 ms  81/380 (21%)  
[  8] 294.00-295.00 sec   347 KBytes  2.86 Mbits/sec  3.324 ms  39/293 (13%)  
[  8] 295.00-296.00 sec   577 KBytes  4.73 Mbits/sec  2.798 ms  224/646 (35%)  
[  8] 296.00-297.00 sec   565 KBytes  4.62 Mbits/sec  1.133 ms  45/458 (9.8%)  
[  8] 297.00-298.00 sec   504 KBytes  4.13 Mbits/sec  1.112 ms  77/446 (17%)  
[  8] 298.00-299.00 sec   554 KBytes  4.54 Mbits/sec  0.179 ms  33/438 (7.5%)  
[  8] 299.00-300.01 sec   548 KBytes  4.44 Mbits/sec  0.462 ms  57/458 (12%)  
[  8] 300.01-301.00 sec   578 KBytes  4.79 Mbits/sec  0.498 ms  12/435 (2.8%)  
[  8] 301.00-302.00 sec   539 KBytes  4.41 Mbits/sec  3.652 ms  42/436 (9.6%)  
[  8] 302.00-303.00 sec   597 KBytes  4.89 Mbits/sec  0.787 ms  21/458 (4.6%)  
[  8] 303.00-304.00 sec   537 KBytes  4.40 Mbits/sec  0.475 ms  62/455 (14%)  
[  8] 304.00-305.00 sec   570 KBytes  4.66 Mbits/sec  1.491 ms  16/433 (3.7%)  
[  8] 305.00-306.00 sec   336 KBytes  2.76 Mbits/sec  3.336 ms  190/436 (44%)  
[  8] 306.00-307.00 sec   506 KBytes  4.14 Mbits/sec  1.833 ms  106/476 (22%)  
[  8] 307.00-308.00 sec   507 KBytes  4.16 Mbits/sec  3.767 ms  52/423 (12%)  
[  8] 308.00-309.00 sec   432 KBytes  3.54 Mbits/sec  6.079 ms  136/452 (30%)  
[  8] 309.00-310.00 sec   379 KBytes  3.10 Mbits/sec  3.878 ms  152/429 (35%)  
[  8] 310.00-311.00 sec   366 KBytes  3.00 Mbits/sec  4.877 ms  117/385 (30%)  
[  8] 311.00-312.00 sec   431 KBytes  3.53 Mbits/sec  2.720 ms  188/503 (37%)  
[  8] 312.00-313.00 sec   526 KBytes  4.31 Mbits/sec  4.040 ms  83/468 (18%)  
[  8] 313.00-314.00 sec   388 KBytes  3.18 Mbits/sec  3.469 ms  157/441 (36%)  
[  8] 314.00-315.00 sec   565 KBytes  4.63 Mbits/sec  1.566 ms  61/474 (13%)  
[  8] 315.00-316.00 sec   469 KBytes  3.84 Mbits/sec  5.040 ms  72/415 (17%)  
[  8] 316.00-317.00 sec   440 KBytes  3.61 Mbits/sec  3.449 ms  143/465 (31%)  
[  8] 317.00-318.00 sec   391 KBytes  3.20 Mbits/sec  4.198 ms  139/425 (33%)  
[  8] 318.00-319.00 sec   488 KBytes  4.00 Mbits/sec  4.818 ms  79/436 (18%)  
[  8] 319.00-320.00 sec   442 KBytes  3.62 Mbits/sec  3.775 ms  142/465 (31%)  
[  8] 320.00-321.00 sec   488 KBytes  4.00 Mbits/sec  5.245 ms  45/402 (11%)  
[  8] 321.00-322.00 sec   587 KBytes  4.80 Mbits/sec  3.333 ms  59/488 (12%)  
[  8] 322.00-323.00 sec   612 KBytes  5.02 Mbits/sec  2.040 ms  21/469 (4.5%)  
[  8] 323.00-324.00 sec   587 KBytes  4.81 Mbits/sec  2.649 ms  12/441 (2.7%)  
[  8] 324.00-325.00 sec   611 KBytes  5.01 Mbits/sec  1.866 ms  6/453 (1.3%)  
[  8] 325.00-326.00 sec   589 KBytes  4.83 Mbits/sec  2.234 ms  17/448 (3.8%)  
[  8] 326.00-327.00 sec   607 KBytes  4.97 Mbits/sec  2.521 ms  2/446 (0.45%)  
[  8] 327.00-328.00 sec   565 KBytes  4.63 Mbits/sec  2.828 ms  26/439 (5.9%)  
[  8] 328.00-329.00 sec   576 KBytes  4.72 Mbits/sec  3.372 ms  34/455 (7.5%)  
[  8] 329.00-330.00 sec   551 KBytes  4.51 Mbits/sec  1.469 ms  42/445 (9.4%)  
[  8] 330.00-331.00 sec   580 KBytes  4.75 Mbits/sec  3.476 ms  20/444 (4.5%)  
[  8] 331.00-332.00 sec   592 KBytes  4.85 Mbits/sec  0.218 ms  14/447 (3.1%)  
[  8] 332.00-333.00 sec   597 KBytes  4.89 Mbits/sec  0.337 ms  0/437 (0%)  
[  8] 333.00-334.00 sec   628 KBytes  5.14 Mbits/sec  0.758 ms  0/459 (0%)  
[  8] 334.00-335.00 sec   544 KBytes  4.46 Mbits/sec  1.369 ms  14/412 (3.4%)  
[  8] 335.00-336.00 sec   530 KBytes  4.35 Mbits/sec  1.422 ms  89/477 (19%)  
[  8] 336.00-337.00 sec   562 KBytes  4.60 Mbits/sec  2.976 ms  34/445 (7.6%)  
[  8] 337.00-338.00 sec   615 KBytes  5.04 Mbits/sec  2.295 ms  3/453 (0.66%)  
[  8] 338.00-339.00 sec   602 KBytes  4.93 Mbits/sec  1.506 ms  0/440 (0%)  
[  8] 339.00-340.00 sec   619 KBytes  5.07 Mbits/sec  1.442 ms  0/453 (0%)  
[  8] 340.00-340.01 sec  5.47 KBytes  4.24 Mbits/sec  1.569 ms  0/4 (0%)  
- - - - - - - - - - - - - - - - - - - - - - - - -
[ ID] Interval           Transfer     Bitrate         Jitter    Lost/Total Datagrams
[  8]   0.00-340.01 sec   178 MBytes  4.38 Mbits/sec  1.569 ms  18804/151785 (12%)  receiver
