-----------------------------------------------------------
Server listening on 5201 (test #1)
-----------------------------------------------------------
Accepted connection from 10.0.0.33, port 46764
[  8] local 10.0.0.97 port 5201 connected to 10.0.0.33 port 56274
[ ID] Interval           Transfer     Bitrate         Jitter    Lost/Total Datagrams
[  8]   0.00-1.00   sec   109 KBytes   896 Kbits/sec  9.201 ms  7/87 (8%)  
[  8]   1.00-2.03   sec  90.2 KBytes   720 Kbits/sec  7.046 ms  24/90 (27%)  
[  8]   2.03-3.00   sec   104 KBytes   874 Kbits/sec  5.872 ms  14/90 (16%)  
[  8]   3.00-4.00   sec   111 KBytes   907 Kbits/sec  6.869 ms  6/87 (6.9%)  
[  8]   4.00-5.00   sec   116 KBytes   952 Kbits/sec  5.674 ms  7/92 (7.6%)  
[  8]   5.00-6.00   sec   118 KBytes   963 Kbits/sec  7.890 ms  3/89 (3.4%)  
[  8]   6.00-7.00   sec   118 KBytes   963 Kbits/sec  5.677 ms  4/90 (4.4%)  
[  8]   7.00-8.00   sec  97.1 KBytes   795 Kbits/sec  6.699 ms  17/88 (19%)  
[  8]   8.00-9.01   sec   112 KBytes   908 Kbits/sec  5.467 ms  7/89 (7.9%)  
[  8]   9.01-10.00  sec   108 KBytes   895 Kbits/sec  9.457 ms  1/80 (1.2%)  
[  8]  10.00-11.00  sec  54.7 KBytes   448 Kbits/sec  15.660 ms  7/47 (15%)  
[  8]  11.00-12.00  sec  65.6 KBytes   538 Kbits/sec  18.525 ms  44/92 (48%)  
[  8]  12.00-13.00  sec   127 KBytes  1.04 Mbits/sec  5.454 ms  45/138 (33%)  
[  8]  13.00-14.00  sec   113 KBytes   930 Kbits/sec  7.027 ms  7/90 (7.8%)  
[  8]  14.00-15.00  sec   107 KBytes   873 Kbits/sec  8.331 ms  5/83 (6%)  
[  8]  15.00-16.00  sec   120 KBytes   986 Kbits/sec  7.848 ms  7/95 (7.4%)  
[  8]  16.00-17.00  sec  73.8 KBytes   605 Kbits/sec  10.411 ms  17/71 (24%)  
[  8]  17.00-18.00  sec   101 KBytes   829 Kbits/sec  16.592 ms  16/90 (18%)  
[  8]  18.00-19.00  sec   103 KBytes   840 Kbits/sec  11.519 ms  9/84 (11%)  
[  8]  19.00-20.00  sec   120 KBytes   986 Kbits/sec  10.902 ms  3/91 (3.3%)  
[  8]  20.00-21.00  sec   109 KBytes   896 Kbits/sec  12.696 ms  3/83 (3.6%)  
[  8]  21.00-22.00  sec   116 KBytes   952 Kbits/sec  13.987 ms  4/89 (4.5%)  
[  8]  22.00-23.00  sec  95.7 KBytes   784 Kbits/sec  14.325 ms  17/87 (20%)  
[  8]  23.00-24.00  sec   105 KBytes   862 Kbits/sec  18.470 ms  21/98 (21%)  
[  8]  24.00-25.00  sec  98.4 KBytes   806 Kbits/sec  14.644 ms  22/94 (23%)  
[  8]  25.00-26.00  sec  84.8 KBytes   694 Kbits/sec  12.092 ms  10/72 (14%)  
[  8]  26.00-27.00  sec  93.0 KBytes   761 Kbits/sec  7.946 ms  7/75 (9.3%)  
[  8]  27.00-28.00  sec   107 KBytes   871 Kbits/sec  9.572 ms  9/87 (10%)  
[  8]  28.00-29.00  sec   107 KBytes   876 Kbits/sec  23.995 ms  62/140 (44%)  
[  8]  29.00-30.00  sec   113 KBytes   931 Kbits/sec  7.182 ms  2/85 (2.4%)  
[  8]  30.00-31.00  sec  86.1 KBytes   706 Kbits/sec  11.691 ms  4/67 (6%)  
[  8]  31.00-32.00  sec  68.4 KBytes   560 Kbits/sec  15.410 ms  11/61 (18%)  
[  8]  32.00-33.00  sec  82.0 KBytes   672 Kbits/sec  14.994 ms  11/71 (15%)  
[  8]  33.00-34.00  sec  80.7 KBytes   661 Kbits/sec  12.635 ms  68/127 (54%)  
[  8]  34.00-35.00  sec   133 KBytes  1.09 Mbits/sec  6.667 ms  25/122 (20%)  
[  8]  35.00-36.00  sec  57.4 KBytes   470 Kbits/sec  11.375 ms  10/52 (19%)  
[  8]  36.00-37.00  sec   145 KBytes  1.19 Mbits/sec  7.218 ms  18/124 (15%)  
[  8]  37.00-38.00  sec   101 KBytes   829 Kbits/sec  12.600 ms  18/92 (20%)  
[  8]  38.00-39.00  sec  94.3 KBytes   774 Kbits/sec  9.685 ms  16/85 (19%)  
[  8]  39.00-40.00  sec  97.1 KBytes   795 Kbits/sec  9.896 ms  19/90 (21%)  
[  8]  40.00-41.00  sec  65.6 KBytes   538 Kbits/sec  22.699 ms  39/87 (45%)  
[  8]  41.00-42.00  sec  67.0 KBytes   549 Kbits/sec  11.597 ms  15/64 (23%)  
[  8]  42.00-43.00  sec  95.7 KBytes   784 Kbits/sec  12.448 ms  19/89 (21%)  
[  8]  43.00-44.00  sec   107 KBytes   874 Kbits/sec  10.400 ms  45/123 (37%)  
[  8]  44.00-45.00  sec   109 KBytes   896 Kbits/sec  7.294 ms  9/89 (10%)  
[  8]  45.00-46.00  sec   109 KBytes   894 Kbits/sec  6.568 ms  6/86 (7%)  
[  8]  46.00-47.00  sec   104 KBytes   853 Kbits/sec  7.022 ms  17/93 (18%)  
[  8]  47.00-48.00  sec  97.1 KBytes   795 Kbits/sec  8.069 ms  17/88 (19%)  
[  8]  48.00-49.00  sec  93.0 KBytes   762 Kbits/sec  8.212 ms  3/71 (4.2%)  
[  8]  49.00-50.00  sec   131 KBytes  1.07 Mbits/sec  6.878 ms  14/110 (13%)  
[  8]  50.00-51.00  sec   119 KBytes   974 Kbits/sec  3.749 ms  2/89 (2.2%)  
[  8]  51.00-52.00  sec   116 KBytes   952 Kbits/sec  5.521 ms  4/89 (4.5%)  
[  8]  52.00-53.00  sec   120 KBytes   986 Kbits/sec  4.252 ms  2/90 (2.2%)  
[  8]  53.00-54.00  sec   120 KBytes   986 Kbits/sec  2.950 ms  1/89 (1.1%)  
[  8]  54.00-55.00  sec   119 KBytes   974 Kbits/sec  4.869 ms  0/87 (0%)  
[  8]  55.00-56.00  sec   113 KBytes   930 Kbits/sec  6.846 ms  8/91 (8.8%)  
[  8]  56.00-57.00  sec   107 KBytes   874 Kbits/sec  5.561 ms  12/90 (13%)  
[  8]  57.00-58.00  sec   116 KBytes   952 Kbits/sec  8.907 ms  3/88 (3.4%)  
[  8]  58.00-59.00  sec   115 KBytes   941 Kbits/sec  4.992 ms  3/87 (3.4%)  
[  8]  59.00-60.00  sec   101 KBytes   829 Kbits/sec  7.058 ms  16/90 (18%)  
[  8]  60.00-61.00  sec   115 KBytes   941 Kbits/sec  7.281 ms  7/91 (7.7%)  
[  8]  61.00-62.00  sec  88.9 KBytes   728 Kbits/sec  10.669 ms  19/84 (23%)  
[  8]  62.00-63.00  sec   115 KBytes   941 Kbits/sec  7.847 ms  8/92 (8.7%)  
[  8]  63.00-64.00  sec   124 KBytes  1.02 Mbits/sec  1.798 ms  1/92 (1.1%)  
[  8]  64.00-65.00  sec   113 KBytes   930 Kbits/sec  9.186 ms  4/87 (4.6%)  
[  8]  65.00-66.00  sec   116 KBytes   951 Kbits/sec  5.333 ms  5/90 (5.6%)  
[  8]  66.00-67.00  sec   118 KBytes   964 Kbits/sec  7.317 ms  6/92 (6.5%)  
[  8]  67.00-68.00  sec   107 KBytes   874 Kbits/sec  9.356 ms  6/84 (7.1%)  
[  8]  68.00-69.00  sec   120 KBytes   986 Kbits/sec  3.488 ms  4/92 (4.3%)  
[  8]  69.00-70.00  sec   109 KBytes   896 Kbits/sec  2.529 ms  12/92 (13%)  
[  8]  70.00-71.00  sec   111 KBytes   907 Kbits/sec  1.803 ms  0/81 (0%)  
[  8]  71.00-72.00  sec   129 KBytes  1.05 Mbits/sec  1.788 ms  0/94 (0%)  
[  8]  72.00-73.00  sec   109 KBytes   896 Kbits/sec  3.472 ms  9/89 (10%)  
[  8]  73.00-74.00  sec   122 KBytes   997 Kbits/sec  1.041 ms  0/89 (0%)  
[  8]  74.00-75.00  sec   123 KBytes  1.01 Mbits/sec  2.596 ms  0/90 (0%)  
[  8]  75.00-76.00  sec   116 KBytes   952 Kbits/sec  1.903 ms  5/90 (5.6%)  
[  8]  76.00-77.00  sec  76.6 KBytes   627 Kbits/sec  9.171 ms  0/56 (0%)  
[  8]  77.00-78.00  sec   146 KBytes  1.20 Mbits/sec  3.883 ms  17/124 (14%)  
[  8]  78.00-79.00  sec   119 KBytes   974 Kbits/sec  2.416 ms  0/87 (0%)  
[  8]  79.00-80.00  sec   111 KBytes   907 Kbits/sec  1.460 ms  8/89 (9%)  
[  8]  80.00-81.00  sec  95.7 KBytes   784 Kbits/sec  6.217 ms  20/90 (22%)  
[  8]  81.00-82.00  sec   115 KBytes   941 Kbits/sec  6.300 ms  6/90 (6.7%)  
[  8]  82.00-83.00  sec   103 KBytes   840 Kbits/sec  7.061 ms  10/85 (12%)  
[  8]  83.00-84.00  sec   124 KBytes  1.02 Mbits/sec  6.233 ms  5/96 (5.2%)  
[  8]  84.00-85.00  sec   113 KBytes   930 Kbits/sec  6.164 ms  4/87 (4.6%)  
[  8]  85.00-86.00  sec   122 KBytes   997 Kbits/sec  6.155 ms  1/90 (1.1%)  
[  8]  86.00-87.00  sec   118 KBytes   963 Kbits/sec  6.097 ms  3/89 (3.4%)  
[  8]  87.00-88.00  sec  56.1 KBytes   459 Kbits/sec  17.652 ms  42/83 (51%)  
[  8]  88.00-89.00  sec  91.6 KBytes   751 Kbits/sec  16.753 ms  16/83 (19%)  
[  8]  89.00-90.00  sec   107 KBytes   874 Kbits/sec  12.713 ms  0/78 (0%)  
[  8]  90.00-91.00  sec   145 KBytes  1.19 Mbits/sec  14.226 ms  2/108 (1.9%)  
[  8]  91.00-92.00  sec   120 KBytes   987 Kbits/sec  8.602 ms  6/94 (6.4%)  
[  8]  92.00-93.00  sec  91.6 KBytes   750 Kbits/sec  14.314 ms  19/86 (22%)  
[  8]  93.00-94.00  sec   123 KBytes  1.01 Mbits/sec  8.059 ms  4/94 (4.3%)  
[  8]  94.00-95.00  sec   116 KBytes   952 Kbits/sec  11.955 ms  1/86 (1.2%)  
[  8]  95.00-96.00  sec   123 KBytes  1.01 Mbits/sec  3.700 ms  2/92 (2.2%)  
[  8]  96.00-97.00  sec   122 KBytes   997 Kbits/sec  3.238 ms  1/90 (1.1%)  
[  8]  97.00-98.00  sec   118 KBytes   963 Kbits/sec  4.219 ms  3/89 (3.4%)  
[  8]  98.00-99.00  sec   120 KBytes   986 Kbits/sec  4.268 ms  2/90 (2.2%)  
[  8]  99.00-100.00 sec   115 KBytes   941 Kbits/sec  6.359 ms  3/87 (3.4%)  
[  8] 100.00-101.00 sec  76.6 KBytes   627 Kbits/sec  13.268 ms  24/80 (30%)  
[  8] 101.00-102.00 sec  90.2 KBytes   739 Kbits/sec  15.942 ms  34/100 (34%)  
[  8] 102.00-103.00 sec  71.1 KBytes   581 Kbits/sec  20.267 ms  28/80 (35%)  
[  8] 103.00-104.00 sec  90.2 KBytes   741 Kbits/sec  6.517 ms  33/99 (33%)  
[  8] 104.00-105.00 sec   116 KBytes   952 Kbits/sec  5.800 ms  3/88 (3.4%)  
[  8] 105.00-106.00 sec   122 KBytes   997 Kbits/sec  6.704 ms  2/91 (2.2%)  
[  8] 106.00-107.00 sec   116 KBytes   952 Kbits/sec  6.692 ms  3/88 (3.4%)  
[  8] 107.00-108.00 sec  99.8 KBytes   818 Kbits/sec  4.229 ms  16/89 (18%)  
[  8] 108.00-109.00 sec   103 KBytes   840 Kbits/sec  7.055 ms  13/88 (15%)  
[  8] 109.00-110.00 sec   109 KBytes   896 Kbits/sec  8.389 ms  7/87 (8%)  
[  8] 110.00-111.00 sec   118 KBytes   963 Kbits/sec  3.970 ms  6/92 (6.5%)  
[  8] 111.00-112.00 sec  87.5 KBytes   717 Kbits/sec  9.017 ms  25/89 (28%)  
[  8] 112.00-113.00 sec  53.3 KBytes   437 Kbits/sec  21.937 ms  33/72 (46%)  
[  8] 113.00-114.00 sec   111 KBytes   907 Kbits/sec  2.842 ms  28/109 (26%)  
[  8] 114.00-115.00 sec   122 KBytes   997 Kbits/sec  1.653 ms  0/89 (0%)  
[  8] 115.00-116.00 sec   101 KBytes   829 Kbits/sec  1.627 ms  13/87 (15%)  
[  8] 116.00-117.00 sec   120 KBytes   986 Kbits/sec  2.835 ms  4/92 (4.3%)  
[  8] 117.00-118.00 sec   103 KBytes   840 Kbits/sec  3.189 ms  13/88 (15%)  
[  8] 118.00-119.00 sec   107 KBytes   873 Kbits/sec  2.700 ms  10/88 (11%)  
[  8] 119.00-120.00 sec   118 KBytes   964 Kbits/sec  5.294 ms  5/91 (5.5%)  
[  8] 120.00-121.00 sec   109 KBytes   896 Kbits/sec  8.831 ms  7/87 (8%)  
[  8] 121.00-122.00 sec   115 KBytes   941 Kbits/sec  7.023 ms  8/92 (8.7%)  
[  8] 122.00-123.00 sec   112 KBytes   918 Kbits/sec  7.837 ms  3/85 (3.5%)  
[  8] 123.00-124.00 sec   101 KBytes   829 Kbits/sec  12.302 ms  20/94 (21%)  
[  8] 124.00-125.00 sec   115 KBytes   940 Kbits/sec  9.272 ms  1/85 (1.2%)  
[  8] 125.00-126.00 sec   124 KBytes  1.02 Mbits/sec  5.681 ms  1/92 (1.1%)  
[  8] 126.00-127.00 sec   119 KBytes   974 Kbits/sec  4.695 ms  3/90 (3.3%)  
[  8] 127.00-128.00 sec  88.9 KBytes   728 Kbits/sec  7.406 ms  25/90 (28%)  
[  8] 128.00-129.00 sec  97.1 KBytes   795 Kbits/sec  12.242 ms  8/79 (10%)  
[  8] 129.00-130.00 sec   116 KBytes   952 Kbits/sec  9.467 ms  13/98 (13%)  
[  8] 130.00-131.00 sec  97.1 KBytes   795 Kbits/sec  12.678 ms  12/83 (14%)  
[  8] 131.00-132.00 sec  69.7 KBytes   571 Kbits/sec  13.219 ms  15/66 (23%)  
[  8] 132.00-133.00 sec   123 KBytes  1.01 Mbits/sec  6.027 ms  31/121 (26%)  
[  8] 133.00-134.00 sec   119 KBytes   974 Kbits/sec  5.061 ms  2/89 (2.2%)  
[  8] 134.00-135.00 sec   109 KBytes   896 Kbits/sec  8.208 ms  6/86 (7%)  
[  8] 135.00-136.00 sec   118 KBytes   963 Kbits/sec  9.916 ms  5/91 (5.5%)  
[  8] 136.00-137.00 sec   113 KBytes   930 Kbits/sec  11.558 ms  4/87 (4.6%)  
[  8] 137.00-138.00 sec   109 KBytes   895 Kbits/sec  5.628 ms  13/93 (14%)  
[  8] 138.00-139.00 sec   109 KBytes   897 Kbits/sec  8.554 ms  8/88 (9.1%)  
[  8] 139.00-140.00 sec   109 KBytes   896 Kbits/sec  6.862 ms  7/87 (8%)  
[  8] 140.00-141.00 sec   113 KBytes   928 Kbits/sec  5.334 ms  5/88 (5.7%)  
[  8] 141.00-142.00 sec  73.8 KBytes   604 Kbits/sec  12.805 ms  35/89 (39%)  
[  8] 142.00-143.00 sec   105 KBytes   865 Kbits/sec  4.599 ms  15/92 (16%)  
[  8] 143.00-144.00 sec   105 KBytes   863 Kbits/sec  7.687 ms  13/90 (14%)  
[  8] 144.00-145.00 sec   112 KBytes   918 Kbits/sec  8.713 ms  5/87 (5.7%)  
[  8] 145.00-146.00 sec   120 KBytes   986 Kbits/sec  5.976 ms  4/92 (4.3%)  
[  8] 146.00-147.00 sec   119 KBytes   974 Kbits/sec  4.670 ms  3/90 (3.3%)  
[  8] 147.00-148.00 sec   119 KBytes   974 Kbits/sec  6.168 ms  2/89 (2.2%)  
[  8] 148.00-149.00 sec   112 KBytes   918 Kbits/sec  3.928 ms  6/88 (6.8%)  
[  8] 149.00-150.00 sec  90.2 KBytes   739 Kbits/sec  5.275 ms  25/91 (27%)  
[  8] 150.00-151.00 sec   107 KBytes   870 Kbits/sec  9.654 ms  12/90 (13%)  
[  8] 151.00-152.00 sec  97.1 KBytes   798 Kbits/sec  9.574 ms  12/83 (14%)  
[  8] 152.00-153.00 sec  99.8 KBytes   818 Kbits/sec  14.036 ms  17/90 (19%)  
[  8] 153.00-154.00 sec   109 KBytes   895 Kbits/sec  6.379 ms  10/90 (11%)  
[  8] 154.00-155.00 sec   115 KBytes   940 Kbits/sec  6.192 ms  9/93 (9.7%)  
[  8] 155.00-156.00 sec   111 KBytes   909 Kbits/sec  5.326 ms  9/90 (10%)  
[  8] 156.00-157.00 sec   113 KBytes   930 Kbits/sec  8.195 ms  3/86 (3.5%)  
[  8] 157.00-158.00 sec   111 KBytes   907 Kbits/sec  7.558 ms  12/93 (13%)  
[  8] 158.00-159.00 sec   101 KBytes   829 Kbits/sec  5.509 ms  7/81 (8.6%)  
[  8] 159.00-160.00 sec  54.7 KBytes   447 Kbits/sec  10.913 ms  55/95 (58%)  
[  8] 160.00-161.00 sec   108 KBytes   887 Kbits/sec  8.714 ms  11/90 (12%)  
[  8] 161.00-162.00 sec  91.6 KBytes   750 Kbits/sec  9.464 ms  17/84 (20%)  
[  8] 162.00-163.00 sec  87.5 KBytes   714 Kbits/sec  8.368 ms  25/89 (28%)  
[  8] 163.00-164.00 sec  75.2 KBytes   618 Kbits/sec  10.917 ms  20/75 (27%)  
[  8] 164.00-165.00 sec  84.8 KBytes   694 Kbits/sec  14.105 ms  19/81 (23%)  
[  8] 165.00-166.00 sec  69.7 KBytes   571 Kbits/sec  9.367 ms  32/83 (39%)  
[  8] 166.00-167.00 sec  84.8 KBytes   695 Kbits/sec  10.833 ms  8/70 (11%)  
[  8] 167.00-168.00 sec  82.0 KBytes   672 Kbits/sec  17.624 ms  21/81 (26%)  
[  8] 168.00-169.00 sec   103 KBytes   838 Kbits/sec  9.345 ms  6/81 (7.4%)  
[  8] 169.00-170.00 sec  94.3 KBytes   775 Kbits/sec  10.902 ms  22/91 (24%)  
[  8] 170.00-171.00 sec  60.2 KBytes   493 Kbits/sec  18.846 ms  27/71 (38%)  
[  8] 171.00-172.00 sec  98.4 KBytes   806 Kbits/sec  10.471 ms  19/91 (21%)  
[  8] 172.00-173.00 sec   103 KBytes   837 Kbits/sec  8.452 ms  21/96 (22%)  
[  8] 173.00-174.00 sec   113 KBytes   931 Kbits/sec  9.021 ms  23/106 (22%)  
[  8] 174.00-175.00 sec  67.0 KBytes   550 Kbits/sec  10.383 ms  41/90 (46%)  
[  8] 175.00-176.00 sec  88.9 KBytes   728 Kbits/sec  15.833 ms  85/150 (57%)  
[  8] 176.00-177.00 sec   112 KBytes   918 Kbits/sec  11.423 ms  9/91 (9.9%)  
[  8] 177.00-178.00 sec   115 KBytes   941 Kbits/sec  4.439 ms  4/88 (4.5%)  
[  8] 178.00-179.00 sec   115 KBytes   941 Kbits/sec  5.592 ms  6/90 (6.7%)  
[  8] 179.00-180.00 sec   120 KBytes   986 Kbits/sec  6.951 ms  1/89 (1.1%)  
[  8] 180.00-181.00 sec   108 KBytes   885 Kbits/sec  11.228 ms  7/86 (8.1%)  
[  8] 181.00-182.00 sec   109 KBytes   896 Kbits/sec  14.661 ms  4/84 (4.8%)  
[  8] 182.00-183.00 sec   122 KBytes   997 Kbits/sec  15.741 ms  6/95 (6.3%)  
[  8] 183.00-184.00 sec   108 KBytes   885 Kbits/sec  16.745 ms  8/87 (9.2%)  
[  8] 184.00-185.00 sec   116 KBytes   952 Kbits/sec  14.814 ms  6/91 (6.6%)  
[  8] 185.00-186.00 sec   112 KBytes   918 Kbits/sec  18.133 ms  5/87 (5.7%)  
[  8] 186.00-187.00 sec   109 KBytes   896 Kbits/sec  15.710 ms  7/87 (8%)  
[  8] 187.00-188.00 sec   116 KBytes   952 Kbits/sec  14.699 ms  7/92 (7.6%)  
[  8] 188.00-189.00 sec  90.2 KBytes   739 Kbits/sec  16.539 ms  23/89 (26%)  
[  8] 189.00-190.03 sec   115 KBytes   916 Kbits/sec  10.710 ms  13/97 (13%)  
[  8] 190.03-191.00 sec  94.3 KBytes   795 Kbits/sec  9.376 ms  7/76 (9.2%)  
[  8] 191.00-192.00 sec  93.0 KBytes   762 Kbits/sec  10.128 ms  16/84 (19%)  
[  8] 192.00-193.00 sec   123 KBytes  1.01 Mbits/sec  6.476 ms  14/104 (13%)  
[  8] 193.00-194.00 sec   104 KBytes   851 Kbits/sec  8.900 ms  15/91 (16%)  
[  8] 194.00-195.00 sec  82.0 KBytes   672 Kbits/sec  9.230 ms  24/84 (29%)  
[  8] 195.00-196.00 sec   122 KBytes   997 Kbits/sec  5.207 ms  6/95 (6.3%)  
[  8] 196.00-197.00 sec  90.2 KBytes   739 Kbits/sec  7.107 ms  13/79 (16%)  
[  8] 197.00-198.00 sec  87.5 KBytes   714 Kbits/sec  13.219 ms  31/95 (33%)  
[  8] 198.00-199.00 sec   127 KBytes  1.05 Mbits/sec  7.239 ms  0/93 (0%)  
[  8] 199.00-200.00 sec  75.2 KBytes   616 Kbits/sec  5.357 ms  29/84 (35%)  
[  8] 200.00-201.00 sec   120 KBytes   986 Kbits/sec  5.915 ms  7/95 (7.4%)  
[  8] 201.00-202.00 sec   108 KBytes   885 Kbits/sec  6.292 ms  10/89 (11%)  
[  8] 202.00-203.00 sec  87.5 KBytes   717 Kbits/sec  9.204 ms  17/81 (21%)  
[  8] 203.00-204.00 sec  62.9 KBytes   515 Kbits/sec  17.000 ms  25/71 (35%)  
[  8] 204.00-205.00 sec  83.4 KBytes   684 Kbits/sec  11.256 ms  54/115 (47%)  
[  8] 205.00-206.00 sec   103 KBytes   840 Kbits/sec  9.454 ms  16/91 (18%)  
[  8] 206.00-207.00 sec   113 KBytes   929 Kbits/sec  1.823 ms  5/88 (5.7%)  
[  8] 207.00-208.00 sec   123 KBytes  1.01 Mbits/sec  1.365 ms  0/90 (0%)  
[  8] 208.00-209.00 sec   107 KBytes   874 Kbits/sec  5.456 ms  9/87 (10%)  
[  8] 209.00-210.00 sec   101 KBytes   829 Kbits/sec  13.295 ms  10/84 (12%)  
[  8] 210.00-211.00 sec  57.4 KBytes   470 Kbits/sec  18.752 ms  15/57 (26%)  
[  8] 211.00-212.00 sec  88.9 KBytes   728 Kbits/sec  13.598 ms  60/125 (48%)  
[  8] 212.00-213.00 sec  77.9 KBytes   639 Kbits/sec  9.457 ms  34/91 (37%)  
[  8] 213.00-214.00 sec   120 KBytes   986 Kbits/sec  1.437 ms  3/91 (3.3%)  
[  8] 214.00-215.00 sec   107 KBytes   874 Kbits/sec  3.293 ms  12/90 (13%)  
[  8] 215.00-216.00 sec   108 KBytes   885 Kbits/sec  6.990 ms  10/89 (11%)  
[  8] 216.00-217.00 sec   112 KBytes   918 Kbits/sec  6.354 ms  8/90 (8.9%)  
[  8] 217.00-218.00 sec  93.0 KBytes   761 Kbits/sec  14.250 ms  14/82 (17%)  
[  8] 218.00-219.00 sec   103 KBytes   840 Kbits/sec  13.142 ms  20/95 (21%)  
[  8] 219.00-220.00 sec   109 KBytes   896 Kbits/sec  10.551 ms  10/90 (11%)  
[  8] 220.00-221.00 sec  84.8 KBytes   694 Kbits/sec  12.265 ms  23/85 (27%)  
[  8] 221.00-222.00 sec  93.0 KBytes   762 Kbits/sec  9.160 ms  25/93 (27%)  
[  8] 222.00-223.00 sec   109 KBytes   896 Kbits/sec  7.780 ms  9/89 (10%)  
[  8] 223.00-224.00 sec   119 KBytes   974 Kbits/sec  7.295 ms  4/91 (4.4%)  
[  8] 224.00-225.00 sec   115 KBytes   941 Kbits/sec  5.437 ms  4/88 (4.5%)  
[  8] 225.00-226.00 sec   103 KBytes   840 Kbits/sec  12.188 ms  11/86 (13%)  
[  8] 226.00-227.00 sec   115 KBytes   941 Kbits/sec  11.362 ms  6/90 (6.7%)  
[  8] 227.00-228.00 sec   118 KBytes   963 Kbits/sec  11.942 ms  5/91 (5.5%)  
[  8] 228.00-229.00 sec   112 KBytes   919 Kbits/sec  7.973 ms  10/92 (11%)  
[  8] 229.00-230.00 sec   115 KBytes   939 Kbits/sec  7.671 ms  5/89 (5.6%)  
[  8] 230.00-231.00 sec   109 KBytes   898 Kbits/sec  11.423 ms  4/84 (4.8%)  
[  8] 231.00-232.00 sec   122 KBytes   997 Kbits/sec  12.544 ms  5/94 (5.3%)  
[  8] 232.00-233.00 sec   107 KBytes   873 Kbits/sec  16.975 ms  9/87 (10%)  
[  8] 233.00-234.00 sec  99.8 KBytes   818 Kbits/sec  13.180 ms  18/91 (20%)  
[  8] 234.00-235.00 sec   122 KBytes   997 Kbits/sec  5.049 ms  2/91 (2.2%)  
[  8] 235.00-236.00 sec   113 KBytes   930 Kbits/sec  6.378 ms  3/86 (3.5%)  
[  8] 236.00-237.00 sec   107 KBytes   873 Kbits/sec  7.611 ms  13/91 (14%)  
[  8] 237.00-238.00 sec   115 KBytes   942 Kbits/sec  6.698 ms  6/90 (6.7%)  
[  8] 238.00-239.00 sec  86.1 KBytes   705 Kbits/sec  13.920 ms  24/87 (28%)  
[  8] 239.00-240.00 sec   107 KBytes   874 Kbits/sec  8.062 ms  14/92 (15%)  
[  8] 240.00-241.00 sec   109 KBytes   896 Kbits/sec  7.787 ms  8/88 (9.1%)  
[  8] 241.00-242.00 sec   108 KBytes   885 Kbits/sec  8.435 ms  11/90 (12%)  
[  8] 242.00-243.00 sec   113 KBytes   930 Kbits/sec  9.558 ms  4/87 (4.6%)  
[  8] 243.00-244.00 sec   122 KBytes   997 Kbits/sec  10.761 ms  2/91 (2.2%)  
[  8] 244.00-245.00 sec   113 KBytes   930 Kbits/sec  10.194 ms  7/90 (7.8%)  
[  8] 245.00-246.00 sec   118 KBytes   963 Kbits/sec  11.912 ms  2/88 (2.3%)  
[  8] 246.00-247.00 sec   113 KBytes   930 Kbits/sec  7.132 ms  6/89 (6.7%)  
[  8] 247.00-248.00 sec   119 KBytes   974 Kbits/sec  7.992 ms  4/91 (4.4%)  
[  8] 248.00-249.00 sec  76.6 KBytes   627 Kbits/sec  11.519 ms  7/63 (11%)  
[  8] 249.00-250.00 sec  57.4 KBytes   471 Kbits/sec  13.141 ms  14/56 (25%)  
[  8] 250.00-251.00 sec  36.9 KBytes   302 Kbits/sec  19.474 ms  41/68 (60%)  
[  8] 251.00-252.00 sec  47.9 KBytes   392 Kbits/sec  20.423 ms  90/125 (72%)  
[  8] 252.00-253.00 sec  64.3 KBytes   526 Kbits/sec  6.633 ms  20/67 (30%)  
[  8] 253.00-254.00 sec  90.2 KBytes   738 Kbits/sec  6.492 ms  32/98 (33%)  
[  8] 254.00-255.00 sec  98.4 KBytes   807 Kbits/sec  12.633 ms  22/94 (23%)  
[  8] 255.00-256.00 sec  94.3 KBytes   773 Kbits/sec  10.610 ms  23/92 (25%)  
[  8] 256.00-257.00 sec   104 KBytes   851 Kbits/sec  13.809 ms  6/82 (7.3%)  
[  8] 257.00-258.00 sec  73.8 KBytes   605 Kbits/sec  11.760 ms  13/67 (19%)  
[  8] 258.00-259.00 sec  77.9 KBytes   638 Kbits/sec  18.564 ms  63/120 (52%)  
[  8] 259.00-260.00 sec   150 KBytes  1.23 Mbits/sec  10.608 ms  11/121 (9.1%)  
[  8] 260.00-261.00 sec   113 KBytes   930 Kbits/sec  9.233 ms  3/86 (3.5%)  
[  8] 261.00-262.00 sec   141 KBytes  1.15 Mbits/sec  10.729 ms  5/108 (4.6%)  
[  8] 262.00-263.00 sec   122 KBytes   997 Kbits/sec  2.144 ms  0/89 (0%)  
[  8] 263.00-264.00 sec   119 KBytes   974 Kbits/sec  4.961 ms  5/92 (5.4%)  
[  8] 264.00-265.00 sec   123 KBytes  1.01 Mbits/sec  3.727 ms  0/90 (0%)  
[  8] 265.00-266.00 sec   113 KBytes   931 Kbits/sec  5.041 ms  3/86 (3.5%)  
[  8] 266.00-267.00 sec   115 KBytes   941 Kbits/sec  9.421 ms  5/89 (5.6%)  
[  8] 267.00-268.00 sec   109 KBytes   896 Kbits/sec  10.199 ms  11/91 (12%)  
[  8] 268.00-269.00 sec   116 KBytes   952 Kbits/sec  5.343 ms  5/90 (5.6%)  
[  8] 269.00-270.00 sec   116 KBytes   952 Kbits/sec  4.568 ms  5/90 (5.6%)  
[  8] 270.00-271.00 sec   105 KBytes   862 Kbits/sec  13.104 ms  9/86 (10%)  
[  8] 271.00-272.00 sec   116 KBytes   951 Kbits/sec  10.975 ms  6/91 (6.6%)  
[  8] 272.00-273.00 sec  98.4 KBytes   807 Kbits/sec  7.790 ms  17/89 (19%)  
[  8] 273.00-274.00 sec   109 KBytes   896 Kbits/sec  5.517 ms  11/91 (12%)  
[  8] 274.00-275.00 sec   112 KBytes   918 Kbits/sec  5.107 ms  7/89 (7.9%)  
[  8] 275.00-276.00 sec   103 KBytes   840 Kbits/sec  7.980 ms  11/86 (13%)  
[  8] 276.00-277.00 sec   111 KBytes   907 Kbits/sec  8.457 ms  8/89 (9%)  
[  8] 277.00-278.00 sec  90.2 KBytes   737 Kbits/sec  7.178 ms  26/92 (28%)  
[  8] 278.00-279.00 sec   112 KBytes   921 Kbits/sec  6.509 ms  8/90 (8.9%)  
[  8] 279.00-280.00 sec   107 KBytes   874 Kbits/sec  5.870 ms  12/90 (13%)  
[  8] 280.00-281.01 sec   109 KBytes   884 Kbits/sec  9.244 ms  7/87 (8%)  
[  8] 281.01-282.00 sec  99.8 KBytes   829 Kbits/sec  7.454 ms  18/91 (20%)  
[  8] 282.00-283.00 sec  98.4 KBytes   806 Kbits/sec  8.524 ms  15/87 (17%)  
[  8] 283.00-284.00 sec   104 KBytes   851 Kbits/sec  5.219 ms  15/91 (16%)  
[  8] 284.00-285.00 sec   107 KBytes   873 Kbits/sec  6.421 ms  12/90 (13%)  
[  8] 285.00-286.00 sec   109 KBytes   896 Kbits/sec  5.811 ms  8/88 (9.1%)  
[  8] 286.00-287.00 sec   104 KBytes   852 Kbits/sec  6.594 ms  15/91 (16%)  
[  8] 287.00-288.00 sec  75.2 KBytes   616 Kbits/sec  9.973 ms  30/85 (35%)  
[  8] 288.00-289.01 sec   105 KBytes   855 Kbits/sec  9.252 ms  16/93 (17%)  
[  8] 289.01-290.00 sec   101 KBytes   835 Kbits/sec  10.637 ms  11/85 (13%)  
[  8] 290.00-291.00 sec  56.1 KBytes   459 Kbits/sec  29.257 ms  12/53 (23%)  
[  8] 291.00-292.00 sec  62.9 KBytes   515 Kbits/sec  19.148 ms  82/128 (64%)  
[  8] 292.00-293.00 sec  94.3 KBytes   773 Kbits/sec  4.042 ms  20/89 (22%)  
[  8] 293.00-294.00 sec  82.0 KBytes   670 Kbits/sec  6.493 ms  28/88 (32%)  
[  8] 294.00-295.00 sec  95.7 KBytes   787 Kbits/sec  2.403 ms  21/91 (23%)  
[  8] 295.00-296.00 sec   109 KBytes   895 Kbits/sec  7.612 ms  6/86 (7%)  
[  8] 296.00-297.00 sec   101 KBytes   829 Kbits/sec  8.246 ms  21/95 (22%)  
[  8] 297.00-298.01 sec   115 KBytes   928 Kbits/sec  4.792 ms  3/87 (3.4%)  
[  8] 298.01-299.00 sec  84.8 KBytes   704 Kbits/sec  14.725 ms  17/79 (22%)  
[  8] 299.00-300.00 sec  54.7 KBytes   448 Kbits/sec  6.975 ms  35/75 (47%)  
[  8] 300.00-301.00 sec  83.4 KBytes   683 Kbits/sec  7.977 ms  14/75 (19%)  
[  8] 301.00-302.00 sec  72.5 KBytes   594 Kbits/sec  10.949 ms  31/84 (37%)  
[  8] 302.00-303.00 sec  98.4 KBytes   806 Kbits/sec  7.136 ms  62/134 (46%)  
[  8] 303.00-304.00 sec   111 KBytes   907 Kbits/sec  3.997 ms  9/90 (10%)  
[  8] 304.00-305.00 sec   113 KBytes   930 Kbits/sec  5.414 ms  5/88 (5.7%)  
[  8] 305.00-306.00 sec   120 KBytes   986 Kbits/sec  1.741 ms  2/90 (2.2%)  
[  8] 306.00-307.00 sec   103 KBytes   840 Kbits/sec  3.232 ms  12/87 (14%)  
[  8] 307.00-308.00 sec   103 KBytes   840 Kbits/sec  6.287 ms  10/85 (12%)  
[  8] 308.00-309.00 sec   104 KBytes   851 Kbits/sec  4.293 ms  14/90 (16%)  
[  8] 309.00-310.00 sec   115 KBytes   941 Kbits/sec  3.658 ms  6/90 (6.7%)  
[  8] 310.00-311.00 sec   122 KBytes   997 Kbits/sec  10.059 ms  1/90 (1.1%)  
[  8] 311.00-312.00 sec  87.5 KBytes   717 Kbits/sec  4.178 ms  0/64 (0%)  
[  8] 312.00-313.00 sec   142 KBytes  1.16 Mbits/sec  2.648 ms  12/116 (10%)  
[  8] 313.00-314.00 sec  90.2 KBytes   739 Kbits/sec  9.058 ms  9/75 (12%)  
[  8] 314.00-315.00 sec  69.7 KBytes   571 Kbits/sec  12.837 ms  13/64 (20%)  
[  8] 315.00-316.00 sec  87.5 KBytes   717 Kbits/sec  39.903 ms  64/128 (50%)  
[  8] 316.00-317.00 sec   122 KBytes   997 Kbits/sec  6.481 ms  0/89 (0%)  
[  8] 317.00-318.00 sec   105 KBytes   862 Kbits/sec  4.236 ms  9/86 (10%)  
[  8] 318.00-319.00 sec   124 KBytes  1.02 Mbits/sec  7.645 ms  7/98 (7.1%)  
[  8] 319.00-320.00 sec   103 KBytes   840 Kbits/sec  14.649 ms  9/84 (11%)  
[  8] 320.00-321.00 sec  97.1 KBytes   795 Kbits/sec  10.557 ms  18/89 (20%)  
[  8] 321.00-322.00 sec   101 KBytes   829 Kbits/sec  6.845 ms  20/94 (21%)  
[  8] 322.00-323.00 sec  98.4 KBytes   807 Kbits/sec  5.843 ms  18/90 (20%)  
[  8] 323.00-324.00 sec   109 KBytes   896 Kbits/sec  7.625 ms  10/90 (11%)  
[  8] 324.00-325.00 sec   120 KBytes   985 Kbits/sec  9.298 ms  0/88 (0%)  
[  8] 325.00-326.00 sec   113 KBytes   930 Kbits/sec  7.058 ms  7/90 (7.8%)  
[  8] 326.00-327.00 sec   119 KBytes   975 Kbits/sec  6.422 ms  1/88 (1.1%)  
[  8] 327.00-328.00 sec   111 KBytes   907 Kbits/sec  8.389 ms  7/88 (8%)  
[  8] 328.00-329.00 sec   108 KBytes   885 Kbits/sec  13.177 ms  13/92 (14%)  
[  8] 329.00-330.00 sec  99.8 KBytes   818 Kbits/sec  9.962 ms  15/88 (17%)  
[  8] 330.00-331.00 sec   118 KBytes   963 Kbits/sec  4.506 ms  5/91 (5.5%)  
[  8] 331.00-332.00 sec   120 KBytes   986 Kbits/sec  3.549 ms  1/89 (1.1%)  
[  8] 332.00-333.00 sec   119 KBytes   974 Kbits/sec  5.421 ms  2/89 (2.2%)  
[  8] 333.00-334.00 sec   101 KBytes   829 Kbits/sec  5.592 ms  5/79 (6.3%)  
[  8] 334.00-335.00 sec  95.7 KBytes   784 Kbits/sec  9.116 ms  20/90 (22%)  
[  8] 335.00-336.00 sec  82.0 KBytes   672 Kbits/sec  9.516 ms  21/81 (26%)  
[  8] 336.00-337.00 sec   113 KBytes   931 Kbits/sec  8.379 ms  23/106 (22%)  
[  8] 337.00-338.00 sec   118 KBytes   963 Kbits/sec  5.593 ms  3/89 (3.4%)  
[  8] 338.00-339.00 sec   122 KBytes   995 Kbits/sec  5.005 ms  0/89 (0%)  
[  8] 339.00-340.00 sec   120 KBytes   987 Kbits/sec  4.047 ms  0/88 (0%)  
[  8] 340.00-340.07 sec  5.47 KBytes   616 Kbits/sec  3.138 ms  0/4 (0%)  
- - - - - - - - - - - - - - - - - - - - - - - - -
[ ID] Interval           Transfer     Bitrate         Jitter    Lost/Total Datagrams
[  8]   0.00-340.07 sec  34.6 MBytes   853 Kbits/sec  3.138 ms  4464/30357 (15%)  receiver
