-----------------------------------------------------------
Server listening on 5201 (test #1)
-----------------------------------------------------------
Accepted connection from 10.0.0.29, port 32922
[  8] local 10.0.0.61 port 5201 connected to 10.0.0.29 port 49872
[ ID] Interval           Transfer     Bitrate         Jitter    Lost/Total Datagrams
[  8]   0.00-1.00   sec   607 KBytes  4.96 Mbits/sec  0.348 ms  0/444 (0%)  
[  8]   1.00-2.00   sec   606 KBytes  4.97 Mbits/sec  0.983 ms  2/445 (0.45%)  
[  8]   2.00-3.00   sec   608 KBytes  4.98 Mbits/sec  1.398 ms  2/447 (0.45%)  
[  8]   3.00-4.00   sec   607 KBytes  4.97 Mbits/sec  0.981 ms  2/446 (0.45%)  
[  8]   4.00-5.00   sec   610 KBytes  5.00 Mbits/sec  1.337 ms  0/446 (0%)  
[  8]   5.00-6.00   sec   592 KBytes  4.85 Mbits/sec  1.833 ms  12/445 (2.7%)  
[  8]   6.00-7.00   sec   611 KBytes  5.01 Mbits/sec  1.628 ms  0/447 (0%)  
[  8]   7.00-8.00   sec   610 KBytes  5.00 Mbits/sec  1.138 ms  2/448 (0.45%)  
[  8]   8.00-9.00   sec   610 KBytes  5.00 Mbits/sec  2.191 ms  0/446 (0%)  
[  8]   9.00-10.01  sec   614 KBytes  4.99 Mbits/sec  1.985 ms  1/450 (0.22%)  
[  8]  10.01-11.00  sec   592 KBytes  4.89 Mbits/sec  1.607 ms  6/439 (1.4%)  
[  8]  11.00-12.00  sec   617 KBytes  5.05 Mbits/sec  1.006 ms  0/451 (0%)  
[  8]  12.00-13.00  sec   608 KBytes  4.98 Mbits/sec  0.827 ms  0/445 (0%)  
[  8]  13.00-14.00  sec   608 KBytes  4.98 Mbits/sec  1.566 ms  0/445 (0%)  
[  8]  14.00-15.00  sec   611 KBytes  5.01 Mbits/sec  1.532 ms  2/449 (0.45%)  
[  8]  15.00-16.00  sec   604 KBytes  4.95 Mbits/sec  1.863 ms  3/445 (0.67%)  
[  8]  16.00-17.00  sec   600 KBytes  4.92 Mbits/sec  1.090 ms  5/444 (1.1%)  
[  8]  17.00-18.00  sec   600 KBytes  4.92 Mbits/sec  1.199 ms  11/450 (2.4%)  
[  8]  18.00-19.00  sec   610 KBytes  5.00 Mbits/sec  1.361 ms  1/447 (0.22%)  
[  8]  19.00-20.00  sec   606 KBytes  4.96 Mbits/sec  2.263 ms  1/444 (0.23%)  
[  8]  20.00-21.00  sec   610 KBytes  5.00 Mbits/sec  2.004 ms  2/448 (0.45%)  
[  8]  21.00-22.00  sec   599 KBytes  4.91 Mbits/sec  1.668 ms  5/443 (1.1%)  
[  8]  22.00-23.00  sec   611 KBytes  5.01 Mbits/sec  1.666 ms  0/447 (0%)  
[  8]  23.00-24.00  sec   612 KBytes  5.02 Mbits/sec  1.134 ms  1/449 (0.22%)  
[  8]  24.00-25.00  sec   606 KBytes  4.96 Mbits/sec  1.911 ms  3/446 (0.67%)  
[  8]  25.00-26.00  sec   608 KBytes  4.98 Mbits/sec  1.458 ms  2/447 (0.45%)  
[  8]  26.00-27.00  sec   525 KBytes  4.30 Mbits/sec  1.900 ms  3/387 (0.78%)  
[  8]  27.00-28.00  sec   535 KBytes  4.38 Mbits/sec  2.312 ms  115/506 (23%)  
[  8]  28.00-29.00  sec   596 KBytes  4.89 Mbits/sec  2.386 ms  9/445 (2%)  
[  8]  29.00-30.00  sec   577 KBytes  4.73 Mbits/sec  1.995 ms  22/444 (5%)  
[  8]  30.00-31.00  sec   591 KBytes  4.84 Mbits/sec  1.208 ms  14/446 (3.1%)  
[  8]  31.00-32.00  sec   582 KBytes  4.77 Mbits/sec  1.839 ms  23/449 (5.1%)  
[  8]  32.00-33.00  sec   593 KBytes  4.86 Mbits/sec  1.380 ms  13/447 (2.9%)  
[  8]  33.00-34.00  sec   596 KBytes  4.88 Mbits/sec  1.413 ms  8/444 (1.8%)  
[  8]  34.00-35.00  sec   551 KBytes  4.51 Mbits/sec  1.934 ms  46/449 (10%)  
[  8]  35.00-36.00  sec   494 KBytes  4.04 Mbits/sec  2.227 ms  76/437 (17%)  
[  8]  36.00-37.00  sec   589 KBytes  4.83 Mbits/sec  1.338 ms  16/447 (3.6%)  
[  8]  37.00-38.00  sec   589 KBytes  4.83 Mbits/sec  2.104 ms  24/455 (5.3%)  
[  8]  38.00-39.00  sec   551 KBytes  4.51 Mbits/sec  2.016 ms  39/442 (8.8%)  
[  8]  39.00-40.00  sec   520 KBytes  4.26 Mbits/sec  1.347 ms  73/453 (16%)  
[  8]  40.00-41.00  sec   604 KBytes  4.95 Mbits/sec  1.658 ms  0/442 (0%)  
[  8]  41.00-42.00  sec   602 KBytes  4.93 Mbits/sec  2.082 ms  2/442 (0.45%)  
[  8]  42.00-43.00  sec   563 KBytes  4.62 Mbits/sec  1.604 ms  34/446 (7.6%)  
[  8]  43.00-44.00  sec   420 KBytes  3.43 Mbits/sec  2.992 ms  145/452 (32%)  
[  8]  44.00-45.00  sec   577 KBytes  4.73 Mbits/sec  2.748 ms  18/440 (4.1%)  
[  8]  45.00-46.00  sec   530 KBytes  4.34 Mbits/sec  1.973 ms  51/439 (12%)  
[  8]  46.00-47.00  sec   499 KBytes  4.09 Mbits/sec  2.230 ms  56/421 (13%)  
[  8]  47.00-48.00  sec   499 KBytes  4.09 Mbits/sec  2.634 ms  101/466 (22%)  
[  8]  48.00-49.00  sec   551 KBytes  4.51 Mbits/sec  2.226 ms  67/470 (14%)  
[  8]  49.00-50.00  sec   479 KBytes  3.92 Mbits/sec  1.807 ms  96/446 (22%)  
[  8]  50.00-51.00  sec   581 KBytes  4.76 Mbits/sec  1.436 ms  9/434 (2.1%)  
[  8]  51.00-52.00  sec   614 KBytes  5.03 Mbits/sec  1.556 ms  8/457 (1.8%)  
[  8]  52.00-53.00  sec   595 KBytes  4.87 Mbits/sec  2.421 ms  11/446 (2.5%)  
[  8]  53.00-54.00  sec   526 KBytes  4.31 Mbits/sec  2.262 ms  58/443 (13%)  
[  8]  54.00-55.00  sec   552 KBytes  4.52 Mbits/sec  0.913 ms  49/453 (11%)  
[  8]  55.00-56.00  sec   597 KBytes  4.89 Mbits/sec  1.280 ms  6/443 (1.4%)  
[  8]  56.00-57.00  sec   603 KBytes  4.94 Mbits/sec  1.078 ms  5/446 (1.1%)  
[  8]  57.00-58.00  sec   602 KBytes  4.91 Mbits/sec  1.101 ms  12/452 (2.7%)  
[  8]  58.00-59.00  sec   606 KBytes  4.98 Mbits/sec  1.063 ms  0/443 (0%)  
[  8]  59.00-60.00  sec   606 KBytes  4.96 Mbits/sec  1.158 ms  3/446 (0.67%)  
[  8]  60.00-61.00  sec   540 KBytes  4.42 Mbits/sec  3.251 ms  47/442 (11%)  
[  8]  61.00-62.00  sec   615 KBytes  5.04 Mbits/sec  1.847 ms  2/452 (0.44%)  
[  8]  62.00-63.00  sec   604 KBytes  4.95 Mbits/sec  1.928 ms  0/442 (0%)  
[  8]  63.00-64.00  sec   567 KBytes  4.65 Mbits/sec  2.493 ms  25/440 (5.7%)  
[  8]  64.00-65.00  sec   606 KBytes  4.96 Mbits/sec  2.223 ms  13/456 (2.9%)  
[  8]  65.00-66.00  sec   581 KBytes  4.76 Mbits/sec  1.453 ms  23/448 (5.1%)  
[  8]  66.00-67.00  sec   479 KBytes  3.92 Mbits/sec  2.310 ms  70/420 (17%)  
[  8]  67.00-68.00  sec   526 KBytes  4.31 Mbits/sec  3.198 ms  44/429 (10%)  
[  8]  68.00-69.00  sec   480 KBytes  3.93 Mbits/sec  4.588 ms  103/454 (23%)  
[  8]  69.00-70.00  sec   428 KBytes  3.51 Mbits/sec  2.798 ms  153/466 (33%)  
[  8]  70.00-71.00  sec   555 KBytes  4.55 Mbits/sec  2.366 ms  48/454 (11%)  
[  8]  71.00-72.00  sec   468 KBytes  3.83 Mbits/sec  2.730 ms  41/383 (11%)  
[  8]  72.00-73.00  sec   584 KBytes  4.78 Mbits/sec  2.283 ms  78/505 (15%)  
[  8]  73.00-74.00  sec   585 KBytes  4.79 Mbits/sec  1.357 ms  32/460 (7%)  
[  8]  74.00-75.00  sec   576 KBytes  4.72 Mbits/sec  3.448 ms  12/433 (2.8%)  
[  8]  75.00-76.00  sec   596 KBytes  4.88 Mbits/sec  2.450 ms  16/452 (3.5%)  
[  8]  76.00-77.00  sec   556 KBytes  4.55 Mbits/sec  1.677 ms  46/453 (10%)  
[  8]  77.00-78.00  sec   541 KBytes  4.44 Mbits/sec  2.025 ms  39/435 (9%)  
[  8]  78.00-79.00  sec   543 KBytes  4.45 Mbits/sec  1.975 ms  33/430 (7.7%)  
[  8]  79.00-80.00  sec   604 KBytes  4.95 Mbits/sec  2.490 ms  19/461 (4.1%)  
[  8]  80.00-81.00  sec   507 KBytes  4.16 Mbits/sec  3.053 ms  62/433 (14%)  
[  8]  81.00-82.00  sec   569 KBytes  4.66 Mbits/sec  2.103 ms  41/457 (9%)  
[  8]  82.00-83.00  sec   536 KBytes  4.39 Mbits/sec  2.213 ms  64/456 (14%)  
[  8]  83.00-84.00  sec   591 KBytes  4.84 Mbits/sec  0.864 ms  20/452 (4.4%)  
[  8]  84.00-85.00  sec   543 KBytes  4.45 Mbits/sec  1.966 ms  49/446 (11%)  
[  8]  85.00-86.00  sec   525 KBytes  4.30 Mbits/sec  2.811 ms  13/397 (3.3%)  
[  8]  86.00-87.00  sec   574 KBytes  4.70 Mbits/sec  2.016 ms  58/478 (12%)  
[  8]  87.00-88.00  sec   522 KBytes  4.28 Mbits/sec  1.639 ms  66/448 (15%)  
[  8]  88.00-89.00  sec   618 KBytes  5.06 Mbits/sec  1.384 ms  13/465 (2.8%)  
[  8]  89.00-90.00  sec   488 KBytes  4.00 Mbits/sec  2.567 ms  23/380 (6.1%)  
[  8]  90.00-91.00  sec   479 KBytes  3.92 Mbits/sec  1.734 ms  105/455 (23%)  
[  8]  91.00-92.00  sec   528 KBytes  4.32 Mbits/sec  1.362 ms  106/492 (22%)  
[  8]  92.00-93.00  sec   582 KBytes  4.77 Mbits/sec  1.892 ms  25/451 (5.5%)  
[  8]  93.00-94.00  sec   562 KBytes  4.60 Mbits/sec  2.291 ms  31/442 (7%)  
[  8]  94.00-95.00  sec   483 KBytes  3.95 Mbits/sec  2.849 ms  71/424 (17%)  
[  8]  95.00-96.00  sec   546 KBytes  4.47 Mbits/sec  1.846 ms  82/481 (17%)  
[  8]  96.00-97.00  sec   503 KBytes  4.12 Mbits/sec  2.507 ms  57/425 (13%)  
[  8]  97.00-98.00  sec   506 KBytes  4.14 Mbits/sec  2.395 ms  85/455 (19%)  
[  8]  98.00-99.00  sec   589 KBytes  4.83 Mbits/sec  1.892 ms  26/457 (5.7%)  
[  8]  99.00-100.00 sec   573 KBytes  4.69 Mbits/sec  1.424 ms  30/449 (6.7%)  
[  8] 100.00-101.00 sec   567 KBytes  4.65 Mbits/sec  1.758 ms  26/441 (5.9%)  
[  8] 101.00-102.00 sec   547 KBytes  4.48 Mbits/sec  1.212 ms  34/434 (7.8%)  
[  8] 102.00-103.00 sec   550 KBytes  4.50 Mbits/sec  1.082 ms  61/463 (13%)  
[  8] 103.00-104.00 sec   540 KBytes  4.41 Mbits/sec  2.974 ms  26/421 (6.2%)  
[  8] 104.00-105.00 sec   304 KBytes  2.49 Mbits/sec  4.031 ms  189/411 (46%)  
[  8] 105.00-106.00 sec   506 KBytes  4.14 Mbits/sec  0.795 ms  58/428 (14%)  
[  8] 106.00-107.00 sec   544 KBytes  4.46 Mbits/sec  1.780 ms  69/467 (15%)  
[  8] 107.00-108.00 sec   494 KBytes  4.04 Mbits/sec  2.593 ms  84/445 (19%)  
[  8] 108.00-109.00 sec   520 KBytes  4.26 Mbits/sec  2.842 ms  43/423 (10%)  
[  8] 109.00-110.00 sec   539 KBytes  4.41 Mbits/sec  3.337 ms  31/425 (7.3%)  
[  8] 110.00-111.00 sec   595 KBytes  4.87 Mbits/sec  1.025 ms  118/553 (21%)  
[  8] 111.00-112.00 sec   570 KBytes  4.67 Mbits/sec  0.447 ms  25/442 (5.7%)  
[  8] 112.00-113.02 sec   610 KBytes  4.89 Mbits/sec  0.974 ms  11/457 (2.4%)  
[  8] 113.02-114.00 sec   593 KBytes  4.97 Mbits/sec  1.720 ms  5/439 (1.1%)  
[  8] 114.00-115.00 sec   524 KBytes  4.28 Mbits/sec  1.759 ms  40/423 (9.5%)  
[  8] 115.00-116.01 sec   554 KBytes  4.51 Mbits/sec  4.267 ms  15/420 (3.6%)  
[  8] 116.01-117.00 sec   451 KBytes  3.72 Mbits/sec  3.898 ms  37/367 (10%)  
[  8] 117.00-118.01 sec   509 KBytes  4.14 Mbits/sec  3.548 ms  71/443 (16%)  
[  8] 118.01-119.00 sec   507 KBytes  4.18 Mbits/sec  3.322 ms  162/533 (30%)  
[  8] 119.00-120.01 sec   492 KBytes  4.01 Mbits/sec  2.362 ms  126/486 (26%)  
[  8] 120.01-121.00 sec   451 KBytes  3.72 Mbits/sec  3.422 ms  48/378 (13%)  
[  8] 121.00-122.00 sec   524 KBytes  4.29 Mbits/sec  4.532 ms  132/515 (26%)  
[  8] 122.00-123.00 sec   535 KBytes  4.38 Mbits/sec  2.462 ms  63/454 (14%)  
[  8] 123.00-124.00 sec   571 KBytes  4.68 Mbits/sec  2.512 ms  20/438 (4.6%)  
[  8] 124.00-125.00 sec   440 KBytes  3.60 Mbits/sec  3.987 ms  79/401 (20%)  
[  8] 125.00-126.00 sec   346 KBytes  2.84 Mbits/sec  2.240 ms  178/431 (41%)  
[  8] 126.00-127.00 sec   417 KBytes  3.42 Mbits/sec  5.158 ms  205/510 (40%)  
[  8] 127.00-128.00 sec   503 KBytes  4.12 Mbits/sec  1.036 ms  85/453 (19%)  
[  8] 128.00-129.00 sec   529 KBytes  4.33 Mbits/sec  2.361 ms  59/446 (13%)  
[  8] 129.00-130.00 sec   562 KBytes  4.60 Mbits/sec  1.725 ms  36/447 (8.1%)  
[  8] 130.00-131.00 sec   440 KBytes  3.61 Mbits/sec  3.075 ms  71/393 (18%)  
[  8] 131.00-132.00 sec   420 KBytes  3.44 Mbits/sec  1.127 ms  191/498 (38%)  
[  8] 132.00-133.00 sec   573 KBytes  4.69 Mbits/sec  1.123 ms  29/448 (6.5%)  
[  8] 133.00-134.00 sec   603 KBytes  4.94 Mbits/sec  2.123 ms  5/446 (1.1%)  
[  8] 134.00-135.00 sec   608 KBytes  4.98 Mbits/sec  1.624 ms  0/445 (0%)  
[  8] 135.00-136.00 sec   611 KBytes  5.01 Mbits/sec  1.393 ms  0/447 (0%)  
[  8] 136.00-137.00 sec   581 KBytes  4.76 Mbits/sec  2.644 ms  16/441 (3.6%)  
[  8] 137.00-138.00 sec   522 KBytes  4.28 Mbits/sec  1.478 ms  70/452 (15%)  
[  8] 138.00-139.00 sec   506 KBytes  4.14 Mbits/sec  1.954 ms  75/445 (17%)  
[  8] 139.00-140.00 sec   547 KBytes  4.48 Mbits/sec  1.810 ms  35/435 (8%)  
[  8] 140.00-141.00 sec   517 KBytes  4.23 Mbits/sec  2.527 ms  46/424 (11%)  
[  8] 141.00-142.00 sec   543 KBytes  4.45 Mbits/sec  2.619 ms  67/464 (14%)  
[  8] 142.00-143.00 sec   541 KBytes  4.44 Mbits/sec  0.805 ms  69/465 (15%)  
[  8] 143.00-144.00 sec   602 KBytes  4.93 Mbits/sec  1.795 ms  3/443 (0.68%)  
[  8] 144.00-145.00 sec   580 KBytes  4.75 Mbits/sec  2.202 ms  12/436 (2.8%)  
[  8] 145.00-146.00 sec   463 KBytes  3.80 Mbits/sec  2.137 ms  89/428 (21%)  
[  8] 146.00-147.00 sec   462 KBytes  3.79 Mbits/sec  2.664 ms  131/469 (28%)  
[  8] 147.00-148.00 sec   465 KBytes  3.81 Mbits/sec  2.277 ms  110/450 (24%)  
[  8] 148.00-149.00 sec   500 KBytes  4.10 Mbits/sec  3.081 ms  36/402 (9%)  
[  8] 149.00-150.00 sec   504 KBytes  4.13 Mbits/sec  2.349 ms  68/437 (16%)  
[  8] 150.00-151.00 sec   664 KBytes  5.44 Mbits/sec  1.053 ms  18/504 (3.6%)  
[  8] 151.00-152.00 sec   608 KBytes  4.98 Mbits/sec  2.006 ms  1/446 (0.22%)  
[  8] 152.00-153.00 sec   611 KBytes  5.01 Mbits/sec  1.302 ms  2/449 (0.45%)  
[  8] 153.00-154.00 sec   606 KBytes  4.96 Mbits/sec  1.071 ms  2/445 (0.45%)  
[  8] 154.00-155.00 sec   604 KBytes  4.95 Mbits/sec  0.986 ms  2/444 (0.45%)  
[  8] 155.00-156.00 sec   477 KBytes  3.91 Mbits/sec  2.335 ms  74/423 (17%)  
[  8] 156.00-157.00 sec   477 KBytes  3.91 Mbits/sec  2.503 ms  48/397 (12%)  
[  8] 157.00-158.00 sec   567 KBytes  4.65 Mbits/sec  1.455 ms  107/522 (20%)  
[  8] 158.00-159.00 sec   599 KBytes  4.91 Mbits/sec  1.191 ms  9/447 (2%)  
[  8] 159.00-160.00 sec   472 KBytes  3.86 Mbits/sec  2.645 ms  26/371 (7%)  
[  8] 160.00-161.00 sec   427 KBytes  3.49 Mbits/sec  3.160 ms  35/347 (10%)  
[  8] 161.00-162.00 sec   671 KBytes  5.50 Mbits/sec  1.663 ms  130/621 (21%)  
[  8] 162.00-163.00 sec   606 KBytes  4.96 Mbits/sec  1.264 ms  4/447 (0.89%)  
[  8] 163.00-164.00 sec   476 KBytes  3.90 Mbits/sec  3.149 ms  10/358 (2.8%)  
[  8] 164.00-165.00 sec   633 KBytes  5.19 Mbits/sec  1.830 ms  69/532 (13%)  
[  8] 165.00-166.00 sec   546 KBytes  4.46 Mbits/sec  1.322 ms  49/448 (11%)  
[  8] 166.00-167.00 sec   587 KBytes  4.82 Mbits/sec  2.055 ms  12/441 (2.7%)  
[  8] 167.00-168.00 sec   532 KBytes  4.36 Mbits/sec  3.523 ms  51/440 (12%)  
[  8] 168.00-169.00 sec   566 KBytes  4.64 Mbits/sec  2.951 ms  37/451 (8.2%)  
[  8] 169.00-170.00 sec   607 KBytes  4.97 Mbits/sec  2.529 ms  9/453 (2%)  
[  8] 170.00-171.00 sec   566 KBytes  4.64 Mbits/sec  3.778 ms  15/429 (3.5%)  
[  8] 171.00-172.00 sec   525 KBytes  4.30 Mbits/sec  2.215 ms  70/454 (15%)  
[  8] 172.00-173.00 sec   495 KBytes  4.05 Mbits/sec  2.679 ms  85/447 (19%)  
[  8] 173.00-174.00 sec   595 KBytes  4.87 Mbits/sec  2.653 ms  18/453 (4%)  
[  8] 174.00-175.00 sec   502 KBytes  4.11 Mbits/sec  2.886 ms  68/435 (16%)  
[  8] 175.00-176.00 sec   432 KBytes  3.54 Mbits/sec  2.902 ms  90/406 (22%)  
[  8] 176.00-177.00 sec   334 KBytes  2.73 Mbits/sec  4.231 ms  158/402 (39%)  
[  8] 177.00-178.00 sec   612 KBytes  5.02 Mbits/sec  1.283 ms  94/542 (17%)  
[  8] 178.00-179.00 sec   495 KBytes  4.05 Mbits/sec  1.912 ms  55/417 (13%)  
[  8] 179.00-180.00 sec   617 KBytes  5.04 Mbits/sec  2.968 ms  25/476 (5.3%)  
[  8] 180.00-181.00 sec   487 KBytes  4.00 Mbits/sec  2.239 ms  51/407 (13%)  
[  8] 181.00-182.00 sec   554 KBytes  4.54 Mbits/sec  1.063 ms  79/484 (16%)  
[  8] 182.00-183.00 sec   550 KBytes  4.50 Mbits/sec  2.019 ms  40/442 (9%)  
[  8] 183.00-184.00 sec   509 KBytes  4.17 Mbits/sec  1.379 ms  27/399 (6.8%)  
[  8] 184.00-185.00 sec   470 KBytes  3.85 Mbits/sec  2.496 ms  92/436 (21%)  
[  8] 185.00-186.00 sec   592 KBytes  4.85 Mbits/sec  1.471 ms  77/510 (15%)  
[  8] 186.00-187.00 sec   433 KBytes  3.55 Mbits/sec  3.198 ms  99/416 (24%)  
[  8] 187.00-188.00 sec   537 KBytes  4.40 Mbits/sec  2.298 ms  55/448 (12%)  
[  8] 188.00-189.00 sec   447 KBytes  3.66 Mbits/sec  2.845 ms  45/372 (12%)  
[  8] 189.00-190.00 sec   495 KBytes  4.05 Mbits/sec  1.938 ms  186/548 (34%)  
[  8] 190.00-191.00 sec   462 KBytes  3.79 Mbits/sec  2.321 ms  66/404 (16%)  
[  8] 191.00-192.00 sec   536 KBytes  4.39 Mbits/sec  1.882 ms  63/455 (14%)  
[  8] 192.00-193.00 sec   559 KBytes  4.58 Mbits/sec  1.158 ms  79/488 (16%)  
[  8] 193.00-194.00 sec   515 KBytes  4.22 Mbits/sec  1.903 ms  46/423 (11%)  
[  8] 194.00-195.00 sec   566 KBytes  4.63 Mbits/sec  1.745 ms  54/468 (12%)  
[  8] 195.00-196.00 sec   541 KBytes  4.44 Mbits/sec  1.358 ms  53/449 (12%)  
[  8] 196.00-197.00 sec   589 KBytes  4.83 Mbits/sec  1.131 ms  15/446 (3.4%)  
[  8] 197.00-198.00 sec   602 KBytes  4.93 Mbits/sec  0.683 ms  5/445 (1.1%)  
[  8] 198.00-199.00 sec   577 KBytes  4.73 Mbits/sec  1.501 ms  23/445 (5.2%)  
[  8] 199.00-200.00 sec   600 KBytes  4.92 Mbits/sec  0.227 ms  10/449 (2.2%)  
[  8] 200.00-201.00 sec   600 KBytes  4.92 Mbits/sec  0.850 ms  7/446 (1.6%)  
[  8] 201.00-202.00 sec   610 KBytes  4.99 Mbits/sec  0.662 ms  0/446 (0%)  
[  8] 202.00-203.00 sec   413 KBytes  3.39 Mbits/sec  3.708 ms  8/310 (2.6%)  
[  8] 203.00-204.00 sec   524 KBytes  4.29 Mbits/sec  1.582 ms  144/527 (27%)  
[  8] 204.00-205.00 sec   630 KBytes  5.16 Mbits/sec  2.108 ms  37/498 (7.4%)  
[  8] 205.00-206.00 sec   606 KBytes  4.96 Mbits/sec  1.132 ms  8/451 (1.8%)  
[  8] 206.00-207.00 sec   595 KBytes  4.87 Mbits/sec  1.147 ms  11/446 (2.5%)  
[  8] 207.00-208.00 sec   599 KBytes  4.91 Mbits/sec  2.363 ms  0/438 (0%)  
[  8] 208.00-209.00 sec   587 KBytes  4.80 Mbits/sec  0.732 ms  27/456 (5.9%)  
[  8] 209.00-210.00 sec   610 KBytes  5.00 Mbits/sec  1.864 ms  0/446 (0%)  
[  8] 210.00-211.00 sec   604 KBytes  4.95 Mbits/sec  2.395 ms  2/444 (0.45%)  
[  8] 211.00-212.00 sec   604 KBytes  4.95 Mbits/sec  1.978 ms  4/446 (0.9%)  
[  8] 212.00-213.00 sec   530 KBytes  4.34 Mbits/sec  2.713 ms  13/401 (3.2%)  
[  8] 213.00-214.00 sec   591 KBytes  4.84 Mbits/sec  1.886 ms  62/494 (13%)  
[  8] 214.00-215.00 sec   606 KBytes  4.96 Mbits/sec  1.899 ms  4/447 (0.89%)  
[  8] 215.00-216.00 sec   565 KBytes  4.63 Mbits/sec  2.164 ms  11/424 (2.6%)  
[  8] 216.00-217.00 sec   566 KBytes  4.64 Mbits/sec  3.225 ms  9/423 (2.1%)  
[  8] 217.00-218.00 sec   520 KBytes  4.26 Mbits/sec  2.002 ms  29/409 (7.1%)  
[  8] 218.00-219.00 sec   592 KBytes  4.85 Mbits/sec  1.964 ms  97/530 (18%)  
[  8] 219.00-220.00 sec   588 KBytes  4.82 Mbits/sec  2.499 ms  13/443 (2.9%)  
[  8] 220.00-221.00 sec   377 KBytes  3.09 Mbits/sec  2.491 ms  172/448 (38%)  
[  8] 221.00-222.00 sec   606 KBytes  4.96 Mbits/sec  2.165 ms  5/448 (1.1%)  
[  8] 222.00-223.00 sec   608 KBytes  4.97 Mbits/sec  0.920 ms  3/448 (0.67%)  
[  8] 223.00-224.00 sec   599 KBytes  4.92 Mbits/sec  2.297 ms  8/446 (1.8%)  
[  8] 224.00-225.00 sec   565 KBytes  4.63 Mbits/sec  1.773 ms  32/445 (7.2%)  
[  8] 225.00-226.00 sec   608 KBytes  4.98 Mbits/sec  1.258 ms  2/447 (0.45%)  
[  8] 226.00-227.00 sec   584 KBytes  4.78 Mbits/sec  1.233 ms  19/446 (4.3%)  
[  8] 227.00-228.00 sec   588 KBytes  4.82 Mbits/sec  2.088 ms  11/441 (2.5%)  
[  8] 228.00-229.00 sec   465 KBytes  3.81 Mbits/sec  3.749 ms  59/399 (15%)  
[  8] 229.00-230.00 sec   427 KBytes  3.49 Mbits/sec  3.310 ms  81/393 (21%)  
[  8] 230.00-231.00 sec   655 KBytes  5.36 Mbits/sec  2.198 ms  75/554 (14%)  
[  8] 231.00-232.00 sec   599 KBytes  4.91 Mbits/sec  1.039 ms  5/443 (1.1%)  
[  8] 232.00-233.00 sec   541 KBytes  4.44 Mbits/sec  2.463 ms  0/396 (0%)  
[  8] 233.00-234.00 sec   396 KBytes  3.25 Mbits/sec  1.987 ms  156/446 (35%)  
[  8] 234.00-235.00 sec   675 KBytes  5.53 Mbits/sec  1.973 ms  2/496 (0.4%)  
[  8] 235.00-236.00 sec   574 KBytes  4.70 Mbits/sec  1.762 ms  7/427 (1.6%)  
[  8] 236.00-237.00 sec   391 KBytes  3.20 Mbits/sec  2.625 ms  114/400 (28%)  
[  8] 237.00-238.00 sec   309 KBytes  2.53 Mbits/sec  3.552 ms  168/394 (43%)  
[  8] 238.00-239.00 sec   558 KBytes  4.57 Mbits/sec  2.076 ms  136/544 (25%)  
[  8] 239.00-240.00 sec   632 KBytes  5.17 Mbits/sec  2.311 ms  5/467 (1.1%)  
[  8] 240.00-241.00 sec   603 KBytes  4.94 Mbits/sec  1.734 ms  10/451 (2.2%)  
[  8] 241.00-242.00 sec   602 KBytes  4.93 Mbits/sec  1.501 ms  4/444 (0.9%)  
[  8] 242.00-243.00 sec   610 KBytes  5.00 Mbits/sec  0.717 ms  1/447 (0.22%)  
[  8] 243.00-244.00 sec   607 KBytes  4.97 Mbits/sec  1.496 ms  1/445 (0.22%)  
[  8] 244.00-245.00 sec   518 KBytes  4.24 Mbits/sec  1.670 ms  5/384 (1.3%)  
[  8] 245.00-246.00 sec   544 KBytes  4.46 Mbits/sec  1.894 ms  111/509 (22%)  
[  8] 246.00-247.00 sec   606 KBytes  4.96 Mbits/sec  1.643 ms  4/447 (0.89%)  
[  8] 247.00-248.00 sec   588 KBytes  4.82 Mbits/sec  2.119 ms  17/447 (3.8%)  
[  8] 248.00-249.00 sec   593 KBytes  4.86 Mbits/sec  2.103 ms  11/445 (2.5%)  
[  8] 249.00-250.00 sec   612 KBytes  5.02 Mbits/sec  1.721 ms  0/448 (0%)  
[  8] 250.00-251.00 sec   610 KBytes  5.00 Mbits/sec  0.953 ms  2/448 (0.45%)  
[  8] 251.00-252.00 sec   607 KBytes  4.97 Mbits/sec  1.606 ms  2/446 (0.45%)  
[  8] 252.00-253.00 sec   480 KBytes  3.93 Mbits/sec  2.028 ms  95/446 (21%)  
[  8] 253.00-254.00 sec   587 KBytes  4.80 Mbits/sec  2.130 ms  19/448 (4.2%)  
[  8] 254.00-255.00 sec   597 KBytes  4.89 Mbits/sec  1.154 ms  9/446 (2%)  
[  8] 255.00-256.00 sec   584 KBytes  4.78 Mbits/sec  2.086 ms  18/445 (4%)  
[  8] 256.00-257.00 sec   597 KBytes  4.89 Mbits/sec  2.392 ms  7/444 (1.6%)  
[  8] 257.00-258.00 sec   499 KBytes  4.09 Mbits/sec  2.959 ms  15/380 (3.9%)  
[  8] 258.00-259.00 sec   548 KBytes  4.49 Mbits/sec  2.222 ms  114/515 (22%)  
[  8] 259.00-260.00 sec   602 KBytes  4.93 Mbits/sec  2.906 ms  5/445 (1.1%)  
[  8] 260.00-261.00 sec   552 KBytes  4.52 Mbits/sec  2.220 ms  41/445 (9.2%)  
[  8] 261.00-262.00 sec   469 KBytes  3.84 Mbits/sec  2.552 ms  51/394 (13%)  
[  8] 262.00-263.00 sec   413 KBytes  3.38 Mbits/sec  1.600 ms  197/499 (39%)  
[  8] 263.00-264.00 sec   293 KBytes  2.40 Mbits/sec  1.040 ms  199/413 (48%)  
[  8] 264.00-265.00 sec   392 KBytes  3.21 Mbits/sec  1.824 ms  185/472 (39%)  
[  8] 265.00-266.00 sec   569 KBytes  4.66 Mbits/sec  2.457 ms  37/453 (8.2%)  
[  8] 266.00-267.00 sec   589 KBytes  4.83 Mbits/sec  0.963 ms  21/452 (4.6%)  
[  8] 267.00-268.00 sec   596 KBytes  4.88 Mbits/sec  1.726 ms  8/444 (1.8%)  
[  8] 268.00-269.00 sec   558 KBytes  4.57 Mbits/sec  2.657 ms  33/441 (7.5%)  
[  8] 269.00-270.00 sec   406 KBytes  3.33 Mbits/sec  4.617 ms  122/419 (29%)  
[  8] 270.00-271.00 sec   612 KBytes  5.02 Mbits/sec  1.094 ms  33/481 (6.9%)  
[  8] 271.00-272.00 sec   573 KBytes  4.69 Mbits/sec  1.420 ms  29/448 (6.5%)  
[  8] 272.00-273.00 sec   565 KBytes  4.63 Mbits/sec  1.500 ms  29/442 (6.6%)  
[  8] 273.00-274.00 sec   582 KBytes  4.77 Mbits/sec  2.345 ms  17/443 (3.8%)  
[  8] 274.00-275.00 sec   600 KBytes  4.92 Mbits/sec  1.327 ms  10/449 (2.2%)  
[  8] 275.00-276.00 sec   576 KBytes  4.72 Mbits/sec  1.345 ms  29/450 (6.4%)  
[  8] 276.00-277.00 sec   596 KBytes  4.88 Mbits/sec  1.687 ms  9/445 (2%)  
[  8] 277.00-278.00 sec   592 KBytes  4.85 Mbits/sec  1.713 ms  15/448 (3.3%)  
[  8] 278.00-279.00 sec   597 KBytes  4.90 Mbits/sec  1.440 ms  7/444 (1.6%)  
[  8] 279.00-280.00 sec   593 KBytes  4.86 Mbits/sec  2.051 ms  14/448 (3.1%)  
[  8] 280.00-281.00 sec   596 KBytes  4.88 Mbits/sec  1.735 ms  9/445 (2%)  
[  8] 281.00-282.00 sec   604 KBytes  4.95 Mbits/sec  2.333 ms  5/447 (1.1%)  
[  8] 282.00-283.00 sec   588 KBytes  4.82 Mbits/sec  2.464 ms  15/445 (3.4%)  
[  8] 283.00-284.00 sec   510 KBytes  4.18 Mbits/sec  2.070 ms  77/450 (17%)  
[  8] 284.00-285.00 sec   522 KBytes  4.28 Mbits/sec  2.991 ms  40/422 (9.5%)  
[  8] 285.00-286.00 sec   597 KBytes  4.89 Mbits/sec  1.246 ms  33/470 (7%)  
[  8] 286.00-287.00 sec   597 KBytes  4.89 Mbits/sec  1.896 ms  10/447 (2.2%)  
[  8] 287.00-288.00 sec   410 KBytes  3.36 Mbits/sec  2.820 ms  22/322 (6.8%)  
[  8] 288.00-289.00 sec   563 KBytes  4.62 Mbits/sec  1.746 ms  95/507 (19%)  
[  8] 289.00-290.00 sec   587 KBytes  4.80 Mbits/sec  2.283 ms  79/508 (16%)  
[  8] 290.00-291.00 sec   604 KBytes  4.95 Mbits/sec  1.047 ms  8/450 (1.8%)  
[  8] 291.00-292.00 sec   588 KBytes  4.82 Mbits/sec  1.815 ms  11/441 (2.5%)  
[  8] 292.00-293.00 sec   608 KBytes  4.98 Mbits/sec  1.935 ms  5/450 (1.1%)  
[  8] 293.00-294.00 sec   592 KBytes  4.85 Mbits/sec  1.556 ms  10/443 (2.3%)  
[  8] 294.00-295.00 sec   607 KBytes  4.97 Mbits/sec  1.974 ms  5/449 (1.1%)  
[  8] 295.00-296.00 sec   588 KBytes  4.82 Mbits/sec  1.546 ms  7/437 (1.6%)  
[  8] 296.00-297.00 sec   413 KBytes  3.38 Mbits/sec  1.998 ms  95/397 (24%)  
[  8] 297.00-298.00 sec   647 KBytes  5.30 Mbits/sec  2.118 ms  33/506 (6.5%)  
[  8] 298.00-299.00 sec   502 KBytes  4.11 Mbits/sec  1.520 ms  7/374 (1.9%)  
[  8] 299.00-300.00 sec   637 KBytes  5.22 Mbits/sec  1.388 ms  50/516 (9.7%)  
[  8] 300.00-301.00 sec   607 KBytes  4.97 Mbits/sec  1.957 ms  6/450 (1.3%)  
[  8] 301.00-302.00 sec   604 KBytes  4.95 Mbits/sec  1.274 ms  5/447 (1.1%)  
[  8] 302.00-303.00 sec   606 KBytes  4.96 Mbits/sec  1.846 ms  3/446 (0.67%)  
[  8] 303.00-304.00 sec   606 KBytes  4.96 Mbits/sec  1.676 ms  3/446 (0.67%)  
[  8] 304.00-305.00 sec   444 KBytes  3.64 Mbits/sec  2.549 ms  5/330 (1.5%)  
[  8] 305.00-306.00 sec   643 KBytes  5.27 Mbits/sec  0.690 ms  93/563 (17%)  
[  8] 306.00-307.00 sec   473 KBytes  3.88 Mbits/sec  2.540 ms  55/401 (14%)  
[  8] 307.00-308.00 sec   448 KBytes  3.67 Mbits/sec  2.200 ms  85/413 (21%)  
[  8] 308.00-309.00 sec   514 KBytes  4.21 Mbits/sec  1.089 ms  143/519 (28%)  
[  8] 309.00-310.00 sec   566 KBytes  4.63 Mbits/sec  2.087 ms  35/449 (7.8%)  
[  8] 310.00-311.00 sec   515 KBytes  4.22 Mbits/sec  0.859 ms  63/440 (14%)  
[  8] 311.00-312.00 sec   432 KBytes  3.54 Mbits/sec  2.286 ms  114/430 (27%)  
[  8] 312.00-313.00 sec   503 KBytes  4.12 Mbits/sec  2.176 ms  103/471 (22%)  
[  8] 313.00-314.00 sec   517 KBytes  4.23 Mbits/sec  2.021 ms  71/449 (16%)  
[  8] 314.00-315.00 sec   462 KBytes  3.79 Mbits/sec  2.764 ms  93/431 (22%)  
[  8] 315.00-316.00 sec   525 KBytes  4.29 Mbits/sec  2.338 ms  73/457 (16%)  
[  8] 316.00-317.00 sec   532 KBytes  4.36 Mbits/sec  1.571 ms  54/443 (12%)  
[  8] 317.00-318.00 sec   479 KBytes  3.92 Mbits/sec  3.238 ms  68/418 (16%)  
[  8] 318.00-319.00 sec   521 KBytes  4.27 Mbits/sec  2.383 ms  98/479 (20%)  
[  8] 319.00-320.00 sec   537 KBytes  4.40 Mbits/sec  1.409 ms  57/450 (13%)  
[  8] 320.00-321.00 sec   439 KBytes  3.59 Mbits/sec  3.404 ms  67/388 (17%)  
[  8] 321.00-322.00 sec   455 KBytes  3.71 Mbits/sec  3.558 ms  148/481 (31%)  
[  8] 322.00-323.00 sec   495 KBytes  4.07 Mbits/sec  2.289 ms  104/466 (22%)  
[  8] 323.00-324.00 sec   548 KBytes  4.49 Mbits/sec  1.934 ms  39/440 (8.9%)  
[  8] 324.00-325.00 sec   539 KBytes  4.41 Mbits/sec  3.556 ms  63/457 (14%)  
[  8] 325.00-326.00 sec   556 KBytes  4.56 Mbits/sec  3.338 ms  22/429 (5.1%)  
[  8] 326.00-327.00 sec   599 KBytes  4.91 Mbits/sec  1.617 ms  24/462 (5.2%)  
[  8] 327.00-328.00 sec   596 KBytes  4.88 Mbits/sec  1.072 ms  11/447 (2.5%)  
[  8] 328.00-329.00 sec   580 KBytes  4.75 Mbits/sec  1.384 ms  22/446 (4.9%)  
[  8] 329.00-330.00 sec   499 KBytes  4.09 Mbits/sec  2.381 ms  73/438 (17%)  
[  8] 330.00-331.00 sec   511 KBytes  4.19 Mbits/sec  2.636 ms  75/449 (17%)  
[  8] 331.00-332.00 sec   576 KBytes  4.72 Mbits/sec  1.147 ms  31/452 (6.9%)  
[  8] 332.00-333.00 sec   574 KBytes  4.70 Mbits/sec  2.382 ms  20/440 (4.5%)  
[  8] 333.00-334.00 sec   433 KBytes  3.55 Mbits/sec  2.719 ms  76/393 (19%)  
[  8] 334.00-335.00 sec   480 KBytes  3.93 Mbits/sec  3.305 ms  45/396 (11%)  
[  8] 335.00-336.00 sec   682 KBytes  5.60 Mbits/sec  2.546 ms  56/555 (10%)  
[  8] 336.00-337.00 sec   552 KBytes  4.52 Mbits/sec  2.089 ms  40/444 (9%)  
[  8] 337.00-338.00 sec   438 KBytes  3.58 Mbits/sec  2.596 ms  52/372 (14%)  
[  8] 338.00-339.01 sec   409 KBytes  3.31 Mbits/sec  4.137 ms  179/478 (37%)  
[  8] 339.01-340.00 sec   323 KBytes  2.68 Mbits/sec  2.468 ms  213/449 (47%)  
[  8] 340.00-340.01 sec  13.7 KBytes  9.70 Mbits/sec  2.826 ms  2/12 (17%)  
- - - - - - - - - - - - - - - - - - - - - - - - -
[ ID] Interval           Transfer     Bitrate         Jitter    Lost/Total Datagrams
[  8]   0.00-340.01 sec   182 MBytes  4.50 Mbits/sec  2.826 ms  15230/151747 (10%)  receiver
