-----------------------------------------------------------
Server listening on 5201 (test #1)
-----------------------------------------------------------
Accepted connection from 10.0.0.85, port 48354
[  8] local 10.0.0.117 port 5201 connected to 10.0.0.85 port 35198
[ ID] Interval           Transfer     Bitrate         Jitter    Lost/Total Datagrams
[  8]   0.00-1.00   sec   596 KBytes  4.88 Mbits/sec  0.854 ms  6/442 (1.4%)  
[  8]   1.00-2.00   sec   606 KBytes  4.96 Mbits/sec  0.826 ms  0/443 (0%)  
[  8]   2.00-3.00   sec   617 KBytes  5.04 Mbits/sec  1.481 ms  0/451 (0%)  
[  8]   3.00-4.00   sec   607 KBytes  4.99 Mbits/sec  1.712 ms  0/444 (0%)  
[  8]   4.00-5.00   sec   610 KBytes  4.99 Mbits/sec  1.006 ms  0/446 (0%)  
[  8]   5.00-6.00   sec   612 KBytes  5.02 Mbits/sec  2.104 ms  0/448 (0%)  
[  8]   6.00-7.00   sec   610 KBytes  5.00 Mbits/sec  1.423 ms  0/446 (0%)  
[  8]   7.00-8.00   sec   608 KBytes  4.98 Mbits/sec  1.018 ms  0/445 (0%)  
[  8]   8.00-9.00   sec   612 KBytes  5.02 Mbits/sec  0.971 ms  0/448 (0%)  
[  8]   9.00-10.00  sec   608 KBytes  4.97 Mbits/sec  2.310 ms  0/445 (0%)  
[  8]  10.00-11.00  sec   610 KBytes  5.01 Mbits/sec  1.823 ms  0/446 (0%)  
[  8]  11.00-12.00  sec   614 KBytes  5.03 Mbits/sec  1.117 ms  0/449 (0%)  
[  8]  12.00-13.00  sec   610 KBytes  5.00 Mbits/sec  1.938 ms  0/446 (0%)  
[  8]  13.00-14.00  sec   610 KBytes  4.99 Mbits/sec  2.211 ms  0/446 (0%)  
[  8]  14.00-15.00  sec   612 KBytes  5.01 Mbits/sec  1.832 ms  0/448 (0%)  
[  8]  15.00-16.00  sec   606 KBytes  4.97 Mbits/sec  1.833 ms  0/443 (0%)  
[  8]  16.00-17.00  sec   611 KBytes  5.01 Mbits/sec  1.970 ms  0/447 (0%)  
[  8]  17.00-18.00  sec   611 KBytes  5.01 Mbits/sec  1.859 ms  0/447 (0%)  
[  8]  18.00-19.00  sec   611 KBytes  5.01 Mbits/sec  1.381 ms  0/447 (0%)  
[  8]  19.00-20.00  sec   610 KBytes  4.99 Mbits/sec  2.086 ms  0/446 (0%)  
[  8]  20.00-21.00  sec   611 KBytes  5.01 Mbits/sec  1.552 ms  0/447 (0%)  
[  8]  21.00-22.00  sec   600 KBytes  4.92 Mbits/sec  2.582 ms  1/440 (0.23%)  
[  8]  22.00-23.00  sec   615 KBytes  5.04 Mbits/sec  1.682 ms  0/450 (0%)  
[  8]  23.00-24.00  sec   614 KBytes  5.03 Mbits/sec  1.868 ms  0/449 (0%)  
[  8]  24.00-25.00  sec   602 KBytes  4.93 Mbits/sec  2.166 ms  0/440 (0%)  
[  8]  25.00-26.00  sec   615 KBytes  5.04 Mbits/sec  1.061 ms  2/452 (0.44%)  
[  8]  26.00-27.00  sec   614 KBytes  5.03 Mbits/sec  1.651 ms  0/449 (0%)  
[  8]  27.00-28.00  sec   607 KBytes  4.97 Mbits/sec  2.450 ms  0/444 (0%)  
[  8]  28.00-29.00  sec   593 KBytes  4.86 Mbits/sec  3.331 ms  10/444 (2.3%)  
[  8]  29.00-30.00  sec   612 KBytes  5.02 Mbits/sec  1.688 ms  2/450 (0.44%)  
[  8]  30.00-31.00  sec   610 KBytes  4.99 Mbits/sec  2.200 ms  0/446 (0%)  
[  8]  31.00-32.00  sec   611 KBytes  5.01 Mbits/sec  1.561 ms  0/447 (0%)  
[  8]  32.00-33.00  sec   607 KBytes  4.97 Mbits/sec  1.103 ms  0/444 (0%)  
[  8]  33.00-34.00  sec   611 KBytes  5.01 Mbits/sec  1.607 ms  0/447 (0%)  
[  8]  34.00-35.00  sec   576 KBytes  4.72 Mbits/sec  2.698 ms  0/421 (0%)  
[  8]  35.00-36.00  sec   632 KBytes  5.17 Mbits/sec  2.191 ms  0/462 (0%)  
[  8]  36.00-37.00  sec   619 KBytes  5.07 Mbits/sec  1.219 ms  0/453 (0%)  
[  8]  37.00-38.00  sec   614 KBytes  5.04 Mbits/sec  1.531 ms  0/449 (0%)  
[  8]  38.00-39.00  sec   607 KBytes  4.97 Mbits/sec  2.174 ms  3/447 (0.67%)  
[  8]  39.00-40.00  sec   614 KBytes  5.02 Mbits/sec  1.381 ms  0/449 (0%)  
[  8]  40.00-41.00  sec   608 KBytes  4.99 Mbits/sec  0.793 ms  0/445 (0%)  
[  8]  41.00-42.00  sec   595 KBytes  4.87 Mbits/sec  1.876 ms  0/435 (0%)  
[  8]  42.00-43.00  sec   602 KBytes  4.93 Mbits/sec  0.962 ms  17/457 (3.7%)  
[  8]  43.00-44.00  sec   597 KBytes  4.89 Mbits/sec  1.585 ms  7/444 (1.6%)  
[  8]  44.00-45.00  sec   604 KBytes  4.95 Mbits/sec  1.292 ms  0/442 (0%)  
[  8]  45.00-46.00  sec   574 KBytes  4.70 Mbits/sec  1.214 ms  36/456 (7.9%)  
[  8]  46.00-47.00  sec   608 KBytes  4.98 Mbits/sec  1.015 ms  0/445 (0%)  
[  8]  47.00-48.00  sec   610 KBytes  5.01 Mbits/sec  0.641 ms  0/446 (0%)  
[  8]  48.00-49.00  sec   612 KBytes  5.02 Mbits/sec  1.115 ms  0/448 (0%)  
[  8]  49.00-50.00  sec   608 KBytes  4.99 Mbits/sec  1.299 ms  0/445 (0%)  
[  8]  50.00-51.00  sec   612 KBytes  5.01 Mbits/sec  1.939 ms  0/448 (0%)  
[  8]  51.00-52.00  sec   608 KBytes  4.99 Mbits/sec  1.904 ms  0/445 (0%)  
[  8]  52.00-53.00  sec   612 KBytes  5.02 Mbits/sec  1.780 ms  0/448 (0%)  
[  8]  53.00-54.00  sec   608 KBytes  4.98 Mbits/sec  1.096 ms  0/445 (0%)  
[  8]  54.00-55.00  sec   606 KBytes  4.96 Mbits/sec  0.793 ms  3/446 (0.67%)  
[  8]  55.00-56.00  sec   608 KBytes  4.98 Mbits/sec  0.970 ms  0/445 (0%)  
[  8]  56.00-57.00  sec   614 KBytes  5.03 Mbits/sec  1.163 ms  0/449 (0%)  
[  8]  57.00-58.00  sec   604 KBytes  4.95 Mbits/sec  1.719 ms  4/446 (0.9%)  
[  8]  58.00-59.00  sec   604 KBytes  4.95 Mbits/sec  1.532 ms  0/442 (0%)  
[  8]  59.00-60.00  sec   606 KBytes  4.97 Mbits/sec  1.621 ms  0/443 (0%)  
[  8]  60.00-61.00  sec   618 KBytes  5.06 Mbits/sec  1.176 ms  0/452 (0%)  
[  8]  61.00-62.00  sec   603 KBytes  4.94 Mbits/sec  1.939 ms  7/448 (1.6%)  
[  8]  62.00-63.00  sec   610 KBytes  5.00 Mbits/sec  1.662 ms  1/447 (0.22%)  
[  8]  63.00-64.00  sec   608 KBytes  4.98 Mbits/sec  1.876 ms  2/447 (0.45%)  
[  8]  64.00-65.00  sec   610 KBytes  5.00 Mbits/sec  1.769 ms  0/446 (0%)  
[  8]  65.00-66.00  sec   610 KBytes  5.00 Mbits/sec  1.323 ms  0/446 (0%)  
[  8]  66.00-67.00  sec   610 KBytes  5.00 Mbits/sec  1.924 ms  1/447 (0.22%)  
[  8]  67.00-68.00  sec   606 KBytes  4.96 Mbits/sec  1.583 ms  0/443 (0%)  
[  8]  68.00-69.00  sec   599 KBytes  4.91 Mbits/sec  3.112 ms  6/444 (1.4%)  
[  8]  69.00-70.00  sec   617 KBytes  5.03 Mbits/sec  1.692 ms  3/454 (0.66%)  
[  8]  70.00-71.00  sec   602 KBytes  4.95 Mbits/sec  2.070 ms  0/440 (0%)  
[  8]  71.00-72.00  sec   612 KBytes  5.02 Mbits/sec  1.348 ms  0/448 (0%)  
[  8]  72.00-73.00  sec   602 KBytes  4.92 Mbits/sec  0.915 ms  2/442 (0.45%)  
[  8]  73.00-74.00  sec   617 KBytes  5.05 Mbits/sec  0.558 ms  0/451 (0%)  
[  8]  74.00-75.00  sec   606 KBytes  4.97 Mbits/sec  1.187 ms  0/443 (0%)  
[  8]  75.00-76.00  sec   617 KBytes  5.04 Mbits/sec  0.463 ms  0/451 (0%)  
[  8]  76.00-77.00  sec   607 KBytes  4.99 Mbits/sec  1.749 ms  0/444 (0%)  
[  8]  77.00-78.00  sec   615 KBytes  5.04 Mbits/sec  1.317 ms  0/450 (0%)  
[  8]  78.00-79.00  sec   602 KBytes  4.93 Mbits/sec  2.518 ms  1/441 (0.23%)  
[  8]  79.00-80.00  sec   618 KBytes  5.06 Mbits/sec  2.469 ms  0/452 (0%)  
[  8]  80.00-81.01  sec   612 KBytes  4.98 Mbits/sec  1.674 ms  0/448 (0%)  
[  8]  81.01-82.00  sec   607 KBytes  5.01 Mbits/sec  2.120 ms  0/444 (0%)  
[  8]  82.00-83.00  sec   599 KBytes  4.91 Mbits/sec  1.869 ms  5/443 (1.1%)  
[  8]  83.00-84.00  sec   618 KBytes  5.06 Mbits/sec  1.540 ms  0/452 (0%)  
[  8]  84.00-85.00  sec   610 KBytes  5.00 Mbits/sec  0.882 ms  0/446 (0%)  
[  8]  85.00-86.00  sec   608 KBytes  4.98 Mbits/sec  2.293 ms  0/445 (0%)  
[  8]  86.00-87.00  sec   610 KBytes  5.00 Mbits/sec  2.160 ms  0/446 (0%)  
[  8]  87.00-88.00  sec   611 KBytes  5.01 Mbits/sec  2.204 ms  0/447 (0%)  
[  8]  88.00-89.00  sec   611 KBytes  5.01 Mbits/sec  1.412 ms  0/447 (0%)  
[  8]  89.00-90.00  sec   608 KBytes  4.98 Mbits/sec  2.045 ms  0/445 (0%)  
[  8]  90.00-91.00  sec   611 KBytes  5.01 Mbits/sec  2.052 ms  0/447 (0%)  
[  8]  91.00-92.00  sec   612 KBytes  5.02 Mbits/sec  2.207 ms  0/448 (0%)  
[  8]  92.00-93.00  sec   608 KBytes  4.98 Mbits/sec  1.134 ms  1/446 (0.22%)  
[  8]  93.00-94.00  sec   611 KBytes  5.00 Mbits/sec  1.526 ms  0/447 (0%)  
[  8]  94.00-95.00  sec   604 KBytes  4.95 Mbits/sec  2.756 ms  0/442 (0%)  
[  8]  95.00-96.00  sec   615 KBytes  5.04 Mbits/sec  1.476 ms  1/451 (0.22%)  
[  8]  96.00-97.00  sec   607 KBytes  4.97 Mbits/sec  2.234 ms  0/444 (0%)  
[  8]  97.00-98.00  sec   610 KBytes  5.00 Mbits/sec  2.317 ms  1/447 (0.22%)  
[  8]  98.00-99.00  sec   612 KBytes  5.02 Mbits/sec  2.204 ms  0/448 (0%)  
[  8]  99.00-100.00 sec   611 KBytes  5.00 Mbits/sec  1.348 ms  0/447 (0%)  
[  8] 100.00-101.00 sec   597 KBytes  4.90 Mbits/sec  2.434 ms  0/437 (0%)  
[  8] 101.00-102.00 sec   618 KBytes  5.06 Mbits/sec  1.338 ms  0/452 (0%)  
[  8] 102.00-103.00 sec   615 KBytes  5.04 Mbits/sec  1.755 ms  0/450 (0%)  
[  8] 103.00-104.00 sec   607 KBytes  4.97 Mbits/sec  1.724 ms  0/444 (0%)  
[  8] 104.00-105.00 sec   611 KBytes  5.00 Mbits/sec  2.215 ms  0/447 (0%)  
[  8] 105.00-106.00 sec   611 KBytes  5.01 Mbits/sec  2.156 ms  0/447 (0%)  
[  8] 106.00-107.00 sec   612 KBytes  5.02 Mbits/sec  1.726 ms  0/448 (0%)  
[  8] 107.00-108.00 sec   608 KBytes  4.98 Mbits/sec  1.863 ms  0/445 (0%)  
[  8] 108.00-109.00 sec   611 KBytes  5.01 Mbits/sec  1.995 ms  0/447 (0%)  
[  8] 109.00-110.00 sec   610 KBytes  4.99 Mbits/sec  1.134 ms  0/446 (0%)  
[  8] 110.00-111.00 sec   612 KBytes  5.02 Mbits/sec  1.366 ms  0/448 (0%)  
[  8] 111.00-112.00 sec   607 KBytes  4.97 Mbits/sec  1.869 ms  0/444 (0%)  
[  8] 112.00-113.00 sec   612 KBytes  5.02 Mbits/sec  1.690 ms  0/448 (0%)  
[  8] 113.00-114.00 sec   607 KBytes  4.97 Mbits/sec  2.093 ms  0/444 (0%)  
[  8] 114.00-115.00 sec   611 KBytes  5.01 Mbits/sec  0.973 ms  0/447 (0%)  
[  8] 115.00-116.00 sec   610 KBytes  4.98 Mbits/sec  0.810 ms  2/448 (0.45%)  
[  8] 116.00-117.00 sec   610 KBytes  5.01 Mbits/sec  0.423 ms  0/446 (0%)  
[  8] 117.00-118.00 sec   610 KBytes  5.00 Mbits/sec  0.649 ms  0/446 (0%)  
[  8] 118.00-119.00 sec   611 KBytes  5.01 Mbits/sec  1.571 ms  1/448 (0.22%)  
[  8] 119.00-120.00 sec   604 KBytes  4.95 Mbits/sec  2.074 ms  0/442 (0%)  
[  8] 120.00-121.00 sec   614 KBytes  5.03 Mbits/sec  2.061 ms  0/449 (0%)  
[  8] 121.00-122.00 sec   608 KBytes  4.98 Mbits/sec  1.740 ms  0/445 (0%)  
[  8] 122.00-123.00 sec   614 KBytes  5.03 Mbits/sec  1.096 ms  0/449 (0%)  
[  8] 123.00-124.00 sec   608 KBytes  4.98 Mbits/sec  1.710 ms  1/446 (0.22%)  
[  8] 124.00-125.00 sec   611 KBytes  5.01 Mbits/sec  1.176 ms  0/447 (0%)  
[  8] 125.00-126.00 sec   610 KBytes  4.99 Mbits/sec  1.426 ms  0/446 (0%)  
[  8] 126.00-127.00 sec   597 KBytes  4.90 Mbits/sec  1.078 ms  9/446 (2%)  
[  8] 127.00-128.00 sec   607 KBytes  4.97 Mbits/sec  1.116 ms  3/447 (0.67%)  
[  8] 128.00-129.00 sec   606 KBytes  4.96 Mbits/sec  0.748 ms  1/445 (0.22%)  
[  8] 129.00-130.00 sec   596 KBytes  4.88 Mbits/sec  0.571 ms  0/437 (0%)  
[  8] 130.00-131.00 sec   623 KBytes  5.11 Mbits/sec  0.655 ms  0/456 (0%)  
[  8] 131.00-132.00 sec   607 KBytes  4.97 Mbits/sec  0.570 ms  0/444 (0%)  
[  8] 132.00-133.00 sec   614 KBytes  5.03 Mbits/sec  0.866 ms  1/450 (0.22%)  
[  8] 133.00-134.00 sec   604 KBytes  4.95 Mbits/sec  0.880 ms  5/447 (1.1%)  
[  8] 134.00-135.00 sec   610 KBytes  5.00 Mbits/sec  1.542 ms  0/446 (0%)  
[  8] 135.00-136.00 sec   611 KBytes  5.01 Mbits/sec  1.337 ms  0/447 (0%)  
[  8] 136.00-137.00 sec   608 KBytes  4.98 Mbits/sec  1.721 ms  0/445 (0%)  
[  8] 137.00-138.00 sec   608 KBytes  4.98 Mbits/sec  1.094 ms  2/447 (0.45%)  
[  8] 138.00-139.00 sec   608 KBytes  4.99 Mbits/sec  1.811 ms  0/445 (0%)  
[  8] 139.00-140.00 sec   610 KBytes  5.00 Mbits/sec  2.122 ms  0/446 (0%)  
[  8] 140.00-141.00 sec   610 KBytes  4.99 Mbits/sec  2.458 ms  0/446 (0%)  
[  8] 141.00-142.00 sec   614 KBytes  5.03 Mbits/sec  1.130 ms  0/449 (0%)  
[  8] 142.00-143.00 sec   608 KBytes  4.98 Mbits/sec  1.164 ms  1/446 (0.22%)  
[  8] 143.00-144.00 sec   600 KBytes  4.92 Mbits/sec  2.114 ms  1/440 (0.23%)  
[  8] 144.00-145.00 sec   619 KBytes  5.07 Mbits/sec  2.345 ms  0/453 (0%)  
[  8] 145.00-146.00 sec   608 KBytes  4.98 Mbits/sec  2.224 ms  0/445 (0%)  
[  8] 146.00-147.00 sec   611 KBytes  5.01 Mbits/sec  1.694 ms  0/447 (0%)  
[  8] 147.00-148.00 sec   610 KBytes  5.00 Mbits/sec  1.620 ms  0/446 (0%)  
[  8] 148.00-149.00 sec   612 KBytes  5.02 Mbits/sec  1.055 ms  0/448 (0%)  
[  8] 149.00-150.00 sec   610 KBytes  4.99 Mbits/sec  1.507 ms  0/446 (0%)  
[  8] 150.00-151.00 sec   608 KBytes  4.99 Mbits/sec  2.121 ms  0/445 (0%)  
[  8] 151.00-152.00 sec   608 KBytes  4.98 Mbits/sec  1.623 ms  0/445 (0%)  
[  8] 152.00-153.00 sec   614 KBytes  5.03 Mbits/sec  2.189 ms  1/450 (0.22%)  
[  8] 153.00-154.00 sec   610 KBytes  5.00 Mbits/sec  2.059 ms  0/446 (0%)  
[  8] 154.00-155.00 sec   608 KBytes  4.98 Mbits/sec  1.465 ms  0/445 (0%)  
[  8] 155.00-156.00 sec   608 KBytes  4.98 Mbits/sec  3.097 ms  0/445 (0%)  
[  8] 156.00-157.00 sec   612 KBytes  5.02 Mbits/sec  2.638 ms  0/448 (0%)  
[  8] 157.00-158.00 sec   612 KBytes  5.02 Mbits/sec  1.608 ms  0/448 (0%)  
[  8] 158.00-159.00 sec   611 KBytes  5.01 Mbits/sec  1.081 ms  0/447 (0%)  
[  8] 159.00-160.00 sec   607 KBytes  4.97 Mbits/sec  2.441 ms  0/444 (0%)  
[  8] 160.00-161.00 sec   614 KBytes  5.03 Mbits/sec  1.463 ms  0/449 (0%)  
[  8] 161.00-162.00 sec   608 KBytes  4.98 Mbits/sec  1.095 ms  0/445 (0%)  
[  8] 162.00-163.00 sec   611 KBytes  5.01 Mbits/sec  2.146 ms  0/447 (0%)  
[  8] 163.00-164.00 sec   611 KBytes  5.01 Mbits/sec  0.972 ms  0/447 (0%)  
[  8] 164.00-165.00 sec   607 KBytes  4.97 Mbits/sec  1.839 ms  0/444 (0%)  
[  8] 165.00-166.00 sec   611 KBytes  5.01 Mbits/sec  1.721 ms  0/447 (0%)  
[  8] 166.00-167.00 sec   611 KBytes  5.01 Mbits/sec  1.055 ms  1/448 (0.22%)  
[  8] 167.00-168.00 sec   585 KBytes  4.79 Mbits/sec  2.873 ms  16/444 (3.6%)  
[  8] 168.00-169.00 sec   611 KBytes  5.01 Mbits/sec  1.317 ms  0/447 (0%)  
[  8] 169.00-170.00 sec   612 KBytes  5.02 Mbits/sec  1.597 ms  0/448 (0%)  
[  8] 170.00-171.01 sec   615 KBytes  5.01 Mbits/sec  1.778 ms  0/450 (0%)  
[  8] 171.01-172.00 sec   604 KBytes  4.98 Mbits/sec  1.960 ms  0/442 (0%)  
[  8] 172.00-173.00 sec   608 KBytes  4.98 Mbits/sec  1.872 ms  1/446 (0.22%)  
[  8] 173.00-174.00 sec   612 KBytes  5.02 Mbits/sec  1.737 ms  1/449 (0.22%)  
[  8] 174.00-175.00 sec   603 KBytes  4.94 Mbits/sec  1.560 ms  4/445 (0.9%)  
[  8] 175.00-176.00 sec   608 KBytes  4.98 Mbits/sec  1.453 ms  3/448 (0.67%)  
[  8] 176.00-177.00 sec   587 KBytes  4.81 Mbits/sec  3.236 ms  2/431 (0.46%)  
[  8] 177.00-178.00 sec   630 KBytes  5.16 Mbits/sec  2.004 ms  0/461 (0%)  
[  8] 178.00-179.00 sec   606 KBytes  4.96 Mbits/sec  1.572 ms  1/444 (0.23%)  
[  8] 179.00-180.00 sec   608 KBytes  4.98 Mbits/sec  1.133 ms  4/449 (0.89%)  
[  8] 180.00-181.00 sec   610 KBytes  5.00 Mbits/sec  0.912 ms  1/447 (0.22%)  
[  8] 181.00-182.00 sec   593 KBytes  4.86 Mbits/sec  0.917 ms  11/445 (2.5%)  
[  8] 182.00-183.00 sec   606 KBytes  4.96 Mbits/sec  2.144 ms  3/446 (0.67%)  
[  8] 183.00-184.00 sec   604 KBytes  4.95 Mbits/sec  2.636 ms  1/443 (0.23%)  
[  8] 184.00-185.00 sec   606 KBytes  4.96 Mbits/sec  2.203 ms  3/446 (0.67%)  
[  8] 185.00-186.00 sec   612 KBytes  5.02 Mbits/sec  1.403 ms  2/450 (0.44%)  
[  8] 186.00-187.00 sec   611 KBytes  5.01 Mbits/sec  1.127 ms  0/447 (0%)  
[  8] 187.00-188.00 sec   610 KBytes  5.00 Mbits/sec  1.729 ms  0/446 (0%)  
[  8] 188.00-189.00 sec   610 KBytes  4.99 Mbits/sec  1.181 ms  0/446 (0%)  
[  8] 189.00-190.00 sec   612 KBytes  5.02 Mbits/sec  1.438 ms  0/448 (0%)  
[  8] 190.00-191.00 sec   610 KBytes  5.00 Mbits/sec  1.711 ms  0/446 (0%)  
[  8] 191.00-192.00 sec   608 KBytes  4.98 Mbits/sec  2.108 ms  0/445 (0%)  
[  8] 192.00-193.00 sec   611 KBytes  5.01 Mbits/sec  0.793 ms  0/447 (0%)  
[  8] 193.00-194.00 sec   606 KBytes  4.96 Mbits/sec  1.488 ms  0/443 (0%)  
[  8] 194.00-195.00 sec   615 KBytes  5.04 Mbits/sec  1.169 ms  0/450 (0%)  
[  8] 195.00-196.00 sec   611 KBytes  5.01 Mbits/sec  1.056 ms  0/447 (0%)  
[  8] 196.00-197.00 sec   611 KBytes  5.01 Mbits/sec  1.390 ms  0/447 (0%)  
[  8] 197.00-198.00 sec   603 KBytes  4.93 Mbits/sec  1.079 ms  0/441 (0%)  
[  8] 198.00-199.00 sec   614 KBytes  5.04 Mbits/sec  1.271 ms  0/449 (0%)  
[  8] 199.00-200.00 sec   603 KBytes  4.94 Mbits/sec  0.827 ms  0/441 (0%)  
[  8] 200.00-201.00 sec   617 KBytes  5.05 Mbits/sec  0.406 ms  0/451 (0%)  
[  8] 201.00-202.00 sec   612 KBytes  5.02 Mbits/sec  0.798 ms  0/448 (0%)  
[  8] 202.00-203.00 sec   606 KBytes  4.96 Mbits/sec  0.716 ms  0/443 (0%)  
[  8] 203.00-204.00 sec   611 KBytes  5.01 Mbits/sec  1.672 ms  3/450 (0.67%)  
[  8] 204.00-205.00 sec   608 KBytes  4.98 Mbits/sec  1.005 ms  0/445 (0%)  
[  8] 205.00-206.00 sec   610 KBytes  5.00 Mbits/sec  1.197 ms  0/446 (0%)  
[  8] 206.00-207.00 sec   614 KBytes  5.03 Mbits/sec  0.955 ms  0/449 (0%)  
[  8] 207.00-208.00 sec   610 KBytes  5.00 Mbits/sec  1.715 ms  0/446 (0%)  
[  8] 208.00-209.00 sec   610 KBytes  5.00 Mbits/sec  0.799 ms  0/446 (0%)  
[  8] 209.00-210.00 sec   612 KBytes  5.02 Mbits/sec  1.822 ms  0/448 (0%)  
[  8] 210.00-211.00 sec   608 KBytes  4.98 Mbits/sec  1.735 ms  0/445 (0%)  
[  8] 211.00-212.00 sec   608 KBytes  4.98 Mbits/sec  1.791 ms  0/445 (0%)  
[  8] 212.00-213.00 sec   614 KBytes  5.03 Mbits/sec  1.462 ms  0/449 (0%)  
[  8] 213.00-214.00 sec   608 KBytes  4.98 Mbits/sec  2.466 ms  0/445 (0%)  
[  8] 214.00-215.00 sec   611 KBytes  5.01 Mbits/sec  1.962 ms  0/447 (0%)  
[  8] 215.00-216.00 sec   608 KBytes  4.98 Mbits/sec  2.475 ms  0/445 (0%)  
[  8] 216.00-217.00 sec   614 KBytes  5.03 Mbits/sec  1.528 ms  0/449 (0%)  
[  8] 217.00-218.00 sec   604 KBytes  4.95 Mbits/sec  2.292 ms  2/444 (0.45%)  
[  8] 218.00-219.00 sec   608 KBytes  4.98 Mbits/sec  1.221 ms  0/445 (0%)  
[  8] 219.00-220.00 sec   596 KBytes  4.89 Mbits/sec  2.015 ms  11/447 (2.5%)  
[  8] 220.00-221.00 sec   604 KBytes  4.95 Mbits/sec  2.271 ms  0/442 (0%)  
[  8] 221.00-222.00 sec   622 KBytes  5.10 Mbits/sec  1.348 ms  0/455 (0%)  
[  8] 222.00-223.00 sec   610 KBytes  5.00 Mbits/sec  0.962 ms  0/446 (0%)  
[  8] 223.00-224.00 sec   606 KBytes  4.96 Mbits/sec  1.524 ms  2/445 (0.45%)  
[  8] 224.00-225.00 sec   612 KBytes  5.02 Mbits/sec  1.358 ms  0/448 (0%)  
[  8] 225.00-226.00 sec   611 KBytes  5.01 Mbits/sec  1.870 ms  0/447 (0%)  
[  8] 226.00-227.00 sec   608 KBytes  4.98 Mbits/sec  1.804 ms  0/445 (0%)  
[  8] 227.00-228.00 sec   607 KBytes  4.97 Mbits/sec  1.479 ms  0/444 (0%)  
[  8] 228.00-229.00 sec   614 KBytes  5.03 Mbits/sec  1.516 ms  0/449 (0%)  
[  8] 229.00-230.01 sec   612 KBytes  4.99 Mbits/sec  1.913 ms  0/448 (0%)  
[  8] 230.01-231.00 sec   607 KBytes  5.00 Mbits/sec  1.872 ms  0/444 (0%)  
[  8] 231.00-232.00 sec   604 KBytes  4.95 Mbits/sec  2.014 ms  0/442 (0%)  
[  8] 232.00-233.00 sec   618 KBytes  5.06 Mbits/sec  1.486 ms  0/452 (0%)  
[  8] 233.00-234.00 sec   608 KBytes  4.98 Mbits/sec  1.758 ms  0/445 (0%)  
[  8] 234.00-235.00 sec   610 KBytes  4.99 Mbits/sec  1.430 ms  0/446 (0%)  
[  8] 235.00-236.00 sec   614 KBytes  5.03 Mbits/sec  1.909 ms  0/449 (0%)  
[  8] 236.00-237.00 sec   584 KBytes  4.78 Mbits/sec  2.254 ms  0/427 (0%)  
[  8] 237.00-238.00 sec   637 KBytes  5.22 Mbits/sec  1.370 ms  0/466 (0%)  
[  8] 238.00-239.00 sec   610 KBytes  5.00 Mbits/sec  1.730 ms  0/446 (0%)  
[  8] 239.00-240.00 sec   603 KBytes  4.94 Mbits/sec  2.198 ms  0/441 (0%)  
[  8] 240.00-241.00 sec   608 KBytes  4.98 Mbits/sec  1.291 ms  5/450 (1.1%)  
[  8] 241.00-242.00 sec   607 KBytes  4.97 Mbits/sec  2.421 ms  0/444 (0%)  
[  8] 242.00-243.00 sec   608 KBytes  4.98 Mbits/sec  1.643 ms  0/445 (0%)  
[  8] 243.00-244.00 sec   617 KBytes  5.05 Mbits/sec  2.315 ms  1/452 (0.22%)  
[  8] 244.00-245.00 sec   611 KBytes  5.01 Mbits/sec  1.338 ms  0/447 (0%)  
[  8] 245.00-246.00 sec   608 KBytes  4.98 Mbits/sec  2.143 ms  0/445 (0%)  
[  8] 246.00-247.00 sec   610 KBytes  5.00 Mbits/sec  1.795 ms  0/446 (0%)  
[  8] 247.00-248.00 sec   611 KBytes  5.01 Mbits/sec  1.605 ms  0/447 (0%)  
[  8] 248.00-249.00 sec   610 KBytes  5.00 Mbits/sec  1.287 ms  0/446 (0%)  
[  8] 249.00-250.00 sec   610 KBytes  5.00 Mbits/sec  2.088 ms  0/446 (0%)  
[  8] 250.00-251.00 sec   612 KBytes  5.02 Mbits/sec  1.214 ms  0/448 (0%)  
[  8] 251.00-252.00 sec   611 KBytes  5.01 Mbits/sec  0.721 ms  0/447 (0%)  
[  8] 252.00-253.00 sec   600 KBytes  4.92 Mbits/sec  2.891 ms  6/445 (1.3%)  
[  8] 253.00-254.00 sec   610 KBytes  5.00 Mbits/sec  1.440 ms  0/446 (0%)  
[  8] 254.00-255.00 sec   606 KBytes  4.96 Mbits/sec  2.079 ms  0/443 (0%)  
[  8] 255.00-256.00 sec   614 KBytes  5.03 Mbits/sec  1.060 ms  0/449 (0%)  
[  8] 256.00-257.00 sec   612 KBytes  5.02 Mbits/sec  1.554 ms  0/448 (0%)  
[  8] 257.00-258.00 sec   606 KBytes  4.96 Mbits/sec  1.832 ms  0/443 (0%)  
[  8] 258.00-259.00 sec   611 KBytes  5.01 Mbits/sec  1.651 ms  4/451 (0.89%)  
[  8] 259.00-260.00 sec   599 KBytes  4.91 Mbits/sec  0.718 ms  0/438 (0%)  
[  8] 260.00-261.00 sec   621 KBytes  5.08 Mbits/sec  1.785 ms  0/454 (0%)  
[  8] 261.00-262.00 sec   599 KBytes  4.91 Mbits/sec  2.668 ms  6/444 (1.4%)  
[  8] 262.00-263.00 sec   614 KBytes  5.03 Mbits/sec  1.760 ms  0/449 (0%)  
[  8] 263.00-264.00 sec   608 KBytes  4.99 Mbits/sec  2.853 ms  0/445 (0%)  
[  8] 264.00-265.00 sec   602 KBytes  4.93 Mbits/sec  1.323 ms  8/448 (1.8%)  
[  8] 265.00-266.00 sec   606 KBytes  4.96 Mbits/sec  0.890 ms  0/443 (0%)  
[  8] 266.00-267.00 sec   614 KBytes  5.03 Mbits/sec  1.826 ms  0/449 (0%)  
[  8] 267.00-268.00 sec   608 KBytes  4.98 Mbits/sec  2.163 ms  0/445 (0%)  
[  8] 268.00-269.00 sec   610 KBytes  5.00 Mbits/sec  1.146 ms  0/446 (0%)  
[  8] 269.00-270.00 sec   604 KBytes  4.95 Mbits/sec  2.862 ms  2/444 (0.45%)  
[  8] 270.00-271.00 sec   618 KBytes  5.06 Mbits/sec  1.124 ms  0/452 (0%)  
[  8] 271.00-272.00 sec   610 KBytes  5.00 Mbits/sec  1.109 ms  0/446 (0%)  
[  8] 272.00-273.00 sec   611 KBytes  5.01 Mbits/sec  1.202 ms  0/447 (0%)  
[  8] 273.00-274.00 sec   599 KBytes  4.91 Mbits/sec  3.069 ms  0/438 (0%)  
[  8] 274.00-275.00 sec   617 KBytes  5.05 Mbits/sec  2.252 ms  0/451 (0%)  
[  8] 275.00-276.00 sec   614 KBytes  5.03 Mbits/sec  1.976 ms  0/449 (0%)  
[  8] 276.00-277.00 sec   610 KBytes  5.00 Mbits/sec  1.981 ms  0/446 (0%)  
[  8] 277.00-278.00 sec   604 KBytes  4.94 Mbits/sec  1.727 ms  0/442 (0%)  
[  8] 278.00-279.00 sec   615 KBytes  5.05 Mbits/sec  2.107 ms  0/450 (0%)  
[  8] 279.00-280.00 sec   608 KBytes  4.98 Mbits/sec  1.650 ms  0/445 (0%)  
[  8] 280.00-281.00 sec   614 KBytes  5.03 Mbits/sec  2.008 ms  0/449 (0%)  
[  8] 281.00-282.00 sec   604 KBytes  4.95 Mbits/sec  2.064 ms  2/444 (0.45%)  
[  8] 282.00-283.00 sec   612 KBytes  5.02 Mbits/sec  2.613 ms  0/448 (0%)  
[  8] 283.00-284.00 sec   606 KBytes  4.96 Mbits/sec  2.106 ms  0/443 (0%)  
[  8] 284.00-285.00 sec   615 KBytes  5.04 Mbits/sec  2.311 ms  0/450 (0%)  
[  8] 285.00-286.00 sec   610 KBytes  5.00 Mbits/sec  1.708 ms  0/446 (0%)  
[  8] 286.00-287.00 sec   611 KBytes  5.01 Mbits/sec  1.924 ms  1/448 (0.22%)  
[  8] 287.00-288.00 sec   604 KBytes  4.95 Mbits/sec  2.222 ms  2/444 (0.45%)  
[  8] 288.00-289.00 sec   611 KBytes  5.01 Mbits/sec  1.565 ms  0/448 (0%)  
[  8] 289.00-290.01 sec   615 KBytes  4.97 Mbits/sec  2.296 ms  1/451 (0.22%)  
[  8] 290.01-291.00 sec   600 KBytes  4.99 Mbits/sec  1.966 ms  3/442 (0.68%)  
[  8] 291.00-292.00 sec   608 KBytes  4.98 Mbits/sec  1.437 ms  0/445 (0%)  
[  8] 292.00-293.00 sec   612 KBytes  5.02 Mbits/sec  1.545 ms  0/448 (0%)  
[  8] 293.00-294.00 sec   607 KBytes  4.97 Mbits/sec  1.252 ms  2/446 (0.45%)  
[  8] 294.00-295.00 sec   612 KBytes  5.02 Mbits/sec  1.657 ms  0/448 (0%)  
[  8] 295.00-296.00 sec   602 KBytes  4.93 Mbits/sec  0.950 ms  3/443 (0.68%)  
[  8] 296.00-297.00 sec   608 KBytes  4.98 Mbits/sec  1.999 ms  1/446 (0.22%)  
[  8] 297.00-298.00 sec   615 KBytes  5.04 Mbits/sec  1.467 ms  0/450 (0%)  
[  8] 298.00-299.00 sec   607 KBytes  4.97 Mbits/sec  2.360 ms  0/444 (0%)  
[  8] 299.00-300.00 sec   607 KBytes  4.97 Mbits/sec  1.402 ms  3/447 (0.67%)  
[  8] 300.00-301.00 sec   610 KBytes  5.00 Mbits/sec  1.864 ms  1/447 (0.22%)  
[  8] 301.00-302.00 sec   611 KBytes  5.01 Mbits/sec  1.236 ms  0/447 (0%)  
[  8] 302.00-303.00 sec   611 KBytes  5.01 Mbits/sec  1.774 ms  0/447 (0%)  
[  8] 303.00-304.00 sec   607 KBytes  4.97 Mbits/sec  0.882 ms  1/445 (0.22%)  
[  8] 304.00-305.00 sec   602 KBytes  4.93 Mbits/sec  1.637 ms  6/446 (1.3%)  
[  8] 305.00-306.00 sec   611 KBytes  5.01 Mbits/sec  2.685 ms  0/447 (0%)  
[  8] 306.00-307.00 sec   591 KBytes  4.84 Mbits/sec  1.460 ms  16/448 (3.6%)  
[  8] 307.00-308.00 sec   581 KBytes  4.76 Mbits/sec  2.125 ms  20/445 (4.5%)  
[  8] 308.00-309.00 sec   610 KBytes  5.00 Mbits/sec  1.465 ms  1/447 (0.22%)  
[  8] 309.00-310.00 sec   608 KBytes  4.98 Mbits/sec  1.984 ms  0/445 (0%)  
[  8] 310.00-311.00 sec   608 KBytes  4.98 Mbits/sec  3.030 ms  0/445 (0%)  
[  8] 311.00-312.00 sec   607 KBytes  4.97 Mbits/sec  2.771 ms  1/445 (0.22%)  
[  8] 312.00-313.00 sec   618 KBytes  5.05 Mbits/sec  2.863 ms  0/452 (0%)  
[  8] 313.00-314.00 sec   610 KBytes  5.01 Mbits/sec  2.555 ms  0/446 (0%)  
[  8] 314.00-315.00 sec   608 KBytes  4.98 Mbits/sec  1.882 ms  0/445 (0%)  
[  8] 315.00-316.00 sec   611 KBytes  5.01 Mbits/sec  1.963 ms  0/447 (0%)  
[  8] 316.00-317.00 sec   611 KBytes  5.01 Mbits/sec  1.401 ms  0/447 (0%)  
[  8] 317.00-318.00 sec   607 KBytes  4.97 Mbits/sec  1.211 ms  1/445 (0.22%)  
[  8] 318.00-319.00 sec   604 KBytes  4.95 Mbits/sec  1.167 ms  2/444 (0.45%)  
[  8] 319.00-320.00 sec   614 KBytes  5.03 Mbits/sec  1.501 ms  0/449 (0%)  
[  8] 320.00-321.00 sec   602 KBytes  4.93 Mbits/sec  3.206 ms  4/444 (0.9%)  
[  8] 321.00-322.00 sec   587 KBytes  4.80 Mbits/sec  2.593 ms  2/431 (0.46%)  
[  8] 322.00-323.00 sec   606 KBytes  4.96 Mbits/sec  2.254 ms  19/462 (4.1%)  
[  8] 323.00-324.00 sec   588 KBytes  4.82 Mbits/sec  1.826 ms  8/438 (1.8%)  
[  8] 324.00-325.00 sec   589 KBytes  4.83 Mbits/sec  2.194 ms  20/451 (4.4%)  
[  8] 325.00-326.00 sec   591 KBytes  4.84 Mbits/sec  2.142 ms  17/449 (3.8%)  
[  8] 326.00-327.00 sec   618 KBytes  5.06 Mbits/sec  1.004 ms  0/452 (0%)  
[  8] 327.00-328.00 sec   608 KBytes  4.98 Mbits/sec  1.266 ms  0/445 (0%)  
[  8] 328.00-329.00 sec   607 KBytes  4.97 Mbits/sec  1.967 ms  0/444 (0%)  
[  8] 329.00-330.00 sec   604 KBytes  4.94 Mbits/sec  2.370 ms  0/442 (0%)  
[  8] 330.00-331.00 sec   615 KBytes  5.05 Mbits/sec  2.199 ms  0/450 (0%)  
[  8] 331.00-332.00 sec   617 KBytes  5.05 Mbits/sec  1.941 ms  0/451 (0%)  
[  8] 332.00-333.00 sec   607 KBytes  4.97 Mbits/sec  2.619 ms  0/444 (0%)  
[  8] 333.00-334.00 sec   611 KBytes  5.01 Mbits/sec  1.845 ms  0/447 (0%)  
[  8] 334.00-335.00 sec   604 KBytes  4.93 Mbits/sec  2.365 ms  4/446 (0.9%)  
[  8] 335.00-336.00 sec   614 KBytes  5.05 Mbits/sec  2.536 ms  0/449 (0%)  
[  8] 336.00-337.00 sec   610 KBytes  5.00 Mbits/sec  2.132 ms  0/446 (0%)  
[  8] 337.00-338.00 sec   610 KBytes  5.00 Mbits/sec  1.968 ms  0/446 (0%)  
[  8] 338.00-339.00 sec   600 KBytes  4.92 Mbits/sec  3.098 ms  6/445 (1.3%)  
[  8] 339.00-340.00 sec   606 KBytes  4.96 Mbits/sec  2.437 ms  4/447 (0.89%)  
[  8] 340.00-340.02 sec  8.20 KBytes  3.99 Mbits/sec  2.400 ms  0/6 (0%)  
- - - - - - - - - - - - - - - - - - - - - - - - -
[ ID] Interval           Transfer     Bitrate         Jitter    Lost/Total Datagrams
[  8]   0.00-340.02 sec   202 MBytes  4.99 Mbits/sec  2.400 ms  405/151786 (0.27%)  receiver
