-----------------------------------------------------------
Server listening on 5201 (test #1)
-----------------------------------------------------------
Accepted connection from 10.0.0.41, port 44888
[  8] local 10.0.0.105 port 5201 connected to 10.0.0.41 port 45392
[ ID] Interval           Transfer     Bitrate         Jitter    Lost/Total Datagrams
[  8]   0.00-1.00   sec   592 KBytes  4.84 Mbits/sec  1.154 ms  11/444 (2.5%)  
[  8]   1.00-2.00   sec   610 KBytes  5.00 Mbits/sec  1.287 ms  0/446 (0%)  
[  8]   2.00-3.00   sec   608 KBytes  4.98 Mbits/sec  1.534 ms  1/446 (0.22%)  
[  8]   3.00-4.00   sec   603 KBytes  4.94 Mbits/sec  2.533 ms  0/441 (0%)  
[  8]   4.00-5.00   sec   615 KBytes  5.04 Mbits/sec  1.275 ms  3/453 (0.66%)  
[  8]   5.00-6.00   sec   603 KBytes  4.94 Mbits/sec  1.890 ms  5/446 (1.1%)  
[  8]   6.00-7.00   sec   599 KBytes  4.91 Mbits/sec  1.867 ms  8/446 (1.8%)  
[  8]   7.00-8.00   sec   607 KBytes  4.97 Mbits/sec  1.390 ms  3/447 (0.67%)  
[  8]   8.00-9.00   sec   596 KBytes  4.88 Mbits/sec  2.484 ms  3/439 (0.68%)  
[  8]   9.00-10.01  sec   610 KBytes  4.94 Mbits/sec  1.971 ms  5/451 (1.1%)  
[  8]  10.01-11.00  sec   591 KBytes  4.90 Mbits/sec  2.115 ms  16/448 (3.6%)  
[  8]  11.00-12.00  sec   596 KBytes  4.88 Mbits/sec  0.964 ms  12/448 (2.7%)  
[  8]  12.00-13.00  sec   610 KBytes  5.00 Mbits/sec  1.035 ms  0/446 (0%)  
[  8]  13.00-14.00  sec   591 KBytes  4.84 Mbits/sec  2.353 ms  12/444 (2.7%)  
[  8]  14.00-15.00  sec   606 KBytes  4.96 Mbits/sec  1.964 ms  6/449 (1.3%)  
[  8]  15.00-16.00  sec   602 KBytes  4.93 Mbits/sec  2.084 ms  7/447 (1.6%)  
[  8]  16.00-17.00  sec   608 KBytes  4.98 Mbits/sec  2.170 ms  0/445 (0%)  
[  8]  17.00-18.00  sec   587 KBytes  4.80 Mbits/sec  2.022 ms  17/446 (3.8%)  
[  8]  18.00-19.00  sec   593 KBytes  4.86 Mbits/sec  1.403 ms  13/447 (2.9%)  
[  8]  19.00-20.00  sec   588 KBytes  4.81 Mbits/sec  2.805 ms  11/441 (2.5%)  
[  8]  20.00-21.00  sec   571 KBytes  4.68 Mbits/sec  2.473 ms  30/448 (6.7%)  
[  8]  21.00-22.00  sec   588 KBytes  4.82 Mbits/sec  2.536 ms  19/449 (4.2%)  
[  8]  22.00-23.00  sec   608 KBytes  4.98 Mbits/sec  1.873 ms  1/446 (0.22%)  
[  8]  23.00-24.00  sec   614 KBytes  5.03 Mbits/sec  1.235 ms  0/449 (0%)  
[  8]  24.00-25.00  sec   608 KBytes  4.98 Mbits/sec  1.657 ms  0/445 (0%)  
[  8]  25.00-26.00  sec   614 KBytes  5.03 Mbits/sec  1.414 ms  0/449 (0%)  
[  8]  26.00-27.00  sec   513 KBytes  4.20 Mbits/sec  2.535 ms  16/391 (4.1%)  
[  8]  27.00-28.00  sec   576 KBytes  4.71 Mbits/sec  2.033 ms  80/501 (16%)  
[  8]  28.00-29.00  sec   580 KBytes  4.75 Mbits/sec  2.260 ms  1/425 (0.24%)  
[  8]  29.00-30.00  sec   611 KBytes  5.01 Mbits/sec  1.829 ms  17/464 (3.7%)  
[  8]  30.00-31.00  sec   612 KBytes  5.02 Mbits/sec  2.810 ms  1/449 (0.22%)  
[  8]  31.00-32.00  sec   608 KBytes  4.98 Mbits/sec  2.503 ms  2/447 (0.45%)  
[  8]  32.00-33.00  sec   611 KBytes  5.01 Mbits/sec  1.927 ms  0/447 (0%)  
[  8]  33.00-34.00  sec   606 KBytes  4.96 Mbits/sec  2.121 ms  1/444 (0.23%)  
[  8]  34.00-35.00  sec   603 KBytes  4.94 Mbits/sec  2.695 ms  6/447 (1.3%)  
[  8]  35.00-36.00  sec   608 KBytes  4.98 Mbits/sec  2.449 ms  1/446 (0.22%)  
[  8]  36.00-37.00  sec   596 KBytes  4.88 Mbits/sec  2.778 ms  11/447 (2.5%)  
[  8]  37.00-38.00  sec   608 KBytes  4.98 Mbits/sec  1.430 ms  1/446 (0.22%)  
[  8]  38.00-39.00  sec   600 KBytes  4.92 Mbits/sec  2.549 ms  7/446 (1.6%)  
[  8]  39.00-40.00  sec   597 KBytes  4.89 Mbits/sec  1.764 ms  10/447 (2.2%)  
[  8]  40.00-41.00  sec   614 KBytes  5.03 Mbits/sec  2.219 ms  0/449 (0%)  
[  8]  41.00-42.00  sec   582 KBytes  4.77 Mbits/sec  3.389 ms  5/431 (1.2%)  
[  8]  42.00-43.00  sec   603 KBytes  4.94 Mbits/sec  3.212 ms  15/456 (3.3%)  
[  8]  43.00-44.00  sec   574 KBytes  4.70 Mbits/sec  2.251 ms  31/451 (6.9%)  
[  8]  44.00-45.00  sec   592 KBytes  4.85 Mbits/sec  2.298 ms  1/434 (0.23%)  
[  8]  45.00-46.00  sec   571 KBytes  4.68 Mbits/sec  1.924 ms  42/460 (9.1%)  
[  8]  46.00-47.00  sec   585 KBytes  4.79 Mbits/sec  2.906 ms  12/440 (2.7%)  
[  8]  47.00-48.00  sec   602 KBytes  4.93 Mbits/sec  3.229 ms  12/452 (2.7%)  
[  8]  48.00-49.00  sec   561 KBytes  4.59 Mbits/sec  2.165 ms  35/445 (7.9%)  
[  8]  49.00-50.00  sec   595 KBytes  4.87 Mbits/sec  1.892 ms  13/448 (2.9%)  
[  8]  50.00-51.00  sec   591 KBytes  4.84 Mbits/sec  2.684 ms  1/433 (0.23%)  
[  8]  51.00-52.00  sec   614 KBytes  5.02 Mbits/sec  1.544 ms  7/456 (1.5%)  
[  8]  52.00-53.00  sec   587 KBytes  4.81 Mbits/sec  1.714 ms  17/446 (3.8%)  
[  8]  53.00-54.00  sec   578 KBytes  4.74 Mbits/sec  1.125 ms  28/451 (6.2%)  
[  8]  54.00-55.00  sec   603 KBytes  4.94 Mbits/sec  1.380 ms  6/447 (1.3%)  
[  8]  55.00-56.00  sec   596 KBytes  4.88 Mbits/sec  2.190 ms  7/443 (1.6%)  
[  8]  56.00-57.00  sec   610 KBytes  5.00 Mbits/sec  1.347 ms  2/448 (0.45%)  
[  8]  57.00-58.00  sec   576 KBytes  4.71 Mbits/sec  2.897 ms  24/445 (5.4%)  
[  8]  58.00-59.00  sec   599 KBytes  4.91 Mbits/sec  1.576 ms  12/450 (2.7%)  
[  8]  59.00-60.00  sec   595 KBytes  4.87 Mbits/sec  1.503 ms  10/445 (2.2%)  
[  8]  60.00-61.00  sec   576 KBytes  4.72 Mbits/sec  0.883 ms  25/446 (5.6%)  
[  8]  61.00-62.00  sec   597 KBytes  4.89 Mbits/sec  1.665 ms  10/447 (2.2%)  
[  8]  62.00-63.00  sec   589 KBytes  4.83 Mbits/sec  1.936 ms  14/445 (3.1%)  
[  8]  63.00-64.00  sec   574 KBytes  4.70 Mbits/sec  1.362 ms  27/447 (6%)  
[  8]  64.00-65.00  sec   585 KBytes  4.79 Mbits/sec  2.083 ms  17/445 (3.8%)  
[  8]  65.00-66.00  sec   611 KBytes  5.01 Mbits/sec  1.583 ms  0/447 (0%)  
[  8]  66.00-67.00  sec   600 KBytes  4.92 Mbits/sec  2.188 ms  6/445 (1.3%)  
[  8]  67.00-68.00  sec   550 KBytes  4.50 Mbits/sec  1.775 ms  33/435 (7.6%)  
[  8]  68.00-69.00  sec   546 KBytes  4.47 Mbits/sec  5.181 ms  25/424 (5.9%)  
[  8]  69.00-70.00  sec   641 KBytes  5.25 Mbits/sec  0.927 ms  12/481 (2.5%)  
[  8]  70.00-71.00  sec   565 KBytes  4.62 Mbits/sec  1.320 ms  31/444 (7%)  
[  8]  71.00-72.00  sec   533 KBytes  4.37 Mbits/sec  4.189 ms  28/418 (6.7%)  
[  8]  72.00-73.00  sec   581 KBytes  4.76 Mbits/sec  2.478 ms  43/468 (9.2%)  
[  8]  73.00-74.00  sec   604 KBytes  4.95 Mbits/sec  3.085 ms  10/452 (2.2%)  
[  8]  74.00-75.00  sec   599 KBytes  4.91 Mbits/sec  3.039 ms  12/450 (2.7%)  
[  8]  75.00-76.00  sec   610 KBytes  4.99 Mbits/sec  1.792 ms  2/448 (0.45%)  
[  8]  76.00-77.00  sec   588 KBytes  4.81 Mbits/sec  3.048 ms  15/445 (3.4%)  
[  8]  77.00-78.00  sec   602 KBytes  4.93 Mbits/sec  1.956 ms  9/449 (2%)  
[  8]  78.00-79.00  sec   580 KBytes  4.75 Mbits/sec  1.344 ms  16/440 (3.6%)  
[  8]  79.00-80.00  sec   611 KBytes  5.00 Mbits/sec  2.196 ms  5/452 (1.1%)  
[  8]  80.00-81.00  sec   600 KBytes  4.92 Mbits/sec  2.395 ms  7/446 (1.6%)  
[  8]  81.00-82.00  sec   585 KBytes  4.79 Mbits/sec  2.750 ms  15/443 (3.4%)  
[  8]  82.00-83.00  sec   606 KBytes  4.96 Mbits/sec  2.030 ms  9/452 (2%)  
[  8]  83.00-84.00  sec   600 KBytes  4.92 Mbits/sec  1.243 ms  7/446 (1.6%)  
[  8]  84.00-85.00  sec   602 KBytes  4.93 Mbits/sec  1.984 ms  5/445 (1.1%)  
[  8]  85.00-86.00  sec   610 KBytes  5.00 Mbits/sec  2.269 ms  2/448 (0.45%)  
[  8]  86.00-87.00  sec   596 KBytes  4.88 Mbits/sec  2.740 ms  5/441 (1.1%)  
[  8]  87.00-88.00  sec   617 KBytes  5.05 Mbits/sec  1.861 ms  0/451 (0%)  
[  8]  88.00-89.00  sec   606 KBytes  4.96 Mbits/sec  1.933 ms  3/446 (0.67%)  
[  8]  89.00-90.00  sec   597 KBytes  4.89 Mbits/sec  2.583 ms  7/444 (1.6%)  
[  8]  90.00-91.00  sec   611 KBytes  5.01 Mbits/sec  1.791 ms  3/450 (0.67%)  
[  8]  91.00-92.00  sec   602 KBytes  4.93 Mbits/sec  2.284 ms  2/442 (0.45%)  
[  8]  92.00-93.00  sec   617 KBytes  5.05 Mbits/sec  1.380 ms  0/451 (0%)  
[  8]  93.00-94.00  sec   608 KBytes  4.99 Mbits/sec  1.760 ms  2/447 (0.45%)  
[  8]  94.00-95.00  sec   604 KBytes  4.95 Mbits/sec  2.567 ms  4/446 (0.9%)  
[  8]  95.00-96.00  sec   606 KBytes  4.96 Mbits/sec  1.666 ms  4/447 (0.89%)  
[  8]  96.00-97.00  sec   591 KBytes  4.84 Mbits/sec  2.608 ms  11/443 (2.5%)  
[  8]  97.00-98.00  sec   606 KBytes  4.96 Mbits/sec  2.769 ms  4/447 (0.89%)  
[  8]  98.00-99.00  sec   600 KBytes  4.92 Mbits/sec  2.390 ms  7/446 (1.6%)  
[  8]  99.00-100.00 sec   608 KBytes  4.98 Mbits/sec  2.096 ms  3/448 (0.67%)  
[  8] 100.00-101.00 sec   606 KBytes  4.94 Mbits/sec  2.975 ms  3/446 (0.67%)  
[  8] 101.00-102.00 sec   604 KBytes  4.97 Mbits/sec  3.058 ms  3/445 (0.67%)  
[  8] 102.00-103.00 sec   589 KBytes  4.83 Mbits/sec  1.753 ms  16/447 (3.6%)  
[  8] 103.00-104.00 sec   596 KBytes  4.88 Mbits/sec  2.561 ms  9/445 (2%)  
[  8] 104.00-105.00 sec   548 KBytes  4.49 Mbits/sec  3.527 ms  10/411 (2.4%)  
[  8] 105.00-106.00 sec   608 KBytes  4.98 Mbits/sec  1.099 ms  34/479 (7.1%)  
[  8] 106.00-107.00 sec   573 KBytes  4.69 Mbits/sec  2.592 ms  2/421 (0.48%)  
[  8] 107.00-108.00 sec   600 KBytes  4.92 Mbits/sec  2.635 ms  33/472 (7%)  
[  8] 108.00-109.00 sec   587 KBytes  4.80 Mbits/sec  0.626 ms  22/451 (4.9%)  
[  8] 109.00-110.00 sec   611 KBytes  5.01 Mbits/sec  0.330 ms  0/447 (0%)  
[  8] 110.00-111.00 sec   607 KBytes  4.97 Mbits/sec  0.954 ms  1/445 (0.22%)  
[  8] 111.00-112.00 sec   597 KBytes  4.89 Mbits/sec  1.557 ms  10/447 (2.2%)  
[  8] 112.00-113.00 sec   602 KBytes  4.93 Mbits/sec  1.457 ms  5/445 (1.1%)  
[  8] 113.00-114.00 sec   592 KBytes  4.85 Mbits/sec  1.805 ms  12/445 (2.7%)  
[  8] 114.00-115.00 sec   567 KBytes  4.65 Mbits/sec  1.535 ms  9/424 (2.1%)  
[  8] 115.00-116.00 sec   626 KBytes  5.13 Mbits/sec  1.251 ms  14/472 (3%)  
[  8] 116.00-117.00 sec   612 KBytes  5.02 Mbits/sec  0.700 ms  1/449 (0.22%)  
[  8] 117.00-118.00 sec   604 KBytes  4.95 Mbits/sec  0.603 ms  2/444 (0.45%)  
[  8] 118.00-119.00 sec   603 KBytes  4.94 Mbits/sec  2.071 ms  6/447 (1.3%)  
[  8] 119.00-120.00 sec   587 KBytes  4.81 Mbits/sec  1.588 ms  17/446 (3.8%)  
[  8] 120.00-121.00 sec   558 KBytes  4.57 Mbits/sec  3.871 ms  18/426 (4.2%)  
[  8] 121.00-122.00 sec   612 KBytes  5.02 Mbits/sec  0.815 ms  16/464 (3.4%)  
[  8] 122.00-123.00 sec   600 KBytes  4.91 Mbits/sec  2.830 ms  10/449 (2.2%)  
[  8] 123.00-124.00 sec   591 KBytes  4.84 Mbits/sec  2.234 ms  14/446 (3.1%)  
[  8] 124.00-125.00 sec   574 KBytes  4.70 Mbits/sec  1.265 ms  23/443 (5.2%)  
[  8] 125.00-126.00 sec   614 KBytes  5.03 Mbits/sec  1.292 ms  1/450 (0.22%)  
[  8] 126.00-127.00 sec   582 KBytes  4.77 Mbits/sec  3.209 ms  17/443 (3.8%)  
[  8] 127.00-128.00 sec   604 KBytes  4.95 Mbits/sec  1.394 ms  9/451 (2%)  
[  8] 128.00-129.00 sec   576 KBytes  4.71 Mbits/sec  0.566 ms  24/445 (5.4%)  
[  8] 129.00-130.00 sec   603 KBytes  4.94 Mbits/sec  1.109 ms  6/447 (1.3%)  
[  8] 130.00-131.00 sec   608 KBytes  4.98 Mbits/sec  0.688 ms  0/445 (0%)  
[  8] 131.00-132.00 sec   563 KBytes  4.61 Mbits/sec  0.284 ms  33/445 (7.4%)  
[  8] 132.00-133.00 sec   599 KBytes  4.91 Mbits/sec  1.135 ms  13/451 (2.9%)  
[  8] 133.00-134.00 sec   591 KBytes  4.84 Mbits/sec  1.896 ms  14/446 (3.1%)  
[  8] 134.00-135.00 sec   592 KBytes  4.85 Mbits/sec  1.854 ms  11/444 (2.5%)  
[  8] 135.00-136.00 sec   608 KBytes  4.98 Mbits/sec  1.368 ms  1/446 (0.22%)  
[  8] 136.00-137.00 sec   599 KBytes  4.91 Mbits/sec  2.597 ms  4/442 (0.9%)  
[  8] 137.00-138.00 sec   573 KBytes  4.69 Mbits/sec  1.389 ms  34/453 (7.5%)  
[  8] 138.00-139.00 sec   577 KBytes  4.71 Mbits/sec  1.797 ms  20/442 (4.5%)  
[  8] 139.00-140.00 sec   570 KBytes  4.69 Mbits/sec  2.386 ms  26/443 (5.9%)  
[  8] 140.00-141.00 sec   589 KBytes  4.83 Mbits/sec  3.118 ms  0/431 (0%)  
[  8] 141.00-142.00 sec   622 KBytes  5.10 Mbits/sec  1.334 ms  17/472 (3.6%)  
[  8] 142.00-143.00 sec   600 KBytes  4.92 Mbits/sec  1.441 ms  6/445 (1.3%)  
[  8] 143.00-144.00 sec   573 KBytes  4.69 Mbits/sec  2.497 ms  22/441 (5%)  
[  8] 144.00-145.00 sec   606 KBytes  4.96 Mbits/sec  1.336 ms  8/451 (1.8%)  
[  8] 145.00-146.00 sec   607 KBytes  4.97 Mbits/sec  2.145 ms  3/447 (0.67%)  
[  8] 146.00-147.00 sec   589 KBytes  4.83 Mbits/sec  2.667 ms  14/445 (3.1%)  
[  8] 147.00-148.00 sec   604 KBytes  4.95 Mbits/sec  1.331 ms  6/448 (1.3%)  
[  8] 148.00-149.00 sec   524 KBytes  4.29 Mbits/sec  4.495 ms  14/397 (3.5%)  
[  8] 149.00-150.00 sec   562 KBytes  4.60 Mbits/sec  2.405 ms  23/434 (5.3%)  
[  8] 150.00-151.00 sec   634 KBytes  5.20 Mbits/sec  1.794 ms  45/509 (8.8%)  
[  8] 151.00-152.00 sec   573 KBytes  4.69 Mbits/sec  2.002 ms  22/441 (5%)  
[  8] 152.00-153.00 sec   608 KBytes  4.98 Mbits/sec  2.358 ms  5/450 (1.1%)  
[  8] 153.00-154.00 sec   604 KBytes  4.95 Mbits/sec  1.688 ms  1/443 (0.23%)  
[  8] 154.00-155.00 sec   615 KBytes  5.04 Mbits/sec  1.343 ms  1/451 (0.22%)  
[  8] 155.00-156.00 sec   592 KBytes  4.85 Mbits/sec  2.660 ms  8/441 (1.8%)  
[  8] 156.00-157.00 sec   606 KBytes  4.96 Mbits/sec  2.413 ms  6/449 (1.3%)  
[  8] 157.00-158.00 sec   596 KBytes  4.88 Mbits/sec  1.609 ms  14/450 (3.1%)  
[  8] 158.00-159.00 sec   602 KBytes  4.93 Mbits/sec  1.645 ms  6/446 (1.3%)  
[  8] 159.00-160.00 sec   602 KBytes  4.93 Mbits/sec  2.241 ms  2/442 (0.45%)  
[  8] 160.00-161.00 sec   517 KBytes  4.23 Mbits/sec  1.792 ms  6/384 (1.6%)  
[  8] 161.00-162.00 sec   658 KBytes  5.39 Mbits/sec  1.528 ms  31/512 (6.1%)  
[  8] 162.00-163.00 sec   587 KBytes  4.81 Mbits/sec  1.498 ms  14/443 (3.2%)  
[  8] 163.00-164.00 sec   614 KBytes  5.03 Mbits/sec  0.733 ms  1/450 (0.22%)  
[  8] 164.00-165.00 sec   588 KBytes  4.82 Mbits/sec  1.889 ms  14/444 (3.2%)  
[  8] 165.00-166.00 sec   585 KBytes  4.79 Mbits/sec  2.654 ms  12/440 (2.7%)  
[  8] 166.00-167.00 sec   592 KBytes  4.85 Mbits/sec  2.039 ms  14/447 (3.1%)  
[  8] 167.00-168.00 sec   495 KBytes  4.05 Mbits/sec  2.560 ms  78/440 (18%)  
[  8] 168.00-169.00 sec   574 KBytes  4.70 Mbits/sec  2.294 ms  33/453 (7.3%)  
[  8] 169.00-170.00 sec   611 KBytes  5.01 Mbits/sec  2.160 ms  7/454 (1.5%)  
[  8] 170.00-171.00 sec   612 KBytes  5.02 Mbits/sec  0.579 ms  1/449 (0.22%)  
[  8] 171.00-172.00 sec   581 KBytes  4.76 Mbits/sec  1.301 ms  7/432 (1.6%)  
[  8] 172.00-173.00 sec   550 KBytes  4.50 Mbits/sec  2.315 ms  46/448 (10%)  
[  8] 173.00-174.00 sec   587 KBytes  4.80 Mbits/sec  1.185 ms  29/458 (6.3%)  
[  8] 174.00-175.00 sec   561 KBytes  4.59 Mbits/sec  2.326 ms  36/446 (8.1%)  
[  8] 175.00-176.00 sec   577 KBytes  4.73 Mbits/sec  2.418 ms  24/446 (5.4%)  
[  8] 176.00-177.00 sec   574 KBytes  4.70 Mbits/sec  3.248 ms  16/436 (3.7%)  
[  8] 177.00-178.00 sec   587 KBytes  4.80 Mbits/sec  2.484 ms  24/453 (5.3%)  
[  8] 178.00-179.00 sec   593 KBytes  4.86 Mbits/sec  2.091 ms  17/451 (3.8%)  
[  8] 179.00-180.00 sec   555 KBytes  4.54 Mbits/sec  1.512 ms  41/447 (9.2%)  
[  8] 180.00-181.00 sec   604 KBytes  4.96 Mbits/sec  1.509 ms  5/447 (1.1%)  
[  8] 181.00-182.00 sec   567 KBytes  4.65 Mbits/sec  2.252 ms  30/445 (6.7%)  
[  8] 182.00-183.00 sec   547 KBytes  4.48 Mbits/sec  1.596 ms  45/445 (10%)  
[  8] 183.00-184.00 sec   554 KBytes  4.54 Mbits/sec  2.583 ms  11/416 (2.6%)  
[  8] 184.00-185.00 sec   573 KBytes  4.69 Mbits/sec  2.606 ms  49/468 (10%)  
[  8] 185.00-186.00 sec   571 KBytes  4.68 Mbits/sec  0.816 ms  39/457 (8.5%)  
[  8] 186.00-187.00 sec   569 KBytes  4.66 Mbits/sec  0.720 ms  23/439 (5.2%)  
[  8] 187.00-188.00 sec   603 KBytes  4.94 Mbits/sec  0.864 ms  4/445 (0.9%)  
[  8] 188.00-189.00 sec   615 KBytes  5.04 Mbits/sec  0.812 ms  0/450 (0%)  
[  8] 189.00-190.00 sec   604 KBytes  4.95 Mbits/sec  1.652 ms  8/450 (1.8%)  
[  8] 190.00-191.00 sec   603 KBytes  4.94 Mbits/sec  1.832 ms  6/447 (1.3%)  
[  8] 191.00-192.00 sec   589 KBytes  4.83 Mbits/sec  2.027 ms  11/442 (2.5%)  
[  8] 192.00-193.00 sec   540 KBytes  4.42 Mbits/sec  1.729 ms  55/450 (12%)  
[  8] 193.00-194.00 sec   589 KBytes  4.83 Mbits/sec  1.987 ms  9/440 (2%)  
[  8] 194.00-195.00 sec   611 KBytes  5.01 Mbits/sec  2.192 ms  8/455 (1.8%)  
[  8] 195.00-196.00 sec   595 KBytes  4.87 Mbits/sec  2.239 ms  8/443 (1.8%)  
[  8] 196.00-197.00 sec   612 KBytes  5.02 Mbits/sec  2.055 ms  2/450 (0.44%)  
[  8] 197.00-198.00 sec   608 KBytes  4.99 Mbits/sec  2.434 ms  0/445 (0%)  
[  8] 198.00-199.00 sec   585 KBytes  4.79 Mbits/sec  2.529 ms  18/446 (4%)  
[  8] 199.00-200.00 sec   587 KBytes  4.80 Mbits/sec  1.667 ms  17/446 (3.8%)  
[  8] 200.00-201.00 sec   607 KBytes  4.97 Mbits/sec  1.473 ms  5/449 (1.1%)  
[  8] 201.00-202.00 sec   606 KBytes  4.96 Mbits/sec  2.528 ms  0/443 (0%)  
[  8] 202.00-203.00 sec   435 KBytes  3.56 Mbits/sec  3.897 ms  2/320 (0.62%)  
[  8] 203.00-204.00 sec   652 KBytes  5.34 Mbits/sec  3.265 ms  42/519 (8.1%)  
[  8] 204.00-205.00 sec   644 KBytes  5.27 Mbits/sec  1.959 ms  32/503 (6.4%)  
[  8] 205.00-206.00 sec   589 KBytes  4.82 Mbits/sec  2.353 ms  11/442 (2.5%)  
[  8] 206.00-207.00 sec   607 KBytes  4.98 Mbits/sec  1.666 ms  7/451 (1.6%)  
[  8] 207.00-208.00 sec   591 KBytes  4.84 Mbits/sec  3.084 ms  4/436 (0.92%)  
[  8] 208.00-209.00 sec   556 KBytes  4.56 Mbits/sec  1.405 ms  49/456 (11%)  
[  8] 209.00-210.00 sec   610 KBytes  5.00 Mbits/sec  1.753 ms  0/446 (0%)  
[  8] 210.00-211.00 sec   603 KBytes  4.94 Mbits/sec  3.039 ms  4/445 (0.9%)  
[  8] 211.00-212.00 sec   611 KBytes  5.01 Mbits/sec  2.152 ms  0/447 (0%)  
[  8] 212.00-213.00 sec   614 KBytes  5.03 Mbits/sec  1.900 ms  0/449 (0%)  
[  8] 213.00-214.00 sec   599 KBytes  4.91 Mbits/sec  2.678 ms  4/442 (0.9%)  
[  8] 214.00-215.00 sec   608 KBytes  4.98 Mbits/sec  1.723 ms  4/449 (0.89%)  
[  8] 215.00-216.00 sec   603 KBytes  4.94 Mbits/sec  2.633 ms  5/446 (1.1%)  
[  8] 216.00-217.00 sec   600 KBytes  4.90 Mbits/sec  2.300 ms  7/446 (1.6%)  
[  8] 217.00-218.00 sec   592 KBytes  4.86 Mbits/sec  2.062 ms  17/450 (3.8%)  
[  8] 218.00-219.00 sec   604 KBytes  4.95 Mbits/sec  1.864 ms  3/445 (0.67%)  
[  8] 219.00-220.01 sec   577 KBytes  4.67 Mbits/sec  2.263 ms  16/438 (3.7%)  
[  8] 220.01-221.00 sec   585 KBytes  4.84 Mbits/sec  3.906 ms  14/442 (3.2%)  
[  8] 221.00-222.00 sec   625 KBytes  5.12 Mbits/sec  2.747 ms  3/460 (0.65%)  
[  8] 222.00-223.00 sec   610 KBytes  5.00 Mbits/sec  1.595 ms  0/446 (0%)  
[  8] 223.00-224.00 sec   602 KBytes  4.91 Mbits/sec  2.385 ms  5/445 (1.1%)  
[  8] 224.00-225.00 sec   612 KBytes  5.03 Mbits/sec  1.369 ms  0/448 (0%)  
[  8] 225.00-226.00 sec   610 KBytes  4.99 Mbits/sec  1.498 ms  0/446 (0%)  
[  8] 226.00-227.00 sec   608 KBytes  4.98 Mbits/sec  1.767 ms  3/448 (0.67%)  
[  8] 227.00-228.00 sec   608 KBytes  4.98 Mbits/sec  1.705 ms  0/445 (0%)  
[  8] 228.00-229.00 sec   600 KBytes  4.92 Mbits/sec  2.037 ms  8/447 (1.8%)  
[  8] 229.00-230.00 sec   606 KBytes  4.96 Mbits/sec  1.686 ms  1/444 (0.23%)  
[  8] 230.00-231.00 sec   578 KBytes  4.74 Mbits/sec  2.348 ms  15/438 (3.4%)  
[  8] 231.00-232.00 sec   597 KBytes  4.90 Mbits/sec  1.591 ms  18/455 (4%)  
[  8] 232.00-233.00 sec   541 KBytes  4.43 Mbits/sec  2.199 ms  0/396 (0%)  
[  8] 233.00-234.00 sec   596 KBytes  4.88 Mbits/sec  1.788 ms  0/436 (0%)  
[  8] 234.00-235.00 sec   684 KBytes  5.60 Mbits/sec  2.139 ms  8/508 (1.6%)  
[  8] 235.00-236.00 sec   573 KBytes  4.69 Mbits/sec  2.380 ms  6/425 (1.4%)  
[  8] 236.00-237.00 sec   476 KBytes  3.90 Mbits/sec  2.268 ms  29/377 (7.7%)  
[  8] 237.00-238.00 sec   576 KBytes  4.71 Mbits/sec  2.242 ms  2/423 (0.47%)  
[  8] 238.00-239.00 sec   722 KBytes  5.92 Mbits/sec  2.278 ms  4/532 (0.75%)  
[  8] 239.00-240.00 sec   628 KBytes  5.14 Mbits/sec  2.520 ms  11/470 (2.3%)  
[  8] 240.00-241.00 sec   576 KBytes  4.71 Mbits/sec  1.382 ms  32/453 (7.1%)  
[  8] 241.00-242.00 sec   595 KBytes  4.88 Mbits/sec  1.987 ms  8/443 (1.8%)  
[  8] 242.00-243.00 sec   610 KBytes  5.00 Mbits/sec  2.716 ms  2/448 (0.45%)  
[  8] 243.00-244.00 sec   597 KBytes  4.90 Mbits/sec  2.139 ms  4/441 (0.91%)  
[  8] 244.00-245.00 sec   526 KBytes  4.31 Mbits/sec  1.693 ms  5/390 (1.3%)  
[  8] 245.00-246.00 sec   600 KBytes  4.92 Mbits/sec  1.653 ms  71/510 (14%)  
[  8] 246.00-247.00 sec   600 KBytes  4.92 Mbits/sec  2.218 ms  6/445 (1.3%)  
[  8] 247.00-248.00 sec   610 KBytes  5.00 Mbits/sec  1.419 ms  3/449 (0.67%)  
[  8] 248.00-249.00 sec   589 KBytes  4.83 Mbits/sec  1.906 ms  10/441 (2.3%)  
[  8] 249.00-250.00 sec   608 KBytes  4.98 Mbits/sec  1.629 ms  1/446 (0.22%)  
[  8] 250.00-251.00 sec   614 KBytes  5.03 Mbits/sec  1.489 ms  2/451 (0.44%)  
[  8] 251.00-252.00 sec   608 KBytes  4.98 Mbits/sec  1.521 ms  0/445 (0%)  
[  8] 252.00-253.00 sec   611 KBytes  5.01 Mbits/sec  1.170 ms  1/448 (0.22%)  
[  8] 253.00-254.00 sec   610 KBytes  5.00 Mbits/sec  1.388 ms  0/446 (0%)  
[  8] 254.00-255.00 sec   607 KBytes  4.97 Mbits/sec  1.861 ms  1/445 (0.22%)  
[  8] 255.00-256.00 sec   592 KBytes  4.85 Mbits/sec  1.733 ms  14/447 (3.1%)  
[  8] 256.00-257.00 sec   602 KBytes  4.93 Mbits/sec  2.265 ms  7/447 (1.6%)  
[  8] 257.00-258.00 sec   607 KBytes  4.97 Mbits/sec  2.266 ms  1/445 (0.22%)  
[  8] 258.00-259.00 sec   574 KBytes  4.70 Mbits/sec  2.079 ms  28/448 (6.2%)  
[  8] 259.00-260.00 sec   607 KBytes  4.97 Mbits/sec  2.277 ms  1/445 (0.22%)  
[  8] 260.00-261.00 sec   611 KBytes  5.01 Mbits/sec  1.794 ms  3/450 (0.67%)  
[  8] 261.00-262.00 sec   565 KBytes  4.62 Mbits/sec  2.626 ms  27/440 (6.1%)  
[  8] 262.00-263.00 sec   597 KBytes  4.90 Mbits/sec  2.796 ms  4/441 (0.91%)  
[  8] 263.00-264.00 sec   597 KBytes  4.89 Mbits/sec  3.121 ms  14/451 (3.1%)  
[  8] 264.00-265.00 sec   578 KBytes  4.74 Mbits/sec  2.045 ms  27/450 (6%)  
[  8] 265.00-266.00 sec   593 KBytes  4.86 Mbits/sec  2.633 ms  11/445 (2.5%)  
[  8] 266.00-267.00 sec   587 KBytes  4.80 Mbits/sec  2.179 ms  21/450 (4.7%)  
[  8] 267.00-268.00 sec   581 KBytes  4.76 Mbits/sec  2.354 ms  17/442 (3.8%)  
[  8] 268.00-269.00 sec   554 KBytes  4.54 Mbits/sec  4.021 ms  24/429 (5.6%)  
[  8] 269.00-270.00 sec   600 KBytes  4.92 Mbits/sec  2.697 ms  27/466 (5.8%)  
[  8] 270.00-271.00 sec   607 KBytes  4.97 Mbits/sec  1.195 ms  5/449 (1.1%)  
[  8] 271.00-272.00 sec   604 KBytes  4.95 Mbits/sec  1.834 ms  5/447 (1.1%)  
[  8] 272.00-273.00 sec   604 KBytes  4.95 Mbits/sec  1.351 ms  3/445 (0.67%)  
[  8] 273.00-274.00 sec   573 KBytes  4.69 Mbits/sec  2.675 ms  18/437 (4.1%)  
[  8] 274.00-275.00 sec   614 KBytes  5.03 Mbits/sec  2.669 ms  1/450 (0.22%)  
[  8] 275.00-276.00 sec   602 KBytes  4.93 Mbits/sec  2.039 ms  10/450 (2.2%)  
[  8] 276.00-277.00 sec   599 KBytes  4.91 Mbits/sec  2.058 ms  10/448 (2.2%)  
[  8] 277.00-278.00 sec   607 KBytes  4.96 Mbits/sec  1.966 ms  5/449 (1.1%)  
[  8] 278.00-279.00 sec   604 KBytes  4.96 Mbits/sec  2.218 ms  3/445 (0.67%)  
[  8] 279.00-280.00 sec   589 KBytes  4.83 Mbits/sec  3.142 ms  15/446 (3.4%)  
[  8] 280.00-281.00 sec   600 KBytes  4.92 Mbits/sec  1.898 ms  6/445 (1.3%)  
[  8] 281.00-282.00 sec   591 KBytes  4.84 Mbits/sec  2.098 ms  14/446 (3.1%)  
[  8] 282.00-283.00 sec   596 KBytes  4.88 Mbits/sec  2.707 ms  2/438 (0.46%)  
[  8] 283.00-284.00 sec   473 KBytes  3.88 Mbits/sec  3.488 ms  101/447 (23%)  
[  8] 284.00-285.00 sec   596 KBytes  4.88 Mbits/sec  2.318 ms  19/455 (4.2%)  
[  8] 285.00-286.00 sec   602 KBytes  4.93 Mbits/sec  2.115 ms  8/448 (1.8%)  
[  8] 286.00-287.00 sec   600 KBytes  4.92 Mbits/sec  1.832 ms  8/447 (1.8%)  
[  8] 287.00-288.00 sec   599 KBytes  4.91 Mbits/sec  2.352 ms  5/443 (1.1%)  
[  8] 288.00-289.00 sec   499 KBytes  4.09 Mbits/sec  3.015 ms  21/386 (5.4%)  
[  8] 289.00-290.00 sec   602 KBytes  4.93 Mbits/sec  1.892 ms  68/508 (13%)  
[  8] 290.00-291.00 sec   593 KBytes  4.86 Mbits/sec  2.328 ms  11/445 (2.5%)  
[  8] 291.00-292.00 sec   585 KBytes  4.79 Mbits/sec  1.892 ms  21/449 (4.7%)  
[  8] 292.00-293.00 sec   580 KBytes  4.75 Mbits/sec  2.872 ms  22/446 (4.9%)  
[  8] 293.00-294.00 sec   585 KBytes  4.80 Mbits/sec  2.115 ms  18/446 (4%)  
[  8] 294.00-295.00 sec   595 KBytes  4.87 Mbits/sec  2.232 ms  11/446 (2.5%)  
[  8] 295.00-296.00 sec   581 KBytes  4.76 Mbits/sec  1.832 ms  17/442 (3.8%)  
[  8] 296.00-297.00 sec   520 KBytes  4.25 Mbits/sec  1.741 ms  7/387 (1.8%)  
[  8] 297.00-298.00 sec   611 KBytes  5.01 Mbits/sec  1.638 ms  65/512 (13%)  
[  8] 298.00-299.00 sec   509 KBytes  4.16 Mbits/sec  1.836 ms  2/374 (0.53%)  
[  8] 299.00-300.00 sec   682 KBytes  5.59 Mbits/sec  1.603 ms  13/512 (2.5%)  
[  8] 300.00-301.00 sec   618 KBytes  5.06 Mbits/sec  2.084 ms  1/453 (0.22%)  
[  8] 301.00-302.00 sec   578 KBytes  4.74 Mbits/sec  1.656 ms  24/447 (5.4%)  
[  8] 302.00-303.00 sec   597 KBytes  4.89 Mbits/sec  1.346 ms  5/442 (1.1%)  
[  8] 303.00-304.00 sec   614 KBytes  5.03 Mbits/sec  1.337 ms  1/450 (0.22%)  
[  8] 304.00-305.00 sec   442 KBytes  3.61 Mbits/sec  4.847 ms  0/323 (0%)  
[  8] 305.00-306.00 sec   662 KBytes  5.43 Mbits/sec  2.927 ms  84/568 (15%)  
[  8] 306.00-307.00 sec   536 KBytes  4.39 Mbits/sec  2.329 ms  44/436 (10%)  
[  8] 307.00-308.00 sec   435 KBytes  3.56 Mbits/sec  2.920 ms  65/383 (17%)  
[  8] 308.00-309.00 sec   636 KBytes  5.21 Mbits/sec  2.188 ms  44/509 (8.6%)  
[  8] 309.00-310.00 sec   585 KBytes  4.79 Mbits/sec  3.292 ms  18/446 (4%)  
[  8] 310.00-311.00 sec   591 KBytes  4.84 Mbits/sec  2.828 ms  21/453 (4.6%)  
[  8] 311.00-312.00 sec   591 KBytes  4.84 Mbits/sec  2.554 ms  19/451 (4.2%)  
[  8] 312.00-313.00 sec   597 KBytes  4.89 Mbits/sec  2.832 ms  14/451 (3.1%)  
[  8] 313.00-314.00 sec   595 KBytes  4.87 Mbits/sec  2.821 ms  7/442 (1.6%)  
[  8] 314.00-315.00 sec   596 KBytes  4.88 Mbits/sec  2.193 ms  13/449 (2.9%)  
[  8] 315.00-316.00 sec   556 KBytes  4.56 Mbits/sec  2.405 ms  35/442 (7.9%)  
[  8] 316.00-317.00 sec   559 KBytes  4.58 Mbits/sec  2.262 ms  36/445 (8.1%)  
[  8] 317.00-318.00 sec   593 KBytes  4.86 Mbits/sec  1.904 ms  20/454 (4.4%)  
[  8] 318.00-319.00 sec   588 KBytes  4.82 Mbits/sec  1.814 ms  13/443 (2.9%)  
[  8] 319.00-320.00 sec   581 KBytes  4.76 Mbits/sec  1.241 ms  23/448 (5.1%)  
[  8] 320.00-321.00 sec   556 KBytes  4.56 Mbits/sec  3.202 ms  32/439 (7.3%)  
[  8] 321.00-322.00 sec   515 KBytes  4.22 Mbits/sec  2.732 ms  52/429 (12%)  
[  8] 322.00-323.00 sec   547 KBytes  4.48 Mbits/sec  2.628 ms  65/465 (14%)  
[  8] 323.00-324.00 sec   536 KBytes  4.39 Mbits/sec  3.120 ms  53/445 (12%)  
[  8] 324.00-325.00 sec   522 KBytes  4.28 Mbits/sec  3.336 ms  69/451 (15%)  
[  8] 325.00-326.00 sec   548 KBytes  4.49 Mbits/sec  3.036 ms  37/438 (8.4%)  
[  8] 326.00-327.00 sec   555 KBytes  4.55 Mbits/sec  1.481 ms  50/456 (11%)  
[  8] 327.00-328.00 sec   615 KBytes  5.04 Mbits/sec  1.275 ms  0/450 (0%)  
[  8] 328.00-329.00 sec   570 KBytes  4.67 Mbits/sec  1.521 ms  22/439 (5%)  
[  8] 329.00-330.00 sec   593 KBytes  4.85 Mbits/sec  2.250 ms  9/443 (2%)  
[  8] 330.00-331.00 sec   588 KBytes  4.82 Mbits/sec  2.298 ms  21/451 (4.7%)  
[  8] 331.00-332.00 sec   603 KBytes  4.94 Mbits/sec  1.861 ms  5/446 (1.1%)  
[  8] 332.00-333.00 sec   593 KBytes  4.86 Mbits/sec  2.488 ms  11/445 (2.5%)  
[  8] 333.00-334.00 sec   600 KBytes  4.92 Mbits/sec  2.036 ms  12/451 (2.7%)  
[  8] 334.00-335.00 sec   597 KBytes  4.88 Mbits/sec  2.345 ms  5/442 (1.1%)  
[  8] 335.00-336.00 sec   574 KBytes  4.71 Mbits/sec  1.136 ms  24/444 (5.4%)  
[  8] 336.00-337.00 sec   607 KBytes  4.97 Mbits/sec  2.121 ms  11/455 (2.4%)  
[  8] 337.00-338.00 sec   485 KBytes  3.98 Mbits/sec  2.294 ms  15/370 (4.1%)  
[  8] 338.00-339.00 sec   559 KBytes  4.58 Mbits/sec  3.061 ms  111/520 (21%)  
[  8] 339.00-340.00 sec   596 KBytes  4.88 Mbits/sec  2.583 ms  14/450 (3.1%)  
[  8] 340.00-340.01 sec  4.10 KBytes  3.40 Mbits/sec  2.434 ms  0/3 (0%)  
- - - - - - - - - - - - - - - - - - - - - - - - -
[ ID] Interval           Transfer     Bitrate         Jitter    Lost/Total Datagrams
[  8]   0.00-340.01 sec   196 MBytes  4.84 Mbits/sec  2.434 ms  4912/151786 (3.2%)  receiver
