# gate    : mutate_drive_exercise.sh (full gate)
# cmd     : (cwd worktree) bash tests/shell/mutate_drive_exercise.sh   [nothing else running]
# worktree: /home/adam/Desktop/NDTwin-Kernel/scratch/overnight-2026-09-05/wt-p4-driver-0924
# head    : bf349b64fa938efc647244753cdc17b79061cf46
# dirty   : 0 path(s) (clean)
# blob    : WT 13f60fda31d9f462ffe9dccef5c2f1b5f29afd9e  HEAD 13f60fda31d9f462ffe9dccef5c2f1b5f29afd9e  doc/audit/2026-09-04_p4-tutorial-exercise-prep/drive_exercise.py
# blob    : WT 38343a20770c56c9b7fa1a2dd13dee99c95c93e5  HEAD 38343a20770c56c9b7fa1a2dd13dee99c95c93e5  doc/audit/2026-09-04_p4-tutorial-exercise-prep/tests/test_drive_exercise.py
# blob    : WT 04d5acd1a498203a18a6cc73069d101a5452aed1  HEAD 04d5acd1a498203a18a6cc73069d101a5452aed1  tests/shell/mutate_drive_exercise.sh
# start   : 2026-09-24T20:03:10+08:00

# /tmp/drv-* before: 0
gate       : tests/shell/mutate_drive_exercise.sh
cwd        : /home/adam/Desktop/NDTwin-Kernel/scratch/overnight-2026-09-05/wt-p4-driver-0924
interpreter: /home/adam/miniconda3/bin/python3.13
subject    : /home/adam/Desktop/NDTwin-Kernel/scratch/overnight-2026-09-05/wt-p4-driver-0924/doc/audit/2026-09-04_p4-tutorial-exercise-prep/drive_exercise.py
subject sha: a732f0604a60ab778e636e9fac976555a8cc1378f61cd5a8156ade556af3ab51

TICKET-P2 §5 drive_exercise.py mutation gate
  interpreter : /home/adam/Desktop/NDTwin-Kernel/scratch/overnight-2026-09-05/wt-p4-driver-0924/p4_proxy/venv/bin/python
  subject     : /home/adam/Desktop/NDTwin-Kernel/scratch/overnight-2026-09-05/wt-p4-driver-0924/doc/audit/2026-09-04_p4-tutorial-exercise-prep/drive_exercise.py
  suite       : /home/adam/Desktop/NDTwin-Kernel/scratch/overnight-2026-09-05/wt-p4-driver-0924/doc/audit/2026-09-04_p4-tutorial-exercise-prep/tests
  baseline    : a732f0604a60ab77 /home/adam/Desktop/NDTwin-Kernel/scratch/overnight-2026-09-05/wt-p4-driver-0924/doc/audit/2026-09-04_p4-tutorial-exercise-prep/drive_exercise.py

baseline (unmutated) must be green:
    Ran 170 tests in 14.306s
    
    OK
  ok       baseline green

=== 1. --fabric defaults to ndtwin, so the 09-08 command builds another fabric ===
  subject           : /home/adam/Desktop/NDTwin-Kernel/scratch/overnight-2026-09-05/wt-p4-driver-0924/doc/audit/2026-09-04_p4-tutorial-exercise-prep/drive_exercise.py  (mutated as a copy in /tmp/drive-exercise-mutate-Hugdr5)
  anchor occurrences: 1
  ✅ caught by test_the_default_fabric_is_tutorials
     also red: test_the_flag_is_refused_on_the_tutorials_fabric test_the_tutorials_fabric_still_requires_root test_the_tutorials_harness_is_handed_the_default_programs_json test_the_tutorials_plan_and_sudo_line_are_what_they_printed_on_09_08  

=== 2. the harness is handed the VARIANT's json instead of DEFAULT_PROG's ===
  subject           : /home/adam/Desktop/NDTwin-Kernel/scratch/overnight-2026-09-05/wt-p4-driver-0924/doc/audit/2026-09-04_p4-tutorial-exercise-prep/drive_exercise.py  (mutated as a copy in /tmp/drive-exercise-mutate-Hugdr5)
  anchor occurrences: 1
  ✅ caught by test_the_tutorials_harness_is_handed_the_default_programs_json
     also red:  

=== 3. the companion program is never compiled, so s2-s4 have no json ===
  subject           : /home/adam/Desktop/NDTwin-Kernel/scratch/overnight-2026-09-05/wt-p4-driver-0924/doc/audit/2026-09-04_p4-tutorial-exercise-prep/drive_exercise.py  (mutated as a copy in /tmp/drive-exercise-mutate-Hugdr5)
  anchor occurrences: 1
  ✅ caught by test_firewall_builds_its_own_program_and_the_default_one
     also red:  

=== 4. convert.py is given the variant stem, so every switch gets the wrong default ===
  subject           : /home/adam/Desktop/NDTwin-Kernel/scratch/overnight-2026-09-05/wt-p4-driver-0924/doc/audit/2026-09-04_p4-tutorial-exercise-prep/drive_exercise.py  (mutated as a copy in /tmp/drive-exercise-mutate-Hugdr5)
  anchor occurrences: 1
  ✅ caught by test_convert_is_given_the_default_prog_and_not_the_variant
     also red:  

=== 5. a ping with no summary line reads as 0% loss ===
  subject           : /home/adam/Desktop/NDTwin-Kernel/scratch/overnight-2026-09-05/wt-p4-driver-0924/doc/audit/2026-09-04_p4-tutorial-exercise-prep/drive_exercise.py  (mutated as a copy in /tmp/drive-exercise-mutate-Hugdr5)
  anchor occurrences: 1
  ✅ caught by test_a_ping_with_no_summary_line_is_untested_and_not_zero_loss
     also red: test_an_untested_pair_makes_the_pingall_number_none_rather_than_zero test_one_untested_pair_voids_the_number_even_when_the_others_were_clean  

=== 6. an untested pair is left out of the total instead of voiding it ===
  subject           : /home/adam/Desktop/NDTwin-Kernel/scratch/overnight-2026-09-05/wt-p4-driver-0924/doc/audit/2026-09-04_p4-tutorial-exercise-prep/drive_exercise.py  (mutated as a copy in /tmp/drive-exercise-mutate-Hugdr5)
  anchor occurrences: 1
  ✅ caught by test_one_untested_pair_voids_the_number_even_when_the_others_were_clean
     also red:  

=== 7. the namespace pid is matched anywhere in the argv, not at its tail ===
  subject           : /home/adam/Desktop/NDTwin-Kernel/scratch/overnight-2026-09-05/wt-p4-driver-0924/doc/audit/2026-09-04_p4-tutorial-exercise-prep/drive_exercise.py  (mutated as a copy in /tmp/drive-exercise-mutate-Hugdr5)
  anchor occurrences: 1
  ✅ caught by test_the_pid_is_the_tail_field_of_the_process_table
     also red: test_a_command_enters_the_namespace_through_sudo_mnexec  

=== 8. a host with no namespace comes back as pid 0 instead of a named failure ===
  subject           : /home/adam/Desktop/NDTwin-Kernel/scratch/overnight-2026-09-05/wt-p4-driver-0924/doc/audit/2026-09-04_p4-tutorial-exercise-prep/drive_exercise.py  (mutated as a copy in /tmp/drive-exercise-mutate-Hugdr5)
  anchor occurrences: 1
  ✅ caught by test_a_host_with_no_namespace_is_a_named_failure_and_not_zero_loss
     also red:  

=== 9. a FAILED pre-flight goes on to claim the lab and bring the fabric up ===
  subject           : /home/adam/Desktop/NDTwin-Kernel/scratch/overnight-2026-09-05/wt-p4-driver-0924/doc/audit/2026-09-04_p4-tutorial-exercise-prep/drive_exercise.py  (mutated as a copy in /tmp/drive-exercise-mutate-Hugdr5)
  anchor occurrences: 1
  ✅ caught by test_a_refused_preflight_never_takes_the_claim
     also red:  

=== 10. the claim is not given back when a step raised ===
  subject           : /home/adam/Desktop/NDTwin-Kernel/scratch/overnight-2026-09-05/wt-p4-driver-0924/doc/audit/2026-09-04_p4-tutorial-exercise-prep/drive_exercise.py  (mutated as a copy in /tmp/drive-exercise-mutate-Hugdr5)
  anchor occurrences: 1
  ✅ caught by test_the_teardown_runs_both_halves_even_when_the_steps_raise
     also red: test_a_release_that_would_not_take_fails_the_run_and_says_the_lab_is_claimed test_the_host_knob_is_put_back_between_the_down_and_the_release test_the_round_runs_convert_preflight_claim_up_down_release_in_order  

=== 11. the ndt calls go out with whatever owner the environment had ===
  subject           : /home/adam/Desktop/NDTwin-Kernel/scratch/overnight-2026-09-05/wt-p4-driver-0924/doc/audit/2026-09-04_p4-tutorial-exercise-prep/drive_exercise.py  (mutated as a copy in /tmp/drive-exercise-mutate-Hugdr5)
  anchor occurrences: 1
  ✅ caught by test_every_ndt_call_carries_the_owner
     also red:  

=== 12. the firewall skeleton arm asserts the flow is BLOCKED (the red arm cannot be red) ===
  subject           : /home/adam/Desktop/NDTwin-Kernel/scratch/overnight-2026-09-05/wt-p4-driver-0924/doc/audit/2026-09-04_p4-tutorial-exercise-prep/drive_exercise.py  (mutated as a copy in /tmp/drive-exercise-mutate-Hugdr5)
  anchor occurrences: 1
  ✅ caught by test_the_skeleton_arm_is_red_when_the_external_flow_is_blocked
     also red: test_the_skeleton_arm_passes_when_the_external_flow_gets_through  

=== 13. link_monitor stops checking the port field, the only thing that tells the arms apart ===
  subject           : /home/adam/Desktop/NDTwin-Kernel/scratch/overnight-2026-09-05/wt-p4-driver-0924/doc/audit/2026-09-04_p4-tutorial-exercise-prep/drive_exercise.py  (mutated as a copy in /tmp/drive-exercise-mutate-Hugdr5)
  anchor occurrences: 1
  ✅ caught by test_the_two_arms_are_distinguishable
     also red:  

=== 14. a run in which NO probe arrived passes every check about the probes ===
  subject           : /home/adam/Desktop/NDTwin-Kernel/scratch/overnight-2026-09-05/wt-p4-driver-0924/doc/audit/2026-09-04_p4-tutorial-exercise-prep/drive_exercise.py  (mutated as a copy in /tmp/drive-exercise-mutate-Hugdr5)
  anchor occurrences: 1
  ✅ caught by test_no_probe_rows_fails_the_injection_check_rather_than_passing_vacuously
     also red:  

=== 15. a claim that DECLARES a measurement is treated as a free lab ===
  subject           : /home/adam/Desktop/NDTwin-Kernel/scratch/overnight-2026-09-05/wt-p4-driver-0924/doc/audit/2026-09-04_p4-tutorial-exercise-prep/drive_exercise.py  (mutated as a copy in /tmp/drive-exercise-mutate-Hugdr5)
  anchor occurrences: 1
  ✅ caught by test_our_own_claim_that_declares_a_measurement_refuses_too
     also red:  

=== 16. an unreadable switch_state is rendered as an ordinary (empty) report ===
  subject           : /home/adam/Desktop/NDTwin-Kernel/scratch/overnight-2026-09-05/wt-p4-driver-0924/doc/audit/2026-09-04_p4-tutorial-exercise-prep/drive_exercise.py  (mutated as a copy in /tmp/drive-exercise-mutate-Hugdr5)
  anchor occurrences: 1
  ✅ caught by test_an_unreadable_switch_state_says_so_instead_of_printing_zeros
     also red:  

=== 17. the host knob is never put back, so the release is refused ===
  subject           : /home/adam/Desktop/NDTwin-Kernel/scratch/overnight-2026-09-05/wt-p4-driver-0924/doc/audit/2026-09-04_p4-tutorial-exercise-prep/drive_exercise.py  (mutated as a copy in /tmp/drive-exercise-mutate-Hugdr5)
  anchor occurrences: 1
  ✅ caught by test_the_host_knob_is_put_back_between_the_down_and_the_release
     also red: test_a_knob_this_round_created_is_removed_again test_the_knob_is_put_back_as_bytes_and_not_as_the_number  

=== 18. a release that would not take is not reported ===
  subject           : /home/adam/Desktop/NDTwin-Kernel/scratch/overnight-2026-09-05/wt-p4-driver-0924/doc/audit/2026-09-04_p4-tutorial-exercise-prep/drive_exercise.py  (mutated as a copy in /tmp/drive-exercise-mutate-Hugdr5)
  anchor occurrences: 1
  ✅ caught by test_a_release_that_would_not_take_fails_the_run_and_says_the_lab_is_claimed
     also red:  

=== 19. the knob is restored as a number instead of as its bytes ===
  subject           : /home/adam/Desktop/NDTwin-Kernel/scratch/overnight-2026-09-05/wt-p4-driver-0924/doc/audit/2026-09-04_p4-tutorial-exercise-prep/drive_exercise.py  (mutated as a copy in /tmp/drive-exercise-mutate-Hugdr5)
  anchor occurrences: 1
  ✅ caught by test_the_knob_is_put_back_as_bytes_and_not_as_the_number
     also red: test_the_telemetry_knob_is_put_back_by_the_teardown  

=== 20. the bmv2 binary is named but never hashed ===
  subject           : /home/adam/Desktop/NDTwin-Kernel/scratch/overnight-2026-09-05/wt-p4-driver-0924/doc/audit/2026-09-04_p4-tutorial-exercise-prep/drive_exercise.py  (mutated as a copy in /tmp/drive-exercise-mutate-Hugdr5)
  anchor occurrences: 1
  ✅ caught by test_a_path_in_the_status_row_is_hashed
     also red: test_the_round_captures_ndt_status_and_hashes_the_binary_it_names  

=== 21. the round never asks ndt status, so nothing names the fabric's binary ===
  subject           : /home/adam/Desktop/NDTwin-Kernel/scratch/overnight-2026-09-05/wt-p4-driver-0924/doc/audit/2026-09-04_p4-tutorial-exercise-prep/drive_exercise.py  (mutated as a copy in /tmp/drive-exercise-mutate-Hugdr5)
  anchor occurrences: 1
  ✅ caught by test_the_round_captures_ndt_status_and_hashes_the_binary_it_names
     also red: test_the_round_runs_convert_preflight_claim_up_down_release_in_order test_the_teardown_runs_both_halves_even_when_the_steps_raise  

=== 22. the ndtwin fabric may be run as root ===
  subject           : /home/adam/Desktop/NDTwin-Kernel/scratch/overnight-2026-09-05/wt-p4-driver-0924/doc/audit/2026-09-04_p4-tutorial-exercise-prep/drive_exercise.py  (mutated as a copy in /tmp/drive-exercise-mutate-Hugdr5)
  anchor occurrences: 1
  ✅ caught by test_ndtwin_mode_refuses_to_run_as_root_and_says_why
     also red:  

=== 23. the package records the skeleton as its source whatever was compiled ===
  subject           : /home/adam/Desktop/NDTwin-Kernel/scratch/overnight-2026-09-05/wt-p4-driver-0924/doc/audit/2026-09-04_p4-tutorial-exercise-prep/drive_exercise.py  (mutated as a copy in /tmp/drive-exercise-mutate-Hugdr5)
  anchor occurrences: 1
  ✅ caught by test_a_solution_run_names_the_solution_file_it_compiled
     also red:  

=== 24. the firewall SOLUTION arm accepts the external flow getting through ===
  subject           : /home/adam/Desktop/NDTwin-Kernel/scratch/overnight-2026-09-05/wt-p4-driver-0924/doc/audit/2026-09-04_p4-tutorial-exercise-prep/drive_exercise.py  (mutated as a copy in /tmp/drive-exercise-mutate-Hugdr5)
  anchor occurrences: 1
  ✅ caught by test_the_solution_arm_wants_the_external_flow_blocked
     also red: test_a_client_killed_by_the_timeout_is_not_a_transfer  

=== 25. the link_monitor SOLUTION arm accepts a zero port ===
  subject           : /home/adam/Desktop/NDTwin-Kernel/scratch/overnight-2026-09-05/wt-p4-driver-0924/doc/audit/2026-09-04_p4-tutorial-exercise-prep/drive_exercise.py  (mutated as a copy in /tmp/drive-exercise-mutate-Hugdr5)
  anchor occurrences: 1
  ✅ caught by test_the_two_arms_are_distinguishable
     also red:  

=== 26. somebody else's live claim is read as a free lab ===
  subject           : /home/adam/Desktop/NDTwin-Kernel/scratch/overnight-2026-09-05/wt-p4-driver-0924/doc/audit/2026-09-04_p4-tutorial-exercise-prep/drive_exercise.py  (mutated as a copy in /tmp/drive-exercise-mutate-Hugdr5)
  anchor occurrences: 1
  ✅ caught by test_a_live_claim_of_somebody_elses_refuses
     also red:  

=== 27. the loss measurement goes back to two packets ===
  subject           : /home/adam/Desktop/NDTwin-Kernel/scratch/overnight-2026-09-05/wt-p4-driver-0924/doc/audit/2026-09-04_p4-tutorial-exercise-prep/drive_exercise.py  (mutated as a copy in /tmp/drive-exercise-mutate-Hugdr5)
  anchor occurrences: 1
  ✅ caught by test_pingall_sends_five_packets_on_every_ordered_pair
     also red:  

=== 28. the loss parser stops reading the decimal form ping prints ===
  subject           : /home/adam/Desktop/NDTwin-Kernel/scratch/overnight-2026-09-05/wt-p4-driver-0924/doc/audit/2026-09-04_p4-tutorial-exercise-prep/drive_exercise.py  (mutated as a copy in /tmp/drive-exercise-mutate-Hugdr5)
  anchor occurrences: 1
  ✅ caught by test_the_loss_comes_from_the_summary_line
     also red:  

=== 29. the report stops saying which fabric and which package it was ===
  subject           : /home/adam/Desktop/NDTwin-Kernel/scratch/overnight-2026-09-05/wt-p4-driver-0924/doc/audit/2026-09-04_p4-tutorial-exercise-prep/drive_exercise.py  (mutated as a copy in /tmp/drive-exercise-mutate-Hugdr5)
  anchor occurrences: 1
  ✅ caught by test_the_report_header_carries_the_fabric_and_the_package
     also red:  

=== 30. an iperf client the timeout killed counts as a transfer ===
  subject           : /home/adam/Desktop/NDTwin-Kernel/scratch/overnight-2026-09-05/wt-p4-driver-0924/doc/audit/2026-09-04_p4-tutorial-exercise-prep/drive_exercise.py  (mutated as a copy in /tmp/drive-exercise-mutate-Hugdr5)
  anchor occurrences: 1
  ✅ caught by test_a_client_killed_by_the_timeout_is_not_a_transfer
     also red:  

=== 31. the ndtwin dry run tells the operator to sudo ===
  subject           : /home/adam/Desktop/NDTwin-Kernel/scratch/overnight-2026-09-05/wt-p4-driver-0924/doc/audit/2026-09-04_p4-tutorial-exercise-prep/drive_exercise.py  (mutated as a copy in /tmp/drive-exercise-mutate-Hugdr5)
  anchor occurrences: 1
  ✅ caught by test_the_ndtwin_plan_names_the_ndt_commands_and_asks_for_no_sudo
     also red:  

=== 32. every run records solution/ as its source, including the skeleton's ===
  subject           : /home/adam/Desktop/NDTwin-Kernel/scratch/overnight-2026-09-05/wt-p4-driver-0924/doc/audit/2026-09-04_p4-tutorial-exercise-prep/drive_exercise.py  (mutated as a copy in /tmp/drive-exercise-mutate-Hugdr5)
  anchor occurrences: 1
  ✅ caught by test_a_skeleton_run_names_the_skeleton
     also red: test_convert_is_given_the_default_prog_and_not_the_variant test_firewall_keeps_the_default_prog_because_that_is_the_file_that_was_built  

=== 33. a status with no bmv2 row is reported as a dash, not as UNREADABLE ===
  subject           : /home/adam/Desktop/NDTwin-Kernel/scratch/overnight-2026-09-05/wt-p4-driver-0924/doc/audit/2026-09-04_p4-tutorial-exercise-prep/drive_exercise.py  (mutated as a copy in /tmp/drive-exercise-mutate-Hugdr5)
  anchor occurrences: 1
  ✅ caught by test_a_status_with_no_bmv2_row_is_UNREADABLE_and_says_so
     also red:  

=== 34. a bmv2 row naming a file that is not there is hashed anyway ===
  subject           : /home/adam/Desktop/NDTwin-Kernel/scratch/overnight-2026-09-05/wt-p4-driver-0924/doc/audit/2026-09-04_p4-tutorial-exercise-prep/drive_exercise.py  (mutated as a copy in /tmp/drive-exercise-mutate-Hugdr5)
  anchor occurrences: 1
  ✅ caught by test_a_row_naming_a_binary_that_is_not_there_is_UNREADABLE
     also red: test_a_knob_that_could_not_be_put_back_is_reported_rather_than_passed_over test_a_knob_this_round_created_is_removed_again test_a_release_that_would_not_take_fails_the_run_and_says_the_lab_is_claimed test_convert_is_given_the_default_prog_and_not_the_variant test_every_ndt_call_carries_the_owner test_the_host_knob_is_put_back_between_the_down_and_the_release test_the_knob_is_put_back_as_bytes_and_not_as_the_number test_the_round_runs_convert_preflight_claim_up_down_release_in_order test_the_teardown_runs_both_halves_even_when_the_steps_raise  

=== 35. the verdict does not mention a lab that was never given back ===
  subject           : /home/adam/Desktop/NDTwin-Kernel/scratch/overnight-2026-09-05/wt-p4-driver-0924/doc/audit/2026-09-04_p4-tutorial-exercise-prep/drive_exercise.py  (mutated as a copy in /tmp/drive-exercise-mutate-Hugdr5)
  anchor occurrences: 1
  ✅ caught by test_the_verdict_says_the_lab_was_not_returned
     also red:  

=== 36. every exercise compiles a companion, including the ones that have none ===
  subject           : /home/adam/Desktop/NDTwin-Kernel/scratch/overnight-2026-09-05/wt-p4-driver-0924/doc/audit/2026-09-04_p4-tutorial-exercise-prep/drive_exercise.py  (mutated as a copy in /tmp/drive-exercise-mutate-Hugdr5)
  anchor occurrences: 1
  ✅ caught by test_an_exercise_whose_default_is_its_own_program_has_no_companion
     also red: test_a_flowcache_skeleton_that_does_not_compile_is_exit_1_and_says_by_design test_firewall_builds_its_own_program_and_the_default_one test_none_of_the_nine_has_a_companion_program_to_build  

=== 37. the firewall's internal-to-external flow is expected to FAIL ===
  subject           : /home/adam/Desktop/NDTwin-Kernel/scratch/overnight-2026-09-05/wt-p4-driver-0924/doc/audit/2026-09-04_p4-tutorial-exercise-prep/drive_exercise.py  (mutated as a copy in /tmp/drive-exercise-mutate-Hugdr5)
  anchor occurrences: 1
  ✅ caught by test_both_arms_require_the_internal_to_external_flow
     also red: test_a_client_killed_by_the_timeout_is_not_a_transfer  

=== 38. the link_monitor SKELETON arm expects a non-zero port ===
  subject           : /home/adam/Desktop/NDTwin-Kernel/scratch/overnight-2026-09-05/wt-p4-driver-0924/doc/audit/2026-09-04_p4-tutorial-exercise-prep/drive_exercise.py  (mutated as a copy in /tmp/drive-exercise-mutate-Hugdr5)
  anchor occurrences: 1
  ✅ caught by test_the_skeleton_arm_expects_every_reported_port_to_be_zero
     also red: test_the_two_arms_are_distinguishable  

=== 39. an EXPIRED claim still refuses the lab ===
  subject           : /home/adam/Desktop/NDTwin-Kernel/scratch/overnight-2026-09-05/wt-p4-driver-0924/doc/audit/2026-09-04_p4-tutorial-exercise-prep/drive_exercise.py  (mutated as a copy in /tmp/drive-exercise-mutate-Hugdr5)
  anchor occurrences: 1
  ✅ caught by test_an_expired_claim_is_not_a_claim
     also red:  

=== 40. the switch_state summary drops the pipeline sha ===
  subject           : /home/adam/Desktop/NDTwin-Kernel/scratch/overnight-2026-09-05/wt-p4-driver-0924/doc/audit/2026-09-04_p4-tutorial-exercise-prep/drive_exercise.py  (mutated as a copy in /tmp/drive-exercise-mutate-Hugdr5)
  anchor occurrences: 1
  ✅ caught by test_the_summary_names_the_pipeline_sha_and_the_entry_counts
     also red: test_the_report_header_carries_the_fabric_and_the_package  

=== 41. the report names /usr/local/bin's bmv2 whatever the fabric ran ===
  subject           : /home/adam/Desktop/NDTwin-Kernel/scratch/overnight-2026-09-05/wt-p4-driver-0924/doc/audit/2026-09-04_p4-tutorial-exercise-prep/drive_exercise.py  (mutated as a copy in /tmp/drive-exercise-mutate-Hugdr5)
  anchor occurrences: 1
  ✅ caught by test_the_report_names_the_bmv2_binary_by_its_sha
     also red:  

=== 42. the link_monitor SOLUTION arm expects three of the four switches ===
  subject           : /home/adam/Desktop/NDTwin-Kernel/scratch/overnight-2026-09-05/wt-p4-driver-0924/doc/audit/2026-09-04_p4-tutorial-exercise-prep/drive_exercise.py  (mutated as a copy in /tmp/drive-exercise-mutate-Hugdr5)
  anchor occurrences: 1
  ✅ caught by test_the_solution_arm_wants_all_four_switch_ids_and_no_zero_port
     also red:  

=== 43. the receiver is started buffered, so its output dies with the SIGTERM ===
  subject           : /home/adam/Desktop/NDTwin-Kernel/scratch/overnight-2026-09-05/wt-p4-driver-0924/doc/audit/2026-09-04_p4-tutorial-exercise-prep/drive_exercise.py  (mutated as a copy in /tmp/drive-exercise-mutate-Hugdr5)
  anchor occurrences: 1
  ✅ caught by test_every_receive_py_is_started_unbuffered_with_u_before_the_script
     also red:  

=== 44. the two tunnel rounds change the destination IP, not just dst_id ===
  subject           : /home/adam/Desktop/NDTwin-Kernel/scratch/overnight-2026-09-05/wt-p4-driver-0924/doc/audit/2026-09-04_p4-tutorial-exercise-prep/drive_exercise.py  (mutated as a copy in /tmp/drive-exercise-mutate-Hugdr5)
  anchor occurrences: 1
  ✅ caught by test_both_rounds_send_to_the_same_ip_and_only_dst_id_moves
     also red:  

=== 45. a tunnel packet arriving at BOTH hosts is accepted ===
  subject           : /home/adam/Desktop/NDTwin-Kernel/scratch/overnight-2026-09-05/wt-p4-driver-0924/doc/audit/2026-09-04_p4-tutorial-exercise-prep/drive_exercise.py  (mutated as a copy in /tmp/drive-exercise-mutate-Hugdr5)
  anchor occurrences: 1
  ✅ caught by test_a_tunnel_that_delivered_to_the_wrong_host_is_red
     also red:  

=== 46. the calc answer is matched as a substring instead of a line ===
  subject           : /home/adam/Desktop/NDTwin-Kernel/scratch/overnight-2026-09-05/wt-p4-driver-0924/doc/audit/2026-09-04_p4-tutorial-exercise-prep/drive_exercise.py  (mutated as a copy in /tmp/drive-exercise-mutate-Hugdr5)
  anchor occurrences: 1
  ✅ caught by test_the_answer_is_a_line_and_not_a_substring
     also red:  

=== 47. calc.py is never told to quit ===
  subject           : /home/adam/Desktop/NDTwin-Kernel/scratch/overnight-2026-09-05/wt-p4-driver-0924/doc/audit/2026-09-04_p4-tutorial-exercise-prep/drive_exercise.py  (mutated as a copy in /tmp/drive-exercise-mutate-Hugdr5)
  anchor occurrences: 1
  ✅ caught by test_the_repl_is_fed_the_expression_and_the_quit
     also red:  

=== 48. ecn stops running the background flow that builds the queue ===
  subject           : /home/adam/Desktop/NDTwin-Kernel/scratch/overnight-2026-09-05/wt-p4-driver-0924/doc/audit/2026-09-04_p4-tutorial-exercise-prep/drive_exercise.py  (mutated as a copy in /tmp/drive-exercise-mutate-Hugdr5)
  anchor occurrences: 1
  ✅ caught by test_ecn_runs_a_background_flow_between_h11_and_h22
     also red: test_no_packet_at_all_fails_the_injection_check_rather_than_passing_vacuously test_the_ecn_arms_are_distinguishable test_the_ecn_skeleton_wants_every_packet_unmarked test_the_ecn_solution_wants_a_marked_packet  

=== 49. the ecn skeleton arm accepts a congestion mark ===
  subject           : /home/adam/Desktop/NDTwin-Kernel/scratch/overnight-2026-09-05/wt-p4-driver-0924/doc/audit/2026-09-04_p4-tutorial-exercise-prep/drive_exercise.py  (mutated as a copy in /tmp/drive-exercise-mutate-Hugdr5)
  anchor occurrences: 1
  ✅ caught by test_the_ecn_arms_are_distinguishable
     also red:  

=== 50. qos sends only UDP ===
  subject           : /home/adam/Desktop/NDTwin-Kernel/scratch/overnight-2026-09-05/wt-p4-driver-0924/doc/audit/2026-09-04_p4-tutorial-exercise-prep/drive_exercise.py  (mutated as a copy in /tmp/drive-exercise-mutate-Hugdr5)
  anchor occurrences: 1
  ✅ caught by test_qos_sends_both_protocols_with_the_flags_its_send_py_parses
     also red: test_h2s_own_replies_do_not_enter_the_qos_reading test_the_qos_solution_wants_a_different_class_per_protocol  

=== 51. qos expects the UDP class on TCP as well ===
  subject           : /home/adam/Desktop/NDTwin-Kernel/scratch/overnight-2026-09-05/wt-p4-driver-0924/doc/audit/2026-09-04_p4-tutorial-exercise-prep/drive_exercise.py  (mutated as a copy in /tmp/drive-exercise-mutate-Hugdr5)
  anchor occurrences: 1
  ✅ caught by test_a_fabric_that_stamped_one_class_on_both_protocols_is_red
     also red: test_h2s_own_replies_do_not_enter_the_qos_reading test_the_qos_solution_wants_a_different_class_per_protocol  

=== 52. mri no longer checks that the MRI option reached h2 ===
  subject           : /home/adam/Desktop/NDTwin-Kernel/scratch/overnight-2026-09-05/wt-p4-driver-0924/doc/audit/2026-09-04_p4-tutorial-exercise-prep/drive_exercise.py  (mutated as a copy in /tmp/drive-exercise-mutate-Hugdr5)
  anchor occurrences: 1
  ✅ caught by test_a_packet_with_no_mri_option_fails_its_own_check
     also red:  

=== 53. the mri skeleton arm accepts any hop count ===
  subject           : /home/adam/Desktop/NDTwin-Kernel/scratch/overnight-2026-09-05/wt-p4-driver-0924/doc/audit/2026-09-04_p4-tutorial-exercise-prep/drive_exercise.py  (mutated as a copy in /tmp/drive-exercise-mutate-Hugdr5)
  anchor occurrences: 1
  ✅ caught by test_the_mri_arms_are_distinguishable
     also red:  

=== 54. load_balance sends one packet instead of ten ===
  subject           : /home/adam/Desktop/NDTwin-Kernel/scratch/overnight-2026-09-05/wt-p4-driver-0924/doc/audit/2026-09-04_p4-tutorial-exercise-prep/drive_exercise.py  (mutated as a copy in /tmp/drive-exercise-mutate-Hugdr5)
  anchor occurrences: 1
  ✅ caught by test_ten_packets_are_sent_to_the_load_balanced_address
     also red:  

=== 55. the load_balance solution arm accepts only h2 being used ===
  subject           : /home/adam/Desktop/NDTwin-Kernel/scratch/overnight-2026-09-05/wt-p4-driver-0924/doc/audit/2026-09-04_p4-tutorial-exercise-prep/drive_exercise.py  (mutated as a copy in /tmp/drive-exercise-mutate-Hugdr5)
  anchor occurrences: 1
  ✅ caught by test_the_load_balance_arms_are_distinguishable
     also red:  

=== 56. multicast stops requiring h4 to be unreachable ===
  subject           : /home/adam/Desktop/NDTwin-Kernel/scratch/overnight-2026-09-05/wt-p4-driver-0924/doc/audit/2026-09-04_p4-tutorial-exercise-prep/drive_exercise.py  (mutated as a copy in /tmp/drive-exercise-mutate-Hugdr5)
  anchor occurrences: 1
  ✅ caught by test_a_solution_that_also_reached_h4_is_red
     also red: test_an_untested_pair_is_not_a_blocked_one  

=== 57. an untested pair passes multicast's injection check ===
  subject           : /home/adam/Desktop/NDTwin-Kernel/scratch/overnight-2026-09-05/wt-p4-driver-0924/doc/audit/2026-09-04_p4-tutorial-exercise-prep/drive_exercise.py  (mutated as a copy in /tmp/drive-exercise-mutate-Hugdr5)
  anchor occurrences: 1
  ✅ caught by test_an_untested_pair_is_not_a_blocked_one
     also red:  

=== 58. multicast disables IPv6 on the machine instead of in the namespaces ===
  subject           : /home/adam/Desktop/NDTwin-Kernel/scratch/overnight-2026-09-05/wt-p4-driver-0924/doc/audit/2026-09-04_p4-tutorial-exercise-prep/drive_exercise.py  (mutated as a copy in /tmp/drive-exercise-mutate-Hugdr5)
  anchor occurrences: 1
  ✅ caught by test_ipv6_is_disabled_inside_every_host_and_not_on_the_box
     also red:  

=== 59. the ndtwin arm runs the exercise controller without the adapter ===
  subject           : /home/adam/Desktop/NDTwin-Kernel/scratch/overnight-2026-09-05/wt-p4-driver-0924/doc/audit/2026-09-04_p4-tutorial-exercise-prep/drive_exercise.py  (mutated as a copy in /tmp/drive-exercise-mutate-Hugdr5)
  anchor occurrences: 1
  ✅ caught by test_the_ndtwin_arm_goes_through_the_adapter_live_p1_03_uses
     also red: test_the_ndtwin_arm_is_handed_the_environment_it_always_had  

=== 60. a controller that exited is reported as having stayed up ===
  subject           : /home/adam/Desktop/NDTwin-Kernel/scratch/overnight-2026-09-05/wt-p4-driver-0924/doc/audit/2026-09-04_p4-tutorial-exercise-prep/drive_exercise.py  (mutated as a copy in /tmp/drive-exercise-mutate-Hugdr5)
  anchor occurrences: 1
  ✅ caught by test_a_controller_that_died_fails_the_injection_check
     also red:  

=== 61. the p4runtime arm accepts any set of programmed switches ===
  subject           : /home/adam/Desktop/NDTwin-Kernel/scratch/overnight-2026-09-05/wt-p4-driver-0924/doc/audit/2026-09-04_p4-tutorial-exercise-prep/drive_exercise.py  (mutated as a copy in /tmp/drive-exercise-mutate-Hugdr5)
  anchor occurrences: 1
  ✅ caught by test_a_controller_that_programmed_the_wrong_switches_is_red
     also red:  

=== 62. reaching flowcache's steps with the skeleton is no longer a finding ===
  subject           : /home/adam/Desktop/NDTwin-Kernel/scratch/overnight-2026-09-05/wt-p4-driver-0924/doc/audit/2026-09-04_p4-tutorial-exercise-prep/drive_exercise.py  (mutated as a copy in /tmp/drive-exercise-mutate-Hugdr5)
  anchor occurrences: 1
  ✅ caught by test_reaching_the_flowcache_steps_with_the_skeleton_is_itself_the_finding
     also red:  

=== 63. flowcache accepts a ping with no cached flow behind it ===
  subject           : /home/adam/Desktop/NDTwin-Kernel/scratch/overnight-2026-09-05/wt-p4-driver-0924/doc/audit/2026-09-04_p4-tutorial-exercise-prep/drive_exercise.py  (mutated as a copy in /tmp/drive-exercise-mutate-Hugdr5)
  anchor occurrences: 1
  ✅ caught by test_a_flowcache_round_with_no_cached_flow_is_red
     also red:  

=== 64. the driver always passes --telemetry, overruling the package ===
  subject           : /home/adam/Desktop/NDTwin-Kernel/scratch/overnight-2026-09-05/wt-p4-driver-0924/doc/audit/2026-09-04_p4-tutorial-exercise-prep/drive_exercise.py  (mutated as a copy in /tmp/drive-exercise-mutate-Hugdr5)
  anchor occurrences: 1
  ✅ caught by test_no_flag_means_the_package_decides
     also red:  

=== 65. the telemetry knob is left where this round moved it ===
  subject           : /home/adam/Desktop/NDTwin-Kernel/scratch/overnight-2026-09-05/wt-p4-driver-0924/doc/audit/2026-09-04_p4-tutorial-exercise-prep/drive_exercise.py  (mutated as a copy in /tmp/drive-exercise-mutate-Hugdr5)
  anchor occurrences: 1
  ✅ caught by test_the_telemetry_knob_is_put_back_by_the_teardown
     also red: test_a_telemetry_knob_this_round_created_is_removed_again  

=== 66. the generic link-usage cell stops going through live-p1/_common.sh ===
  subject           : /home/adam/Desktop/NDTwin-Kernel/scratch/overnight-2026-09-05/wt-p4-driver-0924/doc/audit/2026-09-04_p4-tutorial-exercise-prep/drive_exercise.py  (mutated as a copy in /tmp/drive-exercise-mutate-Hugdr5)
  anchor occurrences: 1
  ✅ caught by test_the_cell_is_live_p1_commons_own_function_and_not_a_second_copy
     also red: test_a_clean_cell_is_still_a_pass_and_a_red_one_still_fails test_a_knob_that_could_not_be_put_back_is_reported_rather_than_passed_over test_a_knob_this_round_created_is_removed_again test_a_non_zero_rc_is_a_failed_cell_and_not_a_skip test_a_not_run_generic_cell_is_never_a_pass test_a_release_that_would_not_take_fails_the_run_and_says_the_lab_is_claimed test_convert_is_given_the_default_prog_and_not_the_variant test_every_ndt_call_carries_the_owner test_the_cell_answers_window_rather_than_a_failed_reading test_the_control_asks_for_the_absent_variant test_the_destination_reaches_the_shell_helper test_the_generic_cell_is_given_the_arms_controller_pid test_the_got_field_carries_the_arithmetic_the_shell_printed test_the_host_knob_is_put_back_between_the_down_and_the_release test_the_knob_is_put_back_as_bytes_and_not_as_the_number test_the_other_three_answers_are_unchanged test_the_round_captures_ndt_status_and_hashes_the_binary_it_names test_the_round_names_the_window_and_never_the_twin_sentence test_the_round_runs_convert_preflight_claim_up_down_release_in_order  

=== 67. any rc from the generic cell counts as a pass ===
  subject           : /home/adam/Desktop/NDTwin-Kernel/scratch/overnight-2026-09-05/wt-p4-driver-0924/doc/audit/2026-09-04_p4-tutorial-exercise-prep/drive_exercise.py  (mutated as a copy in /tmp/drive-exercise-mutate-Hugdr5)
  anchor occurrences: 1
  ✅ caught by test_a_non_zero_rc_is_a_failed_cell_and_not_a_skip
     also red: test_a_clean_cell_is_still_a_pass_and_a_red_one_still_fails test_the_other_three_answers_are_unchanged  

=== 68. the round never runs the generic link-usage cell ===
  subject           : /home/adam/Desktop/NDTwin-Kernel/scratch/overnight-2026-09-05/wt-p4-driver-0924/doc/audit/2026-09-04_p4-tutorial-exercise-prep/drive_exercise.py  (mutated as a copy in /tmp/drive-exercise-mutate-Hugdr5)
  anchor occurrences: 1
  ✅ caught by test_the_round_runs_it_after_the_steps_and_records_the_expectation
     also red: test_a_controller_stopped_before_the_cell_makes_the_arm_red test_the_cell_is_handed_the_pid_of_the_process_the_round_started test_the_controller_is_alive_while_the_cell_measures_and_stopped_after test_the_got_field_carries_the_arithmetic_the_shell_printed test_the_round_ends_FAIL_with_the_sentence_that_names_the_controller test_the_round_names_the_window_and_never_the_twin_sentence test_the_round_says_out_loud_whose_absence_it_was  

=== 69. flowcache's compile arm is green whichever way the compile went ===
  subject           : /home/adam/Desktop/NDTwin-Kernel/scratch/overnight-2026-09-05/wt-p4-driver-0924/doc/audit/2026-09-04_p4-tutorial-exercise-prep/drive_exercise.py  (mutated as a copy in /tmp/drive-exercise-mutate-Hugdr5)
  anchor occurrences: 1
  ✅ caught by test_a_flowcache_skeleton_that_DOES_compile_is_the_finding
     also red:  

=== 70. any compile failure is treated as a designed red arm ===
  subject           : /home/adam/Desktop/NDTwin-Kernel/scratch/overnight-2026-09-05/wt-p4-driver-0924/doc/audit/2026-09-04_p4-tutorial-exercise-prep/drive_exercise.py  (mutated as a copy in /tmp/drive-exercise-mutate-Hugdr5)
  anchor occurrences: 1
  ✅ caught by test_a_compile_failure_anywhere_else_is_still_exit_2
     also red: test_a_round_that_really_failed_still_reads_ERROR test_basic_tunnels_ndtwin_refusal_reads_like_flowcaches test_the_default_fabric_is_tutorials test_the_flag_does_not_leak_from_one_round_into_the_next test_the_flowcache_solution_is_not_treated_as_a_red_arm test_the_ndtwin_plan_names_the_ndt_commands_and_asks_for_no_sudo test_the_round_ends_FAIL_with_the_sentence_that_names_the_controller test_the_round_says_out_loud_whose_absence_it_was test_the_tutorials_arm_reads_the_same_as_the_ndtwin_one test_the_tutorials_fabric_still_requires_root test_the_tutorials_harness_is_handed_the_default_programs_json test_the_tutorials_plan_and_sudo_line_are_what_they_printed_on_09_08  

=== 71. --telemetry is accepted on the tutorials fabric ===
  subject           : /home/adam/Desktop/NDTwin-Kernel/scratch/overnight-2026-09-05/wt-p4-driver-0924/doc/audit/2026-09-04_p4-tutorial-exercise-prep/drive_exercise.py  (mutated as a copy in /tmp/drive-exercise-mutate-Hugdr5)
  anchor occurrences: 1
  ✅ caught by test_the_flag_is_refused_on_the_tutorials_fabric
     also red:  

=== 72. an exercise can sit in the table with no scripted steps ===
  subject           : /home/adam/Desktop/NDTwin-Kernel/scratch/overnight-2026-09-05/wt-p4-driver-0924/doc/audit/2026-09-04_p4-tutorial-exercise-prep/drive_exercise.py  (mutated as a copy in /tmp/drive-exercise-mutate-Hugdr5)
  anchor occurrences: 1
  ✅ caught by test_all_thirteen_exercises_are_in_the_table
     also red: test_every_exercise_has_scripted_steps test_none_of_the_nine_has_a_companion_program_to_build test_three_solutions_forward_nothing_and_are_named  

=== 73. the controller-variant exercises look for a solution/*.p4 that is not there ===
  subject           : /home/adam/Desktop/NDTwin-Kernel/scratch/overnight-2026-09-05/wt-p4-driver-0924/doc/audit/2026-09-04_p4-tutorial-exercise-prep/drive_exercise.py  (mutated as a copy in /tmp/drive-exercise-mutate-Hugdr5)
  anchor occurrences: 1
  ✅ caught by test_p4runtime_compiles_the_same_program_on_both_arms
     also red:  

=== 74. a missing solution/*.p4 silently falls back to the skeleton everywhere ===
  subject           : /home/adam/Desktop/NDTwin-Kernel/scratch/overnight-2026-09-05/wt-p4-driver-0924/doc/audit/2026-09-04_p4-tutorial-exercise-prep/drive_exercise.py  (mutated as a copy in /tmp/drive-exercise-mutate-Hugdr5)
  anchor occurrences: 1
  ✅ caught by test_an_exercise_with_no_solution_program_is_still_an_error_everywhere_else
     also red:  

=== 75. the generic cell runs on the skeleton arm too ===
  subject           : /home/adam/Desktop/NDTwin-Kernel/scratch/overnight-2026-09-05/wt-p4-driver-0924/doc/audit/2026-09-04_p4-tutorial-exercise-prep/drive_exercise.py  (mutated as a copy in /tmp/drive-exercise-mutate-Hugdr5)
  anchor occurrences: 1
  ✅ caught by test_the_cell_does_not_run_on_a_skeleton_arm
     also red:  

=== 76. an exercise that forwards nothing is measured anyway ===
  subject           : /home/adam/Desktop/NDTwin-Kernel/scratch/overnight-2026-09-05/wt-p4-driver-0924/doc/audit/2026-09-04_p4-tutorial-exercise-prep/drive_exercise.py  (mutated as a copy in /tmp/drive-exercise-mutate-Hugdr5)
  anchor occurrences: 1
  ✅ caught by test_three_solutions_forward_nothing_and_are_named
     also red: test_every_other_solution_arm_runs_the_cell  

=== 77. the destination override is ignored, so two exercises measure to a host they cannot reach ===
  subject           : /home/adam/Desktop/NDTwin-Kernel/scratch/overnight-2026-09-05/wt-p4-driver-0924/doc/audit/2026-09-04_p4-tutorial-exercise-prep/drive_exercise.py  (mutated as a copy in /tmp/drive-exercise-mutate-Hugdr5)
  anchor occurrences: 1
  ✅ caught by test_the_two_unreachable_last_hosts_are_overridden
     also red:  

=== 78. the destination never reaches the shell helper ===
  subject           : /home/adam/Desktop/NDTwin-Kernel/scratch/overnight-2026-09-05/wt-p4-driver-0924/doc/audit/2026-09-04_p4-tutorial-exercise-prep/drive_exercise.py  (mutated as a copy in /tmp/drive-exercise-mutate-Hugdr5)
  anchor occurrences: 1
  ✅ caught by test_the_destination_reaches_the_shell_helper
     also red:  

=== 79. the designed-refusal verdict is restricted to one fabric again ===
  subject           : /home/adam/Desktop/NDTwin-Kernel/scratch/overnight-2026-09-05/wt-p4-driver-0924/doc/audit/2026-09-04_p4-tutorial-exercise-prep/drive_exercise.py  (mutated as a copy in /tmp/drive-exercise-mutate-Hugdr5)
  anchor occurrences: 1
  ✅ caught by test_the_tutorials_arm_reads_the_same_as_the_ndtwin_one
     also red:  

=== 80. the tutorials harness refusal is not recorded as a designed one ===
  subject           : /home/adam/Desktop/NDTwin-Kernel/scratch/overnight-2026-09-05/wt-p4-driver-0924/doc/audit/2026-09-04_p4-tutorial-exercise-prep/drive_exercise.py  (mutated as a copy in /tmp/drive-exercise-mutate-Hugdr5)
  anchor occurrences: 1
  ✅ caught by test_the_tutorials_arm_reads_the_same_as_the_ndtwin_one
     also red:  

=== 81. the designed-refusal flag leaks from one round into the next ===
  subject           : /home/adam/Desktop/NDTwin-Kernel/scratch/overnight-2026-09-05/wt-p4-driver-0924/doc/audit/2026-09-04_p4-tutorial-exercise-prep/drive_exercise.py  (mutated as a copy in /tmp/drive-exercise-mutate-Hugdr5)
  anchor occurrences: 1
  ✅ caught by test_the_flag_does_not_leak_from_one_round_into_the_next
     also red:  

=== 82. multicast no longer empties the ARP caches before measuring ===
  subject           : /home/adam/Desktop/NDTwin-Kernel/scratch/overnight-2026-09-05/wt-p4-driver-0924/doc/audit/2026-09-04_p4-tutorial-exercise-prep/drive_exercise.py  (mutated as a copy in /tmp/drive-exercise-mutate-Hugdr5)
  anchor occurrences: 1
  ✅ caught by test_the_arp_caches_are_emptied_before_and_between_the_passes
     also red: test_the_first_flush_happens_BEFORE_the_pingall test_the_second_flush_happens_after_the_pingall  

=== 83. the cold-cache re-measure of hX -> h4 is dropped ===
  subject           : /home/adam/Desktop/NDTwin-Kernel/scratch/overnight-2026-09-05/wt-p4-driver-0924/doc/audit/2026-09-04_p4-tutorial-exercise-prep/drive_exercise.py  (mutated as a copy in /tmp/drive-exercise-mutate-Hugdr5)
  anchor occurrences: 1
  ✅ caught by test_the_arp_caches_are_emptied_before_and_between_the_passes
     also red: test_the_second_flush_happens_after_the_pingall  

=== 84. pingall walks dst-major, poisoning the h4 expectation ===
  subject           : /home/adam/Desktop/NDTwin-Kernel/scratch/overnight-2026-09-05/wt-p4-driver-0924/doc/audit/2026-09-04_p4-tutorial-exercise-prep/drive_exercise.py  (mutated as a copy in /tmp/drive-exercise-mutate-Hugdr5)
  anchor occurrences: 1
  ✅ caught by test_the_pingall_order_is_src_major
     also red:  

=== 85. the generic cell claims an off-path bound that is not the one applied ===
  subject           : /home/adam/Desktop/NDTwin-Kernel/scratch/overnight-2026-09-05/wt-p4-driver-0924/doc/audit/2026-09-04_p4-tutorial-exercise-prep/drive_exercise.py  (mutated as a copy in /tmp/drive-exercise-mutate-Hugdr5)
  anchor occurrences: 1
  ✅ caught by test_the_generic_cell_states_the_bound_it_actually_applies
     also red:  

=== 86. multicast flushes the ARP caches AFTER the pingall instead of before ===
  subject           : /home/adam/Desktop/NDTwin-Kernel/scratch/overnight-2026-09-05/wt-p4-driver-0924/doc/audit/2026-09-04_p4-tutorial-exercise-prep/drive_exercise.py  (mutated as a copy in /tmp/drive-exercise-mutate-Hugdr5)
  anchor occurrences: 1
  ✅ caught by test_the_first_flush_happens_BEFORE_the_pingall
     also red:  

=== 87. the cold-cache re-measure runs BEFORE its own flush ===
  subject           : /home/adam/Desktop/NDTwin-Kernel/scratch/overnight-2026-09-05/wt-p4-driver-0924/doc/audit/2026-09-04_p4-tutorial-exercise-prep/drive_exercise.py  (mutated as a copy in /tmp/drive-exercise-mutate-Hugdr5)
  anchor occurrences: 1
  ✅ caught by test_the_second_flush_happens_after_the_pingall
     also red:  

=== 88. the second flush lands between the first and second re-measure ping ===
  subject           : /home/adam/Desktop/NDTwin-Kernel/scratch/overnight-2026-09-05/wt-p4-driver-0924/doc/audit/2026-09-04_p4-tutorial-exercise-prep/drive_exercise.py  (mutated as a copy in /tmp/drive-exercise-mutate-Hugdr5)
  anchor occurrences: 1
  ✅ caught by test_the_second_flush_happens_after_the_pingall
     also red:  

=== 89. _tos_from reads the LAST IP header of a block, not the first ===
  subject           : /home/adam/Desktop/NDTwin-Kernel/scratch/overnight-2026-09-05/wt-p4-driver-0924/doc/audit/2026-09-04_p4-tutorial-exercise-prep/drive_exercise.py  (mutated as a copy in /tmp/drive-exercise-mutate-Hugdr5)
  anchor occurrences: 1
  ✅ caught by test_h2s_icmp_error_is_not_read_as_one_of_h1s_frames
     also red:  

=== 90. _field_values goes back to anchoring at line start ===
  subject           : /home/adam/Desktop/NDTwin-Kernel/scratch/overnight-2026-09-05/wt-p4-driver-0924/doc/audit/2026-09-04_p4-tutorial-exercise-prep/drive_exercise.py  (mutated as a copy in /tmp/drive-exercise-mutate-Hugdr5)
  anchor occurrences: 1
  ✅ caught by test_the_mri_count_is_read_through_the_nesting_prefix
     also red: test_the_switch_ids_are_read_through_two_levels_of_nesting  

=== 91. flowcache stops warming the cache before it measures loss ===
  subject           : /home/adam/Desktop/NDTwin-Kernel/scratch/overnight-2026-09-05/wt-p4-driver-0924/doc/audit/2026-09-04_p4-tutorial-exercise-prep/drive_exercise.py  (mutated as a copy in /tmp/drive-exercise-mutate-Hugdr5)
  anchor occurrences: 1
  ✅ caught by test_flowcache_warms_the_cache_before_it_measures_loss
     also red: test_a_flowcache_round_with_no_cached_flow_is_red test_reaching_the_flowcache_steps_with_the_skeleton_is_itself_the_finding test_the_flowcache_solution_wants_three_switches_a_cached_flow_and_the_ping  

=== 92. the generic cell is called without the arm's controller pid ===
  subject           : /home/adam/Desktop/NDTwin-Kernel/scratch/overnight-2026-09-05/wt-p4-driver-0924/doc/audit/2026-09-04_p4-tutorial-exercise-prep/drive_exercise.py  (mutated as a copy in /tmp/drive-exercise-mutate-Hugdr5)
  anchor occurrences: 1
  ✅ caught by test_the_cell_is_handed_the_pid_of_the_process_the_round_started
     also red: test_a_controller_stopped_before_the_cell_makes_the_arm_red test_the_controller_is_alive_while_the_cell_measures_and_stopped_after  

=== 93. a NOT RUN generic cell is folded back into true/false ===
  subject           : /home/adam/Desktop/NDTwin-Kernel/scratch/overnight-2026-09-05/wt-p4-driver-0924/doc/audit/2026-09-04_p4-tutorial-exercise-prep/drive_exercise.py  (mutated as a copy in /tmp/drive-exercise-mutate-Hugdr5)
  anchor occurrences: 1
  ✅ caught by test_a_not_run_generic_cell_is_never_a_pass
     also red: test_the_other_three_answers_are_unchanged  

=== 96. the over-long-window refusal is reported as a reading about the twin ===
  subject           : /home/adam/Desktop/NDTwin-Kernel/scratch/overnight-2026-09-05/wt-p4-driver-0924/doc/audit/2026-09-04_p4-tutorial-exercise-prep/drive_exercise.py  (mutated as a copy in /tmp/drive-exercise-mutate-Hugdr5)
  anchor occurrences: 1
  ✅ caught by test_the_round_names_the_window_and_never_the_twin_sentence
     also red: test_the_cell_answers_window_rather_than_a_failed_reading test_the_got_field_carries_the_arithmetic_the_shell_printed  

=== 97. the driver's window rc drifts from the shell file's ===
  subject           : /home/adam/Desktop/NDTwin-Kernel/scratch/overnight-2026-09-05/wt-p4-driver-0924/doc/audit/2026-09-04_p4-tutorial-exercise-prep/drive_exercise.py  (mutated as a copy in /tmp/drive-exercise-mutate-Hugdr5)
  anchor occurrences: 1
  ✅ caught by test_the_two_refusal_codes_are_the_shell_files_own
     also red: test_the_cell_answers_window_rather_than_a_failed_reading test_the_got_field_carries_the_arithmetic_the_shell_printed test_the_round_names_the_window_and_never_the_twin_sentence  

=== 94. the controller is stopped before the generic cell measures ===
  subject           : /home/adam/Desktop/NDTwin-Kernel/scratch/overnight-2026-09-05/wt-p4-driver-0924/doc/audit/2026-09-04_p4-tutorial-exercise-prep/drive_exercise.py  (mutated as a copy in /tmp/drive-exercise-mutate-Hugdr5)
  anchor occurrences: 1
  ✅ caught by test_the_controller_is_alive_while_the_cell_measures_and_stopped_after
     also red:  

=== 95. _start_controller publishes no pid for the process it started ===
  subject           : /home/adam/Desktop/NDTwin-Kernel/scratch/overnight-2026-09-05/wt-p4-driver-0924/doc/audit/2026-09-04_p4-tutorial-exercise-prep/drive_exercise.py  (mutated as a copy in /tmp/drive-exercise-mutate-Hugdr5)
  anchor occurrences: 1
  ✅ caught by test_start_controller_publishes_the_pid_of_the_process_it_started
     also red: test_stop_controller_ends_it_files_the_log_and_can_be_called_twice test_the_arms_own_steps_leave_the_controller_running test_the_flowcache_arm_reads_the_log_without_ending_the_controller  

=== 98. the tutorials solution arm runs its controller in place with no utils/ (the 09-24 fix reverted) ===
  subject           : /home/adam/Desktop/NDTwin-Kernel/scratch/overnight-2026-09-05/wt-p4-driver-0924/doc/audit/2026-09-04_p4-tutorial-exercise-prep/drive_exercise.py  (mutated as a copy in /tmp/drive-exercise-mutate-Hugdr5)
  anchor occurrences: 1
  ✅ caught by test_the_tutorials_solution_controller_imports_the_exercises_p4runtime_lib
     also red: test_a_pythonpath_the_driver_inherited_is_kept_behind_the_exercises_utils test_the_command_the_report_records_reproduces_the_run test_the_printed_start_line_carries_the_prefix_on_the_solution_arm_only test_the_real_solution_controllers_get_past_their_imports  

=== 99. the skeleton arm is handed utils/ on PYTHONPATH too ===
  subject           : /home/adam/Desktop/NDTwin-Kernel/scratch/overnight-2026-09-05/wt-p4-driver-0924/doc/audit/2026-09-04_p4-tutorial-exercise-prep/drive_exercise.py  (mutated as a copy in /tmp/drive-exercise-mutate-Hugdr5)
  anchor occurrences: 1
  ✅ caught by test_the_skeleton_arm_is_handed_the_environment_it_always_had
     also red: test_the_printed_start_line_carries_the_prefix_on_the_solution_arm_only  

=== 100. the ndtwin arm is handed utils/ on PYTHONPATH too ===
  subject           : /home/adam/Desktop/NDTwin-Kernel/scratch/overnight-2026-09-05/wt-p4-driver-0924/doc/audit/2026-09-04_p4-tutorial-exercise-prep/drive_exercise.py  (mutated as a copy in /tmp/drive-exercise-mutate-Hugdr5)
  anchor occurrences: 1
  ✅ caught by test_the_ndtwin_arm_is_handed_the_environment_it_always_had
     also red: test_the_printed_start_line_carries_the_prefix_on_the_solution_arm_only  

=== 101. the exercise's utils/ is derived one level short ===
  subject           : /home/adam/Desktop/NDTwin-Kernel/scratch/overnight-2026-09-05/wt-p4-driver-0924/doc/audit/2026-09-04_p4-tutorial-exercise-prep/drive_exercise.py  (mutated as a copy in /tmp/drive-exercise-mutate-Hugdr5)
  anchor occurrences: 1
  ✅ caught by test_the_tutorials_solution_controller_imports_the_exercises_p4runtime_lib
     also red: test_a_pythonpath_the_driver_inherited_is_kept_behind_the_exercises_utils test_the_command_the_report_records_reproduces_the_run test_the_printed_start_line_carries_the_prefix_on_the_solution_arm_only test_the_real_solution_controllers_get_past_their_imports  

=== 102. the utils/ handed over is the hard-coded ~/tutorials one, not the exercise's ===
  subject           : /home/adam/Desktop/NDTwin-Kernel/scratch/overnight-2026-09-05/wt-p4-driver-0924/doc/audit/2026-09-04_p4-tutorial-exercise-prep/drive_exercise.py  (mutated as a copy in /tmp/drive-exercise-mutate-Hugdr5)
  anchor occurrences: 1
  ✅ caught by test_the_tutorials_solution_controller_imports_the_exercises_p4runtime_lib
     also red: test_a_pythonpath_the_driver_inherited_is_kept_behind_the_exercises_utils test_the_command_the_report_records_reproduces_the_run test_the_printed_start_line_carries_the_prefix_on_the_solution_arm_only  

=== 103. a PYTHONPATH the driver inherited is discarded instead of kept behind utils/ ===
  subject           : /home/adam/Desktop/NDTwin-Kernel/scratch/overnight-2026-09-05/wt-p4-driver-0924/doc/audit/2026-09-04_p4-tutorial-exercise-prep/drive_exercise.py  (mutated as a copy in /tmp/drive-exercise-mutate-Hugdr5)
  anchor occurrences: 1
  ✅ caught by test_a_pythonpath_the_driver_inherited_is_kept_behind_the_exercises_utils
     also red:  

=== 104. the report records the controller command without the PYTHONPATH it ran with ===
  subject           : /home/adam/Desktop/NDTwin-Kernel/scratch/overnight-2026-09-05/wt-p4-driver-0924/doc/audit/2026-09-04_p4-tutorial-exercise-prep/drive_exercise.py  (mutated as a copy in /tmp/drive-exercise-mutate-Hugdr5)
  anchor occurrences: 1
  ✅ caught by test_the_command_the_report_records_reproduces_the_run
     also red: test_the_printed_start_line_carries_the_prefix_on_the_solution_arm_only  

=== 105. the caller's PYTHONPATH is taken away from the skeleton and ndtwin arms ===
  subject           : /home/adam/Desktop/NDTwin-Kernel/scratch/overnight-2026-09-05/wt-p4-driver-0924/doc/audit/2026-09-04_p4-tutorial-exercise-prep/drive_exercise.py  (mutated as a copy in /tmp/drive-exercise-mutate-Hugdr5)
  anchor occurrences: 1
  ✅ caught by test_the_skeleton_arm_is_handed_the_environment_it_always_had
     also red: test_the_ndtwin_arm_is_handed_the_environment_it_always_had  

=== 106. the printed start line drops the PYTHONPATH the controller runs with ===
  subject           : /home/adam/Desktop/NDTwin-Kernel/scratch/overnight-2026-09-05/wt-p4-driver-0924/doc/audit/2026-09-04_p4-tutorial-exercise-prep/drive_exercise.py  (mutated as a copy in /tmp/drive-exercise-mutate-Hugdr5)
  anchor occurrences: 1
  ✅ caught by test_the_printed_start_line_carries_the_prefix_on_the_solution_arm_only
     also red:  

=== NEGATIVE CONTROL: comment-only edit must stay GREEN ===
  subject           : /home/adam/Desktop/NDTwin-Kernel/scratch/overnight-2026-09-05/wt-p4-driver-0924/doc/audit/2026-09-04_p4-tutorial-exercise-prep/drive_exercise.py
  anchor occurrences: 1
  ✅ green: the suite does not react to a comment

--- was the original written? ---
  byte-identical  /home/adam/Desktop/NDTwin-Kernel/scratch/overnight-2026-09-05/wt-p4-driver-0924/doc/audit/2026-09-04_p4-tutorial-exercise-prep/drive_exercise.py  sha256 a732f0604a60ab778e636e9fac976555a8cc1378f61cd5a8156ade556af3ab51
  suite green against the real file

every cell in the suite has been red for at least one mutation above; the `also red:`
lines are what that claim is built from. (The 09-08 fixture comparison IS reddened --
by mutation 1 -- and this footer used to say it was not.)

106 mutations, 0 survived
# rc=0
# end 2026-09-24T20:35:57+08:00  /tmp/drv-* after: 0  /tmp/drive-exercise-mutate-*: 0
# dirty at end: 0 path(s)
