=== started 2026-09-12T19:17:00+08:00 ===
=== cwd /home/adam/Desktop/NDTwin-Kernel/scratch/overnight-2026-09-05/wt-doc5-0912
=== head 536b664ac66dab73f3563809ddc90ea17cddfda1
=== cmd bash tests/shell/mutate_manual_no_stale_in_progress.sh
=== sha256 MANUAL doc/2026-08-17_testing-manual.md  fb4cecb7cb4aa51d74b20e606b9861cb4660976ad39b557abb142d54cc00283e
=== sha256 NDT tools/test_workflow/ndt  9f56a38bf50085cc25d0f26bc99aeb5616320df0bfb35e8e4b2133e43d2d4efa
=== sha256 KNOWN-ISSUES doc/KNOWN-ISSUES.md  c07695d7b938fafecd05bad61783a39314cdd213d4d5e9d99c5ca0b5c03814e8
=== sha256 TEST tests/shell/test_manual_no_stale_in_progress.sh  b46e977cbfc4ed61457a0ce516423cede84cf398bb958b29d0904677306cb758
=== sha256 GATE tests/shell/mutate_manual_no_stale_in_progress.sh  666fdce185fbf9812c7f451078c1a7d8efbb54803621beae600fd34c42261982
baseline (unmutated) must be green:
  ok            baseline green

mutations:
  caught        M1: the clean caveat is written back as an open defect (case 5a caveat 'clean-calls-your-fabric-residue' is retracted and says what merged it went red)
  caught        M2: the help caveat's BEGIN marker is deleted          (case 5b caveat 'help-deep-names-three-ports' is retracted and says what merged it went red)
  caught        M3: a caveat names a merge that is not an ancestor     (case 5c caveat 'clean-advises-deep-on-your-own' is retracted and says what merged it went red)
  caught        M4: a stale line loses the word that excuses it        (case 6  no line calls a ticket unfixed when its merge is already in the tree went red)
  caught        M5: the test stops reading 'ndt help'                  (case 2  'ndt help' prints --deep's size out of ports.sh's table went red)
  caught        M6: the measured record is dropped with the caveat     (case 9  the measured record inside the third caveat survived the sweep went red)
  caught        M7: 'ndt' stops warning about a stranger at all        (case 4  'ndt' still has the stranger sentence (the fix was not 'never say it') went red; the witness stayed green)
  caught        M8: the branch caveat says 未併入 again             (case 6b no line calls a branch unmerged when its merge is already in the tree went red)
  caught        M9: the branch caveat's END marker is deleted          (case 5d caveat 'e21-contract-branch-only' is retracted and says what merged it went red)
  caught        M10: a doc block drops the word that says the ticket landed (case 11  no doc page calls a ticket unfixed without naming the merge that landed it went red)
  caught        M11: a doc block drops the word that says the branch landed (case 11b no doc page calls a branch unmerged without naming the merge that landed it went red)
  caught        M12: the disclosed sha is an ancestor but not a merge  (case 11  no doc page calls a ticket unfixed without naming the merge that landed it went red)
  caught        M13: the disclosed sha is not in this repository       (case 11  no doc page calls a ticket unfixed without naming the merge that landed it went red)
  caught        M14: the sweep reads one line instead of the block     (case 11b no doc page calls a branch unmerged without naming the merge that landed it went red)
  caught        M15: the sweep's page list comes back empty            (case 11c the sweep has a page list, all of it readable, with the manual and KNOWN-ISSUES in it went red)

  SURVIVED      C1 (control): a source comment is reworded             (control, as required)

baseline byte-identical: yes  doc/2026-08-17_testing-manual.md
baseline byte-identical: yes  tests/shell/test_manual_no_stale_in_progress.sh
baseline byte-identical: yes  tools/test_workflow/ndt
baseline byte-identical: yes  doc/KNOWN-ISSUES.md
GATE-SUMMARY mutations=15 survived=0 unapplied=0 controls=1 red=0
mutation gate: 15 mutations, 0 survived; 1 control(s), 0 went red
=== RC=0
=== finished 2026-09-12T19:17:08+08:00 ===
