54d2518a07a084d2b60811fa8f404f444e5a0c75
# gate    : existing mutation gate over code or text this change touched (judge F9 for app_package/ovs4_has_sflow)
# cmd     : (cwd worktree) JOBS=1 LOCK_WAIT=10800 tools/build_guard/guarded_build.sh bash tests/shell/mutate_ndt_up_down_robust.sh
# worktree: /home/adam/Desktop/NDTwin-Kernel/scratch/overnight-2026-09-05/wt-ndt-ovs-claim-0925
# branch  : fix/ndt-ovs-claim-0925
# start   : 2026-09-25T18:00:43+08:00
# ndt under test: the worktree file, git hash-object 9136db6d382242adca3ccbe071061c817f868c5b  (HEAD's blob: 9136db6d382242adca3ccbe071061c817f868c5b)
# dirty tracked at start: 0
# test/gate files under test are HEAD's: yes

guarded_build: jobs=1 mem_high=3G mem_max=4G lock=/tmp/ndtwin-build.lock
guarded_build: $ bash tests/shell/mutate_ndt_up_down_robust.sh
baseline (must be green before any mutation):
424 passed, 0 failed

  caught   M1: a foreign holder is named and then built over anyway   (🔴 a foreign holder of :8000 refuses the bring-up went red)
  caught   M2: every visible listener is called ours                  (🔴 a foreign holder of :8000 refuses the bring-up went red)
  caught   M3: a holder we cannot see becomes a stray                 (🔴 a holder we cannot see is NOT refused went red)
  caught   M4: the pid ledger no longer identifies our own listener   (🔴 :8000 held by OUR OWN kernel is not a refusal went red)
  caught   M5: the preflight asks about every plane's ports           (a P4-only port does not block an OVS bring-up went red)
  caught   M6: a failed 'ndt up ovs4' returns without rolling back    (  and rolls back went red)
  caught   M7: up_ovs never records that it built a fabric            (  stops the topo session went red)
  caught   M8: a REUSED fabric is rolled back as if we built it       (🔴 but does NOT sweep the fabric it reused went red)
  caught   M9: a stack that failed VERIFICATION is torn down too      (🔴 and is NOT rolled back went red)
  caught   M10: up_p4 throws the orphan sweep's rc away again         (🔴 a failed orphan sweep refuses the bring-up went red)
  caught   M11: 'ndt down' ignores a sweep that did not finish        (🔴 'ndt down' is red when its sweep did not finish went red)
  caught   M12: 'ndt down' asserts at the instant of the sweep        (🔴 processes reaped just after the sweep are not a failure went red)
  caught   M13: a wait that times out is reported as clean            (🔴 a process that never leaves is still RED went red)
  caught   M14: 'ndt clean' waits too                                 (🔴 'ndt clean' alone does not wait went red)
  caught   M15: a mismatched helper is shown but not counted          (🔴 'ndt status --check' counts it as a problem went red)
  caught   M16: an unanswerable helper comparison is called a match   (🔴 'could not compare' is not green went red)
  caught   M17: a mismatched helper refuses the bring-up              (🔴 preflight WARNS and does not refuse went red)
  caught   M18: nothing compares this checkout with the lab's tree    (🔴 nothing on the machine was touched went red)
  caught   M19: the two trees are compared as strings, not as paths   (🔴 the same tree through a symlink is not a refusal went red)
  caught   M20: the guard refuses even when the trees are the same    (🔴 the same tree is not a refusal went red)
  caught   M21: both host counts are read from this tree              (  the lab's tree, with ITS host count went red)
  caught   M22: topo-start's 'which tree' line is discarded again     (🔴 and the helper's 'which tree' line reaches the operator went red)
  caught   M23: the refusal stops saying whose knob those numbers are (🔴 and says that knob is the P4 plane's, not what OVS builds went red)
  caught   M24: NDT_TOPO is honoured on existence alone again (H4)    (  🔴 rc 3 -- a real file, for the wrong network went red)
  caught   M25: the host counts are compared and the verdict dropped  (  naming a model of a different network went red)
  caught   M26: the refusal's reason dies in a subshell (F8's shape)  (  🔴 and the refusal names both counts, not a fallback went red)
  caught   M27: record_up_target writes both numbers and compares neither (  🔴 record_up_target refuses hosts=4 against model_hosts=128 went red)
  caught   M28 (widening): every NDT_TOPO is refused                  (  🔴 a MATCHING NDT_TOPO is still honoured went red)
  caught   M29: an uncountable NDT_TOPO is refused rather than warned about (  an uncountable model is not refused went red)
  caught   N1 (control, always green): preflight refuses nothing      (🔴 a foreign holder of :8000 refuses the bring-up went red)
  caught   N2 (widening, green): the rollback prints and does nothing (  stops the topo session went red)
  caught   N3 (widening, green): 'ndt down' always exits 0            (🔴 a process that never leaves is still RED went red)
  caught   N4 (widening, green): the helpers always agree             (a differing helper is reported went red)
  caught   N5 (widening, green): the tree comparison always agrees    (🔴 nothing on the machine was touched went red)
  green    W1 (behaviour-preserving): an arithmetic test written as a string test ((( x == 1 )) and [[ x == 1 ]] decide the same thing on a 0/1 flag)
  green    W2 (behaviour-preserving): wait_reaped's guard rewritten   (the same condition, spelled differently)
  green    W3 (behaviour-preserving): an advice line reworded         (the advice text is not the behaviour under test)
  green    W4 (behaviour-preserving): echo written as printf          (identical bytes on stdout)
  green    W5 (behaviour-preserving): the tree comparison written as an if (the same condition, spelled differently)
  green    W6 (behaviour-preserving): the refusal's opening line reworded (the wording of the first line is not the behaviour under test)
  caught   M30: the teardown records nothing again (H3)               (  🔴 and it is present DURING the teardown, not just around it went red)
  caught   M31: the guard is not called from preflight                (  🔴 P4 preflight refuses while a teardown runs went red)
  caught   M32: the teardown never removes its marker                 (  🔴 'ndt down' removes its own marker when it finishes went red)
  caught   M33: a stale marker refuses forever                        (  🔴 a marker whose pid is gone does NOT refuse went red)

# ABORTED 2026-09-25T18:09:57+08:00 by the worker (kill -TERM of its own process group): static_checks at this head is rc 1 (check_test_tmpdirs flags the new tmp= probe in test_ndt_ovs_claim.sh:218/220); fixed in the next commit and every gate re-run there. No verdict here.
