5f9316a7054f74b4c11466c71f168499a696cb79
# worktree /home/adam/Desktop/NDTwin-Kernel/scratch/overnight-2026-09-05/wt-p4-heartbeat-w-0926  2026-09-26T09:19:22Z
# cwd /home/adam/Desktop/NDTwin-Kernel/scratch/overnight-2026-09-05/wt-p4-heartbeat-w-0926
# cmd bash /home/adam/Desktop/NDTwin-Kernel/scratch/overnight-2026-09-05/logs/gates-0910/scripts-p4hbw-5f9316a7/p4ex_at_base.sh /home/adam/Desktop/NDTwin-Kernel/scratch/overnight-2026-09-05/wt-p4-heartbeat-w-0926
# via JOBS=1 LOCK_WAIT=10800 /home/adam/Desktop/NDTwin-Kernel/scratch/overnight-2026-09-05/wt-p4-heartbeat-w-0926/tools/build_guard/guarded_build.sh
# EXPECTED rc=1: the machine's ~/tutorials/exercises/{basic,p4runtime}/build were recompiled 2026-09-26 06:22-06:24Z (mtimes inside live-p1 run 2026-09-26T062049Z_06_thirteen; basic.json now holds the solution parser) and FixtureProvenance compares the committed skeleton fixtures with them; tools/p4_exercise is unchanged by this branch -- p4_exercise_suite_at_base runs the base's copy against the same ~/tutorials
guarded_build: jobs=1 mem_high=3G mem_max=4G lock=/tmp/ndtwin-build.lock
guarded_build: $ bash /home/adam/Desktop/NDTwin-Kernel/scratch/overnight-2026-09-05/logs/gates-0910/scripts-p4hbw-5f9316a7/p4ex_at_base.sh /home/adam/Desktop/NDTwin-Kernel/scratch/overnight-2026-09-05/wt-p4-heartbeat-w-0926
base 580767a83dea12e42755687d174af891b69deb97; tools/p4_exercise diff base..HEAD: []
~/tutorials/exercises/basic/build:
/home/adam/tutorials/exercises/basic/build:
total 20
-rw-rw-r-- 1 adam adam 14000 2026-09-26T16:55:07+0800 basic.json
-rw-rw-r-- 1 adam adam   943 2026-09-26T16:55:07+0800 basic.p4.p4info.txtpb

/home/adam/tutorials/exercises/p4runtime/build:
total 32
-rw-rw-r-- 1 adam adam 27957 2026-09-26T14:24:38+0800 advanced_tunnel.json
-rw-rw-r-- 1 adam adam  2285 2026-09-26T14:24:38+0800 advanced_tunnel.p4.p4info.txtpb
ERROR: test_every_link_is_stored_in_both_directions (test_convert.BothDirections.test_every_link_is_stored_in_both_directions)
ERROR: test_host_edges_carry_dpid_zero_on_the_host_side (test_convert.BothDirections.test_host_edges_carry_dpid_zero_on_the_host_side)
ERROR: test_every_other_table_keeps_its_entries (test_convert.ConvertingWithTheRoleFlagTest.test_every_other_table_keeps_its_entries)
ERROR: test_everything_but_the_runtime_files_and_package_json_is_as_without_the_flag (test_convert.ConvertingWithTheRoleFlagTest.test_everything_but_the_runtime_files_and_package_json_is_as_without_the_flag)
ERROR: test_owner_ndtwin_takes_the_owned_tables_match_entries_out_and_counts_them (test_convert.ConvertingWithTheRoleFlagTest.test_owner_ndtwin_takes_the_owned_tables_match_entries_out_and_counts_them)
ERROR: test_owner_package_keeps_the_authors_entries_byte_for_byte (test_convert.ConvertingWithTheRoleFlagTest.test_owner_package_keeps_the_authors_entries_byte_for_byte)
ERROR: test_the_command_line_reports_the_count (test_convert.ConvertingWithTheRoleFlagTest.test_the_command_line_reports_the_count)
ERROR: test_the_package_carries_the_roles_block (test_convert.ConvertingWithTheRoleFlagTest.test_the_package_carries_the_roles_block)
ERROR: test_it_converts_and_reads_back_through_the_proxys_reader (test_convert.OneSwitchExercise.test_it_converts_and_reads_back_through_the_proxys_reader)
ERROR: test_its_one_switch_runs_calcs_own_program (test_convert.OneSwitchExercise.test_its_one_switch_runs_calcs_own_program)
ERROR: test_the_package_has_one_switch_two_hosts_and_two_links (test_convert.OneSwitchExercise.test_the_package_has_one_switch_two_hosts_and_two_links)
ERROR: test_stage_one_pins_pipeline_grpc_base_and_device_id (test_convert.PackageFields.test_stage_one_pins_pipeline_grpc_base_and_device_id)
ERROR: test_switch_nodes_carry_exactly_the_shipped_models_keys (test_convert.PackageFields.test_switch_nodes_carry_exactly_the_shipped_models_keys)
ERROR: test_the_mode_comes_from_whether_the_exercise_has_a_controller (test_convert.PackageFields.test_the_mode_comes_from_whether_the_exercise_has_a_controller)
ERROR: test_the_source_block_records_where_it_came_from (test_convert.PackageFields.test_the_source_block_records_where_it_came_from)
ERROR: test_both_programs_are_copied_into_the_package (test_convert.PerSwitchPipelines.test_both_programs_are_copied_into_the_package)
ERROR: test_every_pipeline_path_is_relative_and_inside_the_package (test_convert.PerSwitchPipelines.test_every_pipeline_path_is_relative_and_inside_the_package)
ERROR: test_the_ndtwin_pipeline_flag_nulls_every_switch_including_the_one_with_a_program (test_convert.PerSwitchPipelines.test_the_ndtwin_pipeline_flag_nulls_every_switch_including_the_one_with_a_program)
ERROR: test_the_switch_that_names_a_program_gets_it_and_the_others_get_the_default (test_convert.PerSwitchPipelines.test_the_switch_that_names_a_program_gets_it_and_the_others_get_the_default)
ERROR: test_two_firewall_conversions_are_byte_identical (test_convert.PerSwitchPipelines.test_two_firewall_conversions_are_byte_identical)
ERROR: test_without_p4_a_plain_exercise_still_converts_to_all_null (test_convert.PerSwitchPipelines.test_without_p4_a_plain_exercise_still_converts_to_all_null)
ERROR: test_pod_topo_is_four_hosts_four_switches_eight_links (test_convert.PodTopoNumbers.test_pod_topo_is_four_hosts_four_switches_eight_links)
ERROR: test_the_model_reads_back_through_the_proxys_reader (test_convert.PodTopoNumbers.test_the_model_reads_back_through_the_proxys_reader)
ERROR: test_triangle_topo_reads_back_too (test_convert.PodTopoNumbers.test_triangle_topo_reads_back_too)
ERROR: test_copies_keep_their_exercise_relative_paths (test_convert.Reproducible.test_copies_keep_their_exercise_relative_paths)
ERROR: test_two_conversions_are_byte_identical (test_convert.Reproducible.test_two_conversions_are_byte_identical)
ERROR: test_ecn_reads_back_with_its_five_hosts (test_convert.ShapedLinks.test_ecn_reads_back_with_its_five_hosts)
ERROR: test_the_multicast_exercises_group_is_in_the_written_package (test_convert.ThePreEntriesSurviveTheConversion.test_the_multicast_exercises_group_is_in_the_written_package)
ERROR: test_the_one_switch_topology_reads_back (test_convert.ThePreEntriesSurviveTheConversion.test_the_one_switch_topology_reads_back)
ERROR: test_every_file_of_every_conversion_is_the_one_the_base_wrote (test_convert.WithoutTheRoleFlagTheOutputIsByteIdenticalTest.test_every_file_of_every_conversion_is_the_one_the_base_wrote)
ERROR: test_a_converted_owned_package_passes_every_check (test_preflight.BasicWithRolesTest.test_a_converted_owned_package_passes_every_check)
ERROR: test_a_dst_mac_that_is_not_48_bits_fails_here_before_the_proxy_refuses (test_preflight.BasicWithRolesTest.test_a_dst_mac_that_is_not_48_bits_fails_here_before_the_proxy_refuses)
ERROR: test_a_shape_the_loader_refuses_is_refused_here_with_the_loaders_sentence (test_preflight.BasicWithRolesTest.test_a_shape_the_loader_refuses_is_refused_here_with_the_loaders_sentence)
ERROR: test_a_table_the_program_does_not_have_fails_and_names_the_switch (test_preflight.BasicWithRolesTest.test_a_table_the_program_does_not_have_fails_and_names_the_switch)
ERROR: test_no_suggestion_is_printed_for_a_package_that_declared_its_roles (test_preflight.BasicWithRolesTest.test_no_suggestion_is_printed_for_a_package_that_declared_its_roles)
ERROR: test_the_binding_row_names_what_every_switch_resolved_to (test_preflight.BasicWithRolesTest.test_the_binding_row_names_what_every_switch_resolved_to)
ERROR: test_the_kept_default_action_is_disclosed_not_refused (test_preflight.BasicWithRolesTest.test_the_kept_default_action_is_disclosed_not_refused)
ERROR: test_the_message_is_the_one_the_proxy_raises (test_preflight.BasicWithRolesTest.test_the_message_is_the_one_the_proxy_raises)
ERROR: test_the_owned_tables_match_entries_fail_and_each_one_is_named (test_preflight.BasicWithRolesTest.test_the_owned_tables_match_entries_fail_and_each_one_is_named)
ERROR: test_a_package_without_a_p4_says_there_is_nothing_to_compile (test_preflight.CompileCheck.test_a_package_without_a_p4_says_there_is_nothing_to_compile)
ERROR: test_an_absent_compiler_is_neither_pass_nor_fail (test_preflight.CompileCheck.test_an_absent_compiler_is_neither_pass_nor_fail)
ERROR: test_a_bad_action_name_fails (test_preflight.EntriesRedCells.test_a_bad_action_name_fails)
ERROR: test_a_bad_match_field_name_fails (test_preflight.EntriesRedCells.test_a_bad_match_field_name_fails)
ERROR: test_a_bad_table_name_fails (test_preflight.EntriesRedCells.test_a_bad_table_name_fails)
ERROR: test_a_default_action_entry_with_a_match_fails (test_preflight.EntriesRedCells.test_a_default_action_entry_with_a_match_fails)
ERROR: test_a_negative_lpm_prefix_fails (test_preflight.EntriesRedCells.test_a_negative_lpm_prefix_fails)
ERROR: test_a_ternary_match_fails_with_g5_not_done (test_preflight.EntriesRedCells.test_a_ternary_match_fails_with_g5_not_done)
ERROR: test_a_value_too_wide_for_its_field_fails (test_preflight.EntriesRedCells.test_a_value_too_wide_for_its_field_fails)
ERROR: test_an_lpm_prefix_longer_than_the_field_fails (test_preflight.EntriesRedCells.test_an_lpm_prefix_longer_than_the_field_fails)
ERROR: test_an_lpm_value_that_is_not_a_pair_fails (test_preflight.EntriesRedCells.test_an_lpm_value_that_is_not_a_pair_fails)
ERROR: test_an_unknown_action_parameter_fails (test_preflight.EntriesRedCells.test_an_unknown_action_parameter_fails)
ERROR: test_the_shipped_default_action_entry_is_accepted (test_preflight.EntriesRedCells.test_the_shipped_default_action_entry_is_accepted)
ERROR: test_an_external_package_passes_and_says_it_has_no_entries (test_preflight.ExternalPackage.test_an_external_package_passes_and_says_it_has_no_entries)
ERROR: test_an_external_package_with_no_p4info_at_all_fails (test_preflight.ExternalPackage.test_an_external_package_with_no_p4info_at_all_fails)
ERROR: test_one_block_resolves_on_both_programs (test_preflight.FirewallWithRolesTest.test_one_block_resolves_on_both_programs)
ERROR: test_a_freshly_converted_package_passes_every_check (test_preflight.GreenCells.test_a_freshly_converted_package_passes_every_check)
ERROR: test_it_says_the_entries_are_recorded_and_not_applied (test_preflight.GreenCells.test_it_says_the_entries_are_recorded_and_not_applied)
ERROR: test_the_four_readers_are_each_their_own_row (test_preflight.GreenCells.test_the_four_readers_are_each_their_own_row)
ERROR: test_every_switch_is_null_and_the_row_says_so (test_preflight.NdtwinPipelinePackage.test_every_switch_is_null_and_the_row_says_so)
ERROR: test_with_no_pipeline_the_entries_are_not_compared_to_one (test_preflight.NdtwinPipelinePackage.test_with_no_pipeline_the_entries_are_not_compared_to_one)
ERROR: test_an_all_null_package_gets_no_suggestion (test_preflight.NoSuggestionOnNdtwinsOwnPipelineTest.test_an_all_null_package_gets_no_suggestion)
ERROR: test_calc_has_no_route_table_so_nothing_is_suggested (test_preflight.NoSuggestionWhereNothingFitsTest.test_calc_has_no_route_table_so_nothing_is_suggested)
ERROR: test_a_single_switch_package_passes_every_check (test_preflight.OneSwitchPackage.test_a_single_switch_package_passes_every_check)
ERROR: test_the_zero_link_row_is_a_pass_not_a_failure (test_preflight.OneSwitchPackage.test_the_zero_link_row_is_a_pass_not_a_failure)
ERROR: test_a_device_id_other_than_dpid_fails (test_preflight.PackageRedCells.test_a_device_id_other_than_dpid_fails)
ERROR: test_a_grpc_base_other_than_30050_fails (test_preflight.PackageRedCells.test_a_grpc_base_other_than_30050_fails)
ERROR: test_a_host_whose_name_does_not_match_its_address_fails (test_preflight.PackageRedCells.test_a_host_whose_name_does_not_match_its_address_fails)
ERROR: test_a_missing_package_json_fails (test_preflight.PackageRedCells.test_a_missing_package_json_fails)
ERROR: test_a_missing_referenced_file_fails (test_preflight.PackageRedCells.test_a_missing_referenced_file_fails)
ERROR: test_a_model_that_disagrees_with_package_json_fails (test_preflight.PackageRedCells.test_a_model_that_disagrees_with_package_json_fails)
ERROR: test_a_model_the_proxys_reader_refuses_fails (test_preflight.PackageRedCells.test_a_model_the_proxys_reader_refuses_fails)
ERROR: test_a_non_null_pipeline_on_a_package_that_carries_none_fails (test_preflight.PackageRedCells.test_a_non_null_pipeline_on_a_package_that_carries_none_fails)
ERROR: test_a_switch_not_named_after_its_dpid_fails (test_preflight.PackageRedCells.test_a_switch_not_named_after_its_dpid_fails)
ERROR: test_a_wrong_format_number_fails_and_stops (test_preflight.PackageRedCells.test_a_wrong_format_number_fails_and_stops)
ERROR: test_an_unknown_control_plane_mode_fails (test_preflight.PackageRedCells.test_an_unknown_control_plane_mode_fails)
ERROR: test_a_missing_pipeline_file_fails_and_names_the_switch (test_preflight.PipelineCells.test_a_missing_pipeline_file_fails_and_names_the_switch)
ERROR: test_a_p4info_naming_a_table_the_bmv2_json_does_not_have_fails (test_preflight.PipelineCells.test_a_p4info_naming_a_table_the_bmv2_json_does_not_have_fails)
ERROR: test_a_p4info_naming_an_action_the_bmv2_json_does_not_have_fails (test_preflight.PipelineCells.test_a_p4info_naming_an_action_the_bmv2_json_does_not_have_fails)
ERROR: test_a_p4info_that_exists_but_does_not_parse_fails_by_name (test_preflight.PipelineCells.test_a_p4info_that_exists_but_does_not_parse_fails_by_name)
ERROR: test_a_pipeline_escaping_the_package_directory_fails_here_and_not_only_at_bring_up (test_preflight.PipelineCells.test_a_pipeline_escaping_the_package_directory_fails_here_and_not_only_at_bring_up)
ERROR: test_a_pipeline_missing_one_half_fails (test_preflight.PipelineCells.test_a_pipeline_missing_one_half_fails)
ERROR: test_a_pipeline_that_is_a_list_rather_than_an_object_fails (test_preflight.PipelineCells.test_a_pipeline_that_is_a_list_rather_than_an_object_fails)
ERROR: test_a_ternary_match_says_the_endpoint_answers_501 (test_preflight.PipelineCells.test_a_ternary_match_says_the_endpoint_answers_501)
ERROR: test_a_two_program_package_passes_every_check (test_preflight.PipelineCells.test_a_two_program_package_passes_every_check)
ERROR: test_an_absolute_pipeline_path_fails_here_and_not_only_at_bring_up (test_preflight.PipelineCells.test_an_absolute_pipeline_path_fails_here_and_not_only_at_bring_up)
ERROR: test_each_switch_gets_its_own_row_with_the_p4info_sha_and_the_source (test_preflight.PipelineCells.test_each_switch_gets_its_own_row_with_the_p4info_sha_and_the_source)
ERROR: test_entries_and_pipeline_agreeing_is_its_own_green_row (test_preflight.PipelineCells.test_entries_and_pipeline_agreeing_is_its_own_green_row)
ERROR: test_entries_written_for_another_program_fail (test_preflight.PipelineCells.test_entries_written_for_another_program_fail)
ERROR: test_the_printed_sha_is_the_p4infos_own (test_preflight.PipelineCells.test_the_printed_sha_is_the_p4infos_own)
ERROR: test_a_port_too_narrow_for_the_topology_fails_here (test_preflight.RenamedRolesTest.test_a_port_too_narrow_for_the_topology_fails_here)
ERROR: test_the_owned_table_rows_speak_only_of_the_switches_whose_binding_resolved (test_preflight.RenamedRolesTest.test_the_owned_table_rows_speak_only_of_the_switches_whose_binding_resolved)
ERROR: test_the_renamed_package_passes_and_binds_the_renamed_names (test_preflight.RenamedRolesTest.test_the_renamed_package_passes_and_binds_the_renamed_names)
ERROR: test_calc_has_no_ipv4_lpm_and_says_so (test_preflight.ReverseControlsTest.test_calc_has_no_ipv4_lpm_and_says_so)
ERROR: test_multicast_has_no_ipv4_lpm_and_says_so (test_preflight.ReverseControlsTest.test_multicast_has_no_ipv4_lpm_and_says_so)
ERROR: test_no_owned_table_row_is_claimed_for_a_table_the_program_does_not_have (test_preflight.ReverseControlsTest.test_no_owned_table_row_is_claimed_for_a_table_the_program_does_not_have)
ERROR: test_cooperative_is_possible_on_a_program_that_included_the_header (test_preflight.TheCooperativeIncludeIsAccepted.test_cooperative_is_possible_on_a_program_that_included_the_header)
ERROR: test_auto_on_the_same_package_is_fine (test_preflight.TheCooperativeRefusal.test_auto_on_the_same_package_is_fine)
ERROR: test_cooperative_on_a_program_with_no_controller_header_fails (test_preflight.TheCooperativeRefusal.test_cooperative_on_a_program_with_no_controller_header_fails)
ERROR: test_link_on_the_same_package_is_fine (test_preflight.TheCooperativeRefusal.test_link_on_the_same_package_is_fine)
ERROR: test_the_failure_names_the_way_out (test_preflight.TheCooperativeRefusal.test_the_failure_names_the_way_out)
ERROR: test_a_clone_session_replica_may_name_the_cpu_port (test_preflight.TheMulticastPackageIsGreen.test_a_clone_session_replica_may_name_the_cpu_port)
ERROR: test_a_clone_session_replica_on_a_port_that_is_neither_fails (test_preflight.TheMulticastPackageIsGreen.test_a_clone_session_replica_on_a_port_that_is_neither_fails)
ERROR: test_a_group_id_of_zero_fails (test_preflight.TheMulticastPackageIsGreen.test_a_group_id_of_zero_fails)
ERROR: test_a_group_with_no_replicas_fails (test_preflight.TheMulticastPackageIsGreen.test_a_group_with_no_replicas_fails)
ERROR: test_a_replica_on_a_port_the_model_does_not_build_fails (test_preflight.TheMulticastPackageIsGreen.test_a_replica_on_a_port_the_model_does_not_build_fails)
ERROR: test_it_converts_and_passes_every_check (test_preflight.TheMulticastPackageIsGreen.test_it_converts_and_passes_every_check)
ERROR: test_the_groups_survive_the_conversion (test_preflight.TheMulticastPackageIsGreen.test_the_groups_survive_the_conversion)
ERROR: test_the_pre_entries_row_counts_them (test_preflight.TheMulticastPackageIsGreen.test_the_pre_entries_row_counts_them)
ERROR: test_the_same_port_with_a_second_instance_is_accepted (test_preflight.TheMulticastPackageIsGreen.test_the_same_port_with_a_second_instance_is_accepted)
ERROR: test_the_same_replica_twice_fails (test_preflight.TheMulticastPackageIsGreen.test_the_same_replica_twice_fails)
ERROR: test_a_foreign_route_shaped_table_without_roles_gets_one_pasteable_line (test_preflight.TheSuggestionTest.test_a_foreign_route_shaped_table_without_roles_gets_one_pasteable_line)
ERROR: test_the_suggestion_is_not_a_failure (test_preflight.TheSuggestionTest.test_the_suggestion_is_not_a_failure)
ERROR: test_there_is_exactly_one_suggestion_row (test_preflight.TheSuggestionTest.test_there_is_exactly_one_suggestion_row)
ERROR: test_a_package_that_declares_nothing_is_a_note_not_a_failure (test_preflight.TheTelemetryWord.test_a_package_that_declares_nothing_is_a_note_not_a_failure)
ERROR: test_a_telemetry_that_is_not_an_object_fails (test_preflight.TheTelemetryWord.test_a_telemetry_that_is_not_an_object_fails)
ERROR: test_a_word_outside_the_domain_fails (test_preflight.TheTelemetryWord.test_a_word_outside_the_domain_fails)
ERROR: test_each_word_in_the_domain_is_accepted (test_preflight.TheTelemetryWord.test_each_word_in_the_domain_is_accepted)
FAIL: test_every_fixture_is_still_byte_identical_to_its_tutorials_original (test_convert.FixtureProvenance.test_every_fixture_is_still_byte_identical_to_its_tutorials_original)
                     "fixture(s) that have drifted from ~/tutorials; the tests describe a "
+ []
- ['basic/build/basic.json',
-  'basic/build/basic.p4.p4info.txtpb',
-  'p4runtime/build/advanced_tunnel.json'] : fixture(s) that have drifted from ~/tutorials; the tests describe a file shape the upstream exercise no longer has
FAIL: test_ndtwin_switch_does_not_include_the_new_file (test_telemetry_include.TheIncludeAndNdtwinSwitchAgreeTest.test_ndtwin_switch_does_not_include_the_new_file)
FAIL: test_packet_in_header_t_is_declared_identically_in_both (test_telemetry_include.TheIncludeAndNdtwinSwitchAgreeTest.test_packet_in_header_t_is_declared_identically_in_both)
FAIL: test_packet_out_header_t_is_declared_identically_in_both (test_telemetry_include.TheIncludeAndNdtwinSwitchAgreeTest.test_packet_out_header_t_is_declared_identically_in_both)
FAIL: test_the_session_the_rate_and_the_cpu_port_agree (test_telemetry_include.TheIncludeAndNdtwinSwitchAgreeTest.test_the_session_the_rate_and_the_cpu_port_agree)
FAIL: test_the_committed_p4info_is_the_one_this_compiler_produces (test_telemetry_include.TheIncludeCompilesTest.test_the_committed_p4info_is_the_one_this_compiler_produces)
FAIL: test_the_fixture_compiles (test_telemetry_include.TheIncludeCompilesTest.test_the_fixture_compiles)
FAIL: test_the_freshly_compiled_p4info_carries_the_five_names (test_telemetry_include.TheIncludeCompilesTest.test_the_freshly_compiled_p4info_carries_the_five_names)
Ran 187 tests in 0.666s
FAILED (failures=8, errors=117)
guarded_build: exit 1
# rc=1
