d57531d9cf53b65ffaa8d904a7f7ff3689093860
# worktree /home/adam/Desktop/NDTwin-Kernel/scratch/overnight-2026-09-05/wt-p4-heartbeat-w-0926  2026-09-26T07:58:46Z
# cwd /home/adam/Desktop/NDTwin-Kernel/scratch/overnight-2026-09-05/wt-p4-heartbeat-w-0926
# cmd env PYTHONDONTWRITEBYTECODE=1 /home/adam/Desktop/NDTwin-Kernel/scratch/overnight-2026-09-05/wt-p4-heartbeat-w-0926/p4_proxy/venv/bin/python -m unittest discover -s tools/p4_exercise/tests -t tools/p4_exercise/tests
# via JOBS=1 LOCK_WAIT=10800 /home/adam/Desktop/NDTwin-Kernel/scratch/overnight-2026-09-05/wt-p4-heartbeat-w-0926/tools/build_guard/guarded_build.sh
guarded_build: jobs=1 mem_high=3G mem_max=4G lock=/tmp/ndtwin-build.lock
guarded_build: $ env PYTHONDONTWRITEBYTECODE=1 /home/adam/Desktop/NDTwin-Kernel/scratch/overnight-2026-09-05/wt-p4-heartbeat-w-0926/p4_proxy/venv/bin/python -m unittest discover -s tools/p4_exercise/tests -t tools/p4_exercise/tests
..../home/adam/Desktop/NDTwin-Kernel/scratch/overnight-2026-09-05/wt-p4-heartbeat-w-0926/p4_proxy/venv/lib/python3.13/site-packages/google/protobuf/internal/well_known_types.py:91: DeprecationWarning: datetime.datetime.utcfromtimestamp() is deprecated and scheduled for removal in a future version. Use timezone-aware objects to represent datetimes in UTC: datetime.datetime.fromtimestamp(timestamp, datetime.UTC).
  _EPOCH_DATETIME_NAIVE = datetime.datetime.utcfromtimestamp(0)
......F................................................................................................................................................................................
======================================================================
FAIL: test_every_fixture_is_still_byte_identical_to_its_tutorials_original (test_convert.FixtureProvenance.test_every_fixture_is_still_byte_identical_to_its_tutorials_original)
----------------------------------------------------------------------
Traceback (most recent call last):
  File "/home/adam/Desktop/NDTwin-Kernel/scratch/overnight-2026-09-05/wt-p4-heartbeat-w-0926/tools/p4_exercise/tests/test_convert.py", line 572, in test_every_fixture_is_still_byte_identical_to_its_tutorials_original
    self.assertEqual(mismatched, [],
    ~~~~~~~~~~~~~~~~^^^^^^^^^^^^^^^^
                     "fixture(s) that have drifted from ~/tutorials; the tests describe a "
                     ^^^^^^^^^^^^^^^^^^^^^^^^^^^^^^^^^^^^^^^^^^^^^^^^^^^^^^^^^^^^^^^^^^^^^^
                     "file shape the upstream exercise no longer has")
                     ^^^^^^^^^^^^^^^^^^^^^^^^^^^^^^^^^^^^^^^^^^^^^^^^^
AssertionError: Lists differ: ['basic/build/basic.json', 'basic/build/ba[56 chars]son'] != []

First list contains 3 additional elements.
First extra element 0:
'basic/build/basic.json'

+ []
- ['basic/build/basic.json',
-  'basic/build/basic.p4.p4info.txtpb',
-  'p4runtime/build/advanced_tunnel.json'] : fixture(s) that have drifted from ~/tutorials; the tests describe a file shape the upstream exercise no longer has

----------------------------------------------------------------------
Ran 187 tests in 1.811s

FAILED (failures=1)
guarded_build: exit 1
# rc=1
