5f9316a7054f74b4c11466c71f168499a696cb79
# worktree /home/adam/Desktop/NDTwin-Kernel/scratch/overnight-2026-09-05/wt-p4-heartbeat-w-0926  2026-09-26T09:19:15Z
# cwd /home/adam/Desktop/NDTwin-Kernel/scratch/overnight-2026-09-05/wt-p4-heartbeat-w-0926
# cmd bash /home/adam/Desktop/NDTwin-Kernel/scratch/overnight-2026-09-05/logs/gates-0910/scripts-p4hbw-5f9316a7/red_first_w.sh /home/adam/Desktop/NDTwin-Kernel/scratch/overnight-2026-09-05/wt-p4-heartbeat-w-0926
# via JOBS=1 LOCK_WAIT=10800 /home/adam/Desktop/NDTwin-Kernel/scratch/overnight-2026-09-05/wt-p4-heartbeat-w-0926/tools/build_guard/guarded_build.sh
guarded_build: jobs=1 mem_high=3G mem_max=4G lock=/tmp/ndtwin-build.lock
guarded_build: $ bash /home/adam/Desktop/NDTwin-Kernel/scratch/overnight-2026-09-05/logs/gates-0910/scripts-p4hbw-5f9316a7/red_first_w.sh /home/adam/Desktop/NDTwin-Kernel/scratch/overnight-2026-09-05/wt-p4-heartbeat-w-0926
HEAD 5f9316a7054f74b4c11466c71f168499a696cb79   base 580767a83dea12e42755687d174af891b69deb97
ERROR: test_link_heartbeat (unittest.loader._FailedTest.test_link_heartbeat)
ERROR: test_heartbeat_watchdog (unittest.loader._FailedTest.test_heartbeat_watchdog)
ERROR: test_heartbeat_fabric (unittest.loader._FailedTest.test_heartbeat_fabric)
ERROR: test_add_is_409 (tests.test_flowentry_read_only.ARefusedWriteIsA409Test.test_add_is_409)
ERROR: test_delete_is_409 (tests.test_flowentry_read_only.ARefusedWriteIsA409Test.test_delete_is_409)
ERROR: test_modify_is_409 (tests.test_flowentry_read_only.ARefusedWriteIsA409Test.test_modify_is_409)
ERROR: test_the_body_is_the_table_entry_endpoints_own (tests.test_flowentry_read_only.ARefusedWriteIsA409Test.test_the_body_is_the_table_entry_endpoints_own) (endpoint='add')
ERROR: test_the_body_is_the_table_entry_endpoints_own (tests.test_flowentry_read_only.ARefusedWriteIsA409Test.test_the_body_is_the_table_entry_endpoints_own) (endpoint='delete')
ERROR: test_the_body_is_the_table_entry_endpoints_own (tests.test_flowentry_read_only.ARefusedWriteIsA409Test.test_the_body_is_the_table_entry_endpoints_own) (endpoint='modify')
ERROR: test_a_five_tuple_write_is_409_too (tests.test_flowentry_read_only.ThroughTheRealWriterNothingReachesTheSwitchTest.test_a_five_tuple_write_is_409_too)
ERROR: test_every_verb_is_409_and_the_switch_saw_nothing (tests.test_flowentry_read_only.ThroughTheRealWriterNothingReachesTheSwitchTest.test_every_verb_is_409_and_the_switch_saw_nothing) (endpoint='add')
ERROR: test_every_verb_is_409_and_the_switch_saw_nothing (tests.test_flowentry_read_only.ThroughTheRealWriterNothingReachesTheSwitchTest.test_every_verb_is_409_and_the_switch_saw_nothing) (endpoint='delete')
ERROR: test_every_verb_is_409_and_the_switch_saw_nothing (tests.test_flowentry_read_only.ThroughTheRealWriterNothingReachesTheSwitchTest.test_every_verb_is_409_and_the_switch_saw_nothing) (endpoint='modify')
ERROR: test_an_external_control_plane_refuses_first_as_it_always_did (tests.test_route_binding.AWriteWithNoBindingIs501OnTheRenamedFixtureTest.test_an_external_control_plane_refuses_first_as_it_always_did)
FAIL: test_its_one_caller_is_the_watchdog_pass_ingesting_the_heartbeat (tests.test_link_state_entry.TheEntryIsNotWiredInThisCutTest.test_its_one_caller_is_the_watchdog_pass_ingesting_the_heartbeat)
Ran 12 tests in 0.088s
FAILED (failures=1, errors=14)
  red: tests.test_link_heartbeat does not import at the base (proxy_agent.link_heartbeat missing)
  red: tests.test_heartbeat_watchdog does not import at the base (proxy_agent.link_heartbeat missing)
  red: tests.test_heartbeat_fabric does not import at the base (proxy_agent.link_heartbeat missing)
  red: test_an_external_control_plane_refuses_first_as_it_always_did
  red: test_its_one_caller_is_the_watchdog_pass_ingesting_the_heartbeat
test_ndt_heartbeat.sh at HEAD against the base's ndt: Ran 57 checks, 31 failed
RED-FIRST: red against the base, as it must be
guarded_build: exit 0
# rc=0
