#### T-1: ndt up ovs4 (retry, :8000 genuinely free) -- ovs_4host_topo.py's only run path ####
# binary sha256 a8ba99c25f0393159d5111815c406c7fe85ee1f2842c3cd390f05094417fdc06 / src commit f41a06a6
# started 2026-09-02T23:40:33+08:00; :8000 free, :6343 free, sibling B-5 matrix finished 23:39
ndt up ovs4
  hosts        4
  topology     setting/StaticNetworkTopologyOVS_10Switches_4Hosts.json
[1/4] control plane (Ryu)
  ok  Ryu up, prompt reached
[2/4] data plane (OVS fabric)
  ok  15 host/switch processes after 2s
[3/4] proxy-less convergence + kernel
  Ryu settles for 40s before installing paths (NDTWIN_RYU_SETTLE_S)
        started ryu (pid 1006083) -> /home/adam/Desktop/NDTwin-Kernel/.test_run/logs/ryu.log
        waiting for Ryu REST on :8080 .. up
          switches=10 links=32 paths=installed                                                        converged after 3s
        started kernel (pid 1009541) -> /home/adam/Desktop/NDTwin-Kernel/.test_run/logs/kernel.log
        waiting for kernel API on :8000 . up
[4/4] verify
  ok  kernel: 10 switches up+enabled
  ok  kernel graph matches the model file: 4 hosts, 40 edges
  ok  data plane: h1 -> 10.0.0.2 forwards

up. ready
