-----------------------------------------------------------
Server listening on 5201 (test #1)
-----------------------------------------------------------
Accepted connection from 10.0.0.29, port 41568
[  8] local 10.0.0.61 port 5201 connected to 10.0.0.29 port 58852
[ ID] Interval           Transfer     Bitrate         Jitter    Lost/Total Datagrams
[  8]   0.00-1.00   sec   576 KBytes  4.71 Mbits/sec  1.493 ms  18/439 (4.1%)  
[  8]   1.00-2.00   sec   561 KBytes  4.59 Mbits/sec  2.581 ms  33/443 (7.4%)  
[  8]   2.00-3.00   sec   600 KBytes  4.92 Mbits/sec  1.414 ms  13/452 (2.9%)  
[  8]   3.00-4.00   sec   592 KBytes  4.85 Mbits/sec  1.476 ms  12/445 (2.7%)  
[  8]   4.00-5.00   sec   602 KBytes  4.93 Mbits/sec  1.871 ms  7/447 (1.6%)  
[  8]   5.00-6.00   sec   588 KBytes  4.81 Mbits/sec  1.988 ms  9/439 (2.1%)  
[  8]   6.00-7.00   sec   536 KBytes  4.40 Mbits/sec  2.187 ms  48/440 (11%)  
[  8]   7.00-8.00   sec   520 KBytes  4.26 Mbits/sec  2.764 ms  77/457 (17%)  
[  8]   8.00-9.00   sec   533 KBytes  4.37 Mbits/sec  3.002 ms  54/444 (12%)  
[  8]   9.00-10.00  sec   473 KBytes  3.88 Mbits/sec  1.411 ms  105/451 (23%)  
[  8]  10.00-11.00  sec   458 KBytes  3.75 Mbits/sec  2.581 ms  80/415 (19%)  
[  8]  11.00-12.00  sec   491 KBytes  4.02 Mbits/sec  2.257 ms  80/439 (18%)  
[  8]  12.00-13.00  sec   515 KBytes  4.22 Mbits/sec  2.358 ms  109/486 (22%)  
[  8]  13.00-14.00  sec   581 KBytes  4.76 Mbits/sec  2.393 ms  21/446 (4.7%)  
[  8]  14.00-15.00  sec   563 KBytes  4.61 Mbits/sec  2.403 ms  33/445 (7.4%)  
[  8]  15.00-16.00  sec   443 KBytes  3.63 Mbits/sec  3.369 ms  64/388 (16%)  
[  8]  16.00-17.00  sec   402 KBytes  3.29 Mbits/sec  2.920 ms  118/412 (29%)  
[  8]  17.00-18.00  sec   468 KBytes  3.83 Mbits/sec  1.986 ms  159/501 (32%)  
[  8]  18.00-19.00  sec   562 KBytes  4.60 Mbits/sec  2.140 ms  74/485 (15%)  
[  8]  19.00-20.00  sec   528 KBytes  4.32 Mbits/sec  2.135 ms  33/419 (7.9%)  
[  8]  20.00-21.00  sec   407 KBytes  3.34 Mbits/sec  3.760 ms  81/379 (21%)  
[  8]  21.00-22.00  sec   447 KBytes  3.66 Mbits/sec  2.699 ms  210/537 (39%)  
[  8]  22.00-23.00  sec   550 KBytes  4.50 Mbits/sec  1.590 ms  50/452 (11%)  
[  8]  23.00-24.00  sec   466 KBytes  3.82 Mbits/sec  1.381 ms  102/443 (23%)  
[  8]  24.00-25.00  sec   416 KBytes  3.40 Mbits/sec  4.188 ms  35/339 (10%)  
[  8]  25.00-26.00  sec   347 KBytes  2.84 Mbits/sec  2.715 ms  191/445 (43%)  
[  8]  26.00-27.00  sec   526 KBytes  4.31 Mbits/sec  2.230 ms  169/554 (31%)  
[  8]  27.00-28.00  sec   491 KBytes  4.02 Mbits/sec  2.851 ms  59/418 (14%)  
[  8]  28.00-29.00  sec   498 KBytes  4.08 Mbits/sec  2.206 ms  113/477 (24%)  
[  8]  29.00-30.00  sec   584 KBytes  4.76 Mbits/sec  2.500 ms  25/452 (5.5%)  
[  8]  30.00-31.00  sec   576 KBytes  4.74 Mbits/sec  1.430 ms  23/444 (5.2%)  
[  8]  31.00-32.00  sec   420 KBytes  3.44 Mbits/sec  4.619 ms  84/391 (21%)  
[  8]  32.00-33.00  sec   316 KBytes  2.59 Mbits/sec  3.725 ms  207/438 (47%)  
[  8]  33.00-34.00  sec   396 KBytes  3.25 Mbits/sec  3.499 ms  143/433 (33%)  
[  8]  34.00-35.00  sec   388 KBytes  3.18 Mbits/sec  2.924 ms  135/419 (32%)  
[  8]  35.00-36.00  sec   515 KBytes  4.21 Mbits/sec  2.485 ms  88/465 (19%)  
[  8]  36.00-37.00  sec   543 KBytes  4.46 Mbits/sec  3.232 ms  89/486 (18%)  
[  8]  37.00-38.00  sec   540 KBytes  4.42 Mbits/sec  1.289 ms  94/489 (19%)  
[  8]  38.00-39.00  sec   533 KBytes  4.37 Mbits/sec  1.967 ms  60/450 (13%)  
[  8]  39.00-40.00  sec   518 KBytes  4.24 Mbits/sec  2.043 ms  54/433 (12%)  
[  8]  40.00-41.00  sec   569 KBytes  4.66 Mbits/sec  1.337 ms  40/456 (8.8%)  
[  8]  41.00-42.00  sec   571 KBytes  4.68 Mbits/sec  2.168 ms  31/449 (6.9%)  
[  8]  42.00-43.00  sec   552 KBytes  4.52 Mbits/sec  2.831 ms  37/441 (8.4%)  
[  8]  43.00-44.00  sec   577 KBytes  4.73 Mbits/sec  2.688 ms  32/454 (7%)  
[  8]  44.00-45.00  sec   565 KBytes  4.63 Mbits/sec  2.020 ms  32/445 (7.2%)  
[  8]  45.00-46.00  sec   398 KBytes  3.26 Mbits/sec  2.518 ms  43/334 (13%)  
[  8]  46.00-47.00  sec   489 KBytes  4.01 Mbits/sec  3.122 ms  58/416 (14%)  
[  8]  47.00-48.00  sec   526 KBytes  4.31 Mbits/sec  3.163 ms  81/466 (17%)  
[  8]  48.00-49.00  sec   615 KBytes  5.04 Mbits/sec  2.344 ms  44/494 (8.9%)  
[  8]  49.00-50.00  sec   469 KBytes  3.84 Mbits/sec  3.122 ms  27/370 (7.3%)  
[  8]  50.00-51.00  sec   571 KBytes  4.68 Mbits/sec  2.458 ms  175/593 (30%)  
[  8]  51.00-52.00  sec   433 KBytes  3.55 Mbits/sec  7.055 ms  114/431 (26%)  
[  8]  52.00-53.00  sec   574 KBytes  4.70 Mbits/sec  2.256 ms  19/439 (4.3%)  
[  8]  53.00-54.00  sec   484 KBytes  3.96 Mbits/sec  2.421 ms  8/362 (2.2%)  
[  8]  54.00-55.00  sec   570 KBytes  4.67 Mbits/sec  2.323 ms  46/463 (9.9%)  
[  8]  55.00-56.00  sec   567 KBytes  4.65 Mbits/sec  1.852 ms  103/518 (20%)  
[  8]  56.00-57.00  sec   510 KBytes  4.18 Mbits/sec  2.086 ms  96/469 (20%)  
[  8]  57.00-58.00  sec   532 KBytes  4.36 Mbits/sec  2.268 ms  34/423 (8%)  
[  8]  58.00-59.00  sec   573 KBytes  4.69 Mbits/sec  2.903 ms  50/469 (11%)  
[  8]  59.00-60.00  sec   581 KBytes  4.76 Mbits/sec  2.047 ms  25/450 (5.6%)  
[  8]  60.00-61.00  sec   556 KBytes  4.56 Mbits/sec  2.958 ms  37/444 (8.3%)  
[  8]  61.00-62.00  sec   540 KBytes  4.42 Mbits/sec  2.116 ms  46/441 (10%)  
[  8]  62.00-63.00  sec   556 KBytes  4.56 Mbits/sec  3.233 ms  45/452 (10%)  
[  8]  63.00-64.00  sec   543 KBytes  4.45 Mbits/sec  1.546 ms  52/449 (12%)  
[  8]  64.00-65.00  sec   574 KBytes  4.70 Mbits/sec  2.849 ms  26/446 (5.8%)  
[  8]  65.00-66.00  sec   388 KBytes  3.18 Mbits/sec  3.552 ms  88/372 (24%)  
[  8]  66.00-67.00  sec   499 KBytes  4.09 Mbits/sec  2.360 ms  76/441 (17%)  
[  8]  67.00-68.00  sec   561 KBytes  4.59 Mbits/sec  2.181 ms  41/451 (9.1%)  
[  8]  68.00-69.00  sec   576 KBytes  4.71 Mbits/sec  2.020 ms  69/490 (14%)  
[  8]  69.00-70.00  sec   561 KBytes  4.59 Mbits/sec  2.097 ms  68/478 (14%)  
[  8]  70.00-71.00  sec   541 KBytes  4.44 Mbits/sec  2.219 ms  26/422 (6.2%)  
[  8]  71.00-72.00  sec   599 KBytes  4.89 Mbits/sec  1.745 ms  21/459 (4.6%)  
[  8]  72.00-73.00  sec   585 KBytes  4.81 Mbits/sec  1.416 ms  28/456 (6.1%)  
[  8]  73.00-74.00  sec   514 KBytes  4.21 Mbits/sec  2.564 ms  25/401 (6.2%)  
[  8]  74.00-75.00  sec   593 KBytes  4.86 Mbits/sec  1.702 ms  22/456 (4.8%)  
[  8]  75.00-76.00  sec   599 KBytes  4.91 Mbits/sec  2.528 ms  43/481 (8.9%)  
[  8]  76.00-77.00  sec   533 KBytes  4.37 Mbits/sec  3.338 ms  14/404 (3.5%)  
[  8]  77.00-78.00  sec   498 KBytes  4.08 Mbits/sec  1.924 ms  125/489 (26%)  
[  8]  78.00-79.00  sec   520 KBytes  4.26 Mbits/sec  2.137 ms  35/415 (8.4%)  
[  8]  79.00-80.00  sec   502 KBytes  4.11 Mbits/sec  3.260 ms  27/394 (6.9%)  
[  8]  80.00-81.00  sec   550 KBytes  4.50 Mbits/sec  2.497 ms  57/459 (12%)  
[  8]  81.00-82.00  sec   528 KBytes  4.32 Mbits/sec  2.386 ms  134/520 (26%)  
[  8]  82.00-83.00  sec   571 KBytes  4.68 Mbits/sec  1.600 ms  28/446 (6.3%)  
[  8]  83.00-84.00  sec   541 KBytes  4.43 Mbits/sec  2.264 ms  27/423 (6.4%)  
[  8]  84.00-85.00  sec   541 KBytes  4.44 Mbits/sec  2.718 ms  45/441 (10%)  
[  8]  85.00-86.00  sec   612 KBytes  5.02 Mbits/sec  2.155 ms  26/474 (5.5%)  
[  8]  86.00-87.00  sec   540 KBytes  4.42 Mbits/sec  2.577 ms  52/447 (12%)  
[  8]  87.00-88.00  sec   571 KBytes  4.68 Mbits/sec  1.682 ms  24/442 (5.4%)  
[  8]  88.00-89.00  sec   595 KBytes  4.87 Mbits/sec  1.875 ms  18/453 (4%)  
[  8]  89.00-90.00  sec   571 KBytes  4.68 Mbits/sec  2.057 ms  25/443 (5.6%)  
[  8]  90.00-91.00  sec   592 KBytes  4.85 Mbits/sec  1.948 ms  16/449 (3.6%)  
[  8]  91.00-92.00  sec   577 KBytes  4.73 Mbits/sec  1.253 ms  23/445 (5.2%)  
[  8]  92.00-93.00  sec   578 KBytes  4.74 Mbits/sec  1.225 ms  23/446 (5.2%)  
[  8]  93.00-94.00  sec   587 KBytes  4.80 Mbits/sec  2.297 ms  18/447 (4%)  
[  8]  94.00-95.00  sec   574 KBytes  4.70 Mbits/sec  2.316 ms  26/446 (5.8%)  
[  8]  95.00-96.00  sec   599 KBytes  4.91 Mbits/sec  1.365 ms  11/449 (2.4%)  
[  8]  96.00-97.00  sec   576 KBytes  4.72 Mbits/sec  2.188 ms  24/445 (5.4%)  
[  8]  97.00-98.00  sec   602 KBytes  4.93 Mbits/sec  0.933 ms  9/449 (2%)  
[  8]  98.00-99.00  sec   577 KBytes  4.72 Mbits/sec  0.581 ms  22/444 (5%)  
[  8]  99.00-100.00 sec   577 KBytes  4.73 Mbits/sec  2.278 ms  26/448 (5.8%)  
[  8] 100.00-101.00 sec   599 KBytes  4.91 Mbits/sec  1.541 ms  8/446 (1.8%)  
[  8] 101.00-102.00 sec   581 KBytes  4.76 Mbits/sec  2.256 ms  20/445 (4.5%)  
[  8] 102.00-103.00 sec   597 KBytes  4.89 Mbits/sec  1.675 ms  12/449 (2.7%)  
[  8] 103.00-104.00 sec   581 KBytes  4.76 Mbits/sec  2.624 ms  16/441 (3.6%)  
[  8] 104.00-105.00 sec   571 KBytes  4.68 Mbits/sec  2.269 ms  32/450 (7.1%)  
[  8] 105.00-106.00 sec   596 KBytes  4.88 Mbits/sec  2.124 ms  10/446 (2.2%)  
[  8] 106.00-107.00 sec   607 KBytes  4.97 Mbits/sec  1.457 ms  5/449 (1.1%)  
[  8] 107.00-108.00 sec   599 KBytes  4.91 Mbits/sec  1.016 ms  6/444 (1.4%)  
[  8] 108.00-109.00 sec   591 KBytes  4.84 Mbits/sec  2.768 ms  13/445 (2.9%)  
[  8] 109.00-110.00 sec   599 KBytes  4.91 Mbits/sec  1.415 ms  8/446 (1.8%)  
[  8] 110.00-111.00 sec   567 KBytes  4.65 Mbits/sec  1.440 ms  35/450 (7.8%)  
[  8] 111.00-112.00 sec   566 KBytes  4.64 Mbits/sec  1.484 ms  30/444 (6.8%)  
[  8] 112.00-113.00 sec   576 KBytes  4.72 Mbits/sec  1.984 ms  24/445 (5.4%)  
[  8] 113.00-114.00 sec   573 KBytes  4.69 Mbits/sec  2.325 ms  32/451 (7.1%)  
[  8] 114.00-115.00 sec   561 KBytes  4.59 Mbits/sec  1.930 ms  34/444 (7.7%)  
[  8] 115.00-116.00 sec   468 KBytes  3.83 Mbits/sec  6.117 ms  72/414 (17%)  
[  8] 116.00-117.00 sec   525 KBytes  4.30 Mbits/sec  1.912 ms  95/479 (20%)  
[  8] 117.00-118.00 sec   515 KBytes  4.22 Mbits/sec  2.676 ms  69/446 (15%)  
[  8] 118.00-119.00 sec   562 KBytes  4.60 Mbits/sec  3.062 ms  34/445 (7.6%)  
[  8] 119.00-120.00 sec   567 KBytes  4.65 Mbits/sec  2.727 ms  35/450 (7.8%)  
[  8] 120.00-121.00 sec   541 KBytes  4.44 Mbits/sec  2.532 ms  48/444 (11%)  
[  8] 121.00-122.00 sec   550 KBytes  4.50 Mbits/sec  2.547 ms  42/444 (9.5%)  
[  8] 122.00-123.00 sec   569 KBytes  4.66 Mbits/sec  1.570 ms  36/452 (8%)  
[  8] 123.00-124.00 sec   535 KBytes  4.38 Mbits/sec  2.196 ms  52/443 (12%)  
[  8] 124.00-125.00 sec   552 KBytes  4.52 Mbits/sec  2.139 ms  45/449 (10%)  
[  8] 125.00-126.00 sec   551 KBytes  4.51 Mbits/sec  1.130 ms  42/445 (9.4%)  
[  8] 126.00-127.00 sec   541 KBytes  4.44 Mbits/sec  1.922 ms  49/445 (11%)  
[  8] 127.00-128.00 sec   556 KBytes  4.56 Mbits/sec  1.732 ms  43/450 (9.6%)  
[  8] 128.00-129.00 sec   559 KBytes  4.58 Mbits/sec  1.672 ms  34/443 (7.7%)  
[  8] 129.00-130.00 sec   565 KBytes  4.63 Mbits/sec  2.242 ms  35/448 (7.8%)  
[  8] 130.00-131.00 sec   587 KBytes  4.80 Mbits/sec  2.646 ms  17/446 (3.8%)  
[  8] 131.00-132.00 sec   576 KBytes  4.72 Mbits/sec  2.144 ms  28/449 (6.2%)  
[  8] 132.00-133.00 sec   529 KBytes  4.33 Mbits/sec  2.576 ms  57/444 (13%)  
[  8] 133.00-134.00 sec   558 KBytes  4.57 Mbits/sec  2.177 ms  40/448 (8.9%)  
[  8] 134.00-135.00 sec   570 KBytes  4.67 Mbits/sec  2.031 ms  27/444 (6.1%)  
[  8] 135.00-136.00 sec   532 KBytes  4.36 Mbits/sec  2.197 ms  40/429 (9.3%)  
[  8] 136.00-137.00 sec   509 KBytes  4.17 Mbits/sec  2.302 ms  90/462 (19%)  
[  8] 137.00-138.00 sec   559 KBytes  4.58 Mbits/sec  1.379 ms  41/450 (9.1%)  
[  8] 138.00-139.00 sec   570 KBytes  4.67 Mbits/sec  1.978 ms  30/447 (6.7%)  
[  8] 139.00-140.00 sec   562 KBytes  4.60 Mbits/sec  2.465 ms  33/444 (7.4%)  
[  8] 140.00-141.00 sec   548 KBytes  4.49 Mbits/sec  2.709 ms  46/447 (10%)  
[  8] 141.00-142.00 sec   567 KBytes  4.64 Mbits/sec  1.792 ms  34/449 (7.6%)  
[  8] 142.00-143.00 sec   576 KBytes  4.72 Mbits/sec  0.777 ms  22/443 (5%)  
[  8] 143.00-144.00 sec   561 KBytes  4.59 Mbits/sec  1.431 ms  39/449 (8.7%)  
[  8] 144.00-145.00 sec   559 KBytes  4.58 Mbits/sec  2.473 ms  37/446 (8.3%)  
[  8] 145.00-146.00 sec   547 KBytes  4.48 Mbits/sec  1.267 ms  45/445 (10%)  
[  8] 146.00-147.00 sec   365 KBytes  2.99 Mbits/sec  2.930 ms  159/426 (37%)  
[  8] 147.00-148.00 sec   485 KBytes  3.98 Mbits/sec  1.885 ms  112/467 (24%)  
[  8] 148.00-149.00 sec   457 KBytes  3.74 Mbits/sec  2.058 ms  89/423 (21%)  
[  8] 149.00-150.00 sec   458 KBytes  3.75 Mbits/sec  3.877 ms  62/397 (16%)  
[  8] 150.00-151.00 sec   407 KBytes  3.34 Mbits/sec  2.354 ms  120/418 (29%)  
[  8] 151.00-152.00 sec   540 KBytes  4.42 Mbits/sec  2.724 ms  16/411 (3.9%)  
[  8] 152.00-153.00 sec   443 KBytes  3.63 Mbits/sec  2.441 ms  91/415 (22%)  
[  8] 153.00-154.00 sec   474 KBytes  3.89 Mbits/sec  1.827 ms  126/473 (27%)  
[  8] 154.00-155.00 sec   600 KBytes  4.92 Mbits/sec  3.401 ms  61/500 (12%)  
[  8] 155.00-156.00 sec   420 KBytes  3.44 Mbits/sec  2.736 ms  144/451 (32%)  
[  8] 156.00-157.00 sec   510 KBytes  4.18 Mbits/sec  3.006 ms  43/416 (10%)  
[  8] 157.00-158.00 sec   530 KBytes  4.35 Mbits/sec  2.581 ms  150/538 (28%)  
[  8] 158.00-159.00 sec   540 KBytes  4.42 Mbits/sec  2.207 ms  43/438 (9.8%)  
[  8] 159.00-160.00 sec   420 KBytes  3.43 Mbits/sec  1.762 ms  155/462 (34%)  
[  8] 160.00-161.00 sec   436 KBytes  3.58 Mbits/sec  2.196 ms  123/442 (28%)  
[  8] 161.00-162.00 sec   455 KBytes  3.73 Mbits/sec  1.531 ms  73/406 (18%)  
[  8] 162.00-163.00 sec   466 KBytes  3.82 Mbits/sec  2.378 ms  74/415 (18%)  
[  8] 163.00-164.00 sec   444 KBytes  3.64 Mbits/sec  2.805 ms  62/387 (16%)  
[  8] 164.00-165.00 sec   593 KBytes  4.86 Mbits/sec  2.676 ms  95/529 (18%)  
[  8] 165.00-166.00 sec   628 KBytes  5.14 Mbits/sec  1.713 ms  29/488 (5.9%)  
[  8] 166.00-167.00 sec   571 KBytes  4.68 Mbits/sec  1.838 ms  27/445 (6.1%)  
[  8] 167.00-168.00 sec   587 KBytes  4.80 Mbits/sec  1.280 ms  19/448 (4.2%)  
[  8] 168.00-169.00 sec   570 KBytes  4.67 Mbits/sec  1.239 ms  11/428 (2.6%)  
[  8] 169.00-170.00 sec   649 KBytes  5.32 Mbits/sec  1.721 ms  20/495 (4%)  
[  8] 170.00-171.00 sec   571 KBytes  4.68 Mbits/sec  1.676 ms  26/444 (5.9%)  
[  8] 171.00-172.00 sec   588 KBytes  4.82 Mbits/sec  1.321 ms  16/446 (3.6%)  
[  8] 172.00-173.00 sec   533 KBytes  4.37 Mbits/sec  3.035 ms  50/440 (11%)  
[  8] 173.00-174.00 sec   584 KBytes  4.77 Mbits/sec  2.769 ms  25/452 (5.5%)  
[  8] 174.00-175.00 sec   563 KBytes  4.62 Mbits/sec  2.638 ms  27/439 (6.2%)  
[  8] 175.00-176.00 sec   569 KBytes  4.66 Mbits/sec  1.468 ms  36/452 (8%)  
[  8] 176.00-177.00 sec   563 KBytes  4.62 Mbits/sec  1.842 ms  37/449 (8.2%)  
[  8] 177.00-178.00 sec   492 KBytes  4.03 Mbits/sec  2.286 ms  45/405 (11%)  
[  8] 178.00-179.00 sec   414 KBytes  3.39 Mbits/sec  2.583 ms  77/380 (20%)  
[  8] 179.00-180.00 sec   442 KBytes  3.62 Mbits/sec  3.245 ms  79/402 (20%)  
[  8] 180.00-181.00 sec   412 KBytes  3.37 Mbits/sec  3.170 ms  103/404 (25%)  
[  8] 181.00-182.00 sec   507 KBytes  4.15 Mbits/sec  3.645 ms  187/558 (34%)  
[  8] 182.00-183.00 sec   455 KBytes  3.73 Mbits/sec  2.083 ms  123/456 (27%)  
[  8] 183.00-184.00 sec   541 KBytes  4.43 Mbits/sec  3.322 ms  113/509 (22%)  
[  8] 184.00-185.00 sec   406 KBytes  3.33 Mbits/sec  1.992 ms  85/382 (22%)  
[  8] 185.00-186.00 sec   514 KBytes  4.21 Mbits/sec  1.182 ms  141/517 (27%)  
[  8] 186.00-187.00 sec   502 KBytes  4.11 Mbits/sec  2.764 ms  83/450 (18%)  
[  8] 187.00-188.00 sec   436 KBytes  3.57 Mbits/sec  1.787 ms  128/447 (29%)  
[  8] 188.00-189.00 sec   532 KBytes  4.36 Mbits/sec  2.010 ms  59/448 (13%)  
[  8] 189.00-190.01 sec   546 KBytes  4.43 Mbits/sec  2.678 ms  48/447 (11%)  
[  8] 190.01-191.00 sec   402 KBytes  3.33 Mbits/sec  3.108 ms  84/378 (22%)  
[  8] 191.00-192.00 sec   502 KBytes  4.11 Mbits/sec  2.447 ms  59/426 (14%)  
[  8] 192.00-193.00 sec   483 KBytes  3.95 Mbits/sec  2.432 ms  97/450 (22%)  
[  8] 193.00-194.00 sec   498 KBytes  4.08 Mbits/sec  2.382 ms  163/527 (31%)  
[  8] 194.00-195.00 sec   548 KBytes  4.49 Mbits/sec  2.150 ms  25/426 (5.9%)  
[  8] 195.00-196.00 sec   606 KBytes  4.96 Mbits/sec  1.893 ms  22/465 (4.7%)  
[  8] 196.00-197.00 sec   455 KBytes  3.73 Mbits/sec  2.884 ms  32/365 (8.8%)  
[  8] 197.00-198.00 sec   603 KBytes  4.94 Mbits/sec  1.651 ms  90/531 (17%)  
[  8] 198.00-199.00 sec   556 KBytes  4.56 Mbits/sec  2.542 ms  41/448 (9.2%)  
[  8] 199.00-200.00 sec   544 KBytes  4.46 Mbits/sec  3.040 ms  49/447 (11%)  
[  8] 200.00-201.00 sec   570 KBytes  4.67 Mbits/sec  1.733 ms  30/447 (6.7%)  
[  8] 201.00-202.00 sec   462 KBytes  3.79 Mbits/sec  3.428 ms  91/429 (21%)  
[  8] 202.00-203.00 sec   379 KBytes  3.10 Mbits/sec  2.150 ms  181/458 (40%)  
[  8] 203.00-204.00 sec   533 KBytes  4.36 Mbits/sec  1.994 ms  57/447 (13%)  
[  8] 204.00-205.00 sec   566 KBytes  4.64 Mbits/sec  1.833 ms  36/450 (8%)  
[  8] 205.00-206.00 sec   446 KBytes  3.65 Mbits/sec  2.320 ms  82/408 (20%)  
[  8] 206.00-207.00 sec   530 KBytes  4.35 Mbits/sec  2.028 ms  99/487 (20%)  
[  8] 207.00-208.00 sec   438 KBytes  3.58 Mbits/sec  1.526 ms  121/441 (27%)  
[  8] 208.00-209.00 sec   532 KBytes  4.36 Mbits/sec  1.854 ms  45/434 (10%)  
[  8] 209.00-210.00 sec   562 KBytes  4.60 Mbits/sec  2.220 ms  53/464 (11%)  
[  8] 210.00-211.00 sec   570 KBytes  4.67 Mbits/sec  2.967 ms  27/444 (6.1%)  
[  8] 211.00-212.00 sec   569 KBytes  4.66 Mbits/sec  2.474 ms  31/447 (6.9%)  
[  8] 212.00-213.00 sec   565 KBytes  4.63 Mbits/sec  3.077 ms  33/446 (7.4%)  
[  8] 213.00-214.00 sec   526 KBytes  4.31 Mbits/sec  0.915 ms  63/448 (14%)  
[  8] 214.00-215.00 sec   535 KBytes  4.38 Mbits/sec  1.822 ms  52/443 (12%)  
[  8] 215.00-216.00 sec   552 KBytes  4.52 Mbits/sec  2.048 ms  41/445 (9.2%)  
[  8] 216.00-217.00 sec   571 KBytes  4.68 Mbits/sec  2.684 ms  9/427 (2.1%)  
[  8] 217.00-218.00 sec   596 KBytes  4.88 Mbits/sec  1.069 ms  29/465 (6.2%)  
[  8] 218.00-219.00 sec   582 KBytes  4.77 Mbits/sec  1.473 ms  21/447 (4.7%)  
[  8] 219.00-220.00 sec   487 KBytes  3.99 Mbits/sec  2.460 ms  90/446 (20%)  
[  8] 220.00-221.00 sec   520 KBytes  4.26 Mbits/sec  2.925 ms  70/450 (16%)  
[  8] 221.00-222.00 sec   543 KBytes  4.45 Mbits/sec  1.438 ms  48/445 (11%)  
[  8] 222.00-223.00 sec   548 KBytes  4.49 Mbits/sec  1.175 ms  47/448 (10%)  
[  8] 223.00-224.00 sec   543 KBytes  4.45 Mbits/sec  2.456 ms  49/446 (11%)  
[  8] 224.00-225.00 sec   530 KBytes  4.35 Mbits/sec  2.208 ms  58/446 (13%)  
[  8] 225.00-226.00 sec   546 KBytes  4.47 Mbits/sec  2.120 ms  43/442 (9.7%)  
[  8] 226.00-227.00 sec   328 KBytes  2.69 Mbits/sec  3.412 ms  122/362 (34%)  
[  8] 227.00-228.00 sec   377 KBytes  3.09 Mbits/sec  2.794 ms  175/451 (39%)  
[  8] 228.00-229.00 sec   450 KBytes  3.68 Mbits/sec  2.246 ms  91/420 (22%)  
[  8] 229.00-230.00 sec   450 KBytes  3.68 Mbits/sec  2.839 ms  154/483 (32%)  
[  8] 230.00-231.00 sec   520 KBytes  4.26 Mbits/sec  2.408 ms  52/432 (12%)  
[  8] 231.00-232.00 sec   499 KBytes  4.09 Mbits/sec  2.676 ms  152/517 (29%)  
[  8] 232.00-233.00 sec   537 KBytes  4.40 Mbits/sec  1.801 ms  53/446 (12%)  
[  8] 233.00-234.00 sec   407 KBytes  3.34 Mbits/sec  3.678 ms  81/379 (21%)  
[  8] 234.00-235.00 sec   362 KBytes  2.97 Mbits/sec  2.407 ms  203/468 (43%)  
[  8] 235.00-236.00 sec   458 KBytes  3.75 Mbits/sec  2.083 ms  88/423 (21%)  
[  8] 236.00-237.00 sec   372 KBytes  3.05 Mbits/sec  3.621 ms  185/457 (40%)  
[  8] 237.00-238.00 sec   273 KBytes  2.24 Mbits/sec  2.426 ms  260/460 (57%)  
[  8] 238.00-239.00 sec   461 KBytes  3.77 Mbits/sec  1.535 ms  175/512 (34%)  
[  8] 239.00-240.00 sec   554 KBytes  4.51 Mbits/sec  1.975 ms  45/450 (10%)  
[  8] 240.00-241.00 sec   556 KBytes  4.58 Mbits/sec  2.808 ms  36/443 (8.1%)  
[  8] 241.00-242.00 sec   541 KBytes  4.44 Mbits/sec  1.814 ms  47/443 (11%)  
[  8] 242.00-243.00 sec   558 KBytes  4.57 Mbits/sec  1.895 ms  41/449 (9.1%)  
[  8] 243.00-244.00 sec   525 KBytes  4.30 Mbits/sec  2.403 ms  62/446 (14%)  
[  8] 244.00-245.00 sec   351 KBytes  2.88 Mbits/sec  3.122 ms  160/417 (38%)  
[  8] 245.00-246.00 sec   302 KBytes  2.48 Mbits/sec  2.383 ms  220/441 (50%)  
[  8] 246.00-247.00 sec   338 KBytes  2.77 Mbits/sec  4.515 ms  193/440 (44%)  
[  8] 247.00-248.00 sec   466 KBytes  3.82 Mbits/sec  2.110 ms  84/425 (20%)  
[  8] 248.00-249.00 sec   537 KBytes  4.40 Mbits/sec  1.585 ms  62/455 (14%)  
[  8] 249.00-250.00 sec   554 KBytes  4.53 Mbits/sec  1.965 ms  40/445 (9%)  
[  8] 250.00-251.00 sec   454 KBytes  3.72 Mbits/sec  3.422 ms  117/449 (26%)  
[  8] 251.00-252.00 sec   424 KBytes  3.47 Mbits/sec  2.881 ms  88/398 (22%)  
[  8] 252.00-253.00 sec   476 KBytes  3.90 Mbits/sec  1.623 ms  172/520 (33%)  
[  8] 253.00-254.00 sec   346 KBytes  2.83 Mbits/sec  2.937 ms  114/367 (31%)  
[  8] 254.00-255.00 sec   253 KBytes  2.07 Mbits/sec  3.859 ms  137/322 (43%)  
[  8] 255.00-256.00 sec   220 KBytes  1.80 Mbits/sec  5.353 ms  151/312 (48%)  
[  8] 256.00-257.00 sec   468 KBytes  3.83 Mbits/sec  3.932 ms  317/659 (48%)  
[  8] 257.00-258.00 sec   372 KBytes  3.05 Mbits/sec  4.025 ms  86/358 (24%)  
[  8] 258.00-259.00 sec   358 KBytes  2.93 Mbits/sec  6.949 ms  137/399 (34%)  
[  8] 259.00-260.00 sec   547 KBytes  4.48 Mbits/sec  5.910 ms  259/659 (39%)  
[  8] 260.00-261.00 sec   208 KBytes  1.70 Mbits/sec  6.593 ms  292/444 (66%)  
[  8] 261.00-262.00 sec   249 KBytes  2.04 Mbits/sec  4.709 ms  169/351 (48%)  
[  8] 262.00-263.00 sec   293 KBytes  2.40 Mbits/sec  6.606 ms  165/379 (44%)  
[  8] 263.00-264.00 sec   282 KBytes  2.31 Mbits/sec  6.057 ms  255/461 (55%)  
[  8] 264.00-265.00 sec   291 KBytes  2.39 Mbits/sec  10.141 ms  204/417 (49%)  
[  8] 265.00-266.00 sec   402 KBytes  3.29 Mbits/sec  0.847 ms  403/697 (58%)  
[  8] 266.00-267.00 sec   377 KBytes  3.09 Mbits/sec  3.249 ms  137/413 (33%)  
[  8] 267.00-268.00 sec   353 KBytes  2.89 Mbits/sec  6.280 ms  162/420 (39%)  
[  8] 268.00-269.00 sec   364 KBytes  2.98 Mbits/sec  7.583 ms  194/460 (42%)  
[  8] 269.00-270.00 sec   335 KBytes  2.74 Mbits/sec  4.257 ms  73/318 (23%)  
[  8] 270.00-271.00 sec   588 KBytes  4.81 Mbits/sec  2.898 ms  104/534 (19%)  
[  8] 271.00-272.00 sec   634 KBytes  5.20 Mbits/sec  1.513 ms  58/522 (11%)  
[  8] 272.00-273.00 sec   293 KBytes  2.40 Mbits/sec  3.984 ms  79/293 (27%)  
[  8] 273.00-274.00 sec   506 KBytes  4.15 Mbits/sec  1.984 ms  228/598 (38%)  
[  8] 274.00-275.00 sec   284 KBytes  2.33 Mbits/sec  8.000 ms  228/436 (52%)  
[  8] 275.00-276.00 sec   436 KBytes  3.57 Mbits/sec  0.485 ms  152/471 (32%)  
[  8] 276.00-277.00 sec   338 KBytes  2.77 Mbits/sec  6.422 ms  185/432 (43%)  
[  8] 277.00-278.00 sec   362 KBytes  2.97 Mbits/sec  5.935 ms  175/440 (40%)  
[  8] 278.00-279.00 sec   369 KBytes  3.02 Mbits/sec  2.917 ms  192/462 (42%)  
[  8] 279.00-280.00 sec   336 KBytes  2.76 Mbits/sec  2.248 ms  192/438 (44%)  
[  8] 280.00-281.00 sec   297 KBytes  2.43 Mbits/sec  5.207 ms  208/425 (49%)  
[  8] 281.00-282.00 sec   294 KBytes  2.41 Mbits/sec  3.633 ms  265/480 (55%)  
[  8] 282.00-283.00 sec   372 KBytes  3.05 Mbits/sec  3.998 ms  132/404 (33%)  
[  8] 283.00-284.00 sec   371 KBytes  3.04 Mbits/sec  4.043 ms  211/482 (44%)  
[  8] 284.00-285.00 sec   309 KBytes  2.53 Mbits/sec  6.094 ms  206/432 (48%)  
[  8] 285.00-286.00 sec   231 KBytes  1.89 Mbits/sec  9.382 ms  155/324 (48%)  
[  8] 286.00-287.00 sec   217 KBytes  1.78 Mbits/sec  3.499 ms  405/564 (72%)  
[  8] 287.00-288.00 sec   247 KBytes  2.03 Mbits/sec  6.844 ms  110/291 (38%)  
[  8] 288.00-289.00 sec   454 KBytes  3.72 Mbits/sec  2.981 ms  283/615 (46%)  
[  8] 289.00-290.00 sec   327 KBytes  2.68 Mbits/sec  4.521 ms  59/298 (20%)  
[  8] 290.00-291.00 sec   319 KBytes  2.61 Mbits/sec  7.288 ms  310/543 (57%)  
[  8] 291.00-292.00 sec   462 KBytes  3.79 Mbits/sec  2.304 ms  161/499 (32%)  
[  8] 292.00-293.00 sec   499 KBytes  4.09 Mbits/sec  2.853 ms  91/456 (20%)  
[  8] 293.00-294.00 sec   298 KBytes  2.44 Mbits/sec  4.729 ms  102/320 (32%)  
[  8] 294.00-295.00 sec   354 KBytes  2.90 Mbits/sec  5.127 ms  258/517 (50%)  
[  8] 295.00-296.00 sec   360 KBytes  2.95 Mbits/sec  3.551 ms  118/381 (31%)  
[  8] 296.00-297.00 sec   541 KBytes  4.43 Mbits/sec  0.954 ms  143/539 (27%)  
[  8] 297.00-298.00 sec   418 KBytes  3.43 Mbits/sec  5.382 ms  74/380 (19%)  
[  8] 298.00-299.00 sec   339 KBytes  2.78 Mbits/sec  5.033 ms  84/332 (25%)  
[  8] 299.00-300.00 sec   506 KBytes  4.13 Mbits/sec  5.532 ms  282/652 (43%)  
[  8] 300.00-301.00 sec   304 KBytes  2.49 Mbits/sec  2.795 ms  232/454 (51%)  
[  8] 301.00-302.00 sec   262 KBytes  2.15 Mbits/sec  9.282 ms  143/335 (43%)  
[  8] 302.00-303.00 sec   412 KBytes  3.37 Mbits/sec  4.234 ms  226/527 (43%)  
[  8] 303.00-304.00 sec   477 KBytes  3.91 Mbits/sec  3.860 ms  124/473 (26%)  
[  8] 304.00-305.00 sec   346 KBytes  2.83 Mbits/sec  3.797 ms  108/361 (30%)  
[  8] 305.00-306.00 sec   477 KBytes  3.91 Mbits/sec  4.331 ms  148/497 (30%)  
[  8] 306.00-307.00 sec   342 KBytes  2.80 Mbits/sec  5.280 ms  83/333 (25%)  
[  8] 307.00-308.00 sec   391 KBytes  3.20 Mbits/sec  4.886 ms  122/408 (30%)  
[  8] 308.00-309.00 sec   375 KBytes  3.07 Mbits/sec  5.067 ms  117/391 (30%)  
[  8] 309.00-310.00 sec   288 KBytes  2.36 Mbits/sec  6.463 ms  149/360 (41%)  
[  8] 310.00-311.00 sec   190 KBytes  1.56 Mbits/sec  9.890 ms  155/294 (53%)  
[  8] 311.00-312.00 sec   261 KBytes  2.14 Mbits/sec  6.410 ms  438/629 (70%)  
[  8] 312.00-313.00 sec   310 KBytes  2.54 Mbits/sec  6.555 ms  252/479 (53%)  
[  8] 313.00-314.00 sec   242 KBytes  1.98 Mbits/sec  6.741 ms  183/360 (51%)  
[  8] 314.00-315.00 sec   256 KBytes  2.09 Mbits/sec  5.728 ms  313/500 (63%)  
[  8] 315.00-316.00 sec   234 KBytes  1.92 Mbits/sec  10.028 ms  188/359 (52%)  
[  8] 316.00-317.00 sec   354 KBytes  2.90 Mbits/sec  4.357 ms  326/585 (56%)  
[  8] 317.00-318.00 sec   313 KBytes  2.56 Mbits/sec  8.724 ms  238/467 (51%)  
[  8] 318.00-319.00 sec   362 KBytes  2.97 Mbits/sec  1.472 ms  422/687 (61%)  
[  8] 319.00-320.00 sec   421 KBytes  3.45 Mbits/sec  2.825 ms  96/404 (24%)  
[  8] 320.00-321.00 sec   368 KBytes  3.01 Mbits/sec  6.516 ms  130/399 (33%)  
[  8] 321.00-322.00 sec   305 KBytes  2.50 Mbits/sec  3.218 ms  37/260 (14%)  
[  8] 322.00-323.00 sec   421 KBytes  3.45 Mbits/sec  3.615 ms  387/695 (56%)  
[  8] 323.00-324.00 sec   336 KBytes  2.76 Mbits/sec  4.290 ms  210/456 (46%)  
[  8] 324.00-325.00 sec   369 KBytes  3.02 Mbits/sec  3.794 ms  34/304 (11%)  
[  8] 325.00-326.00 sec   524 KBytes  4.29 Mbits/sec  3.705 ms  177/560 (32%)  
[  8] 326.00-327.00 sec   362 KBytes  2.97 Mbits/sec  3.850 ms  223/488 (46%)  
[  8] 327.00-328.00 sec   358 KBytes  2.94 Mbits/sec  3.352 ms  170/432 (39%)  
[  8] 328.00-329.00 sec   425 KBytes  3.48 Mbits/sec  3.319 ms  61/372 (16%)  
[  8] 329.00-330.00 sec   414 KBytes  3.39 Mbits/sec  2.966 ms  174/477 (36%)  
[  8] 330.00-331.00 sec   366 KBytes  3.00 Mbits/sec  5.173 ms  112/380 (29%)  
[  8] 331.00-332.00 sec   520 KBytes  4.26 Mbits/sec  2.419 ms  176/556 (32%)  
[  8] 332.00-333.00 sec   267 KBytes  2.19 Mbits/sec  9.232 ms  152/347 (44%)  
[  8] 333.00-334.00 sec   349 KBytes  2.86 Mbits/sec  2.792 ms  310/565 (55%)  
[  8] 334.00-335.00 sec   485 KBytes  3.98 Mbits/sec  2.602 ms  89/444 (20%)  
[  8] 335.00-336.00 sec   416 KBytes  3.40 Mbits/sec  5.056 ms  88/392 (22%)  
[  8] 336.00-337.00 sec   390 KBytes  3.19 Mbits/sec  2.582 ms  120/405 (30%)  
[  8] 337.00-338.00 sec   301 KBytes  2.46 Mbits/sec  5.289 ms  123/343 (36%)  
[  8] 338.00-339.00 sec   221 KBytes  1.82 Mbits/sec  7.202 ms  216/378 (57%)  
[  8] 339.00-340.00 sec   342 KBytes  2.80 Mbits/sec  5.606 ms  318/568 (56%)  
[  8] 340.00-340.19 sec   115 KBytes  5.06 Mbits/sec  2.563 ms  73/157 (46%)  
- - - - - - - - - - - - - - - - - - - - - - - - -
[ ID] Interval           Transfer     Bitrate         Jitter    Lost/Total Datagrams
[  8]   0.00-340.19 sec   160 MBytes  3.94 Mbits/sec  2.563 ms  32110/151786 (21%)  receiver
