-----------------------------------------------------------
Server listening on 5201 (test #1)
-----------------------------------------------------------
Accepted connection from 10.0.0.89, port 46278
[  8] local 10.0.0.121 port 5201 connected to 10.0.0.89 port 48920
[ ID] Interval           Transfer     Bitrate         Jitter    Lost/Total Datagrams
[  8]   0.00-1.00   sec   602 KBytes  4.93 Mbits/sec  2.884 ms  0/440 (0%)  
[  8]   1.00-2.00   sec   612 KBytes  5.02 Mbits/sec  1.483 ms  0/449 (0%)  
[  8]   2.00-3.00   sec   608 KBytes  4.98 Mbits/sec  1.930 ms  0/445 (0%)  
[  8]   3.00-4.00   sec   612 KBytes  5.02 Mbits/sec  1.714 ms  0/448 (0%)  
[  8]   4.00-5.00   sec   610 KBytes  5.00 Mbits/sec  1.557 ms  0/446 (0%)  
[  8]   5.00-6.00   sec   603 KBytes  4.94 Mbits/sec  2.320 ms  0/441 (0%)  
[  8]   6.00-7.00   sec   612 KBytes  5.02 Mbits/sec  1.995 ms  4/452 (0.88%)  
[  8]   7.00-8.00   sec   610 KBytes  5.00 Mbits/sec  1.899 ms  0/446 (0%)  
[  8]   8.00-9.00   sec   611 KBytes  5.00 Mbits/sec  1.740 ms  1/448 (0.22%)  
[  8]   9.00-10.00  sec   608 KBytes  4.99 Mbits/sec  1.708 ms  0/445 (0%)  
[  8]  10.00-11.00  sec   606 KBytes  4.96 Mbits/sec  0.800 ms  0/443 (0%)  
[  8]  11.00-12.00  sec   607 KBytes  4.97 Mbits/sec  2.125 ms  3/447 (0.67%)  
[  8]  12.00-13.00  sec   611 KBytes  5.01 Mbits/sec  1.802 ms  0/447 (0%)  
[  8]  13.00-14.00  sec   615 KBytes  5.04 Mbits/sec  1.812 ms  0/450 (0%)  
[  8]  14.00-15.00  sec   604 KBytes  4.95 Mbits/sec  1.672 ms  0/442 (0%)  
[  8]  15.00-16.00  sec   604 KBytes  4.95 Mbits/sec  0.653 ms  3/445 (0.67%)  
[  8]  16.00-17.00  sec   617 KBytes  5.05 Mbits/sec  1.013 ms  0/451 (0%)  
[  8]  17.00-18.00  sec   606 KBytes  4.96 Mbits/sec  2.249 ms  2/445 (0.45%)  
[  8]  18.00-19.00  sec   610 KBytes  5.00 Mbits/sec  1.197 ms  1/447 (0.22%)  
[  8]  19.00-20.00  sec   608 KBytes  4.98 Mbits/sec  0.920 ms  1/446 (0.22%)  
[  8]  20.00-21.00  sec   600 KBytes  4.92 Mbits/sec  2.806 ms  4/443 (0.9%)  
[  8]  21.00-22.00  sec   584 KBytes  4.78 Mbits/sec  2.798 ms  20/447 (4.5%)  
[  8]  22.00-23.00  sec   615 KBytes  5.04 Mbits/sec  1.950 ms  0/450 (0%)  
[  8]  23.00-24.00  sec   603 KBytes  4.94 Mbits/sec  1.583 ms  3/444 (0.68%)  
[  8]  24.00-25.00  sec   608 KBytes  4.98 Mbits/sec  1.483 ms  6/451 (1.3%)  
[  8]  25.00-26.00  sec   610 KBytes  5.00 Mbits/sec  1.267 ms  1/447 (0.22%)  
[  8]  26.00-27.00  sec   595 KBytes  4.87 Mbits/sec  1.445 ms  1/436 (0.23%)  
[  8]  27.00-28.00  sec   619 KBytes  5.07 Mbits/sec  2.251 ms  1/454 (0.22%)  
[  8]  28.00-29.00  sec   611 KBytes  5.01 Mbits/sec  1.770 ms  0/447 (0%)  
[  8]  29.00-30.00  sec   606 KBytes  4.96 Mbits/sec  1.951 ms  3/446 (0.67%)  
[  8]  30.00-31.00  sec   603 KBytes  4.94 Mbits/sec  2.231 ms  0/441 (0%)  
[  8]  31.00-32.00  sec   618 KBytes  5.06 Mbits/sec  1.606 ms  2/454 (0.44%)  
[  8]  32.00-33.00  sec   604 KBytes  4.95 Mbits/sec  1.181 ms  1/443 (0.23%)  
[  8]  33.00-34.00  sec   604 KBytes  4.95 Mbits/sec  2.547 ms  0/442 (0%)  
[  8]  34.00-35.00  sec   617 KBytes  5.05 Mbits/sec  1.867 ms  1/452 (0.22%)  
[  8]  35.00-36.00  sec   611 KBytes  5.01 Mbits/sec  2.991 ms  0/447 (0%)  
[  8]  36.00-37.00  sec   603 KBytes  4.94 Mbits/sec  1.581 ms  1/442 (0.23%)  
[  8]  37.00-38.00  sec   611 KBytes  5.01 Mbits/sec  1.978 ms  0/447 (0%)  
[  8]  38.00-39.00  sec   606 KBytes  4.96 Mbits/sec  2.163 ms  6/449 (1.3%)  
[  8]  39.00-40.00  sec   604 KBytes  4.95 Mbits/sec  2.480 ms  5/447 (1.1%)  
[  8]  40.00-41.01  sec   615 KBytes  5.01 Mbits/sec  2.502 ms  0/450 (0%)  
[  8]  41.01-42.00  sec   604 KBytes  4.98 Mbits/sec  1.724 ms  1/443 (0.23%)  
[  8]  42.00-43.00  sec   607 KBytes  4.97 Mbits/sec  1.773 ms  0/444 (0%)  
[  8]  43.00-44.00  sec   606 KBytes  4.96 Mbits/sec  1.152 ms  4/447 (0.89%)  
[  8]  44.00-45.00  sec   510 KBytes  4.18 Mbits/sec  1.918 ms  1/374 (0.27%)  
[  8]  45.00-46.00  sec   707 KBytes  5.79 Mbits/sec  1.359 ms  5/522 (0.96%)  
[  8]  46.00-47.00  sec   599 KBytes  4.91 Mbits/sec  1.643 ms  0/438 (0%)  
[  8]  47.00-48.00  sec   617 KBytes  5.04 Mbits/sec  1.687 ms  0/451 (0%)  
[  8]  48.00-49.00  sec   600 KBytes  4.93 Mbits/sec  1.783 ms  2/441 (0.45%)  
[  8]  49.00-50.00  sec   602 KBytes  4.91 Mbits/sec  1.319 ms  7/447 (1.6%)  
[  8]  50.00-51.00  sec   612 KBytes  5.04 Mbits/sec  1.078 ms  3/451 (0.67%)  
[  8]  51.00-52.00  sec   603 KBytes  4.94 Mbits/sec  2.261 ms  4/445 (0.9%)  
[  8]  52.00-53.00  sec   617 KBytes  5.05 Mbits/sec  2.074 ms  0/451 (0%)  
[  8]  53.00-54.00  sec   611 KBytes  5.01 Mbits/sec  2.194 ms  0/447 (0%)  
[  8]  54.00-55.00  sec   607 KBytes  4.97 Mbits/sec  2.128 ms  0/444 (0%)  
[  8]  55.00-56.00  sec   610 KBytes  5.00 Mbits/sec  1.992 ms  2/448 (0.45%)  
[  8]  56.00-57.00  sec   610 KBytes  5.00 Mbits/sec  2.510 ms  0/446 (0%)  
[  8]  57.00-58.00  sec   606 KBytes  4.96 Mbits/sec  2.300 ms  4/447 (0.89%)  
[  8]  58.00-59.00  sec   608 KBytes  4.98 Mbits/sec  1.961 ms  0/445 (0%)  
[  8]  59.00-60.00  sec   608 KBytes  4.98 Mbits/sec  1.925 ms  2/447 (0.45%)  
[  8]  60.00-61.00  sec   615 KBytes  5.04 Mbits/sec  2.013 ms  0/450 (0%)  
[  8]  61.00-62.00  sec   607 KBytes  4.97 Mbits/sec  2.606 ms  0/444 (0%)  
[  8]  62.00-63.00  sec   611 KBytes  5.00 Mbits/sec  2.075 ms  0/447 (0%)  
[  8]  63.00-64.00  sec   607 KBytes  4.97 Mbits/sec  2.076 ms  0/444 (0%)  
[  8]  64.00-65.00  sec   608 KBytes  4.99 Mbits/sec  1.582 ms  0/445 (0%)  
[  8]  65.00-66.00  sec   610 KBytes  5.00 Mbits/sec  1.859 ms  1/447 (0.22%)  
[  8]  66.00-67.00  sec   610 KBytes  5.00 Mbits/sec  1.914 ms  1/447 (0.22%)  
[  8]  67.00-68.00  sec   612 KBytes  5.02 Mbits/sec  1.733 ms  1/449 (0.22%)  
[  8]  68.00-69.00  sec   603 KBytes  4.93 Mbits/sec  2.060 ms  0/441 (0%)  
[  8]  69.00-70.00  sec   617 KBytes  5.06 Mbits/sec  2.115 ms  1/452 (0.22%)  
[  8]  70.00-71.00  sec   607 KBytes  4.97 Mbits/sec  1.664 ms  1/445 (0.22%)  
[  8]  71.00-72.00  sec   611 KBytes  5.01 Mbits/sec  1.656 ms  0/447 (0%)  
[  8]  72.00-73.00  sec   611 KBytes  5.01 Mbits/sec  1.667 ms  0/447 (0%)  
[  8]  73.00-74.00  sec   608 KBytes  4.98 Mbits/sec  2.056 ms  0/445 (0%)  
[  8]  74.00-75.00  sec   612 KBytes  5.01 Mbits/sec  1.612 ms  0/448 (0%)  
[  8]  75.00-76.00  sec   612 KBytes  5.02 Mbits/sec  1.485 ms  0/448 (0%)  
[  8]  76.00-77.00  sec   608 KBytes  4.98 Mbits/sec  1.569 ms  0/445 (0%)  
[  8]  77.00-78.00  sec   607 KBytes  4.98 Mbits/sec  1.826 ms  2/446 (0.45%)  
[  8]  78.00-79.00  sec   602 KBytes  4.93 Mbits/sec  2.055 ms  5/445 (1.1%)  
[  8]  79.00-80.00  sec   612 KBytes  5.01 Mbits/sec  1.877 ms  1/449 (0.22%)  
[  8]  80.00-81.00  sec   607 KBytes  4.97 Mbits/sec  2.630 ms  0/444 (0%)  
[  8]  81.00-82.00  sec   610 KBytes  5.00 Mbits/sec  1.877 ms  3/449 (0.67%)  
[  8]  82.00-83.00  sec   610 KBytes  5.00 Mbits/sec  0.775 ms  0/446 (0%)  
[  8]  83.00-84.00  sec   608 KBytes  4.98 Mbits/sec  2.178 ms  0/445 (0%)  
[  8]  84.00-85.00  sec   606 KBytes  4.96 Mbits/sec  1.051 ms  3/446 (0.67%)  
[  8]  85.00-86.00  sec   608 KBytes  4.98 Mbits/sec  2.108 ms  0/445 (0%)  
[  8]  86.00-87.00  sec   611 KBytes  5.01 Mbits/sec  1.097 ms  3/450 (0.67%)  
[  8]  87.00-88.00  sec   596 KBytes  4.88 Mbits/sec  2.182 ms  6/442 (1.4%)  
[  8]  88.00-89.00  sec   617 KBytes  5.05 Mbits/sec  1.621 ms  0/451 (0%)  
[  8]  89.00-90.00  sec   606 KBytes  4.96 Mbits/sec  2.503 ms  0/443 (0%)  
[  8]  90.00-91.00  sec   611 KBytes  5.01 Mbits/sec  1.748 ms  0/447 (0%)  
[  8]  91.00-92.00  sec   612 KBytes  5.02 Mbits/sec  1.495 ms  0/448 (0%)  
[  8]  92.00-93.00  sec   611 KBytes  5.01 Mbits/sec  1.283 ms  0/447 (0%)  
[  8]  93.00-94.00  sec   606 KBytes  4.96 Mbits/sec  2.101 ms  0/443 (0%)  
[  8]  94.00-95.00  sec   614 KBytes  5.03 Mbits/sec  2.002 ms  0/449 (0%)  
[  8]  95.00-96.00  sec   612 KBytes  5.02 Mbits/sec  1.911 ms  0/448 (0%)  
[  8]  96.00-97.00  sec   607 KBytes  4.97 Mbits/sec  1.945 ms  0/444 (0%)  
[  8]  97.00-98.00  sec   614 KBytes  5.03 Mbits/sec  1.646 ms  0/449 (0%)  
[  8]  98.00-99.00  sec   603 KBytes  4.94 Mbits/sec  1.616 ms  4/445 (0.9%)  
[  8]  99.00-100.00 sec   612 KBytes  5.02 Mbits/sec  2.255 ms  0/448 (0%)  
[  8] 100.00-101.00 sec   604 KBytes  4.94 Mbits/sec  2.079 ms  1/443 (0.23%)  
[  8] 101.00-102.00 sec   604 KBytes  4.96 Mbits/sec  2.095 ms  3/445 (0.67%)  
[  8] 102.00-103.00 sec   604 KBytes  4.95 Mbits/sec  1.697 ms  2/444 (0.45%)  
[  8] 103.00-104.00 sec   587 KBytes  4.80 Mbits/sec  2.085 ms  15/444 (3.4%)  
[  8] 104.00-105.00 sec   597 KBytes  4.89 Mbits/sec  2.971 ms  14/451 (3.1%)  
[  8] 105.00-106.00 sec   608 KBytes  4.98 Mbits/sec  1.314 ms  6/451 (1.3%)  
[  8] 106.00-107.00 sec   610 KBytes  5.00 Mbits/sec  1.930 ms  0/446 (0%)  
[  8] 107.00-108.00 sec   606 KBytes  4.96 Mbits/sec  2.393 ms  0/443 (0%)  
[  8] 108.00-109.00 sec   603 KBytes  4.94 Mbits/sec  2.057 ms  0/441 (0%)  
[  8] 109.00-110.00 sec   621 KBytes  5.08 Mbits/sec  1.597 ms  2/456 (0.44%)  
[  8] 110.00-111.00 sec   607 KBytes  4.97 Mbits/sec  1.853 ms  2/446 (0.45%)  
[  8] 111.00-112.00 sec   596 KBytes  4.88 Mbits/sec  2.584 ms  8/444 (1.8%)  
[  8] 112.00-113.00 sec   604 KBytes  4.94 Mbits/sec  2.209 ms  5/447 (1.1%)  
[  8] 113.00-114.00 sec   604 KBytes  4.96 Mbits/sec  2.281 ms  0/442 (0%)  
[  8] 114.00-115.00 sec   618 KBytes  5.06 Mbits/sec  1.831 ms  1/453 (0.22%)  
[  8] 115.00-116.00 sec   597 KBytes  4.89 Mbits/sec  3.214 ms  0/437 (0%)  
[  8] 116.00-117.00 sec   596 KBytes  4.88 Mbits/sec  2.966 ms  15/451 (3.3%)  
[  8] 117.00-118.00 sec   607 KBytes  4.97 Mbits/sec  2.082 ms  5/449 (1.1%)  
[  8] 118.00-119.00 sec   611 KBytes  5.01 Mbits/sec  1.031 ms  0/447 (0%)  
[  8] 119.00-120.00 sec   608 KBytes  4.98 Mbits/sec  0.834 ms  0/445 (0%)  
[  8] 120.00-121.00 sec   608 KBytes  4.98 Mbits/sec  1.718 ms  0/445 (0%)  
[  8] 121.00-122.00 sec   604 KBytes  4.95 Mbits/sec  1.577 ms  3/445 (0.67%)  
[  8] 122.00-123.00 sec   610 KBytes  4.98 Mbits/sec  1.520 ms  4/450 (0.89%)  
[  8] 123.00-124.00 sec   607 KBytes  4.98 Mbits/sec  1.313 ms  0/444 (0%)  
[  8] 124.00-125.00 sec   612 KBytes  5.02 Mbits/sec  1.195 ms  0/448 (0%)  
[  8] 125.00-126.00 sec   614 KBytes  5.03 Mbits/sec  1.262 ms  0/449 (0%)  
[  8] 126.00-127.00 sec   608 KBytes  4.98 Mbits/sec  1.157 ms  1/446 (0.22%)  
[  8] 127.00-128.00 sec   603 KBytes  4.94 Mbits/sec  2.083 ms  3/444 (0.68%)  
[  8] 128.00-129.00 sec   608 KBytes  4.98 Mbits/sec  2.026 ms  3/448 (0.67%)  
[  8] 129.00-130.00 sec   612 KBytes  5.02 Mbits/sec  2.212 ms  1/449 (0.22%)  
[  8] 130.00-131.00 sec   608 KBytes  4.99 Mbits/sec  1.828 ms  0/445 (0%)  
[  8] 131.00-132.00 sec   604 KBytes  4.95 Mbits/sec  2.314 ms  0/442 (0%)  
[  8] 132.00-133.00 sec   608 KBytes  4.98 Mbits/sec  1.273 ms  1/446 (0.22%)  
[  8] 133.00-134.00 sec   615 KBytes  5.05 Mbits/sec  1.434 ms  0/450 (0%)  
[  8] 134.00-135.00 sec   612 KBytes  5.02 Mbits/sec  1.898 ms  0/448 (0%)  
[  8] 135.00-136.00 sec   610 KBytes  5.00 Mbits/sec  1.632 ms  0/446 (0%)  
[  8] 136.00-137.00 sec   604 KBytes  4.95 Mbits/sec  1.647 ms  4/446 (0.9%)  
[  8] 137.00-138.00 sec   603 KBytes  4.94 Mbits/sec  1.574 ms  0/441 (0%)  
[  8] 138.00-139.00 sec   611 KBytes  5.01 Mbits/sec  1.659 ms  0/447 (0%)  
[  8] 139.00-140.00 sec   615 KBytes  5.04 Mbits/sec  1.050 ms  1/451 (0.22%)  
[  8] 140.00-141.00 sec   608 KBytes  4.97 Mbits/sec  1.382 ms  0/445 (0%)  
[  8] 141.00-142.00 sec   606 KBytes  4.97 Mbits/sec  1.962 ms  0/443 (0%)  
[  8] 142.00-143.00 sec   614 KBytes  5.03 Mbits/sec  1.946 ms  4/453 (0.88%)  
[  8] 143.00-144.00 sec   602 KBytes  4.93 Mbits/sec  1.590 ms  1/441 (0.23%)  
[  8] 144.00-145.00 sec   617 KBytes  5.03 Mbits/sec  1.148 ms  2/453 (0.44%)  
[  8] 145.00-146.00 sec   602 KBytes  4.95 Mbits/sec  1.929 ms  5/445 (1.1%)  
[  8] 146.00-147.00 sec   606 KBytes  4.96 Mbits/sec  1.908 ms  0/443 (0%)  
[  8] 147.00-148.00 sec   614 KBytes  5.03 Mbits/sec  1.683 ms  0/449 (0%)  
[  8] 148.00-149.00 sec   604 KBytes  4.95 Mbits/sec  1.965 ms  0/442 (0%)  
[  8] 149.00-150.00 sec   619 KBytes  5.07 Mbits/sec  2.221 ms  0/453 (0%)  
[  8] 150.00-151.00 sec   602 KBytes  4.93 Mbits/sec  3.053 ms  4/444 (0.9%)  
[  8] 151.00-152.00 sec   611 KBytes  5.01 Mbits/sec  1.331 ms  1/448 (0.22%)  
[  8] 152.00-153.00 sec   608 KBytes  4.98 Mbits/sec  2.230 ms  0/445 (0%)  
[  8] 153.00-154.00 sec   597 KBytes  4.89 Mbits/sec  2.017 ms  4/441 (0.91%)  
[  8] 154.00-155.00 sec   603 KBytes  4.94 Mbits/sec  2.042 ms  7/448 (1.6%)  
[  8] 155.00-156.00 sec   614 KBytes  5.03 Mbits/sec  1.828 ms  0/449 (0%)  
[  8] 156.00-157.00 sec   612 KBytes  5.02 Mbits/sec  1.392 ms  0/448 (0%)  
[  8] 157.00-158.00 sec   606 KBytes  4.96 Mbits/sec  0.739 ms  0/443 (0%)  
[  8] 158.00-159.00 sec   612 KBytes  5.02 Mbits/sec  1.876 ms  0/448 (0%)  
[  8] 159.00-160.00 sec   602 KBytes  4.93 Mbits/sec  1.458 ms  5/445 (1.1%)  
[  8] 160.00-161.00 sec   599 KBytes  4.91 Mbits/sec  2.168 ms  6/444 (1.4%)  
[  8] 161.00-162.00 sec   614 KBytes  5.03 Mbits/sec  2.446 ms  0/449 (0%)  
[  8] 162.00-163.00 sec   608 KBytes  4.98 Mbits/sec  1.757 ms  0/445 (0%)  
[  8] 163.00-164.00 sec   599 KBytes  4.91 Mbits/sec  2.518 ms  9/447 (2%)  
[  8] 164.00-165.00 sec   604 KBytes  4.95 Mbits/sec  1.878 ms  0/442 (0%)  
[  8] 165.00-166.00 sec   612 KBytes  5.02 Mbits/sec  1.548 ms  0/448 (0%)  
[  8] 166.00-167.00 sec   617 KBytes  5.05 Mbits/sec  2.443 ms  0/451 (0%)  
[  8] 167.00-168.00 sec   606 KBytes  4.96 Mbits/sec  2.284 ms  0/443 (0%)  
[  8] 168.00-169.00 sec   610 KBytes  5.00 Mbits/sec  2.695 ms  0/446 (0%)  
[  8] 169.00-170.00 sec   612 KBytes  5.02 Mbits/sec  1.092 ms  4/452 (0.88%)  
[  8] 170.00-171.00 sec   610 KBytes  5.00 Mbits/sec  1.630 ms  0/446 (0%)  
[  8] 171.00-172.00 sec   610 KBytes  5.00 Mbits/sec  2.019 ms  0/446 (0%)  
[  8] 172.00-173.00 sec   611 KBytes  5.01 Mbits/sec  2.576 ms  1/448 (0.22%)  
[  8] 173.00-174.00 sec   603 KBytes  4.94 Mbits/sec  2.018 ms  4/445 (0.9%)  
[  8] 174.00-175.00 sec   610 KBytes  5.00 Mbits/sec  1.555 ms  3/449 (0.67%)  
[  8] 175.00-176.00 sec   608 KBytes  4.98 Mbits/sec  1.318 ms  1/446 (0.22%)  
[  8] 176.00-177.00 sec   606 KBytes  4.96 Mbits/sec  2.360 ms  0/443 (0%)  
[  8] 177.00-178.00 sec   614 KBytes  5.03 Mbits/sec  1.670 ms  0/449 (0%)  
[  8] 178.00-179.00 sec   604 KBytes  4.95 Mbits/sec  3.257 ms  1/443 (0.23%)  
[  8] 179.00-180.00 sec   615 KBytes  5.04 Mbits/sec  2.232 ms  0/450 (0%)  
[  8] 180.00-181.00 sec   608 KBytes  4.98 Mbits/sec  1.163 ms  2/447 (0.45%)  
[  8] 181.00-182.00 sec   607 KBytes  4.97 Mbits/sec  3.189 ms  1/445 (0.22%)  
[  8] 182.00-183.00 sec   597 KBytes  4.89 Mbits/sec  2.926 ms  5/442 (1.1%)  
[  8] 183.00-184.00 sec   604 KBytes  4.95 Mbits/sec  3.575 ms  5/447 (1.1%)  
[  8] 184.00-185.00 sec   610 KBytes  5.00 Mbits/sec  1.888 ms  4/450 (0.89%)  
[  8] 185.00-186.00 sec   600 KBytes  4.92 Mbits/sec  3.494 ms  0/439 (0%)  
[  8] 186.00-187.00 sec   610 KBytes  5.00 Mbits/sec  2.457 ms  0/446 (0%)  
[  8] 187.00-188.00 sec   582 KBytes  4.77 Mbits/sec  1.170 ms  28/454 (6.2%)  
[  8] 188.00-189.00 sec   599 KBytes  4.91 Mbits/sec  2.191 ms  5/443 (1.1%)  
[  8] 189.00-190.00 sec   610 KBytes  4.99 Mbits/sec  2.527 ms  2/448 (0.45%)  
[  8] 190.00-191.00 sec   599 KBytes  4.91 Mbits/sec  2.180 ms  13/451 (2.9%)  
[  8] 191.00-192.00 sec   608 KBytes  4.99 Mbits/sec  2.239 ms  0/445 (0%)  
[  8] 192.00-193.00 sec   603 KBytes  4.94 Mbits/sec  1.328 ms  0/441 (0%)  
[  8] 193.00-194.00 sec   596 KBytes  4.88 Mbits/sec  2.384 ms  16/452 (3.5%)  
[  8] 194.00-195.00 sec   607 KBytes  4.97 Mbits/sec  3.041 ms  0/444 (0%)  
[  8] 195.00-196.00 sec   600 KBytes  4.92 Mbits/sec  2.249 ms  8/447 (1.8%)  
[  8] 196.00-197.00 sec   602 KBytes  4.93 Mbits/sec  1.583 ms  3/443 (0.68%)  
[  8] 197.00-198.00 sec   604 KBytes  4.95 Mbits/sec  2.461 ms  7/449 (1.6%)  
[  8] 198.00-199.00 sec   602 KBytes  4.91 Mbits/sec  2.182 ms  8/448 (1.8%)  
[  8] 199.00-200.00 sec   612 KBytes  5.03 Mbits/sec  1.570 ms  0/448 (0%)  
[  8] 200.00-201.00 sec   607 KBytes  4.97 Mbits/sec  1.636 ms  0/444 (0%)  
[  8] 201.00-202.00 sec   608 KBytes  4.98 Mbits/sec  1.375 ms  0/445 (0%)  
[  8] 202.00-203.00 sec   603 KBytes  4.94 Mbits/sec  0.977 ms  5/446 (1.1%)  
[  8] 203.00-204.00 sec   603 KBytes  4.94 Mbits/sec  1.509 ms  7/448 (1.6%)  
[  8] 204.00-205.00 sec   614 KBytes  5.03 Mbits/sec  1.353 ms  1/450 (0.22%)  
[  8] 205.00-206.00 sec   606 KBytes  4.96 Mbits/sec  1.819 ms  3/446 (0.67%)  
[  8] 206.00-207.00 sec   607 KBytes  4.95 Mbits/sec  1.770 ms  0/444 (0%)  
[  8] 207.00-208.00 sec   607 KBytes  4.99 Mbits/sec  2.267 ms  2/446 (0.45%)  
[  8] 208.00-209.00 sec   597 KBytes  4.89 Mbits/sec  2.493 ms  7/444 (1.6%)  
[  8] 209.00-210.00 sec   614 KBytes  5.03 Mbits/sec  1.596 ms  0/449 (0%)  
[  8] 210.00-211.00 sec   612 KBytes  5.02 Mbits/sec  1.410 ms  0/448 (0%)  
[  8] 211.00-212.00 sec   608 KBytes  4.98 Mbits/sec  2.025 ms  0/445 (0%)  
[  8] 212.00-213.00 sec   608 KBytes  4.99 Mbits/sec  2.299 ms  0/445 (0%)  
[  8] 213.00-214.00 sec   617 KBytes  5.05 Mbits/sec  1.310 ms  0/451 (0%)  
[  8] 214.00-215.00 sec   606 KBytes  4.96 Mbits/sec  1.982 ms  2/445 (0.45%)  
[  8] 215.00-216.00 sec   607 KBytes  4.97 Mbits/sec  2.578 ms  3/447 (0.67%)  
[  8] 216.00-217.00 sec   610 KBytes  5.00 Mbits/sec  1.984 ms  0/446 (0%)  
[  8] 217.00-218.00 sec   606 KBytes  4.96 Mbits/sec  1.745 ms  0/443 (0%)  
[  8] 218.00-219.00 sec   600 KBytes  4.92 Mbits/sec  2.851 ms  6/445 (1.3%)  
[  8] 219.00-220.00 sec   608 KBytes  4.98 Mbits/sec  2.933 ms  4/449 (0.89%)  
[  8] 220.00-221.00 sec   593 KBytes  4.86 Mbits/sec  1.779 ms  5/439 (1.1%)  
[  8] 221.00-222.00 sec   607 KBytes  4.98 Mbits/sec  2.275 ms  8/452 (1.8%)  
[  8] 222.00-223.00 sec   612 KBytes  5.02 Mbits/sec  1.806 ms  0/448 (0%)  
[  8] 223.00-224.00 sec   603 KBytes  4.94 Mbits/sec  1.230 ms  3/444 (0.68%)  
[  8] 224.00-225.00 sec   618 KBytes  5.06 Mbits/sec  1.515 ms  0/452 (0%)  
[  8] 225.00-226.00 sec   608 KBytes  4.98 Mbits/sec  1.639 ms  0/445 (0%)  
[  8] 226.00-227.00 sec   612 KBytes  5.01 Mbits/sec  1.848 ms  0/448 (0%)  
[  8] 227.00-228.00 sec   592 KBytes  4.85 Mbits/sec  2.042 ms  13/446 (2.9%)  
[  8] 228.00-229.00 sec   606 KBytes  4.97 Mbits/sec  1.398 ms  0/443 (0%)  
[  8] 229.00-230.00 sec   611 KBytes  5.01 Mbits/sec  0.957 ms  2/449 (0.45%)  
[  8] 230.00-231.00 sec   610 KBytes  5.00 Mbits/sec  1.654 ms  0/446 (0%)  
[  8] 231.00-232.01 sec   615 KBytes  4.99 Mbits/sec  1.612 ms  0/450 (0%)  
[  8] 232.01-233.00 sec   597 KBytes  4.94 Mbits/sec  0.637 ms  5/442 (1.1%)  
[  8] 233.00-234.00 sec   607 KBytes  4.97 Mbits/sec  2.062 ms  3/447 (0.67%)  
[  8] 234.00-235.00 sec   610 KBytes  5.00 Mbits/sec  2.378 ms  4/450 (0.89%)  
[  8] 235.00-236.00 sec   599 KBytes  4.91 Mbits/sec  1.378 ms  2/440 (0.45%)  
[  8] 236.00-237.00 sec   618 KBytes  5.06 Mbits/sec  1.767 ms  0/452 (0%)  
[  8] 237.00-238.00 sec   607 KBytes  4.97 Mbits/sec  2.189 ms  2/446 (0.45%)  
[  8] 238.00-239.00 sec   610 KBytes  5.00 Mbits/sec  0.473 ms  0/446 (0%)  
[  8] 239.00-240.00 sec   602 KBytes  4.93 Mbits/sec  2.323 ms  6/446 (1.3%)  
[  8] 240.00-241.00 sec   607 KBytes  4.97 Mbits/sec  2.193 ms  2/446 (0.45%)  
[  8] 241.00-242.00 sec   608 KBytes  4.98 Mbits/sec  2.630 ms  0/445 (0%)  
[  8] 242.00-243.00 sec   600 KBytes  4.92 Mbits/sec  1.400 ms  5/444 (1.1%)  
[  8] 243.00-244.00 sec   607 KBytes  4.97 Mbits/sec  2.927 ms  2/446 (0.45%)  
[  8] 244.00-245.00 sec   608 KBytes  4.98 Mbits/sec  2.384 ms  3/448 (0.67%)  
[  8] 245.00-246.00 sec   606 KBytes  4.96 Mbits/sec  1.848 ms  2/445 (0.45%)  
[  8] 246.00-247.00 sec   603 KBytes  4.94 Mbits/sec  2.554 ms  7/448 (1.6%)  
[  8] 247.00-248.00 sec   599 KBytes  4.91 Mbits/sec  1.925 ms  11/449 (2.4%)  
[  8] 248.00-249.00 sec   595 KBytes  4.87 Mbits/sec  1.827 ms  13/448 (2.9%)  
[  8] 249.00-250.00 sec   608 KBytes  4.98 Mbits/sec  1.783 ms  0/445 (0%)  
[  8] 250.00-251.00 sec   585 KBytes  4.79 Mbits/sec  2.034 ms  11/439 (2.5%)  
[  8] 251.00-252.00 sec   617 KBytes  5.05 Mbits/sec  1.951 ms  2/453 (0.44%)  
[  8] 252.00-253.00 sec   569 KBytes  4.66 Mbits/sec  1.491 ms  25/441 (5.7%)  
[  8] 253.00-254.00 sec   569 KBytes  4.66 Mbits/sec  2.082 ms  26/442 (5.9%)  
[  8] 254.00-255.01 sec   596 KBytes  4.86 Mbits/sec  1.279 ms  24/460 (5.2%)  
[  8] 255.01-256.00 sec   596 KBytes  4.91 Mbits/sec  2.453 ms  8/444 (1.8%)  
[  8] 256.00-257.00 sec   429 KBytes  3.52 Mbits/sec  3.845 ms  37/351 (11%)  
[  8] 257.00-258.00 sec   443 KBytes  3.63 Mbits/sec  2.477 ms  59/383 (15%)  
[  8] 258.00-259.00 sec   797 KBytes  6.52 Mbits/sec  1.373 ms  20/603 (3.3%)  
[  8] 259.00-260.00 sec   614 KBytes  5.03 Mbits/sec  1.814 ms  0/449 (0%)  
[  8] 260.00-261.00 sec   584 KBytes  4.78 Mbits/sec  1.026 ms  15/442 (3.4%)  
[  8] 261.00-262.00 sec   480 KBytes  3.93 Mbits/sec  3.038 ms  12/363 (3.3%)  
[  8] 262.00-263.00 sec   511 KBytes  4.19 Mbits/sec  2.480 ms  41/415 (9.9%)  
[  8] 263.00-264.00 sec   658 KBytes  5.39 Mbits/sec  1.478 ms  84/565 (15%)  
[  8] 264.00-265.00 sec   611 KBytes  5.01 Mbits/sec  1.513 ms  1/448 (0.22%)  
[  8] 265.00-266.00 sec   593 KBytes  4.86 Mbits/sec  1.578 ms  12/446 (2.7%)  
[  8] 266.00-267.00 sec   588 KBytes  4.82 Mbits/sec  1.858 ms  11/441 (2.5%)  
[  8] 267.00-268.00 sec   570 KBytes  4.67 Mbits/sec  1.811 ms  34/451 (7.5%)  
[  8] 268.00-269.00 sec   561 KBytes  4.59 Mbits/sec  2.507 ms  34/444 (7.7%)  
[  8] 269.00-270.00 sec   592 KBytes  4.85 Mbits/sec  2.396 ms  14/447 (3.1%)  
[  8] 270.00-271.00 sec   607 KBytes  4.97 Mbits/sec  2.154 ms  5/449 (1.1%)  
[  8] 271.00-272.00 sec   603 KBytes  4.94 Mbits/sec  2.133 ms  5/446 (1.1%)  
[  8] 272.00-273.00 sec   573 KBytes  4.69 Mbits/sec  1.794 ms  29/448 (6.5%)  
[  8] 273.00-274.00 sec   593 KBytes  4.86 Mbits/sec  2.232 ms  8/442 (1.8%)  
[  8] 274.00-275.00 sec   608 KBytes  4.98 Mbits/sec  1.987 ms  5/450 (1.1%)  
[  8] 275.00-276.00 sec   599 KBytes  4.91 Mbits/sec  1.435 ms  0/438 (0%)  
[  8] 276.00-277.00 sec   612 KBytes  5.02 Mbits/sec  1.647 ms  5/453 (1.1%)  
[  8] 277.00-278.00 sec   592 KBytes  4.85 Mbits/sec  2.052 ms  9/442 (2%)  
[  8] 278.00-279.00 sec   611 KBytes  5.01 Mbits/sec  2.169 ms  6/453 (1.3%)  
[  8] 279.00-280.00 sec   580 KBytes  4.75 Mbits/sec  2.936 ms  8/432 (1.9%)  
[  8] 280.00-281.01 sec   596 KBytes  4.84 Mbits/sec  2.294 ms  17/453 (3.8%)  
[  8] 281.01-282.00 sec   566 KBytes  4.67 Mbits/sec  1.720 ms  21/435 (4.8%)  
[  8] 282.00-283.00 sec   591 KBytes  4.84 Mbits/sec  0.801 ms  18/450 (4%)  
[  8] 283.00-284.00 sec   614 KBytes  5.03 Mbits/sec  0.395 ms  11/460 (2.4%)  
[  8] 284.00-285.00 sec   596 KBytes  4.88 Mbits/sec  0.623 ms  0/436 (0%)  
[  8] 285.00-286.00 sec   607 KBytes  4.97 Mbits/sec  0.129 ms  10/454 (2.2%)  
[  8] 286.00-287.00 sec   599 KBytes  4.90 Mbits/sec  0.304 ms  0/438 (0%)  
[  8] 287.00-288.00 sec   551 KBytes  4.52 Mbits/sec  1.953 ms  33/436 (7.6%)  
[  8] 288.00-289.00 sec   578 KBytes  4.74 Mbits/sec  1.616 ms  31/454 (6.8%)  
[  8] 289.00-290.00 sec   602 KBytes  4.93 Mbits/sec  2.253 ms  19/459 (4.1%)  
[  8] 290.00-291.00 sec   595 KBytes  4.87 Mbits/sec  2.176 ms  10/445 (2.2%)  
[  8] 291.00-292.00 sec   607 KBytes  4.98 Mbits/sec  2.265 ms  6/450 (1.3%)  
[  8] 292.00-293.00 sec   608 KBytes  4.98 Mbits/sec  2.403 ms  3/448 (0.67%)  
[  8] 293.00-294.00 sec   600 KBytes  4.92 Mbits/sec  1.246 ms  0/439 (0%)  
[  8] 294.00-295.00 sec   588 KBytes  4.82 Mbits/sec  1.228 ms  20/450 (4.4%)  
[  8] 295.00-296.00 sec   576 KBytes  4.72 Mbits/sec  1.176 ms  25/446 (5.6%)  
[  8] 296.00-297.00 sec   592 KBytes  4.85 Mbits/sec  2.403 ms  0/433 (0%)  
[  8] 297.00-298.00 sec   576 KBytes  4.72 Mbits/sec  2.756 ms  43/464 (9.3%)  
[  8] 298.00-299.00 sec   574 KBytes  4.70 Mbits/sec  1.169 ms  25/445 (5.6%)  
[  8] 299.00-300.00 sec   569 KBytes  4.66 Mbits/sec  3.000 ms  21/437 (4.8%)  
[  8] 300.00-301.00 sec   600 KBytes  4.92 Mbits/sec  2.984 ms  14/453 (3.1%)  
[  8] 301.00-302.00 sec   573 KBytes  4.69 Mbits/sec  3.026 ms  22/441 (5%)  
[  8] 302.00-303.00 sec   612 KBytes  5.02 Mbits/sec  2.565 ms  2/450 (0.44%)  
[  8] 303.00-304.00 sec   611 KBytes  5.01 Mbits/sec  1.134 ms  7/454 (1.5%)  
[  8] 304.00-305.00 sec   606 KBytes  4.96 Mbits/sec  2.616 ms  0/443 (0%)  
[  8] 305.00-306.00 sec   589 KBytes  4.83 Mbits/sec  2.410 ms  14/445 (3.1%)  
[  8] 306.00-307.00 sec   600 KBytes  4.92 Mbits/sec  2.045 ms  8/447 (1.8%)  
[  8] 307.00-308.00 sec   582 KBytes  4.77 Mbits/sec  2.942 ms  20/446 (4.5%)  
[  8] 308.00-309.00 sec   599 KBytes  4.91 Mbits/sec  2.721 ms  10/448 (2.2%)  
[  8] 309.00-310.00 sec   589 KBytes  4.83 Mbits/sec  1.907 ms  11/442 (2.5%)  
[  8] 310.00-311.00 sec   588 KBytes  4.82 Mbits/sec  1.731 ms  16/446 (3.6%)  
[  8] 311.00-312.00 sec   547 KBytes  4.48 Mbits/sec  2.987 ms  10/410 (2.4%)  
[  8] 312.00-313.00 sec   659 KBytes  5.40 Mbits/sec  2.564 ms  5/487 (1%)  
[  8] 313.00-314.00 sec   608 KBytes  4.98 Mbits/sec  2.580 ms  1/446 (0.22%)  
[  8] 314.00-315.00 sec   597 KBytes  4.89 Mbits/sec  2.302 ms  10/447 (2.2%)  
[  8] 315.00-316.00 sec   607 KBytes  4.97 Mbits/sec  1.623 ms  2/446 (0.45%)  
[  8] 316.00-317.00 sec   597 KBytes  4.89 Mbits/sec  2.534 ms  7/444 (1.6%)  
[  8] 317.00-318.00 sec   607 KBytes  4.97 Mbits/sec  1.931 ms  0/444 (0%)  
[  8] 318.00-319.00 sec   599 KBytes  4.91 Mbits/sec  2.810 ms  14/452 (3.1%)  
[  8] 319.00-320.00 sec   606 KBytes  4.96 Mbits/sec  1.767 ms  2/445 (0.45%)  
[  8] 320.00-321.00 sec   614 KBytes  5.03 Mbits/sec  1.697 ms  0/449 (0%)  
[  8] 321.00-322.00 sec   593 KBytes  4.86 Mbits/sec  2.899 ms  9/443 (2%)  
[  8] 322.00-323.00 sec   541 KBytes  4.44 Mbits/sec  3.556 ms  35/431 (8.1%)  
[  8] 323.00-324.00 sec   599 KBytes  4.89 Mbits/sec  0.629 ms  24/462 (5.2%)  
[  8] 324.00-325.00 sec   577 KBytes  4.74 Mbits/sec  1.494 ms  22/444 (5%)  
[  8] 325.00-326.00 sec   592 KBytes  4.84 Mbits/sec  1.745 ms  3/436 (0.69%)  
[  8] 326.00-327.00 sec   525 KBytes  4.31 Mbits/sec  2.440 ms  73/457 (16%)  
[  8] 327.00-328.00 sec   592 KBytes  4.85 Mbits/sec  1.709 ms  15/448 (3.3%)  
[  8] 328.00-329.00 sec   607 KBytes  4.96 Mbits/sec  2.525 ms  1/445 (0.22%)  
[  8] 329.00-330.00 sec   552 KBytes  4.54 Mbits/sec  2.601 ms  47/451 (10%)  
[  8] 330.00-331.01 sec   585 KBytes  4.76 Mbits/sec  2.438 ms  11/439 (2.5%)  
[  8] 331.01-332.00 sec   610 KBytes  5.03 Mbits/sec  1.452 ms  4/450 (0.89%)  
[  8] 332.00-333.01 sec   569 KBytes  4.62 Mbits/sec  0.442 ms  33/449 (7.3%)  
[  8] 333.01-334.00 sec   603 KBytes  4.99 Mbits/sec  1.461 ms  6/447 (1.3%)  
[  8] 334.00-335.00 sec   611 KBytes  5.01 Mbits/sec  2.263 ms  0/447 (0%)  
[  8] 335.00-336.00 sec   599 KBytes  4.91 Mbits/sec  1.229 ms  10/448 (2.2%)  
[  8] 336.00-337.00 sec   602 KBytes  4.93 Mbits/sec  1.556 ms  4/444 (0.9%)  
[  8] 337.00-338.00 sec   607 KBytes  4.97 Mbits/sec  2.350 ms  0/444 (0%)  
[  8] 338.00-339.00 sec   606 KBytes  4.96 Mbits/sec  1.962 ms  6/449 (1.3%)  
[  8] 339.00-340.00 sec   570 KBytes  4.65 Mbits/sec  2.538 ms  25/442 (5.7%)  
[  8] 340.00-340.02 sec  13.7 KBytes  6.98 Mbits/sec  2.920 ms  0/10 (0%)  
- - - - - - - - - - - - - - - - - - - - - - - - -
[ ID] Interval           Transfer     Bitrate         Jitter    Lost/Total Datagrams
[  8]   0.00-340.02 sec   200 MBytes  4.94 Mbits/sec  2.920 ms  1910/151786 (1.3%)  receiver
