-----------------------------------------------------------
Server listening on 5201 (test #1)
-----------------------------------------------------------
Accepted connection from 10.0.0.33, port 49864
[  8] local 10.0.0.97 port 5201 connected to 10.0.0.33 port 51891
[ ID] Interval           Transfer     Bitrate         Jitter    Lost/Total Datagrams
[  8]   0.00-1.00   sec   119 KBytes   974 Kbits/sec  2.257 ms  2/89 (2.2%)  
[  8]   1.00-2.00   sec   122 KBytes   997 Kbits/sec  2.498 ms  0/89 (0%)  
[  8]   2.00-3.00   sec   119 KBytes   974 Kbits/sec  2.622 ms  2/89 (2.2%)  
[  8]   3.00-4.00   sec   120 KBytes   986 Kbits/sec  2.882 ms  1/89 (1.1%)  
[  8]   4.00-5.00   sec   122 KBytes   997 Kbits/sec  2.140 ms  1/90 (1.1%)  
[  8]   5.00-6.00   sec   120 KBytes   986 Kbits/sec  4.120 ms  1/89 (1.1%)  
[  8]   6.00-7.00   sec   123 KBytes  1.01 Mbits/sec  2.488 ms  0/90 (0%)  
[  8]   7.00-8.00   sec   120 KBytes   985 Kbits/sec  3.834 ms  1/89 (1.1%)  
[  8]   8.00-9.00   sec   122 KBytes   993 Kbits/sec  3.107 ms  0/89 (0%)  
[  8]   9.00-10.00  sec   104 KBytes   854 Kbits/sec  5.167 ms  1/77 (1.3%)  
[  8]  10.00-11.00  sec   133 KBytes  1.09 Mbits/sec  5.556 ms  4/101 (4%)  
[  8]  11.00-12.00  sec   122 KBytes   997 Kbits/sec  3.230 ms  1/90 (1.1%)  
[  8]  12.00-13.00  sec   120 KBytes   986 Kbits/sec  2.407 ms  1/89 (1.1%)  
[  8]  13.00-14.00  sec   123 KBytes  1.01 Mbits/sec  4.228 ms  0/90 (0%)  
[  8]  14.00-15.00  sec   115 KBytes   940 Kbits/sec  4.079 ms  5/89 (5.6%)  
[  8]  15.00-16.00  sec   122 KBytes   997 Kbits/sec  3.305 ms  0/89 (0%)  
[  8]  16.00-17.00  sec   118 KBytes   963 Kbits/sec  2.941 ms  3/89 (3.4%)  
[  8]  17.00-18.00  sec   122 KBytes   997 Kbits/sec  2.306 ms  0/89 (0%)  
[  8]  18.00-19.00  sec   122 KBytes   997 Kbits/sec  2.667 ms  1/90 (1.1%)  
[  8]  19.00-20.00  sec   120 KBytes   986 Kbits/sec  3.316 ms  1/89 (1.1%)  
[  8]  20.00-21.00  sec   123 KBytes  1.01 Mbits/sec  3.032 ms  0/90 (0%)  
[  8]  21.00-22.00  sec   120 KBytes   986 Kbits/sec  2.508 ms  0/88 (0%)  
[  8]  22.00-23.00  sec   122 KBytes   997 Kbits/sec  4.997 ms  1/90 (1.1%)  
[  8]  23.00-24.00  sec   122 KBytes   997 Kbits/sec  2.776 ms  0/89 (0%)  
[  8]  24.00-25.00  sec   123 KBytes  1.01 Mbits/sec  1.898 ms  0/90 (0%)  
[  8]  25.00-26.00  sec   122 KBytes   997 Kbits/sec  2.623 ms  0/89 (0%)  
[  8]  26.00-27.00  sec   122 KBytes   997 Kbits/sec  3.012 ms  0/89 (0%)  
[  8]  27.00-28.00  sec   122 KBytes   997 Kbits/sec  4.199 ms  0/89 (0%)  
[  8]  28.00-29.00  sec   123 KBytes  1.01 Mbits/sec  2.218 ms  0/90 (0%)  
[  8]  29.00-30.00  sec   122 KBytes   997 Kbits/sec  2.291 ms  0/89 (0%)  
[  8]  30.00-31.00  sec   122 KBytes   997 Kbits/sec  2.229 ms  1/90 (1.1%)  
[  8]  31.00-32.00  sec   120 KBytes   986 Kbits/sec  1.992 ms  1/89 (1.1%)  
[  8]  32.00-33.00  sec   120 KBytes   986 Kbits/sec  2.525 ms  1/89 (1.1%)  
[  8]  33.00-34.00  sec   122 KBytes   997 Kbits/sec  3.075 ms  0/89 (0%)  
[  8]  34.00-35.00  sec   115 KBytes   941 Kbits/sec  5.774 ms  0/84 (0%)  
[  8]  35.00-36.00  sec   127 KBytes  1.04 Mbits/sec  3.843 ms  2/95 (2.1%)  
[  8]  36.00-37.00  sec   115 KBytes   941 Kbits/sec  5.036 ms  5/89 (5.6%)  
[  8]  37.00-38.00  sec   119 KBytes   974 Kbits/sec  1.748 ms  2/89 (2.2%)  
[  8]  38.00-39.00  sec   120 KBytes   986 Kbits/sec  2.906 ms  0/88 (0%)  
[  8]  39.00-40.00  sec   116 KBytes   952 Kbits/sec  2.359 ms  6/91 (6.6%)  
[  8]  40.00-41.00  sec   122 KBytes   997 Kbits/sec  2.552 ms  1/90 (1.1%)  
[  8]  41.00-42.00  sec   119 KBytes   974 Kbits/sec  4.212 ms  1/88 (1.1%)  
[  8]  42.00-43.00  sec   119 KBytes   975 Kbits/sec  2.699 ms  0/87 (0%)  
[  8]  43.00-44.00  sec   123 KBytes  1.01 Mbits/sec  4.260 ms  2/92 (2.2%)  
[  8]  44.00-45.00  sec   113 KBytes   930 Kbits/sec  2.551 ms  6/89 (6.7%)  
[  8]  45.00-46.00  sec   119 KBytes   974 Kbits/sec  3.476 ms  2/89 (2.2%)  
[  8]  46.00-47.00  sec   101 KBytes   829 Kbits/sec  5.318 ms  12/86 (14%)  
[  8]  47.00-48.00  sec   116 KBytes   952 Kbits/sec  5.825 ms  5/90 (5.6%)  
[  8]  48.00-49.00  sec   122 KBytes   997 Kbits/sec  3.830 ms  2/91 (2.2%)  
[  8]  49.00-50.00  sec   116 KBytes   952 Kbits/sec  4.184 ms  4/89 (4.5%)  
[  8]  50.00-51.00  sec   122 KBytes   997 Kbits/sec  3.325 ms  2/91 (2.2%)  
[  8]  51.00-52.00  sec   120 KBytes   986 Kbits/sec  4.932 ms  1/89 (1.1%)  
[  8]  52.00-53.00  sec   118 KBytes   961 Kbits/sec  3.044 ms  4/90 (4.4%)  
[  8]  53.00-54.00  sec   115 KBytes   943 Kbits/sec  3.109 ms  5/89 (5.6%)  
[  8]  54.00-55.00  sec   120 KBytes   986 Kbits/sec  2.100 ms  1/89 (1.1%)  
[  8]  55.00-56.00  sec   122 KBytes   996 Kbits/sec  2.085 ms  1/90 (1.1%)  
[  8]  56.00-57.00  sec   122 KBytes   997 Kbits/sec  3.109 ms  0/89 (0%)  
[  8]  57.00-58.00  sec   120 KBytes   986 Kbits/sec  2.504 ms  2/90 (2.2%)  
[  8]  58.00-59.00  sec   119 KBytes   974 Kbits/sec  2.551 ms  2/89 (2.2%)  
[  8]  59.00-60.00  sec   119 KBytes   974 Kbits/sec  3.089 ms  2/89 (2.2%)  
[  8]  60.00-61.00  sec   116 KBytes   952 Kbits/sec  3.266 ms  4/89 (4.5%)  
[  8]  61.00-62.00  sec   113 KBytes   930 Kbits/sec  2.982 ms  6/89 (6.7%)  
[  8]  62.00-63.00  sec   120 KBytes   986 Kbits/sec  1.819 ms  2/90 (2.2%)  
[  8]  63.00-64.00  sec   122 KBytes   997 Kbits/sec  3.811 ms  0/89 (0%)  
[  8]  64.00-65.00  sec   122 KBytes   997 Kbits/sec  3.810 ms  0/89 (0%)  
[  8]  65.00-66.00  sec   120 KBytes   986 Kbits/sec  4.779 ms  2/90 (2.2%)  
[  8]  66.00-67.00  sec   122 KBytes   997 Kbits/sec  3.417 ms  0/89 (0%)  
[  8]  67.00-68.00  sec   116 KBytes   952 Kbits/sec  4.273 ms  2/87 (2.3%)  
[  8]  68.00-69.00  sec   111 KBytes   907 Kbits/sec  3.046 ms  10/91 (11%)  
[  8]  69.00-70.00  sec   120 KBytes   985 Kbits/sec  4.586 ms  2/90 (2.2%)  
[  8]  70.00-71.00  sec   122 KBytes   997 Kbits/sec  3.361 ms  0/89 (0%)  
[  8]  71.00-72.00  sec   116 KBytes   952 Kbits/sec  4.179 ms  4/89 (4.5%)  
[  8]  72.00-73.00  sec   116 KBytes   952 Kbits/sec  3.103 ms  4/89 (4.5%)  
[  8]  73.00-74.00  sec   113 KBytes   930 Kbits/sec  2.565 ms  6/89 (6.7%)  
[  8]  74.00-75.00  sec   120 KBytes   986 Kbits/sec  2.561 ms  2/90 (2.2%)  
[  8]  75.00-76.00  sec   119 KBytes   974 Kbits/sec  2.678 ms  2/89 (2.2%)  
[  8]  76.00-77.00  sec   115 KBytes   941 Kbits/sec  4.047 ms  5/89 (5.6%)  
[  8]  77.00-78.00  sec   119 KBytes   974 Kbits/sec  3.353 ms  3/90 (3.3%)  
[  8]  78.00-79.00  sec   120 KBytes   986 Kbits/sec  2.159 ms  2/90 (2.2%)  
[  8]  79.00-80.00  sec   122 KBytes   997 Kbits/sec  2.376 ms  0/89 (0%)  
[  8]  80.00-81.00  sec   120 KBytes   986 Kbits/sec  2.941 ms  1/89 (1.1%)  
[  8]  81.00-82.00  sec   118 KBytes   963 Kbits/sec  3.506 ms  2/88 (2.3%)  
[  8]  82.00-83.00  sec   123 KBytes  1.01 Mbits/sec  2.408 ms  1/91 (1.1%)  
[  8]  83.00-84.00  sec   116 KBytes   951 Kbits/sec  3.236 ms  4/89 (4.5%)  
[  8]  84.00-85.00  sec   107 KBytes   874 Kbits/sec  2.897 ms  1/79 (1.3%)  
[  8]  85.00-86.00  sec   118 KBytes   963 Kbits/sec  7.529 ms  3/89 (3.4%)  
[  8]  86.00-87.00  sec   129 KBytes  1.05 Mbits/sec  5.116 ms  5/99 (5.1%)  
[  8]  87.00-88.00  sec   120 KBytes   986 Kbits/sec  1.893 ms  1/89 (1.1%)  
[  8]  88.00-89.00  sec   118 KBytes   963 Kbits/sec  3.494 ms  4/90 (4.4%)  
[  8]  89.00-90.00  sec   120 KBytes   986 Kbits/sec  3.010 ms  1/89 (1.1%)  
[  8]  90.00-91.00  sec   123 KBytes  1.01 Mbits/sec  1.686 ms  0/90 (0%)  
[  8]  91.00-92.00  sec   118 KBytes   963 Kbits/sec  3.968 ms  2/88 (2.3%)  
[  8]  92.00-93.00  sec   116 KBytes   952 Kbits/sec  4.545 ms  5/90 (5.6%)  
[  8]  93.00-94.00  sec   119 KBytes   974 Kbits/sec  2.807 ms  3/90 (3.3%)  
[  8]  94.00-95.00  sec   116 KBytes   952 Kbits/sec  5.898 ms  1/86 (1.2%)  
[  8]  95.00-96.00  sec   122 KBytes   997 Kbits/sec  3.087 ms  3/92 (3.3%)  
[  8]  96.00-97.00  sec   122 KBytes   997 Kbits/sec  1.654 ms  0/89 (0%)  
[  8]  97.00-98.00  sec   118 KBytes   963 Kbits/sec  3.268 ms  4/90 (4.4%)  
[  8]  98.00-99.00  sec   116 KBytes   952 Kbits/sec  4.930 ms  3/88 (3.4%)  
[  8]  99.00-100.00 sec   123 KBytes  1.01 Mbits/sec  3.076 ms  0/90 (0%)  
[  8] 100.00-101.00 sec   120 KBytes   985 Kbits/sec  2.454 ms  2/90 (2.2%)  
[  8] 101.00-102.00 sec   111 KBytes   907 Kbits/sec  5.459 ms  7/88 (8%)  
[  8] 102.00-103.00 sec   122 KBytes   997 Kbits/sec  3.159 ms  1/90 (1.1%)  
[  8] 103.00-104.00 sec   122 KBytes   997 Kbits/sec  2.541 ms  1/90 (1.1%)  
[  8] 104.00-105.00 sec   120 KBytes   986 Kbits/sec  2.674 ms  0/88 (0%)  
[  8] 105.00-106.00 sec   119 KBytes   974 Kbits/sec  4.314 ms  3/90 (3.3%)  
[  8] 106.00-107.00 sec   119 KBytes   974 Kbits/sec  4.466 ms  2/89 (2.2%)  
[  8] 107.00-108.00 sec   119 KBytes   975 Kbits/sec  3.807 ms  1/88 (1.1%)  
[  8] 108.00-109.00 sec   123 KBytes  1.01 Mbits/sec  2.357 ms  1/91 (1.1%)  
[  8] 109.00-110.00 sec   115 KBytes   941 Kbits/sec  3.792 ms  5/89 (5.6%)  
[  8] 110.00-111.00 sec   119 KBytes   972 Kbits/sec  2.107 ms  3/90 (3.3%)  
[  8] 111.00-112.00 sec   112 KBytes   921 Kbits/sec  5.014 ms  4/86 (4.7%)  
[  8] 112.00-113.00 sec   119 KBytes   974 Kbits/sec  3.247 ms  4/91 (4.4%)  
[  8] 113.00-114.00 sec   122 KBytes   996 Kbits/sec  2.504 ms  1/90 (1.1%)  
[  8] 114.00-115.00 sec   123 KBytes  1.01 Mbits/sec  2.833 ms  0/90 (0%)  
[  8] 115.00-116.00 sec   118 KBytes   963 Kbits/sec  3.751 ms  0/86 (0%)  
[  8] 116.00-117.00 sec  82.0 KBytes   672 Kbits/sec  5.305 ms  3/63 (4.8%)  
[  8] 117.00-118.00 sec   152 KBytes  1.24 Mbits/sec  3.244 ms  8/119 (6.7%)  
[  8] 118.00-119.00 sec   101 KBytes   828 Kbits/sec  6.467 ms  4/78 (5.1%)  
[  8] 119.00-120.00 sec   123 KBytes  1.01 Mbits/sec  2.311 ms  9/99 (9.1%)  
[  8] 120.00-121.00 sec   119 KBytes   974 Kbits/sec  3.468 ms  1/88 (1.1%)  
[  8] 121.00-122.00 sec   108 KBytes   885 Kbits/sec  3.952 ms  12/91 (13%)  
[  8] 122.00-123.00 sec   122 KBytes   997 Kbits/sec  3.160 ms  1/90 (1.1%)  
[  8] 123.00-124.00 sec   122 KBytes   995 Kbits/sec  3.509 ms  0/89 (0%)  
[  8] 124.00-125.00 sec   122 KBytes   998 Kbits/sec  1.537 ms  0/89 (0%)  
[  8] 125.00-126.00 sec   118 KBytes   963 Kbits/sec  3.112 ms  1/87 (1.1%)  
[  8] 126.00-127.00 sec   118 KBytes   963 Kbits/sec  3.908 ms  6/92 (6.5%)  
[  8] 127.00-128.00 sec   103 KBytes   840 Kbits/sec  5.930 ms  12/87 (14%)  
[  8] 128.00-129.00 sec   116 KBytes   952 Kbits/sec  2.912 ms  5/90 (5.6%)  
[  8] 129.00-130.00 sec   107 KBytes   874 Kbits/sec  4.375 ms  12/90 (13%)  
[  8] 130.00-131.00 sec   120 KBytes   986 Kbits/sec  4.660 ms  2/90 (2.2%)  
[  8] 131.00-132.00 sec   118 KBytes   963 Kbits/sec  5.821 ms  4/90 (4.4%)  
[  8] 132.00-133.00 sec   116 KBytes   952 Kbits/sec  2.385 ms  4/89 (4.5%)  
[  8] 133.00-134.00 sec   122 KBytes   997 Kbits/sec  3.036 ms  0/89 (0%)  
[  8] 134.00-135.00 sec   123 KBytes  1.01 Mbits/sec  1.669 ms  0/90 (0%)  
[  8] 135.00-136.00 sec  75.2 KBytes   616 Kbits/sec  9.273 ms  0/55 (0%)  
[  8] 136.00-137.00 sec   159 KBytes  1.30 Mbits/sec  4.723 ms  7/123 (5.7%)  
[  8] 137.00-138.00 sec   119 KBytes   974 Kbits/sec  3.168 ms  2/89 (2.2%)  
[  8] 138.00-139.00 sec   120 KBytes   986 Kbits/sec  3.037 ms  1/89 (1.1%)  
[  8] 139.00-140.00 sec   123 KBytes  1.01 Mbits/sec  2.315 ms  0/90 (0%)  
[  8] 140.00-141.00 sec   119 KBytes   974 Kbits/sec  3.908 ms  2/89 (2.2%)  
[  8] 141.00-142.00 sec   123 KBytes  1.01 Mbits/sec  2.876 ms  0/90 (0%)  
[  8] 142.00-143.00 sec   119 KBytes   974 Kbits/sec  5.487 ms  1/88 (1.1%)  
[  8] 143.00-144.00 sec   120 KBytes   986 Kbits/sec  3.451 ms  2/90 (2.2%)  
[  8] 144.00-145.00 sec   122 KBytes   997 Kbits/sec  2.545 ms  0/89 (0%)  
[  8] 145.00-146.00 sec   122 KBytes   997 Kbits/sec  2.435 ms  1/90 (1.1%)  
[  8] 146.00-147.00 sec   116 KBytes   952 Kbits/sec  4.866 ms  3/88 (3.4%)  
[  8] 147.00-148.00 sec   116 KBytes   952 Kbits/sec  3.161 ms  5/90 (5.6%)  
[  8] 148.00-149.00 sec   122 KBytes   997 Kbits/sec  1.575 ms  0/89 (0%)  
[  8] 149.00-150.00 sec   119 KBytes   974 Kbits/sec  3.092 ms  2/89 (2.2%)  
[  8] 150.00-151.00 sec   120 KBytes   986 Kbits/sec  2.811 ms  2/90 (2.2%)  
[  8] 151.00-152.00 sec  94.3 KBytes   773 Kbits/sec  6.192 ms  0/69 (0%)  
[  8] 152.00-153.00 sec   146 KBytes  1.20 Mbits/sec  5.576 ms  2/109 (1.8%)  
[  8] 153.00-154.00 sec   118 KBytes   963 Kbits/sec  3.450 ms  2/88 (2.3%)  
[  8] 154.00-155.00 sec   120 KBytes   985 Kbits/sec  4.134 ms  3/91 (3.3%)  
[  8] 155.00-156.00 sec   115 KBytes   941 Kbits/sec  2.975 ms  5/89 (5.6%)  
[  8] 156.00-157.00 sec   115 KBytes   941 Kbits/sec  5.659 ms  5/89 (5.6%)  
[  8] 157.00-158.00 sec   112 KBytes   918 Kbits/sec  8.030 ms  3/85 (3.5%)  
[  8] 158.00-159.00 sec   124 KBytes  1.02 Mbits/sec  3.056 ms  3/94 (3.2%)  
[  8] 159.00-160.00 sec   116 KBytes   952 Kbits/sec  1.842 ms  4/89 (4.5%)  
[  8] 160.00-161.00 sec   111 KBytes   907 Kbits/sec  5.835 ms  9/90 (10%)  
[  8] 161.00-162.00 sec   112 KBytes   918 Kbits/sec  2.712 ms  6/88 (6.8%)  
[  8] 162.00-163.00 sec   118 KBytes   963 Kbits/sec  3.725 ms  4/90 (4.4%)  
[  8] 163.00-164.00 sec  97.1 KBytes   795 Kbits/sec  6.553 ms  10/81 (12%)  
[  8] 164.00-165.00 sec   108 KBytes   885 Kbits/sec  6.742 ms  10/89 (11%)  
[  8] 165.00-166.00 sec   126 KBytes  1.03 Mbits/sec  4.680 ms  5/97 (5.2%)  
[  8] 166.00-167.00 sec   120 KBytes   986 Kbits/sec  4.817 ms  2/90 (2.2%)  
[  8] 167.00-168.00 sec   123 KBytes  1.01 Mbits/sec  3.668 ms  0/90 (0%)  
[  8] 168.00-169.00 sec   116 KBytes   952 Kbits/sec  4.123 ms  4/89 (4.5%)  
[  8] 169.00-170.00 sec   116 KBytes   952 Kbits/sec  3.968 ms  4/89 (4.5%)  
[  8] 170.00-171.00 sec   119 KBytes   974 Kbits/sec  3.025 ms  3/90 (3.3%)  
[  8] 171.00-172.00 sec   118 KBytes   963 Kbits/sec  2.794 ms  2/88 (2.3%)  
[  8] 172.00-173.00 sec   118 KBytes   963 Kbits/sec  5.586 ms  0/86 (0%)  
[  8] 173.00-174.00 sec   109 KBytes   896 Kbits/sec  5.536 ms  6/86 (7%)  
[  8] 174.00-175.00 sec   120 KBytes   986 Kbits/sec  2.251 ms  8/96 (8.3%)  
[  8] 175.00-176.00 sec   108 KBytes   885 Kbits/sec  4.402 ms  10/89 (11%)  
[  8] 176.00-177.00 sec   119 KBytes   974 Kbits/sec  4.381 ms  3/90 (3.3%)  
[  8] 177.00-178.00 sec   118 KBytes   962 Kbits/sec  4.800 ms  2/88 (2.3%)  
[  8] 178.00-179.00 sec   107 KBytes   875 Kbits/sec  8.200 ms  3/81 (3.7%)  
[  8] 179.00-180.00 sec   118 KBytes   963 Kbits/sec  2.396 ms  13/99 (13%)  
[  8] 180.00-181.00 sec   119 KBytes   974 Kbits/sec  5.057 ms  2/89 (2.2%)  
[  8] 181.00-182.00 sec   113 KBytes   930 Kbits/sec  4.578 ms  5/88 (5.7%)  
[  8] 182.00-183.00 sec   119 KBytes   974 Kbits/sec  4.269 ms  2/89 (2.2%)  
[  8] 183.00-184.00 sec   123 KBytes  1.00 Mbits/sec  2.993 ms  1/91 (1.1%)  
[  8] 184.00-185.00 sec   123 KBytes  1.01 Mbits/sec  3.116 ms  0/90 (0%)  
[  8] 185.00-186.00 sec   122 KBytes   997 Kbits/sec  1.794 ms  0/89 (0%)  
[  8] 186.00-187.00 sec   122 KBytes   997 Kbits/sec  2.877 ms  0/89 (0%)  
[  8] 187.00-188.00 sec   111 KBytes   907 Kbits/sec  5.260 ms  8/89 (9%)  
[  8] 188.00-189.00 sec   118 KBytes   963 Kbits/sec  2.971 ms  3/89 (3.4%)  
[  8] 189.00-190.00 sec   122 KBytes   997 Kbits/sec  2.418 ms  1/90 (1.1%)  
[  8] 190.00-191.00 sec   122 KBytes   997 Kbits/sec  2.132 ms  0/89 (0%)  
[  8] 191.00-192.00 sec   115 KBytes   941 Kbits/sec  3.604 ms  6/90 (6.7%)  
[  8] 192.00-193.00 sec   120 KBytes   985 Kbits/sec  2.037 ms  1/89 (1.1%)  
[  8] 193.00-194.00 sec   120 KBytes   986 Kbits/sec  3.730 ms  1/89 (1.1%)  
[  8] 194.00-195.00 sec   119 KBytes   973 Kbits/sec  3.047 ms  2/89 (2.2%)  
[  8] 195.00-196.00 sec   122 KBytes   998 Kbits/sec  1.990 ms  1/90 (1.1%)  
[  8] 196.00-197.00 sec   116 KBytes   952 Kbits/sec  2.722 ms  4/89 (4.5%)  
[  8] 197.00-198.00 sec   119 KBytes   974 Kbits/sec  2.859 ms  2/89 (2.2%)  
[  8] 198.00-199.00 sec   122 KBytes   997 Kbits/sec  3.100 ms  1/90 (1.1%)  
[  8] 199.00-200.00 sec   119 KBytes   974 Kbits/sec  2.286 ms  1/88 (1.1%)  
[  8] 200.00-201.00 sec   123 KBytes  1.01 Mbits/sec  2.711 ms  0/90 (0%)  
[  8] 201.00-202.00 sec   120 KBytes   986 Kbits/sec  2.451 ms  1/89 (1.1%)  
[  8] 202.00-203.00 sec   119 KBytes   974 Kbits/sec  4.221 ms  2/89 (2.2%)  
[  8] 203.00-204.00 sec   120 KBytes   985 Kbits/sec  4.844 ms  1/89 (1.1%)  
[  8] 204.00-205.00 sec   122 KBytes   997 Kbits/sec  2.504 ms  1/90 (1.1%)  
[  8] 205.00-206.00 sec   120 KBytes   986 Kbits/sec  3.466 ms  0/88 (0%)  
[  8] 206.00-207.00 sec   119 KBytes   974 Kbits/sec  3.724 ms  4/91 (4.4%)  
[  8] 207.00-208.00 sec   118 KBytes   964 Kbits/sec  3.097 ms  2/88 (2.3%)  
[  8] 208.00-209.00 sec   119 KBytes   974 Kbits/sec  3.422 ms  3/90 (3.3%)  
[  8] 209.00-210.00 sec   113 KBytes   930 Kbits/sec  5.199 ms  6/89 (6.7%)  
[  8] 210.00-211.00 sec   123 KBytes  1.01 Mbits/sec  2.239 ms  0/90 (0%)  
[  8] 211.00-212.00 sec   112 KBytes   916 Kbits/sec  2.943 ms  6/88 (6.8%)  
[  8] 212.00-213.00 sec   116 KBytes   954 Kbits/sec  3.695 ms  6/91 (6.6%)  
[  8] 213.00-214.00 sec   120 KBytes   986 Kbits/sec  2.674 ms  1/89 (1.1%)  
[  8] 214.00-215.00 sec   120 KBytes   985 Kbits/sec  3.991 ms  1/89 (1.1%)  
[  8] 215.00-216.00 sec   122 KBytes   997 Kbits/sec  3.503 ms  0/89 (0%)  
[  8] 216.00-217.00 sec   119 KBytes   974 Kbits/sec  3.510 ms  3/90 (3.3%)  
[  8] 217.00-218.00 sec   115 KBytes   941 Kbits/sec  3.259 ms  4/88 (4.5%)  
[  8] 218.00-219.00 sec   122 KBytes   997 Kbits/sec  3.167 ms  1/90 (1.1%)  
[  8] 219.00-220.00 sec   115 KBytes   941 Kbits/sec  3.013 ms  5/89 (5.6%)  
[  8] 220.00-221.00 sec   120 KBytes   986 Kbits/sec  3.588 ms  2/90 (2.2%)  
[  8] 221.00-222.00 sec   120 KBytes   986 Kbits/sec  2.793 ms  1/89 (1.1%)  
[  8] 222.00-223.00 sec   112 KBytes   918 Kbits/sec  5.348 ms  4/86 (4.7%)  
[  8] 223.00-224.00 sec   109 KBytes   896 Kbits/sec  3.582 ms  6/86 (7%)  
[  8] 224.00-225.00 sec   109 KBytes   896 Kbits/sec  4.924 ms  14/94 (15%)  
[  8] 225.00-226.00 sec   120 KBytes   986 Kbits/sec  2.786 ms  3/91 (3.3%)  
[  8] 226.00-227.00 sec   122 KBytes   997 Kbits/sec  2.994 ms  0/89 (0%)  
[  8] 227.00-228.00 sec   120 KBytes   986 Kbits/sec  3.776 ms  2/90 (2.2%)  
[  8] 228.00-229.00 sec   120 KBytes   985 Kbits/sec  3.156 ms  1/89 (1.1%)  
[  8] 229.00-230.00 sec   122 KBytes   997 Kbits/sec  2.394 ms  0/89 (0%)  
[  8] 230.00-231.00 sec   115 KBytes   941 Kbits/sec  3.024 ms  5/89 (5.6%)  
[  8] 231.00-232.00 sec   118 KBytes   963 Kbits/sec  2.285 ms  3/89 (3.4%)  
[  8] 232.00-233.00 sec   120 KBytes   986 Kbits/sec  2.939 ms  2/90 (2.2%)  
[  8] 233.00-234.00 sec   122 KBytes   997 Kbits/sec  3.078 ms  0/89 (0%)  
[  8] 234.00-235.00 sec   123 KBytes  1.01 Mbits/sec  3.011 ms  0/90 (0%)  
[  8] 235.00-236.00 sec   122 KBytes   997 Kbits/sec  4.073 ms  0/89 (0%)  
[  8] 236.00-237.00 sec   123 KBytes  1.01 Mbits/sec  1.373 ms  0/90 (0%)  
[  8] 237.00-238.00 sec   122 KBytes   997 Kbits/sec  2.199 ms  0/89 (0%)  
[  8] 238.00-239.00 sec   122 KBytes   997 Kbits/sec  2.434 ms  0/89 (0%)  
[  8] 239.00-240.00 sec   122 KBytes   997 Kbits/sec  1.997 ms  0/89 (0%)  
[  8] 240.00-240.01 sec  1.37 KBytes   892 Kbits/sec  1.968 ms  0/1 (0%)  
- - - - - - - - - - - - - - - - - - - - - - - - -
[ ID] Interval           Transfer     Bitrate         Jitter    Lost/Total Datagrams
[  8]   0.00-240.01 sec  27.8 MBytes   972 Kbits/sec  1.968 ms  608/21429 (2.8%)  receiver
