-----------------------------------------------------------
Server listening on 5201 (test #1)
-----------------------------------------------------------
Accepted connection from 10.0.0.45, port 47124
[  8] local 10.0.0.109 port 5201 connected to 10.0.0.45 port 33412
[ ID] Interval           Transfer     Bitrate         Jitter    Lost/Total Datagrams
[  8]   0.00-1.00   sec   593 KBytes  4.86 Mbits/sec  1.981 ms  3/437 (0.69%)  
[  8]   1.00-2.00   sec   604 KBytes  4.95 Mbits/sec  1.795 ms  3/445 (0.67%)  
[  8]   2.00-3.00   sec   595 KBytes  4.87 Mbits/sec  2.122 ms  13/448 (2.9%)  
[  8]   3.00-4.00   sec   604 KBytes  4.95 Mbits/sec  1.208 ms  3/445 (0.67%)  
[  8]   4.00-5.00   sec   608 KBytes  4.98 Mbits/sec  1.483 ms  2/447 (0.45%)  
[  8]   5.00-6.00   sec   599 KBytes  4.91 Mbits/sec  3.093 ms  10/448 (2.2%)  
[  8]   6.00-7.00   sec   607 KBytes  4.97 Mbits/sec  1.816 ms  3/447 (0.67%)  
[  8]   7.00-8.00   sec   604 KBytes  4.95 Mbits/sec  1.491 ms  3/445 (0.67%)  
[  8]   8.00-9.00   sec   608 KBytes  4.98 Mbits/sec  1.593 ms  0/445 (0%)  
[  8]   9.00-10.00  sec   596 KBytes  4.88 Mbits/sec  1.098 ms  10/446 (2.2%)  
[  8]  10.00-11.00  sec   614 KBytes  5.03 Mbits/sec  1.457 ms  0/449 (0%)  
[  8]  11.00-12.00  sec   607 KBytes  4.97 Mbits/sec  1.504 ms  0/444 (0%)  
[  8]  12.00-13.00  sec   612 KBytes  5.02 Mbits/sec  1.050 ms  0/448 (0%)  
[  8]  13.00-14.00  sec   610 KBytes  4.99 Mbits/sec  1.404 ms  0/446 (0%)  
[  8]  14.00-15.00  sec   612 KBytes  5.02 Mbits/sec  0.700 ms  0/448 (0%)  
[  8]  15.00-16.00  sec   606 KBytes  4.96 Mbits/sec  1.165 ms  2/445 (0.45%)  
[  8]  16.00-17.00  sec   608 KBytes  4.98 Mbits/sec  1.933 ms  2/447 (0.45%)  
[  8]  17.00-18.00  sec   610 KBytes  5.00 Mbits/sec  1.377 ms  0/446 (0%)  
[  8]  18.00-19.00  sec   608 KBytes  4.98 Mbits/sec  1.996 ms  0/445 (0%)  
[  8]  19.00-20.00  sec   606 KBytes  4.96 Mbits/sec  2.510 ms  2/445 (0.45%)  
[  8]  20.00-21.00  sec   611 KBytes  5.01 Mbits/sec  2.129 ms  0/447 (0%)  
[  8]  21.00-22.00  sec   604 KBytes  4.95 Mbits/sec  2.384 ms  0/442 (0%)  
[  8]  22.00-23.00  sec   612 KBytes  5.02 Mbits/sec  2.274 ms  3/451 (0.67%)  
[  8]  23.00-24.00  sec   607 KBytes  4.97 Mbits/sec  1.841 ms  4/448 (0.89%)  
[  8]  24.00-25.00  sec   608 KBytes  4.98 Mbits/sec  1.804 ms  1/446 (0.22%)  
[  8]  25.00-26.00  sec   604 KBytes  4.95 Mbits/sec  1.535 ms  6/448 (1.3%)  
[  8]  26.00-27.00  sec   610 KBytes  5.00 Mbits/sec  1.355 ms  0/446 (0%)  
[  8]  27.00-28.00  sec   611 KBytes  5.01 Mbits/sec  1.884 ms  0/447 (0%)  
[  8]  28.00-29.00  sec   595 KBytes  4.87 Mbits/sec  1.783 ms  12/447 (2.7%)  
[  8]  29.00-30.00  sec   603 KBytes  4.94 Mbits/sec  1.687 ms  4/445 (0.9%)  
[  8]  30.00-31.00  sec   608 KBytes  4.98 Mbits/sec  1.616 ms  1/446 (0.22%)  
[  8]  31.00-32.00  sec   610 KBytes  5.00 Mbits/sec  1.383 ms  1/447 (0.22%)  
[  8]  32.00-33.00  sec   591 KBytes  4.84 Mbits/sec  1.843 ms  0/432 (0%)  
[  8]  33.00-34.00  sec   629 KBytes  5.15 Mbits/sec  1.427 ms  2/462 (0.43%)  
[  8]  34.00-35.00  sec   608 KBytes  4.98 Mbits/sec  1.141 ms  0/445 (0%)  
[  8]  35.00-36.00  sec   611 KBytes  5.01 Mbits/sec  1.982 ms  0/447 (0%)  
[  8]  36.00-37.00  sec   611 KBytes  5.01 Mbits/sec  1.769 ms  0/447 (0%)  
[  8]  37.00-38.00  sec   608 KBytes  4.98 Mbits/sec  1.798 ms  0/445 (0%)  
[  8]  38.00-39.00  sec   612 KBytes  5.02 Mbits/sec  1.195 ms  0/448 (0%)  
[  8]  39.00-40.00  sec   611 KBytes  5.01 Mbits/sec  1.209 ms  0/447 (0%)  
[  8]  40.00-41.00  sec   603 KBytes  4.94 Mbits/sec  0.969 ms  3/444 (0.68%)  
[  8]  41.00-42.00  sec   611 KBytes  5.01 Mbits/sec  1.649 ms  2/449 (0.45%)  
[  8]  42.00-43.00  sec   608 KBytes  4.98 Mbits/sec  0.865 ms  0/445 (0%)  
[  8]  43.00-44.00  sec   604 KBytes  4.95 Mbits/sec  2.364 ms  0/442 (0%)  
[  8]  44.00-45.00  sec   617 KBytes  5.05 Mbits/sec  0.847 ms  0/451 (0%)  
[  8]  45.00-46.00  sec   608 KBytes  4.98 Mbits/sec  1.372 ms  0/445 (0%)  
[  8]  46.00-47.00  sec   593 KBytes  4.86 Mbits/sec  2.457 ms  11/445 (2.5%)  
[  8]  47.00-48.00  sec   604 KBytes  4.95 Mbits/sec  1.240 ms  6/448 (1.3%)  
[  8]  48.00-49.00  sec   612 KBytes  5.02 Mbits/sec  1.567 ms  0/448 (0%)  
[  8]  49.00-50.00  sec   608 KBytes  4.98 Mbits/sec  1.940 ms  0/445 (0%)  
[  8]  50.00-51.00  sec   599 KBytes  4.91 Mbits/sec  2.278 ms  5/443 (1.1%)  
[  8]  51.00-52.00  sec   608 KBytes  4.97 Mbits/sec  1.511 ms  5/450 (1.1%)  
[  8]  52.00-53.00  sec   607 KBytes  4.99 Mbits/sec  2.434 ms  1/445 (0.22%)  
[  8]  53.00-54.00  sec   612 KBytes  5.02 Mbits/sec  1.583 ms  0/448 (0%)  
[  8]  54.00-55.00  sec   612 KBytes  5.02 Mbits/sec  1.647 ms  0/448 (0%)  
[  8]  55.00-56.00  sec   610 KBytes  5.00 Mbits/sec  2.025 ms  0/446 (0%)  
[  8]  56.00-57.00  sec   608 KBytes  4.98 Mbits/sec  1.864 ms  0/445 (0%)  
[  8]  57.00-58.00  sec   612 KBytes  5.00 Mbits/sec  1.297 ms  0/448 (0%)  
[  8]  58.00-59.00  sec   606 KBytes  4.98 Mbits/sec  1.807 ms  0/443 (0%)  
[  8]  59.00-60.00  sec   612 KBytes  5.01 Mbits/sec  1.935 ms  0/448 (0%)  
[  8]  60.00-60.02  sec  15.0 KBytes  7.25 Mbits/sec  1.730 ms  0/11 (0%)  
- - - - - - - - - - - - - - - - - - - - - - - - -
[ ID] Interval           Transfer     Bitrate         Jitter    Lost/Total Datagrams
[  8]   0.00-60.02  sec  35.6 MBytes  4.98 Mbits/sec  1.730 ms  123/26786 (0.46%)  receiver
