-----------------------------------------------------------
Server listening on 5201 (test #1)
-----------------------------------------------------------
Accepted connection from 10.0.0.33, port 35012
[  8] local 10.0.0.97 port 5201 connected to 10.0.0.33 port 56789
[ ID] Interval           Transfer     Bitrate         Jitter    Lost/Total Datagrams
[  8]   0.00-1.00   sec   119 KBytes   974 Kbits/sec  2.005 ms  1/88 (1.1%)  
[  8]   1.00-2.00   sec   123 KBytes  1.01 Mbits/sec  3.178 ms  0/90 (0%)  
[  8]   2.00-3.00   sec   123 KBytes  1.01 Mbits/sec  4.257 ms  0/90 (0%)  
[  8]   3.00-4.00   sec   119 KBytes   974 Kbits/sec  2.682 ms  1/88 (1.1%)  
[  8]   4.00-5.00   sec   123 KBytes  1.01 Mbits/sec  2.472 ms  0/90 (0%)  
[  8]   5.00-6.00   sec   116 KBytes   952 Kbits/sec  3.207 ms  1/86 (1.2%)  
[  8]   6.00-7.00   sec   126 KBytes  1.03 Mbits/sec  2.380 ms  1/93 (1.1%)  
[  8]   7.00-8.00   sec   122 KBytes   997 Kbits/sec  3.202 ms  0/89 (0%)  
[  8]   8.00-9.00   sec   122 KBytes   997 Kbits/sec  3.744 ms  0/89 (0%)  
[  8]   9.00-10.00  sec   116 KBytes   952 Kbits/sec  3.222 ms  4/89 (4.5%)  
[  8]  10.00-11.00  sec   123 KBytes  1.01 Mbits/sec  2.064 ms  0/90 (0%)  
[  8]  11.00-12.00  sec   122 KBytes   997 Kbits/sec  1.419 ms  0/89 (0%)  
[  8]  12.00-13.00  sec   122 KBytes   997 Kbits/sec  1.507 ms  0/89 (0%)  
[  8]  13.00-14.00  sec   122 KBytes   997 Kbits/sec  1.627 ms  0/89 (0%)  
[  8]  14.00-15.00  sec   123 KBytes  1.01 Mbits/sec  1.516 ms  0/90 (0%)  
[  8]  15.00-16.00  sec   122 KBytes   996 Kbits/sec  1.822 ms  0/89 (0%)  
[  8]  16.00-17.00  sec   122 KBytes   997 Kbits/sec  1.475 ms  0/89 (0%)  
[  8]  17.00-18.00  sec   123 KBytes  1.01 Mbits/sec  2.060 ms  0/90 (0%)  
[  8]  18.00-19.00  sec   122 KBytes   997 Kbits/sec  2.736 ms  0/89 (0%)  
[  8]  19.00-20.00  sec   120 KBytes   986 Kbits/sec  2.960 ms  1/89 (1.1%)  
[  8]  20.00-21.00  sec   123 KBytes  1.01 Mbits/sec  2.079 ms  0/90 (0%)  
[  8]  21.00-22.00  sec   120 KBytes   985 Kbits/sec  3.343 ms  1/89 (1.1%)  
[  8]  22.00-23.00  sec   120 KBytes   986 Kbits/sec  2.825 ms  1/89 (1.1%)  
[  8]  23.00-24.00  sec   122 KBytes   997 Kbits/sec  3.176 ms  0/89 (0%)  
[  8]  24.00-25.00  sec   123 KBytes  1.01 Mbits/sec  2.164 ms  0/90 (0%)  
[  8]  25.00-26.00  sec   119 KBytes   975 Kbits/sec  2.665 ms  2/89 (2.2%)  
[  8]  26.00-27.00  sec   122 KBytes   997 Kbits/sec  2.012 ms  0/89 (0%)  
[  8]  27.00-28.00  sec   123 KBytes  1.01 Mbits/sec  3.882 ms  0/90 (0%)  
[  8]  28.00-29.00  sec   116 KBytes   952 Kbits/sec  3.005 ms  3/88 (3.4%)  
[  8]  29.00-30.00  sec   123 KBytes  1.01 Mbits/sec  1.700 ms  0/90 (0%)  
[  8]  30.00-31.00  sec   122 KBytes   997 Kbits/sec  3.253 ms  0/89 (0%)  
[  8]  31.00-32.00  sec   122 KBytes   997 Kbits/sec  2.358 ms  1/90 (1.1%)  
[  8]  32.00-33.00  sec   119 KBytes   974 Kbits/sec  4.385 ms  0/87 (0%)  
[  8]  33.00-34.00  sec   126 KBytes  1.03 Mbits/sec  2.969 ms  0/92 (0%)  
[  8]  34.00-35.00  sec   122 KBytes   997 Kbits/sec  2.603 ms  0/89 (0%)  
[  8]  35.00-36.00  sec   119 KBytes   974 Kbits/sec  2.760 ms  1/88 (1.1%)  
[  8]  36.00-37.00  sec   123 KBytes  1.01 Mbits/sec  2.349 ms  0/90 (0%)  
[  8]  37.00-38.00  sec   122 KBytes   996 Kbits/sec  2.536 ms  1/90 (1.1%)  
[  8]  38.00-39.00  sec   122 KBytes   999 Kbits/sec  1.263 ms  0/89 (0%)  
[  8]  39.00-40.00  sec   122 KBytes   997 Kbits/sec  1.548 ms  0/89 (0%)  
[  8]  40.00-41.00  sec   122 KBytes   997 Kbits/sec  3.078 ms  0/89 (0%)  
[  8]  41.00-42.00  sec   123 KBytes  1.01 Mbits/sec  1.695 ms  0/90 (0%)  
[  8]  42.00-43.00  sec   122 KBytes   998 Kbits/sec  2.136 ms  0/89 (0%)  
[  8]  43.00-44.00  sec   122 KBytes   997 Kbits/sec  3.066 ms  0/89 (0%)  
[  8]  44.00-45.00  sec   122 KBytes   997 Kbits/sec  1.629 ms  0/89 (0%)  
[  8]  45.00-46.00  sec   120 KBytes   985 Kbits/sec  3.264 ms  1/89 (1.1%)  
[  8]  46.00-47.00  sec   122 KBytes   994 Kbits/sec  3.596 ms  1/90 (1.1%)  
[  8]  47.00-48.00  sec   116 KBytes   956 Kbits/sec  1.994 ms  4/89 (4.5%)  
[  8]  48.00-49.00  sec   123 KBytes  1.01 Mbits/sec  1.571 ms  0/90 (0%)  
[  8]  49.00-50.00  sec   122 KBytes   997 Kbits/sec  2.850 ms  0/89 (0%)  
[  8]  50.00-51.00  sec   120 KBytes   986 Kbits/sec  4.053 ms  1/89 (1.1%)  
[  8]  51.00-52.00  sec   118 KBytes   963 Kbits/sec  2.986 ms  3/89 (3.4%)  
[  8]  52.00-53.00  sec   123 KBytes  1.01 Mbits/sec  3.046 ms  0/90 (0%)  
[  8]  53.00-54.00  sec   122 KBytes   997 Kbits/sec  2.565 ms  0/89 (0%)  
[  8]  54.00-55.00  sec   122 KBytes   997 Kbits/sec  2.085 ms  0/89 (0%)  
[  8]  55.00-56.00  sec   123 KBytes  1.01 Mbits/sec  2.413 ms  0/90 (0%)  
[  8]  56.00-57.00  sec   122 KBytes   997 Kbits/sec  2.389 ms  0/89 (0%)  
[  8]  57.00-58.00  sec   122 KBytes   997 Kbits/sec  1.343 ms  0/89 (0%)  
[  8]  58.00-59.00  sec   122 KBytes   997 Kbits/sec  1.708 ms  0/89 (0%)  
[  8]  59.00-60.00  sec   123 KBytes  1.01 Mbits/sec  2.713 ms  0/90 (0%)  
[  8]  60.00-60.01  sec  1.37 KBytes   971 Kbits/sec  2.849 ms  0/1 (0%)  
- - - - - - - - - - - - - - - - - - - - - - - - -
[ ID] Interval           Transfer     Bitrate         Jitter    Lost/Total Datagrams
[  8]   0.00-60.01  sec  7.11 MBytes   995 Kbits/sec  2.849 ms  29/5358 (0.54%)  receiver
