-----------------------------------------------------------
Server listening on 5201 (test #1)
-----------------------------------------------------------
Accepted connection from 10.0.0.1, port 41044
[  8] local 10.0.0.65 port 5201 connected to 10.0.0.1 port 48109
[ ID] Interval           Transfer     Bitrate         Jitter    Lost/Total Datagrams
[  8]   0.00-1.00   sec  2.28 MBytes  19.1 Mbits/sec  0.813 ms  65/1769 (3.7%)  
[  8]   1.00-2.00   sec  2.37 MBytes  19.9 Mbits/sec  0.488 ms  16/1790 (0.89%)  
[  8]   2.00-3.00   sec  2.28 MBytes  19.1 Mbits/sec  0.767 ms  71/1780 (4%)  
[  8]   3.00-4.00   sec  2.37 MBytes  19.9 Mbits/sec  0.546 ms  12/1787 (0.67%)  
[  8]   4.00-5.00   sec  2.34 MBytes  19.7 Mbits/sec  0.484 ms  20/1776 (1.1%)  
[  8]   5.00-6.00   sec  2.23 MBytes  18.7 Mbits/sec  0.487 ms  66/1735 (3.8%)  
[  8]   6.00-7.00   sec  2.38 MBytes  20.0 Mbits/sec  0.435 ms  65/1851 (3.5%)  
[  8]   7.00-8.00   sec  2.35 MBytes  19.7 Mbits/sec  0.571 ms  23/1782 (1.3%)  
[  8]   8.00-9.00   sec  2.38 MBytes  19.9 Mbits/sec  0.521 ms  4/1784 (0.22%)  
[  8]   9.00-10.00  sec  2.31 MBytes  19.3 Mbits/sec  0.484 ms  65/1792 (3.6%)  
[  8]  10.00-11.00  sec  2.38 MBytes  19.9 Mbits/sec  0.698 ms  0/1780 (0%)  
[  8]  11.00-12.00  sec  2.39 MBytes  20.0 Mbits/sec  0.781 ms  0/1789 (0%)  
[  8]  12.00-13.00  sec  2.38 MBytes  20.0 Mbits/sec  0.700 ms  2/1787 (0.11%)  
[  8]  13.00-14.00  sec  2.37 MBytes  19.9 Mbits/sec  0.789 ms  1/1774 (0.056%)  
[  8]  14.00-15.00  sec  2.40 MBytes  20.2 Mbits/sec  0.512 ms  2/1802 (0.11%)  
[  8]  15.00-16.00  sec  2.36 MBytes  19.8 Mbits/sec  0.687 ms  14/1784 (0.78%)  
[  8]  16.00-17.00  sec  2.37 MBytes  19.9 Mbits/sec  0.559 ms  7/1785 (0.39%)  
[  8]  17.00-18.00  sec  2.35 MBytes  19.8 Mbits/sec  0.603 ms  19/1780 (1.1%)  
[  8]  18.00-19.00  sec  2.32 MBytes  19.5 Mbits/sec  0.705 ms  46/1786 (2.6%)  
[  8]  19.00-20.00  sec  2.32 MBytes  19.4 Mbits/sec  0.504 ms  48/1783 (2.7%)  
[  8]  20.00-21.00  sec  2.34 MBytes  19.6 Mbits/sec  0.755 ms  42/1792 (2.3%)  
[  8]  21.00-22.00  sec  2.36 MBytes  19.8 Mbits/sec  0.670 ms  20/1787 (1.1%)  
[  8]  22.00-23.00  sec  2.32 MBytes  19.5 Mbits/sec  0.640 ms  41/1777 (2.3%)  
[  8]  23.00-24.00  sec  2.33 MBytes  19.5 Mbits/sec  0.543 ms  46/1790 (2.6%)  
[  8]  24.00-25.00  sec  2.38 MBytes  19.9 Mbits/sec  0.475 ms  6/1786 (0.34%)  
[  8]  25.00-26.00  sec  2.35 MBytes  19.7 Mbits/sec  0.583 ms  28/1789 (1.6%)  
[  8]  26.00-27.00  sec  2.37 MBytes  19.9 Mbits/sec  0.696 ms  12/1787 (0.67%)  
[  8]  27.00-28.00  sec  2.37 MBytes  19.9 Mbits/sec  0.608 ms  10/1785 (0.56%)  
[  8]  28.00-29.00  sec  2.33 MBytes  19.5 Mbits/sec  0.297 ms  40/1783 (2.2%)  
[  8]  29.00-30.00  sec  2.38 MBytes  20.0 Mbits/sec  0.623 ms  3/1786 (0.17%)  
[  8]  30.00-31.00  sec  2.38 MBytes  20.0 Mbits/sec  0.729 ms  2/1785 (0.11%)  
[  8]  31.00-32.00  sec  2.36 MBytes  19.8 Mbits/sec  0.613 ms  14/1784 (0.78%)  
[  8]  32.00-33.00  sec  2.38 MBytes  20.0 Mbits/sec  0.629 ms  0/1785 (0%)  
[  8]  33.00-34.00  sec  2.38 MBytes  20.0 Mbits/sec  0.468 ms  7/1789 (0.39%)  
[  8]  34.00-35.00  sec  2.36 MBytes  19.8 Mbits/sec  0.750 ms  21/1787 (1.2%)  
[  8]  35.00-36.00  sec  2.35 MBytes  19.7 Mbits/sec  0.873 ms  11/1774 (0.62%)  
[  8]  36.00-37.00  sec  2.38 MBytes  19.9 Mbits/sec  0.629 ms  16/1797 (0.89%)  
[  8]  37.00-38.00  sec  2.34 MBytes  19.7 Mbits/sec  0.465 ms  28/1784 (1.6%)  
[  8]  38.00-39.00  sec  2.39 MBytes  20.0 Mbits/sec  0.332 ms  0/1787 (0%)  
[  8]  39.00-40.00  sec  2.36 MBytes  19.8 Mbits/sec  0.396 ms  15/1784 (0.84%)  
[  8]  40.00-41.00  sec  2.37 MBytes  19.8 Mbits/sec  0.438 ms  16/1788 (0.89%)  
[  8]  41.00-42.00  sec  2.37 MBytes  19.9 Mbits/sec  0.637 ms  7/1783 (0.39%)  
[  8]  42.00-43.00  sec  2.39 MBytes  20.1 Mbits/sec  0.306 ms  0/1791 (0%)  
[  8]  43.00-44.00  sec  2.37 MBytes  19.9 Mbits/sec  0.918 ms  0/1776 (0%)  
[  8]  44.00-45.00  sec  2.39 MBytes  20.1 Mbits/sec  0.361 ms  0/1793 (0%)  
[  8]  45.00-46.00  sec  2.37 MBytes  19.9 Mbits/sec  0.594 ms  3/1779 (0.17%)  
[  8]  46.00-47.00  sec  2.27 MBytes  19.1 Mbits/sec  0.560 ms  82/1784 (4.6%)  
[  8]  47.00-48.00  sec  2.33 MBytes  19.5 Mbits/sec  0.626 ms  43/1787 (2.4%)  
[  8]  48.00-49.00  sec  2.39 MBytes  20.0 Mbits/sec  0.333 ms  2/1789 (0.11%)  
[  8]  49.00-50.00  sec  2.39 MBytes  20.0 Mbits/sec  0.646 ms  0/1789 (0%)  
[  8]  50.00-51.00  sec  2.33 MBytes  19.6 Mbits/sec  0.739 ms  37/1784 (2.1%)  
[  8]  51.00-52.00  sec  2.32 MBytes  19.4 Mbits/sec  0.653 ms  50/1785 (2.8%)  
[  8]  52.00-53.00  sec  2.38 MBytes  19.9 Mbits/sec  0.557 ms  4/1784 (0.22%)  
[  8]  53.00-54.00  sec  2.37 MBytes  19.9 Mbits/sec  0.749 ms  8/1785 (0.45%)  
[  8]  54.00-55.00  sec  2.38 MBytes  20.0 Mbits/sec  0.622 ms  0/1786 (0%)  
[  8]  55.00-56.00  sec  2.38 MBytes  20.0 Mbits/sec  0.505 ms  4/1790 (0.22%)  
[  8]  56.00-57.00  sec  2.37 MBytes  19.9 Mbits/sec  0.641 ms  9/1786 (0.5%)  
[  8]  57.00-58.00  sec  2.35 MBytes  19.7 Mbits/sec  0.637 ms  20/1778 (1.1%)  
[  8]  58.00-59.00  sec  2.35 MBytes  19.7 Mbits/sec  0.742 ms  30/1791 (1.7%)  
[  8]  59.00-60.00  sec  2.38 MBytes  19.9 Mbits/sec  0.393 ms  1/1782 (0.056%)  
[  8]  60.00-60.01  sec  21.9 KBytes  17.5 Mbits/sec  0.372 ms  0/16 (0%)  
- - - - - - - - - - - - - - - - - - - - - - - - -
[ ID] Interval           Transfer     Bitrate         Jitter    Lost/Total Datagrams
[  8]   0.00-60.01  sec   141 MBytes  19.8 Mbits/sec  0.372 ms  1224/107140 (1.1%)  receiver
