-----------------------------------------------------------
Server listening on 5201 (test #1)
-----------------------------------------------------------
Accepted connection from 10.0.0.17, port 57594
[  8] local 10.0.0.49 port 5201 connected to 10.0.0.17 port 49972
[ ID] Interval           Transfer     Bitrate         Jitter    Lost/Total Datagrams
[  8]   0.00-1.00   sec  2.06 MBytes  17.3 Mbits/sec  0.443 ms  225/1771 (13%)  
[  8]   1.00-2.00   sec  2.38 MBytes  20.0 Mbits/sec  0.318 ms  12/1796 (0.67%)  
[  8]   2.00-3.00   sec  2.37 MBytes  19.8 Mbits/sec  0.352 ms  6/1779 (0.34%)  
[  8]   3.00-4.00   sec  2.35 MBytes  19.7 Mbits/sec  0.250 ms  33/1790 (1.8%)  
[  8]   4.00-5.00   sec  2.36 MBytes  19.8 Mbits/sec  0.520 ms  20/1788 (1.1%)  
[  8]   5.00-6.00   sec  2.38 MBytes  20.0 Mbits/sec  0.693 ms  2/1784 (0.11%)  
[  8]   6.00-7.00   sec  2.38 MBytes  20.0 Mbits/sec  0.503 ms  6/1787 (0.34%)  
[  8]   7.00-8.00   sec  2.38 MBytes  20.0 Mbits/sec  0.622 ms  1/1784 (0.056%)  
[  8]   8.00-9.00   sec  2.38 MBytes  20.0 Mbits/sec  0.738 ms  0/1784 (0%)  
[  8]   9.00-10.00  sec  2.38 MBytes  20.0 Mbits/sec  0.260 ms  0/1784 (0%)  
[  8]  10.00-11.00  sec  2.33 MBytes  19.6 Mbits/sec  0.433 ms  5/1750 (0.29%)  
[  8]  11.00-12.00  sec  2.43 MBytes  20.4 Mbits/sec  0.320 ms  0/1823 (0%)  
[  8]  12.00-13.00  sec  2.37 MBytes  19.9 Mbits/sec  0.242 ms  1/1779 (0.056%)  
[  8]  13.00-14.00  sec  2.38 MBytes  20.0 Mbits/sec  0.150 ms  4/1790 (0.22%)  
[  8]  14.00-15.00  sec  2.36 MBytes  19.8 Mbits/sec  0.133 ms  20/1790 (1.1%)  
[  8]  15.00-16.00  sec  2.38 MBytes  20.0 Mbits/sec  0.514 ms  1/1786 (0.056%)  
[  8]  16.00-17.00  sec  2.36 MBytes  19.8 Mbits/sec  0.595 ms  20/1787 (1.1%)  
[  8]  17.00-18.00  sec  2.38 MBytes  19.9 Mbits/sec  0.307 ms  0/1781 (0%)  
[  8]  18.00-19.00  sec  1.82 MBytes  15.2 Mbits/sec  0.556 ms  150/1510 (9.9%)  
[  8]  19.00-20.00  sec  1.57 MBytes  13.1 Mbits/sec  1.077 ms  609/1782 (34%)  
[  8]  20.00-21.00  sec  1.29 MBytes  10.8 Mbits/sec  1.438 ms  690/1658 (42%)  
[  8]  21.00-22.00  sec  1.36 MBytes  11.4 Mbits/sec  0.700 ms  836/1852 (45%)  
[  8]  22.00-23.00  sec  1.12 MBytes  9.36 Mbits/sec  0.991 ms  945/1781 (53%)  
[  8]  23.00-24.00  sec  1.77 MBytes  14.9 Mbits/sec  0.534 ms  539/1867 (29%)  
[  8]  24.00-25.00  sec  2.41 MBytes  20.2 Mbits/sec  0.678 ms  239/2043 (12%)  
[  8]  25.00-26.00  sec  2.32 MBytes  19.5 Mbits/sec  0.561 ms  20/1760 (1.1%)  
[  8]  26.00-27.00  sec  2.27 MBytes  19.1 Mbits/sec  0.779 ms  108/1809 (6%)  
[  8]  27.00-28.00  sec  2.39 MBytes  20.0 Mbits/sec  0.569 ms  2/1795 (0.11%)  
[  8]  28.00-29.00  sec  2.39 MBytes  20.1 Mbits/sec  0.516 ms  0/1787 (0%)  
[  8]  29.00-30.00  sec  2.31 MBytes  19.4 Mbits/sec  0.817 ms  36/1768 (2%)  
[  8]  30.00-31.00  sec  2.39 MBytes  20.0 Mbits/sec  0.602 ms  15/1803 (0.83%)  
[  8]  31.00-32.00  sec  2.38 MBytes  19.9 Mbits/sec  0.583 ms  10/1790 (0.56%)  
[  8]  32.00-33.00  sec  2.34 MBytes  19.6 Mbits/sec  0.564 ms  35/1784 (2%)  
[  8]  33.00-34.00  sec  2.35 MBytes  19.7 Mbits/sec  0.745 ms  21/1784 (1.2%)  
[  8]  34.00-35.00  sec  2.34 MBytes  19.6 Mbits/sec  0.384 ms  33/1786 (1.8%)  
[  8]  35.00-36.00  sec  2.35 MBytes  19.7 Mbits/sec  0.441 ms  14/1773 (0.79%)  
[  8]  36.00-37.00  sec  2.30 MBytes  19.3 Mbits/sec  0.634 ms  76/1802 (4.2%)  
[  8]  37.00-38.00  sec  2.29 MBytes  19.3 Mbits/sec  0.817 ms  47/1765 (2.7%)  
[  8]  38.00-39.00  sec  2.36 MBytes  19.8 Mbits/sec  0.386 ms  34/1803 (1.9%)  
[  8]  39.00-40.00  sec  2.32 MBytes  19.5 Mbits/sec  0.530 ms  2/1739 (0.12%)  
[  8]  40.00-41.00  sec  2.09 MBytes  17.6 Mbits/sec  0.838 ms  179/1748 (10%)  
[  8]  41.00-42.00  sec  2.41 MBytes  20.2 Mbits/sec  0.482 ms  58/1866 (3.1%)  
[  8]  42.00-43.00  sec  2.27 MBytes  19.0 Mbits/sec  0.539 ms  90/1789 (5%)  
[  8]  43.00-44.00  sec  2.35 MBytes  19.7 Mbits/sec  0.496 ms  27/1786 (1.5%)  
[  8]  44.00-45.00  sec  2.35 MBytes  19.7 Mbits/sec  0.535 ms  27/1790 (1.5%)  
[  8]  45.00-46.00  sec  2.32 MBytes  19.5 Mbits/sec  0.422 ms  49/1787 (2.7%)  
[  8]  46.00-47.00  sec  2.37 MBytes  19.9 Mbits/sec  0.668 ms  3/1780 (0.17%)  
[  8]  47.00-48.00  sec  2.36 MBytes  19.8 Mbits/sec  0.488 ms  21/1788 (1.2%)  
[  8]  48.00-49.00  sec  2.37 MBytes  19.9 Mbits/sec  0.366 ms  7/1784 (0.39%)  
[  8]  49.00-50.00  sec  2.39 MBytes  20.0 Mbits/sec  0.597 ms  0/1787 (0%)  
[  8]  50.00-51.00  sec  2.36 MBytes  19.8 Mbits/sec  0.744 ms  7/1778 (0.39%)  
[  8]  51.00-52.00  sec  2.39 MBytes  20.1 Mbits/sec  0.707 ms  4/1796 (0.22%)  
[  8]  52.00-53.00  sec  2.35 MBytes  19.7 Mbits/sec  0.596 ms  14/1774 (0.79%)  
[  8]  53.00-54.00  sec  2.35 MBytes  19.7 Mbits/sec  0.780 ms  34/1791 (1.9%)  
[  8]  54.00-55.00  sec  2.32 MBytes  19.4 Mbits/sec  0.445 ms  57/1791 (3.2%)  
[  8]  55.00-56.00  sec  1.96 MBytes  16.4 Mbits/sec  0.518 ms  289/1754 (16%)  
[  8]  56.00-57.00  sec  2.42 MBytes  20.3 Mbits/sec  0.468 ms  3/1814 (0.17%)  
[  8]  57.00-58.00  sec  2.38 MBytes  20.0 Mbits/sec  0.444 ms  3/1789 (0.17%)  
[  8]  58.00-59.00  sec  2.37 MBytes  19.9 Mbits/sec  0.519 ms  6/1784 (0.34%)  
[  8]  59.00-60.00  sec  2.15 MBytes  18.0 Mbits/sec  1.126 ms  3/1613 (0.19%)  
[  8]  60.00-61.00  sec  2.60 MBytes  21.9 Mbits/sec  0.360 ms  13/1961 (0.66%)  
[  8]  61.00-62.00  sec  2.28 MBytes  19.1 Mbits/sec  0.902 ms  4/1713 (0.23%)  
[  8]  62.00-63.00  sec  2.45 MBytes  20.6 Mbits/sec  0.544 ms  14/1846 (0.76%)  
[  8]  63.00-64.00  sec  2.34 MBytes  19.6 Mbits/sec  0.504 ms  48/1798 (2.7%)  
[  8]  64.00-65.00  sec  2.38 MBytes  19.9 Mbits/sec  0.642 ms  5/1784 (0.28%)  
[  8]  65.00-66.00  sec  2.38 MBytes  19.9 Mbits/sec  0.575 ms  8/1788 (0.45%)  
[  8]  66.00-67.00  sec  2.17 MBytes  18.2 Mbits/sec  0.690 ms  138/1765 (7.8%)  
[  8]  67.00-68.00  sec  2.10 MBytes  17.7 Mbits/sec  0.675 ms  223/1799 (12%)  
[  8]  68.00-69.00  sec  2.33 MBytes  19.5 Mbits/sec  0.617 ms  45/1790 (2.5%)  
[  8]  69.00-70.00  sec  2.35 MBytes  19.7 Mbits/sec  0.289 ms  26/1785 (1.5%)  
[  8]  70.00-71.00  sec  2.27 MBytes  19.1 Mbits/sec  0.768 ms  79/1781 (4.4%)  
[  8]  71.00-72.00  sec  1.92 MBytes  16.1 Mbits/sec  0.504 ms  351/1792 (20%)  
[  8]  72.00-73.00  sec  2.37 MBytes  19.9 Mbits/sec  0.624 ms  8/1786 (0.45%)  
[  8]  73.00-74.00  sec  2.32 MBytes  19.5 Mbits/sec  1.148 ms  17/1756 (0.97%)  
[  8]  74.00-75.00  sec  2.35 MBytes  19.7 Mbits/sec  0.645 ms  49/1806 (2.7%)  
[  8]  75.00-76.00  sec  2.33 MBytes  19.6 Mbits/sec  0.602 ms  49/1795 (2.7%)  
[  8]  76.00-77.00  sec  2.34 MBytes  19.6 Mbits/sec  0.751 ms  27/1779 (1.5%)  
[  8]  77.00-78.00  sec  2.26 MBytes  19.0 Mbits/sec  0.800 ms  96/1790 (5.4%)  
[  8]  78.00-79.00  sec  2.36 MBytes  19.8 Mbits/sec  0.891 ms  16/1785 (0.9%)  
[  8]  79.00-80.00  sec  2.28 MBytes  19.2 Mbits/sec  0.779 ms  24/1735 (1.4%)  
[  8]  80.00-81.00  sec  2.28 MBytes  19.1 Mbits/sec  0.898 ms  90/1797 (5%)  
[  8]  81.00-82.00  sec  2.29 MBytes  19.2 Mbits/sec  0.671 ms  106/1824 (5.8%)  
[  8]  82.00-83.00  sec  2.35 MBytes  19.7 Mbits/sec  0.733 ms  23/1786 (1.3%)  
[  8]  83.00-84.00  sec  1.79 MBytes  15.0 Mbits/sec  0.754 ms  311/1648 (19%)  
[  8]  84.00-85.00  sec  2.05 MBytes  17.2 Mbits/sec  0.843 ms  290/1826 (16%)  
[  8]  85.00-86.00  sec  1.37 MBytes  11.5 Mbits/sec  1.153 ms  598/1623 (37%)  
[  8]  86.00-87.00  sec  2.35 MBytes  19.7 Mbits/sec  0.570 ms  280/2042 (14%)  
[  8]  87.00-88.00  sec  2.36 MBytes  19.8 Mbits/sec  0.807 ms  3/1770 (0.17%)  
[  8]  88.00-89.00  sec  1.25 MBytes  10.5 Mbits/sec  0.946 ms  449/1388 (32%)  
[  8]  89.00-90.00  sec  1.76 MBytes  14.8 Mbits/sec  0.403 ms  532/1850 (29%)  
[  8]  90.00-91.00  sec  1.67 MBytes  14.0 Mbits/sec  1.130 ms  489/1741 (28%)  
[  8]  91.00-92.00  sec  1.11 MBytes  9.36 Mbits/sec  1.535 ms  991/1825 (54%)  
[  8]  92.00-93.00  sec   699 KBytes  5.72 Mbits/sec  1.616 ms  1147/1658 (69%)  
[  8]  93.00-94.00  sec  1.52 MBytes  12.8 Mbits/sec  1.000 ms  824/1965 (42%)  
[  8]  94.00-95.00  sec  1.75 MBytes  14.7 Mbits/sec  0.777 ms  776/2087 (37%)  
[  8]  95.00-96.00  sec  2.39 MBytes  20.1 Mbits/sec  0.503 ms  2/1793 (0.11%)  
[  8]  96.00-97.00  sec  2.38 MBytes  20.0 Mbits/sec  0.626 ms  0/1782 (0%)  
[  8]  97.00-98.00  sec  2.38 MBytes  20.0 Mbits/sec  0.519 ms  7/1791 (0.39%)  
[  8]  98.00-99.00  sec  2.37 MBytes  19.9 Mbits/sec  0.680 ms  1/1777 (0.056%)  
[  8]  99.00-100.00 sec  2.38 MBytes  20.0 Mbits/sec  0.569 ms  6/1791 (0.34%)  
[  8] 100.00-101.00 sec  2.34 MBytes  19.6 Mbits/sec  0.930 ms  10/1763 (0.57%)  
[  8] 101.00-102.00 sec  2.40 MBytes  20.2 Mbits/sec  0.659 ms  12/1812 (0.66%)  
[  8] 102.00-103.00 sec  2.37 MBytes  19.9 Mbits/sec  0.825 ms  9/1782 (0.51%)  
[  8] 103.00-104.00 sec  2.39 MBytes  20.0 Mbits/sec  0.610 ms  3/1792 (0.17%)  
[  8] 104.00-105.00 sec  2.37 MBytes  19.8 Mbits/sec  0.629 ms  8/1780 (0.45%)  
[  8] 105.00-106.00 sec  2.39 MBytes  20.0 Mbits/sec  0.511 ms  1/1789 (0.056%)  
[  8] 106.00-107.00 sec  2.38 MBytes  19.9 Mbits/sec  0.579 ms  9/1789 (0.5%)  
[  8] 107.00-108.00 sec  2.38 MBytes  20.0 Mbits/sec  0.533 ms  0/1783 (0%)  
[  8] 108.00-109.00 sec  2.37 MBytes  19.9 Mbits/sec  0.764 ms  8/1783 (0.45%)  
[  8] 109.00-110.00 sec  2.07 MBytes  17.4 Mbits/sec  1.231 ms  2/1552 (0.13%)  
[  8] 110.00-111.00 sec  1.38 MBytes  11.6 Mbits/sec  0.921 ms  629/1665 (38%)  
[  8] 111.00-112.00 sec   729 KBytes  5.99 Mbits/sec  1.411 ms  1050/1583 (66%)  
[  8] 112.00-113.00 sec  1.18 MBytes  9.87 Mbits/sec  1.007 ms  1100/1982 (55%)  
[  8] 113.00-114.00 sec  2.28 MBytes  19.1 Mbits/sec  0.651 ms  438/2148 (20%)  
[  8] 114.00-115.00 sec  2.38 MBytes  20.0 Mbits/sec  0.573 ms  0/1785 (0%)  
[  8] 115.00-116.00 sec  2.38 MBytes  20.0 Mbits/sec  0.628 ms  1/1784 (0.056%)  
[  8] 116.00-117.00 sec  2.20 MBytes  18.4 Mbits/sec  0.802 ms  17/1663 (1%)  
[  8] 117.00-118.00 sec  2.30 MBytes  19.3 Mbits/sec  0.895 ms  9/1733 (0.52%)  
[  8] 118.00-119.00 sec  2.01 MBytes  16.8 Mbits/sec  0.928 ms  153/1657 (9.2%)  
[  8] 119.00-120.00 sec  2.58 MBytes  21.7 Mbits/sec  0.829 ms  123/2058 (6%)  
[  8] 120.00-121.00 sec  2.26 MBytes  19.0 Mbits/sec  0.751 ms  28/1723 (1.6%)  
[  8] 121.00-122.00 sec  2.45 MBytes  20.6 Mbits/sec  0.584 ms  48/1885 (2.5%)  
[  8] 122.00-123.00 sec  2.38 MBytes  20.0 Mbits/sec  0.671 ms  0/1783 (0%)  
[  8] 123.00-124.00 sec  2.38 MBytes  19.9 Mbits/sec  0.637 ms  8/1787 (0.45%)  
[  8] 124.00-125.00 sec  2.38 MBytes  20.0 Mbits/sec  0.421 ms  0/1786 (0%)  
[  8] 125.00-126.00 sec  2.22 MBytes  18.6 Mbits/sec  0.831 ms  8/1667 (0.48%)  
[  8] 126.00-127.00 sec  1.93 MBytes  16.2 Mbits/sec  1.111 ms  329/1777 (19%)  
[  8] 127.00-128.00 sec  2.15 MBytes  18.1 Mbits/sec  0.339 ms  298/1910 (16%)  
[  8] 128.00-129.00 sec  2.35 MBytes  19.7 Mbits/sec  0.676 ms  11/1773 (0.62%)  
[  8] 129.00-130.00 sec  2.39 MBytes  20.0 Mbits/sec  0.770 ms  2/1791 (0.11%)  
[  8] 130.00-131.00 sec  2.33 MBytes  19.6 Mbits/sec  0.781 ms  15/1763 (0.85%)  
[  8] 131.00-132.00 sec  2.14 MBytes  18.0 Mbits/sec  0.460 ms  165/1771 (9.3%)  
[  8] 132.00-133.00 sec  2.21 MBytes  18.5 Mbits/sec  0.715 ms  114/1768 (6.4%)  
[  8] 133.00-134.00 sec  1.87 MBytes  15.7 Mbits/sec  0.608 ms  444/1847 (24%)  
[  8] 134.00-135.00 sec  2.19 MBytes  18.4 Mbits/sec  0.487 ms  152/1792 (8.5%)  
[  8] 135.00-136.00 sec  1.95 MBytes  16.3 Mbits/sec  0.540 ms  322/1781 (18%)  
[  8] 136.00-137.00 sec  2.26 MBytes  19.0 Mbits/sec  1.064 ms  63/1757 (3.6%)  
[  8] 137.00-138.00 sec  2.31 MBytes  19.3 Mbits/sec  0.187 ms  94/1821 (5.2%)  
[  8] 138.00-139.00 sec  2.03 MBytes  17.1 Mbits/sec  0.824 ms  230/1752 (13%)  
[  8] 139.00-140.00 sec  2.35 MBytes  19.7 Mbits/sec  0.580 ms  56/1814 (3.1%)  
[  8] 140.00-141.01 sec  1.70 MBytes  14.1 Mbits/sec  0.926 ms  289/1559 (19%)  
[  8] 141.01-142.00 sec  2.37 MBytes  20.0 Mbits/sec  0.702 ms  171/1944 (8.8%)  
[  8] 142.00-143.00 sec  2.34 MBytes  19.6 Mbits/sec  0.648 ms  107/1859 (5.8%)  
[  8] 143.00-144.00 sec  2.37 MBytes  19.9 Mbits/sec  0.586 ms  7/1782 (0.39%)  
[  8] 144.00-145.00 sec  2.38 MBytes  20.0 Mbits/sec  0.494 ms  2/1784 (0.11%)  
[  8] 145.00-146.00 sec  2.32 MBytes  19.5 Mbits/sec  0.348 ms  38/1776 (2.1%)  
[  8] 146.00-147.00 sec  2.38 MBytes  20.0 Mbits/sec  0.576 ms  12/1795 (0.67%)  
[  8] 147.00-148.00 sec  2.36 MBytes  19.8 Mbits/sec  0.218 ms  10/1778 (0.56%)  
[  8] 148.00-149.00 sec  2.30 MBytes  19.3 Mbits/sec  0.337 ms  69/1795 (3.8%)  
[  8] 149.00-150.00 sec  2.33 MBytes  19.6 Mbits/sec  0.308 ms  40/1787 (2.2%)  
[  8] 150.00-151.00 sec  2.12 MBytes  17.8 Mbits/sec  2.001 ms  115/1706 (6.7%)  
[  8] 151.00-152.00 sec  1.92 MBytes  16.1 Mbits/sec  0.416 ms  417/1857 (22%)  
[  8] 152.00-153.00 sec  2.16 MBytes  18.1 Mbits/sec  0.214 ms  158/1777 (8.9%)  
[  8] 153.00-154.00 sec  1.89 MBytes  15.9 Mbits/sec  0.859 ms  230/1648 (14%)  
[  8] 154.00-155.00 sec  1.83 MBytes  15.3 Mbits/sec  0.447 ms  566/1937 (29%)  
[  8] 155.00-156.00 sec  2.26 MBytes  19.0 Mbits/sec  1.009 ms  92/1781 (5.2%)  
[  8] 156.00-157.00 sec  2.24 MBytes  18.8 Mbits/sec  0.347 ms  44/1722 (2.6%)  
[  8] 157.00-158.00 sec  2.36 MBytes  19.8 Mbits/sec  0.732 ms  69/1836 (3.8%)  
[  8] 158.00-159.00 sec  2.14 MBytes  18.0 Mbits/sec  2.060 ms  141/1746 (8.1%)  
[  8] 159.00-160.00 sec  2.13 MBytes  17.8 Mbits/sec  0.165 ms  245/1837 (13%)  
[  8] 160.00-161.01 sec  2.26 MBytes  18.8 Mbits/sec  0.859 ms  105/1795 (5.8%)  
[  8] 161.01-162.00 sec  2.36 MBytes  19.9 Mbits/sec  0.392 ms  23/1787 (1.3%)  
[  8] 162.00-163.00 sec  2.34 MBytes  19.7 Mbits/sec  0.429 ms  27/1782 (1.5%)  
[  8] 163.00-164.00 sec  2.39 MBytes  20.0 Mbits/sec  0.548 ms  0/1789 (0%)  
[  8] 164.00-165.00 sec  2.37 MBytes  19.8 Mbits/sec  0.470 ms  10/1782 (0.56%)  
[  8] 165.00-166.00 sec  2.38 MBytes  20.0 Mbits/sec  0.669 ms  0/1784 (0%)  
[  8] 166.00-167.00 sec  2.26 MBytes  19.0 Mbits/sec  0.172 ms  96/1790 (5.4%)  
[  8] 167.00-168.00 sec  2.32 MBytes  19.5 Mbits/sec  0.573 ms  42/1782 (2.4%)  
[  8] 168.00-169.00 sec  2.33 MBytes  19.6 Mbits/sec  0.608 ms  41/1788 (2.3%)  
[  8] 169.00-170.00 sec  2.34 MBytes  19.7 Mbits/sec  0.764 ms  24/1780 (1.3%)  
[  8] 170.00-171.00 sec  2.08 MBytes  17.5 Mbits/sec  1.110 ms  159/1720 (9.2%)  
[  8] 171.00-172.00 sec  1.32 MBytes  11.0 Mbits/sec  0.981 ms  662/1647 (40%)  
[  8] 172.00-173.00 sec  1.58 MBytes  13.3 Mbits/sec  0.684 ms  703/1889 (37%)  
[  8] 173.00-174.00 sec  2.32 MBytes  19.4 Mbits/sec  0.394 ms  144/1879 (7.7%)  
[  8] 174.00-175.00 sec  2.34 MBytes  19.6 Mbits/sec  0.534 ms  45/1795 (2.5%)  
[  8] 175.00-176.00 sec  2.03 MBytes  17.1 Mbits/sec  0.365 ms  251/1775 (14%)  
[  8] 176.00-177.00 sec  2.39 MBytes  20.1 Mbits/sec  0.374 ms  6/1799 (0.33%)  
[  8] 177.00-178.00 sec  2.24 MBytes  18.7 Mbits/sec  0.395 ms  120/1794 (6.7%)  
[  8] 178.00-179.00 sec  2.33 MBytes  19.6 Mbits/sec  0.348 ms  27/1775 (1.5%)  
[  8] 179.00-180.00 sec  1.68 MBytes  14.1 Mbits/sec  0.459 ms  494/1756 (28%)  
[  8] 180.00-181.00 sec  1.88 MBytes  15.8 Mbits/sec  0.754 ms  337/1744 (19%)  
[  8] 181.00-182.00 sec  1.36 MBytes  11.4 Mbits/sec  1.271 ms  509/1526 (33%)  
[  8] 182.00-183.00 sec  1.50 MBytes  12.6 Mbits/sec  0.577 ms  852/1979 (43%)  
[  8] 183.00-184.00 sec  2.40 MBytes  20.2 Mbits/sec  0.518 ms  126/1926 (6.5%)  
[  8] 184.00-185.00 sec  2.37 MBytes  19.9 Mbits/sec  0.555 ms  15/1790 (0.84%)  
[  8] 185.00-186.00 sec  2.10 MBytes  17.6 Mbits/sec  0.880 ms  107/1681 (6.4%)  
[  8] 186.00-187.00 sec  2.45 MBytes  20.5 Mbits/sec  0.635 ms  53/1885 (2.8%)  
[  8] 187.00-188.00 sec  2.07 MBytes  17.4 Mbits/sec  1.353 ms  29/1579 (1.8%)  
[  8] 188.00-189.00 sec  2.34 MBytes  19.6 Mbits/sec  0.730 ms  239/1991 (12%)  
[  8] 189.00-190.00 sec  2.28 MBytes  19.1 Mbits/sec  0.443 ms  87/1793 (4.9%)  
[  8] 190.00-191.00 sec  2.38 MBytes  19.9 Mbits/sec  0.673 ms  6/1786 (0.34%)  
[  8] 191.00-192.00 sec  2.32 MBytes  19.5 Mbits/sec  0.404 ms  15/1756 (0.85%)  
[  8] 192.00-193.00 sec  2.27 MBytes  19.0 Mbits/sec  0.749 ms  107/1804 (5.9%)  
[  8] 193.00-194.00 sec  2.33 MBytes  19.6 Mbits/sec  0.546 ms  47/1795 (2.6%)  
[  8] 194.00-195.00 sec  2.38 MBytes  20.0 Mbits/sec  0.154 ms  6/1789 (0.34%)  
[  8] 195.00-196.00 sec  2.35 MBytes  19.7 Mbits/sec  0.550 ms  19/1782 (1.1%)  
[  8] 196.00-197.00 sec  2.24 MBytes  18.8 Mbits/sec  0.489 ms  7/1685 (0.42%)  
[  8] 197.00-198.00 sec  1.34 MBytes  11.2 Mbits/sec  1.855 ms  479/1482 (32%)  
[  8] 198.00-199.00 sec  1.19 MBytes  9.95 Mbits/sec  0.305 ms  943/1832 (51%)  
[  8] 199.00-200.00 sec  2.23 MBytes  18.7 Mbits/sec  0.481 ms  256/1925 (13%)  
[  8] 200.00-201.00 sec  2.61 MBytes  21.9 Mbits/sec  0.600 ms  46/1999 (2.3%)  
[  8] 201.00-202.00 sec  2.25 MBytes  18.8 Mbits/sec  0.885 ms  11/1693 (0.65%)  
[  8] 202.00-203.00 sec  2.45 MBytes  20.5 Mbits/sec  0.393 ms  52/1884 (2.8%)  
[  8] 203.00-204.00 sec  2.31 MBytes  19.3 Mbits/sec  0.815 ms  41/1770 (2.3%)  
[  8] 204.00-205.00 sec  2.28 MBytes  19.2 Mbits/sec  0.674 ms  94/1803 (5.2%)  
[  8] 205.00-206.00 sec  2.14 MBytes  18.0 Mbits/sec  1.326 ms  122/1726 (7.1%)  
[  8] 206.00-207.00 sec  1.73 MBytes  14.5 Mbits/sec  0.763 ms  541/1838 (29%)  
[  8] 207.00-208.00 sec  2.19 MBytes  18.5 Mbits/sec  0.816 ms  62/1706 (3.6%)  
[  8] 208.00-209.00 sec  2.26 MBytes  18.9 Mbits/sec  1.075 ms  179/1868 (9.6%)  
[  8] 209.00-210.00 sec  1.58 MBytes  13.3 Mbits/sec  1.041 ms  421/1604 (26%)  
[  8] 210.00-211.01 sec  2.07 MBytes  17.3 Mbits/sec  1.815 ms  404/1955 (21%)  
[  8] 211.01-212.00 sec  1.61 MBytes  13.6 Mbits/sec  0.856 ms  472/1677 (28%)  
[  8] 212.00-213.00 sec  1.58 MBytes  13.3 Mbits/sec  1.363 ms  348/1532 (23%)  
[  8] 213.00-214.00 sec  1.68 MBytes  14.1 Mbits/sec  0.820 ms  906/2166 (42%)  
[  8] 214.00-215.00 sec  2.30 MBytes  19.3 Mbits/sec  0.551 ms  61/1784 (3.4%)  
[  8] 215.00-216.00 sec  2.09 MBytes  17.5 Mbits/sec  1.034 ms  94/1659 (5.7%)  
[  8] 216.00-217.00 sec  2.30 MBytes  19.3 Mbits/sec  0.740 ms  111/1832 (6.1%)  
[  8] 217.00-218.00 sec  2.34 MBytes  19.6 Mbits/sec  0.753 ms  64/1816 (3.5%)  
[  8] 218.00-219.00 sec  2.17 MBytes  18.2 Mbits/sec  1.034 ms  134/1761 (7.6%)  
[  8] 219.00-220.00 sec  1.77 MBytes  14.8 Mbits/sec  0.728 ms  514/1837 (28%)  
[  8] 220.00-221.00 sec  2.15 MBytes  18.1 Mbits/sec  0.770 ms  63/1677 (3.8%)  
[  8] 221.00-222.00 sec  2.20 MBytes  18.4 Mbits/sec  0.409 ms  185/1831 (10%)  
[  8] 222.00-223.00 sec  2.38 MBytes  20.0 Mbits/sec  0.545 ms  94/1876 (5%)  
[  8] 223.00-224.00 sec  2.23 MBytes  18.7 Mbits/sec  0.615 ms  112/1784 (6.3%)  
[  8] 224.00-225.00 sec  2.36 MBytes  19.8 Mbits/sec  0.364 ms  16/1785 (0.9%)  
[  8] 225.00-226.00 sec  2.35 MBytes  19.7 Mbits/sec  0.647 ms  8/1769 (0.45%)  
[  8] 226.00-227.00 sec  2.37 MBytes  19.9 Mbits/sec  0.163 ms  25/1802 (1.4%)  
[  8] 227.00-228.00 sec  2.25 MBytes  18.9 Mbits/sec  0.901 ms  56/1739 (3.2%)  
[  8] 228.00-229.00 sec  2.14 MBytes  17.9 Mbits/sec  0.246 ms  223/1825 (12%)  
[  8] 229.00-230.00 sec  2.37 MBytes  19.9 Mbits/sec  0.338 ms  12/1787 (0.67%)  
[  8] 230.00-231.00 sec  2.31 MBytes  19.4 Mbits/sec  0.375 ms  47/1776 (2.6%)  
[  8] 231.00-232.00 sec  2.04 MBytes  17.1 Mbits/sec  0.625 ms  264/1789 (15%)  
[  8] 232.00-233.00 sec  1.69 MBytes  14.2 Mbits/sec  0.681 ms  416/1682 (25%)  
[  8] 233.00-234.00 sec  1.72 MBytes  14.4 Mbits/sec  0.689 ms  604/1891 (32%)  
[  8] 234.00-235.00 sec  1.76 MBytes  14.8 Mbits/sec  1.109 ms  324/1643 (20%)  
[  8] 235.00-236.00 sec  1.27 MBytes  10.6 Mbits/sec  2.186 ms  597/1546 (39%)  
[  8] 236.00-237.00 sec  1012 KBytes  8.29 Mbits/sec  1.012 ms  1102/1842 (60%)  
[  8] 237.00-238.00 sec  2.05 MBytes  17.2 Mbits/sec  0.674 ms  535/2067 (26%)  
[  8] 238.00-239.00 sec  2.07 MBytes  17.3 Mbits/sec  1.058 ms  247/1796 (14%)  
[  8] 239.00-240.00 sec  2.19 MBytes  18.4 Mbits/sec  0.970 ms  166/1808 (9.2%)  
[  8] 240.00-241.00 sec  2.12 MBytes  17.8 Mbits/sec  0.851 ms  218/1806 (12%)  
[  8] 241.00-242.00 sec  2.32 MBytes  19.5 Mbits/sec  0.778 ms  45/1783 (2.5%)  
[  8] 242.00-243.00 sec  2.09 MBytes  17.5 Mbits/sec  0.734 ms  230/1793 (13%)  
[  8] 243.00-244.00 sec  2.28 MBytes  19.2 Mbits/sec  0.630 ms  76/1786 (4.3%)  
[  8] 244.00-245.00 sec  2.34 MBytes  19.6 Mbits/sec  0.714 ms  19/1771 (1.1%)  
[  8] 245.00-246.00 sec  1.82 MBytes  15.3 Mbits/sec  0.941 ms  165/1531 (11%)  
[  8] 246.00-247.00 sec  2.33 MBytes  19.5 Mbits/sec  1.221 ms  275/2017 (14%)  
[  8] 247.00-248.00 sec  1.51 MBytes  12.7 Mbits/sec  2.021 ms  250/1382 (18%)  
[  8] 248.00-249.00 sec  1.76 MBytes  14.8 Mbits/sec  1.155 ms  318/1638 (19%)  
[  8] 249.00-250.00 sec  1.43 MBytes  12.0 Mbits/sec  0.954 ms  830/1902 (44%)  
[  8] 250.00-251.00 sec  2.44 MBytes  20.5 Mbits/sec  0.541 ms  414/2243 (18%)  
[  8] 251.00-252.00 sec  1.69 MBytes  14.1 Mbits/sec  0.315 ms  273/1536 (18%)  
[  8] 252.00-253.00 sec  1.94 MBytes  16.3 Mbits/sec  0.517 ms  325/1777 (18%)  
[  8] 253.00-254.00 sec  2.57 MBytes  21.6 Mbits/sec  0.605 ms  108/2036 (5.3%)  
[  8] 254.00-255.00 sec  1.73 MBytes  14.5 Mbits/sec  0.748 ms  266/1558 (17%)  
[  8] 255.00-256.00 sec  1.80 MBytes  15.1 Mbits/sec  0.532 ms  247/1594 (15%)  
[  8] 256.00-257.00 sec  1006 KBytes  8.24 Mbits/sec  0.603 ms  1071/1807 (59%)  
[  8] 257.00-258.00 sec  1.64 MBytes  13.7 Mbits/sec  0.637 ms  836/2063 (41%)  
[  8] 258.00-259.00 sec  2.06 MBytes  17.3 Mbits/sec  0.904 ms  118/1661 (7.1%)  
[  8] 259.00-260.00 sec  2.40 MBytes  20.2 Mbits/sec  0.686 ms  252/2051 (12%)  
[  8] 260.00-261.00 sec  2.04 MBytes  17.1 Mbits/sec  0.759 ms  20/1549 (1.3%)  
[  8] 261.00-262.00 sec  1.87 MBytes  15.7 Mbits/sec  0.617 ms  618/2017 (31%)  
[  8] 262.00-263.00 sec  2.38 MBytes  19.9 Mbits/sec  0.505 ms  13/1793 (0.73%)  
[  8] 263.00-264.00 sec  2.38 MBytes  19.9 Mbits/sec  0.574 ms  0/1780 (0%)  
[  8] 264.00-265.00 sec  2.37 MBytes  19.9 Mbits/sec  0.628 ms  11/1783 (0.62%)  
[  8] 265.00-266.00 sec  2.39 MBytes  20.0 Mbits/sec  0.792 ms  1/1791 (0.056%)  
[  8] 266.00-267.00 sec  2.30 MBytes  19.3 Mbits/sec  0.597 ms  28/1748 (1.6%)  
[  8] 267.00-268.00 sec  2.42 MBytes  20.3 Mbits/sec  0.688 ms  6/1820 (0.33%)  
[  8] 268.00-269.00 sec  2.39 MBytes  20.0 Mbits/sec  0.739 ms  1/1790 (0.056%)  
[  8] 269.00-270.00 sec  2.30 MBytes  19.3 Mbits/sec  0.477 ms  62/1785 (3.5%)  
[  8] 270.00-271.00 sec  2.12 MBytes  17.8 Mbits/sec  0.751 ms  74/1662 (4.5%)  
[  8] 271.00-272.00 sec  2.50 MBytes  21.0 Mbits/sec  0.523 ms  42/1913 (2.2%)  
[  8] 272.00-273.00 sec  2.28 MBytes  19.1 Mbits/sec  0.659 ms  79/1785 (4.4%)  
[  8] 273.00-274.00 sec  2.31 MBytes  19.4 Mbits/sec  0.773 ms  52/1785 (2.9%)  
[  8] 274.00-275.00 sec  1.83 MBytes  15.4 Mbits/sec  1.147 ms  393/1762 (22%)  
[  8] 275.00-276.00 sec  2.08 MBytes  17.4 Mbits/sec  0.846 ms  247/1803 (14%)  
[  8] 276.00-277.00 sec  1.74 MBytes  14.6 Mbits/sec  0.985 ms  333/1634 (20%)  
[  8] 277.00-278.00 sec  1.37 MBytes  11.5 Mbits/sec  1.748 ms  592/1616 (37%)  
[  8] 278.00-279.00 sec   671 KBytes  5.50 Mbits/sec  3.281 ms  1190/1681 (71%)  
[  8] 279.00-280.00 sec  1.97 MBytes  16.5 Mbits/sec  0.575 ms  743/2220 (33%)  
[  8] 280.00-281.00 sec  2.28 MBytes  19.2 Mbits/sec  0.668 ms  76/1787 (4.3%)  
[  8] 281.00-282.00 sec  1.57 MBytes  13.2 Mbits/sec  0.802 ms  262/1440 (18%)  
[  8] 282.00-283.00 sec   874 KBytes  7.16 Mbits/sec  3.357 ms  1054/1693 (62%)  
[  8] 283.00-284.00 sec  2.13 MBytes  17.9 Mbits/sec  0.712 ms  620/2215 (28%)  
[  8] 284.00-285.00 sec  2.38 MBytes  19.9 Mbits/sec  0.493 ms  11/1791 (0.61%)  
[  8] 285.00-286.00 sec  2.38 MBytes  20.0 Mbits/sec  0.506 ms  9/1791 (0.5%)  
[  8] 286.00-287.00 sec  2.29 MBytes  19.2 Mbits/sec  0.536 ms  68/1782 (3.8%)  
[  8] 287.00-288.00 sec  2.20 MBytes  18.4 Mbits/sec  0.465 ms  130/1777 (7.3%)  
[  8] 288.00-289.00 sec  1.78 MBytes  14.9 Mbits/sec  0.778 ms  459/1793 (26%)  
[  8] 289.00-290.00 sec  2.07 MBytes  17.3 Mbits/sec  0.783 ms  237/1786 (13%)  
[  8] 290.00-291.00 sec  2.37 MBytes  19.9 Mbits/sec  0.371 ms  10/1787 (0.56%)  
[  8] 291.00-292.00 sec  2.33 MBytes  19.5 Mbits/sec  0.603 ms  41/1786 (2.3%)  
[  8] 292.00-293.00 sec  2.10 MBytes  17.6 Mbits/sec  0.891 ms  149/1721 (8.7%)  
[  8] 293.00-294.00 sec  1.61 MBytes  13.5 Mbits/sec  0.892 ms  443/1646 (27%)  
[  8] 294.00-295.00 sec  1.93 MBytes  16.2 Mbits/sec  0.775 ms  515/1962 (26%)  
[  8] 295.00-296.00 sec  2.36 MBytes  19.8 Mbits/sec  0.696 ms  41/1805 (2.3%)  
[  8] 296.00-297.00 sec  2.32 MBytes  19.5 Mbits/sec  0.258 ms  32/1770 (1.8%)  
[  8] 297.00-298.00 sec  2.24 MBytes  18.8 Mbits/sec  0.771 ms  113/1790 (6.3%)  
[  8] 298.00-299.00 sec  2.38 MBytes  19.9 Mbits/sec  0.602 ms  23/1804 (1.3%)  
[  8] 299.00-300.00 sec  2.36 MBytes  19.7 Mbits/sec  0.713 ms  17/1781 (0.95%)  
[  8] 300.00-301.00 sec  2.32 MBytes  19.5 Mbits/sec  0.625 ms  32/1773 (1.8%)  
[  8] 301.00-302.00 sec  2.36 MBytes  19.8 Mbits/sec  0.804 ms  18/1782 (1%)  
[  8] 302.00-303.00 sec  2.37 MBytes  19.9 Mbits/sec  0.313 ms  26/1800 (1.4%)  
[  8] 303.00-304.00 sec  2.38 MBytes  20.0 Mbits/sec  0.426 ms  7/1793 (0.39%)  
[  8] 304.00-305.00 sec  2.29 MBytes  19.2 Mbits/sec  0.524 ms  65/1779 (3.7%)  
[  8] 305.00-306.00 sec  2.37 MBytes  19.9 Mbits/sec  0.660 ms  9/1787 (0.5%)  
[  8] 306.00-307.00 sec  2.38 MBytes  20.0 Mbits/sec  0.777 ms  7/1790 (0.39%)  
[  8] 307.00-308.00 sec  2.34 MBytes  19.6 Mbits/sec  0.718 ms  28/1781 (1.6%)  
[  8] 308.00-309.00 sec  2.38 MBytes  19.9 Mbits/sec  0.837 ms  1/1782 (0.056%)  
[  8] 309.00-310.00 sec  2.34 MBytes  19.7 Mbits/sec  0.556 ms  40/1795 (2.2%)  
[  8] 310.00-311.00 sec  2.38 MBytes  20.0 Mbits/sec  0.525 ms  1/1782 (0.056%)  
[  8] 311.00-312.00 sec  2.38 MBytes  19.9 Mbits/sec  0.535 ms  11/1793 (0.61%)  
[  8] 312.00-313.00 sec  2.35 MBytes  19.8 Mbits/sec  0.609 ms  21/1784 (1.2%)  
[  8] 313.00-314.00 sec  2.37 MBytes  19.9 Mbits/sec  0.597 ms  6/1782 (0.34%)  
[  8] 314.00-315.00 sec  2.38 MBytes  19.9 Mbits/sec  0.559 ms  7/1788 (0.39%)  
[  8] 315.00-316.00 sec  2.37 MBytes  19.8 Mbits/sec  0.721 ms  12/1785 (0.67%)  
[  8] 316.00-317.00 sec  2.39 MBytes  20.0 Mbits/sec  0.562 ms  4/1791 (0.22%)  
[  8] 317.00-318.00 sec  2.31 MBytes  19.4 Mbits/sec  0.730 ms  0/1733 (0%)  
[  8] 318.00-319.00 sec  2.38 MBytes  20.0 Mbits/sec  0.982 ms  34/1818 (1.9%)  
[  8] 319.00-320.00 sec  2.19 MBytes  18.4 Mbits/sec  0.795 ms  24/1663 (1.4%)  
[  8] 320.00-321.00 sec  2.57 MBytes  21.6 Mbits/sec  0.576 ms  1/1929 (0.052%)  
[  8] 321.00-322.00 sec  2.38 MBytes  20.0 Mbits/sec  0.593 ms  1/1781 (0.056%)  
[  8] 322.00-323.00 sec  2.36 MBytes  19.8 Mbits/sec  0.757 ms  21/1785 (1.2%)  
[  8] 323.00-324.00 sec  2.36 MBytes  19.8 Mbits/sec  0.638 ms  23/1788 (1.3%)  
[  8] 324.00-325.00 sec  2.38 MBytes  20.0 Mbits/sec  0.625 ms  3/1786 (0.17%)  
[  8] 325.00-326.00 sec  2.33 MBytes  19.5 Mbits/sec  0.625 ms  34/1776 (1.9%)  
[  8] 326.00-327.00 sec  2.38 MBytes  20.0 Mbits/sec  0.369 ms  12/1795 (0.67%)  
[  8] 327.00-328.00 sec  2.38 MBytes  20.0 Mbits/sec  0.419 ms  4/1790 (0.22%)  
[  8] 328.00-329.00 sec  2.37 MBytes  19.9 Mbits/sec  0.770 ms  2/1778 (0.11%)  
[  8] 329.00-330.00 sec  2.33 MBytes  19.6 Mbits/sec  0.740 ms  42/1789 (2.3%)  
[  8] 330.00-331.00 sec  1.88 MBytes  15.7 Mbits/sec  1.068 ms  53/1458 (3.6%)  
[  8] 331.00-332.00 sec  1.90 MBytes  15.9 Mbits/sec  0.710 ms  695/2115 (33%)  
[  8] 332.00-333.00 sec  2.37 MBytes  19.9 Mbits/sec  0.442 ms  12/1784 (0.67%)  
[  8] 333.00-334.00 sec  2.38 MBytes  19.9 Mbits/sec  0.251 ms  6/1786 (0.34%)  
[  8] 334.00-335.00 sec  2.34 MBytes  19.6 Mbits/sec  0.716 ms  30/1782 (1.7%)  
[  8] 335.00-336.00 sec  2.33 MBytes  19.5 Mbits/sec  0.523 ms  45/1788 (2.5%)  
[  8] 336.00-337.00 sec  2.38 MBytes  19.9 Mbits/sec  0.629 ms  6/1787 (0.34%)  
[  8] 337.00-338.00 sec  2.38 MBytes  20.0 Mbits/sec  0.482 ms  2/1786 (0.11%)  
[  8] 338.00-339.00 sec  2.37 MBytes  19.9 Mbits/sec  0.564 ms  9/1787 (0.5%)  
[  8] 339.00-340.00 sec  2.38 MBytes  19.9 Mbits/sec  0.506 ms  0/1781 (0%)  
[  8] 340.00-340.00 sec  12.3 KBytes  31.4 Mbits/sec  0.610 ms  0/9 (0%)  
- - - - - - - - - - - - - - - - - - - - - - - - -
[ ID] Interval           Transfer     Bitrate         Jitter    Lost/Total Datagrams
[  8]   0.00-340.00 sec   736 MBytes  18.2 Mbits/sec  0.610 ms  56150/607142 (9.2%)  receiver
