-----------------------------------------------------------
Server listening on 5201 (test #1)
-----------------------------------------------------------
Accepted connection from 10.0.0.39, port 38014
[  8] local 10.0.0.103 port 5201 connected to 10.0.0.39 port 37677
[ ID] Interval           Transfer     Bitrate         Jitter    Lost/Total Datagrams
[  8]   0.00-1.00   sec   191 KBytes  1.56 Mbits/sec  4.678 ms  248/388 (64%)  
[  8]   1.00-2.00   sec   258 KBytes  2.12 Mbits/sec  4.693 ms  262/451 (58%)  
[  8]   2.00-3.00   sec   298 KBytes  2.44 Mbits/sec  6.064 ms  244/462 (53%)  
[  8]   3.00-4.00   sec   228 KBytes  1.87 Mbits/sec  4.496 ms  275/442 (62%)  
[  8]   4.00-5.00   sec   174 KBytes  1.42 Mbits/sec  10.880 ms  274/401 (68%)  
[  8]   5.00-6.00   sec   180 KBytes  1.48 Mbits/sec  7.690 ms  223/355 (63%)  
[  8]   6.00-7.00   sec   120 KBytes   985 Kbits/sec  9.805 ms  354/442 (80%)  
[  8]   7.00-8.00   sec   104 KBytes   852 Kbits/sec  5.482 ms  481/557 (86%)  
[  8]   8.00-9.00   sec   205 KBytes  1.68 Mbits/sec  3.915 ms  321/471 (68%)  
[  8]   9.00-10.00  sec   235 KBytes  1.93 Mbits/sec  6.424 ms  193/365 (53%)  
[  8]  10.00-11.00  sec   241 KBytes  1.97 Mbits/sec  3.851 ms  305/481 (63%)  
[  8]  11.00-12.00  sec   120 KBytes   983 Kbits/sec  6.541 ms  364/452 (81%)  
[  8]  12.00-13.00  sec   160 KBytes  1.31 Mbits/sec  5.709 ms  266/383 (69%)  
[  8]  13.00-14.00  sec   127 KBytes  1.04 Mbits/sec  12.249 ms  441/534 (83%)  
[  8]  14.00-15.00  sec   107 KBytes   874 Kbits/sec  6.548 ms  223/301 (74%)  
[  8]  15.00-16.00  sec   122 KBytes   997 Kbits/sec  7.233 ms  343/432 (79%)  
[  8]  16.00-17.00  sec  83.4 KBytes   683 Kbits/sec  28.122 ms  346/407 (85%)  
[  8]  17.00-18.00  sec  95.7 KBytes   784 Kbits/sec  7.057 ms  468/538 (87%)  
[  8]  18.00-19.00  sec   161 KBytes  1.32 Mbits/sec  7.115 ms  320/438 (73%)  
[  8]  19.00-20.00  sec   163 KBytes  1.33 Mbits/sec  6.140 ms  409/528 (77%)  
[  8]  20.00-20.34  sec  27.3 KBytes   653 Kbits/sec  8.780 ms  68/88 (77%)  
- - - - - - - - - - - - - - - - - - - - - - - - -
[ ID] Interval           Transfer     Bitrate         Jitter    Lost/Total Datagrams
[  8]   0.00-20.34  sec  3.32 MBytes  1.37 Mbits/sec  8.780 ms  6428/8916 (72%)  receiver
