-----------------------------------------------------------
Server listening on 5201 (test #1)
-----------------------------------------------------------
Accepted connection from 10.0.0.82, port 55302
[  8] local 10.0.0.114 port 5201 connected to 10.0.0.82 port 36871
[ ID] Interval           Transfer     Bitrate         Jitter    Lost/Total Datagrams
[  8]   0.00-1.00   sec   365 KBytes  2.99 Mbits/sec  1.699 ms  146/413 (35%)  
[  8]   1.00-2.00   sec   409 KBytes  3.35 Mbits/sec  2.532 ms  157/456 (34%)  
[  8]   2.00-3.00   sec   401 KBytes  3.28 Mbits/sec  3.354 ms  168/461 (36%)  
[  8]   3.00-4.00   sec   375 KBytes  3.07 Mbits/sec  4.016 ms  164/438 (37%)  
[  8]   4.00-5.00   sec   221 KBytes  1.81 Mbits/sec  7.014 ms  267/429 (62%)  
[  8]   5.00-6.00   sec   301 KBytes  2.46 Mbits/sec  5.973 ms  134/354 (38%)  
[  8]   6.00-7.00   sec   345 KBytes  2.83 Mbits/sec  4.048 ms  301/553 (54%)  
[  8]   7.00-8.00   sec   413 KBytes  3.38 Mbits/sec  2.965 ms  107/409 (26%)  
[  8]   8.00-9.00   sec   399 KBytes  3.27 Mbits/sec  3.907 ms  181/473 (38%)  
[  8]   9.00-10.00  sec   412 KBytes  3.37 Mbits/sec  5.041 ms  131/432 (30%)  
[  8]  10.00-11.00  sec   298 KBytes  2.44 Mbits/sec  5.373 ms  223/441 (51%)  
[  8]  11.00-12.00  sec   237 KBytes  1.94 Mbits/sec  5.543 ms  124/297 (42%)  
[  8]  12.00-13.00  sec   288 KBytes  2.35 Mbits/sec  9.756 ms  400/611 (65%)  
[  8]  13.00-14.00  sec   276 KBytes  2.27 Mbits/sec  4.095 ms  169/371 (46%)  
[  8]  14.00-15.00  sec   268 KBytes  2.20 Mbits/sec  7.590 ms  185/381 (49%)  
[  8]  15.00-16.00  sec   238 KBytes  1.94 Mbits/sec  7.301 ms  245/419 (58%)  
[  8]  16.00-17.00  sec   172 KBytes  1.42 Mbits/sec  7.171 ms  409/535 (76%)  
[  8]  17.00-18.00  sec   257 KBytes  2.11 Mbits/sec  2.457 ms  281/469 (60%)  
[  8]  18.00-19.00  sec   264 KBytes  2.16 Mbits/sec  3.895 ms  305/498 (61%)  
[  8]  19.00-20.00  sec   230 KBytes  1.88 Mbits/sec  7.702 ms  222/390 (57%)  
[  8]  20.00-20.12  sec  21.9 KBytes  1.49 Mbits/sec  6.251 ms  74/90 (82%)  
- - - - - - - - - - - - - - - - - - - - - - - - -
[ ID] Interval           Transfer     Bitrate         Jitter    Lost/Total Datagrams
[  8]   0.00-20.12  sec  6.04 MBytes  2.52 Mbits/sec  6.251 ms  4393/8920 (49%)  receiver
