-----------------------------------------------------------
Server listening on 5201 (test #1)
-----------------------------------------------------------
Accepted connection from 10.0.0.94, port 54290
[  8] local 10.0.0.126 port 5201 connected to 10.0.0.94 port 41728
[ ID] Interval           Transfer     Bitrate         Jitter    Lost/Total Datagrams
[  8]   0.00-1.00   sec   361 KBytes  2.96 Mbits/sec  1.649 ms  119/383 (31%)  
[  8]   1.00-2.00   sec   406 KBytes  3.33 Mbits/sec  2.207 ms  156/453 (34%)  
[  8]   2.00-3.00   sec   329 KBytes  2.70 Mbits/sec  2.975 ms  228/469 (49%)  
[  8]   3.00-4.00   sec   347 KBytes  2.84 Mbits/sec  4.292 ms  198/452 (44%)  
[  8]   4.00-5.00   sec   183 KBytes  1.50 Mbits/sec  4.766 ms  287/421 (68%)  
[  8]   5.00-6.00   sec   238 KBytes  1.95 Mbits/sec  7.963 ms  140/314 (45%)  
[  8]   6.00-7.00   sec   362 KBytes  2.97 Mbits/sec  2.981 ms  336/601 (56%)  
[  8]   7.00-8.00   sec   383 KBytes  3.13 Mbits/sec  2.538 ms  114/394 (29%)  
[  8]   8.00-9.00   sec   338 KBytes  2.77 Mbits/sec  3.404 ms  250/497 (50%)  
[  8]   9.00-10.00  sec   351 KBytes  2.88 Mbits/sec  5.350 ms  188/445 (42%)  
[  8]  10.00-11.00  sec   269 KBytes  2.21 Mbits/sec  5.707 ms  195/392 (50%)  
[  8]  11.00-12.00  sec   271 KBytes  2.22 Mbits/sec  4.085 ms  102/300 (34%)  
[  8]  12.00-13.00  sec   265 KBytes  2.17 Mbits/sec  8.560 ms  455/649 (70%)  
[  8]  13.00-14.00  sec   284 KBytes  2.32 Mbits/sec  6.716 ms  152/360 (42%)  
[  8]  14.00-15.00  sec   247 KBytes  2.03 Mbits/sec  7.645 ms  188/369 (51%)  
[  8]  15.00-16.00  sec   231 KBytes  1.89 Mbits/sec  7.549 ms  248/417 (59%)  
[  8]  16.00-17.00  sec   175 KBytes  1.43 Mbits/sec  6.764 ms  417/545 (77%)  
[  8]  17.00-18.00  sec   206 KBytes  1.69 Mbits/sec  7.389 ms  331/482 (69%)  
[  8]  18.00-19.00  sec   226 KBytes  1.84 Mbits/sec  3.804 ms  304/469 (65%)  
[  8]  19.00-20.00  sec   226 KBytes  1.86 Mbits/sec  8.231 ms  288/453 (64%)  
[  8]  20.00-20.08  sec  36.9 KBytes  3.83 Mbits/sec  3.277 ms  35/62 (56%)  
- - - - - - - - - - - - - - - - - - - - - - - - -
[ ID] Interval           Transfer     Bitrate         Jitter    Lost/Total Datagrams
[  8]   0.00-20.08  sec  5.60 MBytes  2.34 Mbits/sec  3.277 ms  4731/8927 (53%)  receiver
