-----------------------------------------------------------
Server listening on 5201 (test #1)
-----------------------------------------------------------
Accepted connection from 10.0.0.6, port 42026
[  8] local 10.0.0.70 port 5201 connected to 10.0.0.6 port 40128
[ ID] Interval           Transfer     Bitrate         Jitter    Lost/Total Datagrams
[  8]   0.00-1.00   sec   182 KBytes  1.49 Mbits/sec  4.681 ms  264/397 (66%)  
[  8]   1.00-2.00   sec   257 KBytes  2.11 Mbits/sec  7.311 ms  236/424 (56%)  
[  8]   2.00-3.00   sec   135 KBytes  1.11 Mbits/sec  13.110 ms  229/328 (70%)  
[  8]   3.00-4.00   sec  57.4 KBytes   470 Kbits/sec  16.595 ms  342/384 (89%)  
[  8]   4.00-5.00   sec  82.0 KBytes   672 Kbits/sec  13.654 ms  363/423 (86%)  
[  8]   5.00-6.00   sec  56.1 KBytes   459 Kbits/sec  15.761 ms  392/433 (91%)  
[  8]   6.00-7.00   sec  65.6 KBytes   538 Kbits/sec  19.706 ms  581/629 (92%)  
[  8]   7.00-8.00   sec  41.0 KBytes   336 Kbits/sec  13.051 ms  410/440 (93%)  
[  8]   8.00-9.00   sec   120 KBytes   986 Kbits/sec  10.305 ms  406/494 (82%)  
[  8]   9.00-10.00  sec   112 KBytes   918 Kbits/sec  8.348 ms  293/375 (78%)  
[  8]  10.00-11.00  sec  87.5 KBytes   717 Kbits/sec  9.513 ms  367/431 (85%)  
[  8]  11.00-12.00  sec  60.2 KBytes   493 Kbits/sec  16.905 ms  368/412 (89%)  
[  8]  12.00-13.00  sec  61.5 KBytes   504 Kbits/sec  13.718 ms  312/357 (87%)  
[  8]  13.00-14.00  sec  42.4 KBytes   347 Kbits/sec  25.767 ms  417/448 (93%)  
[  8]  14.00-15.00  sec  39.6 KBytes   325 Kbits/sec  20.334 ms  457/486 (94%)  
[  8]  15.00-16.00  sec  24.6 KBytes   202 Kbits/sec  24.763 ms  366/384 (95%)  
[  8]  16.00-17.00  sec  45.1 KBytes   370 Kbits/sec  20.001 ms  346/379 (91%)  
[  8]  17.00-18.00  sec   103 KBytes   839 Kbits/sec  11.558 ms  531/606 (88%)  
[  8]  18.00-19.00  sec   104 KBytes   852 Kbits/sec  8.193 ms  401/477 (84%)  
[  8]  19.00-20.00  sec   119 KBytes   974 Kbits/sec  8.916 ms  395/482 (82%)  
[  8]  20.00-20.38  sec  31.4 KBytes   680 Kbits/sec  13.149 ms  102/125 (82%)  
- - - - - - - - - - - - - - - - - - - - - - - - -
[ ID] Interval           Transfer     Bitrate         Jitter    Lost/Total Datagrams
[  8]   0.00-20.38  sec  1.78 MBytes   734 Kbits/sec  13.149 ms  7578/8914 (85%)  receiver
