-----------------------------------------------------------
Server listening on 5414 (test #1)
-----------------------------------------------------------
Accepted connection from 10.0.0.43, port 45042
[  7] local 10.0.0.76 port 5414 connected to 10.0.0.43 port 51299
[ ID] Interval           Transfer     Bitrate         Jitter    Lost/Total Datagrams
[  7]   0.00-1.00   sec   561 KBytes  4.60 Mbits/sec  1.730 ms  26/423 (6.1%)  
[  7]   1.00-2.00   sec   611 KBytes  5.00 Mbits/sec  0.901 ms  2/434 (0.46%)  
[  7]   2.00-3.00   sec   510 KBytes  4.18 Mbits/sec  1.324 ms  27/388 (7%)  
[  7]   3.00-4.00   sec   628 KBytes  5.14 Mbits/sec  1.744 ms  31/475 (6.5%)  
[  7]   4.00-5.00   sec   581 KBytes  4.76 Mbits/sec  1.511 ms  19/430 (4.4%)  
[  7]   5.00-6.00   sec   602 KBytes  4.93 Mbits/sec  1.659 ms  5/431 (1.2%)  
[  7]   6.00-7.00   sec   560 KBytes  4.59 Mbits/sec  2.064 ms  31/427 (7.3%)  
[  7]   7.00-8.00   sec   471 KBytes  3.86 Mbits/sec  2.452 ms  58/391 (15%)  
[  7]   8.00-9.00   sec   587 KBytes  4.81 Mbits/sec  1.375 ms  61/476 (13%)  
[  7]   9.00-10.00  sec   600 KBytes  4.91 Mbits/sec  1.443 ms  9/434 (2.1%)  
[  7]  10.00-11.00  sec   581 KBytes  4.76 Mbits/sec  2.538 ms  18/429 (4.2%)  
[  7]  11.00-12.00  sec   570 KBytes  4.67 Mbits/sec  1.771 ms  22/425 (5.2%)  
[  7]  12.00-13.00  sec   537 KBytes  4.40 Mbits/sec  1.083 ms  61/441 (14%)  
[  7]  13.00-14.00  sec   595 KBytes  4.88 Mbits/sec  1.546 ms  10/431 (2.3%)  
[  7]  14.00-15.00  sec   519 KBytes  4.25 Mbits/sec  2.204 ms  57/424 (13%)  
[  7]  15.00-16.00  sec   510 KBytes  4.18 Mbits/sec  2.927 ms  77/438 (18%)  
[  7]  16.00-17.00  sec   563 KBytes  4.61 Mbits/sec  0.887 ms  35/433 (8.1%)  
[  7]  17.00-18.00  sec   549 KBytes  4.49 Mbits/sec  1.671 ms  39/427 (9.1%)  
[  7]  18.00-19.00  sec   580 KBytes  4.75 Mbits/sec  1.921 ms  20/430 (4.7%)  
[  7]  19.00-20.00  sec   568 KBytes  4.66 Mbits/sec  2.246 ms  27/429 (6.3%)  
[  7]  20.00-21.00  sec   581 KBytes  4.76 Mbits/sec  2.877 ms  9/420 (2.1%)  
[  7]  21.00-22.00  sec   546 KBytes  4.47 Mbits/sec  3.633 ms  62/448 (14%)  
[  7]  22.00-23.00  sec   581 KBytes  4.76 Mbits/sec  1.191 ms  25/436 (5.7%)  
[  7]  23.00-24.00  sec   547 KBytes  4.48 Mbits/sec  1.644 ms  23/410 (5.6%)  
[  7]  24.00-25.00  sec   543 KBytes  4.45 Mbits/sec  2.671 ms  57/441 (13%)  
[  7]  25.00-26.00  sec   574 KBytes  4.70 Mbits/sec  2.214 ms  37/443 (8.4%)  
[  7]  26.00-27.00  sec   567 KBytes  4.65 Mbits/sec  2.141 ms  31/432 (7.2%)  
[  7]  27.00-28.00  sec   592 KBytes  4.85 Mbits/sec  1.495 ms  13/432 (3%)  
[  7]  28.00-29.00  sec   477 KBytes  3.90 Mbits/sec  3.454 ms  66/403 (16%)  
[  7]  29.00-30.00  sec   583 KBytes  4.77 Mbits/sec  2.385 ms  42/454 (9.3%)  
[  7]  30.00-31.00  sec   546 KBytes  4.47 Mbits/sec  2.938 ms  41/427 (9.6%)  
[  7]  31.00-32.00  sec   578 KBytes  4.74 Mbits/sec  1.474 ms  33/442 (7.5%)  
[  7]  32.00-33.00  sec   598 KBytes  4.90 Mbits/sec  2.246 ms  8/431 (1.9%)  
[  7]  33.00-34.00  sec   594 KBytes  4.87 Mbits/sec  1.234 ms  13/433 (3%)  
[  7]  34.00-35.00  sec   567 KBytes  4.65 Mbits/sec  2.396 ms  26/427 (6.1%)  
[  7]  35.00-36.00  sec   570 KBytes  4.67 Mbits/sec  2.643 ms  26/429 (6.1%)  
[  7]  36.00-37.00  sec   618 KBytes  5.06 Mbits/sec  1.224 ms  1/438 (0.23%)  
[  7]  37.00-38.00  sec   578 KBytes  4.74 Mbits/sec  1.568 ms  22/431 (5.1%)  
[  7]  38.00-39.00  sec   532 KBytes  4.36 Mbits/sec  1.803 ms  56/432 (13%)  
[  7]  39.00-40.00  sec   561 KBytes  4.60 Mbits/sec  2.136 ms  29/426 (6.8%)  
[  7]  40.00-41.00  sec   594 KBytes  4.87 Mbits/sec  1.825 ms  11/431 (2.6%)  
[  7]  41.00-42.00  sec   607 KBytes  4.97 Mbits/sec  1.079 ms  11/440 (2.5%)  
[  7]  42.00-43.00  sec   477 KBytes  3.90 Mbits/sec  2.731 ms  25/362 (6.9%)  
[  7]  43.00-44.00  sec   590 KBytes  4.83 Mbits/sec  1.507 ms  83/500 (17%)  
[  7]  44.00-45.00  sec   584 KBytes  4.78 Mbits/sec  1.682 ms  18/431 (4.2%)  
[  7]  45.00-46.00  sec   595 KBytes  4.88 Mbits/sec  2.445 ms  11/432 (2.5%)  
[  7]  46.00-47.00  sec   573 KBytes  4.69 Mbits/sec  2.106 ms  21/426 (4.9%)  
[  7]  47.00-48.00  sec   535 KBytes  4.38 Mbits/sec  1.742 ms  35/413 (8.5%)  
[  7]  48.00-49.00  sec   527 KBytes  4.31 Mbits/sec  2.242 ms  56/429 (13%)  
[  7]  49.00-50.00  sec   594 KBytes  4.87 Mbits/sec  1.010 ms  39/459 (8.5%)  
[  7]  50.00-51.00  sec   525 KBytes  4.30 Mbits/sec  2.125 ms  53/424 (12%)  
[  7]  51.00-52.00  sec   573 KBytes  4.69 Mbits/sec  1.257 ms  34/439 (7.7%)  
[  7]  52.00-53.00  sec   608 KBytes  4.98 Mbits/sec  1.457 ms  1/431 (0.23%)  
[  7]  53.00-54.00  sec   598 KBytes  4.90 Mbits/sec  1.495 ms  10/433 (2.3%)  
[  7]  54.00-55.00  sec   566 KBytes  4.63 Mbits/sec  2.519 ms  30/430 (7%)  
[  7]  55.00-56.00  sec   523 KBytes  4.29 Mbits/sec  2.576 ms  57/427 (13%)  
[  7]  56.00-57.00  sec   604 KBytes  4.94 Mbits/sec  1.365 ms  10/437 (2.3%)  
[  7]  57.00-58.00  sec   540 KBytes  4.42 Mbits/sec  2.153 ms  47/429 (11%)  
[  7]  58.00-59.00  sec   590 KBytes  4.83 Mbits/sec  2.290 ms  17/434 (3.9%)  
[  7]  59.00-60.00  sec   580 KBytes  4.75 Mbits/sec  1.018 ms  23/433 (5.3%)  
[  7]  60.00-61.00  sec   584 KBytes  4.78 Mbits/sec  1.839 ms  16/429 (3.7%)  
[  7]  61.00-62.00  sec   604 KBytes  4.95 Mbits/sec  1.486 ms  4/431 (0.93%)  
[  7]  62.00-63.00  sec   556 KBytes  4.55 Mbits/sec  1.471 ms  41/434 (9.4%)  
[  7]  63.00-64.00  sec   605 KBytes  4.96 Mbits/sec  0.681 ms  4/432 (0.93%)  
[  7]  64.00-65.00  sec   591 KBytes  4.84 Mbits/sec  2.167 ms  13/431 (3%)  
[  7]  65.00-66.00  sec   590 KBytes  4.83 Mbits/sec  2.645 ms  11/428 (2.6%)  
[  7]  66.00-67.00  sec   585 KBytes  4.80 Mbits/sec  1.782 ms  17/431 (3.9%)  
[  7]  67.00-68.00  sec   583 KBytes  4.77 Mbits/sec  1.570 ms  23/435 (5.3%)  
[  7]  68.00-69.00  sec   570 KBytes  4.65 Mbits/sec  1.923 ms  23/426 (5.4%)  
[  7]  69.00-70.00  sec   584 KBytes  4.80 Mbits/sec  1.536 ms  25/438 (5.7%)  
[  7]  70.00-71.00  sec   563 KBytes  4.61 Mbits/sec  1.993 ms  27/425 (6.4%)  
[  7]  71.00-72.00  sec   592 KBytes  4.85 Mbits/sec  2.701 ms  12/431 (2.8%)  
[  7]  72.00-73.00  sec   585 KBytes  4.79 Mbits/sec  1.410 ms  26/440 (5.9%)  
[  7]  73.00-74.00  sec   564 KBytes  4.63 Mbits/sec  2.039 ms  30/429 (7%)  
[  7]  74.00-75.00  sec   537 KBytes  4.40 Mbits/sec  1.796 ms  44/424 (10%)  
[  7]  75.00-76.00  sec   580 KBytes  4.75 Mbits/sec  1.046 ms  27/437 (6.2%)  
[  7]  76.00-77.00  sec   553 KBytes  4.53 Mbits/sec  1.584 ms  44/435 (10%)  
[  7]  77.00-78.00  sec   547 KBytes  4.48 Mbits/sec  2.496 ms  34/421 (8.1%)  
[  7]  78.00-79.00  sec   602 KBytes  4.93 Mbits/sec  1.680 ms  9/435 (2.1%)  
[  7]  79.00-80.00  sec   598 KBytes  4.90 Mbits/sec  1.064 ms  18/441 (4.1%)  
[  7]  80.00-81.00  sec   559 KBytes  4.58 Mbits/sec  2.308 ms  35/430 (8.1%)  
[  7]  81.00-82.00  sec   577 KBytes  4.73 Mbits/sec  2.565 ms  17/425 (4%)  
[  7]  82.00-83.00  sec   597 KBytes  4.89 Mbits/sec  2.014 ms  14/436 (3.2%)  
[  7]  83.00-84.00  sec   577 KBytes  4.73 Mbits/sec  2.523 ms  13/421 (3.1%)  
[  7]  84.00-85.00  sec   600 KBytes  4.91 Mbits/sec  2.222 ms  14/438 (3.2%)  
[  7]  85.00-86.00  sec   604 KBytes  4.95 Mbits/sec  1.873 ms  8/435 (1.8%)  
[  7]  86.00-87.00  sec   597 KBytes  4.89 Mbits/sec  1.600 ms  14/436 (3.2%)  
[  7]  87.00-88.00  sec   544 KBytes  4.46 Mbits/sec  2.477 ms  42/427 (9.8%)  
[  7]  88.00-89.00  sec   585 KBytes  4.79 Mbits/sec  1.483 ms  21/435 (4.8%)  
[  7]  89.00-90.00  sec   587 KBytes  4.81 Mbits/sec  1.381 ms  18/433 (4.2%)  
[  7]  90.00-90.02  sec  9.90 KBytes  4.48 Mbits/sec  1.107 ms  0/7 (0%)  
- - - - - - - - - - - - - - - - - - - - - - - - -
[ ID] Interval           Transfer     Bitrate         Jitter    Lost/Total Datagrams
[  7]   0.00-90.02  sec  50.2 MBytes  4.68 Mbits/sec  1.107 ms  2491/38847 (6.4%)  receiver
