-----------------------------------------------------------
Server listening on 5303 (test #1)
-----------------------------------------------------------
Accepted connection from 10.0.0.34, port 60182
[  7] local 10.0.0.98 port 5303 connected to 10.0.0.34 port 45476
[ ID] Interval           Transfer     Bitrate         Jitter    Lost/Total Datagrams
[  7]   0.00-1.00   sec  1.19 MBytes  9.97 Mbits/sec  0.854 ms  0/861 (0%)  
[  7]   1.00-2.00   sec  1.19 MBytes  9.98 Mbits/sec  0.738 ms  2/864 (0.23%)  
[  7]   2.00-3.00   sec  1.19 MBytes  10.0 Mbits/sec  0.654 ms  0/864 (0%)  
[  7]   3.00-4.00   sec  1.18 MBytes  9.84 Mbits/sec  1.242 ms  0/851 (0%)  
[  7]   4.00-5.00   sec  1.18 MBytes  9.94 Mbits/sec  0.754 ms  17/873 (1.9%)  
[  7]   5.00-6.00   sec  1.19 MBytes  10.0 Mbits/sec  0.602 ms  0/865 (0%)  
[  7]   6.00-7.00   sec  1.19 MBytes  9.95 Mbits/sec  0.922 ms  4/863 (0.46%)  
[  7]   7.00-8.00   sec  1.19 MBytes  10.0 Mbits/sec  0.659 ms  0/864 (0%)  
[  7]   8.00-9.00   sec  1.18 MBytes  9.94 Mbits/sec  0.948 ms  4/862 (0.46%)  
[  7]   9.00-10.00  sec  1.19 MBytes  9.97 Mbits/sec  0.837 ms  0/861 (0%)  
[  7]  10.00-11.00  sec  1.19 MBytes  9.99 Mbits/sec  1.051 ms  0/862 (0%)  
[  7]  11.00-12.00  sec  1.19 MBytes  10.0 Mbits/sec  0.961 ms  0/865 (0%)  
[  7]  12.00-13.00  sec  1.20 MBytes  10.0 Mbits/sec  0.876 ms  0/866 (0%)  
[  7]  13.00-14.00  sec  1.19 MBytes  10.0 Mbits/sec  0.871 ms  0/863 (0%)  
[  7]  14.00-15.00  sec  1.19 MBytes  10.0 Mbits/sec  0.851 ms  0/863 (0%)  
[  7]  15.00-16.00  sec  1.19 MBytes  10.0 Mbits/sec  0.934 ms  0/863 (0%)  
[  7]  16.00-17.00  sec  1.19 MBytes  10.0 Mbits/sec  0.826 ms  0/863 (0%)  
[  7]  17.00-18.00  sec  1.18 MBytes  9.91 Mbits/sec  0.907 ms  6/862 (0.7%)  
[  7]  18.00-19.00  sec  1.13 MBytes  9.45 Mbits/sec  0.923 ms  46/861 (5.3%)  
[  7]  19.00-20.00  sec  1.19 MBytes  10.0 Mbits/sec  0.913 ms  1/865 (0.12%)  
[  7]  20.00-21.00  sec  1.15 MBytes  9.67 Mbits/sec  1.839 ms  11/846 (1.3%)  
[  7]  21.00-22.00  sec  1.20 MBytes  10.1 Mbits/sec  0.798 ms  14/883 (1.6%)  
[  7]  22.00-23.00  sec  1.19 MBytes  9.97 Mbits/sec  0.957 ms  1/862 (0.12%)  
[  7]  23.00-24.00  sec  1.19 MBytes  9.96 Mbits/sec  0.924 ms  4/864 (0.46%)  
[  7]  24.00-25.02  sec  1.20 MBytes  9.94 Mbits/sec  1.568 ms  5/876 (0.57%)  
[  7]  25.02-26.00  sec  1.16 MBytes  9.88 Mbits/sec  0.844 ms  8/848 (0.94%)  
[  7]  26.00-27.00  sec  1.19 MBytes  9.97 Mbits/sec  1.001 ms  2/863 (0.23%)  
[  7]  27.00-28.00  sec  1.20 MBytes  10.0 Mbits/sec  0.959 ms  0/867 (0%)  
[  7]  28.00-29.00  sec  1.18 MBytes  9.86 Mbits/sec  1.179 ms  4/855 (0.47%)  
[  7]  29.00-30.00  sec  1.20 MBytes  10.0 Mbits/sec  0.877 ms  6/872 (0.69%)  
[  7]  30.00-31.00  sec  1.19 MBytes  9.96 Mbits/sec  0.780 ms  0/860 (0%)  
[  7]  31.00-32.00  sec  1.18 MBytes  9.89 Mbits/sec  0.989 ms  7/860 (0.81%)  
[  7]  32.00-33.00  sec  1.19 MBytes  9.96 Mbits/sec  0.983 ms  6/866 (0.69%)  
[  7]  33.00-34.00  sec  1.19 MBytes  9.99 Mbits/sec  0.911 ms  2/864 (0.23%)  
[  7]  34.00-35.00  sec  1.20 MBytes  10.0 Mbits/sec  0.588 ms  0/866 (0%)  
[  7]  35.00-36.00  sec  1.19 MBytes  9.99 Mbits/sec  0.820 ms  0/862 (0%)  
[  7]  36.00-37.00  sec  1.19 MBytes  9.97 Mbits/sec  0.859 ms  0/861 (0%)  
[  7]  37.00-38.00  sec  1.19 MBytes  9.94 Mbits/sec  0.879 ms  7/866 (0.81%)  
[  7]  38.00-39.00  sec  1.18 MBytes  9.91 Mbits/sec  1.024 ms  8/863 (0.93%)  
[  7]  39.00-40.00  sec  1.17 MBytes  9.79 Mbits/sec  1.378 ms  7/855 (0.82%)  
[  7]  40.00-41.00  sec  1.20 MBytes  10.1 Mbits/sec  0.804 ms  3/872 (0.34%)  
[  7]  41.00-42.00  sec  1.17 MBytes  9.85 Mbits/sec  1.497 ms  3/853 (0.35%)  
[  7]  42.00-43.00  sec  1.18 MBytes  9.89 Mbits/sec  0.854 ms  15/869 (1.7%)  
[  7]  43.00-44.00  sec  1.19 MBytes  9.95 Mbits/sec  1.047 ms  7/866 (0.81%)  
[  7]  44.00-45.00  sec  1.19 MBytes  10.0 Mbits/sec  0.673 ms  0/864 (0%)  
[  7]  45.00-46.00  sec  1.16 MBytes  9.72 Mbits/sec  1.358 ms  1/843 (0.12%)  
[  7]  46.00-47.00  sec  1.15 MBytes  9.69 Mbits/sec  1.103 ms  40/874 (4.6%)  
[  7]  47.00-48.00  sec  1.18 MBytes  9.92 Mbits/sec  1.366 ms  13/869 (1.5%)  
[  7]  48.00-49.00  sec  1.18 MBytes  9.89 Mbits/sec  1.371 ms  12/866 (1.4%)  
[  7]  49.00-50.00  sec  1.12 MBytes  9.39 Mbits/sec  1.920 ms  42/853 (4.9%)  
[  7]  50.00-51.00  sec  1.20 MBytes  10.1 Mbits/sec  1.117 ms  5/873 (0.57%)  
[  7]  51.00-52.00  sec  1.12 MBytes  9.42 Mbits/sec  1.641 ms  37/850 (4.4%)  
[  7]  52.00-53.00  sec  1.14 MBytes  9.60 Mbits/sec  1.171 ms  47/876 (5.4%)  
[  7]  53.00-54.00  sec  1.17 MBytes  9.85 Mbits/sec  1.546 ms  8/858 (0.93%)  
[  7]  54.00-55.00  sec  1.07 MBytes  8.95 Mbits/sec  1.074 ms  99/872 (11%)  
[  7]  55.00-56.00  sec  1.16 MBytes  9.77 Mbits/sec  1.273 ms  18/861 (2.1%)  
[  7]  56.00-57.00  sec  1.16 MBytes  9.74 Mbits/sec  1.285 ms  12/853 (1.4%)  
[  7]  57.00-58.00  sec  1.19 MBytes  9.95 Mbits/sec  1.240 ms  13/872 (1.5%)  
[  7]  58.00-59.00  sec  1.18 MBytes  9.92 Mbits/sec  1.184 ms  9/865 (1%)  
[  7]  59.00-60.00  sec  1.19 MBytes  9.99 Mbits/sec  0.889 ms  3/865 (0.35%)  
[  7]  60.00-61.00  sec  1.17 MBytes  9.79 Mbits/sec  0.968 ms  15/860 (1.7%)  
[  7]  61.00-62.00  sec  1.17 MBytes  9.85 Mbits/sec  1.095 ms  11/861 (1.3%)  
[  7]  62.00-63.00  sec  1.16 MBytes  9.68 Mbits/sec  1.260 ms  27/864 (3.1%)  
[  7]  63.00-64.00  sec  1.05 MBytes  8.79 Mbits/sec  1.211 ms  91/849 (11%)  
[  7]  64.00-65.00  sec  1.14 MBytes  9.58 Mbits/sec  1.170 ms  52/879 (5.9%)  
[  7]  65.00-66.00  sec  1.18 MBytes  9.92 Mbits/sec  0.942 ms  7/864 (0.81%)  
[  7]  66.00-67.00  sec  1.18 MBytes  9.93 Mbits/sec  1.182 ms  8/865 (0.92%)  
[  7]  67.00-68.00  sec  1.09 MBytes  9.12 Mbits/sec  2.113 ms  40/827 (4.8%)  
[  7]  68.00-69.00  sec  1.11 MBytes  9.34 Mbits/sec  1.191 ms  66/872 (7.6%)  
[  7]  69.00-70.00  sec  1.10 MBytes  9.23 Mbits/sec  0.972 ms  93/890 (10%)  
[  7]  70.00-71.00  sec  1.14 MBytes  9.58 Mbits/sec  0.906 ms  34/861 (3.9%)  
[  7]  71.00-72.00  sec  1.15 MBytes  9.65 Mbits/sec  0.833 ms  33/866 (3.8%)  
[  7]  72.00-73.00  sec  1.13 MBytes  9.49 Mbits/sec  1.138 ms  44/863 (5.1%)  
[  7]  73.00-74.00  sec  1.13 MBytes  9.49 Mbits/sec  1.163 ms  39/859 (4.5%)  
[  7]  74.00-75.00  sec  1.18 MBytes  9.95 Mbits/sec  0.942 ms  10/868 (1.2%)  
[  7]  75.00-76.00  sec  1.16 MBytes  9.70 Mbits/sec  1.424 ms  18/855 (2.1%)  
[  7]  76.00-77.00  sec  1.15 MBytes  9.62 Mbits/sec  1.348 ms  37/868 (4.3%)  
[  7]  77.00-78.00  sec  1.08 MBytes  9.07 Mbits/sec  0.936 ms  83/866 (9.6%)  
[  7]  78.00-79.00  sec  1.13 MBytes  9.46 Mbits/sec  1.184 ms  46/863 (5.3%)  
[  7]  79.00-80.00  sec  1.18 MBytes  9.88 Mbits/sec  0.841 ms  11/866 (1.3%)  
[  7]  80.00-81.00  sec  1.11 MBytes  9.34 Mbits/sec  0.826 ms  55/861 (6.4%)  
[  7]  81.00-82.00  sec  1.18 MBytes  9.91 Mbits/sec  1.163 ms  10/864 (1.2%)  
[  7]  82.00-83.00  sec  1.15 MBytes  9.65 Mbits/sec  1.090 ms  18/851 (2.1%)  
[  7]  83.00-84.00  sec  1.12 MBytes  9.40 Mbits/sec  1.163 ms  59/870 (6.8%)  
[  7]  84.00-85.00  sec  1.09 MBytes  9.15 Mbits/sec  1.376 ms  65/855 (7.6%)  
[  7]  85.00-86.00  sec  1.05 MBytes  8.79 Mbits/sec  1.780 ms  82/840 (9.8%)  
[  7]  86.00-87.00  sec  1.11 MBytes  9.30 Mbits/sec  0.965 ms  92/895 (10%)  
[  7]  87.00-88.00  sec  1.07 MBytes  8.98 Mbits/sec  1.167 ms  79/854 (9.3%)  
[  7]  88.00-89.00  sec  1.06 MBytes  8.86 Mbits/sec  1.049 ms  110/875 (13%)  
[  7]  89.00-90.00  sec  1.11 MBytes  9.33 Mbits/sec  1.276 ms  56/861 (6.5%)  
[  7]  90.00-91.00  sec  1.08 MBytes  9.06 Mbits/sec  0.978 ms  86/868 (9.9%)  
[  7]  91.00-92.00  sec  1.07 MBytes  9.01 Mbits/sec  1.802 ms  75/853 (8.8%)  
[  7]  92.00-93.00  sec  1.14 MBytes  9.58 Mbits/sec  1.138 ms  42/869 (4.8%)  
[  7]  93.00-94.00  sec  1.05 MBytes  8.77 Mbits/sec  1.073 ms  103/860 (12%)  
[  7]  94.00-95.00  sec  1.15 MBytes  9.64 Mbits/sec  1.474 ms  23/855 (2.7%)  
[  7]  95.00-96.00  sec  1.16 MBytes  9.76 Mbits/sec  0.942 ms  35/877 (4%)  
[  7]  96.00-97.00  sec  1.08 MBytes  9.04 Mbits/sec  1.411 ms  9/789 (1.1%)  
[  7]  97.00-98.00  sec  1.11 MBytes  9.30 Mbits/sec  0.812 ms  66/869 (7.6%)  
[  7]  98.00-99.00  sec  1.17 MBytes  9.85 Mbits/sec  1.077 ms  82/932 (8.8%)  
[  7]  99.00-100.00 sec  1.09 MBytes  9.11 Mbits/sec  1.489 ms  72/858 (8.4%)  
[  7] 100.00-101.00 sec  1.14 MBytes  9.59 Mbits/sec  1.366 ms  41/869 (4.7%)  
[  7] 101.00-102.00 sec  1.16 MBytes  9.76 Mbits/sec  0.619 ms  21/864 (2.4%)  
[  7] 102.00-103.00 sec  1.14 MBytes  9.59 Mbits/sec  1.292 ms  33/861 (3.8%)  
[  7] 103.00-104.00 sec  1.09 MBytes  9.11 Mbits/sec  1.527 ms  15/801 (1.9%)  
[  7] 104.00-105.00 sec   930 KBytes  7.62 Mbits/sec  1.475 ms  115/773 (15%)  
[  7] 105.00-106.00 sec  1.24 MBytes  10.4 Mbits/sec  0.887 ms  119/1020 (12%)  
[  7] 106.00-107.00 sec  1.13 MBytes  9.45 Mbits/sec  1.735 ms  33/849 (3.9%)  
[  7] 107.00-108.00 sec  1.13 MBytes  9.51 Mbits/sec  0.884 ms  53/874 (6.1%)  
[  7] 108.00-109.00 sec  1.08 MBytes  9.04 Mbits/sec  1.151 ms  80/860 (9.3%)  
[  7] 109.00-110.00 sec  1.12 MBytes  9.43 Mbits/sec  0.975 ms  53/867 (6.1%)  
[  7] 110.00-111.00 sec  1.10 MBytes  9.21 Mbits/sec  1.096 ms  70/865 (8.1%)  
[  7] 111.00-112.00 sec  1.13 MBytes  9.48 Mbits/sec  1.297 ms  25/843 (3%)  
[  7] 112.00-113.00 sec  1.09 MBytes  9.14 Mbits/sec  1.120 ms  95/884 (11%)  
[  7] 113.00-114.00 sec  1.15 MBytes  9.66 Mbits/sec  1.265 ms  30/864 (3.5%)  
[  7] 114.00-115.00 sec  1.12 MBytes  9.39 Mbits/sec  1.432 ms  35/845 (4.1%)  
[  7] 115.00-116.00 sec  1.17 MBytes  9.79 Mbits/sec  0.890 ms  35/880 (4%)  
[  7] 116.00-117.00 sec  1.15 MBytes  9.65 Mbits/sec  1.196 ms  24/857 (2.8%)  
[  7] 117.00-118.00 sec  1.05 MBytes  8.77 Mbits/sec  0.913 ms  111/868 (13%)  
[  7] 118.00-119.00 sec  1.14 MBytes  9.58 Mbits/sec  1.164 ms  35/862 (4.1%)  
[  7] 119.00-120.00 sec  1.14 MBytes  9.60 Mbits/sec  0.993 ms  37/866 (4.3%)  
[  7] 120.00-121.00 sec  1.16 MBytes  9.74 Mbits/sec  0.769 ms  22/863 (2.5%)  
[  7] 121.00-122.00 sec  1.15 MBytes  9.64 Mbits/sec  1.418 ms  29/861 (3.4%)  
[  7] 122.00-123.00 sec  1.15 MBytes  9.64 Mbits/sec  0.880 ms  33/865 (3.8%)  
[  7] 123.00-124.00 sec  1.13 MBytes  9.43 Mbits/sec  1.615 ms  42/857 (4.9%)  
[  7] 124.00-125.00 sec  1.11 MBytes  9.31 Mbits/sec  0.996 ms  67/870 (7.7%)  
[  7] 125.00-126.00 sec  1.02 MBytes  8.54 Mbits/sec  1.920 ms  81/819 (9.9%)  
[  7] 126.00-127.00 sec  1.22 MBytes  10.2 Mbits/sec  1.059 ms  25/905 (2.8%)  
[  7] 127.00-128.00 sec  1.01 MBytes  8.47 Mbits/sec  1.479 ms  117/848 (14%)  
[  7] 128.00-129.00 sec  1.11 MBytes  9.31 Mbits/sec  1.056 ms  73/877 (8.3%)  
[  7] 129.00-130.00 sec  1.16 MBytes  9.73 Mbits/sec  1.158 ms  21/861 (2.4%)  
[  7] 130.00-131.00 sec  1.07 MBytes  8.99 Mbits/sec  1.159 ms  87/863 (10%)  
[  7] 131.00-132.00 sec  1.10 MBytes  9.22 Mbits/sec  1.507 ms  73/869 (8.4%)  
[  7] 132.00-133.00 sec  1.12 MBytes  9.37 Mbits/sec  1.374 ms  47/856 (5.5%)  
[  7] 133.00-134.00 sec  1.11 MBytes  9.34 Mbits/sec  1.846 ms  45/851 (5.3%)  
[  7] 134.00-135.00 sec  1.16 MBytes  9.70 Mbits/sec  0.848 ms  48/885 (5.4%)  
[  7] 135.00-136.00 sec  1.10 MBytes  9.21 Mbits/sec  0.777 ms  69/866 (8%)  
[  7] 136.00-137.00 sec  1.11 MBytes  9.36 Mbits/sec  1.714 ms  52/858 (6.1%)  
[  7] 137.00-138.00 sec  1.14 MBytes  9.59 Mbits/sec  0.704 ms  38/866 (4.4%)  
[  7] 138.00-139.00 sec   996 KBytes  8.15 Mbits/sec  1.279 ms  155/860 (18%)  
[  7] 139.00-140.00 sec  1.11 MBytes  9.35 Mbits/sec  1.374 ms  56/863 (6.5%)  
[  7] 140.00-141.00 sec  1.16 MBytes  9.72 Mbits/sec  1.101 ms  27/866 (3.1%)  
[  7] 141.00-142.00 sec   979 KBytes  8.02 Mbits/sec  1.584 ms  115/807 (14%)  
[  7] 142.00-143.00 sec  1.18 MBytes  9.94 Mbits/sec  1.508 ms  54/912 (5.9%)  
[  7] 143.00-144.00 sec  1.05 MBytes  8.79 Mbits/sec  1.335 ms  105/864 (12%)  
[  7] 144.00-145.00 sec  1.07 MBytes  8.99 Mbits/sec  0.944 ms  91/867 (10%)  
[  7] 145.00-146.00 sec  1.05 MBytes  8.80 Mbits/sec  1.730 ms  77/837 (9.2%)  
[  7] 146.00-147.00 sec   960 KBytes  7.87 Mbits/sec  1.778 ms  199/878 (23%)  
[  7] 147.00-148.00 sec  1.10 MBytes  9.24 Mbits/sec  1.014 ms  79/877 (9%)  
[  7] 148.00-149.00 sec  1.06 MBytes  8.93 Mbits/sec  1.482 ms  69/840 (8.2%)  
[  7] 149.00-150.00 sec  1.15 MBytes  9.68 Mbits/sec  0.696 ms  52/888 (5.9%)  
[  7] 150.00-151.00 sec  1.15 MBytes  9.64 Mbits/sec  0.825 ms  29/861 (3.4%)  
[  7] 151.00-152.00 sec  1.04 MBytes  8.73 Mbits/sec  1.420 ms  24/778 (3.1%)  
[  7] 152.00-153.00 sec   976 KBytes  7.99 Mbits/sec  1.040 ms  211/901 (23%)  
[  7] 153.00-154.00 sec  1.05 MBytes  8.80 Mbits/sec  0.893 ms  137/897 (15%)  
[  7] 154.00-155.00 sec  1.11 MBytes  9.29 Mbits/sec  1.454 ms  73/875 (8.3%)  
[  7] 155.00-156.00 sec  1014 KBytes  8.31 Mbits/sec  0.805 ms  47/764 (6.2%)  
[  7] 156.00-157.00 sec  1.17 MBytes  9.82 Mbits/sec  1.606 ms  111/959 (12%)  
[  7] 157.00-158.00 sec  1.13 MBytes  9.45 Mbits/sec  1.589 ms  53/869 (6.1%)  
[  7] 158.00-159.00 sec  1.16 MBytes  9.74 Mbits/sec  1.327 ms  17/858 (2%)  
[  7] 159.00-160.00 sec  1.15 MBytes  9.67 Mbits/sec  1.648 ms  23/858 (2.7%)  
[  7] 160.00-161.00 sec  1.17 MBytes  9.81 Mbits/sec  1.291 ms  27/874 (3.1%)  
[  7] 161.00-162.00 sec  1.17 MBytes  9.79 Mbits/sec  0.745 ms  20/865 (2.3%)  
[  7] 162.00-163.00 sec  1.14 MBytes  9.53 Mbits/sec  1.581 ms  30/853 (3.5%)  
[  7] 163.00-164.00 sec  1.13 MBytes  9.48 Mbits/sec  1.584 ms  47/866 (5.4%)  
[  7] 164.00-165.00 sec  1.14 MBytes  9.58 Mbits/sec  0.872 ms  43/870 (4.9%)  
[  7] 165.00-166.00 sec  1.13 MBytes  9.46 Mbits/sec  1.437 ms  42/859 (4.9%)  
[  7] 166.00-167.00 sec  1.16 MBytes  9.77 Mbits/sec  1.127 ms  24/867 (2.8%)  
[  7] 167.00-168.00 sec  1.14 MBytes  9.58 Mbits/sec  1.471 ms  12/839 (1.4%)  
[  7] 168.00-169.00 sec  1.16 MBytes  9.73 Mbits/sec  1.119 ms  26/866 (3%)  
[  7] 169.00-170.00 sec  1.15 MBytes  9.68 Mbits/sec  0.821 ms  47/883 (5.3%)  
[  7] 170.00-171.00 sec  1.07 MBytes  9.00 Mbits/sec  1.106 ms  89/866 (10%)  
[  7] 171.00-172.00 sec  1.17 MBytes  9.83 Mbits/sec  0.983 ms  15/864 (1.7%)  
[  7] 172.00-173.00 sec  1.06 MBytes  8.93 Mbits/sec  1.377 ms  50/821 (6.1%)  
[  7] 173.00-174.00 sec  1.04 MBytes  8.71 Mbits/sec  0.952 ms  151/903 (17%)  
[  7] 174.00-175.00 sec  1.01 MBytes  8.50 Mbits/sec  1.836 ms  114/848 (13%)  
[  7] 175.00-176.00 sec  1.05 MBytes  8.78 Mbits/sec  0.618 ms  123/881 (14%)  
[  7] 176.00-177.00 sec  1.12 MBytes  9.37 Mbits/sec  0.823 ms  50/860 (5.8%)  
[  7] 177.00-178.00 sec  1.11 MBytes  9.32 Mbits/sec  0.597 ms  61/865 (7.1%)  
[  7] 178.00-179.00 sec  1.00 MBytes  8.42 Mbits/sec  1.408 ms  97/824 (12%)  
[  7] 179.00-180.00 sec  1.06 MBytes  8.87 Mbits/sec  1.032 ms  126/892 (14%)  
[  7] 180.00-181.00 sec  1.14 MBytes  9.60 Mbits/sec  1.688 ms  33/862 (3.8%)  
[  7] 181.00-182.00 sec  1.16 MBytes  9.73 Mbits/sec  0.721 ms  34/874 (3.9%)  
[  7] 182.00-183.00 sec  1.13 MBytes  9.50 Mbits/sec  0.965 ms  42/862 (4.9%)  
[  7] 183.00-184.00 sec  1.03 MBytes  8.66 Mbits/sec  1.266 ms  114/862 (13%)  
[  7] 184.00-185.00 sec  1.09 MBytes  9.14 Mbits/sec  1.334 ms  72/861 (8.4%)  
[  7] 185.00-186.00 sec  1.13 MBytes  9.44 Mbits/sec  1.227 ms  47/862 (5.5%)  
[  7] 186.00-187.00 sec  1.14 MBytes  9.58 Mbits/sec  1.544 ms  39/866 (4.5%)  
[  7] 187.00-188.00 sec  1.05 MBytes  8.79 Mbits/sec  2.061 ms  74/833 (8.9%)  
[  7] 188.00-189.00 sec  1.12 MBytes  9.38 Mbits/sec  0.784 ms  83/893 (9.3%)  
[  7] 189.00-190.00 sec  1.15 MBytes  9.64 Mbits/sec  1.524 ms  33/865 (3.8%)  
[  7] 190.00-191.00 sec  1.09 MBytes  9.14 Mbits/sec  1.377 ms  61/850 (7.2%)  
[  7] 191.00-192.00 sec  1.13 MBytes  9.48 Mbits/sec  1.076 ms  61/879 (6.9%)  
[  7] 192.00-193.00 sec  1.06 MBytes  8.91 Mbits/sec  1.009 ms  93/862 (11%)  
[  7] 193.00-194.00 sec  1.09 MBytes  9.15 Mbits/sec  1.156 ms  70/860 (8.1%)  
[  7] 194.00-195.00 sec  1.14 MBytes  9.52 Mbits/sec  1.148 ms  47/869 (5.4%)  
[  7] 195.00-196.00 sec  1.06 MBytes  8.90 Mbits/sec  1.150 ms  70/838 (8.4%)  
[  7] 196.00-197.00 sec  1.11 MBytes  9.30 Mbits/sec  1.413 ms  67/870 (7.7%)  
[  7] 197.00-198.00 sec  1.12 MBytes  9.43 Mbits/sec  1.642 ms  62/876 (7.1%)  
[  7] 198.00-199.00 sec  1.12 MBytes  9.37 Mbits/sec  1.088 ms  14/824 (1.7%)  
[  7] 199.00-200.00 sec  1.18 MBytes  9.92 Mbits/sec  1.127 ms  49/904 (5.4%)  
[  7] 200.00-201.00 sec  1.10 MBytes  9.22 Mbits/sec  1.226 ms  47/843 (5.6%)  
[  7] 201.00-202.00 sec  1.17 MBytes  9.77 Mbits/sec  0.831 ms  40/884 (4.5%)  
[  7] 202.00-203.00 sec  1.15 MBytes  9.62 Mbits/sec  1.053 ms  34/864 (3.9%)  
[  7] 203.00-204.00 sec  1.14 MBytes  9.56 Mbits/sec  0.702 ms  38/863 (4.4%)  
[  7] 204.00-205.00 sec  1.04 MBytes  8.74 Mbits/sec  2.258 ms  89/844 (11%)  
[  7] 205.00-206.00 sec  1.14 MBytes  9.52 Mbits/sec  1.483 ms  53/875 (6.1%)  
[  7] 206.00-207.00 sec  1.12 MBytes  9.41 Mbits/sec  1.853 ms  43/855 (5%)  
[  7] 207.00-208.00 sec  1.13 MBytes  9.51 Mbits/sec  0.735 ms  59/880 (6.7%)  
[  7] 208.00-209.00 sec  1.15 MBytes  9.64 Mbits/sec  0.688 ms  34/866 (3.9%)  
[  7] 209.00-210.00 sec  1.17 MBytes  9.79 Mbits/sec  1.208 ms  14/859 (1.6%)  
[  7] 210.00-211.00 sec  1.14 MBytes  9.55 Mbits/sec  1.654 ms  29/853 (3.4%)  
[  7] 211.00-212.00 sec  1.08 MBytes  9.04 Mbits/sec  1.625 ms  86/866 (9.9%)  
[  7] 212.00-213.00 sec  1.10 MBytes  9.23 Mbits/sec  1.047 ms  77/874 (8.8%)  
[  7] 213.00-214.00 sec  1.12 MBytes  9.40 Mbits/sec  0.929 ms  47/859 (5.5%)  
[  7] 214.00-215.00 sec  1.09 MBytes  9.12 Mbits/sec  1.282 ms  70/857 (8.2%)  
[  7] 215.00-216.00 sec  1.13 MBytes  9.51 Mbits/sec  1.244 ms  53/874 (6.1%)  
[  7] 216.00-217.00 sec  1.08 MBytes  9.05 Mbits/sec  1.361 ms  76/857 (8.9%)  
[  7] 217.00-218.00 sec  1.10 MBytes  9.23 Mbits/sec  1.107 ms  70/867 (8.1%)  
[  7] 218.00-219.00 sec  1.14 MBytes  9.57 Mbits/sec  1.398 ms  37/863 (4.3%)  
[  7] 219.00-220.00 sec  1.03 MBytes  8.57 Mbits/sec  1.766 ms  65/808 (8%)  
[  7] 220.00-221.00 sec  1.21 MBytes  10.2 Mbits/sec  1.672 ms  40/914 (4.4%)  
[  7] 221.00-222.00 sec  1.13 MBytes  9.48 Mbits/sec  1.271 ms  50/868 (5.8%)  
[  7] 222.00-223.00 sec  1.17 MBytes  9.81 Mbits/sec  0.885 ms  20/867 (2.3%)  
[  7] 223.00-224.00 sec  1.07 MBytes  8.99 Mbits/sec  0.828 ms  84/860 (9.8%)  
[  7] 224.00-225.00 sec   897 KBytes  7.34 Mbits/sec  0.973 ms  139/773 (18%)  
[  7] 225.00-226.00 sec  1.06 MBytes  8.93 Mbits/sec  1.444 ms  122/893 (14%)  
[  7] 226.00-227.00 sec  1.19 MBytes  9.99 Mbits/sec  0.931 ms  61/923 (6.6%)  
[  7] 227.00-228.00 sec  1.05 MBytes  8.84 Mbits/sec  0.960 ms  101/864 (12%)  
[  7] 228.00-229.00 sec  1.14 MBytes  9.59 Mbits/sec  1.022 ms  32/860 (3.7%)  
[  7] 229.00-230.00 sec  1.04 MBytes  8.69 Mbits/sec  1.905 ms  105/855 (12%)  
[  7] 230.00-231.00 sec  1.05 MBytes  8.79 Mbits/sec  1.871 ms  60/819 (7.3%)  
[  7] 231.00-232.00 sec   922 KBytes  7.55 Mbits/sec  1.342 ms  253/905 (28%)  
[  7] 232.00-233.00 sec  1.13 MBytes  9.50 Mbits/sec  2.040 ms  44/864 (5.1%)  
[  7] 233.00-234.00 sec  1.19 MBytes  9.95 Mbits/sec  1.041 ms  16/875 (1.8%)  
[  7] 234.00-235.00 sec  1.12 MBytes  9.39 Mbits/sec  1.055 ms  52/863 (6%)  
[  7] 235.00-236.00 sec  1.13 MBytes  9.46 Mbits/sec  1.213 ms  50/867 (5.8%)  
[  7] 236.00-237.00 sec  1.14 MBytes  9.58 Mbits/sec  1.256 ms  34/861 (3.9%)  
[  7] 237.00-238.00 sec  1.14 MBytes  9.51 Mbits/sec  1.311 ms  42/864 (4.9%)  
[  7] 238.00-239.00 sec  1.11 MBytes  9.34 Mbits/sec  1.587 ms  20/825 (2.4%)  
[  7] 239.00-240.00 sec  1.14 MBytes  9.56 Mbits/sec  0.856 ms  78/903 (8.6%)  
[  7] 240.00-241.00 sec  1.16 MBytes  9.73 Mbits/sec  1.378 ms  21/863 (2.4%)  
[  7] 241.00-242.00 sec  1.17 MBytes  9.87 Mbits/sec  0.632 ms  13/863 (1.5%)  
[  7] 242.00-243.00 sec  1.11 MBytes  9.29 Mbits/sec  1.308 ms  57/860 (6.6%)  
[  7] 243.00-244.00 sec  1.12 MBytes  9.42 Mbits/sec  1.250 ms  51/864 (5.9%)  
[  7] 244.00-245.00 sec  1.15 MBytes  9.63 Mbits/sec  0.715 ms  35/866 (4%)  
[  7] 245.00-246.00 sec  1.17 MBytes  9.83 Mbits/sec  0.806 ms  11/861 (1.3%)  
[  7] 246.00-247.00 sec  1.06 MBytes  8.92 Mbits/sec  1.184 ms  87/856 (10%)  
[  7] 247.00-248.00 sec  1.17 MBytes  9.80 Mbits/sec  1.093 ms  24/870 (2.8%)  
[  7] 248.00-249.00 sec  1.14 MBytes  9.60 Mbits/sec  1.100 ms  36/865 (4.2%)  
[  7] 249.00-250.00 sec  1.13 MBytes  9.48 Mbits/sec  1.429 ms  44/863 (5.1%)  
[  7] 250.00-251.00 sec  1003 KBytes  8.22 Mbits/sec  1.125 ms  19/728 (2.6%)  
[  7] 251.00-252.00 sec  1.29 MBytes  10.8 Mbits/sec  0.995 ms  61/994 (6.1%)  
[  7] 252.00-253.00 sec  1.09 MBytes  9.11 Mbits/sec  0.577 ms  82/868 (9.4%)  
[  7] 253.00-254.00 sec  1.10 MBytes  9.19 Mbits/sec  1.319 ms  57/850 (6.7%)  
[  7] 254.00-255.00 sec  1.07 MBytes  8.99 Mbits/sec  1.036 ms  76/852 (8.9%)  
[  7] 255.00-256.00 sec  1.14 MBytes  9.60 Mbits/sec  1.023 ms  61/890 (6.9%)  
[  7] 256.00-257.00 sec  1.13 MBytes  9.47 Mbits/sec  0.933 ms  45/864 (5.2%)  
[  7] 257.00-258.00 sec  1.13 MBytes  9.51 Mbits/sec  1.048 ms  40/859 (4.7%)  
[  7] 258.00-259.00 sec  1.06 MBytes  8.92 Mbits/sec  1.370 ms  64/834 (7.7%)  
[  7] 259.00-260.00 sec  1.14 MBytes  9.57 Mbits/sec  1.134 ms  70/896 (7.8%)  
[  7] 260.00-261.00 sec  1.12 MBytes  9.38 Mbits/sec  1.357 ms  39/849 (4.6%)  
[  7] 261.00-262.00 sec  1.14 MBytes  9.56 Mbits/sec  0.474 ms  53/878 (6%)  
[  7] 262.00-263.00 sec  1.17 MBytes  9.81 Mbits/sec  0.771 ms  16/863 (1.9%)  
[  7] 263.00-264.00 sec  1.11 MBytes  9.29 Mbits/sec  1.065 ms  55/857 (6.4%)  
[  7] 264.00-265.00 sec  1.12 MBytes  9.41 Mbits/sec  1.020 ms  57/870 (6.6%)  
[  7] 265.00-266.00 sec  1.18 MBytes  9.88 Mbits/sec  1.121 ms  4/857 (0.47%)  
[  7] 266.00-267.00 sec  1.19 MBytes  10.0 Mbits/sec  0.725 ms  3/866 (0.35%)  
[  7] 267.00-268.00 sec  1.16 MBytes  9.72 Mbits/sec  1.241 ms  25/864 (2.9%)  
[  7] 268.00-269.00 sec  1.17 MBytes  9.79 Mbits/sec  0.996 ms  17/862 (2%)  
[  7] 269.00-270.00 sec  1.12 MBytes  9.36 Mbits/sec  1.029 ms  59/867 (6.8%)  
[  7] 270.00-271.00 sec  1.12 MBytes  9.43 Mbits/sec  1.042 ms  48/862 (5.6%)  
[  7] 271.00-272.00 sec  1.08 MBytes  9.09 Mbits/sec  1.936 ms  49/834 (5.9%)  
[  7] 272.00-273.00 sec  1021 KBytes  8.37 Mbits/sec  1.614 ms  168/890 (19%)  
[  7] 273.00-274.00 sec  1.10 MBytes  9.19 Mbits/sec  1.190 ms  68/861 (7.9%)  
[  7] 274.00-275.00 sec  1.06 MBytes  8.86 Mbits/sec  1.093 ms  102/867 (12%)  
[  7] 275.00-276.00 sec  1.15 MBytes  9.65 Mbits/sec  0.778 ms  33/866 (3.8%)  
[  7] 276.00-277.00 sec  1.18 MBytes  9.88 Mbits/sec  1.321 ms  6/859 (0.7%)  
[  7] 277.00-278.00 sec  1.18 MBytes  9.86 Mbits/sec  0.852 ms  14/865 (1.6%)  
[  7] 278.00-279.00 sec  1.15 MBytes  9.61 Mbits/sec  1.002 ms  32/862 (3.7%)  
[  7] 279.00-280.00 sec  1.14 MBytes  9.53 Mbits/sec  1.186 ms  41/864 (4.7%)  
[  7] 280.00-281.00 sec  1.19 MBytes  10.0 Mbits/sec  0.999 ms  1/865 (0.12%)  
[  7] 281.00-282.00 sec  1.13 MBytes  9.49 Mbits/sec  1.153 ms  37/856 (4.3%)  
[  7] 282.00-283.00 sec  1.12 MBytes  9.41 Mbits/sec  0.986 ms  58/870 (6.7%)  
[  7] 283.00-284.00 sec  1.15 MBytes  9.67 Mbits/sec  0.878 ms  30/865 (3.5%)  
[  7] 284.00-285.00 sec  1.13 MBytes  9.51 Mbits/sec  1.158 ms  37/858 (4.3%)  
[  7] 285.00-286.00 sec  1.09 MBytes  9.11 Mbits/sec  1.053 ms  78/867 (9%)  
[  7] 286.00-287.00 sec  1.11 MBytes  9.36 Mbits/sec  1.259 ms  57/862 (6.6%)  
[  7] 287.00-288.00 sec   935 KBytes  7.66 Mbits/sec  1.641 ms  175/836 (21%)  
[  7] 288.00-289.00 sec  1.13 MBytes  9.51 Mbits/sec  0.656 ms  70/891 (7.9%)  
[  7] 289.00-290.00 sec  1.16 MBytes  9.70 Mbits/sec  0.963 ms  23/860 (2.7%)  
[  7] 290.00-291.00 sec  1.13 MBytes  9.50 Mbits/sec  1.047 ms  48/868 (5.5%)  
[  7] 291.00-292.00 sec  1.17 MBytes  9.84 Mbits/sec  1.085 ms  13/863 (1.5%)  
[  7] 292.00-293.00 sec  1.15 MBytes  9.68 Mbits/sec  0.744 ms  25/860 (2.9%)  
[  7] 293.00-294.00 sec  1.17 MBytes  9.80 Mbits/sec  1.487 ms  20/866 (2.3%)  
[  7] 294.00-295.00 sec  1.16 MBytes  9.72 Mbits/sec  1.153 ms  21/860 (2.4%)  
[  7] 295.00-296.00 sec  1.18 MBytes  9.91 Mbits/sec  1.189 ms  6/862 (0.7%)  
[  7] 296.00-297.00 sec  1.12 MBytes  9.43 Mbits/sec  1.048 ms  53/867 (6.1%)  
[  7] 297.00-298.00 sec  1.06 MBytes  8.91 Mbits/sec  2.135 ms  74/843 (8.8%)  
[  7] 298.00-299.00 sec  1.15 MBytes  9.63 Mbits/sec  1.128 ms  52/883 (5.9%)  
[  7] 299.00-300.00 sec  1.10 MBytes  9.23 Mbits/sec  1.100 ms  68/865 (7.9%)  
[  7] 300.00-301.00 sec  1.16 MBytes  9.70 Mbits/sec  1.030 ms  24/862 (2.8%)  
[  7] 301.00-302.00 sec  1.07 MBytes  8.95 Mbits/sec  1.002 ms  93/865 (11%)  
[  7] 302.00-303.00 sec  1.17 MBytes  9.79 Mbits/sec  0.676 ms  18/863 (2.1%)  
[  7] 303.00-304.00 sec  1.17 MBytes  9.83 Mbits/sec  1.518 ms  7/857 (0.82%)  
[  7] 304.00-305.00 sec  1.08 MBytes  9.04 Mbits/sec  0.807 ms  33/813 (4.1%)  
[  7] 305.00-306.00 sec  1.25 MBytes  10.5 Mbits/sec  0.885 ms  16/919 (1.7%)  
[  7] 306.00-307.00 sec  1.09 MBytes  9.10 Mbits/sec  2.142 ms  43/829 (5.2%)  
[  7] 307.00-308.00 sec  1.16 MBytes  9.73 Mbits/sec  1.797 ms  41/881 (4.7%)  
[  7] 308.00-309.00 sec  1.15 MBytes  9.61 Mbits/sec  1.228 ms  43/873 (4.9%)  
[  7] 309.00-310.00 sec  1.18 MBytes  9.94 Mbits/sec  0.993 ms  13/871 (1.5%)  
[  7] 310.00-311.00 sec  1.15 MBytes  9.65 Mbits/sec  1.118 ms  20/853 (2.3%)  
[  7] 311.00-312.00 sec  1.16 MBytes  9.73 Mbits/sec  1.035 ms  34/874 (3.9%)  
[  7] 312.00-313.00 sec  1.09 MBytes  9.12 Mbits/sec  1.072 ms  73/860 (8.5%)  
[  7] 313.00-314.00 sec  1.18 MBytes  9.94 Mbits/sec  0.893 ms  7/865 (0.81%)  
[  7] 314.00-315.00 sec  1.13 MBytes  9.44 Mbits/sec  0.835 ms  36/851 (4.2%)  
[  7] 315.00-316.00 sec  1.11 MBytes  9.32 Mbits/sec  1.249 ms  24/829 (2.9%)  
[  7] 316.00-317.00 sec  1.24 MBytes  10.4 Mbits/sec  1.019 ms  16/911 (1.8%)  
[  7] 317.00-318.00 sec  1.14 MBytes  9.56 Mbits/sec  0.707 ms  38/864 (4.4%)  
[  7] 318.00-319.00 sec  1.10 MBytes  9.22 Mbits/sec  1.210 ms  66/863 (7.6%)  
[  7] 319.00-320.00 sec  1.16 MBytes  9.77 Mbits/sec  0.659 ms  19/861 (2.2%)  
[  7] 320.00-321.00 sec  1.14 MBytes  9.59 Mbits/sec  1.139 ms  30/858 (3.5%)  
[  7] 321.00-322.00 sec  1.05 MBytes  8.82 Mbits/sec  1.649 ms  100/861 (12%)  
[  7] 322.00-323.00 sec  1.04 MBytes  8.75 Mbits/sec  1.888 ms  86/841 (10%)  
[  7] 323.00-324.00 sec  1.10 MBytes  9.24 Mbits/sec  1.480 ms  86/884 (9.7%)  
[  7] 324.00-325.00 sec  1.15 MBytes  9.63 Mbits/sec  0.736 ms  40/871 (4.6%)  
[  7] 325.00-326.00 sec  1.16 MBytes  9.72 Mbits/sec  0.950 ms  27/866 (3.1%)  
[  7] 326.00-327.00 sec  1.15 MBytes  9.65 Mbits/sec  0.983 ms  27/860 (3.1%)  
[  7] 327.00-328.00 sec  1.10 MBytes  9.24 Mbits/sec  1.395 ms  55/853 (6.4%)  
[  7] 328.00-329.00 sec  1.20 MBytes  10.0 Mbits/sec  0.801 ms  10/876 (1.1%)  
[  7] 329.00-330.00 sec  1.07 MBytes  8.97 Mbits/sec  0.842 ms  68/842 (8.1%)  
[  7] 330.00-331.00 sec  1.11 MBytes  9.29 Mbits/sec  2.856 ms  70/872 (8%)  
[  7] 331.00-332.00 sec  1.06 MBytes  8.92 Mbits/sec  0.641 ms  107/877 (12%)  
[  7] 332.00-333.00 sec  1.14 MBytes  9.59 Mbits/sec  1.156 ms  11/839 (1.3%)  
[  7] 333.00-334.00 sec  1.06 MBytes  8.92 Mbits/sec  1.094 ms  78/848 (9.2%)  
[  7] 334.00-335.00 sec  1.04 MBytes  8.73 Mbits/sec  1.234 ms  101/854 (12%)  
[  7] 335.00-336.00 sec  1.09 MBytes  9.15 Mbits/sec  0.704 ms  117/907 (13%)  
[  7] 336.00-337.00 sec  1.13 MBytes  9.51 Mbits/sec  0.828 ms  47/868 (5.4%)  
[  7] 337.00-338.00 sec  1.10 MBytes  9.21 Mbits/sec  1.142 ms  63/858 (7.3%)  
[  7] 338.00-339.00 sec  1011 KBytes  8.28 Mbits/sec  1.539 ms  130/845 (15%)  
[  7] 339.00-340.00 sec  1.20 MBytes  10.1 Mbits/sec  1.156 ms  18/886 (2%)  
[  7] 340.00-341.00 sec  1.16 MBytes  9.74 Mbits/sec  0.975 ms  19/861 (2.2%)  
[  7] 341.00-342.00 sec  1.15 MBytes  9.70 Mbits/sec  0.844 ms  31/867 (3.6%)  
[  7] 342.00-343.00 sec  1.12 MBytes  9.37 Mbits/sec  1.983 ms  24/833 (2.9%)  
[  7] 343.00-344.00 sec  1.19 MBytes  9.96 Mbits/sec  1.068 ms  32/892 (3.6%)  
[  7] 344.00-345.00 sec  1.13 MBytes  9.44 Mbits/sec  1.156 ms  50/865 (5.8%)  
[  7] 345.00-346.00 sec  1.17 MBytes  9.80 Mbits/sec  1.113 ms  14/860 (1.6%)  
[  7] 346.00-347.00 sec  1.18 MBytes  9.88 Mbits/sec  0.713 ms  11/864 (1.3%)  
[  7] 347.00-348.00 sec  1.18 MBytes  9.94 Mbits/sec  0.711 ms  6/864 (0.69%)  
[  7] 348.00-349.00 sec  1.18 MBytes  9.86 Mbits/sec  1.096 ms  8/859 (0.93%)  
[  7] 349.00-350.00 sec  1.19 MBytes  9.97 Mbits/sec  1.351 ms  0/861 (0%)  
[  7] 350.00-351.00 sec  1.19 MBytes  9.97 Mbits/sec  0.805 ms  9/870 (1%)  
[  7] 351.00-352.00 sec  1.02 MBytes  8.54 Mbits/sec  1.473 ms  126/863 (15%)  
[  7] 352.00-353.00 sec  1.11 MBytes  9.28 Mbits/sec  0.818 ms  64/865 (7.4%)  
[  7] 353.00-354.00 sec  1.17 MBytes  9.80 Mbits/sec  1.253 ms  18/864 (2.1%)  
[  7] 354.00-355.00 sec  1.14 MBytes  9.55 Mbits/sec  1.821 ms  21/845 (2.5%)  
[  7] 355.00-356.00 sec  1.13 MBytes  9.50 Mbits/sec  0.992 ms  57/877 (6.5%)  
[  7] 356.00-357.00 sec  1.19 MBytes  9.96 Mbits/sec  1.095 ms  5/865 (0.58%)  
[  7] 357.00-358.00 sec  1.11 MBytes  9.33 Mbits/sec  1.084 ms  60/865 (6.9%)  
[  7] 358.00-359.00 sec  1.06 MBytes  8.91 Mbits/sec  1.456 ms  92/861 (11%)  
[  7] 359.00-360.00 sec  1.14 MBytes  9.60 Mbits/sec  1.621 ms  36/865 (4.2%)  
[  7] 360.00-361.00 sec  1.13 MBytes  9.45 Mbits/sec  1.008 ms  45/861 (5.2%)  
[  7] 361.00-362.00 sec  1.14 MBytes  9.53 Mbits/sec  0.597 ms  42/865 (4.9%)  
[  7] 362.00-363.00 sec  1.07 MBytes  8.99 Mbits/sec  1.702 ms  24/800 (3%)  
[  7] 363.00-364.00 sec  1.12 MBytes  9.43 Mbits/sec  1.675 ms  102/916 (11%)  
[  7] 364.00-365.00 sec  1.16 MBytes  9.72 Mbits/sec  1.151 ms  24/863 (2.8%)  
[  7] 365.00-366.00 sec  1.13 MBytes  9.47 Mbits/sec  1.188 ms  54/872 (6.2%)  
[  7] 366.00-367.00 sec  1.15 MBytes  9.63 Mbits/sec  0.966 ms  34/865 (3.9%)  
[  7] 367.00-368.00 sec  1.15 MBytes  9.67 Mbits/sec  0.714 ms  30/865 (3.5%)  
[  7] 368.00-369.00 sec  1.02 MBytes  8.60 Mbits/sec  0.725 ms  117/859 (14%)  
[  7] 369.00-370.00 sec  1.13 MBytes  9.48 Mbits/sec  1.038 ms  43/861 (5%)  
[  7] 370.00-371.00 sec  1.17 MBytes  9.79 Mbits/sec  0.717 ms  20/865 (2.3%)  
[  7] 371.00-372.00 sec  1.05 MBytes  8.81 Mbits/sec  1.173 ms  104/864 (12%)  
[  7] 372.00-373.00 sec  1.11 MBytes  9.30 Mbits/sec  1.039 ms  64/867 (7.4%)  
[  7] 373.00-374.00 sec  1.11 MBytes  9.35 Mbits/sec  1.217 ms  48/855 (5.6%)  
[  7] 374.00-375.00 sec  1.07 MBytes  8.97 Mbits/sec  1.154 ms  90/864 (10%)  
[  7] 375.00-376.00 sec  1.09 MBytes  9.14 Mbits/sec  1.164 ms  65/859 (7.6%)  
[  7] 376.00-377.00 sec  1.10 MBytes  9.19 Mbits/sec  1.616 ms  71/864 (8.2%)  
[  7] 377.00-378.00 sec  1.14 MBytes  9.59 Mbits/sec  0.901 ms  45/873 (5.2%)  
[  7] 378.00-379.00 sec  1.10 MBytes  9.27 Mbits/sec  1.036 ms  63/863 (7.3%)  
[  7] 379.00-380.00 sec  1.15 MBytes  9.67 Mbits/sec  1.166 ms  21/856 (2.5%)  
[  7] 380.00-381.00 sec  1.17 MBytes  9.81 Mbits/sec  0.846 ms  23/870 (2.6%)  
[  7] 381.00-382.00 sec  1.11 MBytes  9.31 Mbits/sec  2.014 ms  32/836 (3.8%)  
[  7] 382.00-383.00 sec  1.04 MBytes  8.72 Mbits/sec  2.005 ms  115/868 (13%)  
[  7] 383.00-384.00 sec  1.11 MBytes  9.34 Mbits/sec  0.766 ms  82/888 (9.2%)  
[  7] 384.00-385.00 sec  1.08 MBytes  9.07 Mbits/sec  1.319 ms  66/849 (7.8%)  
[  7] 385.00-386.00 sec  1.19 MBytes  9.96 Mbits/sec  1.198 ms  9/869 (1%)  
[  7] 386.00-387.00 sec  1.17 MBytes  9.83 Mbits/sec  1.243 ms  22/871 (2.5%)  
[  7] 387.00-388.00 sec  1.15 MBytes  9.62 Mbits/sec  1.366 ms  22/852 (2.6%)  
[  7] 388.00-389.00 sec  1.10 MBytes  9.19 Mbits/sec  1.531 ms  67/860 (7.8%)  
[  7] 389.00-390.00 sec  1.17 MBytes  9.82 Mbits/sec  0.665 ms  28/876 (3.2%)  
[  7] 390.00-391.00 sec  1.10 MBytes  9.25 Mbits/sec  2.157 ms  34/832 (4.1%)  
[  7] 391.00-392.00 sec  1.12 MBytes  9.42 Mbits/sec  1.034 ms  75/888 (8.4%)  
[  7] 392.00-393.00 sec  1.06 MBytes  8.87 Mbits/sec  0.836 ms  106/872 (12%)  
[  7] 393.00-394.00 sec  1.06 MBytes  8.93 Mbits/sec  1.372 ms  53/824 (6.4%)  
[  7] 394.00-395.00 sec  1.16 MBytes  9.73 Mbits/sec  0.733 ms  61/901 (6.8%)  
[  7] 395.00-396.00 sec  1.15 MBytes  9.68 Mbits/sec  1.482 ms  23/859 (2.7%)  
[  7] 396.00-397.00 sec  1.16 MBytes  9.73 Mbits/sec  1.270 ms  27/867 (3.1%)  
[  7] 397.00-398.00 sec   964 KBytes  7.90 Mbits/sec  1.317 ms  171/853 (20%)  
[  7] 398.00-399.00 sec  1.17 MBytes  9.80 Mbits/sec  1.462 ms  22/868 (2.5%)  
[  7] 399.00-400.00 sec  1.19 MBytes  9.96 Mbits/sec  0.863 ms  8/868 (0.92%)  
[  7] 400.00-401.00 sec  1.18 MBytes  9.87 Mbits/sec  0.987 ms  8/860 (0.93%)  
[  7] 401.00-402.00 sec  1.08 MBytes  9.06 Mbits/sec  0.686 ms  86/868 (9.9%)  
[  7] 402.00-403.00 sec  1.15 MBytes  9.63 Mbits/sec  1.413 ms  24/855 (2.8%)  
[  7] 403.00-404.00 sec  1.17 MBytes  9.85 Mbits/sec  0.832 ms  20/870 (2.3%)  
[  7] 404.00-405.00 sec  1.10 MBytes  9.19 Mbits/sec  1.416 ms  70/864 (8.1%)  
[  7] 405.00-406.00 sec  1.18 MBytes  9.87 Mbits/sec  0.902 ms  13/864 (1.5%)  
[  7] 406.00-407.00 sec  1.03 MBytes  8.68 Mbits/sec  1.503 ms  101/850 (12%)  
[  7] 407.00-408.00 sec  1.18 MBytes  9.90 Mbits/sec  0.551 ms  22/877 (2.5%)  
[  7] 408.00-409.00 sec  1.14 MBytes  9.60 Mbits/sec  0.918 ms  34/862 (3.9%)  
[  7] 409.00-410.00 sec  1.06 MBytes  8.87 Mbits/sec  1.159 ms  98/864 (11%)  
[  7] 410.00-411.00 sec  1.08 MBytes  9.05 Mbits/sec  3.396 ms  63/844 (7.5%)  
[  7] 411.00-412.00 sec  1.01 MBytes  8.47 Mbits/sec  1.417 ms  133/864 (15%)  
[  7] 412.00-413.00 sec  1.15 MBytes  9.64 Mbits/sec  1.460 ms  44/876 (5%)  
[  7] 413.00-414.00 sec  1.09 MBytes  9.10 Mbits/sec  1.072 ms  72/858 (8.4%)  
[  7] 414.00-415.00 sec  1.14 MBytes  9.57 Mbits/sec  0.961 ms  48/874 (5.5%)  
[  7] 415.00-416.00 sec  1.08 MBytes  9.02 Mbits/sec  1.168 ms  73/852 (8.6%)  
[  7] 416.00-417.00 sec  1.07 MBytes  8.98 Mbits/sec  1.313 ms  82/857 (9.6%)  
[  7] 417.00-418.00 sec  1.11 MBytes  9.28 Mbits/sec  0.691 ms  82/883 (9.3%)  
[  7] 418.00-419.00 sec  1.17 MBytes  9.75 Mbits/sec  1.210 ms  16/860 (1.9%)  
[  7] 419.00-420.00 sec  1.11 MBytes  9.32 Mbits/sec  1.574 ms  63/866 (7.3%)  
[  7] 420.00-421.00 sec  1.18 MBytes  9.88 Mbits/sec  0.929 ms  10/863 (1.2%)  
[  7] 421.00-422.00 sec  1.09 MBytes  9.15 Mbits/sec  1.297 ms  64/855 (7.5%)  
[  7] 422.00-423.00 sec  1.06 MBytes  8.89 Mbits/sec  2.020 ms  42/809 (5.2%)  
[  7] 423.00-424.00 sec  1.22 MBytes  10.3 Mbits/sec  1.086 ms  40/927 (4.3%)  
[  7] 424.00-425.00 sec  1.16 MBytes  9.71 Mbits/sec  0.960 ms  20/858 (2.3%)  
[  7] 425.00-426.00 sec  1.16 MBytes  9.70 Mbits/sec  1.086 ms  28/866 (3.2%)  
[  7] 426.00-427.00 sec  1.12 MBytes  9.40 Mbits/sec  0.857 ms  51/862 (5.9%)  
[  7] 427.00-428.00 sec  1.08 MBytes  9.06 Mbits/sec  1.485 ms  83/865 (9.6%)  
[  7] 428.00-429.00 sec  1.18 MBytes  9.94 Mbits/sec  1.087 ms  3/861 (0.35%)  
[  7] 429.00-430.00 sec  1.13 MBytes  9.48 Mbits/sec  1.352 ms  44/862 (5.1%)  
[  7] 430.00-431.00 sec  1.01 MBytes  8.43 Mbits/sec  0.957 ms  137/865 (16%)  
[  7] 431.00-432.00 sec  1.08 MBytes  9.07 Mbits/sec  1.838 ms  63/847 (7.4%)  
[  7] 432.00-433.00 sec   904 KBytes  7.41 Mbits/sec  1.685 ms  229/868 (26%)  
[  7] 433.00-434.00 sec  1018 KBytes  8.34 Mbits/sec  3.594 ms  142/862 (16%)  
[  7] 434.00-435.00 sec  1.10 MBytes  9.26 Mbits/sec  1.318 ms  71/870 (8.2%)  
[  7] 435.00-436.00 sec  1.16 MBytes  9.76 Mbits/sec  1.100 ms  27/870 (3.1%)  
[  7] 436.00-437.00 sec  1.16 MBytes  9.70 Mbits/sec  1.301 ms  20/859 (2.3%)  
[  7] 437.00-438.00 sec  1.17 MBytes  9.85 Mbits/sec  1.079 ms  17/866 (2%)  
[  7] 438.00-439.00 sec  1.00 MBytes  8.41 Mbits/sec  1.339 ms  91/817 (11%)  
[  7] 439.00-440.00 sec  1.15 MBytes  9.61 Mbits/sec  1.621 ms  63/893 (7.1%)  
[  7] 440.00-441.00 sec  1.16 MBytes  9.76 Mbits/sec  1.210 ms  36/878 (4.1%)  
[  7] 441.00-442.00 sec  1.14 MBytes  9.53 Mbits/sec  1.208 ms  41/864 (4.7%)  
[  7] 442.00-443.00 sec  1.07 MBytes  8.94 Mbits/sec  1.397 ms  74/846 (8.7%)  
[  7] 443.00-444.00 sec  1.09 MBytes  9.10 Mbits/sec  2.054 ms  74/860 (8.6%)  
[  7] 444.00-445.00 sec  1.15 MBytes  9.63 Mbits/sec  1.211 ms  54/885 (6.1%)  
[  7] 445.00-446.00 sec  1.10 MBytes  9.20 Mbits/sec  0.914 ms  72/866 (8.3%)  
[  7] 446.00-447.00 sec  1.08 MBytes  9.06 Mbits/sec  1.024 ms  77/859 (9%)  
[  7] 447.00-448.00 sec  1.05 MBytes  8.84 Mbits/sec  1.430 ms  81/844 (9.6%)  
[  7] 448.00-449.00 sec  1.16 MBytes  9.75 Mbits/sec  1.234 ms  33/875 (3.8%)  
[  7] 449.00-450.00 sec  1.14 MBytes  9.56 Mbits/sec  1.362 ms  48/873 (5.5%)  
[  7] 450.00-451.00 sec  1.07 MBytes  8.98 Mbits/sec  1.396 ms  90/865 (10%)  
[  7] 451.00-452.00 sec   867 KBytes  7.10 Mbits/sec  1.899 ms  235/848 (28%)  
[  7] 452.00-453.00 sec  1.12 MBytes  9.43 Mbits/sec  1.178 ms  57/871 (6.5%)  
[  7] 453.00-454.00 sec  1.03 MBytes  8.67 Mbits/sec  1.036 ms  123/871 (14%)  
[  7] 454.00-455.00 sec  1.06 MBytes  8.86 Mbits/sec  1.078 ms  97/862 (11%)  
[  7] 455.00-456.00 sec  1.17 MBytes  9.79 Mbits/sec  1.182 ms  13/858 (1.5%)  
[  7] 456.00-457.00 sec  1.05 MBytes  8.77 Mbits/sec  1.254 ms  111/868 (13%)  
[  7] 457.00-458.00 sec  1.17 MBytes  9.79 Mbits/sec  0.858 ms  17/862 (2%)  
[  7] 458.00-459.00 sec  1.15 MBytes  9.60 Mbits/sec  1.412 ms  33/863 (3.8%)  
[  7] 459.00-460.00 sec  1.11 MBytes  9.35 Mbits/sec  0.973 ms  62/868 (7.1%)  
[  7] 460.00-461.00 sec  1.16 MBytes  9.70 Mbits/sec  1.445 ms  24/861 (2.8%)  
[  7] 461.00-462.00 sec  1.10 MBytes  9.19 Mbits/sec  1.588 ms  66/859 (7.7%)  
[  7] 462.00-463.00 sec  1.19 MBytes  10.0 Mbits/sec  0.763 ms  5/870 (0.57%)  
[  7] 463.00-464.00 sec  1.01 MBytes  8.46 Mbits/sec  1.264 ms  45/775 (5.8%)  
[  7] 464.00-465.00 sec  1.21 MBytes  10.1 Mbits/sec  1.306 ms  71/945 (7.5%)  
[  7] 465.00-466.00 sec  1.13 MBytes  9.45 Mbits/sec  1.356 ms  49/865 (5.7%)  
[  7] 466.00-467.00 sec  1.17 MBytes  9.82 Mbits/sec  1.438 ms  12/860 (1.4%)  
[  7] 467.00-468.00 sec  1.10 MBytes  9.20 Mbits/sec  1.781 ms  64/858 (7.5%)  
[  7] 468.00-469.00 sec   945 KBytes  7.74 Mbits/sec  1.314 ms  113/781 (14%)  
[  7] 469.00-470.00 sec  1.14 MBytes  9.56 Mbits/sec  1.262 ms  132/958 (14%)  
[  7] 470.00-471.00 sec  1.16 MBytes  9.75 Mbits/sec  0.991 ms  17/858 (2%)  
[  7] 471.00-472.00 sec  1.13 MBytes  9.51 Mbits/sec  0.891 ms  45/866 (5.2%)  
[  7] 472.00-473.00 sec  1.12 MBytes  9.38 Mbits/sec  1.741 ms  38/848 (4.5%)  
[  7] 473.00-474.00 sec  1.03 MBytes  8.65 Mbits/sec  0.921 ms  133/880 (15%)  
[  7] 474.00-475.00 sec  1.15 MBytes  9.61 Mbits/sec  1.052 ms  31/861 (3.6%)  
[  7] 475.00-476.00 sec  1.01 MBytes  8.50 Mbits/sec  1.707 ms  98/832 (12%)  
[  7] 476.00-477.00 sec  1021 KBytes  8.36 Mbits/sec  1.559 ms  168/890 (19%)  
[  7] 477.00-478.00 sec  1.11 MBytes  9.32 Mbits/sec  0.934 ms  65/870 (7.5%)  
[  7] 478.00-479.00 sec  1.04 MBytes  8.75 Mbits/sec  1.548 ms  87/842 (10%)  
[  7] 479.00-480.00 sec  1.16 MBytes  9.71 Mbits/sec  1.419 ms  35/873 (4%)  
[  7] 480.00-481.00 sec  1.12 MBytes  9.36 Mbits/sec  1.677 ms  47/855 (5.5%)  
[  7] 481.00-482.00 sec  1.12 MBytes  9.37 Mbits/sec  1.197 ms  36/845 (4.3%)  
[  7] 482.00-483.00 sec  1.06 MBytes  8.87 Mbits/sec  3.404 ms  122/888 (14%)  
[  7] 483.00-484.00 sec  1.14 MBytes  9.58 Mbits/sec  0.506 ms  48/875 (5.5%)  
[  7] 484.00-485.00 sec  1.06 MBytes  8.86 Mbits/sec  1.278 ms  54/819 (6.6%)  
[  7] 485.00-486.00 sec  1.04 MBytes  8.75 Mbits/sec  1.742 ms  127/882 (14%)  
[  7] 486.00-487.00 sec  1.11 MBytes  9.34 Mbits/sec  1.154 ms  79/885 (8.9%)  
[  7] 487.00-488.00 sec  1.03 MBytes  8.68 Mbits/sec  1.319 ms  103/852 (12%)  
[  7] 488.00-489.00 sec  1.18 MBytes  9.86 Mbits/sec  0.933 ms  27/878 (3.1%)  
[  7] 489.00-490.00 sec   974 KBytes  7.98 Mbits/sec  2.464 ms  122/811 (15%)  
[  7] 490.00-491.00 sec  1.12 MBytes  9.37 Mbits/sec  1.648 ms  95/905 (10%)  
[  7] 491.00-492.00 sec  1.07 MBytes  9.02 Mbits/sec  1.620 ms  86/863 (10%)  
[  7] 492.00-493.00 sec  1.09 MBytes  9.12 Mbits/sec  0.972 ms  90/877 (10%)  
[  7] 493.00-494.00 sec  1.16 MBytes  9.72 Mbits/sec  1.269 ms  22/863 (2.5%)  
[  7] 494.00-495.00 sec  1.15 MBytes  9.65 Mbits/sec  0.832 ms  30/861 (3.5%)  
[  7] 495.00-496.00 sec  1024 KBytes  8.39 Mbits/sec  1.280 ms  137/861 (16%)  
[  7] 496.00-497.00 sec  1.11 MBytes  9.29 Mbits/sec  1.693 ms  54/856 (6.3%)  
[  7] 497.00-498.00 sec  1.18 MBytes  9.94 Mbits/sec  0.907 ms  15/873 (1.7%)  
[  7] 498.00-499.00 sec  1.11 MBytes  9.32 Mbits/sec  1.295 ms  51/855 (6%)  
[  7] 499.00-500.00 sec  1.03 MBytes  8.62 Mbits/sec  1.037 ms  128/872 (15%)  
[  7] 500.00-501.00 sec  1.08 MBytes  9.09 Mbits/sec  1.163 ms  67/852 (7.9%)  
[  7] 501.00-502.00 sec  1.13 MBytes  9.49 Mbits/sec  1.619 ms  33/852 (3.9%)  
[  7] 502.00-503.00 sec  1.18 MBytes  9.89 Mbits/sec  0.980 ms  30/884 (3.4%)  
[  7] 503.00-504.00 sec   954 KBytes  7.82 Mbits/sec  1.530 ms  49/724 (6.8%)  
[  7] 504.00-505.00 sec  1.15 MBytes  9.65 Mbits/sec  0.964 ms  171/1004 (17%)  
[  7] 505.00-506.00 sec  1.14 MBytes  9.54 Mbits/sec  1.091 ms  39/863 (4.5%)  
[  7] 506.00-507.00 sec  1.16 MBytes  9.71 Mbits/sec  1.179 ms  21/859 (2.4%)  
[  7] 507.00-508.00 sec  1.08 MBytes  9.08 Mbits/sec  1.500 ms  67/851 (7.9%)  
[  7] 508.00-509.00 sec  1.04 MBytes  8.68 Mbits/sec  1.082 ms  85/835 (10%)  
[  7] 509.00-510.00 sec   957 KBytes  7.85 Mbits/sec  1.282 ms  167/844 (20%)  
[  7] 510.00-511.00 sec  1.16 MBytes  9.75 Mbits/sec  0.773 ms  88/930 (9.5%)  
[  7] 511.00-512.00 sec  1010 KBytes  8.27 Mbits/sec  1.155 ms  141/855 (16%)  
[  7] 512.00-513.00 sec  1.09 MBytes  9.17 Mbits/sec  0.916 ms  77/869 (8.9%)  
[  7] 513.00-514.00 sec  1.19 MBytes  10.0 Mbits/sec  0.990 ms  1/865 (0.12%)  
[  7] 514.00-515.00 sec  1.16 MBytes  9.74 Mbits/sec  0.792 ms  23/864 (2.7%)  
[  7] 515.00-516.00 sec  1.12 MBytes  9.39 Mbits/sec  1.475 ms  48/859 (5.6%)  
[  7] 516.00-517.00 sec  1.01 MBytes  8.48 Mbits/sec  1.591 ms  123/855 (14%)  
[  7] 517.00-518.00 sec  1.18 MBytes  9.86 Mbits/sec  1.071 ms  24/875 (2.7%)  
[  7] 518.00-519.00 sec   997 KBytes  8.14 Mbits/sec  1.588 ms  103/808 (13%)  
[  7] 519.00-520.00 sec  1.08 MBytes  9.04 Mbits/sec  1.194 ms  133/912 (15%)  
[  7] 520.00-521.00 sec  1.14 MBytes  9.54 Mbits/sec  0.915 ms  47/870 (5.4%)  
[  7] 521.00-522.00 sec  1.13 MBytes  9.49 Mbits/sec  1.133 ms  39/858 (4.5%)  
[  7] 522.00-523.00 sec  1.17 MBytes  9.81 Mbits/sec  1.002 ms  17/864 (2%)  
[  7] 523.00-524.00 sec  1.09 MBytes  9.14 Mbits/sec  1.173 ms  77/866 (8.9%)  
[  7] 524.00-525.00 sec  1.18 MBytes  9.94 Mbits/sec  0.762 ms  6/864 (0.69%)  
[  7] 525.00-526.00 sec  1.14 MBytes  9.53 Mbits/sec  0.774 ms  35/858 (4.1%)  
[  7] 526.00-527.00 sec  1.13 MBytes  9.45 Mbits/sec  0.810 ms  40/856 (4.7%)  
[  7] 527.00-528.00 sec  1.11 MBytes  9.35 Mbits/sec  1.052 ms  58/865 (6.7%)  
[  7] 528.00-529.00 sec  1.14 MBytes  9.60 Mbits/sec  1.372 ms  41/870 (4.7%)  
[  7] 529.00-530.00 sec  1.09 MBytes  9.12 Mbits/sec  1.549 ms  63/850 (7.4%)  
[  7] 530.00-531.00 sec  1.12 MBytes  9.37 Mbits/sec  0.852 ms  73/882 (8.3%)  
[  7] 531.00-532.00 sec  1.10 MBytes  9.19 Mbits/sec  1.354 ms  55/848 (6.5%)  
[  7] 532.00-533.00 sec  1.16 MBytes  9.69 Mbits/sec  1.063 ms  35/872 (4%)  
[  7] 533.00-534.00 sec  1.12 MBytes  9.41 Mbits/sec  0.969 ms  56/868 (6.5%)  
[  7] 534.00-535.00 sec  1.17 MBytes  9.79 Mbits/sec  1.293 ms  17/862 (2%)  
[  7] 535.00-536.00 sec  1.05 MBytes  8.78 Mbits/sec  1.102 ms  90/848 (11%)  
[  7] 536.00-537.00 sec  1.12 MBytes  9.40 Mbits/sec  1.189 ms  58/870 (6.7%)  
[  7] 537.00-538.00 sec  1.08 MBytes  9.03 Mbits/sec  1.507 ms  90/869 (10%)  
[  7] 538.00-539.00 sec  1.10 MBytes  9.19 Mbits/sec  1.532 ms  58/853 (6.8%)  
[  7] 539.00-540.00 sec  1.15 MBytes  9.65 Mbits/sec  1.754 ms  30/863 (3.5%)  
[  7] 540.00-541.00 sec  1.16 MBytes  9.78 Mbits/sec  1.116 ms  36/879 (4.1%)  
[  7] 541.00-542.00 sec  1.09 MBytes  9.15 Mbits/sec  1.078 ms  69/859 (8%)  
[  7] 542.00-543.00 sec  1.13 MBytes  9.49 Mbits/sec  1.223 ms  35/854 (4.1%)  
[  7] 543.00-544.00 sec  1.14 MBytes  9.59 Mbits/sec  1.306 ms  42/870 (4.8%)  
[  7] 544.00-545.00 sec  1.11 MBytes  9.33 Mbits/sec  1.761 ms  32/837 (3.8%)  
[  7] 545.00-546.00 sec  1.18 MBytes  9.87 Mbits/sec  1.647 ms  37/889 (4.2%)  
[  7] 546.00-547.00 sec  1.18 MBytes  9.86 Mbits/sec  0.883 ms  13/864 (1.5%)  
[  7] 547.00-548.00 sec  1.15 MBytes  9.63 Mbits/sec  1.281 ms  29/860 (3.4%)  
[  7] 548.00-549.00 sec  1.05 MBytes  8.78 Mbits/sec  1.369 ms  88/846 (10%)  
[  7] 549.00-550.00 sec  1.15 MBytes  9.65 Mbits/sec  0.769 ms  57/890 (6.4%)  
[  7] 550.00-551.00 sec  1.14 MBytes  9.59 Mbits/sec  0.701 ms  36/864 (4.2%)  
[  7] 551.00-552.00 sec  1.19 MBytes  10.0 Mbits/sec  1.037 ms  0/863 (0%)  
[  7] 552.00-553.00 sec  1.19 MBytes  9.97 Mbits/sec  1.043 ms  0/861 (0%)  
[  7] 553.00-554.00 sec  1.19 MBytes  10.0 Mbits/sec  1.030 ms  4/867 (0.46%)  
[  7] 554.00-555.00 sec  1.18 MBytes  9.88 Mbits/sec  0.651 ms  8/861 (0.93%)  
[  7] 555.00-556.00 sec  1.17 MBytes  9.79 Mbits/sec  1.118 ms  14/859 (1.6%)  
[  7] 556.00-557.00 sec  1.18 MBytes  9.90 Mbits/sec  0.658 ms  14/869 (1.6%)  
[  7] 557.00-558.00 sec  1.16 MBytes  9.77 Mbits/sec  0.844 ms  21/864 (2.4%)  
[  7] 558.00-559.00 sec  1.17 MBytes  9.85 Mbits/sec  1.012 ms  5/855 (0.58%)  
[  7] 559.00-560.00 sec  1.17 MBytes  9.85 Mbits/sec  1.326 ms  13/863 (1.5%)  
[  7] 560.00-561.00 sec  1.19 MBytes  9.95 Mbits/sec  1.112 ms  8/867 (0.92%)  
[  7] 561.00-562.00 sec  1.16 MBytes  9.70 Mbits/sec  1.318 ms  19/857 (2.2%)  
[  7] 562.00-563.00 sec  1.20 MBytes  10.0 Mbits/sec  1.149 ms  6/872 (0.69%)  
[  7] 563.00-564.00 sec  1.19 MBytes  10.0 Mbits/sec  0.691 ms  1/864 (0.12%)  
[  7] 564.00-565.00 sec  1.16 MBytes  9.71 Mbits/sec  1.409 ms  14/852 (1.6%)  
[  7] 565.00-566.00 sec  1.20 MBytes  10.0 Mbits/sec  1.076 ms  5/873 (0.57%)  
[  7] 566.00-567.00 sec  1.16 MBytes  9.74 Mbits/sec  0.955 ms  24/865 (2.8%)  
[  7] 567.00-568.00 sec  1.16 MBytes  9.77 Mbits/sec  1.204 ms  12/855 (1.4%)  
[  7] 568.00-569.00 sec  1.19 MBytes  10.0 Mbits/sec  1.148 ms  2/867 (0.23%)  
[  7] 569.00-570.00 sec  1.19 MBytes  9.98 Mbits/sec  1.351 ms  3/864 (0.35%)  
[  7] 570.00-571.00 sec  1.18 MBytes  9.93 Mbits/sec  0.827 ms  8/865 (0.92%)  
[  7] 571.00-572.00 sec  1.18 MBytes  9.94 Mbits/sec  0.928 ms  4/862 (0.46%)  
[  7] 572.00-573.00 sec  1.15 MBytes  9.66 Mbits/sec  1.132 ms  24/858 (2.8%)  
[  7] 573.00-574.00 sec  1.20 MBytes  10.1 Mbits/sec  0.764 ms  3/873 (0.34%)  
[  7] 574.00-575.00 sec  1.19 MBytes  9.97 Mbits/sec  0.905 ms  0/861 (0%)  
[  7] 575.00-576.00 sec  1.19 MBytes  9.93 Mbits/sec  1.246 ms  1/860 (0.12%)  
[  7] 576.00-577.00 sec  1.18 MBytes  9.90 Mbits/sec  1.335 ms  2/855 (0.23%)  
[  7] 577.00-578.00 sec  1.19 MBytes  9.95 Mbits/sec  0.940 ms  12/873 (1.4%)  
[  7] 578.00-579.00 sec  1.19 MBytes  10.0 Mbits/sec  1.026 ms  2/866 (0.23%)  
[  7] 579.00-580.00 sec  1.18 MBytes  9.90 Mbits/sec  0.954 ms  5/860 (0.58%)  
[  7] 580.00-581.00 sec  1.20 MBytes  10.0 Mbits/sec  0.917 ms  1/868 (0.12%)  
[  7] 581.00-582.00 sec  1.19 MBytes  9.95 Mbits/sec  1.150 ms  0/859 (0%)  
[  7] 582.00-583.00 sec  1.20 MBytes  10.0 Mbits/sec  0.373 ms  0/867 (0%)  
[  7] 583.00-584.00 sec  1.19 MBytes  10.0 Mbits/sec  0.901 ms  0/863 (0%)  
[  7] 584.00-585.00 sec  1.19 MBytes  10.0 Mbits/sec  0.521 ms  0/864 (0%)  
[  7] 585.00-586.00 sec  1.19 MBytes  10.0 Mbits/sec  0.412 ms  0/863 (0%)  
[  7] 586.00-587.00 sec  1.19 MBytes  10.0 Mbits/sec  0.369 ms  0/863 (0%)  
[  7] 587.00-588.00 sec  1.19 MBytes  10.0 Mbits/sec  0.670 ms  0/863 (0%)  
[  7] 588.00-589.00 sec  1.19 MBytes  10.0 Mbits/sec  0.694 ms  0/864 (0%)  
[  7] 589.00-590.00 sec  1.19 MBytes  10.0 Mbits/sec  0.676 ms  0/863 (0%)  
[  7] 590.00-591.00 sec  1.19 MBytes  10.0 Mbits/sec  0.396 ms  0/863 (0%)  
[  7] 591.00-592.00 sec  1.19 MBytes  10.0 Mbits/sec  0.625 ms  0/863 (0%)  
[  7] 592.00-593.00 sec  1.19 MBytes  10.0 Mbits/sec  0.295 ms  0/864 (0%)  
[  7] 593.00-594.00 sec  1.19 MBytes  9.99 Mbits/sec  0.408 ms  0/862 (0%)  
[  7] 594.00-595.00 sec  1.19 MBytes  10.0 Mbits/sec  0.653 ms  0/864 (0%)  
[  7] 595.00-596.00 sec  1.19 MBytes  9.96 Mbits/sec  0.602 ms  0/862 (0%)  
[  7] 596.00-597.00 sec  1.19 MBytes  10.0 Mbits/sec  0.776 ms  0/863 (0%)  
[  7] 597.00-598.00 sec  1.19 MBytes  9.97 Mbits/sec  0.742 ms  0/861 (0%)  
[  7] 598.00-599.00 sec  1.20 MBytes  10.0 Mbits/sec  0.609 ms  0/867 (0%)  
[  7] 599.00-600.00 sec  1.19 MBytes  10.0 Mbits/sec  0.765 ms  0/863 (0%)  
[  7] 600.00-601.00 sec  1.19 MBytes  10.0 Mbits/sec  0.644 ms  0/864 (0%)  
[  7] 601.00-602.00 sec  1.18 MBytes  9.88 Mbits/sec  1.032 ms  5/859 (0.58%)  
[  7] 602.00-603.00 sec  1.20 MBytes  10.0 Mbits/sec  0.533 ms  1/867 (0.12%)  
[  7] 603.00-604.00 sec  1.19 MBytes  9.99 Mbits/sec  0.648 ms  2/864 (0.23%)  
[  7] 604.00-605.00 sec  1.18 MBytes  9.91 Mbits/sec  0.779 ms  6/862 (0.7%)  
[  7] 605.00-606.00 sec  1.19 MBytes  10.0 Mbits/sec  0.718 ms  1/864 (0.12%)  
[  7] 606.00-607.00 sec  1.19 MBytes  9.99 Mbits/sec  0.539 ms  0/862 (0%)  
[  7] 607.00-608.00 sec  1.19 MBytes  10.0 Mbits/sec  0.679 ms  0/864 (0%)  
[  7] 608.00-609.00 sec  1.19 MBytes  10.0 Mbits/sec  0.453 ms  0/863 (0%)  
[  7] 609.00-610.00 sec  1.19 MBytes  10.0 Mbits/sec  0.487 ms  0/863 (0%)  
[  7] 610.00-611.00 sec  1.19 MBytes  10.0 Mbits/sec  0.467 ms  0/864 (0%)  
[  7] 611.00-612.00 sec  1.19 MBytes  10.0 Mbits/sec  0.712 ms  0/864 (0%)  
[  7] 612.00-613.00 sec  1.18 MBytes  9.90 Mbits/sec  1.342 ms  1/857 (0.12%)  
[  7] 613.00-614.00 sec  1.16 MBytes  9.74 Mbits/sec  1.130 ms  18/858 (2.1%)  
[  7] 614.00-615.00 sec  1.19 MBytes  9.99 Mbits/sec  1.305 ms  10/872 (1.1%)  
[  7] 615.00-616.00 sec  1.19 MBytes  9.97 Mbits/sec  0.879 ms  0/861 (0%)  
[  7] 616.00-617.00 sec  1.20 MBytes  10.0 Mbits/sec  0.966 ms  0/866 (0%)  
[  7] 617.00-618.00 sec  1.17 MBytes  9.84 Mbits/sec  0.917 ms  14/864 (1.6%)  
[  7] 618.00-619.00 sec  1.16 MBytes  9.77 Mbits/sec  1.523 ms  9/852 (1.1%)  
[  7] 619.00-620.00 sec  1.18 MBytes  9.93 Mbits/sec  1.140 ms  14/872 (1.6%)  
[  7] 620.00-621.00 sec  1.15 MBytes  9.63 Mbits/sec  1.636 ms  10/841 (1.2%)  
[  7] 621.00-622.00 sec  1.19 MBytes  9.97 Mbits/sec  0.864 ms  27/888 (3%)  
[  7] 622.00-623.00 sec  1.19 MBytes  9.96 Mbits/sec  0.771 ms  0/860 (0%)  
[  7] 623.00-624.00 sec  1.20 MBytes  10.0 Mbits/sec  0.478 ms  0/866 (0%)  
[  7] 624.00-625.00 sec  1.19 MBytes  10.0 Mbits/sec  0.527 ms  0/865 (0%)  
[  7] 625.00-626.00 sec  1.19 MBytes  9.99 Mbits/sec  0.917 ms  0/862 (0%)  
[  7] 626.00-627.00 sec  1.19 MBytes  10.0 Mbits/sec  0.642 ms  0/863 (0%)  
[  7] 627.00-628.00 sec  1.19 MBytes  10.0 Mbits/sec  1.143 ms  0/863 (0%)  
[  7] 628.00-629.00 sec  1.13 MBytes  9.49 Mbits/sec  1.856 ms  26/845 (3.1%)  
[  7] 629.00-630.00 sec  1.14 MBytes  9.58 Mbits/sec  1.046 ms  56/883 (6.3%)  
[  7] 630.00-631.00 sec  1.17 MBytes  9.80 Mbits/sec  1.123 ms  15/861 (1.7%)  
[  7] 631.00-632.00 sec  1.15 MBytes  9.61 Mbits/sec  1.318 ms  30/860 (3.5%)  
[  7] 632.00-633.00 sec  1.17 MBytes  9.82 Mbits/sec  1.469 ms  20/867 (2.3%)  
[  7] 633.00-634.00 sec  1.14 MBytes  9.59 Mbits/sec  1.518 ms  29/857 (3.4%)  
[  7] 634.00-635.00 sec  1.19 MBytes  9.96 Mbits/sec  1.012 ms  8/868 (0.92%)  
[  7] 635.00-636.00 sec  1.19 MBytes  10.0 Mbits/sec  0.629 ms  2/867 (0.23%)  
[  7] 636.00-637.00 sec  1.18 MBytes  9.89 Mbits/sec  1.201 ms  1/857 (0.12%)  
[  7] 637.00-638.00 sec  1.19 MBytes  9.96 Mbits/sec  1.691 ms  1/861 (0.12%)  
[  7] 638.00-639.00 sec  1.15 MBytes  9.66 Mbits/sec  1.458 ms  34/866 (3.9%)  
[  7] 639.00-640.00 sec  1.17 MBytes  9.85 Mbits/sec  0.802 ms  18/868 (2.1%)  
[  7] 640.00-641.00 sec  1.19 MBytes  9.99 Mbits/sec  1.144 ms  0/863 (0%)  
[  7] 641.00-642.00 sec  1.19 MBytes  9.96 Mbits/sec  1.104 ms  0/859 (0%)  
[  7] 642.00-643.00 sec  1.19 MBytes  10.0 Mbits/sec  0.596 ms  4/867 (0.46%)  
[  7] 643.00-644.00 sec  1.19 MBytes  9.98 Mbits/sec  0.966 ms  0/862 (0%)  
[  7] 644.00-645.00 sec  1.18 MBytes  9.93 Mbits/sec  1.370 ms  0/858 (0%)  
[  7] 645.00-646.00 sec  1.20 MBytes  10.1 Mbits/sec  0.669 ms  0/872 (0%)  
[  7] 646.00-647.00 sec  1.19 MBytes  9.99 Mbits/sec  0.537 ms  0/862 (0%)  
[  7] 647.00-648.00 sec  1.19 MBytes  9.99 Mbits/sec  0.582 ms  0/863 (0%)  
[  7] 648.00-649.00 sec  1.18 MBytes  9.94 Mbits/sec  0.510 ms  5/863 (0.58%)  
[  7] 649.00-650.00 sec  1.19 MBytes  10.0 Mbits/sec  0.794 ms  0/865 (0%)  
[  7] 650.00-651.00 sec  1.19 MBytes  9.99 Mbits/sec  0.577 ms  0/862 (0%)  
[  7] 651.00-652.00 sec  1.19 MBytes  10.0 Mbits/sec  0.647 ms  0/864 (0%)  
[  7] 652.00-653.00 sec  1.19 MBytes  10.0 Mbits/sec  0.545 ms  0/863 (0%)  
[  7] 653.00-654.00 sec  1.19 MBytes  10.0 Mbits/sec  0.634 ms  0/864 (0%)  
[  7] 654.00-655.00 sec  1.19 MBytes  9.99 Mbits/sec  0.594 ms  0/862 (0%)  
[  7] 655.00-656.00 sec  1.19 MBytes  10.0 Mbits/sec  0.609 ms  0/863 (0%)  
[  7] 656.00-657.00 sec  1.19 MBytes  10.0 Mbits/sec  0.594 ms  0/864 (0%)  
[  7] 657.00-658.00 sec  1.19 MBytes  10.0 Mbits/sec  0.537 ms  0/863 (0%)  
[  7] 658.00-659.00 sec  1.19 MBytes  10.0 Mbits/sec  0.553 ms  0/864 (0%)  
[  7] 659.00-660.00 sec  1.19 MBytes  10.0 Mbits/sec  0.717 ms  0/863 (0%)  
[  7] 660.00-661.00 sec  1.19 MBytes  9.97 Mbits/sec  0.475 ms  0/861 (0%)  
[  7] 661.00-662.00 sec  1.19 MBytes  10.0 Mbits/sec  0.465 ms  3/866 (0.35%)  
[  7] 662.00-663.00 sec  1.19 MBytes  9.97 Mbits/sec  0.721 ms  0/861 (0%)  
[  7] 663.00-664.00 sec  1.19 MBytes  10.0 Mbits/sec  0.508 ms  0/865 (0%)  
[  7] 664.00-665.00 sec  1.19 MBytes  10.0 Mbits/sec  0.406 ms  0/863 (0%)  
[  7] 665.00-666.00 sec  1.19 MBytes  10.0 Mbits/sec  0.608 ms  0/863 (0%)  
[  7] 666.00-667.00 sec  1.19 MBytes  10.0 Mbits/sec  0.888 ms  0/864 (0%)  
[  7] 667.00-668.00 sec  1.18 MBytes  9.93 Mbits/sec  1.085 ms  1/859 (0.12%)  
[  7] 668.00-669.00 sec  1.18 MBytes  9.94 Mbits/sec  1.242 ms  3/860 (0.35%)  
[  7] 669.00-670.00 sec  1.14 MBytes  9.57 Mbits/sec  1.825 ms  28/854 (3.3%)  
[  7] 670.00-671.00 sec  1.19 MBytes  10.0 Mbits/sec  0.806 ms  13/878 (1.5%)  
[  7] 671.00-672.00 sec  1.19 MBytes  10.0 Mbits/sec  0.664 ms  0/864 (0%)  
[  7] 672.00-673.00 sec  1.19 MBytes  9.97 Mbits/sec  0.699 ms  0/860 (0%)  
[  7] 673.00-674.00 sec  1.17 MBytes  9.81 Mbits/sec  1.455 ms  13/862 (1.5%)  
[  7] 674.00-675.00 sec  1.14 MBytes  9.56 Mbits/sec  1.225 ms  44/867 (5.1%)  
[  7] 675.00-676.00 sec  1.17 MBytes  9.81 Mbits/sec  1.759 ms  9/856 (1.1%)  
[  7] 676.00-677.00 sec  1.17 MBytes  9.84 Mbits/sec  1.440 ms  15/865 (1.7%)  
[  7] 677.00-678.00 sec  1.19 MBytes  10.0 Mbits/sec  0.624 ms  7/870 (0.8%)  
[  7] 678.00-679.00 sec  1.19 MBytes  10.0 Mbits/sec  0.408 ms  0/863 (0%)  
[  7] 679.00-680.00 sec  1.17 MBytes  9.85 Mbits/sec  0.951 ms  14/864 (1.6%)  
[  7] 680.00-681.00 sec  1.19 MBytes  10.0 Mbits/sec  0.507 ms  0/863 (0%)  
[  7] 681.00-682.00 sec  1.19 MBytes  10.0 Mbits/sec  0.836 ms  0/863 (0%)  
[  7] 682.00-683.00 sec  1.19 MBytes  10.0 Mbits/sec  0.584 ms  0/863 (0%)  
[  7] 683.00-684.00 sec  1.19 MBytes  10.0 Mbits/sec  0.370 ms  0/864 (0%)  
[  7] 684.00-685.00 sec  1.19 MBytes  9.97 Mbits/sec  0.646 ms  2/863 (0.23%)  
[  7] 685.00-686.00 sec  1.19 MBytes  9.96 Mbits/sec  0.370 ms  3/863 (0.35%)  
[  7] 686.00-687.00 sec  1.18 MBytes  9.92 Mbits/sec  1.379 ms  2/858 (0.23%)  
[  7] 687.00-688.00 sec  1.17 MBytes  9.78 Mbits/sec  1.377 ms  14/858 (1.6%)  
[  7] 688.00-689.00 sec  1.17 MBytes  9.82 Mbits/sec  0.600 ms  26/874 (3%)  
[  7] 689.00-690.00 sec  1.19 MBytes  9.99 Mbits/sec  0.887 ms  0/862 (0%)  
[  7] 690.00-691.00 sec  1.19 MBytes  10.0 Mbits/sec  0.624 ms  0/864 (0%)  
[  7] 691.00-692.00 sec  1.19 MBytes  10.0 Mbits/sec  0.533 ms  0/865 (0%)  
[  7] 692.00-693.00 sec  1.16 MBytes  9.74 Mbits/sec  0.986 ms  11/852 (1.3%)  
[  7] 693.00-694.00 sec  1.21 MBytes  10.1 Mbits/sec  0.424 ms  0/873 (0%)  
[  7] 694.00-695.00 sec  1.19 MBytes  10.0 Mbits/sec  0.528 ms  0/864 (0%)  
[  7] 695.00-696.00 sec  1.19 MBytes  10.0 Mbits/sec  0.451 ms  0/863 (0%)  
[  7] 696.00-697.00 sec  1.19 MBytes  10.0 Mbits/sec  0.489 ms  0/863 (0%)  
[  7] 697.00-698.00 sec  1.19 MBytes  9.99 Mbits/sec  0.747 ms  0/862 (0%)  
[  7] 698.00-699.00 sec  1.16 MBytes  9.71 Mbits/sec  1.156 ms  24/862 (2.8%)  
[  7] 699.00-700.00 sec  1.20 MBytes  10.0 Mbits/sec  0.837 ms  1/867 (0.12%)  
[  7] 700.00-701.00 sec  1.19 MBytes  9.98 Mbits/sec  0.708 ms  0/862 (0%)  
[  7] 701.00-702.00 sec  1.11 MBytes  9.29 Mbits/sec  2.129 ms  15/817 (1.8%)  
[  7] 702.00-703.00 sec  1.20 MBytes  10.1 Mbits/sec  0.580 ms  39/910 (4.3%)  
[  7] 703.00-704.00 sec  1.18 MBytes  9.92 Mbits/sec  1.083 ms  7/863 (0.81%)  
[  7] 704.00-705.00 sec  1.19 MBytes  9.96 Mbits/sec  0.890 ms  0/860 (0%)  
[  7] 705.00-706.00 sec  1.20 MBytes  10.0 Mbits/sec  0.708 ms  0/867 (0%)  
[  7] 706.00-707.00 sec  1.19 MBytes  10.0 Mbits/sec  0.493 ms  0/863 (0%)  
[  7] 707.00-708.00 sec  1.19 MBytes  10.0 Mbits/sec  0.534 ms  0/864 (0%)  
[  7] 708.00-709.00 sec  1.19 MBytes  9.99 Mbits/sec  0.459 ms  0/862 (0%)  
[  7] 709.00-710.00 sec  1.19 MBytes  10.0 Mbits/sec  0.679 ms  0/863 (0%)  
[  7] 710.00-711.00 sec  1.19 MBytes  9.95 Mbits/sec  1.319 ms  0/859 (0%)  
[  7] 711.00-712.00 sec  1.20 MBytes  10.0 Mbits/sec  0.766 ms  1/868 (0.12%)  
[  7] 712.00-713.00 sec  1.19 MBytes  10.0 Mbits/sec  0.959 ms  0/863 (0%)  
[  7] 713.00-714.00 sec  1.19 MBytes  10.0 Mbits/sec  0.882 ms  0/864 (0%)  
[  7] 714.00-715.00 sec  1.19 MBytes  9.97 Mbits/sec  0.980 ms  0/861 (0%)  
[  7] 715.00-716.00 sec  1.15 MBytes  9.67 Mbits/sec  1.899 ms  2/837 (0.24%)  
[  7] 716.00-717.00 sec  1.20 MBytes  10.1 Mbits/sec  0.694 ms  17/889 (1.9%)  
[  7] 717.00-718.00 sec  1.20 MBytes  10.0 Mbits/sec  0.762 ms  0/866 (0%)  
[  7] 718.00-719.00 sec  1.19 MBytes  9.99 Mbits/sec  0.795 ms  0/862 (0%)  
[  7] 719.00-720.00 sec  1.19 MBytes  10.0 Mbits/sec  0.600 ms  0/864 (0%)  
[  7] 720.00-721.00 sec  1.19 MBytes  10.0 Mbits/sec  0.848 ms  0/864 (0%)  
[  7] 721.00-722.00 sec  1.19 MBytes  9.97 Mbits/sec  0.846 ms  0/861 (0%)  
[  7] 722.00-723.00 sec  1.19 MBytes  9.95 Mbits/sec  1.094 ms  0/859 (0%)  
[  7] 723.00-724.00 sec  1.20 MBytes  10.1 Mbits/sec  0.563 ms  1/869 (0.12%)  
[  7] 724.00-725.00 sec  1.16 MBytes  9.75 Mbits/sec  0.869 ms  20/862 (2.3%)  
[  7] 725.00-726.00 sec  1.19 MBytes  9.99 Mbits/sec  0.495 ms  2/864 (0.23%)  
[  7] 726.00-727.00 sec  1.19 MBytes  10.0 Mbits/sec  0.948 ms  0/864 (0%)  
[  7] 727.00-728.00 sec  1.19 MBytes  9.98 Mbits/sec  0.769 ms  0/862 (0%)  
[  7] 728.00-729.00 sec  1.19 MBytes  10.0 Mbits/sec  0.836 ms  0/864 (0%)  
[  7] 729.00-730.00 sec  1.19 MBytes  10.0 Mbits/sec  0.772 ms  0/863 (0%)  
[  7] 730.00-731.00 sec  1.19 MBytes  10.0 Mbits/sec  1.066 ms  0/864 (0%)  
[  7] 731.00-732.00 sec  1.19 MBytes  10.0 Mbits/sec  0.921 ms  0/863 (0%)  
[  7] 732.00-733.00 sec  1.19 MBytes  9.99 Mbits/sec  0.431 ms  1/863 (0.12%)  
[  7] 733.00-734.00 sec  1.19 MBytes  9.98 Mbits/sec  0.952 ms  1/862 (0.12%)  
[  7] 734.00-735.00 sec  1.19 MBytes  9.95 Mbits/sec  0.913 ms  2/862 (0.23%)  
[  7] 735.00-736.00 sec  1.18 MBytes  9.87 Mbits/sec  0.964 ms  14/865 (1.6%)  
[  7] 736.00-737.00 sec  1.19 MBytes  10.0 Mbits/sec  0.606 ms  2/865 (0.23%)  
[  7] 737.00-738.00 sec  1.19 MBytes  10.0 Mbits/sec  0.790 ms  0/863 (0%)  
[  7] 738.00-739.00 sec  1.19 MBytes  10.0 Mbits/sec  0.637 ms  0/864 (0%)  
[  7] 739.00-740.00 sec  1.19 MBytes  9.96 Mbits/sec  1.084 ms  0/860 (0%)  
[  7] 740.00-741.00 sec  1.19 MBytes  10.0 Mbits/sec  0.996 ms  0/864 (0%)  
[  7] 741.00-742.00 sec  1.16 MBytes  9.74 Mbits/sec  0.718 ms  24/865 (2.8%)  
[  7] 742.00-743.00 sec  1.18 MBytes  9.87 Mbits/sec  1.184 ms  5/857 (0.58%)  
[  7] 743.00-744.00 sec  1.18 MBytes  9.90 Mbits/sec  1.456 ms  10/865 (1.2%)  
[  7] 744.00-745.00 sec  1.16 MBytes  9.77 Mbits/sec  1.263 ms  23/866 (2.7%)  
[  7] 745.00-746.00 sec  1.19 MBytes  10.0 Mbits/sec  0.641 ms  0/864 (0%)  
[  7] 746.00-747.00 sec  1.19 MBytes  9.98 Mbits/sec  0.975 ms  0/862 (0%)  
[  7] 747.00-748.00 sec  1.19 MBytes  10.0 Mbits/sec  1.046 ms  0/863 (0%)  
[  7] 748.00-749.00 sec  1.19 MBytes  10.0 Mbits/sec  1.159 ms  0/863 (0%)  
[  7] 749.00-750.00 sec  1.20 MBytes  10.0 Mbits/sec  0.850 ms  0/866 (0%)  
[  7] 750.00-751.00 sec  1.17 MBytes  9.78 Mbits/sec  0.895 ms  19/863 (2.2%)  
[  7] 751.00-752.00 sec  1.19 MBytes  10.0 Mbits/sec  0.724 ms  0/863 (0%)  
[  7] 752.00-753.00 sec  1.14 MBytes  9.55 Mbits/sec  1.016 ms  32/856 (3.7%)  
[  7] 753.00-754.00 sec  1.18 MBytes  9.89 Mbits/sec  1.076 ms  9/863 (1%)  
[  7] 754.00-755.00 sec  1.20 MBytes  10.1 Mbits/sec  0.898 ms  0/870 (0%)  
[  7] 755.00-756.00 sec  1.19 MBytes  10.0 Mbits/sec  0.934 ms  0/863 (0%)  
[  7] 756.00-757.00 sec  1.18 MBytes  9.92 Mbits/sec  1.061 ms  0/856 (0%)  
[  7] 757.00-758.00 sec  1.19 MBytes  9.98 Mbits/sec  0.804 ms  10/872 (1.1%)  
[  7] 758.00-759.00 sec  1.19 MBytes  9.97 Mbits/sec  0.669 ms  3/864 (0.35%)  
[  7] 759.00-760.00 sec  1.19 MBytes  10.0 Mbits/sec  0.601 ms  0/863 (0%)  
[  7] 760.00-761.00 sec  1.19 MBytes  10.0 Mbits/sec  0.604 ms  0/863 (0%)  
[  7] 761.00-762.00 sec  1.19 MBytes  10.0 Mbits/sec  0.755 ms  0/864 (0%)  
[  7] 762.00-763.00 sec  1.18 MBytes  9.86 Mbits/sec  0.749 ms  2/855 (0.23%)  
[  7] 763.00-764.00 sec  1.16 MBytes  9.76 Mbits/sec  0.497 ms  29/870 (3.3%)  
[  7] 764.00-765.00 sec  1.19 MBytes  9.97 Mbits/sec  0.691 ms  0/861 (0%)  
[  7] 765.00-766.00 sec  1.12 MBytes  9.43 Mbits/sec  2.506 ms  16/830 (1.9%)  
[  7] 766.00-767.00 sec  1.21 MBytes  10.2 Mbits/sec  0.840 ms  19/897 (2.1%)  
[  7] 767.00-768.00 sec  1.19 MBytes  10.0 Mbits/sec  0.864 ms  0/865 (0%)  
[  7] 768.00-769.00 sec  1.17 MBytes  9.80 Mbits/sec  1.005 ms  15/861 (1.7%)  
[  7] 769.00-770.00 sec  1.14 MBytes  9.56 Mbits/sec  1.387 ms  33/858 (3.8%)  
[  7] 770.00-771.00 sec  1.14 MBytes  9.52 Mbits/sec  1.482 ms  48/870 (5.5%)  
[  7] 771.00-772.00 sec  1.07 MBytes  8.95 Mbits/sec  1.609 ms  79/852 (9.3%)  
[  7] 772.00-773.00 sec  1.15 MBytes  9.69 Mbits/sec  1.223 ms  37/873 (4.2%)  
[  7] 773.00-774.00 sec  1.18 MBytes  9.92 Mbits/sec  1.398 ms  1/857 (0.12%)  
[  7] 774.00-775.00 sec  1.19 MBytes  9.95 Mbits/sec  1.490 ms  7/866 (0.81%)  
[  7] 775.00-776.00 sec  1.15 MBytes  9.64 Mbits/sec  2.585 ms  12/844 (1.4%)  
[  7] 776.00-777.00 sec  1.17 MBytes  9.79 Mbits/sec  0.968 ms  39/884 (4.4%)  
[  7] 777.00-778.00 sec  1.17 MBytes  9.79 Mbits/sec  1.848 ms  5/850 (0.59%)  
[  7] 778.00-779.00 sec  1.18 MBytes  9.88 Mbits/sec  1.197 ms  21/874 (2.4%)  
[  7] 779.00-780.00 sec  1.12 MBytes  9.41 Mbits/sec  1.577 ms  47/859 (5.5%)  
[  7] 780.00-781.00 sec  1.04 MBytes  8.73 Mbits/sec  1.245 ms  111/865 (13%)  
[  7] 781.00-782.00 sec  1.12 MBytes  9.36 Mbits/sec  1.225 ms  55/863 (6.4%)  
[  7] 782.00-783.00 sec  1.18 MBytes  9.94 Mbits/sec  1.154 ms  12/870 (1.4%)  
[  7] 783.00-784.00 sec  1.15 MBytes  9.67 Mbits/sec  0.837 ms  32/867 (3.7%)  
[  7] 784.00-785.00 sec  1.12 MBytes  9.42 Mbits/sec  1.012 ms  46/859 (5.4%)  
[  7] 785.00-786.00 sec  1.17 MBytes  9.83 Mbits/sec  1.103 ms  16/865 (1.8%)  
[  7] 786.00-787.00 sec  1.17 MBytes  9.80 Mbits/sec  1.186 ms  18/864 (2.1%)  
[  7] 787.00-788.00 sec  1.17 MBytes  9.82 Mbits/sec  1.084 ms  14/862 (1.6%)  
[  7] 788.00-789.00 sec  1.05 MBytes  8.80 Mbits/sec  1.412 ms  102/862 (12%)  
[  7] 789.00-790.00 sec  1.13 MBytes  9.45 Mbits/sec  1.183 ms  50/866 (5.8%)  
[  7] 790.00-791.00 sec  1.13 MBytes  9.49 Mbits/sec  1.883 ms  22/841 (2.6%)  
[  7] 791.00-792.00 sec  1.15 MBytes  9.63 Mbits/sec  0.796 ms  52/883 (5.9%)  
[  7] 792.00-793.00 sec  1.16 MBytes  9.75 Mbits/sec  1.181 ms  17/859 (2%)  
[  7] 793.00-794.00 sec  1.19 MBytes  9.97 Mbits/sec  1.150 ms  10/871 (1.1%)  
[  7] 794.00-795.00 sec  1.19 MBytes  10.0 Mbits/sec  0.854 ms  0/864 (0%)  
[  7] 795.00-796.00 sec  1.19 MBytes  9.97 Mbits/sec  0.934 ms  0/861 (0%)  
[  7] 796.00-797.00 sec  1.19 MBytes  9.96 Mbits/sec  1.396 ms  5/864 (0.58%)  
[  7] 797.00-798.00 sec  1.17 MBytes  9.79 Mbits/sec  1.192 ms  13/858 (1.5%)  
[  7] 798.00-799.00 sec  1.19 MBytes  10.0 Mbits/sec  0.583 ms  4/868 (0.46%)  
[  7] 799.00-800.00 sec  1.20 MBytes  10.0 Mbits/sec  0.545 ms  0/866 (0%)  
[  7] 800.00-801.00 sec  1.19 MBytes  9.96 Mbits/sec  1.068 ms  0/860 (0%)  
[  7] 801.00-802.00 sec  1.19 MBytes  10.0 Mbits/sec  0.666 ms  0/865 (0%)  
[  7] 802.00-803.00 sec  1.19 MBytes  9.98 Mbits/sec  0.670 ms  0/861 (0%)  
[  7] 803.00-804.00 sec  1.20 MBytes  10.0 Mbits/sec  0.668 ms  0/866 (0%)  
[  7] 804.00-805.00 sec  1.19 MBytes  9.98 Mbits/sec  0.640 ms  0/862 (0%)  
[  7] 805.00-806.00 sec  1.19 MBytes  10.0 Mbits/sec  1.015 ms  0/865 (0%)  
[  7] 806.00-807.00 sec  1.19 MBytes  9.96 Mbits/sec  1.090 ms  0/860 (0%)  
[  7] 807.00-808.00 sec  1.19 MBytes  9.98 Mbits/sec  1.064 ms  0/862 (0%)  
[  7] 808.00-809.00 sec  1.20 MBytes  10.0 Mbits/sec  0.569 ms  0/867 (0%)  
[  7] 809.00-810.00 sec  1.19 MBytes  10.0 Mbits/sec  0.644 ms  0/863 (0%)  
[  7] 810.00-811.00 sec  1.19 MBytes  10.0 Mbits/sec  0.571 ms  0/863 (0%)  
[  7] 811.00-812.00 sec  1.17 MBytes  9.82 Mbits/sec  1.355 ms  11/859 (1.3%)  
[  7] 812.00-813.00 sec  1.18 MBytes  9.94 Mbits/sec  1.227 ms  8/866 (0.92%)  
[  7] 813.00-814.00 sec  1.16 MBytes  9.74 Mbits/sec  0.609 ms  24/865 (2.8%)  
[  7] 814.00-815.00 sec  1.17 MBytes  9.83 Mbits/sec  1.366 ms  7/856 (0.82%)  
[  7] 815.00-816.00 sec  1.16 MBytes  9.72 Mbits/sec  1.398 ms  28/867 (3.2%)  
[  7] 816.00-817.00 sec  1.17 MBytes  9.82 Mbits/sec  1.470 ms  8/856 (0.93%)  
[  7] 817.00-818.00 sec  1.19 MBytes  10.0 Mbits/sec  1.094 ms  9/874 (1%)  
[  7] 818.00-819.00 sec  1.17 MBytes  9.81 Mbits/sec  1.872 ms  14/861 (1.6%)  
[  7] 819.00-820.00 sec  1.15 MBytes  9.67 Mbits/sec  0.937 ms  29/864 (3.4%)  
[  7] 820.00-821.00 sec  1.18 MBytes  9.91 Mbits/sec  1.041 ms  8/863 (0.93%)  
[  7] 821.00-822.00 sec  1.19 MBytes  9.99 Mbits/sec  1.058 ms  2/864 (0.23%)  
[  7] 822.00-823.00 sec  1.19 MBytes  10.0 Mbits/sec  0.822 ms  0/863 (0%)  
[  7] 823.00-824.00 sec  1.19 MBytes  10.0 Mbits/sec  0.882 ms  1/865 (0.12%)  
[  7] 824.00-825.00 sec  1.19 MBytes  9.97 Mbits/sec  0.980 ms  1/862 (0.12%)  
[  7] 825.00-826.00 sec  1.19 MBytes  9.97 Mbits/sec  0.836 ms  3/864 (0.35%)  
[  7] 826.00-827.00 sec  1.18 MBytes  9.89 Mbits/sec  1.034 ms  7/861 (0.81%)  
[  7] 827.00-828.00 sec  1.17 MBytes  9.78 Mbits/sec  1.261 ms  16/860 (1.9%)  
[  7] 828.00-829.00 sec  1.19 MBytes  9.97 Mbits/sec  0.864 ms  7/868 (0.81%)  
[  7] 829.00-830.00 sec  1.15 MBytes  9.67 Mbits/sec  0.780 ms  28/863 (3.2%)  
[  7] 830.00-831.00 sec  1.13 MBytes  9.51 Mbits/sec  1.052 ms  39/860 (4.5%)  
[  7] 831.00-832.00 sec  1.11 MBytes  9.34 Mbits/sec  1.127 ms  59/866 (6.8%)  
[  7] 832.00-833.00 sec  1.18 MBytes  9.88 Mbits/sec  0.764 ms  11/863 (1.3%)  
[  7] 833.00-834.00 sec  1.18 MBytes  9.93 Mbits/sec  1.115 ms  6/863 (0.7%)  
[  7] 834.00-835.00 sec  1.14 MBytes  9.52 Mbits/sec  0.912 ms  41/863 (4.8%)  
[  7] 835.00-836.00 sec  1.18 MBytes  9.89 Mbits/sec  1.144 ms  6/860 (0.7%)  
[  7] 836.00-837.00 sec  1.19 MBytes  9.97 Mbits/sec  1.166 ms  3/864 (0.35%)  
[  7] 837.00-838.00 sec  1.11 MBytes  9.35 Mbits/sec  1.291 ms  58/865 (6.7%)  
[  7] 838.00-839.00 sec  1.14 MBytes  9.60 Mbits/sec  1.503 ms  32/861 (3.7%)  
[  7] 839.00-840.00 sec  1.19 MBytes  10.0 Mbits/sec  1.255 ms  2/867 (0.23%)  
[  7] 840.00-840.00 sec  5.66 KBytes  14.3 Mbits/sec  1.080 ms  0/4 (0%)  
- - - - - - - - - - - - - - - - - - - - - - - - -
[ ID] Interval           Transfer     Bitrate         Jitter    Lost/Total Datagrams
[  7]   0.00-840.00 sec   959 MBytes  9.57 Mbits/sec  1.080 ms  30854/725138 (4.3%)  receiver
