-----------------------------------------------------------
Server listening on 5305 (test #1)
-----------------------------------------------------------
Accepted connection from 10.0.0.67, port 40600
[  7] local 10.0.0.99 port 5305 connected to 10.0.0.67 port 57639
[ ID] Interval           Transfer     Bitrate         Jitter    Lost/Total Datagrams
[  7]   0.00-1.00   sec  1.19 MBytes  9.95 Mbits/sec  0.957 ms  0/859 (0%)  
[  7]   1.00-2.00   sec  1.19 MBytes  10.0 Mbits/sec  0.800 ms  0/865 (0%)  
[  7]   2.00-3.00   sec  1.19 MBytes  10.0 Mbits/sec  0.848 ms  0/864 (0%)  
[  7]   3.00-4.00   sec  1.19 MBytes  9.96 Mbits/sec  1.007 ms  2/861 (0.23%)  
[  7]   4.00-5.00   sec  1.19 MBytes  10.0 Mbits/sec  1.311 ms  0/865 (0%)  
[  7]   5.00-6.00   sec  1.19 MBytes  9.97 Mbits/sec  0.605 ms  0/861 (0%)  
[  7]   6.00-7.00   sec  1.20 MBytes  10.0 Mbits/sec  0.850 ms  0/866 (0%)  
[  7]   7.00-8.00   sec  1.19 MBytes  9.99 Mbits/sec  0.790 ms  0/862 (0%)  
[  7]   8.00-9.00   sec  1.19 MBytes  9.99 Mbits/sec  0.712 ms  0/863 (0%)  
[  7]   9.00-10.00  sec  1.19 MBytes  9.98 Mbits/sec  0.936 ms  0/862 (0%)  
[  7]  10.00-11.00  sec  1.19 MBytes  10.0 Mbits/sec  0.730 ms  0/863 (0%)  
[  7]  11.00-12.00  sec  1.19 MBytes  10.0 Mbits/sec  0.650 ms  0/864 (0%)  
[  7]  12.00-13.00  sec  1.19 MBytes  10.0 Mbits/sec  0.892 ms  0/865 (0%)  
[  7]  13.00-14.00  sec  1.19 MBytes  9.99 Mbits/sec  0.722 ms  0/863 (0%)  
[  7]  14.00-15.00  sec  1.19 MBytes  9.96 Mbits/sec  0.899 ms  0/860 (0%)  
[  7]  15.00-16.00  sec  1.20 MBytes  10.0 Mbits/sec  0.562 ms  0/866 (0%)  
[  7]  16.00-17.00  sec  1.19 MBytes  9.98 Mbits/sec  1.126 ms  2/864 (0.23%)  
[  7]  17.00-18.00  sec  1.18 MBytes  9.92 Mbits/sec  0.964 ms  0/856 (0%)  
[  7]  18.00-19.00  sec  1.19 MBytes  10.0 Mbits/sec  1.076 ms  0/863 (0%)  
[  7]  19.00-20.00  sec  1.19 MBytes  10.0 Mbits/sec  1.129 ms  0/864 (0%)  
[  7]  20.00-21.00  sec  1.20 MBytes  10.1 Mbits/sec  0.515 ms  0/870 (0%)  
[  7]  21.00-22.00  sec  1.19 MBytes  10.0 Mbits/sec  0.536 ms  0/864 (0%)  
[  7]  22.00-23.00  sec  1.19 MBytes  9.99 Mbits/sec  1.271 ms  0/863 (0%)  
[  7]  23.00-24.00  sec  1.18 MBytes  9.91 Mbits/sec  1.398 ms  4/859 (0.47%)  
[  7]  24.00-25.00  sec  1.19 MBytes  9.96 Mbits/sec  1.322 ms  1/861 (0.12%)  
[  7]  25.00-26.00  sec  1.20 MBytes  10.1 Mbits/sec  0.704 ms  0/871 (0%)  
[  7]  26.00-27.00  sec  1.19 MBytes  9.97 Mbits/sec  0.905 ms  0/861 (0%)  
[  7]  27.00-28.00  sec  1.19 MBytes  9.96 Mbits/sec  0.843 ms  3/863 (0.35%)  
[  7]  28.00-29.00  sec  1.19 MBytes  9.99 Mbits/sec  1.367 ms  0/862 (0%)  
[  7]  29.00-30.00  sec  1.20 MBytes  10.0 Mbits/sec  0.826 ms  0/866 (0%)  
[  7]  30.00-31.00  sec  1.19 MBytes  9.99 Mbits/sec  1.042 ms  0/862 (0%)  
[  7]  31.00-32.00  sec  1.19 MBytes  10.0 Mbits/sec  1.045 ms  0/864 (0%)  
[  7]  32.00-33.00  sec  1.19 MBytes  9.97 Mbits/sec  1.123 ms  0/861 (0%)  
[  7]  33.00-34.00  sec  1.19 MBytes  9.99 Mbits/sec  1.089 ms  0/863 (0%)  
[  7]  34.00-35.00  sec  1.19 MBytes  10.0 Mbits/sec  0.899 ms  0/865 (0%)  
[  7]  35.00-36.00  sec  1.19 MBytes  10.0 Mbits/sec  0.936 ms  0/864 (0%)  
[  7]  36.00-37.00  sec  1.19 MBytes  9.98 Mbits/sec  0.856 ms  0/862 (0%)  
[  7]  37.00-38.00  sec  1.19 MBytes  10.0 Mbits/sec  0.956 ms  0/864 (0%)  
[  7]  38.00-39.00  sec  1.19 MBytes  10.0 Mbits/sec  1.034 ms  0/864 (0%)  
[  7]  39.00-40.00  sec  1.19 MBytes  9.97 Mbits/sec  1.175 ms  0/861 (0%)  
[  7]  40.00-41.00  sec  1.19 MBytes  9.99 Mbits/sec  0.849 ms  0/862 (0%)  
[  7]  41.00-42.00  sec  1.19 MBytes  9.95 Mbits/sec  0.916 ms  7/866 (0.81%)  
[  7]  42.00-43.00  sec  1.19 MBytes  10.0 Mbits/sec  1.037 ms  0/864 (0%)  
[  7]  43.00-44.00  sec  1.19 MBytes  9.99 Mbits/sec  0.958 ms  0/863 (0%)  
[  7]  44.00-45.00  sec  1.18 MBytes  9.95 Mbits/sec  1.065 ms  0/858 (0%)  
[  7]  45.00-46.00  sec  1.19 MBytes  9.99 Mbits/sec  1.346 ms  0/865 (0%)  
[  7]  46.00-47.00  sec  1.19 MBytes  10.0 Mbits/sec  1.335 ms  0/863 (0%)  
[  7]  47.00-48.00  sec  1.20 MBytes  10.0 Mbits/sec  0.719 ms  0/867 (0%)  
[  7]  48.00-49.00  sec  1.19 MBytes  10.0 Mbits/sec  0.833 ms  0/864 (0%)  
[  7]  49.00-50.00  sec  1.19 MBytes  9.94 Mbits/sec  1.100 ms  0/859 (0%)  
[  7]  50.00-51.00  sec  1.19 MBytes  10.0 Mbits/sec  1.340 ms  3/867 (0.35%)  
[  7]  51.00-52.00  sec  1.18 MBytes  9.92 Mbits/sec  0.813 ms  2/858 (0.23%)  
[  7]  52.00-53.00  sec  1.19 MBytes  9.98 Mbits/sec  1.073 ms  6/868 (0.69%)  
[  7]  53.00-54.00  sec  1.19 MBytes  9.97 Mbits/sec  1.214 ms  2/863 (0.23%)  
[  7]  54.00-55.00  sec  1.15 MBytes  9.66 Mbits/sec  2.062 ms  2/836 (0.24%)  
[  7]  55.00-56.00  sec  1.22 MBytes  10.2 Mbits/sec  0.653 ms  9/892 (1%)  
[  7]  56.00-57.00  sec  1.18 MBytes  9.90 Mbits/sec  0.991 ms  3/858 (0.35%)  
[  7]  57.00-58.00  sec  1.20 MBytes  10.1 Mbits/sec  0.919 ms  0/868 (0%)  
[  7]  58.00-59.00  sec  1.19 MBytes  9.96 Mbits/sec  1.143 ms  0/860 (0%)  
[  7]  59.00-60.00  sec  1.20 MBytes  10.0 Mbits/sec  0.965 ms  0/867 (0%)  
[  7]  60.00-61.00  sec  1.19 MBytes  9.95 Mbits/sec  1.333 ms  0/860 (0%)  
[  7]  61.00-62.00  sec  1.19 MBytes  9.97 Mbits/sec  1.655 ms  2/863 (0.23%)  
[  7]  62.00-63.00  sec  1.17 MBytes  9.81 Mbits/sec  1.090 ms  0/846 (0%)  
[  7]  63.00-64.00  sec  1.22 MBytes  10.2 Mbits/sec  0.872 ms  2/883 (0.23%)  
[  7]  64.00-65.00  sec  1.19 MBytes  9.96 Mbits/sec  1.109 ms  0/860 (0%)  
[  7]  65.00-66.00  sec  1.19 MBytes  10.0 Mbits/sec  1.324 ms  0/865 (0%)  
[  7]  66.00-67.00  sec  1.20 MBytes  10.0 Mbits/sec  0.736 ms  0/866 (0%)  
[  7]  67.00-68.00  sec  1.18 MBytes  9.96 Mbits/sec  1.130 ms  2/859 (0.23%)  
[  7]  68.00-69.00  sec  1.18 MBytes  9.94 Mbits/sec  1.452 ms  0/858 (0%)  
[  7]  69.00-70.00  sec  1.20 MBytes  10.1 Mbits/sec  1.330 ms  1/872 (0.11%)  
[  7]  70.00-71.00  sec  1.18 MBytes  9.91 Mbits/sec  1.345 ms  0/856 (0%)  
[  7]  71.00-72.00  sec  1.20 MBytes  10.0 Mbits/sec  1.413 ms  0/866 (0%)  
[  7]  72.00-73.00  sec  1.20 MBytes  10.0 Mbits/sec  1.355 ms  0/867 (0%)  
[  7]  73.00-74.00  sec  1.19 MBytes  9.95 Mbits/sec  0.985 ms  6/865 (0.69%)  
[  7]  74.00-75.00  sec  1.19 MBytes  9.97 Mbits/sec  1.081 ms  1/862 (0.12%)  
[  7]  75.00-76.00  sec  1.19 MBytes  9.97 Mbits/sec  1.550 ms  1/861 (0.12%)  
[  7]  76.00-77.00  sec  1.19 MBytes  10.0 Mbits/sec  1.197 ms  0/865 (0%)  
[  7]  77.00-78.00  sec  1.17 MBytes  9.85 Mbits/sec  1.256 ms  11/861 (1.3%)  
[  7]  78.00-79.01  sec  1.20 MBytes  9.98 Mbits/sec  1.191 ms  0/866 (0%)  
[  7]  79.01-80.00  sec  1.16 MBytes  9.81 Mbits/sec  2.192 ms  0/842 (0%)  
[  7]  80.00-81.00  sec  1.21 MBytes  10.2 Mbits/sec  1.373 ms  5/884 (0.57%)  
[  7]  81.00-82.00  sec  1.19 MBytes  9.95 Mbits/sec  1.177 ms  0/859 (0%)  
[  7]  82.00-83.00  sec  1.19 MBytes  10.0 Mbits/sec  1.421 ms  0/863 (0%)  
[  7]  83.00-84.00  sec  1.19 MBytes  10.0 Mbits/sec  1.288 ms  1/864 (0.12%)  
[  7]  84.00-85.00  sec  1.20 MBytes  10.0 Mbits/sec  0.973 ms  1/868 (0.12%)  
[  7]  85.00-86.00  sec  1.18 MBytes  9.90 Mbits/sec  1.261 ms  3/858 (0.35%)  
[  7]  86.00-87.00  sec  1.13 MBytes  9.51 Mbits/sec  1.139 ms  4/824 (0.49%)  
[  7]  87.00-88.00  sec  1.19 MBytes  9.94 Mbits/sec  1.759 ms  32/893 (3.6%)  
[  7]  88.00-89.00  sec  1.21 MBytes  10.2 Mbits/sec  0.868 ms  0/876 (0%)  
[  7]  89.00-90.00  sec  1.18 MBytes  9.94 Mbits/sec  1.039 ms  5/863 (0.58%)  
[  7]  90.00-91.00  sec  1.19 MBytes  9.96 Mbits/sec  1.354 ms  0/860 (0%)  
[  7]  91.00-92.00  sec  1.19 MBytes  10.0 Mbits/sec  0.841 ms  3/866 (0.35%)  
[  7]  92.00-93.00  sec  1.19 MBytes  9.95 Mbits/sec  1.425 ms  2/861 (0.23%)  
[  7]  93.00-94.00  sec  1.19 MBytes  10.0 Mbits/sec  0.775 ms  0/864 (0%)  
[  7]  94.00-95.00  sec  1.19 MBytes  9.96 Mbits/sec  1.043 ms  0/860 (0%)  
[  7]  95.00-96.00  sec  1.18 MBytes  9.88 Mbits/sec  1.554 ms  0/853 (0%)  
[  7]  96.00-97.00  sec  1.21 MBytes  10.2 Mbits/sec  1.201 ms  0/878 (0%)  
[  7]  97.00-98.00  sec  1.11 MBytes  9.29 Mbits/sec  1.534 ms  1/803 (0.12%)  
[  7]  98.00-99.00  sec  1.23 MBytes  10.3 Mbits/sec  1.292 ms  1/894 (0.11%)  
[  7]  99.00-100.00 sec  1.20 MBytes  10.1 Mbits/sec  1.330 ms  21/890 (2.4%)  
[  7] 100.00-101.00 sec  1.20 MBytes  10.1 Mbits/sec  0.778 ms  1/870 (0.11%)  
[  7] 101.00-102.00 sec  1.18 MBytes  9.92 Mbits/sec  1.401 ms  0/856 (0%)  
[  7] 102.00-103.00 sec  1.20 MBytes  10.1 Mbits/sec  0.919 ms  2/870 (0.23%)  
[  7] 103.00-104.00 sec  1.18 MBytes  9.94 Mbits/sec  1.552 ms  0/858 (0%)  
[  7] 104.00-105.00 sec  1.20 MBytes  10.0 Mbits/sec  1.334 ms  1/867 (0.12%)  
[  7] 105.00-106.00 sec  1.18 MBytes  9.92 Mbits/sec  1.280 ms  0/856 (0%)  
[  7] 106.00-107.00 sec  1.19 MBytes  9.95 Mbits/sec  1.529 ms  9/868 (1%)  
[  7] 107.00-108.00 sec  1.08 MBytes  9.08 Mbits/sec  0.941 ms  0/783 (0%)  
[  7] 108.00-109.00 sec  1.28 MBytes  10.7 Mbits/sec  1.288 ms  14/940 (1.5%)  
[  7] 109.00-110.00 sec  1.14 MBytes  9.59 Mbits/sec  1.220 ms  7/835 (0.84%)  
[  7] 110.00-111.00 sec  1.22 MBytes  10.2 Mbits/sec  1.122 ms  12/895 (1.3%)  
[  7] 111.00-112.00 sec  1.19 MBytes  9.95 Mbits/sec  1.727 ms  0/859 (0%)  
[  7] 112.00-113.00 sec  1.20 MBytes  10.1 Mbits/sec  1.075 ms  0/869 (0%)  
[  7] 113.00-114.00 sec  1.19 MBytes  10.0 Mbits/sec  1.110 ms  0/864 (0%)  
[  7] 114.00-115.00 sec  1.19 MBytes  10.0 Mbits/sec  0.910 ms  0/865 (0%)  
[  7] 115.00-116.00 sec  1.16 MBytes  9.74 Mbits/sec  1.711 ms  9/849 (1.1%)  
[  7] 116.00-117.00 sec  1.20 MBytes  10.1 Mbits/sec  1.438 ms  0/869 (0%)  
[  7] 117.00-118.00 sec  1.20 MBytes  10.1 Mbits/sec  0.827 ms  0/871 (0%)  
[  7] 118.00-119.00 sec  1.19 MBytes  9.97 Mbits/sec  1.304 ms  1/862 (0.12%)  
[  7] 119.00-120.00 sec  1.19 MBytes  9.95 Mbits/sec  1.110 ms  6/865 (0.69%)  
[  7] 120.00-121.00 sec  1.19 MBytes  9.99 Mbits/sec  1.304 ms  0/862 (0%)  
[  7] 121.00-122.00 sec  1.17 MBytes  9.79 Mbits/sec  1.783 ms  13/859 (1.5%)  
[  7] 122.00-123.00 sec  1.19 MBytes  9.96 Mbits/sec  1.027 ms  0/860 (0%)  
[  7] 123.00-124.00 sec  1.19 MBytes  10.0 Mbits/sec  1.281 ms  5/869 (0.58%)  
[  7] 124.00-125.00 sec  1.19 MBytes  9.95 Mbits/sec  1.376 ms  4/863 (0.46%)  
[  7] 125.00-126.00 sec  1.19 MBytes  10.0 Mbits/sec  1.010 ms  1/866 (0.12%)  
[  7] 126.00-127.00 sec  1.13 MBytes  9.44 Mbits/sec  0.902 ms  50/865 (5.8%)  
[  7] 127.00-128.00 sec  1.16 MBytes  9.69 Mbits/sec  1.137 ms  20/859 (2.3%)  
[  7] 128.00-129.00 sec  1.19 MBytes  10.0 Mbits/sec  1.289 ms  1/863 (0.12%)  
[  7] 129.00-130.00 sec  1.20 MBytes  10.0 Mbits/sec  1.067 ms  0/866 (0%)  
[  7] 130.00-131.00 sec  1.19 MBytes  9.99 Mbits/sec  1.168 ms  0/862 (0%)  
[  7] 131.00-132.00 sec  1.18 MBytes  9.92 Mbits/sec  1.153 ms  0/856 (0%)  
[  7] 132.00-133.00 sec  1.19 MBytes  9.98 Mbits/sec  0.880 ms  9/871 (1%)  
[  7] 133.00-134.00 sec  1.19 MBytes  9.99 Mbits/sec  0.642 ms  2/864 (0.23%)  
[  7] 134.00-135.00 sec  1.19 MBytes  9.97 Mbits/sec  0.540 ms  3/864 (0.35%)  
[  7] 135.00-136.00 sec  1.18 MBytes  9.94 Mbits/sec  0.690 ms  4/862 (0.46%)  
[  7] 136.00-137.00 sec  1.19 MBytes  10.0 Mbits/sec  0.727 ms  1/864 (0.12%)  
[  7] 137.00-138.00 sec  1.16 MBytes  9.70 Mbits/sec  1.373 ms  16/853 (1.9%)  
[  7] 138.00-139.00 sec  1.20 MBytes  10.0 Mbits/sec  0.660 ms  4/871 (0.46%)  
[  7] 139.00-140.00 sec  1.18 MBytes  9.88 Mbits/sec  1.073 ms  11/864 (1.3%)  
[  7] 140.00-141.00 sec  1.17 MBytes  9.82 Mbits/sec  1.003 ms  7/855 (0.82%)  
[  7] 141.00-142.00 sec  1.18 MBytes  9.94 Mbits/sec  0.947 ms  10/868 (1.2%)  
[  7] 142.00-143.00 sec  1.18 MBytes  9.91 Mbits/sec  1.422 ms  3/858 (0.35%)  
[  7] 143.00-144.00 sec  1.19 MBytes  10.0 Mbits/sec  0.924 ms  10/873 (1.1%)  
[  7] 144.00-145.00 sec  1.15 MBytes  9.62 Mbits/sec  1.255 ms  27/858 (3.1%)  
[  7] 145.00-146.00 sec  1.19 MBytes  9.97 Mbits/sec  1.400 ms  6/867 (0.69%)  
[  7] 146.00-147.00 sec  1.17 MBytes  9.86 Mbits/sec  0.975 ms  7/857 (0.82%)  
[  7] 147.00-148.00 sec  1.18 MBytes  9.94 Mbits/sec  1.210 ms  12/870 (1.4%)  
[  7] 148.00-149.00 sec  1.20 MBytes  10.0 Mbits/sec  0.891 ms  0/866 (0%)  
[  7] 149.00-150.00 sec  1.19 MBytes  9.98 Mbits/sec  1.262 ms  0/862 (0%)  
[  7] 150.00-151.00 sec  1.18 MBytes  9.90 Mbits/sec  1.632 ms  0/854 (0%)  
[  7] 151.00-152.00 sec  1.17 MBytes  9.81 Mbits/sec  1.399 ms  11/858 (1.3%)  
[  7] 152.00-153.00 sec  1.16 MBytes  9.77 Mbits/sec  1.310 ms  30/873 (3.4%)  
[  7] 153.00-154.00 sec  1.19 MBytes  9.97 Mbits/sec  1.323 ms  5/866 (0.58%)  
[  7] 154.00-155.00 sec  1.19 MBytes  9.95 Mbits/sec  1.539 ms  0/859 (0%)  
[  7] 155.00-156.00 sec  1.06 MBytes  8.88 Mbits/sec  2.245 ms  53/820 (6.5%)  
[  7] 156.00-157.00 sec  1.19 MBytes  10.0 Mbits/sec  1.209 ms  47/912 (5.2%)  
[  7] 157.00-158.00 sec  1.19 MBytes  10.0 Mbits/sec  1.220 ms  0/862 (0%)  
[  7] 158.00-159.00 sec  1.19 MBytes  10.0 Mbits/sec  1.129 ms  2/865 (0.23%)  
[  7] 159.00-160.00 sec  1.18 MBytes  9.93 Mbits/sec  0.879 ms  2/859 (0.23%)  
[  7] 160.00-161.00 sec  1.19 MBytes  10.0 Mbits/sec  1.098 ms  0/863 (0%)  
[  7] 161.00-162.00 sec  1.19 MBytes  9.97 Mbits/sec  1.355 ms  0/861 (0%)  
[  7] 162.00-163.00 sec  1.18 MBytes  9.94 Mbits/sec  1.025 ms  11/869 (1.3%)  
[  7] 163.00-164.00 sec  1.18 MBytes  9.94 Mbits/sec  0.859 ms  6/864 (0.69%)  
[  7] 164.00-165.00 sec  1.16 MBytes  9.72 Mbits/sec  1.328 ms  4/843 (0.47%)  
[  7] 165.00-166.00 sec  1.21 MBytes  10.2 Mbits/sec  1.301 ms  5/882 (0.57%)  
[  7] 166.00-167.00 sec  1.19 MBytes  9.95 Mbits/sec  0.721 ms  6/865 (0.69%)  
[  7] 167.00-168.00 sec  1.19 MBytes  10.0 Mbits/sec  1.139 ms  0/864 (0%)  
[  7] 168.00-169.00 sec  1.19 MBytes  9.97 Mbits/sec  1.122 ms  2/863 (0.23%)  
[  7] 169.00-170.00 sec  1.19 MBytes  10.0 Mbits/sec  1.124 ms  0/864 (0%)  
[  7] 170.00-171.00 sec  1.18 MBytes  9.86 Mbits/sec  1.281 ms  11/862 (1.3%)  
[  7] 171.00-172.00 sec  1.19 MBytes  9.97 Mbits/sec  0.914 ms  0/861 (0%)  
[  7] 172.00-173.00 sec  1.18 MBytes  9.93 Mbits/sec  0.946 ms  8/865 (0.92%)  
[  7] 173.00-174.00 sec  1.19 MBytes  9.95 Mbits/sec  0.911 ms  1/860 (0.12%)  
[  7] 174.00-175.00 sec  1.18 MBytes  9.89 Mbits/sec  1.668 ms  2/856 (0.23%)  
[  7] 175.00-176.00 sec  1.19 MBytes  10.0 Mbits/sec  1.476 ms  2/867 (0.23%)  
[  7] 176.00-177.00 sec  1.20 MBytes  10.1 Mbits/sec  1.267 ms  2/870 (0.23%)  
[  7] 177.00-178.00 sec  1.17 MBytes  9.79 Mbits/sec  0.974 ms  19/864 (2.2%)  
[  7] 178.00-179.00 sec  1.17 MBytes  9.81 Mbits/sec  1.111 ms  0/847 (0%)  
[  7] 179.00-180.00 sec  1.21 MBytes  10.1 Mbits/sec  1.159 ms  2/877 (0.23%)  
[  7] 180.00-181.00 sec  1.20 MBytes  10.0 Mbits/sec  0.748 ms  0/866 (0%)  
[  7] 181.00-182.00 sec  1.18 MBytes  9.89 Mbits/sec  1.204 ms  1/855 (0.12%)  
[  7] 182.00-183.00 sec  1.20 MBytes  10.0 Mbits/sec  1.151 ms  0/867 (0%)  
[  7] 183.00-184.00 sec  1.19 MBytes  10.0 Mbits/sec  1.336 ms  0/865 (0%)  
[  7] 184.00-185.00 sec  1.18 MBytes  9.92 Mbits/sec  1.266 ms  8/864 (0.93%)  
[  7] 185.00-186.00 sec  1.17 MBytes  9.83 Mbits/sec  1.339 ms  17/866 (2%)  
[  7] 186.00-187.00 sec  1.18 MBytes  9.91 Mbits/sec  1.241 ms  1/856 (0.12%)  
[  7] 187.00-188.00 sec  1.19 MBytes  9.96 Mbits/sec  0.861 ms  10/870 (1.1%)  
[  7] 188.00-189.00 sec  1.18 MBytes  9.92 Mbits/sec  1.198 ms  1/857 (0.12%)  
[  7] 189.00-190.00 sec  1.19 MBytes  9.99 Mbits/sec  1.064 ms  6/869 (0.69%)  
[  7] 190.00-191.00 sec  1.18 MBytes  9.95 Mbits/sec  1.076 ms  5/863 (0.58%)  
[  7] 191.00-192.00 sec  1.18 MBytes  9.93 Mbits/sec  0.658 ms  8/865 (0.92%)  
[  7] 192.00-193.00 sec  1.19 MBytes  9.96 Mbits/sec  1.136 ms  1/861 (0.12%)  
[  7] 193.00-194.00 sec  1.18 MBytes  9.88 Mbits/sec  0.984 ms  11/864 (1.3%)  
[  7] 194.00-195.00 sec  1.18 MBytes  9.94 Mbits/sec  0.875 ms  1/859 (0.12%)  
[  7] 195.00-196.00 sec  1.19 MBytes  10.0 Mbits/sec  0.678 ms  3/868 (0.35%)  
[  7] 196.00-197.00 sec  1.17 MBytes  9.82 Mbits/sec  1.364 ms  14/862 (1.6%)  
[  7] 197.00-198.00 sec  1.19 MBytes  9.97 Mbits/sec  0.704 ms  4/865 (0.46%)  
[  7] 198.00-199.00 sec  1.19 MBytes  9.96 Mbits/sec  1.058 ms  3/863 (0.35%)  
[  7] 199.00-200.00 sec  1.18 MBytes  9.92 Mbits/sec  1.356 ms  5/861 (0.58%)  
[  7] 200.00-201.00 sec  1.20 MBytes  10.0 Mbits/sec  0.810 ms  0/866 (0%)  
[  7] 201.00-202.00 sec  1.19 MBytes  9.94 Mbits/sec  1.491 ms  2/861 (0.23%)  
[  7] 202.00-203.00 sec  1.19 MBytes  10.0 Mbits/sec  1.008 ms  0/864 (0%)  
[  7] 203.00-204.00 sec  1.18 MBytes  9.84 Mbits/sec  1.589 ms  11/863 (1.3%)  
[  7] 204.00-205.00 sec  1.19 MBytes  9.98 Mbits/sec  0.959 ms  7/866 (0.81%)  
[  7] 205.00-206.00 sec  1.19 MBytes  10.0 Mbits/sec  0.954 ms  0/863 (0%)  
[  7] 206.00-207.00 sec  1.19 MBytes  9.96 Mbits/sec  1.163 ms  1/861 (0.12%)  
[  7] 207.00-208.00 sec  1.19 MBytes  9.97 Mbits/sec  0.639 ms  5/866 (0.58%)  
[  7] 208.00-209.00 sec  1.19 MBytes  9.95 Mbits/sec  1.170 ms  3/862 (0.35%)  
[  7] 209.00-210.00 sec  1.19 MBytes  9.98 Mbits/sec  0.783 ms  0/863 (0%)  
[  7] 210.00-211.00 sec  1.18 MBytes  9.91 Mbits/sec  1.214 ms  3/859 (0.35%)  
[  7] 211.00-212.00 sec  1.19 MBytes  10.0 Mbits/sec  1.127 ms  5/868 (0.58%)  
[  7] 212.00-213.00 sec  1.19 MBytes  10.0 Mbits/sec  0.885 ms  0/863 (0%)  
[  7] 213.00-214.00 sec  1.19 MBytes  10.0 Mbits/sec  0.987 ms  1/864 (0.12%)  
[  7] 214.00-215.00 sec  1.19 MBytes  9.96 Mbits/sec  1.129 ms  1/861 (0.12%)  
[  7] 215.00-216.00 sec  1.18 MBytes  9.87 Mbits/sec  1.064 ms  11/863 (1.3%)  
[  7] 216.00-217.00 sec  1.19 MBytes  10.0 Mbits/sec  0.839 ms  0/864 (0%)  
[  7] 217.00-218.00 sec  1.19 MBytes  9.99 Mbits/sec  1.365 ms  1/863 (0.12%)  
[  7] 218.00-219.00 sec  1.18 MBytes  9.89 Mbits/sec  1.206 ms  6/860 (0.7%)  
[  7] 219.00-220.00 sec  1.19 MBytes  9.99 Mbits/sec  1.433 ms  0/862 (0%)  
[  7] 220.00-221.00 sec  1.20 MBytes  10.0 Mbits/sec  0.853 ms  2/868 (0.23%)  
[  7] 221.00-222.00 sec  1.18 MBytes  9.94 Mbits/sec  1.438 ms  4/862 (0.46%)  
[  7] 222.00-223.00 sec  1.18 MBytes  9.86 Mbits/sec  1.512 ms  4/855 (0.47%)  
[  7] 223.00-224.00 sec  1.16 MBytes  9.72 Mbits/sec  3.025 ms  17/856 (2%)  
[  7] 224.00-225.00 sec  1.20 MBytes  10.1 Mbits/sec  1.642 ms  0/869 (0%)  
[  7] 225.00-226.00 sec  1.20 MBytes  10.1 Mbits/sec  1.088 ms  4/876 (0.46%)  
[  7] 226.00-227.00 sec  1.18 MBytes  9.91 Mbits/sec  1.684 ms  3/860 (0.35%)  
[  7] 227.00-228.00 sec  1.19 MBytes  10.0 Mbits/sec  0.714 ms  1/865 (0.12%)  
[  7] 228.00-229.00 sec  1.19 MBytes  10.0 Mbits/sec  1.260 ms  0/863 (0%)  
[  7] 229.00-230.00 sec  1.10 MBytes  9.26 Mbits/sec  1.664 ms  28/827 (3.4%)  
[  7] 230.00-231.00 sec  1.19 MBytes  10.0 Mbits/sec  1.862 ms  23/886 (2.6%)  
[  7] 231.00-232.00 sec  1.18 MBytes  9.94 Mbits/sec  1.158 ms  14/872 (1.6%)  
[  7] 232.00-233.00 sec  1.19 MBytes  9.97 Mbits/sec  1.174 ms  4/865 (0.46%)  
[  7] 233.00-234.00 sec  1.19 MBytes  10.0 Mbits/sec  0.962 ms  2/866 (0.23%)  
[  7] 234.00-235.00 sec  1.17 MBytes  9.85 Mbits/sec  1.037 ms  15/865 (1.7%)  
[  7] 235.00-236.00 sec  1.19 MBytes  9.97 Mbits/sec  1.432 ms  0/861 (0%)  
[  7] 236.00-237.00 sec  1.19 MBytes  10.0 Mbits/sec  0.780 ms  1/864 (0.12%)  
[  7] 237.00-238.00 sec  1.17 MBytes  9.82 Mbits/sec  1.304 ms  11/859 (1.3%)  
[  7] 238.00-239.00 sec  1.19 MBytes  10.0 Mbits/sec  0.838 ms  4/868 (0.46%)  
[  7] 239.00-240.00 sec  1.19 MBytes  10.0 Mbits/sec  0.869 ms  0/863 (0%)  
[  7] 240.00-241.00 sec  1.19 MBytes  9.96 Mbits/sec  0.673 ms  2/862 (0.23%)  
[  7] 241.00-242.00 sec  1.20 MBytes  10.0 Mbits/sec  0.719 ms  0/866 (0%)  
[  7] 242.00-243.00 sec  1.18 MBytes  9.93 Mbits/sec  1.183 ms  2/859 (0.23%)  
[  7] 243.00-244.00 sec  1.20 MBytes  10.0 Mbits/sec  1.105 ms  0/866 (0%)  
[  7] 244.00-245.00 sec  1.19 MBytes  10.0 Mbits/sec  1.026 ms  0/865 (0%)  
[  7] 245.00-246.00 sec  1.18 MBytes  9.93 Mbits/sec  1.326 ms  4/861 (0.46%)  
[  7] 246.00-247.00 sec  1.18 MBytes  9.90 Mbits/sec  0.798 ms  9/864 (1%)  
[  7] 247.00-248.00 sec  1.18 MBytes  9.87 Mbits/sec  1.196 ms  11/863 (1.3%)  
[  7] 248.00-249.00 sec  1.18 MBytes  9.89 Mbits/sec  1.405 ms  4/858 (0.47%)  
[  7] 249.00-250.00 sec  1.17 MBytes  9.78 Mbits/sec  1.576 ms  3/847 (0.35%)  
[  7] 250.00-251.00 sec  1.21 MBytes  10.1 Mbits/sec  1.605 ms  3/877 (0.34%)  
[  7] 251.00-252.00 sec  1.19 MBytes  10.0 Mbits/sec  1.081 ms  4/869 (0.46%)  
[  7] 252.00-253.00 sec  1.18 MBytes  9.90 Mbits/sec  1.522 ms  7/862 (0.81%)  
[  7] 253.00-254.00 sec  1.19 MBytes  9.96 Mbits/sec  1.418 ms  5/865 (0.58%)  
[  7] 254.00-255.00 sec  1.18 MBytes  9.88 Mbits/sec  0.908 ms  11/864 (1.3%)  
[  7] 255.00-256.00 sec  1.17 MBytes  9.82 Mbits/sec  1.381 ms  8/856 (0.93%)  
[  7] 256.00-257.00 sec  1.19 MBytes  9.97 Mbits/sec  1.224 ms  7/868 (0.81%)  
[  7] 257.00-258.00 sec  1.19 MBytes  9.99 Mbits/sec  1.385 ms  3/865 (0.35%)  
[  7] 258.00-259.00 sec  1.20 MBytes  10.0 Mbits/sec  1.066 ms  1/867 (0.12%)  
[  7] 259.00-260.00 sec  1.19 MBytes  9.98 Mbits/sec  1.155 ms  1/862 (0.12%)  
[  7] 260.00-261.00 sec  1.16 MBytes  9.72 Mbits/sec  1.417 ms  19/858 (2.2%)  
[  7] 261.00-262.00 sec  1.20 MBytes  10.1 Mbits/sec  0.858 ms  0/869 (0%)  
[  7] 262.00-263.00 sec  1.16 MBytes  9.77 Mbits/sec  1.306 ms  13/856 (1.5%)  
[  7] 263.00-264.00 sec  1.15 MBytes  9.61 Mbits/sec  1.550 ms  28/858 (3.3%)  
[  7] 264.00-265.00 sec  1.20 MBytes  10.0 Mbits/sec  1.071 ms  5/872 (0.57%)  
[  7] 265.00-266.00 sec  1.19 MBytes  10.0 Mbits/sec  1.192 ms  0/863 (0%)  
[  7] 266.00-267.00 sec  1.20 MBytes  10.0 Mbits/sec  0.696 ms  0/867 (0%)  
[  7] 267.00-268.00 sec  1.19 MBytes  9.99 Mbits/sec  0.688 ms  2/864 (0.23%)  
[  7] 268.00-269.00 sec  1.17 MBytes  9.82 Mbits/sec  1.537 ms  4/852 (0.47%)  
[  7] 269.00-270.00 sec  1.18 MBytes  9.89 Mbits/sec  1.585 ms  16/870 (1.8%)  
[  7] 270.00-271.00 sec  1.19 MBytes  9.95 Mbits/sec  0.703 ms  5/864 (0.58%)  
[  7] 271.00-272.00 sec  1.18 MBytes  9.86 Mbits/sec  1.416 ms  10/861 (1.2%)  
[  7] 272.00-273.00 sec  1.18 MBytes  9.94 Mbits/sec  0.906 ms  8/866 (0.92%)  
[  7] 273.00-274.00 sec  1.18 MBytes  9.90 Mbits/sec  0.782 ms  12/866 (1.4%)  
[  7] 274.00-275.00 sec  1.16 MBytes  9.70 Mbits/sec  1.191 ms  9/847 (1.1%)  
[  7] 275.00-276.00 sec  1.21 MBytes  10.1 Mbits/sec  1.012 ms  0/875 (0%)  
[  7] 276.00-277.00 sec  1.19 MBytes  10.0 Mbits/sec  1.141 ms  2/867 (0.23%)  
[  7] 277.00-278.00 sec  1.19 MBytes  9.95 Mbits/sec  1.056 ms  1/861 (0.12%)  
[  7] 278.00-279.00 sec  1.19 MBytes  9.97 Mbits/sec  1.474 ms  0/861 (0%)  
[  7] 279.00-280.00 sec  1.19 MBytes  9.95 Mbits/sec  0.963 ms  6/865 (0.69%)  
[  7] 280.00-281.00 sec  1.17 MBytes  9.80 Mbits/sec  1.170 ms  0/846 (0%)  
[  7] 281.00-282.00 sec  1.18 MBytes  9.89 Mbits/sec  1.079 ms  26/880 (3%)  
[  7] 282.00-283.00 sec  1.20 MBytes  10.0 Mbits/sec  0.990 ms  0/867 (0%)  
[  7] 283.00-284.00 sec  1.19 MBytes  9.94 Mbits/sec  1.118 ms  0/859 (0%)  
[  7] 284.00-285.00 sec  1.18 MBytes  9.89 Mbits/sec  1.870 ms  4/856 (0.47%)  
[  7] 285.00-286.00 sec  1.20 MBytes  10.1 Mbits/sec  0.737 ms  3/875 (0.34%)  
[  7] 286.00-287.00 sec  1.15 MBytes  9.61 Mbits/sec  0.979 ms  33/863 (3.8%)  
[  7] 287.00-288.00 sec  1.18 MBytes  9.92 Mbits/sec  0.832 ms  6/862 (0.7%)  
[  7] 288.00-289.00 sec  1.19 MBytes  10.0 Mbits/sec  1.065 ms  0/864 (0%)  
[  7] 289.00-290.00 sec  1.18 MBytes  9.94 Mbits/sec  1.228 ms  4/862 (0.46%)  
[  7] 290.00-291.00 sec  1.18 MBytes  9.89 Mbits/sec  1.099 ms  0/857 (0%)  
[  7] 291.00-292.00 sec  1.20 MBytes  10.1 Mbits/sec  0.846 ms  0/868 (0%)  
[  7] 292.00-293.00 sec  1.19 MBytes  9.98 Mbits/sec  1.113 ms  0/862 (0%)  
[  7] 293.00-294.00 sec  1.17 MBytes  9.85 Mbits/sec  1.107 ms  17/867 (2%)  
[  7] 294.00-295.00 sec  1.19 MBytes  10.0 Mbits/sec  0.771 ms  0/863 (0%)  
[  7] 295.00-296.00 sec  1.19 MBytes  9.97 Mbits/sec  0.952 ms  0/861 (0%)  
[  7] 296.00-297.00 sec  1.18 MBytes  9.94 Mbits/sec  1.225 ms  8/866 (0.92%)  
[  7] 297.00-298.00 sec  1.18 MBytes  9.93 Mbits/sec  0.874 ms  6/863 (0.7%)  
[  7] 298.00-299.00 sec  1.14 MBytes  9.58 Mbits/sec  1.601 ms  0/828 (0%)  
[  7] 299.00-300.00 sec  1.19 MBytes  10.0 Mbits/sec  1.564 ms  25/890 (2.8%)  
[  7] 300.00-301.00 sec  1.18 MBytes  9.88 Mbits/sec  1.003 ms  19/872 (2.2%)  
[  7] 301.00-302.00 sec  1.19 MBytes  9.96 Mbits/sec  0.806 ms  4/864 (0.46%)  
[  7] 302.00-303.00 sec  1.19 MBytes  9.97 Mbits/sec  1.038 ms  2/863 (0.23%)  
[  7] 303.00-304.00 sec  1.16 MBytes  9.77 Mbits/sec  1.241 ms  16/859 (1.9%)  
[  7] 304.00-305.00 sec  1.20 MBytes  10.0 Mbits/sec  1.123 ms  0/867 (0%)  
[  7] 305.00-306.00 sec  1.19 MBytes  10.0 Mbits/sec  0.934 ms  0/864 (0%)  
[  7] 306.00-307.00 sec  1.17 MBytes  9.82 Mbits/sec  1.314 ms  5/854 (0.59%)  
[  7] 307.00-308.00 sec  1.17 MBytes  9.80 Mbits/sec  1.311 ms  25/870 (2.9%)  
[  7] 308.00-309.00 sec  1.19 MBytes  10.0 Mbits/sec  1.147 ms  0/864 (0%)  
[  7] 309.00-310.00 sec  1.18 MBytes  9.93 Mbits/sec  1.708 ms  3/860 (0.35%)  
[  7] 310.00-311.00 sec  1.19 MBytes  9.98 Mbits/sec  0.848 ms  4/867 (0.46%)  
[  7] 311.00-312.00 sec  1.16 MBytes  9.74 Mbits/sec  1.156 ms  25/867 (2.9%)  
[  7] 312.00-313.00 sec  1.18 MBytes  9.96 Mbits/sec  1.317 ms  0/858 (0%)  
[  7] 313.00-314.00 sec  1.19 MBytes  9.95 Mbits/sec  0.857 ms  0/859 (0%)  
[  7] 314.00-315.00 sec  1.18 MBytes  9.86 Mbits/sec  0.958 ms  16/867 (1.8%)  
[  7] 315.00-316.00 sec  1.19 MBytes  9.97 Mbits/sec  1.018 ms  2/863 (0.23%)  
[  7] 316.00-317.00 sec  1.17 MBytes  9.82 Mbits/sec  1.154 ms  3/851 (0.35%)  
[  7] 317.00-318.00 sec  1.17 MBytes  9.81 Mbits/sec  1.227 ms  25/873 (2.9%)  
[  7] 318.00-319.00 sec  1.19 MBytes  9.99 Mbits/sec  0.994 ms  8/869 (0.92%)  
[  7] 319.00-320.00 sec  1.16 MBytes  9.73 Mbits/sec  1.987 ms  3/843 (0.36%)  
[  7] 320.00-321.00 sec  1.19 MBytes  10.0 Mbits/sec  1.261 ms  21/884 (2.4%)  
[  7] 321.00-322.00 sec  1.17 MBytes  9.79 Mbits/sec  1.172 ms  18/863 (2.1%)  
[  7] 322.00-323.00 sec  1.16 MBytes  9.73 Mbits/sec  1.113 ms  21/861 (2.4%)  
[  7] 323.00-324.00 sec  1.19 MBytes  9.99 Mbits/sec  0.818 ms  2/864 (0.23%)  
[  7] 324.00-325.00 sec  1.17 MBytes  9.83 Mbits/sec  0.797 ms  15/864 (1.7%)  
[  7] 325.00-326.00 sec  1.18 MBytes  9.89 Mbits/sec  1.287 ms  0/854 (0%)  
[  7] 326.00-327.00 sec  1.17 MBytes  9.85 Mbits/sec  0.705 ms  23/873 (2.6%)  
[  7] 327.00-328.00 sec  1.19 MBytes  9.97 Mbits/sec  0.827 ms  3/864 (0.35%)  
[  7] 328.00-329.00 sec  1.17 MBytes  9.81 Mbits/sec  1.497 ms  3/850 (0.35%)  
[  7] 329.00-330.00 sec  1.21 MBytes  10.1 Mbits/sec  0.888 ms  5/878 (0.57%)  
[  7] 330.00-331.00 sec  1.12 MBytes  9.38 Mbits/sec  1.557 ms  35/845 (4.1%)  
[  7] 331.00-332.00 sec  1.20 MBytes  10.1 Mbits/sec  1.413 ms  4/875 (0.46%)  
[  7] 332.00-333.00 sec  1.19 MBytes  9.96 Mbits/sec  1.057 ms  1/861 (0.12%)  
[  7] 333.00-334.00 sec  1.20 MBytes  10.1 Mbits/sec  0.396 ms  0/871 (0%)  
[  7] 334.00-335.00 sec  1.16 MBytes  9.70 Mbits/sec  1.235 ms  23/860 (2.7%)  
[  7] 335.00-336.00 sec  1.19 MBytes  9.98 Mbits/sec  0.815 ms  4/866 (0.46%)  
[  7] 336.00-337.00 sec  1.16 MBytes  9.75 Mbits/sec  1.492 ms  7/848 (0.83%)  
[  7] 337.00-338.00 sec  1.18 MBytes  9.94 Mbits/sec  0.973 ms  17/875 (1.9%)  
[  7] 338.00-339.00 sec  1.18 MBytes  9.87 Mbits/sec  1.147 ms  13/865 (1.5%)  
[  7] 339.00-340.00 sec  1.19 MBytes  10.0 Mbits/sec  0.853 ms  0/863 (0%)  
[  7] 340.00-341.00 sec  1.19 MBytes  9.99 Mbits/sec  1.136 ms  0/862 (0%)  
[  7] 341.00-342.00 sec  1.19 MBytes  10.0 Mbits/sec  0.610 ms  0/865 (0%)  
[  7] 342.00-343.00 sec  1.17 MBytes  9.79 Mbits/sec  1.194 ms  13/858 (1.5%)  
[  7] 343.00-344.00 sec  1.18 MBytes  9.89 Mbits/sec  1.049 ms  6/863 (0.7%)  
[  7] 344.00-345.00 sec  1.20 MBytes  10.1 Mbits/sec  0.344 ms  0/871 (0%)  
[  7] 345.00-346.00 sec  1.18 MBytes  9.92 Mbits/sec  1.336 ms  4/860 (0.47%)  
[  7] 346.00-347.00 sec  1.20 MBytes  10.0 Mbits/sec  0.533 ms  0/866 (0%)  
[  7] 347.00-348.00 sec  1.18 MBytes  9.91 Mbits/sec  0.977 ms  3/859 (0.35%)  
[  7] 348.00-349.00 sec  1.20 MBytes  10.0 Mbits/sec  0.876 ms  0/866 (0%)  
[  7] 349.00-350.00 sec  1.19 MBytes  10.0 Mbits/sec  0.960 ms  0/863 (0%)  
[  7] 350.00-351.00 sec  1.17 MBytes  9.80 Mbits/sec  1.295 ms  0/846 (0%)  
[  7] 351.00-352.00 sec  1.20 MBytes  10.1 Mbits/sec  1.034 ms  8/876 (0.91%)  
[  7] 352.00-353.00 sec  1.20 MBytes  10.1 Mbits/sec  0.886 ms  0/870 (0%)  
[  7] 353.00-354.00 sec  1.19 MBytes  9.96 Mbits/sec  1.291 ms  2/862 (0.23%)  
[  7] 354.00-355.00 sec  1.19 MBytes  9.97 Mbits/sec  1.301 ms  0/861 (0%)  
[  7] 355.00-356.00 sec  1.18 MBytes  9.86 Mbits/sec  1.126 ms  15/866 (1.7%)  
[  7] 356.00-357.00 sec  1.16 MBytes  9.75 Mbits/sec  1.672 ms  0/842 (0%)  
[  7] 357.00-358.00 sec  1.21 MBytes  10.2 Mbits/sec  0.796 ms  4/883 (0.45%)  
[  7] 358.00-359.00 sec  1.19 MBytes  9.95 Mbits/sec  1.035 ms  4/863 (0.46%)  
[  7] 359.00-360.00 sec  1.19 MBytes  10.0 Mbits/sec  1.134 ms  1/865 (0.12%)  
[  7] 360.00-361.00 sec  1.16 MBytes  9.77 Mbits/sec  0.675 ms  3/846 (0.35%)  
[  7] 361.00-362.00 sec  1.18 MBytes  9.89 Mbits/sec  1.019 ms  28/882 (3.2%)  
[  7] 362.00-363.00 sec  1.18 MBytes  9.90 Mbits/sec  1.117 ms  5/860 (0.58%)  
[  7] 363.00-364.00 sec  1.19 MBytes  9.97 Mbits/sec  0.865 ms  1/861 (0.12%)  
[  7] 364.00-365.00 sec  1.18 MBytes  9.94 Mbits/sec  0.792 ms  5/863 (0.58%)  
[  7] 365.00-366.00 sec  1.20 MBytes  10.0 Mbits/sec  0.802 ms  1/868 (0.12%)  
[  7] 366.00-367.00 sec  1.19 MBytes  9.95 Mbits/sec  0.888 ms  2/861 (0.23%)  
[  7] 367.00-368.00 sec  1.19 MBytes  10.0 Mbits/sec  0.773 ms  2/865 (0.23%)  
[  7] 368.00-369.00 sec  1.18 MBytes  9.94 Mbits/sec  0.760 ms  6/864 (0.69%)  
[  7] 369.00-370.00 sec  1.19 MBytes  9.96 Mbits/sec  1.179 ms  0/860 (0%)  
[  7] 370.00-371.00 sec  1.17 MBytes  9.84 Mbits/sec  1.340 ms  12/861 (1.4%)  
[  7] 371.00-372.00 sec  1.20 MBytes  10.0 Mbits/sec  1.174 ms  0/867 (0%)  
[  7] 372.00-373.00 sec  1.18 MBytes  9.93 Mbits/sec  1.272 ms  5/862 (0.58%)  
[  7] 373.00-374.00 sec  1.17 MBytes  9.80 Mbits/sec  0.964 ms  13/859 (1.5%)  
[  7] 374.00-375.00 sec  1.14 MBytes  9.53 Mbits/sec  1.385 ms  41/864 (4.7%)  
[  7] 375.00-376.00 sec  1.18 MBytes  9.89 Mbits/sec  1.103 ms  9/863 (1%)  
[  7] 376.00-377.00 sec  1.19 MBytes  9.96 Mbits/sec  1.102 ms  5/865 (0.58%)  
[  7] 377.00-378.00 sec  1.18 MBytes  9.89 Mbits/sec  1.117 ms  12/866 (1.4%)  
[  7] 378.00-379.00 sec  1.19 MBytes  9.97 Mbits/sec  0.792 ms  5/868 (0.58%)  
[  7] 379.00-380.00 sec  1.18 MBytes  9.97 Mbits/sec  0.886 ms  2/860 (0.23%)  
[  7] 380.00-381.00 sec  1.16 MBytes  9.74 Mbits/sec  1.561 ms  13/854 (1.5%)  
[  7] 381.00-382.00 sec  1.18 MBytes  9.93 Mbits/sec  1.792 ms  11/869 (1.3%)  
[  7] 382.00-383.00 sec  1.15 MBytes  9.70 Mbits/sec  1.166 ms  14/850 (1.6%)  
[  7] 383.00-384.00 sec  1.17 MBytes  9.85 Mbits/sec  1.264 ms  8/858 (0.93%)  
[  7] 384.00-385.00 sec  1.20 MBytes  10.1 Mbits/sec  0.539 ms  13/885 (1.5%)  
[  7] 385.00-386.00 sec  1.19 MBytes  10.0 Mbits/sec  0.578 ms  0/863 (0%)  
[  7] 386.00-387.00 sec  1.17 MBytes  9.79 Mbits/sec  1.381 ms  8/853 (0.94%)  
[  7] 387.00-388.00 sec  1.18 MBytes  9.88 Mbits/sec  1.831 ms  10/863 (1.2%)  
[  7] 388.00-389.00 sec  1.20 MBytes  10.1 Mbits/sec  0.657 ms  7/875 (0.8%)  
[  7] 389.00-390.00 sec  1.19 MBytes  9.97 Mbits/sec  1.032 ms  2/863 (0.23%)  
[  7] 390.00-391.00 sec  1.18 MBytes  9.92 Mbits/sec  1.270 ms  4/860 (0.47%)  
[  7] 391.00-392.00 sec  1.19 MBytes  10.0 Mbits/sec  0.612 ms  3/867 (0.35%)  
[  7] 392.00-393.00 sec  1.17 MBytes  9.85 Mbits/sec  1.329 ms  4/854 (0.47%)  
[  7] 393.00-394.00 sec  1.19 MBytes  10.0 Mbits/sec  0.795 ms  4/868 (0.46%)  
[  7] 394.00-395.00 sec  1.16 MBytes  9.77 Mbits/sec  1.434 ms  0/843 (0%)  
[  7] 395.00-396.00 sec  1.20 MBytes  10.1 Mbits/sec  1.005 ms  11/883 (1.2%)  
[  7] 396.00-397.00 sec  1.18 MBytes  9.94 Mbits/sec  1.499 ms  2/860 (0.23%)  
[  7] 397.00-398.00 sec  1.19 MBytes  10.0 Mbits/sec  0.989 ms  5/870 (0.57%)  
[  7] 398.00-399.00 sec  1.18 MBytes  9.89 Mbits/sec  1.128 ms  0/854 (0%)  
[  7] 399.00-400.00 sec  1.21 MBytes  10.1 Mbits/sec  1.191 ms  0/873 (0%)  
[  7] 400.00-401.00 sec  1.19 MBytes  10.0 Mbits/sec  0.814 ms  0/864 (0%)  
[  7] 401.00-402.00 sec  1.19 MBytes  9.95 Mbits/sec  1.247 ms  2/861 (0.23%)  
[  7] 402.00-403.00 sec  1.18 MBytes  9.94 Mbits/sec  0.744 ms  0/858 (0%)  
[  7] 403.00-404.00 sec  1.18 MBytes  9.94 Mbits/sec  1.347 ms  10/868 (1.2%)  
[  7] 404.00-405.00 sec  1.18 MBytes  9.86 Mbits/sec  1.186 ms  0/851 (0%)  
[  7] 405.00-406.00 sec  1.21 MBytes  10.1 Mbits/sec  1.111 ms  4/878 (0.46%)  
[  7] 406.00-407.00 sec  1.18 MBytes  9.89 Mbits/sec  1.055 ms  10/864 (1.2%)  
[  7] 407.00-408.00 sec  1.18 MBytes  9.88 Mbits/sec  1.519 ms  0/853 (0%)  
[  7] 408.00-409.00 sec  1.18 MBytes  9.93 Mbits/sec  1.110 ms  10/867 (1.2%)  
[  7] 409.00-410.00 sec  1.19 MBytes  10.0 Mbits/sec  0.917 ms  0/863 (0%)  
[  7] 410.00-411.00 sec  1.19 MBytes  9.99 Mbits/sec  0.600 ms  8/870 (0.92%)  
[  7] 411.00-412.00 sec  1.18 MBytes  9.91 Mbits/sec  0.882 ms  6/862 (0.7%)  
[  7] 412.00-413.00 sec  1.19 MBytes  9.98 Mbits/sec  1.579 ms  0/861 (0%)  
[  7] 413.00-414.00 sec  1.13 MBytes  9.50 Mbits/sec  1.177 ms  37/858 (4.3%)  
[  7] 414.00-415.00 sec  1.20 MBytes  10.1 Mbits/sec  1.272 ms  3/871 (0.34%)  
[  7] 415.00-416.00 sec  1.17 MBytes  9.81 Mbits/sec  0.570 ms  3/850 (0.35%)  
[  7] 416.00-417.00 sec  1.16 MBytes  9.72 Mbits/sec  1.149 ms  34/873 (3.9%)  
[  7] 417.00-418.00 sec  1.20 MBytes  10.0 Mbits/sec  1.228 ms  0/867 (0%)  
[  7] 418.00-419.00 sec  1.18 MBytes  9.89 Mbits/sec  0.943 ms  8/862 (0.93%)  
[  7] 419.00-420.00 sec  1.19 MBytes  9.98 Mbits/sec  1.097 ms  0/863 (0%)  
[  7] 420.00-421.00 sec  1.19 MBytes  10.0 Mbits/sec  1.216 ms  0/865 (0%)  
[  7] 421.00-422.00 sec  1.18 MBytes  9.87 Mbits/sec  1.256 ms  5/857 (0.58%)  
[  7] 422.00-423.00 sec  1.19 MBytes  9.99 Mbits/sec  0.747 ms  4/867 (0.46%)  
[  7] 423.00-424.00 sec  1.20 MBytes  10.0 Mbits/sec  1.290 ms  0/867 (0%)  
[  7] 424.00-425.00 sec  1.17 MBytes  9.82 Mbits/sec  1.221 ms  8/855 (0.94%)  
[  7] 425.00-426.00 sec  1.20 MBytes  10.1 Mbits/sec  0.720 ms  0/870 (0%)  
[  7] 426.00-427.00 sec  1.18 MBytes  9.89 Mbits/sec  0.880 ms  10/864 (1.2%)  
[  7] 427.00-428.00 sec  1.19 MBytes  9.98 Mbits/sec  1.045 ms  0/862 (0%)  
[  7] 428.00-429.00 sec  1.18 MBytes  9.90 Mbits/sec  0.879 ms  6/861 (0.7%)  
[  7] 429.00-430.00 sec  1.18 MBytes  9.91 Mbits/sec  1.022 ms  3/858 (0.35%)  
[  7] 430.00-431.00 sec  1.18 MBytes  9.86 Mbits/sec  1.059 ms  17/868 (2%)  
[  7] 431.00-432.00 sec  1.10 MBytes  9.21 Mbits/sec  1.400 ms  67/862 (7.8%)  
[  7] 432.00-433.00 sec  1.18 MBytes  9.90 Mbits/sec  1.581 ms  5/860 (0.58%)  
[  7] 433.00-434.00 sec  1.17 MBytes  9.81 Mbits/sec  1.681 ms  15/862 (1.7%)  
[  7] 434.00-435.00 sec  1.19 MBytes  10.0 Mbits/sec  1.416 ms  5/868 (0.58%)  
[  7] 435.00-436.00 sec  1.20 MBytes  10.1 Mbits/sec  0.464 ms  0/868 (0%)  
[  7] 436.00-437.00 sec  1.19 MBytes  9.97 Mbits/sec  1.000 ms  2/863 (0.23%)  
[  7] 437.00-438.00 sec  1.16 MBytes  9.70 Mbits/sec  1.152 ms  21/858 (2.4%)  
[  7] 438.00-439.00 sec  1.20 MBytes  10.0 Mbits/sec  0.828 ms  0/866 (0%)  
[  7] 439.00-440.00 sec  1.18 MBytes  9.92 Mbits/sec  1.423 ms  5/861 (0.58%)  
[  7] 440.00-441.00 sec  1.19 MBytes  10.0 Mbits/sec  1.017 ms  0/864 (0%)  
[  7] 441.00-442.00 sec  1.17 MBytes  9.77 Mbits/sec  1.334 ms  17/864 (2%)  
[  7] 442.00-443.00 sec  1.17 MBytes  9.87 Mbits/sec  1.037 ms  15/864 (1.7%)  
[  7] 443.00-444.00 sec  1.18 MBytes  9.87 Mbits/sec  1.280 ms  11/863 (1.3%)  
[  7] 444.00-445.00 sec  1.13 MBytes  9.47 Mbits/sec  1.110 ms  35/853 (4.1%)  
[  7] 445.00-446.00 sec  1.21 MBytes  10.1 Mbits/sec  1.255 ms  0/873 (0%)  
[  7] 446.00-447.00 sec  1.18 MBytes  9.85 Mbits/sec  1.068 ms  13/864 (1.5%)  
[  7] 447.00-448.00 sec  1.16 MBytes  9.76 Mbits/sec  0.888 ms  23/865 (2.7%)  
[  7] 448.00-449.00 sec  1.17 MBytes  9.79 Mbits/sec  1.007 ms  19/864 (2.2%)  
[  7] 449.00-450.00 sec  1.18 MBytes  9.92 Mbits/sec  1.548 ms  1/857 (0.12%)  
[  7] 450.00-451.00 sec  1.13 MBytes  9.48 Mbits/sec  0.782 ms  34/852 (4%)  
[  7] 451.00-452.00 sec  1.16 MBytes  9.74 Mbits/sec  1.030 ms  35/876 (4%)  
[  7] 452.00-453.00 sec  1.16 MBytes  9.71 Mbits/sec  1.002 ms  29/867 (3.3%)  
[  7] 453.00-454.00 sec  1.19 MBytes  10.0 Mbits/sec  0.956 ms  1/865 (0.12%)  
[  7] 454.00-455.00 sec  1.19 MBytes  9.97 Mbits/sec  0.892 ms  0/861 (0%)  
[  7] 455.00-456.00 sec  1.17 MBytes  9.79 Mbits/sec  0.708 ms  19/864 (2.2%)  
[  7] 456.00-457.01 sec  1.19 MBytes  9.84 Mbits/sec  1.509 ms  11/871 (1.3%)  
[  7] 457.01-458.00 sec  1.17 MBytes  9.93 Mbits/sec  0.628 ms  9/856 (1.1%)  
[  7] 458.00-459.00 sec  1.17 MBytes  9.82 Mbits/sec  0.794 ms  14/862 (1.6%)  
[  7] 459.00-460.00 sec  1.17 MBytes  9.85 Mbits/sec  0.999 ms  10/860 (1.2%)  
[  7] 460.00-461.00 sec  1.20 MBytes  10.1 Mbits/sec  0.761 ms  0/868 (0%)  
[  7] 461.00-462.00 sec  1.19 MBytes  9.99 Mbits/sec  0.982 ms  0/862 (0%)  
[  7] 462.00-463.00 sec  1.19 MBytes  9.97 Mbits/sec  0.996 ms  0/861 (0%)  
[  7] 463.00-464.00 sec  1.14 MBytes  9.55 Mbits/sec  1.508 ms  5/830 (0.6%)  
[  7] 464.00-465.00 sec  1.23 MBytes  10.3 Mbits/sec  1.458 ms  11/900 (1.2%)  
[  7] 465.00-466.00 sec  1.18 MBytes  9.92 Mbits/sec  1.161 ms  7/863 (0.81%)  
[  7] 466.00-467.00 sec  1.19 MBytes  10.0 Mbits/sec  0.939 ms  0/864 (0%)  
[  7] 467.00-468.00 sec  1.17 MBytes  9.84 Mbits/sec  1.337 ms  1/851 (0.12%)  
[  7] 468.00-469.00 sec  1.21 MBytes  10.1 Mbits/sec  0.837 ms  0/875 (0%)  
[  7] 469.00-470.00 sec  1.18 MBytes  9.94 Mbits/sec  0.625 ms  5/863 (0.58%)  
[  7] 470.00-471.00 sec  1.17 MBytes  9.77 Mbits/sec  1.968 ms  0/844 (0%)  
[  7] 471.00-472.00 sec  1.21 MBytes  10.1 Mbits/sec  0.954 ms  6/882 (0.68%)  
[  7] 472.00-473.00 sec  1.18 MBytes  9.89 Mbits/sec  1.004 ms  6/860 (0.7%)  
[  7] 473.00-474.00 sec  1.15 MBytes  9.66 Mbits/sec  1.455 ms  10/844 (1.2%)  
[  7] 474.00-475.00 sec  1.22 MBytes  10.2 Mbits/sec  1.005 ms  6/886 (0.68%)  
[  7] 475.00-476.00 sec  1.17 MBytes  9.81 Mbits/sec  0.678 ms  15/862 (1.7%)  
[  7] 476.00-477.00 sec  1.18 MBytes  9.86 Mbits/sec  0.808 ms  13/864 (1.5%)  
[  7] 477.00-478.00 sec  1.17 MBytes  9.78 Mbits/sec  1.185 ms  5/849 (0.59%)  
[  7] 478.00-479.00 sec  1.18 MBytes  9.90 Mbits/sec  0.909 ms  23/878 (2.6%)  
[  7] 479.00-480.00 sec  1.19 MBytes  9.97 Mbits/sec  0.925 ms  0/861 (0%)  
[  7] 480.00-481.00 sec  1.17 MBytes  9.80 Mbits/sec  1.451 ms  15/861 (1.7%)  
[  7] 481.00-482.00 sec  1.18 MBytes  9.89 Mbits/sec  1.032 ms  0/854 (0%)  
[  7] 482.00-483.00 sec  1.20 MBytes  10.0 Mbits/sec  0.970 ms  10/877 (1.1%)  
[  7] 483.00-484.00 sec  1.18 MBytes  9.94 Mbits/sec  1.347 ms  0/858 (0%)  
[  7] 484.00-485.00 sec  1.20 MBytes  10.0 Mbits/sec  0.861 ms  0/866 (0%)  
[  7] 485.00-486.00 sec  1.17 MBytes  9.83 Mbits/sec  1.118 ms  18/866 (2.1%)  
[  7] 486.00-487.00 sec  1.17 MBytes  9.82 Mbits/sec  1.611 ms  12/860 (1.4%)  
[  7] 487.00-488.00 sec  1.19 MBytes  10.0 Mbits/sec  0.588 ms  4/868 (0.46%)  
[  7] 488.00-489.00 sec  1.17 MBytes  9.81 Mbits/sec  1.979 ms  0/847 (0%)  
[  7] 489.00-490.00 sec  1.21 MBytes  10.1 Mbits/sec  0.936 ms  0/873 (0%)  
[  7] 490.00-491.00 sec  1.16 MBytes  9.77 Mbits/sec  1.711 ms  15/858 (1.7%)  
[  7] 491.00-492.00 sec  1.18 MBytes  9.88 Mbits/sec  1.506 ms  13/866 (1.5%)  
[  7] 492.00-493.00 sec  1.19 MBytes  9.96 Mbits/sec  0.952 ms  8/868 (0.92%)  
[  7] 493.00-494.00 sec  1.18 MBytes  9.93 Mbits/sec  1.690 ms  3/860 (0.35%)  
[  7] 494.00-495.00 sec  1.15 MBytes  9.66 Mbits/sec  1.002 ms  34/868 (3.9%)  
[  7] 495.00-496.00 sec  1.12 MBytes  9.41 Mbits/sec  0.744 ms  53/865 (6.1%)  
[  7] 496.00-497.00 sec  1.18 MBytes  9.87 Mbits/sec  0.896 ms  12/864 (1.4%)  
[  7] 497.00-498.00 sec  1.19 MBytes  9.99 Mbits/sec  1.198 ms  0/862 (0%)  
[  7] 498.00-499.00 sec  1.19 MBytes  9.96 Mbits/sec  0.750 ms  0/860 (0%)  
[  7] 499.00-500.00 sec  1.15 MBytes  9.68 Mbits/sec  1.071 ms  27/863 (3.1%)  
[  7] 500.00-501.00 sec  1.19 MBytes  10.0 Mbits/sec  1.349 ms  2/866 (0.23%)  
[  7] 501.00-502.00 sec  1.17 MBytes  9.83 Mbits/sec  1.495 ms  9/858 (1%)  
[  7] 502.00-503.00 sec  1.17 MBytes  9.85 Mbits/sec  1.802 ms  1/851 (0.12%)  
[  7] 503.00-504.00 sec  1.18 MBytes  9.92 Mbits/sec  1.062 ms  23/879 (2.6%)  
[  7] 504.00-505.00 sec  1.18 MBytes  9.90 Mbits/sec  1.221 ms  4/859 (0.47%)  
[  7] 505.00-506.00 sec  1.19 MBytes  10.0 Mbits/sec  1.321 ms  0/865 (0%)  
[  7] 506.00-507.00 sec  1.17 MBytes  9.81 Mbits/sec  0.654 ms  22/869 (2.5%)  
[  7] 507.00-508.00 sec  1.17 MBytes  9.85 Mbits/sec  1.033 ms  8/858 (0.93%)  
[  7] 508.00-509.00 sec  1.18 MBytes  9.88 Mbits/sec  1.289 ms  13/866 (1.5%)  
[  7] 509.00-510.00 sec  1.15 MBytes  9.67 Mbits/sec  1.208 ms  27/862 (3.1%)  
[  7] 510.00-511.00 sec  1.10 MBytes  9.25 Mbits/sec  1.289 ms  63/862 (7.3%)  
[  7] 511.00-512.00 sec  1.18 MBytes  9.92 Mbits/sec  1.216 ms  10/866 (1.2%)  
[  7] 512.00-513.00 sec  1.19 MBytes  10.0 Mbits/sec  1.064 ms  0/864 (0%)  
[  7] 513.00-514.00 sec  1.19 MBytes  10.0 Mbits/sec  1.350 ms  2/865 (0.23%)  
[  7] 514.00-515.00 sec  1.17 MBytes  9.84 Mbits/sec  1.290 ms  5/854 (0.59%)  
[  7] 515.00-516.00 sec  1.18 MBytes  9.90 Mbits/sec  1.306 ms  9/864 (1%)  
[  7] 516.00-517.00 sec  1.15 MBytes  9.65 Mbits/sec  1.926 ms  13/846 (1.5%)  
[  7] 517.00-518.00 sec  1.19 MBytes  9.95 Mbits/sec  1.009 ms  26/885 (2.9%)  
[  7] 518.00-519.00 sec  1.08 MBytes  9.08 Mbits/sec  1.220 ms  78/862 (9%)  
[  7] 519.00-520.00 sec  1.20 MBytes  10.1 Mbits/sec  1.072 ms  0/869 (0%)  
[  7] 520.00-521.00 sec  1.19 MBytes  9.95 Mbits/sec  0.948 ms  3/862 (0.35%)  
[  7] 521.00-522.00 sec  1.16 MBytes  9.76 Mbits/sec  0.958 ms  19/862 (2.2%)  
[  7] 522.00-523.00 sec  1.19 MBytes  10.0 Mbits/sec  1.104 ms  0/864 (0%)  
[  7] 523.00-524.00 sec  1.19 MBytes  9.97 Mbits/sec  1.236 ms  3/864 (0.35%)  
[  7] 524.00-525.00 sec  1.18 MBytes  9.89 Mbits/sec  1.207 ms  6/861 (0.7%)  
[  7] 525.00-526.00 sec  1.19 MBytes  10.0 Mbits/sec  0.867 ms  1/865 (0.12%)  
[  7] 526.00-527.00 sec  1.18 MBytes  9.89 Mbits/sec  1.443 ms  8/862 (0.93%)  
[  7] 527.00-528.00 sec  1.19 MBytes  9.98 Mbits/sec  1.280 ms  1/863 (0.12%)  
[  7] 528.00-529.00 sec  1.15 MBytes  9.68 Mbits/sec  1.124 ms  8/844 (0.95%)  
[  7] 529.00-530.00 sec  1.19 MBytes  10.0 Mbits/sec  1.245 ms  18/883 (2%)  
[  7] 530.00-531.00 sec  1.18 MBytes  9.94 Mbits/sec  1.336 ms  6/864 (0.69%)  
[  7] 531.00-532.00 sec  1.18 MBytes  9.88 Mbits/sec  0.722 ms  12/865 (1.4%)  
[  7] 532.00-533.00 sec  1.18 MBytes  9.89 Mbits/sec  0.970 ms  9/863 (1%)  
[  7] 533.00-534.00 sec  1.17 MBytes  9.82 Mbits/sec  1.045 ms  11/860 (1.3%)  
[  7] 534.00-535.00 sec  1.19 MBytes  9.99 Mbits/sec  1.661 ms  0/861 (0%)  
[  7] 535.00-536.00 sec  1.20 MBytes  10.1 Mbits/sec  0.611 ms  1/869 (0.12%)  
[  7] 536.00-537.00 sec  1.17 MBytes  9.80 Mbits/sec  1.507 ms  11/857 (1.3%)  
[  7] 537.00-538.00 sec  1.18 MBytes  9.90 Mbits/sec  1.327 ms  12/867 (1.4%)  
[  7] 538.00-539.00 sec  1.18 MBytes  9.93 Mbits/sec  1.524 ms  0/857 (0%)  
[  7] 539.00-540.00 sec  1.18 MBytes  9.90 Mbits/sec  1.148 ms  1/856 (0.12%)  
[  7] 540.00-541.00 sec  1.19 MBytes  9.99 Mbits/sec  1.183 ms  12/874 (1.4%)  
[  7] 541.00-542.00 sec  1.19 MBytes  10.0 Mbits/sec  1.140 ms  1/864 (0.12%)  
[  7] 542.00-543.00 sec  1.19 MBytes  9.96 Mbits/sec  0.927 ms  2/862 (0.23%)  
[  7] 543.00-544.00 sec  1.19 MBytes  10.0 Mbits/sec  1.312 ms  0/865 (0%)  
[  7] 544.00-545.00 sec  1.19 MBytes  9.99 Mbits/sec  1.211 ms  3/866 (0.35%)  
[  7] 545.00-546.00 sec  1.19 MBytes  9.98 Mbits/sec  1.044 ms  0/861 (0%)  
[  7] 546.00-547.00 sec  1.18 MBytes  9.92 Mbits/sec  1.743 ms  3/859 (0.35%)  
[  7] 547.00-548.00 sec  1.20 MBytes  10.0 Mbits/sec  1.196 ms  3/870 (0.34%)  
[  7] 548.00-549.00 sec  1.18 MBytes  9.88 Mbits/sec  1.082 ms  5/858 (0.58%)  
[  7] 549.00-550.00 sec  1.20 MBytes  10.1 Mbits/sec  1.141 ms  0/871 (0%)  
[  7] 550.00-551.00 sec  1.19 MBytes  9.98 Mbits/sec  0.588 ms  0/861 (0%)  
[  7] 551.00-552.00 sec  1.19 MBytes  9.99 Mbits/sec  0.992 ms  0/862 (0%)  
[  7] 552.00-553.00 sec  1.19 MBytes  9.99 Mbits/sec  1.079 ms  0/862 (0%)  
[  7] 553.00-554.00 sec  1.19 MBytes  9.96 Mbits/sec  1.066 ms  7/867 (0.81%)  
[  7] 554.00-555.00 sec  1.18 MBytes  9.92 Mbits/sec  1.629 ms  0/856 (0%)  
[  7] 555.00-556.00 sec  1.19 MBytes  9.96 Mbits/sec  0.468 ms  11/871 (1.3%)  
[  7] 556.00-557.00 sec  1.19 MBytes  9.95 Mbits/sec  1.101 ms  2/862 (0.23%)  
[  7] 557.00-558.00 sec  1.19 MBytes  9.99 Mbits/sec  0.937 ms  0/861 (0%)  
[  7] 558.00-559.01 sec  1.19 MBytes  9.96 Mbits/sec  1.108 ms  0/864 (0%)  
[  7] 559.01-560.00 sec  1.19 MBytes  10.0 Mbits/sec  0.534 ms  4/866 (0.46%)  
[  7] 560.00-561.00 sec  1.18 MBytes  9.93 Mbits/sec  1.163 ms  0/857 (0%)  
[  7] 561.00-562.00 sec  1.19 MBytes  10.0 Mbits/sec  0.857 ms  0/865 (0%)  
[  7] 562.00-563.00 sec  1.20 MBytes  10.1 Mbits/sec  0.791 ms  0/868 (0%)  
[  7] 563.00-564.00 sec  1.18 MBytes  9.92 Mbits/sec  0.894 ms  0/858 (0%)  
[  7] 564.00-565.00 sec  1.19 MBytes  10.0 Mbits/sec  0.779 ms  5/867 (0.58%)  
[  7] 565.00-566.00 sec  1.19 MBytes  9.96 Mbits/sec  1.416 ms  0/860 (0%)  
[  7] 566.00-567.00 sec  1.19 MBytes  10.0 Mbits/sec  0.838 ms  0/865 (0%)  
[  7] 567.00-568.00 sec  1.19 MBytes  10.0 Mbits/sec  0.637 ms  0/865 (0%)  
[  7] 568.00-569.00 sec  1.19 MBytes  10.0 Mbits/sec  0.965 ms  0/864 (0%)  
[  7] 569.00-570.00 sec  1.18 MBytes  9.90 Mbits/sec  1.355 ms  4/860 (0.47%)  
[  7] 570.00-571.00 sec  1.19 MBytes  10.0 Mbits/sec  1.108 ms  1/864 (0.12%)  
[  7] 571.00-572.00 sec  1.18 MBytes  9.92 Mbits/sec  0.975 ms  6/862 (0.7%)  
[  7] 572.00-573.00 sec  1.19 MBytes  9.96 Mbits/sec  1.049 ms  3/863 (0.35%)  
[  7] 573.00-574.00 sec  1.20 MBytes  10.0 Mbits/sec  0.829 ms  0/867 (0%)  
[  7] 574.00-575.00 sec  1.19 MBytes  9.99 Mbits/sec  0.998 ms  0/862 (0%)  
[  7] 575.00-576.00 sec  1.19 MBytes  9.95 Mbits/sec  1.500 ms  2/861 (0.23%)  
[  7] 576.00-577.00 sec  1.19 MBytes  10.0 Mbits/sec  0.586 ms  3/867 (0.35%)  
[  7] 577.00-578.00 sec  1.19 MBytes  9.98 Mbits/sec  0.837 ms  0/862 (0%)  
[  7] 578.00-579.00 sec  1.19 MBytes  9.96 Mbits/sec  0.889 ms  0/860 (0%)  
[  7] 579.00-580.00 sec  1.20 MBytes  10.0 Mbits/sec  1.296 ms  0/867 (0%)  
[  7] 580.00-581.00 sec  1.19 MBytes  10.0 Mbits/sec  0.699 ms  2/864 (0.23%)  
[  7] 581.00-582.00 sec  1.19 MBytes  9.95 Mbits/sec  1.041 ms  0/860 (0%)  
[  7] 582.00-583.00 sec  1.20 MBytes  10.0 Mbits/sec  0.384 ms  0/866 (0%)  
[  7] 583.00-584.00 sec  1.18 MBytes  9.94 Mbits/sec  1.026 ms  0/858 (0%)  
[  7] 584.00-585.00 sec  1.20 MBytes  10.0 Mbits/sec  1.203 ms  0/867 (0%)  
[  7] 585.00-586.00 sec  1.19 MBytes  10.0 Mbits/sec  0.787 ms  0/863 (0%)  
[  7] 586.00-587.00 sec  1.19 MBytes  10.0 Mbits/sec  0.553 ms  0/865 (0%)  
[  7] 587.00-588.00 sec  1.19 MBytes  9.95 Mbits/sec  1.338 ms  0/859 (0%)  
[  7] 588.00-589.00 sec  1.19 MBytes  10.0 Mbits/sec  0.474 ms  0/865 (0%)  
[  7] 589.00-590.00 sec  1.19 MBytes  10.0 Mbits/sec  1.108 ms  0/865 (0%)  
[  7] 590.00-591.00 sec  1.19 MBytes  10.0 Mbits/sec  0.624 ms  0/864 (0%)  
[  7] 591.00-592.00 sec  1.19 MBytes  9.97 Mbits/sec  0.694 ms  0/861 (0%)  
[  7] 592.00-593.00 sec  1.20 MBytes  10.0 Mbits/sec  0.781 ms  0/866 (0%)  
[  7] 593.00-594.00 sec  1.19 MBytes  9.99 Mbits/sec  0.874 ms  0/861 (0%)  
[  7] 594.00-595.00 sec  1.20 MBytes  10.0 Mbits/sec  0.481 ms  0/866 (0%)  
[  7] 595.00-596.00 sec  1.19 MBytes  9.99 Mbits/sec  0.566 ms  0/862 (0%)  
[  7] 596.00-597.00 sec  1.19 MBytes  9.97 Mbits/sec  0.764 ms  0/861 (0%)  
[  7] 597.00-598.00 sec  1.20 MBytes  10.0 Mbits/sec  0.754 ms  0/866 (0%)  
[  7] 598.00-599.00 sec  1.19 MBytes  9.97 Mbits/sec  0.957 ms  0/861 (0%)  
[  7] 599.00-600.00 sec  1.19 MBytes  10.0 Mbits/sec  0.867 ms  0/864 (0%)  
[  7] 600.00-601.00 sec  1.19 MBytes  10.0 Mbits/sec  0.825 ms  0/865 (0%)  
[  7] 601.00-602.00 sec  1.19 MBytes  9.97 Mbits/sec  0.588 ms  2/863 (0.23%)  
[  7] 602.00-603.00 sec  1.19 MBytes  10.0 Mbits/sec  0.861 ms  0/864 (0%)  
[  7] 603.00-604.00 sec  1.18 MBytes  9.93 Mbits/sec  1.049 ms  6/863 (0.7%)  
[  7] 604.00-605.00 sec  1.19 MBytes  9.99 Mbits/sec  1.046 ms  0/862 (0%)  
[  7] 605.00-606.00 sec  1.19 MBytes  10.0 Mbits/sec  0.591 ms  0/864 (0%)  
[  7] 606.00-607.00 sec  1.19 MBytes  10.0 Mbits/sec  0.570 ms  0/863 (0%)  
[  7] 607.00-608.00 sec  1.19 MBytes  10.0 Mbits/sec  0.847 ms  0/864 (0%)  
[  7] 608.00-609.00 sec  1.19 MBytes  9.97 Mbits/sec  1.025 ms  0/861 (0%)  
[  7] 609.00-610.00 sec  1.19 MBytes  10.0 Mbits/sec  0.957 ms  0/865 (0%)  
[  7] 610.00-611.00 sec  1.19 MBytes  10.0 Mbits/sec  0.810 ms  0/862 (0%)  
[  7] 611.00-612.00 sec  1.19 MBytes  10.0 Mbits/sec  0.933 ms  0/865 (0%)  
[  7] 612.00-613.00 sec  1.18 MBytes  9.89 Mbits/sec  1.074 ms  0/854 (0%)  
[  7] 613.00-614.00 sec  1.20 MBytes  10.0 Mbits/sec  1.043 ms  5/871 (0.57%)  
[  7] 614.00-615.00 sec  1.19 MBytes  10.0 Mbits/sec  0.806 ms  0/865 (0%)  
[  7] 615.00-616.00 sec  1.19 MBytes  9.99 Mbits/sec  1.263 ms  0/862 (0%)  
[  7] 616.00-617.00 sec  1.17 MBytes  9.83 Mbits/sec  0.979 ms  14/863 (1.6%)  
[  7] 617.00-618.00 sec  1.19 MBytes  10.0 Mbits/sec  1.137 ms  0/864 (0%)  
[  7] 618.00-619.00 sec  1.18 MBytes  9.87 Mbits/sec  1.616 ms  4/856 (0.47%)  
[  7] 619.00-620.00 sec  1.20 MBytes  10.1 Mbits/sec  1.053 ms  0/871 (0%)  
[  7] 620.00-621.00 sec  1.19 MBytes  10.0 Mbits/sec  0.606 ms  1/864 (0.12%)  
[  7] 621.00-622.00 sec  1.19 MBytes  9.99 Mbits/sec  0.757 ms  0/862 (0%)  
[  7] 622.00-623.00 sec  1.19 MBytes  9.97 Mbits/sec  0.556 ms  0/861 (0%)  
[  7] 623.00-624.00 sec  1.19 MBytes  10.0 Mbits/sec  0.908 ms  0/865 (0%)  
[  7] 624.00-625.00 sec  1.19 MBytes  10.0 Mbits/sec  0.528 ms  0/864 (0%)  
[  7] 625.00-626.00 sec  1.19 MBytes  10.0 Mbits/sec  0.722 ms  0/863 (0%)  
[  7] 626.00-627.00 sec  1.19 MBytes  9.98 Mbits/sec  0.722 ms  0/862 (0%)  
[  7] 627.00-628.00 sec  1.19 MBytes  9.99 Mbits/sec  1.328 ms  0/862 (0%)  
[  7] 628.00-629.00 sec  1.19 MBytes  9.99 Mbits/sec  0.857 ms  4/866 (0.46%)  
[  7] 629.00-630.00 sec  1.16 MBytes  9.75 Mbits/sec  1.503 ms  11/853 (1.3%)  
[  7] 630.00-631.00 sec  1.20 MBytes  10.1 Mbits/sec  0.728 ms  5/873 (0.57%)  
[  7] 631.00-632.00 sec  1.19 MBytes  10.0 Mbits/sec  0.924 ms  0/863 (0%)  
[  7] 632.00-633.00 sec  1.19 MBytes  9.96 Mbits/sec  0.802 ms  2/862 (0.23%)  
[  7] 633.00-634.00 sec  1.18 MBytes  9.95 Mbits/sec  0.994 ms  3/861 (0.35%)  
[  7] 634.00-635.00 sec  1.20 MBytes  10.1 Mbits/sec  0.904 ms  0/868 (0%)  
[  7] 635.00-636.00 sec  1.19 MBytes  9.96 Mbits/sec  1.025 ms  0/861 (0%)  
[  7] 636.00-637.00 sec  1.19 MBytes  10.0 Mbits/sec  0.954 ms  0/865 (0%)  
[  7] 637.00-638.00 sec  1.16 MBytes  9.73 Mbits/sec  1.368 ms  2/844 (0.24%)  
[  7] 638.00-639.00 sec  1.22 MBytes  10.3 Mbits/sec  0.794 ms  0/883 (0%)  
[  7] 639.00-640.00 sec  1.19 MBytes  10.0 Mbits/sec  0.700 ms  0/864 (0%)  
[  7] 640.00-641.00 sec  1.19 MBytes  9.97 Mbits/sec  0.998 ms  0/861 (0%)  
[  7] 641.00-642.00 sec  1.19 MBytes  10.0 Mbits/sec  0.767 ms  0/864 (0%)  
[  7] 642.00-643.00 sec  1.19 MBytes  10.0 Mbits/sec  0.372 ms  0/864 (0%)  
[  7] 643.00-644.00 sec  1.19 MBytes  9.98 Mbits/sec  0.756 ms  0/862 (0%)  
[  7] 644.00-645.00 sec  1.19 MBytes  10.0 Mbits/sec  0.446 ms  0/864 (0%)  
[  7] 645.00-646.00 sec  1.19 MBytes  10.0 Mbits/sec  0.516 ms  0/864 (0%)  
[  7] 646.00-647.00 sec  1.19 MBytes  10.0 Mbits/sec  0.917 ms  0/863 (0%)  
[  7] 647.00-648.00 sec  1.18 MBytes  9.92 Mbits/sec  1.465 ms  1/858 (0.12%)  
[  7] 648.00-649.00 sec  1.20 MBytes  10.1 Mbits/sec  0.703 ms  0/868 (0%)  
[  7] 649.00-650.00 sec  1.19 MBytes  10.0 Mbits/sec  0.666 ms  0/863 (0%)  
[  7] 650.00-651.00 sec  1.19 MBytes  10.0 Mbits/sec  0.897 ms  0/863 (0%)  
[  7] 651.00-652.00 sec  1.19 MBytes  10.0 Mbits/sec  0.529 ms  0/864 (0%)  
[  7] 652.00-653.00 sec  1.19 MBytes  10.0 Mbits/sec  0.475 ms  0/864 (0%)  
[  7] 653.00-654.00 sec  1.19 MBytes  9.97 Mbits/sec  0.428 ms  0/861 (0%)  
[  7] 654.00-655.00 sec  1.19 MBytes  10.0 Mbits/sec  0.521 ms  0/864 (0%)  
[  7] 655.00-656.00 sec  1.19 MBytes  10.0 Mbits/sec  0.530 ms  0/864 (0%)  
[  7] 656.00-657.00 sec  1.19 MBytes  10.0 Mbits/sec  0.691 ms  0/864 (0%)  
[  7] 657.00-658.00 sec  1.19 MBytes  9.97 Mbits/sec  0.611 ms  0/861 (0%)  
[  7] 658.00-659.00 sec  1.19 MBytes  10.0 Mbits/sec  0.976 ms  0/865 (0%)  
[  7] 659.00-660.00 sec  1.19 MBytes  10.0 Mbits/sec  0.678 ms  0/864 (0%)  
[  7] 660.00-661.00 sec  1.19 MBytes  10.0 Mbits/sec  0.886 ms  0/865 (0%)  
[  7] 661.00-662.00 sec  1.19 MBytes  10.0 Mbits/sec  0.605 ms  0/861 (0%)  
[  7] 662.00-663.00 sec  1.19 MBytes  9.99 Mbits/sec  0.632 ms  0/862 (0%)  
[  7] 663.00-664.00 sec  1.19 MBytes  10.0 Mbits/sec  0.651 ms  0/864 (0%)  
[  7] 664.00-665.00 sec  1.19 MBytes  9.98 Mbits/sec  0.438 ms  0/862 (0%)  
[  7] 665.00-666.00 sec  1.19 MBytes  10.0 Mbits/sec  1.002 ms  0/865 (0%)  
[  7] 666.00-667.00 sec  1.19 MBytes  10.0 Mbits/sec  0.944 ms  0/862 (0%)  
[  7] 667.00-668.00 sec  1.19 MBytes  9.95 Mbits/sec  1.127 ms  0/859 (0%)  
[  7] 668.00-669.00 sec  1.20 MBytes  10.0 Mbits/sec  1.095 ms  1/867 (0.12%)  
[  7] 669.00-670.00 sec  1.19 MBytes  10.0 Mbits/sec  0.946 ms  0/865 (0%)  
[  7] 670.00-671.00 sec  1.19 MBytes  9.97 Mbits/sec  0.902 ms  0/861 (0%)  
[  7] 671.00-672.00 sec  1.19 MBytes  10.0 Mbits/sec  0.704 ms  0/865 (0%)  
[  7] 672.00-673.00 sec  1.19 MBytes  9.99 Mbits/sec  0.919 ms  0/862 (0%)  
[  7] 673.00-674.00 sec  1.18 MBytes  9.87 Mbits/sec  1.366 ms  3/855 (0.35%)  
[  7] 674.00-675.00 sec  1.20 MBytes  10.1 Mbits/sec  1.516 ms  0/872 (0%)  
[  7] 675.00-676.00 sec  1.19 MBytes  10.0 Mbits/sec  0.892 ms  0/863 (0%)  
[  7] 676.00-677.00 sec  1.19 MBytes  10.0 Mbits/sec  0.576 ms  0/865 (0%)  
[  7] 677.00-678.00 sec  1.19 MBytes  9.97 Mbits/sec  0.464 ms  0/861 (0%)  
[  7] 678.00-679.00 sec  1.19 MBytes  10.0 Mbits/sec  0.971 ms  0/863 (0%)  
[  7] 679.00-680.00 sec  1.20 MBytes  10.0 Mbits/sec  0.424 ms  0/866 (0%)  
[  7] 680.00-681.00 sec  1.18 MBytes  9.93 Mbits/sec  1.080 ms  0/857 (0%)  
[  7] 681.00-682.00 sec  1.20 MBytes  10.0 Mbits/sec  0.667 ms  0/867 (0%)  
[  7] 682.00-683.00 sec  1.19 MBytes  10.0 Mbits/sec  0.699 ms  0/864 (0%)  
[  7] 683.00-684.00 sec  1.18 MBytes  9.93 Mbits/sec  1.301 ms  0/857 (0%)  
[  7] 684.00-685.00 sec  1.20 MBytes  10.1 Mbits/sec  0.608 ms  0/871 (0%)  
[  7] 685.00-686.00 sec  1.19 MBytes  9.97 Mbits/sec  1.243 ms  0/861 (0%)  
[  7] 686.00-687.00 sec  1.19 MBytes  10.0 Mbits/sec  1.028 ms  0/864 (0%)  
[  7] 687.00-688.00 sec  1.18 MBytes  9.94 Mbits/sec  1.210 ms  4/862 (0.46%)  
[  7] 688.00-689.00 sec  1.19 MBytes  10.0 Mbits/sec  0.691 ms  0/865 (0%)  
[  7] 689.00-690.00 sec  1.19 MBytes  9.99 Mbits/sec  0.738 ms  0/863 (0%)  
[  7] 690.00-691.00 sec  1.19 MBytes  10.0 Mbits/sec  0.651 ms  0/863 (0%)  
[  7] 691.00-692.00 sec  1.18 MBytes  9.90 Mbits/sec  1.277 ms  0/855 (0%)  
[  7] 692.00-693.00 sec  1.20 MBytes  10.1 Mbits/sec  0.446 ms  0/872 (0%)  
[  7] 693.00-694.00 sec  1.19 MBytes  9.99 Mbits/sec  1.016 ms  0/863 (0%)  
[  7] 694.00-695.00 sec  1.19 MBytes  10.0 Mbits/sec  0.561 ms  0/864 (0%)  
[  7] 695.00-696.00 sec  1.19 MBytes  10.0 Mbits/sec  0.634 ms  0/865 (0%)  
[  7] 696.00-697.00 sec  1.18 MBytes  9.93 Mbits/sec  1.111 ms  0/858 (0%)  
[  7] 697.00-698.00 sec  1.18 MBytes  9.95 Mbits/sec  1.233 ms  0/858 (0%)  
[  7] 698.00-699.00 sec  1.20 MBytes  10.1 Mbits/sec  1.039 ms  0/872 (0%)  
[  7] 699.00-700.00 sec  1.19 MBytes  9.99 Mbits/sec  0.909 ms  0/863 (0%)  
[  7] 700.00-701.00 sec  1.19 MBytes  10.0 Mbits/sec  1.126 ms  0/863 (0%)  
[  7] 701.00-702.00 sec  1.17 MBytes  9.79 Mbits/sec  1.120 ms  5/851 (0.59%)  
[  7] 702.00-703.00 sec  1.21 MBytes  10.1 Mbits/sec  0.831 ms  0/875 (0%)  
[  7] 703.00-704.00 sec  1.19 MBytes  10.0 Mbits/sec  0.678 ms  0/865 (0%)  
[  7] 704.00-705.00 sec  1.19 MBytes  9.97 Mbits/sec  0.403 ms  0/860 (0%)  
[  7] 705.00-706.00 sec  1.19 MBytes  10.0 Mbits/sec  0.767 ms  0/865 (0%)  
[  7] 706.00-707.00 sec  1.19 MBytes  10.0 Mbits/sec  0.693 ms  0/865 (0%)  
[  7] 707.00-708.00 sec  1.19 MBytes  9.99 Mbits/sec  0.647 ms  0/862 (0%)  
[  7] 708.00-709.00 sec  1.19 MBytes  9.96 Mbits/sec  0.679 ms  0/861 (0%)  
[  7] 709.00-710.00 sec  1.19 MBytes  10.0 Mbits/sec  0.572 ms  0/865 (0%)  
[  7] 710.00-711.00 sec  1.19 MBytes  9.99 Mbits/sec  0.585 ms  0/862 (0%)  
[  7] 711.00-712.00 sec  1.19 MBytes  10.0 Mbits/sec  0.820 ms  0/865 (0%)  
[  7] 712.00-713.00 sec  1.19 MBytes  10.0 Mbits/sec  0.456 ms  0/864 (0%)  
[  7] 713.00-714.00 sec  1.19 MBytes  9.99 Mbits/sec  0.854 ms  0/862 (0%)  
[  7] 714.00-715.00 sec  1.19 MBytes  9.96 Mbits/sec  1.234 ms  0/861 (0%)  
[  7] 715.00-716.00 sec  1.19 MBytes  10.0 Mbits/sec  0.682 ms  0/865 (0%)  
[  7] 716.00-717.00 sec  1.19 MBytes  10.0 Mbits/sec  0.633 ms  0/865 (0%)  
[  7] 717.00-718.00 sec  1.19 MBytes  10.0 Mbits/sec  1.010 ms  0/863 (0%)  
[  7] 718.00-719.00 sec  1.19 MBytes  10.0 Mbits/sec  0.649 ms  0/863 (0%)  
[  7] 719.00-720.00 sec  1.19 MBytes  10.0 Mbits/sec  0.794 ms  0/863 (0%)  
[  7] 720.00-721.00 sec  1.19 MBytes  9.96 Mbits/sec  0.699 ms  0/860 (0%)  
[  7] 721.00-722.00 sec  1.20 MBytes  10.0 Mbits/sec  0.750 ms  0/867 (0%)  
[  7] 722.00-723.00 sec  1.19 MBytes  9.99 Mbits/sec  0.586 ms  0/862 (0%)  
[  7] 723.00-724.00 sec  1.19 MBytes  10.0 Mbits/sec  0.859 ms  0/865 (0%)  
[  7] 724.00-725.00 sec  1.19 MBytes  10.0 Mbits/sec  0.953 ms  0/863 (0%)  
[  7] 725.00-726.00 sec  1.19 MBytes  10.0 Mbits/sec  0.766 ms  0/863 (0%)  
[  7] 726.00-727.00 sec  1.20 MBytes  10.0 Mbits/sec  1.006 ms  0/868 (0%)  
[  7] 727.00-728.00 sec  1.19 MBytes  9.99 Mbits/sec  0.576 ms  0/859 (0%)  
[  7] 728.00-729.00 sec  1.19 MBytes  10.0 Mbits/sec  0.471 ms  0/864 (0%)  
[  7] 729.00-730.00 sec  1.19 MBytes  9.96 Mbits/sec  0.903 ms  0/860 (0%)  
[  7] 730.00-731.00 sec  1.19 MBytes  10.0 Mbits/sec  0.592 ms  0/863 (0%)  
[  7] 731.00-732.00 sec  1.19 MBytes  9.97 Mbits/sec  1.231 ms  0/861 (0%)  
[  7] 732.00-733.00 sec  1.20 MBytes  10.1 Mbits/sec  1.195 ms  0/869 (0%)  
[  7] 733.00-734.00 sec  1.19 MBytes  10.0 Mbits/sec  0.677 ms  0/863 (0%)  
[  7] 734.00-735.00 sec  1.19 MBytes  9.99 Mbits/sec  0.754 ms  0/863 (0%)  
[  7] 735.00-736.00 sec  1.19 MBytes  10.0 Mbits/sec  0.796 ms  0/864 (0%)  
[  7] 736.00-737.00 sec  1.19 MBytes  9.97 Mbits/sec  0.709 ms  0/861 (0%)  
[  7] 737.00-738.00 sec  1.19 MBytes  10.0 Mbits/sec  0.776 ms  0/865 (0%)  
[  7] 738.00-739.00 sec  1.19 MBytes  9.99 Mbits/sec  0.937 ms  0/862 (0%)  
[  7] 739.00-740.00 sec  1.19 MBytes  9.99 Mbits/sec  1.081 ms  0/862 (0%)  
[  7] 740.00-741.00 sec  1.19 MBytes  9.96 Mbits/sec  1.402 ms  0/860 (0%)  
[  7] 741.00-742.00 sec  1.20 MBytes  10.0 Mbits/sec  1.060 ms  0/867 (0%)  
[  7] 742.00-743.00 sec  1.19 MBytes  10.0 Mbits/sec  0.957 ms  0/863 (0%)  
[  7] 743.00-744.00 sec  1.19 MBytes  10.0 Mbits/sec  1.133 ms  0/863 (0%)  
[  7] 744.00-745.00 sec  1.19 MBytes  10.0 Mbits/sec  0.808 ms  0/865 (0%)  
[  7] 745.00-746.00 sec  1.19 MBytes  10.0 Mbits/sec  0.735 ms  0/864 (0%)  
[  7] 746.00-747.00 sec  1.19 MBytes  9.98 Mbits/sec  0.993 ms  0/862 (0%)  
[  7] 747.00-748.00 sec  1.19 MBytes  10.0 Mbits/sec  0.703 ms  0/864 (0%)  
[  7] 748.00-749.00 sec  1.19 MBytes  10.0 Mbits/sec  0.686 ms  0/864 (0%)  
[  7] 749.00-750.00 sec  1.19 MBytes  9.99 Mbits/sec  0.441 ms  1/863 (0.12%)  
[  7] 750.00-751.00 sec  1.19 MBytes  9.98 Mbits/sec  0.970 ms  0/862 (0%)  
[  7] 751.00-752.00 sec  1.19 MBytes  10.0 Mbits/sec  1.182 ms  0/863 (0%)  
[  7] 752.00-753.00 sec  1.19 MBytes  9.97 Mbits/sec  1.064 ms  0/861 (0%)  
[  7] 753.00-754.00 sec  1.20 MBytes  10.0 Mbits/sec  0.703 ms  0/867 (0%)  
[  7] 754.00-755.00 sec  1.19 MBytes  10.0 Mbits/sec  0.450 ms  0/864 (0%)  
[  7] 755.00-756.00 sec  1.19 MBytes  9.97 Mbits/sec  0.715 ms  0/861 (0%)  
[  7] 756.00-757.00 sec  1.19 MBytes  9.95 Mbits/sec  0.896 ms  1/860 (0.12%)  
[  7] 757.00-758.00 sec  1.19 MBytes  9.96 Mbits/sec  0.616 ms  8/868 (0.92%)  
[  7] 758.00-759.00 sec  1.19 MBytes  9.99 Mbits/sec  0.944 ms  0/862 (0%)  
[  7] 759.00-760.00 sec  1.19 MBytes  9.97 Mbits/sec  0.974 ms  0/861 (0%)  
[  7] 760.00-761.00 sec  1.20 MBytes  10.0 Mbits/sec  0.952 ms  0/866 (0%)  
[  7] 761.00-762.00 sec  1.19 MBytes  9.97 Mbits/sec  1.352 ms  0/865 (0%)  
[  7] 762.00-763.00 sec  1.19 MBytes  10.0 Mbits/sec  0.783 ms  2/862 (0.23%)  
[  7] 763.00-764.00 sec  1.19 MBytes  9.99 Mbits/sec  0.574 ms  0/862 (0%)  
[  7] 764.00-765.00 sec  1.19 MBytes  10.0 Mbits/sec  1.069 ms  0/865 (0%)  
[  7] 765.00-766.00 sec  1.19 MBytes  9.95 Mbits/sec  1.214 ms  0/859 (0%)  
[  7] 766.00-767.00 sec  1.20 MBytes  10.0 Mbits/sec  1.032 ms  0/866 (0%)  
[  7] 767.00-768.00 sec  1.18 MBytes  9.82 Mbits/sec  1.723 ms  0/852 (0%)  
[  7] 768.00-769.01 sec  1.22 MBytes  10.2 Mbits/sec  1.208 ms  0/881 (0%)  
[  7] 769.01-770.00 sec  1.18 MBytes  10.0 Mbits/sec  0.868 ms  0/857 (0%)  
[  7] 770.00-771.00 sec  1.18 MBytes  9.92 Mbits/sec  1.107 ms  6/862 (0.7%)  
[  7] 771.00-772.00 sec  1.18 MBytes  9.94 Mbits/sec  1.288 ms  1/859 (0.12%)  
[  7] 772.00-773.00 sec  1.20 MBytes  10.1 Mbits/sec  1.125 ms  0/870 (0%)  
[  7] 773.00-774.00 sec  1.18 MBytes  9.92 Mbits/sec  1.104 ms  0/857 (0%)  
[  7] 774.00-775.00 sec  1.19 MBytes  10.0 Mbits/sec  0.999 ms  0/864 (0%)  
[  7] 775.00-776.00 sec  1.20 MBytes  10.1 Mbits/sec  1.043 ms  0/867 (0%)  
[  7] 776.00-777.00 sec  1.19 MBytes  9.95 Mbits/sec  0.717 ms  3/862 (0.35%)  
[  7] 777.00-778.00 sec  1.18 MBytes  9.92 Mbits/sec  1.038 ms  3/859 (0.35%)  
[  7] 778.00-779.00 sec  1.19 MBytes  10.0 Mbits/sec  1.229 ms  1/865 (0.12%)  
[  7] 779.00-780.00 sec  1.18 MBytes  9.88 Mbits/sec  1.189 ms  7/861 (0.81%)  
[  7] 780.00-781.00 sec  1.20 MBytes  10.1 Mbits/sec  0.978 ms  0/869 (0%)  
[  7] 781.00-782.00 sec  1.19 MBytes  10.0 Mbits/sec  0.582 ms  1/865 (0.12%)  
[  7] 782.00-783.00 sec  1.18 MBytes  9.86 Mbits/sec  1.146 ms  11/862 (1.3%)  
[  7] 783.00-784.00 sec  1.18 MBytes  9.89 Mbits/sec  1.380 ms  9/863 (1%)  
[  7] 784.00-785.00 sec  1.19 MBytes  9.97 Mbits/sec  1.416 ms  0/862 (0%)  
[  7] 785.00-786.00 sec  1.19 MBytes  9.98 Mbits/sec  1.258 ms  3/864 (0.35%)  
[  7] 786.00-787.00 sec  1.19 MBytes  10.0 Mbits/sec  1.177 ms  0/863 (0%)  
[  7] 787.00-788.00 sec  1.18 MBytes  9.84 Mbits/sec  1.480 ms  13/864 (1.5%)  
[  7] 788.00-789.00 sec  1.16 MBytes  9.78 Mbits/sec  1.016 ms  20/863 (2.3%)  
[  7] 789.00-790.00 sec  1.17 MBytes  9.79 Mbits/sec  1.526 ms  2/847 (0.24%)  
[  7] 790.00-791.00 sec  1.21 MBytes  10.2 Mbits/sec  1.100 ms  0/878 (0%)  
[  7] 791.00-792.00 sec  1.19 MBytes  9.98 Mbits/sec  1.158 ms  2/864 (0.23%)  
[  7] 792.00-793.00 sec  1.19 MBytes  10.0 Mbits/sec  1.124 ms  0/863 (0%)  
[  7] 793.00-794.00 sec  1.19 MBytes  10.0 Mbits/sec  1.129 ms  0/865 (0%)  
[  7] 794.00-795.00 sec  1.19 MBytes  9.94 Mbits/sec  1.310 ms  0/859 (0%)  
[  7] 795.00-796.00 sec  1.20 MBytes  10.1 Mbits/sec  0.962 ms  0/867 (0%)  
[  7] 796.00-797.00 sec  1.19 MBytes  10.0 Mbits/sec  1.234 ms  0/865 (0%)  
[  7] 797.00-798.00 sec  1.19 MBytes  9.99 Mbits/sec  0.411 ms  0/863 (0%)  
[  7] 798.00-799.00 sec  1.19 MBytes  10.0 Mbits/sec  0.447 ms  0/864 (0%)  
[  7] 799.00-800.00 sec  1.19 MBytes  10.0 Mbits/sec  0.472 ms  0/863 (0%)  
[  7] 800.00-801.00 sec  1.19 MBytes  9.99 Mbits/sec  0.741 ms  0/862 (0%)  
[  7] 801.00-802.00 sec  1.19 MBytes  9.97 Mbits/sec  0.341 ms  0/861 (0%)  
[  7] 802.00-803.00 sec  1.20 MBytes  10.0 Mbits/sec  0.642 ms  0/866 (0%)  
[  7] 803.00-804.00 sec  1.19 MBytes  10.0 Mbits/sec  0.830 ms  0/863 (0%)  
[  7] 804.00-805.00 sec  1.19 MBytes  10.0 Mbits/sec  0.671 ms  0/864 (0%)  
[  7] 805.00-806.00 sec  1.19 MBytes  9.99 Mbits/sec  0.538 ms  0/863 (0%)  
[  7] 806.00-807.00 sec  1.19 MBytes  10.0 Mbits/sec  0.802 ms  0/864 (0%)  
[  7] 807.00-808.00 sec  1.19 MBytes  10.0 Mbits/sec  0.611 ms  0/863 (0%)  
[  7] 808.00-809.00 sec  1.19 MBytes  9.97 Mbits/sec  0.875 ms  0/861 (0%)  
[  7] 809.00-810.00 sec  1.20 MBytes  10.0 Mbits/sec  0.520 ms  0/866 (0%)  
[  7] 810.00-811.00 sec  1.18 MBytes  9.90 Mbits/sec  1.279 ms  0/855 (0%)  
[  7] 811.00-812.00 sec  1.20 MBytes  10.1 Mbits/sec  1.160 ms  0/870 (0%)  
[  7] 812.00-813.00 sec  1.18 MBytes  9.93 Mbits/sec  1.210 ms  5/862 (0.58%)  
[  7] 813.00-814.00 sec  1.19 MBytes  10.0 Mbits/sec  0.762 ms  0/864 (0%)  
[  7] 814.00-815.00 sec  1.18 MBytes  9.90 Mbits/sec  1.419 ms  8/862 (0.93%)  
[  7] 815.00-816.00 sec  1.18 MBytes  9.92 Mbits/sec  1.448 ms  0/856 (0%)  
[  7] 816.00-817.00 sec  1.19 MBytes  10.0 Mbits/sec  1.637 ms  2/866 (0.23%)  
[  7] 817.00-818.00 sec  1.20 MBytes  10.1 Mbits/sec  1.083 ms  0/871 (0%)  
[  7] 818.00-819.00 sec  1.18 MBytes  9.94 Mbits/sec  1.288 ms  3/861 (0.35%)  
[  7] 819.00-820.00 sec  1.18 MBytes  9.89 Mbits/sec  1.374 ms  3/857 (0.35%)  
[  7] 820.00-821.00 sec  1.20 MBytes  10.0 Mbits/sec  1.211 ms  3/869 (0.35%)  
[  7] 821.00-822.00 sec  1.19 MBytes  10.0 Mbits/sec  1.058 ms  0/865 (0%)  
[  7] 822.00-823.00 sec  1.19 MBytes  9.97 Mbits/sec  0.772 ms  1/862 (0.12%)  
[  7] 823.00-824.00 sec  1.19 MBytes  10.0 Mbits/sec  0.979 ms  0/865 (0%)  
[  7] 824.00-825.00 sec  1.19 MBytes  9.95 Mbits/sec  1.223 ms  0/859 (0%)  
[  7] 825.00-826.00 sec  1.19 MBytes  9.97 Mbits/sec  0.794 ms  4/865 (0.46%)  
[  7] 826.00-827.00 sec  1.19 MBytes  9.99 Mbits/sec  0.996 ms  0/862 (0%)  
[  7] 827.00-828.00 sec  1.19 MBytes  10.0 Mbits/sec  1.085 ms  1/864 (0.12%)  
[  7] 828.00-829.00 sec  1.19 MBytes  9.95 Mbits/sec  0.725 ms  6/865 (0.69%)  
[  7] 829.00-830.00 sec  1.19 MBytes  9.96 Mbits/sec  0.975 ms  0/860 (0%)  
[  7] 830.00-831.00 sec  1.17 MBytes  9.78 Mbits/sec  1.492 ms  11/856 (1.3%)  
[  7] 831.00-832.00 sec  1.21 MBytes  10.1 Mbits/sec  0.859 ms  1/875 (0.11%)  
[  7] 832.00-833.00 sec  1.18 MBytes  9.92 Mbits/sec  1.134 ms  0/856 (0%)  
[  7] 833.00-834.00 sec  1.20 MBytes  10.1 Mbits/sec  0.498 ms  1/871 (0.11%)  
[  7] 834.00-835.00 sec  1.19 MBytes  10.0 Mbits/sec  1.131 ms  0/863 (0%)  
[  7] 835.00-836.00 sec  1.18 MBytes  9.94 Mbits/sec  1.343 ms  0/858 (0%)  
[  7] 836.00-837.00 sec  1.18 MBytes  9.91 Mbits/sec  0.827 ms  6/862 (0.7%)  
[  7] 837.00-838.00 sec  1.19 MBytes  10.0 Mbits/sec  1.185 ms  7/870 (0.8%)  
[  7] 838.00-839.00 sec  1.19 MBytes  10.0 Mbits/sec  0.880 ms  1/864 (0.12%)  
[  7] 839.00-840.00 sec  1.19 MBytes  10.0 Mbits/sec  0.289 ms  0/863 (0%)  
[  7] 840.00-840.00 sec  1.41 KBytes  5.37 Mbits/sec  0.274 ms  0/1 (0%)  
- - - - - - - - - - - - - - - - - - - - - - - - -
[ ID] Interval           Transfer     Bitrate         Jitter    Lost/Total Datagrams
[  7]   0.00-840.00 sec   996 MBytes  9.95 Mbits/sec  0.274 ms  3726/725138 (0.51%)  receiver
