##### tests/python (interpreter: /home/adam/Desktop/NDTwin-Kernel/test_env/bin/python) #####
  ok   test_chaos_c07_control.py                            Ran 20 tests in 0.007s OK 
  ok   test_chaos_invariants_method.py                      Ran 27 tests in 0.682s OK 
  ok   test_check_gate_anchors.py                           Ran 29 tests in 1.392s OK (skipped=2) 
  ok   test_check_logs_powered_off.py                       Ran 22 tests in 0.692s OK 
  ok   test_contract_spec.py                                Ran 126 tests in 0.004s OK 
  ok   test_cpu_gate_lifetime.py                            Ran 22 tests in 0.751s OK 
  ok   test_find_host_by_ip.py                              Ran 5 tests in 0.049s OK 
  ok   test_grpc_port_block.py                              Ran 31 tests in 0.123s OK 
  ok   test_host_discovery_gate.py                          Ran 14 tests in 0.185s OK 
  ok   test_l3_dispatch_drift.py                            Ran 12 tests in 0.004s OK 
  ok   test_lldp_backoff.py                                 Ran 5 tests in 0.053s OK 
  ok   test_make_topology.py                                Ran 29 tests in 0.098s OK 
  ok   test_ovs4_sflow.py                                   Ran 21 tests in 0.012s OK 
  ok   test_p4_power_helper.py                              Ran 28 tests in 52.115s OK 
  ok   test_route_install_gate.py                           Ran 14 tests in 0.095s OK 
  ok   test_route_reinstall.py                              Ran 11 tests in 7.473s OK 
  ok   test_ryu_rest_topology_bounded.py                    Ran 7 tests in 0.009s OK 
  ok   test_sflow_emitter_batching.py                       Ran 8 tests in 0.001s OK 
  ok   test_sflow_stats_endpoint.py                         Ran 5 tests in 0.001s OK 
  ok   test_shell_command_construction.py                   Ran 7 tests in 0.060s OK 
  ok   test_t11_filter_is_wired.py                          Ran 16 tests in 0.050s OK 
  ok   test_testbed_banner.py                               Ran 45 tests in 0.031s OK 
  ok   test_topology_read_timeouts.py                       Ran 5 tests in 0.000s OK (skipped=5) 
  ok   test_topology_worker_coalescing.py                   Ran 7 tests in 0.000s OK (skipped=7) 
  ok   test_twin_audit_criteria.py                          Ran 63 tests in 0.002s OK 
  ok   test_twin_audit.py                                   Ran 39 tests in 0.002s OK 
  ok   test_unavailable_metric_sentinel.py                  Ran 6 tests in 0.000s OK 
  ok   test_unidirectional_link_loss.py                     Ran 6 tests in 0.066s OK 
  ok   test_walk_instrumentation.py                         Ran 10 tests in 0.182s OK 
tests/python: 29 ok / 0 red  (of 29)

##### p4_proxy/tests (interpreter: /home/adam/Desktop/NDTwin-Kernel/p4_proxy/venv/bin/python) #####
  ok   test_bmv2_binary_override.py                         Ran 13 tests in 0.002s OK 
  ok   test_clone_session.py                                Ran 23 tests in 1.003s OK 
  ok   test_delete_restores_route.py                        Ran 6 tests in 0.000s OK 
  ok   test_five_tuple_match.py                             Ran 31 tests in 0.046s OK 
  ok   test_flowentry_endpoints.py                          Ran 23 tests in 0.018s OK 
  ok   test_flow_stats_route.py                             Ran 9 tests in 0.005s OK 
  ok   test_journal_is_wired_in_main.py                     Ran 12 tests in 0.151s OK 
  ok   test_journal_wiring.py                               Ran 14 tests in 0.003s OK 
  ok   test_kernel_notifier.py                              Ran 21 tests in 6.056s OK 
  ok   test_link_watchdog.py                                Ran 74 tests in 0.017s OK 
  ok   test_lldp_beacon.py                                  Ran 16 tests in 0.002s OK 
  ok   test_p4_client.py                                    Ran 1 test in 0.000s OK (skipped=1) 
  ok   test_p4_client_writes.py                             Ran 74 tests in 0.008s OK 
  ok   test_path_determinism.py                             Ran 10 tests in 0.613s OK 
  ok   test_port_guard.py                                   Ran 3 tests in 2.977s OK 
  ok   test_readopt.py                                      Ran 47 tests in 0.014s OK 
  ok   test_rule_journal.py                                 Ran 19 tests in 0.323s OK 
  ok   test_ryu_flow_stats.py                               Ran 25 tests in 0.001s OK 
  ok   test_ryu_topology.py                                 Ran 32 tests in 0.003s OK 
  ok   test_sflow_emitter.py                                Ran 49 tests in 0.006s OK (skipped=2) 
  ok   test_startup.py                                      Ran 17 tests in 0.004s OK 
  ok   test_switch_state.py                                 Ran 24 tests in 6.846s OK 
  ok   test_table_generation.py                             Ran 11 tests in 0.069s OK 
  ok   test_topology_properties.py                          Ran 1 test in 2.207s OK 
  ok   test_unsupported_match.py                            Ran 49 tests in 0.004s OK 
p4_proxy/tests: 25 ok / 0 red  (of 25)
PY_SUITES_DONE pass=54 fail=0
