-----------------------------------------------------------
Server listening on 5201 (test #1)
-----------------------------------------------------------
Accepted connection from 10.0.0.25, port 42822
[  8] local 10.0.0.57 port 5201 connected to 10.0.0.25 port 58630
[ ID] Interval           Transfer     Bitrate         Jitter    Lost/Total Datagrams
[  8]   0.00-1.00   sec   492 KBytes  4.03 Mbits/sec  3.568 ms  74/434 (17%)  
[  8]   1.00-2.00   sec   454 KBytes  3.72 Mbits/sec  4.062 ms  78/410 (19%)  
[  8]   2.00-3.00   sec   581 KBytes  4.76 Mbits/sec  2.396 ms  57/482 (12%)  
[  8]   3.00-4.00   sec   401 KBytes  3.28 Mbits/sec  4.334 ms  78/371 (21%)  
[  8]   4.00-5.00   sec   327 KBytes  2.68 Mbits/sec  3.394 ms  72/311 (23%)  
[  8]   5.00-6.00   sec   525 KBytes  4.30 Mbits/sec  2.917 ms  273/657 (42%)  
[  8]   6.00-7.00   sec   551 KBytes  4.51 Mbits/sec  3.253 ms  27/430 (6.3%)  
[  8]   7.00-8.00   sec   498 KBytes  4.08 Mbits/sec  1.639 ms  59/423 (14%)  
[  8]   8.00-9.00   sec   565 KBytes  4.62 Mbits/sec  3.087 ms  67/480 (14%)  
[  8]   9.00-10.00  sec   480 KBytes  3.93 Mbits/sec  0.615 ms  101/452 (22%)  
[  8]  10.00-11.00  sec   582 KBytes  4.78 Mbits/sec  1.242 ms  24/450 (5.3%)  
[  8]  11.00-12.00  sec   595 KBytes  4.87 Mbits/sec  1.461 ms  12/447 (2.7%)  
[  8]  12.00-13.00  sec   593 KBytes  4.86 Mbits/sec  2.809 ms  16/450 (3.6%)  
[  8]  13.00-14.00  sec   402 KBytes  3.29 Mbits/sec  3.536 ms  102/396 (26%)  
[  8]  14.00-15.00  sec   503 KBytes  4.12 Mbits/sec  3.226 ms  106/474 (22%)  
[  8]  15.00-16.00  sec   582 KBytes  4.77 Mbits/sec  1.990 ms  41/467 (8.8%)  
[  8]  16.00-17.00  sec   581 KBytes  4.76 Mbits/sec  2.475 ms  18/443 (4.1%)  
[  8]  17.00-18.00  sec   606 KBytes  4.96 Mbits/sec  2.090 ms  3/446 (0.67%)  
[  8]  18.00-19.00  sec   558 KBytes  4.57 Mbits/sec  3.147 ms  6/414 (1.4%)  
[  8]  19.00-20.00  sec   425 KBytes  3.48 Mbits/sec  3.442 ms  50/361 (14%)  
[  8]  20.00-21.00  sec   539 KBytes  4.41 Mbits/sec  1.995 ms  101/495 (20%)  
[  8]  21.00-22.00  sec   335 KBytes  2.74 Mbits/sec  4.833 ms  54/299 (18%)  
[  8]  22.00-23.00  sec   529 KBytes  4.33 Mbits/sec  2.634 ms  274/661 (41%)  
[  8]  23.00-24.00  sec   428 KBytes  3.51 Mbits/sec  4.882 ms  36/349 (10%)  
[  8]  24.00-25.00  sec   265 KBytes  2.17 Mbits/sec  9.323 ms  133/327 (41%)  
[  8]  25.00-26.00  sec   197 KBytes  1.61 Mbits/sec  7.805 ms  314/458 (69%)  
[  8]  26.00-27.00  sec   396 KBytes  3.25 Mbits/sec  4.158 ms  318/608 (52%)  
[  8]  27.00-28.00  sec   325 KBytes  2.67 Mbits/sec  4.414 ms  122/360 (34%)  
[  8]  28.00-29.00  sec   391 KBytes  3.20 Mbits/sec  5.625 ms  164/450 (36%)  
[  8]  29.00-30.00  sec   565 KBytes  4.62 Mbits/sec  2.802 ms  161/574 (28%)  
[  8]  30.00-31.00  sec   525 KBytes  4.29 Mbits/sec  1.380 ms  70/454 (15%)  
[  8]  31.00-32.00  sec   589 KBytes  4.83 Mbits/sec  1.695 ms  8/439 (1.8%)  
[  8]  32.00-33.00  sec   532 KBytes  4.37 Mbits/sec  2.962 ms  53/442 (12%)  
[  8]  33.00-34.00  sec   532 KBytes  4.36 Mbits/sec  2.060 ms  63/452 (14%)  
[  8]  34.00-35.00  sec   462 KBytes  3.78 Mbits/sec  2.802 ms  108/446 (24%)  
[  8]  35.00-36.00  sec   438 KBytes  3.59 Mbits/sec  2.994 ms  126/446 (28%)  
[  8]  36.00-37.00  sec   316 KBytes  2.59 Mbits/sec  3.762 ms  58/289 (20%)  
[  8]  37.00-38.00  sec   410 KBytes  3.36 Mbits/sec  4.224 ms  147/447 (33%)  
[  8]  38.00-39.00  sec   332 KBytes  2.72 Mbits/sec  10.586 ms  314/557 (56%)  
[  8]  39.00-40.00  sec   365 KBytes  2.99 Mbits/sec  4.408 ms  102/369 (28%)  
[  8]  40.00-41.00  sec   524 KBytes  4.29 Mbits/sec  2.230 ms  186/569 (33%)  
[  8]  41.00-42.00  sec   511 KBytes  4.17 Mbits/sec  2.155 ms  80/454 (18%)  
[  8]  42.00-43.00  sec   563 KBytes  4.63 Mbits/sec  3.229 ms  6/418 (1.4%)  
[  8]  43.00-44.00  sec   418 KBytes  3.43 Mbits/sec  3.731 ms  128/434 (29%)  
[  8]  44.00-45.00  sec   498 KBytes  4.08 Mbits/sec  1.900 ms  88/452 (19%)  
[  8]  45.00-46.00  sec   488 KBytes  4.00 Mbits/sec  3.036 ms  119/476 (25%)  
[  8]  46.00-47.00  sec   320 KBytes  2.62 Mbits/sec  7.811 ms  208/442 (47%)  
[  8]  47.00-48.00  sec   474 KBytes  3.89 Mbits/sec  1.947 ms  104/451 (23%)  
[  8]  48.00-49.00  sec   550 KBytes  4.50 Mbits/sec  1.994 ms  44/446 (9.9%)  
[  8]  49.00-50.00  sec   574 KBytes  4.70 Mbits/sec  2.101 ms  32/452 (7.1%)  
[  8]  50.00-51.00  sec   468 KBytes  3.83 Mbits/sec  2.167 ms  99/441 (22%)  
[  8]  51.00-52.00  sec   556 KBytes  4.56 Mbits/sec  1.540 ms  40/447 (8.9%)  
[  8]  52.00-53.00  sec   518 KBytes  4.25 Mbits/sec  1.827 ms  66/445 (15%)  
[  8]  53.00-54.00  sec   552 KBytes  4.52 Mbits/sec  3.165 ms  43/447 (9.6%)  
[  8]  54.00-55.00  sec   435 KBytes  3.56 Mbits/sec  1.705 ms  120/438 (27%)  
[  8]  55.00-56.00  sec   345 KBytes  2.82 Mbits/sec  3.514 ms  184/436 (42%)  
[  8]  56.00-57.00  sec   309 KBytes  2.53 Mbits/sec  2.498 ms  201/427 (47%)  
[  8]  57.00-58.00  sec   556 KBytes  4.56 Mbits/sec  0.564 ms  74/481 (15%)  
[  8]  58.00-59.00  sec   427 KBytes  3.49 Mbits/sec  3.043 ms  118/430 (27%)  
[  8]  59.00-60.00  sec   454 KBytes  3.72 Mbits/sec  2.366 ms  118/450 (26%)  
[  8]  60.00-61.00  sec   320 KBytes  2.62 Mbits/sec  6.910 ms  197/431 (46%)  
[  8]  61.00-62.00  sec   323 KBytes  2.64 Mbits/sec  4.247 ms  214/450 (48%)  
[  8]  62.00-63.00  sec   481 KBytes  3.95 Mbits/sec  3.320 ms  109/461 (24%)  
[  8]  63.00-64.00  sec   361 KBytes  2.96 Mbits/sec  3.287 ms  193/457 (42%)  
[  8]  64.00-65.00  sec   573 KBytes  4.69 Mbits/sec  2.598 ms  34/453 (7.5%)  
[  8]  65.00-66.00  sec   402 KBytes  3.29 Mbits/sec  3.856 ms  136/430 (32%)  
[  8]  66.00-67.00  sec   405 KBytes  3.32 Mbits/sec  2.852 ms  158/454 (35%)  
[  8]  67.00-68.00  sec   485 KBytes  3.98 Mbits/sec  1.448 ms  103/458 (22%)  
[  8]  68.00-69.00  sec   554 KBytes  4.54 Mbits/sec  3.204 ms  31/436 (7.1%)  
[  8]  69.00-70.00  sec   413 KBytes  3.38 Mbits/sec  2.891 ms  143/445 (32%)  
[  8]  70.00-71.00  sec   447 KBytes  3.66 Mbits/sec  3.504 ms  113/440 (26%)  
[  8]  71.00-72.00  sec   480 KBytes  3.94 Mbits/sec  3.347 ms  101/452 (22%)  
[  8]  72.00-73.00  sec   332 KBytes  2.72 Mbits/sec  4.733 ms  132/375 (35%)  
[  8]  73.00-74.00  sec   265 KBytes  2.17 Mbits/sec  4.452 ms  99/293 (34%)  
[  8]  74.00-75.00  sec   267 KBytes  2.18 Mbits/sec  6.204 ms  402/597 (67%)  
[  8]  75.00-76.00  sec   547 KBytes  4.48 Mbits/sec  4.056 ms  91/491 (19%)  
[  8]  76.00-77.00  sec   354 KBytes  2.90 Mbits/sec  3.486 ms  32/291 (11%)  
[  8]  77.00-78.00  sec   751 KBytes  6.15 Mbits/sec  3.105 ms  85/634 (13%)  
[  8]  78.00-79.00  sec   548 KBytes  4.49 Mbits/sec  3.217 ms  44/445 (9.9%)  
[  8]  79.00-80.00  sec   528 KBytes  4.31 Mbits/sec  3.171 ms  46/432 (11%)  
[  8]  80.00-81.00  sec   421 KBytes  3.46 Mbits/sec  2.987 ms  22/330 (6.7%)  
[  8]  81.00-82.00  sec   536 KBytes  4.39 Mbits/sec  2.531 ms  153/545 (28%)  
[  8]  82.00-83.00  sec   424 KBytes  3.47 Mbits/sec  2.387 ms  163/473 (34%)  
[  8]  83.00-84.00  sec   476 KBytes  3.90 Mbits/sec  5.128 ms  102/450 (23%)  
[  8]  84.00-85.00  sec   483 KBytes  3.95 Mbits/sec  2.593 ms  101/454 (22%)  
[  8]  85.00-86.00  sec   525 KBytes  4.30 Mbits/sec  3.108 ms  41/425 (9.6%)  
[  8]  86.00-87.00  sec   489 KBytes  4.01 Mbits/sec  3.282 ms  112/470 (24%)  
[  8]  87.00-88.00  sec   472 KBytes  3.86 Mbits/sec  2.522 ms  99/444 (22%)  
[  8]  88.00-89.00  sec   305 KBytes  2.49 Mbits/sec  4.244 ms  154/377 (41%)  
[  8]  89.00-90.00  sec   448 KBytes  3.69 Mbits/sec  2.170 ms  190/518 (37%)  
[  8]  90.00-91.00  sec   422 KBytes  3.46 Mbits/sec  3.912 ms  138/447 (31%)  
[  8]  91.00-92.00  sec   412 KBytes  3.37 Mbits/sec  4.174 ms  63/364 (17%)  
[  8]  92.00-93.00  sec   412 KBytes  3.37 Mbits/sec  4.295 ms  46/347 (13%)  
[  8]  93.00-94.00  sec   377 KBytes  3.09 Mbits/sec  3.821 ms  159/435 (37%)  
[  8]  94.00-95.00  sec   526 KBytes  4.31 Mbits/sec  1.605 ms  257/642 (40%)  
[  8]  95.00-96.00  sec   597 KBytes  4.89 Mbits/sec  1.192 ms  6/443 (1.4%)  
[  8]  96.00-97.00  sec   395 KBytes  3.23 Mbits/sec  4.558 ms  133/422 (32%)  
[  8]  97.00-98.00  sec   409 KBytes  3.36 Mbits/sec  4.160 ms  101/400 (25%)  
[  8]  98.00-99.00  sec   294 KBytes  2.40 Mbits/sec  4.998 ms  85/300 (28%)  
[  8]  99.00-100.00 sec   279 KBytes  2.29 Mbits/sec  4.356 ms  297/501 (59%)  
[  8] 100.00-101.00 sec   615 KBytes  5.04 Mbits/sec  3.990 ms  106/556 (19%)  
[  8] 101.00-102.00 sec   457 KBytes  3.74 Mbits/sec  2.786 ms  107/441 (24%)  
[  8] 102.00-103.00 sec   517 KBytes  4.23 Mbits/sec  2.172 ms  131/509 (26%)  
[  8] 103.00-104.00 sec   581 KBytes  4.76 Mbits/sec  1.562 ms  19/444 (4.3%)  
[  8] 104.00-105.00 sec   546 KBytes  4.47 Mbits/sec  4.068 ms  34/433 (7.9%)  
[  8] 105.00-106.00 sec   386 KBytes  3.16 Mbits/sec  3.629 ms  172/454 (38%)  
[  8] 106.00-107.00 sec   353 KBytes  2.89 Mbits/sec  2.001 ms  131/389 (34%)  
[  8] 107.00-108.00 sec   461 KBytes  3.77 Mbits/sec  4.976 ms  145/482 (30%)  
[  8] 108.00-109.00 sec   422 KBytes  3.46 Mbits/sec  4.309 ms  60/369 (16%)  
[  8] 109.00-110.00 sec   324 KBytes  2.65 Mbits/sec  4.211 ms  39/276 (14%)  
[  8] 110.00-111.00 sec   431 KBytes  3.53 Mbits/sec  3.356 ms  283/598 (47%)  
[  8] 111.00-112.00 sec   338 KBytes  2.77 Mbits/sec  2.468 ms  109/356 (31%)  
[  8] 112.00-113.00 sec   301 KBytes  2.46 Mbits/sec  4.606 ms  64/284 (23%)  
[  8] 113.00-114.00 sec   249 KBytes  2.04 Mbits/sec  8.670 ms  486/668 (73%)  
[  8] 114.00-115.00 sec   462 KBytes  3.79 Mbits/sec  2.785 ms  253/591 (43%)  
[  8] 115.00-116.00 sec   524 KBytes  4.29 Mbits/sec  0.994 ms  71/454 (16%)  
[  8] 116.00-117.00 sec   466 KBytes  3.82 Mbits/sec  3.741 ms  87/428 (20%)  
[  8] 117.00-118.00 sec   351 KBytes  2.88 Mbits/sec  4.507 ms  82/339 (24%)  
[  8] 118.00-119.00 sec   327 KBytes  2.68 Mbits/sec  4.340 ms  192/431 (45%)  
[  8] 119.00-120.00 sec   343 KBytes  2.81 Mbits/sec  6.039 ms  272/523 (52%)  
[  8] 120.00-121.00 sec   346 KBytes  2.83 Mbits/sec  4.730 ms  100/353 (28%)  
[  8] 121.00-122.00 sec   429 KBytes  3.52 Mbits/sec  4.352 ms  64/378 (17%)  
[  8] 122.00-123.00 sec   377 KBytes  3.09 Mbits/sec  5.571 ms  127/403 (32%)  
[  8] 123.00-124.00 sec   313 KBytes  2.56 Mbits/sec  4.028 ms  181/410 (44%)  
[  8] 124.00-125.00 sec   299 KBytes  2.45 Mbits/sec  5.418 ms  221/440 (50%)  
[  8] 125.00-126.00 sec   358 KBytes  2.93 Mbits/sec  5.113 ms  221/483 (46%)  
[  8] 126.00-127.00 sec   328 KBytes  2.69 Mbits/sec  5.228 ms  137/377 (36%)  
[  8] 127.00-128.00 sec   314 KBytes  2.58 Mbits/sec  4.657 ms  196/426 (46%)  
[  8] 128.00-129.00 sec   320 KBytes  2.62 Mbits/sec  4.812 ms  286/520 (55%)  
[  8] 129.00-130.00 sec   674 KBytes  5.52 Mbits/sec  3.547 ms  243/736 (33%)  
[  8] 130.00-131.00 sec   533 KBytes  4.36 Mbits/sec  3.312 ms  62/452 (14%)  
[  8] 131.00-132.00 sec   469 KBytes  3.85 Mbits/sec  5.079 ms  23/366 (6.3%)  
[  8] 132.00-133.00 sec   304 KBytes  2.49 Mbits/sec  5.054 ms  201/423 (48%)  
[  8] 133.00-134.00 sec   529 KBytes  4.33 Mbits/sec  1.805 ms  165/552 (30%)  
[  8] 134.00-135.00 sec   515 KBytes  4.22 Mbits/sec  1.618 ms  53/430 (12%)  
[  8] 135.00-136.00 sec   328 KBytes  2.68 Mbits/sec  1.198 ms  64/304 (21%)  
[  8] 136.00-137.00 sec   438 KBytes  3.59 Mbits/sec  2.669 ms  121/441 (27%)  
[  8] 137.00-138.00 sec   457 KBytes  3.75 Mbits/sec  4.164 ms  40/374 (11%)  
[  8] 138.00-139.00 sec   647 KBytes  5.30 Mbits/sec  2.506 ms  192/665 (29%)  
[  8] 139.00-140.00 sec   492 KBytes  4.03 Mbits/sec  2.958 ms  65/425 (15%)  
[  8] 140.00-141.00 sec   319 KBytes  2.61 Mbits/sec  4.797 ms  61/294 (21%)  
[  8] 141.00-142.00 sec   562 KBytes  4.60 Mbits/sec  2.471 ms  199/610 (33%)  
[  8] 142.00-143.00 sec   574 KBytes  4.70 Mbits/sec  0.756 ms  51/471 (11%)  
[  8] 143.00-144.00 sec   556 KBytes  4.56 Mbits/sec  1.009 ms  42/449 (9.4%)  
[  8] 144.00-145.00 sec   521 KBytes  4.27 Mbits/sec  3.477 ms  58/439 (13%)  
[  8] 145.00-146.00 sec   550 KBytes  4.50 Mbits/sec  1.403 ms  34/436 (7.8%)  
[  8] 146.00-147.00 sec   416 KBytes  3.41 Mbits/sec  3.857 ms  106/410 (26%)  
[  8] 147.00-148.00 sec   552 KBytes  4.52 Mbits/sec  1.483 ms  96/500 (19%)  
[  8] 148.00-149.00 sec   429 KBytes  3.52 Mbits/sec  2.523 ms  76/390 (19%)  
[  8] 149.00-150.00 sec   357 KBytes  2.92 Mbits/sec  3.550 ms  45/306 (15%)  
[  8] 150.00-151.00 sec   354 KBytes  2.90 Mbits/sec  5.214 ms  122/381 (32%)  
[  8] 151.00-152.00 sec   358 KBytes  2.93 Mbits/sec  4.282 ms  275/537 (51%)  
[  8] 152.00-153.00 sec   268 KBytes  2.20 Mbits/sec  5.162 ms  212/408 (52%)  
[  8] 153.00-154.00 sec   276 KBytes  2.26 Mbits/sec  6.985 ms  240/442 (54%)  
[  8] 154.00-155.00 sec   193 KBytes  1.58 Mbits/sec  4.035 ms  223/364 (61%)  
[  8] 155.00-156.00 sec   243 KBytes  1.99 Mbits/sec  6.735 ms  297/475 (63%)  
[  8] 156.00-157.00 sec   386 KBytes  3.17 Mbits/sec  4.854 ms  253/535 (47%)  
[  8] 157.00-158.00 sec   362 KBytes  2.97 Mbits/sec  4.805 ms  157/422 (37%)  
[  8] 158.00-159.00 sec   283 KBytes  2.31 Mbits/sec  1.595 ms  290/497 (58%)  
[  8] 159.00-160.00 sec   306 KBytes  2.51 Mbits/sec  2.640 ms  177/401 (44%)  
[  8] 160.00-161.00 sec   316 KBytes  2.59 Mbits/sec  3.835 ms  242/473 (51%)  
[  8] 161.00-162.00 sec   537 KBytes  4.40 Mbits/sec  0.585 ms  228/621 (37%)  
[  8] 162.00-163.00 sec   517 KBytes  4.24 Mbits/sec  3.518 ms  36/414 (8.7%)  
[  8] 163.00-164.00 sec   409 KBytes  3.35 Mbits/sec  0.557 ms  176/475 (37%)  
[  8] 164.00-165.00 sec   608 KBytes  4.98 Mbits/sec  2.329 ms  6/451 (1.3%)  
[  8] 165.00-166.00 sec   558 KBytes  4.57 Mbits/sec  1.681 ms  37/445 (8.3%)  
[  8] 166.00-167.00 sec   386 KBytes  3.16 Mbits/sec  2.682 ms  159/441 (36%)  
[  8] 167.00-168.00 sec   462 KBytes  3.79 Mbits/sec  0.705 ms  115/453 (25%)  
[  8] 168.00-169.00 sec   507 KBytes  4.16 Mbits/sec  2.047 ms  69/440 (16%)  
[  8] 169.00-170.00 sec   500 KBytes  4.10 Mbits/sec  2.578 ms  79/445 (18%)  
[  8] 170.00-171.00 sec   559 KBytes  4.58 Mbits/sec  2.054 ms  39/448 (8.7%)  
[  8] 171.00-172.00 sec   548 KBytes  4.49 Mbits/sec  2.611 ms  47/448 (10%)  
[  8] 172.00-173.00 sec   597 KBytes  4.89 Mbits/sec  1.402 ms  13/450 (2.9%)  
[  8] 173.00-174.00 sec   343 KBytes  2.82 Mbits/sec  3.190 ms  92/343 (27%)  
[  8] 174.00-175.00 sec   606 KBytes  4.96 Mbits/sec  2.250 ms  97/540 (18%)  
[  8] 175.00-176.00 sec   470 KBytes  3.85 Mbits/sec  2.717 ms  59/403 (15%)  
[  8] 176.00-177.00 sec   422 KBytes  3.46 Mbits/sec  3.158 ms  39/348 (11%)  
[  8] 177.00-178.00 sec   391 KBytes  3.20 Mbits/sec  3.433 ms  305/591 (52%)  
[  8] 178.00-179.00 sec   509 KBytes  4.17 Mbits/sec  3.062 ms  10/382 (2.6%)  
[  8] 179.00-180.00 sec   418 KBytes  3.43 Mbits/sec  4.044 ms  44/350 (13%)  
[  8] 180.00-181.00 sec   634 KBytes  5.20 Mbits/sec  2.757 ms  141/605 (23%)  
[  8] 181.00-182.00 sec   453 KBytes  3.71 Mbits/sec  3.164 ms  52/383 (14%)  
[  8] 182.00-183.00 sec   364 KBytes  2.98 Mbits/sec  5.195 ms  32/298 (11%)  
[  8] 183.00-184.00 sec   381 KBytes  3.12 Mbits/sec  4.588 ms  154/433 (36%)  
[  8] 184.00-185.00 sec   447 KBytes  3.67 Mbits/sec  5.244 ms  309/636 (49%)  
[  8] 185.00-186.00 sec   316 KBytes  2.59 Mbits/sec  3.927 ms  112/343 (33%)  
[  8] 186.00-187.00 sec   476 KBytes  3.90 Mbits/sec  3.586 ms  57/405 (14%)  
[  8] 187.00-188.00 sec   403 KBytes  3.30 Mbits/sec  5.331 ms  119/414 (29%)  
[  8] 188.00-189.00 sec   317 KBytes  2.60 Mbits/sec  4.905 ms  158/390 (41%)  
[  8] 189.00-190.00 sec   302 KBytes  2.48 Mbits/sec  3.780 ms  355/576 (62%)  
[  8] 190.00-191.00 sec   513 KBytes  4.20 Mbits/sec  5.469 ms  188/563 (33%)  
[  8] 191.00-192.00 sec   446 KBytes  3.65 Mbits/sec  5.364 ms  92/418 (22%)  
[  8] 192.00-193.00 sec   431 KBytes  3.53 Mbits/sec  3.454 ms  95/410 (23%)  
[  8] 193.00-194.00 sec   432 KBytes  3.54 Mbits/sec  4.797 ms  202/518 (39%)  
[  8] 194.00-195.00 sec   365 KBytes  2.99 Mbits/sec  5.203 ms  51/318 (16%)  
[  8] 195.00-196.00 sec   630 KBytes  5.16 Mbits/sec  3.139 ms  137/598 (23%)  
[  8] 196.00-197.00 sec   451 KBytes  3.70 Mbits/sec  5.716 ms  64/394 (16%)  
[  8] 197.00-198.00 sec   416 KBytes  3.40 Mbits/sec  3.568 ms  32/336 (9.5%)  
[  8] 198.00-199.00 sec   447 KBytes  3.66 Mbits/sec  4.120 ms  41/368 (11%)  
[  8] 199.00-200.00 sec   422 KBytes  3.46 Mbits/sec  3.811 ms  104/413 (25%)  
[  8] 200.00-201.00 sec   331 KBytes  2.71 Mbits/sec  7.018 ms  194/436 (44%)  
[  8] 201.00-202.00 sec   358 KBytes  2.93 Mbits/sec  6.032 ms  207/469 (44%)  
[  8] 202.00-203.00 sec   484 KBytes  3.97 Mbits/sec  2.861 ms  176/530 (33%)  
[  8] 203.00-204.00 sec   409 KBytes  3.35 Mbits/sec  4.657 ms  131/430 (30%)  
[  8] 204.00-205.00 sec   329 KBytes  2.70 Mbits/sec  5.907 ms  71/312 (23%)  
[  8] 205.00-206.00 sec   458 KBytes  3.75 Mbits/sec  2.161 ms  429/764 (56%)  
[  8] 206.00-207.00 sec   365 KBytes  2.99 Mbits/sec  5.654 ms  36/303 (12%)  
[  8] 207.00-208.00 sec   279 KBytes  2.28 Mbits/sec  6.121 ms  35/239 (15%)  
[  8] 208.00-209.00 sec   366 KBytes  3.00 Mbits/sec  4.997 ms  262/530 (49%)  
[  8] 209.00-210.00 sec   567 KBytes  4.65 Mbits/sec  3.920 ms  172/587 (29%)  
[  8] 210.00-211.00 sec   584 KBytes  4.76 Mbits/sec  2.000 ms  162/589 (28%)  
[  8] 211.00-212.00 sec   597 KBytes  4.91 Mbits/sec  1.718 ms  11/448 (2.5%)  
[  8] 212.00-213.00 sec   532 KBytes  4.35 Mbits/sec  1.884 ms  48/437 (11%)  
[  8] 213.00-214.00 sec   510 KBytes  4.18 Mbits/sec  0.931 ms  76/449 (17%)  
[  8] 214.00-215.00 sec   451 KBytes  3.70 Mbits/sec  2.197 ms  108/438 (25%)  
[  8] 215.00-216.00 sec   540 KBytes  4.42 Mbits/sec  2.661 ms  48/443 (11%)  
[  8] 216.00-217.00 sec   474 KBytes  3.89 Mbits/sec  2.332 ms  96/443 (22%)  
[  8] 217.00-218.00 sec   448 KBytes  3.67 Mbits/sec  4.593 ms  73/401 (18%)  
[  8] 218.00-219.00 sec   272 KBytes  2.23 Mbits/sec  3.607 ms  194/393 (49%)  
[  8] 219.00-220.00 sec   406 KBytes  3.33 Mbits/sec  3.385 ms  105/402 (26%)  
[  8] 220.00-221.00 sec   504 KBytes  4.13 Mbits/sec  3.609 ms  62/431 (14%)  
[  8] 221.00-222.00 sec   340 KBytes  2.79 Mbits/sec  4.599 ms  179/428 (42%)  
[  8] 222.00-223.00 sec   364 KBytes  2.98 Mbits/sec  2.828 ms  218/484 (45%)  
[  8] 223.00-224.00 sec   323 KBytes  2.64 Mbits/sec  2.642 ms  231/467 (49%)  
[  8] 224.00-225.00 sec   402 KBytes  3.29 Mbits/sec  5.194 ms  71/365 (19%)  
[  8] 225.00-226.00 sec   428 KBytes  3.51 Mbits/sec  3.519 ms  169/482 (35%)  
[  8] 226.00-227.00 sec   476 KBytes  3.90 Mbits/sec  3.302 ms  106/454 (23%)  
[  8] 227.00-228.00 sec   409 KBytes  3.35 Mbits/sec  3.546 ms  153/452 (34%)  
[  8] 228.00-229.00 sec   364 KBytes  2.98 Mbits/sec  4.560 ms  147/413 (36%)  
[  8] 229.00-230.00 sec   273 KBytes  2.24 Mbits/sec  4.535 ms  252/452 (56%)  
[  8] 230.00-231.00 sec   335 KBytes  2.74 Mbits/sec  6.238 ms  182/427 (43%)  
[  8] 231.00-232.00 sec   576 KBytes  4.71 Mbits/sec  1.673 ms  241/662 (36%)  
[  8] 232.00-233.00 sec   589 KBytes  4.82 Mbits/sec  1.598 ms  17/448 (3.8%)  
[  8] 233.00-234.00 sec   494 KBytes  4.05 Mbits/sec  5.556 ms  78/439 (18%)  
[  8] 234.00-235.00 sec   526 KBytes  4.31 Mbits/sec  2.416 ms  71/456 (16%)  
[  8] 235.00-236.00 sec   536 KBytes  4.39 Mbits/sec  2.350 ms  45/437 (10%)  
[  8] 236.00-237.00 sec   561 KBytes  4.59 Mbits/sec  1.918 ms  28/438 (6.4%)  
[  8] 237.00-238.00 sec   459 KBytes  3.76 Mbits/sec  4.052 ms  111/447 (25%)  
[  8] 238.00-239.01 sec   472 KBytes  3.83 Mbits/sec  4.310 ms  110/455 (24%)  
[  8] 239.01-240.00 sec   495 KBytes  4.09 Mbits/sec  3.358 ms  80/442 (18%)  
[  8] 240.00-241.00 sec   402 KBytes  3.29 Mbits/sec  3.368 ms  157/451 (35%)  
[  8] 241.00-242.01 sec   546 KBytes  4.45 Mbits/sec  2.723 ms  49/448 (11%)  
[  8] 242.01-243.00 sec   552 KBytes  4.55 Mbits/sec  3.631 ms  45/449 (10%)  
[  8] 243.00-244.00 sec   451 KBytes  3.70 Mbits/sec  3.666 ms  66/396 (17%)  
[  8] 244.00-245.00 sec   383 KBytes  3.14 Mbits/sec  2.999 ms  152/432 (35%)  
[  8] 245.00-246.00 sec   555 KBytes  4.55 Mbits/sec  2.908 ms  61/467 (13%)  
[  8] 246.00-247.00 sec   462 KBytes  3.79 Mbits/sec  2.342 ms  158/496 (32%)  
[  8] 247.00-248.00 sec   494 KBytes  4.04 Mbits/sec  2.914 ms  82/443 (19%)  
[  8] 248.00-249.00 sec   600 KBytes  4.92 Mbits/sec  1.797 ms  11/450 (2.4%)  
[  8] 249.00-250.00 sec   559 KBytes  4.58 Mbits/sec  2.087 ms  35/444 (7.9%)  
[  8] 250.00-251.00 sec   511 KBytes  4.19 Mbits/sec  3.447 ms  75/449 (17%)  
[  8] 251.00-252.00 sec   561 KBytes  4.59 Mbits/sec  1.873 ms  37/447 (8.3%)  
[  8] 252.00-253.00 sec   610 KBytes  5.00 Mbits/sec  1.500 ms  1/447 (0.22%)  
[  8] 253.00-254.00 sec   573 KBytes  4.69 Mbits/sec  2.745 ms  10/429 (2.3%)  
[  8] 254.00-255.00 sec   582 KBytes  4.77 Mbits/sec  2.458 ms  33/459 (7.2%)  
[  8] 255.00-256.00 sec   591 KBytes  4.84 Mbits/sec  2.190 ms  17/449 (3.8%)  
[  8] 256.00-257.00 sec   532 KBytes  4.36 Mbits/sec  2.075 ms  54/443 (12%)  
[  8] 257.00-258.00 sec   599 KBytes  4.91 Mbits/sec  1.954 ms  12/450 (2.7%)  
[  8] 258.00-259.00 sec   540 KBytes  4.42 Mbits/sec  2.905 ms  38/433 (8.8%)  
[  8] 259.00-260.00 sec   582 KBytes  4.77 Mbits/sec  2.275 ms  30/456 (6.6%)  
[  8] 260.00-261.00 sec   544 KBytes  4.46 Mbits/sec  2.183 ms  51/449 (11%)  
[  8] 261.00-262.00 sec   574 KBytes  4.70 Mbits/sec  2.702 ms  28/448 (6.2%)  
[  8] 262.00-263.01 sec   565 KBytes  4.60 Mbits/sec  2.664 ms  35/448 (7.8%)  
[  8] 263.01-264.00 sec   551 KBytes  4.54 Mbits/sec  1.958 ms  39/442 (8.8%)  
[  8] 264.00-265.00 sec   353 KBytes  2.89 Mbits/sec  5.219 ms  172/430 (40%)  
[  8] 265.00-266.00 sec   373 KBytes  3.06 Mbits/sec  3.784 ms  143/416 (34%)  
[  8] 266.00-267.00 sec   399 KBytes  3.27 Mbits/sec  3.952 ms  82/374 (22%)  
[  8] 267.00-268.00 sec   521 KBytes  4.27 Mbits/sec  2.562 ms  164/545 (30%)  
[  8] 268.00-269.00 sec   544 KBytes  4.46 Mbits/sec  5.166 ms  49/447 (11%)  
[  8] 269.00-270.00 sec   427 KBytes  3.49 Mbits/sec  4.867 ms  18/330 (5.5%)  
[  8] 270.00-271.00 sec   299 KBytes  2.45 Mbits/sec  4.783 ms  78/297 (26%)  
[  8] 271.00-272.00 sec   351 KBytes  2.88 Mbits/sec  5.381 ms  385/642 (60%)  
[  8] 272.00-273.01 sec   455 KBytes  3.69 Mbits/sec  5.137 ms  67/400 (17%)  
[  8] 273.01-274.00 sec   325 KBytes  2.69 Mbits/sec  4.737 ms  151/389 (39%)  
[  8] 274.00-275.00 sec   391 KBytes  3.20 Mbits/sec  6.325 ms  40/326 (12%)  
[  8] 275.00-276.00 sec   427 KBytes  3.49 Mbits/sec  4.348 ms  168/480 (35%)  
[  8] 276.00-277.00 sec   313 KBytes  2.56 Mbits/sec  5.420 ms  220/449 (49%)  
[  8] 277.00-278.00 sec   502 KBytes  4.11 Mbits/sec  2.152 ms  276/643 (43%)  
[  8] 278.00-279.00 sec   573 KBytes  4.69 Mbits/sec  0.536 ms  111/530 (21%)  
[  8] 279.00-280.00 sec   399 KBytes  3.27 Mbits/sec  5.348 ms  84/376 (22%)  
[  8] 280.00-281.00 sec   288 KBytes  2.36 Mbits/sec  4.248 ms  91/302 (30%)  
[  8] 281.00-282.00 sec   258 KBytes  2.12 Mbits/sec  8.631 ms  122/311 (39%)  
[  8] 282.00-283.00 sec   332 KBytes  2.72 Mbits/sec  6.988 ms  141/384 (37%)  
[  8] 283.00-284.00 sec   462 KBytes  3.79 Mbits/sec  3.860 ms  327/665 (49%)  
[  8] 284.00-285.00 sec   451 KBytes  3.70 Mbits/sec  7.441 ms  278/608 (46%)  
[  8] 285.00-286.00 sec   439 KBytes  3.59 Mbits/sec  4.230 ms  136/457 (30%)  
[  8] 286.00-287.00 sec   479 KBytes  3.93 Mbits/sec  3.740 ms  103/453 (23%)  
[  8] 287.00-288.00 sec   492 KBytes  4.02 Mbits/sec  3.123 ms  94/454 (21%)  
[  8] 288.00-289.00 sec   391 KBytes  3.21 Mbits/sec  4.208 ms  154/440 (35%)  
[  8] 289.00-290.01 sec   472 KBytes  3.84 Mbits/sec  2.804 ms  117/462 (25%)  
[  8] 290.01-291.00 sec   442 KBytes  3.64 Mbits/sec  4.684 ms  114/437 (26%)  
[  8] 291.00-292.00 sec   314 KBytes  2.58 Mbits/sec  3.308 ms  212/442 (48%)  
[  8] 292.00-293.01 sec   431 KBytes  3.51 Mbits/sec  4.492 ms  116/431 (27%)  
[  8] 293.01-294.00 sec   446 KBytes  3.66 Mbits/sec  2.964 ms  140/466 (30%)  
[  8] 294.00-295.01 sec   484 KBytes  3.93 Mbits/sec  3.121 ms  105/459 (23%)  
[  8] 295.01-296.00 sec   381 KBytes  3.16 Mbits/sec  1.083 ms  158/437 (36%)  
[  8] 296.00-297.00 sec   588 KBytes  4.82 Mbits/sec  3.028 ms  21/451 (4.7%)  
[  8] 297.00-298.00 sec   466 KBytes  3.82 Mbits/sec  2.695 ms  101/442 (23%)  
[  8] 298.00-299.02 sec   387 KBytes  3.11 Mbits/sec  5.679 ms  94/377 (25%)  
[  8] 299.02-300.01 sec   395 KBytes  3.27 Mbits/sec  1.952 ms  223/512 (44%)  
[  8] 300.01-301.00 sec   438 KBytes  3.61 Mbits/sec  4.625 ms  19/339 (5.6%)  
[  8] 301.00-302.00 sec   555 KBytes  4.56 Mbits/sec  3.009 ms  157/563 (28%)  
[  8] 302.00-303.00 sec   435 KBytes  3.56 Mbits/sec  3.862 ms  122/440 (28%)  
[  8] 303.00-304.00 sec   533 KBytes  4.37 Mbits/sec  1.366 ms  65/455 (14%)  
[  8] 304.00-305.00 sec   592 KBytes  4.85 Mbits/sec  1.582 ms  15/448 (3.3%)  
[  8] 305.00-306.00 sec   535 KBytes  4.38 Mbits/sec  3.750 ms  32/423 (7.6%)  
[  8] 306.00-307.00 sec   379 KBytes  3.10 Mbits/sec  2.460 ms  188/465 (40%)  
[  8] 307.00-308.00 sec   576 KBytes  4.71 Mbits/sec  2.367 ms  16/437 (3.7%)  
[  8] 308.00-309.00 sec   472 KBytes  3.87 Mbits/sec  5.143 ms  62/407 (15%)  
[  8] 309.00-310.00 sec   396 KBytes  3.25 Mbits/sec  8.342 ms  130/420 (31%)  
[  8] 310.00-311.00 sec   371 KBytes  3.04 Mbits/sec  4.532 ms  171/442 (39%)  
[  8] 311.00-312.00 sec   535 KBytes  4.38 Mbits/sec  2.769 ms  68/459 (15%)  
[  8] 312.00-313.00 sec   312 KBytes  2.55 Mbits/sec  4.432 ms  93/321 (29%)  
[  8] 313.00-314.00 sec   387 KBytes  3.17 Mbits/sec  4.637 ms  145/428 (34%)  
[  8] 314.00-315.00 sec   376 KBytes  3.08 Mbits/sec  4.295 ms  203/478 (42%)  
[  8] 315.00-316.00 sec   390 KBytes  3.19 Mbits/sec  3.876 ms  87/372 (23%)  
[  8] 316.00-317.00 sec   540 KBytes  4.42 Mbits/sec  3.450 ms  296/691 (43%)  
[  8] 317.00-318.00 sec   390 KBytes  3.19 Mbits/sec  3.003 ms  20/305 (6.6%)  
[  8] 318.00-319.00 sec   585 KBytes  4.79 Mbits/sec  2.872 ms  63/491 (13%)  
[  8] 319.00-320.00 sec   371 KBytes  3.04 Mbits/sec  4.225 ms  214/485 (44%)  
[  8] 320.00-321.00 sec   540 KBytes  4.42 Mbits/sec  3.074 ms  123/518 (24%)  
[  8] 321.00-322.00 sec   578 KBytes  4.74 Mbits/sec  1.829 ms  23/446 (5.2%)  
[  8] 322.00-323.00 sec   558 KBytes  4.57 Mbits/sec  2.129 ms  38/446 (8.5%)  
[  8] 323.00-324.00 sec   532 KBytes  4.36 Mbits/sec  2.765 ms  45/434 (10%)  
[  8] 324.00-325.00 sec   414 KBytes  3.39 Mbits/sec  3.137 ms  119/422 (28%)  
[  8] 325.00-326.00 sec   276 KBytes  2.26 Mbits/sec  4.599 ms  10/212 (4.7%)  
[  8] 326.00-327.00 sec   357 KBytes  2.92 Mbits/sec  3.337 ms  182/443 (41%)  
[  8] 327.00-328.00 sec   345 KBytes  2.83 Mbits/sec  4.366 ms  241/493 (49%)  
[  8] 328.00-329.00 sec   472 KBytes  3.86 Mbits/sec  6.056 ms  321/666 (48%)  
[  8] 329.00-330.00 sec   593 KBytes  4.86 Mbits/sec  2.311 ms  21/455 (4.6%)  
[  8] 330.00-331.00 sec   543 KBytes  4.45 Mbits/sec  1.423 ms  16/413 (3.9%)  
[  8] 331.00-332.01 sec   603 KBytes  4.91 Mbits/sec  2.064 ms  38/479 (7.9%)  
[  8] 332.01-333.00 sec   409 KBytes  3.37 Mbits/sec  5.859 ms  116/415 (28%)  
[  8] 333.00-334.00 sec   276 KBytes  2.26 Mbits/sec  6.291 ms  274/476 (58%)  
[  8] 334.00-335.00 sec   376 KBytes  3.08 Mbits/sec  4.463 ms  143/418 (34%)  
[  8] 335.00-336.00 sec   346 KBytes  2.83 Mbits/sec  4.006 ms  37/290 (13%)  
[  8] 336.00-337.00 sec   360 KBytes  2.95 Mbits/sec  3.689 ms  75/338 (22%)  
[  8] 337.00-338.00 sec   410 KBytes  3.36 Mbits/sec  4.073 ms  234/534 (44%)  
[  8] 338.00-339.00 sec   447 KBytes  3.66 Mbits/sec  3.087 ms  112/439 (26%)  
[  8] 339.00-340.00 sec   357 KBytes  2.92 Mbits/sec  5.565 ms  117/378 (31%)  
[  8] 340.00-340.24 sec   145 KBytes  4.97 Mbits/sec  3.581 ms  187/293 (64%)  
- - - - - - - - - - - - - - - - - - - - - - - - -
[ ID] Interval           Transfer     Bitrate         Jitter    Lost/Total Datagrams
[  8]   0.00-340.24 sec   149 MBytes  3.68 Mbits/sec  3.581 ms  40093/151786 (26%)  receiver
