-----------------------------------------------------------
Server listening on 5201 (test #1)
-----------------------------------------------------------
Accepted connection from 10.0.0.5, port 41788
[  8] local 10.0.0.69 port 5201 connected to 10.0.0.5 port 41027
[ ID] Interval           Transfer     Bitrate         Jitter    Lost/Total Datagrams
[  8]   0.00-1.00   sec   458 KBytes  3.75 Mbits/sec  3.754 ms  92/427 (22%)  
[  8]   1.00-2.00   sec   457 KBytes  3.74 Mbits/sec  4.020 ms  77/411 (19%)  
[  8]   2.00-3.00   sec   567 KBytes  4.65 Mbits/sec  2.569 ms  61/476 (13%)  
[  8]   3.00-4.00   sec   398 KBytes  3.26 Mbits/sec  2.665 ms  87/378 (23%)  
[  8]   4.00-5.00   sec   336 KBytes  2.76 Mbits/sec  4.004 ms  64/310 (21%)  
[  8]   5.00-6.00   sec   509 KBytes  4.17 Mbits/sec  1.231 ms  290/662 (44%)  
[  8]   6.00-7.00   sec   559 KBytes  4.58 Mbits/sec  2.457 ms  31/440 (7%)  
[  8]   7.00-8.00   sec   446 KBytes  3.65 Mbits/sec  3.177 ms  55/381 (14%)  
[  8]   8.00-9.00   sec   584 KBytes  4.78 Mbits/sec  0.888 ms  77/504 (15%)  
[  8]   9.00-10.00  sec   473 KBytes  3.88 Mbits/sec  0.921 ms  111/457 (24%)  
[  8]  10.00-11.00  sec   547 KBytes  4.48 Mbits/sec  3.111 ms  40/440 (9.1%)  
[  8]  11.00-12.00  sec   543 KBytes  4.45 Mbits/sec  1.682 ms  47/444 (11%)  
[  8]  12.00-13.00  sec   621 KBytes  5.07 Mbits/sec  1.288 ms  6/460 (1.3%)  
[  8]  13.00-14.00  sec   409 KBytes  3.36 Mbits/sec  4.848 ms  99/398 (25%)  
[  8]  14.00-15.00  sec   500 KBytes  4.10 Mbits/sec  2.800 ms  110/476 (23%)  
[  8]  15.00-16.00  sec   551 KBytes  4.51 Mbits/sec  3.019 ms  52/455 (11%)  
[  8]  16.00-17.00  sec   595 KBytes  4.87 Mbits/sec  2.537 ms  18/453 (4%)  
[  8]  17.00-18.00  sec   588 KBytes  4.82 Mbits/sec  3.239 ms  10/440 (2.3%)  
[  8]  18.00-19.00  sec   552 KBytes  4.52 Mbits/sec  3.098 ms  19/423 (4.5%)  
[  8]  19.00-20.00  sec   391 KBytes  3.20 Mbits/sec  3.866 ms  72/358 (20%)  
[  8]  20.00-21.00  sec   554 KBytes  4.54 Mbits/sec  2.853 ms  93/498 (19%)  
[  8]  21.00-22.00  sec   342 KBytes  2.80 Mbits/sec  5.278 ms  51/301 (17%)  
[  8]  22.00-23.00  sec   492 KBytes  4.03 Mbits/sec  3.409 ms  289/649 (45%)  
[  8]  23.00-24.00  sec   422 KBytes  3.46 Mbits/sec  4.024 ms  51/360 (14%)  
[  8]  24.00-25.00  sec   267 KBytes  2.18 Mbits/sec  7.904 ms  137/332 (41%)  
[  8]  25.00-26.00  sec   183 KBytes  1.50 Mbits/sec  6.590 ms  303/437 (69%)  
[  8]  26.00-27.00  sec   354 KBytes  2.90 Mbits/sec  3.731 ms  352/611 (58%)  
[  8]  27.00-28.00  sec   342 KBytes  2.80 Mbits/sec  3.965 ms  116/366 (32%)  
[  8]  28.00-29.00  sec   381 KBytes  3.12 Mbits/sec  6.309 ms  146/425 (34%)  
[  8]  29.00-30.00  sec   580 KBytes  4.75 Mbits/sec  2.533 ms  177/601 (29%)  
[  8]  30.00-31.00  sec   498 KBytes  4.08 Mbits/sec  2.148 ms  89/453 (20%)  
[  8]  31.00-32.00  sec   472 KBytes  3.86 Mbits/sec  2.144 ms  98/443 (22%)  
[  8]  32.00-33.00  sec   543 KBytes  4.45 Mbits/sec  3.615 ms  41/438 (9.4%)  
[  8]  33.00-34.00  sec   522 KBytes  4.28 Mbits/sec  2.941 ms  73/455 (16%)  
[  8]  34.00-35.00  sec   465 KBytes  3.81 Mbits/sec  4.180 ms  94/434 (22%)  
[  8]  35.00-36.00  sec   418 KBytes  3.43 Mbits/sec  2.717 ms  145/451 (32%)  
[  8]  36.00-37.00  sec   321 KBytes  2.63 Mbits/sec  4.537 ms  66/301 (22%)  
[  8]  37.00-38.00  sec   401 KBytes  3.28 Mbits/sec  3.581 ms  132/425 (31%)  
[  8]  38.00-39.00  sec   329 KBytes  2.70 Mbits/sec  3.339 ms  194/435 (45%)  
[  8]  39.00-40.00  sec   391 KBytes  3.20 Mbits/sec  3.484 ms  230/516 (45%)  
[  8]  40.00-41.00  sec   491 KBytes  4.01 Mbits/sec  3.248 ms  208/567 (37%)  
[  8]  41.00-42.00  sec   515 KBytes  4.24 Mbits/sec  2.767 ms  70/447 (16%)  
[  8]  42.00-43.00  sec   567 KBytes  4.65 Mbits/sec  2.774 ms  8/423 (1.9%)  
[  8]  43.00-44.00  sec   440 KBytes  3.61 Mbits/sec  4.354 ms  117/439 (27%)  
[  8]  44.00-45.00  sec   535 KBytes  4.38 Mbits/sec  2.687 ms  54/445 (12%)  
[  8]  45.00-46.00  sec   498 KBytes  4.08 Mbits/sec  3.084 ms  105/469 (22%)  
[  8]  46.00-47.00  sec   306 KBytes  2.51 Mbits/sec  7.610 ms  206/430 (48%)  
[  8]  47.00-48.00  sec   439 KBytes  3.60 Mbits/sec  2.657 ms  145/466 (31%)  
[  8]  48.00-49.02  sec   515 KBytes  4.14 Mbits/sec  2.239 ms  77/454 (17%)  
[  8]  49.02-50.00  sec   543 KBytes  4.54 Mbits/sec  2.722 ms  45/442 (10%)  
[  8]  50.00-51.00  sec   473 KBytes  3.88 Mbits/sec  2.305 ms  91/437 (21%)  
[  8]  51.00-52.00  sec   520 KBytes  4.26 Mbits/sec  1.753 ms  75/455 (16%)  
[  8]  52.00-53.00  sec   537 KBytes  4.40 Mbits/sec  3.368 ms  49/442 (11%)  
[  8]  53.00-54.00  sec   570 KBytes  4.67 Mbits/sec  2.528 ms  31/448 (6.9%)  
[  8]  54.00-55.00  sec   453 KBytes  3.71 Mbits/sec  2.579 ms  112/443 (25%)  
[  8]  55.00-56.00  sec   380 KBytes  3.11 Mbits/sec  3.256 ms  168/446 (38%)  
[  8]  56.00-57.00  sec   324 KBytes  2.65 Mbits/sec  3.620 ms  186/423 (44%)  
[  8]  57.00-58.00  sec   547 KBytes  4.47 Mbits/sec  2.188 ms  81/481 (17%)  
[  8]  58.00-59.00  sec   448 KBytes  3.68 Mbits/sec  4.221 ms  99/427 (23%)  
[  8]  59.00-60.00  sec   458 KBytes  3.75 Mbits/sec  2.634 ms  122/457 (27%)  
[  8]  60.00-61.00  sec   314 KBytes  2.58 Mbits/sec  6.554 ms  209/439 (48%)  
[  8]  61.00-62.00  sec   328 KBytes  2.69 Mbits/sec  5.630 ms  191/431 (44%)  
[  8]  62.00-63.00  sec   459 KBytes  3.76 Mbits/sec  2.383 ms  132/468 (28%)  
[  8]  63.00-64.00  sec   401 KBytes  3.27 Mbits/sec  2.399 ms  162/455 (36%)  
[  8]  64.00-65.00  sec   526 KBytes  4.32 Mbits/sec  0.554 ms  58/443 (13%)  
[  8]  65.00-66.00  sec   421 KBytes  3.45 Mbits/sec  3.648 ms  135/443 (30%)  
[  8]  66.00-67.00  sec   386 KBytes  3.16 Mbits/sec  4.094 ms  161/443 (36%)  
[  8]  67.00-68.00  sec   485 KBytes  3.98 Mbits/sec  1.703 ms  95/450 (21%)  
[  8]  68.00-69.00  sec   546 KBytes  4.47 Mbits/sec  1.535 ms  42/441 (9.5%)  
[  8]  69.00-70.00  sec   386 KBytes  3.16 Mbits/sec  1.116 ms  150/432 (35%)  
[  8]  70.00-71.00  sec   447 KBytes  3.66 Mbits/sec  3.130 ms  131/458 (29%)  
[  8]  71.00-72.00  sec   463 KBytes  3.80 Mbits/sec  2.278 ms  107/446 (24%)  
[  8]  72.00-73.00  sec   392 KBytes  3.21 Mbits/sec  5.078 ms  94/381 (25%)  
[  8]  73.00-74.00  sec   265 KBytes  2.17 Mbits/sec  6.792 ms  86/280 (31%)  
[  8]  74.00-75.00  sec   254 KBytes  2.08 Mbits/sec  12.193 ms  361/547 (66%)  
[  8]  75.00-76.00  sec   511 KBytes  4.19 Mbits/sec  3.841 ms  181/555 (33%)  
[  8]  76.00-77.00  sec   354 KBytes  2.90 Mbits/sec  3.758 ms  28/287 (9.8%)  
[  8]  77.00-78.00  sec   725 KBytes  5.94 Mbits/sec  1.324 ms  106/636 (17%)  
[  8]  78.00-79.00  sec   554 KBytes  4.54 Mbits/sec  1.645 ms  37/442 (8.4%)  
[  8]  79.00-80.00  sec   515 KBytes  4.22 Mbits/sec  3.390 ms  54/431 (13%)  
[  8]  80.00-81.00  sec   440 KBytes  3.61 Mbits/sec  3.620 ms  20/342 (5.8%)  
[  8]  81.00-82.01  sec   504 KBytes  4.11 Mbits/sec  2.286 ms  175/544 (32%)  
[  8]  82.01-83.00  sec   410 KBytes  3.38 Mbits/sec  4.062 ms  146/446 (33%)  
[  8]  83.00-84.00  sec   522 KBytes  4.28 Mbits/sec  2.812 ms  91/473 (19%)  
[  8]  84.00-85.00  sec   483 KBytes  3.95 Mbits/sec  2.955 ms  98/451 (22%)  
[  8]  85.00-86.00  sec   548 KBytes  4.49 Mbits/sec  3.309 ms  29/430 (6.7%)  
[  8]  86.00-87.00  sec   500 KBytes  4.10 Mbits/sec  2.487 ms  95/461 (21%)  
[  8]  87.00-88.00  sec   477 KBytes  3.91 Mbits/sec  2.151 ms  97/446 (22%)  
[  8]  88.00-89.00  sec   325 KBytes  2.67 Mbits/sec  3.921 ms  142/380 (37%)  
[  8]  89.00-90.00  sec   409 KBytes  3.35 Mbits/sec  3.584 ms  202/501 (40%)  
[  8]  90.00-91.00  sec   409 KBytes  3.35 Mbits/sec  5.164 ms  113/412 (27%)  
[  8]  91.00-92.00  sec   431 KBytes  3.53 Mbits/sec  5.492 ms  110/425 (26%)  
[  8]  92.00-93.00  sec   409 KBytes  3.35 Mbits/sec  3.220 ms  44/343 (13%)  
[  8]  93.00-94.00  sec   379 KBytes  3.10 Mbits/sec  6.363 ms  137/414 (33%)  
[  8]  94.00-95.00  sec   481 KBytes  3.94 Mbits/sec  4.579 ms  295/647 (46%)  
[  8]  95.00-96.00  sec   237 KBytes  1.94 Mbits/sec  4.358 ms  268/441 (61%)  
[  8]  96.00-97.00  sec   392 KBytes  3.21 Mbits/sec  5.736 ms  143/430 (33%)  
[  8]  97.00-98.00  sec   305 KBytes  2.50 Mbits/sec  9.102 ms  152/375 (41%)  
[  8]  98.00-99.00  sec   310 KBytes  2.54 Mbits/sec  10.665 ms  95/322 (30%)  
[  8]  99.00-100.00 sec   273 KBytes  2.24 Mbits/sec  7.271 ms  299/499 (60%)  
[  8] 100.00-101.00 sec   530 KBytes  4.35 Mbits/sec  2.343 ms  184/572 (32%)  
[  8] 101.00-102.00 sec   455 KBytes  3.73 Mbits/sec  4.286 ms  86/419 (21%)  
[  8] 102.00-103.00 sec   488 KBytes  4.00 Mbits/sec  2.091 ms  150/507 (30%)  
[  8] 103.00-104.00 sec   546 KBytes  4.47 Mbits/sec  2.402 ms  55/454 (12%)  
[  8] 104.00-105.00 sec   552 KBytes  4.53 Mbits/sec  3.783 ms  45/449 (10%)  
[  8] 105.00-106.00 sec   379 KBytes  3.10 Mbits/sec  4.474 ms  163/440 (37%)  
[  8] 106.00-107.00 sec   357 KBytes  2.92 Mbits/sec  1.259 ms  138/399 (35%)  
[  8] 107.00-108.00 sec   413 KBytes  3.38 Mbits/sec  2.363 ms  108/410 (26%)  
[  8] 108.00-109.00 sec   432 KBytes  3.54 Mbits/sec  4.283 ms  126/442 (29%)  
[  8] 109.00-110.00 sec   283 KBytes  2.32 Mbits/sec  3.738 ms  59/266 (22%)  
[  8] 110.00-111.00 sec   365 KBytes  2.99 Mbits/sec  2.873 ms  339/606 (56%)  
[  8] 111.00-112.00 sec   312 KBytes  2.55 Mbits/sec  4.104 ms  128/356 (36%)  
[  8] 112.00-113.00 sec   291 KBytes  2.38 Mbits/sec  3.723 ms  73/286 (26%)  
[  8] 113.00-114.00 sec   260 KBytes  2.13 Mbits/sec  5.164 ms  444/634 (70%)  
[  8] 114.00-115.00 sec   450 KBytes  3.68 Mbits/sec  4.880 ms  271/600 (45%)  
[  8] 115.00-116.00 sec   550 KBytes  4.50 Mbits/sec  1.508 ms  71/473 (15%)  
[  8] 116.00-117.00 sec   416 KBytes  3.40 Mbits/sec  2.979 ms  124/428 (29%)  
[  8] 117.00-118.00 sec   357 KBytes  2.93 Mbits/sec  5.409 ms  94/355 (26%)  
[  8] 118.00-119.00 sec   304 KBytes  2.49 Mbits/sec  3.640 ms  200/422 (47%)  
[  8] 119.00-120.00 sec   392 KBytes  3.21 Mbits/sec  4.346 ms  242/529 (46%)  
[  8] 120.00-121.00 sec   368 KBytes  3.01 Mbits/sec  4.640 ms  92/361 (25%)  
[  8] 121.00-122.00 sec   425 KBytes  3.48 Mbits/sec  3.532 ms  52/363 (14%)  
[  8] 122.00-123.00 sec   368 KBytes  3.01 Mbits/sec  4.991 ms  140/409 (34%)  
[  8] 123.00-124.00 sec   291 KBytes  2.39 Mbits/sec  5.854 ms  193/406 (48%)  
[  8] 124.00-125.00 sec   293 KBytes  2.40 Mbits/sec  7.846 ms  216/430 (50%)  
[  8] 125.00-126.00 sec   350 KBytes  2.87 Mbits/sec  5.650 ms  221/477 (46%)  
[  8] 126.00-127.00 sec   331 KBytes  2.71 Mbits/sec  4.845 ms  143/385 (37%)  
[  8] 127.00-128.00 sec   335 KBytes  2.74 Mbits/sec  4.915 ms  202/447 (45%)  
[  8] 128.00-129.00 sec   261 KBytes  2.14 Mbits/sec  6.829 ms  274/465 (59%)  
[  8] 129.00-130.00 sec   647 KBytes  5.30 Mbits/sec  2.509 ms  304/777 (39%)  
[  8] 130.00-131.00 sec   520 KBytes  4.26 Mbits/sec  2.378 ms  61/441 (14%)  
[  8] 131.00-132.00 sec   474 KBytes  3.89 Mbits/sec  6.474 ms  33/380 (8.7%)  
[  8] 132.00-133.00 sec   297 KBytes  2.43 Mbits/sec  5.476 ms  211/428 (49%)  
[  8] 133.00-134.00 sec   458 KBytes  3.75 Mbits/sec  1.695 ms  201/536 (38%)  
[  8] 134.00-135.00 sec   520 KBytes  4.26 Mbits/sec  3.454 ms  44/424 (10%)  
[  8] 135.00-136.00 sec   338 KBytes  2.77 Mbits/sec  4.378 ms  78/325 (24%)  
[  8] 136.00-137.00 sec   413 KBytes  3.38 Mbits/sec  6.602 ms  111/413 (27%)  
[  8] 137.00-138.00 sec   468 KBytes  3.83 Mbits/sec  5.610 ms  51/393 (13%)  
[  8] 138.00-139.00 sec   595 KBytes  4.87 Mbits/sec  2.430 ms  222/657 (34%)  
[  8] 139.00-140.00 sec   492 KBytes  4.03 Mbits/sec  2.640 ms  69/429 (16%)  
[  8] 140.00-141.00 sec   304 KBytes  2.49 Mbits/sec  4.801 ms  68/290 (23%)  
[  8] 141.00-142.00 sec   502 KBytes  4.11 Mbits/sec  2.427 ms  229/596 (38%)  
[  8] 142.00-143.00 sec   581 KBytes  4.76 Mbits/sec  3.499 ms  55/480 (11%)  
[  8] 143.00-144.00 sec   537 KBytes  4.40 Mbits/sec  2.746 ms  58/451 (13%)  
[  8] 144.00-145.00 sec   489 KBytes  4.01 Mbits/sec  1.669 ms  53/411 (13%)  
[  8] 145.00-146.00 sec   398 KBytes  3.26 Mbits/sec  3.393 ms  168/459 (37%)  
[  8] 146.00-147.00 sec   355 KBytes  2.91 Mbits/sec  2.249 ms  167/427 (39%)  
[  8] 147.00-148.00 sec   541 KBytes  4.44 Mbits/sec  2.286 ms  98/494 (20%)  
[  8] 148.00-149.00 sec   433 KBytes  3.55 Mbits/sec  3.725 ms  80/397 (20%)  
[  8] 149.00-150.00 sec   355 KBytes  2.91 Mbits/sec  3.765 ms  39/299 (13%)  
[  8] 150.00-151.00 sec   354 KBytes  2.90 Mbits/sec  6.223 ms  129/388 (33%)  
[  8] 151.00-152.00 sec   361 KBytes  2.96 Mbits/sec  5.218 ms  256/520 (49%)  
[  8] 152.00-153.00 sec   268 KBytes  2.20 Mbits/sec  4.714 ms  223/419 (53%)  
[  8] 153.00-154.00 sec   272 KBytes  2.23 Mbits/sec  6.239 ms  254/453 (56%)  
[  8] 154.00-155.00 sec   179 KBytes  1.47 Mbits/sec  5.549 ms  233/364 (64%)  
[  8] 155.00-156.00 sec   249 KBytes  2.04 Mbits/sec  5.328 ms  290/472 (61%)  
[  8] 156.00-157.00 sec   392 KBytes  3.21 Mbits/sec  3.371 ms  260/547 (48%)  
[  8] 157.00-158.00 sec   355 KBytes  2.92 Mbits/sec  4.245 ms  139/399 (35%)  
[  8] 158.00-159.00 sec   282 KBytes  2.31 Mbits/sec  4.147 ms  308/514 (60%)  
[  8] 159.00-160.00 sec   298 KBytes  2.44 Mbits/sec  2.887 ms  164/382 (43%)  
[  8] 160.00-161.00 sec   325 KBytes  2.67 Mbits/sec  5.346 ms  250/488 (51%)  
[  8] 161.00-162.00 sec   514 KBytes  4.21 Mbits/sec  2.591 ms  232/608 (38%)  
[  8] 162.00-163.00 sec   569 KBytes  4.66 Mbits/sec  4.489 ms  23/439 (5.2%)  
[  8] 163.00-164.00 sec   454 KBytes  3.72 Mbits/sec  1.492 ms  125/457 (27%)  
[  8] 164.00-165.00 sec   550 KBytes  4.50 Mbits/sec  1.576 ms  39/441 (8.8%)  
[  8] 165.00-166.00 sec   530 KBytes  4.35 Mbits/sec  2.265 ms  59/447 (13%)  
[  8] 166.00-167.00 sec   396 KBytes  3.25 Mbits/sec  3.822 ms  145/435 (33%)  
[  8] 167.00-168.00 sec   462 KBytes  3.79 Mbits/sec  0.551 ms  124/462 (27%)  
[  8] 168.00-169.00 sec   511 KBytes  4.19 Mbits/sec  1.632 ms  63/437 (14%)  
[  8] 169.00-170.00 sec   515 KBytes  4.22 Mbits/sec  4.139 ms  62/439 (14%)  
[  8] 170.00-171.00 sec   517 KBytes  4.23 Mbits/sec  1.875 ms  74/452 (16%)  
[  8] 171.00-172.00 sec   556 KBytes  4.56 Mbits/sec  3.701 ms  28/435 (6.4%)  
[  8] 172.00-173.00 sec   571 KBytes  4.68 Mbits/sec  2.097 ms  38/456 (8.3%)  
[  8] 173.00-174.00 sec   355 KBytes  2.90 Mbits/sec  3.943 ms  112/372 (30%)  
[  8] 174.00-175.00 sec   589 KBytes  4.84 Mbits/sec  2.470 ms  101/532 (19%)  
[  8] 175.00-176.00 sec   451 KBytes  3.70 Mbits/sec  3.174 ms  72/402 (18%)  
[  8] 176.00-177.00 sec   410 KBytes  3.36 Mbits/sec  3.591 ms  26/326 (8%)  
[  8] 177.00-178.00 sec   373 KBytes  3.06 Mbits/sec  3.827 ms  309/582 (53%)  
[  8] 178.00-179.00 sec   496 KBytes  4.07 Mbits/sec  3.476 ms  45/408 (11%)  
[  8] 179.00-180.00 sec   398 KBytes  3.26 Mbits/sec  2.876 ms  18/309 (5.8%)  
[  8] 180.00-181.00 sec   630 KBytes  5.16 Mbits/sec  2.850 ms  180/641 (28%)  
[  8] 181.00-182.00 sec   469 KBytes  3.84 Mbits/sec  3.275 ms  36/379 (9.5%)  
[  8] 182.00-183.00 sec   383 KBytes  3.14 Mbits/sec  4.009 ms  17/297 (5.7%)  
[  8] 183.00-184.00 sec   401 KBytes  3.28 Mbits/sec  4.029 ms  142/435 (33%)  
[  8] 184.00-185.00 sec   570 KBytes  4.67 Mbits/sec  5.951 ms  234/651 (36%)  
[  8] 185.00-186.00 sec   338 KBytes  2.77 Mbits/sec  4.775 ms  88/335 (26%)  
[  8] 186.00-187.00 sec   472 KBytes  3.86 Mbits/sec  4.115 ms  71/416 (17%)  
[  8] 187.00-188.00 sec   396 KBytes  3.25 Mbits/sec  4.036 ms  111/401 (28%)  
[  8] 188.00-189.00 sec   331 KBytes  2.71 Mbits/sec  6.235 ms  161/403 (40%)  
[  8] 189.00-190.00 sec   347 KBytes  2.84 Mbits/sec  4.948 ms  318/572 (56%)  
[  8] 190.00-191.00 sec   503 KBytes  4.12 Mbits/sec  3.025 ms  193/561 (34%)  
[  8] 191.00-192.00 sec   530 KBytes  4.34 Mbits/sec  4.133 ms  37/425 (8.7%)  
[  8] 192.00-193.00 sec   432 KBytes  3.55 Mbits/sec  3.996 ms  91/407 (22%)  
[  8] 193.00-194.00 sec   440 KBytes  3.61 Mbits/sec  2.960 ms  199/521 (38%)  
[  8] 194.00-195.00 sec   358 KBytes  2.94 Mbits/sec  3.388 ms  46/308 (15%)  
[  8] 195.00-196.00 sec   606 KBytes  4.95 Mbits/sec  3.266 ms  151/594 (25%)  
[  8] 196.00-197.00 sec   480 KBytes  3.94 Mbits/sec  4.084 ms  64/415 (15%)  
[  8] 197.00-198.00 sec   407 KBytes  3.33 Mbits/sec  4.064 ms  30/328 (9.1%)  
[  8] 198.00-199.00 sec   453 KBytes  3.71 Mbits/sec  3.827 ms  29/360 (8.1%)  
[  8] 199.00-200.00 sec   421 KBytes  3.45 Mbits/sec  5.321 ms  107/415 (26%)  
[  8] 200.00-201.00 sec   334 KBytes  2.73 Mbits/sec  4.943 ms  175/419 (42%)  
[  8] 201.00-202.00 sec   353 KBytes  2.90 Mbits/sec  4.771 ms  220/478 (46%)  
[  8] 202.00-203.00 sec   484 KBytes  3.96 Mbits/sec  4.273 ms  185/539 (34%)  
[  8] 203.00-204.00 sec   417 KBytes  3.42 Mbits/sec  3.850 ms  126/431 (29%)  
[  8] 204.00-205.00 sec   332 KBytes  2.72 Mbits/sec  3.526 ms  69/312 (22%)  
[  8] 205.00-206.00 sec   479 KBytes  3.92 Mbits/sec  4.040 ms  419/769 (54%)  
[  8] 206.00-207.00 sec   381 KBytes  3.12 Mbits/sec  4.683 ms  21/300 (7%)  
[  8] 207.00-208.00 sec   288 KBytes  2.36 Mbits/sec  4.296 ms  12/223 (5.4%)  
[  8] 208.00-209.00 sec   353 KBytes  2.89 Mbits/sec  4.354 ms  270/528 (51%)  
[  8] 209.00-210.00 sec   573 KBytes  4.69 Mbits/sec  2.724 ms  182/601 (30%)  
[  8] 210.00-211.00 sec   578 KBytes  4.74 Mbits/sec  3.074 ms  154/577 (27%)  
[  8] 211.00-212.00 sec   595 KBytes  4.87 Mbits/sec  1.723 ms  15/450 (3.3%)  
[  8] 212.00-213.00 sec   561 KBytes  4.59 Mbits/sec  2.852 ms  35/445 (7.9%)  
[  8] 213.00-214.00 sec   551 KBytes  4.51 Mbits/sec  2.480 ms  40/443 (9%)  
[  8] 214.00-215.00 sec   500 KBytes  4.10 Mbits/sec  2.848 ms  77/443 (17%)  
[  8] 215.00-216.01 sec   504 KBytes  4.11 Mbits/sec  3.171 ms  57/426 (13%)  
[  8] 216.01-217.00 sec   451 KBytes  3.72 Mbits/sec  3.732 ms  102/432 (24%)  
[  8] 217.00-218.00 sec   487 KBytes  3.98 Mbits/sec  3.805 ms  71/427 (17%)  
[  8] 218.00-219.00 sec   260 KBytes  2.13 Mbits/sec  5.396 ms  192/382 (50%)  
[  8] 219.00-220.00 sec   391 KBytes  3.20 Mbits/sec  4.538 ms  137/423 (32%)  
[  8] 220.00-221.00 sec   474 KBytes  3.89 Mbits/sec  3.246 ms  77/424 (18%)  
[  8] 221.00-222.00 sec   351 KBytes  2.88 Mbits/sec  4.954 ms  170/427 (40%)  
[  8] 222.00-223.00 sec   342 KBytes  2.80 Mbits/sec  4.567 ms  215/465 (46%)  
[  8] 223.00-224.00 sec   321 KBytes  2.63 Mbits/sec  3.275 ms  248/483 (51%)  
[  8] 224.00-225.00 sec   409 KBytes  3.35 Mbits/sec  4.349 ms  69/368 (19%)  
[  8] 225.00-226.00 sec   416 KBytes  3.40 Mbits/sec  4.782 ms  176/480 (37%)  
[  8] 226.00-227.00 sec   476 KBytes  3.90 Mbits/sec  3.568 ms  102/450 (23%)  
[  8] 227.00-228.00 sec   396 KBytes  3.24 Mbits/sec  4.441 ms  168/458 (37%)  
[  8] 228.00-229.00 sec   380 KBytes  3.12 Mbits/sec  6.380 ms  125/403 (31%)  
[  8] 229.00-230.00 sec   254 KBytes  2.08 Mbits/sec  4.624 ms  260/446 (58%)  
[  8] 230.00-231.00 sec   329 KBytes  2.70 Mbits/sec  4.264 ms  191/432 (44%)  
[  8] 231.00-232.00 sec   533 KBytes  4.37 Mbits/sec  1.508 ms  278/668 (42%)  
[  8] 232.00-233.00 sec   611 KBytes  5.01 Mbits/sec  0.272 ms  3/450 (0.67%)  
[  8] 233.00-234.00 sec   484 KBytes  3.96 Mbits/sec  3.455 ms  64/418 (15%)  
[  8] 234.00-235.00 sec   530 KBytes  4.35 Mbits/sec  2.513 ms  74/462 (16%)  
[  8] 235.00-236.00 sec   522 KBytes  4.28 Mbits/sec  2.492 ms  70/452 (15%)  
[  8] 236.00-237.00 sec   569 KBytes  4.66 Mbits/sec  2.966 ms  24/440 (5.5%)  
[  8] 237.00-238.00 sec   473 KBytes  3.88 Mbits/sec  2.255 ms  89/435 (20%)  
[  8] 238.00-239.00 sec   494 KBytes  4.04 Mbits/sec  2.952 ms  94/455 (21%)  
[  8] 239.00-240.00 sec   496 KBytes  4.07 Mbits/sec  1.098 ms  92/455 (20%)  
[  8] 240.00-241.00 sec   427 KBytes  3.49 Mbits/sec  2.521 ms  135/447 (30%)  
[  8] 241.00-242.00 sec   547 KBytes  4.48 Mbits/sec  2.737 ms  45/445 (10%)  
[  8] 242.00-243.00 sec   576 KBytes  4.72 Mbits/sec  3.306 ms  35/456 (7.7%)  
[  8] 243.00-244.00 sec   483 KBytes  3.95 Mbits/sec  4.634 ms  49/402 (12%)  
[  8] 244.00-245.00 sec   338 KBytes  2.77 Mbits/sec  2.989 ms  167/414 (40%)  
[  8] 245.00-246.00 sec   528 KBytes  4.32 Mbits/sec  2.812 ms  93/479 (19%)  
[  8] 246.00-247.00 sec   440 KBytes  3.61 Mbits/sec  2.175 ms  169/491 (34%)  
[  8] 247.00-248.00 sec   556 KBytes  4.56 Mbits/sec  1.920 ms  34/441 (7.7%)  
[  8] 248.00-249.00 sec   592 KBytes  4.85 Mbits/sec  1.824 ms  15/448 (3.3%)  
[  8] 249.00-250.00 sec   562 KBytes  4.60 Mbits/sec  2.080 ms  24/435 (5.5%)  
[  8] 250.00-251.00 sec   469 KBytes  3.85 Mbits/sec  2.346 ms  110/453 (24%)  
[  8] 251.00-252.00 sec   544 KBytes  4.45 Mbits/sec  1.144 ms  55/453 (12%)  
[  8] 252.00-253.00 sec   593 KBytes  4.86 Mbits/sec  2.285 ms  14/448 (3.1%)  
[  8] 253.00-254.00 sec   588 KBytes  4.82 Mbits/sec  2.442 ms  4/434 (0.92%)  
[  8] 254.00-255.00 sec   584 KBytes  4.76 Mbits/sec  2.351 ms  32/459 (7%)  
[  8] 255.00-256.00 sec   591 KBytes  4.86 Mbits/sec  2.446 ms  13/445 (2.9%)  
[  8] 256.00-257.00 sec   526 KBytes  4.31 Mbits/sec  2.947 ms  58/443 (13%)  
[  8] 257.00-258.00 sec   573 KBytes  4.69 Mbits/sec  2.381 ms  24/443 (5.4%)  
[  8] 258.00-259.00 sec   537 KBytes  4.40 Mbits/sec  0.892 ms  48/441 (11%)  
[  8] 259.00-260.00 sec   551 KBytes  4.51 Mbits/sec  3.247 ms  51/454 (11%)  
[  8] 260.00-261.00 sec   504 KBytes  4.13 Mbits/sec  2.074 ms  79/448 (18%)  
[  8] 261.00-262.00 sec   561 KBytes  4.59 Mbits/sec  1.586 ms  35/445 (7.9%)  
[  8] 262.00-263.00 sec   525 KBytes  4.30 Mbits/sec  1.358 ms  70/454 (15%)  
[  8] 263.00-264.00 sec   510 KBytes  4.18 Mbits/sec  3.471 ms  67/440 (15%)  
[  8] 264.00-265.01 sec   407 KBytes  3.32 Mbits/sec  3.860 ms  144/442 (33%)  
[  8] 265.01-266.00 sec   388 KBytes  3.20 Mbits/sec  5.176 ms  131/415 (32%)  
[  8] 266.00-267.00 sec   366 KBytes  3.00 Mbits/sec  4.449 ms  69/337 (20%)  
[  8] 267.00-268.00 sec   518 KBytes  4.24 Mbits/sec  2.706 ms  185/564 (33%)  
[  8] 268.00-269.00 sec   540 KBytes  4.42 Mbits/sec  4.319 ms  71/466 (15%)  
[  8] 269.00-270.00 sec   413 KBytes  3.38 Mbits/sec  3.780 ms  34/336 (10%)  
[  8] 270.00-271.00 sec   340 KBytes  2.79 Mbits/sec  3.993 ms  60/309 (19%)  
[  8] 271.00-272.00 sec   402 KBytes  3.29 Mbits/sec  2.453 ms  402/696 (58%)  
[  8] 272.00-273.00 sec   403 KBytes  3.30 Mbits/sec  3.910 ms  57/352 (16%)  
[  8] 273.00-274.00 sec   427 KBytes  3.50 Mbits/sec  3.955 ms  156/468 (33%)  
[  8] 274.00-275.00 sec   468 KBytes  3.83 Mbits/sec  3.521 ms  176/518 (34%)  
[  8] 275.00-276.00 sec   432 KBytes  3.54 Mbits/sec  4.578 ms  34/350 (9.7%)  
[  8] 276.00-277.00 sec   473 KBytes  3.88 Mbits/sec  6.403 ms  107/453 (24%)  
[  8] 277.00-278.00 sec   403 KBytes  3.30 Mbits/sec  1.626 ms  213/508 (42%)  
[  8] 278.00-279.00 sec   496 KBytes  4.07 Mbits/sec  1.463 ms  122/485 (25%)  
[  8] 279.00-280.00 sec   410 KBytes  3.35 Mbits/sec  7.256 ms  86/386 (22%)  
[  8] 280.00-281.00 sec   238 KBytes  1.95 Mbits/sec  7.131 ms  59/233 (25%)  
[  8] 281.00-282.00 sec   154 KBytes  1.27 Mbits/sec  8.460 ms  36/149 (24%)  
[  8] 282.00-283.01 sec   201 KBytes  1.62 Mbits/sec  6.311 ms  248/395 (63%)  
[  8] 283.01-284.00 sec   258 KBytes  2.14 Mbits/sec  10.786 ms  479/668 (72%)  
[  8] 284.00-285.00 sec   261 KBytes  2.15 Mbits/sec  4.996 ms  350/541 (65%)  
[  8] 285.00-286.00 sec   459 KBytes  3.77 Mbits/sec  5.071 ms  352/688 (51%)  
[  8] 286.00-287.00 sec   466 KBytes  3.82 Mbits/sec  3.264 ms  152/493 (31%)  
[  8] 287.00-288.00 sec   530 KBytes  4.35 Mbits/sec  2.757 ms  73/461 (16%)  
[  8] 288.00-289.00 sec   373 KBytes  3.06 Mbits/sec  3.783 ms  170/443 (38%)  
[  8] 289.00-290.00 sec   444 KBytes  3.64 Mbits/sec  3.318 ms  128/453 (28%)  
[  8] 290.00-291.00 sec   485 KBytes  3.98 Mbits/sec  3.720 ms  90/445 (20%)  
[  8] 291.00-292.00 sec   301 KBytes  2.46 Mbits/sec  3.631 ms  213/433 (49%)  
[  8] 292.00-293.00 sec   410 KBytes  3.36 Mbits/sec  6.009 ms  109/409 (27%)  
[  8] 293.00-294.00 sec   454 KBytes  3.72 Mbits/sec  3.333 ms  151/483 (31%)  
[  8] 294.00-295.00 sec   491 KBytes  4.02 Mbits/sec  3.538 ms  87/446 (20%)  
[  8] 295.00-296.00 sec   446 KBytes  3.65 Mbits/sec  2.830 ms  138/464 (30%)  
[  8] 296.00-297.00 sec   562 KBytes  4.60 Mbits/sec  2.153 ms  37/448 (8.3%)  
[  8] 297.00-298.00 sec   489 KBytes  4.01 Mbits/sec  3.402 ms  86/444 (19%)  
[  8] 298.00-299.00 sec   416 KBytes  3.40 Mbits/sec  2.991 ms  91/395 (23%)  
[  8] 299.00-300.00 sec   381 KBytes  3.12 Mbits/sec  3.096 ms  209/488 (43%)  
[  8] 300.00-301.00 sec   446 KBytes  3.65 Mbits/sec  3.213 ms  26/352 (7.4%)  
[  8] 301.00-302.00 sec   530 KBytes  4.35 Mbits/sec  2.850 ms  161/549 (29%)  
[  8] 302.00-303.00 sec   463 KBytes  3.80 Mbits/sec  4.208 ms  106/445 (24%)  
[  8] 303.00-304.00 sec   525 KBytes  4.30 Mbits/sec  1.757 ms  68/452 (15%)  
[  8] 304.00-305.00 sec   591 KBytes  4.84 Mbits/sec  1.844 ms  17/449 (3.8%)  
[  8] 305.00-306.00 sec   529 KBytes  4.33 Mbits/sec  4.886 ms  26/413 (6.3%)  
[  8] 306.00-307.00 sec   380 KBytes  3.11 Mbits/sec  2.051 ms  183/461 (40%)  
[  8] 307.00-308.00 sec   561 KBytes  4.60 Mbits/sec  2.729 ms  39/449 (8.7%)  
[  8] 308.00-309.00 sec   470 KBytes  3.85 Mbits/sec  3.619 ms  68/412 (17%)  
[  8] 309.00-310.00 sec   396 KBytes  3.25 Mbits/sec  6.911 ms  111/401 (28%)  
[  8] 310.00-311.00 sec   327 KBytes  2.68 Mbits/sec  6.609 ms  195/434 (45%)  
[  8] 311.00-312.00 sec   543 KBytes  4.45 Mbits/sec  2.747 ms  93/490 (19%)  
[  8] 312.00-313.00 sec   310 KBytes  2.54 Mbits/sec  3.061 ms  97/324 (30%)  
[  8] 313.00-314.00 sec   387 KBytes  3.17 Mbits/sec  5.160 ms  145/428 (34%)  
[  8] 314.00-315.00 sec   349 KBytes  2.86 Mbits/sec  4.136 ms  193/448 (43%)  
[  8] 315.00-316.00 sec   384 KBytes  3.15 Mbits/sec  4.789 ms  115/396 (29%)  
[  8] 316.00-317.00 sec   529 KBytes  4.33 Mbits/sec  2.529 ms  309/696 (44%)  
[  8] 317.00-318.00 sec   386 KBytes  3.16 Mbits/sec  3.093 ms  25/307 (8.1%)  
[  8] 318.00-319.00 sec   546 KBytes  4.47 Mbits/sec  3.091 ms  73/472 (15%)  
[  8] 319.00-320.00 sec   343 KBytes  2.81 Mbits/sec  4.229 ms  221/472 (47%)  
[  8] 320.00-321.00 sec   507 KBytes  4.16 Mbits/sec  2.421 ms  164/535 (31%)  
[  8] 321.00-322.00 sec   550 KBytes  4.50 Mbits/sec  2.452 ms  31/433 (7.2%)  
[  8] 322.00-323.00 sec   431 KBytes  3.53 Mbits/sec  3.810 ms  147/462 (32%)  
[  8] 323.00-324.00 sec   543 KBytes  4.44 Mbits/sec  3.028 ms  42/439 (9.6%)  
[  8] 324.00-325.01 sec   392 KBytes  3.20 Mbits/sec  3.307 ms  140/427 (33%)  
[  8] 325.01-326.00 sec   275 KBytes  2.27 Mbits/sec  4.883 ms  4/205 (2%)  
[  8] 326.00-327.00 sec   364 KBytes  2.98 Mbits/sec  5.118 ms  186/452 (41%)  
[  8] 327.00-328.00 sec   339 KBytes  2.77 Mbits/sec  5.379 ms  239/487 (49%)  
[  8] 328.00-329.00 sec   440 KBytes  3.62 Mbits/sec  5.794 ms  243/565 (43%)  
[  8] 329.00-330.00 sec   562 KBytes  4.60 Mbits/sec  2.570 ms  138/549 (25%)  
[  8] 330.00-331.00 sec   522 KBytes  4.28 Mbits/sec  1.910 ms  27/409 (6.6%)  
[  8] 331.00-332.00 sec   623 KBytes  5.11 Mbits/sec  2.317 ms  28/484 (5.8%)  
[  8] 332.00-333.00 sec   488 KBytes  4.00 Mbits/sec  3.488 ms  40/397 (10%)  
[  8] 333.00-334.00 sec   290 KBytes  2.37 Mbits/sec  3.313 ms  81/293 (28%)  
[  8] 334.00-335.00 sec   343 KBytes  2.81 Mbits/sec  4.370 ms  188/439 (43%)  
[  8] 335.00-336.00 sec   271 KBytes  2.22 Mbits/sec  6.702 ms  155/353 (44%)  
[  8] 336.00-337.00 sec   314 KBytes  2.58 Mbits/sec  5.068 ms  45/275 (16%)  
[  8] 337.00-338.00 sec   313 KBytes  2.56 Mbits/sec  5.122 ms  152/381 (40%)  
[  8] 338.00-339.00 sec   319 KBytes  2.61 Mbits/sec  6.307 ms  306/539 (57%)  
[  8] 339.00-340.00 sec   331 KBytes  2.71 Mbits/sec  3.453 ms  210/452 (46%)  
[  8] 340.00-340.50 sec   246 KBytes  4.04 Mbits/sec  5.908 ms  223/403 (55%)  
- - - - - - - - - - - - - - - - - - - - - - - - -
[ ID] Interval           Transfer     Bitrate         Jitter    Lost/Total Datagrams
[  8]   0.00-340.50 sec   146 MBytes  3.61 Mbits/sec  5.908 ms  42093/151731 (28%)  receiver
