-----------------------------------------------------------
Server listening on 5201 (test #1)
-----------------------------------------------------------
Accepted connection from 10.0.0.20, port 59184
[  8] local 10.0.0.52 port 5201 connected to 10.0.0.20 port 42452
[ ID] Interval           Transfer     Bitrate         Jitter    Lost/Total Datagrams
[  8]   0.00-1.00   sec   211 KBytes  1.72 Mbits/sec  5.479 ms  208/362 (57%)  
[  8]   1.00-2.00   sec   123 KBytes  1.01 Mbits/sec  22.956 ms  155/245 (63%)  
[  8]   2.00-3.00   sec   122 KBytes   994 Kbits/sec  10.835 ms  534/623 (86%)  
[  8]   3.00-4.00   sec  68.4 KBytes   562 Kbits/sec  16.005 ms  178/228 (78%)  
[  8]   4.00-5.00   sec  58.8 KBytes   482 Kbits/sec  15.984 ms  330/373 (88%)  
[  8]   5.00-6.00   sec  20.5 KBytes   168 Kbits/sec  37.771 ms  98/113 (87%)  
[  8]   6.00-7.00   sec  12.3 KBytes   101 Kbits/sec  56.773 ms  411/420 (98%)  
[  8]   7.00-8.00   sec  52.0 KBytes   426 Kbits/sec  37.225 ms  876/914 (96%)  
[  8]   8.00-9.00   sec  52.0 KBytes   426 Kbits/sec  22.874 ms  401/439 (91%)  
[  8]   9.00-10.00  sec  34.2 KBytes   280 Kbits/sec  29.556 ms  445/470 (95%)  
[  8]  10.00-11.00  sec  60.2 KBytes   491 Kbits/sec  17.232 ms  432/476 (91%)  
[  8]  11.00-12.00  sec  60.2 KBytes   494 Kbits/sec  10.331 ms  383/427 (90%)  
[  8]  12.00-13.00  sec  71.1 KBytes   582 Kbits/sec  13.035 ms  413/465 (89%)  
[  8]  13.00-14.00  sec  75.2 KBytes   616 Kbits/sec  12.887 ms  383/438 (87%)  
[  8]  14.00-15.00  sec  68.4 KBytes   560 Kbits/sec  15.517 ms  314/364 (86%)  
[  8]  15.00-16.00  sec  58.8 KBytes   482 Kbits/sec  14.959 ms  232/275 (84%)  
[  8]  16.00-17.00  sec  76.6 KBytes   627 Kbits/sec  21.691 ms  533/589 (90%)  
[  8]  17.00-18.00  sec  35.5 KBytes   291 Kbits/sec  29.166 ms  127/153 (83%)  
[  8]  18.00-19.00  sec  67.0 KBytes   549 Kbits/sec  37.854 ms  696/745 (93%)  
[  8]  19.00-20.00  sec   103 KBytes   839 Kbits/sec  10.820 ms  485/560 (87%)  
[  8]  20.00-21.00  sec  68.4 KBytes   561 Kbits/sec  16.976 ms  381/431 (88%)  
[  8]  21.00-22.00  sec  35.5 KBytes   291 Kbits/sec  19.712 ms  355/381 (93%)  
[  8]  22.00-23.00  sec  38.3 KBytes   314 Kbits/sec  40.292 ms  542/570 (95%)  
[  8]  23.00-24.00  sec   101 KBytes   829 Kbits/sec  11.577 ms  422/496 (85%)  
[  8]  24.00-25.00  sec   154 KBytes  1.27 Mbits/sec  7.227 ms  264/377 (70%)  
[  8]  25.00-26.00  sec  77.9 KBytes   639 Kbits/sec  22.853 ms  259/316 (82%)  
[  8]  26.00-27.00  sec  21.9 KBytes   179 Kbits/sec  43.334 ms  465/481 (97%)  
[  8]  27.00-28.00  sec  34.2 KBytes   280 Kbits/sec  34.227 ms  552/577 (96%)  
[  8]  28.00-29.00  sec  49.2 KBytes   403 Kbits/sec  20.290 ms  274/310 (88%)  
[  8]  29.00-30.01  sec  83.4 KBytes   680 Kbits/sec  9.597 ms  611/672 (91%)  
[  8]  30.01-30.09  sec  1.37 KBytes   132 Kbits/sec  11.444 ms  45/46 (98%)  
- - - - - - - - - - - - - - - - - - - - - - - - -
[ ID] Interval           Transfer     Bitrate         Jitter    Lost/Total Datagrams
[  8]   0.00-30.09  sec  2.05 MBytes   570 Kbits/sec  11.444 ms  11804/13336 (89%)  receiver
