-----------------------------------------------------------
Server listening on 5201 (test #1)
-----------------------------------------------------------
Accepted connection from 10.0.0.45, port 50416
[  8] local 10.0.0.109 port 5201 connected to 10.0.0.45 port 60822
[ ID] Interval           Transfer     Bitrate         Jitter    Lost/Total Datagrams
[  8]   0.00-1.00   sec  82.0 KBytes   672 Kbits/sec  1.202 ms  6/66 (9.1%)  
[  8]   1.00-2.00   sec  72.5 KBytes   593 Kbits/sec  4.968 ms  56/109 (51%)  
[  8]   2.00-3.00   sec  65.6 KBytes   538 Kbits/sec  11.570 ms  27/75 (36%)  
[  8]   3.00-4.00   sec  26.0 KBytes   213 Kbits/sec  17.702 ms  57/76 (75%)  
[  8]   4.00-5.00   sec  32.8 KBytes   269 Kbits/sec  17.284 ms  55/79 (70%)  
[  8]   5.00-6.00   sec  34.2 KBytes   280 Kbits/sec  22.274 ms  56/81 (69%)  
[  8]   6.00-7.00   sec  72.5 KBytes   594 Kbits/sec  11.288 ms  4/57 (7%)  
[  8]   7.00-8.00   sec  95.7 KBytes   784 Kbits/sec  45.849 ms  84/154 (55%)  
[  8]   8.00-9.00   sec  31.4 KBytes   258 Kbits/sec  31.528 ms  60/83 (72%)  
[  8]   9.00-10.00  sec  30.1 KBytes   246 Kbits/sec  27.616 ms  56/78 (72%)  
[  8]  10.00-11.00  sec  32.8 KBytes   269 Kbits/sec  27.006 ms  62/86 (72%)  
[  8]  11.00-12.00  sec  16.4 KBytes   134 Kbits/sec  28.935 ms  64/76 (84%)  
[  8]  12.00-13.00  sec  16.4 KBytes   135 Kbits/sec  29.247 ms  81/93 (87%)  
[  8]  13.00-14.00  sec  60.2 KBytes   493 Kbits/sec  11.848 ms  59/103 (57%)  
[  8]  14.00-15.00  sec  36.9 KBytes   302 Kbits/sec  13.191 ms  59/86 (69%)  
[  8]  15.00-16.00  sec  38.3 KBytes   314 Kbits/sec  11.498 ms  68/96 (71%)  
[  8]  16.00-17.01  sec  31.4 KBytes   255 Kbits/sec  13.928 ms  74/97 (76%)  
[  8]  17.01-18.00  sec  35.5 KBytes   294 Kbits/sec  11.050 ms  62/88 (70%)  
[  8]  18.00-19.00  sec  13.7 KBytes   112 Kbits/sec  48.813 ms  1/11 (9.1%)  
[  8]  19.00-20.01  sec  15.0 KBytes   123 Kbits/sec  77.580 ms  141/152 (93%)  
[  8]  20.01-21.00  sec  42.4 KBytes   349 Kbits/sec  18.965 ms  79/110 (72%)  
[  8]  21.00-22.00  sec  38.3 KBytes   313 Kbits/sec  13.947 ms  39/67 (58%)  
[  8]  22.00-23.00  sec  56.1 KBytes   459 Kbits/sec  15.365 ms  44/85 (52%)  
[  8]  23.00-24.00  sec  36.9 KBytes   302 Kbits/sec  20.014 ms  83/110 (75%)  
[  8]  24.00-25.00  sec  9.57 KBytes  78.4 Kbits/sec  31.305 ms  78/85 (92%)  
[  8]  25.00-26.03  sec  30.1 KBytes   240 Kbits/sec  22.625 ms  49/71 (69%)  
[  8]  26.03-27.00  sec  26.0 KBytes   219 Kbits/sec  24.593 ms  63/82 (77%)  
[  8]  27.00-28.02  sec  53.3 KBytes   428 Kbits/sec  19.721 ms  66/105 (63%)  
[  8]  28.02-29.00  sec  47.9 KBytes   401 Kbits/sec  13.528 ms  70/105 (67%)  
[  8]  29.00-30.00  sec  23.2 KBytes   190 Kbits/sec  20.761 ms  86/103 (83%)  
[  8]  30.00-30.31  sec  5.47 KBytes   147 Kbits/sec  20.686 ms  5/9 (56%)  
- - - - - - - - - - - - - - - - - - - - - - - - -
[ ID] Interval           Transfer     Bitrate         Jitter    Lost/Total Datagrams
[  8]   0.00-30.31  sec  1.18 MBytes   327 Kbits/sec  20.686 ms  1794/2678 (67%)  receiver
