-----------------------------------------------------------
Server listening on 5201 (test #1)
-----------------------------------------------------------
Accepted connection from 10.0.0.39, port 60526
[  8] local 10.0.0.103 port 5201 connected to 10.0.0.39 port 55072
[ ID] Interval           Transfer     Bitrate         Jitter    Lost/Total Datagrams
[  8]   0.00-1.00   sec   353 KBytes  2.89 Mbits/sec  14.271 ms  151/409 (37%)  
[  8]   1.00-2.00   sec   368 KBytes  3.01 Mbits/sec  1.653 ms  208/477 (44%)  
[  8]   2.00-3.00   sec   291 KBytes  2.39 Mbits/sec  8.582 ms  147/360 (41%)  
[  8]   3.00-4.00   sec   138 KBytes  1.13 Mbits/sec  8.199 ms  302/403 (75%)  
[  8]   4.00-5.00   sec   131 KBytes  1.08 Mbits/sec  6.324 ms  263/359 (73%)  
[  8]   5.00-6.00   sec   134 KBytes  1.10 Mbits/sec  11.626 ms  285/383 (74%)  
[  8]   6.00-7.00   sec   107 KBytes   873 Kbits/sec  12.596 ms  118/196 (60%)  
[  8]   7.00-8.00   sec   103 KBytes   840 Kbits/sec  43.535 ms  785/860 (91%)  
[  8]   8.00-9.00   sec   150 KBytes  1.23 Mbits/sec  12.358 ms  320/430 (74%)  
[  8]   9.00-10.00  sec   119 KBytes   972 Kbits/sec  9.973 ms  248/335 (74%)  
[  8]  10.00-11.00  sec   107 KBytes   875 Kbits/sec  12.429 ms  402/480 (84%)  
[  8]  11.00-12.00  sec  86.1 KBytes   702 Kbits/sec  15.302 ms  327/390 (84%)  
[  8]  12.00-13.00  sec  91.6 KBytes   754 Kbits/sec  11.235 ms  411/478 (86%)  
[  8]  13.00-14.01  sec   239 KBytes  1.95 Mbits/sec  7.637 ms  331/506 (65%)  
[  8]  14.01-15.00  sec   223 KBytes  1.84 Mbits/sec  8.123 ms  287/450 (64%)  
[  8]  15.00-16.00  sec   153 KBytes  1.25 Mbits/sec  12.317 ms  354/466 (76%)  
[  8]  16.00-17.00  sec   135 KBytes  1.11 Mbits/sec  7.595 ms  382/481 (79%)  
[  8]  17.00-18.00  sec   170 KBytes  1.39 Mbits/sec  4.445 ms  292/416 (70%)  
[  8]  18.00-19.00  sec  47.9 KBytes   392 Kbits/sec  27.969 ms  23/58 (40%)  
[  8]  19.00-20.00  sec  90.2 KBytes   739 Kbits/sec  13.735 ms  800/866 (92%)  
[  8]  20.00-21.00  sec   149 KBytes  1.22 Mbits/sec  9.093 ms  352/461 (76%)  
[  8]  21.00-22.00  sec   137 KBytes  1.12 Mbits/sec  9.707 ms  180/280 (64%)  
[  8]  22.00-23.00  sec   120 KBytes   986 Kbits/sec  15.519 ms  322/410 (79%)  
[  8]  23.00-24.00  sec   115 KBytes   940 Kbits/sec  8.737 ms  531/615 (86%)  
[  8]  24.00-25.00  sec  73.8 KBytes   605 Kbits/sec  9.597 ms  404/458 (88%)  
[  8]  25.00-26.00  sec   111 KBytes   907 Kbits/sec  6.390 ms  325/406 (80%)  
[  8]  26.00-27.00  sec  98.4 KBytes   806 Kbits/sec  16.177 ms  165/237 (70%)  
[  8]  27.00-28.00  sec  86.1 KBytes   706 Kbits/sec  16.482 ms  490/553 (89%)  
[  8]  28.00-29.01  sec   164 KBytes  1.34 Mbits/sec  10.760 ms  453/573 (79%)  
[  8]  29.01-30.00  sec  76.6 KBytes   631 Kbits/sec  11.983 ms  446/502 (89%)  
[  8]  30.00-30.32  sec  16.4 KBytes   425 Kbits/sec  17.393 ms  71/83 (86%)  
- - - - - - - - - - - - - - - - - - - - - - - - -
[ ID] Interval           Transfer     Bitrate         Jitter    Lost/Total Datagrams
[  8]   0.00-30.32  sec  4.28 MBytes  1.18 Mbits/sec  17.393 ms  10175/13381 (76%)  receiver
