-----------------------------------------------------------
Server listening on 5201 (test #1)
-----------------------------------------------------------
Accepted connection from 10.0.0.84, port 55792
[  8] local 10.0.0.116 port 5201 connected to 10.0.0.84 port 42617
[ ID] Interval           Transfer     Bitrate         Jitter    Lost/Total Datagrams
[  8]   0.00-1.00   sec   358 KBytes  2.93 Mbits/sec  3.049 ms  119/381 (31%)  
[  8]   1.00-2.00   sec   271 KBytes  2.22 Mbits/sec  4.257 ms  262/460 (57%)  
[  8]   2.00-3.00   sec   399 KBytes  3.27 Mbits/sec  3.788 ms  119/411 (29%)  
[  8]   3.00-4.00   sec   275 KBytes  2.25 Mbits/sec  6.359 ms  156/357 (44%)  
[  8]   4.00-5.00   sec   264 KBytes  2.17 Mbits/sec  7.623 ms  336/529 (64%)  
[  8]   5.00-6.00   sec   191 KBytes  1.57 Mbits/sec  7.111 ms  271/411 (66%)  
[  8]   6.00-7.00   sec   129 KBytes  1.05 Mbits/sec  19.366 ms  343/437 (78%)  
[  8]   7.00-8.00   sec   220 KBytes  1.80 Mbits/sec  2.398 ms  246/407 (60%)  
[  8]   8.00-9.00   sec   160 KBytes  1.31 Mbits/sec  6.500 ms  325/442 (74%)  
[  8]   9.00-10.00  sec   206 KBytes  1.69 Mbits/sec  5.729 ms  320/471 (68%)  
[  8]  10.00-11.00  sec   141 KBytes  1.15 Mbits/sec  9.798 ms  401/504 (80%)  
[  8]  11.00-12.00  sec   238 KBytes  1.95 Mbits/sec  4.796 ms  248/422 (59%)  
[  8]  12.00-13.00  sec   267 KBytes  2.18 Mbits/sec  4.913 ms  147/342 (43%)  
[  8]  13.00-14.00  sec   178 KBytes  1.46 Mbits/sec  8.099 ms  185/315 (59%)  
[  8]  14.00-15.00  sec   189 KBytes  1.55 Mbits/sec  8.991 ms  304/442 (69%)  
[  8]  15.00-16.00  sec   163 KBytes  1.33 Mbits/sec  12.712 ms  616/735 (84%)  
[  8]  16.00-17.00  sec   174 KBytes  1.42 Mbits/sec  8.745 ms  222/349 (64%)  
[  8]  17.00-18.00  sec   247 KBytes  2.02 Mbits/sec  6.643 ms  345/526 (66%)  
[  8]  18.00-19.00  sec   309 KBytes  2.54 Mbits/sec  4.714 ms  213/439 (49%)  
[  8]  19.00-20.00  sec   204 KBytes  1.67 Mbits/sec  7.431 ms  318/467 (68%)  
[  8]  20.00-21.00  sec   275 KBytes  2.25 Mbits/sec  4.846 ms  253/454 (56%)  
[  8]  21.00-22.00  sec   372 KBytes  3.05 Mbits/sec  3.497 ms  153/425 (36%)  
[  8]  22.00-23.00  sec   268 KBytes  2.20 Mbits/sec  6.399 ms  207/403 (51%)  
[  8]  23.00-24.00  sec   324 KBytes  2.65 Mbits/sec  5.523 ms  297/534 (56%)  
[  8]  24.00-25.00  sec   316 KBytes  2.58 Mbits/sec  3.964 ms  196/427 (46%)  
[  8]  25.00-26.00  sec   175 KBytes  1.43 Mbits/sec  8.666 ms  58/186 (31%)  
[  8]  26.00-27.00  sec   413 KBytes  3.39 Mbits/sec  5.565 ms  416/718 (58%)  
[  8]  27.00-28.00  sec   260 KBytes  2.13 Mbits/sec  5.640 ms  242/432 (56%)  
[  8]  28.00-29.00  sec   216 KBytes  1.77 Mbits/sec  4.317 ms  283/441 (64%)  
[  8]  29.00-30.00  sec   384 KBytes  3.15 Mbits/sec  2.193 ms  218/499 (44%)  
[  8]  30.00-30.06  sec  36.9 KBytes  5.17 Mbits/sec  2.024 ms  0/27 (0%)  
- - - - - - - - - - - - - - - - - - - - - - - - -
[ ID] Interval           Transfer     Bitrate         Jitter    Lost/Total Datagrams
[  8]   0.00-30.06  sec  7.44 MBytes  2.08 Mbits/sec  2.024 ms  7819/13393 (58%)  receiver
