-----------------------------------------------------------
Server listening on 5201 (test #1)
-----------------------------------------------------------
Accepted connection from 10.0.0.47, port 55032
[  8] local 10.0.0.111 port 5201 connected to 10.0.0.47 port 44671
[ ID] Interval           Transfer     Bitrate         Jitter    Lost/Total Datagrams
[  8]   0.00-1.00   sec   340 KBytes  2.79 Mbits/sec  8.861 ms  112/361 (31%)  
[  8]   1.00-2.00   sec   358 KBytes  2.93 Mbits/sec  1.678 ms  261/523 (50%)  
[  8]   2.00-3.00   sec   272 KBytes  2.23 Mbits/sec  8.501 ms  159/358 (44%)  
[  8]   3.00-4.00   sec   126 KBytes  1.03 Mbits/sec  11.427 ms  314/406 (77%)  
[  8]   4.00-5.00   sec   130 KBytes  1.06 Mbits/sec  5.060 ms  266/361 (74%)  
[  8]   5.00-6.00   sec   139 KBytes  1.14 Mbits/sec  11.415 ms  271/373 (73%)  
[  8]   6.00-7.00   sec   104 KBytes   851 Kbits/sec  10.787 ms  123/199 (62%)  
[  8]   7.00-8.00   sec  99.8 KBytes   818 Kbits/sec  41.158 ms  810/883 (92%)  
[  8]   8.00-9.00   sec   139 KBytes  1.14 Mbits/sec  10.351 ms  306/408 (75%)  
[  8]   9.00-10.00  sec   116 KBytes   952 Kbits/sec  8.441 ms  254/339 (75%)  
[  8]  10.00-11.00  sec  97.1 KBytes   795 Kbits/sec  13.247 ms  411/482 (85%)  
[  8]  11.00-12.00  sec  76.6 KBytes   626 Kbits/sec  13.184 ms  329/385 (85%)  
[  8]  12.00-13.00  sec  76.6 KBytes   628 Kbits/sec  17.697 ms  411/467 (88%)  
[  8]  13.00-14.00  sec   219 KBytes  1.79 Mbits/sec  5.165 ms  354/514 (69%)  
[  8]  14.00-15.00  sec   219 KBytes  1.79 Mbits/sec  3.787 ms  292/452 (65%)  
[  8]  15.00-16.00  sec   174 KBytes  1.42 Mbits/sec  7.029 ms  341/468 (73%)  
[  8]  16.00-17.00  sec   118 KBytes   963 Kbits/sec  8.659 ms  395/481 (82%)  
[  8]  17.00-18.00  sec   164 KBytes  1.34 Mbits/sec  5.779 ms  291/411 (71%)  
[  8]  18.00-19.00  sec  49.2 KBytes   403 Kbits/sec  25.279 ms  24/60 (40%)  
[  8]  19.00-20.00  sec  65.6 KBytes   537 Kbits/sec  18.139 ms  826/874 (95%)  
[  8]  20.00-21.00  sec   160 KBytes  1.31 Mbits/sec  5.616 ms  351/468 (75%)  
[  8]  21.00-22.00  sec   129 KBytes  1.05 Mbits/sec  9.085 ms  173/267 (65%)  
[  8]  22.00-23.00  sec   116 KBytes   952 Kbits/sec  15.184 ms  338/423 (80%)  
[  8]  23.00-24.00  sec   123 KBytes  1.01 Mbits/sec  6.074 ms  529/619 (85%)  
[  8]  24.00-25.00  sec  60.2 KBytes   493 Kbits/sec  10.542 ms  403/447 (90%)  
[  8]  25.00-26.00  sec  86.1 KBytes   706 Kbits/sec  10.419 ms  336/399 (84%)  
[  8]  26.00-27.00  sec  97.1 KBytes   794 Kbits/sec  15.734 ms  185/256 (72%)  
[  8]  27.00-28.00  sec  94.3 KBytes   773 Kbits/sec  13.525 ms  451/520 (87%)  
[  8]  28.00-29.00  sec   180 KBytes  1.48 Mbits/sec  8.581 ms  464/596 (78%)  
[  8]  29.00-30.00  sec  71.1 KBytes   582 Kbits/sec  12.490 ms  445/497 (90%)  
[  8]  30.00-30.30  sec  13.7 KBytes   374 Kbits/sec  16.481 ms  69/79 (87%)  
- - - - - - - - - - - - - - - - - - - - - - - - -
[ ID] Interval           Transfer     Bitrate         Jitter    Lost/Total Datagrams
[  8]   0.00-30.30  sec  4.11 MBytes  1.14 Mbits/sec  16.481 ms  10294/13376 (77%)  receiver
