-----------------------------------------------------------
Server listening on 5201 (test #1)
-----------------------------------------------------------
Accepted connection from 10.0.0.81, port 33586
[  8] local 10.0.0.113 port 5201 connected to 10.0.0.81 port 34014
[ ID] Interval           Transfer     Bitrate         Jitter    Lost/Total Datagrams
[  8]   0.00-1.00   sec   120 KBytes   986 Kbits/sec  1.208 ms  1/89 (1.1%)  
[  8]   1.00-2.00   sec   123 KBytes  1.01 Mbits/sec  3.610 ms  0/90 (0%)  
[  8]   2.00-3.00   sec   120 KBytes   986 Kbits/sec  2.904 ms  0/88 (0%)  
[  8]   3.00-4.00   sec   123 KBytes  1.01 Mbits/sec  2.948 ms  0/90 (0%)  
[  8]   4.00-5.00   sec   122 KBytes   997 Kbits/sec  2.731 ms  0/89 (0%)  
[  8]   5.00-6.00   sec   122 KBytes   995 Kbits/sec  4.550 ms  1/90 (1.1%)  
[  8]   6.00-7.00   sec   118 KBytes   965 Kbits/sec  6.110 ms  3/89 (3.4%)  
[  8]   7.00-8.00   sec   109 KBytes   896 Kbits/sec  3.723 ms  1/81 (1.2%)  
[  8]   8.00-9.00   sec   119 KBytes   974 Kbits/sec  2.536 ms  10/97 (10%)  
[  8]   9.00-10.00  sec   122 KBytes   997 Kbits/sec  2.050 ms  1/90 (1.1%)  
[  8]  10.00-11.00  sec   123 KBytes  1.01 Mbits/sec  2.745 ms  0/90 (0%)  
[  8]  11.00-12.00  sec   120 KBytes   986 Kbits/sec  4.932 ms  0/88 (0%)  
[  8]  12.00-13.00  sec   120 KBytes   986 Kbits/sec  3.342 ms  2/90 (2.2%)  
[  8]  13.00-14.00  sec   122 KBytes   997 Kbits/sec  2.733 ms  0/89 (0%)  
[  8]  14.00-15.00  sec   112 KBytes   919 Kbits/sec  3.870 ms  2/84 (2.4%)  
[  8]  15.00-16.00  sec   129 KBytes  1.05 Mbits/sec  3.745 ms  1/95 (1.1%)  
[  8]  16.00-17.00  sec   122 KBytes   997 Kbits/sec  2.393 ms  0/89 (0%)  
[  8]  17.00-18.00  sec   120 KBytes   986 Kbits/sec  3.136 ms  1/89 (1.1%)  
[  8]  18.00-19.00  sec   119 KBytes   974 Kbits/sec  2.422 ms  2/89 (2.2%)  
[  8]  19.00-20.00  sec   111 KBytes   907 Kbits/sec  9.697 ms  8/89 (9%)  
[  8]  20.00-21.00  sec   123 KBytes  1.01 Mbits/sec  4.428 ms  0/90 (0%)  
[  8]  21.00-22.00  sec   123 KBytes  1.01 Mbits/sec  2.554 ms  0/90 (0%)  
[  8]  22.00-23.00  sec  95.7 KBytes   784 Kbits/sec  4.884 ms  0/70 (0%)  
[  8]  23.00-24.00  sec   144 KBytes  1.18 Mbits/sec  4.585 ms  0/105 (0%)  
[  8]  24.00-25.00  sec   126 KBytes  1.03 Mbits/sec  2.820 ms  0/92 (0%)  
[  8]  25.00-26.00  sec   123 KBytes  1.01 Mbits/sec  2.017 ms  0/90 (0%)  
[  8]  26.00-27.00  sec   122 KBytes   997 Kbits/sec  1.548 ms  0/89 (0%)  
[  8]  27.00-28.00  sec   120 KBytes   986 Kbits/sec  1.639 ms  1/89 (1.1%)  
[  8]  28.00-29.00  sec   122 KBytes   997 Kbits/sec  2.780 ms  0/89 (0%)  
[  8]  29.00-30.00  sec   123 KBytes  1.01 Mbits/sec  2.346 ms  0/90 (0%)  
[  8]  30.00-31.00  sec   122 KBytes   997 Kbits/sec  1.862 ms  0/89 (0%)  
[  8]  31.00-32.00  sec   122 KBytes   997 Kbits/sec  2.890 ms  0/89 (0%)  
[  8]  32.00-33.00  sec   123 KBytes  1.01 Mbits/sec  2.310 ms  0/90 (0%)  
[  8]  33.00-34.00  sec   122 KBytes   996 Kbits/sec  3.024 ms  0/89 (0%)  
[  8]  34.00-35.00  sec   122 KBytes  1000 Kbits/sec  2.714 ms  0/89 (0%)  
[  8]  35.00-36.00  sec   122 KBytes   997 Kbits/sec  2.076 ms  0/89 (0%)  
[  8]  36.00-37.00  sec   123 KBytes  1.01 Mbits/sec  1.264 ms  0/90 (0%)  
[  8]  37.00-38.00  sec   122 KBytes   997 Kbits/sec  1.547 ms  0/89 (0%)  
[  8]  38.00-39.00  sec   122 KBytes   996 Kbits/sec  1.489 ms  0/89 (0%)  
[  8]  39.00-40.00  sec   122 KBytes   997 Kbits/sec  2.378 ms  0/89 (0%)  
[  8]  40.00-40.01  sec  1.37 KBytes  1.38 Mbits/sec  2.873 ms  0/1 (0%)  
- - - - - - - - - - - - - - - - - - - - - - - - -
[ ID] Interval           Transfer     Bitrate         Jitter    Lost/Total Datagrams
[  8]   0.00-40.01  sec  4.72 MBytes   990 Kbits/sec  2.873 ms  34/3572 (0.95%)  receiver
