-----------------------------------------------------------
Server listening on 5201 (test #1)
-----------------------------------------------------------
Accepted connection from 10.0.0.93, port 51848
[  8] local 10.0.0.125 port 5201 connected to 10.0.0.93 port 38701
[ ID] Interval           Transfer     Bitrate         Jitter    Lost/Total Datagrams
[  8]   0.00-1.00   sec   607 KBytes  4.97 Mbits/sec  1.097 ms  1/445 (0.22%)  
[  8]   1.00-2.00   sec   611 KBytes  5.01 Mbits/sec  1.974 ms  0/447 (0%)  
[  8]   2.00-3.00   sec   607 KBytes  4.97 Mbits/sec  2.225 ms  0/444 (0%)  
[  8]   3.00-4.00   sec   611 KBytes  5.01 Mbits/sec  1.587 ms  0/447 (0%)  
[  8]   4.00-5.00   sec   610 KBytes  5.00 Mbits/sec  1.948 ms  0/446 (0%)  
[  8]   5.00-6.00   sec   608 KBytes  4.98 Mbits/sec  2.294 ms  3/448 (0.67%)  
[  8]   6.00-7.00   sec   578 KBytes  4.74 Mbits/sec  2.231 ms  21/444 (4.7%)  
[  8]   7.00-8.00   sec   537 KBytes  4.40 Mbits/sec  1.590 ms  11/404 (2.7%)  
[  8]   8.00-9.00   sec   593 KBytes  4.86 Mbits/sec  1.570 ms  54/488 (11%)  
[  8]   9.00-10.00  sec   607 KBytes  4.97 Mbits/sec  1.796 ms  6/450 (1.3%)  
[  8]  10.00-11.00  sec   610 KBytes  5.00 Mbits/sec  1.801 ms  0/446 (0%)  
[  8]  11.00-12.00  sec   607 KBytes  4.97 Mbits/sec  1.955 ms  0/444 (0%)  
[  8]  12.00-13.00  sec   589 KBytes  4.83 Mbits/sec  0.763 ms  18/449 (4%)  
[  8]  13.00-14.00  sec   608 KBytes  4.98 Mbits/sec  1.931 ms  0/445 (0%)  
[  8]  14.00-15.00  sec   577 KBytes  4.70 Mbits/sec  2.390 ms  7/429 (1.6%)  
[  8]  15.00-16.00  sec   630 KBytes  5.19 Mbits/sec  1.968 ms  3/464 (0.65%)  
[  8]  16.00-17.00  sec   614 KBytes  5.03 Mbits/sec  0.589 ms  0/449 (0%)  
[  8]  17.00-18.00  sec   606 KBytes  4.96 Mbits/sec  1.790 ms  0/443 (0%)  
[  8]  18.00-19.00  sec   596 KBytes  4.88 Mbits/sec  1.527 ms  10/446 (2.2%)  
[  8]  19.00-20.00  sec   548 KBytes  4.49 Mbits/sec  3.260 ms  41/442 (9.3%)  
[  8]  20.00-21.00  sec   612 KBytes  5.02 Mbits/sec  2.263 ms  4/452 (0.88%)  
[  8]  21.00-22.00  sec   612 KBytes  5.02 Mbits/sec  1.785 ms  0/448 (0%)  
[  8]  22.00-23.00  sec   480 KBytes  3.93 Mbits/sec  2.147 ms  0/351 (0%)  
[  8]  23.00-24.00  sec   714 KBytes  5.85 Mbits/sec  2.050 ms  0/522 (0%)  
[  8]  24.00-25.00  sec   637 KBytes  5.22 Mbits/sec  1.800 ms  0/466 (0%)  
[  8]  25.00-26.00  sec   611 KBytes  5.01 Mbits/sec  1.223 ms  0/447 (0%)  
[  8]  26.00-27.00  sec   608 KBytes  4.98 Mbits/sec  0.872 ms  0/445 (0%)  
[  8]  27.00-28.00  sec   603 KBytes  4.94 Mbits/sec  1.059 ms  6/447 (1.3%)  
[  8]  28.00-29.00  sec   608 KBytes  4.98 Mbits/sec  1.831 ms  0/445 (0%)  
[  8]  29.00-30.00  sec   608 KBytes  4.99 Mbits/sec  1.380 ms  0/445 (0%)  
[  8]  30.00-31.00  sec   612 KBytes  5.02 Mbits/sec  1.372 ms  0/448 (0%)  
[  8]  31.00-32.00  sec   612 KBytes  5.02 Mbits/sec  1.731 ms  0/448 (0%)  
[  8]  32.00-33.00  sec   610 KBytes  5.00 Mbits/sec  0.949 ms  0/446 (0%)  
[  8]  33.00-34.00  sec   612 KBytes  5.00 Mbits/sec  2.090 ms  0/448 (0%)  
[  8]  34.00-35.00  sec   610 KBytes  5.01 Mbits/sec  1.352 ms  0/446 (0%)  
[  8]  35.00-36.00  sec   608 KBytes  5.00 Mbits/sec  1.685 ms  0/445 (0%)  
[  8]  36.00-37.00  sec   611 KBytes  5.01 Mbits/sec  1.006 ms  0/447 (0%)  
[  8]  37.00-38.00  sec   611 KBytes  5.00 Mbits/sec  1.750 ms  0/447 (0%)  
[  8]  38.00-39.00  sec   608 KBytes  4.99 Mbits/sec  1.711 ms  0/445 (0%)  
[  8]  39.00-40.00  sec   606 KBytes  4.94 Mbits/sec  1.574 ms  0/443 (0%)  
[  8]  40.00-40.02  sec  5.47 KBytes  3.37 Mbits/sec  1.911 ms  0/4 (0%)  
- - - - - - - - - - - - - - - - - - - - - - - - -
[ ID] Interval           Transfer     Bitrate         Jitter    Lost/Total Datagrams
[  8]   0.00-40.02  sec  23.6 MBytes  4.95 Mbits/sec  1.911 ms  185/17855 (1%)  receiver
