-----------------------------------------------------------
Server listening on 5201 (test #1)
-----------------------------------------------------------
Accepted connection from 10.0.0.37, port 49714
[  8] local 10.0.0.101 port 5201 connected to 10.0.0.37 port 59312
[ ID] Interval           Transfer     Bitrate         Jitter    Lost/Total Datagrams
[  8]   0.00-1.00   sec   591 KBytes  4.84 Mbits/sec  1.379 ms  11/443 (2.5%)  
[  8]   1.00-2.00   sec   610 KBytes  5.00 Mbits/sec  2.428 ms  0/446 (0%)  
[  8]   2.00-3.00   sec   562 KBytes  4.60 Mbits/sec  3.099 ms  33/444 (7.4%)  
[  8]   3.00-4.00   sec   608 KBytes  4.98 Mbits/sec  2.069 ms  2/447 (0.45%)  
[  8]   4.00-5.00   sec   603 KBytes  4.94 Mbits/sec  1.753 ms  0/441 (0%)  
[  8]   5.00-6.00   sec   610 KBytes  5.00 Mbits/sec  1.924 ms  9/455 (2%)  
[  8]   6.00-7.00   sec   510 KBytes  4.18 Mbits/sec  1.710 ms  71/444 (16%)  
[  8]   7.00-8.00   sec   513 KBytes  4.20 Mbits/sec  2.077 ms  22/397 (5.5%)  
[  8]   8.00-9.00   sec   591 KBytes  4.84 Mbits/sec  1.838 ms  64/496 (13%)  
[  8]   9.00-10.00  sec   597 KBytes  4.90 Mbits/sec  2.006 ms  9/446 (2%)  
[  8]  10.00-11.00  sec   612 KBytes  5.02 Mbits/sec  1.567 ms  0/448 (0%)  
[  8]  11.00-12.00  sec   584 KBytes  4.78 Mbits/sec  1.810 ms  18/445 (4%)  
[  8]  12.00-13.00  sec   606 KBytes  4.96 Mbits/sec  1.394 ms  5/448 (1.1%)  
[  8]  13.00-14.00  sec   608 KBytes  4.98 Mbits/sec  1.917 ms  2/447 (0.45%)  
[  8]  14.00-15.00  sec   600 KBytes  4.92 Mbits/sec  2.190 ms  8/447 (1.8%)  
[  8]  15.00-16.00  sec   596 KBytes  4.88 Mbits/sec  2.123 ms  2/438 (0.46%)  
[  8]  16.00-17.00  sec   618 KBytes  5.06 Mbits/sec  1.624 ms  2/454 (0.44%)  
[  8]  17.00-18.00  sec   521 KBytes  4.27 Mbits/sec  5.178 ms  59/440 (13%)  
[  8]  18.00-19.00  sec   600 KBytes  4.92 Mbits/sec  1.949 ms  13/452 (2.9%)  
[  8]  19.00-20.00  sec   528 KBytes  4.32 Mbits/sec  1.609 ms  60/446 (13%)  
[  8]  20.00-21.00  sec   602 KBytes  4.93 Mbits/sec  2.093 ms  4/444 (0.9%)  
[  8]  21.00-22.00  sec   603 KBytes  4.94 Mbits/sec  1.523 ms  8/449 (1.8%)  
[  8]  22.00-23.00  sec   599 KBytes  4.91 Mbits/sec  0.800 ms  9/447 (2%)  
[  8]  23.00-24.00  sec   608 KBytes  4.98 Mbits/sec  1.521 ms  0/445 (0%)  
[  8]  24.00-25.00  sec   607 KBytes  4.97 Mbits/sec  2.000 ms  2/446 (0.45%)  
[  8]  25.00-26.00  sec   612 KBytes  5.02 Mbits/sec  1.485 ms  1/449 (0.22%)  
[  8]  26.00-27.00  sec   608 KBytes  4.98 Mbits/sec  2.140 ms  0/445 (0%)  
[  8]  27.00-28.00  sec   582 KBytes  4.77 Mbits/sec  1.023 ms  16/442 (3.6%)  
[  8]  28.00-29.00  sec   615 KBytes  5.04 Mbits/sec  1.902 ms  1/451 (0.22%)  
[  8]  29.00-30.00  sec   595 KBytes  4.87 Mbits/sec  2.325 ms  9/444 (2%)  
[  8]  30.00-31.00  sec   615 KBytes  5.03 Mbits/sec  1.898 ms  0/450 (0%)  
[  8]  31.00-32.00  sec   607 KBytes  4.99 Mbits/sec  1.780 ms  0/444 (0%)  
[  8]  32.00-33.00  sec   612 KBytes  5.02 Mbits/sec  1.439 ms  0/448 (0%)  
[  8]  33.00-34.00  sec   603 KBytes  4.94 Mbits/sec  2.213 ms  2/443 (0.45%)  
[  8]  34.00-35.00  sec   608 KBytes  4.98 Mbits/sec  2.369 ms  5/450 (1.1%)  
[  8]  35.00-36.00  sec   600 KBytes  4.92 Mbits/sec  2.171 ms  5/444 (1.1%)  
[  8]  36.00-37.00  sec   612 KBytes  5.02 Mbits/sec  1.601 ms  0/448 (0%)  
[  8]  37.00-38.00  sec   608 KBytes  4.98 Mbits/sec  2.392 ms  0/445 (0%)  
[  8]  38.00-39.00  sec   614 KBytes  5.03 Mbits/sec  1.420 ms  0/449 (0%)  
[  8]  39.00-40.00  sec   603 KBytes  4.94 Mbits/sec  1.948 ms  3/444 (0.68%)  
[  8]  40.00-40.01  sec  1.37 KBytes  1.46 Mbits/sec  2.155 ms  4/5 (80%)  
- - - - - - - - - - - - - - - - - - - - - - - - -
[ ID] Interval           Transfer     Bitrate         Jitter    Lost/Total Datagrams
[  8]   0.00-40.01  sec  23.2 MBytes  4.87 Mbits/sec  2.155 ms  459/17856 (2.6%)  receiver
