-----------------------------------------------------------
Server listening on 5201 (test #1)
-----------------------------------------------------------
Accepted connection from 10.0.0.45, port 55262
[  8] local 10.0.0.109 port 5201 connected to 10.0.0.45 port 40012
[ ID] Interval           Transfer     Bitrate         Jitter    Lost/Total Datagrams
[  8]   0.00-1.00   sec   582 KBytes  4.77 Mbits/sec  1.262 ms  13/439 (3%)  
[  8]   1.00-2.00   sec   610 KBytes  5.00 Mbits/sec  2.172 ms  0/446 (0%)  
[  8]   2.00-3.00   sec   562 KBytes  4.60 Mbits/sec  2.666 ms  33/444 (7.4%)  
[  8]   3.00-4.00   sec   606 KBytes  4.96 Mbits/sec  2.241 ms  4/447 (0.89%)  
[  8]   4.00-5.00   sec   608 KBytes  4.98 Mbits/sec  1.700 ms  0/445 (0%)  
[  8]   5.00-6.00   sec   603 KBytes  4.94 Mbits/sec  2.000 ms  10/451 (2.2%)  
[  8]   6.00-7.00   sec   495 KBytes  4.05 Mbits/sec  2.133 ms  82/444 (18%)  
[  8]   7.00-8.00   sec   520 KBytes  4.26 Mbits/sec  7.444 ms  17/397 (4.3%)  
[  8]   8.00-9.00   sec   593 KBytes  4.86 Mbits/sec  1.867 ms  62/496 (12%)  
[  8]   9.00-10.00  sec   596 KBytes  4.88 Mbits/sec  1.814 ms  10/446 (2.2%)  
[  8]  10.00-11.00  sec   610 KBytes  5.00 Mbits/sec  1.764 ms  1/447 (0.22%)  
[  8]  11.00-12.00  sec   591 KBytes  4.84 Mbits/sec  2.004 ms  16/448 (3.6%)  
[  8]  12.00-13.00  sec   600 KBytes  4.92 Mbits/sec  1.304 ms  7/446 (1.6%)  
[  8]  13.00-14.00  sec   611 KBytes  5.01 Mbits/sec  1.859 ms  0/447 (0%)  
[  8]  14.00-15.00  sec   600 KBytes  4.92 Mbits/sec  2.435 ms  8/447 (1.8%)  
[  8]  15.00-16.00  sec   596 KBytes  4.88 Mbits/sec  1.106 ms  2/438 (0.46%)  
[  8]  16.00-17.00  sec   618 KBytes  5.06 Mbits/sec  1.369 ms  1/453 (0.22%)  
[  8]  17.00-18.00  sec   515 KBytes  4.23 Mbits/sec  5.500 ms  64/441 (15%)  
[  8]  18.00-19.00  sec   604 KBytes  4.95 Mbits/sec  2.090 ms  11/453 (2.4%)  
[  8]  19.00-20.00  sec   518 KBytes  4.25 Mbits/sec  2.541 ms  67/446 (15%)  
[  8]  20.00-21.00  sec   593 KBytes  4.86 Mbits/sec  2.101 ms  8/442 (1.8%)  
[  8]  21.00-22.00  sec   607 KBytes  4.97 Mbits/sec  1.542 ms  6/450 (1.3%)  
[  8]  22.00-23.00  sec   595 KBytes  4.87 Mbits/sec  1.872 ms  13/448 (2.9%)  
[  8]  23.00-24.00  sec   603 KBytes  4.94 Mbits/sec  0.996 ms  0/441 (0%)  
[  8]  24.00-25.00  sec   607 KBytes  4.97 Mbits/sec  2.089 ms  5/449 (1.1%)  
[  8]  25.00-26.00  sec   611 KBytes  5.01 Mbits/sec  1.274 ms  1/448 (0.22%)  
[  8]  26.00-27.00  sec   608 KBytes  4.98 Mbits/sec  1.909 ms  0/445 (0%)  
[  8]  27.00-28.00  sec   582 KBytes  4.77 Mbits/sec  1.201 ms  17/443 (3.8%)  
[  8]  28.00-29.00  sec   610 KBytes  5.00 Mbits/sec  2.111 ms  3/449 (0.67%)  
[  8]  29.00-30.00  sec   596 KBytes  4.88 Mbits/sec  2.390 ms  11/447 (2.5%)  
[  8]  30.00-31.00  sec   614 KBytes  5.03 Mbits/sec  2.058 ms  0/449 (0%)  
[  8]  31.00-32.00  sec   608 KBytes  4.98 Mbits/sec  1.768 ms  0/445 (0%)  
[  8]  32.00-33.00  sec   611 KBytes  5.01 Mbits/sec  1.499 ms  0/447 (0%)  
[  8]  33.00-34.00  sec   604 KBytes  4.95 Mbits/sec  2.469 ms  3/445 (0.67%)  
[  8]  34.00-35.00  sec   603 KBytes  4.94 Mbits/sec  2.264 ms  7/448 (1.6%)  
[  8]  35.00-36.00  sec   600 KBytes  4.92 Mbits/sec  2.648 ms  5/444 (1.1%)  
[  8]  36.00-37.00  sec   611 KBytes  5.01 Mbits/sec  1.475 ms  1/448 (0.22%)  
[  8]  37.00-38.00  sec   610 KBytes  5.00 Mbits/sec  2.190 ms  0/446 (0%)  
[  8]  38.00-39.00  sec   612 KBytes  5.02 Mbits/sec  1.597 ms  0/448 (0%)  
[  8]  39.00-40.00  sec   599 KBytes  4.90 Mbits/sec  2.323 ms  6/444 (1.4%)  
[  8]  40.00-40.02  sec  10.9 KBytes  5.77 Mbits/sec  2.823 ms  2/10 (20%)  
- - - - - - - - - - - - - - - - - - - - - - - - -
[ ID] Interval           Transfer     Bitrate         Jitter    Lost/Total Datagrams
[  8]   0.00-40.02  sec  23.2 MBytes  4.86 Mbits/sec  2.823 ms  496/17857 (2.8%)  receiver
