-----------------------------------------------------------
Server listening on 5201 (test #1)
-----------------------------------------------------------
Accepted connection from 10.0.0.29, port 51036
[  8] local 10.0.0.61 port 5201 connected to 10.0.0.29 port 52699
[ ID] Interval           Transfer     Bitrate         Jitter    Lost/Total Datagrams
[  8]   0.00-1.00   sec   576 KBytes  4.71 Mbits/sec  1.085 ms  25/446 (5.6%)  
[  8]   1.00-2.00   sec   606 KBytes  4.96 Mbits/sec  2.014 ms  0/443 (0%)  
[  8]   2.00-3.00   sec   573 KBytes  4.69 Mbits/sec  2.130 ms  28/447 (6.3%)  
[  8]   3.00-4.00   sec   603 KBytes  4.94 Mbits/sec  1.664 ms  6/447 (1.3%)  
[  8]   4.00-5.00   sec   610 KBytes  4.99 Mbits/sec  1.449 ms  2/448 (0.45%)  
[  8]   5.00-6.00   sec   570 KBytes  4.67 Mbits/sec  2.075 ms  28/445 (6.3%)  
[  8]   6.00-7.00   sec   573 KBytes  4.69 Mbits/sec  1.277 ms  27/446 (6.1%)  
[  8]   7.00-8.00   sec   547 KBytes  4.48 Mbits/sec  1.142 ms  18/418 (4.3%)  
[  8]   8.00-9.00   sec   566 KBytes  4.64 Mbits/sec  2.072 ms  61/475 (13%)  
[  8]   9.00-10.00  sec   582 KBytes  4.77 Mbits/sec  2.355 ms  22/448 (4.9%)  
[  8]  10.00-11.00  sec   576 KBytes  4.72 Mbits/sec  2.075 ms  23/444 (5.2%)  
[  8]  11.00-12.00  sec   580 KBytes  4.75 Mbits/sec  2.919 ms  22/446 (4.9%)  
[  8]  12.00-13.00  sec   588 KBytes  4.82 Mbits/sec  2.093 ms  18/448 (4%)  
[  8]  13.00-14.00  sec   599 KBytes  4.91 Mbits/sec  0.914 ms  8/446 (1.8%)  
[  8]  14.00-15.00  sec   551 KBytes  4.51 Mbits/sec  3.298 ms  26/429 (6.1%)  
[  8]  15.00-16.00  sec   577 KBytes  4.72 Mbits/sec  2.364 ms  40/462 (8.7%)  
[  8]  16.00-17.00  sec   602 KBytes  4.93 Mbits/sec  1.871 ms  10/450 (2.2%)  
[  8]  17.00-18.00  sec   540 KBytes  4.42 Mbits/sec  3.031 ms  52/447 (12%)  
[  8]  18.00-19.00  sec   596 KBytes  4.88 Mbits/sec  1.614 ms  9/445 (2%)  
[  8]  19.00-20.00  sec   573 KBytes  4.69 Mbits/sec  1.519 ms  26/445 (5.8%)  
[  8]  20.00-21.00  sec   603 KBytes  4.94 Mbits/sec  1.244 ms  5/446 (1.1%)  
[  8]  21.00-22.00  sec   612 KBytes  5.02 Mbits/sec  1.183 ms  0/448 (0%)  
[  8]  22.00-23.00  sec   597 KBytes  4.89 Mbits/sec  0.927 ms  10/447 (2.2%)  
[  8]  23.00-24.00  sec   607 KBytes  4.97 Mbits/sec  2.123 ms  2/446 (0.45%)  
[  8]  24.00-25.00  sec   569 KBytes  4.66 Mbits/sec  1.800 ms  30/446 (6.7%)  
[  8]  25.00-26.00  sec   608 KBytes  4.99 Mbits/sec  1.491 ms  2/447 (0.45%)  
[  8]  26.00-27.00  sec   608 KBytes  4.98 Mbits/sec  1.715 ms  2/447 (0.45%)  
[  8]  27.00-28.00  sec   607 KBytes  4.97 Mbits/sec  0.777 ms  3/447 (0.67%)  
[  8]  28.00-29.00  sec   603 KBytes  4.94 Mbits/sec  1.808 ms  3/444 (0.68%)  
[  8]  29.00-30.00  sec   585 KBytes  4.79 Mbits/sec  1.863 ms  18/446 (4%)  
[  8]  30.00-31.00  sec   603 KBytes  4.94 Mbits/sec  1.118 ms  7/448 (1.6%)  
[  8]  31.00-32.00  sec   606 KBytes  4.96 Mbits/sec  1.126 ms  4/447 (0.89%)  
[  8]  32.00-33.00  sec   603 KBytes  4.94 Mbits/sec  1.523 ms  4/445 (0.9%)  
[  8]  33.00-34.00  sec   587 KBytes  4.80 Mbits/sec  2.555 ms  17/446 (3.8%)  
[  8]  34.00-35.00  sec   612 KBytes  5.02 Mbits/sec  2.071 ms  1/449 (0.22%)  
[  8]  35.00-36.00  sec   600 KBytes  4.92 Mbits/sec  1.654 ms  6/445 (1.3%)  
[  8]  36.00-37.00  sec   611 KBytes  5.01 Mbits/sec  1.389 ms  1/448 (0.22%)  
[  8]  37.00-38.00  sec   606 KBytes  4.96 Mbits/sec  1.347 ms  3/446 (0.67%)  
[  8]  38.00-39.00  sec   602 KBytes  4.93 Mbits/sec  1.260 ms  3/443 (0.68%)  
[  8]  39.00-40.00  sec   591 KBytes  4.84 Mbits/sec  1.742 ms  17/449 (3.8%)  
[  8]  40.00-40.02  sec  2.73 KBytes  1.15 Mbits/sec  1.710 ms  0/2 (0%)  
- - - - - - - - - - - - - - - - - - - - - - - - -
[ ID] Interval           Transfer     Bitrate         Jitter    Lost/Total Datagrams
[  8]   0.00-40.02  sec  23.1 MBytes  4.83 Mbits/sec  1.710 ms  589/17857 (3.3%)  receiver
