-----------------------------------------------------------
Server listening on 5201 (test #1)
-----------------------------------------------------------
Accepted connection from 10.0.0.5, port 50000
[  8] local 10.0.0.69 port 5201 connected to 10.0.0.5 port 54491
[ ID] Interval           Transfer     Bitrate         Jitter    Lost/Total Datagrams
[  8]   0.00-1.00   sec   569 KBytes  4.66 Mbits/sec  1.321 ms  27/443 (6.1%)  
[  8]   1.00-2.00   sec   606 KBytes  4.96 Mbits/sec  2.028 ms  0/443 (0%)  
[  8]   2.00-3.00   sec   565 KBytes  4.63 Mbits/sec  2.438 ms  35/448 (7.8%)  
[  8]   3.00-4.00   sec   596 KBytes  4.88 Mbits/sec  1.865 ms  7/443 (1.6%)  
[  8]   4.00-5.00   sec   614 KBytes  5.03 Mbits/sec  1.183 ms  0/449 (0%)  
[  8]   5.00-6.00   sec   591 KBytes  4.84 Mbits/sec  2.139 ms  17/449 (3.8%)  
[  8]   6.00-7.00   sec   499 KBytes  4.09 Mbits/sec  2.568 ms  76/441 (17%)  
[  8]   7.00-8.00   sec   517 KBytes  4.23 Mbits/sec  3.985 ms  65/443 (15%)  
[  8]   8.00-9.00   sec   525 KBytes  4.30 Mbits/sec  1.397 ms  69/453 (15%)  
[  8]   9.00-10.00  sec   558 KBytes  4.57 Mbits/sec  2.593 ms  41/449 (9.1%)  
[  8]  10.00-11.00  sec   562 KBytes  4.60 Mbits/sec  1.823 ms  30/441 (6.8%)  
[  8]  11.00-12.00  sec   563 KBytes  4.61 Mbits/sec  2.518 ms  38/450 (8.4%)  
[  8]  12.00-13.00  sec   543 KBytes  4.45 Mbits/sec  1.936 ms  49/446 (11%)  
[  8]  13.00-14.00  sec   597 KBytes  4.89 Mbits/sec  1.618 ms  11/448 (2.5%)  
[  8]  14.00-15.00  sec   525 KBytes  4.30 Mbits/sec  2.964 ms  23/407 (5.7%)  
[  8]  15.00-16.00  sec   585 KBytes  4.79 Mbits/sec  2.429 ms  49/477 (10%)  
[  8]  16.00-17.00  sec   606 KBytes  4.96 Mbits/sec  1.797 ms  10/453 (2.2%)  
[  8]  17.00-18.00  sec   509 KBytes  4.17 Mbits/sec  4.125 ms  75/447 (17%)  
[  8]  18.00-19.00  sec   576 KBytes  4.72 Mbits/sec  2.508 ms  24/445 (5.4%)  
[  8]  19.00-20.00  sec   541 KBytes  4.43 Mbits/sec  2.850 ms  52/448 (12%)  
[  8]  20.00-21.00  sec   588 KBytes  4.82 Mbits/sec  2.228 ms  17/447 (3.8%)  
[  8]  21.00-22.00  sec   602 KBytes  4.93 Mbits/sec  1.696 ms  7/447 (1.6%)  
[  8]  22.00-23.00  sec   470 KBytes  3.85 Mbits/sec  2.490 ms  11/355 (3.1%)  
[  8]  23.00-24.00  sec   704 KBytes  5.77 Mbits/sec  1.646 ms  5/520 (0.96%)  
[  8]  24.00-25.00  sec   629 KBytes  5.15 Mbits/sec  1.921 ms  4/464 (0.86%)  
[  8]  25.00-26.00  sec   606 KBytes  4.96 Mbits/sec  1.529 ms  5/448 (1.1%)  
[  8]  26.00-27.00  sec   607 KBytes  4.97 Mbits/sec  1.937 ms  2/446 (0.45%)  
[  8]  27.00-28.00  sec   581 KBytes  4.76 Mbits/sec  1.304 ms  15/440 (3.4%)  
[  8]  28.00-29.00  sec   607 KBytes  4.97 Mbits/sec  1.199 ms  7/451 (1.6%)  
[  8]  29.00-30.00  sec   588 KBytes  4.82 Mbits/sec  1.452 ms  14/444 (3.2%)  
[  8]  30.00-31.00  sec   608 KBytes  4.98 Mbits/sec  1.568 ms  5/450 (1.1%)  
[  8]  31.00-32.00  sec   595 KBytes  4.87 Mbits/sec  1.531 ms  8/443 (1.8%)  
[  8]  32.00-33.00  sec   608 KBytes  4.98 Mbits/sec  1.018 ms  5/450 (1.1%)  
[  8]  33.00-34.00  sec   596 KBytes  4.88 Mbits/sec  2.114 ms  9/445 (2%)  
[  8]  34.00-35.00  sec   599 KBytes  4.90 Mbits/sec  1.541 ms  9/447 (2%)  
[  8]  35.00-36.00  sec   599 KBytes  4.91 Mbits/sec  2.038 ms  9/447 (2%)  
[  8]  36.00-37.00  sec   610 KBytes  5.00 Mbits/sec  1.200 ms  0/446 (0%)  
[  8]  37.00-38.00  sec   608 KBytes  4.98 Mbits/sec  1.633 ms  2/447 (0.45%)  
[  8]  38.00-39.00  sec   604 KBytes  4.95 Mbits/sec  2.091 ms  4/446 (0.9%)  
[  8]  39.00-40.00  sec   587 KBytes  4.80 Mbits/sec  2.805 ms  17/446 (3.8%)  
[  8]  40.00-40.01  sec  6.84 KBytes  6.55 Mbits/sec  2.549 ms  0/5 (0%)  
- - - - - - - - - - - - - - - - - - - - - - - - -
[ ID] Interval           Transfer     Bitrate         Jitter    Lost/Total Datagrams
[  8]   0.00-40.01  sec  22.7 MBytes  4.76 Mbits/sec  2.549 ms  853/17857 (4.8%)  receiver
