-----------------------------------------------------------
Server listening on 5201 (test #1)
-----------------------------------------------------------
Accepted connection from 10.0.0.85, port 52778
[  8] local 10.0.0.117 port 5201 connected to 10.0.0.85 port 42553
[ ID] Interval           Transfer     Bitrate         Jitter    Lost/Total Datagrams
[  8]   0.00-1.00   sec   606 KBytes  4.96 Mbits/sec  1.032 ms  1/444 (0.23%)  
[  8]   1.00-2.00   sec   612 KBytes  5.02 Mbits/sec  2.104 ms  0/448 (0%)  
[  8]   2.00-3.00   sec   610 KBytes  4.99 Mbits/sec  2.378 ms  0/446 (0%)  
[  8]   3.00-4.00   sec   611 KBytes  5.02 Mbits/sec  2.126 ms  0/447 (0%)  
[  8]   4.00-5.00   sec   607 KBytes  4.97 Mbits/sec  1.742 ms  0/444 (0%)  
[  8]   5.00-6.00   sec   607 KBytes  4.97 Mbits/sec  2.198 ms  4/448 (0.89%)  
[  8]   6.00-7.00   sec   577 KBytes  4.73 Mbits/sec  2.567 ms  22/444 (5%)  
[  8]   7.00-8.00   sec   541 KBytes  4.43 Mbits/sec  1.844 ms  10/406 (2.5%)  
[  8]   8.00-9.00   sec   599 KBytes  4.90 Mbits/sec  1.746 ms  52/490 (11%)  
[  8]   9.00-10.00  sec   604 KBytes  4.95 Mbits/sec  1.899 ms  4/446 (0.9%)  
[  8]  10.00-11.00  sec   611 KBytes  5.02 Mbits/sec  2.172 ms  0/447 (0%)  
[  8]  11.00-12.00  sec   608 KBytes  4.98 Mbits/sec  1.768 ms  0/445 (0%)  
[  8]  12.00-13.00  sec   589 KBytes  4.83 Mbits/sec  0.687 ms  17/448 (3.8%)  
[  8]  13.00-14.00  sec   607 KBytes  4.97 Mbits/sec  1.401 ms  0/444 (0%)  
[  8]  14.00-15.00  sec   563 KBytes  4.62 Mbits/sec  2.494 ms  8/420 (1.9%)  
[  8]  15.00-16.00  sec   645 KBytes  5.28 Mbits/sec  2.246 ms  2/474 (0.42%)  
[  8]  16.00-17.00  sec   612 KBytes  5.02 Mbits/sec  1.015 ms  0/448 (0%)  
[  8]  17.00-18.00  sec   604 KBytes  4.95 Mbits/sec  2.464 ms  2/444 (0.45%)  
[  8]  18.00-19.00  sec   600 KBytes  4.92 Mbits/sec  1.712 ms  8/447 (1.8%)  
[  8]  19.00-20.00  sec   551 KBytes  4.51 Mbits/sec  2.321 ms  39/442 (8.8%)  
[  8]  20.00-21.00  sec   611 KBytes  4.99 Mbits/sec  2.251 ms  4/451 (0.89%)  
[  8]  21.00-22.00  sec   611 KBytes  5.02 Mbits/sec  1.419 ms  0/447 (0%)  
[  8]  22.00-23.00  sec   477 KBytes  3.91 Mbits/sec  1.801 ms  0/349 (0%)  
[  8]  23.00-24.00  sec   719 KBytes  5.88 Mbits/sec  1.075 ms  0/526 (0%)  
[  8]  24.00-25.00  sec   633 KBytes  5.20 Mbits/sec  1.422 ms  0/463 (0%)  
[  8]  25.00-26.00  sec   612 KBytes  5.02 Mbits/sec  0.989 ms  0/448 (0%)  
[  8]  26.00-27.00  sec   610 KBytes  5.00 Mbits/sec  1.059 ms  0/446 (0%)  
[  8]  27.00-28.00  sec   599 KBytes  4.91 Mbits/sec  1.311 ms  9/447 (2%)  
[  8]  28.00-29.00  sec   610 KBytes  5.00 Mbits/sec  1.811 ms  0/446 (0%)  
[  8]  29.00-30.00  sec   608 KBytes  4.98 Mbits/sec  1.418 ms  0/445 (0%)  
[  8]  30.00-31.00  sec   614 KBytes  5.03 Mbits/sec  1.525 ms  0/449 (0%)  
[  8]  31.00-32.00  sec   608 KBytes  4.98 Mbits/sec  1.752 ms  0/445 (0%)  
[  8]  32.00-33.00  sec   611 KBytes  5.01 Mbits/sec  1.365 ms  0/447 (0%)  
[  8]  33.00-34.00  sec   606 KBytes  4.95 Mbits/sec  1.987 ms  0/443 (0%)  
[  8]  34.00-35.00  sec   612 KBytes  5.03 Mbits/sec  1.310 ms  0/448 (0%)  
[  8]  35.00-36.00  sec   610 KBytes  5.00 Mbits/sec  1.265 ms  1/447 (0.22%)  
[  8]  36.00-37.00  sec   612 KBytes  5.02 Mbits/sec  1.346 ms  0/448 (0%)  
[  8]  37.00-38.00  sec   610 KBytes  5.00 Mbits/sec  1.664 ms  0/446 (0%)  
[  8]  38.00-39.00  sec   608 KBytes  4.98 Mbits/sec  1.005 ms  0/445 (0%)  
[  8]  39.00-40.00  sec   611 KBytes  5.01 Mbits/sec  1.744 ms  0/447 (0%)  
[  8]  40.00-40.01  sec  2.73 KBytes  2.76 Mbits/sec  2.094 ms  0/2 (0%)  
- - - - - - - - - - - - - - - - - - - - - - - - -
[ ID] Interval           Transfer     Bitrate         Jitter    Lost/Total Datagrams
[  8]   0.00-40.01  sec  23.6 MBytes  4.95 Mbits/sec  2.094 ms  183/17857 (1%)  receiver
