flows: 64   duration: 20s
  all 128 host namespaces resolved
  servers listening: 64 / 64
  rate ladder:       8 0.1      48 0.5       8 2 
  64 clients launched at 1787643879.496690776; waiting 20s + drain
  all clients returned at 1787643900.946350596
  ⚠️  cli_h10_to_h74_0.5M.json: 0.50 Mbit/s, 16.2% lost
  ⚠️  cli_h11_to_h75_0.5M.json: 0.50 Mbit/s, 16.2% lost
  ⚠️  cli_h12_to_h76_0.5M.json: 0.50 Mbit/s, 16.1% lost
  ⚠️  cli_h13_to_h77_0.1M.json: 0.10 Mbit/s, 15.6% lost
  ⚠️  cli_h14_to_h78_0.5M.json: 0.50 Mbit/s, 16.7% lost
  ⚠️  cli_h15_to_h79_0.5M.json: 0.50 Mbit/s, 16.9% lost
  ⚠️  cli_h16_to_h80_0.5M.json: 0.50 Mbit/s, 16.7% lost
  ⚠️  cli_h17_to_h49_2M.json: 2.00 Mbit/s, 34.8% lost
  ⚠️  cli_h18_to_h50_0.5M.json: 0.50 Mbit/s, 20.6% lost
  ⚠️  cli_h19_to_h51_0.5M.json: 0.50 Mbit/s, 20.2% lost
  ⚠️  cli_h1_to_h65_2M.json: 2.00 Mbit/s, 28.3% lost
  ⚠️  cli_h20_to_h52_0.5M.json: 0.50 Mbit/s, 20.3% lost
  ⚠️  cli_h21_to_h53_0.1M.json: 0.10 Mbit/s, 16.8% lost
  ⚠️  cli_h22_to_h54_0.5M.json: 0.50 Mbit/s, 21.3% lost
  ⚠️  cli_h23_to_h55_0.5M.json: 0.50 Mbit/s, 22.2% lost
  ⚠️  cli_h24_to_h56_0.5M.json: 0.50 Mbit/s, 19.6% lost
  ⚠️  cli_h25_to_h57_2M.json: 2.00 Mbit/s, 34.6% lost
  ⚠️  cli_h26_to_h58_0.5M.json: 0.50 Mbit/s, 22.4% lost
  ⚠️  cli_h27_to_h59_0.5M.json: 0.50 Mbit/s, 21.1% lost
  ⚠️  cli_h28_to_h60_0.5M.json: 0.50 Mbit/s, 21.6% lost
  ⚠️  cli_h29_to_h61_0.1M.json: 0.10 Mbit/s, 23.5% lost
  ⚠️  cli_h2_to_h66_0.5M.json: 0.50 Mbit/s, 14.2% lost
  ⚠️  cli_h30_to_h62_0.5M.json: 0.50 Mbit/s, 23.4% lost
  ⚠️  cli_h31_to_h63_0.5M.json: 0.50 Mbit/s, 22.8% lost
  ⚠️  cli_h32_to_h64_0.5M.json: 0.50 Mbit/s, 23.0% lost
  ⚠️  cli_h33_to_h97_2M.json: 2.00 Mbit/s, 5.0% lost
  ⚠️  cli_h3_to_h67_0.5M.json: 0.50 Mbit/s, 13.5% lost
  ⚠️  cli_h4_to_h68_0.5M.json: 0.50 Mbit/s, 14.4% lost
  ⚠️  cli_h5_to_h69_0.1M.json: 0.10 Mbit/s, 12.8% lost
  ⚠️  cli_h6_to_h70_0.5M.json: 0.50 Mbit/s, 15.0% lost
  ⚠️  cli_h7_to_h71_0.5M.json: 0.50 Mbit/s, 16.0% lost
  ⚠️  cli_h8_to_h72_0.5M.json: 0.50 Mbit/s, 16.0% lost
  ⚠️  cli_h9_to_h73_2M.json: 1.99 Mbit/s, 28.0% lost

  flows with a result: 64, without: 0
  offered total: 40.8 Mbit/s
