#### step 16: tear fabric A down, and verify clean TWO WAYS (the tool's own exit code, and my own ps/ss/tc) ####
2026-09-03T04:09:51+08:00
== pids captured BEFORE teardown: kernel=1372001 proxy=1371799 bmv2=[1371422 1371423 1371424 1371425 1371426 1371427 1371428 1371429 1371430 1371431]
== command: setsid env NDT_OWNER=auditor tools/test_workflow/ndt down
DOWN_RC_of_setsid=0 (setsid's, not ndt's -- round 2 lesson)
ndt down
[1/3] kernel + proxy/Ryu
        stopped kernel
        stopped p4_proxy
[2/3] topology session
      topo stopped
[3/3] sweep
      cleanup done

verify clean
  ok  bmv2 switches: 0
  ok  host/switch processes: 0
  ok  no topo session
  ok  no switch manifest
  ok  ports 8000/8080/8081 closed

clean

== WAY 1: the tool's own words -- 'clean', 5 ok lines (above). Note it checks only 8000/8080/8081.
== WAY 2: my own channels, on exact pids and exact ports. Taken >60 s after the kernel pid vanished,
==        well past round 3's 2.0-2.2 s window in which a dead kernel's orphaned curl still holds :8000/:6343.
2026-09-03T04:10:32+08:00
-- ps on each captured pid --
  pid 1372001   -> 
  pid 1371799   -> 
  pid 1371422   -> 
  pid 1371423   -> 
  pid 1371424   -> 
  pid 1371425   -> 
  pid 1371426   -> 
  pid 1371427   -> 
  pid 1371428   -> 
  pid 1371429   -> 
  pid 1371430   -> 
  pid 1371431   -> 
-- ps -eo comm= counts (never pkill/pgrep -f) --
  ndtwin_kernel      0
  simple_switch      0
  ryu-manager        0
  java               0
  iperf3             0
  python3            4
-- mininet namespaces --
  0
-- ports --
  tcp:8000  listeners=0
  tcp:8080  listeners=0
  tcp:8081  listeners=0
  tcp:9000  listeners=0
  tcp:6653  listeners=0
  tcp:6633  listeners=0
  udp:6343  listeners=0
  tcp:30050-30060 listeners=0
  tcp:9091-9100   listeners=0
-- tc netem qdiscs anywhere --
  0
-- switch manifest --
ls: cannot access '/tmp/ndtwin_p4_switches.json': No such file or directory
-- host_count_override (tracked file ndt rewrote) --
4
-- free --
               total        used        free      shared  buff/cache   available
Mem:           15412        7571        1963        1049        7328        7840
