-----------------------------------------------------------
Server listening on 5201 (test #1)
-----------------------------------------------------------
Accepted connection from 10.0.0.4, port 48476
[  8] local 10.0.0.68 port 5201 connected to 10.0.0.4 port 36246
[ ID] Interval           Transfer     Bitrate         Jitter    Lost/Total Datagrams
[  8]   0.00-1.00   sec  60.2 KBytes   492 Kbits/sec  7.200 ms  0/44 (0%)  
[  8]   1.00-2.00   sec  60.2 KBytes   493 Kbits/sec  2.416 ms  1/45 (2.2%)  
[  8]   2.00-3.00   sec  61.5 KBytes   504 Kbits/sec  3.309 ms  0/45 (0%)  
[  8]   3.00-4.00   sec  60.2 KBytes   493 Kbits/sec  7.652 ms  0/44 (0%)  
[  8]   4.00-5.00   sec  60.2 KBytes   493 Kbits/sec  8.536 ms  1/45 (2.2%)  
[  8]   5.00-6.00   sec  61.5 KBytes   503 Kbits/sec  8.684 ms  0/45 (0%)  
[  8]   6.00-7.00   sec  50.6 KBytes   415 Kbits/sec  14.386 ms  3/40 (7.5%)  
[  8]   7.00-8.00   sec  45.1 KBytes   370 Kbits/sec  23.582 ms  14/47 (30%)  
[  8]   8.00-9.00   sec  50.6 KBytes   414 Kbits/sec  10.433 ms  8/45 (18%)  
[  8]   9.00-10.00  sec  45.1 KBytes   370 Kbits/sec  16.448 ms  5/38 (13%)  
[  8]  10.00-11.00  sec  35.5 KBytes   291 Kbits/sec  26.461 ms  5/31 (16%)  
[  8]  11.00-12.00  sec  46.5 KBytes   381 Kbits/sec  20.719 ms  3/37 (8.1%)  
[  8]  12.00-13.00  sec  35.5 KBytes   291 Kbits/sec  16.786 ms  14/40 (35%)  
[  8]  13.00-14.00  sec  45.1 KBytes   370 Kbits/sec  12.968 ms  11/44 (25%)  
[  8]  14.00-15.00  sec  47.9 KBytes   392 Kbits/sec  12.597 ms  8/43 (19%)  
[  8]  15.00-16.00  sec  67.0 KBytes   549 Kbits/sec  11.322 ms  32/81 (40%)  
[  8]  16.00-17.00  sec  61.5 KBytes   504 Kbits/sec  6.778 ms  0/45 (0%)  
[  8]  17.00-18.00  sec  60.2 KBytes   493 Kbits/sec  8.161 ms  0/44 (0%)  
[  8]  18.00-19.00  sec  60.2 KBytes   493 Kbits/sec  6.346 ms  1/45 (2.2%)  
[  8]  19.00-20.00  sec  28.7 KBytes   235 Kbits/sec  22.252 ms  21/42 (50%)  
[  8]  20.00-20.06  sec  1.37 KBytes   176 Kbits/sec  23.400 ms  2/3 (67%)  
- - - - - - - - - - - - - - - - - - - - - - - - -
[ ID] Interval           Transfer     Bitrate         Jitter    Lost/Total Datagrams
[  8]   0.00-20.06  sec  1.02 MBytes   426 Kbits/sec  23.400 ms  129/893 (14%)  receiver
