-----------------------------------------------------------
Server listening on 5201 (test #1)
-----------------------------------------------------------
Accepted connection from 10.0.0.12, port 53244
[  8] local 10.0.0.76 port 5201 connected to 10.0.0.12 port 43923
[ ID] Interval           Transfer     Bitrate         Jitter    Lost/Total Datagrams
[  8]   0.00-1.00   sec  58.8 KBytes   481 Kbits/sec  4.717 ms  1/44 (2.3%)  
[  8]   1.00-2.00   sec  58.8 KBytes   482 Kbits/sec  3.280 ms  1/44 (2.3%)  
[  8]   2.00-3.00   sec  60.2 KBytes   493 Kbits/sec  7.324 ms  0/44 (0%)  
[  8]   3.00-4.00   sec  60.2 KBytes   493 Kbits/sec  10.112 ms  1/45 (2.2%)  
[  8]   4.00-5.00   sec  61.5 KBytes   504 Kbits/sec  6.989 ms  0/45 (0%)  
[  8]   5.00-6.00   sec  60.2 KBytes   493 Kbits/sec  8.620 ms  0/44 (0%)  
[  8]   6.00-7.00   sec  52.0 KBytes   426 Kbits/sec  13.779 ms  0/38 (0%)  
[  8]   7.00-8.00   sec  41.0 KBytes   336 Kbits/sec  25.328 ms  22/52 (42%)  
[  8]   8.00-9.00   sec  41.0 KBytes   336 Kbits/sec  15.481 ms  15/45 (33%)  
[  8]   9.00-10.00  sec  38.3 KBytes   314 Kbits/sec  21.396 ms  8/36 (22%)  
[  8]  10.00-11.00  sec  38.3 KBytes   314 Kbits/sec  23.431 ms  3/31 (9.7%)  
[  8]  11.00-12.00  sec  47.9 KBytes   392 Kbits/sec  21.907 ms  2/37 (5.4%)  
[  8]  12.00-13.00  sec  35.5 KBytes   291 Kbits/sec  18.743 ms  18/44 (41%)  
[  8]  13.00-14.00  sec  39.6 KBytes   325 Kbits/sec  16.406 ms  10/39 (26%)  
[  8]  14.00-15.00  sec  49.2 KBytes   403 Kbits/sec  17.136 ms  7/43 (16%)  
[  8]  15.00-16.00  sec  65.6 KBytes   537 Kbits/sec  10.718 ms  35/83 (42%)  
[  8]  16.00-17.00  sec  60.2 KBytes   493 Kbits/sec  4.941 ms  1/45 (2.2%)  
[  8]  17.00-18.00  sec  58.8 KBytes   482 Kbits/sec  6.088 ms  1/44 (2.3%)  
[  8]  18.00-19.00  sec  57.4 KBytes   470 Kbits/sec  6.096 ms  1/43 (2.3%)  
[  8]  19.00-20.00  sec  36.9 KBytes   302 Kbits/sec  32.824 ms  18/45 (40%)  
[  8]  20.00-20.04  sec  2.73 KBytes   535 Kbits/sec  29.621 ms  0/2 (0%)  
- - - - - - - - - - - - - - - - - - - - - - - - -
[ ID] Interval           Transfer     Bitrate         Jitter    Lost/Total Datagrams
[  8]   0.00-20.04  sec  1.00 MBytes   419 Kbits/sec  29.621 ms  144/893 (16%)  receiver
