-----------------------------------------------------------
Server listening on 5201 (test #1)
-----------------------------------------------------------
Accepted connection from 10.0.0.41, port 44818
[  8] local 10.0.0.105 port 5201 connected to 10.0.0.41 port 56742
[ ID] Interval           Transfer     Bitrate         Jitter    Lost/Total Datagrams
[  8]   0.00-1.00   sec   241 KBytes  1.97 Mbits/sec  2.573 ms  0/176 (0%)  
[  8]   1.00-2.00   sec   245 KBytes  2.00 Mbits/sec  4.004 ms  0/179 (0%)  
[  8]   2.00-3.00   sec   239 KBytes  1.96 Mbits/sec  2.310 ms  2/177 (1.1%)  
[  8]   3.00-4.00   sec   237 KBytes  1.94 Mbits/sec  5.616 ms  2/175 (1.1%)  
[  8]   4.00-5.00   sec   232 KBytes  1.90 Mbits/sec  5.492 ms  2/172 (1.2%)  
[  8]   5.00-6.00   sec   126 KBytes  1.03 Mbits/sec  10.129 ms  0/92 (0%)  
[  8]   6.00-7.00   sec   254 KBytes  2.08 Mbits/sec  6.447 ms  48/234 (21%)  
[  8]   7.00-8.00   sec   215 KBytes  1.76 Mbits/sec  4.623 ms  6/163 (3.7%)  
[  8]   8.00-9.00   sec   317 KBytes  2.60 Mbits/sec  3.419 ms  0/232 (0%)  
[  8]   9.00-10.00  sec   242 KBytes  1.98 Mbits/sec  0.598 ms  0/177 (0%)  
[  8]  10.00-11.00  sec   252 KBytes  2.06 Mbits/sec  3.796 ms  0/184 (0%)  
[  8]  11.00-12.00  sec   246 KBytes  2.02 Mbits/sec  2.722 ms  0/180 (0%)  
[  8]  12.00-13.00  sec   242 KBytes  1.98 Mbits/sec  2.613 ms  0/177 (0%)  
[  8]  13.00-14.00  sec   241 KBytes  1.97 Mbits/sec  2.383 ms  4/180 (2.2%)  
[  8]  14.00-15.00  sec   215 KBytes  1.76 Mbits/sec  5.845 ms  0/157 (0%)  
[  8]  15.00-16.00  sec   118 KBytes   964 Kbits/sec  9.043 ms  0/86 (0%)  
[  8]  16.00-17.00  sec   314 KBytes  2.57 Mbits/sec  5.372 ms  58/288 (20%)  
[  8]  17.00-18.00  sec   237 KBytes  1.94 Mbits/sec  5.498 ms  7/180 (3.9%)  
[  8]  18.00-19.00  sec   226 KBytes  1.84 Mbits/sec  5.830 ms  7/172 (4.1%)  
[  8]  19.00-20.00  sec   179 KBytes  1.47 Mbits/sec  7.882 ms  40/171 (23%)  
[  8]  20.00-20.08  sec  27.3 KBytes  2.68 Mbits/sec  6.897 ms  0/20 (0%)  
- - - - - - - - - - - - - - - - - - - - - - - - -
[ ID] Interval           Transfer     Bitrate         Jitter    Lost/Total Datagrams
[  8]   0.00-20.08  sec  4.53 MBytes  1.89 Mbits/sec  6.897 ms  176/3572 (4.9%)  receiver
