-----------------------------------------------------------
Server listening on 5201 (test #1)
-----------------------------------------------------------
Accepted connection from 10.0.0.5, port 60698
[  8] local 10.0.0.69 port 5201 connected to 10.0.0.5 port 36796
[ ID] Interval           Transfer     Bitrate         Jitter    Lost/Total Datagrams
[  8]   0.00-1.00   sec  10.9 KBytes  89.6 Kbits/sec  1.743 ms  0/8 (0%)  
[  8]   1.00-2.00   sec  12.3 KBytes   101 Kbits/sec  1.477 ms  1/10 (10%)  
[  8]   2.00-3.00   sec  12.3 KBytes   101 Kbits/sec  4.601 ms  0/9 (0%)  
[  8]   3.00-4.00   sec  10.9 KBytes  89.6 Kbits/sec  7.882 ms  1/9 (11%)  
[  8]   4.00-5.00   sec  12.3 KBytes   101 Kbits/sec  7.421 ms  0/9 (0%)  
[  8]   5.00-6.00   sec  12.3 KBytes   101 Kbits/sec  10.146 ms  0/9 (0%)  
[  8]   6.00-7.00   sec  10.9 KBytes  89.6 Kbits/sec  13.941 ms  0/8 (0%)  
[  8]   7.00-8.00   sec  8.20 KBytes  67.2 Kbits/sec  22.556 ms  4/10 (40%)  
[  8]   8.00-9.00   sec  10.9 KBytes  89.6 Kbits/sec  22.595 ms  1/9 (11%)  
[  8]   9.00-10.00  sec  9.57 KBytes  78.4 Kbits/sec  27.152 ms  0/7 (0%)  
[  8]  10.00-11.00  sec  6.84 KBytes  56.0 Kbits/sec  45.493 ms  1/6 (17%)  
[  8]  11.00-12.00  sec  9.57 KBytes  78.4 Kbits/sec  59.493 ms  1/8 (12%)  
[  8]  12.00-13.00  sec  10.9 KBytes  89.6 Kbits/sec  54.884 ms  0/8 (0%)  
[  8]  13.00-14.00  sec  6.84 KBytes  56.0 Kbits/sec  46.010 ms  3/8 (38%)  
[  8]  14.00-15.00  sec  9.57 KBytes  78.4 Kbits/sec  43.093 ms  2/9 (22%)  
[  8]  15.00-16.00  sec  15.0 KBytes   123 Kbits/sec  61.530 ms  5/16 (31%)  
[  8]  16.00-17.00  sec  12.3 KBytes   101 Kbits/sec  38.018 ms  0/9 (0%)  
[  8]  17.00-18.01  sec  12.3 KBytes   100 Kbits/sec  23.733 ms  0/9 (0%)  
[  8]  18.01-19.00  sec  12.3 KBytes   101 Kbits/sec  15.790 ms  0/9 (0%)  
[  8]  19.00-20.00  sec  6.84 KBytes  56.0 Kbits/sec  25.463 ms  4/9 (44%)  
- - - - - - - - - - - - - - - - - - - - - - - - -
[ ID] Interval           Transfer     Bitrate         Jitter    Lost/Total Datagrams
[  8]   0.00-20.05  sec   213 KBytes  87.1 Kbits/sec  25.463 ms  23/179 (13%)  receiver
