-----------------------------------------------------------
Server listening on 5201 (test #1)
-----------------------------------------------------------
Accepted connection from 10.0.0.43, port 51724
[  8] local 10.0.0.107 port 5201 connected to 10.0.0.43 port 44496
[ ID] Interval           Transfer     Bitrate         Jitter    Lost/Total Datagrams
[  8]   0.00-1.00   sec  60.2 KBytes   493 Kbits/sec  0.871 ms  0/44 (0%)  
[  8]   1.00-2.00   sec  61.5 KBytes   504 Kbits/sec  7.908 ms  0/45 (0%)  
[  8]   2.00-3.00   sec  60.2 KBytes   493 Kbits/sec  7.267 ms  0/44 (0%)  
[  8]   3.00-4.00   sec  61.5 KBytes   504 Kbits/sec  9.536 ms  0/45 (0%)  
[  8]   4.00-5.00   sec  57.4 KBytes   470 Kbits/sec  8.512 ms  1/43 (2.3%)  
[  8]   5.00-6.00   sec  34.2 KBytes   280 Kbits/sec  19.505 ms  0/25 (0%)  
[  8]   6.00-7.00   sec  61.5 KBytes   504 Kbits/sec  19.226 ms  11/56 (20%)  
[  8]   7.00-8.00   sec  61.5 KBytes   504 Kbits/sec  15.831 ms  2/47 (4.3%)  
[  8]   8.00-9.00   sec  69.7 KBytes   571 Kbits/sec  7.725 ms  0/51 (0%)  
[  8]   9.00-10.00  sec  62.9 KBytes   515 Kbits/sec  1.863 ms  0/46 (0%)  
[  8]  10.00-11.00  sec  58.8 KBytes   482 Kbits/sec  5.411 ms  0/43 (0%)  
[  8]  11.00-12.00  sec  62.9 KBytes   515 Kbits/sec  3.621 ms  0/46 (0%)  
[  8]  12.00-13.00  sec  61.5 KBytes   504 Kbits/sec  3.636 ms  0/45 (0%)  
[  8]  13.00-14.00  sec  57.4 KBytes   470 Kbits/sec  4.143 ms  3/45 (6.7%)  
[  8]  14.00-15.00  sec  53.3 KBytes   437 Kbits/sec  8.317 ms  0/39 (0%)  
[  8]  15.00-16.00  sec  60.2 KBytes   493 Kbits/sec  16.005 ms  0/44 (0%)  
[  8]  16.00-17.00  sec  68.4 KBytes   559 Kbits/sec  8.663 ms  0/50 (0%)  
[  8]  17.00-18.00  sec  58.8 KBytes   482 Kbits/sec  14.627 ms  2/45 (4.4%)  
[  8]  18.00-19.00  sec  56.1 KBytes   460 Kbits/sec  15.994 ms  3/44 (6.8%)  
[  8]  19.00-20.00  sec  58.8 KBytes   481 Kbits/sec  16.213 ms  2/45 (4.4%)  
[  8]  20.00-20.04  sec  1.37 KBytes   294 Kbits/sec  16.299 ms  0/1 (0%)  
- - - - - - - - - - - - - - - - - - - - - - - - -
[ ID] Interval           Transfer     Bitrate         Jitter    Lost/Total Datagrams
[  8]   0.00-20.04  sec  1.16 MBytes   486 Kbits/sec  16.299 ms  24/893 (2.7%)  receiver
