-----------------------------------------------------------
Server listening on 5201 (test #1)
-----------------------------------------------------------
Accepted connection from 10.0.0.1, port 47606
[  8] local 10.0.0.65 port 5201 connected to 10.0.0.1 port 42903
[ ID] Interval           Transfer     Bitrate         Jitter    Lost/Total Datagrams
[  8]   0.00-1.00   sec  2.23 MBytes  18.7 Mbits/sec  0.448 ms  104/1776 (5.9%)  
[  8]   1.00-2.00   sec  2.34 MBytes  19.6 Mbits/sec  0.583 ms  37/1789 (2.1%)  
[  8]   2.00-3.00   sec  2.36 MBytes  19.7 Mbits/sec  0.603 ms  10/1774 (0.56%)  
[  8]   3.00-4.00   sec  2.37 MBytes  19.9 Mbits/sec  0.723 ms  5/1783 (0.28%)  
[  8]   4.00-5.00   sec  2.40 MBytes  20.1 Mbits/sec  0.433 ms  5/1800 (0.28%)  
[  8]   5.00-6.00   sec  2.37 MBytes  19.9 Mbits/sec  0.477 ms  3/1780 (0.17%)  
[  8]   6.00-7.00   sec  2.35 MBytes  19.7 Mbits/sec  0.518 ms  27/1784 (1.5%)  
[  8]   7.00-8.00   sec  2.38 MBytes  20.0 Mbits/sec  0.536 ms  8/1791 (0.45%)  
[  8]   8.00-9.00   sec  2.37 MBytes  19.9 Mbits/sec  0.646 ms  8/1781 (0.45%)  
[  8]   9.00-10.00  sec  2.38 MBytes  19.9 Mbits/sec  0.601 ms  9/1789 (0.5%)  
[  8]  10.00-11.00  sec  2.36 MBytes  19.8 Mbits/sec  0.549 ms  20/1784 (1.1%)  
[  8]  11.00-12.00  sec  2.36 MBytes  19.7 Mbits/sec  0.712 ms  7/1771 (0.4%)  
[  8]  12.00-13.00  sec  2.33 MBytes  19.5 Mbits/sec  0.545 ms  62/1806 (3.4%)  
[  8]  13.00-14.00  sec  2.27 MBytes  19.1 Mbits/sec  0.650 ms  76/1776 (4.3%)  
[  8]  14.00-15.00  sec  2.39 MBytes  20.0 Mbits/sec  0.651 ms  2/1789 (0.11%)  
[  8]  15.00-16.00  sec  2.38 MBytes  19.9 Mbits/sec  0.460 ms  6/1787 (0.34%)  
[  8]  16.00-17.00  sec  2.36 MBytes  19.8 Mbits/sec  0.649 ms  18/1787 (1%)  
[  8]  17.00-18.00  sec  2.35 MBytes  19.7 Mbits/sec  0.703 ms  8/1765 (0.45%)  
[  8]  18.00-19.00  sec  2.41 MBytes  20.2 Mbits/sec  0.595 ms  3/1805 (0.17%)  
[  8]  19.00-20.00  sec  2.38 MBytes  20.0 Mbits/sec  0.685 ms  0/1785 (0%)  
[  8]  20.00-21.00  sec  2.38 MBytes  20.0 Mbits/sec  0.617 ms  0/1786 (0%)  
[  8]  21.00-22.00  sec  2.36 MBytes  19.8 Mbits/sec  0.748 ms  7/1777 (0.39%)  
[  8]  22.00-23.00  sec  2.35 MBytes  19.7 Mbits/sec  0.654 ms  31/1789 (1.7%)  
[  8]  23.00-24.00  sec  2.39 MBytes  20.0 Mbits/sec  0.500 ms  2/1789 (0.11%)  
[  8]  24.00-25.00  sec  2.29 MBytes  19.2 Mbits/sec  0.783 ms  69/1784 (3.9%)  
[  8]  25.00-26.00  sec  2.35 MBytes  19.7 Mbits/sec  0.619 ms  24/1782 (1.3%)  
[  8]  26.00-27.00  sec  2.38 MBytes  20.0 Mbits/sec  0.727 ms  7/1793 (0.39%)  
[  8]  27.00-28.00  sec  2.32 MBytes  19.5 Mbits/sec  0.676 ms  45/1786 (2.5%)  
[  8]  28.00-29.00  sec  2.37 MBytes  19.9 Mbits/sec  0.558 ms  13/1788 (0.73%)  
[  8]  29.00-30.00  sec  2.37 MBytes  19.9 Mbits/sec  0.371 ms  17/1790 (0.95%)  
[  8]  30.00-31.00  sec  2.38 MBytes  20.0 Mbits/sec  0.545 ms  1/1785 (0.056%)  
[  8]  31.00-32.00  sec  2.35 MBytes  19.7 Mbits/sec  0.434 ms  23/1785 (1.3%)  
[  8]  32.00-33.00  sec  2.36 MBytes  19.8 Mbits/sec  0.433 ms  14/1781 (0.79%)  
[  8]  33.00-34.00  sec  2.36 MBytes  19.8 Mbits/sec  0.544 ms  23/1791 (1.3%)  
[  8]  34.00-35.00  sec  2.22 MBytes  18.6 Mbits/sec  0.758 ms  117/1780 (6.6%)  
[  8]  35.00-36.00  sec  2.22 MBytes  18.6 Mbits/sec  0.577 ms  120/1786 (6.7%)  
[  8]  36.00-37.00  sec  2.35 MBytes  19.7 Mbits/sec  0.489 ms  25/1786 (1.4%)  
[  8]  37.00-38.00  sec  2.31 MBytes  19.4 Mbits/sec  0.753 ms  54/1787 (3%)  
[  8]  38.00-39.00  sec  2.31 MBytes  19.4 Mbits/sec  0.440 ms  57/1786 (3.2%)  
[  8]  39.00-40.00  sec  2.28 MBytes  19.1 Mbits/sec  0.835 ms  5/1712 (0.29%)  
[  8]  40.00-41.00  sec  1.75 MBytes  14.7 Mbits/sec  0.708 ms  545/1856 (29%)  
[  8]  41.00-42.00  sec  1.49 MBytes  12.5 Mbits/sec  0.987 ms  599/1712 (35%)  
[  8]  42.00-43.00  sec  1.97 MBytes  16.6 Mbits/sec  0.654 ms  329/1807 (18%)  
[  8]  43.00-44.00  sec  2.04 MBytes  17.1 Mbits/sec  1.600 ms  263/1789 (15%)  
[  8]  44.00-45.00  sec  2.27 MBytes  19.0 Mbits/sec  0.589 ms  137/1836 (7.5%)  
[  8]  45.00-46.00  sec  2.30 MBytes  19.3 Mbits/sec  0.586 ms  61/1787 (3.4%)  
[  8]  46.00-47.00  sec  2.32 MBytes  19.5 Mbits/sec  0.684 ms  46/1786 (2.6%)  
[  8]  47.00-48.00  sec  2.26 MBytes  19.0 Mbits/sec  0.841 ms  71/1766 (4%)  
[  8]  48.00-49.00  sec  2.31 MBytes  19.4 Mbits/sec  0.824 ms  57/1790 (3.2%)  
[  8]  49.00-50.00  sec  2.35 MBytes  19.7 Mbits/sec  1.050 ms  31/1790 (1.7%)  
[  8]  50.00-51.00  sec  2.39 MBytes  20.0 Mbits/sec  0.781 ms  5/1795 (0.28%)  
[  8]  51.00-52.00  sec  2.32 MBytes  19.5 Mbits/sec  0.690 ms  49/1790 (2.7%)  
[  8]  52.00-53.00  sec  2.25 MBytes  18.9 Mbits/sec  0.828 ms  89/1774 (5%)  
[  8]  53.00-54.00  sec  2.33 MBytes  19.5 Mbits/sec  0.544 ms  47/1789 (2.6%)  
[  8]  54.00-55.00  sec  2.26 MBytes  19.0 Mbits/sec  0.935 ms  85/1780 (4.8%)  
[  8]  55.00-56.00  sec  2.33 MBytes  19.6 Mbits/sec  0.777 ms  47/1795 (2.6%)  
[  8]  56.00-57.00  sec  2.35 MBytes  19.7 Mbits/sec  0.222 ms  25/1783 (1.4%)  
[  8]  57.00-58.00  sec  1.81 MBytes  15.2 Mbits/sec  0.423 ms  426/1784 (24%)  
[  8]  58.00-59.00  sec  1.94 MBytes  16.3 Mbits/sec  0.675 ms  337/1791 (19%)  
[  8]  59.00-60.00  sec  2.38 MBytes  19.9 Mbits/sec  0.429 ms  4/1783 (0.22%)  
[  8]  60.00-61.00  sec  2.20 MBytes  18.5 Mbits/sec  1.241 ms  50/1699 (2.9%)  
[  8]  61.00-62.00  sec  2.28 MBytes  19.1 Mbits/sec  0.233 ms  164/1868 (8.8%)  
[  8]  62.00-63.00  sec  2.26 MBytes  18.9 Mbits/sec  0.491 ms  81/1772 (4.6%)  
[  8]  63.00-64.00  sec  2.20 MBytes  18.4 Mbits/sec  0.503 ms  158/1806 (8.7%)  
[  8]  64.00-65.00  sec  2.21 MBytes  18.5 Mbits/sec  0.828 ms  57/1709 (3.3%)  
[  8]  65.00-66.00  sec  2.35 MBytes  19.7 Mbits/sec  0.235 ms  104/1863 (5.6%)  
[  8]  66.00-67.00  sec  2.38 MBytes  20.0 Mbits/sec  0.346 ms  2/1788 (0.11%)  
[  8]  67.00-68.00  sec  2.31 MBytes  19.4 Mbits/sec  0.398 ms  54/1782 (3%)  
[  8]  68.00-69.00  sec  2.32 MBytes  19.4 Mbits/sec  0.981 ms  36/1770 (2%)  
[  8]  69.00-70.00  sec  2.31 MBytes  19.4 Mbits/sec  0.289 ms  62/1793 (3.5%)  
[  8]  70.00-71.00  sec  2.30 MBytes  19.2 Mbits/sec  1.051 ms  45/1765 (2.5%)  
[  8]  71.00-72.00  sec  2.03 MBytes  17.0 Mbits/sec  0.735 ms  240/1758 (14%)  
[  8]  72.00-73.00  sec  2.07 MBytes  17.3 Mbits/sec  0.619 ms  292/1839 (16%)  
[  8]  73.00-74.00  sec  2.30 MBytes  19.3 Mbits/sec  0.530 ms  69/1795 (3.8%)  
[  8]  74.00-75.00  sec  2.27 MBytes  19.0 Mbits/sec  0.612 ms  86/1787 (4.8%)  
[  8]  75.00-76.00  sec  2.27 MBytes  19.1 Mbits/sec  1.070 ms  45/1748 (2.6%)  
[  8]  76.00-77.00  sec  2.37 MBytes  19.9 Mbits/sec  0.332 ms  35/1812 (1.9%)  
[  8]  77.00-78.00  sec  2.38 MBytes  20.0 Mbits/sec  0.680 ms  6/1790 (0.34%)  
[  8]  78.00-79.00  sec  2.25 MBytes  18.9 Mbits/sec  0.800 ms  106/1791 (5.9%)  
[  8]  79.00-80.00  sec  2.00 MBytes  16.8 Mbits/sec  1.527 ms  262/1759 (15%)  
[  8]  80.00-81.00  sec  2.26 MBytes  19.0 Mbits/sec  1.092 ms  103/1797 (5.7%)  
[  8]  81.00-82.00  sec  2.06 MBytes  17.2 Mbits/sec  1.329 ms  234/1774 (13%)  
[  8]  82.00-83.00  sec  1.57 MBytes  13.2 Mbits/sec  0.560 ms  625/1800 (35%)  
[  8]  83.00-84.00  sec  2.17 MBytes  18.2 Mbits/sec  0.299 ms  134/1763 (7.6%)  
[  8]  84.00-85.00  sec  2.19 MBytes  18.3 Mbits/sec  0.495 ms  184/1821 (10%)  
[  8]  85.00-86.00  sec  2.32 MBytes  19.4 Mbits/sec  0.642 ms  46/1783 (2.6%)  
[  8]  86.00-87.00  sec  2.32 MBytes  19.5 Mbits/sec  0.661 ms  38/1774 (2.1%)  
[  8]  87.00-88.00  sec  2.36 MBytes  19.8 Mbits/sec  0.571 ms  21/1790 (1.2%)  
[  8]  88.00-89.00  sec  2.19 MBytes  18.4 Mbits/sec  0.646 ms  155/1794 (8.6%)  
[  8]  89.00-90.00  sec  2.22 MBytes  18.6 Mbits/sec  1.165 ms  89/1754 (5.1%)  
[  8]  90.00-91.00  sec  2.28 MBytes  19.1 Mbits/sec  0.738 ms  108/1816 (5.9%)  
[  8]  91.00-92.00  sec  2.32 MBytes  19.4 Mbits/sec  0.450 ms  52/1787 (2.9%)  
[  8]  92.00-93.00  sec  2.24 MBytes  18.8 Mbits/sec  0.746 ms  102/1779 (5.7%)  
[  8]  93.00-94.00  sec  1.44 MBytes  12.1 Mbits/sec  1.722 ms  315/1396 (23%)  
[  8]  94.00-95.00  sec  2.48 MBytes  20.8 Mbits/sec  0.515 ms  328/2186 (15%)  
[  8]  95.00-96.00  sec  2.32 MBytes  19.4 Mbits/sec  0.534 ms  29/1763 (1.6%)  
[  8]  96.00-97.00  sec  2.28 MBytes  19.1 Mbits/sec  0.395 ms  92/1802 (5.1%)  
[  8]  97.00-98.00  sec  2.25 MBytes  18.9 Mbits/sec  0.629 ms  100/1787 (5.6%)  
[  8]  98.00-99.00  sec  2.25 MBytes  18.8 Mbits/sec  1.108 ms  80/1763 (4.5%)  
[  8]  99.00-100.00 sec  2.35 MBytes  19.7 Mbits/sec  0.867 ms  39/1802 (2.2%)  
[  8] 100.00-101.00 sec  2.31 MBytes  19.4 Mbits/sec  0.860 ms  54/1784 (3%)  
[  8] 101.00-102.00 sec  2.34 MBytes  19.7 Mbits/sec  0.719 ms  41/1796 (2.3%)  
[  8] 102.00-103.00 sec  2.04 MBytes  17.1 Mbits/sec  0.632 ms  252/1782 (14%)  
[  8] 103.00-104.00 sec  2.35 MBytes  19.7 Mbits/sec  0.710 ms  21/1784 (1.2%)  
[  8] 104.00-105.00 sec  2.38 MBytes  19.9 Mbits/sec  0.612 ms  7/1787 (0.39%)  
[  8] 105.00-106.00 sec  2.36 MBytes  19.8 Mbits/sec  0.795 ms  18/1784 (1%)  
[  8] 106.00-107.00 sec  2.35 MBytes  19.7 Mbits/sec  0.637 ms  32/1791 (1.8%)  
[  8] 107.00-108.00 sec  2.32 MBytes  19.5 Mbits/sec  0.535 ms  49/1790 (2.7%)  
[  8] 108.00-109.00 sec  2.28 MBytes  19.2 Mbits/sec  0.853 ms  33/1743 (1.9%)  
[  8] 109.00-110.00 sec  2.35 MBytes  19.7 Mbits/sec  0.729 ms  54/1812 (3%)  
[  8] 110.00-111.00 sec  2.30 MBytes  19.3 Mbits/sec  0.310 ms  71/1796 (4%)  
[  8] 111.00-112.00 sec  2.01 MBytes  16.8 Mbits/sec  0.939 ms  267/1769 (15%)  
[  8] 112.00-113.00 sec  2.33 MBytes  19.5 Mbits/sec  0.476 ms  57/1801 (3.2%)  
[  8] 113.00-114.00 sec  2.35 MBytes  19.7 Mbits/sec  0.622 ms  30/1788 (1.7%)  
[  8] 114.00-115.00 sec  2.38 MBytes  20.0 Mbits/sec  0.858 ms  1/1784 (0.056%)  
[  8] 115.00-116.00 sec  2.34 MBytes  19.7 Mbits/sec  0.933 ms  26/1781 (1.5%)  
[  8] 116.00-117.00 sec  2.34 MBytes  19.6 Mbits/sec  0.652 ms  39/1792 (2.2%)  
[  8] 117.00-118.00 sec  2.37 MBytes  19.9 Mbits/sec  0.270 ms  14/1787 (0.78%)  
[  8] 118.00-119.00 sec  2.30 MBytes  19.3 Mbits/sec  0.879 ms  46/1772 (2.6%)  
[  8] 119.00-120.00 sec  2.37 MBytes  19.9 Mbits/sec  0.660 ms  24/1801 (1.3%)  
[  8] 120.00-121.00 sec  2.34 MBytes  19.6 Mbits/sec  0.664 ms  26/1779 (1.5%)  
[  8] 121.00-122.00 sec  2.36 MBytes  19.8 Mbits/sec  0.751 ms  22/1788 (1.2%)  
[  8] 122.00-123.00 sec  2.35 MBytes  19.7 Mbits/sec  0.763 ms  25/1784 (1.4%)  
[  8] 123.00-124.00 sec  2.38 MBytes  20.0 Mbits/sec  0.571 ms  8/1790 (0.45%)  
[  8] 124.00-125.00 sec  2.21 MBytes  18.5 Mbits/sec  0.865 ms  126/1781 (7.1%)  
[  8] 125.00-126.00 sec  2.30 MBytes  19.3 Mbits/sec  0.624 ms  68/1792 (3.8%)  
[  8] 126.00-127.00 sec  2.29 MBytes  19.2 Mbits/sec  0.694 ms  68/1782 (3.8%)  
[  8] 127.00-128.00 sec  2.25 MBytes  18.8 Mbits/sec  0.469 ms  105/1787 (5.9%)  
[  8] 128.00-129.00 sec  2.34 MBytes  19.7 Mbits/sec  0.880 ms  23/1778 (1.3%)  
[  8] 129.00-130.00 sec  1.96 MBytes  16.4 Mbits/sec  2.493 ms  251/1716 (15%)  
[  8] 130.00-131.00 sec  2.38 MBytes  20.0 Mbits/sec  0.472 ms  78/1864 (4.2%)  
[  8] 131.00-132.00 sec  2.36 MBytes  19.8 Mbits/sec  0.859 ms  7/1777 (0.39%)  
[  8] 132.00-133.00 sec  2.37 MBytes  19.9 Mbits/sec  0.682 ms  13/1789 (0.73%)  
[  8] 133.00-134.00 sec  2.36 MBytes  19.8 Mbits/sec  0.786 ms  9/1780 (0.51%)  
[  8] 134.00-135.00 sec  2.40 MBytes  20.1 Mbits/sec  0.379 ms  0/1798 (0%)  
[  8] 135.00-136.00 sec  2.37 MBytes  19.9 Mbits/sec  0.374 ms  4/1778 (0.22%)  
[  8] 136.00-137.00 sec  2.31 MBytes  19.4 Mbits/sec  0.499 ms  57/1789 (3.2%)  
[  8] 137.00-138.00 sec  2.28 MBytes  19.1 Mbits/sec  0.632 ms  77/1786 (4.3%)  
[  8] 138.00-139.00 sec  2.32 MBytes  19.5 Mbits/sec  0.442 ms  43/1783 (2.4%)  
[  8] 139.00-140.00 sec  2.27 MBytes  19.0 Mbits/sec  0.665 ms  90/1792 (5%)  
[  8] 140.00-141.00 sec  2.38 MBytes  20.0 Mbits/sec  0.685 ms  6/1787 (0.34%)  
[  8] 141.00-142.00 sec  2.35 MBytes  19.7 Mbits/sec  0.598 ms  21/1779 (1.2%)  
[  8] 142.00-143.00 sec  2.39 MBytes  20.0 Mbits/sec  0.591 ms  0/1788 (0%)  
[  8] 143.00-144.00 sec  2.33 MBytes  19.5 Mbits/sec  0.985 ms  29/1775 (1.6%)  
[  8] 144.00-145.00 sec  2.36 MBytes  19.9 Mbits/sec  0.640 ms  31/1800 (1.7%)  
[  8] 145.00-146.00 sec  2.37 MBytes  19.9 Mbits/sec  0.654 ms  9/1782 (0.51%)  
[  8] 146.00-147.00 sec  2.37 MBytes  19.9 Mbits/sec  0.556 ms  13/1789 (0.73%)  
[  8] 147.00-148.00 sec  2.30 MBytes  19.3 Mbits/sec  0.502 ms  64/1784 (3.6%)  
[  8] 148.00-149.00 sec  2.36 MBytes  19.8 Mbits/sec  0.831 ms  19/1784 (1.1%)  
[  8] 149.00-150.00 sec  2.26 MBytes  19.0 Mbits/sec  0.639 ms  93/1785 (5.2%)  
[  8] 150.00-151.00 sec  2.35 MBytes  19.7 Mbits/sec  0.592 ms  27/1784 (1.5%)  
[  8] 151.00-152.00 sec  2.38 MBytes  19.9 Mbits/sec  0.519 ms  6/1786 (0.34%)  
[  8] 152.00-153.00 sec  2.36 MBytes  19.8 Mbits/sec  0.425 ms  2/1770 (0.11%)  
[  8] 153.00-154.00 sec  2.19 MBytes  18.4 Mbits/sec  1.035 ms  145/1789 (8.1%)  
[  8] 154.00-155.00 sec  2.40 MBytes  20.2 Mbits/sec  0.473 ms  5/1805 (0.28%)  
[  8] 155.00-156.00 sec  2.37 MBytes  19.9 Mbits/sec  0.383 ms  4/1778 (0.22%)  
[  8] 156.00-157.00 sec  2.34 MBytes  19.6 Mbits/sec  0.310 ms  37/1789 (2.1%)  
[  8] 157.00-158.00 sec  2.28 MBytes  19.1 Mbits/sec  0.446 ms  51/1758 (2.9%)  
[  8] 158.00-159.00 sec  2.34 MBytes  19.7 Mbits/sec  0.452 ms  49/1804 (2.7%)  
[  8] 159.00-160.00 sec  2.34 MBytes  19.7 Mbits/sec  0.511 ms  36/1792 (2%)  
[  8] 160.00-161.00 sec  2.30 MBytes  19.3 Mbits/sec  0.766 ms  62/1783 (3.5%)  
[  8] 161.00-162.00 sec  2.35 MBytes  19.7 Mbits/sec  0.672 ms  38/1796 (2.1%)  
[  8] 162.00-163.00 sec  2.20 MBytes  18.5 Mbits/sec  0.703 ms  133/1781 (7.5%)  
[  8] 163.00-164.00 sec  2.36 MBytes  19.8 Mbits/sec  0.368 ms  16/1787 (0.9%)  
[  8] 164.00-165.00 sec  2.36 MBytes  19.8 Mbits/sec  0.409 ms  17/1786 (0.95%)  
[  8] 165.00-166.00 sec  2.36 MBytes  19.8 Mbits/sec  0.740 ms  12/1776 (0.68%)  
[  8] 166.00-167.00 sec  2.35 MBytes  19.7 Mbits/sec  0.763 ms  28/1786 (1.6%)  
[  8] 167.00-168.00 sec  2.24 MBytes  18.8 Mbits/sec  0.985 ms  100/1776 (5.6%)  
[  8] 168.00-169.00 sec  2.29 MBytes  19.2 Mbits/sec  1.115 ms  73/1785 (4.1%)  
[  8] 169.00-170.00 sec  2.33 MBytes  19.6 Mbits/sec  0.767 ms  51/1798 (2.8%)  
[  8] 170.00-171.00 sec  2.39 MBytes  20.1 Mbits/sec  0.516 ms  3/1795 (0.17%)  
[  8] 171.00-172.00 sec  2.27 MBytes  19.0 Mbits/sec  0.876 ms  21/1721 (1.2%)  
[  8] 172.00-173.00 sec  2.09 MBytes  17.5 Mbits/sec  0.762 ms  268/1834 (15%)  
[  8] 173.00-174.00 sec  2.36 MBytes  19.8 Mbits/sec  0.710 ms  35/1800 (1.9%)  
[  8] 174.00-175.00 sec  2.37 MBytes  19.9 Mbits/sec  0.637 ms  13/1788 (0.73%)  
[  8] 175.00-176.00 sec  2.37 MBytes  19.9 Mbits/sec  0.358 ms  0/1777 (0%)  
[  8] 176.00-177.00 sec  2.37 MBytes  19.8 Mbits/sec  0.745 ms  16/1788 (0.89%)  
[  8] 177.00-178.00 sec  2.38 MBytes  20.0 Mbits/sec  0.277 ms  7/1793 (0.39%)  
[  8] 178.00-179.00 sec  2.34 MBytes  19.6 Mbits/sec  0.680 ms  0/1750 (0%)  
[  8] 179.00-180.00 sec  2.35 MBytes  19.7 Mbits/sec  0.705 ms  56/1817 (3.1%)  
[  8] 180.00-181.00 sec  2.09 MBytes  17.5 Mbits/sec  1.099 ms  209/1773 (12%)  
[  8] 181.00-182.00 sec  2.34 MBytes  19.6 Mbits/sec  0.581 ms  49/1800 (2.7%)  
[  8] 182.00-183.00 sec  2.12 MBytes  17.8 Mbits/sec  0.737 ms  20/1609 (1.2%)  
[  8] 183.00-184.00 sec  1.66 MBytes  14.0 Mbits/sec  0.579 ms  712/1959 (36%)  
[  8] 184.00-185.00 sec  2.35 MBytes  19.7 Mbits/sec  0.593 ms  31/1793 (1.7%)  
[  8] 185.00-186.00 sec  2.31 MBytes  19.3 Mbits/sec  0.746 ms  42/1769 (2.4%)  
[  8] 186.00-187.00 sec  2.23 MBytes  18.7 Mbits/sec  0.709 ms  131/1799 (7.3%)  
[  8] 187.00-188.00 sec  2.33 MBytes  19.6 Mbits/sec  0.560 ms  31/1778 (1.7%)  
[  8] 188.00-189.00 sec  2.36 MBytes  19.8 Mbits/sec  0.706 ms  21/1788 (1.2%)  
[  8] 189.00-190.00 sec  1.94 MBytes  16.3 Mbits/sec  0.783 ms  195/1646 (12%)  
[  8] 190.00-191.00 sec  2.48 MBytes  20.8 Mbits/sec  0.602 ms  58/1917 (3%)  
[  8] 191.00-192.00 sec  2.36 MBytes  19.8 Mbits/sec  0.519 ms  29/1796 (1.6%)  
[  8] 192.00-193.00 sec  2.34 MBytes  19.7 Mbits/sec  0.430 ms  24/1780 (1.3%)  
[  8] 193.00-194.00 sec  2.36 MBytes  19.8 Mbits/sec  0.637 ms  28/1793 (1.6%)  
[  8] 194.00-195.00 sec  2.30 MBytes  19.3 Mbits/sec  0.741 ms  65/1785 (3.6%)  
[  8] 195.00-196.00 sec  2.28 MBytes  19.2 Mbits/sec  0.715 ms  75/1786 (4.2%)  
[  8] 196.00-197.00 sec  2.36 MBytes  19.8 Mbits/sec  0.409 ms  25/1790 (1.4%)  
[  8] 197.00-198.00 sec  2.35 MBytes  19.7 Mbits/sec  0.536 ms  17/1776 (0.96%)  
[  8] 198.00-199.00 sec  2.38 MBytes  19.9 Mbits/sec  0.721 ms  13/1794 (0.72%)  
[  8] 199.00-200.00 sec  2.36 MBytes  19.8 Mbits/sec  0.603 ms  4/1773 (0.23%)  
[  8] 200.00-201.00 sec  2.31 MBytes  19.4 Mbits/sec  0.657 ms  61/1792 (3.4%)  
[  8] 201.00-202.00 sec  2.38 MBytes  20.0 Mbits/sec  0.600 ms  3/1788 (0.17%)  
[  8] 202.00-203.00 sec  2.36 MBytes  19.8 Mbits/sec  0.466 ms  18/1787 (1%)  
[  8] 203.00-204.00 sec  2.35 MBytes  19.7 Mbits/sec  0.233 ms  25/1783 (1.4%)  
[  8] 204.00-205.00 sec  2.36 MBytes  19.8 Mbits/sec  0.383 ms  27/1791 (1.5%)  
[  8] 205.00-206.00 sec  2.38 MBytes  20.0 Mbits/sec  0.583 ms  0/1785 (0%)  
[  8] 206.00-207.00 sec  2.38 MBytes  19.9 Mbits/sec  0.719 ms  9/1788 (0.5%)  
[  8] 207.00-208.00 sec  2.36 MBytes  19.8 Mbits/sec  0.475 ms  11/1779 (0.62%)  
[  8] 208.00-209.00 sec  2.36 MBytes  19.8 Mbits/sec  0.571 ms  26/1791 (1.5%)  
[  8] 209.00-210.00 sec  2.32 MBytes  19.5 Mbits/sec  0.561 ms  40/1780 (2.2%)  
[  8] 210.00-211.00 sec  1.17 MBytes  9.83 Mbits/sec  1.341 ms  480/1358 (35%)  
[  8] 211.00-212.00 sec  1.68 MBytes  14.1 Mbits/sec  0.961 ms  677/1934 (35%)  
[  8] 212.00-213.00 sec  2.33 MBytes  19.6 Mbits/sec  0.632 ms  160/1908 (8.4%)  
[  8] 213.00-214.00 sec  2.56 MBytes  21.4 Mbits/sec  0.768 ms  27/1941 (1.4%)  
[  8] 214.00-215.00 sec  2.34 MBytes  19.7 Mbits/sec  0.867 ms  18/1773 (1%)  
[  8] 215.00-216.00 sec  2.31 MBytes  19.4 Mbits/sec  0.675 ms  74/1803 (4.1%)  
[  8] 216.00-217.00 sec  2.35 MBytes  19.7 Mbits/sec  0.664 ms  29/1788 (1.6%)  
[  8] 217.00-218.00 sec  2.33 MBytes  19.5 Mbits/sec  0.493 ms  41/1784 (2.3%)  
[  8] 218.00-219.00 sec  2.32 MBytes  19.5 Mbits/sec  0.562 ms  47/1786 (2.6%)  
[  8] 219.00-220.00 sec  2.36 MBytes  19.8 Mbits/sec  0.516 ms  17/1787 (0.95%)  
[  8] 220.00-221.00 sec  2.34 MBytes  19.6 Mbits/sec  0.660 ms  33/1782 (1.9%)  
[  8] 221.00-222.00 sec  2.33 MBytes  19.5 Mbits/sec  0.884 ms  39/1781 (2.2%)  
[  8] 222.00-223.00 sec  2.31 MBytes  19.3 Mbits/sec  0.675 ms  53/1781 (3%)  
[  8] 223.00-224.00 sec  2.38 MBytes  20.0 Mbits/sec  0.477 ms  17/1796 (0.95%)  
[  8] 224.00-225.00 sec  2.37 MBytes  19.9 Mbits/sec  0.550 ms  9/1787 (0.5%)  
[  8] 225.00-226.00 sec  2.37 MBytes  19.9 Mbits/sec  0.454 ms  8/1786 (0.45%)  
[  8] 226.00-227.00 sec  2.34 MBytes  19.7 Mbits/sec  0.269 ms  26/1780 (1.5%)  
[  8] 227.00-228.00 sec  2.33 MBytes  19.5 Mbits/sec  0.689 ms  43/1788 (2.4%)  
[  8] 228.00-229.00 sec  2.37 MBytes  19.9 Mbits/sec  0.482 ms  18/1791 (1%)  
[  8] 229.00-230.00 sec  2.31 MBytes  19.4 Mbits/sec  0.612 ms  56/1787 (3.1%)  
[  8] 230.00-231.00 sec  2.38 MBytes  20.0 Mbits/sec  0.711 ms  3/1784 (0.17%)  
[  8] 231.00-232.00 sec  2.38 MBytes  20.0 Mbits/sec  0.509 ms  5/1789 (0.28%)  
[  8] 232.00-233.00 sec  2.37 MBytes  19.9 Mbits/sec  0.522 ms  6/1783 (0.34%)  
[  8] 233.00-234.00 sec  2.34 MBytes  19.6 Mbits/sec  0.423 ms  38/1787 (2.1%)  
[  8] 234.00-235.00 sec  2.37 MBytes  19.9 Mbits/sec  0.329 ms  11/1788 (0.62%)  
[  8] 235.00-236.00 sec  2.38 MBytes  20.0 Mbits/sec  0.464 ms  0/1785 (0%)  
[  8] 236.00-237.00 sec  2.39 MBytes  20.0 Mbits/sec  0.699 ms  0/1788 (0%)  
[  8] 237.00-238.00 sec  2.36 MBytes  19.8 Mbits/sec  0.408 ms  13/1782 (0.73%)  
[  8] 238.00-239.00 sec  2.34 MBytes  19.7 Mbits/sec  0.885 ms  23/1778 (1.3%)  
[  8] 239.00-240.00 sec  2.38 MBytes  20.0 Mbits/sec  0.558 ms  10/1795 (0.56%)  
[  8] 240.00-241.00 sec  2.32 MBytes  19.5 Mbits/sec  0.854 ms  29/1770 (1.6%)  
[  8] 241.00-242.00 sec  2.28 MBytes  19.1 Mbits/sec  0.815 ms  86/1793 (4.8%)  
[  8] 242.00-243.00 sec  2.35 MBytes  19.7 Mbits/sec  0.583 ms  29/1792 (1.6%)  
[  8] 243.00-244.00 sec  2.36 MBytes  19.8 Mbits/sec  0.378 ms  16/1783 (0.9%)  
[  8] 244.00-245.00 sec  1.89 MBytes  15.9 Mbits/sec  1.115 ms  62/1478 (4.2%)  
[  8] 245.00-246.00 sec  1.88 MBytes  15.8 Mbits/sec  0.715 ms  670/2077 (32%)  
[  8] 246.00-247.00 sec  2.30 MBytes  19.3 Mbits/sec  0.524 ms  70/1792 (3.9%)  
[  8] 247.00-248.00 sec  2.40 MBytes  20.1 Mbits/sec  0.529 ms  5/1800 (0.28%)  
[  8] 248.00-249.00 sec  2.34 MBytes  19.6 Mbits/sec  0.343 ms  32/1785 (1.8%)  
[  8] 249.00-250.00 sec  2.37 MBytes  19.9 Mbits/sec  0.522 ms  15/1789 (0.84%)  
[  8] 250.00-251.00 sec  2.31 MBytes  19.4 Mbits/sec  0.601 ms  54/1784 (3%)  
[  8] 251.00-252.00 sec  2.30 MBytes  19.3 Mbits/sec  0.748 ms  57/1777 (3.2%)  
[  8] 252.00-253.00 sec  1.73 MBytes  14.5 Mbits/sec  0.968 ms  132/1425 (9.3%)  
[  8] 253.00-254.00 sec  1.93 MBytes  16.2 Mbits/sec  0.292 ms  699/2145 (33%)  
[  8] 254.00-255.00 sec  2.32 MBytes  19.4 Mbits/sec  1.124 ms  41/1777 (2.3%)  
[  8] 255.00-256.00 sec  2.36 MBytes  19.8 Mbits/sec  0.660 ms  29/1798 (1.6%)  
[  8] 256.00-257.00 sec  2.31 MBytes  19.4 Mbits/sec  0.589 ms  52/1785 (2.9%)  
[  8] 257.00-258.00 sec  2.35 MBytes  19.7 Mbits/sec  0.537 ms  26/1784 (1.5%)  
[  8] 258.00-259.00 sec  2.29 MBytes  19.2 Mbits/sec  0.447 ms  78/1792 (4.4%)  
[  8] 259.00-260.00 sec  2.31 MBytes  19.4 Mbits/sec  0.345 ms  48/1779 (2.7%)  
[  8] 260.00-261.00 sec  2.39 MBytes  20.0 Mbits/sec  0.411 ms  2/1791 (0.11%)  
[  8] 261.00-262.00 sec  2.37 MBytes  19.9 Mbits/sec  0.600 ms  1/1777 (0.056%)  
[  8] 262.00-263.00 sec  1.97 MBytes  16.5 Mbits/sec  0.967 ms  61/1533 (4%)  
[  8] 263.00-264.00 sec  1.79 MBytes  15.0 Mbits/sec  0.461 ms  427/1770 (24%)  
[  8] 264.00-265.00 sec  1.68 MBytes  14.1 Mbits/sec  0.573 ms  802/2059 (39%)  
[  8] 265.00-266.00 sec  2.38 MBytes  20.0 Mbits/sec  0.572 ms  8/1790 (0.45%)  
[  8] 266.00-267.00 sec  2.38 MBytes  19.9 Mbits/sec  0.496 ms  3/1784 (0.17%)  
[  8] 267.00-268.00 sec  2.36 MBytes  19.8 Mbits/sec  0.804 ms  13/1777 (0.73%)  
[  8] 268.00-269.00 sec  2.37 MBytes  19.9 Mbits/sec  0.488 ms  22/1796 (1.2%)  
[  8] 269.00-270.00 sec  2.37 MBytes  19.8 Mbits/sec  0.542 ms  14/1786 (0.78%)  
[  8] 270.00-271.00 sec  2.34 MBytes  19.6 Mbits/sec  0.572 ms  27/1779 (1.5%)  
[  8] 271.00-272.00 sec  2.35 MBytes  19.7 Mbits/sec  0.603 ms  22/1779 (1.2%)  
[  8] 272.00-273.00 sec  2.35 MBytes  19.7 Mbits/sec  0.746 ms  35/1792 (2%)  
[  8] 273.00-274.00 sec  2.24 MBytes  18.8 Mbits/sec  0.307 ms  30/1705 (1.8%)  
[  8] 274.00-275.00 sec  1.86 MBytes  15.6 Mbits/sec  1.163 ms  14/1406 (1%)  
[  8] 275.00-276.00 sec  1.91 MBytes  16.1 Mbits/sec  0.668 ms  634/2068 (31%)  
[  8] 276.00-277.00 sec  2.45 MBytes  20.6 Mbits/sec  0.680 ms  135/1971 (6.8%)  
[  8] 277.00-278.00 sec  2.22 MBytes  18.7 Mbits/sec  0.460 ms  102/1768 (5.8%)  
[  8] 278.00-279.00 sec  2.38 MBytes  20.0 Mbits/sec  0.935 ms  8/1794 (0.45%)  
[  8] 279.00-280.00 sec  2.38 MBytes  20.0 Mbits/sec  0.369 ms  11/1795 (0.61%)  
[  8] 280.00-281.00 sec  2.34 MBytes  19.7 Mbits/sec  0.447 ms  32/1788 (1.8%)  
[  8] 281.00-282.00 sec  2.34 MBytes  19.6 Mbits/sec  0.338 ms  30/1782 (1.7%)  
[  8] 282.00-283.00 sec  2.32 MBytes  19.5 Mbits/sec  0.433 ms  51/1789 (2.9%)  
[  8] 283.00-284.00 sec  2.35 MBytes  19.7 Mbits/sec  0.501 ms  15/1778 (0.84%)  
[  8] 284.00-285.00 sec  2.37 MBytes  19.9 Mbits/sec  0.480 ms  10/1786 (0.56%)  
[  8] 285.00-286.00 sec  2.37 MBytes  19.9 Mbits/sec  0.342 ms  19/1793 (1.1%)  
[  8] 286.00-287.00 sec  2.35 MBytes  19.7 Mbits/sec  0.272 ms  25/1782 (1.4%)  
[  8] 287.00-288.00 sec  2.35 MBytes  19.7 Mbits/sec  0.314 ms  21/1784 (1.2%)  
[  8] 288.00-289.00 sec  2.37 MBytes  19.8 Mbits/sec  0.443 ms  12/1784 (0.67%)  
[  8] 289.00-290.00 sec  2.34 MBytes  19.6 Mbits/sec  0.669 ms  41/1790 (2.3%)  
[  8] 290.00-291.00 sec  2.32 MBytes  19.5 Mbits/sec  1.041 ms  29/1770 (1.6%)  
[  8] 291.00-292.00 sec  2.36 MBytes  19.8 Mbits/sec  0.515 ms  33/1804 (1.8%)  
[  8] 292.00-293.00 sec  2.35 MBytes  19.7 Mbits/sec  0.586 ms  23/1784 (1.3%)  
[  8] 293.00-294.00 sec  2.25 MBytes  18.9 Mbits/sec  0.685 ms  81/1767 (4.6%)  
[  8] 294.00-295.00 sec  2.37 MBytes  19.9 Mbits/sec  0.673 ms  29/1806 (1.6%)  
[  8] 295.00-296.00 sec  2.38 MBytes  20.0 Mbits/sec  0.490 ms  7/1789 (0.39%)  
[  8] 296.00-297.00 sec  2.35 MBytes  19.7 Mbits/sec  0.516 ms  17/1777 (0.96%)  
[  8] 297.00-298.00 sec  2.37 MBytes  19.9 Mbits/sec  0.730 ms  8/1786 (0.45%)  
[  8] 298.00-299.00 sec  2.37 MBytes  19.9 Mbits/sec  0.707 ms  18/1791 (1%)  
[  8] 299.00-300.00 sec  2.38 MBytes  19.9 Mbits/sec  0.652 ms  5/1785 (0.28%)  
[  8] 300.00-301.00 sec  2.36 MBytes  19.8 Mbits/sec  0.583 ms  21/1787 (1.2%)  
[  8] 301.00-302.00 sec  2.36 MBytes  19.8 Mbits/sec  0.716 ms  18/1784 (1%)  
[  8] 302.00-303.00 sec  2.37 MBytes  19.9 Mbits/sec  0.815 ms  0/1773 (0%)  
[  8] 303.00-304.00 sec  2.33 MBytes  19.6 Mbits/sec  0.793 ms  43/1789 (2.4%)  
[  8] 304.00-305.00 sec  2.38 MBytes  20.0 Mbits/sec  0.630 ms  13/1795 (0.72%)  
[  8] 305.00-306.00 sec  2.19 MBytes  18.3 Mbits/sec  0.450 ms  59/1696 (3.5%)  
[  8] 306.00-307.00 sec  2.48 MBytes  20.8 Mbits/sec  0.618 ms  18/1877 (0.96%)  
[  8] 307.00-308.00 sec  2.37 MBytes  19.9 Mbits/sec  0.595 ms  3/1780 (0.17%)  
[  8] 308.00-309.00 sec  2.35 MBytes  19.7 Mbits/sec  0.604 ms  24/1784 (1.3%)  
[  8] 309.00-310.00 sec  2.37 MBytes  19.9 Mbits/sec  0.978 ms  15/1789 (0.84%)  
[  8] 310.00-311.00 sec  2.37 MBytes  19.9 Mbits/sec  0.418 ms  13/1790 (0.73%)  
[  8] 311.00-312.00 sec  2.38 MBytes  20.0 Mbits/sec  0.698 ms  3/1786 (0.17%)  
[  8] 312.00-313.00 sec  2.39 MBytes  20.0 Mbits/sec  0.351 ms  0/1788 (0%)  
[  8] 313.00-314.00 sec  2.34 MBytes  19.7 Mbits/sec  0.579 ms  28/1783 (1.6%)  
[  8] 314.00-315.00 sec  2.38 MBytes  20.0 Mbits/sec  0.340 ms  3/1788 (0.17%)  
[  8] 315.00-316.00 sec  2.34 MBytes  19.6 Mbits/sec  0.444 ms  28/1780 (1.6%)  
[  8] 316.00-317.00 sec  2.35 MBytes  19.8 Mbits/sec  0.713 ms  21/1784 (1.2%)  
[  8] 317.00-318.00 sec  2.28 MBytes  19.2 Mbits/sec  0.599 ms  79/1789 (4.4%)  
[  8] 318.00-319.00 sec  2.21 MBytes  18.5 Mbits/sec  0.482 ms  133/1789 (7.4%)  
[  8] 319.00-320.00 sec  2.37 MBytes  19.9 Mbits/sec  0.442 ms  7/1784 (0.39%)  
[  8] 320.00-321.00 sec  2.33 MBytes  19.6 Mbits/sec  0.685 ms  37/1784 (2.1%)  
[  8] 321.00-322.00 sec  2.32 MBytes  19.5 Mbits/sec  0.896 ms  31/1771 (1.8%)  
[  8] 322.00-323.00 sec  2.38 MBytes  20.0 Mbits/sec  0.487 ms  18/1804 (1%)  
[  8] 323.00-324.00 sec  2.35 MBytes  19.7 Mbits/sec  0.590 ms  27/1789 (1.5%)  
[  8] 324.00-325.00 sec  2.34 MBytes  19.6 Mbits/sec  0.595 ms  26/1780 (1.5%)  
[  8] 325.00-326.00 sec  2.37 MBytes  19.9 Mbits/sec  0.665 ms  14/1790 (0.78%)  
[  8] 326.00-327.00 sec  2.32 MBytes  19.4 Mbits/sec  0.604 ms  29/1765 (1.6%)  
[  8] 327.00-328.00 sec  2.34 MBytes  19.6 Mbits/sec  0.525 ms  48/1801 (2.7%)  
[  8] 328.00-329.00 sec  2.38 MBytes  20.0 Mbits/sec  0.684 ms  4/1787 (0.22%)  
[  8] 329.00-330.00 sec  2.37 MBytes  19.9 Mbits/sec  0.547 ms  13/1788 (0.73%)  
[  8] 330.00-331.00 sec  2.30 MBytes  19.3 Mbits/sec  0.676 ms  59/1779 (3.3%)  
[  8] 331.00-332.00 sec  2.04 MBytes  17.2 Mbits/sec  1.366 ms  231/1762 (13%)  
[  8] 332.00-333.00 sec  2.21 MBytes  18.6 Mbits/sec  0.685 ms  144/1802 (8%)  
[  8] 333.00-334.00 sec  2.29 MBytes  19.2 Mbits/sec  0.820 ms  83/1800 (4.6%)  
[  8] 334.00-335.00 sec  2.36 MBytes  19.8 Mbits/sec  0.623 ms  13/1777 (0.73%)  
[  8] 335.00-336.00 sec  2.33 MBytes  19.6 Mbits/sec  0.597 ms  41/1788 (2.3%)  
[  8] 336.00-337.00 sec  2.18 MBytes  18.3 Mbits/sec  0.502 ms  91/1723 (5.3%)  
[  8] 337.00-338.00 sec  1.53 MBytes  12.9 Mbits/sec  1.649 ms  468/1616 (29%)  
[  8] 338.00-339.00 sec  2.45 MBytes  20.6 Mbits/sec  0.734 ms  180/2018 (8.9%)  
[  8] 339.00-340.00 sec  2.24 MBytes  18.8 Mbits/sec  0.461 ms  114/1794 (6.4%)  
[  8] 340.00-340.02 sec  8.20 KBytes  4.39 Mbits/sec  0.723 ms  0/6 (0%)  
- - - - - - - - - - - - - - - - - - - - - - - - -
[ ID] Interval           Transfer     Bitrate         Jitter    Lost/Total Datagrams
[  8]   0.00-340.02 sec   778 MBytes  19.2 Mbits/sec  0.723 ms  24272/607142 (4%)  receiver
