drive_exercise.py -- link_monitor / solution
(non-interactive: no mininet CLI, no xterm; kills nothing)
fabric   : ndtwin -- the package fabric `ndt up p4 --app` builds; no root needed

== pre-flight (read-only) ==============================================
OK   lab is free (claim: owner=- expires=- measuring=nothing)
OK   host scripts will run under /home/adam/p4dev-python-venv/bin/python
OK   ndt /home/adam/Desktop/NDTwin-Kernel/tools/test_workflow/ndt, converter /home/adam/Desktop/NDTwin-Kernel/tools/p4_exercise/convert.py, pre-flight /home/adam/Desktop/NDTwin-Kernel/tools/p4_exercise/preflight.py
--   switch  n/a: `ndt up p4` chooses the bmv2 binary -- see the `ndt status` capture
OK   p4c     /usr/local/bin/p4c-bm2-ss  sha256[:16]=226f3f66df515c9e  --version=Version 1.2.5.15 (SHA: 5b948b037a BUILD: Release)
OK   exercise dir /home/adam/tutorials/exercises/link_monitor

== compile =============================================================
$ /usr/local/bin/p4c-bm2-ss --p4v 16 --p4runtime-files /home/adam/tutorials/exercises/link_monitor/build/link_monitor.p4.p4info.txtpb -o /home/adam/tutorials/exercises/link_monitor/build/link_monitor.json /home/adam/tutorials/exercises/link_monitor/solution/link_monitor.p4
-> /home/adam/tutorials/exercises/link_monitor/build/link_monitor.json  56155 B  sha256[:16]=b4a2d84b5e5c547b  warnings=0

== plan ================================================================
topology : pod-topo/topology.json
hosts    : h1, h2, h3, h4
switches : s1, s2, s3, s4
links    : 8
program  : /home/adam/tutorials/exercises/link_monitor/solution/link_monitor.p4 -> build/link_monitor.json
switch   : /usr/local/bin/simple_switch_grpc
steps    : h1 receive.py + h1 send.py probes; assert swid and port fields
package  : /home/adam/Desktop/NDTwin-Kernel/.test_run/packages/link_monitor-solution
equivalent to (from the repo root, as the operator -- no sudo):
  /home/adam/Desktop/NDTwin-Kernel/p4_proxy/venv/bin/python /home/adam/Desktop/NDTwin-Kernel/tools/p4_exercise/convert.py /home/adam/tutorials/exercises/link_monitor --topology pod-topo/topology.json --p4 link_monitor.p4 --out /home/adam/Desktop/NDTwin-Kernel/.test_run/packages/link_monitor-solution
  /home/adam/Desktop/NDTwin-Kernel/p4_proxy/venv/bin/python /home/adam/Desktop/NDTwin-Kernel/tools/p4_exercise/preflight.py /home/adam/Desktop/NDTwin-Kernel/.test_run/packages/link_monitor-solution
  NDT_OWNER=p3-orchestrator /home/adam/Desktop/NDTwin-Kernel/tools/test_workflow/ndt claim 45 '...' && NDT_OWNER=p3-orchestrator /home/adam/Desktop/NDTwin-Kernel/tools/test_workflow/ndt up p4 --app /home/adam/Desktop/NDTwin-Kernel/.test_run/packages/link_monitor-solution
  ... the scripted steps above, then `ndt down` and `ndt release`.
telemetry: whatever the package declares (no --telemetry given)

== convert the exercise into an app package ============================
$ /home/adam/Desktop/NDTwin-Kernel/p4_proxy/venv/bin/python /home/adam/Desktop/NDTwin-Kernel/tools/p4_exercise/convert.py /home/adam/tutorials/exercises/link_monitor --topology pod-topo/topology.json --p4 solution/link_monitor.p4 --out /home/adam/Desktop/NDTwin-Kernel/.test_run/packages/link_monitor-solution
package 'link_monitor' -> /home/adam/Desktop/NDTwin-Kernel/.test_run/packages/link_monitor-solution
  control plane : ndtwin
  pipelines     : s1=build/link_monitor.json, s2=build/link_monitor.json, s3=build/link_monitor.json, s4=build/link_monitor.json
  model         : 4 switches, 4 hosts, 16 edges (8 links, both directions stored)
  files         : 10
                  build/link_monitor.json
                  build/link_monitor.p4.p4info.txtpb
                  ndtwin/topology.json
                  package.json
                  pod-topo/s1-runtime.json
                  pod-topo/s2-runtime.json
                  pod-topo/s3-runtime.json
                  pod-topo/s4-runtime.json
                  pod-topo/topology.json
                  solution/link_monitor.p4
  read back through p4_proxy/mininet/topo_from_json.py: ok
  next: tools/p4_exercise/preflight.py /home/adam/Desktop/NDTwin-Kernel/.test_run/packages/link_monitor-solution

== pre-flight the package ==============================================
$ /home/adam/Desktop/NDTwin-Kernel/p4_proxy/venv/bin/python /home/adam/Desktop/NDTwin-Kernel/tools/p4_exercise/preflight.py /home/adam/Desktop/NDTwin-Kernel/.test_run/packages/link_monitor-solution
pre-flight: /home/adam/Desktop/NDTwin-Kernel/.test_run/packages/link_monitor-solution
  PASS  format                            1
  INFO  name                              link_monitor
  PASS  control_plane.mode                ndtwin
  PASS  control_plane.grpc_base           30050
  PASS  control_plane.device_id           dpid
  PASS  control_plane.election_id         [0, 65535]
  PASS  bmv2.cpu_port                     255
  PASS  switches keys                     4 dpids: [1, 2, 3, 4]
  PASS  switches name                     every sN has dpid N
  PASS  referenced files                  9 present
  PASS  topo_from_json.switches           4 entries
  PASS  topo_from_json.hosts              4 entries
  PASS  topo_from_json.switch_links       4 entries
  PASS  topo_from_json.host_links         4 entries
  PASS  switches agree                    model and package.json both say [1, 2, 3, 4]
  PASS  links agree                       8 links in both
  PASS  hosts named h<last octet>         4 hosts
  PASS  hosts agree                       model and package.json both say ['h1', 'h2', 'h3', 'h4']
  PASS  switches pipeline                 4 of 4 switch(es) carry their own program; p4info tables and actions are all in the bmv2 json
  INFO  s1 pipeline                       build/link_monitor.json  p4info sha256:7303ccb1dc2c61bf  program=/home/adam/tutorials/exercises/link_monitor/solution/link_monitor.p4
  INFO  s2 pipeline                       build/link_monitor.json  p4info sha256:7303ccb1dc2c61bf  program=/home/adam/tutorials/exercises/link_monitor/solution/link_monitor.p4
  INFO  s3 pipeline                       build/link_monitor.json  p4info sha256:7303ccb1dc2c61bf  program=/home/adam/tutorials/exercises/link_monitor/solution/link_monitor.p4
  INFO  s4 pipeline                       build/link_monitor.json  p4info sha256:7303ccb1dc2c61bf  program=/home/adam/tutorials/exercises/link_monitor/solution/link_monitor.p4
  PASS  p4info parses                     google.protobuf.text_format into p4.config.v1.P4Info
  PASS  entries match p4info              24 entries across 4 switch(es); recorded, NOT applied in stage one
  PASS  entries p4info is the pipeline's  4 switch(es); entries and pipeline name the same p4info
  INFO  telemetry.source                  not declared (auto: NDTwin's pipeline gets the cooperative path, anybody else's gets link telemetry)
  INFO  PRE entries                       none declared (no multicast group, no clone session)
  PASS  gRPC port block                   30051-30054 safe on this machine
  PASS  p4c-bm2-ss                        rc=0  link_monitor.json sha256:6cf0c5e39ed18161  link_monitor.p4.p4info.txtpb sha256:7303ccb1dc2c61bf

PASS -- every check passed
host_count_override snapshot: 2 bytes (b'4\n')
telemetry_override snapshot: absent

== claim the lab =======================================================
$ NDT_OWNER=p3-orchestrator /home/adam/Desktop/NDTwin-Kernel/tools/test_workflow/ndt claim 45 drive_exercise link_monitor/solution on the ndtwin fabric
  recorded this round's starting point in .test_run/round.baseline -- 'ndt status' compares against it
  ok  lab claimed by p3-orchestrator for 45m (drive_exercise link_monitor/solution on the ndtwin fabric)

== ndt up p4 --app =====================================================
$ NDT_OWNER=p3-orchestrator /home/adam/Desktop/NDTwin-Kernel/tools/test_workflow/ndt up p4 --app /home/adam/Desktop/NDTwin-Kernel/.test_run/packages/link_monitor-solution
app package pre-flight
  package      /home/adam/Desktop/NDTwin-Kernel/.test_run/packages/link_monitor-solution
pre-flight: /home/adam/Desktop/NDTwin-Kernel/.test_run/packages/link_monitor-solution
  PASS  format                            1
  INFO  name                              link_monitor
  PASS  control_plane.mode                ndtwin
  PASS  control_plane.grpc_base           30050
  PASS  control_plane.device_id           dpid
  PASS  control_plane.election_id         [0, 65535]
  PASS  bmv2.cpu_port                     255
  PASS  switches keys                     4 dpids: [1, 2, 3, 4]
  PASS  switches name                     every sN has dpid N
  PASS  referenced files                  9 present
  PASS  topo_from_json.switches           4 entries
  PASS  topo_from_json.hosts              4 entries
  PASS  topo_from_json.switch_links       4 entries
  PASS  topo_from_json.host_links         4 entries
  PASS  switches agree                    model and package.json both say [1, 2, 3, 4]
  PASS  links agree                       8 links in both
  PASS  hosts named h<last octet>         4 hosts
  PASS  hosts agree                       model and package.json both say ['h1', 'h2', 'h3', 'h4']
  PASS  switches pipeline                 4 of 4 switch(es) carry their own program; p4info tables and actions are all in the bmv2 json
  INFO  s1 pipeline                       build/link_monitor.json  p4info sha256:7303ccb1dc2c61bf  program=/home/adam/tutorials/exercises/link_monitor/solution/link_monitor.p4
  INFO  s2 pipeline                       build/link_monitor.json  p4info sha256:7303ccb1dc2c61bf  program=/home/adam/tutorials/exercises/link_monitor/solution/link_monitor.p4
  INFO  s3 pipeline                       build/link_monitor.json  p4info sha256:7303ccb1dc2c61bf  program=/home/adam/tutorials/exercises/link_monitor/solution/link_monitor.p4
  INFO  s4 pipeline                       build/link_monitor.json  p4info sha256:7303ccb1dc2c61bf  program=/home/adam/tutorials/exercises/link_monitor/solution/link_monitor.p4
  PASS  p4info parses                     google.protobuf.text_format into p4.config.v1.P4Info
  PASS  entries match p4info              24 entries across 4 switch(es); recorded, NOT applied in stage one
  PASS  entries p4info is the pipeline's  4 switch(es); entries and pipeline name the same p4info
  INFO  telemetry.source                  not declared (auto: NDTwin's pipeline gets the cooperative path, anybody else's gets link telemetry)
  INFO  PRE entries                       none declared (no multicast group, no clone session)
  PASS  gRPC port block                   30051-30054 safe on this machine
  PASS  p4c-bm2-ss                        rc=0  link_monitor.json sha256:6cf0c5e39ed18161  link_monitor.p4.p4info.txtpb sha256:7303ccb1dc2c61bf

PASS -- every check passed

ndt up p4
  hosts        4        (p4_proxy/mininet/host_count_override)
  topology     .test_run/packages/link_monitor-solution/ndtwin/topology.json
  
... [trimmed; 5219 chars total]

== GET /p4/switch_state ================================================
   control_plane.mode    ndtwin
   control_plane.package /home/adam/Desktop/NDTwin-Kernel/.test_run/packages/link_monitor-solution
   control_plane.skipped ['install_initial_routes', 'link_watchdog', 'lldp_discovery']
   s1  ndtwin=False p4info_sha256=7303ccb1dc2c61bf  entries recorded=6 applied=6 failed=0 api_writes=0  (entries_recorded=6)
   s2  ndtwin=False p4info_sha256=7303ccb1dc2c61bf  entries recorded=6 applied=6 failed=0 api_writes=0  (entries_recorded=6)
   s3  ndtwin=False p4info_sha256=7303ccb1dc2c61bf  entries recorded=6 applied=6 failed=0 api_writes=0  (entries_recorded=6)
   s4  ndtwin=False p4info_sha256=7303ccb1dc2c61bf  entries recorded=6 applied=6 failed=0 api_writes=0  (entries_recorded=6)

== ndt status (raw; and the bmv2 binary it names) ======================
$ NDT_OWNER=p3-orchestrator /home/adam/Desktop/NDTwin-Kernel/tools/test_workflow/ndt status
lab
  claim          yours -- 45m left (until 17:29:48)
  note           in use: ndt up p4 4 at 2026-09-19 16:44:49 by p3-orchestrator
  prev claim     p3-orchestrator (until 17:29:17), superseded 2026-09-19 16:44:47  (.test_run/lab.claim.prev)
                 the same owner re-claimed it -- a rewrite, not a handover
                 it said: down at 2026-09-19 16:44:47; verified clean; claim kept
  exclusive cpu  no (heavy local jobs may overlap this claim)
  measuring      nothing
  code           1ea07e7b  +60 file(s) with uncommitted changes
                 3 of them can change behaviour:
                 p4_proxy/mininet/host_count_override
                 p4_proxy/mininet/app_package_override
                 tools/remote-lab/dorm_lab/
  knob baseline  4 == the value this round started with (at 16:44:48)
  tree vs round  0 file(s) LEFT the uncommitted set, 1 joined it
                 + p4_proxy/mininet/app_package_override
  ok  helper: /usr/local/sbin/ndtwin-lab is tools/test_workflow/ndtwin-lab (sha256 6685d3a9)

configuration
  hosts          4   (what the last 'ndt up' asked for: p4)
  topology       .test_run/packages/link_monitor-solution/ndtwin/topology.json
  p4 host knob   4   (p4_proxy/mininet/host_count_override -- P4 only; decides the next 'ndt up p4')
  app package    /home/adam/Desktop/NDTwin-Kernel/.test_run/packages/link_monitor-solution (mode ndtwin)
                 link_monitor -- p4_proxy/mininet/app_package_override; it decides the next 'ndt up p4' and the next proxy
  bmv2           /usr/local/bmv2-fast/bin/simple_switch_grpc
  telemetry      auto   (p4_proxy/mininet/telemetry_override absent -- auto, then the package)
                 every switch: link
                 link emitter: alive pid 885049, 4 switch(es), rate 256
  link shaping   off (no package link asks for one)
  sample rate    n/a (package pipeline)
  rate source    the app package runs a foreign pipeline on dpid 1,2,3,4 -- p4_proxy/p4_src/build/ndtwin_switch.json is NOT what those switches loaded, and stale_pipeline is not judged
  note           /ndt/get_cpu_utilization is fabricated in MININET mode; use cpu_probe.py

running
  bmv2 switches  4       topo session   present
  host/switch    8       manifest       present
  :8000 kernel   open    :8081 proxy    open    :8080 ryu closed
  binary         /usr/local/bmv2-fast/bin/simple_switch_grpc
  pidfiles       kernel.child.pid=885291 alive,kernel.pid=885286 alive,p4_proxy.child.pid=885200 alive,p4_proxy.pid=885195 alive

network health
  switches       4 up, 4 enabled, 0 admin-disabled
  links          16 total, 8 down, 0 admin-disabled
  tc netem       none
  sudo grants    all 3 granted
  apps           none running

kernel graph
  4 switches (4 up, 4 enabled), 4 hosts, 16 edges
proxy
  4 destination paths reported; none expected -- the package's program on dpid 1,2,3,4, proxy skipped lldp_discovery

up target
  asked for      p4, 4 hosts   (recorded 2026-09-19 16:44:49 by p3-orchestrator)
  top
... [trimmed; 3545 chars total]
   bmv2 sha256[:16]=3ff54b5c1901c9d3  1.15.3-f0b7d201   (ndt status: /usr/local/bmv2-fast/bin/simple_switch_grpc)

== scripted steps (no CLI, no xterm) ===================================
   hosts: h1=10.0.1.1, h2=10.0.2.2, h3=10.0.3.3, h4=10.0.4.4
$ h1: /home/adam/p4dev-python-venv/bin/python -u /home/adam/tutorials/exercises/link_monitor/receive.py   (> /home/adam/Desktop/NDTwin-Kernel/doc/audit/2026-09-04_p4-tutorial-exercise-prep/runs/2026-09-19T084448Z_link_monitor_solution_ndtwin/driver-h1-receive.log)
$ h1: /home/adam/p4dev-python-venv/bin/python /home/adam/tutorials/exercises/link_monitor/send.py   (one probe per second, for 8s)
-- h1 receive.py output (/home/adam/Desktop/NDTwin-Kernel/doc/audit/2026-09-04_p4-tutorial-exercise-prep/runs/2026-09-19T084448Z_link_monitor_solution_ndtwin/driver-h1-receive.log) --
sniffing on eth0

Switch 1 - Port 1: 0.00026069176421719063 Mbps
Switch 4 - Port 2: 0.00010738741279918357 Mbps
Switch 2 - Port 3: 9.454360729880229e-05 Mbps
Switch 3 - Port 2: 8.162424368917953e-05 Mbps
Switch 1 - Port 3: 6.876539610658923e-05 Mbps
Switch 3 - Port 1: 5.5854025504344395e-05 Mbps
Switch 2 - Port 4: 4.298205561860088e-05 Mbps
Switch 4 - Port 1: 3.0076367118581985e-05 Mbps
Switch 1 - Port 4: 1.7194317278139574e-05 Mbps

Switch 1 - Port 1: 0.0013262952842505395 Mbps
Switch 4 - Port 2: 0.0011841746894501878 Mbps
Switch 2 - Port 3: 0.001042142629456122 Mbps
Switch 3 - Port 2: 0.0009001904021146578 Mbps
Switch 1 - Port 3: 0.000758153107440562 Mbps
Switch 3 - Port 1: 0.0006159963593035687 Mbps
Switch 2 - Port 4: 0.0004739107211440205 Mbps
Switch 4 - Port 1: 0.0003317614161473021 Mbps
Switch 1 - Port 4: 0.00018960060435192636 Mbps

Switch 1 - Port 1: 0.0013190993613556887 Mbps
Switch 4 - Port 2: 0.0011775800533640028 Mbps
Switch 2 - Port 3: 0.001036038643456523 Mbps
Switch 3 - Port 2: 0.0008945035113186081 Mbps
Switch 1 - Port 3: 0.000753100656609635 Mbps
Switch 3 - Port 1: 0.0006118042932189729 Mbps
Switch 2 - Port 4: 0.00047051258425115963 Mbps
Switch 4 - Port 1: 0.0003292703721343188 Mbps
Switch 1 - Port 4: 0.00018812592287033127 Mbps

Switch 1 - Port 1: 0.0013113871138652842 Mbps
Switch 4 - Port 2: 0.0011710470331523415 Mbps
Switch 2 - Port 3: 0.0010307145116013946 Mbps
Switch 3 - Port 2: 0.0008903372054540964 Mbps
Switch 1 - Port 3: 0.0007498872239917044 Mbps
Switch 3 - Port 1: 0.0006093285862990905 Mbps
Switch 2 - Port 4: 0.0004688461500893738 Mbps
Switch 4 - Port 1: 0.0003282763148638826 Mbps
Switch 1 - Port 4: 0.00018760754455923463 Mbps

Switch 1 - Port 1: 0.0013150067315820784 Mbps
Switch 4 - Port 2: 0.0011738776995518722 Mbps
Switch 2 - Port 3: 0.0010326709309978282 Mbps
Switch 3 - Port 2: 0.0008918870550221945 Mbps
Switch 1 - Port 3: 0.0007510936334056718 Mbps
Switch 3 - Port 1: 0.0006102689486552567 Mbps
Switch 2 - Port 4: 0.00046931602078678874 Mbps
Switch 4 - Port 1: 0.0003284476741799072 Mbps
Switch 1 - Port 4: 0.00018768842157947628 Mbps

Switch 1 - Port 1: 0.001318787422064962 Mbps
Switch 4 - Port 2: 0.0011778898300010502 Mbps
Switch 2 - Port 3: 0.00103686466265078 Mbps
Switch 3 - Port 2: 0.0008954511669829875 Mbps
Switch 1 - Port 3: 0.0007540848718595752 Mbps
Switch 3 - Port 1: 0.0006127523184426664 Mbps
Switch 2 - Port 4: 0.00047144191491848474 Mbps
Switch 4 - Port 1: 0.0003300877974596993 Mbps
Switch 1 - Port 4: 0.00018861344558452977 Mbps

Switch 1 - Port 1: 0.0013226953460609956 Mbps
Switch 4 - Port 2: 0.001180867583413534 Mbps
Switch 2 - Port 3: 0.0010392013108107443 Mbps
Switch 3 - Port 2: 0.0008975229547400431 Mbps
Switch 1 - Port 3: 0.0007557842590214365 Mbps
Switch 3 - Port 1: 0.0006140396626324392 Mbps
Switch 2 - Port 4: 0.00047235493537102003 Mbps
Switch 4 - Port 1: 0.0003306429233557895 Mbps
Switch 1 - Port 4: 0.00018895164314120297 Mbps

Switch 1 - Port 1: 0.0013143277370092786 Mbps
Switch 4 - Port 2: 0.001173526417546567 Mbps
Switch 2 - Port 3: 0.0010326921384355104 Mbps
Switch 3 - Port 2: 0.0008918687388271927 Mbps
Switch 1 - Port 3: 0.00075099594970674 Mbps
Switch 3 - Port 1: 0.0006102062868849654 Mbps
Switch 2 - Port 4: 0.00046936283017963887 Mbps
Switch 4 - Port 1: 0.00032852603275482765 Mbps
Switch 1 - Port 4: 0.00018772934512769018 Mbps

   PASS injection: probes reached h1                   want=>=1 report row         got=72 rows
   PASS switch ids seen                                want=[1, 2, 3, 4]           got=[1, 2, 3, 4]
   PASS every reported port is non-zero                want=no 0 port              got=[1, 2, 3, 4]

-- switch logs --
   /home/adam/Desktop/NDTwin-Kernel/doc/audit/2026-09-04_p4-tutorial-exercise-prep/runs/2026-09-19T084448Z_link_monitor_solution_ndtwin/driver-h1-receive.log 3344 B

== G1  link usage follows the iperf path (program-independent) =========
   link_monitor/solution: h1 -> h4 (10.0.4.4), iperf -u -b 2M -t 8
   link_monitor/solution: primary=s1-eth4 s2-eth2 s4-eth1   minor=
   link_monitor/solution: on-path  s1-eth4  17797777.000 bit  (switch)  [primary, 2162230 B]
   link_monitor/solution: on-path  s2-eth2  10833082.250 bit  (host)  [primary, 2162230 B]
   link_monitor/solution: on-path  s4-eth1  14704389.000 bit  (switch)  [primary, 2162160 B]
   link_monitor/solution: off-path floor 216661.645 bit   = max(5000, 0.02 x the smallest PRIMARY on-path integral)
   link_monitor/solution: off-path s1-eth1  0.000 bit  (host)
   link_monitor/solution: off-path s1-eth2  0.000 bit  (host)
   link_monitor/solution: off-path s1-eth3  0.000 bit  (switch)
   link_monitor/solution: off-path s2-eth1  0.000 bit  (host)
   link_monitor/solution: off-path s2-eth3  0.000 bit  (switch)
   link_monitor/solution: off-path s2-eth4  0.000 bit  (switch)
   link_monitor/solution: off-path s3-eth1  0.000 bit  (switch)
   link_monitor/solution: off-path s3-eth2  0.000 bit  (switch)
   link_monitor/solution: off-path s4-eth2  0.000 bit  (switch)
   link_monitor/solution: link usage follows the iperf path (off-path under 216661.645 bit)
LINK_USAGE link_monitor/solution expect=follows primary=3 minor=0 rc=0

== teardown: ndt down, the two knobs, then ndt release =================
$ NDT_OWNER=p3-orchestrator /home/adam/Desktop/NDTwin-Kernel/tools/test_workflow/ndt down
ndt down
  this teardown is about:
        4 bmv2 switch(es)
        8 host/switch process(es)
        a topo tmux session
        the switch manifest /tmp/ndtwin_p4_switches.json
        the registry entry .test_run/pids/app_viz.pid
        the registry entry .test_run/pids/kernel.child.pid
        the registry entry .test_run/pids/kernel.pid
        the registry entry .test_run/pids/p4_proxy.child.pid
        the registry entry .test_run/pids/p4_proxy.pid
        a held port in ports.sh's table
[1/3] kernel + proxy/Ryu
        stopped kernel
        kernel exit status 143 (terminated by SIGTERM (15) -- or exit(143), which bash cannot distinguish)
        stopped p4_proxy
        p4_proxy exit status 143 (terminated by SIGTERM (15) -- or exit(143), which bash cannot distinguish)
        -> an orphan holding one makes the next fabric fail to bind, with an error that reads like a P4 pipeline problem rather than a leftover process
        :30051 is still listening, held by a process this user cannot see (probably root-owned)
          This script did not start it. The next 'up' would find the port open and
          measure the wrong process, so this is reported rather than ignored.
        -> an orphan holding one makes the next fabric fail to bind, with an error that reads like a P4 pipeline problem rather than a leftover process
        :30052 is still listening, held by a process this user cannot see (probably root-owned)
          This script did not start it. The next 'up' would find the port open and
          measure the wrong process, so this is reported rather than ignored.
        -> an orphan holding one makes the next fabric fail to bind, with an error that reads like a P4 pipeline problem rather than a leftover process
        :30053 is still listening, held by a process this user cannot see (probably root-owned)
          This script did not start it. The next 'up' would find the port open and
          measure the wrong process, so this is reported rather than ignored.
        -> an orphan holding one makes the next fabric fail to bind, with an error that reads like a P4 pipeline problem rather than a leftover process
        :30054 is still listening, held by a process this user cannot see (probably root-owned)
          This script did not start it. The next 'up' would find the port open and
          measure the wrong process, so this is reported rather than ignored.
        -> the same leftover switch that holds a gRPC port holds this one; the same line of code assigns both, so a check that names only one of them is half a check
        :9091 is still listening, held by a process this user cannot see (probably root-owned)
          This script did not start it. The next 'up' would find the port open and
          measure the wrong process, so this is reported rather than ignored.
        -> the same leftover switch that holds a gRPC port holds this one; the same line of code assigns both, so a check that names only one of them i
... [trimmed; 6287 chars total]
   ndt down rc=0
   host_count_override: unchanged (2 bytes)
   telemetry_override: unchanged (absent)
$ NDT_OWNER=p3-orchestrator /home/adam/Desktop/NDTwin-Kernel/tools/test_workflow/ndt release
  the claim you held is kept as .test_run/lab.claim.prev -- 'ndt status' reads it back
  this round's starting point is now .test_run/round.baseline.prev -- 'ndt status' will say no round baseline is recorded
  ok  lab released
   ndt release rc=0

== verdict =============================================================
   PASS injection: probes reached h1                   want=>=1 report row         got=72 rows   【README 宣稱】
   PASS switch ids seen                                want=[1, 2, 3, 4]           got=[1, 2, 3, 4]   【源碼推導，未執行】
   PASS every reported port is non-zero                want=no 0 port              got=[1, 2, 3, 4]   【源碼推導，未執行】
   PASS G1  link usage follows the iperf path          want=primary on-path > 0; minor rows printed, not asserted; off-path under max(5 kbit, 2% of the smallest PRIMARY on-path) got=PASS   【源碼推導，未執行】

>>> PASS (4/4)

report: /home/adam/Desktop/NDTwin-Kernel/doc/audit/2026-09-04_p4-tutorial-exercise-prep/runs/2026-09-19T084448Z_link_monitor_solution_ndtwin.md
