-----------------------------------------------------------
Server listening on 5201 (test #1)
-----------------------------------------------------------
Accepted connection from 10.0.0.21, port 56962
[  8] local 10.0.0.53 port 5201 connected to 10.0.0.21 port 50137
[ ID] Interval           Transfer     Bitrate         Jitter    Lost/Total Datagrams
[  8]   0.00-1.00   sec   606 KBytes  4.96 Mbits/sec  1.526 ms  1/444 (0.23%)  
[  8]   1.00-2.00   sec   611 KBytes  5.00 Mbits/sec  1.747 ms  0/447 (0%)  
[  8]   2.00-3.00   sec   606 KBytes  4.97 Mbits/sec  1.459 ms  3/446 (0.67%)  
[  8]   3.00-4.00   sec   595 KBytes  4.87 Mbits/sec  1.617 ms  10/445 (2.2%)  
[  8]   4.00-5.00   sec   607 KBytes  4.97 Mbits/sec  1.691 ms  4/448 (0.89%)  
[  8]   5.00-6.00   sec   608 KBytes  4.98 Mbits/sec  1.885 ms  1/446 (0.22%)  
[  8]   6.00-7.00   sec   573 KBytes  4.69 Mbits/sec  2.388 ms  26/445 (5.8%)  
[  8]   7.00-8.00   sec   614 KBytes  5.02 Mbits/sec  1.666 ms  0/449 (0%)  
[  8]   8.00-9.00   sec   603 KBytes  4.95 Mbits/sec  1.653 ms  2/443 (0.45%)  
[  8]   9.00-10.00  sec   602 KBytes  4.92 Mbits/sec  1.772 ms  5/445 (1.1%)  
[  8]  10.00-11.00  sec   599 KBytes  4.92 Mbits/sec  1.700 ms  9/447 (2%)  
[  8]  11.00-12.00  sec   608 KBytes  4.98 Mbits/sec  1.442 ms  4/449 (0.89%)  
[  8]  12.00-13.00  sec   604 KBytes  4.95 Mbits/sec  1.026 ms  4/446 (0.9%)  
[  8]  13.00-14.00  sec   582 KBytes  4.77 Mbits/sec  1.352 ms  19/445 (4.3%)  
[  8]  14.00-15.00  sec   610 KBytes  5.00 Mbits/sec  1.563 ms  1/447 (0.22%)  
[  8]  15.00-16.00  sec   610 KBytes  5.00 Mbits/sec  1.050 ms  2/448 (0.45%)  
[  8]  16.00-17.00  sec   602 KBytes  4.93 Mbits/sec  1.078 ms  7/447 (1.6%)  
[  8]  17.00-18.00  sec   593 KBytes  4.86 Mbits/sec  1.178 ms  11/445 (2.5%)  
[  8]  18.00-19.00  sec   576 KBytes  4.72 Mbits/sec  0.981 ms  26/447 (5.8%)  
[  8]  19.00-20.00  sec   593 KBytes  4.86 Mbits/sec  1.718 ms  12/446 (2.7%)  
[  8]  20.00-21.00  sec   603 KBytes  4.94 Mbits/sec  1.451 ms  5/446 (1.1%)  
[  8]  21.00-22.00  sec   606 KBytes  4.96 Mbits/sec  2.196 ms  3/446 (0.67%)  
[  8]  22.00-23.00  sec   580 KBytes  4.75 Mbits/sec  1.699 ms  23/447 (5.1%)  
[  8]  23.00-24.00  sec   607 KBytes  4.97 Mbits/sec  1.821 ms  4/448 (0.89%)  
[  8]  24.00-25.00  sec   593 KBytes  4.86 Mbits/sec  1.208 ms  9/443 (2%)  
[  8]  25.00-26.00  sec   603 KBytes  4.94 Mbits/sec  1.707 ms  6/447 (1.3%)  
[  8]  26.00-27.00  sec   607 KBytes  4.97 Mbits/sec  1.545 ms  4/448 (0.89%)  
[  8]  27.00-28.00  sec   610 KBytes  5.00 Mbits/sec  1.569 ms  1/447 (0.22%)  
[  8]  28.00-29.00  sec   603 KBytes  4.94 Mbits/sec  1.475 ms  5/446 (1.1%)  
[  8]  29.00-30.00  sec   603 KBytes  4.94 Mbits/sec  1.986 ms  6/447 (1.3%)  
[  8]  30.00-31.00  sec   608 KBytes  4.98 Mbits/sec  1.875 ms  1/446 (0.22%)  
[  8]  31.00-32.00  sec   604 KBytes  4.95 Mbits/sec  1.494 ms  4/446 (0.9%)  
[  8]  32.00-33.00  sec   589 KBytes  4.83 Mbits/sec  1.611 ms  15/446 (3.4%)  
[  8]  33.00-34.00  sec   596 KBytes  4.88 Mbits/sec  2.154 ms  6/442 (1.4%)  
[  8]  34.00-35.00  sec   593 KBytes  4.86 Mbits/sec  1.373 ms  17/451 (3.8%)  
[  8]  35.00-36.00  sec   597 KBytes  4.89 Mbits/sec  1.711 ms  9/446 (2%)  
[  8]  36.00-37.00  sec   578 KBytes  4.74 Mbits/sec  0.559 ms  22/445 (4.9%)  
[  8]  37.00-38.00  sec   591 KBytes  4.84 Mbits/sec  1.248 ms  13/445 (2.9%)  
[  8]  38.00-39.00  sec   588 KBytes  4.82 Mbits/sec  1.211 ms  21/451 (4.7%)  
[  8]  39.00-40.00  sec   582 KBytes  4.77 Mbits/sec  1.906 ms  19/445 (4.3%)  
[  8]  40.00-41.00  sec   588 KBytes  4.82 Mbits/sec  2.240 ms  15/445 (3.4%)  
[  8]  41.00-42.00  sec   596 KBytes  4.88 Mbits/sec  2.681 ms  13/449 (2.9%)  
[  8]  42.00-43.00  sec   596 KBytes  4.88 Mbits/sec  1.497 ms  9/445 (2%)  
[  8]  43.00-44.00  sec   582 KBytes  4.77 Mbits/sec  1.895 ms  21/447 (4.7%)  
[  8]  44.00-45.00  sec   582 KBytes  4.77 Mbits/sec  1.699 ms  19/445 (4.3%)  
[  8]  45.00-46.00  sec   589 KBytes  4.83 Mbits/sec  1.266 ms  17/448 (3.8%)  
[  8]  46.00-47.00  sec   596 KBytes  4.88 Mbits/sec  1.670 ms  11/447 (2.5%)  
[  8]  47.00-48.00  sec   603 KBytes  4.95 Mbits/sec  2.026 ms  4/445 (0.9%)  
[  8]  48.00-49.00  sec   584 KBytes  4.78 Mbits/sec  1.058 ms  16/443 (3.6%)  
[  8]  49.00-50.00  sec   600 KBytes  4.92 Mbits/sec  1.747 ms  10/449 (2.2%)  
[  8]  50.00-51.00  sec   569 KBytes  4.66 Mbits/sec  1.920 ms  32/448 (7.1%)  
[  8]  51.00-52.00  sec   587 KBytes  4.80 Mbits/sec  1.200 ms  18/447 (4%)  
[  8]  52.00-53.00  sec   596 KBytes  4.86 Mbits/sec  1.601 ms  11/447 (2.5%)  
[  8]  53.00-54.00  sec   544 KBytes  4.48 Mbits/sec  1.831 ms  48/446 (11%)  
[  8]  54.00-55.00  sec   559 KBytes  4.58 Mbits/sec  2.123 ms  32/441 (7.3%)  
[  8]  55.00-56.00  sec   581 KBytes  4.76 Mbits/sec  1.323 ms  27/452 (6%)  
[  8]  56.00-57.00  sec   510 KBytes  4.18 Mbits/sec  1.505 ms  73/446 (16%)  
[  8]  57.00-58.00  sec   596 KBytes  4.88 Mbits/sec  0.981 ms  11/447 (2.5%)  
[  8]  58.00-59.00  sec   573 KBytes  4.69 Mbits/sec  2.049 ms  27/446 (6.1%)  
[  8]  59.00-60.00  sec   603 KBytes  4.94 Mbits/sec  1.442 ms  5/446 (1.1%)  
[  8]  60.00-61.00  sec   602 KBytes  4.93 Mbits/sec  1.061 ms  5/445 (1.1%)  
[  8]  61.00-62.00  sec   593 KBytes  4.86 Mbits/sec  2.063 ms  15/449 (3.3%)  
[  8]  62.00-63.00  sec   597 KBytes  4.89 Mbits/sec  1.059 ms  9/446 (2%)  
[  8]  63.00-64.00  sec   603 KBytes  4.94 Mbits/sec  1.531 ms  3/444 (0.68%)  
[  8]  64.00-65.00  sec   589 KBytes  4.83 Mbits/sec  2.077 ms  18/449 (4%)  
[  8]  65.00-66.00  sec   599 KBytes  4.91 Mbits/sec  1.528 ms  7/445 (1.6%)  
[  8]  66.00-67.00  sec   604 KBytes  4.95 Mbits/sec  1.117 ms  6/448 (1.3%)  
[  8]  67.00-68.00  sec   592 KBytes  4.85 Mbits/sec  1.971 ms  10/443 (2.3%)  
[  8]  68.00-69.00  sec   577 KBytes  4.72 Mbits/sec  2.339 ms  28/450 (6.2%)  
[  8]  69.00-70.00  sec   570 KBytes  4.68 Mbits/sec  1.677 ms  29/446 (6.5%)  
[  8]  70.00-71.00  sec   596 KBytes  4.88 Mbits/sec  1.514 ms  9/445 (2%)  
[  8]  71.00-72.00  sec   604 KBytes  4.95 Mbits/sec  2.113 ms  4/446 (0.9%)  
[  8]  72.00-73.00  sec   604 KBytes  4.95 Mbits/sec  1.610 ms  6/448 (1.3%)  
[  8]  73.00-74.00  sec   561 KBytes  4.59 Mbits/sec  1.562 ms  34/444 (7.7%)  
[  8]  74.00-75.00  sec   600 KBytes  4.92 Mbits/sec  1.563 ms  8/447 (1.8%)  
[  8]  75.00-76.00  sec   597 KBytes  4.89 Mbits/sec  0.853 ms  10/447 (2.2%)  
[  8]  76.00-77.00  sec   589 KBytes  4.83 Mbits/sec  1.914 ms  13/444 (2.9%)  
[  8]  77.00-78.00  sec   593 KBytes  4.86 Mbits/sec  1.859 ms  15/449 (3.3%)  
[  8]  78.00-79.00  sec   558 KBytes  4.57 Mbits/sec  1.738 ms  38/446 (8.5%)  
[  8]  79.00-80.00  sec   546 KBytes  4.47 Mbits/sec  1.091 ms  47/446 (11%)  
[  8]  80.00-81.00  sec   576 KBytes  4.72 Mbits/sec  1.434 ms  23/444 (5.2%)  
[  8]  81.00-82.00  sec   589 KBytes  4.83 Mbits/sec  1.278 ms  10/441 (2.3%)  
[  8]  82.00-83.00  sec   618 KBytes  5.06 Mbits/sec  1.174 ms  5/457 (1.1%)  
[  8]  83.00-84.00  sec   589 KBytes  4.82 Mbits/sec  1.878 ms  14/445 (3.1%)  
[  8]  84.00-85.00  sec   600 KBytes  4.92 Mbits/sec  2.416 ms  7/446 (1.6%)  
[  8]  85.00-86.00  sec   600 KBytes  4.92 Mbits/sec  1.826 ms  8/447 (1.8%)  
[  8]  86.00-87.00  sec   600 KBytes  4.92 Mbits/sec  1.253 ms  7/446 (1.6%)  
[  8]  87.00-88.00  sec   611 KBytes  5.01 Mbits/sec  1.074 ms  1/448 (0.22%)  
[  8]  88.00-89.00  sec   600 KBytes  4.92 Mbits/sec  1.861 ms  6/445 (1.3%)  
[  8]  89.00-90.00  sec   595 KBytes  4.87 Mbits/sec  2.102 ms  12/447 (2.7%)  
[  8]  90.00-91.00  sec   608 KBytes  4.98 Mbits/sec  1.652 ms  2/447 (0.45%)  
[  8]  91.00-92.00  sec   595 KBytes  4.87 Mbits/sec  1.120 ms  11/446 (2.5%)  
[  8]  92.00-93.00  sec   593 KBytes  4.86 Mbits/sec  1.634 ms  12/446 (2.7%)  
[  8]  93.00-94.00  sec   600 KBytes  4.92 Mbits/sec  1.809 ms  7/446 (1.6%)  
[  8]  94.00-95.00  sec   604 KBytes  4.95 Mbits/sec  1.145 ms  6/448 (1.3%)  
[  8]  95.00-96.00  sec   588 KBytes  4.82 Mbits/sec  1.487 ms  13/443 (2.9%)  
[  8]  96.00-97.00  sec   592 KBytes  4.85 Mbits/sec  2.126 ms  16/449 (3.6%)  
[  8]  97.00-98.00  sec   600 KBytes  4.92 Mbits/sec  1.576 ms  8/447 (1.8%)  
[  8]  98.00-99.00  sec   589 KBytes  4.83 Mbits/sec  1.082 ms  15/446 (3.4%)  
[  8]  99.00-100.00 sec   591 KBytes  4.84 Mbits/sec  1.054 ms  9/441 (2%)  
[  8] 100.00-101.00 sec   597 KBytes  4.89 Mbits/sec  1.810 ms  14/451 (3.1%)  
[  8] 101.00-102.00 sec   602 KBytes  4.93 Mbits/sec  1.815 ms  7/447 (1.6%)  
[  8] 102.00-103.00 sec   602 KBytes  4.93 Mbits/sec  1.106 ms  7/447 (1.6%)  
[  8] 103.00-104.00 sec   585 KBytes  4.79 Mbits/sec  2.114 ms  17/445 (3.8%)  
[  8] 104.00-105.00 sec   580 KBytes  4.75 Mbits/sec  1.788 ms  11/435 (2.5%)  
[  8] 105.00-106.00 sec   548 KBytes  4.49 Mbits/sec  2.369 ms  52/453 (11%)  
[  8] 106.00-107.00 sec   607 KBytes  4.97 Mbits/sec  1.251 ms  9/453 (2%)  
[  8] 107.00-108.00 sec   567 KBytes  4.65 Mbits/sec  1.225 ms  25/440 (5.7%)  
[  8] 108.00-109.00 sec   608 KBytes  4.98 Mbits/sec  1.728 ms  7/452 (1.5%)  
[  8] 109.00-110.00 sec   578 KBytes  4.74 Mbits/sec  1.721 ms  17/440 (3.9%)  
[  8] 110.00-111.00 sec   614 KBytes  5.01 Mbits/sec  1.553 ms  7/456 (1.5%)  
[  8] 111.00-112.00 sec   576 KBytes  4.74 Mbits/sec  1.336 ms  23/444 (5.2%)  
[  8] 112.00-113.00 sec   570 KBytes  4.67 Mbits/sec  2.043 ms  12/429 (2.8%)  
[  8] 113.00-114.00 sec   599 KBytes  4.91 Mbits/sec  2.031 ms  22/460 (4.8%)  
[  8] 114.00-115.00 sec   604 KBytes  4.95 Mbits/sec  1.876 ms  6/448 (1.3%)  
[  8] 115.00-116.00 sec   600 KBytes  4.92 Mbits/sec  1.656 ms  8/447 (1.8%)  
[  8] 116.00-117.00 sec   611 KBytes  5.01 Mbits/sec  1.809 ms  1/448 (0.22%)  
[  8] 117.00-118.00 sec   603 KBytes  4.94 Mbits/sec  1.458 ms  6/447 (1.3%)  
[  8] 118.00-119.00 sec   595 KBytes  4.87 Mbits/sec  1.084 ms  5/440 (1.1%)  
[  8] 119.00-120.00 sec   567 KBytes  4.65 Mbits/sec  1.597 ms  36/451 (8%)  
[  8] 120.00-121.00 sec   563 KBytes  4.61 Mbits/sec  1.454 ms  9/421 (2.1%)  
[  8] 121.00-122.00 sec   621 KBytes  5.08 Mbits/sec  1.281 ms  19/473 (4%)  
[  8] 122.00-123.00 sec   602 KBytes  4.93 Mbits/sec  1.901 ms  6/446 (1.3%)  
[  8] 123.00-124.00 sec   580 KBytes  4.75 Mbits/sec  1.577 ms  11/435 (2.5%)  
[  8] 124.00-125.00 sec   612 KBytes  5.02 Mbits/sec  1.302 ms  11/459 (2.4%)  
[  8] 125.00-126.00 sec   603 KBytes  4.94 Mbits/sec  1.249 ms  4/445 (0.9%)  
[  8] 126.00-127.00 sec   603 KBytes  4.94 Mbits/sec  1.763 ms  6/447 (1.3%)  
[  8] 127.00-128.00 sec   607 KBytes  4.97 Mbits/sec  1.892 ms  2/446 (0.45%)  
[  8] 128.00-129.00 sec   574 KBytes  4.70 Mbits/sec  1.591 ms  26/446 (5.8%)  
[  8] 129.00-130.00 sec   585 KBytes  4.79 Mbits/sec  2.037 ms  18/446 (4%)  
[  8] 130.00-131.00 sec   580 KBytes  4.75 Mbits/sec  1.111 ms  23/447 (5.1%)  
[  8] 131.00-132.00 sec   587 KBytes  4.81 Mbits/sec  1.531 ms  14/443 (3.2%)  
[  8] 132.00-133.00 sec   597 KBytes  4.89 Mbits/sec  1.011 ms  14/451 (3.1%)  
[  8] 133.00-134.00 sec   589 KBytes  4.83 Mbits/sec  2.184 ms  10/441 (2.3%)  
[  8] 134.00-135.00 sec   569 KBytes  4.66 Mbits/sec  2.719 ms  34/450 (7.6%)  
[  8] 135.00-136.00 sec   580 KBytes  4.75 Mbits/sec  2.388 ms  22/446 (4.9%)  
[  8] 136.00-137.00 sec   610 KBytes  5.00 Mbits/sec  1.776 ms  2/448 (0.45%)  
[  8] 137.00-138.00 sec   591 KBytes  4.84 Mbits/sec  3.177 ms  12/444 (2.7%)  
[  8] 138.00-139.00 sec   563 KBytes  4.61 Mbits/sec  2.431 ms  33/445 (7.4%)  
[  8] 139.00-140.00 sec   589 KBytes  4.82 Mbits/sec  1.858 ms  19/450 (4.2%)  
[  8] 140.00-141.00 sec   596 KBytes  4.89 Mbits/sec  1.760 ms  9/445 (2%)  
[  8] 141.00-142.00 sec   607 KBytes  4.97 Mbits/sec  1.535 ms  5/449 (1.1%)  
[  8] 142.00-143.00 sec   599 KBytes  4.91 Mbits/sec  1.468 ms  7/445 (1.6%)  
[  8] 143.00-144.00 sec   602 KBytes  4.93 Mbits/sec  1.823 ms  7/447 (1.6%)  
[  8] 144.00-145.00 sec   599 KBytes  4.91 Mbits/sec  1.569 ms  8/446 (1.8%)  
[  8] 145.00-146.00 sec   608 KBytes  4.98 Mbits/sec  1.804 ms  2/447 (0.45%)  
[  8] 146.00-147.00 sec   600 KBytes  4.92 Mbits/sec  0.979 ms  5/444 (1.1%)  
[  8] 147.00-148.00 sec   608 KBytes  4.98 Mbits/sec  2.102 ms  3/448 (0.67%)  
[  8] 148.00-149.00 sec   593 KBytes  4.86 Mbits/sec  1.959 ms  14/448 (3.1%)  
[  8] 149.00-150.00 sec   591 KBytes  4.84 Mbits/sec  1.475 ms  15/447 (3.4%)  
[  8] 150.00-151.00 sec   555 KBytes  4.55 Mbits/sec  2.232 ms  36/442 (8.1%)  
[  8] 151.00-152.00 sec   593 KBytes  4.86 Mbits/sec  1.489 ms  14/448 (3.1%)  
[  8] 152.00-153.00 sec   611 KBytes  5.01 Mbits/sec  1.028 ms  1/448 (0.22%)  
[  8] 153.00-154.00 sec   592 KBytes  4.85 Mbits/sec  1.881 ms  12/445 (2.7%)  
[  8] 154.00-155.00 sec   566 KBytes  4.64 Mbits/sec  2.448 ms  32/446 (7.2%)  
[  8] 155.00-156.00 sec   595 KBytes  4.87 Mbits/sec  1.929 ms  14/449 (3.1%)  
[  8] 156.00-157.00 sec   592 KBytes  4.85 Mbits/sec  1.365 ms  6/439 (1.4%)  
[  8] 157.00-158.00 sec   611 KBytes  5.01 Mbits/sec  1.869 ms  6/453 (1.3%)  
[  8] 158.00-159.00 sec   606 KBytes  4.96 Mbits/sec  1.519 ms  2/445 (0.45%)  
[  8] 159.00-160.00 sec   604 KBytes  4.95 Mbits/sec  2.061 ms  4/446 (0.9%)  
[  8] 160.00-161.00 sec   599 KBytes  4.91 Mbits/sec  1.432 ms  10/448 (2.2%)  
[  8] 161.00-162.00 sec   600 KBytes  4.92 Mbits/sec  1.520 ms  5/444 (1.1%)  
[  8] 162.00-163.00 sec   597 KBytes  4.89 Mbits/sec  1.590 ms  10/447 (2.2%)  
[  8] 163.00-164.00 sec   600 KBytes  4.92 Mbits/sec  1.263 ms  10/449 (2.2%)  
[  8] 164.00-165.00 sec   608 KBytes  4.98 Mbits/sec  0.838 ms  1/446 (0.22%)  
[  8] 165.00-166.00 sec   588 KBytes  4.82 Mbits/sec  1.531 ms  17/447 (3.8%)  
[  8] 166.00-167.00 sec   595 KBytes  4.87 Mbits/sec  1.321 ms  12/447 (2.7%)  
[  8] 167.00-168.00 sec   604 KBytes  4.95 Mbits/sec  1.240 ms  3/445 (0.67%)  
[  8] 168.00-169.00 sec   581 KBytes  4.76 Mbits/sec  1.916 ms  22/447 (4.9%)  
[  8] 169.00-170.00 sec   578 KBytes  4.74 Mbits/sec  1.725 ms  23/446 (5.2%)  
[  8] 170.00-171.00 sec   585 KBytes  4.79 Mbits/sec  1.739 ms  19/447 (4.3%)  
[  8] 171.00-172.00 sec   602 KBytes  4.93 Mbits/sec  1.504 ms  4/444 (0.9%)  
[  8] 172.00-173.00 sec   591 KBytes  4.84 Mbits/sec  2.022 ms  17/449 (3.8%)  
[  8] 173.00-174.00 sec   593 KBytes  4.86 Mbits/sec  1.801 ms  13/447 (2.9%)  
[  8] 174.00-175.00 sec   595 KBytes  4.87 Mbits/sec  1.587 ms  10/445 (2.2%)  
[  8] 175.00-176.00 sec   608 KBytes  4.98 Mbits/sec  1.317 ms  2/447 (0.45%)  
[  8] 176.00-177.00 sec   592 KBytes  4.85 Mbits/sec  1.861 ms  12/445 (2.7%)  
[  8] 177.00-178.00 sec   600 KBytes  4.92 Mbits/sec  2.099 ms  8/447 (1.8%)  
[  8] 178.00-179.00 sec   585 KBytes  4.79 Mbits/sec  1.550 ms  12/440 (2.7%)  
[  8] 179.00-180.00 sec   595 KBytes  4.87 Mbits/sec  2.080 ms  17/452 (3.8%)  
[  8] 180.00-181.00 sec   602 KBytes  4.93 Mbits/sec  1.197 ms  8/448 (1.8%)  
[  8] 181.00-182.00 sec   606 KBytes  4.96 Mbits/sec  1.690 ms  2/445 (0.45%)  
[  8] 182.00-183.00 sec   607 KBytes  4.97 Mbits/sec  1.527 ms  2/446 (0.45%)  
[  8] 183.00-184.00 sec   603 KBytes  4.94 Mbits/sec  1.766 ms  7/448 (1.6%)  
[  8] 184.00-185.00 sec   606 KBytes  4.96 Mbits/sec  1.592 ms  3/446 (0.67%)  
[  8] 185.00-186.00 sec   600 KBytes  4.92 Mbits/sec  1.154 ms  9/448 (2%)  
[  8] 186.00-187.00 sec   604 KBytes  4.95 Mbits/sec  1.220 ms  5/447 (1.1%)  
[  8] 187.00-188.00 sec   593 KBytes  4.85 Mbits/sec  2.217 ms  10/444 (2.3%)  
[  8] 188.00-189.00 sec   582 KBytes  4.78 Mbits/sec  1.578 ms  22/448 (4.9%)  
[  8] 189.00-190.00 sec   571 KBytes  4.68 Mbits/sec  2.441 ms  27/445 (6.1%)  
[  8] 190.00-191.00 sec   592 KBytes  4.85 Mbits/sec  2.286 ms  13/446 (2.9%)  
[  8] 191.00-192.00 sec   591 KBytes  4.84 Mbits/sec  2.117 ms  15/447 (3.4%)  
[  8] 192.00-193.00 sec   597 KBytes  4.89 Mbits/sec  1.551 ms  10/447 (2.2%)  
[  8] 193.00-194.00 sec   591 KBytes  4.84 Mbits/sec  1.928 ms  14/446 (3.1%)  
[  8] 194.00-195.00 sec   602 KBytes  4.93 Mbits/sec  1.992 ms  6/446 (1.3%)  
[  8] 195.00-196.00 sec   596 KBytes  4.88 Mbits/sec  1.634 ms  9/445 (2%)  
[  8] 196.00-197.00 sec   603 KBytes  4.94 Mbits/sec  2.065 ms  8/449 (1.8%)  
[  8] 197.00-198.00 sec   599 KBytes  4.91 Mbits/sec  1.746 ms  7/445 (1.6%)  
[  8] 198.00-199.00 sec   578 KBytes  4.74 Mbits/sec  2.070 ms  21/444 (4.7%)  
[  8] 199.00-200.00 sec   606 KBytes  4.96 Mbits/sec  1.238 ms  8/451 (1.8%)  
[  8] 200.00-201.00 sec   604 KBytes  4.95 Mbits/sec  1.429 ms  2/444 (0.45%)  
[  8] 201.00-202.00 sec   588 KBytes  4.82 Mbits/sec  1.974 ms  14/444 (3.2%)  
[  8] 202.00-203.00 sec   610 KBytes  5.00 Mbits/sec  1.581 ms  4/450 (0.89%)  
[  8] 203.00-204.00 sec   587 KBytes  4.80 Mbits/sec  1.598 ms  15/444 (3.4%)  
[  8] 204.00-205.00 sec   596 KBytes  4.88 Mbits/sec  2.147 ms  12/448 (2.7%)  
[  8] 205.00-206.00 sec   610 KBytes  5.00 Mbits/sec  1.206 ms  2/448 (0.45%)  
[  8] 206.00-207.00 sec   599 KBytes  4.90 Mbits/sec  1.953 ms  5/443 (1.1%)  
[  8] 207.00-208.00 sec   597 KBytes  4.90 Mbits/sec  1.530 ms  14/451 (3.1%)  
[  8] 208.00-209.00 sec   589 KBytes  4.83 Mbits/sec  1.482 ms  10/441 (2.3%)  
[  8] 209.00-210.00 sec   597 KBytes  4.89 Mbits/sec  1.907 ms  14/451 (3.1%)  
[  8] 210.00-211.00 sec   602 KBytes  4.93 Mbits/sec  1.397 ms  6/446 (1.3%)  
[  8] 211.00-212.00 sec   600 KBytes  4.92 Mbits/sec  1.548 ms  8/447 (1.8%)  
[  8] 212.00-213.00 sec   595 KBytes  4.87 Mbits/sec  1.064 ms  11/446 (2.5%)  
[  8] 213.00-214.00 sec   585 KBytes  4.79 Mbits/sec  1.661 ms  18/446 (4%)  
[  8] 214.00-215.00 sec   595 KBytes  4.87 Mbits/sec  1.724 ms  10/445 (2.2%)  
[  8] 215.00-216.00 sec   606 KBytes  4.96 Mbits/sec  1.742 ms  5/448 (1.1%)  
[  8] 216.00-217.00 sec   602 KBytes  4.93 Mbits/sec  1.422 ms  5/445 (1.1%)  
[  8] 217.00-218.00 sec   608 KBytes  4.98 Mbits/sec  0.786 ms  3/448 (0.67%)  
[  8] 218.00-219.00 sec   610 KBytes  5.00 Mbits/sec  1.022 ms  0/446 (0%)  
[  8] 219.00-220.00 sec   608 KBytes  4.98 Mbits/sec  2.029 ms  2/447 (0.45%)  
[  8] 220.00-221.00 sec   607 KBytes  4.97 Mbits/sec  1.443 ms  3/447 (0.67%)  
[  8] 221.00-222.00 sec   608 KBytes  4.98 Mbits/sec  1.291 ms  2/447 (0.45%)  
[  8] 222.00-223.00 sec   604 KBytes  4.95 Mbits/sec  1.224 ms  3/445 (0.67%)  
[  8] 223.00-224.00 sec   607 KBytes  4.97 Mbits/sec  1.938 ms  3/447 (0.67%)  
[  8] 224.00-225.00 sec   606 KBytes  4.96 Mbits/sec  1.789 ms  2/445 (0.45%)  
[  8] 225.00-226.00 sec   604 KBytes  4.95 Mbits/sec  1.502 ms  4/446 (0.9%)  
[  8] 226.00-227.00 sec   611 KBytes  5.00 Mbits/sec  1.174 ms  2/449 (0.45%)  
[  8] 227.00-228.00 sec   606 KBytes  4.96 Mbits/sec  1.804 ms  2/445 (0.45%)  
[  8] 228.00-229.00 sec   608 KBytes  4.98 Mbits/sec  1.030 ms  2/447 (0.45%)  
[  8] 229.00-230.00 sec   611 KBytes  5.01 Mbits/sec  0.870 ms  0/447 (0%)  
[  8] 230.00-231.00 sec   610 KBytes  5.00 Mbits/sec  0.579 ms  0/446 (0%)  
[  8] 231.00-232.00 sec   603 KBytes  4.94 Mbits/sec  1.783 ms  4/445 (0.9%)  
[  8] 232.00-233.00 sec   608 KBytes  4.98 Mbits/sec  1.514 ms  1/446 (0.22%)  
[  8] 233.00-234.00 sec   612 KBytes  5.03 Mbits/sec  0.851 ms  0/448 (0%)  
[  8] 234.00-235.00 sec   603 KBytes  4.94 Mbits/sec  1.116 ms  5/446 (1.1%)  
[  8] 235.00-236.00 sec   607 KBytes  4.97 Mbits/sec  1.879 ms  0/444 (0%)  
[  8] 236.00-237.00 sec   570 KBytes  4.67 Mbits/sec  1.877 ms  33/450 (7.3%)  
[  8] 237.00-238.00 sec   608 KBytes  4.98 Mbits/sec  0.985 ms  1/446 (0.22%)  
[  8] 238.00-239.00 sec   600 KBytes  4.92 Mbits/sec  1.740 ms  5/444 (1.1%)  
[  8] 239.00-240.00 sec   615 KBytes  5.04 Mbits/sec  1.740 ms  0/450 (0%)  
[  8] 240.00-240.01 sec  2.73 KBytes  3.63 Mbits/sec  1.695 ms  0/2 (0%)  
- - - - - - - - - - - - - - - - - - - - - - - - -
[ ID] Interval           Transfer     Bitrate         Jitter    Lost/Total Datagrams
[  8]   0.00-240.01 sec   139 MBytes  4.87 Mbits/sec  1.695 ms  2719/107143 (2.5%)  receiver
