-----------------------------------------------------------
Server listening on 5201 (test #1)
-----------------------------------------------------------
Accepted connection from 10.0.0.45, port 51510
[  8] local 10.0.0.109 port 5201 connected to 10.0.0.45 port 33312
[ ID] Interval           Transfer     Bitrate         Jitter    Lost/Total Datagrams
[  8]   0.00-1.00   sec   604 KBytes  4.95 Mbits/sec  1.665 ms  2/444 (0.45%)  
[  8]   1.00-2.00   sec   604 KBytes  4.95 Mbits/sec  1.926 ms  4/446 (0.9%)  
[  8]   2.00-3.00   sec   595 KBytes  4.87 Mbits/sec  1.687 ms  12/447 (2.7%)  
[  8]   3.00-4.00   sec   608 KBytes  4.98 Mbits/sec  1.458 ms  0/445 (0%)  
[  8]   4.00-5.00   sec   611 KBytes  5.01 Mbits/sec  1.106 ms  0/447 (0%)  
[  8]   5.00-6.00   sec   606 KBytes  4.96 Mbits/sec  0.827 ms  3/446 (0.67%)  
[  8]   6.00-7.00   sec   611 KBytes  5.01 Mbits/sec  1.932 ms  0/447 (0%)  
[  8]   7.00-8.00   sec   606 KBytes  4.96 Mbits/sec  1.845 ms  0/443 (0%)  
[  8]   8.00-9.00   sec   607 KBytes  4.97 Mbits/sec  1.900 ms  5/449 (1.1%)  
[  8]   9.00-10.00  sec   597 KBytes  4.90 Mbits/sec  1.754 ms  6/443 (1.4%)  
[  8]  10.00-11.00  sec   612 KBytes  5.02 Mbits/sec  2.455 ms  1/449 (0.22%)  
[  8]  11.00-12.00  sec   597 KBytes  4.89 Mbits/sec  2.285 ms  9/446 (2%)  
[  8]  12.00-13.00  sec   606 KBytes  4.96 Mbits/sec  2.319 ms  4/447 (0.89%)  
[  8]  13.00-14.00  sec   604 KBytes  4.95 Mbits/sec  1.792 ms  4/446 (0.9%)  
[  8]  14.00-15.00  sec   612 KBytes  5.02 Mbits/sec  2.049 ms  0/448 (0%)  
[  8]  15.00-16.00  sec   608 KBytes  4.98 Mbits/sec  1.383 ms  1/446 (0.22%)  
[  8]  16.00-17.00  sec   608 KBytes  4.98 Mbits/sec  0.719 ms  2/447 (0.45%)  
[  8]  17.00-18.00  sec   608 KBytes  4.98 Mbits/sec  1.187 ms  2/447 (0.45%)  
[  8]  18.00-19.00  sec   610 KBytes  5.00 Mbits/sec  1.789 ms  0/446 (0%)  
[  8]  19.00-20.00  sec   608 KBytes  4.98 Mbits/sec  1.654 ms  0/445 (0%)  
[  8]  20.00-21.00  sec   611 KBytes  5.01 Mbits/sec  1.596 ms  0/447 (0%)  
[  8]  21.00-22.00  sec   610 KBytes  5.00 Mbits/sec  2.054 ms  2/448 (0.45%)  
[  8]  22.00-23.00  sec   602 KBytes  4.93 Mbits/sec  2.108 ms  4/444 (0.9%)  
[  8]  23.00-24.00  sec   570 KBytes  4.67 Mbits/sec  1.634 ms  29/446 (6.5%)  
[  8]  24.00-25.00  sec   599 KBytes  4.91 Mbits/sec  1.894 ms  11/449 (2.4%)  
[  8]  25.00-26.00  sec   607 KBytes  4.97 Mbits/sec  1.946 ms  0/444 (0%)  
[  8]  26.00-27.00  sec   610 KBytes  5.00 Mbits/sec  1.469 ms  3/449 (0.67%)  
[  8]  27.00-28.00  sec   610 KBytes  5.00 Mbits/sec  1.630 ms  0/446 (0%)  
[  8]  28.00-29.00  sec   597 KBytes  4.89 Mbits/sec  2.037 ms  8/445 (1.8%)  
[  8]  29.00-30.00  sec   595 KBytes  4.87 Mbits/sec  1.379 ms  12/447 (2.7%)  
[  8]  30.00-31.00  sec   611 KBytes  5.01 Mbits/sec  2.043 ms  0/447 (0%)  
[  8]  31.00-32.00  sec   603 KBytes  4.94 Mbits/sec  1.873 ms  4/445 (0.9%)  
[  8]  32.00-33.00  sec   573 KBytes  4.69 Mbits/sec  2.464 ms  22/441 (5%)  
[  8]  33.00-34.00  sec   587 KBytes  4.80 Mbits/sec  1.612 ms  23/452 (5.1%)  
[  8]  34.00-35.00  sec   580 KBytes  4.75 Mbits/sec  2.000 ms  19/443 (4.3%)  
[  8]  35.00-36.00  sec   570 KBytes  4.67 Mbits/sec  2.763 ms  32/449 (7.1%)  
[  8]  36.00-37.00  sec   597 KBytes  4.89 Mbits/sec  2.274 ms  10/447 (2.2%)  
[  8]  37.00-38.00  sec   585 KBytes  4.79 Mbits/sec  1.614 ms  19/447 (4.3%)  
[  8]  38.00-39.00  sec   582 KBytes  4.77 Mbits/sec  2.558 ms  20/446 (4.5%)  
[  8]  39.00-40.00  sec   593 KBytes  4.86 Mbits/sec  2.992 ms  11/445 (2.5%)  
[  8]  40.00-41.00  sec   607 KBytes  4.97 Mbits/sec  1.659 ms  6/450 (1.3%)  
[  8]  41.00-42.00  sec   608 KBytes  4.98 Mbits/sec  2.505 ms  1/446 (0.22%)  
[  8]  42.00-43.00  sec   606 KBytes  4.96 Mbits/sec  1.995 ms  1/444 (0.23%)  
[  8]  43.00-44.00  sec   591 KBytes  4.84 Mbits/sec  2.091 ms  15/447 (3.4%)  
[  8]  44.00-45.00  sec   593 KBytes  4.86 Mbits/sec  1.803 ms  11/445 (2.5%)  
[  8]  45.00-46.00  sec   602 KBytes  4.93 Mbits/sec  1.477 ms  7/447 (1.6%)  
[  8]  46.00-47.00  sec   595 KBytes  4.87 Mbits/sec  2.330 ms  10/445 (2.2%)  
[  8]  47.00-48.00  sec   603 KBytes  4.94 Mbits/sec  1.523 ms  10/451 (2.2%)  
[  8]  48.00-49.00  sec   595 KBytes  4.87 Mbits/sec  0.771 ms  8/443 (1.8%)  
[  8]  49.00-50.00  sec   595 KBytes  4.87 Mbits/sec  1.538 ms  10/445 (2.2%)  
[  8]  50.00-51.00  sec   566 KBytes  4.64 Mbits/sec  1.928 ms  35/449 (7.8%)  
[  8]  51.00-52.00  sec   593 KBytes  4.86 Mbits/sec  1.301 ms  15/449 (3.3%)  
[  8]  52.00-53.00  sec   591 KBytes  4.84 Mbits/sec  2.307 ms  7/439 (1.6%)  
[  8]  53.00-54.00  sec   595 KBytes  4.87 Mbits/sec  1.170 ms  17/452 (3.8%)  
[  8]  54.00-55.00  sec   582 KBytes  4.77 Mbits/sec  2.446 ms  14/440 (3.2%)  
[  8]  55.00-56.00  sec   612 KBytes  5.02 Mbits/sec  0.837 ms  3/451 (0.67%)  
[  8]  56.00-57.00  sec   592 KBytes  4.85 Mbits/sec  1.519 ms  16/449 (3.6%)  
[  8]  57.00-58.00  sec   608 KBytes  4.98 Mbits/sec  0.776 ms  1/446 (0.22%)  
[  8]  58.00-59.00  sec   573 KBytes  4.69 Mbits/sec  0.978 ms  25/444 (5.6%)  
[  8]  59.00-60.00  sec   597 KBytes  4.89 Mbits/sec  1.784 ms  10/447 (2.2%)  
[  8]  60.00-61.00  sec   569 KBytes  4.66 Mbits/sec  0.960 ms  32/448 (7.1%)  
[  8]  61.00-62.00  sec   577 KBytes  4.72 Mbits/sec  0.940 ms  24/446 (5.4%)  
[  8]  62.00-63.00  sec   608 KBytes  4.99 Mbits/sec  0.460 ms  3/448 (0.67%)  
[  8]  63.00-64.00  sec   602 KBytes  4.93 Mbits/sec  0.962 ms  5/445 (1.1%)  
[  8]  64.00-65.00  sec   603 KBytes  4.94 Mbits/sec  2.018 ms  6/447 (1.3%)  
[  8]  65.00-66.00  sec   602 KBytes  4.93 Mbits/sec  1.490 ms  3/443 (0.68%)  
[  8]  66.00-67.00  sec   617 KBytes  5.05 Mbits/sec  0.930 ms  0/451 (0%)  
[  8]  67.00-68.00  sec   600 KBytes  4.92 Mbits/sec  2.088 ms  5/444 (1.1%)  
[  8]  68.00-69.00  sec   593 KBytes  4.86 Mbits/sec  1.815 ms  12/446 (2.7%)  
[  8]  69.00-70.00  sec   591 KBytes  4.84 Mbits/sec  2.089 ms  16/448 (3.6%)  
[  8]  70.00-71.00  sec   587 KBytes  4.80 Mbits/sec  2.350 ms  15/444 (3.4%)  
[  8]  71.00-72.00  sec   604 KBytes  4.95 Mbits/sec  1.611 ms  5/447 (1.1%)  
[  8]  72.00-73.00  sec   604 KBytes  4.95 Mbits/sec  1.375 ms  4/446 (0.9%)  
[  8]  73.00-74.00  sec   551 KBytes  4.51 Mbits/sec  1.590 ms  46/449 (10%)  
[  8]  74.00-75.00  sec   584 KBytes  4.76 Mbits/sec  1.285 ms  20/447 (4.5%)  
[  8]  75.00-76.00  sec   610 KBytes  5.02 Mbits/sec  1.590 ms  1/447 (0.22%)  
[  8]  76.00-77.00  sec   603 KBytes  4.94 Mbits/sec  2.056 ms  0/441 (0%)  
[  8]  77.00-78.00  sec   607 KBytes  4.97 Mbits/sec  0.899 ms  3/447 (0.67%)  
[  8]  78.00-79.00  sec   561 KBytes  4.59 Mbits/sec  2.112 ms  36/446 (8.1%)  
[  8]  79.00-80.00  sec   580 KBytes  4.74 Mbits/sec  1.599 ms  22/446 (4.9%)  
[  8]  80.00-81.00  sec   585 KBytes  4.80 Mbits/sec  0.809 ms  18/446 (4%)  
[  8]  81.00-82.00  sec   577 KBytes  4.73 Mbits/sec  2.269 ms  26/448 (5.8%)  
[  8]  82.00-83.00  sec   612 KBytes  5.02 Mbits/sec  1.160 ms  1/449 (0.22%)  
[  8]  83.00-84.00  sec   611 KBytes  5.01 Mbits/sec  1.902 ms  0/447 (0%)  
[  8]  84.00-85.00  sec   595 KBytes  4.87 Mbits/sec  1.665 ms  8/443 (1.8%)  
[  8]  85.00-86.00  sec   610 KBytes  5.00 Mbits/sec  1.668 ms  3/449 (0.67%)  
[  8]  86.00-87.00  sec   604 KBytes  4.95 Mbits/sec  1.974 ms  5/447 (1.1%)  
[  8]  87.00-88.00  sec   607 KBytes  4.97 Mbits/sec  1.164 ms  3/447 (0.67%)  
[  8]  88.00-89.01  sec   595 KBytes  4.85 Mbits/sec  2.364 ms  13/448 (2.9%)  
[  8]  89.01-90.00  sec   574 KBytes  4.73 Mbits/sec  2.807 ms  20/440 (4.5%)  
[  8]  90.00-91.00  sec   611 KBytes  5.01 Mbits/sec  2.063 ms  3/450 (0.67%)  
[  8]  91.00-92.01  sec   596 KBytes  4.86 Mbits/sec  1.975 ms  13/449 (2.9%)  
[  8]  92.01-93.00  sec   607 KBytes  5.00 Mbits/sec  2.051 ms  1/445 (0.22%)  
[  8]  93.00-94.00  sec   591 KBytes  4.84 Mbits/sec  2.225 ms  12/444 (2.7%)  
[  8]  94.00-95.00  sec   612 KBytes  5.02 Mbits/sec  1.871 ms  2/450 (0.44%)  
[  8]  95.00-96.00  sec   592 KBytes  4.85 Mbits/sec  1.744 ms  10/443 (2.3%)  
[  8]  96.00-97.00  sec   607 KBytes  4.97 Mbits/sec  2.037 ms  5/449 (1.1%)  
[  8]  97.00-98.00  sec   607 KBytes  4.97 Mbits/sec  1.013 ms  2/446 (0.45%)  
[  8]  98.00-99.00  sec   585 KBytes  4.79 Mbits/sec  2.194 ms  18/446 (4%)  
[  8]  99.00-100.00 sec   604 KBytes  4.93 Mbits/sec  1.936 ms  6/448 (1.3%)  
[  8] 100.00-101.00 sec   602 KBytes  4.95 Mbits/sec  2.150 ms  6/446 (1.3%)  
[  8] 101.00-102.00 sec   603 KBytes  4.94 Mbits/sec  1.979 ms  3/444 (0.68%)  
[  8] 102.00-103.00 sec   610 KBytes  4.99 Mbits/sec  1.356 ms  3/449 (0.67%)  
[  8] 103.00-104.00 sec   592 KBytes  4.85 Mbits/sec  2.242 ms  10/443 (2.3%)  
[  8] 104.00-105.00 sec   580 KBytes  4.75 Mbits/sec  1.638 ms  13/437 (3%)  
[  8] 105.00-106.00 sec   585 KBytes  4.79 Mbits/sec  2.583 ms  26/454 (5.7%)  
[  8] 106.00-107.00 sec   595 KBytes  4.87 Mbits/sec  1.369 ms  17/452 (3.8%)  
[  8] 107.00-108.00 sec   556 KBytes  4.56 Mbits/sec  0.935 ms  30/437 (6.9%)  
[  8] 108.00-109.00 sec   595 KBytes  4.87 Mbits/sec  1.684 ms  19/454 (4.2%)  
[  8] 109.00-110.00 sec   588 KBytes  4.82 Mbits/sec  1.829 ms  15/445 (3.4%)  
[  8] 110.00-111.00 sec   584 KBytes  4.78 Mbits/sec  2.015 ms  19/446 (4.3%)  
[  8] 111.00-112.00 sec   611 KBytes  5.01 Mbits/sec  1.500 ms  3/450 (0.67%)  
[  8] 112.00-113.00 sec   582 KBytes  4.77 Mbits/sec  2.220 ms  9/435 (2.1%)  
[  8] 113.00-114.00 sec   618 KBytes  5.06 Mbits/sec  1.872 ms  4/456 (0.88%)  
[  8] 114.00-115.00 sec   599 KBytes  4.91 Mbits/sec  1.504 ms  5/443 (1.1%)  
[  8] 115.00-116.00 sec   611 KBytes  5.01 Mbits/sec  1.959 ms  5/452 (1.1%)  
[  8] 116.00-117.00 sec   600 KBytes  4.92 Mbits/sec  1.771 ms  5/444 (1.1%)  
[  8] 117.00-118.00 sec   614 KBytes  5.03 Mbits/sec  0.799 ms  0/449 (0%)  
[  8] 118.00-119.00 sec   595 KBytes  4.87 Mbits/sec  1.496 ms  3/438 (0.68%)  
[  8] 119.00-120.00 sec   585 KBytes  4.79 Mbits/sec  1.625 ms  26/454 (5.7%)  
[  8] 120.00-121.00 sec   571 KBytes  4.68 Mbits/sec  1.632 ms  1/419 (0.24%)  
[  8] 121.00-122.00 sec   599 KBytes  4.91 Mbits/sec  1.803 ms  36/474 (7.6%)  
[  8] 122.00-123.00 sec   611 KBytes  5.01 Mbits/sec  1.889 ms  0/447 (0%)  
[  8] 123.00-124.00 sec   593 KBytes  4.86 Mbits/sec  2.239 ms  1/435 (0.23%)  
[  8] 124.00-125.00 sec   602 KBytes  4.93 Mbits/sec  1.598 ms  17/457 (3.7%)  
[  8] 125.00-126.00 sec   604 KBytes  4.95 Mbits/sec  0.928 ms  5/447 (1.1%)  
[  8] 126.00-127.00 sec   610 KBytes  5.00 Mbits/sec  1.506 ms  0/446 (0%)  
[  8] 127.00-128.00 sec   610 KBytes  5.00 Mbits/sec  1.955 ms  1/447 (0.22%)  
[  8] 128.00-129.00 sec   571 KBytes  4.68 Mbits/sec  1.557 ms  27/445 (6.1%)  
[  8] 129.00-130.00 sec   611 KBytes  5.01 Mbits/sec  1.649 ms  1/448 (0.22%)  
[  8] 130.00-131.00 sec   604 KBytes  4.95 Mbits/sec  1.154 ms  4/446 (0.9%)  
[  8] 131.00-132.00 sec   604 KBytes  4.95 Mbits/sec  2.319 ms  4/446 (0.9%)  
[  8] 132.00-133.00 sec   599 KBytes  4.91 Mbits/sec  1.324 ms  9/447 (2%)  
[  8] 133.00-134.00 sec   585 KBytes  4.79 Mbits/sec  2.165 ms  18/446 (4%)  
[  8] 134.00-135.00 sec   541 KBytes  4.44 Mbits/sec  2.451 ms  47/443 (11%)  
[  8] 135.00-136.00 sec   584 KBytes  4.78 Mbits/sec  1.654 ms  23/450 (5.1%)  
[  8] 136.00-137.00 sec   607 KBytes  4.97 Mbits/sec  1.529 ms  2/446 (0.45%)  
[  8] 137.00-138.00 sec   563 KBytes  4.60 Mbits/sec  2.343 ms  34/446 (7.6%)  
[  8] 138.00-139.00 sec   552 KBytes  4.53 Mbits/sec  2.846 ms  40/444 (9%)  
[  8] 139.00-140.00 sec   593 KBytes  4.86 Mbits/sec  1.948 ms  13/447 (2.9%)  
[  8] 140.00-141.00 sec   554 KBytes  4.53 Mbits/sec  3.347 ms  40/445 (9%)  
[  8] 141.00-142.00 sec   611 KBytes  5.02 Mbits/sec  0.782 ms  3/450 (0.67%)  
[  8] 142.00-143.00 sec   588 KBytes  4.82 Mbits/sec  1.350 ms  15/445 (3.4%)  
[  8] 143.00-144.00 sec   562 KBytes  4.60 Mbits/sec  1.760 ms  36/447 (8.1%)  
[  8] 144.00-145.00 sec   593 KBytes  4.86 Mbits/sec  1.738 ms  9/443 (2%)  
[  8] 145.00-146.00 sec   606 KBytes  4.96 Mbits/sec  1.381 ms  7/450 (1.6%)  
[  8] 146.00-147.00 sec   585 KBytes  4.79 Mbits/sec  1.794 ms  13/441 (2.9%)  
[  8] 147.00-148.00 sec   599 KBytes  4.91 Mbits/sec  2.136 ms  11/449 (2.4%)  
[  8] 148.00-149.00 sec   603 KBytes  4.94 Mbits/sec  1.807 ms  9/450 (2%)  
[  8] 149.00-150.00 sec   593 KBytes  4.86 Mbits/sec  1.665 ms  12/446 (2.7%)  
[  8] 150.00-151.00 sec   607 KBytes  4.97 Mbits/sec  1.985 ms  3/447 (0.67%)  
[  8] 151.00-152.00 sec   604 KBytes  4.95 Mbits/sec  2.316 ms  2/444 (0.45%)  
[  8] 152.00-153.00 sec   612 KBytes  5.02 Mbits/sec  1.917 ms  2/450 (0.44%)  
[  8] 153.00-154.00 sec   587 KBytes  4.80 Mbits/sec  1.278 ms  15/444 (3.4%)  
[  8] 154.00-155.00 sec   585 KBytes  4.79 Mbits/sec  1.824 ms  18/446 (4%)  
[  8] 155.00-156.00 sec   589 KBytes  4.83 Mbits/sec  1.929 ms  18/449 (4%)  
[  8] 156.00-157.00 sec   588 KBytes  4.82 Mbits/sec  1.075 ms  9/439 (2.1%)  
[  8] 157.00-158.00 sec   618 KBytes  5.06 Mbits/sec  1.425 ms  0/452 (0%)  
[  8] 158.00-159.00 sec   602 KBytes  4.93 Mbits/sec  1.684 ms  5/445 (1.1%)  
[  8] 159.00-160.00 sec   597 KBytes  4.89 Mbits/sec  1.537 ms  9/446 (2%)  
[  8] 160.00-161.00 sec   611 KBytes  5.01 Mbits/sec  1.502 ms  3/450 (0.67%)  
[  8] 161.00-162.00 sec   607 KBytes  4.97 Mbits/sec  1.783 ms  1/445 (0.22%)  
[  8] 162.00-163.00 sec   580 KBytes  4.73 Mbits/sec  1.839 ms  18/442 (4.1%)  
[  8] 163.00-164.00 sec   589 KBytes  4.85 Mbits/sec  2.016 ms  20/451 (4.4%)  
[  8] 164.00-165.00 sec   608 KBytes  4.98 Mbits/sec  1.493 ms  3/448 (0.67%)  
[  8] 165.00-166.00 sec   599 KBytes  4.91 Mbits/sec  1.524 ms  7/445 (1.6%)  
[  8] 166.00-167.00 sec   607 KBytes  4.97 Mbits/sec  1.512 ms  3/447 (0.67%)  
[  8] 167.00-168.00 sec   608 KBytes  4.98 Mbits/sec  0.653 ms  0/445 (0%)  
[  8] 168.00-169.00 sec   581 KBytes  4.76 Mbits/sec  1.893 ms  23/448 (5.1%)  
[  8] 169.00-170.00 sec   612 KBytes  5.00 Mbits/sec  1.853 ms  1/449 (0.22%)  
[  8] 170.00-171.00 sec   606 KBytes  4.98 Mbits/sec  1.531 ms  2/445 (0.45%)  
[  8] 171.00-172.00 sec   608 KBytes  4.98 Mbits/sec  1.347 ms  0/445 (0%)  
[  8] 172.00-173.00 sec   602 KBytes  4.93 Mbits/sec  2.669 ms  6/446 (1.3%)  
[  8] 173.00-174.00 sec   603 KBytes  4.94 Mbits/sec  1.510 ms  6/447 (1.3%)  
[  8] 174.00-175.00 sec   596 KBytes  4.88 Mbits/sec  1.511 ms  11/447 (2.5%)  
[  8] 175.00-176.00 sec   603 KBytes  4.94 Mbits/sec  1.697 ms  4/445 (0.9%)  
[  8] 176.00-177.00 sec   610 KBytes  5.00 Mbits/sec  0.776 ms  1/447 (0.22%)  
[  8] 177.00-178.00 sec   596 KBytes  4.88 Mbits/sec  2.712 ms  5/441 (1.1%)  
[  8] 178.00-179.00 sec   592 KBytes  4.85 Mbits/sec  2.295 ms  13/446 (2.9%)  
[  8] 179.00-180.00 sec   592 KBytes  4.85 Mbits/sec  2.767 ms  16/449 (3.6%)  
[  8] 180.00-181.00 sec   578 KBytes  4.74 Mbits/sec  1.308 ms  27/450 (6%)  
[  8] 181.00-182.00 sec   606 KBytes  4.96 Mbits/sec  1.443 ms  4/447 (0.89%)  
[  8] 182.00-183.00 sec   607 KBytes  4.97 Mbits/sec  1.696 ms  2/446 (0.45%)  
[  8] 183.00-184.00 sec   595 KBytes  4.87 Mbits/sec  1.400 ms  9/444 (2%)  
[  8] 184.00-185.00 sec   602 KBytes  4.92 Mbits/sec  1.858 ms  7/447 (1.6%)  
[  8] 185.00-186.00 sec   600 KBytes  4.93 Mbits/sec  2.213 ms  8/447 (1.8%)  
[  8] 186.00-187.00 sec   610 KBytes  5.00 Mbits/sec  1.655 ms  1/447 (0.22%)  
[  8] 187.00-188.00 sec   608 KBytes  4.98 Mbits/sec  2.331 ms  0/445 (0%)  
[  8] 188.00-189.00 sec   595 KBytes  4.87 Mbits/sec  1.821 ms  14/449 (3.1%)  
[  8] 189.00-190.00 sec   571 KBytes  4.68 Mbits/sec  2.247 ms  25/443 (5.6%)  
[  8] 190.00-191.00 sec   604 KBytes  4.95 Mbits/sec  2.275 ms  4/446 (0.9%)  
[  8] 191.00-192.00 sec   614 KBytes  5.03 Mbits/sec  1.988 ms  0/449 (0%)  
[  8] 192.00-193.00 sec   604 KBytes  4.95 Mbits/sec  1.970 ms  6/448 (1.3%)  
[  8] 193.00-194.00 sec   589 KBytes  4.83 Mbits/sec  1.863 ms  13/444 (2.9%)  
[  8] 194.00-195.00 sec   588 KBytes  4.82 Mbits/sec  1.146 ms  17/447 (3.8%)  
[  8] 195.00-196.00 sec   602 KBytes  4.93 Mbits/sec  1.880 ms  6/446 (1.3%)  
[  8] 196.00-197.00 sec   611 KBytes  5.01 Mbits/sec  1.468 ms  0/447 (0%)  
[  8] 197.00-198.00 sec   606 KBytes  4.96 Mbits/sec  2.080 ms  2/445 (0.45%)  
[  8] 198.00-199.00 sec   570 KBytes  4.67 Mbits/sec  1.961 ms  27/444 (6.1%)  
[  8] 199.00-200.00 sec   597 KBytes  4.89 Mbits/sec  1.000 ms  14/451 (3.1%)  
[  8] 200.00-201.00 sec   595 KBytes  4.87 Mbits/sec  1.722 ms  9/444 (2%)  
[  8] 201.00-202.00 sec   606 KBytes  4.96 Mbits/sec  1.282 ms  3/446 (0.67%)  
[  8] 202.00-203.00 sec   607 KBytes  4.97 Mbits/sec  1.624 ms  5/449 (1.1%)  
[  8] 203.00-204.00 sec   587 KBytes  4.81 Mbits/sec  2.613 ms  16/445 (3.6%)  
[  8] 204.00-205.00 sec   585 KBytes  4.79 Mbits/sec  1.817 ms  15/443 (3.4%)  
[  8] 205.00-206.00 sec   602 KBytes  4.93 Mbits/sec  1.477 ms  10/450 (2.2%)  
[  8] 206.00-207.00 sec   599 KBytes  4.91 Mbits/sec  1.593 ms  8/446 (1.8%)  
[  8] 207.00-208.00 sec   599 KBytes  4.91 Mbits/sec  2.225 ms  10/448 (2.2%)  
[  8] 208.00-209.00 sec   599 KBytes  4.91 Mbits/sec  1.579 ms  5/443 (1.1%)  
[  8] 209.00-210.00 sec   603 KBytes  4.94 Mbits/sec  1.541 ms  8/449 (1.8%)  
[  8] 210.00-211.00 sec   600 KBytes  4.92 Mbits/sec  2.213 ms  3/442 (0.68%)  
[  8] 211.00-212.00 sec   603 KBytes  4.93 Mbits/sec  2.873 ms  9/450 (2%)  
[  8] 212.00-213.00 sec   610 KBytes  5.01 Mbits/sec  1.646 ms  1/447 (0.22%)  
[  8] 213.00-214.00 sec   578 KBytes  4.74 Mbits/sec  2.005 ms  24/447 (5.4%)  
[  8] 214.00-215.00 sec   612 KBytes  5.02 Mbits/sec  2.288 ms  0/448 (0%)  
[  8] 215.00-216.00 sec   604 KBytes  4.95 Mbits/sec  1.776 ms  2/444 (0.45%)  
[  8] 216.00-217.00 sec   614 KBytes  5.03 Mbits/sec  1.613 ms  0/449 (0%)  
[  8] 217.00-218.00 sec   611 KBytes  5.01 Mbits/sec  1.206 ms  0/447 (0%)  
[  8] 218.00-219.00 sec   606 KBytes  4.96 Mbits/sec  2.280 ms  1/444 (0.23%)  
[  8] 219.00-220.00 sec   610 KBytes  5.00 Mbits/sec  1.798 ms  0/446 (0%)  
[  8] 220.00-221.00 sec   612 KBytes  5.02 Mbits/sec  1.554 ms  1/449 (0.22%)  
[  8] 221.00-222.00 sec   610 KBytes  5.00 Mbits/sec  1.296 ms  0/446 (0%)  
[  8] 222.00-223.00 sec   607 KBytes  4.97 Mbits/sec  1.705 ms  1/445 (0.22%)  
[  8] 223.00-224.00 sec   611 KBytes  5.01 Mbits/sec  1.455 ms  0/447 (0%)  
[  8] 224.00-225.00 sec   596 KBytes  4.88 Mbits/sec  1.915 ms  8/444 (1.8%)  
[  8] 225.00-226.00 sec   614 KBytes  5.03 Mbits/sec  1.996 ms  0/449 (0%)  
[  8] 226.00-227.00 sec   610 KBytes  5.00 Mbits/sec  1.387 ms  0/446 (0%)  
[  8] 227.00-228.00 sec   611 KBytes  5.01 Mbits/sec  1.272 ms  0/447 (0%)  
[  8] 228.00-229.00 sec   612 KBytes  5.02 Mbits/sec  1.262 ms  0/448 (0%)  
[  8] 229.00-230.00 sec   604 KBytes  4.95 Mbits/sec  1.247 ms  3/445 (0.67%)  
[  8] 230.00-231.00 sec   608 KBytes  4.98 Mbits/sec  0.809 ms  1/446 (0.22%)  
[  8] 231.00-232.00 sec   603 KBytes  4.94 Mbits/sec  1.820 ms  5/446 (1.1%)  
[  8] 232.00-233.00 sec   599 KBytes  4.91 Mbits/sec  1.848 ms  7/445 (1.6%)  
[  8] 233.00-234.00 sec   612 KBytes  5.02 Mbits/sec  1.249 ms  1/449 (0.22%)  
[  8] 234.00-235.00 sec   611 KBytes  4.99 Mbits/sec  1.910 ms  1/448 (0.22%)  
[  8] 235.00-236.00 sec   608 KBytes  5.00 Mbits/sec  1.278 ms  0/445 (0%)  
[  8] 236.00-237.00 sec   576 KBytes  4.72 Mbits/sec  2.160 ms  25/446 (5.6%)  
[  8] 237.00-238.00 sec   610 KBytes  4.99 Mbits/sec  1.359 ms  0/446 (0%)  
[  8] 238.00-239.00 sec   606 KBytes  4.96 Mbits/sec  2.114 ms  2/445 (0.45%)  
[  8] 239.00-240.00 sec   612 KBytes  5.02 Mbits/sec  2.128 ms  1/449 (0.22%)  
[  8] 240.00-240.01 sec  4.10 KBytes  3.26 Mbits/sec  2.091 ms  0/3 (0%)  
- - - - - - - - - - - - - - - - - - - - - - - - -
[ ID] Interval           Transfer     Bitrate         Jitter    Lost/Total Datagrams
[  8]   0.00-240.01 sec   140 MBytes  4.90 Mbits/sec  2.091 ms  2187/107143 (2%)  receiver
