-----------------------------------------------------------
Server listening on 5201 (test #1)
-----------------------------------------------------------
Accepted connection from 10.0.0.86, port 48776
[  8] local 10.0.0.118 port 5201 connected to 10.0.0.86 port 34846
[ ID] Interval           Transfer     Bitrate         Jitter    Lost/Total Datagrams
[  8]   0.00-1.00   sec   133 KBytes  1.09 Mbits/sec  5.236 ms  3/100 (3%)  
[  8]   1.00-2.00   sec   139 KBytes  1.14 Mbits/sec  9.300 ms  21/123 (17%)  
[  8]   2.00-3.00   sec   150 KBytes  1.23 Mbits/sec  4.244 ms  1/111 (0.9%)  
[  8]   3.00-4.00   sec   144 KBytes  1.18 Mbits/sec  7.498 ms  2/107 (1.9%)  
[  8]   4.00-5.00   sec   142 KBytes  1.16 Mbits/sec  6.969 ms  10/114 (8.8%)  
[  8]   5.00-6.00   sec   129 KBytes  1.05 Mbits/sec  5.636 ms  18/112 (16%)  
[  8]   6.00-7.00   sec   154 KBytes  1.26 Mbits/sec  5.118 ms  0/113 (0%)  
[  8]   7.00-8.00   sec   145 KBytes  1.19 Mbits/sec  4.333 ms  5/111 (4.5%)  
[  8]   8.00-9.00   sec   150 KBytes  1.23 Mbits/sec  3.953 ms  2/112 (1.8%)  
[  8]   9.00-10.00  sec   146 KBytes  1.20 Mbits/sec  4.713 ms  4/111 (3.6%)  
[  8]  10.00-11.00  sec   153 KBytes  1.25 Mbits/sec  4.283 ms  1/113 (0.88%)  
[  8]  11.00-12.00  sec   152 KBytes  1.24 Mbits/sec  5.549 ms  1/112 (0.89%)  
[  8]  12.00-13.00  sec   145 KBytes  1.19 Mbits/sec  4.749 ms  4/110 (3.6%)  
[  8]  13.00-14.00  sec   153 KBytes  1.25 Mbits/sec  2.234 ms  1/113 (0.88%)  
[  8]  14.00-15.00  sec   148 KBytes  1.21 Mbits/sec  4.109 ms  1/109 (0.92%)  
[  8]  15.00-16.00  sec   149 KBytes  1.22 Mbits/sec  4.260 ms  1/110 (0.91%)  
[  8]  16.00-17.00  sec   154 KBytes  1.27 Mbits/sec  1.722 ms  2/115 (1.7%)  
[  8]  17.00-18.00  sec   150 KBytes  1.23 Mbits/sec  3.899 ms  2/112 (1.8%)  
[  8]  18.00-19.00  sec   150 KBytes  1.23 Mbits/sec  5.643 ms  1/111 (0.9%)  
[  8]  19.00-20.00  sec   148 KBytes  1.21 Mbits/sec  4.741 ms  3/111 (2.7%)  
[  8]  20.00-20.02  sec  4.10 KBytes  1.55 Mbits/sec  4.613 ms  0/3 (0%)  
- - - - - - - - - - - - - - - - - - - - - - - - -
[ ID] Interval           Transfer     Bitrate         Jitter    Lost/Total Datagrams
[  8]   0.00-20.02  sec  2.87 MBytes  1.20 Mbits/sec  4.613 ms  83/2233 (3.7%)  receiver
