-----------------------------------------------------------
Server listening on 5201 (test #1)
-----------------------------------------------------------
Accepted connection from 10.0.0.45, port 43998
[  8] local 10.0.0.109 port 5201 connected to 10.0.0.45 port 59725
[ ID] Interval           Transfer     Bitrate         Jitter    Lost/Total Datagrams
[  8]   0.00-1.00   sec  20.5 KBytes   168 Kbits/sec  15.114 ms  1/16 (6.2%)  
[  8]   1.00-2.00   sec  27.3 KBytes   224 Kbits/sec  31.460 ms  1/21 (4.8%)  
[  8]   2.00-3.00   sec  32.8 KBytes   269 Kbits/sec  21.874 ms  6/30 (20%)  
[  8]   3.00-4.00   sec  23.2 KBytes   190 Kbits/sec  16.128 ms  4/21 (19%)  
[  8]   4.00-5.00   sec  28.7 KBytes   235 Kbits/sec  22.857 ms  2/23 (8.7%)  
[  8]   5.00-6.00   sec  23.2 KBytes   190 Kbits/sec  13.643 ms  0/17 (0%)  
[  8]   6.00-7.00   sec  9.57 KBytes  78.5 Kbits/sec  28.508 ms  15/22 (68%)  
[  8]   7.00-8.00   sec  8.20 KBytes  67.2 Kbits/sec  36.326 ms  9/15 (60%)  
[  8]   8.00-9.00   sec  34.2 KBytes   280 Kbits/sec  28.067 ms  11/36 (31%)  
[  8]   9.00-10.00  sec  24.6 KBytes   201 Kbits/sec  19.743 ms  3/21 (14%)  
[  8]  10.00-11.00  sec  30.1 KBytes   247 Kbits/sec  13.179 ms  2/24 (8.3%)  
[  8]  11.00-12.00  sec  24.6 KBytes   201 Kbits/sec  9.376 ms  4/22 (18%)  
[  8]  12.00-13.00  sec  26.0 KBytes   213 Kbits/sec  8.041 ms  2/21 (9.5%)  
[  8]  13.00-14.00  sec  27.3 KBytes   224 Kbits/sec  7.750 ms  3/23 (13%)  
[  8]  14.00-15.00  sec  28.7 KBytes   235 Kbits/sec  7.814 ms  2/23 (8.7%)  
[  8]  15.00-16.00  sec  30.1 KBytes   246 Kbits/sec  6.223 ms  0/22 (0%)  
[  8]  16.00-17.00  sec  27.3 KBytes   224 Kbits/sec  9.274 ms  3/23 (13%)  
[  8]  17.00-18.00  sec  19.1 KBytes   157 Kbits/sec  20.401 ms  1/15 (6.7%)  
[  8]  18.00-19.00  sec  21.9 KBytes   179 Kbits/sec  32.321 ms  11/27 (41%)  
[  8]  19.00-20.00  sec  24.6 KBytes   202 Kbits/sec  17.326 ms  5/23 (22%)  
[  8]  20.00-20.25  sec  2.73 KBytes  88.0 Kbits/sec  16.551 ms  0/2 (0%)  
- - - - - - - - - - - - - - - - - - - - - - - - -
[ ID] Interval           Transfer     Bitrate         Jitter    Lost/Total Datagrams
[  8]   0.00-20.25  sec   495 KBytes   200 Kbits/sec  16.551 ms  85/447 (19%)  receiver
