This file contains any messages produced by compilers while
running configure, to aid debugging if configure makes a mistake.

It was created by PI-proto configure 0.1, which was
generated by GNU Autoconf 2.71.  Invocation command line was

  $ ./configure --disable-option-checking --prefix=/usr/local --with-proto --without-internal-rpc --without-cli --without-bmv2 --with-python_prefix=/home/adam/p4dev-python-venv --cache-file=/dev/null --srcdir=.

## --------- ##
## Platform. ##
## --------- ##

hostname = adam-Yoga-7-2-in-1-16IML9
uname -m = x86_64
uname -r = 6.17.0-35-generic
uname -s = Linux
uname -v = #35~24.04.1-Ubuntu SMP PREEMPT_DYNAMIC Tue May 26 19:30:42 UTC 2

/usr/bin/uname -p = x86_64
/bin/uname -X     = unknown

/bin/arch              = x86_64
/usr/bin/arch -k       = unknown
/usr/convex/getsysinfo = unknown
/usr/bin/hostinfo      = unknown
/bin/machine           = unknown
/usr/bin/oslevel       = unknown
/bin/universe          = unknown

PATH: /home/adam/p4dev-python-venv/bin/
PATH: /home/adam/miniconda3/bin/
PATH: /home/adam/miniconda3/condabin/
PATH: /home/adam/.local/bin/
PATH: /home/adam/.local/bin/
PATH: /home/adam/.local/bin/
PATH: /usr/local/sbin/
PATH: /usr/local/bin/
PATH: /usr/sbin/
PATH: /usr/bin/
PATH: /sbin/
PATH: /bin/
PATH: /usr/games/
PATH: /usr/local/games/
PATH: /snap/bin/
PATH: /snap/bin/


## ----------- ##
## Core tests. ##
## ----------- ##

configure:2837: looking for aux files: config.guess config.sub ltmain.sh compile missing install-sh
configure:2850:  trying ././
configure:2879:   ././config.guess found
configure:2879:   ././config.sub found
configure:2879:   ././ltmain.sh found
configure:2879:   ././compile found
configure:2879:   ././missing found
configure:2861:   ././install-sh found
configure:3009: checking for a BSD-compatible install
configure:3082: result: /usr/bin/install -c
configure:3093: checking whether build environment is sane
configure:3148: result: yes
configure:3307: checking for a race-free mkdir -p
configure:3351: result: /usr/bin/mkdir -p
configure:3358: checking for gawk
configure:3393: result: no
configure:3358: checking for mawk
configure:3379: found /usr/bin/mawk
configure:3390: result: mawk
configure:3401: checking whether make sets $(MAKE)
configure:3424: result: yes
configure:3454: checking whether make supports nested variables
configure:3472: result: yes
configure:3673: checking for gcc
configure:3694: found /usr/bin/gcc
configure:3705: result: gcc
configure:4058: checking for C compiler version
configure:4067: gcc --version >&5
gcc (Ubuntu 13.3.0-6ubuntu2~24.04.1) 13.3.0
Copyright (C) 2023 Free Software Foundation, Inc.
This is free software; see the source for copying conditions.  There is NO
warranty; not even for MERCHANTABILITY or FITNESS FOR A PARTICULAR PURPOSE.

configure:4078: $? = 0
configure:4067: gcc -v >&5
Using built-in specs.
COLLECT_GCC=gcc
COLLECT_LTO_WRAPPER=/usr/libexec/gcc/x86_64-linux-gnu/13/lto-wrapper
OFFLOAD_TARGET_NAMES=nvptx-none:amdgcn-amdhsa
OFFLOAD_TARGET_DEFAULT=1
Target: x86_64-linux-gnu
Configured with: ../src/configure -v --with-pkgversion='Ubuntu 13.3.0-6ubuntu2~24.04.1' --with-bugurl=file:///usr/share/doc/gcc-13/README.Bugs --enable-languages=c,ada,c++,go,d,fortran,objc,obj-c++,m2 --prefix=/usr --with-gcc-major-version-only --program-suffix=-13 --program-prefix=x86_64-linux-gnu- --enable-shared --enable-linker-build-id --libexecdir=/usr/libexec --without-included-gettext --enable-threads=posix --libdir=/usr/lib --enable-nls --enable-bootstrap --enable-clocale=gnu --enable-libstdcxx-debug --enable-libstdcxx-time=yes --with-default-libstdcxx-abi=new --enable-libstdcxx-backtrace --enable-gnu-unique-object --disable-vtable-verify --enable-plugin --enable-default-pie --with-system-zlib --enable-libphobos-checking=release --with-target-system-zlib=auto --enable-objc-gc=auto --enable-multiarch --disable-werror --enable-cet --with-arch-32=i686 --with-abi=m64 --with-multilib-list=m32,m64,mx32 --enable-multilib --with-tune=generic --enable-offload-targets=nvptx-none=/build/gcc-13-EldibY/gcc-13-13.3.0/debian/tmp-nvptx/usr,amdgcn-amdhsa=/build/gcc-13-EldibY/gcc-13-13.3.0/debian/tmp-gcn/usr --enable-offload-defaulted --without-cuda-driver --enable-checking=release --build=x86_64-linux-gnu --host=x86_64-linux-gnu --target=x86_64-linux-gnu --with-build-config=bootstrap-lto-lean --enable-link-serialization=2
Thread model: posix
Supported LTO compression algorithms: zlib zstd
gcc version 13.3.0 (Ubuntu 13.3.0-6ubuntu2~24.04.1) 
... rest of stderr output deleted ...
configure:4078: $? = 0
configure:4067: gcc -V >&5
gcc: error: unrecognized command-line option '-V'
gcc: fatal error: no input files
compilation terminated.
configure:4078: $? = 1
configure:4067: gcc -qversion >&5
gcc: error: unrecognized command-line option '-qversion'; did you mean '--version'?
gcc: fatal error: no input files
compilation terminated.
configure:4078: $? = 1
configure:4067: gcc -version >&5
gcc: error: unrecognized command-line option '-version'
gcc: fatal error: no input files
compilation terminated.
configure:4078: $? = 1
configure:4098: checking whether the C compiler works
configure:4120: gcc    conftest.c  >&5
configure:4124: $? = 0
configure:4174: result: yes
configure:4177: checking for C compiler default output file name
configure:4179: result: a.out
configure:4185: checking for suffix of executables
configure:4192: gcc -o conftest    conftest.c  >&5
configure:4196: $? = 0
configure:4219: result: 
configure:4241: checking whether we are cross compiling
configure:4249: gcc -o conftest    conftest.c  >&5
configure:4253: $? = 0
configure:4260: ./conftest
configure:4264: $? = 0
configure:4279: result: no
configure:4284: checking for suffix of object files
configure:4307: gcc -c   conftest.c >&5
configure:4311: $? = 0
configure:4333: result: o
configure:4337: checking whether the compiler supports GNU C
configure:4357: gcc -c   conftest.c >&5
configure:4357: $? = 0
configure:4367: result: yes
configure:4378: checking whether gcc accepts -g
configure:4399: gcc -c -g  conftest.c >&5
configure:4399: $? = 0
configure:4443: result: yes
configure:4463: checking for gcc option to enable C11 features
configure:4478: gcc  -c -g -O2  conftest.c >&5
configure:4478: $? = 0
configure:4496: result: none needed
configure:4612: checking whether gcc understands -c and -o together
configure:4635: gcc -c conftest.c -o conftest2.o
configure:4638: $? = 0
configure:4635: gcc -c conftest.c -o conftest2.o
configure:4638: $? = 0
configure:4650: result: yes
configure:4670: checking whether make supports the include directive
configure:4685: make -f confmf.GNU && cat confinc.out
this is the am__doit target
configure:4688: $? = 0
configure:4707: result: yes (GNU style)
configure:4733: checking dependency style of gcc
configure:4845: result: gcc3
configure:4929: checking for g++
configure:4950: found /usr/bin/g++
configure:4961: result: g++
configure:4988: checking for C++ compiler version
configure:4997: g++ --version >&5
g++ (Ubuntu 13.3.0-6ubuntu2~24.04.1) 13.3.0
Copyright (C) 2023 Free Software Foundation, Inc.
This is free software; see the source for copying conditions.  There is NO
warranty; not even for MERCHANTABILITY or FITNESS FOR A PARTICULAR PURPOSE.

configure:5008: $? = 0
configure:4997: g++ -v >&5
Using built-in specs.
COLLECT_GCC=g++
COLLECT_LTO_WRAPPER=/usr/libexec/gcc/x86_64-linux-gnu/13/lto-wrapper
OFFLOAD_TARGET_NAMES=nvptx-none:amdgcn-amdhsa
OFFLOAD_TARGET_DEFAULT=1
Target: x86_64-linux-gnu
Configured with: ../src/configure -v --with-pkgversion='Ubuntu 13.3.0-6ubuntu2~24.04.1' --with-bugurl=file:///usr/share/doc/gcc-13/README.Bugs --enable-languages=c,ada,c++,go,d,fortran,objc,obj-c++,m2 --prefix=/usr --with-gcc-major-version-only --program-suffix=-13 --program-prefix=x86_64-linux-gnu- --enable-shared --enable-linker-build-id --libexecdir=/usr/libexec --without-included-gettext --enable-threads=posix --libdir=/usr/lib --enable-nls --enable-bootstrap --enable-clocale=gnu --enable-libstdcxx-debug --enable-libstdcxx-time=yes --with-default-libstdcxx-abi=new --enable-libstdcxx-backtrace --enable-gnu-unique-object --disable-vtable-verify --enable-plugin --enable-default-pie --with-system-zlib --enable-libphobos-checking=release --with-target-system-zlib=auto --enable-objc-gc=auto --enable-multiarch --disable-werror --enable-cet --with-arch-32=i686 --with-abi=m64 --with-multilib-list=m32,m64,mx32 --enable-multilib --with-tune=generic --enable-offload-targets=nvptx-none=/build/gcc-13-EldibY/gcc-13-13.3.0/debian/tmp-nvptx/usr,amdgcn-amdhsa=/build/gcc-13-EldibY/gcc-13-13.3.0/debian/tmp-gcn/usr --enable-offload-defaulted --without-cuda-driver --enable-checking=release --build=x86_64-linux-gnu --host=x86_64-linux-gnu --target=x86_64-linux-gnu --with-build-config=bootstrap-lto-lean --enable-link-serialization=2
Thread model: posix
Supported LTO compression algorithms: zlib zstd
gcc version 13.3.0 (Ubuntu 13.3.0-6ubuntu2~24.04.1) 
... rest of stderr output deleted ...
configure:5008: $? = 0
configure:4997: g++ -V >&5
g++: error: unrecognized command-line option '-V'
g++: fatal error: no input files
compilation terminated.
configure:5008: $? = 1
configure:4997: g++ -qversion >&5
g++: error: unrecognized command-line option '-qversion'; did you mean '--version'?
g++: fatal error: no input files
compilation terminated.
configure:5008: $? = 1
configure:5012: checking whether the compiler supports GNU C++
configure:5032: g++ -c   conftest.cpp >&5
configure:5032: $? = 0
configure:5042: result: yes
configure:5053: checking whether g++ accepts -g
configure:5074: g++ -c -g  conftest.cpp >&5
configure:5074: $? = 0
configure:5118: result: yes
configure:5138: checking for g++ option to enable C++11 features
configure:5153: g++  -c -g -O2  conftest.cpp >&5
conftest.cpp: In function 'int main(int, char**)':
conftest.cpp:177:25: warning: empty parentheses were disambiguated as a function declaration [-Wvexing-parse]
  177 |   cxx11test::delegate d2();
      |                         ^~
conftest.cpp:177:25: note: remove parentheses to default-initialize a variable
  177 |   cxx11test::delegate d2();
      |                         ^~
      |                         --
conftest.cpp:177:25: note: or replace parentheses with braces to value-initialize a variable
configure:5153: $? = 0
configure:5171: result: none needed
configure:5237: checking dependency style of g++
configure:5349: result: gcc3
configure:5396: checking build system type
configure:5411: result: x86_64-pc-linux-gnu
configure:5431: checking host system type
configure:5445: result: x86_64-pc-linux-gnu
configure:5486: checking how to print strings
configure:5513: result: printf
configure:5534: checking for a sed that does not truncate output
configure:5604: result: /usr/bin/sed
configure:5622: checking for grep that handles long lines and -e
configure:5686: result: /usr/bin/grep
configure:5691: checking for egrep
configure:5759: result: /usr/bin/grep -E
configure:5764: checking for fgrep
configure:5832: result: /usr/bin/grep -F
configure:5868: checking for ld used by gcc
configure:5936: result: /usr/bin/ld
configure:5943: checking if the linker (/usr/bin/ld) is GNU ld
configure:5959: result: yes
configure:5971: checking for BSD- or MS-compatible name lister (nm)
configure:6026: result: /usr/bin/nm -B
configure:6166: checking the name lister (/usr/bin/nm -B) interface
configure:6174: gcc -c -g -O2  conftest.c >&5
configure:6177: /usr/bin/nm -B "conftest.o"
configure:6180: output
0000000000000000 B some_variable
configure:6187: result: BSD nm
configure:6190: checking whether ln -s works
configure:6194: result: yes
configure:6202: checking the maximum length of command line arguments
configure:6334: result: 1572864
configure:6382: checking how to convert x86_64-pc-linux-gnu file names to x86_64-pc-linux-gnu format
configure:6423: result: func_convert_file_noop
configure:6430: checking how to convert x86_64-pc-linux-gnu file names to toolchain format
configure:6451: result: func_convert_file_noop
configure:6458: checking for /usr/bin/ld option to reload object files
configure:6466: result: -r
configure:6545: checking for file
configure:6566: found /usr/bin/file
configure:6577: result: file
configure:6653: checking for objdump
configure:6674: found /usr/bin/objdump
configure:6685: result: objdump
configure:6717: checking how to recognize dependent libraries
configure:6918: result: pass_all
configure:7008: checking for dlltool
configure:7043: result: no
configure:7073: checking how to associate runtime and link libraries
configure:7101: result: printf %s\n
configure:7167: checking for ar
configure:7188: found /usr/bin/ar
configure:7199: result: ar
configure:7252: checking for archiver @FILE support
configure:7270: gcc -c -g -O2  conftest.c >&5
configure:7270: $? = 0
configure:7274: ar cr libconftest.a @conftest.lst >&5
configure:7277: $? = 0
configure:7282: ar cr libconftest.a @conftest.lst >&5
ar: conftest.o: No such file or directory
configure:7285: $? = 1
configure:7297: result: @
configure:7360: checking for strip
configure:7381: found /usr/bin/strip
configure:7392: result: strip
configure:7469: checking for ranlib
configure:7490: found /usr/bin/ranlib
configure:7501: result: ranlib
configure:7603: checking command to parse /usr/bin/nm -B output from gcc object
configure:7757: gcc -c -g -O2  conftest.c >&5
configure:7760: $? = 0
configure:7764: /usr/bin/nm -B conftest.o | /usr/bin/sed -n -e 's/^.*[	 ]\([ABCDGIRSTW][ABCDGIRSTW]*\)[	 ][	 ]*\([_A-Za-z][_A-Za-z0-9]*\)$/\1 \2 \2/p' | /usr/bin/sed '/ __gnu_lto/d' > conftest.nm
configure:7830: gcc -o conftest -g -O2   conftest.c conftstm.o >&5
configure:7833: $? = 0
configure:7871: result: ok
configure:7918: checking for sysroot
configure:7949: result: no
configure:7956: checking for a working dd
configure:8000: result: /usr/bin/dd
configure:8004: checking how to truncate binary pipes
configure:8020: result: /usr/bin/dd bs=4096 count=1
configure:8157: gcc -c -g -O2  conftest.c >&5
configure:8160: $? = 0
configure:8357: checking for mt
configure:8378: found /usr/bin/mt
configure:8389: result: mt
configure:8412: checking if mt is a manifest tool
configure:8419: mt '-?'
configure:8427: result: no
configure:9152: checking for stdio.h
configure:9152: gcc -c -g -O2  conftest.c >&5
configure:9152: $? = 0
configure:9152: result: yes
configure:9152: checking for stdlib.h
configure:9152: gcc -c -g -O2  conftest.c >&5
configure:9152: $? = 0
configure:9152: result: yes
configure:9152: checking for string.h
configure:9152: gcc -c -g -O2  conftest.c >&5
configure:9152: $? = 0
configure:9152: result: yes
configure:9152: checking for inttypes.h
configure:9152: gcc -c -g -O2  conftest.c >&5
configure:9152: $? = 0
configure:9152: result: yes
configure:9152: checking for stdint.h
configure:9152: gcc -c -g -O2  conftest.c >&5
configure:9152: $? = 0
configure:9152: result: yes
configure:9152: checking for strings.h
configure:9152: gcc -c -g -O2  conftest.c >&5
configure:9152: $? = 0
configure:9152: result: yes
configure:9152: checking for sys/stat.h
configure:9152: gcc -c -g -O2  conftest.c >&5
configure:9152: $? = 0
configure:9152: result: yes
configure:9152: checking for sys/types.h
configure:9152: gcc -c -g -O2  conftest.c >&5
configure:9152: $? = 0
configure:9152: result: yes
configure:9152: checking for unistd.h
configure:9152: gcc -c -g -O2  conftest.c >&5
configure:9152: $? = 0
configure:9152: result: yes
configure:9177: checking for dlfcn.h
configure:9177: gcc -c -g -O2  conftest.c >&5
configure:9177: $? = 0
configure:9177: result: yes
configure:9447: checking for objdir
configure:9463: result: .libs
configure:9727: checking if gcc supports -fno-rtti -fno-exceptions
configure:9746: gcc -c -g -O2  -fno-rtti -fno-exceptions conftest.c >&5
cc1: warning: command-line option '-fno-rtti' is valid for C++/D/ObjC++ but not for C
configure:9750: $? = 0
configure:9763: result: no
configure:10127: checking for gcc option to produce PIC
configure:10135: result: -fPIC -DPIC
configure:10143: checking if gcc PIC flag -fPIC -DPIC works
configure:10162: gcc -c -g -O2  -fPIC -DPIC -DPIC conftest.c >&5
configure:10166: $? = 0
configure:10179: result: yes
configure:10208: checking if gcc static flag -static works
configure:10237: result: yes
configure:10252: checking if gcc supports -c -o file.o
configure:10274: gcc -c -g -O2  -o out/conftest2.o conftest.c >&5
configure:10278: $? = 0
configure:10300: result: yes
configure:10308: checking if gcc supports -c -o file.o
configure:10356: result: yes
configure:10389: checking whether the gcc linker (/usr/bin/ld -m elf_x86_64) supports shared libraries
configure:11663: result: yes
configure:11700: checking whether -lc should be explicitly linked in
configure:11709: gcc -c -g -O2  conftest.c >&5
configure:11712: $? = 0
configure:11727: gcc -shared  -fPIC -DPIC conftest.o  -v -Wl,-soname -Wl,conftest -o conftest 2\>\&1 \| /usr/bin/grep  -lc  \>/dev/null 2\>\&1
configure:11730: $? = 0
configure:11744: result: no
configure:11904: checking dynamic linker characteristics
configure:12486: gcc -o conftest -g -O2   -Wl,-rpath -Wl,/foo conftest.c  >&5
configure:12486: $? = 0
configure:12737: result: GNU/Linux ld.so
configure:12859: checking how to hardcode library paths into programs
configure:12884: result: immediate
configure:13436: checking whether stripping libraries is possible
configure:13445: result: yes
configure:13487: checking if libtool supports shared libraries
configure:13489: result: yes
configure:13492: checking whether to build shared libraries
configure:13517: result: yes
configure:13520: checking whether to build static libraries
configure:13524: result: yes
configure:13547: checking how to run the C++ preprocessor
configure:13569: g++ -E  conftest.cpp
configure:13569: $? = 0
configure:13584: g++ -E  conftest.cpp
conftest.cpp:23:10: fatal error: ac_nonexistent.h: No such file or directory
   23 | #include <ac_nonexistent.h>
      |          ^~~~~~~~~~~~~~~~~~
compilation terminated.
configure:13584: $? = 1
configure: failed program was:
| /* confdefs.h */
| #define PACKAGE_NAME "PI-proto"
| #define PACKAGE_TARNAME "pi-proto"
| #define PACKAGE_VERSION "0.1"
| #define PACKAGE_STRING "PI-proto 0.1"
| #define PACKAGE_BUGREPORT ""
| #define PACKAGE_URL ""
| #define PACKAGE "pi-proto"
| #define VERSION "0.1"
| #define HAVE_STDIO_H 1
| #define HAVE_STDLIB_H 1
| #define HAVE_STRING_H 1
| #define HAVE_INTTYPES_H 1
| #define HAVE_STDINT_H 1
| #define HAVE_STRINGS_H 1
| #define HAVE_SYS_STAT_H 1
| #define HAVE_SYS_TYPES_H 1
| #define HAVE_UNISTD_H 1
| #define STDC_HEADERS 1
| #define HAVE_DLFCN_H 1
| #define LT_OBJDIR ".libs/"
| /* end confdefs.h.  */
| #include <ac_nonexistent.h>
configure:13611: result: g++ -E
configure:13625: g++ -E  conftest.cpp
configure:13625: $? = 0
configure:13640: g++ -E  conftest.cpp
conftest.cpp:23:10: fatal error: ac_nonexistent.h: No such file or directory
   23 | #include <ac_nonexistent.h>
      |          ^~~~~~~~~~~~~~~~~~
compilation terminated.
configure:13640: $? = 1
configure: failed program was:
| /* confdefs.h */
| #define PACKAGE_NAME "PI-proto"
| #define PACKAGE_TARNAME "pi-proto"
| #define PACKAGE_VERSION "0.1"
| #define PACKAGE_STRING "PI-proto 0.1"
| #define PACKAGE_BUGREPORT ""
| #define PACKAGE_URL ""
| #define PACKAGE "pi-proto"
| #define VERSION "0.1"
| #define HAVE_STDIO_H 1
| #define HAVE_STDLIB_H 1
| #define HAVE_STRING_H 1
| #define HAVE_INTTYPES_H 1
| #define HAVE_STDINT_H 1
| #define HAVE_STRINGS_H 1
| #define HAVE_SYS_STAT_H 1
| #define HAVE_SYS_TYPES_H 1
| #define HAVE_UNISTD_H 1
| #define STDC_HEADERS 1
| #define HAVE_DLFCN_H 1
| #define LT_OBJDIR ".libs/"
| /* end confdefs.h.  */
| #include <ac_nonexistent.h>
configure:13805: checking for ld used by g++
configure:13873: result: /usr/bin/ld -m elf_x86_64
configure:13880: checking if the linker (/usr/bin/ld -m elf_x86_64) is GNU ld
configure:13896: result: yes
configure:13951: checking whether the g++ linker (/usr/bin/ld -m elf_x86_64) supports shared libraries
configure:15029: result: yes
configure:15065: g++ -c -g -O2  conftest.cpp >&5
configure:15068: $? = 0
configure:15549: checking for g++ option to produce PIC
configure:15557: result: -fPIC -DPIC
configure:15565: checking if g++ PIC flag -fPIC -DPIC works
configure:15584: g++ -c -g -O2  -fPIC -DPIC -DPIC conftest.cpp >&5
configure:15588: $? = 0
configure:15601: result: yes
configure:15624: checking if g++ static flag -static works
configure:15653: result: yes
configure:15665: checking if g++ supports -c -o file.o
configure:15687: g++ -c -g -O2  -o out/conftest2.o conftest.cpp >&5
configure:15691: $? = 0
configure:15713: result: yes
configure:15718: checking if g++ supports -c -o file.o
configure:15766: result: yes
configure:15796: checking whether the g++ linker (/usr/bin/ld -m elf_x86_64) supports shared libraries
configure:15839: result: yes
configure:15981: checking dynamic linker characteristics
configure:16741: result: GNU/Linux ld.so
configure:16806: checking how to hardcode library paths into programs
configure:16831: result: immediate
configure:16929: checking whether g++ supports C++17 features with -std=c++17
configure:17740: g++ -std=c++17 -c -g -O2  conftest.cpp >&5
configure:17740: $? = 0
configure:17750: result: yes
configure:17826: checking for a Python interpreter with version >= 3.5
configure:17844: python -c import sys # split strings by '.' and convert to numeric. Append some zeros # because we need at least 4 digits for the hex conversion. # map returns an iterator in Python 3.0 and a list in 2.x minver = list(map(int, '3.5'.split('.'))) + [0, 0, 0] minverhex = 0 # xrange is not present in Python 3.0 and range returns an iterator for i in list(range(0, 4)): minverhex = (minverhex << 8) + minver[i] sys.exit(sys.hexversion < minverhex)
configure:17847: $? = 0
configure:17854: result: python
configure:17862: checking for python
configure:17885: found /home/adam/p4dev-python-venv/bin/python
configure:17897: result: /home/adam/p4dev-python-venv/bin/python
configure:17914: checking for python version
configure:17922: result: 3.13
configure:17927: checking for python platform
configure:17935: result: linux
configure:17965: checking for explicit python prefix
configure:17967: result: /home/adam/p4dev-python-venv
configure:18027: checking for python_prefix-given python exec_prefix
configure:18029: result: /home/adam/p4dev-python-venv
configure:18097: checking for python script directory (pythondir)
configure:18139: result: ${PYTHON_PREFIX}/lib/python3.13/site-packages
configure:18147: checking for python extension module directory (pyexecdir)
configure:18189: result: ${PYTHON_EXEC_PREFIX}/lib/python3.13/site-packages
configure:18268: checking for pkg-config
configure:18291: found /usr/bin/pkg-config
configure:18303: result: /usr/bin/pkg-config
configure:18328: checking pkg-config is at least version 0.9.0
configure:18331: result: yes
configure:18341: checking for PROTOBUF
configure:18348: $PKG_CONFIG --exists --print-errors "protobuf >= 3.12.0"
configure:18351: $? = 0
configure:18365: $PKG_CONFIG --exists --print-errors "protobuf >= 3.12.0"
configure:18368: $? = 0
configure:18426: result: yes
configure:18435: checking for GRPC
configure:18442: $PKG_CONFIG --exists --print-errors "grpc++ >= 1.3.0 grpc >= 3.0.0"
configure:18445: $? = 0
configure:18459: $PKG_CONFIG --exists --print-errors "grpc++ >= 1.3.0 grpc >= 3.0.0"
configure:18462: $? = 0
configure:18520: result: yes
configure:18529: checking for protoc
configure:18552: found /usr/bin/protoc
configure:18564: result: /usr/bin/protoc
configure:18654: checking for grpc_cpp_plugin
configure:18677: found /usr/bin/grpc_cpp_plugin
configure:18689: result: /usr/bin/grpc_cpp_plugin
configure:18708: checking for grpc_python_plugin
configure:18731: found /usr/bin/grpc_python_plugin
configure:18743: result: /usr/bin/grpc_python_plugin
configure:18819: checking for boostlib >= 1.54.0
configure:18899: g++ -std=c++17 -c -g -O2  -I/usr/include conftest.cpp >&5
configure:18899: $? = 0
configure:18902: result: yes
configure:19082: checking whether the Boost::System library is available
configure:19107: g++ -std=c++17 -c -g -O2  -I/usr/include conftest.cpp >&5
configure:19107: $? = 0
configure:19123: result: yes
configure:19138: checking for exit in -lboost_system
configure:19160: g++ -std=c++17 -o conftest -g -O2  -I/usr/include  -L/usr/lib/x86_64-linux-gnu conftest.cpp -lboost_system   >&5
configure:19160: $? = 0
configure:19171: result: yes
configure:19311: checking for MHD_start_daemon in -lmicrohttpd
configure:19333: g++ -std=c++17 -o conftest -g -O2   conftest.cpp -lmicrohttpd   >&5
/usr/bin/ld: cannot find -lmicrohttpd: No such file or directory
collect2: error: ld returned 1 exit status
configure:19333: $? = 1
configure: failed program was:
| /* confdefs.h */
| #define PACKAGE_NAME "PI-proto"
| #define PACKAGE_TARNAME "pi-proto"
| #define PACKAGE_VERSION "0.1"
| #define PACKAGE_STRING "PI-proto 0.1"
| #define PACKAGE_BUGREPORT ""
| #define PACKAGE_URL ""
| #define PACKAGE "pi-proto"
| #define VERSION "0.1"
| #define HAVE_STDIO_H 1
| #define HAVE_STDLIB_H 1
| #define HAVE_STRING_H 1
| #define HAVE_INTTYPES_H 1
| #define HAVE_STDINT_H 1
| #define HAVE_STRINGS_H 1
| #define HAVE_SYS_STAT_H 1
| #define HAVE_SYS_TYPES_H 1
| #define HAVE_UNISTD_H 1
| #define STDC_HEADERS 1
| #define HAVE_DLFCN_H 1
| #define LT_OBJDIR ".libs/"
| #define HAVE_CXX17 1
| #define HAVE_BOOST /**/
| #define HAVE_BOOST_SYSTEM /**/
| /* end confdefs.h.  */
| 
| namespace conftest {
|   extern "C" int MHD_start_daemon ();
| }
| int
| main (void)
| {
| return conftest::MHD_start_daemon ();
|   ;
|   return 0;
| }
configure:19343: result: no
configure:19353: WARNING: microhttpd library not found, will not compile demo
configure:19481: checking for /home/adam/PI/proto/p4/v1/p4runtime.proto
configure:19496: result: yes
configure:19521: checking how to run the C preprocessor
configure:19547: gcc -E  conftest.c
configure:19547: $? = 0
configure:19562: gcc -E  conftest.c
conftest.c:26:10: fatal error: ac_nonexistent.h: No such file or directory
   26 | #include <ac_nonexistent.h>
      |          ^~~~~~~~~~~~~~~~~~
compilation terminated.
configure:19562: $? = 1
configure: failed program was:
| /* confdefs.h */
| #define PACKAGE_NAME "PI-proto"
| #define PACKAGE_TARNAME "pi-proto"
| #define PACKAGE_VERSION "0.1"
| #define PACKAGE_STRING "PI-proto 0.1"
| #define PACKAGE_BUGREPORT ""
| #define PACKAGE_URL ""
| #define PACKAGE "pi-proto"
| #define VERSION "0.1"
| #define HAVE_STDIO_H 1
| #define HAVE_STDLIB_H 1
| #define HAVE_STRING_H 1
| #define HAVE_INTTYPES_H 1
| #define HAVE_STDINT_H 1
| #define HAVE_STRINGS_H 1
| #define HAVE_SYS_STAT_H 1
| #define HAVE_SYS_TYPES_H 1
| #define HAVE_UNISTD_H 1
| #define STDC_HEADERS 1
| #define HAVE_DLFCN_H 1
| #define LT_OBJDIR ".libs/"
| #define HAVE_CXX17 1
| #define HAVE_BOOST /**/
| #define HAVE_BOOST_SYSTEM /**/
| /* end confdefs.h.  */
| #include <ac_nonexistent.h>
configure:19589: result: gcc -E
configure:19603: gcc -E  conftest.c
configure:19603: $? = 0
configure:19618: gcc -E  conftest.c
conftest.c:26:10: fatal error: ac_nonexistent.h: No such file or directory
   26 | #include <ac_nonexistent.h>
      |          ^~~~~~~~~~~~~~~~~~
compilation terminated.
configure:19618: $? = 1
configure: failed program was:
| /* confdefs.h */
| #define PACKAGE_NAME "PI-proto"
| #define PACKAGE_TARNAME "pi-proto"
| #define PACKAGE_VERSION "0.1"
| #define PACKAGE_STRING "PI-proto 0.1"
| #define PACKAGE_BUGREPORT ""
| #define PACKAGE_URL ""
| #define PACKAGE "pi-proto"
| #define VERSION "0.1"
| #define HAVE_STDIO_H 1
| #define HAVE_STDLIB_H 1
| #define HAVE_STRING_H 1
| #define HAVE_INTTYPES_H 1
| #define HAVE_STDINT_H 1
| #define HAVE_STRINGS_H 1
| #define HAVE_SYS_STAT_H 1
| #define HAVE_SYS_TYPES_H 1
| #define HAVE_UNISTD_H 1
| #define STDC_HEADERS 1
| #define HAVE_DLFCN_H 1
| #define LT_OBJDIR ".libs/"
| #define HAVE_CXX17 1
| #define HAVE_BOOST /**/
| #define HAVE_BOOST_SYSTEM /**/
| /* end confdefs.h.  */
| #include <ac_nonexistent.h>
configure:19834: checking whether gcc is Clang
configure:19861: result: no
configure:19989: checking whether pthreads work with -pthread
configure:20089: gcc -o conftest -g -O2 -pthread   conftest.c   >&5
configure:20089: $? = 0
configure:20099: result: yes
configure:20119: checking for joinable pthread attribute
configure:20138: gcc -o conftest -g -O2 -pthread   conftest.c   >&5
configure:20138: $? = 0
configure:20147: result: PTHREAD_CREATE_JOINABLE
configure:20160: checking whether more special flags are required for pthreads
configure:20174: result: no
configure:20183: checking for PTHREAD_PRIO_INHERIT
configure:20200: gcc -o conftest -g -O2 -pthread   conftest.c   >&5
configure:20200: $? = 0
configure:20210: result: yes
configure:20343: checking for a sed that does not truncate output
configure:20413: result: /usr/bin/sed
configure:20527: checking that generated files are newer than configure
configure:20533: result: done
configure:20580: creating ./config.status

## ---------------------- ##
## Running config.status. ##
## ---------------------- ##

This file was extended by PI-proto config.status 0.1, which was
generated by GNU Autoconf 2.71.  Invocation command line was

  CONFIG_FILES    = 
  CONFIG_HEADERS  = 
  CONFIG_LINKS    = 
  CONFIG_COMMANDS = 
  $ ./config.status 

on adam-Yoga-7-2-in-1-16IML9

config.status:1215: creating Makefile
config.status:1215: creating p4info/Makefile
config.status:1215: creating frontend/Makefile
config.status:1215: creating server/Makefile
config.status:1215: creating demo_grpc/Makefile
config.status:1215: creating tests/Makefile
config.status:1215: creating third_party/Makefile
config.status:1215: creating sysrepo/install_yangs.sh
config.status:1215: creating config.h
config.status:1444: executing depfiles commands
config.status:1521: cd .       && sed -e '/# am--include-marker/d' Makefile         | make -f - am--depfiles
config.status:1526: $? = 0
config.status:1521: cd p4info       && sed -e '/# am--include-marker/d' Makefile         | make -f - am--depfiles
config.status:1526: $? = 0
config.status:1521: cd frontend       && sed -e '/# am--include-marker/d' Makefile         | make -f - am--depfiles
config.status:1526: $? = 0
config.status:1521: cd server       && sed -e '/# am--include-marker/d' Makefile         | make -f - am--depfiles
config.status:1526: $? = 0
config.status:1521: cd demo_grpc       && sed -e '/# am--include-marker/d' Makefile         | make -f - am--depfiles
config.status:1526: $? = 0
config.status:1521: cd tests       && sed -e '/# am--include-marker/d' Makefile         | make -f - am--depfiles
config.status:1526: $? = 0
config.status:1521: cd third_party       && sed -e '/# am--include-marker/d' Makefile         | make -f - am--depfiles
config.status:1526: $? = 0
config.status:1444: executing libtool commands

## ---------------- ##
## Cache variables. ##
## ---------------- ##

ac_cv_build=x86_64-pc-linux-gnu
ac_cv_c_compiler_gnu=yes
ac_cv_cxx_compiler_gnu=yes
ac_cv_env_CCC_set=
ac_cv_env_CCC_value=
ac_cv_env_CC_set=
ac_cv_env_CC_value=
ac_cv_env_CFLAGS_set=
ac_cv_env_CFLAGS_value=
ac_cv_env_CPPFLAGS_set=
ac_cv_env_CPPFLAGS_value=
ac_cv_env_CPP_set=
ac_cv_env_CPP_value=
ac_cv_env_CXXCPP_set=
ac_cv_env_CXXCPP_value=
ac_cv_env_CXXFLAGS_set=
ac_cv_env_CXXFLAGS_value=
ac_cv_env_CXX_set=
ac_cv_env_CXX_value=
ac_cv_env_GRPC_CFLAGS_set=
ac_cv_env_GRPC_CFLAGS_value=
ac_cv_env_GRPC_LIBS_set=
ac_cv_env_GRPC_LIBS_value=
ac_cv_env_LDFLAGS_set=
ac_cv_env_LDFLAGS_value=
ac_cv_env_LIBS_set=
ac_cv_env_LIBS_value=
ac_cv_env_LT_SYS_LIBRARY_PATH_set=
ac_cv_env_LT_SYS_LIBRARY_PATH_value=
ac_cv_env_PKG_CONFIG_LIBDIR_set=
ac_cv_env_PKG_CONFIG_LIBDIR_value=
ac_cv_env_PKG_CONFIG_PATH_set=
ac_cv_env_PKG_CONFIG_PATH_value=
ac_cv_env_PKG_CONFIG_set=
ac_cv_env_PKG_CONFIG_value=
ac_cv_env_PROTOBUF_CFLAGS_set=
ac_cv_env_PROTOBUF_CFLAGS_value=
ac_cv_env_PROTOBUF_LIBS_set=
ac_cv_env_PROTOBUF_LIBS_value=
ac_cv_env_PYTHON_set=
ac_cv_env_PYTHON_value=
ac_cv_env_build_alias_set=
ac_cv_env_build_alias_value=
ac_cv_env_host_alias_set=
ac_cv_env_host_alias_value=
ac_cv_env_target_alias_set=
ac_cv_env_target_alias_value=
ac_cv_file__home_adam_PI_proto_p4_v1_p4runtime_proto=yes
ac_cv_header_dlfcn_h=yes
ac_cv_header_inttypes_h=yes
ac_cv_header_stdint_h=yes
ac_cv_header_stdio_h=yes
ac_cv_header_stdlib_h=yes
ac_cv_header_string_h=yes
ac_cv_header_strings_h=yes
ac_cv_header_sys_stat_h=yes
ac_cv_header_sys_types_h=yes
ac_cv_header_unistd_h=yes
ac_cv_host=x86_64-pc-linux-gnu
ac_cv_lib_boost_system_exit=yes
ac_cv_lib_microhttpd_MHD_start_daemon=no
ac_cv_objext=o
ac_cv_path_EGREP='/usr/bin/grep -E'
ac_cv_path_FGREP='/usr/bin/grep -F'
ac_cv_path_GREP=/usr/bin/grep
ac_cv_path_GRPC_CPP_PLUGIN=/usr/bin/grpc_cpp_plugin
ac_cv_path_GRPC_PY_PLUGIN=/usr/bin/grpc_python_plugin
ac_cv_path_PROTOC=/usr/bin/protoc
ac_cv_path_PYTHON=/home/adam/p4dev-python-venv/bin/python
ac_cv_path_SED=/usr/bin/sed
ac_cv_path_ac_pt_PKG_CONFIG=/usr/bin/pkg-config
ac_cv_path_install='/usr/bin/install -c'
ac_cv_path_lt_DD=/usr/bin/dd
ac_cv_path_mkdir=/usr/bin/mkdir
ac_cv_prog_AWK=mawk
ac_cv_prog_CPP='gcc -E'
ac_cv_prog_CXXCPP='g++ -E'
ac_cv_prog_ac_ct_AR=ar
ac_cv_prog_ac_ct_CC=gcc
ac_cv_prog_ac_ct_CXX=g++
ac_cv_prog_ac_ct_FILECMD=file
ac_cv_prog_ac_ct_MANIFEST_TOOL=mt
ac_cv_prog_ac_ct_OBJDUMP=objdump
ac_cv_prog_ac_ct_RANLIB=ranlib
ac_cv_prog_ac_ct_STRIP=strip
ac_cv_prog_cc_c11=
ac_cv_prog_cc_g=yes
ac_cv_prog_cc_stdc=
ac_cv_prog_cxx_cxx11=
ac_cv_prog_cxx_g=yes
ac_cv_prog_cxx_stdcxx=
ac_cv_prog_make_make_set=yes
am_cv_CC_dependencies_compiler_type=gcc3
am_cv_CXX_dependencies_compiler_type=gcc3
am_cv_make_support_nested_variables=yes
am_cv_pathless_PYTHON=python
am_cv_prog_cc_c_o=yes
am_cv_python_exec_prefix=/home/adam/p4dev-python-venv
am_cv_python_platform=linux
am_cv_python_prefix=/home/adam/p4dev-python-venv
am_cv_python_pyexecdir='${PYTHON_EXEC_PREFIX}/lib/python3.13/site-packages'
am_cv_python_pythondir='${PYTHON_PREFIX}/lib/python3.13/site-packages'
am_cv_python_version=3.13
ax_cv_PTHREAD_CLANG=no
ax_cv_PTHREAD_JOINABLE_ATTR=PTHREAD_CREATE_JOINABLE
ax_cv_PTHREAD_PRIO_INHERIT=yes
ax_cv_PTHREAD_SPECIAL_FLAGS=no
ax_cv_boost_system=yes
ax_cv_cxx_compile_cxx17__std_cpp17=yes
lt_cv_ar_at_file=@
lt_cv_archive_cmds_need_lc=no
lt_cv_deplibs_check_method=pass_all
lt_cv_file_magic_cmd='$MAGIC_CMD'
lt_cv_file_magic_test_file=
lt_cv_ld_reload_flag=-r
lt_cv_nm_interface='BSD nm'
lt_cv_objdir=.libs
lt_cv_path_LD=/usr/bin/ld
lt_cv_path_LDCXX='/usr/bin/ld -m elf_x86_64'
lt_cv_path_NM='/usr/bin/nm -B'
lt_cv_path_mainfest_tool=no
lt_cv_prog_compiler_c_o=yes
lt_cv_prog_compiler_c_o_CXX=yes
lt_cv_prog_compiler_pic='-fPIC -DPIC'
lt_cv_prog_compiler_pic_CXX='-fPIC -DPIC'
lt_cv_prog_compiler_pic_works=yes
lt_cv_prog_compiler_pic_works_CXX=yes
lt_cv_prog_compiler_rtti_exceptions=no
lt_cv_prog_compiler_static_works=yes
lt_cv_prog_compiler_static_works_CXX=yes
lt_cv_prog_gnu_ld=yes
lt_cv_prog_gnu_ldcxx=yes
lt_cv_sharedlib_from_linklib_cmd='printf %s\n'
lt_cv_shlibpath_overrides_runpath=yes
lt_cv_sys_global_symbol_pipe='/usr/bin/sed -n -e '\''s/^.*[	 ]\([ABCDGIRSTW][ABCDGIRSTW]*\)[	 ][	 ]*\([_A-Za-z][_A-Za-z0-9]*\)$/\1 \2 \2/p'\'' | /usr/bin/sed '\''/ __gnu_lto/d'\'''
lt_cv_sys_global_symbol_to_c_name_address='/usr/bin/sed -n -e '\''s/^: \(.*\) .*$/  {"\1", (void *) 0},/p'\'' -e '\''s/^[ABCDGIRSTW][ABCDGIRSTW]* .* \(.*\)$/  {"\1", (void *) \&\1},/p'\'''
lt_cv_sys_global_symbol_to_c_name_address_lib_prefix='/usr/bin/sed -n -e '\''s/^: \(.*\) .*$/  {"\1", (void *) 0},/p'\'' -e '\''s/^[ABCDGIRSTW][ABCDGIRSTW]* .* \(lib.*\)$/  {"\1", (void *) \&\1},/p'\'' -e '\''s/^[ABCDGIRSTW][ABCDGIRSTW]* .* \(.*\)$/  {"lib\1", (void *) \&\1},/p'\'''
lt_cv_sys_global_symbol_to_cdecl='/usr/bin/sed -n -e '\''s/^T .* \(.*\)$/extern int \1();/p'\'' -e '\''s/^[ABCDGIRSTW][ABCDGIRSTW]* .* \(.*\)$/extern char \1;/p'\'''
lt_cv_sys_global_symbol_to_import=
lt_cv_sys_max_cmd_len=1572864
lt_cv_to_host_file_cmd=func_convert_file_noop
lt_cv_to_tool_file_cmd=func_convert_file_noop
lt_cv_truncate_bin='/usr/bin/dd bs=4096 count=1'
pkg_cv_GRPC_CFLAGS='-DNOMINMAX '
pkg_cv_GRPC_LIBS='-lgrpc++ -labsl_throw_delegate -labsl_raw_logging_internal -labsl_throw_delegate -labsl_raw_logging_internal -labsl_raw_logging_internal -labsl_raw_logging_internal -labsl_raw_logging_internal -labsl_throw_delegate -labsl_raw_logging_internal -labsl_raw_logging_internal -labsl_throw_delegate -labsl_raw_logging_internal -labsl_throw_delegate -labsl_raw_logging_internal -labsl_raw_logging_internal -labsl_raw_logging_internal -labsl_raw_logging_internal -labsl_throw_delegate -labsl_raw_logging_internal -labsl_raw_logging_internal -labsl_throw_delegate -labsl_raw_logging_internal -labsl_throw_delegate -labsl_raw_logging_internal -labsl_raw_logging_internal -labsl_raw_logging_internal -labsl_raw_logging_internal -labsl_throw_delegate -labsl_raw_logging_internal -labsl_raw_logging_internal -lgrpc -laddress_sorting -lre2 -lupb -lcares -lz -lgpr -labsl_throw_delegate -labsl_raw_logging_internal -labsl_throw_delegate -labsl_raw_logging_internal -labsl_raw_logging_internal -labsl_raw_logging_internal -labsl_raw_logging_internal -labsl_throw_delegate -labsl_raw_logging_internal -labsl_raw_logging_internal -lssl -lcrypto -labsl_raw_hash_set -labsl_hashtablez_sampler -labsl_hash -labsl_city -labsl_low_level_hash -labsl_random_distributions -labsl_throw_delegate -labsl_raw_logging_internal -labsl_throw_delegate -labsl_raw_logging_internal -labsl_raw_logging_internal -labsl_raw_logging_internal -labsl_random_seed_sequences -labsl_random_internal_pool_urbg -labsl_random_internal_randen -labsl_random_internal_randen_hwaes -labsl_random_internal_randen_hwaes_impl -labsl_random_internal_randen_slow -labsl_random_internal_platform -labsl_raw_logging_internal -labsl_throw_delegate -labsl_raw_logging_internal -labsl_random_internal_seed_material -labsl_raw_logging_internal -labsl_random_seed_gen_exception -labsl_statusor -labsl_status -labsl_cord -labsl_cordz_info -labsl_cord_internal -labsl_cordz_functions -labsl_exponential_biased -labsl_cordz_handle -labsl_bad_optional_access -labsl_strerror -labsl_str_format_internal -labsl_synchronization -labsl_graphcycles_internal -labsl_stacktrace -labsl_symbolize -labsl_debugging_internal -labsl_demangle_internal -labsl_malloc_internal -labsl_time -labsl_civil_time -labsl_strings -labsl_strings_internal -Wl,--push-state,--as-needed -latomic -Wl,--pop-state -lrt -labsl_base -labsl_spinlock_wait -labsl_int128 -labsl_throw_delegate -labsl_time_zone -labsl_bad_variant_access -labsl_raw_logging_internal -labsl_log_severity '
pkg_cv_PROTOBUF_CFLAGS=
pkg_cv_PROTOBUF_LIBS='-lprotobuf '

## ----------------- ##
## Output variables. ##
## ----------------- ##

ACLOCAL='${SHELL} '\''/home/adam/PI/proto/missing'\'' aclocal-1.16'
AMDEPBACKSLASH='\'
AMDEP_FALSE='#'
AMDEP_TRUE=''
AMTAR='$${TAR-tar}'
AM_BACKSLASH='\'
AM_CXXFLAGS='-pthread -Wall -Wextra'
AM_DEFAULT_V='$(AM_DEFAULT_VERBOSITY)'
AM_DEFAULT_VERBOSITY='1'
AM_V='$(V)'
AR='ar'
AUTOCONF='${SHELL} '\''/home/adam/PI/proto/missing'\'' autoconf'
AUTOHEADER='${SHELL} '\''/home/adam/PI/proto/missing'\'' autoheader'
AUTOMAKE='${SHELL} '\''/home/adam/PI/proto/missing'\'' automake-1.16'
AWK='mawk'
BOOST_CPPFLAGS='-I/usr/include'
BOOST_LDFLAGS='-L/usr/lib/x86_64-linux-gnu'
BOOST_SYSTEM_LIB='-lboost_system'
CC='gcc'
CCDEPMODE='depmode=gcc3'
CFLAGS='-g -O2'
CPP='gcc -E'
CPPFLAGS=''
CSCOPE='cscope'
CTAGS='ctags'
CXX='g++ -std=c++17'
CXXCPP='g++ -E -std=c++17'
CXXDEPMODE='depmode=gcc3'
CXXFLAGS='-g -O2'
CYGPATH_W='echo'
DEFS='-DHAVE_CONFIG_H'
DEPDIR='.deps'
DLLTOOL='false'
DSYMUTIL=''
DUMPBIN=''
ECHO_C=''
ECHO_N='-n'
ECHO_T=''
EGREP='/usr/bin/grep -E'
ETAGS='etags'
EXEEXT=''
FGREP='/usr/bin/grep -F'
FILECMD='file'
GREP='/usr/bin/grep'
GRPC_CFLAGS='-DNOMINMAX '
GRPC_CPP_PLUGIN='/usr/bin/grpc_cpp_plugin'
GRPC_LIBS='-lgrpc++ -labsl_throw_delegate -labsl_raw_logging_internal -labsl_throw_delegate -labsl_raw_logging_internal -labsl_raw_logging_internal -labsl_raw_logging_internal -labsl_raw_logging_internal -labsl_throw_delegate -labsl_raw_logging_internal -labsl_raw_logging_internal -labsl_throw_delegate -labsl_raw_logging_internal -labsl_throw_delegate -labsl_raw_logging_internal -labsl_raw_logging_internal -labsl_raw_logging_internal -labsl_raw_logging_internal -labsl_throw_delegate -labsl_raw_logging_internal -labsl_raw_logging_internal -labsl_throw_delegate -labsl_raw_logging_internal -labsl_throw_delegate -labsl_raw_logging_internal -labsl_raw_logging_internal -labsl_raw_logging_internal -labsl_raw_logging_internal -labsl_throw_delegate -labsl_raw_logging_internal -labsl_raw_logging_internal -lgrpc -laddress_sorting -lre2 -lupb -lcares -lz -lgpr -labsl_throw_delegate -labsl_raw_logging_internal -labsl_throw_delegate -labsl_raw_logging_internal -labsl_raw_logging_internal -labsl_raw_logging_internal -labsl_raw_logging_internal -labsl_throw_delegate -labsl_raw_logging_internal -labsl_raw_logging_internal -lssl -lcrypto -labsl_raw_hash_set -labsl_hashtablez_sampler -labsl_hash -labsl_city -labsl_low_level_hash -labsl_random_distributions -labsl_throw_delegate -labsl_raw_logging_internal -labsl_throw_delegate -labsl_raw_logging_internal -labsl_raw_logging_internal -labsl_raw_logging_internal -labsl_random_seed_sequences -labsl_random_internal_pool_urbg -labsl_random_internal_randen -labsl_random_internal_randen_hwaes -labsl_random_internal_randen_hwaes_impl -labsl_random_internal_randen_slow -labsl_random_internal_platform -labsl_raw_logging_internal -labsl_throw_delegate -labsl_raw_logging_internal -labsl_random_internal_seed_material -labsl_raw_logging_internal -labsl_random_seed_gen_exception -labsl_statusor -labsl_status -labsl_cord -labsl_cordz_info -labsl_cord_internal -labsl_cordz_functions -labsl_exponential_biased -labsl_cordz_handle -labsl_bad_optional_access -labsl_strerror -labsl_str_format_internal -labsl_synchronization -labsl_graphcycles_internal -labsl_stacktrace -labsl_symbolize -labsl_debugging_internal -labsl_demangle_internal -labsl_malloc_internal -labsl_time -labsl_civil_time -labsl_strings -labsl_strings_internal -Wl,--push-state,--as-needed -latomic -Wl,--pop-state -lrt -labsl_base -labsl_spinlock_wait -labsl_int128 -labsl_throw_delegate -labsl_time_zone -labsl_bad_variant_access -labsl_raw_logging_internal -labsl_log_severity '
GRPC_PY_PLUGIN='/usr/bin/grpc_python_plugin'
HAVE_CXX17='1'
HAVE_GRPC_PY_PLUGIN_FALSE='#'
HAVE_GRPC_PY_PLUGIN_TRUE=''
HAVE_PYTHON_FALSE='#'
HAVE_PYTHON_TRUE=''
INSTALL_DATA='${INSTALL} -m 644'
INSTALL_PROGRAM='${INSTALL}'
INSTALL_SCRIPT='${INSTALL}'
INSTALL_STRIP_PROGRAM='$(install_sh) -c -s'
LD='/usr/bin/ld -m elf_x86_64'
LDFLAGS=''
LD_IGNORE_UNRESOLVED_SYMBOLS='-Wl,--unresolved-symbols=ignore-in-shared-libs'
LIBOBJS=''
LIBS=''
LIBTOOL='$(SHELL) $(top_builddir)/libtool'
LIPO=''
LN_S='ln -s'
LTLIBOBJS=''
LT_SYS_LIBRARY_PATH=''
MAKEINFO='${SHELL} '\''/home/adam/PI/proto/missing'\'' makeinfo'
MANIFEST_TOOL=':'
MKDIR_P='/usr/bin/mkdir -p'
NM='/usr/bin/nm -B'
NMEDIT=''
OBJDUMP='objdump'
OBJEXT='o'
OTOOL64=''
OTOOL=''
PACKAGE='pi-proto'
PACKAGE_BUGREPORT=''
PACKAGE_NAME='PI-proto'
PACKAGE_STRING='PI-proto 0.1'
PACKAGE_TARNAME='pi-proto'
PACKAGE_URL=''
PACKAGE_VERSION='0.1'
PATH_SEPARATOR=':'
PKG_CONFIG='/usr/bin/pkg-config'
PKG_CONFIG_LIBDIR=''
PKG_CONFIG_PATH=''
PROTOBUF_CFLAGS=''
PROTOBUF_LIBS='-lprotobuf '
PROTOC='/usr/bin/protoc'
PROTOC_VERSION='3.21.12'
PROTOFLAGS=''
PTHREAD_CC='gcc'
PTHREAD_CFLAGS='-pthread'
PTHREAD_LIBS=''
PYTHON='/home/adam/p4dev-python-venv/bin/python'
PYTHON_EXEC_PREFIX='/home/adam/p4dev-python-venv'
PYTHON_PLATFORM='linux'
PYTHON_PREFIX='/home/adam/p4dev-python-venv'
PYTHON_VERSION='3.13'
RANLIB='ranlib'
SED='/usr/bin/sed'
SET_MAKE=''
SHELL='/bin/bash'
STRIP='strip'
VERSION='0.1'
WITH_BMV2_FALSE=''
WITH_BMV2_TRUE='#'
WITH_PROTO_DEMO_FALSE=''
WITH_PROTO_DEMO_TRUE='#'
WITH_SYSREPO_FALSE=''
WITH_SYSREPO_TRUE='#'
ac_ct_AR='ar'
ac_ct_CC='gcc'
ac_ct_CXX='g++'
ac_ct_DUMPBIN=''
am__EXEEXT_FALSE=''
am__EXEEXT_TRUE='#'
am__fastdepCC_FALSE='#'
am__fastdepCC_TRUE=''
am__fastdepCXX_FALSE='#'
am__fastdepCXX_TRUE=''
am__include='include'
am__isrc=''
am__leading_dot='.'
am__nodep='_no'
am__quote=''
am__tar='$${TAR-tar} chof - "$$tardir"'
am__untar='$${TAR-tar} xf -'
ax_pthread_config=''
bindir='${exec_prefix}/bin'
build='x86_64-pc-linux-gnu'
build_alias=''
build_cpu='x86_64'
build_os='linux-gnu'
build_vendor='pc'
datadir='${datarootdir}'
datarootdir='${prefix}/share'
docdir='${datarootdir}/doc/${PACKAGE_TARNAME}'
dvidir='${docdir}'
exec_prefix='${prefix}'
host='x86_64-pc-linux-gnu'
host_alias=''
host_cpu='x86_64'
host_os='linux-gnu'
host_vendor='pc'
htmldir='${docdir}'
includedir='${prefix}/include'
infodir='${datarootdir}/info'
install_sh='${SHELL} /home/adam/PI/proto/install-sh'
libdir='${exec_prefix}/lib'
libexecdir='${exec_prefix}/libexec'
localedir='${datarootdir}/locale'
localstatedir='${prefix}/var'
mandir='${datarootdir}/man'
mkdir_p='$(MKDIR_P)'
oldincludedir='/usr/include'
pdfdir='${docdir}'
pkgpyexecdir='${pyexecdir}/pi-proto'
pkgpythondir='${pythondir}/pi-proto'
prefix='/usr/local'
program_transform_name='s,x,x,'
psdir='${docdir}'
pyexecdir='${PYTHON_EXEC_PREFIX}/lib/python3.13/site-packages'
pythondir='${PYTHON_PREFIX}/lib/python3.13/site-packages'
runstatedir='${localstatedir}/run'
sbindir='${exec_prefix}/sbin'
sharedstatedir='${prefix}/com'
sysconfdir='${prefix}/etc'
target_alias=''

## ----------- ##
## confdefs.h. ##
## ----------- ##

/* confdefs.h */
#define PACKAGE_NAME "PI-proto"
#define PACKAGE_TARNAME "pi-proto"
#define PACKAGE_VERSION "0.1"
#define PACKAGE_STRING "PI-proto 0.1"
#define PACKAGE_BUGREPORT ""
#define PACKAGE_URL ""
#define PACKAGE "pi-proto"
#define VERSION "0.1"
#define HAVE_STDIO_H 1
#define HAVE_STDLIB_H 1
#define HAVE_STRING_H 1
#define HAVE_INTTYPES_H 1
#define HAVE_STDINT_H 1
#define HAVE_STRINGS_H 1
#define HAVE_SYS_STAT_H 1
#define HAVE_SYS_TYPES_H 1
#define HAVE_UNISTD_H 1
#define STDC_HEADERS 1
#define HAVE_DLFCN_H 1
#define LT_OBJDIR ".libs/"
#define HAVE_CXX17 1
#define HAVE_BOOST /**/
#define HAVE_BOOST_SYSTEM /**/
#define HAVE_PTHREAD_PRIO_INHERIT 1
#define HAVE_PTHREAD 1

configure: exit 0
