-----------------------------------------------------------
Server listening on 5201 (test #1)
-----------------------------------------------------------
Accepted connection from 10.0.0.33, port 54590
[  8] local 10.0.0.97 port 5201 connected to 10.0.0.33 port 56765
[ ID] Interval           Transfer     Bitrate         Jitter    Lost/Total Datagrams
[  8]   0.00-1.00   sec   122 KBytes   997 Kbits/sec  1.521 ms  0/89 (0%)  
[  8]   1.00-2.00   sec   122 KBytes   997 Kbits/sec  2.189 ms  0/89 (0%)  
[  8]   2.00-3.00   sec   120 KBytes   985 Kbits/sec  3.558 ms  1/89 (1.1%)  
[  8]   3.00-4.00   sec   120 KBytes   986 Kbits/sec  3.464 ms  1/89 (1.1%)  
[  8]   4.00-5.00   sec   118 KBytes   963 Kbits/sec  3.489 ms  4/90 (4.4%)  
[  8]   5.00-6.00   sec   118 KBytes   963 Kbits/sec  3.763 ms  3/89 (3.4%)  
[  8]   6.00-7.00   sec   118 KBytes   963 Kbits/sec  4.372 ms  3/89 (3.4%)  
[  8]   7.00-8.00   sec   122 KBytes   997 Kbits/sec  2.389 ms  0/89 (0%)  
[  8]   8.00-9.00   sec   122 KBytes   997 Kbits/sec  4.177 ms  1/90 (1.1%)  
[  8]   9.00-10.00  sec   122 KBytes   997 Kbits/sec  1.493 ms  0/89 (0%)  
[  8]  10.00-11.00  sec   122 KBytes   997 Kbits/sec  2.930 ms  0/89 (0%)  
[  8]  11.00-12.00  sec   122 KBytes   997 Kbits/sec  3.549 ms  1/90 (1.1%)  
[  8]  12.00-13.00  sec   122 KBytes   996 Kbits/sec  2.774 ms  0/89 (0%)  
[  8]  13.00-14.00  sec   122 KBytes   997 Kbits/sec  2.154 ms  1/90 (1.1%)  
[  8]  14.00-15.00  sec   122 KBytes   997 Kbits/sec  2.838 ms  0/89 (0%)  
[  8]  15.00-16.00  sec   120 KBytes   986 Kbits/sec  2.094 ms  1/89 (1.1%)  
[  8]  16.00-17.00  sec   122 KBytes   997 Kbits/sec  2.330 ms  0/89 (0%)  
[  8]  17.00-18.00  sec   122 KBytes   997 Kbits/sec  2.786 ms  1/90 (1.1%)  
[  8]  18.00-19.00  sec   120 KBytes   985 Kbits/sec  2.687 ms  0/88 (0%)  
[  8]  19.00-20.00  sec   122 KBytes   997 Kbits/sec  2.414 ms  1/90 (1.1%)  
[  8]  20.00-21.00  sec   122 KBytes   997 Kbits/sec  3.621 ms  0/89 (0%)  
[  8]  21.00-22.00  sec   119 KBytes   972 Kbits/sec  2.975 ms  2/89 (2.2%)  
[  8]  22.00-23.00  sec   113 KBytes   932 Kbits/sec  5.056 ms  7/90 (7.8%)  
[  8]  23.00-24.00  sec   120 KBytes   986 Kbits/sec  4.074 ms  1/89 (1.1%)  
[  8]  24.00-25.00  sec   122 KBytes   995 Kbits/sec  2.942 ms  0/89 (0%)  
[  8]  25.00-26.00  sec   122 KBytes   998 Kbits/sec  2.266 ms  1/90 (1.1%)  
[  8]  26.00-27.00  sec   119 KBytes   974 Kbits/sec  3.539 ms  2/89 (2.2%)  
[  8]  27.00-28.00  sec   119 KBytes   974 Kbits/sec  3.065 ms  2/89 (2.2%)  
[  8]  28.00-29.00  sec   120 KBytes   986 Kbits/sec  6.254 ms  2/90 (2.2%)  
[  8]  29.00-30.00  sec   122 KBytes   997 Kbits/sec  3.963 ms  0/89 (0%)  
[  8]  30.00-31.00  sec   118 KBytes   963 Kbits/sec  3.654 ms  3/89 (3.4%)  
[  8]  31.00-32.00  sec   118 KBytes   963 Kbits/sec  4.435 ms  3/89 (3.4%)  
[  8]  32.00-33.00  sec   118 KBytes   963 Kbits/sec  3.738 ms  3/89 (3.4%)  
[  8]  33.00-34.00  sec   120 KBytes   985 Kbits/sec  3.881 ms  1/89 (1.1%)  
[  8]  34.00-35.00  sec   123 KBytes  1.01 Mbits/sec  2.657 ms  0/90 (0%)  
[  8]  35.00-36.00  sec   120 KBytes   986 Kbits/sec  3.626 ms  2/90 (2.2%)  
[  8]  36.00-37.00  sec   122 KBytes   997 Kbits/sec  3.816 ms  0/89 (0%)  
[  8]  37.00-38.00  sec   122 KBytes   997 Kbits/sec  4.778 ms  0/89 (0%)  
[  8]  38.00-39.00  sec   123 KBytes  1.01 Mbits/sec  3.823 ms  0/90 (0%)  
[  8]  39.00-40.00  sec   118 KBytes   964 Kbits/sec  3.076 ms  2/88 (2.3%)  
[  8]  40.00-41.00  sec   123 KBytes  1.01 Mbits/sec  2.133 ms  0/90 (0%)  
[  8]  41.00-42.00  sec   122 KBytes   997 Kbits/sec  2.361 ms  0/89 (0%)  
[  8]  42.00-43.00  sec   120 KBytes   986 Kbits/sec  3.459 ms  1/89 (1.1%)  
[  8]  43.00-44.00  sec   123 KBytes  1.01 Mbits/sec  3.402 ms  0/90 (0%)  
[  8]  44.00-45.00  sec   115 KBytes   941 Kbits/sec  2.664 ms  5/89 (5.6%)  
[  8]  45.00-46.00  sec   120 KBytes   986 Kbits/sec  2.247 ms  1/89 (1.1%)  
[  8]  46.00-47.00  sec   123 KBytes  1.01 Mbits/sec  2.256 ms  0/90 (0%)  
[  8]  47.00-48.00  sec   120 KBytes   986 Kbits/sec  3.229 ms  1/89 (1.1%)  
[  8]  48.00-49.00  sec   120 KBytes   986 Kbits/sec  3.658 ms  1/89 (1.1%)  
[  8]  49.00-50.00  sec   120 KBytes   986 Kbits/sec  3.530 ms  1/89 (1.1%)  
[  8]  50.00-51.00  sec   120 KBytes   985 Kbits/sec  4.225 ms  1/89 (1.1%)  
[  8]  51.00-52.00  sec   120 KBytes   986 Kbits/sec  3.966 ms  2/90 (2.2%)  
[  8]  52.00-53.00  sec   118 KBytes   963 Kbits/sec  4.290 ms  3/89 (3.4%)  
[  8]  53.00-54.00  sec   120 KBytes   986 Kbits/sec  3.543 ms  2/90 (2.2%)  
[  8]  54.00-55.01  sec   122 KBytes   991 Kbits/sec  3.808 ms  0/89 (0%)  
[  8]  55.01-56.00  sec   120 KBytes   988 Kbits/sec  2.882 ms  2/90 (2.2%)  
[  8]  56.00-57.00  sec   120 KBytes   989 Kbits/sec  2.918 ms  0/88 (0%)  
[  8]  57.00-58.00  sec   122 KBytes   997 Kbits/sec  3.745 ms  1/90 (1.1%)  
[  8]  58.00-59.00  sec   122 KBytes   997 Kbits/sec  2.476 ms  0/89 (0%)  
[  8]  59.00-60.00  sec   122 KBytes   997 Kbits/sec  3.310 ms  0/89 (0%)  
[  8]  60.00-61.00  sec   122 KBytes   997 Kbits/sec  2.011 ms  1/90 (1.1%)  
[  8]  61.00-62.00  sec   122 KBytes   997 Kbits/sec  2.263 ms  0/89 (0%)  
[  8]  62.00-63.00  sec   122 KBytes   997 Kbits/sec  3.000 ms  0/89 (0%)  
[  8]  63.00-64.00  sec   122 KBytes   997 Kbits/sec  3.875 ms  1/90 (1.1%)  
[  8]  64.00-65.00  sec   122 KBytes   997 Kbits/sec  2.159 ms  0/89 (0%)  
[  8]  65.00-66.00  sec   122 KBytes   995 Kbits/sec  3.701 ms  0/89 (0%)  
[  8]  66.00-67.00  sec   122 KBytes   998 Kbits/sec  2.073 ms  1/90 (1.1%)  
[  8]  67.00-68.00  sec   113 KBytes   930 Kbits/sec  6.097 ms  5/88 (5.7%)  
[  8]  68.00-69.00  sec   122 KBytes   997 Kbits/sec  5.263 ms  1/90 (1.1%)  
[  8]  69.00-70.00  sec   120 KBytes   986 Kbits/sec  3.508 ms  1/89 (1.1%)  
[  8]  70.00-71.00  sec   123 KBytes  1.01 Mbits/sec  2.073 ms  0/90 (0%)  
[  8]  71.00-72.00  sec   120 KBytes   986 Kbits/sec  2.239 ms  0/88 (0%)  
[  8]  72.00-73.00  sec   119 KBytes   974 Kbits/sec  4.693 ms  2/89 (2.2%)  
[  8]  73.00-74.00  sec   122 KBytes   996 Kbits/sec  2.191 ms  1/90 (1.1%)  
[  8]  74.00-75.00  sec   122 KBytes   997 Kbits/sec  4.144 ms  0/89 (0%)  
[  8]  75.00-76.00  sec   122 KBytes   997 Kbits/sec  4.350 ms  1/90 (1.1%)  
[  8]  76.00-77.00  sec   119 KBytes   974 Kbits/sec  3.901 ms  2/89 (2.2%)  
[  8]  77.00-78.00  sec   116 KBytes   952 Kbits/sec  3.933 ms  5/90 (5.6%)  
[  8]  78.00-79.00  sec   118 KBytes   963 Kbits/sec  5.017 ms  2/88 (2.3%)  
[  8]  79.00-80.00  sec   109 KBytes   896 Kbits/sec  7.073 ms  10/90 (11%)  
[  8]  80.00-81.00  sec   118 KBytes   963 Kbits/sec  4.747 ms  3/89 (3.4%)  
[  8]  81.00-82.00  sec   120 KBytes   986 Kbits/sec  4.213 ms  2/90 (2.2%)  
[  8]  82.00-83.00  sec   115 KBytes   941 Kbits/sec  3.131 ms  5/89 (5.6%)  
[  8]  83.00-84.00  sec   123 KBytes  1.01 Mbits/sec  1.855 ms  0/90 (0%)  
[  8]  84.00-85.00  sec   119 KBytes   974 Kbits/sec  2.316 ms  1/88 (1.1%)  
[  8]  85.00-86.00  sec   120 KBytes   986 Kbits/sec  4.074 ms  1/89 (1.1%)  
[  8]  86.00-87.00  sec   119 KBytes   974 Kbits/sec  4.472 ms  3/90 (3.3%)  
[  8]  87.00-88.00  sec   109 KBytes   896 Kbits/sec  5.906 ms  8/88 (9.1%)  
[  8]  88.00-89.00  sec   120 KBytes   986 Kbits/sec  4.000 ms  2/90 (2.2%)  
[  8]  89.00-90.00  sec   122 KBytes   997 Kbits/sec  3.375 ms  1/90 (1.1%)  
[  8]  90.00-91.00  sec   119 KBytes   974 Kbits/sec  3.821 ms  2/89 (2.2%)  
[  8]  91.00-92.00  sec   120 KBytes   986 Kbits/sec  3.590 ms  1/89 (1.1%)  
[  8]  92.00-93.00  sec   122 KBytes   997 Kbits/sec  2.664 ms  1/90 (1.1%)  
[  8]  93.00-94.00  sec   120 KBytes   986 Kbits/sec  5.889 ms  1/89 (1.1%)  
[  8]  94.00-95.00  sec   122 KBytes   997 Kbits/sec  2.776 ms  0/89 (0%)  
[  8]  95.00-96.00  sec   123 KBytes  1.01 Mbits/sec  4.619 ms  0/90 (0%)  
[  8]  96.00-97.00  sec   119 KBytes   974 Kbits/sec  3.605 ms  2/89 (2.2%)  
[  8]  97.00-98.00  sec   120 KBytes   986 Kbits/sec  3.636 ms  1/89 (1.1%)  
[  8]  98.00-99.00  sec   123 KBytes  1.01 Mbits/sec  3.346 ms  0/90 (0%)  
[  8]  99.00-100.00 sec   118 KBytes   963 Kbits/sec  3.667 ms  3/89 (3.4%)  
[  8] 100.00-101.00 sec   119 KBytes   974 Kbits/sec  2.533 ms  2/89 (2.2%)  
[  8] 101.00-102.00 sec   122 KBytes   997 Kbits/sec  3.561 ms  0/89 (0%)  
[  8] 102.00-103.00 sec   122 KBytes   997 Kbits/sec  2.082 ms  0/89 (0%)  
[  8] 103.00-104.00 sec   120 KBytes   986 Kbits/sec  3.261 ms  2/90 (2.2%)  
[  8] 104.00-105.00 sec   119 KBytes   974 Kbits/sec  4.754 ms  2/89 (2.2%)  
[  8] 105.00-106.00 sec   120 KBytes   986 Kbits/sec  2.933 ms  2/90 (2.2%)  
[  8] 106.00-107.00 sec   116 KBytes   952 Kbits/sec  3.449 ms  3/88 (3.4%)  
[  8] 107.00-108.00 sec   120 KBytes   986 Kbits/sec  2.581 ms  1/89 (1.1%)  
[  8] 108.00-109.00 sec   118 KBytes   963 Kbits/sec  5.060 ms  4/90 (4.4%)  
[  8] 109.00-110.00 sec   120 KBytes   986 Kbits/sec  2.696 ms  2/90 (2.2%)  
[  8] 110.00-111.00 sec   118 KBytes   963 Kbits/sec  4.682 ms  1/87 (1.1%)  
[  8] 111.00-112.00 sec   119 KBytes   974 Kbits/sec  2.467 ms  4/91 (4.4%)  
[  8] 112.00-113.00 sec   122 KBytes   997 Kbits/sec  3.653 ms  1/90 (1.1%)  
[  8] 113.00-114.00 sec   122 KBytes   997 Kbits/sec  2.302 ms  0/89 (0%)  
[  8] 114.00-115.00 sec   122 KBytes   997 Kbits/sec  4.169 ms  0/89 (0%)  
[  8] 115.00-116.00 sec   120 KBytes   986 Kbits/sec  4.006 ms  2/90 (2.2%)  
[  8] 116.00-117.00 sec   120 KBytes   986 Kbits/sec  2.342 ms  0/88 (0%)  
[  8] 117.00-118.00 sec   122 KBytes   997 Kbits/sec  3.324 ms  1/90 (1.1%)  
[  8] 118.00-119.00 sec   113 KBytes   930 Kbits/sec  5.305 ms  6/89 (6.7%)  
[  8] 119.00-120.00 sec   120 KBytes   986 Kbits/sec  3.347 ms  1/89 (1.1%)  
[  8] 120.00-121.00 sec   119 KBytes   974 Kbits/sec  3.095 ms  3/90 (3.3%)  
[  8] 121.00-122.00 sec   122 KBytes   997 Kbits/sec  3.308 ms  0/89 (0%)  
[  8] 122.00-123.00 sec   119 KBytes   974 Kbits/sec  3.718 ms  2/89 (2.2%)  
[  8] 123.00-124.00 sec   120 KBytes   986 Kbits/sec  4.630 ms  2/90 (2.2%)  
[  8] 124.00-125.00 sec   120 KBytes   986 Kbits/sec  3.592 ms  1/89 (1.1%)  
[  8] 125.00-126.00 sec   122 KBytes   997 Kbits/sec  2.319 ms  0/89 (0%)  
[  8] 126.00-127.00 sec   123 KBytes  1.01 Mbits/sec  2.637 ms  0/90 (0%)  
[  8] 127.00-128.00 sec   122 KBytes   997 Kbits/sec  3.631 ms  0/89 (0%)  
[  8] 128.00-129.00 sec   122 KBytes   997 Kbits/sec  2.132 ms  0/89 (0%)  
[  8] 129.00-130.00 sec   119 KBytes   974 Kbits/sec  1.758 ms  3/90 (3.3%)  
[  8] 130.00-131.00 sec   122 KBytes   997 Kbits/sec  2.778 ms  0/89 (0%)  
[  8] 131.00-132.00 sec   120 KBytes   986 Kbits/sec  3.806 ms  0/88 (0%)  
[  8] 132.00-133.00 sec   122 KBytes   997 Kbits/sec  3.028 ms  1/90 (1.1%)  
[  8] 133.00-134.00 sec   115 KBytes   941 Kbits/sec  4.499 ms  1/85 (1.2%)  
[  8] 134.00-135.00 sec   124 KBytes  1.02 Mbits/sec  3.031 ms  3/94 (3.2%)  
[  8] 135.00-136.00 sec   122 KBytes   997 Kbits/sec  2.989 ms  0/89 (0%)  
[  8] 136.00-137.00 sec   116 KBytes   952 Kbits/sec  3.994 ms  4/89 (4.5%)  
[  8] 137.00-138.00 sec   123 KBytes  1.01 Mbits/sec  3.672 ms  0/90 (0%)  
[  8] 138.00-139.00 sec   120 KBytes   984 Kbits/sec  3.863 ms  1/89 (1.1%)  
[  8] 139.00-140.00 sec   122 KBytes   998 Kbits/sec  3.754 ms  0/89 (0%)  
[  8] 140.00-141.00 sec   123 KBytes  1.01 Mbits/sec  4.168 ms  0/90 (0%)  
[  8] 141.00-142.00 sec   122 KBytes   997 Kbits/sec  2.307 ms  0/89 (0%)  
[  8] 142.00-143.00 sec   120 KBytes   985 Kbits/sec  3.112 ms  1/89 (1.1%)  
[  8] 143.00-144.00 sec   122 KBytes   997 Kbits/sec  2.251 ms  1/90 (1.1%)  
[  8] 144.00-145.00 sec   119 KBytes   974 Kbits/sec  2.485 ms  2/89 (2.2%)  
[  8] 145.00-146.00 sec   122 KBytes   997 Kbits/sec  2.957 ms  0/89 (0%)  
[  8] 146.00-147.00 sec   122 KBytes   997 Kbits/sec  2.228 ms  1/90 (1.1%)  
[  8] 147.00-148.00 sec   122 KBytes   997 Kbits/sec  2.980 ms  0/89 (0%)  
[  8] 148.00-149.00 sec   120 KBytes   986 Kbits/sec  3.373 ms  0/88 (0%)  
[  8] 149.00-150.00 sec   115 KBytes   939 Kbits/sec  3.984 ms  6/90 (6.7%)  
[  8] 150.00-151.00 sec   122 KBytes   999 Kbits/sec  3.434 ms  0/89 (0%)  
[  8] 151.00-152.00 sec   119 KBytes   974 Kbits/sec  3.217 ms  3/90 (3.3%)  
[  8] 152.00-153.00 sec   118 KBytes   963 Kbits/sec  1.945 ms  3/89 (3.4%)  
[  8] 153.00-154.00 sec   122 KBytes   996 Kbits/sec  3.351 ms  0/89 (0%)  
[  8] 154.00-155.00 sec   122 KBytes   997 Kbits/sec  1.983 ms  1/90 (1.1%)  
[  8] 155.00-156.00 sec   122 KBytes   997 Kbits/sec  3.822 ms  0/89 (0%)  
[  8] 156.00-157.00 sec   120 KBytes   986 Kbits/sec  3.618 ms  1/89 (1.1%)  
[  8] 157.00-158.00 sec   120 KBytes   986 Kbits/sec  2.418 ms  1/89 (1.1%)  
[  8] 158.00-159.00 sec   123 KBytes  1.01 Mbits/sec  3.371 ms  0/90 (0%)  
[  8] 159.00-160.00 sec  99.8 KBytes   818 Kbits/sec  6.792 ms  7/80 (8.8%)  
[  8] 160.00-161.00 sec   119 KBytes   974 Kbits/sec  2.532 ms  11/98 (11%)  
[  8] 161.00-162.00 sec   123 KBytes  1.01 Mbits/sec  3.151 ms  0/90 (0%)  
[  8] 162.00-163.00 sec   105 KBytes   862 Kbits/sec  4.566 ms  12/89 (13%)  
[  8] 163.00-164.00 sec   107 KBytes   873 Kbits/sec  6.477 ms  4/82 (4.9%)  
[  8] 164.00-165.00 sec   124 KBytes  1.02 Mbits/sec  3.721 ms  5/96 (5.2%)  
[  8] 165.00-166.00 sec   123 KBytes  1.01 Mbits/sec  4.132 ms  0/90 (0%)  
[  8] 166.00-167.00 sec   113 KBytes   930 Kbits/sec  3.816 ms  6/89 (6.7%)  
[  8] 167.00-168.00 sec   120 KBytes   986 Kbits/sec  2.895 ms  1/89 (1.1%)  
[  8] 168.00-169.00 sec   122 KBytes   997 Kbits/sec  4.131 ms  1/90 (1.1%)  
[  8] 169.00-170.00 sec   116 KBytes   952 Kbits/sec  3.637 ms  4/89 (4.5%)  
[  8] 170.00-171.00 sec   118 KBytes   964 Kbits/sec  3.277 ms  3/89 (3.4%)  
[  8] 171.00-172.00 sec   122 KBytes   997 Kbits/sec  3.751 ms  0/89 (0%)  
[  8] 172.00-173.00 sec   116 KBytes   952 Kbits/sec  3.374 ms  5/90 (5.6%)  
[  8] 173.00-174.00 sec   122 KBytes   997 Kbits/sec  3.965 ms  0/89 (0%)  
[  8] 174.00-175.00 sec   111 KBytes   907 Kbits/sec  6.205 ms  7/88 (8%)  
[  8] 175.00-176.00 sec   119 KBytes   974 Kbits/sec  4.840 ms  3/90 (3.3%)  
[  8] 176.00-177.00 sec   105 KBytes   863 Kbits/sec  5.375 ms  2/79 (2.5%)  
[  8] 177.00-178.00 sec   107 KBytes   874 Kbits/sec  7.880 ms  3/81 (3.7%)  
[  8] 178.00-179.00 sec   119 KBytes   974 Kbits/sec  5.900 ms  20/107 (19%)  
[  8] 179.00-180.00 sec   120 KBytes   986 Kbits/sec  5.032 ms  2/90 (2.2%)  
[  8] 180.00-181.00 sec   122 KBytes   997 Kbits/sec  3.677 ms  0/89 (0%)  
[  8] 181.00-182.00 sec   111 KBytes   907 Kbits/sec  6.743 ms  6/87 (6.9%)  
[  8] 182.00-183.00 sec   113 KBytes   928 Kbits/sec  3.770 ms  9/92 (9.8%)  
[  8] 183.00-184.00 sec   108 KBytes   886 Kbits/sec  7.291 ms  11/90 (12%)  
[  8] 184.00-185.00 sec   122 KBytes   997 Kbits/sec  3.617 ms  0/89 (0%)  
[  8] 185.00-186.00 sec   116 KBytes   952 Kbits/sec  3.571 ms  0/85 (0%)  
[  8] 186.00-187.00 sec   115 KBytes   941 Kbits/sec  4.051 ms  2/86 (2.3%)  
[  8] 187.00-188.00 sec   120 KBytes   986 Kbits/sec  4.305 ms  4/92 (4.3%)  
[  8] 188.00-189.00 sec   120 KBytes   985 Kbits/sec  3.543 ms  6/94 (6.4%)  
[  8] 189.00-190.00 sec   115 KBytes   940 Kbits/sec  4.551 ms  5/89 (5.6%)  
[  8] 190.00-191.00 sec   107 KBytes   875 Kbits/sec  6.497 ms  12/90 (13%)  
[  8] 191.00-192.00 sec   120 KBytes   986 Kbits/sec  3.567 ms  1/89 (1.1%)  
[  8] 192.00-193.00 sec   119 KBytes   974 Kbits/sec  2.261 ms  2/89 (2.2%)  
[  8] 193.00-194.00 sec   122 KBytes   997 Kbits/sec  3.344 ms  0/89 (0%)  
[  8] 194.00-195.00 sec   120 KBytes   985 Kbits/sec  4.308 ms  2/90 (2.2%)  
[  8] 195.00-196.00 sec   122 KBytes   997 Kbits/sec  5.279 ms  0/89 (0%)  
[  8] 196.00-197.00 sec   122 KBytes   997 Kbits/sec  3.430 ms  1/90 (1.1%)  
[  8] 197.00-198.00 sec  98.4 KBytes   806 Kbits/sec  4.551 ms  0/72 (0%)  
[  8] 198.00-199.00 sec   129 KBytes  1.05 Mbits/sec  5.024 ms  2/96 (2.1%)  
[  8] 199.00-200.00 sec   124 KBytes  1.02 Mbits/sec  5.025 ms  9/100 (9%)  
[  8] 200.00-201.00 sec   112 KBytes   919 Kbits/sec  5.299 ms  5/87 (5.7%)  
[  8] 201.00-202.00 sec   120 KBytes   986 Kbits/sec  4.280 ms  3/91 (3.3%)  
[  8] 202.00-203.00 sec   116 KBytes   948 Kbits/sec  3.666 ms  3/88 (3.4%)  
[  8] 203.00-204.00 sec   119 KBytes   976 Kbits/sec  4.016 ms  3/90 (3.3%)  
[  8] 204.00-205.00 sec   119 KBytes   976 Kbits/sec  4.091 ms  2/89 (2.2%)  
[  8] 205.00-206.00 sec   119 KBytes   974 Kbits/sec  3.677 ms  3/90 (3.3%)  
[  8] 206.00-207.00 sec   118 KBytes   963 Kbits/sec  2.929 ms  4/90 (4.4%)  
[  8] 207.00-208.00 sec   122 KBytes   997 Kbits/sec  2.333 ms  0/89 (0%)  
[  8] 208.00-209.00 sec   115 KBytes   941 Kbits/sec  5.209 ms  3/87 (3.4%)  
[  8] 209.00-210.00 sec   118 KBytes   963 Kbits/sec  4.596 ms  5/91 (5.5%)  
[  8] 210.00-211.00 sec   118 KBytes   963 Kbits/sec  5.016 ms  1/87 (1.1%)  
[  8] 211.00-212.00 sec   118 KBytes   963 Kbits/sec  5.161 ms  5/91 (5.5%)  
[  8] 212.00-213.00 sec   115 KBytes   941 Kbits/sec  4.018 ms  6/90 (6.7%)  
[  8] 213.00-214.00 sec   118 KBytes   963 Kbits/sec  2.998 ms  3/89 (3.4%)  
[  8] 214.00-215.00 sec   112 KBytes   918 Kbits/sec  4.816 ms  7/89 (7.9%)  
[  8] 215.00-216.00 sec   118 KBytes   963 Kbits/sec  4.853 ms  4/90 (4.4%)  
[  8] 216.00-217.00 sec   118 KBytes   962 Kbits/sec  3.927 ms  3/89 (3.4%)  
[  8] 217.00-218.00 sec   118 KBytes   964 Kbits/sec  3.716 ms  3/89 (3.4%)  
[  8] 218.00-219.00 sec   120 KBytes   986 Kbits/sec  4.292 ms  1/89 (1.1%)  
[  8] 219.00-220.00 sec   113 KBytes   930 Kbits/sec  3.434 ms  7/90 (7.8%)  
[  8] 220.00-221.00 sec   122 KBytes   997 Kbits/sec  4.408 ms  0/89 (0%)  
[  8] 221.00-222.00 sec   116 KBytes   952 Kbits/sec  6.686 ms  4/89 (4.5%)  
[  8] 222.00-223.00 sec   119 KBytes   974 Kbits/sec  3.442 ms  3/90 (3.3%)  
[  8] 223.00-224.00 sec   118 KBytes   963 Kbits/sec  4.069 ms  3/89 (3.4%)  
[  8] 224.00-225.00 sec   119 KBytes   974 Kbits/sec  3.808 ms  3/90 (3.3%)  
[  8] 225.00-226.00 sec   122 KBytes   997 Kbits/sec  4.389 ms  0/89 (0%)  
[  8] 226.00-227.00 sec   120 KBytes   986 Kbits/sec  5.251 ms  1/89 (1.1%)  
[  8] 227.00-228.00 sec   111 KBytes   906 Kbits/sec  4.197 ms  8/89 (9%)  
[  8] 228.00-229.00 sec   119 KBytes   975 Kbits/sec  3.819 ms  2/89 (2.2%)  
[  8] 229.00-230.00 sec   115 KBytes   941 Kbits/sec  4.431 ms  6/90 (6.7%)  
[  8] 230.00-231.00 sec   119 KBytes   975 Kbits/sec  4.537 ms  1/88 (1.1%)  
[  8] 231.00-232.00 sec   120 KBytes   985 Kbits/sec  4.488 ms  2/90 (2.2%)  
[  8] 232.00-233.00 sec   119 KBytes   975 Kbits/sec  4.909 ms  1/88 (1.1%)  
[  8] 233.00-234.00 sec   122 KBytes   997 Kbits/sec  3.457 ms  1/90 (1.1%)  
[  8] 234.00-235.00 sec   123 KBytes  1.01 Mbits/sec  5.258 ms  0/90 (0%)  
[  8] 235.00-236.00 sec   112 KBytes   918 Kbits/sec  3.766 ms  7/89 (7.9%)  
[  8] 236.00-237.00 sec   113 KBytes   930 Kbits/sec  4.672 ms  6/89 (6.7%)  
[  8] 237.00-238.00 sec   118 KBytes   963 Kbits/sec  3.278 ms  4/90 (4.4%)  
[  8] 238.00-239.00 sec   120 KBytes   986 Kbits/sec  4.057 ms  1/89 (1.1%)  
[  8] 239.00-240.00 sec   120 KBytes   986 Kbits/sec  2.901 ms  1/89 (1.1%)  
[  8] 240.00-241.00 sec   122 KBytes   996 Kbits/sec  3.892 ms  1/90 (1.1%)  
[  8] 241.00-242.00 sec   119 KBytes   975 Kbits/sec  2.723 ms  2/89 (2.2%)  
[  8] 242.00-243.00 sec   119 KBytes   974 Kbits/sec  3.308 ms  3/90 (3.3%)  
[  8] 243.00-244.00 sec   119 KBytes   974 Kbits/sec  4.917 ms  1/88 (1.1%)  
[  8] 244.00-245.00 sec   119 KBytes   974 Kbits/sec  5.025 ms  3/90 (3.3%)  
[  8] 245.00-246.00 sec   116 KBytes   952 Kbits/sec  4.148 ms  5/90 (5.6%)  
[  8] 246.00-247.00 sec   120 KBytes   986 Kbits/sec  2.712 ms  1/89 (1.1%)  
[  8] 247.00-248.00 sec   116 KBytes   952 Kbits/sec  3.105 ms  4/89 (4.5%)  
[  8] 248.00-249.00 sec   118 KBytes   963 Kbits/sec  4.652 ms  4/90 (4.4%)  
[  8] 249.00-250.00 sec   109 KBytes   896 Kbits/sec  5.517 ms  7/87 (8%)  
[  8] 250.00-251.00 sec   119 KBytes   974 Kbits/sec  5.589 ms  4/91 (4.4%)  
[  8] 251.00-252.00 sec   116 KBytes   952 Kbits/sec  4.277 ms  4/89 (4.5%)  
[  8] 252.00-253.00 sec   119 KBytes   974 Kbits/sec  3.757 ms  2/89 (2.2%)  
[  8] 253.00-254.00 sec   122 KBytes   996 Kbits/sec  3.971 ms  0/89 (0%)  
[  8] 254.00-255.00 sec   123 KBytes  1.01 Mbits/sec  2.720 ms  0/90 (0%)  
[  8] 255.00-256.00 sec   120 KBytes   986 Kbits/sec  2.471 ms  0/88 (0%)  
[  8] 256.00-257.00 sec   122 KBytes   997 Kbits/sec  3.714 ms  2/91 (2.2%)  
[  8] 257.00-258.00 sec   119 KBytes   974 Kbits/sec  2.537 ms  1/88 (1.1%)  
[  8] 258.00-259.00 sec   116 KBytes   952 Kbits/sec  3.341 ms  4/89 (4.5%)  
[  8] 259.00-260.00 sec   116 KBytes   952 Kbits/sec  4.884 ms  5/90 (5.6%)  
[  8] 260.00-261.00 sec   119 KBytes   975 Kbits/sec  2.225 ms  3/90 (3.3%)  
[  8] 261.00-262.00 sec   122 KBytes   996 Kbits/sec  3.873 ms  0/89 (0%)  
[  8] 262.00-263.00 sec   119 KBytes   973 Kbits/sec  4.377 ms  2/89 (2.2%)  
[  8] 263.00-264.00 sec   120 KBytes   988 Kbits/sec  4.163 ms  0/88 (0%)  
[  8] 264.00-265.00 sec   120 KBytes   986 Kbits/sec  4.238 ms  3/91 (3.3%)  
[  8] 265.00-266.00 sec   119 KBytes   974 Kbits/sec  2.827 ms  2/89 (2.2%)  
[  8] 266.00-267.00 sec   123 KBytes  1.01 Mbits/sec  4.192 ms  0/90 (0%)  
[  8] 267.00-268.00 sec   120 KBytes   986 Kbits/sec  4.123 ms  1/89 (1.1%)  
[  8] 268.00-269.00 sec   113 KBytes   930 Kbits/sec  5.000 ms  6/89 (6.7%)  
[  8] 269.00-270.00 sec   119 KBytes   974 Kbits/sec  2.677 ms  2/89 (2.2%)  
[  8] 270.00-271.00 sec   120 KBytes   986 Kbits/sec  3.219 ms  1/89 (1.1%)  
[  8] 271.00-272.00 sec   119 KBytes   974 Kbits/sec  3.211 ms  3/90 (3.3%)  
[  8] 272.00-273.00 sec   123 KBytes  1.01 Mbits/sec  2.147 ms  0/90 (0%)  
[  8] 273.00-274.00 sec   116 KBytes   952 Kbits/sec  3.466 ms  3/88 (3.4%)  
[  8] 274.00-275.00 sec   118 KBytes   963 Kbits/sec  3.090 ms  3/89 (3.4%)  
[  8] 275.00-276.00 sec   119 KBytes   974 Kbits/sec  4.442 ms  3/90 (3.3%)  
[  8] 276.00-277.00 sec   122 KBytes   997 Kbits/sec  4.047 ms  0/89 (0%)  
[  8] 277.00-278.00 sec   122 KBytes   997 Kbits/sec  2.631 ms  0/89 (0%)  
[  8] 278.00-279.00 sec   123 KBytes  1.01 Mbits/sec  3.625 ms  0/90 (0%)  
[  8] 279.00-280.00 sec   120 KBytes   986 Kbits/sec  2.463 ms  1/89 (1.1%)  
[  8] 280.00-281.00 sec   120 KBytes   986 Kbits/sec  3.442 ms  1/89 (1.1%)  
[  8] 281.00-282.00 sec   123 KBytes  1.01 Mbits/sec  3.376 ms  0/90 (0%)  
[  8] 282.00-283.00 sec   119 KBytes   972 Kbits/sec  3.867 ms  2/89 (2.2%)  
[  8] 283.00-284.00 sec   122 KBytes   999 Kbits/sec  1.937 ms  0/89 (0%)  
[  8] 284.00-285.00 sec   116 KBytes   952 Kbits/sec  5.087 ms  4/89 (4.5%)  
[  8] 285.00-286.00 sec   112 KBytes   919 Kbits/sec  5.065 ms  1/83 (1.2%)  
[  8] 286.00-287.00 sec   111 KBytes   907 Kbits/sec  8.171 ms  13/94 (14%)  
[  8] 287.00-288.00 sec   116 KBytes   952 Kbits/sec  3.117 ms  3/88 (3.4%)  
[  8] 288.00-289.00 sec   122 KBytes   997 Kbits/sec  2.831 ms  1/90 (1.1%)  
[  8] 289.00-290.00 sec   108 KBytes   885 Kbits/sec  5.678 ms  0/79 (0%)  
[  8] 290.00-291.00 sec   120 KBytes   986 Kbits/sec  4.104 ms  2/90 (2.2%)  
[  8] 291.00-292.00 sec   122 KBytes   997 Kbits/sec  5.650 ms  8/97 (8.2%)  
[  8] 292.00-293.00 sec   113 KBytes   930 Kbits/sec  3.817 ms  3/86 (3.5%)  
[  8] 293.00-294.00 sec   122 KBytes   993 Kbits/sec  3.370 ms  8/97 (8.2%)  
[  8] 294.00-295.00 sec   118 KBytes   963 Kbits/sec  4.515 ms  3/89 (3.4%)  
[  8] 295.00-296.00 sec   111 KBytes   910 Kbits/sec  5.091 ms  0/81 (0%)  
[  8] 296.00-297.00 sec  99.8 KBytes   818 Kbits/sec  6.500 ms  2/75 (2.7%)  
[  8] 297.00-298.00 sec   107 KBytes   874 Kbits/sec  6.111 ms  26/104 (25%)  
[  8] 298.00-299.00 sec   104 KBytes   851 Kbits/sec  6.652 ms  22/98 (22%)  
[  8] 299.00-300.00 sec   119 KBytes   974 Kbits/sec  2.544 ms  2/89 (2.2%)  
[  8] 300.00-301.00 sec   118 KBytes   963 Kbits/sec  4.409 ms  3/89 (3.4%)  
[  8] 301.00-302.00 sec   122 KBytes   997 Kbits/sec  2.888 ms  1/90 (1.1%)  
[  8] 302.00-303.00 sec   122 KBytes   997 Kbits/sec  2.549 ms  0/89 (0%)  
[  8] 303.00-304.00 sec   112 KBytes   918 Kbits/sec  4.106 ms  7/89 (7.9%)  
[  8] 304.00-305.00 sec   123 KBytes  1.01 Mbits/sec  2.262 ms  0/90 (0%)  
[  8] 305.00-306.00 sec   122 KBytes   997 Kbits/sec  2.401 ms  0/89 (0%)  
[  8] 306.00-307.00 sec   119 KBytes   974 Kbits/sec  3.474 ms  2/89 (2.2%)  
[  8] 307.00-308.00 sec   113 KBytes   930 Kbits/sec  4.278 ms  1/84 (1.2%)  
[  8] 308.00-309.00 sec   111 KBytes   907 Kbits/sec  4.725 ms  13/94 (14%)  
[  8] 309.00-310.00 sec   119 KBytes   975 Kbits/sec  5.422 ms  2/89 (2.2%)  
[  8] 310.00-311.00 sec   120 KBytes   985 Kbits/sec  5.281 ms  2/90 (2.2%)  
[  8] 311.00-312.00 sec   112 KBytes   919 Kbits/sec  4.297 ms  7/89 (7.9%)  
[  8] 312.00-313.00 sec   120 KBytes   986 Kbits/sec  2.919 ms  1/89 (1.1%)  
[  8] 313.00-314.00 sec   120 KBytes   986 Kbits/sec  3.222 ms  2/90 (2.2%)  
[  8] 314.00-315.00 sec   116 KBytes   952 Kbits/sec  4.814 ms  4/89 (4.5%)  
[  8] 315.00-316.00 sec   119 KBytes   974 Kbits/sec  3.331 ms  2/89 (2.2%)  
[  8] 316.00-317.00 sec   115 KBytes   941 Kbits/sec  3.054 ms  5/89 (5.6%)  
[  8] 317.00-318.00 sec   122 KBytes   997 Kbits/sec  3.319 ms  1/90 (1.1%)  
[  8] 318.00-319.00 sec   116 KBytes   952 Kbits/sec  3.039 ms  5/90 (5.6%)  
[  8] 319.00-320.00 sec   118 KBytes   963 Kbits/sec  3.472 ms  2/88 (2.3%)  
[  8] 320.00-321.00 sec   122 KBytes   997 Kbits/sec  2.003 ms  1/90 (1.1%)  
[  8] 321.00-322.00 sec   122 KBytes   997 Kbits/sec  3.374 ms  0/89 (0%)  
[  8] 322.00-323.00 sec   123 KBytes  1.01 Mbits/sec  3.631 ms  0/90 (0%)  
[  8] 323.00-324.00 sec   119 KBytes   974 Kbits/sec  4.660 ms  2/89 (2.2%)  
[  8] 324.00-325.00 sec   118 KBytes   963 Kbits/sec  4.621 ms  3/89 (3.4%)  
[  8] 325.00-326.00 sec   118 KBytes   963 Kbits/sec  4.483 ms  3/89 (3.4%)  
[  8] 326.00-327.00 sec   107 KBytes   874 Kbits/sec  7.321 ms  8/86 (9.3%)  
[  8] 327.00-328.00 sec   111 KBytes   907 Kbits/sec  4.894 ms  12/93 (13%)  
[  8] 328.00-329.00 sec   122 KBytes   997 Kbits/sec  4.527 ms  0/89 (0%)  
[  8] 329.00-330.00 sec   118 KBytes   963 Kbits/sec  4.141 ms  1/87 (1.1%)  
[  8] 330.00-331.00 sec   123 KBytes  1.01 Mbits/sec  3.352 ms  2/92 (2.2%)  
[  8] 331.00-332.00 sec   122 KBytes   997 Kbits/sec  3.908 ms  0/89 (0%)  
[  8] 332.00-333.00 sec   116 KBytes   952 Kbits/sec  5.418 ms  4/89 (4.5%)  
[  8] 333.00-334.00 sec   120 KBytes   986 Kbits/sec  3.705 ms  2/90 (2.2%)  
[  8] 334.00-335.00 sec   118 KBytes   963 Kbits/sec  3.578 ms  3/89 (3.4%)  
[  8] 335.00-336.00 sec   116 KBytes   952 Kbits/sec  3.719 ms  4/89 (4.5%)  
[  8] 336.00-337.00 sec   120 KBytes   986 Kbits/sec  2.823 ms  1/89 (1.1%)  
[  8] 337.00-338.00 sec   123 KBytes  1.01 Mbits/sec  3.745 ms  0/90 (0%)  
[  8] 338.00-339.00 sec   122 KBytes   997 Kbits/sec  2.451 ms  0/89 (0%)  
[  8] 339.00-340.00 sec   123 KBytes  1.01 Mbits/sec  2.322 ms  0/90 (0%)  
[  8] 340.00-340.01 sec  1.37 KBytes  1.13 Mbits/sec  2.299 ms  0/1 (0%)  
- - - - - - - - - - - - - - - - - - - - - - - - -
[ ID] Interval           Transfer     Bitrate         Jitter    Lost/Total Datagrams
[  8]   0.00-340.01 sec  39.5 MBytes   974 Kbits/sec  2.299 ms  801/30358 (2.6%)  receiver
