-----------------------------------------------------------
Server listening on 5201 (test #1)
-----------------------------------------------------------
Accepted connection from 10.0.0.45, port 58424
[  8] local 10.0.0.109 port 5201 connected to 10.0.0.45 port 60645
[ ID] Interval           Transfer     Bitrate         Jitter    Lost/Total Datagrams
[  8]   0.00-1.00   sec   584 KBytes  4.78 Mbits/sec  1.068 ms  15/442 (3.4%)  
[  8]   1.00-2.00   sec   599 KBytes  4.91 Mbits/sec  0.986 ms  3/441 (0.68%)  
[  8]   2.00-3.00   sec   608 KBytes  4.98 Mbits/sec  1.059 ms  4/449 (0.89%)  
[  8]   3.00-4.00   sec   608 KBytes  4.98 Mbits/sec  1.382 ms  0/445 (0%)  
[  8]   4.00-5.00   sec   593 KBytes  4.86 Mbits/sec  1.995 ms  15/449 (3.3%)  
[  8]   5.00-6.00   sec   593 KBytes  4.86 Mbits/sec  1.553 ms  12/446 (2.7%)  
[  8]   6.00-7.00   sec   600 KBytes  4.92 Mbits/sec  1.508 ms  10/449 (2.2%)  
[  8]   7.00-8.00   sec   606 KBytes  4.96 Mbits/sec  2.129 ms  2/445 (0.45%)  
[  8]   8.00-9.00   sec   596 KBytes  4.88 Mbits/sec  2.006 ms  9/445 (2%)  
[  8]   9.00-10.00  sec   611 KBytes  5.01 Mbits/sec  1.511 ms  1/448 (0.22%)  
[  8]  10.00-11.00  sec   607 KBytes  4.97 Mbits/sec  2.374 ms  1/445 (0.22%)  
[  8]  11.00-12.00  sec   607 KBytes  4.97 Mbits/sec  1.952 ms  1/445 (0.22%)  
[  8]  12.00-13.00  sec   599 KBytes  4.91 Mbits/sec  2.183 ms  8/446 (1.8%)  
[  8]  13.00-14.00  sec   614 KBytes  5.03 Mbits/sec  1.098 ms  0/449 (0%)  
[  8]  14.00-15.00  sec   603 KBytes  4.94 Mbits/sec  1.791 ms  6/447 (1.3%)  
[  8]  15.00-16.00  sec   610 KBytes  5.00 Mbits/sec  0.971 ms  0/446 (0%)  
[  8]  16.00-17.00  sec   610 KBytes  5.00 Mbits/sec  1.474 ms  1/447 (0.22%)  
[  8]  17.00-18.00  sec   607 KBytes  4.97 Mbits/sec  1.857 ms  0/444 (0%)  
[  8]  18.00-19.00  sec   608 KBytes  4.98 Mbits/sec  1.976 ms  1/446 (0.22%)  
[  8]  19.00-20.00  sec   611 KBytes  5.01 Mbits/sec  2.183 ms  2/449 (0.45%)  
[  8]  20.00-21.00  sec   606 KBytes  4.96 Mbits/sec  1.873 ms  1/444 (0.23%)  
[  8]  21.00-22.00  sec   595 KBytes  4.87 Mbits/sec  1.621 ms  12/447 (2.7%)  
[  8]  22.00-23.00  sec   562 KBytes  4.60 Mbits/sec  3.386 ms  26/437 (5.9%)  
[  8]  23.00-24.00  sec   585 KBytes  4.79 Mbits/sec  3.188 ms  22/450 (4.9%)  
[  8]  24.00-25.00  sec   615 KBytes  5.04 Mbits/sec  1.937 ms  4/454 (0.88%)  
[  8]  25.00-26.00  sec   597 KBytes  4.89 Mbits/sec  1.682 ms  9/446 (2%)  
[  8]  26.00-27.00  sec   608 KBytes  4.98 Mbits/sec  2.137 ms  1/446 (0.22%)  
[  8]  27.00-28.00  sec   599 KBytes  4.91 Mbits/sec  1.633 ms  10/448 (2.2%)  
[  8]  28.00-29.00  sec   596 KBytes  4.88 Mbits/sec  2.419 ms  9/445 (2%)  
[  8]  29.00-30.00  sec   582 KBytes  4.77 Mbits/sec  2.282 ms  22/448 (4.9%)  
[  8]  30.00-31.00  sec   581 KBytes  4.76 Mbits/sec  2.333 ms  19/444 (4.3%)  
[  8]  31.00-32.00  sec   577 KBytes  4.73 Mbits/sec  2.974 ms  24/446 (5.4%)  
[  8]  32.00-33.00  sec   571 KBytes  4.68 Mbits/sec  1.957 ms  25/443 (5.6%)  
[  8]  33.00-34.00  sec   603 KBytes  4.94 Mbits/sec  2.276 ms  8/449 (1.8%)  
[  8]  34.00-35.00  sec   606 KBytes  4.96 Mbits/sec  1.759 ms  5/448 (1.1%)  
[  8]  35.00-36.00  sec   600 KBytes  4.92 Mbits/sec  1.546 ms  9/448 (2%)  
[  8]  36.00-37.00  sec   606 KBytes  4.96 Mbits/sec  1.955 ms  0/443 (0%)  
[  8]  37.00-38.00  sec   612 KBytes  5.02 Mbits/sec  2.363 ms  0/448 (0%)  
[  8]  38.00-39.00  sec   600 KBytes  4.92 Mbits/sec  2.479 ms  2/441 (0.45%)  
[  8]  39.00-40.00  sec   603 KBytes  4.94 Mbits/sec  1.752 ms  12/453 (2.6%)  
[  8]  40.00-41.00  sec   606 KBytes  4.96 Mbits/sec  1.337 ms  3/446 (0.67%)  
[  8]  41.00-42.00  sec   607 KBytes  4.97 Mbits/sec  1.542 ms  1/445 (0.22%)  
[  8]  42.00-43.00  sec   604 KBytes  4.95 Mbits/sec  1.727 ms  4/446 (0.9%)  
[  8]  43.00-44.00  sec   595 KBytes  4.87 Mbits/sec  1.079 ms  11/446 (2.5%)  
[  8]  44.00-45.00  sec   576 KBytes  4.72 Mbits/sec  1.906 ms  27/448 (6%)  
[  8]  45.00-46.00  sec   603 KBytes  4.94 Mbits/sec  1.538 ms  4/445 (0.9%)  
[  8]  46.00-47.00  sec   612 KBytes  5.02 Mbits/sec  1.491 ms  1/449 (0.22%)  
[  8]  47.00-48.00  sec   607 KBytes  4.97 Mbits/sec  1.513 ms  2/446 (0.45%)  
[  8]  48.00-49.00  sec   596 KBytes  4.88 Mbits/sec  1.932 ms  5/441 (1.1%)  
[  8]  49.00-50.00  sec   610 KBytes  4.99 Mbits/sec  1.517 ms  4/450 (0.89%)  
[  8]  50.00-51.00  sec   608 KBytes  4.98 Mbits/sec  1.600 ms  2/447 (0.45%)  
[  8]  51.00-52.00  sec   599 KBytes  4.91 Mbits/sec  2.360 ms  8/446 (1.8%)  
[  8]  52.00-53.00  sec   597 KBytes  4.89 Mbits/sec  2.479 ms  11/448 (2.5%)  
[  8]  53.00-54.00  sec   592 KBytes  4.85 Mbits/sec  1.718 ms  10/443 (2.3%)  
[  8]  54.00-55.00  sec   588 KBytes  4.81 Mbits/sec  1.294 ms  19/449 (4.2%)  
[  8]  55.00-56.00  sec   602 KBytes  4.93 Mbits/sec  1.438 ms  9/449 (2%)  
[  8]  56.00-57.00  sec   604 KBytes  4.95 Mbits/sec  2.352 ms  2/444 (0.45%)  
[  8]  57.00-58.00  sec   608 KBytes  4.98 Mbits/sec  1.930 ms  3/448 (0.67%)  
[  8]  58.00-59.00  sec   608 KBytes  4.98 Mbits/sec  2.320 ms  0/445 (0%)  
[  8]  59.00-60.00  sec   612 KBytes  5.02 Mbits/sec  1.828 ms  0/448 (0%)  
[  8]  60.00-61.00  sec   607 KBytes  4.97 Mbits/sec  2.109 ms  1/445 (0.22%)  
[  8]  61.00-62.00  sec   612 KBytes  5.02 Mbits/sec  1.974 ms  0/448 (0%)  
[  8]  62.00-63.00  sec   607 KBytes  4.97 Mbits/sec  1.790 ms  2/446 (0.45%)  
[  8]  63.00-64.00  sec   599 KBytes  4.91 Mbits/sec  1.578 ms  5/443 (1.1%)  
[  8]  64.00-65.00  sec   612 KBytes  5.00 Mbits/sec  1.791 ms  2/450 (0.44%)  
[  8]  65.00-66.00  sec   607 KBytes  4.99 Mbits/sec  1.821 ms  1/445 (0.22%)  
[  8]  66.00-67.00  sec   608 KBytes  4.98 Mbits/sec  1.772 ms  3/448 (0.67%)  
[  8]  67.00-68.00  sec   580 KBytes  4.75 Mbits/sec  2.534 ms  18/442 (4.1%)  
[  8]  68.00-69.00  sec   607 KBytes  4.97 Mbits/sec  2.097 ms  5/449 (1.1%)  
[  8]  69.00-70.00  sec   603 KBytes  4.94 Mbits/sec  1.418 ms  8/449 (1.8%)  
[  8]  70.00-71.00  sec   610 KBytes  5.00 Mbits/sec  1.575 ms  0/446 (0%)  
[  8]  71.00-72.00  sec   597 KBytes  4.89 Mbits/sec  1.211 ms  3/440 (0.68%)  
[  8]  72.00-73.00  sec   612 KBytes  5.02 Mbits/sec  1.708 ms  4/452 (0.88%)  
[  8]  73.00-74.00  sec   602 KBytes  4.93 Mbits/sec  1.757 ms  7/447 (1.6%)  
[  8]  74.00-75.00  sec   607 KBytes  4.97 Mbits/sec  1.692 ms  0/444 (0%)  
[  8]  75.00-76.00  sec   592 KBytes  4.85 Mbits/sec  2.068 ms  12/445 (2.7%)  
[  8]  76.00-77.00  sec   603 KBytes  4.94 Mbits/sec  1.754 ms  4/445 (0.9%)  
[  8]  77.00-78.00  sec   566 KBytes  4.64 Mbits/sec  2.451 ms  29/443 (6.5%)  
[  8]  78.00-79.00  sec   591 KBytes  4.84 Mbits/sec  1.793 ms  20/452 (4.4%)  
[  8]  79.00-80.00  sec   535 KBytes  4.38 Mbits/sec  2.306 ms  51/442 (12%)  
[  8]  80.00-81.00  sec   591 KBytes  4.84 Mbits/sec  2.353 ms  13/445 (2.9%)  
[  8]  81.00-82.00  sec   602 KBytes  4.93 Mbits/sec  1.981 ms  16/456 (3.5%)  
[  8]  82.00-83.00  sec   574 KBytes  4.70 Mbits/sec  2.797 ms  22/442 (5%)  
[  8]  83.00-84.00  sec   607 KBytes  4.97 Mbits/sec  1.548 ms  8/452 (1.8%)  
[  8]  84.00-85.00  sec   602 KBytes  4.93 Mbits/sec  1.469 ms  6/446 (1.3%)  
[  8]  85.00-86.00  sec   599 KBytes  4.90 Mbits/sec  2.453 ms  5/443 (1.1%)  
[  8]  86.00-87.00  sec   576 KBytes  4.72 Mbits/sec  1.463 ms  25/446 (5.6%)  
[  8]  87.00-88.00  sec   582 KBytes  4.77 Mbits/sec  3.003 ms  21/447 (4.7%)  
[  8]  88.00-89.00  sec   580 KBytes  4.75 Mbits/sec  2.523 ms  23/447 (5.1%)  
[  8]  89.00-90.00  sec   606 KBytes  4.96 Mbits/sec  1.740 ms  5/448 (1.1%)  
[  8]  90.00-91.00  sec   595 KBytes  4.87 Mbits/sec  1.924 ms  11/446 (2.5%)  
[  8]  91.00-92.00  sec   589 KBytes  4.83 Mbits/sec  1.584 ms  14/445 (3.1%)  
[  8]  92.00-93.00  sec   602 KBytes  4.92 Mbits/sec  1.773 ms  6/446 (1.3%)  
[  8]  93.00-94.00  sec   591 KBytes  4.84 Mbits/sec  1.998 ms  7/439 (1.6%)  
[  8]  94.00-95.00  sec   612 KBytes  5.02 Mbits/sec  1.312 ms  5/453 (1.1%)  
[  8]  95.00-96.00  sec   610 KBytes  5.00 Mbits/sec  2.230 ms  1/447 (0.22%)  
[  8]  96.00-97.00  sec   602 KBytes  4.93 Mbits/sec  1.487 ms  9/449 (2%)  
[  8]  97.00-98.00  sec   603 KBytes  4.94 Mbits/sec  1.610 ms  4/445 (0.9%)  
[  8]  98.00-99.00  sec   607 KBytes  4.97 Mbits/sec  1.372 ms  4/448 (0.89%)  
[  8]  99.00-100.00 sec   588 KBytes  4.82 Mbits/sec  1.898 ms  16/446 (3.6%)  
[  8] 100.00-101.00 sec   596 KBytes  4.88 Mbits/sec  2.539 ms  6/442 (1.4%)  
[  8] 101.00-102.00 sec   612 KBytes  5.02 Mbits/sec  0.936 ms  3/451 (0.67%)  
[  8] 102.00-103.00 sec   603 KBytes  4.94 Mbits/sec  1.646 ms  5/446 (1.1%)  
[  8] 103.00-104.00 sec   600 KBytes  4.92 Mbits/sec  1.668 ms  7/446 (1.6%)  
[  8] 104.00-105.00 sec   588 KBytes  4.82 Mbits/sec  1.619 ms  16/446 (3.6%)  
[  8] 105.00-106.00 sec   599 KBytes  4.91 Mbits/sec  2.084 ms  5/443 (1.1%)  
[  8] 106.00-107.00 sec   599 KBytes  4.91 Mbits/sec  2.265 ms  12/450 (2.7%)  
[  8] 107.00-108.00 sec   608 KBytes  4.98 Mbits/sec  1.561 ms  4/449 (0.89%)  
[  8] 108.00-109.00 sec   588 KBytes  4.82 Mbits/sec  1.747 ms  14/444 (3.2%)  
[  8] 109.00-110.00 sec   584 KBytes  4.78 Mbits/sec  2.014 ms  17/444 (3.8%)  
[  8] 110.00-111.00 sec   604 KBytes  4.95 Mbits/sec  1.986 ms  8/450 (1.8%)  
[  8] 111.00-112.00 sec   587 KBytes  4.80 Mbits/sec  1.842 ms  17/446 (3.8%)  
[  8] 112.00-113.00 sec   592 KBytes  4.85 Mbits/sec  2.561 ms  11/444 (2.5%)  
[  8] 113.00-114.00 sec   614 KBytes  5.03 Mbits/sec  1.485 ms  0/449 (0%)  
[  8] 114.00-115.00 sec   602 KBytes  4.93 Mbits/sec  1.740 ms  3/443 (0.68%)  
[  8] 115.00-116.00 sec   604 KBytes  4.95 Mbits/sec  2.342 ms  5/447 (1.1%)  
[  8] 116.00-117.00 sec   611 KBytes  5.01 Mbits/sec  1.754 ms  2/449 (0.45%)  
[  8] 117.00-118.00 sec   593 KBytes  4.86 Mbits/sec  1.726 ms  13/447 (2.9%)  
[  8] 118.00-119.00 sec   588 KBytes  4.82 Mbits/sec  2.012 ms  13/443 (2.9%)  
[  8] 119.00-120.00 sec   606 KBytes  4.96 Mbits/sec  1.841 ms  6/449 (1.3%)  
[  8] 120.00-121.00 sec   599 KBytes  4.91 Mbits/sec  1.970 ms  9/447 (2%)  
[  8] 121.00-122.00 sec   608 KBytes  4.98 Mbits/sec  2.310 ms  0/445 (0%)  
[  8] 122.00-123.00 sec   600 KBytes  4.92 Mbits/sec  2.227 ms  8/447 (1.8%)  
[  8] 123.00-124.00 sec   591 KBytes  4.84 Mbits/sec  2.482 ms  15/447 (3.4%)  
[  8] 124.00-125.00 sec   593 KBytes  4.86 Mbits/sec  2.177 ms  12/446 (2.7%)  
[  8] 125.00-126.00 sec   610 KBytes  4.99 Mbits/sec  1.717 ms  2/448 (0.45%)  
[  8] 126.00-127.00 sec   597 KBytes  4.90 Mbits/sec  2.918 ms  8/445 (1.8%)  
[  8] 127.00-128.00 sec   597 KBytes  4.89 Mbits/sec  2.296 ms  4/441 (0.91%)  
[  8] 128.00-129.00 sec   618 KBytes  5.06 Mbits/sec  1.666 ms  1/453 (0.22%)  
[  8] 129.00-130.00 sec   596 KBytes  4.88 Mbits/sec  1.532 ms  11/447 (2.5%)  
[  8] 130.00-131.00 sec   607 KBytes  4.97 Mbits/sec  1.933 ms  2/446 (0.45%)  
[  8] 131.00-132.00 sec   600 KBytes  4.92 Mbits/sec  2.331 ms  7/446 (1.6%)  
[  8] 132.00-133.00 sec   604 KBytes  4.95 Mbits/sec  1.986 ms  2/444 (0.45%)  
[  8] 133.00-134.00 sec   573 KBytes  4.69 Mbits/sec  2.985 ms  5/424 (1.2%)  
[  8] 134.00-135.00 sec   597 KBytes  4.90 Mbits/sec  2.435 ms  30/467 (6.4%)  
[  8] 135.00-136.00 sec   612 KBytes  5.02 Mbits/sec  1.905 ms  1/449 (0.22%)  
[  8] 136.00-137.00 sec   587 KBytes  4.80 Mbits/sec  2.947 ms  7/436 (1.6%)  
[  8] 137.00-138.00 sec   603 KBytes  4.94 Mbits/sec  2.324 ms  16/457 (3.5%)  
[  8] 138.00-139.00 sec   606 KBytes  4.96 Mbits/sec  2.169 ms  2/445 (0.45%)  
[  8] 139.00-140.00 sec   602 KBytes  4.93 Mbits/sec  2.808 ms  4/444 (0.9%)  
[  8] 140.00-141.00 sec   607 KBytes  4.97 Mbits/sec  2.130 ms  1/445 (0.22%)  
[  8] 141.00-142.00 sec   615 KBytes  5.04 Mbits/sec  1.868 ms  0/450 (0%)  
[  8] 142.00-143.00 sec   608 KBytes  4.97 Mbits/sec  2.061 ms  1/446 (0.22%)  
[  8] 143.00-144.00 sec   608 KBytes  5.00 Mbits/sec  2.233 ms  5/450 (1.1%)  
[  8] 144.00-145.00 sec   597 KBytes  4.89 Mbits/sec  2.276 ms  9/446 (2%)  
[  8] 145.00-146.00 sec   599 KBytes  4.91 Mbits/sec  1.019 ms  8/446 (1.8%)  
[  8] 146.00-147.00 sec   591 KBytes  4.84 Mbits/sec  1.462 ms  16/448 (3.6%)  
[  8] 147.00-148.00 sec   603 KBytes  4.94 Mbits/sec  2.573 ms  1/442 (0.23%)  
[  8] 148.00-149.00 sec   604 KBytes  4.95 Mbits/sec  1.752 ms  6/448 (1.3%)  
[  8] 149.00-150.00 sec   580 KBytes  4.75 Mbits/sec  2.685 ms  19/443 (4.3%)  
[  8] 150.00-151.00 sec   610 KBytes  4.99 Mbits/sec  2.275 ms  5/451 (1.1%)  
[  8] 151.00-152.00 sec   600 KBytes  4.91 Mbits/sec  2.263 ms  6/445 (1.3%)  
[  8] 152.00-153.00 sec   602 KBytes  4.93 Mbits/sec  1.637 ms  6/446 (1.3%)  
[  8] 153.00-154.00 sec   610 KBytes  5.00 Mbits/sec  2.404 ms  2/448 (0.45%)  
[  8] 154.00-155.00 sec   602 KBytes  4.93 Mbits/sec  1.980 ms  8/448 (1.8%)  
[  8] 155.00-156.00 sec   607 KBytes  4.97 Mbits/sec  1.580 ms  2/446 (0.45%)  
[  8] 156.00-157.00 sec   599 KBytes  4.91 Mbits/sec  2.306 ms  5/443 (1.1%)  
[  8] 157.00-158.00 sec   614 KBytes  5.03 Mbits/sec  1.526 ms  1/450 (0.22%)  
[  8] 158.00-159.00 sec   608 KBytes  4.98 Mbits/sec  1.195 ms  1/446 (0.22%)  
[  8] 159.00-160.00 sec   526 KBytes  4.31 Mbits/sec  3.351 ms  12/397 (3%)  
[  8] 160.00-161.00 sec   566 KBytes  4.64 Mbits/sec  1.334 ms  82/496 (17%)  
[  8] 161.00-162.00 sec   603 KBytes  4.93 Mbits/sec  2.420 ms  4/445 (0.9%)  
[  8] 162.00-163.00 sec   554 KBytes  4.54 Mbits/sec  1.837 ms  41/446 (9.2%)  
[  8] 163.00-164.00 sec   526 KBytes  4.31 Mbits/sec  2.468 ms  4/389 (1%)  
[  8] 164.00-165.00 sec   645 KBytes  5.29 Mbits/sec  1.568 ms  35/507 (6.9%)  
[  8] 165.00-166.00 sec   599 KBytes  4.91 Mbits/sec  2.498 ms  4/442 (0.9%)  
[  8] 166.00-167.00 sec   565 KBytes  4.63 Mbits/sec  1.983 ms  36/449 (8%)  
[  8] 167.00-168.00 sec   610 KBytes  5.00 Mbits/sec  2.431 ms  1/447 (0.22%)  
[  8] 168.00-169.00 sec   602 KBytes  4.93 Mbits/sec  1.912 ms  6/446 (1.3%)  
[  8] 169.00-170.00 sec   591 KBytes  4.83 Mbits/sec  2.847 ms  12/444 (2.7%)  
[  8] 170.00-171.00 sec   593 KBytes  4.87 Mbits/sec  2.483 ms  14/448 (3.1%)  
[  8] 171.00-172.00 sec   599 KBytes  4.90 Mbits/sec  1.315 ms  1/439 (0.23%)  
[  8] 172.00-173.00 sec   615 KBytes  5.04 Mbits/sec  1.449 ms  6/456 (1.3%)  
[  8] 173.00-174.00 sec   604 KBytes  4.95 Mbits/sec  2.045 ms  3/445 (0.67%)  
[  8] 174.00-175.00 sec   566 KBytes  4.64 Mbits/sec  2.470 ms  31/445 (7%)  
[  8] 175.00-176.00 sec   592 KBytes  4.85 Mbits/sec  2.290 ms  14/447 (3.1%)  
[  8] 176.00-177.00 sec   498 KBytes  4.08 Mbits/sec  3.244 ms  13/377 (3.4%)  
[  8] 177.00-178.00 sec   581 KBytes  4.76 Mbits/sec  3.774 ms  11/436 (2.5%)  
[  8] 178.00-179.00 sec   546 KBytes  4.47 Mbits/sec  1.939 ms  120/519 (23%)  
[  8] 179.00-180.00 sec   597 KBytes  4.89 Mbits/sec  1.861 ms  20/457 (4.4%)  
[  8] 180.00-181.00 sec   602 KBytes  4.93 Mbits/sec  2.502 ms  2/442 (0.45%)  
[  8] 181.00-182.00 sec   562 KBytes  4.60 Mbits/sec  3.461 ms  22/433 (5.1%)  
[  8] 182.00-183.00 sec   496 KBytes  4.07 Mbits/sec  2.130 ms  97/460 (21%)  
[  8] 183.00-184.00 sec   567 KBytes  4.65 Mbits/sec  3.737 ms  20/435 (4.6%)  
[  8] 184.00-185.00 sec   597 KBytes  4.89 Mbits/sec  1.997 ms  22/459 (4.8%)  
[  8] 185.00-186.00 sec   584 KBytes  4.78 Mbits/sec  1.981 ms  4/431 (0.93%)  
[  8] 186.00-187.00 sec   574 KBytes  4.70 Mbits/sec  2.433 ms  5/425 (1.2%)  
[  8] 187.00-188.00 sec   592 KBytes  4.85 Mbits/sec  2.757 ms  24/457 (5.3%)  
[  8] 188.00-189.00 sec   610 KBytes  5.00 Mbits/sec  1.883 ms  28/474 (5.9%)  
[  8] 189.00-190.00 sec   569 KBytes  4.66 Mbits/sec  2.008 ms  19/435 (4.4%)  
[  8] 190.00-191.00 sec   567 KBytes  4.65 Mbits/sec  3.310 ms  29/444 (6.5%)  
[  8] 191.00-192.00 sec   587 KBytes  4.81 Mbits/sec  2.238 ms  31/460 (6.7%)  
[  8] 192.00-193.00 sec   589 KBytes  4.83 Mbits/sec  1.331 ms  15/446 (3.4%)  
[  8] 193.00-194.00 sec   606 KBytes  4.96 Mbits/sec  2.112 ms  3/446 (0.67%)  
[  8] 194.00-195.00 sec   584 KBytes  4.78 Mbits/sec  1.864 ms  18/445 (4%)  
[  8] 195.00-196.00 sec   599 KBytes  4.91 Mbits/sec  2.333 ms  11/449 (2.4%)  
[  8] 196.00-197.00 sec   606 KBytes  4.96 Mbits/sec  1.772 ms  3/446 (0.67%)  
[  8] 197.00-198.00 sec   515 KBytes  4.22 Mbits/sec  1.885 ms  1/378 (0.26%)  
[  8] 198.00-199.00 sec   608 KBytes  4.98 Mbits/sec  1.761 ms  7/452 (1.5%)  
[  8] 199.00-200.00 sec   645 KBytes  5.29 Mbits/sec  2.004 ms  39/511 (7.6%)  
[  8] 200.00-201.00 sec   578 KBytes  4.74 Mbits/sec  2.556 ms  21/444 (4.7%)  
[  8] 201.00-202.00 sec   591 KBytes  4.84 Mbits/sec  1.766 ms  11/443 (2.5%)  
[  8] 202.00-203.00 sec   597 KBytes  4.89 Mbits/sec  2.452 ms  10/447 (2.2%)  
[  8] 203.00-204.00 sec   597 KBytes  4.89 Mbits/sec  2.531 ms  9/446 (2%)  
[  8] 204.00-205.00 sec   585 KBytes  4.79 Mbits/sec  2.095 ms  24/452 (5.3%)  
[  8] 205.00-206.00 sec   596 KBytes  4.88 Mbits/sec  2.156 ms  2/438 (0.46%)  
[  8] 206.00-207.00 sec   597 KBytes  4.89 Mbits/sec  1.444 ms  14/451 (3.1%)  
[  8] 207.00-208.00 sec   606 KBytes  4.96 Mbits/sec  1.929 ms  6/449 (1.3%)  
[  8] 208.00-209.00 sec   591 KBytes  4.84 Mbits/sec  2.093 ms  10/442 (2.3%)  
[  8] 209.00-210.00 sec   573 KBytes  4.69 Mbits/sec  2.243 ms  32/451 (7.1%)  
[  8] 210.00-211.00 sec   577 KBytes  4.73 Mbits/sec  1.410 ms  6/428 (1.4%)  
[  8] 211.00-212.00 sec   610 KBytes  4.99 Mbits/sec  1.626 ms  4/450 (0.89%)  
[  8] 212.00-213.00 sec   582 KBytes  4.78 Mbits/sec  3.942 ms  24/450 (5.3%)  
[  8] 213.00-214.00 sec   573 KBytes  4.69 Mbits/sec  2.205 ms  40/459 (8.7%)  
[  8] 214.00-215.00 sec   593 KBytes  4.86 Mbits/sec  2.135 ms  12/446 (2.7%)  
[  8] 215.00-216.00 sec   570 KBytes  4.67 Mbits/sec  2.025 ms  28/445 (6.3%)  
[  8] 216.00-217.00 sec   577 KBytes  4.73 Mbits/sec  2.021 ms  20/442 (4.5%)  
[  8] 217.00-218.00 sec   593 KBytes  4.86 Mbits/sec  2.219 ms  17/451 (3.8%)  
[  8] 218.00-219.00 sec   595 KBytes  4.87 Mbits/sec  2.057 ms  10/445 (2.2%)  
[  8] 219.00-220.00 sec   499 KBytes  4.09 Mbits/sec  2.257 ms  79/444 (18%)  
[  8] 220.00-221.00 sec   593 KBytes  4.86 Mbits/sec  1.994 ms  11/445 (2.5%)  
[  8] 221.00-222.00 sec   600 KBytes  4.91 Mbits/sec  1.861 ms  11/450 (2.4%)  
[  8] 222.00-223.00 sec   567 KBytes  4.65 Mbits/sec  3.272 ms  29/444 (6.5%)  
[  8] 223.00-224.00 sec   602 KBytes  4.93 Mbits/sec  1.792 ms  10/450 (2.2%)  
[  8] 224.00-225.00 sec   582 KBytes  4.77 Mbits/sec  2.730 ms  13/439 (3%)  
[  8] 225.00-226.00 sec   600 KBytes  4.92 Mbits/sec  2.318 ms  13/452 (2.9%)  
[  8] 226.00-227.00 sec   580 KBytes  4.75 Mbits/sec  3.357 ms  22/446 (4.9%)  
[  8] 227.00-228.00 sec   561 KBytes  4.59 Mbits/sec  1.953 ms  32/442 (7.2%)  
[  8] 228.00-229.00 sec   607 KBytes  4.97 Mbits/sec  2.472 ms  7/451 (1.6%)  
[  8] 229.00-230.00 sec   591 KBytes  4.84 Mbits/sec  2.264 ms  16/448 (3.6%)  
[  8] 230.00-231.01 sec   592 KBytes  4.79 Mbits/sec  2.158 ms  16/449 (3.6%)  
[  8] 231.01-232.00 sec   596 KBytes  4.94 Mbits/sec  2.160 ms  11/447 (2.5%)  
[  8] 232.00-233.00 sec   585 KBytes  4.79 Mbits/sec  2.340 ms  13/441 (2.9%)  
[  8] 233.00-234.00 sec   602 KBytes  4.93 Mbits/sec  1.796 ms  7/447 (1.6%)  
[  8] 234.00-235.00 sec   611 KBytes  5.01 Mbits/sec  1.599 ms  0/447 (0%)  
[  8] 235.00-236.00 sec   558 KBytes  4.57 Mbits/sec  1.916 ms  37/445 (8.3%)  
[  8] 236.00-237.00 sec   562 KBytes  4.60 Mbits/sec  2.586 ms  30/441 (6.8%)  
[  8] 237.00-238.00 sec   597 KBytes  4.89 Mbits/sec  1.778 ms  18/455 (4%)  
[  8] 238.00-239.00 sec   587 KBytes  4.80 Mbits/sec  2.204 ms  18/447 (4%)  
[  8] 239.00-240.00 sec   596 KBytes  4.87 Mbits/sec  1.093 ms  10/446 (2.2%)  
[  8] 240.00-241.00 sec   582 KBytes  4.77 Mbits/sec  1.926 ms  18/444 (4.1%)  
[  8] 241.00-242.00 sec   610 KBytes  5.01 Mbits/sec  1.208 ms  3/449 (0.67%)  
[  8] 242.00-243.00 sec   585 KBytes  4.79 Mbits/sec  0.886 ms  20/448 (4.5%)  
[  8] 243.00-244.00 sec   602 KBytes  4.93 Mbits/sec  1.709 ms  1/441 (0.23%)  
[  8] 244.00-245.00 sec   578 KBytes  4.74 Mbits/sec  2.426 ms  26/449 (5.8%)  
[  8] 245.00-246.00 sec   582 KBytes  4.77 Mbits/sec  2.599 ms  19/445 (4.3%)  
[  8] 246.00-247.00 sec   599 KBytes  4.91 Mbits/sec  1.697 ms  7/445 (1.6%)  
[  8] 247.00-248.00 sec   584 KBytes  4.78 Mbits/sec  1.871 ms  22/449 (4.9%)  
[  8] 248.00-249.00 sec   574 KBytes  4.70 Mbits/sec  2.081 ms  26/446 (5.8%)  
[  8] 249.00-250.00 sec   528 KBytes  4.32 Mbits/sec  2.888 ms  50/436 (11%)  
[  8] 250.00-251.00 sec   571 KBytes  4.68 Mbits/sec  2.883 ms  32/450 (7.1%)  
[  8] 251.00-252.00 sec   593 KBytes  4.86 Mbits/sec  1.889 ms  20/454 (4.4%)  
[  8] 252.00-253.00 sec   585 KBytes  4.79 Mbits/sec  2.621 ms  16/444 (3.6%)  
[  8] 253.00-254.00 sec   604 KBytes  4.95 Mbits/sec  2.454 ms  6/448 (1.3%)  
[  8] 254.00-255.00 sec   600 KBytes  4.92 Mbits/sec  2.259 ms  7/446 (1.6%)  
[  8] 255.00-256.00 sec   610 KBytes  5.00 Mbits/sec  1.962 ms  4/450 (0.89%)  
[  8] 256.00-257.00 sec   604 KBytes  4.95 Mbits/sec  1.958 ms  3/445 (0.67%)  
[  8] 257.00-258.00 sec   595 KBytes  4.87 Mbits/sec  2.020 ms  12/447 (2.7%)  
[  8] 258.00-259.00 sec   604 KBytes  4.95 Mbits/sec  2.520 ms  3/445 (0.67%)  
[  8] 259.00-260.00 sec   592 KBytes  4.85 Mbits/sec  1.237 ms  7/440 (1.6%)  
[  8] 260.00-261.00 sec   615 KBytes  5.04 Mbits/sec  1.773 ms  2/452 (0.44%)  
[  8] 261.00-262.00 sec   596 KBytes  4.88 Mbits/sec  2.196 ms  9/445 (2%)  
[  8] 262.00-263.00 sec   589 KBytes  4.83 Mbits/sec  2.866 ms  7/438 (1.6%)  
[  8] 263.00-264.00 sec   611 KBytes  5.01 Mbits/sec  2.615 ms  11/458 (2.4%)  
[  8] 264.00-265.00 sec   591 KBytes  4.84 Mbits/sec  2.634 ms  13/445 (2.9%)  
[  8] 265.00-266.00 sec   587 KBytes  4.80 Mbits/sec  1.919 ms  18/447 (4%)  
[  8] 266.00-267.00 sec   611 KBytes  5.01 Mbits/sec  1.974 ms  0/447 (0%)  
[  8] 267.00-268.00 sec   602 KBytes  4.93 Mbits/sec  1.708 ms  6/446 (1.3%)  
[  8] 268.00-269.00 sec   612 KBytes  5.02 Mbits/sec  1.759 ms  1/449 (0.22%)  
[  8] 269.00-270.00 sec   588 KBytes  4.82 Mbits/sec  2.677 ms  13/443 (2.9%)  
[  8] 270.00-271.00 sec   603 KBytes  4.94 Mbits/sec  1.881 ms  4/445 (0.9%)  
[  8] 271.00-272.00 sec   600 KBytes  4.91 Mbits/sec  1.496 ms  11/450 (2.4%)  
[  8] 272.00-273.00 sec   603 KBytes  4.95 Mbits/sec  1.854 ms  5/446 (1.1%)  
[  8] 273.00-274.00 sec   588 KBytes  4.82 Mbits/sec  1.875 ms  11/441 (2.5%)  
[  8] 274.00-275.00 sec   589 KBytes  4.83 Mbits/sec  2.306 ms  19/450 (4.2%)  
[  8] 275.00-276.00 sec   597 KBytes  4.89 Mbits/sec  2.134 ms  8/445 (1.8%)  
[  8] 276.00-277.00 sec   604 KBytes  4.95 Mbits/sec  2.181 ms  4/446 (0.9%)  
[  8] 277.00-278.00 sec   614 KBytes  5.03 Mbits/sec  1.359 ms  1/450 (0.22%)  
[  8] 278.00-279.00 sec   611 KBytes  5.01 Mbits/sec  1.363 ms  0/447 (0%)  
[  8] 279.00-280.00 sec   606 KBytes  4.96 Mbits/sec  1.452 ms  4/447 (0.89%)  
[  8] 280.00-281.00 sec   597 KBytes  4.89 Mbits/sec  1.833 ms  7/444 (1.6%)  
[  8] 281.00-282.00 sec   610 KBytes  5.00 Mbits/sec  1.501 ms  2/448 (0.45%)  
[  8] 282.00-283.00 sec   588 KBytes  4.82 Mbits/sec  2.967 ms  8/438 (1.8%)  
[  8] 283.00-284.00 sec   617 KBytes  5.05 Mbits/sec  1.224 ms  3/454 (0.66%)  
[  8] 284.00-285.00 sec   574 KBytes  4.70 Mbits/sec  3.463 ms  28/448 (6.2%)  
[  8] 285.00-286.00 sec   561 KBytes  4.59 Mbits/sec  3.529 ms  0/410 (0%)  
[  8] 286.00-287.00 sec   581 KBytes  4.74 Mbits/sec  1.766 ms  53/478 (11%)  
[  8] 287.00-288.00 sec   562 KBytes  4.62 Mbits/sec  2.160 ms  24/435 (5.5%)  
[  8] 288.00-289.00 sec   600 KBytes  4.92 Mbits/sec  1.305 ms  3/442 (0.68%)  
[  8] 289.00-290.00 sec   566 KBytes  4.64 Mbits/sec  3.224 ms  4/418 (0.96%)  
[  8] 290.00-291.00 sec   591 KBytes  4.84 Mbits/sec  1.544 ms  4/436 (0.92%)  
[  8] 291.00-292.00 sec   589 KBytes  4.83 Mbits/sec  2.389 ms  19/450 (4.2%)  
[  8] 292.00-293.00 sec   589 KBytes  4.83 Mbits/sec  2.790 ms  24/455 (5.3%)  
[  8] 293.00-294.00 sec   626 KBytes  5.13 Mbits/sec  1.799 ms  34/492 (6.9%)  
[  8] 294.00-295.00 sec   567 KBytes  4.65 Mbits/sec  2.315 ms  18/433 (4.2%)  
[  8] 295.00-296.00 sec   570 KBytes  4.67 Mbits/sec  2.425 ms  12/429 (2.8%)  
[  8] 296.00-297.00 sec   503 KBytes  4.12 Mbits/sec  2.962 ms  8/376 (2.1%)  
[  8] 297.00-298.00 sec   562 KBytes  4.60 Mbits/sec  3.077 ms  83/494 (17%)  
[  8] 298.00-299.00 sec   465 KBytes  3.81 Mbits/sec  4.148 ms  154/494 (31%)  
[  8] 299.00-300.00 sec   597 KBytes  4.89 Mbits/sec  2.051 ms  15/452 (3.3%)  
[  8] 300.00-301.00 sec   589 KBytes  4.83 Mbits/sec  2.393 ms  14/445 (3.1%)  
[  8] 301.00-302.00 sec   611 KBytes  5.01 Mbits/sec  1.535 ms  5/452 (1.1%)  
[  8] 302.00-303.00 sec   597 KBytes  4.89 Mbits/sec  1.336 ms  0/437 (0%)  
[  8] 303.00-304.00 sec   562 KBytes  4.60 Mbits/sec  2.133 ms  42/453 (9.3%)  
[  8] 304.00-305.00 sec   612 KBytes  5.02 Mbits/sec  0.758 ms  0/448 (0%)  
[  8] 305.00-306.00 sec   606 KBytes  4.96 Mbits/sec  1.617 ms  3/446 (0.67%)  
[  8] 306.00-307.00 sec   604 KBytes  4.95 Mbits/sec  1.834 ms  4/446 (0.9%)  
[  8] 307.00-308.00 sec   589 KBytes  4.83 Mbits/sec  1.376 ms  7/438 (1.6%)  
[  8] 308.00-309.00 sec   518 KBytes  4.24 Mbits/sec  1.829 ms  73/452 (16%)  
[  8] 309.00-310.00 sec   596 KBytes  4.88 Mbits/sec  2.896 ms  12/448 (2.7%)  
[  8] 310.00-311.00 sec   589 KBytes  4.83 Mbits/sec  1.635 ms  15/446 (3.4%)  
[  8] 311.00-312.00 sec   580 KBytes  4.75 Mbits/sec  1.349 ms  21/445 (4.7%)  
[  8] 312.00-313.00 sec   585 KBytes  4.79 Mbits/sec  1.482 ms  17/445 (3.8%)  
[  8] 313.00-314.00 sec   612 KBytes  5.02 Mbits/sec  2.034 ms  3/451 (0.67%)  
[  8] 314.00-315.00 sec   584 KBytes  4.78 Mbits/sec  2.332 ms  20/447 (4.5%)  
[  8] 315.00-316.00 sec   596 KBytes  4.88 Mbits/sec  0.999 ms  10/446 (2.2%)  
[  8] 316.00-317.00 sec   589 KBytes  4.83 Mbits/sec  1.703 ms  15/446 (3.4%)  
[  8] 317.00-318.00 sec   599 KBytes  4.91 Mbits/sec  2.546 ms  6/444 (1.4%)  
[  8] 318.00-319.00 sec   602 KBytes  4.93 Mbits/sec  1.985 ms  10/450 (2.2%)  
[  8] 319.00-320.00 sec   576 KBytes  4.71 Mbits/sec  2.015 ms  24/445 (5.4%)  
[  8] 320.00-321.00 sec   604 KBytes  4.95 Mbits/sec  1.685 ms  4/446 (0.9%)  
[  8] 321.00-322.00 sec   606 KBytes  4.96 Mbits/sec  1.985 ms  6/449 (1.3%)  
[  8] 322.00-323.00 sec   606 KBytes  4.95 Mbits/sec  2.122 ms  0/443 (0%)  
[  8] 323.00-324.00 sec   570 KBytes  4.67 Mbits/sec  2.341 ms  29/446 (6.5%)  
[  8] 324.00-325.00 sec   593 KBytes  4.87 Mbits/sec  2.192 ms  15/449 (3.3%)  
[  8] 325.00-326.00 sec   567 KBytes  4.65 Mbits/sec  2.677 ms  21/436 (4.8%)  
[  8] 326.00-327.00 sec   530 KBytes  4.35 Mbits/sec  2.961 ms  50/438 (11%)  
[  8] 327.00-328.00 sec   543 KBytes  4.45 Mbits/sec  2.285 ms  68/465 (15%)  
[  8] 328.00-329.00 sec   595 KBytes  4.87 Mbits/sec  2.346 ms  9/444 (2%)  
[  8] 329.00-330.00 sec   588 KBytes  4.82 Mbits/sec  1.978 ms  13/443 (2.9%)  
[  8] 330.00-331.00 sec   599 KBytes  4.91 Mbits/sec  2.193 ms  15/453 (3.3%)  
[  8] 331.00-332.00 sec   606 KBytes  4.96 Mbits/sec  1.660 ms  3/446 (0.67%)  
[  8] 332.00-333.00 sec   578 KBytes  4.74 Mbits/sec  3.862 ms  20/443 (4.5%)  
[  8] 333.00-334.00 sec   595 KBytes  4.87 Mbits/sec  2.166 ms  13/448 (2.9%)  
[  8] 334.00-335.00 sec   595 KBytes  4.87 Mbits/sec  2.375 ms  13/448 (2.9%)  
[  8] 335.00-336.00 sec   555 KBytes  4.55 Mbits/sec  2.389 ms  42/448 (9.4%)  
[  8] 336.00-337.00 sec   599 KBytes  4.91 Mbits/sec  1.927 ms  9/447 (2%)  
[  8] 337.00-338.00 sec   603 KBytes  4.94 Mbits/sec  1.953 ms  0/441 (0%)  
[  8] 338.00-339.00 sec   612 KBytes  5.02 Mbits/sec  1.468 ms  1/449 (0.22%)  
[  8] 339.00-340.00 sec   607 KBytes  4.97 Mbits/sec  1.915 ms  0/444 (0%)  
[  8] 340.00-340.02 sec  13.7 KBytes  6.58 Mbits/sec  1.930 ms  0/10 (0%)  
- - - - - - - - - - - - - - - - - - - - - - - - -
[ ID] Interval           Transfer     Bitrate         Jitter    Lost/Total Datagrams
[  8]   0.00-340.02 sec   197 MBytes  4.85 Mbits/sec  1.930 ms  4405/151786 (2.9%)  receiver
