-----------------------------------------------------------
Server listening on 5201 (test #1)
-----------------------------------------------------------
Accepted connection from 10.0.0.1, port 35000
[  8] local 10.0.0.65 port 5201 connected to 10.0.0.1 port 48732
[ ID] Interval           Transfer     Bitrate         Jitter    Lost/Total Datagrams
[  8]   0.00-1.00   sec  2.27 MBytes  19.0 Mbits/sec  0.706 ms  74/1772 (4.2%)  
[  8]   1.00-2.00   sec  2.35 MBytes  19.7 Mbits/sec  0.666 ms  26/1784 (1.5%)  
[  8]   2.00-3.00   sec  2.35 MBytes  19.7 Mbits/sec  0.692 ms  16/1779 (0.9%)  
[  8]   3.00-4.00   sec  2.30 MBytes  19.3 Mbits/sec  0.756 ms  71/1792 (4%)  
[  8]   4.00-5.00   sec  2.28 MBytes  19.1 Mbits/sec  0.660 ms  66/1775 (3.7%)  
[  8]   5.00-6.00   sec  2.28 MBytes  19.1 Mbits/sec  0.816 ms  89/1795 (5%)  
[  8]   6.00-7.00   sec  2.32 MBytes  19.5 Mbits/sec  0.712 ms  53/1789 (3%)  
[  8]   7.00-8.00   sec  2.24 MBytes  18.7 Mbits/sec  0.587 ms  104/1778 (5.8%)  
[  8]   8.00-9.00   sec  2.26 MBytes  19.0 Mbits/sec  1.175 ms  85/1781 (4.8%)  
[  8]   9.00-10.00  sec  2.32 MBytes  19.4 Mbits/sec  0.583 ms  63/1798 (3.5%)  
[  8]  10.00-11.00  sec  2.35 MBytes  19.6 Mbits/sec  0.830 ms  13/1775 (0.73%)  
[  8]  11.00-12.00  sec  2.39 MBytes  20.2 Mbits/sec  0.462 ms  3/1795 (0.17%)  
[  8]  12.00-13.00  sec  2.25 MBytes  18.8 Mbits/sec  0.518 ms  103/1787 (5.8%)  
[  8]  13.00-14.00  sec  2.38 MBytes  20.0 Mbits/sec  0.298 ms  6/1786 (0.34%)  
[  8]  14.00-15.00  sec  2.30 MBytes  19.3 Mbits/sec  0.314 ms  53/1779 (3%)  
[  8]  15.00-16.00  sec  2.37 MBytes  19.9 Mbits/sec  0.606 ms  16/1789 (0.89%)  
[  8]  16.00-17.00  sec  2.32 MBytes  19.4 Mbits/sec  0.476 ms  43/1777 (2.4%)  
[  8]  17.00-18.00  sec  2.32 MBytes  19.4 Mbits/sec  0.199 ms  62/1797 (3.5%)  
[  8]  18.00-19.00  sec  2.32 MBytes  19.5 Mbits/sec  0.365 ms  39/1778 (2.2%)  
[  8]  19.00-20.00  sec  2.35 MBytes  19.7 Mbits/sec  0.766 ms  24/1787 (1.3%)  
[  8]  20.00-21.00  sec  2.35 MBytes  19.7 Mbits/sec  0.390 ms  24/1786 (1.3%)  
[  8]  21.00-22.00  sec  2.22 MBytes  18.6 Mbits/sec  0.523 ms  121/1786 (6.8%)  
[  8]  22.00-23.00  sec  2.04 MBytes  17.1 Mbits/sec  0.891 ms  213/1740 (12%)  
[  8]  23.00-24.00  sec  2.18 MBytes  18.3 Mbits/sec  0.787 ms  172/1807 (9.5%)  
[  8]  24.00-25.00  sec  2.36 MBytes  19.8 Mbits/sec  0.821 ms  49/1814 (2.7%)  
[  8]  25.00-26.00  sec  2.33 MBytes  19.5 Mbits/sec  0.411 ms  35/1778 (2%)  
[  8]  26.00-27.00  sec  2.31 MBytes  19.4 Mbits/sec  0.779 ms  52/1782 (2.9%)  
[  8]  27.00-28.00  sec  2.26 MBytes  19.0 Mbits/sec  0.322 ms  97/1792 (5.4%)  
[  8]  28.00-29.00  sec  2.12 MBytes  17.8 Mbits/sec  0.929 ms  183/1769 (10%)  
[  8]  29.00-30.00  sec  2.13 MBytes  17.9 Mbits/sec  0.934 ms  199/1798 (11%)  
[  8]  30.00-31.00  sec  2.17 MBytes  18.2 Mbits/sec  0.323 ms  159/1784 (8.9%)  
[  8]  31.00-32.00  sec  2.00 MBytes  16.8 Mbits/sec  0.984 ms  269/1768 (15%)  
[  8]  32.00-33.00  sec  1.96 MBytes  16.4 Mbits/sec  0.323 ms  326/1791 (18%)  
[  8]  33.00-34.00  sec  2.25 MBytes  18.9 Mbits/sec  0.991 ms  113/1801 (6.3%)  
[  8]  34.00-35.00  sec  2.24 MBytes  18.8 Mbits/sec  0.574 ms  123/1798 (6.8%)  
[  8]  35.00-36.00  sec  2.24 MBytes  18.8 Mbits/sec  0.811 ms  87/1765 (4.9%)  
[  8]  36.00-37.00  sec  2.38 MBytes  19.9 Mbits/sec  0.672 ms  19/1800 (1.1%)  
[  8]  37.00-38.00  sec  2.33 MBytes  19.6 Mbits/sec  0.621 ms  38/1784 (2.1%)  
[  8]  38.00-39.00  sec  2.32 MBytes  19.4 Mbits/sec  0.644 ms  40/1775 (2.3%)  
[  8]  39.00-40.00  sec  2.25 MBytes  18.9 Mbits/sec  0.398 ms  109/1795 (6.1%)  
[  8]  40.00-41.00  sec  2.33 MBytes  19.5 Mbits/sec  0.483 ms  45/1789 (2.5%)  
[  8]  41.00-42.00  sec  2.32 MBytes  19.5 Mbits/sec  0.395 ms  47/1787 (2.6%)  
[  8]  42.00-43.00  sec  2.29 MBytes  19.2 Mbits/sec  0.728 ms  66/1779 (3.7%)  
[  8]  43.00-44.00  sec  2.27 MBytes  19.0 Mbits/sec  0.865 ms  87/1787 (4.9%)  
[  8]  44.00-45.00  sec  2.23 MBytes  18.7 Mbits/sec  0.543 ms  127/1795 (7.1%)  
[  8]  45.00-46.00  sec  2.32 MBytes  19.4 Mbits/sec  0.361 ms  37/1772 (2.1%)  
[  8]  46.00-47.00  sec  2.33 MBytes  19.5 Mbits/sec  0.474 ms  47/1791 (2.6%)  
[  8]  47.00-48.00  sec  2.32 MBytes  19.5 Mbits/sec  0.467 ms  54/1795 (3%)  
[  8]  48.00-49.00  sec  2.30 MBytes  19.3 Mbits/sec  0.517 ms  62/1782 (3.5%)  
[  8]  49.00-50.00  sec  2.28 MBytes  19.1 Mbits/sec  0.970 ms  74/1781 (4.2%)  
[  8]  50.00-51.00  sec  2.26 MBytes  19.0 Mbits/sec  0.291 ms  82/1778 (4.6%)  
[  8]  51.00-52.00  sec  2.21 MBytes  18.5 Mbits/sec  0.656 ms  131/1787 (7.3%)  
[  8]  52.00-53.00  sec  2.08 MBytes  17.4 Mbits/sec  0.658 ms  237/1796 (13%)  
[  8]  53.00-54.00  sec  2.05 MBytes  17.2 Mbits/sec  0.619 ms  209/1748 (12%)  
[  8]  54.00-55.00  sec  2.09 MBytes  17.6 Mbits/sec  0.609 ms  251/1819 (14%)  
[  8]  55.00-56.00  sec  2.28 MBytes  19.1 Mbits/sec  1.191 ms  77/1782 (4.3%)  
[  8]  56.00-57.00  sec  2.32 MBytes  19.4 Mbits/sec  0.574 ms  56/1791 (3.1%)  
[  8]  57.00-58.00  sec  2.32 MBytes  19.4 Mbits/sec  0.699 ms  45/1779 (2.5%)  
[  8]  58.00-59.00  sec  2.37 MBytes  19.8 Mbits/sec  0.715 ms  23/1795 (1.3%)  
[  8]  59.00-60.00  sec  2.31 MBytes  19.4 Mbits/sec  0.428 ms  55/1788 (3.1%)  
[  8]  60.00-61.00  sec  2.35 MBytes  19.7 Mbits/sec  0.576 ms  25/1786 (1.4%)  
[  8]  61.00-62.00  sec  2.34 MBytes  19.6 Mbits/sec  0.827 ms  14/1764 (0.79%)  
[  8]  62.00-63.00  sec  2.35 MBytes  19.7 Mbits/sec  0.670 ms  43/1800 (2.4%)  
[  8]  63.00-64.00  sec  2.27 MBytes  19.1 Mbits/sec  0.529 ms  89/1792 (5%)  
[  8]  64.00-65.00  sec  2.27 MBytes  19.1 Mbits/sec  1.048 ms  74/1775 (4.2%)  
[  8]  65.00-66.00  sec  2.30 MBytes  19.3 Mbits/sec  0.625 ms  71/1791 (4%)  
[  8]  66.00-67.00  sec  2.16 MBytes  18.1 Mbits/sec  0.500 ms  177/1793 (9.9%)  
[  8]  67.00-68.00  sec  2.11 MBytes  17.7 Mbits/sec  1.248 ms  182/1765 (10%)  
[  8]  68.00-69.00  sec  2.16 MBytes  18.1 Mbits/sec  0.579 ms  152/1772 (8.6%)  
[  8]  69.00-70.00  sec  2.24 MBytes  18.8 Mbits/sec  0.301 ms  131/1810 (7.2%)  
[  8]  70.00-71.00  sec  2.37 MBytes  19.9 Mbits/sec  0.650 ms  17/1793 (0.95%)  
[  8]  71.00-72.00  sec  2.33 MBytes  19.6 Mbits/sec  0.547 ms  37/1785 (2.1%)  
[  8]  72.00-73.00  sec  2.23 MBytes  18.7 Mbits/sec  0.621 ms  122/1792 (6.8%)  
[  8]  73.00-74.00  sec  2.29 MBytes  19.2 Mbits/sec  0.676 ms  77/1790 (4.3%)  
[  8]  74.00-75.00  sec  2.30 MBytes  19.3 Mbits/sec  0.895 ms  45/1769 (2.5%)  
[  8]  75.00-76.00  sec  2.21 MBytes  18.5 Mbits/sec  1.300 ms  107/1763 (6.1%)  
[  8]  76.00-77.00  sec  2.31 MBytes  19.4 Mbits/sec  0.570 ms  85/1818 (4.7%)  
[  8]  77.00-78.01  sec  2.14 MBytes  17.8 Mbits/sec  0.657 ms  175/1776 (9.9%)  
[  8]  78.01-79.00  sec  2.24 MBytes  18.9 Mbits/sec  0.774 ms  93/1773 (5.2%)  
[  8]  79.00-80.00  sec  1.90 MBytes  16.0 Mbits/sec  0.677 ms  372/1797 (21%)  
[  8]  80.00-81.00  sec  2.18 MBytes  18.3 Mbits/sec  1.138 ms  101/1736 (5.8%)  
[  8]  81.00-82.00  sec  2.11 MBytes  17.7 Mbits/sec  0.745 ms  264/1842 (14%)  
[  8]  82.00-83.00  sec  2.04 MBytes  17.1 Mbits/sec  1.255 ms  245/1774 (14%)  
[  8]  83.00-84.00  sec  2.30 MBytes  19.3 Mbits/sec  0.737 ms  87/1807 (4.8%)  
[  8]  84.00-85.00  sec  2.32 MBytes  19.5 Mbits/sec  0.512 ms  39/1780 (2.2%)  
[  8]  85.00-86.00  sec  2.19 MBytes  18.4 Mbits/sec  0.780 ms  136/1779 (7.6%)  
[  8]  86.00-87.00  sec  2.19 MBytes  18.4 Mbits/sec  0.736 ms  145/1787 (8.1%)  
[  8]  87.00-88.00  sec  2.14 MBytes  18.0 Mbits/sec  0.911 ms  176/1780 (9.9%)  
[  8]  88.00-89.00  sec  2.17 MBytes  18.2 Mbits/sec  0.544 ms  137/1760 (7.8%)  
[  8]  89.00-90.00  sec  2.24 MBytes  18.7 Mbits/sec  0.837 ms  143/1817 (7.9%)  
[  8]  90.00-91.00  sec  2.22 MBytes  18.6 Mbits/sec  0.616 ms  124/1784 (7%)  
[  8]  91.00-92.00  sec  1.76 MBytes  14.8 Mbits/sec  0.758 ms  468/1789 (26%)  
[  8]  92.00-93.00  sec  2.27 MBytes  19.0 Mbits/sec  0.717 ms  87/1786 (4.9%)  
[  8]  93.00-94.00  sec  2.29 MBytes  19.2 Mbits/sec  0.729 ms  73/1791 (4.1%)  
[  8]  94.00-95.00  sec  2.20 MBytes  18.4 Mbits/sec  0.625 ms  133/1779 (7.5%)  
[  8]  95.00-96.00  sec  2.17 MBytes  18.2 Mbits/sec  0.976 ms  141/1768 (8%)  
[  8]  96.00-97.00  sec  2.33 MBytes  19.6 Mbits/sec  0.680 ms  64/1812 (3.5%)  
[  8]  97.00-98.00  sec  2.35 MBytes  19.7 Mbits/sec  0.619 ms  22/1781 (1.2%)  
[  8]  98.00-99.00  sec  2.25 MBytes  18.9 Mbits/sec  0.859 ms  93/1778 (5.2%)  
[  8]  99.00-100.00 sec  2.21 MBytes  18.6 Mbits/sec  0.667 ms  135/1792 (7.5%)  
[  8] 100.00-101.00 sec  2.29 MBytes  19.2 Mbits/sec  0.768 ms  62/1780 (3.5%)  
[  8] 101.00-102.00 sec  2.33 MBytes  19.5 Mbits/sec  0.839 ms  39/1782 (2.2%)  
[  8] 102.00-103.00 sec  2.34 MBytes  19.6 Mbits/sec  0.821 ms  40/1790 (2.2%)  
[  8] 103.00-104.00 sec  2.29 MBytes  19.2 Mbits/sec  0.458 ms  69/1784 (3.9%)  
[  8] 104.00-105.00 sec  2.21 MBytes  18.5 Mbits/sec  1.081 ms  129/1782 (7.2%)  
[  8] 105.00-106.00 sec  2.30 MBytes  19.3 Mbits/sec  0.790 ms  65/1789 (3.6%)  
[  8] 106.00-107.00 sec  2.25 MBytes  18.8 Mbits/sec  0.682 ms  108/1791 (6%)  
[  8] 107.00-108.00 sec  2.32 MBytes  19.5 Mbits/sec  0.661 ms  55/1793 (3.1%)  
[  8] 108.00-109.00 sec  2.17 MBytes  18.2 Mbits/sec  0.713 ms  138/1767 (7.8%)  
[  8] 109.00-110.00 sec  2.17 MBytes  18.2 Mbits/sec  0.587 ms  165/1790 (9.2%)  
[  8] 110.00-111.00 sec  2.09 MBytes  17.5 Mbits/sec  0.749 ms  84/1646 (5.1%)  
[  8] 111.00-112.00 sec  2.02 MBytes  17.0 Mbits/sec  0.733 ms  417/1932 (22%)  
[  8] 112.00-113.00 sec  2.23 MBytes  18.7 Mbits/sec  0.828 ms  120/1791 (6.7%)  
[  8] 113.00-114.00 sec  2.37 MBytes  19.9 Mbits/sec  0.574 ms  15/1790 (0.84%)  
[  8] 114.00-115.00 sec  2.32 MBytes  19.4 Mbits/sec  0.753 ms  43/1777 (2.4%)  
[  8] 115.00-116.00 sec  2.12 MBytes  17.8 Mbits/sec  0.989 ms  183/1772 (10%)  
[  8] 116.00-117.00 sec  2.14 MBytes  18.0 Mbits/sec  0.592 ms  191/1795 (11%)  
[  8] 117.00-118.00 sec  2.23 MBytes  18.7 Mbits/sec  0.747 ms  103/1770 (5.8%)  
[  8] 118.00-119.00 sec  2.13 MBytes  17.9 Mbits/sec  0.584 ms  201/1800 (11%)  
[  8] 119.00-120.00 sec  2.34 MBytes  19.6 Mbits/sec  0.728 ms  47/1797 (2.6%)  
[  8] 120.00-121.00 sec  2.23 MBytes  18.7 Mbits/sec  0.414 ms  112/1781 (6.3%)  
[  8] 121.00-122.00 sec  2.34 MBytes  19.6 Mbits/sec  0.639 ms  26/1779 (1.5%)  
[  8] 122.00-123.00 sec  2.26 MBytes  19.0 Mbits/sec  1.049 ms  88/1780 (4.9%)  
[  8] 123.00-124.00 sec  2.16 MBytes  18.1 Mbits/sec  0.758 ms  140/1757 (8%)  
[  8] 124.00-125.00 sec  2.12 MBytes  17.8 Mbits/sec  0.904 ms  241/1829 (13%)  
[  8] 125.00-126.00 sec  2.31 MBytes  19.4 Mbits/sec  0.840 ms  40/1769 (2.3%)  
[  8] 126.00-127.00 sec  2.28 MBytes  19.1 Mbits/sec  0.847 ms  80/1789 (4.5%)  
[  8] 127.00-128.00 sec  2.30 MBytes  19.3 Mbits/sec  0.698 ms  72/1797 (4%)  
[  8] 128.00-129.00 sec  2.35 MBytes  19.7 Mbits/sec  0.665 ms  32/1793 (1.8%)  
[  8] 129.00-130.00 sec  2.33 MBytes  19.5 Mbits/sec  0.323 ms  44/1788 (2.5%)  
[  8] 130.00-131.00 sec  2.31 MBytes  19.4 Mbits/sec  0.519 ms  44/1775 (2.5%)  
[  8] 131.00-132.00 sec  2.30 MBytes  19.3 Mbits/sec  0.469 ms  68/1787 (3.8%)  
[  8] 132.00-133.00 sec  2.32 MBytes  19.5 Mbits/sec  0.700 ms  41/1780 (2.3%)  
[  8] 133.00-134.00 sec  2.12 MBytes  17.8 Mbits/sec  0.778 ms  75/1665 (4.5%)  
[  8] 134.00-135.00 sec  2.33 MBytes  19.6 Mbits/sec  0.999 ms  161/1908 (8.4%)  
[  8] 135.00-136.00 sec  2.32 MBytes  19.5 Mbits/sec  0.530 ms  49/1790 (2.7%)  
[  8] 136.00-137.00 sec  2.28 MBytes  19.1 Mbits/sec  0.313 ms  62/1771 (3.5%)  
[  8] 137.00-138.00 sec  2.07 MBytes  17.4 Mbits/sec  0.522 ms  243/1795 (14%)  
[  8] 138.00-139.00 sec  2.26 MBytes  18.9 Mbits/sec  1.078 ms  78/1769 (4.4%)  
[  8] 139.00-140.00 sec  2.27 MBytes  19.0 Mbits/sec  0.559 ms  108/1807 (6%)  
[  8] 140.00-141.00 sec  2.20 MBytes  18.5 Mbits/sec  0.518 ms  116/1765 (6.6%)  
[  8] 141.00-142.00 sec  2.38 MBytes  19.9 Mbits/sec  0.755 ms  27/1806 (1.5%)  
[  8] 142.00-143.00 sec  2.35 MBytes  19.7 Mbits/sec  0.697 ms  33/1791 (1.8%)  
[  8] 143.00-144.00 sec  2.27 MBytes  19.1 Mbits/sec  0.487 ms  73/1775 (4.1%)  
[  8] 144.00-145.00 sec  2.32 MBytes  19.5 Mbits/sec  0.655 ms  55/1793 (3.1%)  
[  8] 145.00-146.00 sec  2.30 MBytes  19.3 Mbits/sec  0.933 ms  52/1778 (2.9%)  
[  8] 146.00-147.00 sec  2.29 MBytes  19.2 Mbits/sec  0.540 ms  79/1795 (4.4%)  
[  8] 147.00-148.00 sec  2.31 MBytes  19.4 Mbits/sec  0.744 ms  52/1781 (2.9%)  
[  8] 148.00-149.00 sec  2.20 MBytes  18.4 Mbits/sec  0.613 ms  149/1796 (8.3%)  
[  8] 149.00-150.00 sec  2.16 MBytes  18.1 Mbits/sec  0.347 ms  165/1784 (9.2%)  
[  8] 150.00-151.00 sec  2.15 MBytes  18.0 Mbits/sec  0.899 ms  114/1721 (6.6%)  
[  8] 151.00-152.00 sec  2.14 MBytes  18.0 Mbits/sec  1.011 ms  229/1833 (12%)  
[  8] 152.00-153.00 sec  2.20 MBytes  18.5 Mbits/sec  1.071 ms  140/1788 (7.8%)  
[  8] 153.00-154.00 sec  2.29 MBytes  19.2 Mbits/sec  0.673 ms  74/1791 (4.1%)  
[  8] 154.00-155.00 sec  2.24 MBytes  18.8 Mbits/sec  0.712 ms  107/1788 (6%)  
[  8] 155.00-156.00 sec  2.36 MBytes  19.8 Mbits/sec  0.464 ms  30/1796 (1.7%)  
[  8] 156.00-157.00 sec  2.15 MBytes  18.0 Mbits/sec  0.460 ms  171/1782 (9.6%)  
[  8] 157.00-158.00 sec  2.23 MBytes  18.7 Mbits/sec  0.843 ms  106/1779 (6%)  
[  8] 158.00-159.00 sec  2.32 MBytes  19.4 Mbits/sec  0.420 ms  63/1798 (3.5%)  
[  8] 159.00-160.00 sec  1.62 MBytes  13.6 Mbits/sec  0.736 ms  373/1590 (23%)  
[  8] 160.00-161.00 sec  2.12 MBytes  17.8 Mbits/sec  0.442 ms  387/1976 (20%)  
[  8] 161.00-162.00 sec  2.34 MBytes  19.7 Mbits/sec  0.474 ms  23/1778 (1.3%)  
[  8] 162.00-163.00 sec  1.91 MBytes  16.0 Mbits/sec  0.782 ms  348/1779 (20%)  
[  8] 163.00-164.00 sec  1.97 MBytes  16.5 Mbits/sec  0.950 ms  87/1563 (5.6%)  
[  8] 164.00-165.00 sec  2.34 MBytes  19.7 Mbits/sec  0.820 ms  267/2019 (13%)  
[  8] 165.00-166.00 sec  2.30 MBytes  19.3 Mbits/sec  0.435 ms  54/1774 (3%)  
[  8] 166.00-167.00 sec  1.96 MBytes  16.5 Mbits/sec  0.573 ms  315/1786 (18%)  
[  8] 167.00-168.00 sec  2.30 MBytes  19.2 Mbits/sec  0.614 ms  76/1795 (4.2%)  
[  8] 168.00-169.00 sec  2.24 MBytes  18.8 Mbits/sec  1.218 ms  105/1781 (5.9%)  
[  8] 169.00-170.00 sec  2.15 MBytes  18.1 Mbits/sec  1.044 ms  145/1758 (8.2%)  
[  8] 170.00-171.00 sec  1.95 MBytes  16.3 Mbits/sec  0.649 ms  364/1821 (20%)  
[  8] 171.00-172.00 sec  2.21 MBytes  18.5 Mbits/sec  0.900 ms  116/1771 (6.5%)  
[  8] 172.00-173.00 sec  2.19 MBytes  18.5 Mbits/sec  1.014 ms  141/1783 (7.9%)  
[  8] 173.00-174.00 sec  2.26 MBytes  18.9 Mbits/sec  0.618 ms  116/1805 (6.4%)  
[  8] 174.00-175.00 sec  2.05 MBytes  17.2 Mbits/sec  1.154 ms  215/1752 (12%)  
[  8] 175.00-176.00 sec  2.02 MBytes  17.0 Mbits/sec  0.364 ms  299/1814 (16%)  
[  8] 176.00-177.00 sec  1.74 MBytes  14.6 Mbits/sec  1.389 ms  177/1481 (12%)  
[  8] 177.00-178.00 sec  2.10 MBytes  17.6 Mbits/sec  1.522 ms  225/1796 (13%)  
[  8] 178.00-179.00 sec  1.88 MBytes  15.8 Mbits/sec  0.500 ms  677/2087 (32%)  
[  8] 179.00-180.00 sec  1.95 MBytes  16.3 Mbits/sec  0.709 ms  300/1759 (17%)  
[  8] 180.00-181.00 sec  1.74 MBytes  14.6 Mbits/sec  0.835 ms  427/1728 (25%)  
[  8] 181.00-182.00 sec  1.96 MBytes  16.5 Mbits/sec  1.702 ms  305/1774 (17%)  
[  8] 182.00-183.00 sec  1.45 MBytes  12.2 Mbits/sec  1.113 ms  753/1840 (41%)  
[  8] 183.00-184.00 sec  2.03 MBytes  17.0 Mbits/sec  1.070 ms  273/1794 (15%)  
[  8] 184.00-185.00 sec  2.26 MBytes  19.0 Mbits/sec  0.638 ms  123/1815 (6.8%)  
[  8] 185.00-186.00 sec  2.24 MBytes  18.8 Mbits/sec  0.820 ms  44/1725 (2.6%)  
[  8] 186.00-187.00 sec  2.21 MBytes  18.6 Mbits/sec  0.748 ms  45/1703 (2.6%)  
[  8] 187.00-188.00 sec  2.16 MBytes  18.1 Mbits/sec  0.673 ms  222/1840 (12%)  
[  8] 188.00-189.00 sec  2.19 MBytes  18.3 Mbits/sec  0.771 ms  235/1872 (13%)  
[  8] 189.00-190.00 sec  1.95 MBytes  16.3 Mbits/sec  1.237 ms  316/1780 (18%)  
[  8] 190.00-191.00 sec  2.04 MBytes  17.2 Mbits/sec  0.613 ms  223/1753 (13%)  
[  8] 191.00-192.00 sec  2.30 MBytes  19.3 Mbits/sec  0.523 ms  105/1831 (5.7%)  
[  8] 192.00-193.00 sec  2.16 MBytes  18.1 Mbits/sec  0.654 ms  164/1784 (9.2%)  
[  8] 193.00-194.00 sec  2.36 MBytes  19.8 Mbits/sec  0.555 ms  24/1791 (1.3%)  
[  8] 194.00-195.00 sec  2.26 MBytes  19.0 Mbits/sec  0.662 ms  89/1782 (5%)  
[  8] 195.00-196.00 sec  2.22 MBytes  18.6 Mbits/sec  0.830 ms  115/1776 (6.5%)  
[  8] 196.00-197.00 sec  2.28 MBytes  19.1 Mbits/sec  0.760 ms  90/1796 (5%)  
[  8] 197.00-198.00 sec  1.97 MBytes  16.6 Mbits/sec  0.888 ms  46/1524 (3%)  
[  8] 198.00-199.00 sec  1.69 MBytes  14.2 Mbits/sec  1.149 ms  526/1791 (29%)  
[  8] 199.00-200.00 sec  2.46 MBytes  20.6 Mbits/sec  0.923 ms  196/2037 (9.6%)  
[  8] 200.00-201.00 sec  2.26 MBytes  18.9 Mbits/sec  0.530 ms  97/1789 (5.4%)  
[  8] 201.00-202.00 sec  2.22 MBytes  18.6 Mbits/sec  0.646 ms  120/1779 (6.7%)  
[  8] 202.00-203.00 sec  2.13 MBytes  17.9 Mbits/sec  0.638 ms  198/1792 (11%)  
[  8] 203.00-204.00 sec  2.19 MBytes  18.4 Mbits/sec  1.124 ms  120/1764 (6.8%)  
[  8] 204.00-205.00 sec  1.95 MBytes  16.4 Mbits/sec  0.909 ms  320/1784 (18%)  
[  8] 205.00-206.00 sec  1.88 MBytes  15.7 Mbits/sec  0.507 ms  401/1806 (22%)  
[  8] 206.00-207.00 sec  2.27 MBytes  19.0 Mbits/sec  0.895 ms  82/1782 (4.6%)  
[  8] 207.00-208.00 sec  2.25 MBytes  18.9 Mbits/sec  0.786 ms  110/1792 (6.1%)  
[  8] 208.00-209.00 sec  2.21 MBytes  18.5 Mbits/sec  1.075 ms  126/1781 (7.1%)  
[  8] 209.00-210.00 sec  1.70 MBytes  14.3 Mbits/sec  0.586 ms  511/1786 (29%)  
[  8] 210.00-211.00 sec  1.71 MBytes  14.4 Mbits/sec  1.374 ms  446/1728 (26%)  
[  8] 211.00-212.00 sec  1.79 MBytes  15.0 Mbits/sec  0.496 ms  460/1801 (26%)  
[  8] 212.00-213.00 sec  1.82 MBytes  15.2 Mbits/sec  0.596 ms  437/1798 (24%)  
[  8] 213.00-214.00 sec  1.94 MBytes  16.3 Mbits/sec  0.558 ms  356/1810 (20%)  
[  8] 214.00-215.00 sec  2.15 MBytes  18.1 Mbits/sec  0.659 ms  181/1794 (10%)  
[  8] 215.00-216.00 sec  2.29 MBytes  19.2 Mbits/sec  0.550 ms  65/1778 (3.7%)  
[  8] 216.00-217.00 sec  2.11 MBytes  17.7 Mbits/sec  0.678 ms  182/1763 (10%)  
[  8] 217.00-218.00 sec  2.13 MBytes  17.9 Mbits/sec  0.642 ms  210/1807 (12%)  
[  8] 218.00-219.00 sec  2.18 MBytes  18.3 Mbits/sec  0.761 ms  140/1773 (7.9%)  
[  8] 219.00-220.00 sec  1.89 MBytes  15.9 Mbits/sec  0.556 ms  373/1791 (21%)  
[  8] 220.00-221.00 sec  2.06 MBytes  17.3 Mbits/sec  0.760 ms  201/1746 (12%)  
[  8] 221.00-222.00 sec  1.21 MBytes  10.1 Mbits/sec  0.576 ms  818/1726 (47%)  
[  8] 222.00-223.00 sec  1.84 MBytes  15.4 Mbits/sec  0.364 ms  495/1870 (26%)  
[  8] 223.00-224.00 sec  1.98 MBytes  16.6 Mbits/sec  0.601 ms  314/1800 (17%)  
[  8] 224.00-225.00 sec  2.06 MBytes  17.2 Mbits/sec  1.279 ms  247/1789 (14%)  
[  8] 225.00-226.00 sec  2.11 MBytes  17.7 Mbits/sec  0.703 ms  207/1787 (12%)  
[  8] 226.00-227.00 sec  2.11 MBytes  17.7 Mbits/sec  1.115 ms  212/1794 (12%)  
[  8] 227.00-228.00 sec  1.88 MBytes  15.8 Mbits/sec  0.929 ms  294/1704 (17%)  
[  8] 228.00-229.00 sec  2.30 MBytes  19.3 Mbits/sec  0.919 ms  154/1875 (8.2%)  
[  8] 229.00-230.00 sec  2.13 MBytes  17.8 Mbits/sec  0.872 ms  175/1767 (9.9%)  
[  8] 230.00-231.00 sec  1.98 MBytes  16.6 Mbits/sec  0.741 ms  312/1793 (17%)  
[  8] 231.00-232.00 sec  2.10 MBytes  17.7 Mbits/sec  1.079 ms  189/1765 (11%)  
[  8] 232.00-233.00 sec  1.73 MBytes  14.5 Mbits/sec  1.374 ms  260/1554 (17%)  
[  8] 233.00-234.00 sec  2.06 MBytes  17.3 Mbits/sec  0.783 ms  378/1924 (20%)  
[  8] 234.00-235.00 sec  2.37 MBytes  19.8 Mbits/sec  0.658 ms  109/1881 (5.8%)  
[  8] 235.00-236.00 sec  2.04 MBytes  17.1 Mbits/sec  0.695 ms  284/1814 (16%)  
[  8] 236.00-237.00 sec  2.09 MBytes  17.5 Mbits/sec  1.076 ms  201/1766 (11%)  
[  8] 237.00-238.00 sec  2.08 MBytes  17.4 Mbits/sec  0.657 ms  242/1800 (13%)  
[  8] 238.00-239.00 sec  2.01 MBytes  16.9 Mbits/sec  1.101 ms  267/1775 (15%)  
[  8] 239.00-240.00 sec  2.17 MBytes  18.2 Mbits/sec  0.372 ms  174/1800 (9.7%)  
[  8] 240.00-241.00 sec  2.14 MBytes  18.0 Mbits/sec  1.073 ms  163/1768 (9.2%)  
[  8] 241.00-242.00 sec  2.26 MBytes  19.0 Mbits/sec  0.602 ms  110/1806 (6.1%)  
[  8] 242.00-243.00 sec  2.23 MBytes  18.7 Mbits/sec  0.593 ms  102/1771 (5.8%)  
[  8] 243.00-244.00 sec  2.30 MBytes  19.3 Mbits/sec  0.714 ms  73/1798 (4.1%)  
[  8] 244.00-245.00 sec  2.09 MBytes  17.5 Mbits/sec  0.777 ms  212/1778 (12%)  
[  8] 245.00-246.00 sec  2.02 MBytes  16.9 Mbits/sec  0.464 ms  281/1792 (16%)  
[  8] 246.00-247.00 sec  2.18 MBytes  18.3 Mbits/sec  0.316 ms  126/1762 (7.2%)  
[  8] 247.00-248.00 sec  2.06 MBytes  17.2 Mbits/sec  0.538 ms  270/1810 (15%)  
[  8] 248.00-249.00 sec  2.09 MBytes  17.5 Mbits/sec  0.335 ms  218/1780 (12%)  
[  8] 249.00-250.00 sec  1.75 MBytes  14.7 Mbits/sec  0.342 ms  464/1777 (26%)  
[  8] 250.00-251.00 sec  1.93 MBytes  16.2 Mbits/sec  0.595 ms  346/1791 (19%)  
[  8] 251.00-252.00 sec  2.19 MBytes  18.4 Mbits/sec  0.679 ms  143/1783 (8%)  
[  8] 252.00-253.00 sec  2.11 MBytes  17.7 Mbits/sec  0.812 ms  211/1793 (12%)  
[  8] 253.00-254.00 sec  2.25 MBytes  18.8 Mbits/sec  0.751 ms  90/1773 (5.1%)  
[  8] 254.00-255.00 sec  2.28 MBytes  19.1 Mbits/sec  0.875 ms  95/1803 (5.3%)  
[  8] 255.00-256.00 sec  2.30 MBytes  19.3 Mbits/sec  0.570 ms  68/1788 (3.8%)  
[  8] 256.00-257.00 sec  2.24 MBytes  18.8 Mbits/sec  0.619 ms  103/1780 (5.8%)  
[  8] 257.00-258.00 sec  2.15 MBytes  18.0 Mbits/sec  0.542 ms  182/1791 (10%)  
[  8] 258.00-259.00 sec  2.05 MBytes  17.2 Mbits/sec  1.063 ms  204/1742 (12%)  
[  8] 259.00-260.00 sec  2.19 MBytes  18.3 Mbits/sec  0.718 ms  176/1814 (9.7%)  
[  8] 260.00-261.00 sec  2.28 MBytes  19.1 Mbits/sec  0.582 ms  97/1803 (5.4%)  
[  8] 261.00-262.00 sec  2.21 MBytes  18.6 Mbits/sec  0.310 ms  121/1778 (6.8%)  
[  8] 262.00-263.00 sec  2.19 MBytes  18.3 Mbits/sec  0.923 ms  128/1766 (7.2%)  
[  8] 263.00-264.00 sec  2.31 MBytes  19.4 Mbits/sec  0.657 ms  74/1802 (4.1%)  
[  8] 264.00-265.00 sec  2.23 MBytes  18.7 Mbits/sec  0.690 ms  125/1795 (7%)  
[  8] 265.00-266.00 sec  2.19 MBytes  18.3 Mbits/sec  0.550 ms  144/1782 (8.1%)  
[  8] 266.00-267.00 sec  2.37 MBytes  19.8 Mbits/sec  0.719 ms  17/1789 (0.95%)  
[  8] 267.00-268.00 sec  2.32 MBytes  19.5 Mbits/sec  0.651 ms  47/1785 (2.6%)  
[  8] 268.00-269.00 sec  2.24 MBytes  18.8 Mbits/sec  0.532 ms  112/1790 (6.3%)  
[  8] 269.00-270.00 sec  2.20 MBytes  18.5 Mbits/sec  0.636 ms  138/1787 (7.7%)  
[  8] 270.00-271.00 sec  2.18 MBytes  18.3 Mbits/sec  0.929 ms  134/1768 (7.6%)  
[  8] 271.00-272.00 sec  2.17 MBytes  18.2 Mbits/sec  0.697 ms  175/1802 (9.7%)  
[  8] 272.00-273.00 sec  2.30 MBytes  19.3 Mbits/sec  0.767 ms  59/1780 (3.3%)  
[  8] 273.00-274.01 sec  2.25 MBytes  18.7 Mbits/sec  0.702 ms  96/1781 (5.4%)  
[  8] 274.01-275.00 sec  2.16 MBytes  18.3 Mbits/sec  0.350 ms  179/1799 (9.9%)  
[  8] 275.00-276.00 sec  2.27 MBytes  19.0 Mbits/sec  0.716 ms  77/1775 (4.3%)  
[  8] 276.00-277.00 sec  2.31 MBytes  19.4 Mbits/sec  0.419 ms  63/1792 (3.5%)  
[  8] 277.00-278.00 sec  2.33 MBytes  19.5 Mbits/sec  0.837 ms  28/1773 (1.6%)  
[  8] 278.00-279.00 sec  2.35 MBytes  19.7 Mbits/sec  0.405 ms  40/1802 (2.2%)  
[  8] 279.00-280.00 sec  2.33 MBytes  19.5 Mbits/sec  0.676 ms  34/1778 (1.9%)  
[  8] 280.00-281.00 sec  2.21 MBytes  18.5 Mbits/sec  0.592 ms  127/1784 (7.1%)  
[  8] 281.00-282.00 sec  2.28 MBytes  19.2 Mbits/sec  0.273 ms  81/1789 (4.5%)  
[  8] 282.00-283.00 sec  2.04 MBytes  17.1 Mbits/sec  0.789 ms  95/1623 (5.9%)  
[  8] 283.00-284.00 sec  2.15 MBytes  18.1 Mbits/sec  1.356 ms  207/1820 (11%)  
[  8] 284.00-285.00 sec  1.92 MBytes  16.1 Mbits/sec  0.761 ms  157/1597 (9.8%)  
[  8] 285.00-286.00 sec  1.81 MBytes  15.2 Mbits/sec  1.569 ms  231/1587 (15%)  
[  8] 286.00-287.00 sec  1.57 MBytes  13.2 Mbits/sec  1.914 ms  804/1980 (41%)  
[  8] 287.00-288.00 sec  1.77 MBytes  14.8 Mbits/sec  0.675 ms  720/2045 (35%)  
[  8] 288.00-289.00 sec  2.34 MBytes  19.6 Mbits/sec  0.409 ms  29/1779 (1.6%)  
[  8] 289.00-290.00 sec  2.21 MBytes  18.5 Mbits/sec  0.789 ms  36/1690 (2.1%)  
[  8] 290.00-291.00 sec  1.90 MBytes  16.0 Mbits/sec  1.197 ms  286/1711 (17%)  
[  8] 291.00-292.00 sec  1.74 MBytes  14.6 Mbits/sec  0.881 ms  498/1803 (28%)  
[  8] 292.00-293.00 sec  2.25 MBytes  18.9 Mbits/sec  0.820 ms  136/1819 (7.5%)  
[  8] 293.00-294.01 sec  2.30 MBytes  19.2 Mbits/sec  0.643 ms  256/1981 (13%)  
[  8] 294.01-295.00 sec  2.10 MBytes  17.7 Mbits/sec  1.135 ms  136/1709 (8%)  
[  8] 295.00-296.00 sec  1.95 MBytes  16.4 Mbits/sec  0.845 ms  244/1707 (14%)  
[  8] 296.00-297.00 sec  1.48 MBytes  12.5 Mbits/sec  1.876 ms  417/1529 (27%)  
[  8] 297.00-298.00 sec  1.56 MBytes  13.1 Mbits/sec  0.802 ms  829/1997 (42%)  
[  8] 298.00-299.00 sec  1.59 MBytes  13.4 Mbits/sec  0.847 ms  784/1978 (40%)  
[  8] 299.00-300.00 sec  2.12 MBytes  17.8 Mbits/sec  0.654 ms  193/1780 (11%)  
[  8] 300.00-301.00 sec  2.14 MBytes  18.0 Mbits/sec  0.746 ms  174/1780 (9.8%)  
[  8] 301.00-302.00 sec  2.19 MBytes  18.3 Mbits/sec  0.804 ms  155/1793 (8.6%)  
[  8] 302.00-303.00 sec  2.34 MBytes  19.6 Mbits/sec  0.872 ms  42/1794 (2.3%)  
[  8] 303.00-304.00 sec  2.09 MBytes  17.6 Mbits/sec  0.835 ms  219/1785 (12%)  
[  8] 304.00-305.00 sec  2.39 MBytes  20.0 Mbits/sec  0.733 ms  2/1792 (0.11%)  
[  8] 305.00-306.00 sec  2.31 MBytes  19.4 Mbits/sec  0.624 ms  54/1786 (3%)  
[  8] 306.00-307.00 sec  2.33 MBytes  19.6 Mbits/sec  0.433 ms  32/1778 (1.8%)  
[  8] 307.00-308.00 sec  2.13 MBytes  17.9 Mbits/sec  1.101 ms  156/1754 (8.9%)  
[  8] 308.00-309.00 sec  2.00 MBytes  16.8 Mbits/sec  1.157 ms  301/1799 (17%)  
[  8] 309.00-310.00 sec  2.17 MBytes  18.2 Mbits/sec  0.946 ms  172/1794 (9.6%)  
[  8] 310.00-311.00 sec  1.96 MBytes  16.4 Mbits/sec  1.020 ms  313/1778 (18%)  
[  8] 311.00-312.00 sec  2.18 MBytes  18.3 Mbits/sec  0.632 ms  169/1804 (9.4%)  
[  8] 312.00-313.00 sec  2.12 MBytes  17.8 Mbits/sec  0.641 ms  204/1794 (11%)  
[  8] 313.00-314.00 sec  2.27 MBytes  19.0 Mbits/sec  0.776 ms  79/1778 (4.4%)  
[  8] 314.00-315.00 sec  2.17 MBytes  18.2 Mbits/sec  0.563 ms  166/1794 (9.3%)  
[  8] 315.00-316.00 sec  2.15 MBytes  18.1 Mbits/sec  0.580 ms  161/1771 (9.1%)  
[  8] 316.00-317.00 sec  2.24 MBytes  18.7 Mbits/sec  0.658 ms  113/1788 (6.3%)  
[  8] 317.00-318.00 sec  2.13 MBytes  17.9 Mbits/sec  0.961 ms  192/1788 (11%)  
[  8] 318.00-319.00 sec  2.04 MBytes  17.1 Mbits/sec  0.915 ms  253/1784 (14%)  
[  8] 319.00-320.00 sec  2.13 MBytes  17.9 Mbits/sec  0.765 ms  184/1783 (10%)  
[  8] 320.00-321.00 sec  2.32 MBytes  19.4 Mbits/sec  0.601 ms  60/1794 (3.3%)  
[  8] 321.00-322.00 sec  2.31 MBytes  19.4 Mbits/sec  0.836 ms  48/1780 (2.7%)  
[  8] 322.00-323.00 sec  2.05 MBytes  17.2 Mbits/sec  0.834 ms  237/1776 (13%)  
[  8] 323.00-324.00 sec  1.75 MBytes  14.7 Mbits/sec  0.696 ms  462/1771 (26%)  
[  8] 324.00-325.00 sec  2.02 MBytes  16.9 Mbits/sec  1.617 ms  262/1775 (15%)  
[  8] 325.00-326.00 sec  1.56 MBytes  13.1 Mbits/sec  1.192 ms  635/1801 (35%)  
[  8] 326.00-327.00 sec  1.70 MBytes  14.2 Mbits/sec  0.752 ms  471/1741 (27%)  
[  8] 327.00-328.00 sec  1.78 MBytes  14.9 Mbits/sec  0.855 ms  471/1801 (26%)  
[  8] 328.00-329.00 sec  2.02 MBytes  16.9 Mbits/sec  0.985 ms  310/1823 (17%)  
[  8] 329.00-330.00 sec  1.88 MBytes  15.7 Mbits/sec  0.543 ms  352/1758 (20%)  
[  8] 330.00-331.00 sec  2.12 MBytes  17.8 Mbits/sec  0.999 ms  206/1794 (11%)  
[  8] 331.00-332.00 sec  2.30 MBytes  19.3 Mbits/sec  1.159 ms  88/1812 (4.9%)  
[  8] 332.00-333.00 sec  2.10 MBytes  17.6 Mbits/sec  0.968 ms  188/1763 (11%)  
[  8] 333.00-334.00 sec  2.04 MBytes  17.1 Mbits/sec  1.003 ms  273/1803 (15%)  
[  8] 334.00-335.00 sec  1.88 MBytes  15.8 Mbits/sec  0.640 ms  392/1802 (22%)  
[  8] 335.00-336.00 sec  1.95 MBytes  16.4 Mbits/sec  0.911 ms  300/1762 (17%)  
[  8] 336.00-337.00 sec  2.15 MBytes  18.1 Mbits/sec  0.598 ms  201/1815 (11%)  
[  8] 337.00-338.00 sec  2.35 MBytes  19.7 Mbits/sec  0.780 ms  8/1771 (0.45%)  
[  8] 338.00-339.00 sec  2.30 MBytes  19.3 Mbits/sec  0.743 ms  77/1796 (4.3%)  
[  8] 339.00-340.00 sec  2.18 MBytes  18.3 Mbits/sec  0.820 ms  125/1759 (7.1%)  
[  8] 340.00-340.02 sec  35.5 KBytes  14.8 Mbits/sec  1.138 ms  15/41 (37%)  
- - - - - - - - - - - - - - - - - - - - - - - - -
[ ID] Interval           Transfer     Bitrate         Jitter    Lost/Total Datagrams
[  8]   0.00-340.02 sec   736 MBytes  18.2 Mbits/sec  1.138 ms  55775/607142 (9.2%)  receiver
