-----------------------------------------------------------
Server listening on 5201 (test #1)
-----------------------------------------------------------
Accepted connection from 10.0.0.17, port 60020
[  8] local 10.0.0.49 port 5201 connected to 10.0.0.17 port 38732
[ ID] Interval           Transfer     Bitrate         Jitter    Lost/Total Datagrams
[  8]   0.00-1.00   sec  2.33 MBytes  19.6 Mbits/sec  0.489 ms  14/1760 (0.8%)  
[  8]   1.00-2.00   sec  2.39 MBytes  20.1 Mbits/sec  0.503 ms  0/1791 (0%)  
[  8]   2.00-3.00   sec  2.37 MBytes  19.9 Mbits/sec  0.708 ms  10/1785 (0.56%)  
[  8]   3.00-4.00   sec  2.29 MBytes  19.2 Mbits/sec  0.796 ms  69/1781 (3.9%)  
[  8]   4.00-5.00   sec  2.35 MBytes  19.7 Mbits/sec  0.666 ms  39/1796 (2.2%)  
[  8]   5.00-6.00   sec  2.35 MBytes  19.7 Mbits/sec  0.370 ms  26/1786 (1.5%)  
[  8]   6.00-7.00   sec  2.35 MBytes  19.7 Mbits/sec  0.257 ms  24/1787 (1.3%)  
[  8]   7.00-8.00   sec  2.30 MBytes  19.3 Mbits/sec  0.434 ms  58/1779 (3.3%)  
[  8]   8.00-9.00   sec  2.30 MBytes  19.3 Mbits/sec  0.973 ms  59/1781 (3.3%)  
[  8]   9.00-10.00  sec  2.33 MBytes  19.5 Mbits/sec  0.688 ms  54/1797 (3%)  
[  8]  10.00-11.00  sec  2.37 MBytes  19.9 Mbits/sec  0.426 ms  2/1779 (0.11%)  
[  8]  11.00-12.00  sec  2.37 MBytes  19.9 Mbits/sec  0.582 ms  18/1793 (1%)  
[  8]  12.00-13.00  sec  2.35 MBytes  19.7 Mbits/sec  0.359 ms  24/1786 (1.3%)  
[  8]  13.00-14.00  sec  2.38 MBytes  20.0 Mbits/sec  0.455 ms  1/1785 (0.056%)  
[  8]  14.00-15.00  sec  2.37 MBytes  19.9 Mbits/sec  0.484 ms  9/1782 (0.51%)  
[  8]  15.00-16.00  sec  2.37 MBytes  19.9 Mbits/sec  0.307 ms  8/1785 (0.45%)  
[  8]  16.00-17.00  sec  2.36 MBytes  19.8 Mbits/sec  0.759 ms  22/1787 (1.2%)  
[  8]  17.00-18.00  sec  2.29 MBytes  19.2 Mbits/sec  0.421 ms  42/1759 (2.4%)  
[  8]  18.00-19.00  sec  2.38 MBytes  20.0 Mbits/sec  0.685 ms  26/1809 (1.4%)  
[  8]  19.00-20.00  sec  2.39 MBytes  20.0 Mbits/sec  0.375 ms  8/1795 (0.45%)  
[  8]  20.00-21.00  sec  2.34 MBytes  19.6 Mbits/sec  0.395 ms  30/1782 (1.7%)  
[  8]  21.00-22.00  sec  2.30 MBytes  19.3 Mbits/sec  0.638 ms  48/1770 (2.7%)  
[  8]  22.00-23.00  sec  1.95 MBytes  16.3 Mbits/sec  1.418 ms  310/1768 (18%)  
[  8]  23.00-24.00  sec  2.18 MBytes  18.3 Mbits/sec  1.020 ms  162/1794 (9%)  
[  8]  24.00-25.00  sec  2.39 MBytes  20.0 Mbits/sec  0.595 ms  18/1808 (1%)  
[  8]  25.00-26.00  sec  2.34 MBytes  19.6 Mbits/sec  0.559 ms  26/1780 (1.5%)  
[  8]  26.00-27.00  sec  2.32 MBytes  19.5 Mbits/sec  0.520 ms  48/1787 (2.7%)  
[  8]  27.00-28.00  sec  2.30 MBytes  19.3 Mbits/sec  0.369 ms  57/1780 (3.2%)  
[  8]  28.00-29.00  sec  2.17 MBytes  18.2 Mbits/sec  0.857 ms  163/1790 (9.1%)  
[  8]  29.00-30.00  sec  2.21 MBytes  18.5 Mbits/sec  0.940 ms  125/1781 (7%)  
[  8]  30.00-31.00  sec  2.21 MBytes  18.5 Mbits/sec  0.566 ms  141/1795 (7.9%)  
[  8]  31.00-32.00  sec  2.15 MBytes  18.0 Mbits/sec  0.347 ms  174/1785 (9.7%)  
[  8]  32.00-33.00  sec  2.20 MBytes  18.4 Mbits/sec  0.475 ms  141/1787 (7.9%)  
[  8]  33.00-34.00  sec  2.32 MBytes  19.4 Mbits/sec  0.925 ms  43/1780 (2.4%)  
[  8]  34.00-35.00  sec  2.32 MBytes  19.5 Mbits/sec  0.536 ms  62/1798 (3.4%)  
[  8]  35.00-36.00  sec  2.36 MBytes  19.7 Mbits/sec  0.532 ms  18/1782 (1%)  
[  8]  36.00-37.00  sec  2.36 MBytes  19.8 Mbits/sec  0.511 ms  9/1775 (0.51%)  
[  8]  37.00-38.00  sec  2.35 MBytes  19.7 Mbits/sec  0.720 ms  30/1791 (1.7%)  
[  8]  38.00-39.00  sec  2.34 MBytes  19.6 Mbits/sec  0.591 ms  32/1785 (1.8%)  
[  8]  39.00-40.00  sec  2.33 MBytes  19.5 Mbits/sec  0.859 ms  46/1792 (2.6%)  
[  8]  40.00-41.00  sec  2.32 MBytes  19.5 Mbits/sec  0.445 ms  38/1777 (2.1%)  
[  8]  41.00-42.00  sec  2.38 MBytes  19.9 Mbits/sec  0.567 ms  8/1788 (0.45%)  
[  8]  42.00-43.00  sec  2.28 MBytes  19.1 Mbits/sec  0.808 ms  71/1779 (4%)  
[  8]  43.00-44.00  sec  2.32 MBytes  19.4 Mbits/sec  0.511 ms  60/1794 (3.3%)  
[  8]  44.00-45.00  sec  2.31 MBytes  19.4 Mbits/sec  0.482 ms  53/1784 (3%)  
[  8]  45.00-46.00  sec  2.33 MBytes  19.5 Mbits/sec  0.351 ms  43/1785 (2.4%)  
[  8]  46.00-47.00  sec  2.32 MBytes  19.5 Mbits/sec  0.505 ms  46/1784 (2.6%)  
[  8]  47.00-48.00  sec  2.33 MBytes  19.5 Mbits/sec  0.586 ms  47/1792 (2.6%)  
[  8]  48.00-49.00  sec  2.31 MBytes  19.3 Mbits/sec  0.533 ms  54/1781 (3%)  
[  8]  49.00-50.00  sec  2.22 MBytes  18.6 Mbits/sec  0.285 ms  131/1791 (7.3%)  
[  8]  50.00-51.00  sec  2.27 MBytes  19.0 Mbits/sec  0.491 ms  87/1786 (4.9%)  
[  8]  51.00-52.00  sec  2.27 MBytes  19.0 Mbits/sec  0.613 ms  82/1781 (4.6%)  
[  8]  52.00-53.00  sec  2.26 MBytes  18.9 Mbits/sec  0.888 ms  100/1792 (5.6%)  
[  8]  53.00-54.00  sec  2.15 MBytes  18.1 Mbits/sec  1.056 ms  167/1779 (9.4%)  
[  8]  54.00-55.00  sec  2.22 MBytes  18.6 Mbits/sec  0.598 ms  111/1771 (6.3%)  
[  8]  55.00-56.00  sec  2.32 MBytes  19.5 Mbits/sec  0.276 ms  66/1807 (3.7%)  
[  8]  56.00-57.00  sec  2.19 MBytes  18.4 Mbits/sec  0.670 ms  146/1789 (8.2%)  
[  8]  57.00-58.00  sec  2.32 MBytes  19.5 Mbits/sec  0.748 ms  45/1783 (2.5%)  
[  8]  58.00-59.00  sec  2.37 MBytes  19.9 Mbits/sec  0.717 ms  8/1782 (0.45%)  
[  8]  59.00-60.00  sec  2.31 MBytes  19.4 Mbits/sec  0.528 ms  56/1789 (3.1%)  
[  8]  60.00-61.00  sec  2.35 MBytes  19.7 Mbits/sec  0.674 ms  22/1781 (1.2%)  
[  8]  61.00-62.00  sec  2.39 MBytes  20.0 Mbits/sec  0.599 ms  2/1793 (0.11%)  
[  8]  62.00-63.00  sec  2.32 MBytes  19.5 Mbits/sec  0.567 ms  48/1787 (2.7%)  
[  8]  63.00-64.00  sec  2.28 MBytes  19.1 Mbits/sec  0.566 ms  78/1784 (4.4%)  
[  8]  64.00-65.00  sec  2.23 MBytes  18.7 Mbits/sec  0.431 ms  102/1775 (5.7%)  
[  8]  65.00-66.00  sec  2.32 MBytes  19.4 Mbits/sec  0.492 ms  61/1796 (3.4%)  
[  8]  66.00-67.00  sec  2.14 MBytes  18.0 Mbits/sec  0.441 ms  179/1784 (10%)  
[  8]  67.00-68.00  sec  2.22 MBytes  18.7 Mbits/sec  0.501 ms  117/1783 (6.6%)  
[  8]  68.00-69.00  sec  2.22 MBytes  18.6 Mbits/sec  0.545 ms  112/1771 (6.3%)  
[  8]  69.00-70.00  sec  2.30 MBytes  19.2 Mbits/sec  0.786 ms  83/1802 (4.6%)  
[  8]  70.00-71.00  sec  2.36 MBytes  19.9 Mbits/sec  0.735 ms  13/1781 (0.73%)  
[  8]  71.00-72.00  sec  2.37 MBytes  19.9 Mbits/sec  0.765 ms  19/1792 (1.1%)  
[  8]  72.00-73.00  sec  2.26 MBytes  18.9 Mbits/sec  0.543 ms  91/1780 (5.1%)  
[  8]  73.00-74.00  sec  2.31 MBytes  19.4 Mbits/sec  0.554 ms  58/1788 (3.2%)  
[  8]  74.00-75.00  sec  2.34 MBytes  19.7 Mbits/sec  0.417 ms  30/1786 (1.7%)  
[  8]  75.00-76.00  sec  2.25 MBytes  18.8 Mbits/sec  0.897 ms  85/1767 (4.8%)  
[  8]  76.00-77.00  sec  2.34 MBytes  19.6 Mbits/sec  0.816 ms  52/1801 (2.9%)  
[  8]  77.00-78.00  sec  2.26 MBytes  19.0 Mbits/sec  0.664 ms  95/1787 (5.3%)  
[  8]  78.00-79.00  sec  2.28 MBytes  19.1 Mbits/sec  0.703 ms  77/1787 (4.3%)  
[  8]  79.00-80.00  sec  2.14 MBytes  18.0 Mbits/sec  0.803 ms  167/1768 (9.4%)  
[  8]  80.00-81.00  sec  2.26 MBytes  19.0 Mbits/sec  0.653 ms  91/1786 (5.1%)  
[  8]  81.00-82.00  sec  2.15 MBytes  18.0 Mbits/sec  0.550 ms  172/1783 (9.6%)  
[  8]  82.00-83.00  sec  2.14 MBytes  18.0 Mbits/sec  0.465 ms  189/1795 (11%)  
[  8]  83.00-84.00  sec  2.37 MBytes  19.9 Mbits/sec  0.606 ms  25/1799 (1.4%)  
[  8]  84.00-85.00  sec  2.35 MBytes  19.7 Mbits/sec  0.478 ms  24/1785 (1.3%)  
[  8]  85.00-86.00  sec  2.22 MBytes  18.6 Mbits/sec  0.733 ms  119/1784 (6.7%)  
[  8]  86.00-87.00  sec  2.25 MBytes  18.9 Mbits/sec  0.705 ms  104/1791 (5.8%)  
[  8]  87.00-88.00  sec  2.24 MBytes  18.8 Mbits/sec  0.643 ms  88/1769 (5%)  
[  8]  88.00-89.00  sec  2.31 MBytes  19.3 Mbits/sec  0.765 ms  66/1798 (3.7%)  
[  8]  89.00-90.00  sec  2.28 MBytes  19.2 Mbits/sec  0.582 ms  82/1788 (4.6%)  
[  8]  90.00-91.00  sec  2.27 MBytes  19.0 Mbits/sec  1.067 ms  62/1761 (3.5%)  
[  8]  91.00-92.00  sec  1.87 MBytes  15.6 Mbits/sec  0.823 ms  397/1794 (22%)  
[  8]  92.00-93.00  sec  2.35 MBytes  19.7 Mbits/sec  0.636 ms  43/1801 (2.4%)  
[  8]  93.00-94.00  sec  2.28 MBytes  19.1 Mbits/sec  0.659 ms  71/1777 (4%)  
[  8]  94.00-95.00  sec  2.24 MBytes  18.8 Mbits/sec  0.588 ms  122/1799 (6.8%)  
[  8]  95.00-96.00  sec  2.16 MBytes  18.1 Mbits/sec  0.671 ms  153/1770 (8.6%)  
[  8]  96.00-97.00  sec  2.30 MBytes  19.3 Mbits/sec  0.619 ms  72/1792 (4%)  
[  8]  97.00-98.00  sec  2.37 MBytes  19.9 Mbits/sec  0.819 ms  13/1791 (0.73%)  
[  8]  98.00-99.00  sec  2.24 MBytes  18.8 Mbits/sec  0.582 ms  103/1783 (5.8%)  
[  8]  99.00-100.00 sec  2.27 MBytes  19.0 Mbits/sec  0.623 ms  96/1796 (5.3%)  
[  8] 100.00-101.00 sec  2.30 MBytes  19.4 Mbits/sec  0.765 ms  35/1759 (2%)  
[  8] 101.00-102.00 sec  2.35 MBytes  19.7 Mbits/sec  0.964 ms  21/1778 (1.2%)  
[  8] 102.00-103.00 sec  2.39 MBytes  20.0 Mbits/sec  0.434 ms  30/1819 (1.6%)  
[  8] 103.00-104.00 sec  2.27 MBytes  19.1 Mbits/sec  0.343 ms  71/1773 (4%)  
[  8] 104.00-105.00 sec  2.31 MBytes  19.3 Mbits/sec  0.727 ms  61/1790 (3.4%)  
[  8] 105.00-106.00 sec  2.27 MBytes  19.0 Mbits/sec  0.521 ms  90/1789 (5%)  
[  8] 106.00-107.00 sec  2.24 MBytes  18.8 Mbits/sec  0.486 ms  94/1774 (5.3%)  
[  8] 107.00-108.00 sec  2.36 MBytes  19.8 Mbits/sec  0.538 ms  26/1796 (1.4%)  
[  8] 108.00-109.00 sec  2.23 MBytes  18.7 Mbits/sec  0.568 ms  102/1775 (5.7%)  
[  8] 109.00-110.00 sec  2.22 MBytes  18.6 Mbits/sec  0.709 ms  136/1798 (7.6%)  
[  8] 110.00-111.00 sec  2.03 MBytes  17.0 Mbits/sec  3.274 ms  79/1599 (4.9%)  
[  8] 111.00-112.00 sec  2.15 MBytes  18.0 Mbits/sec  0.624 ms  363/1974 (18%)  
[  8] 112.00-113.00 sec  2.21 MBytes  18.6 Mbits/sec  0.668 ms  120/1775 (6.8%)  
[  8] 113.00-114.00 sec  2.38 MBytes  20.0 Mbits/sec  0.481 ms  13/1797 (0.72%)  
[  8] 114.00-115.00 sec  2.33 MBytes  19.6 Mbits/sec  0.396 ms  43/1791 (2.4%)  
[  8] 115.00-116.00 sec  2.12 MBytes  17.8 Mbits/sec  0.540 ms  177/1768 (10%)  
[  8] 116.00-117.00 sec  2.09 MBytes  17.6 Mbits/sec  0.333 ms  208/1777 (12%)  
[  8] 117.00-118.00 sec  2.29 MBytes  19.2 Mbits/sec  0.527 ms  82/1796 (4.6%)  
[  8] 118.00-119.00 sec  2.14 MBytes  18.0 Mbits/sec  0.614 ms  190/1793 (11%)  
[  8] 119.00-120.00 sec  2.35 MBytes  19.7 Mbits/sec  0.725 ms  32/1789 (1.8%)  
[  8] 120.00-121.00 sec  2.27 MBytes  19.1 Mbits/sec  0.541 ms  83/1784 (4.7%)  
[  8] 121.00-122.00 sec  2.33 MBytes  19.6 Mbits/sec  0.809 ms  17/1764 (0.96%)  
[  8] 122.00-123.00 sec  2.38 MBytes  19.9 Mbits/sec  0.613 ms  30/1809 (1.7%)  
[  8] 123.00-124.00 sec  2.23 MBytes  18.7 Mbits/sec  0.791 ms  98/1770 (5.5%)  
[  8] 124.00-125.00 sec  2.24 MBytes  18.8 Mbits/sec  0.893 ms  115/1796 (6.4%)  
[  8] 125.00-126.00 sec  2.34 MBytes  19.6 Mbits/sec  0.479 ms  35/1786 (2%)  
[  8] 126.00-127.00 sec  2.27 MBytes  19.0 Mbits/sec  0.630 ms  85/1782 (4.8%)  
[  8] 127.00-128.00 sec  2.31 MBytes  19.3 Mbits/sec  0.930 ms  47/1774 (2.6%)  
[  8] 128.00-129.00 sec  2.35 MBytes  19.8 Mbits/sec  0.443 ms  40/1801 (2.2%)  
[  8] 129.00-130.00 sec  2.38 MBytes  19.9 Mbits/sec  0.571 ms  12/1793 (0.67%)  
[  8] 130.00-131.00 sec  2.36 MBytes  19.8 Mbits/sec  0.625 ms  19/1784 (1.1%)  
[  8] 131.00-132.00 sec  2.34 MBytes  19.7 Mbits/sec  0.449 ms  31/1786 (1.7%)  
[  8] 132.00-133.00 sec  2.32 MBytes  19.4 Mbits/sec  1.048 ms  43/1779 (2.4%)  
[  8] 133.00-134.00 sec  2.13 MBytes  17.9 Mbits/sec  0.655 ms  62/1656 (3.7%)  
[  8] 134.00-135.00 sec  2.46 MBytes  20.6 Mbits/sec  0.456 ms  73/1918 (3.8%)  
[  8] 135.00-136.00 sec  2.34 MBytes  19.7 Mbits/sec  0.770 ms  28/1783 (1.6%)  
[  8] 136.00-137.00 sec  2.32 MBytes  19.5 Mbits/sec  1.049 ms  19/1760 (1.1%)  
[  8] 137.00-138.00 sec  2.20 MBytes  18.4 Mbits/sec  0.772 ms  158/1803 (8.8%)  
[  8] 138.00-139.00 sec  2.25 MBytes  18.8 Mbits/sec  0.768 ms  114/1797 (6.3%)  
[  8] 139.00-140.00 sec  2.31 MBytes  19.4 Mbits/sec  0.742 ms  52/1780 (2.9%)  
[  8] 140.00-141.00 sec  2.30 MBytes  19.3 Mbits/sec  0.536 ms  60/1785 (3.4%)  
[  8] 141.00-142.00 sec  2.35 MBytes  19.7 Mbits/sec  0.702 ms  25/1786 (1.4%)  
[  8] 142.00-143.00 sec  2.37 MBytes  19.9 Mbits/sec  0.579 ms  14/1788 (0.78%)  
[  8] 143.00-144.00 sec  2.34 MBytes  19.6 Mbits/sec  0.781 ms  38/1787 (2.1%)  
[  8] 144.00-145.00 sec  2.31 MBytes  19.3 Mbits/sec  0.566 ms  61/1793 (3.4%)  
[  8] 145.00-146.00 sec  2.34 MBytes  19.7 Mbits/sec  0.551 ms  28/1778 (1.6%)  
[  8] 146.00-147.00 sec  2.28 MBytes  19.1 Mbits/sec  0.462 ms  89/1796 (5%)  
[  8] 147.00-148.00 sec  2.34 MBytes  19.6 Mbits/sec  0.707 ms  26/1777 (1.5%)  
[  8] 148.00-149.00 sec  2.36 MBytes  19.8 Mbits/sec  0.657 ms  20/1789 (1.1%)  
[  8] 149.00-150.00 sec  2.27 MBytes  19.1 Mbits/sec  0.787 ms  77/1780 (4.3%)  
[  8] 150.00-151.00 sec  2.15 MBytes  18.0 Mbits/sec  0.807 ms  100/1710 (5.8%)  
[  8] 151.00-152.00 sec  2.22 MBytes  18.6 Mbits/sec  0.783 ms  194/1855 (10%)  
[  8] 152.00-153.00 sec  2.32 MBytes  19.4 Mbits/sec  0.402 ms  62/1797 (3.5%)  
[  8] 153.00-154.00 sec  2.31 MBytes  19.4 Mbits/sec  0.519 ms  45/1778 (2.5%)  
[  8] 154.00-155.00 sec  2.31 MBytes  19.4 Mbits/sec  0.466 ms  61/1792 (3.4%)  
[  8] 155.00-156.00 sec  2.33 MBytes  19.5 Mbits/sec  0.650 ms  39/1783 (2.2%)  
[  8] 156.00-157.00 sec  2.19 MBytes  18.4 Mbits/sec  0.936 ms  141/1785 (7.9%)  
[  8] 157.00-158.00 sec  2.28 MBytes  19.1 Mbits/sec  0.650 ms  81/1790 (4.5%)  
[  8] 158.00-159.00 sec  2.27 MBytes  19.0 Mbits/sec  0.621 ms  81/1779 (4.6%)  
[  8] 159.00-160.00 sec  1.71 MBytes  14.4 Mbits/sec  0.841 ms  317/1601 (20%)  
[  8] 160.00-161.00 sec  2.44 MBytes  20.5 Mbits/sec  0.312 ms  153/1979 (7.7%)  
[  8] 161.00-162.00 sec  2.33 MBytes  19.6 Mbits/sec  0.776 ms  38/1785 (2.1%)  
[  8] 162.00-163.00 sec  2.08 MBytes  17.5 Mbits/sec  0.567 ms  217/1777 (12%)  
[  8] 163.00-164.00 sec  2.00 MBytes  16.8 Mbits/sec  0.299 ms  64/1563 (4.1%)  
[  8] 164.00-165.00 sec  2.48 MBytes  20.8 Mbits/sec  0.720 ms  153/2014 (7.6%)  
[  8] 165.00-166.00 sec  2.32 MBytes  19.5 Mbits/sec  0.606 ms  29/1768 (1.6%)  
[  8] 166.00-167.00 sec  2.18 MBytes  18.3 Mbits/sec  0.733 ms  147/1778 (8.3%)  
[  8] 167.00-168.00 sec  2.29 MBytes  19.2 Mbits/sec  0.875 ms  90/1806 (5%)  
[  8] 168.00-169.00 sec  2.25 MBytes  18.9 Mbits/sec  0.732 ms  106/1794 (5.9%)  
[  8] 169.00-170.00 sec  2.15 MBytes  18.0 Mbits/sec  0.425 ms  154/1764 (8.7%)  
[  8] 170.00-171.00 sec  1.95 MBytes  16.3 Mbits/sec  0.728 ms  331/1789 (19%)  
[  8] 171.00-172.00 sec  2.26 MBytes  19.0 Mbits/sec  0.374 ms  101/1796 (5.6%)  
[  8] 172.00-173.00 sec  2.30 MBytes  19.3 Mbits/sec  0.588 ms  75/1796 (4.2%)  
[  8] 173.00-174.00 sec  2.25 MBytes  18.9 Mbits/sec  0.420 ms  79/1763 (4.5%)  
[  8] 174.00-175.00 sec  2.13 MBytes  17.8 Mbits/sec  0.752 ms  203/1800 (11%)  
[  8] 175.00-176.00 sec  2.07 MBytes  17.4 Mbits/sec  0.749 ms  232/1783 (13%)  
[  8] 176.00-177.00 sec  1.77 MBytes  14.9 Mbits/sec  0.734 ms  196/1525 (13%)  
[  8] 177.00-178.00 sec  2.19 MBytes  18.4 Mbits/sec  1.330 ms  96/1740 (5.5%)  
[  8] 178.00-179.00 sec  2.25 MBytes  18.9 Mbits/sec  0.543 ms  417/2103 (20%)  
[  8] 179.00-180.00 sec  2.15 MBytes  18.0 Mbits/sec  0.245 ms  161/1772 (9.1%)  
[  8] 180.00-181.00 sec  1.64 MBytes  13.8 Mbits/sec  0.813 ms  488/1714 (28%)  
[  8] 181.00-182.00 sec  2.00 MBytes  16.7 Mbits/sec  0.793 ms  314/1809 (17%)  
[  8] 182.00-183.00 sec  1.90 MBytes  15.9 Mbits/sec  1.782 ms  387/1809 (21%)  
[  8] 183.00-184.00 sec  2.14 MBytes  18.0 Mbits/sec  0.553 ms  192/1793 (11%)  
[  8] 184.00-185.00 sec  2.35 MBytes  19.7 Mbits/sec  0.513 ms  56/1817 (3.1%)  
[  8] 185.00-186.00 sec  2.26 MBytes  18.9 Mbits/sec  0.501 ms  26/1717 (1.5%)  
[  8] 186.00-187.00 sec  2.19 MBytes  18.4 Mbits/sec  0.498 ms  63/1707 (3.7%)  
[  8] 187.00-188.00 sec  2.20 MBytes  18.4 Mbits/sec  0.352 ms  178/1823 (9.8%)  
[  8] 188.00-189.00 sec  2.24 MBytes  18.8 Mbits/sec  0.802 ms  209/1889 (11%)  
[  8] 189.00-190.00 sec  2.11 MBytes  17.7 Mbits/sec  0.437 ms  194/1773 (11%)  
[  8] 190.00-191.00 sec  2.14 MBytes  18.0 Mbits/sec  0.674 ms  151/1757 (8.6%)  
[  8] 191.00-192.00 sec  2.40 MBytes  20.2 Mbits/sec  0.439 ms  36/1836 (2%)  
[  8] 192.00-193.00 sec  2.28 MBytes  19.1 Mbits/sec  0.475 ms  76/1781 (4.3%)  
[  8] 193.00-194.00 sec  2.36 MBytes  19.8 Mbits/sec  0.555 ms  19/1789 (1.1%)  
[  8] 194.00-195.00 sec  2.30 MBytes  19.3 Mbits/sec  0.711 ms  52/1778 (2.9%)  
[  8] 195.00-196.00 sec  2.25 MBytes  18.8 Mbits/sec  0.590 ms  103/1786 (5.8%)  
[  8] 196.00-197.00 sec  2.32 MBytes  19.5 Mbits/sec  0.376 ms  56/1793 (3.1%)  
[  8] 197.00-198.00 sec  1.97 MBytes  16.5 Mbits/sec  0.860 ms  33/1510 (2.2%)  
[  8] 198.00-199.00 sec  1.59 MBytes  13.3 Mbits/sec  0.898 ms  613/1803 (34%)  
[  8] 199.00-200.00 sec  2.57 MBytes  21.6 Mbits/sec  0.457 ms  107/2034 (5.3%)  
[  8] 200.00-201.00 sec  2.30 MBytes  19.3 Mbits/sec  0.857 ms  56/1781 (3.1%)  
[  8] 201.00-202.00 sec  2.23 MBytes  18.7 Mbits/sec  1.115 ms  122/1791 (6.8%)  
[  8] 202.00-203.00 sec  2.17 MBytes  18.2 Mbits/sec  0.683 ms  154/1778 (8.7%)  
[  8] 203.00-204.00 sec  2.29 MBytes  19.2 Mbits/sec  0.945 ms  78/1794 (4.3%)  
[  8] 204.00-205.00 sec  1.97 MBytes  16.6 Mbits/sec  1.069 ms  292/1771 (16%)  
[  8] 205.00-206.00 sec  1.94 MBytes  16.3 Mbits/sec  0.766 ms  358/1809 (20%)  
[  8] 206.00-207.00 sec  2.33 MBytes  19.6 Mbits/sec  0.624 ms  39/1785 (2.2%)  
[  8] 207.00-208.00 sec  2.22 MBytes  18.6 Mbits/sec  0.845 ms  117/1776 (6.6%)  
[  8] 208.00-209.00 sec  2.24 MBytes  18.8 Mbits/sec  0.783 ms  105/1782 (5.9%)  
[  8] 209.00-210.00 sec  1.77 MBytes  14.8 Mbits/sec  1.045 ms  465/1789 (26%)  
[  8] 210.00-211.00 sec  1.84 MBytes  15.4 Mbits/sec  0.633 ms  375/1750 (21%)  
[  8] 211.00-212.00 sec  1.92 MBytes  16.1 Mbits/sec  0.389 ms  334/1773 (19%)  
[  8] 212.00-213.00 sec  1.92 MBytes  16.1 Mbits/sec  1.127 ms  396/1833 (22%)  
[  8] 213.00-214.00 sec  2.15 MBytes  18.0 Mbits/sec  0.857 ms  172/1780 (9.7%)  
[  8] 214.00-215.00 sec  2.16 MBytes  18.1 Mbits/sec  0.321 ms  160/1775 (9%)  
[  8] 215.00-216.00 sec  2.24 MBytes  18.7 Mbits/sec  0.791 ms  134/1808 (7.4%)  
[  8] 216.00-217.00 sec  2.21 MBytes  18.5 Mbits/sec  0.475 ms  131/1783 (7.3%)  
[  8] 217.00-218.00 sec  2.18 MBytes  18.3 Mbits/sec  0.537 ms  147/1779 (8.3%)  
[  8] 218.00-219.00 sec  2.22 MBytes  18.6 Mbits/sec  0.530 ms  135/1800 (7.5%)  
[  8] 219.00-220.00 sec  2.16 MBytes  18.1 Mbits/sec  0.967 ms  160/1780 (9%)  
[  8] 220.00-221.00 sec  2.07 MBytes  17.4 Mbits/sec  1.612 ms  173/1725 (10%)  
[  8] 221.00-222.00 sec  1.29 MBytes  10.8 Mbits/sec  0.893 ms  770/1736 (44%)  
[  8] 222.00-223.00 sec  1.99 MBytes  16.7 Mbits/sec  0.390 ms  404/1897 (21%)  
[  8] 223.00-224.00 sec  2.16 MBytes  18.1 Mbits/sec  0.723 ms  169/1786 (9.5%)  
[  8] 224.00-225.00 sec  2.14 MBytes  17.9 Mbits/sec  1.152 ms  181/1781 (10%)  
[  8] 225.00-226.00 sec  2.20 MBytes  18.4 Mbits/sec  0.273 ms  132/1779 (7.4%)  
[  8] 226.00-227.00 sec  2.25 MBytes  18.9 Mbits/sec  0.547 ms  118/1804 (6.5%)  
[  8] 227.00-228.00 sec  2.04 MBytes  17.1 Mbits/sec  0.866 ms  180/1705 (11%)  
[  8] 228.00-229.00 sec  2.34 MBytes  19.6 Mbits/sec  0.681 ms  108/1862 (5.8%)  
[  8] 229.00-230.00 sec  2.21 MBytes  18.6 Mbits/sec  0.744 ms  96/1754 (5.5%)  
[  8] 230.00-231.00 sec  2.24 MBytes  18.8 Mbits/sec  0.521 ms  140/1818 (7.7%)  
[  8] 231.00-232.00 sec  2.23 MBytes  18.7 Mbits/sec  0.797 ms  118/1789 (6.6%)  
[  8] 232.00-233.00 sec  1.73 MBytes  14.5 Mbits/sec  1.047 ms  225/1520 (15%)  
[  8] 233.00-234.00 sec  2.17 MBytes  18.2 Mbits/sec  0.457 ms  323/1946 (17%)  
[  8] 234.00-235.00 sec  2.39 MBytes  20.1 Mbits/sec  1.220 ms  64/1857 (3.4%)  
[  8] 235.00-236.00 sec  2.22 MBytes  18.6 Mbits/sec  0.686 ms  145/1806 (8%)  
[  8] 236.00-237.00 sec  2.14 MBytes  18.0 Mbits/sec  0.494 ms  180/1786 (10%)  
[  8] 237.00-238.00 sec  2.16 MBytes  18.2 Mbits/sec  0.992 ms  173/1794 (9.6%)  
[  8] 238.00-239.00 sec  2.12 MBytes  17.8 Mbits/sec  0.735 ms  183/1772 (10%)  
[  8] 239.00-240.00 sec  2.23 MBytes  18.7 Mbits/sec  0.627 ms  122/1794 (6.8%)  
[  8] 240.00-241.00 sec  2.26 MBytes  19.0 Mbits/sec  0.748 ms  79/1775 (4.5%)  
[  8] 241.00-242.00 sec  2.29 MBytes  19.2 Mbits/sec  0.492 ms  85/1802 (4.7%)  
[  8] 242.00-243.00 sec  2.30 MBytes  19.3 Mbits/sec  0.615 ms  56/1782 (3.1%)  
[  8] 243.00-244.00 sec  2.30 MBytes  19.3 Mbits/sec  0.494 ms  60/1782 (3.4%)  
[  8] 244.00-245.00 sec  2.14 MBytes  18.0 Mbits/sec  0.293 ms  179/1784 (10%)  
[  8] 245.00-246.00 sec  2.15 MBytes  18.1 Mbits/sec  0.811 ms  170/1782 (9.5%)  
[  8] 246.00-247.00 sec  2.27 MBytes  19.0 Mbits/sec  0.508 ms  85/1785 (4.8%)  
[  8] 247.00-248.00 sec  2.12 MBytes  17.8 Mbits/sec  0.784 ms  207/1792 (12%)  
[  8] 248.00-249.00 sec  2.20 MBytes  18.5 Mbits/sec  0.624 ms  132/1783 (7.4%)  
[  8] 249.00-250.00 sec  1.86 MBytes  15.6 Mbits/sec  0.364 ms  344/1735 (20%)  
[  8] 250.00-251.00 sec  2.14 MBytes  18.0 Mbits/sec  0.394 ms  225/1828 (12%)  
[  8] 251.00-252.00 sec  2.22 MBytes  18.6 Mbits/sec  0.586 ms  133/1797 (7.4%)  
[  8] 252.00-253.00 sec  2.22 MBytes  18.6 Mbits/sec  0.927 ms  128/1787 (7.2%)  
[  8] 253.00-254.00 sec  2.32 MBytes  19.5 Mbits/sec  0.858 ms  50/1788 (2.8%)  
[  8] 254.00-255.00 sec  2.31 MBytes  19.4 Mbits/sec  0.726 ms  66/1794 (3.7%)  
[  8] 255.00-256.00 sec  2.34 MBytes  19.6 Mbits/sec  0.472 ms  32/1785 (1.8%)  
[  8] 256.00-257.00 sec  2.30 MBytes  19.3 Mbits/sec  0.489 ms  53/1778 (3%)  
[  8] 257.00-258.00 sec  2.18 MBytes  18.3 Mbits/sec  0.619 ms  155/1791 (8.7%)  
[  8] 258.00-259.00 sec  2.16 MBytes  18.1 Mbits/sec  0.866 ms  147/1765 (8.3%)  
[  8] 259.00-260.00 sec  2.25 MBytes  18.9 Mbits/sec  0.372 ms  110/1797 (6.1%)  
[  8] 260.00-261.00 sec  2.23 MBytes  18.7 Mbits/sec  0.446 ms  96/1764 (5.4%)  
[  8] 261.00-262.00 sec  2.24 MBytes  18.8 Mbits/sec  1.165 ms  117/1792 (6.5%)  
[  8] 262.00-263.00 sec  2.29 MBytes  19.2 Mbits/sec  0.390 ms  82/1800 (4.6%)  
[  8] 263.00-264.00 sec  2.38 MBytes  20.0 Mbits/sec  0.493 ms  12/1794 (0.67%)  
[  8] 264.00-265.00 sec  2.23 MBytes  18.7 Mbits/sec  1.444 ms  103/1773 (5.8%)  
[  8] 265.00-266.00 sec  2.22 MBytes  18.6 Mbits/sec  0.422 ms  144/1803 (8%)  
[  8] 266.00-267.00 sec  2.34 MBytes  19.6 Mbits/sec  0.695 ms  24/1773 (1.4%)  
[  8] 267.00-268.00 sec  2.36 MBytes  19.8 Mbits/sec  0.700 ms  23/1789 (1.3%)  
[  8] 268.00-269.00 sec  2.29 MBytes  19.2 Mbits/sec  0.561 ms  80/1794 (4.5%)  
[  8] 269.00-270.00 sec  2.27 MBytes  19.1 Mbits/sec  0.594 ms  66/1768 (3.7%)  
[  8] 270.00-271.00 sec  2.23 MBytes  18.7 Mbits/sec  0.831 ms  122/1789 (6.8%)  
[  8] 271.00-272.00 sec  2.23 MBytes  18.7 Mbits/sec  0.413 ms  125/1792 (7%)  
[  8] 272.00-273.00 sec  2.31 MBytes  19.4 Mbits/sec  0.163 ms  56/1789 (3.1%)  
[  8] 273.00-274.00 sec  2.29 MBytes  19.2 Mbits/sec  0.513 ms  73/1789 (4.1%)  
[  8] 274.00-275.00 sec  2.27 MBytes  19.0 Mbits/sec  0.542 ms  88/1788 (4.9%)  
[  8] 275.00-276.00 sec  2.32 MBytes  19.4 Mbits/sec  0.738 ms  52/1786 (2.9%)  
[  8] 276.00-277.00 sec  2.33 MBytes  19.6 Mbits/sec  0.518 ms  38/1784 (2.1%)  
[  8] 277.00-278.00 sec  2.33 MBytes  19.5 Mbits/sec  0.769 ms  42/1785 (2.4%)  
[  8] 278.00-279.00 sec  2.35 MBytes  19.7 Mbits/sec  0.552 ms  22/1784 (1.2%)  
[  8] 279.00-280.00 sec  2.36 MBytes  19.8 Mbits/sec  0.807 ms  22/1790 (1.2%)  
[  8] 280.00-281.00 sec  2.28 MBytes  19.2 Mbits/sec  0.840 ms  65/1776 (3.7%)  
[  8] 281.00-282.00 sec  2.32 MBytes  19.5 Mbits/sec  0.322 ms  55/1795 (3.1%)  
[  8] 282.00-283.00 sec  2.07 MBytes  17.4 Mbits/sec  1.084 ms  92/1646 (5.6%)  
[  8] 283.00-284.00 sec  2.18 MBytes  18.3 Mbits/sec  0.933 ms  148/1784 (8.3%)  
[  8] 284.00-285.00 sec  1.94 MBytes  16.3 Mbits/sec  0.780 ms  132/1588 (8.3%)  
[  8] 285.00-286.00 sec  1.79 MBytes  15.1 Mbits/sec  0.796 ms  243/1587 (15%)  
[  8] 286.00-287.00 sec  1.70 MBytes  14.2 Mbits/sec  1.039 ms  745/2016 (37%)  
[  8] 287.00-288.00 sec  1.91 MBytes  16.0 Mbits/sec  0.663 ms  598/2029 (29%)  
[  8] 288.00-289.00 sec  2.36 MBytes  19.8 Mbits/sec  0.622 ms  15/1780 (0.84%)  
[  8] 289.00-290.00 sec  2.20 MBytes  18.4 Mbits/sec  0.841 ms  30/1676 (1.8%)  
[  8] 290.00-291.00 sec  1.90 MBytes  15.9 Mbits/sec  0.761 ms  303/1726 (18%)  
[  8] 291.00-292.00 sec  1.94 MBytes  16.3 Mbits/sec  0.740 ms  414/1868 (22%)  
[  8] 292.00-293.00 sec  2.28 MBytes  19.2 Mbits/sec  0.372 ms  51/1761 (2.9%)  
[  8] 293.00-294.00 sec  2.53 MBytes  21.2 Mbits/sec  0.567 ms  75/1969 (3.8%)  
[  8] 294.00-295.00 sec  2.11 MBytes  17.6 Mbits/sec  0.547 ms  139/1720 (8.1%)  
[  8] 295.00-296.00 sec  2.08 MBytes  17.5 Mbits/sec  0.937 ms  169/1726 (9.8%)  
[  8] 296.00-297.00 sec  1.46 MBytes  12.2 Mbits/sec  1.480 ms  387/1479 (26%)  
[  8] 297.00-298.00 sec  1.88 MBytes  15.7 Mbits/sec  0.774 ms  623/2029 (31%)  
[  8] 298.00-299.00 sec  2.04 MBytes  17.1 Mbits/sec  0.355 ms  437/1964 (22%)  
[  8] 299.00-300.00 sec  2.25 MBytes  18.9 Mbits/sec  0.664 ms  104/1792 (5.8%)  
[  8] 300.00-301.00 sec  2.21 MBytes  18.5 Mbits/sec  0.613 ms  131/1787 (7.3%)  
[  8] 301.00-302.00 sec  2.24 MBytes  18.8 Mbits/sec  0.480 ms  104/1779 (5.8%)  
[  8] 302.00-303.00 sec  2.36 MBytes  19.7 Mbits/sec  0.851 ms  21/1788 (1.2%)  
[  8] 303.00-304.00 sec  2.27 MBytes  19.1 Mbits/sec  0.789 ms  84/1782 (4.7%)  
[  8] 304.00-305.00 sec  2.39 MBytes  20.1 Mbits/sec  0.453 ms  0/1792 (0%)  
[  8] 305.00-306.00 sec  2.35 MBytes  19.7 Mbits/sec  0.627 ms  22/1784 (1.2%)  
[  8] 306.00-307.00 sec  2.32 MBytes  19.5 Mbits/sec  0.695 ms  46/1785 (2.6%)  
[  8] 307.00-308.00 sec  2.16 MBytes  18.1 Mbits/sec  0.991 ms  135/1751 (7.7%)  
[  8] 308.00-309.00 sec  2.21 MBytes  18.5 Mbits/sec  0.636 ms  164/1818 (9%)  
[  8] 309.00-310.00 sec  2.23 MBytes  18.7 Mbits/sec  0.274 ms  117/1789 (6.5%)  
[  8] 310.00-311.00 sec  2.03 MBytes  17.1 Mbits/sec  0.762 ms  261/1785 (15%)  
[  8] 311.00-312.00 sec  2.24 MBytes  18.8 Mbits/sec  1.081 ms  102/1779 (5.7%)  
[  8] 312.00-313.00 sec  2.21 MBytes  18.5 Mbits/sec  0.659 ms  140/1792 (7.8%)  
[  8] 313.00-314.00 sec  2.28 MBytes  19.1 Mbits/sec  0.692 ms  76/1787 (4.3%)  
[  8] 314.00-315.00 sec  2.25 MBytes  18.9 Mbits/sec  0.961 ms  95/1781 (5.3%)  
[  8] 315.00-316.00 sec  2.22 MBytes  18.6 Mbits/sec  0.768 ms  118/1777 (6.6%)  
[  8] 316.00-317.00 sec  2.37 MBytes  19.9 Mbits/sec  0.709 ms  22/1795 (1.2%)  
[  8] 317.00-318.00 sec  2.15 MBytes  18.0 Mbits/sec  0.686 ms  178/1789 (9.9%)  
[  8] 318.00-319.00 sec  2.01 MBytes  16.9 Mbits/sec  0.948 ms  274/1780 (15%)  
[  8] 319.00-320.00 sec  2.30 MBytes  19.3 Mbits/sec  0.477 ms  70/1793 (3.9%)  
[  8] 320.00-321.00 sec  2.32 MBytes  19.5 Mbits/sec  0.533 ms  53/1791 (3%)  
[  8] 321.00-322.00 sec  2.35 MBytes  19.7 Mbits/sec  0.442 ms  23/1780 (1.3%)  
[  8] 322.00-323.00 sec  2.11 MBytes  17.7 Mbits/sec  0.491 ms  205/1789 (11%)  
[  8] 323.00-324.00 sec  1.93 MBytes  16.2 Mbits/sec  0.391 ms  341/1787 (19%)  
[  8] 324.00-325.00 sec  2.00 MBytes  16.7 Mbits/sec  1.368 ms  247/1742 (14%)  
[  8] 325.00-326.00 sec  1.60 MBytes  13.4 Mbits/sec  0.400 ms  625/1822 (34%)  
[  8] 326.00-327.00 sec  1.85 MBytes  15.6 Mbits/sec  0.994 ms  327/1716 (19%)  
[  8] 327.00-328.00 sec  1.96 MBytes  16.5 Mbits/sec  0.886 ms  372/1841 (20%)  
[  8] 328.00-329.00 sec  2.04 MBytes  17.1 Mbits/sec  0.574 ms  255/1783 (14%)  
[  8] 329.00-330.00 sec  2.01 MBytes  16.8 Mbits/sec  1.057 ms  264/1767 (15%)  
[  8] 330.00-331.00 sec  2.16 MBytes  18.1 Mbits/sec  0.573 ms  175/1790 (9.8%)  
[  8] 331.00-332.00 sec  2.32 MBytes  19.5 Mbits/sec  0.618 ms  62/1802 (3.4%)  
[  8] 332.00-333.00 sec  2.13 MBytes  17.9 Mbits/sec  1.663 ms  212/1809 (12%)  
[  8] 333.00-334.00 sec  2.06 MBytes  17.2 Mbits/sec  1.192 ms  227/1767 (13%)  
[  8] 334.00-335.00 sec  2.02 MBytes  17.0 Mbits/sec  0.558 ms  291/1807 (16%)  
[  8] 335.00-336.00 sec  2.08 MBytes  17.5 Mbits/sec  0.495 ms  208/1765 (12%)  
[  8] 336.00-337.00 sec  2.12 MBytes  17.8 Mbits/sec  0.589 ms  208/1799 (12%)  
[  8] 337.00-338.00 sec  2.34 MBytes  19.6 Mbits/sec  0.552 ms  20/1772 (1.1%)  
[  8] 338.00-339.00 sec  2.35 MBytes  19.7 Mbits/sec  0.565 ms  33/1795 (1.8%)  
[  8] 339.00-340.00 sec  2.20 MBytes  18.5 Mbits/sec  0.592 ms  146/1794 (8.1%)  
[  8] 340.00-340.01 sec  10.9 KBytes  7.09 Mbits/sec  0.821 ms  0/8 (0%)  
- - - - - - - - - - - - - - - - - - - - - - - - -
[ ID] Interval           Transfer     Bitrate         Jitter    Lost/Total Datagrams
[  8]   0.00-340.01 sec   755 MBytes  18.6 Mbits/sec  0.821 ms  41382/607135 (6.8%)  receiver
