-----------------------------------------------------------
Server listening on 5201 (test #1)
-----------------------------------------------------------
Accepted connection from 10.0.0.37, port 55244
[  8] local 10.0.0.101 port 5201 connected to 10.0.0.37 port 60123
[ ID] Interval           Transfer     Bitrate         Jitter    Lost/Total Datagrams
[  8]   0.00-1.00   sec   606 KBytes  4.96 Mbits/sec  1.227 ms  0/443 (0%)  
[  8]   1.00-2.00   sec   610 KBytes  5.00 Mbits/sec  1.992 ms  0/446 (0%)  
[  8]   2.00-3.00   sec   611 KBytes  5.01 Mbits/sec  2.155 ms  0/447 (0%)  
[  8]   3.00-4.00   sec   604 KBytes  4.95 Mbits/sec  1.625 ms  1/443 (0.23%)  
[  8]   4.00-5.00   sec   612 KBytes  5.02 Mbits/sec  1.435 ms  0/448 (0%)  
[  8]   5.00-6.00   sec   593 KBytes  4.86 Mbits/sec  2.161 ms  12/446 (2.7%)  
[  8]   6.00-7.00   sec   612 KBytes  5.02 Mbits/sec  1.825 ms  0/448 (0%)  
[  8]   7.00-8.00   sec   596 KBytes  4.88 Mbits/sec  2.148 ms  9/445 (2%)  
[  8]   8.00-9.00   sec   589 KBytes  4.83 Mbits/sec  1.368 ms  18/449 (4%)  
[  8]   9.00-10.00  sec   606 KBytes  4.96 Mbits/sec  1.458 ms  1/444 (0.23%)  
[  8]  10.00-11.00  sec   597 KBytes  4.89 Mbits/sec  2.214 ms  8/445 (1.8%)  
[  8]  11.00-12.00  sec   600 KBytes  4.92 Mbits/sec  1.108 ms  8/447 (1.8%)  
[  8]  12.00-13.00  sec   611 KBytes  5.01 Mbits/sec  1.234 ms  0/447 (0%)  
[  8]  13.00-14.00  sec   608 KBytes  4.98 Mbits/sec  0.855 ms  1/446 (0.22%)  
[  8]  14.00-15.00  sec   600 KBytes  4.92 Mbits/sec  1.571 ms  7/446 (1.6%)  
[  8]  15.00-16.00  sec   611 KBytes  5.01 Mbits/sec  1.784 ms  3/450 (0.67%)  
[  8]  16.00-17.00  sec   600 KBytes  4.92 Mbits/sec  1.943 ms  2/441 (0.45%)  
[  8]  17.00-18.00  sec   611 KBytes  5.01 Mbits/sec  2.008 ms  3/450 (0.67%)  
[  8]  18.00-19.00  sec   597 KBytes  4.89 Mbits/sec  1.686 ms  9/446 (2%)  
[  8]  19.00-20.00  sec   608 KBytes  4.98 Mbits/sec  2.344 ms  0/445 (0%)  
[  8]  20.00-21.00  sec   611 KBytes  5.01 Mbits/sec  1.432 ms  0/447 (0%)  
[  8]  21.00-22.00  sec   612 KBytes  5.02 Mbits/sec  1.966 ms  0/448 (0%)  
[  8]  22.00-23.00  sec   607 KBytes  4.97 Mbits/sec  1.921 ms  0/444 (0%)  
[  8]  23.00-24.00  sec   591 KBytes  4.84 Mbits/sec  1.764 ms  17/449 (3.8%)  
[  8]  24.00-25.00  sec   585 KBytes  4.79 Mbits/sec  1.762 ms  19/447 (4.3%)  
[  8]  25.00-26.00  sec   610 KBytes  5.00 Mbits/sec  1.354 ms  1/447 (0.22%)  
[  8]  26.00-27.00  sec   607 KBytes  4.97 Mbits/sec  1.585 ms  2/446 (0.45%)  
[  8]  27.00-28.00  sec   610 KBytes  5.00 Mbits/sec  1.556 ms  0/446 (0%)  
[  8]  28.00-29.00  sec   610 KBytes  5.00 Mbits/sec  1.861 ms  0/446 (0%)  
[  8]  29.00-30.00  sec   612 KBytes  5.02 Mbits/sec  0.974 ms  0/448 (0%)  
[  8]  30.00-31.01  sec   602 KBytes  4.90 Mbits/sec  2.137 ms  1/441 (0.23%)  
[  8]  31.01-32.00  sec   543 KBytes  4.47 Mbits/sec  1.682 ms  48/445 (11%)  
[  8]  32.00-33.00  sec   588 KBytes  4.82 Mbits/sec  1.484 ms  17/447 (3.8%)  
[  8]  33.00-34.00  sec   578 KBytes  4.74 Mbits/sec  1.808 ms  15/438 (3.4%)  
[  8]  34.00-35.00  sec   561 KBytes  4.59 Mbits/sec  1.913 ms  51/461 (11%)  
[  8]  35.00-36.00  sec   607 KBytes  4.97 Mbits/sec  1.765 ms  1/445 (0.22%)  
[  8]  36.00-37.00  sec   561 KBytes  4.59 Mbits/sec  2.011 ms  33/443 (7.4%)  
[  8]  37.00-38.00  sec   582 KBytes  4.77 Mbits/sec  2.676 ms  15/441 (3.4%)  
[  8]  38.00-39.00  sec   574 KBytes  4.69 Mbits/sec  1.934 ms  13/433 (3%)  
[  8]  39.00-40.00  sec   597 KBytes  4.91 Mbits/sec  1.619 ms  30/467 (6.4%)  
[  8]  40.00-41.00  sec   599 KBytes  4.91 Mbits/sec  1.990 ms  7/445 (1.6%)  
[  8]  41.00-42.00  sec   574 KBytes  4.69 Mbits/sec  2.172 ms  30/450 (6.7%)  
[  8]  42.00-43.00  sec   600 KBytes  4.94 Mbits/sec  1.649 ms  6/445 (1.3%)  
[  8]  43.00-44.00  sec   595 KBytes  4.87 Mbits/sec  2.528 ms  6/441 (1.4%)  
[  8]  44.00-45.00  sec   610 KBytes  5.00 Mbits/sec  1.588 ms  7/453 (1.5%)  
[  8]  45.00-46.00  sec   596 KBytes  4.88 Mbits/sec  2.578 ms  8/444 (1.8%)  
[  8]  46.00-47.00  sec   573 KBytes  4.69 Mbits/sec  2.099 ms  29/448 (6.5%)  
[  8]  47.00-48.00  sec   606 KBytes  4.96 Mbits/sec  1.838 ms  5/448 (1.1%)  
[  8]  48.00-49.00  sec   606 KBytes  4.96 Mbits/sec  1.021 ms  3/446 (0.67%)  
[  8]  49.00-50.00  sec   604 KBytes  4.95 Mbits/sec  1.360 ms  3/445 (0.67%)  
[  8]  50.00-51.00  sec   603 KBytes  4.94 Mbits/sec  1.796 ms  4/445 (0.9%)  
[  8]  51.00-52.00  sec   582 KBytes  4.77 Mbits/sec  1.625 ms  20/446 (4.5%)  
[  8]  52.00-53.00  sec   596 KBytes  4.88 Mbits/sec  1.554 ms  12/448 (2.7%)  
[  8]  53.00-54.00  sec   606 KBytes  4.96 Mbits/sec  1.911 ms  3/446 (0.67%)  
[  8]  54.00-55.00  sec   612 KBytes  5.02 Mbits/sec  1.963 ms  0/448 (0%)  
[  8]  55.00-56.00  sec   603 KBytes  4.94 Mbits/sec  2.887 ms  4/445 (0.9%)  
[  8]  56.00-57.00  sec   595 KBytes  4.87 Mbits/sec  1.992 ms  10/445 (2.2%)  
[  8]  57.00-58.00  sec   585 KBytes  4.79 Mbits/sec  1.963 ms  18/446 (4%)  
[  8]  58.00-59.00  sec   606 KBytes  4.96 Mbits/sec  1.673 ms  7/450 (1.6%)  
[  8]  59.00-60.00  sec   566 KBytes  4.64 Mbits/sec  1.756 ms  30/444 (6.8%)  
[  8]  60.00-61.00  sec   603 KBytes  4.94 Mbits/sec  1.522 ms  9/450 (2%)  
[  8]  61.00-62.00  sec   587 KBytes  4.80 Mbits/sec  2.039 ms  15/444 (3.4%)  
[  8]  62.00-63.00  sec   589 KBytes  4.83 Mbits/sec  2.044 ms  15/446 (3.4%)  
[  8]  63.00-64.00  sec   587 KBytes  4.80 Mbits/sec  1.940 ms  19/448 (4.2%)  
[  8]  64.00-65.00  sec   599 KBytes  4.91 Mbits/sec  2.355 ms  8/446 (1.8%)  
[  8]  65.00-66.00  sec   593 KBytes  4.86 Mbits/sec  2.244 ms  7/441 (1.6%)  
[  8]  66.00-67.00  sec   580 KBytes  4.75 Mbits/sec  3.002 ms  26/450 (5.8%)  
[  8]  67.00-68.00  sec   593 KBytes  4.86 Mbits/sec  1.985 ms  14/448 (3.1%)  
[  8]  68.00-69.00  sec   608 KBytes  4.98 Mbits/sec  1.782 ms  3/448 (0.67%)  
[  8]  69.00-70.00  sec   603 KBytes  4.94 Mbits/sec  1.658 ms  4/445 (0.9%)  
[  8]  70.00-71.00  sec   607 KBytes  4.97 Mbits/sec  1.263 ms  2/446 (0.45%)  
[  8]  71.00-72.00  sec   571 KBytes  4.68 Mbits/sec  1.848 ms  29/447 (6.5%)  
[  8]  72.00-73.00  sec   574 KBytes  4.70 Mbits/sec  1.679 ms  28/448 (6.2%)  
[  8]  73.00-74.00  sec   604 KBytes  4.95 Mbits/sec  1.089 ms  5/447 (1.1%)  
[  8]  74.00-75.00  sec   606 KBytes  4.96 Mbits/sec  1.780 ms  2/445 (0.45%)  
[  8]  75.00-76.00  sec   574 KBytes  4.70 Mbits/sec  2.649 ms  22/442 (5%)  
[  8]  76.00-77.00  sec   591 KBytes  4.84 Mbits/sec  1.861 ms  18/450 (4%)  
[  8]  77.00-78.00  sec   600 KBytes  4.92 Mbits/sec  1.628 ms  8/447 (1.8%)  
[  8]  78.00-79.00  sec   602 KBytes  4.93 Mbits/sec  1.629 ms  6/446 (1.3%)  
[  8]  79.00-80.00  sec   604 KBytes  4.95 Mbits/sec  1.445 ms  5/447 (1.1%)  
[  8]  80.00-81.00  sec   602 KBytes  4.93 Mbits/sec  1.803 ms  4/444 (0.9%)  
[  8]  81.00-82.00  sec   608 KBytes  4.98 Mbits/sec  1.361 ms  2/447 (0.45%)  
[  8]  82.00-83.00  sec   591 KBytes  4.84 Mbits/sec  2.442 ms  14/446 (3.1%)  
[  8]  83.00-84.00  sec   603 KBytes  4.94 Mbits/sec  1.848 ms  8/449 (1.8%)  
[  8]  84.00-85.00  sec   584 KBytes  4.78 Mbits/sec  2.636 ms  18/445 (4%)  
[  8]  85.00-86.00  sec   612 KBytes  5.01 Mbits/sec  1.801 ms  0/448 (0%)  
[  8]  86.00-87.00  sec   584 KBytes  4.79 Mbits/sec  2.022 ms  18/445 (4%)  
[  8]  87.00-88.00  sec   585 KBytes  4.80 Mbits/sec  1.824 ms  20/448 (4.5%)  
[  8]  88.00-89.00  sec   595 KBytes  4.87 Mbits/sec  1.717 ms  8/443 (1.8%)  
[  8]  89.00-90.00  sec   599 KBytes  4.91 Mbits/sec  1.897 ms  5/443 (1.1%)  
[  8]  90.00-91.00  sec   582 KBytes  4.77 Mbits/sec  1.659 ms  25/451 (5.5%)  
[  8]  91.00-92.00  sec   602 KBytes  4.93 Mbits/sec  2.100 ms  8/448 (1.8%)  
[  8]  92.00-93.00  sec   592 KBytes  4.85 Mbits/sec  1.489 ms  13/446 (2.9%)  
[  8]  93.00-94.00  sec   595 KBytes  4.87 Mbits/sec  2.412 ms  9/444 (2%)  
[  8]  94.00-95.00  sec   603 KBytes  4.94 Mbits/sec  1.308 ms  7/448 (1.6%)  
[  8]  95.00-96.00  sec   592 KBytes  4.85 Mbits/sec  1.365 ms  15/448 (3.3%)  
[  8]  96.00-97.00  sec   596 KBytes  4.88 Mbits/sec  1.441 ms  11/447 (2.5%)  
[  8]  97.00-98.00  sec   600 KBytes  4.92 Mbits/sec  1.709 ms  7/446 (1.6%)  
[  8]  98.00-99.00  sec   563 KBytes  4.60 Mbits/sec  1.770 ms  34/446 (7.6%)  
[  8]  99.00-100.00 sec   602 KBytes  4.94 Mbits/sec  2.253 ms  2/442 (0.45%)  
[  8] 100.00-101.00 sec   591 KBytes  4.84 Mbits/sec  2.479 ms  16/448 (3.6%)  
[  8] 101.00-102.00 sec   581 KBytes  4.76 Mbits/sec  1.981 ms  20/445 (4.5%)  
[  8] 102.00-103.00 sec   603 KBytes  4.94 Mbits/sec  1.583 ms  9/450 (2%)  
[  8] 103.00-104.00 sec   593 KBytes  4.86 Mbits/sec  2.081 ms  13/447 (2.9%)  
[  8] 104.00-105.00 sec   604 KBytes  4.95 Mbits/sec  2.010 ms  4/446 (0.9%)  
[  8] 105.00-106.00 sec   607 KBytes  4.97 Mbits/sec  1.992 ms  1/445 (0.22%)  
[  8] 106.00-107.00 sec   600 KBytes  4.91 Mbits/sec  2.670 ms  8/447 (1.8%)  
[  8] 107.00-108.00 sec   593 KBytes  4.87 Mbits/sec  2.094 ms  13/447 (2.9%)  
[  8] 108.00-109.00 sec   593 KBytes  4.86 Mbits/sec  1.265 ms  13/447 (2.9%)  
[  8] 109.00-110.00 sec   592 KBytes  4.85 Mbits/sec  1.050 ms  9/442 (2%)  
[  8] 110.00-111.00 sec   607 KBytes  4.97 Mbits/sec  2.014 ms  8/452 (1.8%)  
[  8] 111.00-112.00 sec   599 KBytes  4.90 Mbits/sec  1.369 ms  8/446 (1.8%)  
[  8] 112.00-113.00 sec   596 KBytes  4.89 Mbits/sec  1.294 ms  5/441 (1.1%)  
[  8] 113.00-114.00 sec   610 KBytes  4.99 Mbits/sec  1.963 ms  6/452 (1.3%)  
[  8] 114.00-115.00 sec   596 KBytes  4.88 Mbits/sec  1.700 ms  11/447 (2.5%)  
[  8] 115.00-116.00 sec   602 KBytes  4.93 Mbits/sec  1.503 ms  6/446 (1.3%)  
[  8] 116.00-117.00 sec   592 KBytes  4.85 Mbits/sec  1.407 ms  13/446 (2.9%)  
[  8] 117.00-118.00 sec   597 KBytes  4.89 Mbits/sec  2.021 ms  9/446 (2%)  
[  8] 118.00-119.00 sec   593 KBytes  4.86 Mbits/sec  2.131 ms  6/440 (1.4%)  
[  8] 119.00-120.00 sec   619 KBytes  5.07 Mbits/sec  1.633 ms  0/453 (0%)  
[  8] 120.00-121.00 sec   578 KBytes  4.74 Mbits/sec  1.386 ms  22/445 (4.9%)  
[  8] 121.00-122.00 sec   556 KBytes  4.56 Mbits/sec  1.555 ms  40/447 (8.9%)  
[  8] 122.00-123.00 sec   608 KBytes  4.98 Mbits/sec  1.925 ms  1/446 (0.22%)  
[  8] 123.00-124.00 sec   611 KBytes  5.01 Mbits/sec  1.720 ms  1/448 (0.22%)  
[  8] 124.00-125.00 sec   597 KBytes  4.89 Mbits/sec  1.906 ms  7/444 (1.6%)  
[  8] 125.00-126.00 sec   592 KBytes  4.85 Mbits/sec  1.634 ms  12/445 (2.7%)  
[  8] 126.00-127.00 sec   611 KBytes  5.01 Mbits/sec  1.913 ms  0/447 (0%)  
[  8] 127.00-128.00 sec   603 KBytes  4.94 Mbits/sec  1.205 ms  8/449 (1.8%)  
[  8] 128.00-129.00 sec   602 KBytes  4.93 Mbits/sec  1.909 ms  6/446 (1.3%)  
[  8] 129.00-130.00 sec   608 KBytes  4.98 Mbits/sec  1.240 ms  2/447 (0.45%)  
[  8] 130.00-131.00 sec   569 KBytes  4.66 Mbits/sec  1.346 ms  25/441 (5.7%)  
[  8] 131.00-132.00 sec   587 KBytes  4.80 Mbits/sec  2.290 ms  23/452 (5.1%)  
[  8] 132.00-133.00 sec   603 KBytes  4.93 Mbits/sec  1.813 ms  6/447 (1.3%)  
[  8] 133.00-134.00 sec   593 KBytes  4.87 Mbits/sec  1.709 ms  12/446 (2.7%)  
[  8] 134.00-135.00 sec   608 KBytes  4.98 Mbits/sec  1.714 ms  2/447 (0.45%)  
[  8] 135.00-136.00 sec   584 KBytes  4.78 Mbits/sec  2.052 ms  16/443 (3.6%)  
[  8] 136.00-137.00 sec   526 KBytes  4.31 Mbits/sec  2.700 ms  63/448 (14%)  
[  8] 137.00-138.00 sec   592 KBytes  4.85 Mbits/sec  1.934 ms  15/448 (3.3%)  
[  8] 138.00-139.00 sec   596 KBytes  4.88 Mbits/sec  1.488 ms  12/448 (2.7%)  
[  8] 139.00-140.00 sec   588 KBytes  4.82 Mbits/sec  2.444 ms  11/441 (2.5%)  
[  8] 140.00-141.00 sec   576 KBytes  4.72 Mbits/sec  2.293 ms  26/447 (5.8%)  
[  8] 141.00-142.00 sec   570 KBytes  4.67 Mbits/sec  2.030 ms  31/448 (6.9%)  
[  8] 142.00-143.00 sec   584 KBytes  4.78 Mbits/sec  1.928 ms  20/447 (4.5%)  
[  8] 143.00-144.00 sec   595 KBytes  4.87 Mbits/sec  2.559 ms  9/444 (2%)  
[  8] 144.00-145.00 sec   607 KBytes  4.97 Mbits/sec  1.748 ms  5/449 (1.1%)  
[  8] 145.00-146.00 sec   592 KBytes  4.85 Mbits/sec  1.822 ms  12/445 (2.7%)  
[  8] 146.00-147.00 sec   611 KBytes  5.01 Mbits/sec  1.567 ms  3/450 (0.67%)  
[  8] 147.00-148.00 sec   610 KBytes  4.99 Mbits/sec  1.536 ms  0/446 (0%)  
[  8] 148.00-149.00 sec   587 KBytes  4.81 Mbits/sec  1.852 ms  17/446 (3.8%)  
[  8] 149.00-150.00 sec   604 KBytes  4.95 Mbits/sec  2.072 ms  1/443 (0.23%)  
[  8] 150.00-151.00 sec   599 KBytes  4.91 Mbits/sec  2.395 ms  9/447 (2%)  
[  8] 151.00-152.00 sec   592 KBytes  4.85 Mbits/sec  1.940 ms  13/446 (2.9%)  
[  8] 152.00-153.00 sec   556 KBytes  4.56 Mbits/sec  2.284 ms  40/447 (8.9%)  
[  8] 153.00-154.00 sec   595 KBytes  4.87 Mbits/sec  1.350 ms  10/445 (2.2%)  
[  8] 154.00-155.00 sec   576 KBytes  4.72 Mbits/sec  1.629 ms  28/449 (6.2%)  
[  8] 155.00-156.00 sec   580 KBytes  4.75 Mbits/sec  2.277 ms  9/433 (2.1%)  
[  8] 156.00-157.00 sec   577 KBytes  4.73 Mbits/sec  2.162 ms  32/454 (7%)  
[  8] 157.00-158.00 sec   581 KBytes  4.76 Mbits/sec  2.322 ms  4/429 (0.93%)  
[  8] 158.00-159.00 sec   573 KBytes  4.69 Mbits/sec  1.599 ms  39/458 (8.5%)  
[  8] 159.00-160.00 sec   569 KBytes  4.66 Mbits/sec  3.329 ms  34/450 (7.6%)  
[  8] 160.00-161.00 sec   596 KBytes  4.88 Mbits/sec  2.158 ms  18/454 (4%)  
[  8] 161.00-162.00 sec   562 KBytes  4.60 Mbits/sec  2.368 ms  37/448 (8.3%)  
[  8] 162.00-163.00 sec   593 KBytes  4.86 Mbits/sec  2.420 ms  9/443 (2%)  
[  8] 163.00-164.00 sec   608 KBytes  4.98 Mbits/sec  2.353 ms  6/451 (1.3%)  
[  8] 164.00-165.00 sec   606 KBytes  4.96 Mbits/sec  1.972 ms  3/446 (0.67%)  
[  8] 165.00-166.00 sec   604 KBytes  4.95 Mbits/sec  1.875 ms  3/445 (0.67%)  
[  8] 166.00-167.00 sec   582 KBytes  4.77 Mbits/sec  1.895 ms  21/447 (4.7%)  
[  8] 167.00-168.00 sec   604 KBytes  4.95 Mbits/sec  1.612 ms  5/447 (1.1%)  
[  8] 168.00-169.00 sec   603 KBytes  4.94 Mbits/sec  1.662 ms  5/446 (1.1%)  
[  8] 169.00-170.00 sec   602 KBytes  4.93 Mbits/sec  2.360 ms  7/447 (1.6%)  
[  8] 170.00-171.00 sec   593 KBytes  4.86 Mbits/sec  1.582 ms  10/444 (2.3%)  
[  8] 171.00-172.00 sec   565 KBytes  4.63 Mbits/sec  1.450 ms  35/448 (7.8%)  
[  8] 172.00-173.00 sec   593 KBytes  4.86 Mbits/sec  1.985 ms  11/445 (2.5%)  
[  8] 173.00-174.00 sec   607 KBytes  4.97 Mbits/sec  2.378 ms  3/447 (0.67%)  
[  8] 174.00-175.00 sec   596 KBytes  4.88 Mbits/sec  1.718 ms  12/448 (2.7%)  
[  8] 175.00-176.00 sec   604 KBytes  4.95 Mbits/sec  1.867 ms  0/442 (0%)  
[  8] 176.00-177.00 sec   599 KBytes  4.91 Mbits/sec  1.314 ms  11/449 (2.4%)  
[  8] 177.00-178.00 sec   599 KBytes  4.91 Mbits/sec  1.237 ms  9/447 (2%)  
[  8] 178.00-179.00 sec   597 KBytes  4.89 Mbits/sec  2.224 ms  10/447 (2.2%)  
[  8] 179.00-180.00 sec   581 KBytes  4.76 Mbits/sec  2.300 ms  21/446 (4.7%)  
[  8] 180.00-181.00 sec   591 KBytes  4.84 Mbits/sec  2.508 ms  13/445 (2.9%)  
[  8] 181.00-182.00 sec   547 KBytes  4.48 Mbits/sec  2.339 ms  46/446 (10%)  
[  8] 182.00-183.00 sec   603 KBytes  4.93 Mbits/sec  1.167 ms  7/448 (1.6%)  
[  8] 183.00-184.00 sec   611 KBytes  5.01 Mbits/sec  1.273 ms  0/447 (0%)  
[  8] 184.00-185.00 sec   610 KBytes  5.00 Mbits/sec  1.189 ms  1/447 (0.22%)  
[  8] 185.00-186.00 sec   608 KBytes  4.98 Mbits/sec  1.628 ms  1/446 (0.22%)  
[  8] 186.00-187.00 sec   585 KBytes  4.79 Mbits/sec  1.493 ms  13/441 (2.9%)  
[  8] 187.00-188.01 sec   603 KBytes  4.91 Mbits/sec  1.756 ms  12/453 (2.6%)  
[  8] 188.01-189.00 sec   589 KBytes  4.86 Mbits/sec  2.840 ms  7/438 (1.6%)  
[  8] 189.00-190.00 sec   603 KBytes  4.94 Mbits/sec  2.186 ms  13/454 (2.9%)  
[  8] 190.00-191.00 sec   596 KBytes  4.88 Mbits/sec  2.067 ms  12/448 (2.7%)  
[  8] 191.00-192.00 sec   581 KBytes  4.76 Mbits/sec  2.260 ms  20/445 (4.5%)  
[  8] 192.00-193.00 sec   588 KBytes  4.82 Mbits/sec  1.377 ms  15/445 (3.4%)  
[  8] 193.00-194.00 sec   593 KBytes  4.86 Mbits/sec  1.359 ms  14/448 (3.1%)  
[  8] 194.00-195.00 sec   592 KBytes  4.85 Mbits/sec  2.710 ms  9/442 (2%)  
[  8] 195.00-196.00 sec   604 KBytes  4.95 Mbits/sec  2.380 ms  8/450 (1.8%)  
[  8] 196.00-197.00 sec   566 KBytes  4.64 Mbits/sec  2.115 ms  32/446 (7.2%)  
[  8] 197.00-198.00 sec   592 KBytes  4.85 Mbits/sec  1.754 ms  10/443 (2.3%)  
[  8] 198.00-199.00 sec   599 KBytes  4.91 Mbits/sec  2.281 ms  10/448 (2.2%)  
[  8] 199.00-200.00 sec   603 KBytes  4.94 Mbits/sec  1.169 ms  8/449 (1.8%)  
[  8] 200.00-201.00 sec   602 KBytes  4.93 Mbits/sec  2.390 ms  4/444 (0.9%)  
[  8] 201.00-202.00 sec   576 KBytes  4.70 Mbits/sec  2.635 ms  27/448 (6%)  
[  8] 202.00-203.00 sec   588 KBytes  4.83 Mbits/sec  2.149 ms  16/446 (3.6%)  
[  8] 203.00-204.00 sec   595 KBytes  4.87 Mbits/sec  1.268 ms  14/449 (3.1%)  
[  8] 204.00-205.00 sec   600 KBytes  4.92 Mbits/sec  2.219 ms  5/444 (1.1%)  
[  8] 205.00-206.00 sec   593 KBytes  4.86 Mbits/sec  2.042 ms  12/446 (2.7%)  
[  8] 206.00-207.00 sec   581 KBytes  4.76 Mbits/sec  1.623 ms  19/444 (4.3%)  
[  8] 207.00-208.00 sec   606 KBytes  4.96 Mbits/sec  1.375 ms  8/451 (1.8%)  
[  8] 208.00-209.00 sec   585 KBytes  4.79 Mbits/sec  1.711 ms  17/445 (3.8%)  
[  8] 209.00-210.00 sec   610 KBytes  5.00 Mbits/sec  1.712 ms  2/448 (0.45%)  
[  8] 210.00-211.00 sec   602 KBytes  4.93 Mbits/sec  1.878 ms  7/447 (1.6%)  
[  8] 211.00-212.00 sec   608 KBytes  4.98 Mbits/sec  1.612 ms  0/445 (0%)  
[  8] 212.00-213.00 sec   607 KBytes  4.97 Mbits/sec  2.008 ms  1/445 (0.22%)  
[  8] 213.00-214.00 sec   607 KBytes  4.97 Mbits/sec  1.559 ms  5/449 (1.1%)  
[  8] 214.00-215.00 sec   592 KBytes  4.85 Mbits/sec  2.206 ms  11/444 (2.5%)  
[  8] 215.00-216.00 sec   589 KBytes  4.83 Mbits/sec  1.646 ms  17/448 (3.8%)  
[  8] 216.00-217.00 sec   593 KBytes  4.86 Mbits/sec  1.812 ms  11/445 (2.5%)  
[  8] 217.00-218.00 sec   608 KBytes  4.98 Mbits/sec  1.371 ms  0/445 (0%)  
[  8] 218.00-219.00 sec   611 KBytes  5.01 Mbits/sec  1.407 ms  4/451 (0.89%)  
[  8] 219.00-220.00 sec   591 KBytes  4.84 Mbits/sec  2.005 ms  13/445 (2.9%)  
[  8] 220.00-221.00 sec   608 KBytes  4.98 Mbits/sec  1.696 ms  2/447 (0.45%)  
[  8] 221.00-222.00 sec   588 KBytes  4.82 Mbits/sec  2.053 ms  16/446 (3.6%)  
[  8] 222.00-223.00 sec   607 KBytes  4.97 Mbits/sec  0.921 ms  3/447 (0.67%)  
[  8] 223.00-224.00 sec   611 KBytes  5.01 Mbits/sec  1.539 ms  0/447 (0%)  
[  8] 224.00-225.00 sec   608 KBytes  4.98 Mbits/sec  0.947 ms  0/445 (0%)  
[  8] 225.00-226.00 sec   611 KBytes  5.01 Mbits/sec  1.929 ms  0/447 (0%)  
[  8] 226.00-227.00 sec   606 KBytes  4.96 Mbits/sec  1.795 ms  2/445 (0.45%)  
[  8] 227.00-228.00 sec   610 KBytes  5.00 Mbits/sec  2.034 ms  2/448 (0.45%)  
[  8] 228.00-229.00 sec   576 KBytes  4.71 Mbits/sec  1.684 ms  25/446 (5.6%)  
[  8] 229.00-230.00 sec   608 KBytes  4.98 Mbits/sec  1.635 ms  1/446 (0.22%)  
[  8] 230.00-231.00 sec   611 KBytes  5.01 Mbits/sec  1.224 ms  0/447 (0%)  
[  8] 231.00-232.00 sec   608 KBytes  4.98 Mbits/sec  2.289 ms  1/446 (0.22%)  
[  8] 232.00-233.00 sec   599 KBytes  4.89 Mbits/sec  1.672 ms  8/446 (1.8%)  
[  8] 233.00-234.00 sec   606 KBytes  4.98 Mbits/sec  1.517 ms  4/447 (0.89%)  
[  8] 234.00-235.00 sec   611 KBytes  5.01 Mbits/sec  1.193 ms  0/447 (0%)  
[  8] 235.00-236.00 sec   610 KBytes  4.99 Mbits/sec  1.399 ms  1/447 (0.22%)  
[  8] 236.00-237.00 sec   603 KBytes  4.94 Mbits/sec  1.241 ms  2/443 (0.45%)  
[  8] 237.00-238.00 sec   611 KBytes  5.01 Mbits/sec  1.873 ms  3/450 (0.67%)  
[  8] 238.00-239.00 sec   604 KBytes  4.95 Mbits/sec  2.157 ms  3/445 (0.67%)  
[  8] 239.00-240.00 sec   612 KBytes  5.02 Mbits/sec  0.752 ms  1/449 (0.22%)  
[  8] 240.00-240.01 sec  2.73 KBytes  3.68 Mbits/sec  0.668 ms  0/2 (0%)  
- - - - - - - - - - - - - - - - - - - - - - - - -
[ ID] Interval           Transfer     Bitrate         Jitter    Lost/Total Datagrams
[  8]   0.00-240.01 sec   140 MBytes  4.88 Mbits/sec  0.668 ms  2588/107143 (2.4%)  receiver
