-----------------------------------------------------------
Server listening on 5201 (test #1)
-----------------------------------------------------------
Accepted connection from 10.0.0.9, port 47382
[  8] local 10.0.0.73 port 5201 connected to 10.0.0.9 port 48187
[ ID] Interval           Transfer     Bitrate         Jitter    Lost/Total Datagrams
[  8]   0.00-1.00   sec   418 KBytes  3.43 Mbits/sec  2.694 ms  117/423 (28%)  
[  8]   1.00-2.00   sec   544 KBytes  4.46 Mbits/sec  3.172 ms  64/462 (14%)  
[  8]   2.00-3.00   sec   547 KBytes  4.48 Mbits/sec  4.087 ms  40/440 (9.1%)  
[  8]   3.00-4.00   sec   529 KBytes  4.34 Mbits/sec  2.324 ms  4/391 (1%)  
[  8]   4.00-5.00   sec   600 KBytes  4.92 Mbits/sec  1.799 ms  45/484 (9.3%)  
[  8]   5.00-6.00   sec   554 KBytes  4.54 Mbits/sec  1.322 ms  70/475 (15%)  
[  8]   6.00-7.00   sec   539 KBytes  4.41 Mbits/sec  3.622 ms  48/442 (11%)  
[  8]   7.00-8.00   sec   391 KBytes  3.20 Mbits/sec  3.555 ms  61/347 (18%)  
[  8]   8.00-9.00   sec   562 KBytes  4.60 Mbits/sec  1.247 ms  130/541 (24%)  
[  8]   9.00-10.00  sec   489 KBytes  4.01 Mbits/sec  3.041 ms  19/377 (5%)  
[  8]  10.00-11.00  sec   539 KBytes  4.41 Mbits/sec  1.987 ms  105/499 (21%)  
[  8]  11.00-12.00  sec   395 KBytes  3.24 Mbits/sec  2.513 ms  166/455 (36%)  
[  8]  12.00-13.00  sec   521 KBytes  4.27 Mbits/sec  1.068 ms  79/460 (17%)  
[  8]  13.00-14.00  sec   556 KBytes  4.56 Mbits/sec  2.972 ms  36/443 (8.1%)  
[  8]  14.00-15.00  sec   427 KBytes  3.49 Mbits/sec  3.377 ms  136/448 (30%)  
[  8]  15.00-16.00  sec   554 KBytes  4.52 Mbits/sec  2.682 ms  45/450 (10%)  
[  8]  16.00-17.00  sec   528 KBytes  4.34 Mbits/sec  0.444 ms  61/447 (14%)  
[  8]  17.00-18.00  sec   372 KBytes  3.05 Mbits/sec  1.736 ms  75/347 (22%)  
[  8]  18.00-19.00  sec   502 KBytes  4.11 Mbits/sec  2.295 ms  81/448 (18%)  
[  8]  19.00-20.00  sec   529 KBytes  4.33 Mbits/sec  2.198 ms  156/543 (29%)  
[  8]  20.00-21.00  sec   477 KBytes  3.91 Mbits/sec  2.411 ms  28/377 (7.4%)  
[  8]  21.00-22.00  sec   468 KBytes  3.83 Mbits/sec  2.320 ms  101/443 (23%)  
[  8]  22.00-23.00  sec   317 KBytes  2.60 Mbits/sec  5.523 ms  184/416 (44%)  
[  8]  23.00-24.00  sec   338 KBytes  2.77 Mbits/sec  4.824 ms  47/294 (16%)  
[  8]  24.00-25.00  sec   406 KBytes  3.33 Mbits/sec  2.201 ms  383/680 (56%)  
[  8]  25.00-26.00  sec   451 KBytes  3.70 Mbits/sec  3.622 ms  34/364 (9.3%)  
[  8]  26.00-27.00  sec   494 KBytes  4.04 Mbits/sec  3.409 ms  26/387 (6.7%)  
[  8]  27.00-28.00  sec   468 KBytes  3.83 Mbits/sec  3.306 ms  245/587 (42%)  
[  8]  28.00-29.00  sec   438 KBytes  3.58 Mbits/sec  2.974 ms  56/376 (15%)  
[  8]  29.00-30.00  sec   621 KBytes  5.08 Mbits/sec  1.854 ms  87/541 (16%)  
[  8]  30.00-31.00  sec   608 KBytes  4.99 Mbits/sec  1.164 ms  3/448 (0.67%)  
[  8]  31.00-32.00  sec   588 KBytes  4.80 Mbits/sec  1.804 ms  16/446 (3.6%)  
[  8]  32.00-33.00  sec   551 KBytes  4.53 Mbits/sec  2.086 ms  40/443 (9%)  
[  8]  33.00-34.00  sec   555 KBytes  4.55 Mbits/sec  1.294 ms  34/440 (7.7%)  
[  8]  34.00-35.00  sec   591 KBytes  4.84 Mbits/sec  0.992 ms  22/454 (4.8%)  
[  8]  35.00-36.00  sec   566 KBytes  4.62 Mbits/sec  2.475 ms  33/447 (7.4%)  
[  8]  36.00-37.00  sec   570 KBytes  4.68 Mbits/sec  1.526 ms  31/448 (6.9%)  
[  8]  37.00-38.00  sec   504 KBytes  4.13 Mbits/sec  1.893 ms  73/442 (17%)  
[  8]  38.00-39.00  sec   597 KBytes  4.89 Mbits/sec  0.945 ms  16/453 (3.5%)  
[  8]  39.00-40.00  sec   591 KBytes  4.84 Mbits/sec  1.932 ms  13/445 (2.9%)  
[  8]  40.00-41.00  sec   580 KBytes  4.75 Mbits/sec  1.754 ms  23/447 (5.1%)  
[  8]  41.00-42.00  sec   548 KBytes  4.49 Mbits/sec  2.304 ms  41/442 (9.3%)  
[  8]  42.00-43.00  sec   604 KBytes  4.95 Mbits/sec  1.951 ms  8/450 (1.8%)  
[  8]  43.00-44.00  sec   589 KBytes  4.83 Mbits/sec  2.371 ms  15/446 (3.4%)  
[  8]  44.00-45.00  sec   588 KBytes  4.81 Mbits/sec  3.037 ms  14/444 (3.2%)  
[  8]  45.00-46.00  sec   487 KBytes  3.99 Mbits/sec  3.054 ms  59/415 (14%)  
[  8]  46.00-47.00  sec   299 KBytes  2.45 Mbits/sec  5.467 ms  35/254 (14%)  
[  8]  47.00-48.00  sec   379 KBytes  3.10 Mbits/sec  1.458 ms  356/633 (56%)  
[  8]  48.00-49.00  sec   520 KBytes  4.26 Mbits/sec  4.235 ms  17/397 (4.3%)  
[  8]  49.00-50.00  sec   591 KBytes  4.84 Mbits/sec  1.978 ms  101/533 (19%)  
[  8]  50.00-51.00  sec   551 KBytes  4.51 Mbits/sec  2.764 ms  40/443 (9%)  
[  8]  51.00-52.00  sec   551 KBytes  4.51 Mbits/sec  3.778 ms  48/451 (11%)  
[  8]  52.00-53.00  sec   509 KBytes  4.17 Mbits/sec  2.410 ms  71/443 (16%)  
[  8]  53.00-54.00  sec   537 KBytes  4.40 Mbits/sec  3.015 ms  53/446 (12%)  
[  8]  54.00-55.00  sec   499 KBytes  4.09 Mbits/sec  2.830 ms  48/413 (12%)  
[  8]  55.00-56.00  sec   495 KBytes  4.05 Mbits/sec  2.088 ms  48/410 (12%)  
[  8]  56.00-57.00  sec   539 KBytes  4.41 Mbits/sec  2.365 ms  33/427 (7.7%)  
[  8]  57.00-58.00  sec   571 KBytes  4.68 Mbits/sec  2.543 ms  112/530 (21%)  
[  8]  58.00-59.00  sec   354 KBytes  2.90 Mbits/sec  3.921 ms  99/358 (28%)  
[  8]  59.00-60.00  sec   412 KBytes  3.37 Mbits/sec  4.331 ms  92/393 (23%)  
[  8]  60.00-61.00  sec   547 KBytes  4.48 Mbits/sec  3.220 ms  55/455 (12%)  
[  8]  61.00-62.00  sec   518 KBytes  4.24 Mbits/sec  2.776 ms  97/476 (20%)  
[  8]  62.00-63.00  sec   551 KBytes  4.52 Mbits/sec  2.878 ms  55/458 (12%)  
[  8]  63.00-64.00  sec   584 KBytes  4.79 Mbits/sec  3.290 ms  107/534 (20%)  
[  8]  64.00-65.00  sec   504 KBytes  4.13 Mbits/sec  3.004 ms  69/438 (16%)  
[  8]  65.00-66.00  sec   529 KBytes  4.33 Mbits/sec  2.651 ms  73/460 (16%)  
[  8]  66.00-67.00  sec   392 KBytes  3.22 Mbits/sec  2.812 ms  130/417 (31%)  
[  8]  67.00-68.00  sec   474 KBytes  3.89 Mbits/sec  3.052 ms  22/369 (6%)  
[  8]  68.00-69.01  sec   489 KBytes  3.99 Mbits/sec  2.741 ms  75/433 (17%)  
[  8]  69.01-70.00  sec   514 KBytes  4.23 Mbits/sec  2.904 ms  94/470 (20%)  
[  8]  70.00-71.00  sec   630 KBytes  5.16 Mbits/sec  1.996 ms  92/553 (17%)  
[  8]  71.00-72.00  sec   551 KBytes  4.51 Mbits/sec  2.126 ms  44/447 (9.8%)  
[  8]  72.00-73.00  sec   470 KBytes  3.84 Mbits/sec  3.006 ms  66/410 (16%)  
[  8]  73.00-74.00  sec   485 KBytes  3.98 Mbits/sec  1.320 ms  42/397 (11%)  
[  8]  74.00-75.00  sec   546 KBytes  4.47 Mbits/sec  2.497 ms  131/530 (25%)  
[  8]  75.00-76.00  sec   402 KBytes  3.30 Mbits/sec  4.260 ms  43/337 (13%)  
[  8]  76.00-77.00  sec   541 KBytes  4.44 Mbits/sec  2.469 ms  143/539 (27%)  
[  8]  77.00-78.00  sec   379 KBytes  3.10 Mbits/sec  3.494 ms  75/352 (21%)  
[  8]  78.00-79.00  sec   440 KBytes  3.61 Mbits/sec  2.176 ms  96/418 (23%)  
[  8]  79.00-80.00  sec   439 KBytes  3.60 Mbits/sec  3.350 ms  156/477 (33%)  
[  8]  80.00-81.00  sec   487 KBytes  3.99 Mbits/sec  3.346 ms  198/554 (36%)  
[  8]  81.00-82.01  sec   489 KBytes  3.98 Mbits/sec  2.142 ms  83/441 (19%)  
[  8]  82.01-83.00  sec   420 KBytes  3.46 Mbits/sec  2.866 ms  29/336 (8.6%)  
[  8]  83.00-84.00  sec   413 KBytes  3.38 Mbits/sec  3.768 ms  117/419 (28%)  
[  8]  84.00-85.00  sec   682 KBytes  5.59 Mbits/sec  1.496 ms  95/594 (16%)  
[  8]  85.00-86.00  sec   455 KBytes  3.73 Mbits/sec  3.194 ms  21/354 (5.9%)  
[  8]  86.00-87.00  sec   664 KBytes  5.44 Mbits/sec  2.460 ms  34/520 (6.5%)  
[  8]  87.00-88.00  sec   459 KBytes  3.76 Mbits/sec  2.148 ms  38/374 (10%)  
[  8]  88.00-89.00  sec   625 KBytes  5.12 Mbits/sec  2.115 ms  79/536 (15%)  
[  8]  89.00-90.00  sec   402 KBytes  3.29 Mbits/sec  4.513 ms  75/369 (20%)  
[  8]  90.00-91.00  sec   340 KBytes  2.79 Mbits/sec  1.822 ms  175/424 (41%)  
[  8]  91.00-92.00  sec   569 KBytes  4.66 Mbits/sec  1.268 ms  117/533 (22%)  
[  8]  92.00-93.00  sec   439 KBytes  3.60 Mbits/sec  2.504 ms  70/391 (18%)  
[  8]  93.00-94.00  sec   443 KBytes  3.63 Mbits/sec  2.000 ms  13/337 (3.9%)  
[  8]  94.00-95.00  sec   606 KBytes  4.96 Mbits/sec  3.118 ms  26/469 (5.5%)  
[  8]  95.00-96.00  sec   459 KBytes  3.76 Mbits/sec  4.071 ms  64/400 (16%)  
[  8]  96.00-97.00  sec   655 KBytes  5.36 Mbits/sec  2.425 ms  53/532 (10%)  
[  8]  97.00-98.00  sec   587 KBytes  4.80 Mbits/sec  2.285 ms  27/456 (5.9%)  
[  8]  98.00-99.00  sec   472 KBytes  3.86 Mbits/sec  2.908 ms  42/387 (11%)  
[  8]  99.00-100.00 sec   546 KBytes  4.48 Mbits/sec  1.199 ms  213/612 (35%)  
[  8] 100.00-101.00 sec   532 KBytes  4.36 Mbits/sec  3.089 ms  54/443 (12%)  
[  8] 101.00-102.00 sec   470 KBytes  3.85 Mbits/sec  2.147 ms  61/405 (15%)  
[  8] 102.00-103.00 sec   504 KBytes  4.13 Mbits/sec  3.557 ms  83/452 (18%)  
[  8] 103.00-104.00 sec   428 KBytes  3.51 Mbits/sec  4.559 ms  46/359 (13%)  
[  8] 104.00-105.01 sec   507 KBytes  4.13 Mbits/sec  4.047 ms  49/420 (12%)  
[  8] 105.01-106.00 sec   535 KBytes  4.40 Mbits/sec  3.576 ms  202/593 (34%)  
[  8] 106.00-107.00 sec   533 KBytes  4.37 Mbits/sec  1.297 ms  53/443 (12%)  
[  8] 107.00-108.00 sec   525 KBytes  4.30 Mbits/sec  2.074 ms  74/458 (16%)  
[  8] 108.00-109.00 sec   535 KBytes  4.38 Mbits/sec  2.406 ms  56/447 (13%)  
[  8] 109.00-110.00 sec   556 KBytes  4.56 Mbits/sec  2.106 ms  22/429 (5.1%)  
[  8] 110.00-111.00 sec   539 KBytes  4.41 Mbits/sec  2.029 ms  66/460 (14%)  
[  8] 111.00-112.00 sec   566 KBytes  4.64 Mbits/sec  2.618 ms  22/436 (5%)  
[  8] 112.00-113.00 sec   555 KBytes  4.55 Mbits/sec  2.229 ms  51/457 (11%)  
[  8] 113.00-114.00 sec   543 KBytes  4.45 Mbits/sec  2.385 ms  49/446 (11%)  
[  8] 114.00-115.00 sec   543 KBytes  4.45 Mbits/sec  2.170 ms  32/429 (7.5%)  
[  8] 115.00-116.00 sec   559 KBytes  4.58 Mbits/sec  2.417 ms  57/466 (12%)  
[  8] 116.00-117.00 sec   551 KBytes  4.51 Mbits/sec  1.673 ms  45/448 (10%)  
[  8] 117.00-118.00 sec   495 KBytes  4.05 Mbits/sec  1.571 ms  85/447 (19%)  
[  8] 118.00-119.00 sec   585 KBytes  4.79 Mbits/sec  1.954 ms  18/446 (4%)  
[  8] 119.00-120.00 sec   600 KBytes  4.92 Mbits/sec  1.619 ms  9/448 (2%)  
[  8] 120.00-121.00 sec   429 KBytes  3.52 Mbits/sec  3.604 ms  115/429 (27%)  
[  8] 121.00-122.00 sec   521 KBytes  4.27 Mbits/sec  4.553 ms  64/445 (14%)  
[  8] 122.00-123.00 sec   468 KBytes  3.83 Mbits/sec  1.987 ms  123/465 (26%)  
[  8] 123.00-124.00 sec   570 KBytes  4.67 Mbits/sec  1.999 ms  14/431 (3.2%)  
[  8] 124.00-125.00 sec   528 KBytes  4.32 Mbits/sec  2.216 ms  52/438 (12%)  
[  8] 125.00-126.00 sec   556 KBytes  4.56 Mbits/sec  2.802 ms  58/465 (12%)  
[  8] 126.00-127.00 sec   597 KBytes  4.89 Mbits/sec  1.603 ms  13/450 (2.9%)  
[  8] 127.00-128.00 sec   592 KBytes  4.85 Mbits/sec  1.811 ms  15/448 (3.3%)  
[  8] 128.00-129.00 sec   548 KBytes  4.49 Mbits/sec  1.909 ms  43/444 (9.7%)  
[  8] 129.00-130.00 sec   608 KBytes  4.98 Mbits/sec  1.687 ms  3/448 (0.67%)  
[  8] 130.00-131.00 sec   610 KBytes  5.00 Mbits/sec  1.459 ms  0/446 (0%)  
[  8] 131.00-132.00 sec   606 KBytes  4.96 Mbits/sec  1.503 ms  5/448 (1.1%)  
[  8] 132.00-133.00 sec   479 KBytes  3.92 Mbits/sec  1.987 ms  94/444 (21%)  
[  8] 133.00-134.00 sec   596 KBytes  4.88 Mbits/sec  1.823 ms  12/448 (2.7%)  
[  8] 134.00-135.00 sec   600 KBytes  4.92 Mbits/sec  1.766 ms  8/447 (1.8%)  
[  8] 135.00-136.00 sec   591 KBytes  4.84 Mbits/sec  1.888 ms  13/445 (2.9%)  
[  8] 136.00-137.00 sec   614 KBytes  5.03 Mbits/sec  1.518 ms  0/449 (0%)  
[  8] 137.00-138.00 sec   600 KBytes  4.92 Mbits/sec  1.162 ms  5/444 (1.1%)  
[  8] 138.00-139.00 sec   589 KBytes  4.83 Mbits/sec  2.078 ms  16/447 (3.6%)  
[  8] 139.00-140.00 sec   589 KBytes  4.83 Mbits/sec  1.288 ms  17/448 (3.8%)  
[  8] 140.00-141.00 sec   603 KBytes  4.94 Mbits/sec  1.622 ms  4/445 (0.9%)  
[  8] 141.00-142.00 sec   602 KBytes  4.93 Mbits/sec  1.913 ms  6/446 (1.3%)  
[  8] 142.00-143.00 sec   604 KBytes  4.95 Mbits/sec  1.147 ms  3/445 (0.67%)  
[  8] 143.00-144.00 sec   610 KBytes  5.00 Mbits/sec  1.858 ms  4/450 (0.89%)  
[  8] 144.00-145.00 sec   608 KBytes  4.98 Mbits/sec  0.857 ms  1/446 (0.22%)  
[  8] 145.00-146.00 sec   606 KBytes  4.96 Mbits/sec  1.239 ms  4/447 (0.89%)  
[  8] 146.00-147.00 sec   610 KBytes  5.00 Mbits/sec  1.652 ms  0/446 (0%)  
[  8] 147.00-148.00 sec   604 KBytes  4.95 Mbits/sec  1.155 ms  4/446 (0.9%)  
[  8] 148.00-149.00 sec   604 KBytes  4.95 Mbits/sec  1.470 ms  4/446 (0.9%)  
[  8] 149.00-150.00 sec   608 KBytes  4.98 Mbits/sec  2.287 ms  2/447 (0.45%)  
[  8] 150.00-151.00 sec   606 KBytes  4.96 Mbits/sec  1.643 ms  3/446 (0.67%)  
[  8] 151.00-152.00 sec   606 KBytes  4.96 Mbits/sec  1.504 ms  1/444 (0.23%)  
[  8] 152.00-153.00 sec   581 KBytes  4.76 Mbits/sec  1.142 ms  25/450 (5.6%)  
[  8] 153.00-154.00 sec   604 KBytes  4.95 Mbits/sec  1.280 ms  3/445 (0.67%)  
[  8] 154.00-155.00 sec   600 KBytes  4.91 Mbits/sec  1.789 ms  8/447 (1.8%)  
[  8] 155.00-156.00 sec   550 KBytes  4.49 Mbits/sec  2.606 ms  39/441 (8.8%)  
[  8] 156.00-157.00 sec   580 KBytes  4.76 Mbits/sec  1.928 ms  8/432 (1.9%)  
[  8] 157.00-158.00 sec   576 KBytes  4.71 Mbits/sec  2.290 ms  36/457 (7.9%)  
[  8] 158.00-159.00 sec   607 KBytes  4.98 Mbits/sec  2.658 ms  4/448 (0.89%)  
[  8] 159.00-160.00 sec   567 KBytes  4.65 Mbits/sec  1.104 ms  39/455 (8.6%)  
[  8] 160.00-161.00 sec   591 KBytes  4.83 Mbits/sec  2.320 ms  9/441 (2%)  
[  8] 161.00-162.00 sec   602 KBytes  4.93 Mbits/sec  1.566 ms  10/450 (2.2%)  
[  8] 162.00-163.00 sec   611 KBytes  5.01 Mbits/sec  1.619 ms  0/447 (0%)  
[  8] 163.00-164.00 sec   603 KBytes  4.94 Mbits/sec  1.814 ms  5/446 (1.1%)  
[  8] 164.00-165.00 sec   603 KBytes  4.94 Mbits/sec  1.147 ms  5/446 (1.1%)  
[  8] 165.00-166.00 sec   548 KBytes  4.49 Mbits/sec  0.984 ms  3/404 (0.74%)  
[  8] 166.00-167.00 sec   667 KBytes  5.47 Mbits/sec  1.509 ms  1/489 (0.2%)  
[  8] 167.00-168.00 sec   585 KBytes  4.79 Mbits/sec  1.492 ms  18/446 (4%)  
[  8] 168.00-169.00 sec   611 KBytes  5.01 Mbits/sec  0.928 ms  2/449 (0.45%)  
[  8] 169.00-170.00 sec   592 KBytes  4.85 Mbits/sec  1.240 ms  12/445 (2.7%)  
[  8] 170.00-171.00 sec   603 KBytes  4.94 Mbits/sec  0.782 ms  5/446 (1.1%)  
[  8] 171.00-172.00 sec   570 KBytes  4.67 Mbits/sec  1.781 ms  28/445 (6.3%)  
[  8] 172.00-173.00 sec   588 KBytes  4.82 Mbits/sec  2.035 ms  19/449 (4.2%)  
[  8] 173.00-174.00 sec   600 KBytes  4.92 Mbits/sec  1.606 ms  6/445 (1.3%)  
[  8] 174.00-175.00 sec   582 KBytes  4.77 Mbits/sec  1.587 ms  21/447 (4.7%)  
[  8] 175.00-176.00 sec   563 KBytes  4.61 Mbits/sec  1.568 ms  32/444 (7.2%)  
[  8] 176.00-177.00 sec   610 KBytes  5.00 Mbits/sec  1.753 ms  3/449 (0.67%)  
[  8] 177.00-178.00 sec   599 KBytes  4.91 Mbits/sec  1.861 ms  8/446 (1.8%)  
[  8] 178.00-179.00 sec   591 KBytes  4.84 Mbits/sec  2.172 ms  14/446 (3.1%)  
[  8] 179.00-180.00 sec   597 KBytes  4.89 Mbits/sec  0.804 ms  9/446 (2%)  
[  8] 180.00-181.00 sec   591 KBytes  4.84 Mbits/sec  1.788 ms  15/447 (3.4%)  
[  8] 181.00-182.00 sec   580 KBytes  4.75 Mbits/sec  1.844 ms  18/442 (4.1%)  
[  8] 182.00-183.00 sec   607 KBytes  4.97 Mbits/sec  2.045 ms  8/452 (1.8%)  
[  8] 183.00-184.00 sec   535 KBytes  4.38 Mbits/sec  1.039 ms  56/447 (13%)  
[  8] 184.00-185.00 sec   592 KBytes  4.85 Mbits/sec  1.310 ms  12/445 (2.7%)  
[  8] 185.00-186.00 sec   558 KBytes  4.57 Mbits/sec  1.911 ms  38/446 (8.5%)  
[  8] 186.00-187.00 sec   604 KBytes  4.95 Mbits/sec  1.139 ms  5/447 (1.1%)  
[  8] 187.00-188.00 sec   610 KBytes  4.99 Mbits/sec  1.643 ms  0/446 (0%)  
[  8] 188.00-189.00 sec   604 KBytes  4.95 Mbits/sec  1.586 ms  3/445 (0.67%)  
[  8] 189.00-190.00 sec   603 KBytes  4.94 Mbits/sec  1.671 ms  6/447 (1.3%)  
[  8] 190.00-191.00 sec   606 KBytes  4.96 Mbits/sec  1.749 ms  4/447 (0.89%)  
[  8] 191.00-192.00 sec   595 KBytes  4.87 Mbits/sec  1.785 ms  11/446 (2.5%)  
[  8] 192.00-193.00 sec   604 KBytes  4.95 Mbits/sec  1.821 ms  4/446 (0.9%)  
[  8] 193.00-194.00 sec   603 KBytes  4.94 Mbits/sec  1.028 ms  6/447 (1.3%)  
[  8] 194.00-195.00 sec   588 KBytes  4.82 Mbits/sec  1.889 ms  16/446 (3.6%)  
[  8] 195.00-196.00 sec   574 KBytes  4.70 Mbits/sec  2.679 ms  26/446 (5.8%)  
[  8] 196.00-197.00 sec   599 KBytes  4.91 Mbits/sec  1.473 ms  8/446 (1.8%)  
[  8] 197.00-198.00 sec   611 KBytes  5.01 Mbits/sec  1.316 ms  0/447 (0%)  
[  8] 198.00-199.00 sec   607 KBytes  4.97 Mbits/sec  1.484 ms  2/446 (0.45%)  
[  8] 199.00-200.00 sec   604 KBytes  4.95 Mbits/sec  1.463 ms  4/447 (0.89%)  
[  8] 200.00-201.00 sec   606 KBytes  4.96 Mbits/sec  2.374 ms  4/447 (0.89%)  
[  8] 201.00-202.00 sec   603 KBytes  4.94 Mbits/sec  1.704 ms  4/445 (0.9%)  
[  8] 202.00-203.00 sec   597 KBytes  4.89 Mbits/sec  1.751 ms  12/449 (2.7%)  
[  8] 203.00-204.00 sec   550 KBytes  4.50 Mbits/sec  2.676 ms  42/444 (9.5%)  
[  8] 204.00-205.00 sec   551 KBytes  4.51 Mbits/sec  2.612 ms  36/439 (8.2%)  
[  8] 205.00-206.00 sec   606 KBytes  4.96 Mbits/sec  1.683 ms  14/457 (3.1%)  
[  8] 206.00-207.00 sec   584 KBytes  4.78 Mbits/sec  2.684 ms  17/444 (3.8%)  
[  8] 207.00-208.00 sec   610 KBytes  5.00 Mbits/sec  1.712 ms  3/449 (0.67%)  
[  8] 208.00-209.00 sec   607 KBytes  4.97 Mbits/sec  0.921 ms  2/446 (0.45%)  
[  8] 209.00-210.00 sec   607 KBytes  4.97 Mbits/sec  1.289 ms  3/447 (0.67%)  
[  8] 210.00-211.00 sec   607 KBytes  4.97 Mbits/sec  1.446 ms  2/446 (0.45%)  
[  8] 211.00-212.00 sec   602 KBytes  4.93 Mbits/sec  1.721 ms  6/446 (1.3%)  
[  8] 212.00-213.00 sec   582 KBytes  4.77 Mbits/sec  1.290 ms  6/432 (1.4%)  
[  8] 213.00-214.00 sec   623 KBytes  5.11 Mbits/sec  1.036 ms  4/460 (0.87%)  
[  8] 214.00-215.00 sec   599 KBytes  4.91 Mbits/sec  0.974 ms  9/447 (2%)  
[  8] 215.00-216.00 sec   584 KBytes  4.78 Mbits/sec  1.203 ms  13/440 (3%)  
[  8] 216.00-217.00 sec   621 KBytes  5.08 Mbits/sec  0.896 ms  0/454 (0%)  
[  8] 217.00-218.00 sec   593 KBytes  4.86 Mbits/sec  1.728 ms  7/441 (1.6%)  
[  8] 218.00-219.00 sec   614 KBytes  5.03 Mbits/sec  2.172 ms  0/449 (0%)  
[  8] 219.00-220.00 sec   607 KBytes  4.97 Mbits/sec  1.602 ms  4/448 (0.89%)  
[  8] 220.00-221.00 sec   596 KBytes  4.88 Mbits/sec  1.623 ms  10/446 (2.2%)  
[  8] 221.00-222.00 sec   597 KBytes  4.89 Mbits/sec  2.392 ms  8/445 (1.8%)  
[  8] 222.00-223.00 sec   574 KBytes  4.71 Mbits/sec  2.367 ms  27/447 (6%)  
[  8] 223.00-224.00 sec   577 KBytes  4.73 Mbits/sec  2.005 ms  25/447 (5.6%)  
[  8] 224.00-225.00 sec   599 KBytes  4.91 Mbits/sec  1.262 ms  9/447 (2%)  
[  8] 225.00-226.00 sec   603 KBytes  4.94 Mbits/sec  1.729 ms  7/448 (1.6%)  
[  8] 226.00-227.00 sec   593 KBytes  4.86 Mbits/sec  1.469 ms  10/444 (2.3%)  
[  8] 227.00-228.00 sec   596 KBytes  4.88 Mbits/sec  1.139 ms  11/447 (2.5%)  
[  8] 228.00-229.00 sec   610 KBytes  5.00 Mbits/sec  1.669 ms  2/448 (0.45%)  
[  8] 229.00-230.00 sec   600 KBytes  4.92 Mbits/sec  1.550 ms  6/445 (1.3%)  
[  8] 230.00-231.00 sec   607 KBytes  4.97 Mbits/sec  1.586 ms  3/447 (0.67%)  
[  8] 231.00-232.00 sec   607 KBytes  4.97 Mbits/sec  1.130 ms  2/446 (0.45%)  
[  8] 232.00-233.00 sec   606 KBytes  4.96 Mbits/sec  1.829 ms  4/447 (0.89%)  
[  8] 233.00-234.00 sec   595 KBytes  4.87 Mbits/sec  2.538 ms  8/443 (1.8%)  
[  8] 234.00-235.00 sec   602 KBytes  4.93 Mbits/sec  1.753 ms  9/449 (2%)  
[  8] 235.00-236.00 sec   596 KBytes  4.88 Mbits/sec  1.068 ms  11/447 (2.5%)  
[  8] 236.00-237.00 sec   593 KBytes  4.86 Mbits/sec  1.549 ms  12/446 (2.7%)  
[  8] 237.00-238.00 sec   480 KBytes  3.93 Mbits/sec  2.678 ms  59/410 (14%)  
[  8] 238.00-239.00 sec   521 KBytes  4.27 Mbits/sec  1.708 ms  101/482 (21%)  
[  8] 239.00-240.00 sec   595 KBytes  4.87 Mbits/sec  1.292 ms  11/446 (2.5%)  
[  8] 240.00-241.00 sec   412 KBytes  3.37 Mbits/sec  1.610 ms  145/446 (33%)  
[  8] 241.00-242.00 sec   603 KBytes  4.94 Mbits/sec  1.968 ms  6/447 (1.3%)  
[  8] 242.00-243.00 sec   576 KBytes  4.72 Mbits/sec  2.019 ms  25/446 (5.6%)  
[  8] 243.00-244.00 sec   587 KBytes  4.80 Mbits/sec  1.591 ms  20/449 (4.5%)  
[  8] 244.00-245.00 sec   558 KBytes  4.57 Mbits/sec  2.448 ms  37/445 (8.3%)  
[  8] 245.00-246.00 sec   602 KBytes  4.93 Mbits/sec  1.844 ms  8/448 (1.8%)  
[  8] 246.00-247.00 sec   608 KBytes  4.98 Mbits/sec  1.830 ms  0/445 (0%)  
[  8] 247.00-248.00 sec   592 KBytes  4.85 Mbits/sec  2.257 ms  10/443 (2.3%)  
[  8] 248.00-249.00 sec   608 KBytes  4.98 Mbits/sec  1.964 ms  5/450 (1.1%)  
[  8] 249.00-250.00 sec   603 KBytes  4.94 Mbits/sec  2.500 ms  4/445 (0.9%)  
[  8] 250.00-251.00 sec   592 KBytes  4.84 Mbits/sec  1.946 ms  17/450 (3.8%)  
[  8] 251.00-252.00 sec   584 KBytes  4.79 Mbits/sec  1.514 ms  18/445 (4%)  
[  8] 252.00-253.00 sec   587 KBytes  4.81 Mbits/sec  2.129 ms  17/446 (3.8%)  
[  8] 253.00-254.00 sec   316 KBytes  2.59 Mbits/sec  32.678 ms  176/407 (43%)  
[  8] 254.00-255.00 sec   398 KBytes  3.26 Mbits/sec  1.594 ms  192/483 (40%)  
[  8] 255.00-256.00 sec   555 KBytes  4.55 Mbits/sec  1.326 ms  44/450 (9.8%)  
[  8] 256.00-257.00 sec   562 KBytes  4.60 Mbits/sec  1.879 ms  33/444 (7.4%)  
[  8] 257.00-258.00 sec   606 KBytes  4.96 Mbits/sec  1.562 ms  6/449 (1.3%)  
[  8] 258.00-259.00 sec   577 KBytes  4.73 Mbits/sec  2.351 ms  22/444 (5%)  
[  8] 259.00-260.00 sec   591 KBytes  4.84 Mbits/sec  1.670 ms  16/448 (3.6%)  
[  8] 260.00-261.00 sec   596 KBytes  4.88 Mbits/sec  1.752 ms  10/446 (2.2%)  
[  8] 261.00-262.00 sec   608 KBytes  4.98 Mbits/sec  1.065 ms  2/447 (0.45%)  
[  8] 262.00-263.00 sec   596 KBytes  4.88 Mbits/sec  1.624 ms  8/444 (1.8%)  
[  8] 263.00-264.00 sec   581 KBytes  4.76 Mbits/sec  1.811 ms  21/446 (4.7%)  
[  8] 264.00-265.00 sec   589 KBytes  4.83 Mbits/sec  2.516 ms  19/450 (4.2%)  
[  8] 265.00-266.00 sec   580 KBytes  4.75 Mbits/sec  1.784 ms  21/445 (4.7%)  
[  8] 266.00-267.00 sec   604 KBytes  4.95 Mbits/sec  1.805 ms  5/447 (1.1%)  
[  8] 267.00-268.00 sec   595 KBytes  4.87 Mbits/sec  2.458 ms  11/446 (2.5%)  
[  8] 268.00-269.00 sec   604 KBytes  4.95 Mbits/sec  1.702 ms  2/444 (0.45%)  
[  8] 269.00-270.00 sec   602 KBytes  4.93 Mbits/sec  2.120 ms  9/449 (2%)  
[  8] 270.00-271.00 sec   595 KBytes  4.87 Mbits/sec  1.335 ms  12/447 (2.7%)  
[  8] 271.00-272.00 sec   585 KBytes  4.79 Mbits/sec  1.331 ms  18/446 (4%)  
[  8] 272.00-273.00 sec   599 KBytes  4.91 Mbits/sec  1.986 ms  9/447 (2%)  
[  8] 273.00-274.00 sec   597 KBytes  4.89 Mbits/sec  1.752 ms  8/445 (1.8%)  
[  8] 274.00-275.00 sec   603 KBytes  4.94 Mbits/sec  1.712 ms  6/447 (1.3%)  
[  8] 275.00-276.00 sec   610 KBytes  5.00 Mbits/sec  1.908 ms  1/447 (0.22%)  
[  8] 276.00-277.00 sec   604 KBytes  4.95 Mbits/sec  0.967 ms  6/448 (1.3%)  
[  8] 277.00-278.00 sec   599 KBytes  4.91 Mbits/sec  1.759 ms  7/445 (1.6%)  
[  8] 278.00-279.00 sec   584 KBytes  4.78 Mbits/sec  1.463 ms  20/447 (4.5%)  
[  8] 279.00-280.00 sec   591 KBytes  4.84 Mbits/sec  3.079 ms  8/440 (1.8%)  
[  8] 280.00-281.00 sec   500 KBytes  4.10 Mbits/sec  1.692 ms  14/380 (3.7%)  
[  8] 281.00-282.00 sec   496 KBytes  4.07 Mbits/sec  2.115 ms  101/464 (22%)  
[  8] 282.00-283.00 sec   614 KBytes  5.03 Mbits/sec  1.080 ms  53/502 (11%)  
[  8] 283.00-284.00 sec   603 KBytes  4.94 Mbits/sec  1.890 ms  5/446 (1.1%)  
[  8] 284.00-285.00 sec   578 KBytes  4.74 Mbits/sec  1.916 ms  24/447 (5.4%)  
[  8] 285.00-286.00 sec   599 KBytes  4.91 Mbits/sec  1.913 ms  6/444 (1.4%)  
[  8] 286.00-287.00 sec   603 KBytes  4.94 Mbits/sec  1.544 ms  3/444 (0.68%)  
[  8] 287.00-288.00 sec   602 KBytes  4.93 Mbits/sec  2.638 ms  8/448 (1.8%)  
[  8] 288.00-289.00 sec   562 KBytes  4.60 Mbits/sec  1.419 ms  37/448 (8.3%)  
[  8] 289.00-290.00 sec   581 KBytes  4.76 Mbits/sec  1.810 ms  22/447 (4.9%)  
[  8] 290.00-291.00 sec   596 KBytes  4.88 Mbits/sec  2.068 ms  7/443 (1.6%)  
[  8] 291.00-292.00 sec   606 KBytes  4.96 Mbits/sec  1.897 ms  7/450 (1.6%)  
[  8] 292.00-293.00 sec   591 KBytes  4.84 Mbits/sec  2.713 ms  14/446 (3.1%)  
[  8] 293.00-294.00 sec   578 KBytes  4.74 Mbits/sec  2.327 ms  22/445 (4.9%)  
[  8] 294.00-295.00 sec   603 KBytes  4.94 Mbits/sec  1.673 ms  8/449 (1.8%)  
[  8] 295.00-296.00 sec   608 KBytes  4.98 Mbits/sec  2.105 ms  1/446 (0.22%)  
[  8] 296.00-297.00 sec   599 KBytes  4.91 Mbits/sec  1.322 ms  7/445 (1.6%)  
[  8] 297.00-298.00 sec   611 KBytes  5.01 Mbits/sec  1.866 ms  0/447 (0%)  
[  8] 298.00-299.00 sec   589 KBytes  4.83 Mbits/sec  2.470 ms  14/445 (3.1%)  
[  8] 299.00-300.00 sec   604 KBytes  4.95 Mbits/sec  1.286 ms  7/449 (1.6%)  
[  8] 300.00-301.00 sec   596 KBytes  4.88 Mbits/sec  1.211 ms  8/444 (1.8%)  
[  8] 301.00-302.00 sec   596 KBytes  4.88 Mbits/sec  2.111 ms  12/448 (2.7%)  
[  8] 302.00-303.00 sec   595 KBytes  4.87 Mbits/sec  1.974 ms  11/446 (2.5%)  
[  8] 303.00-304.00 sec   597 KBytes  4.89 Mbits/sec  1.438 ms  9/446 (2%)  
[  8] 304.00-305.00 sec   584 KBytes  4.78 Mbits/sec  2.189 ms  18/445 (4%)  
[  8] 305.00-306.00 sec   603 KBytes  4.94 Mbits/sec  1.452 ms  8/449 (1.8%)  
[  8] 306.00-307.00 sec   611 KBytes  5.01 Mbits/sec  1.309 ms  0/447 (0%)  
[  8] 307.00-308.00 sec   604 KBytes  4.95 Mbits/sec  1.276 ms  4/446 (0.9%)  
[  8] 308.00-309.00 sec   593 KBytes  4.86 Mbits/sec  1.900 ms  12/446 (2.7%)  
[  8] 309.00-310.00 sec   596 KBytes  4.88 Mbits/sec  1.800 ms  10/446 (2.2%)  
[  8] 310.00-311.00 sec   589 KBytes  4.83 Mbits/sec  1.648 ms  13/444 (2.9%)  
[  8] 311.00-312.00 sec   592 KBytes  4.85 Mbits/sec  1.176 ms  14/447 (3.1%)  
[  8] 312.00-313.00 sec   569 KBytes  4.66 Mbits/sec  1.629 ms  33/449 (7.3%)  
[  8] 313.00-314.00 sec   599 KBytes  4.91 Mbits/sec  2.270 ms  7/445 (1.6%)  
[  8] 314.00-315.00 sec   603 KBytes  4.94 Mbits/sec  1.032 ms  8/449 (1.8%)  
[  8] 315.00-316.00 sec   606 KBytes  4.96 Mbits/sec  1.412 ms  2/445 (0.45%)  
[  8] 316.00-317.00 sec   608 KBytes  4.98 Mbits/sec  1.438 ms  1/446 (0.22%)  
[  8] 317.00-318.00 sec   608 KBytes  4.98 Mbits/sec  1.193 ms  0/445 (0%)  
[  8] 318.00-319.00 sec   607 KBytes  4.97 Mbits/sec  1.754 ms  1/445 (0.22%)  
[  8] 319.00-320.00 sec   611 KBytes  5.01 Mbits/sec  1.376 ms  4/451 (0.89%)  
[  8] 320.00-321.00 sec   606 KBytes  4.96 Mbits/sec  1.310 ms  2/445 (0.45%)  
[  8] 321.00-322.00 sec   603 KBytes  4.94 Mbits/sec  1.784 ms  6/447 (1.3%)  
[  8] 322.00-323.00 sec   604 KBytes  4.95 Mbits/sec  1.655 ms  4/446 (0.9%)  
[  8] 323.00-324.00 sec   599 KBytes  4.91 Mbits/sec  1.435 ms  8/446 (1.8%)  
[  8] 324.00-325.00 sec   606 KBytes  4.96 Mbits/sec  2.083 ms  4/447 (0.89%)  
[  8] 325.00-326.00 sec   573 KBytes  4.69 Mbits/sec  1.967 ms  28/447 (6.3%)  
[  8] 326.00-327.00 sec   580 KBytes  4.75 Mbits/sec  2.087 ms  21/445 (4.7%)  
[  8] 327.00-328.00 sec   593 KBytes  4.86 Mbits/sec  1.904 ms  11/445 (2.5%)  
[  8] 328.00-329.00 sec   612 KBytes  5.01 Mbits/sec  1.884 ms  0/448 (0%)  
[  8] 329.00-330.00 sec   608 KBytes  4.99 Mbits/sec  1.963 ms  1/446 (0.22%)  
[  8] 330.00-331.00 sec   608 KBytes  4.98 Mbits/sec  1.103 ms  2/447 (0.45%)  
[  8] 331.00-332.00 sec   611 KBytes  5.01 Mbits/sec  2.205 ms  0/447 (0%)  
[  8] 332.00-333.00 sec   597 KBytes  4.89 Mbits/sec  0.646 ms  10/447 (2.2%)  
[  8] 333.00-334.00 sec   596 KBytes  4.88 Mbits/sec  1.966 ms  8/444 (1.8%)  
[  8] 334.00-335.00 sec   610 KBytes  5.00 Mbits/sec  1.606 ms  4/450 (0.89%)  
[  8] 335.00-336.00 sec   599 KBytes  4.91 Mbits/sec  1.706 ms  4/442 (0.9%)  
[  8] 336.00-337.00 sec   599 KBytes  4.91 Mbits/sec  1.564 ms  11/449 (2.4%)  
[  8] 337.00-338.00 sec   597 KBytes  4.89 Mbits/sec  1.781 ms  10/447 (2.2%)  
[  8] 338.00-339.00 sec   610 KBytes  5.00 Mbits/sec  1.435 ms  1/447 (0.22%)  
[  8] 339.00-340.00 sec   600 KBytes  4.92 Mbits/sec  1.402 ms  3/442 (0.68%)  
[  8] 340.00-340.01 sec  6.84 KBytes  4.34 Mbits/sec  2.676 ms  3/8 (38%)  
- - - - - - - - - - - - - - - - - - - - - - - - -
[ ID] Interval           Transfer     Bitrate         Jitter    Lost/Total Datagrams
[  8]   0.00-340.01 sec   186 MBytes  4.60 Mbits/sec  2.676 ms  12214/151786 (8%)  receiver
