-----------------------------------------------------------
Server listening on 5201 (test #1)
-----------------------------------------------------------
Accepted connection from 10.0.0.37, port 57492
[  8] local 10.0.0.101 port 5201 connected to 10.0.0.37 port 49131
[ ID] Interval           Transfer     Bitrate         Jitter    Lost/Total Datagrams
[  8]   0.00-1.00   sec   599 KBytes  4.91 Mbits/sec  1.059 ms  3/441 (0.68%)  
[  8]   1.00-2.00   sec   614 KBytes  5.03 Mbits/sec  1.305 ms  0/449 (0%)  
[  8]   2.00-3.00   sec   608 KBytes  4.98 Mbits/sec  1.113 ms  1/446 (0.22%)  
[  8]   3.00-4.00   sec   611 KBytes  5.01 Mbits/sec  0.641 ms  0/447 (0%)  
[  8]   4.00-5.00   sec   604 KBytes  4.95 Mbits/sec  1.464 ms  4/446 (0.9%)  
[  8]   5.00-6.00   sec   610 KBytes  4.99 Mbits/sec  1.350 ms  1/447 (0.22%)  
[  8]   6.00-7.00   sec   569 KBytes  4.66 Mbits/sec  1.356 ms  29/445 (6.5%)  
[  8]   7.00-8.00   sec   580 KBytes  4.75 Mbits/sec  1.583 ms  21/445 (4.7%)  
[  8]   8.00-9.00   sec   611 KBytes  5.01 Mbits/sec  2.034 ms  1/448 (0.22%)  
[  8]   9.00-10.00  sec   588 KBytes  4.82 Mbits/sec  1.649 ms  19/449 (4.2%)  
[  8]  10.00-11.00  sec   509 KBytes  4.17 Mbits/sec  1.625 ms  73/445 (16%)  
[  8]  11.00-12.00  sec   606 KBytes  4.96 Mbits/sec  2.154 ms  2/445 (0.45%)  
[  8]  12.00-13.00  sec   612 KBytes  5.02 Mbits/sec  1.475 ms  0/448 (0%)  
[  8]  13.00-14.00  sec   585 KBytes  4.79 Mbits/sec  1.760 ms  18/446 (4%)  
[  8]  14.00-15.00  sec   603 KBytes  4.94 Mbits/sec  1.718 ms  6/447 (1.3%)  
[  8]  15.00-16.00  sec   610 KBytes  5.00 Mbits/sec  1.250 ms  0/446 (0%)  
[  8]  16.00-17.00  sec   606 KBytes  4.96 Mbits/sec  1.775 ms  1/444 (0.23%)  
[  8]  17.00-18.00  sec   614 KBytes  5.02 Mbits/sec  1.009 ms  0/449 (0%)  
[  8]  18.00-19.00  sec   606 KBytes  4.97 Mbits/sec  1.703 ms  2/445 (0.45%)  
[  8]  19.00-20.00  sec   612 KBytes  5.02 Mbits/sec  1.455 ms  0/448 (0%)  
[  8]  20.00-21.00  sec   611 KBytes  5.01 Mbits/sec  2.034 ms  0/447 (0%)  
[  8]  21.00-22.00  sec   610 KBytes  5.00 Mbits/sec  1.163 ms  0/446 (0%)  
[  8]  22.00-23.00  sec   610 KBytes  5.00 Mbits/sec  0.926 ms  0/446 (0%)  
[  8]  23.00-24.00  sec   606 KBytes  4.96 Mbits/sec  1.879 ms  1/444 (0.23%)  
[  8]  24.00-25.00  sec   607 KBytes  4.97 Mbits/sec  2.002 ms  0/444 (0%)  
[  8]  25.00-26.00  sec   619 KBytes  5.06 Mbits/sec  0.915 ms  0/453 (0%)  
[  8]  26.00-27.00  sec   591 KBytes  4.85 Mbits/sec  0.893 ms  13/445 (2.9%)  
[  8]  27.00-28.00  sec   608 KBytes  4.99 Mbits/sec  1.223 ms  1/446 (0.22%)  
[  8]  28.00-29.00  sec   610 KBytes  5.00 Mbits/sec  0.784 ms  0/446 (0%)  
[  8]  29.00-30.00  sec   607 KBytes  4.97 Mbits/sec  1.793 ms  2/446 (0.45%)  
[  8]  30.00-31.00  sec   610 KBytes  5.00 Mbits/sec  1.609 ms  0/446 (0%)  
[  8]  31.00-32.00  sec   612 KBytes  5.02 Mbits/sec  0.835 ms  0/448 (0%)  
[  8]  32.00-33.00  sec   610 KBytes  5.00 Mbits/sec  0.978 ms  0/446 (0%)  
[  8]  33.00-34.00  sec   610 KBytes  5.00 Mbits/sec  1.277 ms  2/448 (0.45%)  
[  8]  34.00-35.00  sec   608 KBytes  4.98 Mbits/sec  1.585 ms  0/445 (0%)  
[  8]  35.00-36.00  sec   582 KBytes  4.77 Mbits/sec  2.457 ms  3/429 (0.7%)  
[  8]  36.00-37.00  sec   623 KBytes  5.11 Mbits/sec  1.574 ms  9/465 (1.9%)  
[  8]  37.00-38.00  sec   600 KBytes  4.92 Mbits/sec  1.702 ms  5/444 (1.1%)  
[  8]  38.00-39.00  sec   599 KBytes  4.91 Mbits/sec  1.696 ms  6/444 (1.4%)  
[  8]  39.00-40.00  sec   617 KBytes  5.05 Mbits/sec  1.492 ms  0/451 (0%)  
[  8]  40.00-41.00  sec   591 KBytes  4.84 Mbits/sec  3.346 ms  9/441 (2%)  
[  8]  41.00-42.00  sec   617 KBytes  5.05 Mbits/sec  1.891 ms  0/451 (0%)  
[  8]  42.00-43.00  sec   581 KBytes  4.76 Mbits/sec  0.865 ms  21/446 (4.7%)  
[  8]  43.00-44.00  sec   606 KBytes  4.95 Mbits/sec  1.281 ms  5/448 (1.1%)  
[  8]  44.00-45.00  sec   607 KBytes  4.98 Mbits/sec  1.251 ms  0/444 (0%)  
[  8]  45.00-46.00  sec   603 KBytes  4.94 Mbits/sec  2.100 ms  4/445 (0.9%)  
[  8]  46.00-47.00  sec   608 KBytes  4.98 Mbits/sec  1.939 ms  1/446 (0.22%)  
[  8]  47.00-48.00  sec   604 KBytes  4.95 Mbits/sec  1.512 ms  7/449 (1.6%)  
[  8]  48.00-49.00  sec   597 KBytes  4.88 Mbits/sec  1.891 ms  12/449 (2.7%)  
[  8]  49.00-50.00  sec   603 KBytes  4.95 Mbits/sec  1.706 ms  3/444 (0.68%)  
[  8]  50.00-51.00  sec   600 KBytes  4.91 Mbits/sec  1.126 ms  3/442 (0.68%)  
[  8]  51.00-52.00  sec   615 KBytes  5.05 Mbits/sec  1.623 ms  2/452 (0.44%)  
[  8]  52.00-53.00  sec   610 KBytes  5.00 Mbits/sec  1.332 ms  0/446 (0%)  
[  8]  53.00-54.00  sec   591 KBytes  4.84 Mbits/sec  1.794 ms  15/447 (3.4%)  
[  8]  54.00-55.00  sec   610 KBytes  5.00 Mbits/sec  1.484 ms  0/446 (0%)  
[  8]  55.00-56.00  sec   599 KBytes  4.90 Mbits/sec  1.836 ms  8/446 (1.8%)  
[  8]  56.00-57.00  sec   607 KBytes  4.97 Mbits/sec  1.978 ms  2/446 (0.45%)  
[  8]  57.00-58.00  sec   606 KBytes  4.96 Mbits/sec  1.487 ms  4/447 (0.89%)  
[  8]  58.00-59.00  sec   602 KBytes  4.93 Mbits/sec  0.776 ms  7/447 (1.6%)  
[  8]  59.00-60.00  sec   610 KBytes  5.00 Mbits/sec  1.255 ms  0/446 (0%)  
[  8]  60.00-61.00  sec   611 KBytes  5.01 Mbits/sec  1.633 ms  0/447 (0%)  
[  8]  61.00-62.00  sec   597 KBytes  4.89 Mbits/sec  2.700 ms  1/438 (0.23%)  
[  8]  62.00-63.00  sec   552 KBytes  4.53 Mbits/sec  2.117 ms  48/452 (11%)  
[  8]  63.00-64.00  sec   578 KBytes  4.72 Mbits/sec  2.523 ms  5/428 (1.2%)  
[  8]  64.00-65.00  sec   618 KBytes  5.08 Mbits/sec  1.895 ms  13/465 (2.8%)  
[  8]  65.00-66.00  sec   510 KBytes  4.18 Mbits/sec  1.720 ms  71/444 (16%)  
[  8]  66.00-67.00  sec   561 KBytes  4.59 Mbits/sec  2.540 ms  22/432 (5.1%)  
[  8]  67.00-68.00  sec   510 KBytes  4.18 Mbits/sec  1.801 ms  62/435 (14%)  
[  8]  68.00-69.00  sec   498 KBytes  4.08 Mbits/sec  1.842 ms  89/453 (20%)  
[  8]  69.00-70.00  sec   595 KBytes  4.87 Mbits/sec  1.857 ms  30/465 (6.5%)  
[  8]  70.00-71.00  sec   581 KBytes  4.76 Mbits/sec  2.643 ms  12/437 (2.7%)  
[  8]  71.00-72.00  sec   617 KBytes  5.05 Mbits/sec  1.579 ms  8/459 (1.7%)  
[  8]  72.00-73.00  sec   588 KBytes  4.82 Mbits/sec  1.670 ms  18/448 (4%)  
[  8]  73.00-74.00  sec   581 KBytes  4.76 Mbits/sec  1.314 ms  22/447 (4.9%)  
[  8]  74.00-75.00  sec   566 KBytes  4.64 Mbits/sec  2.604 ms  29/443 (6.5%)  
[  8]  75.00-76.00  sec   593 KBytes  4.86 Mbits/sec  1.816 ms  12/446 (2.7%)  
[  8]  76.00-77.00  sec   604 KBytes  4.95 Mbits/sec  1.075 ms  8/450 (1.8%)  
[  8]  77.00-78.00  sec   593 KBytes  4.86 Mbits/sec  2.479 ms  10/444 (2.3%)  
[  8]  78.00-79.00  sec   610 KBytes  4.98 Mbits/sec  1.911 ms  3/449 (0.67%)  
[  8]  79.00-80.00  sec   606 KBytes  4.98 Mbits/sec  1.664 ms  3/446 (0.67%)  
[  8]  80.00-81.00  sec   591 KBytes  4.84 Mbits/sec  2.851 ms  9/441 (2%)  
[  8]  81.00-82.00  sec   592 KBytes  4.85 Mbits/sec  2.773 ms  7/440 (1.6%)  
[  8]  82.00-83.00  sec   576 KBytes  4.71 Mbits/sec  2.222 ms  30/451 (6.7%)  
[  8]  83.00-84.00  sec   604 KBytes  4.95 Mbits/sec  2.069 ms  9/451 (2%)  
[  8]  84.00-85.00  sec   569 KBytes  4.66 Mbits/sec  2.982 ms  30/446 (6.7%)  
[  8]  85.00-86.00  sec   602 KBytes  4.93 Mbits/sec  1.991 ms  7/447 (1.6%)  
[  8]  86.00-87.00  sec   577 KBytes  4.73 Mbits/sec  2.169 ms  21/443 (4.7%)  
[  8]  87.00-88.00  sec   595 KBytes  4.87 Mbits/sec  2.267 ms  13/448 (2.9%)  
[  8]  88.00-89.00  sec   541 KBytes  4.44 Mbits/sec  2.240 ms  51/447 (11%)  
[  8]  89.00-90.00  sec   550 KBytes  4.50 Mbits/sec  3.893 ms  28/430 (6.5%)  
[  8]  90.00-91.00  sec   578 KBytes  4.74 Mbits/sec  2.509 ms  40/463 (8.6%)  
[  8]  91.00-92.00  sec   551 KBytes  4.52 Mbits/sec  2.088 ms  45/448 (10%)  
[  8]  92.00-93.00  sec   573 KBytes  4.69 Mbits/sec  2.639 ms  27/446 (6.1%)  
[  8]  93.00-94.00  sec   578 KBytes  4.74 Mbits/sec  1.932 ms  16/439 (3.6%)  
[  8]  94.00-95.00  sec   480 KBytes  3.93 Mbits/sec  2.235 ms  63/414 (15%)  
[  8]  95.00-96.00  sec   558 KBytes  4.58 Mbits/sec  2.255 ms  73/481 (15%)  
[  8]  96.00-97.00  sec   587 KBytes  4.80 Mbits/sec  2.029 ms  25/454 (5.5%)  
[  8]  97.00-98.00  sec   565 KBytes  4.63 Mbits/sec  2.742 ms  27/440 (6.1%)  
[  8]  98.00-99.00  sec   610 KBytes  5.00 Mbits/sec  1.153 ms  5/451 (1.1%)  
[  8]  99.00-100.00 sec   615 KBytes  5.04 Mbits/sec  1.003 ms  0/450 (0%)  
[  8] 100.00-101.00 sec   610 KBytes  5.00 Mbits/sec  1.675 ms  0/446 (0%)  
[  8] 101.00-102.00 sec   607 KBytes  4.97 Mbits/sec  1.960 ms  0/444 (0%)  
[  8] 102.00-103.00 sec   614 KBytes  5.03 Mbits/sec  1.009 ms  0/449 (0%)  
[  8] 103.00-104.00 sec   608 KBytes  4.98 Mbits/sec  1.856 ms  1/446 (0.22%)  
[  8] 104.00-105.00 sec   608 KBytes  4.98 Mbits/sec  1.701 ms  1/446 (0.22%)  
[  8] 105.00-106.00 sec   611 KBytes  5.01 Mbits/sec  1.806 ms  0/447 (0%)  
[  8] 106.00-107.00 sec   606 KBytes  4.96 Mbits/sec  1.955 ms  4/447 (0.89%)  
[  8] 107.00-108.00 sec   610 KBytes  5.00 Mbits/sec  1.153 ms  0/446 (0%)  
[  8] 108.00-109.00 sec   604 KBytes  4.95 Mbits/sec  0.755 ms  4/446 (0.9%)  
[  8] 109.00-110.00 sec   592 KBytes  4.85 Mbits/sec  2.485 ms  12/446 (2.7%)  
[  8] 110.00-111.00 sec   541 KBytes  4.43 Mbits/sec  1.543 ms  50/446 (11%)  
[  8] 111.00-112.00 sec   611 KBytes  5.00 Mbits/sec  1.260 ms  1/448 (0.22%)  
[  8] 112.00-113.00 sec   591 KBytes  4.83 Mbits/sec  1.598 ms  1/433 (0.23%)  
[  8] 113.00-114.00 sec   615 KBytes  5.05 Mbits/sec  1.314 ms  7/457 (1.5%)  
[  8] 114.00-115.00 sec   612 KBytes  5.02 Mbits/sec  1.521 ms  0/448 (0%)  
[  8] 115.00-116.00 sec   611 KBytes  5.01 Mbits/sec  1.156 ms  0/447 (0%)  
[  8] 116.00-117.00 sec   608 KBytes  4.98 Mbits/sec  0.721 ms  2/447 (0.45%)  
[  8] 117.00-118.00 sec   610 KBytes  5.00 Mbits/sec  0.722 ms  0/446 (0%)  
[  8] 118.00-119.00 sec   554 KBytes  4.54 Mbits/sec  2.223 ms  35/440 (8%)  
[  8] 119.00-120.00 sec   595 KBytes  4.87 Mbits/sec  2.383 ms  9/444 (2%)  
[  8] 120.00-121.00 sec   592 KBytes  4.85 Mbits/sec  1.935 ms  19/452 (4.2%)  
[  8] 121.00-122.00 sec   561 KBytes  4.59 Mbits/sec  2.237 ms  37/447 (8.3%)  
[  8] 122.00-123.00 sec   587 KBytes  4.80 Mbits/sec  1.733 ms  18/447 (4%)  
[  8] 123.00-124.00 sec   500 KBytes  4.10 Mbits/sec  1.917 ms  80/446 (18%)  
[  8] 124.00-125.00 sec   591 KBytes  4.84 Mbits/sec  1.249 ms  18/450 (4%)  
[  8] 125.00-126.00 sec   608 KBytes  4.98 Mbits/sec  0.967 ms  0/445 (0%)  
[  8] 126.00-127.00 sec   610 KBytes  5.00 Mbits/sec  0.968 ms  0/446 (0%)  
[  8] 127.00-128.00 sec   610 KBytes  5.00 Mbits/sec  1.764 ms  1/447 (0.22%)  
[  8] 128.00-129.00 sec   604 KBytes  4.95 Mbits/sec  1.745 ms  2/444 (0.45%)  
[  8] 129.00-130.00 sec   599 KBytes  4.91 Mbits/sec  1.730 ms  11/449 (2.4%)  
[  8] 130.00-131.00 sec   610 KBytes  4.99 Mbits/sec  2.322 ms  0/446 (0%)  
[  8] 131.00-132.00 sec   588 KBytes  4.81 Mbits/sec  1.744 ms  11/441 (2.5%)  
[  8] 132.00-133.00 sec   612 KBytes  5.02 Mbits/sec  2.005 ms  3/451 (0.67%)  
[  8] 133.00-134.00 sec   611 KBytes  5.01 Mbits/sec  1.599 ms  0/447 (0%)  
[  8] 134.00-135.00 sec   607 KBytes  4.97 Mbits/sec  2.476 ms  3/447 (0.67%)  
[  8] 135.00-136.00 sec   578 KBytes  4.74 Mbits/sec  1.972 ms  13/436 (3%)  
[  8] 136.00-137.00 sec   615 KBytes  5.03 Mbits/sec  2.084 ms  5/455 (1.1%)  
[  8] 137.00-138.00 sec   602 KBytes  4.94 Mbits/sec  2.002 ms  3/443 (0.68%)  
[  8] 138.00-139.00 sec   614 KBytes  5.03 Mbits/sec  1.428 ms  3/452 (0.66%)  
[  8] 139.00-140.00 sec   602 KBytes  4.93 Mbits/sec  0.915 ms  6/446 (1.3%)  
[  8] 140.00-141.00 sec   608 KBytes  4.98 Mbits/sec  2.496 ms  1/446 (0.22%)  
[  8] 141.00-142.00 sec   599 KBytes  4.91 Mbits/sec  2.347 ms  6/444 (1.4%)  
[  8] 142.00-143.00 sec   607 KBytes  4.97 Mbits/sec  1.904 ms  3/447 (0.67%)  
[  8] 143.00-144.00 sec   612 KBytes  5.02 Mbits/sec  1.179 ms  0/448 (0%)  
[  8] 144.00-145.00 sec   611 KBytes  5.01 Mbits/sec  0.860 ms  0/447 (0%)  
[  8] 145.00-146.00 sec   604 KBytes  4.95 Mbits/sec  1.539 ms  3/445 (0.67%)  
[  8] 146.00-147.00 sec   604 KBytes  4.95 Mbits/sec  2.251 ms  4/446 (0.9%)  
[  8] 147.00-148.00 sec   608 KBytes  4.98 Mbits/sec  1.301 ms  5/450 (1.1%)  
[  8] 148.00-149.00 sec   599 KBytes  4.91 Mbits/sec  2.551 ms  5/443 (1.1%)  
[  8] 149.00-150.00 sec   607 KBytes  4.97 Mbits/sec  1.293 ms  3/447 (0.67%)  
[  8] 150.00-151.00 sec   614 KBytes  5.03 Mbits/sec  1.663 ms  0/449 (0%)  
[  8] 151.00-152.00 sec   606 KBytes  4.96 Mbits/sec  1.995 ms  2/445 (0.45%)  
[  8] 152.00-153.00 sec   573 KBytes  4.69 Mbits/sec  1.399 ms  28/447 (6.3%)  
[  8] 153.00-154.00 sec   610 KBytes  5.00 Mbits/sec  1.716 ms  0/446 (0%)  
[  8] 154.00-155.00 sec   606 KBytes  4.96 Mbits/sec  1.266 ms  2/445 (0.45%)  
[  8] 155.00-156.00 sec   608 KBytes  4.98 Mbits/sec  1.382 ms  1/446 (0.22%)  
[  8] 156.00-157.00 sec   596 KBytes  4.88 Mbits/sec  2.163 ms  4/440 (0.91%)  
[  8] 157.00-158.00 sec   589 KBytes  4.83 Mbits/sec  2.207 ms  16/447 (3.6%)  
[  8] 158.00-159.00 sec   615 KBytes  5.04 Mbits/sec  1.363 ms  4/454 (0.88%)  
[  8] 159.00-160.00 sec   595 KBytes  4.87 Mbits/sec  2.106 ms  9/444 (2%)  
[  8] 160.00-161.00 sec   612 KBytes  5.02 Mbits/sec  1.162 ms  1/449 (0.22%)  
[  8] 161.00-162.00 sec   606 KBytes  4.96 Mbits/sec  2.271 ms  1/444 (0.23%)  
[  8] 162.00-163.00 sec   582 KBytes  4.77 Mbits/sec  1.309 ms  23/449 (5.1%)  
[  8] 163.00-164.00 sec   587 KBytes  4.80 Mbits/sec  1.384 ms  18/447 (4%)  
[  8] 164.00-165.00 sec   604 KBytes  4.95 Mbits/sec  1.131 ms  1/443 (0.23%)  
[  8] 165.00-166.00 sec   607 KBytes  4.97 Mbits/sec  0.778 ms  6/450 (1.3%)  
[  8] 166.00-167.00 sec   607 KBytes  4.97 Mbits/sec  1.169 ms  2/446 (0.45%)  
[  8] 167.00-168.00 sec   610 KBytes  4.99 Mbits/sec  1.640 ms  0/446 (0%)  
[  8] 168.00-169.00 sec   610 KBytes  5.00 Mbits/sec  1.961 ms  0/446 (0%)  
[  8] 169.00-170.00 sec   585 KBytes  4.79 Mbits/sec  2.290 ms  17/445 (3.8%)  
[  8] 170.00-171.00 sec   606 KBytes  4.96 Mbits/sec  1.768 ms  4/447 (0.89%)  
[  8] 171.00-172.00 sec   608 KBytes  4.98 Mbits/sec  1.526 ms  0/445 (0%)  
[  8] 172.00-173.00 sec   608 KBytes  4.98 Mbits/sec  1.464 ms  4/449 (0.89%)  
[  8] 173.00-174.00 sec   610 KBytes  4.99 Mbits/sec  1.197 ms  0/446 (0%)  
[  8] 174.00-175.00 sec   606 KBytes  4.97 Mbits/sec  1.993 ms  4/447 (0.89%)  
[  8] 175.00-176.00 sec   603 KBytes  4.94 Mbits/sec  0.789 ms  4/445 (0.9%)  
[  8] 176.00-177.00 sec   608 KBytes  4.98 Mbits/sec  0.656 ms  3/448 (0.67%)  
[  8] 177.00-178.00 sec   610 KBytes  5.00 Mbits/sec  0.721 ms  0/446 (0%)  
[  8] 178.00-179.00 sec   612 KBytes  5.01 Mbits/sec  1.433 ms  0/448 (0%)  
[  8] 179.00-180.00 sec   603 KBytes  4.94 Mbits/sec  1.685 ms  0/441 (0%)  
[  8] 180.00-181.00 sec   608 KBytes  4.98 Mbits/sec  1.863 ms  3/448 (0.67%)  
[  8] 181.00-182.00 sec   608 KBytes  4.98 Mbits/sec  1.337 ms  5/450 (1.1%)  
[  8] 182.00-183.00 sec   606 KBytes  4.96 Mbits/sec  1.829 ms  1/444 (0.23%)  
[  8] 183.00-184.00 sec   608 KBytes  4.98 Mbits/sec  1.789 ms  1/446 (0.22%)  
[  8] 184.00-185.00 sec   596 KBytes  4.88 Mbits/sec  1.472 ms  12/448 (2.7%)  
[  8] 185.00-186.00 sec   610 KBytes  5.00 Mbits/sec  1.720 ms  0/446 (0%)  
[  8] 186.00-187.00 sec   608 KBytes  4.98 Mbits/sec  1.972 ms  0/445 (0%)  
[  8] 187.00-188.00 sec   614 KBytes  5.03 Mbits/sec  1.386 ms  0/449 (0%)  
[  8] 188.00-189.00 sec   602 KBytes  4.91 Mbits/sec  2.191 ms  5/445 (1.1%)  
[  8] 189.00-190.00 sec   607 KBytes  5.00 Mbits/sec  1.598 ms  3/447 (0.67%)  
[  8] 190.00-191.00 sec   611 KBytes  5.01 Mbits/sec  1.309 ms  0/447 (0%)  
[  8] 191.00-192.00 sec   610 KBytes  5.00 Mbits/sec  2.231 ms  0/446 (0%)  
[  8] 192.00-193.00 sec   578 KBytes  4.74 Mbits/sec  3.030 ms  13/436 (3%)  
[  8] 193.00-194.00 sec   615 KBytes  5.04 Mbits/sec  1.651 ms  7/457 (1.5%)  
[  8] 194.00-195.00 sec   566 KBytes  4.64 Mbits/sec  2.063 ms  26/440 (5.9%)  
[  8] 195.00-196.00 sec   610 KBytes  5.00 Mbits/sec  2.042 ms  8/454 (1.8%)  
[  8] 196.00-197.00 sec   606 KBytes  4.96 Mbits/sec  1.153 ms  2/445 (0.45%)  
[  8] 197.00-198.00 sec   599 KBytes  4.90 Mbits/sec  2.373 ms  6/444 (1.4%)  
[  8] 198.00-199.00 sec   615 KBytes  5.04 Mbits/sec  1.796 ms  0/450 (0%)  
[  8] 199.00-200.00 sec   585 KBytes  4.79 Mbits/sec  1.706 ms  17/445 (3.8%)  
[  8] 200.00-201.00 sec   612 KBytes  5.02 Mbits/sec  1.177 ms  0/448 (0%)  
[  8] 201.00-202.00 sec   604 KBytes  4.95 Mbits/sec  2.567 ms  3/445 (0.67%)  
[  8] 202.00-203.00 sec   610 KBytes  5.00 Mbits/sec  1.534 ms  1/447 (0.22%)  
[  8] 203.00-204.00 sec   611 KBytes  5.01 Mbits/sec  1.065 ms  0/447 (0%)  
[  8] 204.00-205.00 sec   603 KBytes  4.94 Mbits/sec  1.263 ms  1/442 (0.23%)  
[  8] 205.00-206.00 sec   614 KBytes  5.03 Mbits/sec  1.838 ms  0/449 (0%)  
[  8] 206.00-207.00 sec   611 KBytes  5.01 Mbits/sec  1.678 ms  0/447 (0%)  
[  8] 207.00-208.00 sec   612 KBytes  5.02 Mbits/sec  0.741 ms  0/448 (0%)  
[  8] 208.00-209.00 sec   606 KBytes  4.96 Mbits/sec  2.101 ms  1/444 (0.23%)  
[  8] 209.00-210.00 sec   603 KBytes  4.94 Mbits/sec  1.536 ms  2/443 (0.45%)  
[  8] 210.00-211.00 sec   614 KBytes  5.03 Mbits/sec  1.143 ms  3/452 (0.66%)  
[  8] 211.00-212.00 sec   610 KBytes  5.00 Mbits/sec  1.189 ms  0/446 (0%)  
[  8] 212.00-213.00 sec   607 KBytes  4.97 Mbits/sec  0.781 ms  3/447 (0.67%)  
[  8] 213.00-214.00 sec   610 KBytes  5.00 Mbits/sec  1.454 ms  0/446 (0%)  
[  8] 214.00-215.00 sec   611 KBytes  5.01 Mbits/sec  0.932 ms  0/447 (0%)  
[  8] 215.00-216.00 sec   610 KBytes  5.00 Mbits/sec  0.901 ms  0/446 (0%)  
[  8] 216.00-217.00 sec   610 KBytes  5.00 Mbits/sec  0.555 ms  0/446 (0%)  
[  8] 217.00-218.00 sec   610 KBytes  5.00 Mbits/sec  0.912 ms  0/446 (0%)  
[  8] 218.00-219.00 sec   571 KBytes  4.68 Mbits/sec  3.617 ms  26/444 (5.9%)  
[  8] 219.00-220.00 sec   610 KBytes  4.99 Mbits/sec  2.161 ms  2/448 (0.45%)  
[  8] 220.00-221.00 sec   610 KBytes  5.00 Mbits/sec  1.367 ms  0/446 (0%)  
[  8] 221.00-222.00 sec   612 KBytes  5.02 Mbits/sec  1.175 ms  1/449 (0.22%)  
[  8] 222.00-223.00 sec   607 KBytes  4.97 Mbits/sec  1.734 ms  1/445 (0.22%)  
[  8] 223.00-224.00 sec   610 KBytes  4.98 Mbits/sec  1.933 ms  1/447 (0.22%)  
[  8] 224.00-225.00 sec   604 KBytes  4.96 Mbits/sec  1.483 ms  4/446 (0.9%)  
[  8] 225.00-226.00 sec   611 KBytes  5.01 Mbits/sec  1.784 ms  0/447 (0%)  
[  8] 226.00-227.00 sec   608 KBytes  4.98 Mbits/sec  1.521 ms  0/445 (0%)  
[  8] 227.00-228.00 sec   593 KBytes  4.86 Mbits/sec  1.179 ms  14/448 (3.1%)  
[  8] 228.00-229.00 sec   607 KBytes  4.97 Mbits/sec  1.540 ms  1/445 (0.22%)  
[  8] 229.00-230.00 sec   599 KBytes  4.91 Mbits/sec  1.402 ms  6/444 (1.4%)  
[  8] 230.00-231.00 sec   610 KBytes  5.00 Mbits/sec  1.540 ms  4/450 (0.89%)  
[  8] 231.00-232.00 sec   597 KBytes  4.89 Mbits/sec  1.736 ms  9/446 (2%)  
[  8] 232.00-233.00 sec   608 KBytes  4.98 Mbits/sec  1.049 ms  2/447 (0.45%)  
[  8] 233.00-234.00 sec   591 KBytes  4.84 Mbits/sec  2.652 ms  12/444 (2.7%)  
[  8] 234.00-235.00 sec   600 KBytes  4.92 Mbits/sec  1.586 ms  10/449 (2.2%)  
[  8] 235.00-236.00 sec   589 KBytes  4.83 Mbits/sec  1.217 ms  11/442 (2.5%)  
[  8] 236.00-237.00 sec   599 KBytes  4.91 Mbits/sec  1.434 ms  13/451 (2.9%)  
[  8] 237.00-238.00 sec   565 KBytes  4.63 Mbits/sec  2.328 ms  33/446 (7.4%)  
[  8] 238.00-239.00 sec   607 KBytes  4.97 Mbits/sec  2.139 ms  0/444 (0%)  
[  8] 239.00-240.00 sec   602 KBytes  4.93 Mbits/sec  1.412 ms  8/448 (1.8%)  
[  8] 240.00-241.00 sec   596 KBytes  4.88 Mbits/sec  1.660 ms  9/445 (2%)  
[  8] 241.00-242.00 sec   611 KBytes  5.01 Mbits/sec  0.955 ms  1/448 (0.22%)  
[  8] 242.00-243.00 sec   606 KBytes  4.96 Mbits/sec  0.996 ms  3/446 (0.67%)  
[  8] 243.00-244.00 sec   607 KBytes  4.97 Mbits/sec  1.541 ms  4/448 (0.89%)  
[  8] 244.00-245.00 sec   602 KBytes  4.93 Mbits/sec  0.899 ms  7/447 (1.6%)  
[  8] 245.00-246.00 sec   608 KBytes  4.99 Mbits/sec  0.970 ms  1/446 (0.22%)  
[  8] 246.00-247.00 sec   610 KBytes  5.00 Mbits/sec  1.254 ms  1/447 (0.22%)  
[  8] 247.00-248.00 sec   604 KBytes  4.94 Mbits/sec  1.839 ms  1/443 (0.23%)  
[  8] 248.00-249.00 sec   597 KBytes  4.90 Mbits/sec  2.201 ms  12/449 (2.7%)  
[  8] 249.00-250.00 sec   606 KBytes  4.96 Mbits/sec  1.807 ms  3/446 (0.67%)  
[  8] 250.00-251.00 sec   603 KBytes  4.94 Mbits/sec  1.430 ms  5/446 (1.1%)  
[  8] 251.00-252.00 sec   603 KBytes  4.94 Mbits/sec  2.014 ms  2/443 (0.45%)  
[  8] 252.00-253.00 sec   591 KBytes  4.84 Mbits/sec  2.391 ms  2/434 (0.46%)  
[  8] 253.00-254.00 sec   561 KBytes  4.59 Mbits/sec  1.614 ms  53/463 (11%)  
[  8] 254.00-255.00 sec   604 KBytes  4.95 Mbits/sec  2.073 ms  3/445 (0.67%)  
[  8] 255.00-256.00 sec   604 KBytes  4.95 Mbits/sec  2.373 ms  4/446 (0.9%)  
[  8] 256.00-257.00 sec   570 KBytes  4.67 Mbits/sec  2.311 ms  27/444 (6.1%)  
[  8] 257.00-258.00 sec   615 KBytes  5.04 Mbits/sec  2.217 ms  1/451 (0.22%)  
[  8] 258.00-259.00 sec   611 KBytes  5.01 Mbits/sec  0.930 ms  0/447 (0%)  
[  8] 259.00-260.00 sec   608 KBytes  4.98 Mbits/sec  1.318 ms  0/445 (0%)  
[  8] 260.00-261.00 sec   602 KBytes  4.93 Mbits/sec  1.934 ms  3/443 (0.68%)  
[  8] 261.00-262.00 sec   600 KBytes  4.92 Mbits/sec  1.523 ms  10/449 (2.2%)  
[  8] 262.00-263.00 sec   606 KBytes  4.96 Mbits/sec  1.204 ms  3/446 (0.67%)  
[  8] 263.00-264.00 sec   556 KBytes  4.55 Mbits/sec  3.113 ms  29/436 (6.7%)  
[  8] 264.00-265.00 sec   589 KBytes  4.83 Mbits/sec  1.884 ms  28/459 (6.1%)  
[  8] 265.00-266.00 sec   606 KBytes  4.96 Mbits/sec  1.590 ms  3/446 (0.67%)  
[  8] 266.00-267.00 sec   592 KBytes  4.85 Mbits/sec  2.084 ms  13/446 (2.9%)  
[  8] 267.00-268.00 sec   578 KBytes  4.74 Mbits/sec  2.562 ms  21/444 (4.7%)  
[  8] 268.00-269.00 sec   593 KBytes  4.86 Mbits/sec  2.240 ms  6/440 (1.4%)  
[  8] 269.00-270.01 sec   577 KBytes  4.70 Mbits/sec  1.976 ms  33/455 (7.3%)  
[  8] 270.01-271.00 sec   589 KBytes  4.86 Mbits/sec  2.198 ms  14/445 (3.1%)  
[  8] 271.00-272.00 sec   603 KBytes  4.94 Mbits/sec  2.173 ms  7/448 (1.6%)  
[  8] 272.00-273.00 sec   561 KBytes  4.59 Mbits/sec  2.502 ms  28/438 (6.4%)  
[  8] 273.00-274.00 sec   593 KBytes  4.86 Mbits/sec  2.071 ms  15/449 (3.3%)  
[  8] 274.00-275.00 sec   582 KBytes  4.77 Mbits/sec  2.589 ms  20/446 (4.5%)  
[  8] 275.00-276.00 sec   593 KBytes  4.86 Mbits/sec  2.072 ms  17/451 (3.8%)  
[  8] 276.00-277.00 sec   595 KBytes  4.87 Mbits/sec  2.479 ms  10/445 (2.2%)  
[  8] 277.00-278.00 sec   573 KBytes  4.69 Mbits/sec  2.764 ms  32/451 (7.1%)  
[  8] 278.00-279.00 sec   574 KBytes  4.71 Mbits/sec  1.851 ms  22/442 (5%)  
[  8] 279.00-280.00 sec   600 KBytes  4.92 Mbits/sec  1.706 ms  9/448 (2%)  
[  8] 280.00-281.00 sec   612 KBytes  5.02 Mbits/sec  1.128 ms  2/450 (0.44%)  
[  8] 281.00-282.00 sec   600 KBytes  4.92 Mbits/sec  1.561 ms  4/443 (0.9%)  
[  8] 282.00-283.00 sec   604 KBytes  4.95 Mbits/sec  1.937 ms  5/447 (1.1%)  
[  8] 283.00-284.00 sec   595 KBytes  4.87 Mbits/sec  1.640 ms  12/447 (2.7%)  
[  8] 284.00-285.00 sec   604 KBytes  4.95 Mbits/sec  1.772 ms  6/448 (1.3%)  
[  8] 285.00-286.00 sec   610 KBytes  5.00 Mbits/sec  1.827 ms  0/446 (0%)  
[  8] 286.00-287.00 sec   580 KBytes  4.75 Mbits/sec  1.842 ms  20/444 (4.5%)  
[  8] 287.00-288.00 sec   599 KBytes  4.90 Mbits/sec  1.880 ms  10/448 (2.2%)  
[  8] 288.00-289.00 sec   551 KBytes  4.52 Mbits/sec  2.025 ms  42/445 (9.4%)  
[  8] 289.00-290.00 sec   610 KBytes  4.98 Mbits/sec  1.952 ms  0/446 (0%)  
[  8] 290.00-291.00 sec   596 KBytes  4.89 Mbits/sec  2.522 ms  8/444 (1.8%)  
[  8] 291.00-292.00 sec   604 KBytes  4.95 Mbits/sec  1.842 ms  8/450 (1.8%)  
[  8] 292.00-293.00 sec   611 KBytes  5.01 Mbits/sec  1.605 ms  1/448 (0.22%)  
[  8] 293.00-294.00 sec   607 KBytes  4.97 Mbits/sec  1.500 ms  3/447 (0.67%)  
[  8] 294.00-295.00 sec   574 KBytes  4.71 Mbits/sec  1.403 ms  24/444 (5.4%)  
[  8] 295.00-296.00 sec   578 KBytes  4.74 Mbits/sec  3.369 ms  19/442 (4.3%)  
[  8] 296.00-297.00 sec   603 KBytes  4.94 Mbits/sec  1.683 ms  11/452 (2.4%)  
[  8] 297.00-298.00 sec   608 KBytes  4.98 Mbits/sec  1.797 ms  0/445 (0%)  
[  8] 298.00-299.00 sec   578 KBytes  4.74 Mbits/sec  3.331 ms  12/435 (2.8%)  
[  8] 299.00-300.00 sec   611 KBytes  5.01 Mbits/sec  1.989 ms  13/460 (2.8%)  
[  8] 300.00-301.00 sec   603 KBytes  4.94 Mbits/sec  1.650 ms  3/444 (0.68%)  
[  8] 301.00-302.00 sec   614 KBytes  5.03 Mbits/sec  1.448 ms  0/449 (0%)  
[  8] 302.00-303.00 sec   606 KBytes  4.96 Mbits/sec  1.696 ms  0/443 (0%)  
[  8] 303.00-304.00 sec   604 KBytes  4.95 Mbits/sec  1.739 ms  5/447 (1.1%)  
[  8] 304.00-305.00 sec   600 KBytes  4.92 Mbits/sec  1.251 ms  8/447 (1.8%)  
[  8] 305.00-306.00 sec   603 KBytes  4.94 Mbits/sec  2.013 ms  6/447 (1.3%)  
[  8] 306.00-307.00 sec   596 KBytes  4.88 Mbits/sec  1.347 ms  8/444 (1.8%)  
[  8] 307.00-308.00 sec   617 KBytes  5.05 Mbits/sec  2.157 ms  0/451 (0%)  
[  8] 308.00-309.00 sec   584 KBytes  4.78 Mbits/sec  1.673 ms  18/445 (4%)  
[  8] 309.00-310.00 sec   596 KBytes  4.89 Mbits/sec  1.359 ms  12/448 (2.7%)  
[  8] 310.00-311.00 sec   573 KBytes  4.69 Mbits/sec  2.095 ms  15/434 (3.5%)  
[  8] 311.00-312.00 sec   587 KBytes  4.80 Mbits/sec  1.970 ms  14/443 (3.2%)  
[  8] 312.00-313.00 sec   604 KBytes  4.95 Mbits/sec  2.189 ms  17/459 (3.7%)  
[  8] 313.00-314.00 sec   607 KBytes  4.97 Mbits/sec  2.183 ms  4/448 (0.89%)  
[  8] 314.00-315.01 sec   603 KBytes  4.92 Mbits/sec  2.314 ms  6/447 (1.3%)  
[  8] 315.01-316.00 sec   599 KBytes  4.93 Mbits/sec  1.672 ms  7/445 (1.6%)  
[  8] 316.00-317.00 sec   593 KBytes  4.86 Mbits/sec  1.632 ms  13/447 (2.9%)  
[  8] 317.00-318.00 sec   610 KBytes  5.00 Mbits/sec  1.796 ms  0/446 (0%)  
[  8] 318.00-319.00 sec   600 KBytes  4.92 Mbits/sec  1.782 ms  8/447 (1.8%)  
[  8] 319.00-320.00 sec   607 KBytes  4.97 Mbits/sec  2.309 ms  1/445 (0.22%)  
[  8] 320.00-321.00 sec   614 KBytes  5.04 Mbits/sec  1.472 ms  0/449 (0%)  
[  8] 321.00-322.00 sec   610 KBytes  5.00 Mbits/sec  1.669 ms  0/446 (0%)  
[  8] 322.00-323.00 sec   593 KBytes  4.86 Mbits/sec  1.407 ms  12/446 (2.7%)  
[  8] 323.00-324.00 sec   606 KBytes  4.96 Mbits/sec  2.173 ms  2/445 (0.45%)  
[  8] 324.00-325.00 sec   608 KBytes  4.98 Mbits/sec  1.940 ms  0/445 (0%)  
[  8] 325.00-326.00 sec   610 KBytes  4.99 Mbits/sec  2.345 ms  2/448 (0.45%)  
[  8] 326.00-327.00 sec   607 KBytes  4.97 Mbits/sec  2.149 ms  0/444 (0%)  
[  8] 327.00-328.00 sec   610 KBytes  5.00 Mbits/sec  2.069 ms  1/447 (0.22%)  
[  8] 328.00-329.00 sec   607 KBytes  4.97 Mbits/sec  1.536 ms  3/447 (0.67%)  
[  8] 329.00-330.00 sec   614 KBytes  5.03 Mbits/sec  1.620 ms  0/449 (0%)  
[  8] 330.00-331.00 sec   608 KBytes  4.99 Mbits/sec  1.288 ms  2/447 (0.45%)  
[  8] 331.00-332.00 sec   602 KBytes  4.93 Mbits/sec  1.947 ms  4/444 (0.9%)  
[  8] 332.00-333.00 sec   611 KBytes  5.01 Mbits/sec  0.948 ms  2/449 (0.45%)  
[  8] 333.00-334.00 sec   602 KBytes  4.93 Mbits/sec  1.329 ms  6/446 (1.3%)  
[  8] 334.00-335.00 sec   611 KBytes  5.01 Mbits/sec  0.795 ms  0/447 (0%)  
[  8] 335.00-336.00 sec   573 KBytes  4.69 Mbits/sec  1.628 ms  25/444 (5.6%)  
[  8] 336.00-337.00 sec   612 KBytes  5.02 Mbits/sec  1.187 ms  1/449 (0.22%)  
[  8] 337.00-338.00 sec   600 KBytes  4.91 Mbits/sec  1.944 ms  8/447 (1.8%)  
[  8] 338.00-339.00 sec   582 KBytes  4.77 Mbits/sec  2.461 ms  14/440 (3.2%)  
[  8] 339.00-340.00 sec   614 KBytes  5.03 Mbits/sec  1.970 ms  3/452 (0.66%)  
[  8] 340.00-340.01 sec  4.10 KBytes  2.50 Mbits/sec  2.296 ms  0/3 (0%)  
- - - - - - - - - - - - - - - - - - - - - - - - -
[ ID] Interval           Transfer     Bitrate         Jitter    Lost/Total Datagrams
[  8]   0.00-340.01 sec   199 MBytes  4.90 Mbits/sec  2.296 ms  3035/151786 (2%)  receiver
