-----------------------------------------------------------
Server listening on 5201 (test #1)
-----------------------------------------------------------
Accepted connection from 10.0.0.17, port 33464
[  8] local 10.0.0.49 port 5201 connected to 10.0.0.17 port 34426
[ ID] Interval           Transfer     Bitrate         Jitter    Lost/Total Datagrams
[  8]   0.00-1.00   sec  2.20 MBytes  18.5 Mbits/sec  0.582 ms  123/1774 (6.9%)  
[  8]   1.00-2.00   sec  2.39 MBytes  20.0 Mbits/sec  0.530 ms  1/1790 (0.056%)  
[  8]   2.00-3.00   sec  2.36 MBytes  19.8 Mbits/sec  0.699 ms  9/1776 (0.51%)  
[  8]   3.00-4.00   sec  2.40 MBytes  20.1 Mbits/sec  0.407 ms  0/1796 (0%)  
[  8]   4.00-5.00   sec  2.38 MBytes  20.0 Mbits/sec  0.600 ms  0/1786 (0%)  
[  8]   5.00-6.00   sec  2.13 MBytes  17.9 Mbits/sec  0.553 ms  190/1786 (11%)  
[  8]   6.00-7.00   sec  2.36 MBytes  19.8 Mbits/sec  0.666 ms  15/1785 (0.84%)  
[  8]   7.00-8.00   sec  2.38 MBytes  20.0 Mbits/sec  0.637 ms  2/1784 (0.11%)  
[  8]   8.00-9.00   sec  2.35 MBytes  19.7 Mbits/sec  0.855 ms  14/1776 (0.79%)  
[  8]   9.00-10.00  sec  2.37 MBytes  19.9 Mbits/sec  0.496 ms  19/1796 (1.1%)  
[  8]  10.00-11.00  sec  2.37 MBytes  19.9 Mbits/sec  0.472 ms  8/1786 (0.45%)  
[  8]  11.00-12.00  sec  2.36 MBytes  19.8 Mbits/sec  0.849 ms  16/1781 (0.9%)  
[  8]  12.00-13.00  sec  2.38 MBytes  19.9 Mbits/sec  0.541 ms  13/1792 (0.73%)  
[  8]  13.00-14.00  sec  2.25 MBytes  18.8 Mbits/sec  0.583 ms  102/1784 (5.7%)  
[  8]  14.00-15.00  sec  2.39 MBytes  20.0 Mbits/sec  0.468 ms  0/1787 (0%)  
[  8]  15.00-16.00  sec  2.38 MBytes  20.0 Mbits/sec  0.545 ms  0/1785 (0%)  
[  8]  16.00-17.00  sec  2.39 MBytes  20.0 Mbits/sec  0.369 ms  0/1787 (0%)  
[  8]  17.00-18.00  sec  2.38 MBytes  20.0 Mbits/sec  0.647 ms  1/1783 (0.056%)  
[  8]  18.00-19.00  sec  2.37 MBytes  19.9 Mbits/sec  0.626 ms  9/1784 (0.5%)  
[  8]  19.00-20.00  sec  2.39 MBytes  20.0 Mbits/sec  0.499 ms  1/1790 (0.056%)  
[  8]  20.00-21.00  sec  2.38 MBytes  20.0 Mbits/sec  0.523 ms  0/1784 (0%)  
[  8]  21.00-22.00  sec  2.39 MBytes  20.0 Mbits/sec  0.493 ms  0/1787 (0%)  
[  8]  22.00-23.00  sec  2.38 MBytes  20.0 Mbits/sec  0.501 ms  0/1786 (0%)  
[  8]  23.00-24.00  sec  2.36 MBytes  19.8 Mbits/sec  0.911 ms  2/1770 (0.11%)  
[  8]  24.00-25.00  sec  2.40 MBytes  20.2 Mbits/sec  0.804 ms  2/1803 (0.11%)  
[  8]  25.00-26.00  sec  2.38 MBytes  20.0 Mbits/sec  0.520 ms  0/1780 (0%)  
[  8]  26.00-27.00  sec  2.35 MBytes  19.7 Mbits/sec  0.416 ms  33/1790 (1.8%)  
[  8]  27.00-28.00  sec  2.38 MBytes  19.9 Mbits/sec  0.618 ms  0/1779 (0%)  
[  8]  28.00-29.00  sec  2.38 MBytes  19.9 Mbits/sec  0.518 ms  11/1790 (0.61%)  
[  8]  29.00-30.00  sec  2.38 MBytes  20.0 Mbits/sec  0.305 ms  2/1788 (0.11%)  
[  8]  30.00-31.00  sec  2.37 MBytes  19.9 Mbits/sec  0.760 ms  1/1779 (0.056%)  
[  8]  31.00-32.00  sec  2.39 MBytes  20.1 Mbits/sec  0.330 ms  0/1791 (0%)  
[  8]  32.00-33.00  sec  2.38 MBytes  20.0 Mbits/sec  0.448 ms  0/1782 (0%)  
[  8]  33.00-34.00  sec  2.36 MBytes  19.8 Mbits/sec  0.725 ms  10/1779 (0.56%)  
[  8]  34.00-35.00  sec  2.40 MBytes  20.1 Mbits/sec  0.620 ms  2/1796 (0.11%)  
[  8]  35.00-36.00  sec  2.23 MBytes  18.6 Mbits/sec  0.735 ms  18/1687 (1.1%)  
[  8]  36.00-37.00  sec  2.46 MBytes  20.7 Mbits/sec  0.683 ms  33/1877 (1.8%)  
[  8]  37.00-38.00  sec  2.39 MBytes  20.0 Mbits/sec  0.669 ms  0/1788 (0%)  
[  8]  38.00-39.00  sec  2.36 MBytes  19.8 Mbits/sec  0.715 ms  8/1774 (0.45%)  
[  8]  39.00-40.00  sec  2.40 MBytes  20.1 Mbits/sec  0.626 ms  4/1801 (0.22%)  
[  8]  40.00-41.00  sec  2.38 MBytes  20.0 Mbits/sec  0.550 ms  5/1788 (0.28%)  
[  8]  41.00-42.00  sec  2.37 MBytes  19.9 Mbits/sec  0.629 ms  8/1784 (0.45%)  
[  8]  42.00-43.00  sec  2.38 MBytes  20.0 Mbits/sec  0.558 ms  2/1784 (0.11%)  
[  8]  43.00-44.00  sec  2.37 MBytes  19.9 Mbits/sec  0.361 ms  12/1787 (0.67%)  
[  8]  44.00-45.00  sec  2.35 MBytes  19.7 Mbits/sec  0.489 ms  17/1780 (0.96%)  
[  8]  45.00-46.00  sec  2.39 MBytes  20.1 Mbits/sec  0.434 ms  1/1793 (0.056%)  
[  8]  46.00-47.00  sec  2.34 MBytes  19.6 Mbits/sec  0.919 ms  17/1766 (0.96%)  
[  8]  47.00-48.00  sec  2.39 MBytes  20.0 Mbits/sec  0.440 ms  14/1804 (0.78%)  
[  8]  48.00-49.00  sec  2.31 MBytes  19.3 Mbits/sec  0.804 ms  39/1767 (2.2%)  
[  8]  49.00-50.01  sec  2.40 MBytes  20.0 Mbits/sec  0.711 ms  9/1806 (0.5%)  
[  8]  50.01-51.01  sec  2.39 MBytes  20.0 Mbits/sec  0.518 ms  8/1798 (0.44%)  
[  8]  51.01-52.00  sec  2.37 MBytes  20.0 Mbits/sec  0.597 ms  2/1775 (0.11%)  
[  8]  52.00-53.00  sec  2.38 MBytes  20.0 Mbits/sec  0.387 ms  2/1784 (0.11%)  
[  8]  53.00-54.00  sec  2.38 MBytes  20.0 Mbits/sec  0.568 ms  0/1784 (0%)  
[  8]  54.00-55.00  sec  2.37 MBytes  19.9 Mbits/sec  0.388 ms  13/1787 (0.73%)  
[  8]  55.00-56.00  sec  2.37 MBytes  19.9 Mbits/sec  0.569 ms  8/1783 (0.45%)  
[  8]  56.00-57.00  sec  2.38 MBytes  20.0 Mbits/sec  0.554 ms  4/1787 (0.22%)  
[  8]  57.00-58.00  sec  2.38 MBytes  19.9 Mbits/sec  0.537 ms  5/1786 (0.28%)  
[  8]  58.00-59.00  sec  2.39 MBytes  20.0 Mbits/sec  0.425 ms  2/1789 (0.11%)  
[  8]  59.00-60.00  sec  2.38 MBytes  20.0 Mbits/sec  0.448 ms  0/1783 (0%)  
[  8]  60.00-61.00  sec  2.39 MBytes  20.0 Mbits/sec  0.648 ms  0/1788 (0%)  
[  8]  61.00-62.00  sec  2.36 MBytes  19.8 Mbits/sec  0.724 ms  6/1770 (0.34%)  
[  8]  62.00-63.00  sec  2.28 MBytes  19.1 Mbits/sec  0.864 ms  80/1784 (4.5%)  
[  8]  63.00-64.00  sec  1.87 MBytes  15.7 Mbits/sec  1.150 ms  301/1703 (18%)  
[  8]  64.00-65.00  sec  2.28 MBytes  19.1 Mbits/sec  0.720 ms  178/1883 (9.5%)  
[  8]  65.00-66.00  sec  1.96 MBytes  16.5 Mbits/sec  0.650 ms  305/1775 (17%)  
[  8]  66.00-67.00  sec  2.20 MBytes  18.5 Mbits/sec  1.326 ms  52/1703 (3.1%)  
[  8]  67.00-68.00  sec  2.03 MBytes  17.0 Mbits/sec  0.946 ms  245/1765 (14%)  
[  8]  68.00-69.00  sec  2.09 MBytes  17.6 Mbits/sec  0.857 ms  248/1816 (14%)  
[  8]  69.00-70.00  sec  1.75 MBytes  14.7 Mbits/sec  0.643 ms  404/1718 (24%)  
[  8]  70.00-71.00  sec  1.56 MBytes  13.1 Mbits/sec  1.362 ms  560/1726 (32%)  
[  8]  71.00-72.00  sec  2.49 MBytes  20.9 Mbits/sec  0.439 ms  120/1986 (6%)  
[  8]  72.00-73.00  sec  2.37 MBytes  19.9 Mbits/sec  0.770 ms  15/1789 (0.84%)  
[  8]  73.00-74.00  sec  2.36 MBytes  19.8 Mbits/sec  0.559 ms  25/1793 (1.4%)  
[  8]  74.00-75.00  sec  2.24 MBytes  18.8 Mbits/sec  0.453 ms  94/1773 (5.3%)  
[  8]  75.00-76.00  sec  2.39 MBytes  20.0 Mbits/sec  0.831 ms  2/1789 (0.11%)  
[  8]  76.00-77.00  sec  2.38 MBytes  19.9 Mbits/sec  0.496 ms  15/1796 (0.84%)  
[  8]  77.00-78.00  sec  2.36 MBytes  19.8 Mbits/sec  0.647 ms  18/1782 (1%)  
[  8]  78.00-79.00  sec  2.32 MBytes  19.5 Mbits/sec  0.376 ms  50/1791 (2.8%)  
[  8]  79.00-80.00  sec  2.35 MBytes  19.7 Mbits/sec  0.553 ms  27/1785 (1.5%)  
[  8]  80.00-81.00  sec  2.37 MBytes  19.9 Mbits/sec  0.812 ms  7/1782 (0.39%)  
[  8]  81.00-82.00  sec  2.33 MBytes  19.6 Mbits/sec  0.654 ms  38/1786 (2.1%)  
[  8]  82.00-83.00  sec  2.35 MBytes  19.7 Mbits/sec  0.682 ms  23/1786 (1.3%)  
[  8]  83.00-84.00  sec  1.93 MBytes  16.2 Mbits/sec  0.839 ms  267/1716 (16%)  
[  8]  84.00-85.00  sec  1.80 MBytes  15.1 Mbits/sec  0.716 ms  403/1752 (23%)  
[  8]  85.00-86.00  sec  1.77 MBytes  14.8 Mbits/sec  0.685 ms  529/1852 (29%)  
[  8]  86.00-87.00  sec  2.19 MBytes  18.4 Mbits/sec  0.833 ms  141/1785 (7.9%)  
[  8]  87.00-88.00  sec  1.94 MBytes  16.3 Mbits/sec  0.853 ms  351/1807 (19%)  
[  8]  88.00-89.00  sec  2.20 MBytes  18.5 Mbits/sec  0.560 ms  136/1785 (7.6%)  
[  8]  89.00-90.00  sec  2.11 MBytes  17.7 Mbits/sec  0.684 ms  174/1755 (9.9%)  
[  8]  90.00-91.00  sec  2.36 MBytes  19.8 Mbits/sec  0.520 ms  55/1824 (3%)  
[  8]  91.00-92.00  sec  2.30 MBytes  19.3 Mbits/sec  0.362 ms  72/1792 (4%)  
[  8]  92.00-93.00  sec  2.27 MBytes  19.0 Mbits/sec  0.437 ms  50/1747 (2.9%)  
[  8]  93.00-94.00  sec  2.21 MBytes  18.5 Mbits/sec  0.624 ms  136/1790 (7.6%)  
[  8]  94.00-95.00  sec  2.09 MBytes  17.5 Mbits/sec  0.706 ms  88/1652 (5.3%)  
[  8]  95.00-96.00  sec  2.35 MBytes  19.7 Mbits/sec  0.563 ms  192/1955 (9.8%)  
[  8]  96.00-97.00  sec  2.33 MBytes  19.5 Mbits/sec  1.040 ms  23/1765 (1.3%)  
[  8]  97.00-98.00  sec  2.26 MBytes  18.9 Mbits/sec  0.923 ms  70/1759 (4%)  
[  8]  98.00-99.00  sec  2.13 MBytes  17.9 Mbits/sec  0.643 ms  241/1837 (13%)  
[  8]  99.00-100.00 sec  2.38 MBytes  20.0 Mbits/sec  0.424 ms  0/1784 (0%)  
[  8] 100.00-101.00 sec  2.38 MBytes  20.0 Mbits/sec  0.581 ms  4/1786 (0.22%)  
[  8] 101.00-102.00 sec  2.38 MBytes  20.0 Mbits/sec  0.661 ms  0/1783 (0%)  
[  8] 102.00-103.00 sec  2.39 MBytes  20.0 Mbits/sec  0.536 ms  0/1788 (0%)  
[  8] 103.00-104.00 sec  2.38 MBytes  19.9 Mbits/sec  0.701 ms  2/1784 (0.11%)  
[  8] 104.00-105.00 sec  2.39 MBytes  20.0 Mbits/sec  0.612 ms  0/1788 (0%)  
[  8] 105.00-106.00 sec  2.38 MBytes  19.9 Mbits/sec  0.385 ms  9/1788 (0.5%)  
[  8] 106.00-107.00 sec  2.39 MBytes  20.0 Mbits/sec  0.518 ms  0/1787 (0%)  
[  8] 107.00-108.00 sec  2.39 MBytes  20.0 Mbits/sec  0.484 ms  0/1787 (0%)  
[  8] 108.00-109.00 sec  2.38 MBytes  20.0 Mbits/sec  0.598 ms  2/1784 (0.11%)  
[  8] 109.00-110.00 sec  2.36 MBytes  19.8 Mbits/sec  0.413 ms  21/1785 (1.2%)  
[  8] 110.00-111.00 sec  2.22 MBytes  18.6 Mbits/sec  0.481 ms  127/1789 (7.1%)  
[  8] 111.00-112.00 sec  2.38 MBytes  19.9 Mbits/sec  0.435 ms  1/1780 (0.056%)  
[  8] 112.00-113.00 sec  2.33 MBytes  19.5 Mbits/sec  0.561 ms  6/1748 (0.34%)  
[  8] 113.00-114.00 sec  2.44 MBytes  20.4 Mbits/sec  0.641 ms  0/1825 (0%)  
[  8] 114.00-115.00 sec  2.38 MBytes  20.0 Mbits/sec  0.536 ms  0/1786 (0%)  
[  8] 115.00-116.00 sec  2.38 MBytes  20.0 Mbits/sec  0.445 ms  0/1781 (0%)  
[  8] 116.00-117.00 sec  2.39 MBytes  20.0 Mbits/sec  0.446 ms  3/1791 (0.17%)  
[  8] 117.00-118.00 sec  2.38 MBytes  20.0 Mbits/sec  0.466 ms  0/1783 (0%)  
[  8] 118.00-119.00 sec  2.36 MBytes  19.8 Mbits/sec  0.871 ms  11/1781 (0.62%)  
[  8] 119.00-120.00 sec  2.24 MBytes  18.8 Mbits/sec  0.889 ms  77/1758 (4.4%)  
[  8] 120.00-121.00 sec  2.38 MBytes  19.9 Mbits/sec  0.825 ms  30/1811 (1.7%)  
[  8] 121.00-122.00 sec  2.28 MBytes  19.2 Mbits/sec  0.650 ms  75/1786 (4.2%)  
[  8] 122.00-123.00 sec  2.31 MBytes  19.4 Mbits/sec  1.123 ms  15/1746 (0.86%)  
[  8] 123.00-124.00 sec  1.93 MBytes  16.2 Mbits/sec  0.661 ms  383/1829 (21%)  
[  8] 124.00-125.00 sec  2.39 MBytes  20.0 Mbits/sec  0.564 ms  1/1790 (0.056%)  
[  8] 125.00-126.00 sec  2.39 MBytes  20.0 Mbits/sec  0.573 ms  0/1788 (0%)  
[  8] 126.00-127.00 sec  2.38 MBytes  20.0 Mbits/sec  0.464 ms  0/1784 (0%)  
[  8] 127.00-128.00 sec  2.38 MBytes  20.0 Mbits/sec  0.474 ms  0/1784 (0%)  
[  8] 128.00-129.00 sec  2.36 MBytes  19.8 Mbits/sec  0.168 ms  20/1790 (1.1%)  
[  8] 129.00-130.00 sec  2.37 MBytes  19.9 Mbits/sec  0.628 ms  7/1784 (0.39%)  
[  8] 130.00-131.00 sec  2.38 MBytes  20.0 Mbits/sec  0.321 ms  0/1783 (0%)  
[  8] 131.00-132.00 sec  2.38 MBytes  20.0 Mbits/sec  0.491 ms  0/1784 (0%)  
[  8] 132.00-133.00 sec  2.35 MBytes  19.7 Mbits/sec  0.486 ms  31/1788 (1.7%)  
[  8] 133.00-134.00 sec  2.35 MBytes  19.7 Mbits/sec  0.521 ms  27/1786 (1.5%)  
[  8] 134.00-135.00 sec  2.38 MBytes  19.9 Mbits/sec  0.320 ms  3/1782 (0.17%)  
[  8] 135.00-136.00 sec  2.39 MBytes  20.1 Mbits/sec  0.385 ms  0/1792 (0%)  
[  8] 136.00-137.00 sec  2.37 MBytes  19.9 Mbits/sec  0.468 ms  0/1774 (0%)  
[  8] 137.00-138.00 sec  2.37 MBytes  19.9 Mbits/sec  0.694 ms  2/1776 (0.11%)  
[  8] 138.00-139.00 sec  2.41 MBytes  20.2 Mbits/sec  0.282 ms  0/1806 (0%)  
[  8] 139.00-140.00 sec  2.38 MBytes  20.0 Mbits/sec  0.440 ms  0/1786 (0%)  
[  8] 140.00-141.00 sec  2.34 MBytes  19.7 Mbits/sec  0.213 ms  4/1759 (0.23%)  
[  8] 141.00-142.00 sec  2.37 MBytes  19.9 Mbits/sec  0.749 ms  10/1786 (0.56%)  
[  8] 142.00-143.00 sec  2.38 MBytes  20.0 Mbits/sec  0.492 ms  16/1800 (0.89%)  
[  8] 143.00-144.00 sec  2.40 MBytes  20.1 Mbits/sec  0.505 ms  3/1800 (0.17%)  
[  8] 144.00-145.00 sec  2.37 MBytes  19.9 Mbits/sec  0.280 ms  1/1778 (0.056%)  
[  8] 145.00-146.00 sec  2.25 MBytes  18.8 Mbits/sec  0.945 ms  67/1749 (3.8%)  
[  8] 146.00-147.00 sec  2.30 MBytes  19.3 Mbits/sec  0.561 ms  101/1826 (5.5%)  
[  8] 147.00-148.00 sec  2.36 MBytes  19.8 Mbits/sec  0.413 ms  23/1790 (1.3%)  
[  8] 148.00-149.00 sec  2.36 MBytes  19.8 Mbits/sec  0.956 ms  0/1769 (0%)  
[  8] 149.00-150.00 sec  2.22 MBytes  18.7 Mbits/sec  0.648 ms  126/1791 (7%)  
[  8] 150.00-151.00 sec  2.37 MBytes  19.9 Mbits/sec  0.637 ms  16/1792 (0.89%)  
[  8] 151.00-152.00 sec  2.34 MBytes  19.6 Mbits/sec  0.637 ms  40/1789 (2.2%)  
[  8] 152.00-153.00 sec  2.24 MBytes  18.8 Mbits/sec  0.580 ms  113/1789 (6.3%)  
[  8] 153.00-154.00 sec  2.36 MBytes  19.8 Mbits/sec  0.510 ms  0/1769 (0%)  
[  8] 154.00-155.00 sec  2.40 MBytes  20.1 Mbits/sec  0.549 ms  0/1798 (0%)  
[  8] 155.00-156.00 sec  2.38 MBytes  20.0 Mbits/sec  0.414 ms  3/1787 (0.17%)  
[  8] 156.00-157.00 sec  2.31 MBytes  19.4 Mbits/sec  0.835 ms  9/1742 (0.52%)  
[  8] 157.00-158.00 sec  2.44 MBytes  20.5 Mbits/sec  0.531 ms  2/1830 (0.11%)  
[  8] 158.00-159.00 sec  2.38 MBytes  20.0 Mbits/sec  0.521 ms  2/1786 (0.11%)  
[  8] 159.00-160.00 sec  2.29 MBytes  19.2 Mbits/sec  0.838 ms  33/1748 (1.9%)  
[  8] 160.00-161.00 sec  2.42 MBytes  20.3 Mbits/sec  0.448 ms  9/1819 (0.49%)  
[  8] 161.00-162.00 sec  2.36 MBytes  19.8 Mbits/sec  0.694 ms  17/1787 (0.95%)  
[  8] 162.00-163.00 sec  2.37 MBytes  19.9 Mbits/sec  0.462 ms  13/1789 (0.73%)  
[  8] 163.00-164.00 sec  2.35 MBytes  19.7 Mbits/sec  0.660 ms  25/1784 (1.4%)  
[  8] 164.00-165.00 sec  2.36 MBytes  19.8 Mbits/sec  0.767 ms  10/1780 (0.56%)  
[  8] 165.00-166.00 sec  2.39 MBytes  20.0 Mbits/sec  0.544 ms  0/1789 (0%)  
[  8] 166.00-167.00 sec  2.39 MBytes  20.0 Mbits/sec  0.507 ms  0/1790 (0%)  
[  8] 167.00-168.00 sec  2.36 MBytes  19.8 Mbits/sec  0.984 ms  4/1770 (0.23%)  
[  8] 168.00-169.00 sec  2.38 MBytes  19.9 Mbits/sec  0.512 ms  17/1799 (0.94%)  
[  8] 169.00-170.00 sec  2.31 MBytes  19.4 Mbits/sec  0.640 ms  57/1786 (3.2%)  
[  8] 170.00-171.00 sec  2.36 MBytes  19.8 Mbits/sec  0.672 ms  19/1786 (1.1%)  
[  8] 171.00-172.00 sec  2.32 MBytes  19.5 Mbits/sec  0.598 ms  27/1768 (1.5%)  
[  8] 172.00-173.00 sec  2.41 MBytes  20.2 Mbits/sec  0.542 ms  0/1802 (0%)  
[  8] 173.00-174.00 sec  2.37 MBytes  19.9 Mbits/sec  0.397 ms  9/1787 (0.5%)  
[  8] 174.00-175.00 sec  2.36 MBytes  19.8 Mbits/sec  0.198 ms  15/1786 (0.84%)  
[  8] 175.00-176.00 sec  2.38 MBytes  19.9 Mbits/sec  0.160 ms  1/1782 (0.056%)  
[  8] 176.00-177.00 sec  2.38 MBytes  20.0 Mbits/sec  0.582 ms  4/1789 (0.22%)  
[  8] 177.00-178.00 sec  2.38 MBytes  20.0 Mbits/sec  0.425 ms  0/1784 (0%)  
[  8] 178.00-179.00 sec  2.38 MBytes  19.9 Mbits/sec  0.183 ms  0/1779 (0%)  
[  8] 179.00-180.00 sec  2.37 MBytes  19.9 Mbits/sec  0.630 ms  16/1789 (0.89%)  
[  8] 180.00-181.00 sec  2.36 MBytes  19.8 Mbits/sec  0.490 ms  10/1780 (0.56%)  
[  8] 181.00-182.00 sec  2.34 MBytes  19.6 Mbits/sec  0.606 ms  44/1797 (2.4%)  
[  8] 182.00-183.00 sec  2.34 MBytes  19.6 Mbits/sec  0.725 ms  33/1782 (1.9%)  
[  8] 183.00-184.00 sec  2.33 MBytes  19.6 Mbits/sec  1.327 ms  21/1768 (1.2%)  
[  8] 184.00-185.00 sec  2.37 MBytes  19.9 Mbits/sec  0.532 ms  34/1807 (1.9%)  
[  8] 185.00-186.00 sec  2.38 MBytes  20.0 Mbits/sec  0.565 ms  0/1786 (0%)  
[  8] 186.00-187.00 sec  2.36 MBytes  19.8 Mbits/sec  0.620 ms  11/1782 (0.62%)  
[  8] 187.00-188.00 sec  2.39 MBytes  20.0 Mbits/sec  0.391 ms  0/1789 (0%)  
[  8] 188.00-189.00 sec  2.36 MBytes  19.8 Mbits/sec  0.675 ms  10/1780 (0.56%)  
[  8] 189.00-190.00 sec  2.38 MBytes  20.0 Mbits/sec  0.583 ms  6/1788 (0.34%)  
[  8] 190.00-191.00 sec  2.39 MBytes  20.0 Mbits/sec  0.448 ms  0/1790 (0%)  
[  8] 191.00-192.00 sec  2.36 MBytes  19.8 Mbits/sec  0.652 ms  7/1776 (0.39%)  
[  8] 192.00-193.00 sec  2.37 MBytes  19.9 Mbits/sec  0.501 ms  16/1793 (0.89%)  
[  8] 193.00-194.00 sec  2.37 MBytes  19.9 Mbits/sec  0.546 ms  6/1782 (0.34%)  
[  8] 194.00-195.00 sec  2.26 MBytes  18.9 Mbits/sec  0.595 ms  102/1793 (5.7%)  
[  8] 195.00-196.00 sec  2.36 MBytes  19.8 Mbits/sec  0.698 ms  8/1775 (0.45%)  
[  8] 196.00-197.00 sec  2.39 MBytes  20.1 Mbits/sec  0.374 ms  0/1793 (0%)  
[  8] 197.00-198.00 sec  2.34 MBytes  19.6 Mbits/sec  0.525 ms  32/1784 (1.8%)  
[  8] 198.00-199.00 sec  2.35 MBytes  19.7 Mbits/sec  0.630 ms  26/1784 (1.5%)  
[  8] 199.00-200.00 sec  2.26 MBytes  18.9 Mbits/sec  0.562 ms  102/1791 (5.7%)  
[  8] 200.00-201.00 sec  2.36 MBytes  19.8 Mbits/sec  0.213 ms  16/1786 (0.9%)  
[  8] 201.00-202.00 sec  2.37 MBytes  19.9 Mbits/sec  0.614 ms  10/1787 (0.56%)  
[  8] 202.00-203.00 sec  2.37 MBytes  19.9 Mbits/sec  0.495 ms  8/1782 (0.45%)  
[  8] 203.00-204.00 sec  2.38 MBytes  20.0 Mbits/sec  0.518 ms  0/1784 (0%)  
[  8] 204.00-205.00 sec  2.33 MBytes  19.5 Mbits/sec  0.600 ms  36/1779 (2%)  
[  8] 205.00-206.00 sec  2.40 MBytes  20.1 Mbits/sec  0.607 ms  0/1795 (0%)  
[  8] 206.00-207.00 sec  2.37 MBytes  19.9 Mbits/sec  0.643 ms  0/1778 (0%)  
[  8] 207.00-208.00 sec  2.39 MBytes  20.1 Mbits/sec  0.251 ms  3/1794 (0.17%)  
[  8] 208.00-209.00 sec  2.38 MBytes  20.0 Mbits/sec  0.825 ms  0/1782 (0%)  
[  8] 209.00-210.00 sec  2.37 MBytes  19.9 Mbits/sec  0.778 ms  3/1779 (0.17%)  
[  8] 210.00-211.00 sec  2.37 MBytes  19.9 Mbits/sec  0.699 ms  21/1795 (1.2%)  
[  8] 211.00-212.00 sec  2.38 MBytes  20.0 Mbits/sec  0.527 ms  4/1789 (0.22%)  
[  8] 212.00-213.00 sec  2.32 MBytes  19.5 Mbits/sec  0.454 ms  41/1780 (2.3%)  
[  8] 213.00-214.00 sec  2.39 MBytes  20.1 Mbits/sec  0.396 ms  0/1791 (0%)  
[  8] 214.00-215.00 sec  2.38 MBytes  20.0 Mbits/sec  0.485 ms  0/1784 (0%)  
[  8] 215.00-216.00 sec  2.39 MBytes  20.0 Mbits/sec  0.296 ms  0/1788 (0%)  
[  8] 216.00-217.00 sec  2.38 MBytes  20.0 Mbits/sec  0.172 ms  0/1785 (0%)  
[  8] 217.00-218.00 sec  2.38 MBytes  20.0 Mbits/sec  0.527 ms  0/1784 (0%)  
[  8] 218.00-219.00 sec  2.24 MBytes  18.8 Mbits/sec  0.439 ms  106/1783 (5.9%)  
[  8] 219.00-220.00 sec  2.30 MBytes  19.3 Mbits/sec  0.383 ms  70/1789 (3.9%)  
[  8] 220.00-221.00 sec  2.31 MBytes  19.4 Mbits/sec  0.679 ms  54/1787 (3%)  
[  8] 221.00-222.00 sec  2.37 MBytes  19.9 Mbits/sec  0.501 ms  6/1784 (0.34%)  
[  8] 222.00-223.00 sec  2.37 MBytes  19.9 Mbits/sec  0.611 ms  10/1786 (0.56%)  
[  8] 223.00-224.00 sec  2.36 MBytes  19.8 Mbits/sec  0.565 ms  15/1786 (0.84%)  
[  8] 224.00-225.00 sec  2.37 MBytes  19.9 Mbits/sec  0.402 ms  10/1784 (0.56%)  
[  8] 225.00-226.00 sec  2.37 MBytes  19.9 Mbits/sec  0.401 ms  9/1787 (0.5%)  
[  8] 226.00-227.00 sec  2.37 MBytes  19.9 Mbits/sec  0.367 ms  2/1779 (0.11%)  
[  8] 227.00-228.00 sec  2.39 MBytes  20.0 Mbits/sec  0.341 ms  0/1788 (0%)  
[  8] 228.00-229.00 sec  2.34 MBytes  19.6 Mbits/sec  0.253 ms  29/1780 (1.6%)  
[  8] 229.00-230.00 sec  2.28 MBytes  19.2 Mbits/sec  0.427 ms  71/1782 (4%)  
[  8] 230.00-231.00 sec  2.32 MBytes  19.4 Mbits/sec  0.431 ms  60/1796 (3.3%)  
[  8] 231.00-232.00 sec  2.34 MBytes  19.7 Mbits/sec  0.409 ms  24/1777 (1.4%)  
[  8] 232.00-233.00 sec  2.40 MBytes  20.1 Mbits/sec  0.385 ms  0/1797 (0%)  
[  8] 233.00-234.00 sec  2.34 MBytes  19.7 Mbits/sec  0.173 ms  29/1785 (1.6%)  
[  8] 234.00-235.00 sec  2.38 MBytes  20.0 Mbits/sec  0.572 ms  4/1786 (0.22%)  
[  8] 235.00-236.00 sec  2.35 MBytes  19.7 Mbits/sec  0.458 ms  5/1766 (0.28%)  
[  8] 236.00-237.00 sec  2.40 MBytes  20.1 Mbits/sec  0.381 ms  14/1810 (0.77%)  
[  8] 237.00-238.00 sec  2.37 MBytes  19.9 Mbits/sec  0.761 ms  1/1775 (0.056%)  
[  8] 238.00-239.00 sec  2.39 MBytes  20.0 Mbits/sec  0.726 ms  3/1790 (0.17%)  
[  8] 239.00-240.00 sec  2.34 MBytes  19.6 Mbits/sec  0.645 ms  37/1786 (2.1%)  
[  8] 240.00-241.00 sec  2.38 MBytes  20.0 Mbits/sec  0.512 ms  4/1789 (0.22%)  
[  8] 241.00-242.00 sec  2.38 MBytes  20.0 Mbits/sec  0.366 ms  0/1786 (0%)  
[  8] 242.00-243.00 sec  2.38 MBytes  19.9 Mbits/sec  0.416 ms  7/1787 (0.39%)  
[  8] 243.00-244.00 sec  2.30 MBytes  19.3 Mbits/sec  0.582 ms  63/1784 (3.5%)  
[  8] 244.00-245.00 sec  2.35 MBytes  19.7 Mbits/sec  0.292 ms  25/1788 (1.4%)  
[  8] 245.00-246.00 sec  2.37 MBytes  19.9 Mbits/sec  0.441 ms  6/1780 (0.34%)  
[  8] 246.00-247.00 sec  2.39 MBytes  20.0 Mbits/sec  0.487 ms  2/1791 (0.11%)  
[  8] 247.00-248.00 sec  2.38 MBytes  19.9 Mbits/sec  0.554 ms  0/1780 (0%)  
[  8] 248.00-249.00 sec  2.37 MBytes  19.9 Mbits/sec  0.575 ms  15/1788 (0.84%)  
[  8] 249.00-250.00 sec  2.37 MBytes  19.9 Mbits/sec  0.501 ms  12/1787 (0.67%)  
[  8] 250.00-251.00 sec  2.38 MBytes  20.0 Mbits/sec  0.527 ms  0/1786 (0%)  
[  8] 251.00-252.00 sec  2.24 MBytes  18.8 Mbits/sec  0.629 ms  104/1784 (5.8%)  
[  8] 252.00-253.00 sec  1.79 MBytes  15.0 Mbits/sec  0.956 ms  276/1614 (17%)  
[  8] 253.00-254.00 sec  2.37 MBytes  19.9 Mbits/sec  0.489 ms  183/1958 (9.3%)  
[  8] 254.00-255.00 sec  2.29 MBytes  19.2 Mbits/sec  0.543 ms  64/1780 (3.6%)  
[  8] 255.00-256.00 sec  2.35 MBytes  19.7 Mbits/sec  0.537 ms  26/1789 (1.5%)  
[  8] 256.00-257.00 sec  2.32 MBytes  19.5 Mbits/sec  0.389 ms  43/1784 (2.4%)  
[  8] 257.00-258.00 sec  2.33 MBytes  19.5 Mbits/sec  0.663 ms  36/1778 (2%)  
[  8] 258.00-259.00 sec  2.38 MBytes  20.0 Mbits/sec  0.422 ms  19/1800 (1.1%)  
[  8] 259.00-260.00 sec  2.38 MBytes  19.9 Mbits/sec  0.521 ms  4/1784 (0.22%)  
[  8] 260.00-261.00 sec  2.39 MBytes  20.0 Mbits/sec  0.610 ms  0/1791 (0%)  
[  8] 261.00-262.00 sec  2.36 MBytes  19.8 Mbits/sec  0.444 ms  16/1781 (0.9%)  
[  8] 262.00-263.00 sec  2.37 MBytes  19.9 Mbits/sec  0.522 ms  8/1786 (0.45%)  
[  8] 263.00-264.00 sec  2.31 MBytes  19.4 Mbits/sec  0.633 ms  12/1741 (0.69%)  
[  8] 264.00-265.00 sec  2.42 MBytes  20.3 Mbits/sec  0.670 ms  16/1829 (0.87%)  
[  8] 265.00-266.00 sec  2.39 MBytes  20.0 Mbits/sec  0.642 ms  0/1789 (0%)  
[  8] 266.00-267.00 sec  2.37 MBytes  19.9 Mbits/sec  0.682 ms  4/1779 (0.22%)  
[  8] 267.00-268.00 sec  2.26 MBytes  18.9 Mbits/sec  0.482 ms  92/1783 (5.2%)  
[  8] 268.00-269.00 sec  2.32 MBytes  19.5 Mbits/sec  0.389 ms  34/1773 (1.9%)  
[  8] 269.00-270.00 sec  1.84 MBytes  15.4 Mbits/sec  1.058 ms  349/1725 (20%)  
[  8] 270.00-271.00 sec  1.93 MBytes  16.2 Mbits/sec  0.609 ms  415/1861 (22%)  
[  8] 271.00-272.00 sec  1.76 MBytes  14.8 Mbits/sec  0.479 ms  461/1777 (26%)  
[  8] 272.00-273.00 sec  2.33 MBytes  19.6 Mbits/sec  0.741 ms  35/1783 (2%)  
[  8] 273.00-274.00 sec  2.20 MBytes  18.5 Mbits/sec  0.691 ms  135/1786 (7.6%)  
[  8] 274.00-275.00 sec  2.19 MBytes  18.4 Mbits/sec  0.773 ms  146/1788 (8.2%)  
[  8] 275.00-276.00 sec  1.94 MBytes  16.3 Mbits/sec  0.712 ms  342/1796 (19%)  
[  8] 276.00-277.00 sec  1.64 MBytes  13.7 Mbits/sec  1.418 ms  425/1650 (26%)  
[  8] 277.00-278.00 sec  2.18 MBytes  18.3 Mbits/sec  0.772 ms  168/1804 (9.3%)  
[  8] 278.00-279.00 sec  2.07 MBytes  17.4 Mbits/sec  0.647 ms  352/1902 (19%)  
[  8] 279.00-280.00 sec  2.36 MBytes  19.8 Mbits/sec  0.551 ms  28/1792 (1.6%)  
[  8] 280.00-281.00 sec  2.31 MBytes  19.4 Mbits/sec  0.600 ms  55/1784 (3.1%)  
[  8] 281.00-282.00 sec  2.36 MBytes  19.8 Mbits/sec  0.539 ms  15/1782 (0.84%)  
[  8] 282.00-283.00 sec  2.34 MBytes  19.7 Mbits/sec  0.642 ms  33/1788 (1.8%)  
[  8] 283.00-284.00 sec  2.38 MBytes  20.0 Mbits/sec  0.550 ms  6/1791 (0.34%)  
[  8] 284.00-285.00 sec  2.34 MBytes  19.7 Mbits/sec  0.679 ms  25/1781 (1.4%)  
[  8] 285.00-286.00 sec  2.39 MBytes  20.0 Mbits/sec  0.497 ms  0/1789 (0%)  
[  8] 286.00-287.00 sec  2.26 MBytes  18.9 Mbits/sec  0.507 ms  93/1784 (5.2%)  
[  8] 287.00-288.00 sec  2.37 MBytes  19.9 Mbits/sec  0.597 ms  12/1785 (0.67%)  
[  8] 288.00-289.00 sec  2.29 MBytes  19.2 Mbits/sec  0.614 ms  70/1784 (3.9%)  
[  8] 289.00-290.00 sec  2.38 MBytes  20.0 Mbits/sec  0.528 ms  0/1786 (0%)  
[  8] 290.00-291.00 sec  2.36 MBytes  19.8 Mbits/sec  0.681 ms  21/1792 (1.2%)  
[  8] 291.00-292.00 sec  2.35 MBytes  19.8 Mbits/sec  0.622 ms  20/1782 (1.1%)  
[  8] 292.00-293.00 sec  2.39 MBytes  20.0 Mbits/sec  0.309 ms  0/1788 (0%)  
[  8] 293.00-294.00 sec  2.35 MBytes  19.7 Mbits/sec  0.607 ms  19/1778 (1.1%)  
[  8] 294.00-295.00 sec  2.36 MBytes  19.8 Mbits/sec  0.445 ms  19/1786 (1.1%)  
[  8] 295.00-296.00 sec  1.95 MBytes  16.4 Mbits/sec  1.527 ms  307/1768 (17%)  
[  8] 296.00-297.00 sec  2.34 MBytes  19.6 Mbits/sec  0.692 ms  51/1804 (2.8%)  
[  8] 297.00-298.00 sec  2.32 MBytes  19.5 Mbits/sec  0.675 ms  43/1782 (2.4%)  
[  8] 298.00-299.00 sec  2.27 MBytes  19.0 Mbits/sec  0.649 ms  43/1742 (2.5%)  
[  8] 299.00-300.00 sec  2.42 MBytes  20.3 Mbits/sec  0.629 ms  26/1835 (1.4%)  
[  8] 300.00-301.00 sec  2.33 MBytes  19.5 Mbits/sec  0.835 ms  38/1781 (2.1%)  
[  8] 301.00-302.00 sec  2.35 MBytes  19.7 Mbits/sec  0.548 ms  34/1794 (1.9%)  
[  8] 302.00-303.00 sec  2.39 MBytes  20.0 Mbits/sec  0.576 ms  1/1788 (0.056%)  
[  8] 303.00-304.00 sec  2.30 MBytes  19.3 Mbits/sec  0.859 ms  41/1762 (2.3%)  
[  8] 304.00-305.00 sec  2.39 MBytes  20.0 Mbits/sec  0.720 ms  8/1798 (0.44%)  
[  8] 305.00-306.00 sec  2.31 MBytes  19.4 Mbits/sec  0.599 ms  53/1781 (3%)  
[  8] 306.00-307.00 sec  2.25 MBytes  18.9 Mbits/sec  0.480 ms  111/1798 (6.2%)  
[  8] 307.00-308.00 sec  2.37 MBytes  19.9 Mbits/sec  0.418 ms  6/1780 (0.34%)  
[  8] 308.00-309.00 sec  2.29 MBytes  19.2 Mbits/sec  0.653 ms  76/1791 (4.2%)  
[  8] 309.00-310.00 sec  2.38 MBytes  20.0 Mbits/sec  0.403 ms  0/1786 (0%)  
[  8] 310.00-311.00 sec  2.36 MBytes  19.8 Mbits/sec  0.732 ms  10/1780 (0.56%)  
[  8] 311.00-312.00 sec  2.35 MBytes  19.7 Mbits/sec  0.774 ms  11/1773 (0.62%)  
[  8] 312.00-313.00 sec  2.38 MBytes  19.9 Mbits/sec  0.635 ms  25/1804 (1.4%)  
[  8] 313.00-314.00 sec  2.37 MBytes  19.8 Mbits/sec  0.772 ms  5/1777 (0.28%)  
[  8] 314.00-315.00 sec  2.37 MBytes  19.9 Mbits/sec  0.619 ms  16/1789 (0.89%)  
[  8] 315.00-316.00 sec  2.28 MBytes  19.2 Mbits/sec  0.726 ms  73/1784 (4.1%)  
[  8] 316.00-317.00 sec  2.29 MBytes  19.2 Mbits/sec  0.489 ms  79/1793 (4.4%)  
[  8] 317.00-318.00 sec  2.36 MBytes  19.8 Mbits/sec  0.622 ms  9/1778 (0.51%)  
[  8] 318.00-319.00 sec  2.38 MBytes  20.0 Mbits/sec  0.494 ms  6/1788 (0.34%)  
[  8] 319.00-320.00 sec  2.38 MBytes  19.9 Mbits/sec  0.453 ms  5/1785 (0.28%)  
[  8] 320.00-321.00 sec  2.39 MBytes  20.0 Mbits/sec  0.486 ms  2/1792 (0.11%)  
[  8] 321.00-322.00 sec  2.38 MBytes  19.9 Mbits/sec  0.513 ms  2/1782 (0.11%)  
[  8] 322.00-323.00 sec  2.37 MBytes  19.9 Mbits/sec  0.413 ms  10/1784 (0.56%)  
[  8] 323.00-324.00 sec  2.38 MBytes  20.0 Mbits/sec  0.397 ms  0/1782 (0%)  
[  8] 324.00-325.00 sec  2.38 MBytes  20.0 Mbits/sec  0.578 ms  13/1795 (0.72%)  
[  8] 325.00-326.00 sec  2.36 MBytes  19.8 Mbits/sec  0.455 ms  19/1783 (1.1%)  
[  8] 326.00-327.00 sec  2.38 MBytes  20.0 Mbits/sec  0.659 ms  0/1784 (0%)  
[  8] 327.00-328.00 sec  2.38 MBytes  20.0 Mbits/sec  0.605 ms  3/1785 (0.17%)  
[  8] 328.00-329.00 sec  2.37 MBytes  19.9 Mbits/sec  0.869 ms  14/1789 (0.78%)  
[  8] 329.00-330.00 sec  2.38 MBytes  20.0 Mbits/sec  0.517 ms  0/1783 (0%)  
[  8] 330.00-331.00 sec  2.38 MBytes  20.0 Mbits/sec  0.647 ms  5/1790 (0.28%)  
[  8] 331.00-332.00 sec  2.34 MBytes  19.6 Mbits/sec  0.757 ms  28/1779 (1.6%)  
[  8] 332.00-333.00 sec  2.36 MBytes  19.8 Mbits/sec  0.411 ms  22/1792 (1.2%)  
[  8] 333.00-334.00 sec  2.36 MBytes  19.8 Mbits/sec  0.484 ms  14/1784 (0.78%)  
[  8] 334.00-335.00 sec  2.38 MBytes  19.9 Mbits/sec  0.553 ms  9/1788 (0.5%)  
[  8] 335.00-336.00 sec  2.38 MBytes  19.9 Mbits/sec  0.644 ms  0/1779 (0%)  
[  8] 336.00-337.00 sec  2.38 MBytes  19.9 Mbits/sec  0.567 ms  11/1791 (0.61%)  
[  8] 337.00-338.00 sec  2.38 MBytes  19.9 Mbits/sec  0.423 ms  9/1788 (0.5%)  
[  8] 338.00-339.00 sec  2.25 MBytes  18.9 Mbits/sec  0.661 ms  88/1775 (5%)  
[  8] 339.00-340.00 sec  2.17 MBytes  18.2 Mbits/sec  0.690 ms  160/1785 (9%)  
[  8] 340.00-340.01 sec  12.3 KBytes  9.19 Mbits/sec  0.655 ms  0/9 (0%)  
- - - - - - - - - - - - - - - - - - - - - - - - -
[ ID] Interval           Transfer     Bitrate         Jitter    Lost/Total Datagrams
[  8]   0.00-340.01 sec   790 MBytes  19.5 Mbits/sec  0.655 ms  15197/607133 (2.5%)  receiver
