sniffing on eth0
got a packet
###[ Ethernet ]### 
  dst       = 08:00:00:00:02:02
  src       = 08:00:00:00:02:00
  type      = IPv4
###[ IP ]### 
     version   = 4
     ihl       = 5
     tos       = 0x0
     len       = 57
     id        = 1
     flags     = 
     frag      = 0
     ttl       = 62
     proto     = tcp
     chksum    = 0x65bc
     src       = 10.0.1.1
     dst       = 10.0.2.2
     \options   \
###[ TCP ]### 
        sport     = 50707
        dport     = 1234
        seq       = 0
        ack       = 0
        dataofs   = 5
        reserved  = 0
        flags     = S
        window    = 8192
        chksum    = 0x6f6d
        urgptr    = 0
        options   = []
###[ Raw ]### 
           load      = 'P4 driver probe 0'

got a packet
###[ Ethernet ]### 
  dst       = 08:00:00:00:02:02
  src       = 08:00:00:00:02:00
  type      = IPv4
###[ IP ]### 
     version   = 4
     ihl       = 5
     tos       = 0x0
     len       = 57
     id        = 1
     flags     = 
     frag      = 0
     ttl       = 62
     proto     = tcp
     chksum    = 0x65bc
     src       = 10.0.1.1
     dst       = 10.0.2.2
     \options   \
###[ TCP ]### 
        sport     = 59709
        dport     = 1234
        seq       = 0
        ack       = 0
        dataofs   = 5
        reserved  = 0
        flags     = S
        window    = 8192
        chksum    = 0x4b43
        urgptr    = 0
        options   = []
###[ Raw ]### 
           load      = 'P4 driver probe 1'

got a packet
###[ Ethernet ]### 
  dst       = 08:00:00:00:02:02
  src       = 08:00:00:00:02:00
  type      = IPv4
###[ IP ]### 
     version   = 4
     ihl       = 5
     tos       = 0x0
     len       = 57
     id        = 1
     flags     = 
     frag      = 0
     ttl       = 62
     proto     = tcp
     chksum    = 0x65bc
     src       = 10.0.1.1
     dst       = 10.0.2.2
     \options   \
###[ TCP ]### 
        sport     = 63814
        dport     = 1234
        seq       = 0
        ack       = 0
        dataofs   = 5
        reserved  = 0
        flags     = S
        window    = 8192
        chksum    = 0x3a3a
        urgptr    = 0
        options   = []
###[ Raw ]### 
           load      = 'P4 driver probe 2'

got a packet
###[ Ethernet ]### 
  dst       = 08:00:00:00:02:02
  src       = 08:00:00:00:02:00
  type      = IPv4
###[ IP ]### 
     version   = 4
     ihl       = 5
     tos       = 0x0
     len       = 57
     id        = 1
     flags     = 
     frag      = 0
     ttl       = 62
     proto     = tcp
     chksum    = 0x65bc
     src       = 10.0.1.1
     dst       = 10.0.2.2
     \options   \
###[ TCP ]### 
        sport     = 64790
        dport     = 1234
        seq       = 0
        ack       = 0
        dataofs   = 5
        reserved  = 0
        flags     = S
        window    = 8192
        chksum    = 0x356a
        urgptr    = 0
        options   = []
###[ Raw ]### 
           load      = 'P4 driver probe 3'

got a packet
###[ Ethernet ]### 
  dst       = 08:00:00:00:02:02
  src       = 08:00:00:00:02:00
  type      = IPv4
###[ IP ]### 
     version   = 4
     ihl       = 5
     tos       = 0x0
     len       = 57
     id        = 1
     flags     = 
     frag      = 0
     ttl       = 62
     proto     = tcp
     chksum    = 0x65bc
     src       = 10.0.1.1
     dst       = 10.0.2.2
     \options   \
###[ TCP ]### 
        sport     = 55245
        dport     = 1234
        seq       = 0
        ack       = 0
        dataofs   = 5
        reserved  = 0
        flags     = S
        window    = 8192
        chksum    = 0x59b3
        urgptr    = 0
        options   = []
###[ Raw ]### 
           load      = 'P4 driver probe 4'

got a packet
###[ Ethernet ]### 
  dst       = 08:00:00:00:02:02
  src       = 08:00:00:00:02:00
  type      = IPv4
###[ IP ]### 
     version   = 4
     ihl       = 5
     tos       = 0x0
     len       = 57
     id        = 1
     flags     = 
     frag      = 0
     ttl       = 62
     proto     = tcp
     chksum    = 0x65bc
     src       = 10.0.1.1
     dst       = 10.0.2.2
     \options   \
###[ TCP ]### 
        sport     = 52414
        dport     = 1234
        seq       = 0
        ack       = 0
        dataofs   = 5
        reserved  = 0
        flags     = S
        window    = 8192
        chksum    = 0x63c2
        urgptr    = 0
        options   = []
###[ Raw ]### 
           load      = 'P4 driver probe 5'

got a packet
###[ Ethernet ]### 
  dst       = 08:00:00:00:02:02
  src       = 08:00:00:00:02:00
  type      = IPv4
###[ IP ]### 
     version   = 4
     ihl       = 5
     tos       = 0x0
     len       = 57
     id        = 1
     flags     = 
     frag      = 0
     ttl       = 62
     proto     = tcp
     chksum    = 0x65bc
     src       = 10.0.1.1
     dst       = 10.0.2.2
     \options   \
###[ TCP ]### 
        sport     = 53434
        dport     = 1234
        seq       = 0
        ack       = 0
        dataofs   = 5
        reserved  = 0
        flags     = S
        window    = 8192
        chksum    = 0x5ec6
        urgptr    = 0
        options   = []
###[ Raw ]### 
           load      = 'P4 driver probe 6'

got a packet
###[ Ethernet ]### 
  dst       = 08:00:00:00:02:02
  src       = 08:00:00:00:02:00
  type      = IPv4
###[ IP ]### 
     version   = 4
     ihl       = 5
     tos       = 0x0
     len       = 57
     id        = 1
     flags     = 
     frag      = 0
     ttl       = 62
     proto     = tcp
     chksum    = 0x65bc
     src       = 10.0.1.1
     dst       = 10.0.2.2
     \options   \
###[ TCP ]### 
        sport     = 62531
        dport     = 1234
        seq       = 0
        ack       = 0
        dataofs   = 5
        reserved  = 0
        flags     = S
        window    = 8192
        chksum    = 0x3a3d
        urgptr    = 0
        options   = []
###[ Raw ]### 
           load      = 'P4 driver probe 7'

got a packet
###[ Ethernet ]### 
  dst       = 08:00:00:00:02:02
  src       = 08:00:00:00:02:00
  type      = IPv4
###[ IP ]### 
     version   = 4
     ihl       = 5
     tos       = 0x0
     len       = 57
     id        = 1
     flags     = 
     frag      = 0
     ttl       = 62
     proto     = tcp
     chksum    = 0x65bc
     src       = 10.0.1.1
     dst       = 10.0.2.2
     \options   \
###[ TCP ]### 
        sport     = 62065
        dport     = 1234
        seq       = 0
        ack       = 0
        dataofs   = 5
        reserved  = 0
        flags     = S
        window    = 8192
        chksum    = 0x3b0f
        urgptr    = 0
        options   = []
###[ Raw ]### 
           load      = 'P4 driver probe 8'

got a packet
###[ Ethernet ]### 
  dst       = 08:00:00:00:02:02
  src       = 08:00:00:00:02:00
  type      = IPv4
###[ IP ]### 
     version   = 4
     ihl       = 5
     tos       = 0x0
     len       = 57
     id        = 1
     flags     = 
     frag      = 0
     ttl       = 62
     proto     = tcp
     chksum    = 0x65bc
     src       = 10.0.1.1
     dst       = 10.0.2.2
     \options   \
###[ TCP ]### 
        sport     = 56690
        dport     = 1234
        seq       = 0
        ack       = 0
        dataofs   = 5
        reserved  = 0
        flags     = S
        window    = 8192
        chksum    = 0x4f0e
        urgptr    = 0
        options   = []
###[ Raw ]### 
           load      = 'P4 driver probe 9'

