-----------------------------------------------------------
Server listening on 5201 (test #1)
-----------------------------------------------------------
Accepted connection from 10.0.0.25, port 53976
[  8] local 10.0.0.57 port 5201 connected to 10.0.0.25 port 58872
[ ID] Interval           Transfer     Bitrate         Jitter    Lost/Total Datagrams
[  8]   0.00-1.00   sec   602 KBytes  4.93 Mbits/sec  1.555 ms  3/443 (0.68%)  
[  8]   1.00-2.00   sec   599 KBytes  4.91 Mbits/sec  1.116 ms  10/448 (2.2%)  
[  8]   2.00-3.00   sec   599 KBytes  4.91 Mbits/sec  1.533 ms  6/444 (1.4%)  
[  8]   3.00-4.00   sec   584 KBytes  4.78 Mbits/sec  2.280 ms  20/447 (4.5%)  
[  8]   4.00-5.00   sec   548 KBytes  4.49 Mbits/sec  2.460 ms  42/443 (9.5%)  
[  8]   5.00-6.00   sec   366 KBytes  3.00 Mbits/sec  2.487 ms  94/362 (26%)  
[  8]   6.00-7.00   sec   381 KBytes  3.12 Mbits/sec  3.979 ms  167/446 (37%)  
[  8]   7.00-8.00   sec   692 KBytes  5.67 Mbits/sec  2.024 ms  29/535 (5.4%)  
[  8]   8.00-9.00   sec   595 KBytes  4.87 Mbits/sec  1.204 ms  14/449 (3.1%)  
[  8]   9.00-10.00  sec   608 KBytes  4.98 Mbits/sec  1.811 ms  0/445 (0%)  
[  8]  10.00-11.00  sec   608 KBytes  4.99 Mbits/sec  1.126 ms  1/446 (0.22%)  
[  8]  11.00-12.00  sec   611 KBytes  5.01 Mbits/sec  1.664 ms  0/447 (0%)  
[  8]  12.00-13.00  sec   603 KBytes  4.94 Mbits/sec  1.423 ms  6/447 (1.3%)  
[  8]  13.00-14.00  sec   608 KBytes  4.98 Mbits/sec  1.907 ms  1/446 (0.22%)  
[  8]  14.00-15.00  sec   593 KBytes  4.86 Mbits/sec  1.209 ms  13/447 (2.9%)  
[  8]  15.00-16.00  sec   602 KBytes  4.93 Mbits/sec  1.495 ms  6/446 (1.3%)  
[  8]  16.00-17.00  sec   599 KBytes  4.91 Mbits/sec  1.051 ms  9/447 (2%)  
[  8]  17.00-18.00  sec   603 KBytes  4.94 Mbits/sec  1.459 ms  3/444 (0.68%)  
[  8]  18.00-19.00  sec   607 KBytes  4.97 Mbits/sec  1.734 ms  4/448 (0.89%)  
[  8]  19.00-20.00  sec   593 KBytes  4.86 Mbits/sec  1.847 ms  12/446 (2.7%)  
[  8]  20.00-21.00  sec   596 KBytes  4.88 Mbits/sec  0.876 ms  11/447 (2.5%)  
[  8]  21.00-22.00  sec   597 KBytes  4.89 Mbits/sec  2.586 ms  7/444 (1.6%)  
[  8]  22.00-23.00  sec   597 KBytes  4.89 Mbits/sec  1.493 ms  11/448 (2.5%)  
[  8]  23.00-24.00  sec   608 KBytes  4.98 Mbits/sec  0.837 ms  3/448 (0.67%)  
[  8]  24.00-25.00  sec   606 KBytes  4.96 Mbits/sec  1.234 ms  3/446 (0.67%)  
[  8]  25.00-26.00  sec   610 KBytes  5.00 Mbits/sec  1.740 ms  0/446 (0%)  
[  8]  26.00-27.00  sec   610 KBytes  5.00 Mbits/sec  1.237 ms  1/447 (0.22%)  
[  8]  27.00-28.00  sec   600 KBytes  4.92 Mbits/sec  1.963 ms  4/443 (0.9%)  
[  8]  28.00-29.00  sec   608 KBytes  4.98 Mbits/sec  1.511 ms  3/448 (0.67%)  
[  8]  29.00-30.00  sec   602 KBytes  4.93 Mbits/sec  1.480 ms  8/448 (1.8%)  
[  8]  30.00-31.00  sec   606 KBytes  4.96 Mbits/sec  1.152 ms  3/446 (0.67%)  
[  8]  31.00-32.00  sec   604 KBytes  4.94 Mbits/sec  1.963 ms  5/447 (1.1%)  
[  8]  32.00-33.00  sec   607 KBytes  4.98 Mbits/sec  1.360 ms  3/447 (0.67%)  
[  8]  33.00-34.00  sec   600 KBytes  4.92 Mbits/sec  1.695 ms  6/445 (1.3%)  
[  8]  34.00-35.00  sec   610 KBytes  5.00 Mbits/sec  1.195 ms  2/448 (0.45%)  
[  8]  35.00-36.00  sec   606 KBytes  4.96 Mbits/sec  1.510 ms  3/446 (0.67%)  
[  8]  36.00-37.00  sec   610 KBytes  5.00 Mbits/sec  1.506 ms  0/446 (0%)  
[  8]  37.00-38.00  sec   603 KBytes  4.94 Mbits/sec  1.616 ms  5/446 (1.1%)  
[  8]  38.00-39.00  sec   604 KBytes  4.95 Mbits/sec  2.229 ms  4/446 (0.9%)  
[  8]  39.00-40.00  sec   611 KBytes  5.01 Mbits/sec  0.974 ms  1/448 (0.22%)  
[  8]  40.00-40.00  sec  1.37 KBytes  3.82 Mbits/sec  0.916 ms  0/1 (0%)  
- - - - - - - - - - - - - - - - - - - - - - - - -
[ ID] Interval           Transfer     Bitrate         Jitter    Lost/Total Datagrams
[  8]   0.00-40.00  sec  23.1 MBytes  4.85 Mbits/sec  0.916 ms  523/17857 (2.9%)  receiver
