-----------------------------------------------------------
Server listening on 5201 (test #1)
-----------------------------------------------------------
Accepted connection from 10.0.0.13, port 51088
[  8] local 10.0.0.77 port 5201 connected to 10.0.0.13 port 53029
[ ID] Interval           Transfer     Bitrate         Jitter    Lost/Total Datagrams
[  8]   0.00-1.00   sec   595 KBytes  4.87 Mbits/sec  1.902 ms  6/441 (1.4%)  
[  8]   1.00-2.00   sec   604 KBytes  4.95 Mbits/sec  1.654 ms  6/448 (1.3%)  
[  8]   2.00-3.00   sec   599 KBytes  4.91 Mbits/sec  2.146 ms  7/445 (1.6%)  
[  8]   3.00-4.00   sec   573 KBytes  4.69 Mbits/sec  1.810 ms  27/446 (6.1%)  
[  8]   4.00-5.00   sec   537 KBytes  4.40 Mbits/sec  2.276 ms  50/443 (11%)  
[  8]   5.00-6.00   sec   361 KBytes  2.96 Mbits/sec  2.912 ms  84/348 (24%)  
[  8]   6.00-7.00   sec   377 KBytes  3.09 Mbits/sec  3.952 ms  186/462 (40%)  
[  8]   7.00-8.00   sec   659 KBytes  5.40 Mbits/sec  1.983 ms  49/531 (9.2%)  
[  8]   8.00-9.00   sec   588 KBytes  4.82 Mbits/sec  1.223 ms  17/447 (3.8%)  
[  8]   9.00-10.00  sec   611 KBytes  5.01 Mbits/sec  1.445 ms  2/449 (0.45%)  
[  8]  10.00-11.00  sec   604 KBytes  4.95 Mbits/sec  0.932 ms  5/447 (1.1%)  
[  8]  11.00-12.00  sec   566 KBytes  4.64 Mbits/sec  1.871 ms  33/447 (7.4%)  
[  8]  12.00-13.00  sec   574 KBytes  4.71 Mbits/sec  1.897 ms  25/445 (5.6%)  
[  8]  13.00-14.00  sec   595 KBytes  4.87 Mbits/sec  2.281 ms  10/445 (2.2%)  
[  8]  14.00-15.00  sec   589 KBytes  4.83 Mbits/sec  1.950 ms  17/448 (3.8%)  
[  8]  15.00-16.00  sec   600 KBytes  4.92 Mbits/sec  1.829 ms  9/448 (2%)  
[  8]  16.00-17.00  sec   596 KBytes  4.88 Mbits/sec  1.008 ms  10/446 (2.2%)  
[  8]  17.00-18.00  sec   604 KBytes  4.95 Mbits/sec  1.983 ms  3/445 (0.67%)  
[  8]  18.00-19.00  sec   604 KBytes  4.95 Mbits/sec  0.622 ms  6/448 (1.3%)  
[  8]  19.00-20.00  sec   577 KBytes  4.73 Mbits/sec  2.007 ms  24/446 (5.4%)  
[  8]  20.00-21.00  sec   593 KBytes  4.86 Mbits/sec  1.739 ms  13/447 (2.9%)  
[  8]  21.00-22.00  sec   577 KBytes  4.73 Mbits/sec  1.685 ms  7/429 (1.6%)  
[  8]  22.00-23.00  sec   591 KBytes  4.84 Mbits/sec  1.461 ms  30/462 (6.5%)  
[  8]  23.00-24.00  sec   597 KBytes  4.89 Mbits/sec  1.403 ms  10/447 (2.2%)  
[  8]  24.00-25.00  sec   607 KBytes  4.97 Mbits/sec  1.377 ms  3/447 (0.67%)  
[  8]  25.00-26.00  sec   608 KBytes  4.98 Mbits/sec  1.574 ms  1/446 (0.22%)  
[  8]  26.00-27.00  sec   599 KBytes  4.91 Mbits/sec  1.767 ms  6/444 (1.4%)  
[  8]  27.00-28.00  sec   602 KBytes  4.93 Mbits/sec  2.509 ms  4/445 (0.9%)  
[  8]  28.00-29.00  sec   595 KBytes  4.87 Mbits/sec  1.544 ms  15/450 (3.3%)  
[  8]  29.00-30.00  sec   600 KBytes  4.92 Mbits/sec  1.505 ms  7/446 (1.6%)  
[  8]  30.00-31.00  sec   582 KBytes  4.77 Mbits/sec  2.506 ms  20/446 (4.5%)  
[  8]  31.00-32.00  sec   589 KBytes  4.83 Mbits/sec  2.187 ms  12/443 (2.7%)  
[  8]  32.00-33.00  sec   588 KBytes  4.82 Mbits/sec  1.846 ms  21/451 (4.7%)  
[  8]  33.00-34.00  sec   599 KBytes  4.91 Mbits/sec  2.091 ms  6/444 (1.4%)  
[  8]  34.00-35.00  sec   591 KBytes  4.84 Mbits/sec  1.675 ms  16/448 (3.6%)  
[  8]  35.00-36.00  sec   610 KBytes  5.00 Mbits/sec  1.890 ms  1/447 (0.22%)  
[  8]  36.00-37.00  sec   603 KBytes  4.94 Mbits/sec  2.136 ms  5/446 (1.1%)  
[  8]  37.00-38.00  sec   556 KBytes  4.56 Mbits/sec  2.164 ms  37/444 (8.3%)  
[  8]  38.00-39.00  sec   576 KBytes  4.72 Mbits/sec  2.129 ms  27/448 (6%)  
[  8]  39.00-40.00  sec   603 KBytes  4.94 Mbits/sec  1.059 ms  8/449 (1.8%)  
[  8]  40.00-40.01  sec  4.10 KBytes  3.97 Mbits/sec  1.068 ms  0/3 (0%)  
- - - - - - - - - - - - - - - - - - - - - - - - -
[ ID] Interval           Transfer     Bitrate         Jitter    Lost/Total Datagrams
[  8]   0.00-40.01  sec  22.7 MBytes  4.77 Mbits/sec  1.068 ms  825/17857 (4.6%)  receiver
