-----------------------------------------------------------
Server listening on 5201 (test #1)
-----------------------------------------------------------
Accepted connection from 10.0.0.42, port 49666
[  8] local 10.0.0.106 port 5201 connected to 10.0.0.42 port 49672
[ 11] local 10.0.0.106 port 5201 connected to 10.0.0.42 port 49674
[ 13] local 10.0.0.106 port 5201 connected to 10.0.0.42 port 49676
[ 15] local 10.0.0.106 port 5201 connected to 10.0.0.42 port 49692
[ ID] Interval           Transfer     Bitrate
[  8]   0.00-1.02   sec   279 MBytes  2.29 Gbits/sec                  
[ 11]   0.00-1.02   sec   395 MBytes  3.24 Gbits/sec                  
[ 13]   0.00-1.02   sec   244 MBytes  2.00 Gbits/sec                  
[ 15]   0.00-1.02   sec   173 MBytes  1.42 Gbits/sec                  
[SUM]   0.00-1.02   sec  1.07 GBytes  8.95 Gbits/sec                  
- - - - - - - - - - - - - - - - - - - - - - - - -
[  8]   1.02-2.00   sec   115 MBytes   986 Mbits/sec                  
[ 11]   1.02-2.00   sec   135 MBytes  1.16 Gbits/sec                  
[ 13]   1.02-2.00   sec   228 MBytes  1.95 Gbits/sec                  
[ 15]   1.02-2.00   sec   127 MBytes  1.09 Gbits/sec                  
[SUM]   1.02-2.00   sec   604 MBytes  5.18 Gbits/sec                  
- - - - - - - - - - - - - - - - - - - - - - - - -
[  8]   2.00-3.01   sec  37.9 MBytes   316 Mbits/sec                  
[ 11]   2.00-3.01   sec  22.5 MBytes   188 Mbits/sec                  
[ 13]   2.00-3.01   sec   278 MBytes  2.32 Gbits/sec                  
[ 15]   2.00-3.01   sec  28.4 MBytes   237 Mbits/sec                  
[SUM]   2.00-3.01   sec   367 MBytes  3.06 Gbits/sec                  
- - - - - - - - - - - - - - - - - - - - - - - - -
[  8]   3.01-4.00   sec  93.6 MBytes   790 Mbits/sec                  
[ 11]   3.01-4.00   sec  28.6 MBytes   242 Mbits/sec                  
[ 13]   3.01-4.00   sec   326 MBytes  2.75 Gbits/sec                  
[ 15]   3.01-4.00   sec  30.6 MBytes   259 Mbits/sec                  
[SUM]   3.01-4.00   sec   479 MBytes  4.04 Gbits/sec                  
- - - - - - - - - - - - - - - - - - - - - - - - -
[  8]   4.00-5.00   sec  41.0 MBytes   344 Mbits/sec                  
[ 11]   4.00-5.00   sec  42.9 MBytes   360 Mbits/sec                  
[ 13]   4.00-5.00   sec   267 MBytes  2.24 Gbits/sec                  
[ 15]   4.00-5.00   sec  65.8 MBytes   552 Mbits/sec                  
[SUM]   4.00-5.00   sec   416 MBytes  3.49 Gbits/sec                  
- - - - - - - - - - - - - - - - - - - - - - - - -
[  8]   5.00-6.00   sec  46.2 MBytes   388 Mbits/sec                  
[ 11]   5.00-6.00   sec  35.1 MBytes   295 Mbits/sec                  
[ 13]   5.00-6.00   sec   240 MBytes  2.01 Gbits/sec                  
[ 15]   5.00-6.00   sec  52.4 MBytes   439 Mbits/sec                  
[SUM]   5.00-6.00   sec   373 MBytes  3.13 Gbits/sec                  
- - - - - - - - - - - - - - - - - - - - - - - - -
[  8]   6.00-7.00   sec  61.8 MBytes   517 Mbits/sec                  
[ 11]   6.00-7.00   sec  65.0 MBytes   544 Mbits/sec                  
[ 13]   6.00-7.00   sec   191 MBytes  1.60 Gbits/sec                  
[ 15]   6.00-7.00   sec  53.4 MBytes   447 Mbits/sec                  
[SUM]   6.00-7.00   sec   371 MBytes  3.10 Gbits/sec                  
- - - - - - - - - - - - - - - - - - - - - - - - -
[  8]   7.00-8.01   sec  37.6 MBytes   315 Mbits/sec                  
[ 11]   7.00-8.01   sec  55.9 MBytes   468 Mbits/sec                  
[ 13]   7.00-8.01   sec   363 MBytes  3.04 Gbits/sec                  
[ 15]   7.00-8.01   sec  64.1 MBytes   537 Mbits/sec                  
[SUM]   7.00-8.01   sec   520 MBytes  4.36 Gbits/sec                  
- - - - - - - - - - - - - - - - - - - - - - - - -
[  8]   8.01-9.00   sec  37.0 MBytes   312 Mbits/sec                  
[ 11]   8.01-9.00   sec  71.5 MBytes   602 Mbits/sec                  
[ 13]   8.01-9.00   sec   312 MBytes  2.63 Gbits/sec                  
[ 15]   8.01-9.00   sec  46.6 MBytes   393 Mbits/sec                  
[SUM]   8.01-9.00   sec   467 MBytes  3.94 Gbits/sec                  
- - - - - - - - - - - - - - - - - - - - - - - - -
[  8]   9.00-10.00  sec  57.8 MBytes   484 Mbits/sec                  
[ 11]   9.00-10.00  sec  58.5 MBytes   491 Mbits/sec                  
[ 13]   9.00-10.00  sec   107 MBytes   899 Mbits/sec                  
[ 15]   9.00-10.00  sec  58.5 MBytes   491 Mbits/sec                  
[SUM]   9.00-10.00  sec   282 MBytes  2.36 Gbits/sec                  
- - - - - - - - - - - - - - - - - - - - - - - - -
[  8]  10.00-11.00  sec  52.6 MBytes   440 Mbits/sec                  
[ 11]  10.00-11.00  sec   129 MBytes  1.08 Gbits/sec                  
[ 13]  10.00-11.00  sec   166 MBytes  1.39 Gbits/sec                  
[ 15]  10.00-11.00  sec  48.2 MBytes   404 Mbits/sec                  
[SUM]  10.00-11.00  sec   396 MBytes  3.31 Gbits/sec                  
- - - - - - - - - - - - - - - - - - - - - - - - -
[  8]  11.00-12.00  sec  79.2 MBytes   666 Mbits/sec                  
[ 11]  11.00-12.00  sec   993 MBytes  8.35 Gbits/sec                  
[ 13]  11.00-12.00  sec   300 MBytes  2.52 Gbits/sec                  
[ 15]  11.00-12.00  sec  60.8 MBytes   511 Mbits/sec                  
[SUM]  11.00-12.00  sec  1.40 GBytes  12.0 Gbits/sec                  
- - - - - - - - - - - - - - - - - - - - - - - - -
[  8]  12.00-13.00  sec  50.9 MBytes   427 Mbits/sec                  
[ 11]  12.00-13.00  sec   616 MBytes  5.17 Gbits/sec                  
[ 13]  12.00-13.00  sec   147 MBytes  1.24 Gbits/sec                  
[ 15]  12.00-13.00  sec  43.9 MBytes   368 Mbits/sec                  
[SUM]  12.00-13.00  sec   858 MBytes  7.20 Gbits/sec                  
- - - - - - - - - - - - - - - - - - - - - - - - -
[  8]  13.00-14.01  sec  58.0 MBytes   484 Mbits/sec                  
[ 11]  13.00-14.01  sec   118 MBytes   983 Mbits/sec                  
[ 13]  13.00-14.01  sec   236 MBytes  1.97 Gbits/sec                  
[ 15]  13.00-14.01  sec  61.4 MBytes   512 Mbits/sec                  
[SUM]  13.00-14.01  sec   473 MBytes  3.95 Gbits/sec                  
- - - - - - - - - - - - - - - - - - - - - - - - -
[  8]  14.01-15.00  sec  44.4 MBytes   373 Mbits/sec                  
[ 11]  14.01-15.00  sec  84.9 MBytes   714 Mbits/sec                  
[ 13]  14.01-15.00  sec  68.8 MBytes   579 Mbits/sec                  
[ 15]  14.01-15.00  sec  85.2 MBytes   717 Mbits/sec                  
[SUM]  14.01-15.00  sec   283 MBytes  2.38 Gbits/sec                  
- - - - - - - - - - - - - - - - - - - - - - - - -
[  8]  15.00-16.01  sec  42.0 MBytes   349 Mbits/sec                  
[ 11]  15.00-16.01  sec   164 MBytes  1.36 Gbits/sec                  
[ 13]  15.00-16.01  sec  63.0 MBytes   524 Mbits/sec                  
[ 15]  15.00-16.01  sec  58.4 MBytes   485 Mbits/sec                  
[SUM]  15.00-16.01  sec   327 MBytes  2.72 Gbits/sec                  
- - - - - - - - - - - - - - - - - - - - - - - - -
[  8]  16.01-17.00  sec  34.6 MBytes   294 Mbits/sec                  
[ 11]  16.01-17.00  sec  93.4 MBytes   792 Mbits/sec                  
[ 13]  16.01-17.00  sec  50.0 MBytes   424 Mbits/sec                  
[ 15]  16.01-17.00  sec   630 MBytes  5.35 Gbits/sec                  
[SUM]  16.01-17.00  sec   808 MBytes  6.86 Gbits/sec                  
- - - - - - - - - - - - - - - - - - - - - - - - -
[  8]  17.00-18.00  sec  46.5 MBytes   390 Mbits/sec                  
[ 11]  17.00-18.00  sec  81.2 MBytes   682 Mbits/sec                  
[ 13]  17.00-18.00  sec   104 MBytes   873 Mbits/sec                  
[ 15]  17.00-18.00  sec   552 MBytes  4.63 Gbits/sec                  
[SUM]  17.00-18.00  sec   784 MBytes  6.57 Gbits/sec                  
- - - - - - - - - - - - - - - - - - - - - - - - -
[  8]  18.00-19.00  sec  39.8 MBytes   333 Mbits/sec                  
[ 11]  18.00-19.00  sec  39.6 MBytes   332 Mbits/sec                  
[ 13]  18.00-19.00  sec   366 MBytes  3.07 Gbits/sec                  
[ 15]  18.00-19.00  sec   380 MBytes  3.19 Gbits/sec                  
[SUM]  18.00-19.00  sec   826 MBytes  6.93 Gbits/sec                  
- - - - - - - - - - - - - - - - - - - - - - - - -
[  8]  19.00-20.00  sec  32.0 MBytes   268 Mbits/sec                  
[ 11]  19.00-20.00  sec  43.2 MBytes   363 Mbits/sec                  
[ 13]  19.00-20.00  sec  70.2 MBytes   589 Mbits/sec                  
[ 15]  19.00-20.00  sec   107 MBytes   897 Mbits/sec                  
[SUM]  19.00-20.00  sec   252 MBytes  2.12 Gbits/sec                  
- - - - - - - - - - - - - - - - - - - - - - - - -
[  8]  20.00-21.00  sec   111 MBytes   932 Mbits/sec                  
[ 11]  20.00-21.00  sec   406 MBytes  3.40 Gbits/sec                  
[ 13]  20.00-21.00  sec  90.6 MBytes   761 Mbits/sec                  
[ 15]  20.00-21.00  sec   142 MBytes  1.19 Gbits/sec                  
[SUM]  20.00-21.00  sec   749 MBytes  6.29 Gbits/sec                  
- - - - - - - - - - - - - - - - - - - - - - - - -
[  8]  21.00-22.00  sec   110 MBytes   921 Mbits/sec                  
[ 11]  21.00-22.00  sec  33.0 MBytes   277 Mbits/sec                  
[ 13]  21.00-22.00  sec   440 MBytes  3.69 Gbits/sec                  
[ 15]  21.00-22.00  sec  93.8 MBytes   787 Mbits/sec                  
[SUM]  21.00-22.00  sec   676 MBytes  5.67 Gbits/sec                  
- - - - - - - - - - - - - - - - - - - - - - - - -
[  8]  22.00-23.00  sec  99.5 MBytes   833 Mbits/sec                  
[ 11]  22.00-23.00  sec   155 MBytes  1.30 Gbits/sec                  
[ 13]  22.00-23.00  sec  50.1 MBytes   419 Mbits/sec                  
[ 15]  22.00-23.00  sec  95.9 MBytes   802 Mbits/sec                  
[SUM]  22.00-23.00  sec   400 MBytes  3.35 Gbits/sec                  
- - - - - - - - - - - - - - - - - - - - - - - - -
[  8]  23.00-24.00  sec   140 MBytes  1.18 Gbits/sec                  
[ 11]  23.00-24.00  sec   118 MBytes   989 Mbits/sec                  
[ 13]  23.00-24.00  sec  29.2 MBytes   246 Mbits/sec                  
[ 15]  23.00-24.00  sec  60.5 MBytes   508 Mbits/sec                  
[SUM]  23.00-24.00  sec   348 MBytes  2.92 Gbits/sec                  
- - - - - - - - - - - - - - - - - - - - - - - - -
[  8]  24.00-25.00  sec   108 MBytes   903 Mbits/sec                  
[ 11]  24.00-25.00  sec   192 MBytes  1.61 Gbits/sec                  
[ 13]  24.00-25.00  sec  69.1 MBytes   580 Mbits/sec                  
[ 15]  24.00-25.00  sec  92.6 MBytes   777 Mbits/sec                  
[SUM]  24.00-25.00  sec   461 MBytes  3.87 Gbits/sec                  
- - - - - - - - - - - - - - - - - - - - - - - - -
[  8]  25.00-26.00  sec   209 MBytes  1.75 Gbits/sec                  
[ 11]  25.00-26.00  sec   314 MBytes  2.63 Gbits/sec                  
[ 13]  25.00-26.00  sec  58.6 MBytes   492 Mbits/sec                  
[ 15]  25.00-26.00  sec  86.5 MBytes   726 Mbits/sec                  
[SUM]  25.00-26.00  sec   668 MBytes  5.60 Gbits/sec                  
- - - - - - - - - - - - - - - - - - - - - - - - -
[  8]  26.00-27.01  sec  61.0 MBytes   508 Mbits/sec                  
[ 11]  26.00-27.01  sec   119 MBytes   990 Mbits/sec                  
[ 13]  26.00-27.01  sec  86.4 MBytes   719 Mbits/sec                  
[ 15]  26.00-27.01  sec  67.6 MBytes   563 Mbits/sec                  
[SUM]  26.00-27.01  sec   334 MBytes  2.78 Gbits/sec                  
- - - - - - - - - - - - - - - - - - - - - - - - -
[  8]  27.01-28.01  sec  89.1 MBytes   750 Mbits/sec                  
[ 11]  27.01-28.01  sec  60.8 MBytes   511 Mbits/sec                  
[ 13]  27.01-28.01  sec  50.0 MBytes   421 Mbits/sec                  
[ 15]  27.01-28.01  sec  66.9 MBytes   563 Mbits/sec                  
[SUM]  27.01-28.01  sec   267 MBytes  2.25 Gbits/sec                  
- - - - - - - - - - - - - - - - - - - - - - - - -
[  8]  28.01-29.00  sec  95.1 MBytes   801 Mbits/sec                  
[ 11]  28.01-29.00  sec  92.8 MBytes   781 Mbits/sec                  
[ 13]  28.01-29.00  sec  61.8 MBytes   520 Mbits/sec                  
[ 15]  28.01-29.00  sec  62.6 MBytes   528 Mbits/sec                  
[SUM]  28.01-29.00  sec   312 MBytes  2.63 Gbits/sec                  
- - - - - - - - - - - - - - - - - - - - - - - - -
[  8]  29.00-30.00  sec   229 MBytes  1.92 Gbits/sec                  
[ 11]  29.00-30.01  sec   676 MBytes  5.60 Gbits/sec                  
[ 13]  29.00-30.01  sec  83.4 MBytes   691 Mbits/sec                  
[ 15]  29.00-30.01  sec   114 MBytes   947 Mbits/sec                  
[SUM]  29.00-30.00  sec  1.08 GBytes  9.24 Gbits/sec                  
- - - - - - - - - - - - - - - - - - - - - - - - -
[  8]  30.00-30.04  sec  4.12 MBytes   815 Mbits/sec                  
[ 11]  30.01-30.04  sec  0.00 Bytes  0.00 bits/sec                  
[ 13]  30.01-30.04  sec  6.88 MBytes  1.90 Gbits/sec                  
[ 15]  30.01-30.04  sec  0.00 Bytes  0.00 bits/sec                  
[SUM]  30.00-30.04  sec  11.0 MBytes  2.17 Gbits/sec                  
- - - - - - - - - - - - - - - - - - - - - - - - -
[ ID] Interval           Transfer     Bitrate
[  8]   0.00-30.04  sec  2.50 GBytes   714 Mbits/sec                  receiver
[ 11]   0.00-30.04  sec  5.31 GBytes  1.52 Gbits/sec                  receiver
[ 13]   0.00-30.04  sec  5.03 GBytes  1.44 Gbits/sec                  receiver
[ 15]   0.00-30.04  sec  3.53 GBytes  1.01 Gbits/sec                  receiver
[SUM]   0.00-30.04  sec  16.4 GBytes  4.68 Gbits/sec                  receiver
