-----------------------------------------------------------
Server listening on 5201 (test #1)
-----------------------------------------------------------
Accepted connection from 10.0.0.8, port 45064
[  8] local 10.0.0.72 port 5201 connected to 10.0.0.8 port 45074
[ 11] local 10.0.0.72 port 5201 connected to 10.0.0.8 port 45082
[ 13] local 10.0.0.72 port 5201 connected to 10.0.0.8 port 45092
[ 15] local 10.0.0.72 port 5201 connected to 10.0.0.8 port 45096
[ ID] Interval           Transfer     Bitrate
[  8]   0.00-1.00   sec   657 MBytes  5.49 Gbits/sec                  
[ 11]   0.00-1.00   sec  26.2 MBytes   219 Mbits/sec                  
[ 13]   0.00-1.00   sec  33.2 MBytes   278 Mbits/sec                  
[ 15]   0.00-1.00   sec  23.5 MBytes   196 Mbits/sec                  
[SUM]   0.00-1.00   sec   740 MBytes  6.19 Gbits/sec                  
- - - - - - - - - - - - - - - - - - - - - - - - -
[  8]   1.00-2.00   sec  1.99 GBytes  17.1 Gbits/sec                  
[ 11]   1.00-2.00   sec  36.5 MBytes   306 Mbits/sec                  
[ 13]   1.00-2.00   sec  24.0 MBytes   201 Mbits/sec                  
[ 15]   1.00-2.00   sec  26.0 MBytes   218 Mbits/sec                  
[SUM]   1.00-2.00   sec  2.07 GBytes  17.9 Gbits/sec                  
- - - - - - - - - - - - - - - - - - - - - - - - -
[  8]   2.00-3.00   sec   483 MBytes  4.05 Gbits/sec                  
[ 11]   2.00-3.00   sec  19.9 MBytes   167 Mbits/sec                  
[ 13]   2.00-3.00   sec   227 MBytes  1.91 Gbits/sec                  
[ 15]   2.00-3.00   sec  42.2 MBytes   355 Mbits/sec                  
[SUM]   2.00-3.00   sec   772 MBytes  6.48 Gbits/sec                  
- - - - - - - - - - - - - - - - - - - - - - - - -
[  8]   3.00-4.00   sec  81.1 MBytes   681 Mbits/sec                  
[ 11]   3.00-4.00   sec   136 MBytes  1.14 Gbits/sec                  
[ 13]   3.00-4.00   sec   264 MBytes  2.21 Gbits/sec                  
[ 15]   3.00-4.00   sec   106 MBytes   888 Mbits/sec                  
[SUM]   3.00-4.00   sec   587 MBytes  4.93 Gbits/sec                  
- - - - - - - - - - - - - - - - - - - - - - - - -
[  8]   4.00-5.00   sec   110 MBytes   922 Mbits/sec                  
[ 11]   4.00-5.00   sec   562 MBytes  4.71 Gbits/sec                  
[ 13]   4.00-5.00   sec   300 MBytes  2.51 Gbits/sec                  
[ 15]   4.00-5.00   sec   101 MBytes   848 Mbits/sec                  
[SUM]   4.00-5.00   sec  1.05 GBytes  9.00 Gbits/sec                  
- - - - - - - - - - - - - - - - - - - - - - - - -
[  8]   5.00-6.00   sec  71.1 MBytes   596 Mbits/sec                  
[ 11]   5.00-6.00   sec  1.17 GBytes  10.1 Gbits/sec                  
[ 13]   5.00-6.00   sec   245 MBytes  2.06 Gbits/sec                  
[ 15]   5.00-6.00   sec   384 MBytes  3.23 Gbits/sec                  
[SUM]   5.00-6.00   sec  1.86 GBytes  15.9 Gbits/sec                  
- - - - - - - - - - - - - - - - - - - - - - - - -
[  8]   6.00-7.00   sec  93.4 MBytes   781 Mbits/sec                  
[ 11]   6.00-7.00   sec   159 MBytes  1.33 Gbits/sec                  
[ 13]   6.00-7.00   sec   185 MBytes  1.55 Gbits/sec                  
[ 15]   6.00-7.00   sec   172 MBytes  1.44 Gbits/sec                  
[SUM]   6.00-7.00   sec   609 MBytes  5.09 Gbits/sec                  
- - - - - - - - - - - - - - - - - - - - - - - - -
[  8]   7.00-8.00   sec   151 MBytes  1.27 Gbits/sec                  
[ 11]   7.00-8.00   sec   164 MBytes  1.38 Gbits/sec                  
[ 13]   7.00-8.00   sec   162 MBytes  1.37 Gbits/sec                  
[ 15]   7.00-8.00   sec   116 MBytes   979 Mbits/sec                  
[SUM]   7.00-8.00   sec   593 MBytes  4.99 Gbits/sec                  
- - - - - - - - - - - - - - - - - - - - - - - - -
[  8]   8.00-9.00   sec   102 MBytes   855 Mbits/sec                  
[ 11]   8.00-9.00   sec   125 MBytes  1.05 Gbits/sec                  
[ 13]   8.00-9.00   sec   184 MBytes  1.54 Gbits/sec                  
[ 15]   8.00-9.00   sec   136 MBytes  1.13 Gbits/sec                  
[SUM]   8.00-9.00   sec   546 MBytes  4.57 Gbits/sec                  
- - - - - - - - - - - - - - - - - - - - - - - - -
[  8]   9.00-10.01  sec  64.2 MBytes   535 Mbits/sec                  
[ 11]   9.00-10.02  sec   189 MBytes  1.55 Gbits/sec                  
[ 13]   9.00-10.02  sec  63.4 MBytes   520 Mbits/sec                  
[ 15]   9.00-10.02  sec   114 MBytes   938 Mbits/sec                  
[SUM]   9.00-10.01  sec   431 MBytes  3.59 Gbits/sec                  
- - - - - - - - - - - - - - - - - - - - - - - - -
[  8]  10.01-11.00  sec  91.2 MBytes   773 Mbits/sec                  
[ 11]  10.02-11.00  sec  89.4 MBytes   768 Mbits/sec                  
[ 13]  10.02-11.00  sec  75.6 MBytes   650 Mbits/sec                  
[ 15]  10.02-11.00  sec  82.2 MBytes   707 Mbits/sec                  
[SUM]  10.01-11.00  sec   338 MBytes  2.87 Gbits/sec                  
- - - - - - - - - - - - - - - - - - - - - - - - -
[  8]  11.00-12.00  sec  77.4 MBytes   649 Mbits/sec                  
[ 11]  11.00-12.00  sec  85.0 MBytes   713 Mbits/sec                  
[ 13]  11.00-12.00  sec   299 MBytes  2.51 Gbits/sec                  
[ 15]  11.00-12.00  sec  91.2 MBytes   765 Mbits/sec                  
[SUM]  11.00-12.00  sec   552 MBytes  4.64 Gbits/sec                  
- - - - - - - - - - - - - - - - - - - - - - - - -
[  8]  12.00-13.00  sec   109 MBytes   911 Mbits/sec                  
[ 11]  12.00-13.00  sec  71.6 MBytes   601 Mbits/sec                  
[ 13]  12.00-13.00  sec   194 MBytes  1.62 Gbits/sec                  
[ 15]  12.00-13.00  sec  62.2 MBytes   522 Mbits/sec                  
[SUM]  12.00-13.00  sec   436 MBytes  3.66 Gbits/sec                  
- - - - - - - - - - - - - - - - - - - - - - - - -
[  8]  13.00-14.02  sec  66.8 MBytes   550 Mbits/sec                  
[ 11]  13.00-14.02  sec   450 MBytes  3.71 Gbits/sec                  
[ 13]  13.00-14.02  sec   173 MBytes  1.42 Gbits/sec                  
[ 15]  13.00-14.02  sec   109 MBytes   900 Mbits/sec                  
[SUM]  13.00-14.02  sec   799 MBytes  6.58 Gbits/sec                  
- - - - - - - - - - - - - - - - - - - - - - - - -
[  8]  14.02-15.00  sec  48.2 MBytes   412 Mbits/sec                  
[ 11]  14.02-15.00  sec   102 MBytes   874 Mbits/sec                  
[ 13]  14.02-15.00  sec   146 MBytes  1.25 Gbits/sec                  
[ 15]  14.02-15.00  sec   148 MBytes  1.27 Gbits/sec                  
[SUM]  14.02-15.00  sec   445 MBytes  3.80 Gbits/sec                  
- - - - - - - - - - - - - - - - - - - - - - - - -
[  8]  15.00-16.00  sec  64.1 MBytes   538 Mbits/sec                  
[ 11]  15.00-16.00  sec  62.8 MBytes   526 Mbits/sec                  
[ 13]  15.00-16.00  sec   256 MBytes  2.15 Gbits/sec                  
[ 15]  15.00-16.00  sec   144 MBytes  1.21 Gbits/sec                  
[SUM]  15.00-16.00  sec   527 MBytes  4.42 Gbits/sec                  
- - - - - - - - - - - - - - - - - - - - - - - - -
[  8]  16.00-17.01  sec  54.4 MBytes   454 Mbits/sec                  
[ 11]  16.00-17.01  sec  94.4 MBytes   788 Mbits/sec                  
[ 13]  16.00-17.01  sec   214 MBytes  1.78 Gbits/sec                  
[ 15]  16.00-17.01  sec  98.9 MBytes   826 Mbits/sec                  
[SUM]  16.00-17.01  sec   461 MBytes  3.85 Gbits/sec                  
- - - - - - - - - - - - - - - - - - - - - - - - -
[  8]  17.01-18.00  sec  55.2 MBytes   466 Mbits/sec                  
[ 11]  17.01-18.00  sec   125 MBytes  1.06 Gbits/sec                  
[ 13]  17.01-18.00  sec   134 MBytes  1.13 Gbits/sec                  
[ 15]  17.01-18.00  sec  54.1 MBytes   456 Mbits/sec                  
[SUM]  17.01-18.00  sec   368 MBytes  3.10 Gbits/sec                  
- - - - - - - - - - - - - - - - - - - - - - - - -
[  8]  18.00-19.00  sec  25.4 MBytes   212 Mbits/sec                  
[ 11]  18.00-19.00  sec   133 MBytes  1.11 Gbits/sec                  
[ 13]  18.00-19.00  sec  58.9 MBytes   492 Mbits/sec                  
[ 15]  18.00-19.00  sec  42.0 MBytes   351 Mbits/sec                  
[SUM]  18.00-19.00  sec   259 MBytes  2.17 Gbits/sec                  
- - - - - - - - - - - - - - - - - - - - - - - - -
[  8]  19.00-20.00  sec  54.9 MBytes   462 Mbits/sec                  
[ 11]  19.00-20.00  sec  73.2 MBytes   616 Mbits/sec                  
[ 13]  19.00-20.00  sec  74.6 MBytes   628 Mbits/sec                  
[ 15]  19.00-20.00  sec   102 MBytes   862 Mbits/sec                  
[SUM]  19.00-20.00  sec   305 MBytes  2.57 Gbits/sec                  
- - - - - - - - - - - - - - - - - - - - - - - - -
[  8]  20.00-21.01  sec   160 MBytes  1.33 Gbits/sec                  
[ 11]  20.00-21.01  sec   122 MBytes  1.02 Gbits/sec                  
[ 13]  20.00-21.01  sec  98.1 MBytes   818 Mbits/sec                  
[ 15]  20.00-21.01  sec  82.8 MBytes   690 Mbits/sec                  
[SUM]  20.00-21.01  sec   463 MBytes  3.86 Gbits/sec                  
- - - - - - - - - - - - - - - - - - - - - - - - -
[  8]  21.01-22.00  sec   150 MBytes  1.27 Gbits/sec                  
[ 11]  21.01-22.00  sec   125 MBytes  1.06 Gbits/sec                  
[ 13]  21.01-22.00  sec   163 MBytes  1.38 Gbits/sec                  
[ 15]  21.01-22.00  sec  64.5 MBytes   544 Mbits/sec                  
[SUM]  21.01-22.00  sec   503 MBytes  4.24 Gbits/sec                  
- - - - - - - - - - - - - - - - - - - - - - - - -
[  8]  22.00-23.00  sec  70.2 MBytes   589 Mbits/sec                  
[ 11]  22.00-23.00  sec  51.4 MBytes   431 Mbits/sec                  
[ 13]  22.00-23.00  sec  97.1 MBytes   815 Mbits/sec                  
[ 15]  22.00-23.00  sec  71.8 MBytes   602 Mbits/sec                  
[SUM]  22.00-23.00  sec   290 MBytes  2.44 Gbits/sec                  
- - - - - - - - - - - - - - - - - - - - - - - - -
[  8]  23.00-24.00  sec  33.4 MBytes   279 Mbits/sec                  
[ 11]  23.00-24.00  sec   134 MBytes  1.12 Gbits/sec                  
[ 13]  23.00-24.00  sec  56.4 MBytes   472 Mbits/sec                  
[ 15]  23.00-24.00  sec   209 MBytes  1.75 Gbits/sec                  
[SUM]  23.00-24.00  sec   433 MBytes  3.62 Gbits/sec                  
- - - - - - - - - - - - - - - - - - - - - - - - -
[  8]  24.00-25.00  sec  54.9 MBytes   461 Mbits/sec                  
[ 11]  24.00-25.00  sec   122 MBytes  1.02 Gbits/sec                  
[ 13]  24.00-25.00  sec   131 MBytes  1.10 Gbits/sec                  
[ 15]  24.00-25.00  sec   245 MBytes  2.06 Gbits/sec                  
[SUM]  24.00-25.00  sec   553 MBytes  4.64 Gbits/sec                  
- - - - - - - - - - - - - - - - - - - - - - - - -
[  8]  25.00-26.00  sec  63.8 MBytes   535 Mbits/sec                  
[ 11]  25.00-26.00  sec   309 MBytes  2.59 Gbits/sec                  
[ 13]  25.00-26.00  sec   227 MBytes  1.90 Gbits/sec                  
[ 15]  25.00-26.00  sec   683 MBytes  5.73 Gbits/sec                  
[SUM]  25.00-26.00  sec  1.25 GBytes  10.8 Gbits/sec                  
- - - - - - - - - - - - - - - - - - - - - - - - -
[  8]  26.00-27.00  sec  66.5 MBytes   558 Mbits/sec                  
[ 11]  26.00-27.00  sec   176 MBytes  1.47 Gbits/sec                  
[ 13]  26.00-27.00  sec  63.2 MBytes   531 Mbits/sec                  
[ 15]  26.00-27.00  sec   174 MBytes  1.46 Gbits/sec                  
[SUM]  26.00-27.00  sec   479 MBytes  4.02 Gbits/sec                  
- - - - - - - - - - - - - - - - - - - - - - - - -
[  8]  27.00-28.01  sec   105 MBytes   869 Mbits/sec                  
[ 11]  27.00-28.02  sec   195 MBytes  1.61 Gbits/sec                  
[ 13]  27.00-28.02  sec  76.4 MBytes   631 Mbits/sec                  
[ 15]  27.00-28.02  sec  95.4 MBytes   788 Mbits/sec                  
[SUM]  27.00-28.01  sec   471 MBytes  3.91 Gbits/sec                  
- - - - - - - - - - - - - - - - - - - - - - - - -
[  8]  28.01-29.00  sec  84.9 MBytes   720 Mbits/sec                  
[ 11]  28.02-29.00  sec   199 MBytes  1.69 Gbits/sec                  
[ 13]  28.02-29.00  sec  62.2 MBytes   528 Mbits/sec                  
[ 15]  28.02-29.00  sec   100 MBytes   850 Mbits/sec                  
[SUM]  28.01-29.00  sec   446 MBytes  3.79 Gbits/sec                  
- - - - - - - - - - - - - - - - - - - - - - - - -
[  8]  29.00-30.00  sec  97.6 MBytes   819 Mbits/sec                  
[ 11]  29.00-30.00  sec   794 MBytes  6.68 Gbits/sec                  
[ 13]  29.00-30.00  sec  80.0 MBytes   674 Mbits/sec                  
[ 15]  29.00-30.00  sec  88.8 MBytes   747 Mbits/sec                  
[SUM]  29.00-30.00  sec  1.04 GBytes  8.89 Gbits/sec                  
- - - - - - - - - - - - - - - - - - - - - - - - -
[  8]  30.00-30.03  sec  0.00 Bytes  0.00 bits/sec                  
[ 11]  30.00-30.03  sec  11.2 MBytes  2.77 Gbits/sec                  
[ 13]  30.00-30.03  sec  8.12 MBytes  2.00 Gbits/sec                  
[ 15]  30.00-30.03  sec  6.75 MBytes  1.66 Gbits/sec                  
[SUM]  30.00-30.03  sec  26.1 MBytes  6.43 Gbits/sec                  
- - - - - - - - - - - - - - - - - - - - - - - - -
[ ID] Interval           Transfer     Bitrate
[  8]   0.00-30.03  sec  5.27 GBytes  1.51 Gbits/sec                  receiver
[ 11]   0.00-30.03  sec  6.00 GBytes  1.72 Gbits/sec                  receiver
[ 13]   0.00-30.03  sec  4.27 GBytes  1.22 Gbits/sec                  receiver
[ 15]   0.00-30.03  sec  3.89 GBytes  1.11 Gbits/sec                  receiver
[SUM]   0.00-30.03  sec  19.4 GBytes  5.56 Gbits/sec                  receiver
