-----------------------------------------------------------
Server listening on 5201 (test #1)
-----------------------------------------------------------
Accepted connection from 10.0.0.2, port 56794
[  8] local 10.0.0.66 port 5201 connected to 10.0.0.2 port 56808
[ 11] local 10.0.0.66 port 5201 connected to 10.0.0.2 port 56820
[ 13] local 10.0.0.66 port 5201 connected to 10.0.0.2 port 56834
[ 15] local 10.0.0.66 port 5201 connected to 10.0.0.2 port 56846
[ ID] Interval           Transfer     Bitrate
[  8]   0.00-1.01   sec   314 MBytes  2.60 Gbits/sec                  
[ 11]   0.00-1.01   sec   808 MBytes  6.71 Gbits/sec                  
[ 13]   0.00-1.01   sec   432 MBytes  3.59 Gbits/sec                  
[ 15]   0.00-1.01   sec   331 MBytes  2.75 Gbits/sec                  
[SUM]   0.00-1.01   sec  1.84 GBytes  15.6 Gbits/sec                  
- - - - - - - - - - - - - - - - - - - - - - - - -
[  8]   1.01-2.00   sec   197 MBytes  1.67 Gbits/sec                  
[ 11]   1.01-2.00   sec   411 MBytes  3.49 Gbits/sec                  
[ 13]   1.01-2.00   sec   353 MBytes  2.99 Gbits/sec                  
[ 15]   1.01-2.00   sec   239 MBytes  2.02 Gbits/sec                  
[SUM]   1.01-2.00   sec  1.17 GBytes  10.2 Gbits/sec                  
- - - - - - - - - - - - - - - - - - - - - - - - -
[  8]   2.00-3.00   sec   162 MBytes  1.36 Gbits/sec                  
[ 11]   2.00-3.00   sec   259 MBytes  2.17 Gbits/sec                  
[ 13]   2.00-3.00   sec   250 MBytes  2.09 Gbits/sec                  
[ 15]   2.00-3.00   sec   263 MBytes  2.20 Gbits/sec                  
[SUM]   2.00-3.00   sec   934 MBytes  7.83 Gbits/sec                  
- - - - - - - - - - - - - - - - - - - - - - - - -
[  8]   3.00-4.00   sec   247 MBytes  2.07 Gbits/sec                  
[ 11]   3.00-4.00   sec   154 MBytes  1.29 Gbits/sec                  
[ 13]   3.00-4.00   sec   310 MBytes  2.60 Gbits/sec                  
[ 15]   3.00-4.00   sec   291 MBytes  2.44 Gbits/sec                  
[SUM]   3.00-4.00   sec  1001 MBytes  8.40 Gbits/sec                  
- - - - - - - - - - - - - - - - - - - - - - - - -
[  8]   4.00-5.00   sec  75.0 MBytes   629 Mbits/sec                  
[ 11]   4.00-5.00   sec   119 MBytes   997 Mbits/sec                  
[ 13]   4.00-5.00   sec   300 MBytes  2.52 Gbits/sec                  
[ 15]   4.00-5.00   sec   340 MBytes  2.85 Gbits/sec                  
[SUM]   4.00-5.00   sec   833 MBytes  6.99 Gbits/sec                  
- - - - - - - - - - - - - - - - - - - - - - - - -
[  8]   5.00-6.00   sec   169 MBytes  1.42 Gbits/sec                  
[ 11]   5.00-6.00   sec  89.8 MBytes   753 Mbits/sec                  
[ 13]   5.00-6.00   sec   205 MBytes  1.72 Gbits/sec                  
[ 15]   5.00-6.00   sec  91.1 MBytes   764 Mbits/sec                  
[SUM]   5.00-6.00   sec   554 MBytes  4.65 Gbits/sec                  
- - - - - - - - - - - - - - - - - - - - - - - - -
[  8]   6.00-7.00   sec   184 MBytes  1.54 Gbits/sec                  
[ 11]   6.00-7.00   sec  89.2 MBytes   749 Mbits/sec                  
[ 13]   6.00-7.00   sec   495 MBytes  4.16 Gbits/sec                  
[ 15]   6.00-7.00   sec  39.6 MBytes   332 Mbits/sec                  
[SUM]   6.00-7.00   sec   808 MBytes  6.78 Gbits/sec                  
- - - - - - - - - - - - - - - - - - - - - - - - -
[  8]   7.00-8.00   sec  73.8 MBytes   617 Mbits/sec                  
[ 11]   7.00-8.00   sec  81.9 MBytes   685 Mbits/sec                  
[ 13]   7.00-8.00   sec   302 MBytes  2.53 Gbits/sec                  
[ 15]   7.00-8.00   sec  42.5 MBytes   356 Mbits/sec                  
[SUM]   7.00-8.00   sec   500 MBytes  4.18 Gbits/sec                  
- - - - - - - - - - - - - - - - - - - - - - - - -
[  8]   8.00-9.00   sec   131 MBytes  1.10 Gbits/sec                  
[ 11]   8.00-9.00   sec   118 MBytes   991 Mbits/sec                  
[ 13]   8.00-9.00   sec   107 MBytes   902 Mbits/sec                  
[ 15]   8.00-9.00   sec  52.0 MBytes   438 Mbits/sec                  
[SUM]   8.00-9.00   sec   408 MBytes  3.43 Gbits/sec                  
- - - - - - - - - - - - - - - - - - - - - - - - -
[  8]   9.00-10.00  sec  90.9 MBytes   759 Mbits/sec                  
[ 11]   9.00-10.00  sec  57.5 MBytes   480 Mbits/sec                  
[ 13]   9.00-10.00  sec  94.0 MBytes   785 Mbits/sec                  
[ 15]   9.00-10.00  sec  72.4 MBytes   605 Mbits/sec                  
[SUM]   9.00-10.00  sec   315 MBytes  2.63 Gbits/sec                  
- - - - - - - - - - - - - - - - - - - - - - - - -
[  8]  10.00-11.00  sec  72.1 MBytes   607 Mbits/sec                  
[ 11]  10.00-11.00  sec  69.9 MBytes   589 Mbits/sec                  
[ 13]  10.00-11.00  sec  60.5 MBytes   510 Mbits/sec                  
[ 15]  10.00-11.00  sec  64.6 MBytes   544 Mbits/sec                  
[SUM]  10.00-11.00  sec   267 MBytes  2.25 Gbits/sec                  
- - - - - - - - - - - - - - - - - - - - - - - - -
[  8]  11.00-12.00  sec  96.4 MBytes   808 Mbits/sec                  
[ 11]  11.00-12.00  sec   127 MBytes  1.07 Gbits/sec                  
[ 13]  11.00-12.00  sec  91.5 MBytes   767 Mbits/sec                  
[ 15]  11.00-12.00  sec  66.2 MBytes   555 Mbits/sec                  
[SUM]  11.00-12.00  sec   381 MBytes  3.20 Gbits/sec                  
- - - - - - - - - - - - - - - - - - - - - - - - -
[  8]  12.00-13.00  sec   262 MBytes  2.20 Gbits/sec                  
[ 11]  12.00-13.00  sec   105 MBytes   878 Mbits/sec                  
[ 13]  12.00-13.00  sec  95.1 MBytes   798 Mbits/sec                  
[ 15]  12.00-13.00  sec  64.9 MBytes   544 Mbits/sec                  
[SUM]  12.00-13.00  sec   527 MBytes  4.42 Gbits/sec                  
- - - - - - - - - - - - - - - - - - - - - - - - -
[  8]  13.00-14.00  sec   144 MBytes  1.20 Gbits/sec                  
[ 11]  13.00-14.00  sec   120 MBytes  1.01 Gbits/sec                  
[ 13]  13.00-14.00  sec   116 MBytes   973 Mbits/sec                  
[ 15]  13.00-14.00  sec  47.0 MBytes   394 Mbits/sec                  
[SUM]  13.00-14.00  sec   427 MBytes  3.58 Gbits/sec                  
- - - - - - - - - - - - - - - - - - - - - - - - -
[  8]  14.00-15.00  sec  45.1 MBytes   379 Mbits/sec                  
[ 11]  14.00-15.00  sec   147 MBytes  1.23 Gbits/sec                  
[ 13]  14.00-15.00  sec   129 MBytes  1.08 Gbits/sec                  
[ 15]  14.00-15.00  sec  44.4 MBytes   372 Mbits/sec                  
[SUM]  14.00-15.00  sec   365 MBytes  3.06 Gbits/sec                  
- - - - - - - - - - - - - - - - - - - - - - - - -
[  8]  15.00-16.00  sec   120 MBytes  1.01 Gbits/sec                  
[ 11]  15.00-16.00  sec   118 MBytes   992 Mbits/sec                  
[ 13]  15.00-16.00  sec   104 MBytes   869 Mbits/sec                  
[ 15]  15.00-16.00  sec  51.8 MBytes   434 Mbits/sec                  
[SUM]  15.00-16.00  sec   394 MBytes  3.30 Gbits/sec                  
- - - - - - - - - - - - - - - - - - - - - - - - -
[  8]  16.00-17.00  sec   145 MBytes  1.21 Gbits/sec                  
[ 11]  16.00-17.00  sec   109 MBytes   911 Mbits/sec                  
[ 13]  16.00-17.00  sec  75.4 MBytes   632 Mbits/sec                  
[ 15]  16.00-17.00  sec  31.2 MBytes   262 Mbits/sec                  
[SUM]  16.00-17.00  sec   360 MBytes  3.02 Gbits/sec                  
- - - - - - - - - - - - - - - - - - - - - - - - -
[  8]  17.00-18.00  sec  74.9 MBytes   628 Mbits/sec                  
[ 11]  17.00-18.00  sec  64.2 MBytes   539 Mbits/sec                  
[ 13]  17.00-18.00  sec  92.9 MBytes   779 Mbits/sec                  
[ 15]  17.00-18.00  sec  36.8 MBytes   308 Mbits/sec                  
[SUM]  17.00-18.00  sec   269 MBytes  2.25 Gbits/sec                  
- - - - - - - - - - - - - - - - - - - - - - - - -
[  8]  18.00-19.00  sec  96.6 MBytes   811 Mbits/sec                  
[ 11]  18.00-19.00  sec  88.5 MBytes   742 Mbits/sec                  
[ 13]  18.00-19.00  sec  87.9 MBytes   737 Mbits/sec                  
[ 15]  18.00-19.00  sec  47.9 MBytes   402 Mbits/sec                  
[SUM]  18.00-19.00  sec   321 MBytes  2.69 Gbits/sec                  
- - - - - - - - - - - - - - - - - - - - - - - - -
[  8]  19.00-20.00  sec   120 MBytes  1.01 Gbits/sec                  
[ 11]  19.00-20.00  sec  88.8 MBytes   743 Mbits/sec                  
[ 13]  19.00-20.00  sec  67.1 MBytes   562 Mbits/sec                  
[ 15]  19.00-20.00  sec  31.8 MBytes   266 Mbits/sec                  
[SUM]  19.00-20.00  sec   308 MBytes  2.58 Gbits/sec                  
- - - - - - - - - - - - - - - - - - - - - - - - -
[  8]  20.00-21.00  sec  61.8 MBytes   519 Mbits/sec                  
[ 11]  20.00-21.00  sec  90.6 MBytes   762 Mbits/sec                  
[ 13]  20.00-21.00  sec  51.8 MBytes   435 Mbits/sec                  
[ 15]  20.00-21.00  sec  66.9 MBytes   562 Mbits/sec                  
[SUM]  20.00-21.00  sec   271 MBytes  2.28 Gbits/sec                  
- - - - - - - - - - - - - - - - - - - - - - - - -
[  8]  21.00-22.00  sec  94.4 MBytes   792 Mbits/sec                  
[ 11]  21.00-22.00  sec  76.0 MBytes   638 Mbits/sec                  
[ 13]  21.00-22.00  sec  64.6 MBytes   542 Mbits/sec                  
[ 15]  21.00-22.00  sec  39.0 MBytes   327 Mbits/sec                  
[SUM]  21.00-22.00  sec   274 MBytes  2.30 Gbits/sec                  
- - - - - - - - - - - - - - - - - - - - - - - - -
[  8]  22.00-23.00  sec  65.0 MBytes   545 Mbits/sec                  
[ 11]  22.00-23.00  sec  62.5 MBytes   524 Mbits/sec                  
[ 13]  22.00-23.00  sec  82.0 MBytes   688 Mbits/sec                  
[ 15]  22.00-23.00  sec   125 MBytes  1.05 Gbits/sec                  
[SUM]  22.00-23.00  sec   334 MBytes  2.81 Gbits/sec                  
- - - - - - - - - - - - - - - - - - - - - - - - -
[  8]  23.00-24.00  sec   120 MBytes  1.00 Gbits/sec                  
[ 11]  23.00-24.00  sec  61.8 MBytes   517 Mbits/sec                  
[ 13]  23.00-24.00  sec  66.5 MBytes   557 Mbits/sec                  
[ 15]  23.00-24.00  sec   140 MBytes  1.17 Gbits/sec                  
[SUM]  23.00-24.00  sec   388 MBytes  3.25 Gbits/sec                  
- - - - - - - - - - - - - - - - - - - - - - - - -
[  8]  24.00-25.00  sec  89.2 MBytes   750 Mbits/sec                  
[ 11]  24.00-25.00  sec  72.9 MBytes   612 Mbits/sec                  
[ 13]  24.00-25.00  sec  66.0 MBytes   555 Mbits/sec                  
[ 15]  24.00-25.00  sec   130 MBytes  1.09 Gbits/sec                  
[SUM]  24.00-25.00  sec   358 MBytes  3.01 Gbits/sec                  
- - - - - - - - - - - - - - - - - - - - - - - - -
[  8]  25.00-26.00  sec  81.9 MBytes   687 Mbits/sec                  
[ 11]  25.00-26.00  sec  82.0 MBytes   688 Mbits/sec                  
[ 13]  25.00-26.00  sec  48.8 MBytes   409 Mbits/sec                  
[ 15]  25.00-26.00  sec  42.0 MBytes   352 Mbits/sec                  
[SUM]  25.00-26.00  sec   255 MBytes  2.14 Gbits/sec                  
- - - - - - - - - - - - - - - - - - - - - - - - -
[  8]  26.00-27.00  sec  73.5 MBytes   617 Mbits/sec                  
[ 11]  26.00-27.00  sec  60.8 MBytes   510 Mbits/sec                  
[ 13]  26.00-27.00  sec  92.1 MBytes   773 Mbits/sec                  
[ 15]  26.00-27.00  sec   100 MBytes   842 Mbits/sec                  
[SUM]  26.00-27.00  sec   327 MBytes  2.74 Gbits/sec                  
- - - - - - - - - - - - - - - - - - - - - - - - -
[  8]  27.00-28.00  sec  59.4 MBytes   498 Mbits/sec                  
[ 11]  27.00-28.00  sec  57.8 MBytes   484 Mbits/sec                  
[ 13]  27.00-28.00  sec  61.8 MBytes   518 Mbits/sec                  
[ 15]  27.00-28.00  sec   111 MBytes   934 Mbits/sec                  
[SUM]  27.00-28.00  sec   290 MBytes  2.43 Gbits/sec                  
- - - - - - - - - - - - - - - - - - - - - - - - -
[  8]  28.00-29.00  sec   101 MBytes   849 Mbits/sec                  
[ 11]  28.00-29.00  sec  41.8 MBytes   350 Mbits/sec                  
[ 13]  28.00-29.00  sec  60.9 MBytes   511 Mbits/sec                  
[ 15]  28.00-29.00  sec  77.4 MBytes   649 Mbits/sec                  
[SUM]  28.00-29.00  sec   281 MBytes  2.36 Gbits/sec                  
- - - - - - - - - - - - - - - - - - - - - - - - -
[  8]  29.00-30.00  sec  74.4 MBytes   624 Mbits/sec                  
[ 11]  29.00-30.00  sec  57.6 MBytes   483 Mbits/sec                  
[ 13]  29.00-30.00  sec   180 MBytes  1.51 Gbits/sec                  
[ 15]  29.00-30.00  sec   157 MBytes  1.31 Gbits/sec                  
[SUM]  29.00-30.00  sec   469 MBytes  3.93 Gbits/sec                  
- - - - - - - - - - - - - - - - - - - - - - - - -
[  8]  30.00-30.02  sec  0.00 Bytes  0.00 bits/sec                  
[ 11]  30.00-30.02  sec  0.00 Bytes  0.00 bits/sec                  
[ 13]  30.00-30.02  sec   128 KBytes  64.7 Mbits/sec                  
[ 15]  30.00-30.02  sec  0.00 Bytes  0.00 bits/sec                  
[SUM]  30.00-30.02  sec   128 KBytes  64.7 Mbits/sec                  
- - - - - - - - - - - - - - - - - - - - - - - - -
[ ID] Interval           Transfer     Bitrate
[  8]   0.00-30.02  sec  3.56 GBytes  1.02 Gbits/sec                  receiver
[ 11]   0.00-30.02  sec  3.80 GBytes  1.09 Gbits/sec                  receiver
[ 13]   0.00-30.02  sec  4.43 GBytes  1.27 Gbits/sec                  receiver
[ 15]   0.00-30.02  sec  3.17 GBytes   907 Mbits/sec                  receiver
[SUM]   0.00-30.02  sec  15.0 GBytes  4.28 Gbits/sec                  receiver
