-----------------------------------------------------------
Server listening on 5201 (test #1)
-----------------------------------------------------------
Accepted connection from 10.0.0.37, port 44742
[  8] local 10.0.0.101 port 5201 connected to 10.0.0.37 port 44746
[ 11] local 10.0.0.101 port 5201 connected to 10.0.0.37 port 44762
[ 13] local 10.0.0.101 port 5201 connected to 10.0.0.37 port 44766
[ 15] local 10.0.0.101 port 5201 connected to 10.0.0.37 port 44774
[ ID] Interval           Transfer     Bitrate
[  8]   0.00-1.00   sec  13.1 MBytes   110 Mbits/sec                  
[ 11]   0.00-1.00   sec  10.8 MBytes  90.2 Mbits/sec                  
[ 13]   0.00-1.00   sec  11.4 MBytes  95.4 Mbits/sec                  
[ 15]   0.00-1.00   sec  10.4 MBytes  87.0 Mbits/sec                  
[SUM]   0.00-1.00   sec  45.6 MBytes   383 Mbits/sec                  
- - - - - - - - - - - - - - - - - - - - - - - - -
[  8]   1.00-2.00   sec  23.8 MBytes   199 Mbits/sec                  
[ 11]   1.00-2.00   sec  21.5 MBytes   180 Mbits/sec                  
[ 13]   1.00-2.00   sec  18.5 MBytes   155 Mbits/sec                  
[ 15]   1.00-2.00   sec   208 MBytes  1.74 Gbits/sec                  
[SUM]   1.00-2.00   sec   272 MBytes  2.28 Gbits/sec                  
- - - - - - - - - - - - - - - - - - - - - - - - -
[  8]   2.00-3.00   sec  23.4 MBytes   195 Mbits/sec                  
[ 11]   2.00-3.00   sec  80.2 MBytes   671 Mbits/sec                  
[ 13]   2.00-3.00   sec  32.2 MBytes   270 Mbits/sec                  
[ 15]   2.00-3.00   sec   510 MBytes  4.27 Gbits/sec                  
[SUM]   2.00-3.00   sec   646 MBytes  5.41 Gbits/sec                  
- - - - - - - - - - - - - - - - - - - - - - - - -
[  8]   3.00-4.00   sec  26.6 MBytes   224 Mbits/sec                  
[ 11]   3.00-4.00   sec  75.8 MBytes   638 Mbits/sec                  
[ 13]   3.00-4.00   sec  40.6 MBytes   342 Mbits/sec                  
[ 15]   3.00-4.00   sec   328 MBytes  2.76 Gbits/sec                  
[SUM]   3.00-4.00   sec   471 MBytes  3.97 Gbits/sec                  
- - - - - - - - - - - - - - - - - - - - - - - - -
[  8]   4.00-5.00   sec  59.4 MBytes   498 Mbits/sec                  
[ 11]   4.00-5.00   sec  63.1 MBytes   530 Mbits/sec                  
[ 13]   4.00-5.00   sec   822 MBytes  6.90 Gbits/sec                  
[ 15]   4.00-5.00   sec   134 MBytes  1.12 Gbits/sec                  
[SUM]   4.00-5.00   sec  1.05 GBytes  9.05 Gbits/sec                  
- - - - - - - - - - - - - - - - - - - - - - - - -
[  8]   5.00-6.00   sec  53.9 MBytes   452 Mbits/sec                  
[ 11]   5.00-6.00   sec  63.2 MBytes   531 Mbits/sec                  
[ 13]   5.00-6.00   sec  81.0 MBytes   679 Mbits/sec                  
[ 15]   5.00-6.00   sec   106 MBytes   889 Mbits/sec                  
[SUM]   5.00-6.00   sec   304 MBytes  2.55 Gbits/sec                  
- - - - - - - - - - - - - - - - - - - - - - - - -
[  8]   6.00-7.00   sec  64.4 MBytes   540 Mbits/sec                  
[ 11]   6.00-7.00   sec  52.8 MBytes   442 Mbits/sec                  
[ 13]   6.00-7.00   sec   140 MBytes  1.17 Gbits/sec                  
[ 15]   6.00-7.00   sec   160 MBytes  1.34 Gbits/sec                  
[SUM]   6.00-7.00   sec   417 MBytes  3.49 Gbits/sec                  
- - - - - - - - - - - - - - - - - - - - - - - - -
[  8]   7.00-8.01   sec  95.9 MBytes   793 Mbits/sec                  
[ 11]   7.00-8.01   sec  66.4 MBytes   549 Mbits/sec                  
[ 13]   7.00-8.01   sec  76.0 MBytes   629 Mbits/sec                  
[ 15]   7.00-8.01   sec  98.2 MBytes   813 Mbits/sec                  
[SUM]   7.00-8.01   sec   336 MBytes  2.78 Gbits/sec                  
- - - - - - - - - - - - - - - - - - - - - - - - -
[  8]   8.01-9.00   sec   620 MBytes  5.28 Gbits/sec                  
[ 11]   8.01-9.00   sec  57.0 MBytes   485 Mbits/sec                  
[ 13]   8.01-9.00   sec  81.8 MBytes   695 Mbits/sec                  
[ 15]   8.01-9.00   sec  68.9 MBytes   586 Mbits/sec                  
[SUM]   8.01-9.00   sec   828 MBytes  7.04 Gbits/sec                  
- - - - - - - - - - - - - - - - - - - - - - - - -
[  8]   9.00-10.00  sec   348 MBytes  2.92 Gbits/sec                  
[ 11]   9.00-10.00  sec   507 MBytes  4.25 Gbits/sec                  
[ 13]   9.00-10.00  sec  36.9 MBytes   309 Mbits/sec                  
[ 15]   9.00-10.00  sec  60.1 MBytes   504 Mbits/sec                  
[SUM]   9.00-10.00  sec   952 MBytes  7.98 Gbits/sec                  
- - - - - - - - - - - - - - - - - - - - - - - - -
[  8]  10.00-11.00  sec   121 MBytes  1.01 Gbits/sec                  
[ 11]  10.00-11.00  sec   334 MBytes  2.80 Gbits/sec                  
[ 13]  10.00-11.00  sec  42.8 MBytes   359 Mbits/sec                  
[ 15]  10.00-11.00  sec  83.0 MBytes   697 Mbits/sec                  
[SUM]  10.00-11.00  sec   580 MBytes  4.87 Gbits/sec                  
- - - - - - - - - - - - - - - - - - - - - - - - -
[  8]  11.00-12.00  sec   492 MBytes  4.12 Gbits/sec                  
[ 11]  11.00-12.00  sec   177 MBytes  1.48 Gbits/sec                  
[ 13]  11.00-12.00  sec  51.4 MBytes   430 Mbits/sec                  
[ 15]  11.00-12.00  sec  77.2 MBytes   647 Mbits/sec                  
[SUM]  11.00-12.00  sec   797 MBytes  6.68 Gbits/sec                  
- - - - - - - - - - - - - - - - - - - - - - - - -
[  8]  12.00-13.00  sec   128 MBytes  1.08 Gbits/sec                  
[ 11]  12.00-13.00  sec  84.8 MBytes   712 Mbits/sec                  
[ 13]  12.00-13.00  sec   130 MBytes  1.10 Gbits/sec                  
[ 15]  12.00-13.00  sec  55.4 MBytes   465 Mbits/sec                  
[SUM]  12.00-13.00  sec   399 MBytes  3.35 Gbits/sec                  
- - - - - - - - - - - - - - - - - - - - - - - - -
[  8]  13.00-14.00  sec   128 MBytes  1.08 Gbits/sec                  
[ 11]  13.00-14.00  sec  97.2 MBytes   816 Mbits/sec                  
[ 13]  13.00-14.00  sec  52.2 MBytes   438 Mbits/sec                  
[ 15]  13.00-14.00  sec  82.4 MBytes   691 Mbits/sec                  
[SUM]  13.00-14.00  sec   360 MBytes  3.02 Gbits/sec                  
- - - - - - - - - - - - - - - - - - - - - - - - -
[  8]  14.00-15.00  sec   128 MBytes  1.07 Gbits/sec                  
[ 11]  14.00-15.00  sec   321 MBytes  2.68 Gbits/sec                  
[ 13]  14.00-15.00  sec  66.9 MBytes   559 Mbits/sec                  
[ 15]  14.00-15.00  sec  81.0 MBytes   677 Mbits/sec                  
[SUM]  14.00-15.00  sec   597 MBytes  4.99 Gbits/sec                  
- - - - - - - - - - - - - - - - - - - - - - - - -
[  8]  15.00-16.00  sec   116 MBytes   973 Mbits/sec                  
[ 11]  15.00-16.00  sec   667 MBytes  5.61 Gbits/sec                  
[ 13]  15.00-16.00  sec  60.8 MBytes   511 Mbits/sec                  
[ 15]  15.00-16.00  sec  91.2 MBytes   768 Mbits/sec                  
[SUM]  15.00-16.00  sec   934 MBytes  7.86 Gbits/sec                  
- - - - - - - - - - - - - - - - - - - - - - - - -
[  8]  16.00-17.01  sec  37.2 MBytes   311 Mbits/sec                  
[ 11]  16.00-17.01  sec   116 MBytes   971 Mbits/sec                  
[ 13]  16.00-17.01  sec   148 MBytes  1.24 Gbits/sec                  
[ 15]  16.00-17.01  sec   106 MBytes   885 Mbits/sec                  
[SUM]  16.00-17.01  sec   408 MBytes  3.40 Gbits/sec                  
- - - - - - - - - - - - - - - - - - - - - - - - -
[  8]  17.01-18.00  sec  41.5 MBytes   350 Mbits/sec                  
[ 11]  17.01-18.00  sec   149 MBytes  1.26 Gbits/sec                  
[ 13]  17.01-18.00  sec  84.6 MBytes   713 Mbits/sec                  
[ 15]  17.01-18.00  sec  69.8 MBytes   588 Mbits/sec                  
[SUM]  17.01-18.00  sec   345 MBytes  2.91 Gbits/sec                  
- - - - - - - - - - - - - - - - - - - - - - - - -
[  8]  18.00-19.00  sec  36.0 MBytes   302 Mbits/sec                  
[ 11]  18.00-19.00  sec   128 MBytes  1.08 Gbits/sec                  
[ 13]  18.00-19.00  sec  90.9 MBytes   762 Mbits/sec                  
[ 15]  18.00-19.00  sec   112 MBytes   941 Mbits/sec                  
[SUM]  18.00-19.00  sec   367 MBytes  3.08 Gbits/sec                  
- - - - - - - - - - - - - - - - - - - - - - - - -
[  8]  19.00-20.00  sec  35.9 MBytes   301 Mbits/sec                  
[ 11]  19.00-20.00  sec   145 MBytes  1.21 Gbits/sec                  
[ 13]  19.00-20.00  sec  63.0 MBytes   529 Mbits/sec                  
[ 15]  19.00-20.00  sec   178 MBytes  1.49 Gbits/sec                  
[SUM]  19.00-20.00  sec   422 MBytes  3.54 Gbits/sec                  
- - - - - - - - - - - - - - - - - - - - - - - - -
[  8]  20.00-21.00  sec  40.6 MBytes   341 Mbits/sec                  
[ 11]  20.00-21.00  sec   143 MBytes  1.20 Gbits/sec                  
[ 13]  20.00-21.00  sec  76.2 MBytes   640 Mbits/sec                  
[ 15]  20.00-21.00  sec   704 MBytes  5.90 Gbits/sec                  
[SUM]  20.00-21.00  sec   964 MBytes  8.08 Gbits/sec                  
- - - - - - - - - - - - - - - - - - - - - - - - -
[  8]  21.00-22.01  sec  60.5 MBytes   504 Mbits/sec                  
[ 11]  21.00-22.01  sec   108 MBytes   904 Mbits/sec                  
[ 13]  21.00-22.01  sec  58.2 MBytes   486 Mbits/sec                  
[ 15]  21.00-22.01  sec   867 MBytes  7.23 Gbits/sec                  
[SUM]  21.00-22.01  sec  1.07 GBytes  9.12 Gbits/sec                  
- - - - - - - - - - - - - - - - - - - - - - - - -
[  8]  22.01-23.00  sec  47.1 MBytes   398 Mbits/sec                  
[ 11]  22.01-23.00  sec   110 MBytes   931 Mbits/sec                  
[ 13]  22.01-23.00  sec  49.4 MBytes   417 Mbits/sec                  
[ 15]  22.01-23.00  sec   118 MBytes   998 Mbits/sec                  
[SUM]  22.01-23.00  sec   325 MBytes  2.74 Gbits/sec                  
- - - - - - - - - - - - - - - - - - - - - - - - -
[  8]  23.00-24.00  sec  42.4 MBytes   355 Mbits/sec                  
[ 11]  23.00-24.00  sec  48.4 MBytes   406 Mbits/sec                  
[ 13]  23.00-24.00  sec  77.2 MBytes   648 Mbits/sec                  
[ 15]  23.00-24.00  sec  98.0 MBytes   822 Mbits/sec                  
[SUM]  23.00-24.00  sec   266 MBytes  2.23 Gbits/sec                  
- - - - - - - - - - - - - - - - - - - - - - - - -
[  8]  24.00-25.00  sec  80.9 MBytes   679 Mbits/sec                  
[ 11]  24.00-25.00  sec  73.8 MBytes   619 Mbits/sec                  
[ 13]  24.00-25.00  sec  69.2 MBytes   581 Mbits/sec                  
[ 15]  24.00-25.00  sec  59.5 MBytes   499 Mbits/sec                  
[SUM]  24.00-25.00  sec   283 MBytes  2.38 Gbits/sec                  
- - - - - - - - - - - - - - - - - - - - - - - - -
[  8]  25.00-26.00  sec  55.5 MBytes   466 Mbits/sec                  
[ 11]  25.00-26.00  sec  63.5 MBytes   533 Mbits/sec                  
[ 13]  25.00-26.00  sec  54.9 MBytes   460 Mbits/sec                  
[ 15]  25.00-26.00  sec  66.6 MBytes   559 Mbits/sec                  
[SUM]  25.00-26.00  sec   240 MBytes  2.02 Gbits/sec                  
- - - - - - - - - - - - - - - - - - - - - - - - -
[  8]  26.00-27.00  sec  59.6 MBytes   500 Mbits/sec                  
[ 11]  26.00-27.00  sec  59.9 MBytes   502 Mbits/sec                  
[ 13]  26.00-27.00  sec  92.8 MBytes   778 Mbits/sec                  
[ 15]  26.00-27.00  sec  49.2 MBytes   413 Mbits/sec                  
[SUM]  26.00-27.00  sec   262 MBytes  2.19 Gbits/sec                  
- - - - - - - - - - - - - - - - - - - - - - - - -
[  8]  27.00-28.00  sec  70.8 MBytes   593 Mbits/sec                  
[ 11]  27.00-28.00  sec  88.4 MBytes   741 Mbits/sec                  
[ 13]  27.00-28.00  sec   390 MBytes  3.27 Gbits/sec                  
[ 15]  27.00-28.00  sec  54.1 MBytes   454 Mbits/sec                  
[SUM]  27.00-28.00  sec   603 MBytes  5.06 Gbits/sec                  
- - - - - - - - - - - - - - - - - - - - - - - - -
[  8]  28.00-29.00  sec   131 MBytes  1.10 Gbits/sec                  
[ 11]  28.00-29.00  sec   305 MBytes  2.56 Gbits/sec                  
[ 13]  28.00-29.00  sec  1.50 GBytes  12.9 Gbits/sec                  
[ 15]  28.00-29.00  sec   157 MBytes  1.32 Gbits/sec                  
[SUM]  28.00-29.00  sec  2.08 GBytes  17.9 Gbits/sec                  
- - - - - - - - - - - - - - - - - - - - - - - - -
[  8]  29.00-30.00  sec   325 MBytes  2.73 Gbits/sec                  
[ 11]  29.00-30.00  sec   463 MBytes  3.88 Gbits/sec                  
[ 13]  29.00-30.00  sec  1.60 GBytes  13.8 Gbits/sec                  
[ 15]  29.00-30.00  sec  1.80 GBytes  15.5 Gbits/sec                  
[SUM]  29.00-30.00  sec  4.18 GBytes  35.9 Gbits/sec                  
- - - - - - - - - - - - - - - - - - - - - - - - -
[  8]  30.00-30.01  sec  0.00 Bytes  0.00 bits/sec                  
[ 11]  30.00-30.01  sec  0.00 Bytes  0.00 bits/sec                  
[ 13]  30.00-30.01  sec  2.12 MBytes  2.05 Gbits/sec                  
[ 15]  30.00-30.01  sec  12.5 MBytes  12.0 Gbits/sec                  
[SUM]  30.00-30.01  sec  14.6 MBytes  14.1 Gbits/sec                  
- - - - - - - - - - - - - - - - - - - - - - - - -
[ ID] Interval           Transfer     Bitrate
[  8]   0.00-30.01  sec  3.42 GBytes   980 Mbits/sec                  receiver
[ 11]   0.00-30.01  sec  4.57 GBytes  1.31 Gbits/sec                  receiver
[ 13]   0.00-30.01  sec  6.03 GBytes  1.73 Gbits/sec                  receiver
[ 15]   0.00-30.01  sec  6.50 GBytes  1.86 Gbits/sec                  receiver
[SUM]   0.00-30.01  sec  20.5 GBytes  5.88 Gbits/sec                  receiver
