-----------------------------------------------------------
Server listening on 5201 (test #1)
-----------------------------------------------------------
Accepted connection from 10.0.0.6, port 57700
[  8] local 10.0.0.70 port 5201 connected to 10.0.0.6 port 57716
[ 11] local 10.0.0.70 port 5201 connected to 10.0.0.6 port 57728
[ 13] local 10.0.0.70 port 5201 connected to 10.0.0.6 port 57744
[ 15] local 10.0.0.70 port 5201 connected to 10.0.0.6 port 57754
[ ID] Interval           Transfer     Bitrate
[  8]   0.00-1.01   sec  23.9 MBytes   199 Mbits/sec                  
[ 11]   0.00-1.01   sec  24.0 MBytes   200 Mbits/sec                  
[ 13]   0.00-1.01   sec  21.8 MBytes   181 Mbits/sec                  
[ 15]   0.00-1.01   sec  22.0 MBytes   184 Mbits/sec                  
[SUM]   0.00-1.01   sec  91.6 MBytes   764 Mbits/sec                  
- - - - - - - - - - - - - - - - - - - - - - - - -
[  8]   1.01-2.01   sec  41.9 MBytes   351 Mbits/sec                  
[ 11]   1.01-2.02   sec  24.1 MBytes   200 Mbits/sec                  
[ 13]   1.01-2.02   sec   301 MBytes  2.49 Gbits/sec                  
[ 15]   1.01-2.02   sec  82.5 MBytes   683 Mbits/sec                  
[SUM]   1.01-2.01   sec   449 MBytes  3.77 Gbits/sec                  
- - - - - - - - - - - - - - - - - - - - - - - - -
[  8]   2.01-3.00   sec   179 MBytes  1.51 Gbits/sec                  
[ 11]   2.02-3.00   sec  76.5 MBytes   653 Mbits/sec                  
[ 13]   2.02-3.00   sec   876 MBytes  7.48 Gbits/sec                  
[ 15]   2.02-3.00   sec   121 MBytes  1.03 Gbits/sec                  
[SUM]   2.01-3.00   sec  1.22 GBytes  10.6 Gbits/sec                  
- - - - - - - - - - - - - - - - - - - - - - - - -
[  8]   3.00-4.00   sec   193 MBytes  1.62 Gbits/sec                  
[ 11]   3.00-4.00   sec   128 MBytes  1.08 Gbits/sec                  
[ 13]   3.00-4.00   sec   846 MBytes  7.10 Gbits/sec                  
[ 15]   3.00-4.00   sec   112 MBytes   943 Mbits/sec                  
[SUM]   3.00-4.00   sec  1.25 GBytes  10.7 Gbits/sec                  
- - - - - - - - - - - - - - - - - - - - - - - - -
[  8]   4.00-5.00   sec  77.5 MBytes   650 Mbits/sec                  
[ 11]   4.00-5.00   sec   118 MBytes   993 Mbits/sec                  
[ 13]   4.00-5.00   sec  75.0 MBytes   629 Mbits/sec                  
[ 15]   4.00-5.00   sec  85.9 MBytes   720 Mbits/sec                  
[SUM]   4.00-5.00   sec   357 MBytes  2.99 Gbits/sec                  
- - - - - - - - - - - - - - - - - - - - - - - - -
[  8]   5.00-6.00   sec  72.6 MBytes   609 Mbits/sec                  
[ 11]   5.00-6.00   sec   105 MBytes   881 Mbits/sec                  
[ 13]   5.00-6.00   sec  71.9 MBytes   603 Mbits/sec                  
[ 15]   5.00-6.00   sec  49.0 MBytes   411 Mbits/sec                  
[SUM]   5.00-6.00   sec   298 MBytes  2.50 Gbits/sec                  
- - - - - - - - - - - - - - - - - - - - - - - - -
[  8]   6.00-7.00   sec   112 MBytes   940 Mbits/sec                  
[ 11]   6.00-7.00   sec   109 MBytes   915 Mbits/sec                  
[ 13]   6.00-7.00   sec  97.0 MBytes   813 Mbits/sec                  
[ 15]   6.00-7.00   sec   217 MBytes  1.82 Gbits/sec                  
[SUM]   6.00-7.00   sec   535 MBytes  4.49 Gbits/sec                  
- - - - - - - - - - - - - - - - - - - - - - - - -
[  8]   7.00-8.00   sec   270 MBytes  2.26 Gbits/sec                  
[ 11]   7.00-8.00   sec  77.8 MBytes   651 Mbits/sec                  
[ 13]   7.00-8.00   sec   100 MBytes   839 Mbits/sec                  
[ 15]   7.00-8.00   sec   170 MBytes  1.42 Gbits/sec                  
[SUM]   7.00-8.00   sec   618 MBytes  5.17 Gbits/sec                  
- - - - - - - - - - - - - - - - - - - - - - - - -
[  8]   8.00-9.00   sec   169 MBytes  1.42 Gbits/sec                  
[ 11]   8.00-9.00   sec  83.6 MBytes   703 Mbits/sec                  
[ 13]   8.00-9.00   sec   148 MBytes  1.24 Gbits/sec                  
[ 15]   8.00-9.00   sec  86.2 MBytes   725 Mbits/sec                  
[SUM]   8.00-9.00   sec   487 MBytes  4.09 Gbits/sec                  
- - - - - - - - - - - - - - - - - - - - - - - - -
[  8]   9.00-10.00  sec   594 MBytes  4.98 Gbits/sec                  
[ 11]   9.00-10.00  sec   124 MBytes  1.04 Gbits/sec                  
[ 13]   9.00-10.00  sec   118 MBytes   991 Mbits/sec                  
[ 15]   9.00-10.07  sec   112 MBytes   875 Mbits/sec                  
[SUM]   9.00-10.00  sec   948 MBytes  7.95 Gbits/sec                  
- - - - - - - - - - - - - - - - - - - - - - - - -
[  8]  10.00-11.00  sec   400 MBytes  3.35 Gbits/sec                  
[ 11]  10.00-11.00  sec  98.6 MBytes   825 Mbits/sec                  
[ 13]  10.00-11.00  sec  91.2 MBytes   764 Mbits/sec                  
[ 15]  10.07-11.00  sec  60.0 MBytes   539 Mbits/sec                  
[SUM]  10.00-11.00  sec   650 MBytes  5.44 Gbits/sec                  
- - - - - - - - - - - - - - - - - - - - - - - - -
[  8]  11.00-12.01  sec   247 MBytes  2.06 Gbits/sec                  
[ 11]  11.00-12.01  sec  86.6 MBytes   723 Mbits/sec                  
[ 13]  11.00-12.01  sec  44.0 MBytes   367 Mbits/sec                  
[ 15]  11.00-12.01  sec  99.4 MBytes   830 Mbits/sec                  
[SUM]  11.00-12.01  sec   477 MBytes  3.98 Gbits/sec                  
- - - - - - - - - - - - - - - - - - - - - - - - -
[  8]  12.01-13.00  sec   174 MBytes  1.48 Gbits/sec                  
[ 11]  12.01-13.00  sec  43.4 MBytes   367 Mbits/sec                  
[ 13]  12.01-13.00  sec  71.6 MBytes   606 Mbits/sec                  
[ 15]  12.01-13.00  sec  83.5 MBytes   706 Mbits/sec                  
[SUM]  12.01-13.00  sec   373 MBytes  3.15 Gbits/sec                  
- - - - - - - - - - - - - - - - - - - - - - - - -
[  8]  13.00-14.01  sec   140 MBytes  1.17 Gbits/sec                  
[ 11]  13.00-14.01  sec  30.2 MBytes   253 Mbits/sec                  
[ 13]  13.00-14.01  sec   114 MBytes   948 Mbits/sec                  
[ 15]  13.00-14.01  sec  65.4 MBytes   546 Mbits/sec                  
[SUM]  13.00-14.01  sec   349 MBytes  2.91 Gbits/sec                  
- - - - - - - - - - - - - - - - - - - - - - - - -
[  8]  14.01-15.00  sec   217 MBytes  1.83 Gbits/sec                  
[ 11]  14.01-15.00  sec  34.6 MBytes   292 Mbits/sec                  
[ 13]  14.01-15.00  sec  97.4 MBytes   821 Mbits/sec                  
[ 15]  14.01-15.00  sec  95.6 MBytes   806 Mbits/sec                  
[SUM]  14.01-15.00  sec   444 MBytes  3.74 Gbits/sec                  
- - - - - - - - - - - - - - - - - - - - - - - - -
[  8]  15.00-16.00  sec   192 MBytes  1.61 Gbits/sec                  
[ 11]  15.00-16.00  sec  51.5 MBytes   432 Mbits/sec                  
[ 13]  15.00-16.00  sec  72.6 MBytes   609 Mbits/sec                  
[ 15]  15.00-16.00  sec   340 MBytes  2.85 Gbits/sec                  
[SUM]  15.00-16.00  sec   656 MBytes  5.51 Gbits/sec                  
- - - - - - - - - - - - - - - - - - - - - - - - -
[  8]  16.00-17.00  sec  88.9 MBytes   746 Mbits/sec                  
[ 11]  16.00-17.00  sec  36.1 MBytes   303 Mbits/sec                  
[ 13]  16.00-17.00  sec  70.2 MBytes   589 Mbits/sec                  
[ 15]  16.00-17.00  sec  51.0 MBytes   428 Mbits/sec                  
[SUM]  16.00-17.00  sec   246 MBytes  2.07 Gbits/sec                  
- - - - - - - - - - - - - - - - - - - - - - - - -
[  8]  17.00-18.00  sec   746 MBytes  6.26 Gbits/sec                  
[ 11]  17.00-18.00  sec  49.4 MBytes   414 Mbits/sec                  
[ 13]  17.00-18.00  sec  73.4 MBytes   616 Mbits/sec                  
[ 15]  17.00-18.00  sec   105 MBytes   880 Mbits/sec                  
[SUM]  17.00-18.00  sec   974 MBytes  8.17 Gbits/sec                  
- - - - - - - - - - - - - - - - - - - - - - - - -
[  8]  18.00-19.00  sec   579 MBytes  4.84 Gbits/sec                  
[ 11]  18.00-19.00  sec  26.5 MBytes   222 Mbits/sec                  
[ 13]  18.00-19.00  sec   109 MBytes   909 Mbits/sec                  
[ 15]  18.00-19.01  sec  91.8 MBytes   766 Mbits/sec                  
[SUM]  18.00-19.00  sec   806 MBytes  6.74 Gbits/sec                  
- - - - - - - - - - - - - - - - - - - - - - - - -
[  8]  19.00-20.00  sec  77.1 MBytes   649 Mbits/sec                  
[ 11]  19.00-20.00  sec  62.1 MBytes   523 Mbits/sec                  
[ 13]  19.00-20.00  sec  83.8 MBytes   705 Mbits/sec                  
[ 15]  19.01-20.00  sec   116 MBytes   975 Mbits/sec                  
[SUM]  19.00-20.00  sec   339 MBytes  2.85 Gbits/sec                  
- - - - - - - - - - - - - - - - - - - - - - - - -
[  8]  20.00-21.01  sec   108 MBytes   900 Mbits/sec                  
[ 11]  20.00-21.01  sec  1.30 GBytes  11.1 Gbits/sec                  
[ 13]  20.00-21.01  sec  50.2 MBytes   420 Mbits/sec                  
[ 15]  20.00-21.01  sec  39.1 MBytes   327 Mbits/sec                  
[SUM]  20.00-21.01  sec  1.49 GBytes  12.8 Gbits/sec                  
- - - - - - - - - - - - - - - - - - - - - - - - -
[  8]  21.01-22.05  sec  58.6 MBytes   472 Mbits/sec                  
[ 11]  21.01-22.05  sec  1.99 GBytes  16.5 Gbits/sec                  
[ 13]  21.01-22.05  sec   105 MBytes   846 Mbits/sec                  
[ 15]  21.01-22.05  sec  55.9 MBytes   450 Mbits/sec                  
[SUM]  21.01-22.05  sec  2.21 GBytes  18.2 Gbits/sec                  
- - - - - - - - - - - - - - - - - - - - - - - - -
[  8]  22.05-23.00  sec  69.8 MBytes   613 Mbits/sec                  
[ 11]  22.05-23.00  sec   167 MBytes  1.47 Gbits/sec                  
[ 13]  22.05-23.00  sec  63.1 MBytes   555 Mbits/sec                  
[ 15]  22.05-23.00  sec  88.8 MBytes   780 Mbits/sec                  
[SUM]  22.05-23.00  sec   388 MBytes  3.41 Gbits/sec                  
- - - - - - - - - - - - - - - - - - - - - - - - -
[  8]  23.00-24.00  sec  83.5 MBytes   701 Mbits/sec                  
[ 11]  23.00-24.00  sec  75.8 MBytes   636 Mbits/sec                  
[ 13]  23.00-24.00  sec  68.6 MBytes   576 Mbits/sec                  
[ 15]  23.00-24.00  sec  57.8 MBytes   485 Mbits/sec                  
[SUM]  23.00-24.00  sec   286 MBytes  2.40 Gbits/sec                  
- - - - - - - - - - - - - - - - - - - - - - - - -
[  8]  24.00-25.00  sec  58.2 MBytes   488 Mbits/sec                  
[ 11]  24.00-25.00  sec  77.8 MBytes   652 Mbits/sec                  
[ 13]  24.00-25.00  sec  67.4 MBytes   565 Mbits/sec                  
[ 15]  24.00-25.00  sec  62.1 MBytes   521 Mbits/sec                  
[SUM]  24.00-25.00  sec   266 MBytes  2.23 Gbits/sec                  
- - - - - - - - - - - - - - - - - - - - - - - - -
[  8]  25.00-26.00  sec  77.9 MBytes   652 Mbits/sec                  
[ 11]  25.00-26.00  sec  67.4 MBytes   564 Mbits/sec                  
[ 13]  25.00-26.00  sec   109 MBytes   914 Mbits/sec                  
[ 15]  25.00-26.00  sec   111 MBytes   926 Mbits/sec                  
[SUM]  25.00-26.00  sec   365 MBytes  3.06 Gbits/sec                  
- - - - - - - - - - - - - - - - - - - - - - - - -
[  8]  26.00-27.01  sec  57.4 MBytes   479 Mbits/sec                  
[ 11]  26.00-27.01  sec  59.0 MBytes   492 Mbits/sec                  
[ 13]  26.00-27.01  sec  66.2 MBytes   553 Mbits/sec                  
[ 15]  26.00-27.01  sec  46.1 MBytes   385 Mbits/sec                  
[SUM]  26.00-27.01  sec   229 MBytes  1.91 Gbits/sec                  
- - - - - - - - - - - - - - - - - - - - - - - - -
[  8]  27.01-28.00  sec   103 MBytes   871 Mbits/sec                  
[ 11]  27.01-28.00  sec   102 MBytes   860 Mbits/sec                  
[ 13]  27.01-28.00  sec   108 MBytes   911 Mbits/sec                  
[ 15]  27.01-28.00  sec  61.5 MBytes   520 Mbits/sec                  
[SUM]  27.01-28.00  sec   374 MBytes  3.16 Gbits/sec                  
- - - - - - - - - - - - - - - - - - - - - - - - -
[  8]  28.00-29.00  sec  67.5 MBytes   566 Mbits/sec                  
[ 11]  28.00-29.00  sec   124 MBytes  1.04 Gbits/sec                  
[ 13]  28.00-29.00  sec  61.1 MBytes   513 Mbits/sec                  
[ 15]  28.00-29.00  sec  55.9 MBytes   469 Mbits/sec                  
[SUM]  28.00-29.00  sec   309 MBytes  2.59 Gbits/sec                  
- - - - - - - - - - - - - - - - - - - - - - - - -
[  8]  29.00-30.00  sec  66.4 MBytes   557 Mbits/sec                  
[ 11]  29.00-30.00  sec   101 MBytes   844 Mbits/sec                  
[ 13]  29.00-30.00  sec  71.2 MBytes   598 Mbits/sec                  
[ 15]  29.00-30.00  sec   110 MBytes   924 Mbits/sec                  
[SUM]  29.00-30.00  sec   348 MBytes  2.92 Gbits/sec                  
- - - - - - - - - - - - - - - - - - - - - - - - -
[  8]  30.00-30.04  sec  0.00 Bytes  0.00 bits/sec                  
[ 11]  30.00-30.04  sec  4.88 MBytes   953 Mbits/sec                  
[ 13]  30.00-30.04  sec  5.75 MBytes  1.12 Gbits/sec                  
[ 15]  30.00-30.04  sec  11.5 MBytes  2.25 Gbits/sec                  
[SUM]  30.00-30.04  sec  22.1 MBytes  4.33 Gbits/sec                  
- - - - - - - - - - - - - - - - - - - - - - - - -
[ ID] Interval           Transfer     Bitrate
[  8]   0.00-30.04  sec  5.22 GBytes  1.49 Gbits/sec                  receiver
[ 11]   0.00-30.04  sec  5.41 GBytes  1.55 Gbits/sec                  receiver
[ 13]   0.00-30.04  sec  4.16 GBytes  1.19 Gbits/sec                  receiver
[ 15]   0.00-30.04  sec  2.80 GBytes   800 Mbits/sec                  receiver
[SUM]   0.00-30.04  sec  17.6 GBytes  5.03 Gbits/sec                  receiver
