-----------------------------------------------------------
Server listening on 5201 (test #1)
-----------------------------------------------------------
Accepted connection from 10.0.0.16, port 57306
[  8] local 10.0.0.80 port 5201 connected to 10.0.0.16 port 57314
[ 11] local 10.0.0.80 port 5201 connected to 10.0.0.16 port 57324
[ 13] local 10.0.0.80 port 5201 connected to 10.0.0.16 port 57334
[ 15] local 10.0.0.80 port 5201 connected to 10.0.0.16 port 57336
[ ID] Interval           Transfer     Bitrate
[  8]   0.00-1.00   sec   245 MBytes  2.05 Gbits/sec                  
[ 11]   0.00-1.00   sec   572 MBytes  4.77 Gbits/sec                  
[ 13]   0.00-1.00   sec   246 MBytes  2.05 Gbits/sec                  
[ 15]   0.00-1.00   sec   227 MBytes  1.90 Gbits/sec                  
[SUM]   0.00-1.00   sec  1.26 GBytes  10.8 Gbits/sec                  
- - - - - - - - - - - - - - - - - - - - - - - - -
[  8]   1.00-2.01   sec   384 MBytes  3.20 Gbits/sec                  
[ 11]   1.00-2.01   sec   190 MBytes  1.59 Gbits/sec                  
[ 13]   1.00-2.01   sec   227 MBytes  1.89 Gbits/sec                  
[ 15]   1.00-2.01   sec   300 MBytes  2.50 Gbits/sec                  
[SUM]   1.00-2.01   sec  1.07 GBytes  9.17 Gbits/sec                  
- - - - - - - - - - - - - - - - - - - - - - - - -
[  8]   2.01-3.01   sec   139 MBytes  1.17 Gbits/sec                  
[ 11]   2.01-3.01   sec   135 MBytes  1.13 Gbits/sec                  
[ 13]   2.01-3.01   sec   146 MBytes  1.22 Gbits/sec                  
[ 15]   2.01-3.01   sec   145 MBytes  1.22 Gbits/sec                  
[SUM]   2.01-3.01   sec   565 MBytes  4.74 Gbits/sec                  
- - - - - - - - - - - - - - - - - - - - - - - - -
[  8]   3.01-4.00   sec   138 MBytes  1.17 Gbits/sec                  
[ 11]   3.01-4.00   sec  98.8 MBytes   838 Mbits/sec                  
[ 13]   3.01-4.00   sec  90.5 MBytes   768 Mbits/sec                  
[ 15]   3.01-4.00   sec  91.5 MBytes   776 Mbits/sec                  
[SUM]   3.01-4.00   sec   418 MBytes  3.55 Gbits/sec                  
- - - - - - - - - - - - - - - - - - - - - - - - -
[  8]   4.00-5.00   sec  99.2 MBytes   832 Mbits/sec                  
[ 11]   4.00-5.00   sec   119 MBytes  1000 Mbits/sec                  
[ 13]   4.00-5.00   sec  76.0 MBytes   637 Mbits/sec                  
[ 15]   4.00-5.00   sec   147 MBytes  1.24 Gbits/sec                  
[SUM]   4.00-5.00   sec   442 MBytes  3.71 Gbits/sec                  
- - - - - - - - - - - - - - - - - - - - - - - - -
[  8]   5.00-6.00   sec  63.8 MBytes   535 Mbits/sec                  
[ 11]   5.00-6.00   sec  72.6 MBytes   609 Mbits/sec                  
[ 13]   5.00-6.00   sec  73.4 MBytes   615 Mbits/sec                  
[ 15]   5.00-6.00   sec   115 MBytes   967 Mbits/sec                  
[SUM]   5.00-6.00   sec   325 MBytes  2.73 Gbits/sec                  
- - - - - - - - - - - - - - - - - - - - - - - - -
[  8]   6.00-7.00   sec  85.6 MBytes   719 Mbits/sec                  
[ 11]   6.00-7.00   sec  74.1 MBytes   622 Mbits/sec                  
[ 13]   6.00-7.00   sec  57.4 MBytes   482 Mbits/sec                  
[ 15]   6.00-7.00   sec  99.8 MBytes   838 Mbits/sec                  
[SUM]   6.00-7.00   sec   317 MBytes  2.66 Gbits/sec                  
- - - - - - - - - - - - - - - - - - - - - - - - -
[  8]   7.00-8.00   sec   114 MBytes   952 Mbits/sec                  
[ 11]   7.00-8.00   sec   104 MBytes   868 Mbits/sec                  
[ 13]   7.00-8.00   sec   162 MBytes  1.36 Gbits/sec                  
[ 15]   7.00-8.00   sec   219 MBytes  1.84 Gbits/sec                  
[SUM]   7.00-8.00   sec   599 MBytes  5.02 Gbits/sec                  
- - - - - - - - - - - - - - - - - - - - - - - - -
[  8]   8.00-9.00   sec   228 MBytes  1.91 Gbits/sec                  
[ 11]   8.00-9.00   sec  97.8 MBytes   818 Mbits/sec                  
[ 13]   8.00-9.00   sec   159 MBytes  1.33 Gbits/sec                  
[ 15]   8.00-9.00   sec  89.2 MBytes   747 Mbits/sec                  
[SUM]   8.00-9.00   sec   574 MBytes  4.80 Gbits/sec                  
- - - - - - - - - - - - - - - - - - - - - - - - -
[  8]   9.00-10.00  sec   114 MBytes   960 Mbits/sec                  
[ 11]   9.00-10.00  sec  56.4 MBytes   474 Mbits/sec                  
[ 13]   9.00-10.00  sec   216 MBytes  1.81 Gbits/sec                  
[ 15]   9.00-10.00  sec  85.9 MBytes   721 Mbits/sec                  
[SUM]   9.00-10.00  sec   472 MBytes  3.97 Gbits/sec                  
- - - - - - - - - - - - - - - - - - - - - - - - -
[  8]  10.00-11.00  sec  66.0 MBytes   555 Mbits/sec                  
[ 11]  10.00-11.00  sec  66.4 MBytes   558 Mbits/sec                  
[ 13]  10.00-11.00  sec   353 MBytes  2.97 Gbits/sec                  
[ 15]  10.00-11.00  sec   109 MBytes   916 Mbits/sec                  
[SUM]  10.00-11.00  sec   595 MBytes  5.00 Gbits/sec                  
- - - - - - - - - - - - - - - - - - - - - - - - -
[  8]  11.00-12.00  sec   119 MBytes   998 Mbits/sec                  
[ 11]  11.00-12.00  sec  62.6 MBytes   525 Mbits/sec                  
[ 13]  11.00-12.00  sec   281 MBytes  2.36 Gbits/sec                  
[ 15]  11.00-12.00  sec   103 MBytes   864 Mbits/sec                  
[SUM]  11.00-12.00  sec   566 MBytes  4.75 Gbits/sec                  
- - - - - - - - - - - - - - - - - - - - - - - - -
[  8]  12.00-13.00  sec   111 MBytes   932 Mbits/sec                  
[ 11]  12.00-13.00  sec  54.5 MBytes   457 Mbits/sec                  
[ 13]  12.00-13.00  sec   207 MBytes  1.74 Gbits/sec                  
[ 15]  12.00-13.00  sec   103 MBytes   861 Mbits/sec                  
[SUM]  12.00-13.00  sec   475 MBytes  3.99 Gbits/sec                  
- - - - - - - - - - - - - - - - - - - - - - - - -
[  8]  13.00-14.00  sec   127 MBytes  1.07 Gbits/sec                  
[ 11]  13.00-14.00  sec  73.9 MBytes   620 Mbits/sec                  
[ 13]  13.00-14.00  sec   250 MBytes  2.09 Gbits/sec                  
[ 15]  13.00-14.00  sec  93.1 MBytes   781 Mbits/sec                  
[SUM]  13.00-14.00  sec   544 MBytes  4.56 Gbits/sec                  
- - - - - - - - - - - - - - - - - - - - - - - - -
[  8]  14.00-15.00  sec   118 MBytes   986 Mbits/sec                  
[ 11]  14.00-15.00  sec  45.8 MBytes   384 Mbits/sec                  
[ 13]  14.00-15.00  sec   767 MBytes  6.43 Gbits/sec                  
[ 15]  14.00-15.00  sec  86.2 MBytes   724 Mbits/sec                  
[SUM]  14.00-15.00  sec  1016 MBytes  8.52 Gbits/sec                  
- - - - - - - - - - - - - - - - - - - - - - - - -
[  8]  15.00-16.00  sec   135 MBytes  1.13 Gbits/sec                  
[ 11]  15.00-16.00  sec  78.0 MBytes   654 Mbits/sec                  
[ 13]  15.00-16.00  sec   220 MBytes  1.85 Gbits/sec                  
[ 15]  15.00-16.00  sec  51.6 MBytes   433 Mbits/sec                  
[SUM]  15.00-16.00  sec   485 MBytes  4.06 Gbits/sec                  
- - - - - - - - - - - - - - - - - - - - - - - - -
[  8]  16.00-17.02  sec  63.2 MBytes   523 Mbits/sec                  
[ 11]  16.00-17.02  sec  77.0 MBytes   637 Mbits/sec                  
[ 13]  16.00-17.02  sec   205 MBytes  1.70 Gbits/sec                  
[ 15]  16.00-17.02  sec   114 MBytes   940 Mbits/sec                  
[SUM]  16.00-17.02  sec   459 MBytes  3.80 Gbits/sec                  
- - - - - - - - - - - - - - - - - - - - - - - - -
[  8]  17.02-18.01  sec  96.5 MBytes   813 Mbits/sec                  
[ 11]  17.02-18.01  sec   854 MBytes  7.19 Gbits/sec                  
[ 13]  17.02-18.01  sec   456 MBytes  3.84 Gbits/sec                  
[ 15]  17.02-18.01  sec  73.1 MBytes   616 Mbits/sec                  
[SUM]  17.02-18.01  sec  1.45 GBytes  12.5 Gbits/sec                  
- - - - - - - - - - - - - - - - - - - - - - - - -
[  8]  18.01-19.00  sec  87.6 MBytes   743 Mbits/sec                  
[ 11]  18.01-19.00  sec   148 MBytes  1.26 Gbits/sec                  
[ 13]  18.01-19.00  sec   605 MBytes  5.13 Gbits/sec                  
[ 15]  18.01-19.00  sec   131 MBytes  1.11 Gbits/sec                  
[SUM]  18.01-19.00  sec   971 MBytes  8.24 Gbits/sec                  
- - - - - - - - - - - - - - - - - - - - - - - - -
[  8]  19.00-20.00  sec   126 MBytes  1.06 Gbits/sec                  
[ 11]  19.00-20.00  sec   118 MBytes   990 Mbits/sec                  
[ 13]  19.00-20.00  sec   677 MBytes  5.68 Gbits/sec                  
[ 15]  19.00-20.00  sec   101 MBytes   847 Mbits/sec                  
[SUM]  19.00-20.00  sec  1022 MBytes  8.58 Gbits/sec                  
- - - - - - - - - - - - - - - - - - - - - - - - -
[  8]  20.00-21.00  sec  87.6 MBytes   735 Mbits/sec                  
[ 11]  20.00-21.00  sec  92.8 MBytes   778 Mbits/sec                  
[ 13]  20.00-21.00  sec   714 MBytes  5.99 Gbits/sec                  
[ 15]  20.00-21.00  sec  99.8 MBytes   837 Mbits/sec                  
[SUM]  20.00-21.00  sec   994 MBytes  8.34 Gbits/sec                  
- - - - - - - - - - - - - - - - - - - - - - - - -
[  8]  21.00-22.00  sec  50.6 MBytes   425 Mbits/sec                  
[ 11]  21.00-22.00  sec   127 MBytes  1.06 Gbits/sec                  
[ 13]  21.00-22.00  sec  79.4 MBytes   666 Mbits/sec                  
[ 15]  21.00-22.00  sec  93.5 MBytes   784 Mbits/sec                  
[SUM]  21.00-22.00  sec   350 MBytes  2.94 Gbits/sec                  
- - - - - - - - - - - - - - - - - - - - - - - - -
[  8]  22.00-23.00  sec  78.6 MBytes   660 Mbits/sec                  
[ 11]  22.00-23.00  sec  48.6 MBytes   408 Mbits/sec                  
[ 13]  22.00-23.00  sec  73.5 MBytes   616 Mbits/sec                  
[ 15]  22.00-23.00  sec  51.6 MBytes   433 Mbits/sec                  
[SUM]  22.00-23.00  sec   252 MBytes  2.12 Gbits/sec                  
- - - - - - - - - - - - - - - - - - - - - - - - -
[  8]  23.00-24.00  sec  91.6 MBytes   769 Mbits/sec                  
[ 11]  23.00-24.00  sec  59.6 MBytes   500 Mbits/sec                  
[ 13]  23.00-24.00  sec   125 MBytes  1.05 Gbits/sec                  
[ 15]  23.00-24.00  sec  74.9 MBytes   628 Mbits/sec                  
[SUM]  23.00-24.00  sec   351 MBytes  2.94 Gbits/sec                  
- - - - - - - - - - - - - - - - - - - - - - - - -
[  8]  24.00-25.00  sec  83.4 MBytes   699 Mbits/sec                  
[ 11]  24.00-25.00  sec  60.8 MBytes   510 Mbits/sec                  
[ 13]  24.00-25.00  sec   163 MBytes  1.37 Gbits/sec                  
[ 15]  24.00-25.00  sec  69.9 MBytes   586 Mbits/sec                  
[SUM]  24.00-25.00  sec   377 MBytes  3.16 Gbits/sec                  
- - - - - - - - - - - - - - - - - - - - - - - - -
[  8]  25.00-26.00  sec  83.5 MBytes   701 Mbits/sec                  
[ 11]  25.00-26.00  sec  63.4 MBytes   532 Mbits/sec                  
[ 13]  25.00-26.00  sec   126 MBytes  1.05 Gbits/sec                  
[ 15]  25.00-26.00  sec  54.8 MBytes   459 Mbits/sec                  
[SUM]  25.00-26.00  sec   327 MBytes  2.75 Gbits/sec                  
- - - - - - - - - - - - - - - - - - - - - - - - -
[  8]  26.00-27.00  sec  58.6 MBytes   492 Mbits/sec                  
[ 11]  26.00-27.00  sec  57.2 MBytes   480 Mbits/sec                  
[ 13]  26.00-27.00  sec   143 MBytes  1.20 Gbits/sec                  
[ 15]  26.00-27.00  sec  72.6 MBytes   609 Mbits/sec                  
[SUM]  26.00-27.00  sec   331 MBytes  2.78 Gbits/sec                  
- - - - - - - - - - - - - - - - - - - - - - - - -
[  8]  27.00-28.00  sec  55.1 MBytes   462 Mbits/sec                  
[ 11]  27.00-28.00  sec  66.1 MBytes   555 Mbits/sec                  
[ 13]  27.00-28.00  sec   102 MBytes   854 Mbits/sec                  
[ 15]  27.00-28.00  sec  50.5 MBytes   424 Mbits/sec                  
[SUM]  27.00-28.00  sec   274 MBytes  2.29 Gbits/sec                  
- - - - - - - - - - - - - - - - - - - - - - - - -
[  8]  28.00-29.00  sec  88.6 MBytes   743 Mbits/sec                  
[ 11]  28.00-29.00  sec  71.0 MBytes   596 Mbits/sec                  
[ 13]  28.00-29.00  sec   246 MBytes  2.06 Gbits/sec                  
[ 15]  28.00-29.00  sec  69.4 MBytes   582 Mbits/sec                  
[SUM]  28.00-29.00  sec   475 MBytes  3.98 Gbits/sec                  
- - - - - - - - - - - - - - - - - - - - - - - - -
[  8]  29.00-30.00  sec  50.9 MBytes   427 Mbits/sec                  
[ 11]  29.00-30.00  sec  95.0 MBytes   797 Mbits/sec                  
[ 13]  29.00-30.00  sec   116 MBytes   972 Mbits/sec                  
[ 15]  29.00-30.00  sec  59.6 MBytes   500 Mbits/sec                  
[SUM]  29.00-30.00  sec   321 MBytes  2.70 Gbits/sec                  
- - - - - - - - - - - - - - - - - - - - - - - - -
[  8]  30.00-30.03  sec   768 KBytes   201 Mbits/sec                  
[ 11]  30.00-30.03  sec  1.00 MBytes   267 Mbits/sec                  
[ 13]  30.00-30.03  sec  5.38 MBytes  1.44 Gbits/sec                  
[ 15]  30.00-30.03  sec  1.00 MBytes   267 Mbits/sec                  
[SUM]  30.00-30.03  sec  8.12 MBytes  2.17 Gbits/sec                  
- - - - - - - - - - - - - - - - - - - - - - - - -
[ ID] Interval           Transfer     Bitrate
[  8]   0.00-30.03  sec  3.31 GBytes   947 Mbits/sec                  receiver
[ 11]   0.00-30.03  sec  3.75 GBytes  1.07 Gbits/sec                  receiver
[ 13]   0.00-30.03  sec  7.19 GBytes  2.06 Gbits/sec                  receiver
[ 15]   0.00-30.03  sec  3.11 GBytes   889 Mbits/sec                  receiver
[SUM]   0.00-30.03  sec  17.4 GBytes  4.97 Gbits/sec                  receiver
