-----------------------------------------------------------
Server listening on 5201 (test #1)
-----------------------------------------------------------
Accepted connection from 10.0.0.34, port 36124
[  8] local 10.0.0.98 port 5201 connected to 10.0.0.34 port 36126
[ 11] local 10.0.0.98 port 5201 connected to 10.0.0.34 port 36140
[ 13] local 10.0.0.98 port 5201 connected to 10.0.0.34 port 36156
[ 15] local 10.0.0.98 port 5201 connected to 10.0.0.34 port 36172
[ ID] Interval           Transfer     Bitrate
[  8]   0.00-1.00   sec  9.88 MBytes  82.8 Mbits/sec                  
[ 11]   0.00-1.00   sec  6.75 MBytes  56.6 Mbits/sec                  
[ 13]   0.00-1.00   sec  8.50 MBytes  71.2 Mbits/sec                  
[ 15]   0.00-1.00   sec  9.88 MBytes  82.8 Mbits/sec                  
[SUM]   0.00-1.00   sec  35.0 MBytes   293 Mbits/sec                  
- - - - - - - - - - - - - - - - - - - - - - - - -
[  8]   1.00-2.00   sec  9.38 MBytes  78.6 Mbits/sec                  
[ 11]   1.00-2.00   sec  6.62 MBytes  55.6 Mbits/sec                  
[ 13]   1.00-2.00   sec  9.25 MBytes  77.6 Mbits/sec                  
[ 15]   1.00-2.00   sec  9.12 MBytes  76.5 Mbits/sec                  
[SUM]   1.00-2.00   sec  34.4 MBytes   288 Mbits/sec                  
- - - - - - - - - - - - - - - - - - - - - - - - -
[  8]   2.00-3.00   sec  9.25 MBytes  77.6 Mbits/sec                  
[ 11]   2.00-3.00   sec  6.62 MBytes  55.6 Mbits/sec                  
[ 13]   2.00-3.00   sec  9.25 MBytes  77.6 Mbits/sec                  
[ 15]   2.00-3.00   sec  9.38 MBytes  78.6 Mbits/sec                  
[SUM]   2.00-3.00   sec  34.5 MBytes   289 Mbits/sec                  
- - - - - - - - - - - - - - - - - - - - - - - - -
[  8]   3.00-4.00   sec  9.38 MBytes  78.6 Mbits/sec                  
[ 11]   3.00-4.00   sec  6.62 MBytes  55.6 Mbits/sec                  
[ 13]   3.00-4.00   sec  9.38 MBytes  78.6 Mbits/sec                  
[ 15]   3.00-4.00   sec  9.38 MBytes  78.6 Mbits/sec                  
[SUM]   3.00-4.00   sec  34.8 MBytes   292 Mbits/sec                  
- - - - - - - - - - - - - - - - - - - - - - - - -
[  8]   4.00-5.00   sec  9.25 MBytes  77.6 Mbits/sec                  
[ 11]   4.00-5.00   sec  6.62 MBytes  55.6 Mbits/sec                  
[ 13]   4.00-5.00   sec  9.38 MBytes  78.6 Mbits/sec                  
[ 15]   4.00-5.00   sec  9.25 MBytes  77.6 Mbits/sec                  
[SUM]   4.00-5.00   sec  34.5 MBytes   289 Mbits/sec                  
- - - - - - - - - - - - - - - - - - - - - - - - -
[  8]   5.00-6.00   sec  9.25 MBytes  77.6 Mbits/sec                  
[ 11]   5.00-6.00   sec  6.62 MBytes  55.6 Mbits/sec                  
[ 13]   5.00-6.00   sec  9.25 MBytes  77.6 Mbits/sec                  
[ 15]   5.00-6.00   sec  9.38 MBytes  78.7 Mbits/sec                  
[SUM]   5.00-6.00   sec  34.5 MBytes   289 Mbits/sec                  
- - - - - - - - - - - - - - - - - - - - - - - - -
[  8]   6.00-7.00   sec  9.38 MBytes  78.6 Mbits/sec                  
[ 11]   6.00-7.00   sec  6.62 MBytes  55.6 Mbits/sec                  
[ 13]   6.00-7.00   sec  9.38 MBytes  78.6 Mbits/sec                  
[ 15]   6.00-7.00   sec  9.25 MBytes  77.6 Mbits/sec                  
[SUM]   6.00-7.00   sec  34.6 MBytes   290 Mbits/sec                  
- - - - - - - - - - - - - - - - - - - - - - - - -
[  8]   7.00-8.00   sec  9.12 MBytes  76.6 Mbits/sec                  
[ 11]   7.00-8.00   sec  6.62 MBytes  55.6 Mbits/sec                  
[ 13]   7.00-8.00   sec  9.12 MBytes  76.6 Mbits/sec                  
[ 15]   7.00-8.00   sec  9.25 MBytes  77.6 Mbits/sec                  
[SUM]   7.00-8.00   sec  34.1 MBytes   286 Mbits/sec                  
- - - - - - - - - - - - - - - - - - - - - - - - -
[  8]   8.00-9.00   sec  9.38 MBytes  78.6 Mbits/sec                  
[ 11]   8.00-9.00   sec  6.50 MBytes  54.5 Mbits/sec                  
[ 13]   8.00-9.00   sec  9.25 MBytes  77.6 Mbits/sec                  
[ 15]   8.00-9.00   sec  9.12 MBytes  76.5 Mbits/sec                  
[SUM]   8.00-9.00   sec  34.2 MBytes   287 Mbits/sec                  
- - - - - - - - - - - - - - - - - - - - - - - - -
[  8]   9.00-10.00  sec  9.12 MBytes  76.5 Mbits/sec                  
[ 11]   9.00-10.00  sec  6.50 MBytes  54.5 Mbits/sec                  
[ 13]   9.00-10.00  sec  9.25 MBytes  77.6 Mbits/sec                  
[ 15]   9.00-10.00  sec  9.25 MBytes  77.6 Mbits/sec                  
[SUM]   9.00-10.00  sec  34.1 MBytes   286 Mbits/sec                  
- - - - - - - - - - - - - - - - - - - - - - - - -
[  8]  10.00-11.00  sec  9.25 MBytes  77.6 Mbits/sec                  
[ 11]  10.00-11.00  sec  6.62 MBytes  55.6 Mbits/sec                  
[ 13]  10.00-11.00  sec  9.25 MBytes  77.6 Mbits/sec                  
[ 15]  10.00-11.00  sec  9.38 MBytes  78.6 Mbits/sec                  
[SUM]  10.00-11.00  sec  34.5 MBytes   289 Mbits/sec                  
- - - - - - - - - - - - - - - - - - - - - - - - -
[  8]  11.00-12.00  sec  9.38 MBytes  78.7 Mbits/sec                  
[ 11]  11.00-12.00  sec  6.62 MBytes  55.6 Mbits/sec                  
[ 13]  11.00-12.00  sec  9.38 MBytes  78.6 Mbits/sec                  
[ 15]  11.00-12.00  sec  9.25 MBytes  77.6 Mbits/sec                  
[SUM]  11.00-12.00  sec  34.6 MBytes   290 Mbits/sec                  
- - - - - - - - - - - - - - - - - - - - - - - - -
[  8]  12.00-13.00  sec  9.50 MBytes  79.7 Mbits/sec                  
[ 11]  12.00-13.00  sec  6.75 MBytes  56.6 Mbits/sec                  
[ 13]  12.00-13.00  sec  9.50 MBytes  79.7 Mbits/sec                  
[ 15]  12.00-13.00  sec  9.50 MBytes  79.7 Mbits/sec                  
[SUM]  12.00-13.00  sec  35.2 MBytes   296 Mbits/sec                  
- - - - - - - - - - - - - - - - - - - - - - - - -
[  8]  13.00-14.00  sec  9.50 MBytes  79.7 Mbits/sec                  
[ 11]  13.00-14.00  sec  6.75 MBytes  56.6 Mbits/sec                  
[ 13]  13.00-14.00  sec  9.38 MBytes  78.6 Mbits/sec                  
[ 15]  13.00-14.00  sec  9.38 MBytes  78.6 Mbits/sec                  
[SUM]  13.00-14.00  sec  35.0 MBytes   294 Mbits/sec                  
- - - - - - - - - - - - - - - - - - - - - - - - -
[  8]  14.00-15.00  sec  9.25 MBytes  77.6 Mbits/sec                  
[ 11]  14.00-15.00  sec  6.62 MBytes  55.6 Mbits/sec                  
[ 13]  14.00-15.00  sec  9.38 MBytes  78.7 Mbits/sec                  
[ 15]  14.00-15.00  sec  9.38 MBytes  78.7 Mbits/sec                  
[SUM]  14.00-15.00  sec  34.6 MBytes   291 Mbits/sec                  
- - - - - - - - - - - - - - - - - - - - - - - - -
[  8]  15.00-16.00  sec  9.50 MBytes  79.7 Mbits/sec                  
[ 11]  15.00-16.00  sec  6.75 MBytes  56.6 Mbits/sec                  
[ 13]  15.00-16.00  sec  9.50 MBytes  79.7 Mbits/sec                  
[ 15]  15.00-16.00  sec  9.50 MBytes  79.7 Mbits/sec                  
[SUM]  15.00-16.00  sec  35.2 MBytes   296 Mbits/sec                  
- - - - - - - - - - - - - - - - - - - - - - - - -
[  8]  16.00-17.00  sec  9.25 MBytes  77.6 Mbits/sec                  
[ 11]  16.00-17.00  sec  6.62 MBytes  55.6 Mbits/sec                  
[ 13]  16.00-17.00  sec  9.25 MBytes  77.6 Mbits/sec                  
[ 15]  16.00-17.00  sec  9.25 MBytes  77.6 Mbits/sec                  
[SUM]  16.00-17.00  sec  34.4 MBytes   288 Mbits/sec                  
- - - - - - - - - - - - - - - - - - - - - - - - -
[  8]  17.00-18.00  sec  9.50 MBytes  79.7 Mbits/sec                  
[ 11]  17.00-18.00  sec  6.62 MBytes  55.6 Mbits/sec                  
[ 13]  17.00-18.00  sec  9.38 MBytes  78.6 Mbits/sec                  
[ 15]  17.00-18.00  sec  9.50 MBytes  79.7 Mbits/sec                  
[SUM]  17.00-18.00  sec  35.0 MBytes   293 Mbits/sec                  
- - - - - - - - - - - - - - - - - - - - - - - - -
[  8]  18.00-19.00  sec  9.25 MBytes  77.6 Mbits/sec                  
[ 11]  18.00-19.00  sec  6.62 MBytes  55.6 Mbits/sec                  
[ 13]  18.00-19.00  sec  9.38 MBytes  78.7 Mbits/sec                  
[ 15]  18.00-19.00  sec  9.38 MBytes  78.7 Mbits/sec                  
[SUM]  18.00-19.00  sec  34.6 MBytes   291 Mbits/sec                  
- - - - - - - - - - - - - - - - - - - - - - - - -
[  8]  19.00-20.00  sec  9.50 MBytes  79.7 Mbits/sec                  
[ 11]  19.00-20.00  sec  6.75 MBytes  56.6 Mbits/sec                  
[ 13]  19.00-20.00  sec  9.38 MBytes  78.6 Mbits/sec                  
[ 15]  19.00-20.00  sec  9.38 MBytes  78.6 Mbits/sec                  
[SUM]  19.00-20.00  sec  35.0 MBytes   294 Mbits/sec                  
- - - - - - - - - - - - - - - - - - - - - - - - -
[  8]  20.00-21.00  sec  9.38 MBytes  78.6 Mbits/sec                  
[ 11]  20.00-21.00  sec  6.62 MBytes  55.6 Mbits/sec                  
[ 13]  20.00-21.00  sec  9.50 MBytes  79.7 Mbits/sec                  
[ 15]  20.00-21.00  sec  9.38 MBytes  78.6 Mbits/sec                  
[SUM]  20.00-21.00  sec  34.9 MBytes   293 Mbits/sec                  
- - - - - - - - - - - - - - - - - - - - - - - - -
[  8]  21.00-22.00  sec  9.38 MBytes  78.6 Mbits/sec                  
[ 11]  21.00-22.00  sec  6.75 MBytes  56.6 Mbits/sec                  
[ 13]  21.00-22.00  sec  9.38 MBytes  78.6 Mbits/sec                  
[ 15]  21.00-22.00  sec  9.50 MBytes  79.7 Mbits/sec                  
[SUM]  21.00-22.00  sec  35.0 MBytes   294 Mbits/sec                  
- - - - - - - - - - - - - - - - - - - - - - - - -
[  8]  22.00-23.00  sec  9.50 MBytes  79.7 Mbits/sec                  
[ 11]  22.00-23.00  sec  6.75 MBytes  56.6 Mbits/sec                  
[ 13]  22.00-23.00  sec  9.38 MBytes  78.6 Mbits/sec                  
[ 15]  22.00-23.00  sec  9.25 MBytes  77.6 Mbits/sec                  
[SUM]  22.00-23.00  sec  34.9 MBytes   293 Mbits/sec                  
- - - - - - - - - - - - - - - - - - - - - - - - -
[  8]  23.00-24.00  sec  9.25 MBytes  77.6 Mbits/sec                  
[ 11]  23.00-24.00  sec  6.62 MBytes  55.6 Mbits/sec                  
[ 13]  23.00-24.00  sec  9.50 MBytes  79.7 Mbits/sec                  
[ 15]  23.00-24.00  sec  9.38 MBytes  78.6 Mbits/sec                  
[SUM]  23.00-24.00  sec  34.8 MBytes   292 Mbits/sec                  
- - - - - - - - - - - - - - - - - - - - - - - - -
[  8]  24.00-25.00  sec  9.50 MBytes  79.7 Mbits/sec                  
[ 11]  24.00-25.00  sec  6.62 MBytes  55.6 Mbits/sec                  
[ 13]  24.00-25.00  sec  9.25 MBytes  77.6 Mbits/sec                  
[ 15]  24.00-25.00  sec  9.50 MBytes  79.7 Mbits/sec                  
[SUM]  24.00-25.00  sec  34.9 MBytes   293 Mbits/sec                  
- - - - - - - - - - - - - - - - - - - - - - - - -
[  8]  25.00-26.00  sec  9.38 MBytes  78.6 Mbits/sec                  
[ 11]  25.00-26.00  sec  6.75 MBytes  56.6 Mbits/sec                  
[ 13]  25.00-26.00  sec  9.50 MBytes  79.7 Mbits/sec                  
[ 15]  25.00-26.00  sec  9.38 MBytes  78.6 Mbits/sec                  
[SUM]  25.00-26.00  sec  35.0 MBytes   294 Mbits/sec                  
- - - - - - - - - - - - - - - - - - - - - - - - -
[  8]  26.00-27.00  sec  8.62 MBytes  72.4 Mbits/sec                  
[ 11]  26.00-27.00  sec  4.75 MBytes  39.8 Mbits/sec                  
[ 13]  26.00-27.00  sec  10.9 MBytes  91.2 Mbits/sec                  
[ 15]  26.00-27.00  sec  8.25 MBytes  69.2 Mbits/sec                  
[SUM]  26.00-27.00  sec  32.5 MBytes   273 Mbits/sec                  
- - - - - - - - - - - - - - - - - - - - - - - - -
[  8]  27.00-28.00  sec  1.62 MBytes  13.6 Mbits/sec                  
[ 11]  27.00-28.00  sec  1.62 MBytes  13.6 Mbits/sec                  
[ 13]  27.00-28.00  sec  20.8 MBytes   174 Mbits/sec                  
[ 15]  27.00-28.00  sec  1.62 MBytes  13.6 Mbits/sec                  
[SUM]  27.00-28.00  sec  25.6 MBytes   215 Mbits/sec                  
- - - - - - - - - - - - - - - - - - - - - - - - -
[  8]  28.00-29.00  sec  9.88 MBytes  82.8 Mbits/sec                  
[ 11]  28.00-29.00  sec  1.12 MBytes  9.44 Mbits/sec                  
[ 13]  28.00-29.00  sec  10.0 MBytes  83.9 Mbits/sec                  
[ 15]  28.00-29.00  sec  10.0 MBytes  83.9 Mbits/sec                  
[SUM]  28.00-29.00  sec  31.0 MBytes   260 Mbits/sec                  
- - - - - - - - - - - - - - - - - - - - - - - - -
[  8]  29.00-30.00  sec  5.38 MBytes  45.1 Mbits/sec                  
[ 11]  29.00-30.00  sec  4.12 MBytes  34.6 Mbits/sec                  
[ 13]  29.00-30.00  sec  5.38 MBytes  45.1 Mbits/sec                  
[ 15]  29.00-30.00  sec  5.38 MBytes  45.1 Mbits/sec                  
[SUM]  29.00-30.00  sec  20.2 MBytes   170 Mbits/sec                  
- - - - - - - - - - - - - - - - - - - - - - - - -
[  8]  30.00-30.02  sec   128 KBytes  49.8 Mbits/sec                  
[ 11]  30.00-30.02  sec   256 KBytes  99.5 Mbits/sec                  
[ 13]  30.00-30.02  sec   128 KBytes  49.8 Mbits/sec                  
[ 15]  30.00-30.02  sec   128 KBytes  49.8 Mbits/sec                  
[SUM]  30.00-30.02  sec   640 KBytes   249 Mbits/sec                  
- - - - - - - - - - - - - - - - - - - - - - - - -
[ ID] Interval           Transfer     Bitrate
[  8]   0.00-30.02  sec   269 MBytes  75.2 Mbits/sec                  receiver
[ 11]   0.00-30.02  sec   185 MBytes  51.7 Mbits/sec                  receiver
[ 13]   0.00-30.02  sec   289 MBytes  80.9 Mbits/sec                  receiver
[ 15]   0.00-30.02  sec   269 MBytes  75.1 Mbits/sec                  receiver
[SUM]   0.00-30.02  sec  1012 MBytes   283 Mbits/sec                  receiver
