-----------------------------------------------------------
Server listening on 5201 (test #1)
-----------------------------------------------------------
Accepted connection from 10.0.0.1, port 37228
[  8] local 10.0.0.33 port 5201 connected to 10.0.0.1 port 43463
[ ID] Interval           Transfer     Bitrate         Jitter    Lost/Total Datagrams
[  8]   0.00-1.00   sec  23.8 MBytes   200 Mbits/sec  0.009 ms  0/17842 (0%)  
[  8]   1.00-2.00   sec  23.7 MBytes   199 Mbits/sec  0.022 ms  116/17862 (0.65%)  
[  8]   2.00-3.00   sec  23.7 MBytes   199 Mbits/sec  0.022 ms  109/17844 (0.61%)  
[  8]   3.00-4.00   sec  23.7 MBytes   199 Mbits/sec  0.024 ms  42/17829 (0.24%)  
[  8]   4.00-5.00   sec  23.8 MBytes   200 Mbits/sec  0.089 ms  54/17876 (0.3%)  
[  8]   5.00-6.00   sec  23.8 MBytes   200 Mbits/sec  0.013 ms  14/17874 (0.078%)  
[  8]   6.00-7.00   sec  23.3 MBytes   195 Mbits/sec  0.010 ms  408/17857 (2.3%)  
[  8]   7.00-8.00   sec  23.8 MBytes   200 Mbits/sec  0.009 ms  20/17858 (0.11%)  
[  8]   8.00-9.00   sec  23.8 MBytes   200 Mbits/sec  0.014 ms  4/17857 (0.022%)  
[  8]   9.00-10.00  sec  23.8 MBytes   200 Mbits/sec  0.011 ms  6/17857 (0.034%)  
[  8]  10.00-11.00  sec  23.8 MBytes   200 Mbits/sec  0.010 ms  0/17857 (0%)  
[  8]  11.00-12.00  sec  23.8 MBytes   200 Mbits/sec  0.034 ms  21/17857 (0.12%)  
[  8]  12.00-13.00  sec  23.8 MBytes   200 Mbits/sec  0.014 ms  0/17857 (0%)  
[  8]  13.00-14.00  sec  23.8 MBytes   200 Mbits/sec  0.006 ms  0/17857 (0%)  
[  8]  14.00-15.00  sec  23.8 MBytes   200 Mbits/sec  0.016 ms  0/17857 (0%)  
[  8]  15.00-16.00  sec  23.3 MBytes   196 Mbits/sec  0.020 ms  393/17858 (2.2%)  
[  8]  16.00-17.00  sec  23.8 MBytes   200 Mbits/sec  0.013 ms  0/17857 (0%)  
[  8]  17.00-18.00  sec  23.8 MBytes   200 Mbits/sec  0.012 ms  0/17857 (0%)  
[  8]  18.00-19.00  sec  23.8 MBytes   200 Mbits/sec  0.055 ms  0/17851 (0%)  
[  8]  19.00-20.00  sec  23.8 MBytes   200 Mbits/sec  0.012 ms  0/17863 (0%)  
[  8]  20.00-21.00  sec  23.8 MBytes   200 Mbits/sec  0.009 ms  0/17857 (0%)  
[  8]  21.00-22.00  sec  23.8 MBytes   200 Mbits/sec  0.009 ms  0/17857 (0%)  
[  8]  22.00-23.00  sec  23.8 MBytes   200 Mbits/sec  0.017 ms  0/17857 (0%)  
[  8]  23.00-24.00  sec  23.8 MBytes   200 Mbits/sec  0.014 ms  4/17858 (0.022%)  
[  8]  24.00-25.00  sec  23.8 MBytes   200 Mbits/sec  0.013 ms  12/17857 (0.067%)  
[  8]  25.00-26.00  sec  23.8 MBytes   200 Mbits/sec  0.024 ms  4/17857 (0.022%)  
[  8]  26.00-27.00  sec  23.8 MBytes   200 Mbits/sec  0.013 ms  37/17857 (0.21%)  
[  8]  27.00-28.00  sec  23.8 MBytes   200 Mbits/sec  0.019 ms  0/17857 (0%)  
[  8]  28.00-29.00  sec  23.8 MBytes   200 Mbits/sec  0.011 ms  0/17858 (0%)  
[  8]  29.00-30.00  sec  23.8 MBytes   200 Mbits/sec  0.023 ms  0/17857 (0%)  
[  8]  30.00-31.00  sec  23.8 MBytes   200 Mbits/sec  0.013 ms  0/17857 (0%)  
[  8]  31.00-32.00  sec  23.8 MBytes   200 Mbits/sec  0.015 ms  0/17857 (0%)  
[  8]  32.00-33.00  sec  23.8 MBytes   200 Mbits/sec  0.010 ms  4/17857 (0.022%)  
[  8]  33.00-34.00  sec  23.8 MBytes   200 Mbits/sec  0.010 ms  0/17847 (0%)  
[  8]  34.00-35.00  sec  23.9 MBytes   200 Mbits/sec  0.011 ms  0/17867 (0%)  
[  8]  35.00-36.00  sec  23.8 MBytes   200 Mbits/sec  0.012 ms  0/17858 (0%)  
[  8]  36.00-37.00  sec  23.8 MBytes   200 Mbits/sec  0.015 ms  4/17857 (0.022%)  
[  8]  37.00-38.00  sec  23.8 MBytes   200 Mbits/sec  0.004 ms  0/17857 (0%)  
[  8]  38.00-39.00  sec  23.8 MBytes   200 Mbits/sec  0.022 ms  15/17847 (0.084%)  
[  8]  39.00-40.00  sec  23.7 MBytes   199 Mbits/sec  0.049 ms  50/17837 (0.28%)  
[  8]  40.00-41.00  sec  23.9 MBytes   200 Mbits/sec  0.009 ms  21/17887 (0.12%)  
[  8]  41.00-42.00  sec  23.8 MBytes   200 Mbits/sec  0.016 ms  0/17840 (0%)  
[  8]  42.00-43.00  sec  23.9 MBytes   200 Mbits/sec  0.011 ms  0/17874 (0%)  
[  8]  43.00-44.00  sec  23.8 MBytes   200 Mbits/sec  0.015 ms  11/17858 (0.062%)  
[  8]  44.00-45.00  sec  23.8 MBytes   200 Mbits/sec  0.009 ms  0/17857 (0%)  
[  8]  45.00-46.00  sec  23.8 MBytes   200 Mbits/sec  0.033 ms  30/17857 (0.17%)  
[  8]  46.00-47.00  sec  23.8 MBytes   200 Mbits/sec  0.012 ms  0/17857 (0%)  
[  8]  47.00-48.00  sec  23.8 MBytes   200 Mbits/sec  0.007 ms  0/17857 (0%)  
[  8]  48.00-49.00  sec  23.8 MBytes   200 Mbits/sec  0.014 ms  6/17857 (0.034%)  
[  8]  49.00-50.00  sec  23.8 MBytes   200 Mbits/sec  0.013 ms  34/17858 (0.19%)  
[  8]  50.00-51.00  sec  23.8 MBytes   200 Mbits/sec  0.009 ms  0/17856 (0%)  
[  8]  51.00-52.00  sec  23.8 MBytes   200 Mbits/sec  0.010 ms  0/17858 (0%)  
[  8]  52.00-53.00  sec  23.8 MBytes   200 Mbits/sec  0.010 ms  0/17857 (0%)  
[  8]  53.00-54.00  sec  23.8 MBytes   200 Mbits/sec  0.014 ms  0/17857 (0%)  
[  8]  54.00-55.00  sec  23.8 MBytes   200 Mbits/sec  0.022 ms  0/17852 (0%)  
[  8]  55.00-56.00  sec  23.8 MBytes   200 Mbits/sec  0.010 ms  22/17862 (0.12%)  
[  8]  56.00-57.00  sec  23.8 MBytes   200 Mbits/sec  0.008 ms  10/17857 (0.056%)  
[  8]  57.00-58.00  sec  23.8 MBytes   199 Mbits/sec  0.017 ms  35/17858 (0.2%)  
[  8]  58.00-59.00  sec  23.8 MBytes   200 Mbits/sec  0.016 ms  43/17857 (0.24%)  
[  8]  59.00-60.00  sec  23.8 MBytes   200 Mbits/sec  0.015 ms  1/17857 (0.0056%)  
[  8]  60.00-61.00  sec  23.8 MBytes   200 Mbits/sec  0.006 ms  8/17857 (0.045%)  
[  8]  61.00-62.00  sec  23.8 MBytes   200 Mbits/sec  0.016 ms  0/17857 (0%)  
[  8]  62.00-63.00  sec  23.8 MBytes   199 Mbits/sec  0.040 ms  48/17852 (0.27%)  
[  8]  63.00-64.00  sec  23.7 MBytes   199 Mbits/sec  0.032 ms  71/17851 (0.4%)  
[  8]  64.00-65.00  sec  23.1 MBytes   193 Mbits/sec  0.014 ms  595/17869 (3.3%)  
[  8]  65.00-66.00  sec  23.8 MBytes   199 Mbits/sec  0.028 ms  39/17839 (0.22%)  
[  8]  66.00-67.00  sec  23.9 MBytes   200 Mbits/sec  0.006 ms  0/17875 (0%)  
[  8]  67.00-68.00  sec  23.8 MBytes   200 Mbits/sec  0.013 ms  0/17857 (0%)  
[  8]  68.00-69.00  sec  23.8 MBytes   200 Mbits/sec  0.009 ms  0/17857 (0%)  
[  8]  69.00-70.00  sec  23.7 MBytes   199 Mbits/sec  0.012 ms  116/17857 (0.65%)  
[  8]  70.00-71.00  sec  23.8 MBytes   200 Mbits/sec  0.012 ms  0/17857 (0%)  
[  8]  71.00-72.00  sec  23.8 MBytes   200 Mbits/sec  0.010 ms  9/17858 (0.05%)  
[  8]  72.00-73.00  sec  23.8 MBytes   200 Mbits/sec  0.018 ms  11/17857 (0.062%)  
[  8]  73.00-74.00  sec  23.8 MBytes   200 Mbits/sec  0.009 ms  0/17857 (0%)  
[  8]  74.00-75.00  sec  23.8 MBytes   200 Mbits/sec  0.010 ms  8/17857 (0.045%)  
[  8]  75.00-76.00  sec  23.6 MBytes   198 Mbits/sec  0.059 ms  159/17840 (0.89%)  
[  8]  76.00-77.00  sec  23.8 MBytes   200 Mbits/sec  0.011 ms  10/17870 (0.056%)  
[  8]  77.00-78.00  sec  23.8 MBytes   200 Mbits/sec  0.014 ms  7/17862 (0.039%)  
[  8]  78.00-79.00  sec  23.8 MBytes   200 Mbits/sec  0.010 ms  7/17857 (0.039%)  
[  8]  79.00-80.00  sec  23.7 MBytes   199 Mbits/sec  0.037 ms  116/17857 (0.65%)  
[  8]  80.00-81.00  sec  23.8 MBytes   200 Mbits/sec  0.009 ms  0/17857 (0%)  
[  8]  81.00-82.00  sec  23.8 MBytes   200 Mbits/sec  0.011 ms  0/17857 (0%)  
[  8]  82.00-83.00  sec  23.8 MBytes   200 Mbits/sec  0.011 ms  24/17839 (0.13%)  
[  8]  83.00-84.00  sec  23.7 MBytes   199 Mbits/sec  0.009 ms  123/17875 (0.69%)  
[  8]  84.00-85.00  sec  23.8 MBytes   200 Mbits/sec  0.009 ms  0/17858 (0%)  
[  8]  85.00-86.00  sec  23.8 MBytes   200 Mbits/sec  0.017 ms  0/17855 (0%)  
[  8]  86.00-87.00  sec  23.8 MBytes   200 Mbits/sec  0.009 ms  0/17859 (0%)  
[  8]  87.00-88.00  sec  23.8 MBytes   200 Mbits/sec  0.011 ms  0/17857 (0%)  
[  8]  88.00-89.00  sec  23.8 MBytes   200 Mbits/sec  0.009 ms  0/17857 (0%)  
[  8]  89.00-90.00  sec  23.8 MBytes   200 Mbits/sec  0.009 ms  0/17857 (0%)  
[  8]  90.00-91.00  sec  23.8 MBytes   200 Mbits/sec  0.006 ms  0/17857 (0%)  
[  8]  91.00-92.00  sec  23.8 MBytes   200 Mbits/sec  0.012 ms  0/17857 (0%)  
[  8]  92.00-93.00  sec  23.8 MBytes   200 Mbits/sec  0.013 ms  0/17857 (0%)  
[  8]  93.00-94.00  sec  23.8 MBytes   200 Mbits/sec  0.012 ms  0/17858 (0%)  
[  8]  94.00-95.00  sec  23.8 MBytes   200 Mbits/sec  0.014 ms  2/17857 (0.011%)  
[  8]  95.00-96.00  sec  23.8 MBytes   200 Mbits/sec  0.011 ms  1/17857 (0.0056%)  
[  8]  96.00-97.00  sec  23.8 MBytes   200 Mbits/sec  0.011 ms  0/17857 (0%)  
[  8]  97.00-98.00  sec  23.8 MBytes   200 Mbits/sec  0.012 ms  0/17857 (0%)  
[  8]  98.00-99.00  sec  23.8 MBytes   200 Mbits/sec  0.009 ms  0/17858 (0%)  
[  8]  99.00-100.00 sec  23.8 MBytes   200 Mbits/sec  0.011 ms  0/17857 (0%)  
[  8] 100.00-101.00 sec  23.8 MBytes   200 Mbits/sec  0.012 ms  0/17857 (0%)  
[  8] 101.00-102.00 sec  23.8 MBytes   200 Mbits/sec  0.008 ms  0/17857 (0%)  
[  8] 102.00-103.00 sec  23.8 MBytes   200 Mbits/sec  0.009 ms  0/17857 (0%)  
[  8] 103.00-104.00 sec  23.8 MBytes   200 Mbits/sec  0.011 ms  0/17857 (0%)  
[  8] 104.00-105.00 sec  23.8 MBytes   200 Mbits/sec  0.040 ms  23/17842 (0.13%)  
[  8] 105.00-106.00 sec  23.9 MBytes   200 Mbits/sec  0.013 ms  4/17873 (0.022%)  
[  8] 106.00-107.00 sec  23.8 MBytes   200 Mbits/sec  0.008 ms  0/17856 (0%)  
[  8] 107.00-108.00 sec  23.3 MBytes   195 Mbits/sec  0.009 ms  437/17858 (2.4%)  
[  8] 108.00-109.00 sec  23.8 MBytes   200 Mbits/sec  0.017 ms  12/17847 (0.067%)  
[  8] 109.00-110.00 sec  23.9 MBytes   200 Mbits/sec  0.015 ms  0/17868 (0%)  
[  8] 110.00-111.00 sec  23.8 MBytes   200 Mbits/sec  0.010 ms  0/17856 (0%)  
[  8] 111.00-112.00 sec  23.8 MBytes   200 Mbits/sec  0.008 ms  0/17857 (0%)  
[  8] 112.00-113.00 sec  23.8 MBytes   199 Mbits/sec  0.012 ms  47/17857 (0.26%)  
[  8] 113.00-114.00 sec  23.8 MBytes   200 Mbits/sec  0.022 ms  4/17858 (0.022%)  
[  8] 114.00-115.00 sec  23.8 MBytes   200 Mbits/sec  0.011 ms  0/17857 (0%)  
[  8] 115.00-116.00 sec  23.8 MBytes   200 Mbits/sec  0.013 ms  0/17857 (0%)  
[  8] 116.00-117.00 sec  23.8 MBytes   200 Mbits/sec  0.011 ms  0/17857 (0%)  
[  8] 117.00-118.00 sec  23.8 MBytes   200 Mbits/sec  0.014 ms  0/17857 (0%)  
[  8] 118.00-119.00 sec  23.8 MBytes   200 Mbits/sec  0.011 ms  0/17857 (0%)  
[  8] 119.00-120.00 sec  23.8 MBytes   200 Mbits/sec  0.012 ms  0/17857 (0%)  
- - - - - - - - - - - - - - - - - - - - - - - - -
[ ID] Interval           Transfer     Bitrate         Jitter    Lost/Total Datagrams
[  8]   0.00-120.00 sec  2.79 GBytes   200 Mbits/sec  0.012 ms  3411/2142841 (0.16%)  receiver
