-----------------------------------------------------------
Server listening on 5201 (test #1)
-----------------------------------------------------------
Accepted connection from 10.0.0.1, port 50644
[  8] local 10.0.0.33 port 5201 connected to 10.0.0.1 port 52060
[ ID] Interval           Transfer     Bitrate         Jitter    Lost/Total Datagrams
[  8]   0.00-1.00   sec  23.2 MBytes   195 Mbits/sec  0.022 ms  430/17820 (2.4%)  
[  8]   1.00-2.00   sec  23.7 MBytes   199 Mbits/sec  0.020 ms  94/17856 (0.53%)  
[  8]   2.00-3.00   sec  23.5 MBytes   197 Mbits/sec  0.015 ms  257/17862 (1.4%)  
[  8]   3.00-4.00   sec  23.8 MBytes   199 Mbits/sec  0.047 ms  37/17846 (0.21%)  
[  8]   4.00-5.00   sec  23.7 MBytes   199 Mbits/sec  0.013 ms  121/17860 (0.68%)  
[  8]   5.00-6.00   sec  23.8 MBytes   199 Mbits/sec  0.040 ms  49/17852 (0.27%)  
[  8]   6.00-7.00   sec  23.8 MBytes   199 Mbits/sec  0.070 ms  46/17860 (0.26%)  
[  8]   7.00-8.00   sec  23.8 MBytes   200 Mbits/sec  0.011 ms  10/17868 (0.056%)  
[  8]   8.00-9.00   sec  23.8 MBytes   200 Mbits/sec  0.030 ms  3/17853 (0.017%)  
[  8]   9.00-10.00  sec  23.8 MBytes   200 Mbits/sec  0.037 ms  0/17850 (0%)  
[  8]  10.00-11.00  sec  23.8 MBytes   200 Mbits/sec  0.045 ms  15/17857 (0.084%)  
[  8]  11.00-12.00  sec  22.0 MBytes   185 Mbits/sec  0.073 ms  1299/17806 (7.3%)  
[  8]  12.00-13.00  sec  23.1 MBytes   194 Mbits/sec  0.036 ms  614/17907 (3.4%)  
[  8]  13.00-14.00  sec  23.2 MBytes   195 Mbits/sec  0.023 ms  484/17863 (2.7%)  
[  8]  14.00-15.00  sec  22.9 MBytes   192 Mbits/sec  0.128 ms  154/17326 (0.89%)  
[  8]  15.00-16.00  sec  1.40 MBytes  11.8 Mbits/sec  2.307 ms  13475/14526 (93%)  
[  8]  16.00-17.00  sec  1.57 MBytes  13.2 Mbits/sec  1.019 ms  17059/18235 (94%)  
[  8]  17.00-18.00  sec  0.00 Bytes  0.00 bits/sec  1.019 ms  0/0 (0%)  
[  8]  18.00-19.00  sec  17.5 MBytes   147 Mbits/sec  0.025 ms  26080/39195 (67%)  
[  8]  19.00-20.00  sec  23.7 MBytes   199 Mbits/sec  0.018 ms  80/17864 (0.45%)  
[  8]  20.00-21.00  sec  18.5 MBytes   155 Mbits/sec  0.079 ms  609/14474 (4.2%)  
[  8]  21.00-22.00  sec  18.5 MBytes   155 Mbits/sec  0.065 ms  4274/18111 (24%)  
[  8]  22.00-23.00  sec  17.0 MBytes   143 Mbits/sec  0.023 ms  8235/20986 (39%)  
[  8]  23.00-24.00  sec  9.62 MBytes  80.7 Mbits/sec  0.020 ms  10632/17844 (60%)  
[  8]  24.00-25.00  sec  22.8 MBytes   192 Mbits/sec  0.015 ms  771/17875 (4.3%)  
[  8]  25.00-26.00  sec  23.8 MBytes   200 Mbits/sec  0.072 ms  4/17841 (0.022%)  
[  8]  26.00-27.00  sec  18.7 MBytes   157 Mbits/sec  0.024 ms  3831/17868 (21%)  
[  8]  27.00-28.00  sec  17.2 MBytes   144 Mbits/sec  0.028 ms  1381/14244 (9.7%)  
[  8]  28.00-29.00  sec  18.6 MBytes   156 Mbits/sec  0.042 ms  7559/21468 (35%)  
[  8]  29.00-30.00  sec  12.5 MBytes   105 Mbits/sec  0.044 ms  0/9352 (0%)  
[  8]  30.00-31.00  sec  16.7 MBytes   140 Mbits/sec  0.061 ms  13848/26355 (53%)  
[  8]  31.00-32.00  sec  23.7 MBytes   199 Mbits/sec  0.031 ms  129/17865 (0.72%)  
[  8]  32.00-33.00  sec  23.8 MBytes   200 Mbits/sec  0.030 ms  0/17850 (0%)  
[  8]  33.00-34.00  sec  20.7 MBytes   174 Mbits/sec  0.020 ms  2366/17870 (13%)  
[  8]  34.00-35.00  sec  22.6 MBytes   189 Mbits/sec  0.026 ms  451/17370 (2.6%)  
[  8]  35.00-36.00  sec  0.00 Bytes  0.00 bits/sec  0.026 ms  0/0 (0%)  
[  8]  36.00-37.00  sec  14.3 MBytes   120 Mbits/sec  0.029 ms  25470/36183 (70%)  
[  8]  37.00-38.00  sec  23.8 MBytes   200 Mbits/sec  0.038 ms  7/17862 (0.039%)  
[  8]  38.00-39.00  sec  23.8 MBytes   200 Mbits/sec  0.026 ms  11/17858 (0.062%)  
[  8]  39.00-40.00  sec  23.8 MBytes   199 Mbits/sec  0.019 ms  45/17852 (0.25%)  
[  8]  40.00-41.00  sec  23.8 MBytes   200 Mbits/sec  0.040 ms  27/17864 (0.15%)  
[  8]  41.00-42.00  sec  23.8 MBytes   200 Mbits/sec  0.027 ms  38/17868 (0.21%)  
[  8]  42.00-43.00  sec  22.1 MBytes   185 Mbits/sec  0.022 ms  1302/17852 (7.3%)  
[  8]  43.00-44.00  sec  23.8 MBytes   200 Mbits/sec  0.024 ms  0/17852 (0%)  
[  8]  44.00-45.00  sec  23.8 MBytes   200 Mbits/sec  0.026 ms  0/17858 (0%)  
[  8]  45.00-46.00  sec  1.60 MBytes  13.4 Mbits/sec  0.046 ms  16659/17855 (93%)  
[  8]  46.00-47.00  sec  23.8 MBytes   200 Mbits/sec  0.026 ms  8/17858 (0.045%)  
[  8]  47.00-48.00  sec  23.8 MBytes   200 Mbits/sec  0.040 ms  0/17839 (0%)  
[  8]  48.00-49.00  sec  23.7 MBytes   199 Mbits/sec  0.017 ms  120/17885 (0.67%)  
[  8]  49.00-50.00  sec  23.2 MBytes   195 Mbits/sec  0.049 ms  0/17413 (0%)  
[  8]  50.00-51.00  sec  9.56 MBytes  80.2 Mbits/sec  0.016 ms  11132/18296 (61%)  
[  8]  51.00-52.00  sec  23.8 MBytes   200 Mbits/sec  0.023 ms  28/17858 (0.16%)  
[  8]  52.00-53.00  sec  17.5 MBytes   147 Mbits/sec  0.041 ms  4723/17852 (26%)  
[  8]  53.00-54.00  sec  23.8 MBytes   200 Mbits/sec  0.027 ms  3/17861 (0.017%)  
[  8]  54.00-55.00  sec  23.7 MBytes   199 Mbits/sec  0.022 ms  88/17846 (0.49%)  
[  8]  55.00-56.00  sec  9.91 MBytes  83.1 Mbits/sec  0.025 ms  1552/8971 (17%)  
[  8]  56.00-57.00  sec  19.7 MBytes   165 Mbits/sec  0.026 ms  11999/26757 (45%)  
[  8]  57.00-58.00  sec  23.8 MBytes   200 Mbits/sec  0.020 ms  0/17852 (0%)  
[  8]  58.00-59.00  sec  21.8 MBytes   183 Mbits/sec  0.021 ms  1565/17866 (8.8%)  
[  8]  59.00-60.00  sec  22.5 MBytes   189 Mbits/sec  0.016 ms  1020/17857 (5.7%)  
[  8]  60.00-61.00  sec  23.8 MBytes   200 Mbits/sec  0.028 ms  4/17849 (0.022%)  
[  8]  61.00-62.00  sec  19.4 MBytes   163 Mbits/sec  0.040 ms  3339/17853 (19%)  
[  8]  62.00-63.00  sec  20.7 MBytes   174 Mbits/sec  0.033 ms  2342/17860 (13%)  
[  8]  63.00-64.00  sec  23.8 MBytes   200 Mbits/sec  0.026 ms  1/17864 (0.0056%)  
[  8]  64.00-65.00  sec  13.7 MBytes   115 Mbits/sec  0.022 ms  7629/17853 (43%)  
[  8]  65.00-66.00  sec  23.8 MBytes   200 Mbits/sec  0.022 ms  2/17863 (0.011%)  
[  8]  66.00-67.00  sec  17.9 MBytes   150 Mbits/sec  0.111 ms  4406/17843 (25%)  
[  8]  67.00-68.00  sec  15.9 MBytes   133 Mbits/sec  0.031 ms  0/11894 (0%)  
[  8]  68.00-69.00  sec  8.07 MBytes  67.7 Mbits/sec  0.050 ms  17773/23818 (75%)  
[  8]  69.00-70.00  sec  23.8 MBytes   200 Mbits/sec  0.024 ms  4/17865 (0.022%)  
[  8]  70.00-71.00  sec  23.8 MBytes   200 Mbits/sec  0.020 ms  0/17865 (0%)  
[  8]  71.00-72.00  sec  23.8 MBytes   200 Mbits/sec  0.018 ms  0/17853 (0%)  
[  8]  72.00-73.00  sec  11.7 MBytes  98.0 Mbits/sec  0.030 ms  9110/17860 (51%)  
[  8]  73.00-74.00  sec  23.8 MBytes   200 Mbits/sec  0.022 ms  0/17853 (0%)  
[  8]  74.00-75.00  sec  23.8 MBytes   200 Mbits/sec  0.020 ms  0/17858 (0%)  
[  8]  75.00-76.00  sec  23.8 MBytes   200 Mbits/sec  0.035 ms  0/17855 (0%)  
[  8]  76.00-77.00  sec  8.54 MBytes  71.6 Mbits/sec  0.034 ms  11467/17860 (64%)  
[  8]  77.00-78.00  sec  23.8 MBytes   200 Mbits/sec  0.021 ms  39/17852 (0.22%)  
[  8]  78.00-79.00  sec  23.8 MBytes   200 Mbits/sec  0.061 ms  16/17858 (0.09%)  
[  8]  79.00-80.00  sec  23.8 MBytes   200 Mbits/sec  0.015 ms  0/17849 (0%)  
[  8]  80.00-81.00  sec  7.75 MBytes  65.0 Mbits/sec  0.024 ms  12049/17857 (67%)  
[  8]  81.00-82.00  sec  21.8 MBytes   183 Mbits/sec  0.059 ms  1510/17865 (8.5%)  
[  8]  82.00-83.00  sec  23.9 MBytes   200 Mbits/sec  0.011 ms  0/17867 (0%)  
[  8]  83.00-84.00  sec  23.8 MBytes   200 Mbits/sec  0.029 ms  2/17858 (0.011%)  
[  8]  84.00-85.00  sec  23.8 MBytes   200 Mbits/sec  0.028 ms  31/17842 (0.17%)  
[  8]  85.00-86.00  sec  23.8 MBytes   200 Mbits/sec  0.057 ms  15/17856 (0.084%)  
[  8]  86.00-87.00  sec  23.6 MBytes   198 Mbits/sec  0.028 ms  218/17867 (1.2%)  
[  8]  87.00-88.00  sec  10.3 MBytes  86.4 Mbits/sec  0.029 ms  0/7719 (0%)  
[  8]  88.00-89.00  sec  7.86 MBytes  66.0 Mbits/sec  0.038 ms  22103/27990 (79%)  
[  8]  89.00-90.00  sec  23.8 MBytes   200 Mbits/sec  0.044 ms  3/17851 (0.017%)  
[  8]  90.00-91.00  sec  23.8 MBytes   199 Mbits/sec  0.017 ms  77/17875 (0.43%)  
[  8]  91.00-92.00  sec  23.8 MBytes   199 Mbits/sec  0.124 ms  31/17840 (0.17%)  
[  8]  92.00-93.00  sec  13.6 MBytes   114 Mbits/sec  0.031 ms  7649/17861 (43%)  
[  8]  93.00-94.00  sec  23.8 MBytes   200 Mbits/sec  0.042 ms  1/17856 (0.0056%)  
[  8]  94.00-95.00  sec  23.8 MBytes   200 Mbits/sec  0.049 ms  3/17862 (0.017%)  
[  8]  95.00-96.00  sec  23.8 MBytes   200 Mbits/sec  0.026 ms  8/17866 (0.045%)  
[  8]  96.00-97.00  sec  9.29 MBytes  77.9 Mbits/sec  0.016 ms  10897/17856 (61%)  
[  8]  97.00-98.00  sec  23.8 MBytes   200 Mbits/sec  0.015 ms  0/17859 (0%)  
[  8]  98.00-99.00  sec  10.3 MBytes  86.2 Mbits/sec  0.044 ms  10152/17849 (57%)  
[  8]  99.00-100.00 sec  23.8 MBytes   200 Mbits/sec  0.028 ms  11/17859 (0.062%)  
[  8] 100.00-101.00 sec  17.5 MBytes   147 Mbits/sec  0.083 ms  4645/17760 (26%)  
[  8] 101.00-102.00 sec  23.3 MBytes   195 Mbits/sec  0.044 ms  493/17948 (2.7%)  
[  8] 102.00-103.00 sec  4.41 MBytes  37.0 Mbits/sec  0.016 ms  14562/17864 (82%)  
[  8] 103.00-104.00 sec  23.8 MBytes   199 Mbits/sec  0.039 ms  54/17850 (0.3%)  
[  8] 104.00-105.00 sec  23.8 MBytes   200 Mbits/sec  0.039 ms  21/17860 (0.12%)  
[  8] 105.00-106.00 sec  23.8 MBytes   200 Mbits/sec  0.032 ms  23/17852 (0.13%)  
[  8] 106.00-107.00 sec  23.8 MBytes   200 Mbits/sec  0.039 ms  4/17839 (0.022%)  
[  8] 107.00-108.00 sec  23.9 MBytes   200 Mbits/sec  0.021 ms  2/17884 (0.011%)  
[  8] 108.00-109.00 sec  23.8 MBytes   200 Mbits/sec  0.046 ms  7/17846 (0.039%)  
[  8] 109.00-110.00 sec  17.4 MBytes   146 Mbits/sec  0.027 ms  0/13059 (0%)  
[  8] 110.00-111.00 sec  0.00 Bytes  0.00 bits/sec  0.027 ms  0/0 (0%)  
[  8] 111.00-112.00 sec  16.8 MBytes   141 Mbits/sec  0.019 ms  27937/40530 (69%)  
[  8] 112.00-113.00 sec  23.8 MBytes   200 Mbits/sec  0.051 ms  23/17847 (0.13%)  
[  8] 113.00-114.00 sec  23.8 MBytes   200 Mbits/sec  0.022 ms  28/17849 (0.16%)  
[  8] 114.00-115.00 sec  18.8 MBytes   157 Mbits/sec  0.048 ms  17/14064 (0.12%)  
[  8] 115.00-116.00 sec  16.1 MBytes   135 Mbits/sec  0.024 ms  9620/21651 (44%)  
[  8] 116.00-117.00 sec  23.6 MBytes   198 Mbits/sec  0.017 ms  230/17873 (1.3%)  
[  8] 117.00-118.00 sec  22.5 MBytes   189 Mbits/sec  0.021 ms  971/17858 (5.4%)  
[  8] 118.00-119.00 sec  12.8 MBytes   107 Mbits/sec  0.080 ms  8267/17846 (46%)  
[  8] 119.00-120.00 sec  23.8 MBytes   200 Mbits/sec  0.033 ms  10/17860 (0.056%)  
[  8] 120.00-120.00 sec  36.9 KBytes   133 Mbits/sec  0.027 ms  0/27 (0%)  
- - - - - - - - - - - - - - - - - - - - - - - - -
[ ID] Interval           Transfer     Bitrate         Jitter    Lost/Total Datagrams
[  8]   0.00-120.00 sec  2.30 GBytes   165 Mbits/sec  0.027 ms  378000/2142842 (18%)  receiver
