-----------------------------------------------------------
Server listening on 5201 (test #1)
-----------------------------------------------------------
Accepted connection from 10.0.0.1, port 56644
[  8] local 10.0.0.33 port 5201 connected to 10.0.0.1 port 35950
[ ID] Interval           Transfer     Bitrate         Jitter    Lost/Total Datagrams
[  8]   0.00-1.00   sec  42.0 MBytes   352 Mbits/sec  0.042 ms  604/32042 (1.9%)  
[  8]   1.00-2.00   sec  42.7 MBytes   358 Mbits/sec  0.048 ms  149/32154 (0.46%)  
[  8]   2.00-3.00   sec  42.8 MBytes   359 Mbits/sec  0.022 ms  64/32156 (0.2%)  
[  8]   3.00-4.00   sec  42.7 MBytes   358 Mbits/sec  0.048 ms  145/32139 (0.45%)  
[  8]   4.00-5.00   sec  42.7 MBytes   358 Mbits/sec  0.021 ms  177/32150 (0.55%)  
[  8]   5.00-6.00   sec  42.7 MBytes   358 Mbits/sec  0.023 ms  148/32133 (0.46%)  
[  8]   6.00-7.00   sec  42.7 MBytes   358 Mbits/sec  0.016 ms  150/32156 (0.47%)  
[  8]   7.00-8.00   sec  42.5 MBytes   357 Mbits/sec  0.012 ms  285/32151 (0.89%)  
[  8]   8.00-9.00   sec  42.7 MBytes   358 Mbits/sec  0.014 ms  137/32135 (0.43%)  
[  8]   9.00-10.00  sec  42.7 MBytes   358 Mbits/sec  0.014 ms  147/32146 (0.46%)  
[  8]  10.00-11.00  sec  42.6 MBytes   357 Mbits/sec  0.020 ms  260/32138 (0.81%)  
[  8]  11.00-12.00  sec  42.4 MBytes   355 Mbits/sec  0.017 ms  411/32142 (1.3%)  
[  8]  12.00-13.00  sec  42.7 MBytes   358 Mbits/sec  0.012 ms  143/32151 (0.44%)  
[  8]  13.00-14.00  sec  42.6 MBytes   357 Mbits/sec  0.017 ms  217/32129 (0.68%)  
[  8]  14.00-15.00  sec  42.7 MBytes   358 Mbits/sec  0.015 ms  176/32156 (0.55%)  
[  8]  15.00-16.00  sec  42.6 MBytes   358 Mbits/sec  0.021 ms  209/32136 (0.65%)  
[  8]  16.00-17.00  sec  42.6 MBytes   358 Mbits/sec  0.012 ms  212/32143 (0.66%)  
[  8]  17.00-18.00  sec  42.5 MBytes   356 Mbits/sec  0.023 ms  324/32137 (1%)  
[  8]  18.00-19.00  sec  42.6 MBytes   357 Mbits/sec  0.021 ms  266/32144 (0.83%)  
[  8]  19.00-20.00  sec  42.5 MBytes   357 Mbits/sec  0.015 ms  309/32148 (0.96%)  
[  8]  20.00-21.00  sec  42.7 MBytes   358 Mbits/sec  0.029 ms  147/32134 (0.46%)  
[  8]  21.00-22.00  sec  42.5 MBytes   357 Mbits/sec  0.016 ms  290/32154 (0.9%)  
[  8]  22.00-23.00  sec  42.7 MBytes   358 Mbits/sec  0.023 ms  164/32140 (0.51%)  
[  8]  23.00-24.00  sec  42.6 MBytes   357 Mbits/sec  0.026 ms  197/32093 (0.61%)  
[  8]  24.00-25.00  sec  42.8 MBytes   359 Mbits/sec  0.022 ms  142/32183 (0.44%)  
[  8]  25.00-26.00  sec  42.4 MBytes   356 Mbits/sec  0.015 ms  365/32154 (1.1%)  
[  8]  26.00-27.00  sec  42.8 MBytes   359 Mbits/sec  0.060 ms  74/32127 (0.23%)  
[  8]  27.00-28.00  sec  42.7 MBytes   358 Mbits/sec  0.018 ms  160/32156 (0.5%)  
[  8]  28.00-29.00  sec  42.8 MBytes   359 Mbits/sec  0.012 ms  114/32145 (0.35%)  
[  8]  29.00-30.00  sec  42.4 MBytes   356 Mbits/sec  0.020 ms  351/32144 (1.1%)  
[  8]  30.00-31.00  sec  42.8 MBytes   359 Mbits/sec  0.011 ms  88/32142 (0.27%)  
[  8]  31.00-32.00  sec  42.6 MBytes   357 Mbits/sec  0.019 ms  237/32141 (0.74%)  
[  8]  32.00-33.00  sec  42.9 MBytes   359 Mbits/sec  0.023 ms  46/32143 (0.14%)  
[  8]  33.00-34.00  sec  42.6 MBytes   358 Mbits/sec  0.022 ms  215/32138 (0.67%)  
[  8]  34.00-35.00  sec  42.8 MBytes   359 Mbits/sec  0.013 ms  71/32139 (0.22%)  
[  8]  35.00-36.00  sec  42.8 MBytes   359 Mbits/sec  0.016 ms  67/32153 (0.21%)  
[  8]  36.00-37.00  sec  42.3 MBytes   355 Mbits/sec  0.018 ms  464/32147 (1.4%)  
[  8]  37.00-38.00  sec  42.6 MBytes   358 Mbits/sec  0.012 ms  206/32139 (0.64%)  
[  8]  38.00-39.00  sec  42.6 MBytes   358 Mbits/sec  0.019 ms  222/32142 (0.69%)  
[  8]  39.00-40.00  sec  42.3 MBytes   355 Mbits/sec  0.014 ms  460/32140 (1.4%)  
[  8]  40.00-41.00  sec  42.5 MBytes   356 Mbits/sec  0.036 ms  334/32132 (1%)  
[  8]  41.00-42.00  sec  42.9 MBytes   360 Mbits/sec  0.024 ms  13/32146 (0.04%)  
[  8]  42.00-43.00  sec  42.8 MBytes   359 Mbits/sec  0.021 ms  108/32153 (0.34%)  
[  8]  43.00-44.00  sec  41.6 MBytes   349 Mbits/sec  0.027 ms  974/32136 (3%)  
[  8]  44.00-45.00  sec  42.6 MBytes   358 Mbits/sec  0.028 ms  199/32141 (0.62%)  
[  8]  45.00-46.00  sec  42.7 MBytes   358 Mbits/sec  0.062 ms  126/32115 (0.39%)  
[  8]  46.00-47.00  sec  42.9 MBytes   360 Mbits/sec  0.017 ms  63/32170 (0.2%)  
[  8]  47.00-48.00  sec  42.6 MBytes   357 Mbits/sec  0.021 ms  233/32150 (0.72%)  
[  8]  48.00-49.00  sec  42.9 MBytes   360 Mbits/sec  0.012 ms  28/32143 (0.087%)  
[  8]  49.00-50.00  sec  42.4 MBytes   355 Mbits/sec  0.071 ms  308/32036 (0.96%)  
[  8]  50.00-51.00  sec  42.7 MBytes   359 Mbits/sec  0.033 ms  224/32243 (0.69%)  
[  8]  51.00-52.00  sec  42.7 MBytes   358 Mbits/sec  0.022 ms  170/32147 (0.53%)  
[  8]  52.00-53.00  sec  42.6 MBytes   357 Mbits/sec  0.011 ms  243/32155 (0.76%)  
[  8]  53.00-54.00  sec  42.8 MBytes   359 Mbits/sec  0.020 ms  107/32129 (0.33%)  
[  8]  54.00-55.00  sec  42.6 MBytes   358 Mbits/sec  0.026 ms  207/32140 (0.64%)  
[  8]  55.00-56.00  sec  42.7 MBytes   358 Mbits/sec  0.019 ms  138/32143 (0.43%)  
[  8]  56.00-57.00  sec  42.6 MBytes   358 Mbits/sec  0.019 ms  205/32149 (0.64%)  
[  8]  57.00-58.00  sec  42.7 MBytes   358 Mbits/sec  0.037 ms  139/32133 (0.43%)  
[  8]  58.00-59.00  sec  42.4 MBytes   356 Mbits/sec  0.017 ms  381/32155 (1.2%)  
[  8]  59.00-60.00  sec  42.7 MBytes   359 Mbits/sec  0.015 ms  135/32144 (0.42%)  
[  8]  60.00-61.00  sec  42.9 MBytes   360 Mbits/sec  0.019 ms  34/32144 (0.11%)  
[  8]  61.00-62.00  sec  42.6 MBytes   358 Mbits/sec  0.047 ms  154/32093 (0.48%)  
[  8]  62.00-63.00  sec  42.6 MBytes   357 Mbits/sec  0.013 ms  278/32189 (0.86%)  
[  8]  63.00-64.00  sec  42.7 MBytes   358 Mbits/sec  0.014 ms  159/32147 (0.49%)  
[  8]  64.00-65.00  sec  42.3 MBytes   355 Mbits/sec  0.026 ms  463/32135 (1.4%)  
[  8]  65.00-66.00  sec  42.5 MBytes   357 Mbits/sec  0.055 ms  279/32135 (0.87%)  
[  8]  66.00-67.00  sec  42.5 MBytes   357 Mbits/sec  0.028 ms  301/32146 (0.94%)  
[  8]  67.00-68.00  sec  42.6 MBytes   358 Mbits/sec  0.014 ms  224/32158 (0.7%)  
[  8]  68.00-69.00  sec  42.8 MBytes   359 Mbits/sec  0.028 ms  43/32126 (0.13%)  
[  8]  69.00-70.00  sec  42.5 MBytes   357 Mbits/sec  0.034 ms  296/32151 (0.92%)  
[  8]  70.00-71.00  sec  42.9 MBytes   360 Mbits/sec  0.016 ms  43/32155 (0.13%)  
[  8]  71.00-72.00  sec  42.7 MBytes   358 Mbits/sec  0.018 ms  172/32133 (0.54%)  
[  8]  72.00-73.00  sec  42.2 MBytes   354 Mbits/sec  0.009 ms  569/32152 (1.8%)  
[  8]  73.00-74.00  sec  42.4 MBytes   356 Mbits/sec  0.020 ms  391/32137 (1.2%)  
[  8]  74.00-75.00  sec  42.7 MBytes   359 Mbits/sec  0.053 ms  105/32119 (0.33%)  
[  8]  75.00-76.00  sec  42.9 MBytes   359 Mbits/sec  0.022 ms  66/32161 (0.21%)  
[  8]  76.00-77.00  sec  42.6 MBytes   357 Mbits/sec  0.036 ms  200/32117 (0.62%)  
[  8]  77.00-78.00  sec  40.4 MBytes   339 Mbits/sec  0.031 ms  1861/32157 (5.8%)  
[  8]  78.00-79.00  sec  42.6 MBytes   357 Mbits/sec  0.013 ms  254/32152 (0.79%)  
[  8]  79.00-80.00  sec  42.5 MBytes   357 Mbits/sec  0.020 ms  279/32139 (0.87%)  
[  8]  80.00-81.00  sec  42.7 MBytes   358 Mbits/sec  0.017 ms  162/32128 (0.5%)  
[  8]  81.00-82.00  sec  42.9 MBytes   360 Mbits/sec  0.016 ms  65/32168 (0.2%)  
[  8]  82.00-83.00  sec  42.3 MBytes   354 Mbits/sec  0.006 ms  493/32144 (1.5%)  
[  8]  83.00-84.00  sec  42.8 MBytes   359 Mbits/sec  0.013 ms  59/32144 (0.18%)  
[  8]  84.00-85.00  sec  42.7 MBytes   358 Mbits/sec  0.028 ms  145/32125 (0.45%)  
[  8]  85.00-86.00  sec  42.8 MBytes   359 Mbits/sec  0.016 ms  101/32151 (0.31%)  
[  8]  86.00-87.00  sec  42.8 MBytes   359 Mbits/sec  0.018 ms  70/32145 (0.22%)  
[  8]  87.00-88.00  sec  42.4 MBytes   355 Mbits/sec  0.019 ms  413/32149 (1.3%)  
[  8]  88.00-89.00  sec  42.7 MBytes   358 Mbits/sec  0.024 ms  173/32132 (0.54%)  
[  8]  89.00-90.00  sec  42.8 MBytes   359 Mbits/sec  0.017 ms  83/32151 (0.26%)  
[  8]  90.00-91.00  sec  42.6 MBytes   358 Mbits/sec  0.038 ms  187/32116 (0.58%)  
[  8]  91.00-92.00  sec  42.7 MBytes   358 Mbits/sec  0.028 ms  173/32160 (0.54%)  
[  8]  92.00-93.00  sec  42.6 MBytes   357 Mbits/sec  0.025 ms  239/32137 (0.74%)  
[  8]  93.00-94.00  sec  42.8 MBytes   359 Mbits/sec  0.022 ms  68/32157 (0.21%)  
[  8]  94.00-95.00  sec  42.6 MBytes   357 Mbits/sec  0.026 ms  146/32060 (0.46%)  
[  8]  95.00-96.00  sec  42.6 MBytes   357 Mbits/sec  0.020 ms  339/32224 (1.1%)  
[  8]  96.00-97.00  sec  42.8 MBytes   359 Mbits/sec  0.019 ms  75/32145 (0.23%)  
[  8]  97.00-98.00  sec  42.5 MBytes   356 Mbits/sec  0.014 ms  327/32142 (1%)  
[  8]  98.00-99.00  sec  42.7 MBytes   359 Mbits/sec  0.039 ms  119/32138 (0.37%)  
[  8]  99.00-100.00 sec  42.7 MBytes   358 Mbits/sec  0.025 ms  166/32139 (0.52%)  
[  8] 100.00-101.00 sec  42.6 MBytes   357 Mbits/sec  0.016 ms  236/32146 (0.73%)  
[  8] 101.00-102.00 sec  42.8 MBytes   359 Mbits/sec  0.014 ms  87/32152 (0.27%)  
[  8] 102.00-103.00 sec  42.7 MBytes   358 Mbits/sec  0.015 ms  165/32145 (0.51%)  
[  8] 103.00-104.00 sec  41.3 MBytes   347 Mbits/sec  0.048 ms  1072/32022 (3.3%)  
[  8] 104.00-105.00 sec  42.5 MBytes   356 Mbits/sec  0.018 ms  449/32249 (1.4%)  
[  8] 105.00-106.00 sec  42.5 MBytes   357 Mbits/sec  0.016 ms  306/32153 (0.95%)  
[  8] 106.00-107.00 sec  42.4 MBytes   356 Mbits/sec  0.021 ms  371/32141 (1.2%)  
[  8] 107.00-108.00 sec  42.7 MBytes   358 Mbits/sec  0.025 ms  151/32130 (0.47%)  
[  8] 108.00-109.00 sec  42.8 MBytes   359 Mbits/sec  0.022 ms  115/32141 (0.36%)  
[  8] 109.00-110.00 sec  42.7 MBytes   358 Mbits/sec  0.017 ms  215/32170 (0.67%)  
[  8] 110.00-111.00 sec  42.8 MBytes   359 Mbits/sec  0.020 ms  55/32129 (0.17%)  
[  8] 111.00-112.00 sec  42.3 MBytes   355 Mbits/sec  0.023 ms  461/32140 (1.4%)  
[  8] 112.00-113.00 sec  42.5 MBytes   357 Mbits/sec  0.014 ms  283/32146 (0.88%)  
[  8] 113.00-114.00 sec  42.5 MBytes   357 Mbits/sec  0.021 ms  281/32141 (0.87%)  
[  8] 114.00-115.00 sec  42.5 MBytes   357 Mbits/sec  0.014 ms  278/32133 (0.87%)  
[  8] 115.00-116.00 sec  42.7 MBytes   358 Mbits/sec  0.015 ms  183/32135 (0.57%)  
[  8] 116.00-117.00 sec  42.7 MBytes   359 Mbits/sec  0.009 ms  159/32172 (0.49%)  
[  8] 117.00-118.00 sec  42.8 MBytes   359 Mbits/sec  0.023 ms  103/32129 (0.32%)  
[  8] 118.00-119.00 sec  42.7 MBytes   358 Mbits/sec  0.021 ms  142/32149 (0.44%)  
[  8] 119.00-120.00 sec  42.6 MBytes   358 Mbits/sec  0.017 ms  139/32071 (0.43%)  
[  8] 120.00-121.00 sec  42.5 MBytes   357 Mbits/sec  0.016 ms  359/32218 (1.1%)  
[  8] 121.00-122.00 sec  42.8 MBytes   359 Mbits/sec  0.031 ms  107/32136 (0.33%)  
[  8] 122.00-123.00 sec  42.7 MBytes   358 Mbits/sec  0.008 ms  159/32145 (0.49%)  
[  8] 123.00-124.00 sec  42.7 MBytes   358 Mbits/sec  0.043 ms  135/32137 (0.42%)  
[  8] 124.00-125.00 sec  42.7 MBytes   358 Mbits/sec  0.022 ms  172/32145 (0.54%)  
[  8] 125.00-126.00 sec  42.6 MBytes   357 Mbits/sec  0.018 ms  247/32151 (0.77%)  
[  8] 126.00-127.00 sec  42.7 MBytes   359 Mbits/sec  0.021 ms  118/32135 (0.37%)  
[  8] 127.00-128.00 sec  42.8 MBytes   359 Mbits/sec  0.025 ms  115/32144 (0.36%)  
[  8] 128.00-129.00 sec  42.5 MBytes   356 Mbits/sec  0.036 ms  324/32132 (1%)  
[  8] 129.00-130.00 sec  42.6 MBytes   357 Mbits/sec  0.025 ms  253/32157 (0.79%)  
[  8] 130.00-131.00 sec  42.8 MBytes   359 Mbits/sec  0.034 ms  79/32133 (0.25%)  
[  8] 131.00-132.00 sec  42.6 MBytes   357 Mbits/sec  0.013 ms  270/32159 (0.84%)  
[  8] 132.00-133.00 sec  42.7 MBytes   358 Mbits/sec  0.021 ms  112/32095 (0.35%)  
[  8] 133.00-134.00 sec  42.5 MBytes   357 Mbits/sec  0.024 ms  353/32185 (1.1%)  
[  8] 134.00-135.00 sec  42.8 MBytes   359 Mbits/sec  0.010 ms  77/32152 (0.24%)  
[  8] 135.00-136.00 sec  42.6 MBytes   357 Mbits/sec  0.030 ms  259/32132 (0.81%)  
[  8] 136.00-137.00 sec  42.7 MBytes   358 Mbits/sec  0.012 ms  203/32148 (0.63%)  
[  8] 137.00-138.00 sec  42.6 MBytes   358 Mbits/sec  0.020 ms  216/32142 (0.67%)  
[  8] 138.00-139.00 sec  42.7 MBytes   358 Mbits/sec  0.015 ms  146/32142 (0.45%)  
[  8] 139.00-140.00 sec  42.8 MBytes   359 Mbits/sec  0.048 ms  101/32126 (0.31%)  
[  8] 140.00-141.00 sec  42.7 MBytes   358 Mbits/sec  0.031 ms  198/32148 (0.62%)  
[  8] 141.00-142.00 sec  42.5 MBytes   356 Mbits/sec  0.017 ms  303/32131 (0.94%)  
[  8] 142.00-143.00 sec  42.9 MBytes   360 Mbits/sec  0.014 ms  33/32161 (0.1%)  
[  8] 143.00-144.00 sec  42.8 MBytes   359 Mbits/sec  0.015 ms  98/32134 (0.3%)  
[  8] 144.00-145.00 sec  42.2 MBytes   354 Mbits/sec  0.098 ms  426/32049 (1.3%)  
[  8] 145.00-146.00 sec  42.8 MBytes   359 Mbits/sec  0.021 ms  191/32243 (0.59%)  
[  8] 146.00-147.00 sec  42.4 MBytes   356 Mbits/sec  0.020 ms  353/32151 (1.1%)  
[  8] 147.00-148.00 sec  42.7 MBytes   358 Mbits/sec  0.039 ms  84/32092 (0.26%)  
[  8] 148.00-149.00 sec  42.6 MBytes   357 Mbits/sec  0.021 ms  277/32190 (0.86%)  
[  8] 149.00-150.00 sec  42.8 MBytes   359 Mbits/sec  0.016 ms  112/32147 (0.35%)  
[  8] 150.00-151.00 sec  42.6 MBytes   357 Mbits/sec  0.025 ms  224/32137 (0.7%)  
[  8] 151.00-152.00 sec  42.6 MBytes   357 Mbits/sec  0.013 ms  247/32125 (0.77%)  
[  8] 152.00-153.00 sec  42.8 MBytes   359 Mbits/sec  0.019 ms  77/32153 (0.24%)  
[  8] 153.00-154.00 sec  42.4 MBytes   356 Mbits/sec  0.022 ms  390/32142 (1.2%)  
[  8] 154.00-155.00 sec  42.8 MBytes   359 Mbits/sec  0.021 ms  111/32147 (0.35%)  
[  8] 155.00-156.00 sec  42.4 MBytes   356 Mbits/sec  0.016 ms  348/32136 (1.1%)  
[  8] 156.00-157.00 sec  42.7 MBytes   358 Mbits/sec  0.022 ms  191/32154 (0.59%)  
[  8] 157.00-158.00 sec  42.5 MBytes   357 Mbits/sec  0.019 ms  311/32151 (0.97%)  
[  8] 158.00-159.00 sec  42.4 MBytes   356 Mbits/sec  0.013 ms  350/32142 (1.1%)  
[  8] 159.00-160.00 sec  42.7 MBytes   358 Mbits/sec  0.024 ms  153/32133 (0.48%)  
[  8] 160.00-161.00 sec  42.5 MBytes   356 Mbits/sec  0.018 ms  356/32153 (1.1%)  
[  8] 161.00-162.00 sec  42.8 MBytes   359 Mbits/sec  0.021 ms  113/32141 (0.35%)  
[  8] 162.00-163.00 sec  42.7 MBytes   358 Mbits/sec  0.023 ms  166/32132 (0.52%)  
[  8] 163.00-164.00 sec  42.4 MBytes   356 Mbits/sec  0.036 ms  373/32141 (1.2%)  
[  8] 164.00-165.00 sec  42.8 MBytes   359 Mbits/sec  0.008 ms  69/32132 (0.21%)  
[  8] 165.00-166.00 sec  42.7 MBytes   358 Mbits/sec  0.017 ms  200/32166 (0.62%)  
[  8] 166.00-167.00 sec  42.8 MBytes   359 Mbits/sec  0.020 ms  93/32142 (0.29%)  
[  8] 167.00-168.00 sec  42.6 MBytes   357 Mbits/sec  0.011 ms  253/32144 (0.79%)  
[  8] 168.00-169.00 sec  42.4 MBytes   356 Mbits/sec  0.017 ms  360/32142 (1.1%)  
[  8] 169.00-170.00 sec  42.3 MBytes   355 Mbits/sec  0.023 ms  445/32141 (1.4%)  
[  8] 170.00-171.00 sec  42.6 MBytes   357 Mbits/sec  0.015 ms  222/32121 (0.69%)  
[  8] 171.00-172.00 sec  42.2 MBytes   354 Mbits/sec  0.020 ms  558/32164 (1.7%)  
[  8] 172.00-173.00 sec  42.6 MBytes   358 Mbits/sec  0.021 ms  216/32137 (0.67%)  
[  8] 173.00-174.00 sec  42.8 MBytes   359 Mbits/sec  0.008 ms  99/32159 (0.31%)  
[  8] 174.00-175.00 sec  42.7 MBytes   358 Mbits/sec  0.046 ms  24/32034 (0.075%)  
[  8] 175.00-176.00 sec  42.9 MBytes   360 Mbits/sec  0.027 ms  101/32231 (0.31%)  
[  8] 176.00-177.00 sec  42.7 MBytes   358 Mbits/sec  0.022 ms  171/32154 (0.53%)  
[  8] 177.00-178.00 sec  42.7 MBytes   359 Mbits/sec  0.034 ms  124/32138 (0.39%)  
[  8] 178.00-179.00 sec  42.6 MBytes   358 Mbits/sec  0.061 ms  206/32132 (0.64%)  
[  8] 179.00-180.00 sec  42.8 MBytes   359 Mbits/sec  0.017 ms  134/32154 (0.42%)  
[  8] 180.00-181.00 sec  42.8 MBytes   359 Mbits/sec  0.008 ms  116/32159 (0.36%)  
[  8] 181.00-182.00 sec  41.4 MBytes   347 Mbits/sec  0.029 ms  1120/32114 (3.5%)  
[  8] 182.00-183.00 sec  42.7 MBytes   358 Mbits/sec  0.035 ms  134/32142 (0.42%)  
[  8] 183.00-184.00 sec  42.7 MBytes   358 Mbits/sec  0.009 ms  196/32169 (0.61%)  
[  8] 184.00-185.00 sec  42.7 MBytes   358 Mbits/sec  0.033 ms  174/32123 (0.54%)  
[  8] 185.00-186.00 sec  42.8 MBytes   359 Mbits/sec  0.009 ms  99/32163 (0.31%)  
[  8] 186.00-187.00 sec  42.7 MBytes   358 Mbits/sec  0.015 ms  174/32136 (0.54%)  
[  8] 187.00-188.00 sec  42.7 MBytes   359 Mbits/sec  0.020 ms  119/32140 (0.37%)  
[  8] 188.00-189.00 sec  42.7 MBytes   358 Mbits/sec  0.023 ms  187/32140 (0.58%)  
[  8] 189.00-190.00 sec  42.8 MBytes   359 Mbits/sec  0.026 ms  68/32146 (0.21%)  
[  8] 190.00-191.00 sec  42.9 MBytes   360 Mbits/sec  0.016 ms  35/32146 (0.11%)  
[  8] 191.00-192.00 sec  42.8 MBytes   359 Mbits/sec  0.034 ms  88/32135 (0.27%)  
[  8] 192.00-193.00 sec  42.8 MBytes   359 Mbits/sec  0.017 ms  103/32141 (0.32%)  
[  8] 193.00-194.00 sec  42.5 MBytes   356 Mbits/sec  0.024 ms  330/32151 (1%)  
[  8] 194.00-195.00 sec  42.3 MBytes   355 Mbits/sec  0.024 ms  429/32099 (1.3%)  
[  8] 195.00-196.00 sec  42.8 MBytes   359 Mbits/sec  0.014 ms  116/32185 (0.36%)  
[  8] 196.00-197.00 sec  42.3 MBytes   354 Mbits/sec  0.019 ms  489/32139 (1.5%)  
[  8] 197.00-198.00 sec  42.8 MBytes   359 Mbits/sec  0.013 ms  106/32142 (0.33%)  
[  8] 198.00-199.00 sec  42.7 MBytes   358 Mbits/sec  0.015 ms  139/32119 (0.43%)  
[  8] 199.00-200.00 sec  42.8 MBytes   359 Mbits/sec  0.031 ms  76/32165 (0.24%)  
[  8] 200.00-201.00 sec  42.8 MBytes   359 Mbits/sec  0.021 ms  83/32148 (0.26%)  
[  8] 201.00-202.00 sec  42.8 MBytes   359 Mbits/sec  0.013 ms  74/32144 (0.23%)  
[  8] 202.00-203.00 sec  42.7 MBytes   358 Mbits/sec  0.025 ms  183/32135 (0.57%)  
[  8] 203.00-204.00 sec  42.8 MBytes   359 Mbits/sec  0.015 ms  98/32159 (0.3%)  
[  8] 204.00-205.00 sec  42.9 MBytes   359 Mbits/sec  0.010 ms  48/32144 (0.15%)  
[  8] 205.00-206.00 sec  42.4 MBytes   356 Mbits/sec  0.098 ms  353/32115 (1.1%)  
[  8] 206.00-207.00 sec  42.7 MBytes   358 Mbits/sec  0.011 ms  207/32167 (0.64%)  
[  8] 207.00-208.00 sec  42.9 MBytes   360 Mbits/sec  0.015 ms  31/32141 (0.096%)  
[  8] 208.00-209.00 sec  42.7 MBytes   359 Mbits/sec  0.022 ms  122/32140 (0.38%)  
[  8] 209.00-210.00 sec  42.6 MBytes   358 Mbits/sec  0.016 ms  205/32141 (0.64%)  
[  8] 210.00-211.00 sec  42.5 MBytes   357 Mbits/sec  0.016 ms  279/32141 (0.87%)  
[  8] 211.00-212.00 sec  42.7 MBytes   359 Mbits/sec  0.016 ms  123/32141 (0.38%)  
[  8] 212.00-213.00 sec  42.6 MBytes   358 Mbits/sec  0.023 ms  215/32139 (0.67%)  
[  8] 213.00-214.00 sec  42.9 MBytes   360 Mbits/sec  0.009 ms  47/32162 (0.15%)  
[  8] 214.00-215.00 sec  42.6 MBytes   357 Mbits/sec  0.019 ms  220/32137 (0.68%)  
[  8] 215.00-216.00 sec  42.6 MBytes   357 Mbits/sec  0.029 ms  175/32087 (0.55%)  
[  8] 216.00-217.00 sec  42.7 MBytes   358 Mbits/sec  0.043 ms  224/32181 (0.7%)  
[  8] 217.00-218.00 sec  42.9 MBytes   359 Mbits/sec  0.024 ms  57/32154 (0.18%)  
[  8] 218.00-219.00 sec  42.8 MBytes   359 Mbits/sec  0.019 ms  108/32147 (0.34%)  
[  8] 219.00-220.00 sec  42.8 MBytes   359 Mbits/sec  0.015 ms  66/32143 (0.21%)  
[  8] 220.00-221.00 sec  42.8 MBytes   359 Mbits/sec  0.016 ms  71/32140 (0.22%)  
[  8] 221.00-222.00 sec  42.8 MBytes   359 Mbits/sec  0.025 ms  52/32140 (0.16%)  
[  8] 222.00-223.00 sec  42.8 MBytes   359 Mbits/sec  0.026 ms  45/32087 (0.14%)  
[  8] 223.00-224.00 sec  42.3 MBytes   355 Mbits/sec  0.018 ms  512/32198 (1.6%)  
[  8] 224.00-225.00 sec  42.3 MBytes   355 Mbits/sec  0.013 ms  436/32148 (1.4%)  
[  8] 225.00-226.00 sec  42.6 MBytes   358 Mbits/sec  0.020 ms  201/32130 (0.63%)  
[  8] 226.00-227.00 sec  42.8 MBytes   359 Mbits/sec  0.015 ms  130/32155 (0.4%)  
[  8] 227.00-228.00 sec  42.7 MBytes   358 Mbits/sec  0.018 ms  188/32145 (0.58%)  
[  8] 228.00-229.00 sec  42.6 MBytes   357 Mbits/sec  0.020 ms  227/32136 (0.71%)  
[  8] 229.00-230.00 sec  42.6 MBytes   358 Mbits/sec  0.015 ms  231/32154 (0.72%)  
[  8] 230.00-231.00 sec  42.6 MBytes   358 Mbits/sec  0.012 ms  213/32141 (0.66%)  
[  8] 231.00-232.00 sec  42.5 MBytes   357 Mbits/sec  0.028 ms  293/32135 (0.91%)  
[  8] 232.00-233.00 sec  42.6 MBytes   357 Mbits/sec  0.017 ms  226/32136 (0.7%)  
[  8] 233.00-234.00 sec  42.8 MBytes   359 Mbits/sec  0.026 ms  74/32146 (0.23%)  
[  8] 234.00-235.00 sec  42.8 MBytes   359 Mbits/sec  0.041 ms  107/32137 (0.33%)  
[  8] 235.00-236.00 sec  42.8 MBytes   359 Mbits/sec  0.014 ms  107/32155 (0.33%)  
[  8] 236.00-237.00 sec  42.5 MBytes   356 Mbits/sec  0.061 ms  330/32126 (1%)  
[  8] 237.00-238.00 sec  42.9 MBytes   359 Mbits/sec  0.020 ms  51/32149 (0.16%)  
[  8] 238.00-239.00 sec  42.9 MBytes   360 Mbits/sec  0.013 ms  63/32162 (0.2%)  
[  8] 239.00-240.00 sec  42.7 MBytes   358 Mbits/sec  0.024 ms  173/32133 (0.54%)  
[  8] 240.00-241.00 sec  42.7 MBytes   358 Mbits/sec  0.013 ms  187/32148 (0.58%)  
[  8] 241.00-242.00 sec  42.6 MBytes   357 Mbits/sec  0.019 ms  216/32118 (0.67%)  
[  8] 242.00-243.00 sec  42.5 MBytes   356 Mbits/sec  0.050 ms  325/32143 (1%)  
[  8] 243.00-244.00 sec  42.8 MBytes   359 Mbits/sec  0.018 ms  124/32145 (0.39%)  
[  8] 244.00-245.00 sec  42.6 MBytes   357 Mbits/sec  0.042 ms  273/32154 (0.85%)  
[  8] 245.00-246.00 sec  42.8 MBytes   359 Mbits/sec  0.039 ms  94/32139 (0.29%)  
[  8] 246.00-247.00 sec  42.8 MBytes   359 Mbits/sec  0.030 ms  78/32148 (0.24%)  
[  8] 247.00-248.00 sec  42.9 MBytes   360 Mbits/sec  0.045 ms  24/32136 (0.075%)  
[  8] 248.00-249.00 sec  42.7 MBytes   358 Mbits/sec  0.026 ms  156/32147 (0.49%)  
[  8] 249.00-250.00 sec  42.6 MBytes   357 Mbits/sec  0.029 ms  269/32146 (0.84%)  
[  8] 250.00-251.00 sec  42.6 MBytes   357 Mbits/sec  0.010 ms  244/32156 (0.76%)  
[  8] 251.00-252.00 sec  42.8 MBytes   359 Mbits/sec  0.019 ms  42/32135 (0.13%)  
[  8] 252.00-253.00 sec  42.7 MBytes   358 Mbits/sec  0.041 ms  138/32132 (0.43%)  
[  8] 253.00-254.00 sec  42.7 MBytes   358 Mbits/sec  0.030 ms  175/32139 (0.54%)  
[  8] 254.00-255.00 sec  42.8 MBytes   359 Mbits/sec  0.031 ms  134/32157 (0.42%)  
[  8] 255.00-256.00 sec  42.8 MBytes   359 Mbits/sec  0.017 ms  52/32135 (0.16%)  
[  8] 256.00-257.00 sec  42.6 MBytes   357 Mbits/sec  0.021 ms  239/32143 (0.74%)  
[  8] 257.00-258.00 sec  42.7 MBytes   358 Mbits/sec  0.095 ms  175/32133 (0.54%)  
[  8] 258.00-259.00 sec  42.6 MBytes   357 Mbits/sec  0.022 ms  246/32151 (0.77%)  
[  8] 259.00-260.00 sec  42.7 MBytes   358 Mbits/sec  0.015 ms  148/32156 (0.46%)  
[  8] 260.00-261.00 sec  42.8 MBytes   359 Mbits/sec  0.022 ms  83/32138 (0.26%)  
[  8] 261.00-262.00 sec  42.5 MBytes   357 Mbits/sec  0.017 ms  312/32151 (0.97%)  
[  8] 262.00-263.00 sec  42.8 MBytes   359 Mbits/sec  0.013 ms  94/32115 (0.29%)  
[  8] 263.00-264.00 sec  42.8 MBytes   359 Mbits/sec  0.011 ms  71/32144 (0.22%)  
[  8] 264.00-265.00 sec  42.6 MBytes   358 Mbits/sec  0.010 ms  225/32166 (0.7%)  
[  8] 265.00-266.00 sec  42.7 MBytes   358 Mbits/sec  0.027 ms  126/32127 (0.39%)  
[  8] 266.00-267.00 sec  42.4 MBytes   356 Mbits/sec  0.036 ms  369/32148 (1.1%)  
[  8] 267.00-268.00 sec  42.4 MBytes   356 Mbits/sec  0.033 ms  383/32138 (1.2%)  
[  8] 268.00-269.00 sec  42.5 MBytes   356 Mbits/sec  0.021 ms  339/32159 (1.1%)  
[  8] 269.00-270.00 sec  42.5 MBytes   357 Mbits/sec  0.025 ms  278/32137 (0.87%)  
[  8] 270.00-271.00 sec  42.7 MBytes   358 Mbits/sec  0.016 ms  146/32139 (0.45%)  
[  8] 271.00-272.00 sec  42.8 MBytes   359 Mbits/sec  0.018 ms  108/32135 (0.34%)  
[  8] 272.00-273.00 sec  42.6 MBytes   357 Mbits/sec  0.032 ms  233/32148 (0.72%)  
[  8] 273.00-274.00 sec  42.5 MBytes   356 Mbits/sec  0.016 ms  337/32149 (1%)  
[  8] 274.00-275.00 sec  42.5 MBytes   356 Mbits/sec  0.015 ms  346/32150 (1.1%)  
[  8] 275.00-276.00 sec  42.7 MBytes   359 Mbits/sec  0.019 ms  117/32137 (0.36%)  
[  8] 276.00-277.00 sec  42.5 MBytes   356 Mbits/sec  0.026 ms  315/32140 (0.98%)  
[  8] 277.00-278.00 sec  42.5 MBytes   356 Mbits/sec  0.033 ms  280/32097 (0.87%)  
[  8] 278.00-279.00 sec  42.8 MBytes   359 Mbits/sec  0.029 ms  152/32187 (0.47%)  
[  8] 279.00-280.00 sec  42.9 MBytes   360 Mbits/sec  0.048 ms  19/32132 (0.059%)  
[  8] 280.00-281.00 sec  42.8 MBytes   359 Mbits/sec  0.004 ms  136/32171 (0.42%)  
[  8] 281.00-282.00 sec  42.8 MBytes   359 Mbits/sec  0.015 ms  61/32110 (0.19%)  
[  8] 282.00-283.00 sec  42.8 MBytes   359 Mbits/sec  0.033 ms  89/32146 (0.28%)  
[  8] 283.00-284.00 sec  41.8 MBytes   351 Mbits/sec  0.028 ms  753/32081 (2.3%)  
[  8] 284.00-285.00 sec  42.5 MBytes   357 Mbits/sec  0.025 ms  351/32215 (1.1%)  
[  8] 285.00-286.00 sec  42.6 MBytes   357 Mbits/sec  0.023 ms  232/32148 (0.72%)  
[  8] 286.00-287.00 sec  42.7 MBytes   358 Mbits/sec  0.011 ms  171/32138 (0.53%)  
[  8] 287.00-288.00 sec  42.2 MBytes   354 Mbits/sec  0.040 ms  515/32123 (1.6%)  
[  8] 288.00-289.00 sec  42.6 MBytes   357 Mbits/sec  0.015 ms  300/32175 (0.93%)  
[  8] 289.00-290.00 sec  42.3 MBytes   355 Mbits/sec  0.009 ms  438/32126 (1.4%)  
[  8] 290.00-291.00 sec  42.8 MBytes   359 Mbits/sec  0.028 ms  111/32146 (0.35%)  
[  8] 291.00-292.00 sec  42.7 MBytes   358 Mbits/sec  0.007 ms  165/32152 (0.51%)  
[  8] 292.00-293.00 sec  42.7 MBytes   359 Mbits/sec  0.021 ms  126/32138 (0.39%)  
[  8] 293.00-294.00 sec  42.7 MBytes   358 Mbits/sec  0.058 ms  144/32134 (0.45%)  
[  8] 294.00-295.00 sec  42.6 MBytes   358 Mbits/sec  0.029 ms  199/32142 (0.62%)  
[  8] 295.00-296.00 sec  42.8 MBytes   359 Mbits/sec  0.018 ms  89/32159 (0.28%)  
[  8] 296.00-297.00 sec  42.4 MBytes   356 Mbits/sec  0.044 ms  338/32126 (1.1%)  
[  8] 297.00-298.00 sec  42.5 MBytes   357 Mbits/sec  0.058 ms  283/32145 (0.88%)  
[  8] 298.00-299.00 sec  42.4 MBytes   356 Mbits/sec  0.023 ms  395/32141 (1.2%)  
[  8] 299.00-300.00 sec  42.7 MBytes   359 Mbits/sec  0.009 ms  150/32169 (0.47%)  
[  8] 300.00-300.00 sec  43.8 KBytes   165 Mbits/sec  0.010 ms  0/32 (0%)  
- - - - - - - - - - - - - - - - - - - - - - - - -
[ ID] Interval           Transfer     Bitrate         Jitter    Lost/Total Datagrams
[  8]   0.00-300.00 sec  12.5 GBytes   358 Mbits/sec  0.010 ms  64202/9642829 (0.67%)  receiver
