-----------------------------------------------------------
Server listening on 5201 (test #1)
-----------------------------------------------------------
Accepted connection from 10.0.0.1, port 59368
[  8] local 10.0.0.33 port 5201 connected to 10.0.0.1 port 46351
[ ID] Interval           Transfer     Bitrate         Jitter    Lost/Total Datagrams
[  8]   0.00-1.00   sec  13.1 MBytes   110 Mbits/sec  0.031 ms  7255/17089 (42%)  
[  8]   1.00-2.00   sec  7.12 MBytes  59.7 Mbits/sec  0.052 ms  10769/16100 (67%)  
[  8]   2.00-3.00   sec  5.48 MBytes  46.0 Mbits/sec  0.048 ms  8953/13060 (69%)  
[  8]   3.00-4.00   sec  6.73 MBytes  56.5 Mbits/sec  0.033 ms  20103/25146 (80%)  
[  8]   4.00-5.00   sec  6.34 MBytes  53.2 Mbits/sec  0.045 ms  8597/13343 (64%)  
[  8]   5.00-6.00   sec  6.72 MBytes  56.3 Mbits/sec  0.024 ms  11965/16996 (70%)  
[  8]   6.00-7.00   sec  9.05 MBytes  75.9 Mbits/sec  0.042 ms  12782/19563 (65%)  
[  8]   7.00-8.00   sec  8.68 MBytes  72.8 Mbits/sec  0.033 ms  13906/20407 (68%)  
[  8]   8.00-9.00   sec  7.77 MBytes  65.2 Mbits/sec  0.041 ms  11451/17273 (66%)  
[  8]   9.00-10.00  sec  6.48 MBytes  54.4 Mbits/sec  0.044 ms  9892/14749 (67%)  
[  8]  10.00-11.00  sec  7.04 MBytes  59.1 Mbits/sec  0.045 ms  10865/16139 (67%)  
[  8]  11.00-12.00  sec  8.59 MBytes  72.0 Mbits/sec  0.041 ms  13855/20287 (68%)  
[  8]  12.00-13.00  sec  7.96 MBytes  66.8 Mbits/sec  0.039 ms  15997/21957 (73%)  
[  8]  13.00-14.00  sec  6.09 MBytes  51.1 Mbits/sec  0.031 ms  9241/13801 (67%)  
[  8]  14.00-15.00  sec  7.88 MBytes  66.1 Mbits/sec  0.067 ms  16011/21911 (73%)  
[  8]  15.00-16.00  sec  7.51 MBytes  63.0 Mbits/sec  0.027 ms  7754/13377 (58%)  
[  8]  16.00-17.00  sec  7.35 MBytes  61.6 Mbits/sec  0.032 ms  11274/16777 (67%)  
[  8]  17.00-18.00  sec  9.89 MBytes  83.0 Mbits/sec  0.069 ms  15065/22474 (67%)  
[  8]  18.00-19.00  sec  6.20 MBytes  52.0 Mbits/sec  0.100 ms  9041/13685 (66%)  
[  8]  19.00-20.00  sec  8.43 MBytes  70.7 Mbits/sec  0.076 ms  13233/19547 (68%)  
[  8]  20.00-21.00  sec  7.56 MBytes  63.4 Mbits/sec  0.856 ms  15582/21244 (73%)  
[  8]  21.00-22.00  sec  8.04 MBytes  67.4 Mbits/sec  0.062 ms  8314/14336 (58%)  
[  8]  22.00-23.00  sec  9.01 MBytes  75.5 Mbits/sec  0.045 ms  14107/20852 (68%)  
[  8]  23.00-24.00  sec  6.29 MBytes  52.8 Mbits/sec  0.077 ms  13700/18412 (74%)  
[  8]  24.00-25.00  sec  6.13 MBytes  51.4 Mbits/sec  0.081 ms  13280/17871 (74%)  
[  8]  25.00-26.00  sec  8.89 MBytes  74.6 Mbits/sec  0.050 ms  7468/14127 (53%)  
[  8]  26.00-27.00  sec  8.95 MBytes  75.1 Mbits/sec  0.044 ms  13718/20422 (67%)  
[  8]  27.00-28.00  sec  7.77 MBytes  65.1 Mbits/sec  0.039 ms  12009/17825 (67%)  
[  8]  28.00-29.00  sec  6.85 MBytes  57.5 Mbits/sec  0.030 ms  10282/15413 (67%)  
[  8]  29.00-30.00  sec  8.66 MBytes  72.7 Mbits/sec  0.043 ms  13045/19533 (67%)  
[  8]  30.00-31.00  sec  7.23 MBytes  60.7 Mbits/sec  0.020 ms  11924/17340 (69%)  
[  8]  31.00-32.00  sec  7.44 MBytes  62.4 Mbits/sec  0.042 ms  12238/17813 (69%)  
[  8]  32.00-33.00  sec  9.06 MBytes  76.0 Mbits/sec  0.056 ms  12688/19476 (65%)  
[  8]  33.00-34.00  sec  6.03 MBytes  50.6 Mbits/sec  0.057 ms  10785/15301 (70%)  
[  8]  34.00-35.00  sec  7.69 MBytes  64.5 Mbits/sec  0.027 ms  12571/18330 (69%)  
[  8]  35.00-36.00  sec  8.41 MBytes  70.5 Mbits/sec  0.023 ms  13218/19516 (68%)  
[  8]  36.00-37.00  sec  7.33 MBytes  61.5 Mbits/sec  0.054 ms  12238/17726 (69%)  
[  8]  37.00-38.00  sec  8.45 MBytes  70.9 Mbits/sec  0.039 ms  12197/18526 (66%)  
[  8]  38.00-39.00  sec  7.26 MBytes  60.9 Mbits/sec  0.022 ms  11036/16473 (67%)  
[  8]  39.00-40.00  sec  7.37 MBytes  61.8 Mbits/sec  0.075 ms  14508/20027 (72%)  
[  8]  40.00-41.00  sec  6.94 MBytes  58.2 Mbits/sec  0.047 ms  6809/12004 (57%)  
[  8]  41.00-42.00  sec  7.79 MBytes  65.3 Mbits/sec  0.024 ms  12922/18754 (69%)  
[  8]  42.00-43.00  sec  9.82 MBytes  82.4 Mbits/sec  0.029 ms  14391/21746 (66%)  
[  8]  43.00-44.00  sec  7.60 MBytes  63.7 Mbits/sec  0.043 ms  12256/17946 (68%)  
[  8]  44.00-45.00  sec  6.43 MBytes  53.9 Mbits/sec  0.095 ms  14033/18849 (74%)  
[  8]  45.00-46.00  sec  7.75 MBytes  65.0 Mbits/sec  0.042 ms  11247/17053 (66%)  
[  8]  46.00-47.00  sec  4.35 MBytes  36.5 Mbits/sec  0.058 ms  7426/10683 (70%)  
[  8]  47.00-48.00  sec  9.68 MBytes  81.2 Mbits/sec  0.036 ms  18581/25830 (72%)  
[  8]  48.00-49.00  sec  4.58 MBytes  38.4 Mbits/sec  0.058 ms  7125/10555 (68%)  
[  8]  49.00-50.00  sec  9.94 MBytes  83.4 Mbits/sec  0.041 ms  17126/24570 (70%)  
[  8]  50.00-51.00  sec  7.12 MBytes  59.7 Mbits/sec  0.028 ms  12845/18175 (71%)  
[  8]  51.00-52.00  sec  7.51 MBytes  63.0 Mbits/sec  0.035 ms  12502/18129 (69%)  
[  8]  52.00-53.00  sec  6.39 MBytes  53.6 Mbits/sec  0.048 ms  13075/17861 (73%)  
[  8]  53.00-54.00  sec  7.91 MBytes  66.4 Mbits/sec  0.051 ms  11929/17854 (67%)  
[  8]  54.00-55.00  sec  3.37 MBytes  28.3 Mbits/sec  0.046 ms  6974/9499 (73%)  
[  8]  55.00-56.00  sec  9.29 MBytes  77.9 Mbits/sec  0.039 ms  19259/26215 (73%)  
[  8]  56.00-57.00  sec  5.87 MBytes  49.3 Mbits/sec  0.053 ms  13459/17858 (75%)  
[  8]  57.00-58.00  sec  9.27 MBytes  77.7 Mbits/sec  0.050 ms  10815/17755 (61%)  
[  8]  58.00-59.00  sec  4.25 MBytes  35.7 Mbits/sec  0.028 ms  13446/16630 (81%)  
[  8]  59.00-60.00  sec  6.16 MBytes  51.7 Mbits/sec  0.023 ms  11050/15663 (71%)  
[  8]  60.00-61.00  sec  8.83 MBytes  74.1 Mbits/sec  0.041 ms  13946/20558 (68%)  
[  8]  61.00-62.00  sec  6.45 MBytes  54.1 Mbits/sec  0.036 ms  13846/18678 (74%)  
[  8]  62.00-63.00  sec  7.99 MBytes  67.0 Mbits/sec  0.043 ms  11874/17857 (66%)  
[  8]  63.00-64.00  sec  4.28 MBytes  35.9 Mbits/sec  0.038 ms  7283/10492 (69%)  
[  8]  64.00-65.00  sec  9.67 MBytes  81.1 Mbits/sec  0.036 ms  16140/23379 (69%)  
[  8]  65.00-66.00  sec  6.28 MBytes  52.6 Mbits/sec  0.065 ms  15003/19703 (76%)  
[  8]  66.00-67.00  sec  8.14 MBytes  68.3 Mbits/sec  0.083 ms  11658/17756 (66%)  
[  8]  67.00-68.00  sec  6.43 MBytes  53.9 Mbits/sec  0.035 ms  13143/17956 (73%)  
[  8]  68.00-69.00  sec  6.01 MBytes  50.4 Mbits/sec  0.026 ms  7263/11765 (62%)  
[  8]  69.00-70.00  sec  7.66 MBytes  64.2 Mbits/sec  0.058 ms  13797/19531 (71%)  
[  8]  70.00-71.00  sec  8.74 MBytes  73.3 Mbits/sec  0.073 ms  15733/22278 (71%)  
[  8]  71.00-72.00  sec  5.95 MBytes  49.9 Mbits/sec  0.032 ms  13399/17855 (75%)  
[  8]  72.00-73.00  sec  9.04 MBytes  75.9 Mbits/sec  0.098 ms  10926/17699 (62%)  
[  8]  73.00-74.00  sec  5.61 MBytes  47.1 Mbits/sec  0.057 ms  13818/18021 (77%)  
[  8]  74.00-75.00  sec  6.69 MBytes  56.1 Mbits/sec  0.043 ms  7089/12099 (59%)  
[  8]  75.00-76.00  sec  5.54 MBytes  46.5 Mbits/sec  0.041 ms  10215/14364 (71%)  
[  8]  76.00-77.00  sec  8.55 MBytes  71.7 Mbits/sec  0.048 ms  16574/22978 (72%)  
[  8]  77.00-78.00  sec  6.65 MBytes  55.8 Mbits/sec  0.040 ms  11703/16687 (70%)  
[  8]  78.00-79.00  sec  8.70 MBytes  73.0 Mbits/sec  0.035 ms  14386/20900 (69%)  
[  8]  79.00-80.00  sec  5.91 MBytes  49.6 Mbits/sec  0.057 ms  15682/20110 (78%)  
[  8]  80.00-81.00  sec  9.03 MBytes  75.7 Mbits/sec  0.063 ms  10119/16879 (60%)  
[  8]  81.00-82.00  sec  5.48 MBytes  46.0 Mbits/sec  0.026 ms  14726/18834 (78%)  
[  8]  82.00-83.00  sec  9.68 MBytes  81.2 Mbits/sec  0.061 ms  10099/17352 (58%)  
[  8]  83.00-84.00  sec  6.71 MBytes  56.3 Mbits/sec  0.072 ms  13342/18365 (73%)  
[  8]  84.00-85.00  sec  5.45 MBytes  45.7 Mbits/sec  0.073 ms  5944/10023 (59%)  
[  8]  85.00-86.00  sec  8.36 MBytes  70.1 Mbits/sec  0.036 ms  15778/22039 (72%)  
[  8]  86.00-87.00  sec  5.71 MBytes  47.9 Mbits/sec  0.064 ms  17233/21508 (80%)  
[  8]  87.00-88.00  sec  6.86 MBytes  57.5 Mbits/sec  0.056 ms  6390/11528 (55%)  
[  8]  88.00-89.00  sec  9.72 MBytes  81.5 Mbits/sec  0.071 ms  16502/23781 (69%)  
[  8]  89.00-90.00  sec  4.35 MBytes  36.5 Mbits/sec  0.029 ms  7433/10690 (70%)  
[  8]  90.00-91.00  sec  8.99 MBytes  75.4 Mbits/sec  0.068 ms  15230/21965 (69%)  
[  8]  91.00-92.00  sec  6.15 MBytes  51.6 Mbits/sec  0.042 ms  10118/14722 (69%)  
[  8]  92.00-93.00  sec  8.87 MBytes  74.4 Mbits/sec  0.045 ms  16420/23063 (71%)  
[  8]  93.00-94.00  sec  5.34 MBytes  44.8 Mbits/sec  0.036 ms  8440/12440 (68%)  
[  8]  94.00-95.00  sec  8.92 MBytes  74.8 Mbits/sec  0.054 ms  13962/20642 (68%)  
[  8]  95.00-96.00  sec  6.01 MBytes  50.4 Mbits/sec  0.032 ms  11612/16112 (72%)  
[  8]  96.00-97.00  sec  7.56 MBytes  63.4 Mbits/sec  0.044 ms  15579/21244 (73%)  
[  8]  97.00-98.00  sec  6.06 MBytes  50.8 Mbits/sec  0.088 ms  9900/14440 (69%)  
[  8]  98.00-99.00  sec  8.62 MBytes  72.3 Mbits/sec  0.069 ms  14449/20905 (69%)  
[  8]  99.00-100.00 sec  5.97 MBytes  50.1 Mbits/sec  0.065 ms  11387/15856 (72%)  
[  8] 100.00-101.00 sec  8.03 MBytes  67.4 Mbits/sec  0.053 ms  13092/19106 (69%)  
[  8] 101.00-102.00 sec  6.80 MBytes  57.0 Mbits/sec  0.066 ms  11367/16458 (69%)  
[  8] 102.00-103.00 sec  9.54 MBytes  80.0 Mbits/sec  0.026 ms  14795/21940 (67%)  
[  8] 103.00-104.00 sec  5.34 MBytes  44.8 Mbits/sec  0.077 ms  10200/14196 (72%)  
[  8] 104.00-105.00 sec  8.39 MBytes  70.4 Mbits/sec  0.059 ms  13185/19468 (68%)  
[  8] 105.00-106.00 sec  6.57 MBytes  55.1 Mbits/sec  0.050 ms  11031/15949 (69%)  
[  8] 106.00-107.00 sec  6.65 MBytes  55.8 Mbits/sec  0.073 ms  11417/16396 (70%)  
[  8] 107.00-108.00 sec  6.43 MBytes  53.9 Mbits/sec  0.039 ms  14737/19550 (75%)  
[  8] 108.00-109.00 sec  8.80 MBytes  73.8 Mbits/sec  0.047 ms  14132/20721 (68%)  
[  8] 109.00-110.00 sec  5.99 MBytes  50.2 Mbits/sec  0.036 ms  10192/14678 (69%)  
[  8] 110.00-111.00 sec  8.84 MBytes  74.1 Mbits/sec  0.040 ms  14295/20915 (68%)  
[  8] 111.00-112.00 sec  5.60 MBytes  47.0 Mbits/sec  0.062 ms  10613/14806 (72%)  
[  8] 112.00-113.00 sec  9.49 MBytes  79.6 Mbits/sec  0.039 ms  15045/22155 (68%)  
[  8] 113.00-114.00 sec  5.13 MBytes  43.1 Mbits/sec  0.065 ms  8918/12764 (70%)  
[  8] 114.00-115.00 sec  8.80 MBytes  73.8 Mbits/sec  0.041 ms  14685/21273 (69%)  
[  8] 115.00-116.00 sec  6.21 MBytes  52.1 Mbits/sec  0.037 ms  11026/15676 (70%)  
[  8] 116.00-117.00 sec  8.73 MBytes  73.3 Mbits/sec  0.047 ms  13742/20284 (68%)  
[  8] 117.00-118.00 sec  5.09 MBytes  42.7 Mbits/sec  0.069 ms  12878/16691 (77%)  
[  8] 118.00-119.00 sec  8.74 MBytes  73.3 Mbits/sec  0.060 ms  12839/19382 (66%)  
[  8] 119.00-120.00 sec  3.80 MBytes  31.8 Mbits/sec  0.043 ms  13952/16795 (83%)  
[  8] 120.00-121.00 sec  6.62 MBytes  55.5 Mbits/sec  0.059 ms  10076/15034 (67%)  
[  8] 121.00-122.00 sec  7.91 MBytes  66.4 Mbits/sec  0.049 ms  13010/18935 (69%)  
[  8] 122.00-123.00 sec  9.22 MBytes  77.3 Mbits/sec  0.042 ms  14972/21875 (68%)  
[  8] 123.00-124.00 sec  5.58 MBytes  46.8 Mbits/sec  0.041 ms  10144/14323 (71%)  
[  8] 124.00-125.00 sec  8.12 MBytes  68.1 Mbits/sec  0.068 ms  15732/21813 (72%)  
[  8] 125.00-126.00 sec  7.81 MBytes  65.5 Mbits/sec  0.021 ms  11934/17784 (67%)  
[  8] 126.00-127.00 sec  5.29 MBytes  44.4 Mbits/sec  0.086 ms  13972/17932 (78%)  
[  8] 127.00-128.00 sec  6.84 MBytes  57.3 Mbits/sec  0.029 ms  9503/14623 (65%)  
[  8] 128.00-129.00 sec  9.25 MBytes  77.6 Mbits/sec  0.153 ms  13683/20614 (66%)  
[  8] 129.00-130.00 sec  5.94 MBytes  49.9 Mbits/sec  0.028 ms  10997/15449 (71%)  
[  8] 130.00-131.00 sec  7.67 MBytes  64.3 Mbits/sec  0.043 ms  14995/20740 (72%)  
[  8] 131.00-132.00 sec  7.03 MBytes  59.0 Mbits/sec  0.048 ms  9634/14898 (65%)  
[  8] 132.00-133.00 sec  8.83 MBytes  74.1 Mbits/sec  0.091 ms  14029/20642 (68%)  
[  8] 133.00-134.00 sec  6.11 MBytes  51.3 Mbits/sec  0.063 ms  11313/15893 (71%)  
[  8] 134.00-135.00 sec  7.63 MBytes  64.0 Mbits/sec  0.077 ms  14284/19997 (71%)  
[  8] 135.00-136.00 sec  6.88 MBytes  57.7 Mbits/sec  0.031 ms  10318/15470 (67%)  
[  8] 136.00-137.00 sec  8.13 MBytes  68.2 Mbits/sec  0.035 ms  14152/20243 (70%)  
[  8] 137.00-138.00 sec  6.74 MBytes  56.6 Mbits/sec  0.070 ms  11883/16934 (70%)  
[  8] 138.00-139.00 sec  5.65 MBytes  47.4 Mbits/sec  0.042 ms  10850/15084 (72%)  
[  8] 139.00-140.00 sec  8.02 MBytes  67.3 Mbits/sec  0.044 ms  13334/19339 (69%)  
[  8] 140.00-141.00 sec  7.41 MBytes  62.2 Mbits/sec  0.072 ms  14523/20073 (72%)  
[  8] 141.00-142.00 sec  7.83 MBytes  65.7 Mbits/sec  0.048 ms  10347/16215 (64%)  
[  8] 142.00-143.00 sec  7.29 MBytes  61.2 Mbits/sec  0.047 ms  13739/19202 (72%)  
[  8] 143.00-144.00 sec  7.28 MBytes  61.1 Mbits/sec  0.033 ms  12143/17598 (69%)  
[  8] 144.00-145.00 sec  5.82 MBytes  48.8 Mbits/sec  0.031 ms  14053/18412 (76%)  
[  8] 145.00-146.00 sec  8.35 MBytes  70.0 Mbits/sec  0.077 ms  9912/16165 (61%)  
[  8] 146.00-147.00 sec  6.54 MBytes  54.8 Mbits/sec  0.065 ms  14657/19552 (75%)  
[  8] 147.00-148.00 sec  7.97 MBytes  66.9 Mbits/sec  0.016 ms  10577/16549 (64%)  
[  8] 148.00-149.00 sec  6.80 MBytes  57.1 Mbits/sec  0.032 ms  14067/19163 (73%)  
[  8] 149.00-150.00 sec  6.97 MBytes  58.4 Mbits/sec  0.031 ms  11157/16375 (68%)  
[  8] 150.00-151.00 sec  5.76 MBytes  48.3 Mbits/sec  0.070 ms  15024/19340 (78%)  
[  8] 151.00-152.00 sec  9.12 MBytes  76.5 Mbits/sec  0.061 ms  10458/17286 (60%)  
[  8] 152.00-153.00 sec  5.89 MBytes  49.4 Mbits/sec  0.025 ms  14014/18427 (76%)  
[  8] 153.00-154.00 sec  8.83 MBytes  74.0 Mbits/sec  0.059 ms  11056/17667 (63%)  
[  8] 154.00-155.00 sec  5.20 MBytes  43.6 Mbits/sec  0.029 ms  8532/12423 (69%)  
[  8] 155.00-156.00 sec  9.04 MBytes  75.9 Mbits/sec  0.635 ms  15520/22292 (70%)  
[  8] 156.00-157.00 sec  5.38 MBytes  45.1 Mbits/sec  0.035 ms  15020/19047 (79%)  
[  8] 157.00-158.00 sec  8.17 MBytes  68.5 Mbits/sec  0.066 ms  11741/17859 (66%)  
[  8] 158.00-159.00 sec  6.41 MBytes  53.7 Mbits/sec  0.046 ms  7029/11827 (59%)  
[  8] 159.00-160.00 sec  7.18 MBytes  60.3 Mbits/sec  0.029 ms  18504/23885 (77%)  
[  8] 160.00-161.00 sec  5.22 MBytes  43.7 Mbits/sec  0.043 ms  6469/10375 (62%)  
[  8] 161.00-162.00 sec  9.83 MBytes  82.5 Mbits/sec  0.026 ms  17974/25340 (71%)  
[  8] 162.00-163.00 sec  7.17 MBytes  60.2 Mbits/sec  0.054 ms  12486/17857 (70%)  
[  8] 163.00-164.00 sec  6.41 MBytes  53.7 Mbits/sec  0.037 ms  13058/17857 (73%)  
[  8] 164.00-165.00 sec  6.66 MBytes  55.9 Mbits/sec  0.101 ms  6694/11681 (57%)  
[  8] 165.00-166.00 sec  9.55 MBytes  80.1 Mbits/sec  0.069 ms  16882/24034 (70%)  
[  8] 166.00-167.00 sec  4.84 MBytes  40.6 Mbits/sec  0.041 ms  7548/11176 (68%)  
[  8] 167.00-168.00 sec  7.19 MBytes  60.3 Mbits/sec  0.130 ms  13067/18453 (71%)  
[  8] 168.00-169.00 sec  7.20 MBytes  60.3 Mbits/sec  0.041 ms  12159/17549 (69%)  
[  8] 169.00-170.00 sec  7.90 MBytes  66.3 Mbits/sec  0.044 ms  15915/21832 (73%)  
[  8] 170.00-171.00 sec  5.68 MBytes  47.7 Mbits/sec  0.069 ms  9396/13653 (69%)  
[  8] 171.00-172.00 sec  8.87 MBytes  74.4 Mbits/sec  0.067 ms  14697/21340 (69%)  
[  8] 172.00-173.00 sec  6.44 MBytes  54.1 Mbits/sec  0.041 ms  12983/17809 (73%)  
[  8] 173.00-174.00 sec  9.09 MBytes  76.3 Mbits/sec  0.046 ms  13406/20214 (66%)  
[  8] 174.00-175.00 sec  7.08 MBytes  59.4 Mbits/sec  0.048 ms  12450/17754 (70%)  
[  8] 175.00-176.00 sec  5.73 MBytes  48.0 Mbits/sec  0.034 ms  14502/18791 (77%)  
[  8] 176.00-177.00 sec  7.24 MBytes  60.7 Mbits/sec  0.062 ms  6966/12387 (56%)  
[  8] 177.00-178.00 sec  9.26 MBytes  77.7 Mbits/sec  0.049 ms  15378/22317 (69%)  
[  8] 178.00-179.00 sec  5.27 MBytes  44.2 Mbits/sec  0.034 ms  9288/13234 (70%)  
[  8] 179.00-180.00 sec  6.07 MBytes  50.9 Mbits/sec  0.077 ms  10351/14900 (69%)  
[  8] 180.00-181.00 sec  5.09 MBytes  42.7 Mbits/sec  0.039 ms  17377/21191 (82%)  
[  8] 181.00-182.00 sec  8.79 MBytes  73.7 Mbits/sec  0.037 ms  14727/21308 (69%)  
[  8] 182.00-183.00 sec  3.43 MBytes  28.8 Mbits/sec  0.074 ms  6743/9311 (72%)  
[  8] 183.00-184.00 sec  1.73 MBytes  14.6 Mbits/sec  1.274 ms  25697/26996 (95%)  
[  8] 184.00-185.00 sec  2.18 MBytes  18.3 Mbits/sec  0.994 ms  16600/18234 (91%)  
[  8] 185.00-186.00 sec  5.33 MBytes  44.7 Mbits/sec  0.027 ms  11712/15706 (75%)  
[  8] 186.00-187.00 sec  6.71 MBytes  56.3 Mbits/sec  0.060 ms  11344/16367 (69%)  
[  8] 187.00-188.00 sec  8.95 MBytes  75.1 Mbits/sec  0.073 ms  15280/21987 (69%)  
[  8] 188.00-189.00 sec  6.46 MBytes  54.2 Mbits/sec  0.031 ms  11034/15872 (70%)  
[  8] 189.00-190.00 sec  7.73 MBytes  64.8 Mbits/sec  0.066 ms  14403/20191 (71%)  
[  8] 190.00-191.00 sec  3.79 MBytes  31.8 Mbits/sec  0.552 ms  13627/16464 (83%)  
[  8] 191.00-192.00 sec  2.23 MBytes  18.7 Mbits/sec  1.255 ms  16311/17982 (91%)  
[  8] 192.00-193.00 sec  2.25 MBytes  18.9 Mbits/sec  0.225 ms  13499/15184 (89%)  
[  8] 193.00-194.00 sec  8.50 MBytes  71.3 Mbits/sec  0.040 ms  13457/19820 (68%)  
[  8] 194.00-195.00 sec  7.38 MBytes  61.9 Mbits/sec  0.045 ms  13125/18652 (70%)  
[  8] 195.00-196.00 sec  6.16 MBytes  51.7 Mbits/sec  0.042 ms  14423/19040 (76%)  
[  8] 196.00-197.00 sec  7.65 MBytes  64.1 Mbits/sec  0.036 ms  8231/13959 (59%)  
[  8] 197.00-198.00 sec  8.90 MBytes  74.7 Mbits/sec  0.023 ms  15087/21752 (69%)  
[  8] 198.00-199.00 sec  5.30 MBytes  44.5 Mbits/sec  0.046 ms  10268/14241 (72%)  
[  8] 199.00-200.00 sec  8.99 MBytes  75.4 Mbits/sec  0.053 ms  14139/20871 (68%)  
[  8] 200.00-201.00 sec  4.85 MBytes  40.7 Mbits/sec  0.052 ms  9340/12970 (72%)  
[  8] 201.00-202.00 sec  7.59 MBytes  63.7 Mbits/sec  0.077 ms  17671/23354 (76%)  
[  8] 202.00-203.00 sec  8.15 MBytes  68.3 Mbits/sec  0.042 ms  11306/17408 (65%)  
[  8] 203.00-204.00 sec  4.97 MBytes  41.7 Mbits/sec  0.059 ms  14577/18303 (80%)  
[  8] 204.00-205.00 sec  9.37 MBytes  78.6 Mbits/sec  0.036 ms  9799/16814 (58%)  
[  8] 205.00-206.00 sec  4.57 MBytes  38.3 Mbits/sec  0.139 ms  7835/11259 (70%)  
[  8] 206.00-207.00 sec  8.98 MBytes  75.4 Mbits/sec  0.046 ms  15848/22576 (70%)  
[  8] 207.00-208.00 sec  7.86 MBytes  65.9 Mbits/sec  0.031 ms  14892/20778 (72%)  
[  8] 208.00-209.00 sec  6.88 MBytes  57.7 Mbits/sec  0.074 ms  9870/15020 (66%)  
[  8] 209.00-210.00 sec  7.98 MBytes  67.0 Mbits/sec  0.064 ms  14719/20698 (71%)  
[  8] 210.00-211.00 sec  7.55 MBytes  63.3 Mbits/sec  0.044 ms  12206/17860 (68%)  
[  8] 211.00-212.00 sec  6.32 MBytes  53.1 Mbits/sec  0.041 ms  12281/17018 (72%)  
[  8] 212.00-213.00 sec  7.34 MBytes  61.6 Mbits/sec  0.053 ms  12575/18076 (70%)  
[  8] 213.00-214.00 sec   960 KBytes  7.86 Mbits/sec  27.455 ms  16865/17567 (96%)  
[  8] 214.00-215.00 sec  2.19 MBytes  18.4 Mbits/sec  1.710 ms  16104/17746 (91%)  
[  8] 215.00-216.00 sec  2.46 MBytes  20.6 Mbits/sec  0.606 ms  15276/17119 (89%)  
[  8] 216.00-217.00 sec  7.98 MBytes  66.9 Mbits/sec  0.039 ms  13636/19610 (70%)  
[  8] 217.00-218.00 sec  6.99 MBytes  58.7 Mbits/sec  0.058 ms  12621/17859 (71%)  
[  8] 218.00-219.00 sec  7.37 MBytes  61.8 Mbits/sec  0.031 ms  10711/16231 (66%)  
[  8] 219.00-220.00 sec  5.58 MBytes  46.8 Mbits/sec  0.032 ms  15301/19482 (79%)  
[  8] 220.00-221.00 sec  8.76 MBytes  73.5 Mbits/sec  0.028 ms  9333/15893 (59%)  
[  8] 221.00-222.00 sec  3.32 MBytes  27.8 Mbits/sec  0.475 ms  15873/18357 (86%)  
[  8] 222.00-223.00 sec  2.22 MBytes  18.6 Mbits/sec  0.739 ms  16555/18220 (91%)  
[  8] 223.00-224.00 sec  4.59 MBytes  38.5 Mbits/sec  0.050 ms  15523/18959 (82%)  
[  8] 224.00-225.00 sec  8.18 MBytes  68.6 Mbits/sec  0.050 ms  11043/17167 (64%)  
[  8] 225.00-226.00 sec  5.13 MBytes  43.0 Mbits/sec  0.051 ms  14707/18549 (79%)  
[  8] 226.00-227.00 sec  9.09 MBytes  76.3 Mbits/sec  0.043 ms  10522/17330 (61%)  
[  8] 227.00-228.00 sec  7.63 MBytes  64.0 Mbits/sec  0.033 ms  12664/18382 (69%)  
[  8] 228.00-229.00 sec  7.28 MBytes  61.1 Mbits/sec  0.045 ms  12221/17674 (69%)  
[  8] 229.00-230.00 sec  4.62 MBytes  38.7 Mbits/sec  0.042 ms  8357/11815 (71%)  
[  8] 230.00-231.00 sec  9.75 MBytes  81.8 Mbits/sec  0.035 ms  16221/23520 (69%)  
[  8] 231.00-232.00 sec  6.10 MBytes  51.2 Mbits/sec  0.103 ms  11783/16352 (72%)  
[  8] 232.00-233.00 sec  6.93 MBytes  58.2 Mbits/sec  0.051 ms  14732/19926 (74%)  
[  8] 233.00-234.00 sec  4.80 MBytes  40.2 Mbits/sec  0.044 ms  7473/11066 (68%)  
[  8] 234.00-235.00 sec  10.0 MBytes  84.3 Mbits/sec  0.040 ms  16937/24462 (69%)  
[  8] 235.00-236.00 sec  5.84 MBytes  49.0 Mbits/sec  0.047 ms  9884/14260 (69%)  
[  8] 236.00-237.00 sec  5.50 MBytes  46.1 Mbits/sec  0.265 ms  10340/14457 (72%)  
[  8] 237.00-238.00 sec  10.3 MBytes  86.1 Mbits/sec  0.016 ms  17350/25039 (69%)  
[  8] 238.00-239.00 sec  6.41 MBytes  53.8 Mbits/sec  0.064 ms  13055/17859 (73%)  
[  8] 239.00-240.00 sec  5.77 MBytes  48.4 Mbits/sec  0.064 ms  7624/11948 (64%)  
[  8] 240.00-241.00 sec  4.99 MBytes  41.9 Mbits/sec  0.040 ms  10183/13924 (73%)  
[  8] 241.00-242.00 sec  9.12 MBytes  76.5 Mbits/sec  0.038 ms  18992/25819 (74%)  
[  8] 242.00-243.00 sec  3.51 MBytes  29.4 Mbits/sec  0.065 ms  9798/12424 (79%)  
[  8] 243.00-244.00 sec  9.11 MBytes  76.4 Mbits/sec  0.041 ms  15821/22644 (70%)  
[  8] 244.00-245.00 sec  5.87 MBytes  49.2 Mbits/sec  0.035 ms  9573/13969 (69%)  
[  8] 245.00-246.00 sec  8.79 MBytes  73.7 Mbits/sec  0.056 ms  14051/20632 (68%)  
[  8] 246.00-247.00 sec  6.02 MBytes  50.5 Mbits/sec  0.024 ms  11185/15692 (71%)  
[  8] 247.00-248.00 sec  7.17 MBytes  60.1 Mbits/sec  0.040 ms  18292/23661 (77%)  
[  8] 248.00-249.00 sec  8.00 MBytes  67.1 Mbits/sec  0.046 ms  7036/13027 (54%)  
[  8] 249.00-250.00 sec  9.03 MBytes  75.8 Mbits/sec  0.066 ms  14678/21442 (68%)  
[  8] 250.00-251.00 sec  5.26 MBytes  44.1 Mbits/sec  0.025 ms  9027/12968 (70%)  
[  8] 251.00-252.00 sec  9.57 MBytes  80.3 Mbits/sec  0.070 ms  16824/23994 (70%)  
[  8] 252.00-253.00 sec  5.75 MBytes  48.2 Mbits/sec  0.052 ms  9405/13712 (69%)  
[  8] 253.00-254.00 sec  7.86 MBytes  65.9 Mbits/sec  0.048 ms  15900/21786 (73%)  
[  8] 254.00-255.00 sec  5.72 MBytes  48.0 Mbits/sec  0.033 ms  8463/12746 (66%)  
[  8] 255.00-256.00 sec  8.69 MBytes  72.9 Mbits/sec  0.073 ms  14137/20647 (68%)  
[  8] 256.00-257.00 sec  6.05 MBytes  50.7 Mbits/sec  0.054 ms  11140/15670 (71%)  
[  8] 257.00-258.00 sec  9.22 MBytes  77.3 Mbits/sec  0.029 ms  15674/22579 (69%)  
[  8] 258.00-259.00 sec  4.92 MBytes  41.3 Mbits/sec  0.214 ms  8388/12074 (69%)  
[  8] 259.00-260.00 sec  1.48 MBytes  12.4 Mbits/sec  0.877 ms  21231/22341 (95%)  
[  8] 260.00-261.00 sec  2.23 MBytes  18.7 Mbits/sec  1.261 ms  15676/17343 (90%)  
[  8] 261.00-262.00 sec  2.40 MBytes  20.1 Mbits/sec  0.074 ms  17877/19672 (91%)  
[  8] 262.00-263.00 sec  7.96 MBytes  66.8 Mbits/sec  0.039 ms  7710/13672 (56%)  
[  8] 263.00-264.00 sec  7.34 MBytes  61.6 Mbits/sec  0.051 ms  15812/21311 (74%)  
[  8] 264.00-265.00 sec  6.08 MBytes  51.0 Mbits/sec  0.047 ms  9755/14307 (68%)  
[  8] 265.00-266.00 sec  9.01 MBytes  75.6 Mbits/sec  0.038 ms  14064/20816 (68%)  
[  8] 266.00-267.00 sec  5.76 MBytes  48.3 Mbits/sec  0.049 ms  10006/14320 (70%)  
[  8] 267.00-268.00 sec  3.36 MBytes  28.2 Mbits/sec  0.329 ms  18763/21281 (88%)  
[  8] 268.00-269.00 sec  2.53 MBytes  21.2 Mbits/sec  0.723 ms  16395/18288 (90%)  
[  8] 269.00-270.00 sec  4.76 MBytes  39.9 Mbits/sec  0.044 ms  9625/13190 (73%)  
[  8] 270.00-271.00 sec  8.22 MBytes  69.0 Mbits/sec  0.076 ms  14114/20273 (70%)  
[  8] 271.00-272.00 sec  8.76 MBytes  73.5 Mbits/sec  0.060 ms  13879/20440 (68%)  
[  8] 272.00-273.00 sec  5.81 MBytes  48.7 Mbits/sec  0.042 ms  11086/15434 (72%)  
[  8] 273.00-274.00 sec  6.30 MBytes  52.8 Mbits/sec  0.072 ms  10649/15364 (69%)  
[  8] 274.00-275.00 sec  7.47 MBytes  62.6 Mbits/sec  0.047 ms  15546/21138 (74%)  
[  8] 275.00-276.00 sec  6.77 MBytes  56.8 Mbits/sec  0.042 ms  15101/20168 (75%)  
[  8] 276.00-277.00 sec  7.88 MBytes  66.1 Mbits/sec  0.151 ms  7737/13639 (57%)  
[  8] 277.00-278.00 sec  8.72 MBytes  73.1 Mbits/sec  0.058 ms  15547/22075 (70%)  
[  8] 278.00-279.00 sec  6.31 MBytes  52.9 Mbits/sec  0.057 ms  9980/14706 (68%)  
[  8] 279.00-280.00 sec  7.51 MBytes  63.0 Mbits/sec  0.027 ms  12453/18077 (69%)  
[  8] 280.00-281.00 sec  7.12 MBytes  59.7 Mbits/sec  0.039 ms  13508/18842 (72%)  
[  8] 281.00-282.00 sec  7.68 MBytes  64.5 Mbits/sec  0.022 ms  14046/19801 (71%)  
[  8] 282.00-283.00 sec  6.59 MBytes  55.3 Mbits/sec  0.034 ms  10970/15908 (69%)  
[  8] 283.00-284.00 sec  7.64 MBytes  64.1 Mbits/sec  0.033 ms  14082/19806 (71%)  
[  8] 284.00-285.00 sec  5.23 MBytes  43.8 Mbits/sec  0.047 ms  11468/15383 (75%)  
[  8] 285.00-286.00 sec  7.24 MBytes  60.7 Mbits/sec  0.051 ms  14913/20332 (73%)  
[  8] 286.00-287.00 sec  7.48 MBytes  62.7 Mbits/sec  0.029 ms  10165/15766 (64%)  
[  8] 287.00-288.00 sec  6.82 MBytes  57.2 Mbits/sec  0.026 ms  14841/19947 (74%)  
[  8] 288.00-289.00 sec  7.51 MBytes  63.0 Mbits/sec  0.043 ms  11378/17005 (67%)  
[  8] 289.00-290.00 sec  6.28 MBytes  52.7 Mbits/sec  0.045 ms  14003/18710 (75%)  
[  8] 290.00-291.00 sec  7.96 MBytes  66.8 Mbits/sec  0.049 ms  9553/15518 (62%)  
[  8] 291.00-292.00 sec  6.83 MBytes  57.3 Mbits/sec  0.072 ms  15080/20198 (75%)  
[  8] 292.00-293.00 sec  8.15 MBytes  68.4 Mbits/sec  0.037 ms  11424/17529 (65%)  
[  8] 293.00-294.00 sec  6.94 MBytes  58.2 Mbits/sec  0.044 ms  12070/17265 (70%)  
[  8] 294.00-295.00 sec  5.71 MBytes  47.9 Mbits/sec  0.045 ms  13022/17299 (75%)  
[  8] 295.00-296.00 sec  6.52 MBytes  54.7 Mbits/sec  0.067 ms  14452/19336 (75%)  
[  8] 296.00-297.00 sec  7.91 MBytes  66.3 Mbits/sec  0.098 ms  10403/16324 (64%)  
[  8] 297.00-298.00 sec  7.25 MBytes  60.8 Mbits/sec  0.034 ms  13957/19388 (72%)  
[  8] 298.00-299.00 sec  7.57 MBytes  63.5 Mbits/sec  0.037 ms  11388/17058 (67%)  
[  8] 299.00-300.00 sec  6.27 MBytes  52.6 Mbits/sec  0.032 ms  13963/18656 (75%)  
[  8] 300.00-300.00 sec  24.6 KBytes   165 Mbits/sec  0.030 ms  0/18 (0%)  
- - - - - - - - - - - - - - - - - - - - - - - - -
[ ID] Interval           Transfer     Bitrate         Jitter    Lost/Total Datagrams
[SUM]  0.0-300.0 sec  282 datagrams received out-of-order
[  8]   0.00-300.00 sec  2.04 GBytes  58.4 Mbits/sec  0.030 ms  3791999/5357127 (71%)  receiver
