-----------------------------------------------------------
Server listening on 5201 (test #1)
-----------------------------------------------------------
Accepted connection from 10.0.0.1, port 49818
[  8] local 10.0.0.33 port 5201 connected to 10.0.0.1 port 59972
[ ID] Interval           Transfer     Bitrate         Jitter    Lost/Total Datagrams
[  8]   0.00-1.00   sec  23.8 MBytes   199 Mbits/sec  0.009 ms  41/17841 (0.23%)  
[  8]   1.00-2.00   sec  23.8 MBytes   200 Mbits/sec  0.009 ms  21/17858 (0.12%)  
[  8]   2.00-3.00   sec  23.8 MBytes   200 Mbits/sec  0.010 ms  37/17857 (0.21%)  
[  8]   3.00-4.00   sec  23.8 MBytes   200 Mbits/sec  0.010 ms  7/17857 (0.039%)  
[  8]   4.00-5.00   sec  23.6 MBytes   198 Mbits/sec  0.053 ms  188/17845 (1.1%)  
[  8]   5.00-6.00   sec  23.7 MBytes   199 Mbits/sec  0.007 ms  133/17869 (0.74%)  
[  8]   6.00-7.00   sec  23.8 MBytes   200 Mbits/sec  0.010 ms  2/17857 (0.011%)  
[  8]   7.00-8.00   sec  23.7 MBytes   199 Mbits/sec  0.016 ms  69/17857 (0.39%)  
[  8]   8.00-9.00   sec  23.8 MBytes   200 Mbits/sec  0.024 ms  39/17857 (0.22%)  
[  8]   9.00-10.00  sec  23.8 MBytes   199 Mbits/sec  0.008 ms  59/17858 (0.33%)  
[  8]  10.00-11.00  sec  23.8 MBytes   200 Mbits/sec  0.010 ms  39/17857 (0.22%)  
[  8]  11.00-12.00  sec  23.8 MBytes   199 Mbits/sec  0.010 ms  47/17857 (0.26%)  
[  8]  12.00-13.00  sec  23.8 MBytes   199 Mbits/sec  0.016 ms  60/17857 (0.34%)  
[  8]  13.00-14.00  sec  23.8 MBytes   200 Mbits/sec  0.009 ms  43/17857 (0.24%)  
[  8]  14.00-15.00  sec  23.8 MBytes   199 Mbits/sec  0.011 ms  55/17857 (0.31%)  
[  8]  15.00-16.00  sec  23.7 MBytes   199 Mbits/sec  0.017 ms  70/17850 (0.39%)  
[  8]  16.00-17.00  sec  23.7 MBytes   199 Mbits/sec  0.015 ms  84/17865 (0.47%)  
[  8]  17.00-18.00  sec  23.5 MBytes   197 Mbits/sec  0.014 ms  249/17857 (1.4%)  
[  8]  18.00-19.00  sec  23.8 MBytes   199 Mbits/sec  0.010 ms  58/17857 (0.32%)  
[  8]  19.00-20.00  sec  23.8 MBytes   200 Mbits/sec  0.011 ms  44/17857 (0.25%)  
[  8]  20.00-21.00  sec  23.8 MBytes   200 Mbits/sec  0.013 ms  15/17857 (0.084%)  
[  8]  21.00-22.00  sec  23.8 MBytes   200 Mbits/sec  0.007 ms  8/17858 (0.045%)  
[  8]  22.00-23.00  sec  23.8 MBytes   200 Mbits/sec  0.010 ms  0/17856 (0%)  
[  8]  23.00-24.00  sec  23.8 MBytes   200 Mbits/sec  0.009 ms  24/17858 (0.13%)  
[  8]  24.00-25.00  sec  23.8 MBytes   200 Mbits/sec  0.008 ms  13/17857 (0.073%)  
[  8]  25.00-26.00  sec  23.8 MBytes   200 Mbits/sec  0.015 ms  25/17857 (0.14%)  
[  8]  26.00-27.00  sec  23.8 MBytes   200 Mbits/sec  0.016 ms  44/17857 (0.25%)  
[  8]  27.00-28.00  sec  23.8 MBytes   200 Mbits/sec  0.009 ms  39/17857 (0.22%)  
[  8]  28.00-29.00  sec  23.8 MBytes   199 Mbits/sec  0.008 ms  60/17857 (0.34%)  
[  8]  29.00-30.00  sec  23.8 MBytes   200 Mbits/sec  0.011 ms  31/17857 (0.17%)  
[  8]  30.00-31.00  sec  23.8 MBytes   200 Mbits/sec  0.011 ms  39/17858 (0.22%)  
[  8]  31.00-32.00  sec  23.8 MBytes   199 Mbits/sec  0.008 ms  60/17857 (0.34%)  
[  8]  32.00-33.00  sec  23.7 MBytes   199 Mbits/sec  0.009 ms  84/17857 (0.47%)  
[  8]  33.00-34.00  sec  23.8 MBytes   199 Mbits/sec  0.008 ms  68/17857 (0.38%)  
[  8]  34.00-35.00  sec  23.4 MBytes   196 Mbits/sec  0.010 ms  325/17857 (1.8%)  
[  8]  35.00-36.00  sec  23.8 MBytes   200 Mbits/sec  0.009 ms  28/17857 (0.16%)  
[  8]  36.00-37.00  sec  23.8 MBytes   200 Mbits/sec  0.009 ms  44/17857 (0.25%)  
[  8]  37.00-38.00  sec  23.8 MBytes   200 Mbits/sec  0.010 ms  42/17857 (0.24%)  
[  8]  38.00-39.00  sec  23.8 MBytes   199 Mbits/sec  0.009 ms  58/17858 (0.32%)  
[  8]  39.00-40.00  sec  23.7 MBytes   199 Mbits/sec  0.013 ms  76/17857 (0.43%)  
[  8]  40.00-41.00  sec  23.7 MBytes   199 Mbits/sec  0.009 ms  73/17857 (0.41%)  
[  8]  41.00-42.00  sec  23.7 MBytes   199 Mbits/sec  0.004 ms  113/17857 (0.63%)  
[  8]  42.00-43.00  sec  23.8 MBytes   199 Mbits/sec  0.007 ms  47/17858 (0.26%)  
[  8]  43.00-44.00  sec  23.8 MBytes   200 Mbits/sec  0.021 ms  26/17857 (0.15%)  
[  8]  44.00-45.00  sec  23.7 MBytes   199 Mbits/sec  0.009 ms  75/17857 (0.42%)  
[  8]  45.00-46.00  sec  23.8 MBytes   200 Mbits/sec  0.009 ms  17/17857 (0.095%)  
[  8]  46.00-47.00  sec  23.7 MBytes   199 Mbits/sec  0.013 ms  76/17857 (0.43%)  
[  8]  47.00-48.00  sec  23.8 MBytes   200 Mbits/sec  0.009 ms  24/17857 (0.13%)  
[  8]  48.00-49.00  sec  23.8 MBytes   199 Mbits/sec  0.012 ms  49/17857 (0.27%)  
[  8]  49.00-50.00  sec  23.8 MBytes   200 Mbits/sec  0.008 ms  36/17857 (0.2%)  
[  8]  50.00-51.00  sec  23.8 MBytes   199 Mbits/sec  0.010 ms  57/17857 (0.32%)  
[  8]  51.00-52.00  sec  23.7 MBytes   199 Mbits/sec  0.009 ms  83/17858 (0.46%)  
[  8]  52.00-53.00  sec  23.8 MBytes   199 Mbits/sec  0.011 ms  47/17857 (0.26%)  
[  8]  53.00-54.00  sec  23.8 MBytes   200 Mbits/sec  0.011 ms  43/17857 (0.24%)  
[  8]  54.00-55.00  sec  23.8 MBytes   199 Mbits/sec  0.010 ms  51/17857 (0.29%)  
[  8]  55.00-56.00  sec  23.8 MBytes   199 Mbits/sec  0.009 ms  57/17857 (0.32%)  
[  8]  56.00-57.00  sec  23.8 MBytes   200 Mbits/sec  0.009 ms  24/17857 (0.13%)  
[  8]  57.00-58.00  sec  23.8 MBytes   199 Mbits/sec  0.008 ms  63/17857 (0.35%)  
[  8]  58.00-59.00  sec  23.8 MBytes   199 Mbits/sec  0.012 ms  57/17858 (0.32%)  
[  8]  59.00-60.00  sec  23.8 MBytes   199 Mbits/sec  0.009 ms  57/17857 (0.32%)  
[  8]  60.00-61.00  sec  23.8 MBytes   200 Mbits/sec  0.009 ms  39/17856 (0.22%)  
[  8]  61.00-62.00  sec  23.8 MBytes   200 Mbits/sec  0.011 ms  45/17858 (0.25%)  
[  8]  62.00-63.00  sec  23.7 MBytes   199 Mbits/sec  0.011 ms  81/17857 (0.45%)  
[  8]  63.00-64.00  sec  23.8 MBytes   199 Mbits/sec  0.008 ms  57/17857 (0.32%)  
[  8]  64.00-65.00  sec  23.7 MBytes   199 Mbits/sec  0.088 ms  68/17843 (0.38%)  
[  8]  65.00-66.00  sec  23.8 MBytes   199 Mbits/sec  0.010 ms  68/17871 (0.38%)  
[  8]  66.00-67.00  sec  23.8 MBytes   199 Mbits/sec  0.011 ms  57/17857 (0.32%)  
[  8]  67.00-68.00  sec  23.7 MBytes   199 Mbits/sec  0.042 ms  57/17837 (0.32%)  
[  8]  68.00-69.00  sec  23.8 MBytes   200 Mbits/sec  0.010 ms  58/17877 (0.32%)  
[  8]  69.00-70.00  sec  23.8 MBytes   199 Mbits/sec  0.010 ms  48/17857 (0.27%)  
[  8]  70.00-71.00  sec  23.8 MBytes   200 Mbits/sec  0.010 ms  0/17857 (0%)  
[  8]  71.00-72.00  sec  23.8 MBytes   199 Mbits/sec  0.010 ms  64/17858 (0.36%)  
[  8]  72.00-73.00  sec  23.8 MBytes   200 Mbits/sec  0.010 ms  29/17857 (0.16%)  
[  8]  73.00-74.00  sec  23.6 MBytes   198 Mbits/sec  0.009 ms  155/17857 (0.87%)  
[  8]  74.00-75.00  sec  23.8 MBytes   200 Mbits/sec  0.008 ms  30/17857 (0.17%)  
[  8]  75.00-76.00  sec  23.6 MBytes   198 Mbits/sec  0.010 ms  192/17857 (1.1%)  
[  8]  76.00-77.00  sec  23.8 MBytes   200 Mbits/sec  0.008 ms  22/17857 (0.12%)  
[  8]  77.00-78.00  sec  23.8 MBytes   200 Mbits/sec  0.010 ms  39/17857 (0.22%)  
[  8]  78.00-79.00  sec  23.8 MBytes   200 Mbits/sec  0.009 ms  30/17858 (0.17%)  
[  8]  79.00-80.00  sec  23.7 MBytes   199 Mbits/sec  0.012 ms  60/17848 (0.34%)  
[  8]  80.00-81.00  sec  23.8 MBytes   200 Mbits/sec  0.016 ms  39/17866 (0.22%)  
[  8]  81.00-82.00  sec  23.8 MBytes   200 Mbits/sec  0.009 ms  39/17857 (0.22%)  
[  8]  82.00-83.00  sec  23.8 MBytes   199 Mbits/sec  0.006 ms  57/17857 (0.32%)  
[  8]  83.00-84.00  sec  23.7 MBytes   199 Mbits/sec  0.015 ms  98/17857 (0.55%)  
[  8]  84.00-85.00  sec  23.7 MBytes   198 Mbits/sec  0.066 ms  108/17829 (0.61%)  
[  8]  85.00-86.00  sec  23.6 MBytes   198 Mbits/sec  0.008 ms  179/17885 (1%)  
[  8]  86.00-87.00  sec  23.7 MBytes   199 Mbits/sec  0.008 ms  103/17858 (0.58%)  
[  8]  87.00-88.00  sec  23.8 MBytes   200 Mbits/sec  0.009 ms  6/17857 (0.034%)  
[  8]  88.00-89.00  sec  23.8 MBytes   200 Mbits/sec  0.012 ms  5/17857 (0.028%)  
[  8]  89.00-90.00  sec  23.8 MBytes   199 Mbits/sec  0.013 ms  62/17857 (0.35%)  
[  8]  90.00-91.00  sec  23.8 MBytes   199 Mbits/sec  0.010 ms  57/17857 (0.32%)  
[  8]  91.00-92.00  sec  23.8 MBytes   200 Mbits/sec  0.013 ms  35/17857 (0.2%)  
[  8]  92.00-93.00  sec  23.8 MBytes   200 Mbits/sec  0.009 ms  39/17858 (0.22%)  
[  8]  93.00-94.00  sec  23.5 MBytes   197 Mbits/sec  0.007 ms  247/17857 (1.4%)  
[  8]  94.00-95.00  sec  23.8 MBytes   199 Mbits/sec  0.012 ms  47/17857 (0.26%)  
[  8]  95.00-96.00  sec  23.8 MBytes   200 Mbits/sec  0.010 ms  39/17857 (0.22%)  
[  8]  96.00-97.00  sec  23.8 MBytes   199 Mbits/sec  0.009 ms  57/17857 (0.32%)  
[  8]  97.00-98.00  sec  23.8 MBytes   200 Mbits/sec  0.009 ms  4/17857 (0.022%)  
[  8]  98.00-99.00  sec  23.8 MBytes   199 Mbits/sec  0.010 ms  57/17857 (0.32%)  
[  8]  99.00-100.00 sec  23.8 MBytes   200 Mbits/sec  0.010 ms  20/17857 (0.11%)  
[  8] 100.00-101.00 sec  23.8 MBytes   200 Mbits/sec  0.009 ms  12/17857 (0.067%)  
[  8] 101.00-102.00 sec  23.8 MBytes   200 Mbits/sec  0.009 ms  39/17857 (0.22%)  
[  8] 102.00-103.00 sec  23.5 MBytes   197 Mbits/sec  0.009 ms  294/17858 (1.6%)  
[  8] 103.00-104.00 sec  23.8 MBytes   200 Mbits/sec  0.008 ms  10/17857 (0.056%)  
[  8] 104.00-105.00 sec  23.8 MBytes   200 Mbits/sec  0.009 ms  16/17857 (0.09%)  
[  8] 105.00-106.00 sec  23.7 MBytes   199 Mbits/sec  0.009 ms  69/17857 (0.39%)  
[  8] 106.00-107.00 sec  23.8 MBytes   199 Mbits/sec  0.011 ms  62/17858 (0.35%)  
[  8] 107.00-108.00 sec  23.8 MBytes   200 Mbits/sec  0.009 ms  8/17857 (0.045%)  
[  8] 108.00-109.00 sec  23.8 MBytes   200 Mbits/sec  0.012 ms  39/17857 (0.22%)  
[  8] 109.00-110.00 sec  23.8 MBytes   199 Mbits/sec  0.010 ms  48/17857 (0.27%)  
[  8] 110.00-111.00 sec  23.8 MBytes   200 Mbits/sec  0.009 ms  40/17857 (0.22%)  
[  8] 111.00-112.00 sec  23.8 MBytes   199 Mbits/sec  0.008 ms  57/17857 (0.32%)  
[  8] 112.00-113.00 sec  23.8 MBytes   200 Mbits/sec  0.009 ms  9/17858 (0.05%)  
[  8] 113.00-114.00 sec  23.8 MBytes   199 Mbits/sec  0.010 ms  61/17856 (0.34%)  
[  8] 114.00-115.00 sec  23.2 MBytes   194 Mbits/sec  0.011 ms  496/17858 (2.8%)  
[  8] 115.00-116.00 sec  23.8 MBytes   199 Mbits/sec  0.010 ms  57/17857 (0.32%)  
[  8] 116.00-117.00 sec  23.8 MBytes   200 Mbits/sec  0.015 ms  39/17857 (0.22%)  
[  8] 117.00-118.00 sec  23.8 MBytes   200 Mbits/sec  0.020 ms  38/17857 (0.21%)  
[  8] 118.00-119.00 sec  23.7 MBytes   199 Mbits/sec  0.011 ms  88/17857 (0.49%)  
[  8] 119.00-120.00 sec  23.8 MBytes   200 Mbits/sec  0.005 ms  28/17857 (0.16%)  
[  8] 120.00-121.00 sec  23.6 MBytes   198 Mbits/sec  0.022 ms  212/17857 (1.2%)  
[  8] 121.00-122.00 sec  23.7 MBytes   199 Mbits/sec  0.009 ms  92/17858 (0.52%)  
[  8] 122.00-123.00 sec  23.8 MBytes   199 Mbits/sec  0.009 ms  47/17857 (0.26%)  
[  8] 123.00-124.00 sec  23.8 MBytes   200 Mbits/sec  0.012 ms  42/17857 (0.24%)  
[  8] 124.00-125.00 sec  23.8 MBytes   199 Mbits/sec  0.009 ms  56/17857 (0.31%)  
[  8] 125.00-126.00 sec  23.7 MBytes   199 Mbits/sec  0.008 ms  81/17857 (0.45%)  
[  8] 126.00-127.00 sec  23.8 MBytes   199 Mbits/sec  0.009 ms  55/17857 (0.31%)  
[  8] 127.00-128.00 sec  23.8 MBytes   200 Mbits/sec  0.020 ms  28/17857 (0.16%)  
[  8] 128.00-129.00 sec  23.8 MBytes   200 Mbits/sec  0.009 ms  0/17858 (0%)  
[  8] 129.00-130.00 sec  23.4 MBytes   196 Mbits/sec  0.008 ms  315/17857 (1.8%)  
[  8] 130.00-131.00 sec  23.1 MBytes   194 Mbits/sec  0.012 ms  520/17857 (2.9%)  
[  8] 131.00-132.00 sec  23.8 MBytes   199 Mbits/sec  0.016 ms  50/17849 (0.28%)  
[  8] 132.00-133.00 sec  23.8 MBytes   200 Mbits/sec  0.014 ms  41/17865 (0.23%)  
[  8] 133.00-134.00 sec  23.7 MBytes   199 Mbits/sec  0.025 ms  80/17857 (0.45%)  
[  8] 134.00-135.00 sec  23.8 MBytes   199 Mbits/sec  0.007 ms  57/17858 (0.32%)  
[  8] 135.00-136.00 sec  23.8 MBytes   200 Mbits/sec  0.011 ms  31/17857 (0.17%)  
[  8] 136.00-137.00 sec  23.8 MBytes   200 Mbits/sec  0.010 ms  40/17857 (0.22%)  
[  8] 137.00-138.00 sec  23.7 MBytes   199 Mbits/sec  0.018 ms  105/17857 (0.59%)  
[  8] 138.00-139.00 sec  23.8 MBytes   200 Mbits/sec  0.009 ms  28/17857 (0.16%)  
[  8] 139.00-140.00 sec  23.8 MBytes   200 Mbits/sec  0.010 ms  9/17857 (0.05%)  
[  8] 140.00-141.00 sec  23.7 MBytes   199 Mbits/sec  0.011 ms  77/17857 (0.43%)  
[  8] 141.00-142.00 sec  23.8 MBytes   200 Mbits/sec  0.023 ms  38/17858 (0.21%)  
[  8] 142.00-143.00 sec  23.8 MBytes   200 Mbits/sec  0.010 ms  14/17857 (0.078%)  
[  8] 143.00-144.00 sec  23.8 MBytes   200 Mbits/sec  0.009 ms  16/17857 (0.09%)  
[  8] 144.00-145.00 sec  23.8 MBytes   199 Mbits/sec  0.009 ms  62/17857 (0.35%)  
[  8] 145.00-146.00 sec  23.8 MBytes   200 Mbits/sec  0.010 ms  26/17857 (0.15%)  
[  8] 146.00-147.00 sec  23.8 MBytes   199 Mbits/sec  0.024 ms  62/17857 (0.35%)  
[  8] 147.00-148.00 sec  23.8 MBytes   200 Mbits/sec  0.010 ms  39/17857 (0.22%)  
[  8] 148.00-149.00 sec  23.8 MBytes   199 Mbits/sec  0.009 ms  50/17858 (0.28%)  
[  8] 149.00-150.00 sec  23.8 MBytes   200 Mbits/sec  0.008 ms  28/17857 (0.16%)  
[  8] 150.00-151.00 sec  23.8 MBytes   200 Mbits/sec  0.011 ms  33/17857 (0.18%)  
[  8] 151.00-152.00 sec  23.8 MBytes   200 Mbits/sec  0.009 ms  39/17857 (0.22%)  
[  8] 152.00-153.00 sec  23.8 MBytes   200 Mbits/sec  0.009 ms  4/17857 (0.022%)  
[  8] 153.00-154.00 sec  23.8 MBytes   199 Mbits/sec  0.009 ms  55/17857 (0.31%)  
[  8] 154.00-155.00 sec  23.1 MBytes   194 Mbits/sec  0.010 ms  551/17857 (3.1%)  
[  8] 155.00-156.00 sec  23.8 MBytes   200 Mbits/sec  0.013 ms  44/17857 (0.25%)  
[  8] 156.00-157.00 sec  23.8 MBytes   200 Mbits/sec  0.010 ms  41/17858 (0.23%)  
[  8] 157.00-158.00 sec  23.8 MBytes   200 Mbits/sec  0.009 ms  43/17857 (0.24%)  
[  8] 158.00-159.00 sec  23.8 MBytes   200 Mbits/sec  0.030 ms  33/17857 (0.18%)  
[  8] 159.00-160.00 sec  23.8 MBytes   199 Mbits/sec  0.010 ms  55/17857 (0.31%)  
[  8] 160.00-161.00 sec  23.8 MBytes   199 Mbits/sec  0.008 ms  52/17857 (0.29%)  
[  8] 161.00-162.00 sec  23.8 MBytes   199 Mbits/sec  0.014 ms  57/17858 (0.32%)  
[  8] 162.00-163.00 sec  23.7 MBytes   199 Mbits/sec  0.013 ms  71/17856 (0.4%)  
[  8] 163.00-164.00 sec  23.7 MBytes   199 Mbits/sec  0.013 ms  88/17858 (0.49%)  
[  8] 164.00-165.00 sec  23.3 MBytes   196 Mbits/sec  0.010 ms  391/17857 (2.2%)  
[  8] 165.00-166.00 sec  23.7 MBytes   199 Mbits/sec  0.010 ms  79/17857 (0.44%)  
[  8] 166.00-167.00 sec  23.4 MBytes   196 Mbits/sec  0.010 ms  327/17858 (1.8%)  
[  8] 167.00-168.00 sec  23.8 MBytes   199 Mbits/sec  0.013 ms  60/17856 (0.34%)  
[  8] 168.00-169.00 sec  23.7 MBytes   199 Mbits/sec  0.012 ms  74/17857 (0.41%)  
[  8] 169.00-170.00 sec  23.8 MBytes   199 Mbits/sec  0.017 ms  55/17857 (0.31%)  
[  8] 170.00-171.00 sec  23.8 MBytes   200 Mbits/sec  0.009 ms  40/17858 (0.22%)  
[  8] 171.00-172.00 sec  23.7 MBytes   199 Mbits/sec  0.013 ms  128/17857 (0.72%)  
[  8] 172.00-173.00 sec  23.6 MBytes   198 Mbits/sec  0.033 ms  185/17857 (1%)  
[  8] 173.00-174.00 sec  23.8 MBytes   200 Mbits/sec  0.023 ms  30/17848 (0.17%)  
[  8] 174.00-175.00 sec  23.8 MBytes   200 Mbits/sec  0.010 ms  44/17866 (0.25%)  
[  8] 175.00-176.00 sec  23.8 MBytes   199 Mbits/sec  0.011 ms  57/17857 (0.32%)  
[  8] 176.00-177.00 sec  23.8 MBytes   200 Mbits/sec  0.028 ms  12/17857 (0.067%)  
[  8] 177.00-178.00 sec  23.7 MBytes   199 Mbits/sec  0.011 ms  83/17858 (0.46%)  
[  8] 178.00-179.00 sec  23.7 MBytes   199 Mbits/sec  0.008 ms  89/17857 (0.5%)  
[  8] 179.00-180.00 sec  23.8 MBytes   200 Mbits/sec  0.021 ms  0/17857 (0%)  
[  8] 180.00-181.00 sec  23.8 MBytes   200 Mbits/sec  0.010 ms  40/17857 (0.22%)  
[  8] 181.00-182.00 sec  23.7 MBytes   199 Mbits/sec  0.013 ms  103/17857 (0.58%)  
[  8] 182.00-183.00 sec  23.7 MBytes   198 Mbits/sec  0.015 ms  142/17857 (0.8%)  
[  8] 183.00-184.00 sec  23.8 MBytes   200 Mbits/sec  0.010 ms  27/17858 (0.15%)  
[  8] 184.00-185.00 sec  23.7 MBytes   199 Mbits/sec  0.012 ms  72/17857 (0.4%)  
[  8] 185.00-186.00 sec  23.8 MBytes   199 Mbits/sec  0.009 ms  46/17857 (0.26%)  
[  8] 186.00-187.00 sec  23.7 MBytes   199 Mbits/sec  0.013 ms  93/17857 (0.52%)  
[  8] 187.00-188.00 sec  23.5 MBytes   197 Mbits/sec  0.008 ms  234/17857 (1.3%)  
[  8] 188.00-189.00 sec  23.8 MBytes   200 Mbits/sec  0.010 ms  38/17857 (0.21%)  
[  8] 189.00-190.00 sec  23.8 MBytes   200 Mbits/sec  0.010 ms  14/17857 (0.078%)  
[  8] 190.00-191.00 sec  23.8 MBytes   200 Mbits/sec  0.009 ms  43/17858 (0.24%)  
[  8] 191.00-192.00 sec  23.4 MBytes   196 Mbits/sec  0.017 ms  324/17857 (1.8%)  
[  8] 192.00-193.00 sec  23.8 MBytes   199 Mbits/sec  0.009 ms  52/17859 (0.29%)  
[  8] 193.00-194.00 sec  23.8 MBytes   200 Mbits/sec  0.010 ms  24/17855 (0.13%)  
[  8] 194.00-195.00 sec  23.8 MBytes   200 Mbits/sec  0.015 ms  21/17857 (0.12%)  
[  8] 195.00-196.00 sec  23.6 MBytes   198 Mbits/sec  0.011 ms  162/17857 (0.91%)  
[  8] 196.00-197.00 sec  23.7 MBytes   199 Mbits/sec  0.019 ms  118/17844 (0.66%)  
[  8] 197.00-198.00 sec  23.8 MBytes   200 Mbits/sec  0.012 ms  43/17871 (0.24%)  
[  8] 198.00-199.00 sec  23.7 MBytes   199 Mbits/sec  0.010 ms  72/17857 (0.4%)  
[  8] 199.00-200.00 sec  23.6 MBytes   198 Mbits/sec  0.007 ms  169/17857 (0.95%)  
[  8] 200.00-201.00 sec  23.7 MBytes   199 Mbits/sec  0.028 ms  133/17857 (0.74%)  
[  8] 201.00-202.00 sec  23.8 MBytes   199 Mbits/sec  0.020 ms  51/17857 (0.29%)  
[  8] 202.00-203.00 sec  23.8 MBytes   199 Mbits/sec  0.010 ms  57/17857 (0.32%)  
[  8] 203.00-204.00 sec  23.8 MBytes   200 Mbits/sec  0.008 ms  29/17857 (0.16%)  
[  8] 204.00-205.00 sec  23.7 MBytes   199 Mbits/sec  0.022 ms  100/17857 (0.56%)  
[  8] 205.00-206.00 sec  23.7 MBytes   199 Mbits/sec  0.012 ms  86/17858 (0.48%)  
[  8] 206.00-207.00 sec  23.8 MBytes   199 Mbits/sec  0.011 ms  58/17857 (0.32%)  
[  8] 207.00-208.00 sec  23.8 MBytes   200 Mbits/sec  0.009 ms  41/17857 (0.23%)  
[  8] 208.00-209.00 sec  23.7 MBytes   199 Mbits/sec  0.016 ms  66/17840 (0.37%)  
[  8] 209.00-210.00 sec  23.8 MBytes   200 Mbits/sec  0.006 ms  39/17875 (0.22%)  
[  8] 210.00-211.00 sec  23.7 MBytes   199 Mbits/sec  0.010 ms  102/17856 (0.57%)  
[  8] 211.00-212.00 sec  23.8 MBytes   199 Mbits/sec  0.009 ms  58/17858 (0.32%)  
[  8] 212.00-213.00 sec  23.8 MBytes   200 Mbits/sec  0.011 ms  39/17857 (0.22%)  
[  8] 213.00-214.00 sec  23.8 MBytes   199 Mbits/sec  0.009 ms  57/17857 (0.32%)  
[  8] 214.00-215.00 sec  23.8 MBytes   199 Mbits/sec  0.008 ms  55/17857 (0.31%)  
[  8] 215.00-216.00 sec  23.8 MBytes   199 Mbits/sec  0.013 ms  57/17857 (0.32%)  
[  8] 216.00-217.00 sec  23.7 MBytes   199 Mbits/sec  0.010 ms  84/17857 (0.47%)  
[  8] 217.00-218.00 sec  23.8 MBytes   199 Mbits/sec  0.009 ms  45/17857 (0.25%)  
[  8] 218.00-219.00 sec  23.8 MBytes   200 Mbits/sec  0.009 ms  0/17857 (0%)  
[  8] 219.00-220.00 sec  23.7 MBytes   199 Mbits/sec  0.011 ms  84/17857 (0.47%)  
[  8] 220.00-221.00 sec  23.8 MBytes   200 Mbits/sec  0.012 ms  40/17858 (0.22%)  
[  8] 221.00-222.00 sec  23.8 MBytes   200 Mbits/sec  0.010 ms  24/17857 (0.13%)  
[  8] 222.00-223.00 sec  23.8 MBytes   200 Mbits/sec  0.010 ms  39/17857 (0.22%)  
[  8] 223.00-224.00 sec  23.8 MBytes   200 Mbits/sec  0.009 ms  7/17857 (0.039%)  
[  8] 224.00-225.00 sec  23.8 MBytes   200 Mbits/sec  0.012 ms  25/17858 (0.14%)  
[  8] 225.00-226.00 sec  23.8 MBytes   200 Mbits/sec  0.011 ms  26/17856 (0.15%)  
[  8] 226.00-227.00 sec  23.6 MBytes   198 Mbits/sec  0.009 ms  146/17858 (0.82%)  
[  8] 227.00-228.00 sec  23.7 MBytes   199 Mbits/sec  0.007 ms  70/17857 (0.39%)  
[  8] 228.00-229.00 sec  23.8 MBytes   199 Mbits/sec  0.013 ms  60/17857 (0.34%)  
[  8] 229.00-230.00 sec  23.5 MBytes   198 Mbits/sec  0.011 ms  221/17857 (1.2%)  
[  8] 230.00-231.00 sec  23.8 MBytes   200 Mbits/sec  0.011 ms  15/17857 (0.084%)  
[  8] 231.00-232.00 sec  23.8 MBytes   200 Mbits/sec  0.011 ms  39/17857 (0.22%)  
[  8] 232.00-233.00 sec  23.8 MBytes   200 Mbits/sec  0.008 ms  23/17858 (0.13%)  
[  8] 233.00-234.00 sec  23.7 MBytes   199 Mbits/sec  0.015 ms  93/17857 (0.52%)  
[  8] 234.00-235.00 sec  23.8 MBytes   200 Mbits/sec  0.011 ms  1/17857 (0.0056%)  
[  8] 235.00-236.00 sec  23.8 MBytes   199 Mbits/sec  0.013 ms  49/17857 (0.27%)  
[  8] 236.00-237.00 sec  23.7 MBytes   199 Mbits/sec  0.025 ms  98/17857 (0.55%)  
[  8] 237.00-238.00 sec  23.8 MBytes   200 Mbits/sec  0.009 ms  14/17857 (0.078%)  
[  8] 238.00-239.00 sec  23.8 MBytes   200 Mbits/sec  0.009 ms  31/17857 (0.17%)  
[  8] 239.00-240.00 sec  23.8 MBytes   199 Mbits/sec  0.016 ms  50/17857 (0.28%)  
[  8] 240.00-241.00 sec  23.8 MBytes   200 Mbits/sec  0.009 ms  35/17849 (0.2%)  
[  8] 241.00-242.00 sec  23.8 MBytes   200 Mbits/sec  0.014 ms  26/17866 (0.15%)  
[  8] 242.00-243.00 sec  23.7 MBytes   199 Mbits/sec  0.009 ms  74/17857 (0.41%)  
[  8] 243.00-244.00 sec  23.8 MBytes   200 Mbits/sec  0.012 ms  43/17857 (0.24%)  
[  8] 244.00-245.00 sec  23.8 MBytes   199 Mbits/sec  0.013 ms  56/17857 (0.31%)  
[  8] 245.00-246.00 sec  23.8 MBytes   199 Mbits/sec  0.008 ms  53/17857 (0.3%)  
[  8] 246.00-247.00 sec  23.8 MBytes   200 Mbits/sec  0.010 ms  36/17857 (0.2%)  
[  8] 247.00-248.00 sec  23.8 MBytes   199 Mbits/sec  0.023 ms  49/17844 (0.27%)  
[  8] 248.00-249.00 sec  23.8 MBytes   200 Mbits/sec  0.035 ms  47/17871 (0.26%)  
[  8] 249.00-250.00 sec  23.8 MBytes   200 Mbits/sec  0.009 ms  42/17857 (0.24%)  
[  8] 250.00-251.00 sec  23.8 MBytes   200 Mbits/sec  0.010 ms  39/17857 (0.22%)  
[  8] 251.00-252.00 sec  23.8 MBytes   199 Mbits/sec  0.034 ms  46/17857 (0.26%)  
[  8] 252.00-253.00 sec  23.8 MBytes   200 Mbits/sec  0.011 ms  39/17857 (0.22%)  
[  8] 253.00-254.00 sec  23.7 MBytes   199 Mbits/sec  0.010 ms  69/17857 (0.39%)  
[  8] 254.00-255.00 sec  23.7 MBytes   199 Mbits/sec  0.021 ms  71/17858 (0.4%)  
[  8] 255.00-256.00 sec  23.7 MBytes   199 Mbits/sec  0.010 ms  71/17857 (0.4%)  
[  8] 256.00-257.00 sec  23.8 MBytes   199 Mbits/sec  0.007 ms  67/17857 (0.38%)  
[  8] 257.00-258.00 sec  23.8 MBytes   199 Mbits/sec  0.013 ms  57/17857 (0.32%)  
[  8] 258.00-259.00 sec  23.8 MBytes   200 Mbits/sec  0.020 ms  10/17857 (0.056%)  
[  8] 259.00-260.00 sec  23.8 MBytes   199 Mbits/sec  0.014 ms  51/17857 (0.29%)  
[  8] 260.00-261.00 sec  21.8 MBytes   183 Mbits/sec  0.011 ms  1506/17858 (8.4%)  
[  8] 261.00-262.00 sec  23.7 MBytes   199 Mbits/sec  0.016 ms  83/17857 (0.46%)  
[  8] 262.00-263.00 sec  23.8 MBytes   200 Mbits/sec  0.011 ms  0/17857 (0%)  
[  8] 263.00-264.00 sec  23.8 MBytes   199 Mbits/sec  0.011 ms  45/17857 (0.25%)  
[  8] 264.00-265.00 sec  23.8 MBytes   199 Mbits/sec  0.009 ms  47/17857 (0.26%)  
[  8] 265.00-266.00 sec  23.8 MBytes   199 Mbits/sec  0.013 ms  58/17857 (0.32%)  
[  8] 266.00-267.00 sec  23.8 MBytes   200 Mbits/sec  0.009 ms  29/17857 (0.16%)  
[  8] 267.00-268.00 sec  23.7 MBytes   199 Mbits/sec  0.013 ms  83/17846 (0.47%)  
[  8] 268.00-269.00 sec  23.7 MBytes   199 Mbits/sec  0.009 ms  123/17869 (0.69%)  
[  8] 269.00-270.00 sec  23.6 MBytes   198 Mbits/sec  0.012 ms  171/17857 (0.96%)  
[  8] 270.00-271.00 sec  23.8 MBytes   200 Mbits/sec  0.017 ms  16/17857 (0.09%)  
[  8] 271.00-272.00 sec  23.7 MBytes   199 Mbits/sec  0.013 ms  84/17857 (0.47%)  
[  8] 272.00-273.00 sec  23.8 MBytes   200 Mbits/sec  0.011 ms  37/17857 (0.21%)  
[  8] 273.00-274.00 sec  23.8 MBytes   200 Mbits/sec  0.012 ms  0/17857 (0%)  
[  8] 274.00-275.00 sec  23.8 MBytes   200 Mbits/sec  0.009 ms  5/17857 (0.028%)  
[  8] 275.00-276.00 sec  23.8 MBytes   199 Mbits/sec  0.010 ms  57/17858 (0.32%)  
[  8] 276.00-277.00 sec  23.8 MBytes   199 Mbits/sec  0.008 ms  48/17857 (0.27%)  
[  8] 277.00-278.00 sec  23.8 MBytes   200 Mbits/sec  0.013 ms  19/17857 (0.11%)  
[  8] 278.00-279.00 sec  23.3 MBytes   196 Mbits/sec  0.010 ms  372/17857 (2.1%)  
[  8] 279.00-280.00 sec  23.8 MBytes   200 Mbits/sec  0.009 ms  39/17857 (0.22%)  
[  8] 280.00-281.00 sec  23.7 MBytes   199 Mbits/sec  0.009 ms  84/17857 (0.47%)  
[  8] 281.00-282.00 sec  23.8 MBytes   200 Mbits/sec  0.016 ms  43/17857 (0.24%)  
[  8] 282.00-283.00 sec  23.8 MBytes   200 Mbits/sec  0.008 ms  39/17858 (0.22%)  
[  8] 283.00-284.00 sec  23.8 MBytes   200 Mbits/sec  0.025 ms  20/17857 (0.11%)  
[  8] 284.00-285.00 sec  23.5 MBytes   197 Mbits/sec  0.020 ms  238/17857 (1.3%)  
[  8] 285.00-286.00 sec  23.8 MBytes   199 Mbits/sec  0.009 ms  66/17857 (0.37%)  
[  8] 286.00-287.00 sec  23.8 MBytes   200 Mbits/sec  0.009 ms  17/17857 (0.095%)  
[  8] 287.00-288.00 sec  23.8 MBytes   200 Mbits/sec  0.012 ms  29/17857 (0.16%)  
[  8] 288.00-289.00 sec  23.8 MBytes   199 Mbits/sec  0.009 ms  58/17857 (0.32%)  
[  8] 289.00-290.00 sec  23.8 MBytes   199 Mbits/sec  0.059 ms  46/17846 (0.26%)  
[  8] 290.00-291.00 sec  23.8 MBytes   200 Mbits/sec  0.014 ms  51/17869 (0.29%)  
[  8] 291.00-292.00 sec  23.8 MBytes   200 Mbits/sec  0.011 ms  39/17857 (0.22%)  
[  8] 292.00-293.00 sec  23.8 MBytes   199 Mbits/sec  0.012 ms  45/17857 (0.25%)  
[  8] 293.00-294.00 sec  23.8 MBytes   200 Mbits/sec  0.032 ms  10/17857 (0.056%)  
[  8] 294.00-295.00 sec  23.7 MBytes   199 Mbits/sec  0.024 ms  93/17857 (0.52%)  
[  8] 295.00-296.00 sec  23.8 MBytes   200 Mbits/sec  0.013 ms  14/17858 (0.078%)  
[  8] 296.00-297.00 sec  23.8 MBytes   200 Mbits/sec  0.007 ms  8/17857 (0.045%)  
[  8] 297.00-298.00 sec  23.8 MBytes   200 Mbits/sec  0.008 ms  0/17857 (0%)  
[  8] 298.00-299.00 sec  23.8 MBytes   199 Mbits/sec  0.006 ms  68/17857 (0.38%)  
[  8] 299.00-300.00 sec  23.8 MBytes   199 Mbits/sec  0.012 ms  52/17857 (0.29%)  
- - - - - - - - - - - - - - - - - - - - - - - - -
[ ID] Interval           Transfer     Bitrate         Jitter    Lost/Total Datagrams
[  8]   0.00-300.00 sec  6.96 GBytes   199 Mbits/sec  0.012 ms  21603/5357127 (0.4%)  receiver
