-----------------------------------------------------------
Server listening on 5201 (test #1)
-----------------------------------------------------------
Accepted connection from 10.0.0.37, port 59490
[  8] local 10.0.0.101 port 5201 connected to 10.0.0.37 port 41799
[ ID] Interval           Transfer     Bitrate         Jitter    Lost/Total Datagrams
[  8]   0.00-1.00   sec   588 KBytes  4.82 Mbits/sec  1.389 ms  14/444 (3.2%)  
[  8]   1.00-2.00   sec   608 KBytes  4.98 Mbits/sec  1.548 ms  2/447 (0.45%)  
[  8]   2.00-3.00   sec   610 KBytes  5.00 Mbits/sec  1.283 ms  0/446 (0%)  
[  8]   3.00-4.00   sec   611 KBytes  5.01 Mbits/sec  1.236 ms  0/447 (0%)  
[  8]   4.00-5.00   sec   602 KBytes  4.93 Mbits/sec  0.830 ms  6/446 (1.3%)  
[  8]   5.00-6.00   sec   606 KBytes  4.96 Mbits/sec  1.694 ms  3/446 (0.67%)  
[  8]   6.00-7.00   sec   608 KBytes  4.98 Mbits/sec  1.278 ms  1/446 (0.22%)  
[  8]   7.00-8.00   sec   606 KBytes  4.96 Mbits/sec  1.818 ms  2/445 (0.45%)  
[  8]   8.00-9.00   sec   606 KBytes  4.96 Mbits/sec  1.497 ms  1/444 (0.23%)  
[  8]   9.00-10.00  sec   607 KBytes  4.97 Mbits/sec  2.006 ms  7/451 (1.6%)  
[  8]  10.00-11.00  sec   593 KBytes  4.87 Mbits/sec  2.621 ms  10/444 (2.3%)  
[  8]  11.00-12.00  sec   603 KBytes  4.94 Mbits/sec  1.915 ms  8/449 (1.8%)  
[  8]  12.00-13.00  sec   591 KBytes  4.84 Mbits/sec  1.539 ms  12/444 (2.7%)  
[  8]  13.00-14.00  sec   600 KBytes  4.92 Mbits/sec  1.841 ms  9/448 (2%)  
[  8]  14.00-15.00  sec   611 KBytes  5.00 Mbits/sec  1.316 ms  2/449 (0.45%)  
[  8]  15.00-16.00  sec   582 KBytes  4.77 Mbits/sec  1.312 ms  18/444 (4.1%)  
[  8]  16.00-17.00  sec   607 KBytes  4.98 Mbits/sec  1.597 ms  0/444 (0%)  
[  8]  17.00-18.00  sec   612 KBytes  5.02 Mbits/sec  1.480 ms  2/450 (0.44%)  
[  8]  18.00-19.00  sec   610 KBytes  5.00 Mbits/sec  1.551 ms  0/446 (0%)  
[  8]  19.00-20.00  sec   606 KBytes  4.96 Mbits/sec  1.263 ms  4/447 (0.89%)  
[  8]  20.00-20.00  sec  2.73 KBytes  4.61 Mbits/sec  1.184 ms  0/2 (0%)  
- - - - - - - - - - - - - - - - - - - - - - - - -
[ ID] Interval           Transfer     Bitrate         Jitter    Lost/Total Datagrams
[  8]   0.00-20.00  sec  11.8 MBytes  4.94 Mbits/sec  1.184 ms  101/8929 (1.1%)  receiver
