-----------------------------------------------------------
Server listening on 5201 (test #1)
-----------------------------------------------------------
Accepted connection from 10.0.0.25, port 43298
[  8] local 10.0.0.57 port 5201 connected to 10.0.0.25 port 58487
[ ID] Interval           Transfer     Bitrate         Jitter    Lost/Total Datagrams
[  8]   0.00-1.00   sec   603 KBytes  4.94 Mbits/sec  1.672 ms  3/444 (0.68%)  
[  8]   1.00-2.00   sec   593 KBytes  4.86 Mbits/sec  2.147 ms  10/444 (2.3%)  
[  8]   2.00-3.00   sec   610 KBytes  5.00 Mbits/sec  1.097 ms  2/448 (0.45%)  
[  8]   3.00-4.00   sec   604 KBytes  4.95 Mbits/sec  1.222 ms  4/446 (0.9%)  
[  8]   4.00-5.00   sec   608 KBytes  4.98 Mbits/sec  1.088 ms  2/447 (0.45%)  
[  8]   5.00-6.00   sec   589 KBytes  4.83 Mbits/sec  0.910 ms  14/445 (3.1%)  
[  8]   6.00-7.00   sec   550 KBytes  4.50 Mbits/sec  1.414 ms  46/448 (10%)  
[  8]   7.00-8.00   sec   606 KBytes  4.96 Mbits/sec  0.867 ms  4/447 (0.89%)  
[  8]   8.00-9.00   sec   611 KBytes  5.01 Mbits/sec  0.723 ms  0/447 (0%)  
[  8]   9.00-10.00  sec   610 KBytes  4.99 Mbits/sec  0.876 ms  0/446 (0%)  
[  8]  10.00-11.00  sec   610 KBytes  5.00 Mbits/sec  0.656 ms  0/446 (0%)  
[  8]  11.00-12.00  sec   608 KBytes  4.98 Mbits/sec  1.430 ms  2/447 (0.45%)  
[  8]  12.00-13.00  sec   604 KBytes  4.95 Mbits/sec  1.124 ms  2/444 (0.45%)  
[  8]  13.00-14.00  sec   610 KBytes  5.00 Mbits/sec  0.884 ms  2/448 (0.45%)  
[  8]  14.00-15.00  sec   604 KBytes  4.95 Mbits/sec  1.861 ms  5/447 (1.1%)  
[  8]  15.00-16.00  sec   608 KBytes  4.98 Mbits/sec  1.260 ms  1/446 (0.22%)  
[  8]  16.00-17.00  sec   611 KBytes  5.01 Mbits/sec  1.245 ms  0/447 (0%)  
[  8]  17.00-18.00  sec   606 KBytes  4.96 Mbits/sec  1.331 ms  3/446 (0.67%)  
[  8]  18.00-19.00  sec   608 KBytes  4.98 Mbits/sec  1.018 ms  2/447 (0.45%)  
[  8]  19.00-20.00  sec   603 KBytes  4.94 Mbits/sec  1.179 ms  5/446 (1.1%)  
[  8]  20.00-21.00  sec   604 KBytes  4.95 Mbits/sec  1.632 ms  2/444 (0.45%)  
[  8]  21.00-22.00  sec   607 KBytes  4.97 Mbits/sec  0.978 ms  3/447 (0.67%)  
[  8]  22.00-23.00  sec   428 KBytes  3.51 Mbits/sec  4.084 ms  12/325 (3.7%)  
[  8]  23.00-24.00  sec   551 KBytes  4.51 Mbits/sec  1.635 ms  165/568 (29%)  
[  8]  24.00-25.00  sec   610 KBytes  5.00 Mbits/sec  2.229 ms  0/446 (0%)  
[  8]  25.00-26.00  sec   610 KBytes  5.00 Mbits/sec  1.579 ms  2/448 (0.45%)  
[  8]  26.00-27.00  sec   600 KBytes  4.92 Mbits/sec  0.904 ms  8/447 (1.8%)  
[  8]  27.00-28.00  sec   600 KBytes  4.92 Mbits/sec  1.930 ms  6/445 (1.3%)  
[  8]  28.00-29.00  sec   608 KBytes  4.98 Mbits/sec  2.320 ms  0/445 (0%)  
[  8]  29.00-30.00  sec   610 KBytes  4.99 Mbits/sec  1.899 ms  0/446 (0%)  
[  8]  30.00-31.00  sec   465 KBytes  3.81 Mbits/sec  2.531 ms  33/373 (8.8%)  
[  8]  31.00-32.00  sec   659 KBytes  5.40 Mbits/sec  1.330 ms  19/501 (3.8%)  
[  8]  32.00-33.00  sec   541 KBytes  4.44 Mbits/sec  1.681 ms  25/421 (5.9%)  
[  8]  33.00-34.00  sec   626 KBytes  5.13 Mbits/sec  2.418 ms  22/480 (4.6%)  
[  8]  34.00-35.00  sec   503 KBytes  4.12 Mbits/sec  3.072 ms  29/397 (7.3%)  
[  8]  35.00-36.00  sec   537 KBytes  4.40 Mbits/sec  1.824 ms  79/472 (17%)  
[  8]  36.00-37.00  sec   621 KBytes  5.08 Mbits/sec  1.391 ms  16/470 (3.4%)  
[  8]  37.00-38.00  sec   473 KBytes  3.87 Mbits/sec  0.970 ms  114/460 (25%)  
[  8]  38.00-39.00  sec   595 KBytes  4.87 Mbits/sec  1.989 ms  9/444 (2%)  
[  8]  39.00-40.00  sec   606 KBytes  4.96 Mbits/sec  1.583 ms  4/447 (0.89%)  
[  8]  40.00-41.00  sec   597 KBytes  4.89 Mbits/sec  1.629 ms  10/447 (2.2%)  
[  8]  41.00-42.00  sec   602 KBytes  4.93 Mbits/sec  1.699 ms  7/447 (1.6%)  
[  8]  42.00-43.00  sec   596 KBytes  4.88 Mbits/sec  1.755 ms  12/448 (2.7%)  
[  8]  43.00-44.00  sec   604 KBytes  4.95 Mbits/sec  1.302 ms  4/446 (0.9%)  
[  8]  44.00-45.00  sec   593 KBytes  4.86 Mbits/sec  2.680 ms  11/445 (2.5%)  
[  8]  45.00-46.00  sec   602 KBytes  4.93 Mbits/sec  1.810 ms  6/446 (1.3%)  
[  8]  46.00-47.00  sec   599 KBytes  4.91 Mbits/sec  1.586 ms  9/447 (2%)  
[  8]  47.00-48.00  sec   595 KBytes  4.87 Mbits/sec  1.751 ms  8/443 (1.8%)  
[  8]  48.00-49.00  sec   596 KBytes  4.88 Mbits/sec  1.997 ms  11/447 (2.5%)  
[  8]  49.00-50.00  sec   612 KBytes  5.02 Mbits/sec  1.341 ms  2/450 (0.44%)  
[  8]  50.00-51.00  sec   610 KBytes  5.00 Mbits/sec  1.040 ms  1/447 (0.22%)  
[  8]  51.00-52.00  sec   559 KBytes  4.58 Mbits/sec  2.229 ms  15/424 (3.5%)  
[  8]  52.00-53.00  sec   552 KBytes  4.51 Mbits/sec  2.367 ms  62/466 (13%)  
[  8]  53.00-54.00  sec   458 KBytes  3.76 Mbits/sec  4.489 ms  19/354 (5.4%)  
[  8]  54.00-55.00  sec   343 KBytes  2.81 Mbits/sec  3.990 ms  211/462 (46%)  
[  8]  55.00-56.00  sec   278 KBytes  2.27 Mbits/sec  6.974 ms  183/386 (47%)  
[  8]  56.00-57.01  sec   406 KBytes  3.30 Mbits/sec  3.802 ms  200/497 (40%)  
[  8]  57.01-58.00  sec   612 KBytes  5.05 Mbits/sec  1.095 ms  89/537 (17%)  
[  8]  58.00-59.00  sec   588 KBytes  4.82 Mbits/sec  2.481 ms  9/439 (2.1%)  
[  8]  59.00-60.00  sec   584 KBytes  4.78 Mbits/sec  2.128 ms  24/451 (5.3%)  
[  8]  60.00-61.00  sec   558 KBytes  4.57 Mbits/sec  2.761 ms  32/440 (7.3%)  
[  8]  61.00-62.00  sec   596 KBytes  4.89 Mbits/sec  1.965 ms  18/454 (4%)  
[  8]  62.00-63.00  sec   597 KBytes  4.89 Mbits/sec  1.349 ms  11/448 (2.5%)  
[  8]  63.00-64.00  sec   597 KBytes  4.89 Mbits/sec  1.339 ms  8/445 (1.8%)  
[  8]  64.00-65.00  sec   610 KBytes  5.00 Mbits/sec  1.424 ms  1/447 (0.22%)  
[  8]  65.00-66.00  sec   599 KBytes  4.91 Mbits/sec  1.722 ms  7/445 (1.6%)  
[  8]  66.00-67.00  sec   541 KBytes  4.43 Mbits/sec  1.495 ms  47/443 (11%)  
[  8]  67.00-68.00  sec   552 KBytes  4.52 Mbits/sec  1.111 ms  42/446 (9.4%)  
[  8]  68.00-69.00  sec   584 KBytes  4.78 Mbits/sec  1.175 ms  23/450 (5.1%)  
[  8]  69.00-70.00  sec   585 KBytes  4.79 Mbits/sec  1.586 ms  20/448 (4.5%)  
[  8]  70.00-71.00  sec   584 KBytes  4.78 Mbits/sec  1.559 ms  20/447 (4.5%)  
[  8]  71.00-72.00  sec   600 KBytes  4.92 Mbits/sec  1.339 ms  6/445 (1.3%)  
[  8]  72.00-73.00  sec   608 KBytes  4.98 Mbits/sec  1.809 ms  2/447 (0.45%)  
[  8]  73.00-74.00  sec   607 KBytes  4.97 Mbits/sec  1.561 ms  2/446 (0.45%)  
[  8]  74.00-75.00  sec   603 KBytes  4.93 Mbits/sec  1.863 ms  6/447 (1.3%)  
[  8]  75.00-76.00  sec   602 KBytes  4.94 Mbits/sec  1.351 ms  6/446 (1.3%)  
[  8]  76.00-77.00  sec   573 KBytes  4.69 Mbits/sec  1.446 ms  27/446 (6.1%)  
[  8]  77.00-78.00  sec   580 KBytes  4.75 Mbits/sec  1.694 ms  13/437 (3%)  
[  8]  78.00-79.00  sec   615 KBytes  5.04 Mbits/sec  1.529 ms  7/457 (1.5%)  
[  8]  79.00-80.00  sec   593 KBytes  4.86 Mbits/sec  1.413 ms  13/447 (2.9%)  
[  8]  80.00-81.00  sec   580 KBytes  4.75 Mbits/sec  1.173 ms  17/441 (3.9%)  
[  8]  81.00-82.00  sec   578 KBytes  4.74 Mbits/sec  2.081 ms  27/450 (6%)  
[  8]  82.00-83.00  sec   574 KBytes  4.70 Mbits/sec  1.553 ms  25/445 (5.6%)  
[  8]  83.00-84.00  sec   526 KBytes  4.31 Mbits/sec  3.066 ms  23/408 (5.6%)  
[  8]  84.00-85.00  sec   606 KBytes  4.96 Mbits/sec  2.084 ms  44/487 (9%)  
[  8]  85.00-86.00  sec   536 KBytes  4.39 Mbits/sec  1.664 ms  55/447 (12%)  
[  8]  86.00-87.00  sec   592 KBytes  4.85 Mbits/sec  2.038 ms  11/444 (2.5%)  
[  8]  87.00-88.00  sec   595 KBytes  4.87 Mbits/sec  2.288 ms  12/447 (2.7%)  
[  8]  88.00-89.00  sec   606 KBytes  4.96 Mbits/sec  1.983 ms  2/445 (0.45%)  
[  8]  89.00-90.00  sec   612 KBytes  5.02 Mbits/sec  1.295 ms  2/450 (0.44%)  
[  8]  90.00-91.00  sec   602 KBytes  4.93 Mbits/sec  2.188 ms  0/440 (0%)  
[  8]  91.00-92.00  sec   566 KBytes  4.64 Mbits/sec  2.033 ms  38/452 (8.4%)  
[  8]  92.00-93.00  sec   589 KBytes  4.83 Mbits/sec  1.698 ms  14/445 (3.1%)  
[  8]  93.00-94.00  sec   610 KBytes  5.00 Mbits/sec  2.492 ms  2/448 (0.45%)  
[  8]  94.00-95.00  sec   589 KBytes  4.83 Mbits/sec  1.330 ms  15/446 (3.4%)  
[  8]  95.00-96.00  sec   608 KBytes  4.98 Mbits/sec  1.352 ms  2/447 (0.45%)  
[  8]  96.00-97.00  sec   592 KBytes  4.85 Mbits/sec  1.566 ms  12/445 (2.7%)  
[  8]  97.00-98.00  sec   612 KBytes  5.02 Mbits/sec  1.192 ms  0/448 (0%)  
[  8]  98.00-99.00  sec   595 KBytes  4.87 Mbits/sec  1.869 ms  10/445 (2.2%)  
[  8]  99.00-100.00 sec   600 KBytes  4.92 Mbits/sec  1.661 ms  9/448 (2%)  
[  8] 100.00-101.00 sec   607 KBytes  4.97 Mbits/sec  0.850 ms  2/446 (0.45%)  
[  8] 101.00-102.00 sec   600 KBytes  4.92 Mbits/sec  1.096 ms  8/447 (1.8%)  
[  8] 102.00-103.00 sec   604 KBytes  4.95 Mbits/sec  1.520 ms  4/446 (0.9%)  
[  8] 103.00-104.00 sec   587 KBytes  4.80 Mbits/sec  1.787 ms  10/439 (2.3%)  
[  8] 104.00-105.00 sec   574 KBytes  4.70 Mbits/sec  1.726 ms  13/433 (3%)  
[  8] 105.00-106.00 sec   622 KBytes  5.10 Mbits/sec  0.500 ms  13/468 (2.8%)  
[  8] 106.00-107.00 sec   567 KBytes  4.65 Mbits/sec  2.926 ms  29/444 (6.5%)  
[  8] 107.00-108.00 sec   595 KBytes  4.87 Mbits/sec  1.407 ms  13/448 (2.9%)  
[  8] 108.00-109.00 sec   576 KBytes  4.72 Mbits/sec  1.031 ms  25/446 (5.6%)  
[  8] 109.00-110.00 sec   604 KBytes  4.95 Mbits/sec  1.289 ms  4/446 (0.9%)  
[  8] 110.00-111.00 sec   555 KBytes  4.55 Mbits/sec  2.769 ms  32/438 (7.3%)  
[  8] 111.00-112.00 sec   592 KBytes  4.85 Mbits/sec  1.347 ms  22/455 (4.8%)  
[  8] 112.00-113.00 sec   599 KBytes  4.91 Mbits/sec  1.585 ms  9/447 (2%)  
[  8] 113.00-114.00 sec   599 KBytes  4.91 Mbits/sec  1.090 ms  8/446 (1.8%)  
[  8] 114.00-115.00 sec   595 KBytes  4.87 Mbits/sec  2.227 ms  2/437 (0.46%)  
[  8] 115.00-116.00 sec   593 KBytes  4.86 Mbits/sec  1.499 ms  21/455 (4.6%)  
[  8] 116.00-117.00 sec   589 KBytes  4.83 Mbits/sec  1.115 ms  15/446 (3.4%)  
[  8] 117.00-118.00 sec   569 KBytes  4.66 Mbits/sec  2.296 ms  25/441 (5.7%)  
[  8] 118.00-119.00 sec   569 KBytes  4.66 Mbits/sec  1.592 ms  31/447 (6.9%)  
[  8] 119.00-120.00 sec   597 KBytes  4.89 Mbits/sec  1.186 ms  16/453 (3.5%)  
[  8] 120.00-121.00 sec   604 KBytes  4.95 Mbits/sec  2.227 ms  2/444 (0.45%)  
[  8] 121.00-122.00 sec   578 KBytes  4.73 Mbits/sec  2.298 ms  27/450 (6%)  
[  8] 122.00-123.00 sec   551 KBytes  4.52 Mbits/sec  2.049 ms  38/441 (8.6%)  
[  8] 123.00-124.00 sec   559 KBytes  4.58 Mbits/sec  1.580 ms  41/450 (9.1%)  
[  8] 124.00-125.00 sec   582 KBytes  4.77 Mbits/sec  1.269 ms  21/447 (4.7%)  
[  8] 125.00-126.00 sec   602 KBytes  4.93 Mbits/sec  1.931 ms  4/444 (0.9%)  
[  8] 126.00-127.00 sec   565 KBytes  4.63 Mbits/sec  2.758 ms  32/445 (7.2%)  
[  8] 127.00-128.00 sec   552 KBytes  4.52 Mbits/sec  2.113 ms  33/437 (7.6%)  
[  8] 128.00-129.00 sec   584 KBytes  4.78 Mbits/sec  1.671 ms  30/457 (6.6%)  
[  8] 129.00-130.00 sec   606 KBytes  4.96 Mbits/sec  2.409 ms  5/448 (1.1%)  
[  8] 130.00-131.00 sec   524 KBytes  4.29 Mbits/sec  1.253 ms  65/448 (15%)  
[  8] 131.00-132.00 sec   555 KBytes  4.54 Mbits/sec  2.731 ms  31/437 (7.1%)  
[  8] 132.00-133.00 sec   589 KBytes  4.83 Mbits/sec  2.782 ms  24/455 (5.3%)  
[  8] 133.00-134.00 sec   591 KBytes  4.84 Mbits/sec  1.663 ms  14/446 (3.1%)  
[  8] 134.00-135.00 sec   606 KBytes  4.96 Mbits/sec  1.556 ms  5/448 (1.1%)  
[  8] 135.00-136.00 sec   544 KBytes  4.46 Mbits/sec  1.637 ms  47/445 (11%)  
[  8] 136.00-137.00 sec   595 KBytes  4.87 Mbits/sec  1.338 ms  13/448 (2.9%)  
[  8] 137.00-138.00 sec   574 KBytes  4.70 Mbits/sec  1.581 ms  24/444 (5.4%)  
[  8] 138.00-139.00 sec   582 KBytes  4.77 Mbits/sec  1.259 ms  23/449 (5.1%)  
[  8] 139.00-140.00 sec   596 KBytes  4.88 Mbits/sec  0.891 ms  9/445 (2%)  
[  8] 140.00-141.00 sec   595 KBytes  4.87 Mbits/sec  0.772 ms  12/447 (2.7%)  
[  8] 141.00-142.00 sec   555 KBytes  4.55 Mbits/sec  1.868 ms  37/443 (8.4%)  
[  8] 142.00-143.00 sec   592 KBytes  4.85 Mbits/sec  1.365 ms  12/445 (2.7%)  
[  8] 143.00-144.00 sec   567 KBytes  4.65 Mbits/sec  1.393 ms  34/449 (7.6%)  
[  8] 144.00-145.00 sec   591 KBytes  4.84 Mbits/sec  1.531 ms  15/447 (3.4%)  
[  8] 145.00-146.00 sec   593 KBytes  4.86 Mbits/sec  1.807 ms  15/449 (3.3%)  
[  8] 146.00-147.00 sec   606 KBytes  4.96 Mbits/sec  2.154 ms  3/446 (0.67%)  
[  8] 147.00-148.00 sec   599 KBytes  4.91 Mbits/sec  1.102 ms  8/446 (1.8%)  
[  8] 148.00-149.00 sec   602 KBytes  4.93 Mbits/sec  1.247 ms  6/446 (1.3%)  
[  8] 149.00-150.00 sec   604 KBytes  4.95 Mbits/sec  1.577 ms  3/445 (0.67%)  
[  8] 150.00-151.00 sec   578 KBytes  4.74 Mbits/sec  1.887 ms  21/444 (4.7%)  
[  8] 151.00-152.00 sec   570 KBytes  4.67 Mbits/sec  2.635 ms  33/450 (7.3%)  
[  8] 152.00-153.00 sec   596 KBytes  4.88 Mbits/sec  1.860 ms  11/447 (2.5%)  
[  8] 153.00-154.00 sec   599 KBytes  4.90 Mbits/sec  1.103 ms  9/447 (2%)  
[  8] 154.00-155.00 sec   602 KBytes  4.93 Mbits/sec  1.261 ms  6/446 (1.3%)  
[  8] 155.00-156.00 sec   597 KBytes  4.89 Mbits/sec  2.152 ms  9/446 (2%)  
[  8] 156.00-157.00 sec   596 KBytes  4.88 Mbits/sec  1.132 ms  12/448 (2.7%)  
[  8] 157.00-158.00 sec   595 KBytes  4.87 Mbits/sec  1.948 ms  11/446 (2.5%)  
[  8] 158.00-159.00 sec   580 KBytes  4.75 Mbits/sec  3.760 ms  16/440 (3.6%)  
[  8] 159.00-160.00 sec   574 KBytes  4.70 Mbits/sec  2.236 ms  30/450 (6.7%)  
[  8] 160.00-161.00 sec   582 KBytes  4.77 Mbits/sec  1.907 ms  18/444 (4.1%)  
[  8] 161.00-162.00 sec   571 KBytes  4.68 Mbits/sec  2.974 ms  16/434 (3.7%)  
[  8] 162.00-163.00 sec   604 KBytes  4.95 Mbits/sec  2.166 ms  20/462 (4.3%)  
[  8] 163.00-164.00 sec   602 KBytes  4.93 Mbits/sec  1.593 ms  8/448 (1.8%)  
[  8] 164.00-165.00 sec   593 KBytes  4.86 Mbits/sec  1.977 ms  11/445 (2.5%)  
[  8] 165.00-166.00 sec   603 KBytes  4.94 Mbits/sec  0.940 ms  8/449 (1.8%)  
[  8] 166.00-167.00 sec   595 KBytes  4.87 Mbits/sec  1.253 ms  7/442 (1.6%)  
[  8] 167.00-168.00 sec   603 KBytes  4.94 Mbits/sec  2.065 ms  6/447 (1.3%)  
[  8] 168.00-169.00 sec   597 KBytes  4.89 Mbits/sec  2.111 ms  12/449 (2.7%)  
[  8] 169.00-170.00 sec   595 KBytes  4.87 Mbits/sec  1.731 ms  12/447 (2.7%)  
[  8] 170.00-171.00 sec   574 KBytes  4.70 Mbits/sec  2.656 ms  24/444 (5.4%)  
[  8] 171.00-172.00 sec   597 KBytes  4.89 Mbits/sec  2.622 ms  8/445 (1.8%)  
[  8] 172.00-173.00 sec   595 KBytes  4.87 Mbits/sec  2.226 ms  8/443 (1.8%)  
[  8] 173.00-174.00 sec   602 KBytes  4.93 Mbits/sec  1.278 ms  14/454 (3.1%)  
[  8] 174.00-175.00 sec   600 KBytes  4.92 Mbits/sec  1.821 ms  6/445 (1.3%)  
[  8] 175.00-176.00 sec   602 KBytes  4.93 Mbits/sec  1.563 ms  7/447 (1.6%)  
[  8] 176.00-177.00 sec   591 KBytes  4.84 Mbits/sec  1.118 ms  14/446 (3.1%)  
[  8] 177.00-178.00 sec   562 KBytes  4.60 Mbits/sec  1.490 ms  34/445 (7.6%)  
[  8] 178.00-179.00 sec   604 KBytes  4.95 Mbits/sec  1.694 ms  5/447 (1.1%)  
[  8] 179.00-180.00 sec   591 KBytes  4.84 Mbits/sec  1.498 ms  12/444 (2.7%)  
[  8] 180.00-181.00 sec   603 KBytes  4.94 Mbits/sec  2.104 ms  8/449 (1.8%)  
[  8] 181.00-182.00 sec   556 KBytes  4.56 Mbits/sec  1.927 ms  41/448 (9.2%)  
[  8] 182.00-183.00 sec   555 KBytes  4.55 Mbits/sec  2.271 ms  35/441 (7.9%)  
[  8] 183.00-184.00 sec   578 KBytes  4.74 Mbits/sec  2.184 ms  28/451 (6.2%)  
[  8] 184.00-185.00 sec   608 KBytes  4.98 Mbits/sec  1.173 ms  2/447 (0.45%)  
[  8] 185.00-186.00 sec   602 KBytes  4.93 Mbits/sec  1.525 ms  5/445 (1.1%)  
[  8] 186.00-187.00 sec   610 KBytes  5.00 Mbits/sec  1.798 ms  2/448 (0.45%)  
[  8] 187.00-188.00 sec   603 KBytes  4.94 Mbits/sec  1.687 ms  5/446 (1.1%)  
[  8] 188.00-189.00 sec   608 KBytes  4.98 Mbits/sec  1.332 ms  1/446 (0.22%)  
[  8] 189.00-190.00 sec   608 KBytes  4.98 Mbits/sec  1.067 ms  2/447 (0.45%)  
[  8] 190.00-191.00 sec   608 KBytes  4.98 Mbits/sec  1.809 ms  0/445 (0%)  
[  8] 191.00-192.00 sec   585 KBytes  4.79 Mbits/sec  2.233 ms  18/446 (4%)  
[  8] 192.00-193.00 sec   600 KBytes  4.92 Mbits/sec  1.184 ms  8/447 (1.8%)  
[  8] 193.00-194.00 sec   610 KBytes  5.00 Mbits/sec  1.608 ms  1/447 (0.22%)  
[  8] 194.00-195.00 sec   603 KBytes  4.94 Mbits/sec  1.078 ms  7/448 (1.6%)  
[  8] 195.00-196.00 sec   606 KBytes  4.96 Mbits/sec  0.970 ms  3/446 (0.67%)  
[  8] 196.00-197.00 sec   604 KBytes  4.95 Mbits/sec  1.568 ms  4/446 (0.9%)  
[  8] 197.00-198.00 sec   606 KBytes  4.96 Mbits/sec  1.564 ms  2/445 (0.45%)  
[  8] 198.00-199.00 sec   612 KBytes  5.02 Mbits/sec  1.226 ms  0/448 (0%)  
[  8] 199.00-200.00 sec   606 KBytes  4.96 Mbits/sec  1.400 ms  4/447 (0.89%)  
[  8] 200.00-201.00 sec   539 KBytes  4.41 Mbits/sec  2.949 ms  25/419 (6%)  
[  8] 201.00-202.00 sec   507 KBytes  4.16 Mbits/sec  1.851 ms  101/472 (21%)  
[  8] 202.00-203.00 sec   499 KBytes  4.09 Mbits/sec  3.110 ms  22/387 (5.7%)  
[  8] 203.00-204.00 sec   606 KBytes  4.96 Mbits/sec  2.179 ms  61/504 (12%)  
[  8] 204.00-205.00 sec   599 KBytes  4.89 Mbits/sec  2.267 ms  7/445 (1.6%)  
[  8] 205.00-206.00 sec   567 KBytes  4.66 Mbits/sec  1.676 ms  34/449 (7.6%)  
[  8] 206.00-207.00 sec   525 KBytes  4.30 Mbits/sec  3.146 ms  65/449 (14%)  
[  8] 207.00-208.00 sec   550 KBytes  4.50 Mbits/sec  1.449 ms  41/443 (9.3%)  
[  8] 208.00-209.00 sec   539 KBytes  4.41 Mbits/sec  1.422 ms  36/430 (8.4%)  
[  8] 209.00-210.00 sec   608 KBytes  4.98 Mbits/sec  1.425 ms  21/466 (4.5%)  
[  8] 210.00-211.00 sec   610 KBytes  5.00 Mbits/sec  1.448 ms  1/447 (0.22%)  
[  8] 211.00-212.00 sec   607 KBytes  4.97 Mbits/sec  1.260 ms  2/446 (0.45%)  
[  8] 212.00-213.00 sec   604 KBytes  4.95 Mbits/sec  2.228 ms  2/444 (0.45%)  
[  8] 213.00-214.00 sec   612 KBytes  5.02 Mbits/sec  2.160 ms  0/448 (0%)  
[  8] 214.00-215.00 sec   610 KBytes  5.00 Mbits/sec  1.074 ms  0/446 (0%)  
[  8] 215.00-216.00 sec   602 KBytes  4.93 Mbits/sec  1.681 ms  6/446 (1.3%)  
[  8] 216.00-217.00 sec   597 KBytes  4.89 Mbits/sec  0.853 ms  11/448 (2.5%)  
[  8] 217.00-218.00 sec   607 KBytes  4.97 Mbits/sec  0.365 ms  2/446 (0.45%)  
[  8] 218.00-219.00 sec   599 KBytes  4.90 Mbits/sec  1.842 ms  8/446 (1.8%)  
[  8] 219.00-220.00 sec   597 KBytes  4.90 Mbits/sec  0.856 ms  9/446 (2%)  
[  8] 220.00-221.00 sec   511 KBytes  4.19 Mbits/sec  2.672 ms  57/431 (13%)  
[  8] 221.00-222.00 sec   571 KBytes  4.68 Mbits/sec  1.570 ms  44/462 (9.5%)  
[  8] 222.00-223.01 sec   530 KBytes  4.30 Mbits/sec  2.139 ms  60/448 (13%)  
[  8] 223.01-224.00 sec   574 KBytes  4.75 Mbits/sec  1.085 ms  25/445 (5.6%)  
[  8] 224.00-225.00 sec   562 KBytes  4.60 Mbits/sec  1.273 ms  33/444 (7.4%)  
[  8] 225.00-226.00 sec   600 KBytes  4.92 Mbits/sec  1.473 ms  9/448 (2%)  
[  8] 226.00-227.00 sec   602 KBytes  4.91 Mbits/sec  1.580 ms  9/449 (2%)  
[  8] 227.00-228.00 sec   608 KBytes  5.00 Mbits/sec  1.277 ms  1/446 (0.22%)  
[  8] 228.00-229.00 sec   604 KBytes  4.95 Mbits/sec  1.133 ms  4/446 (0.9%)  
[  8] 229.00-230.00 sec   600 KBytes  4.92 Mbits/sec  1.792 ms  5/444 (1.1%)  
[  8] 230.00-231.00 sec   614 KBytes  5.03 Mbits/sec  1.390 ms  0/449 (0%)  
[  8] 231.00-232.00 sec   597 KBytes  4.89 Mbits/sec  1.321 ms  9/446 (2%)  
[  8] 232.00-233.00 sec   604 KBytes  4.95 Mbits/sec  1.145 ms  4/446 (0.9%)  
[  8] 233.00-234.00 sec   587 KBytes  4.80 Mbits/sec  2.216 ms  18/447 (4%)  
[  8] 234.00-235.00 sec   578 KBytes  4.74 Mbits/sec  1.341 ms  11/434 (2.5%)  
[  8] 235.00-236.00 sec   610 KBytes  5.00 Mbits/sec  1.437 ms  14/460 (3%)  
[  8] 236.00-237.00 sec   604 KBytes  4.94 Mbits/sec  1.066 ms  4/446 (0.9%)  
[  8] 237.00-238.00 sec   603 KBytes  4.95 Mbits/sec  1.865 ms  2/443 (0.45%)  
[  8] 238.00-239.00 sec   610 KBytes  4.99 Mbits/sec  1.308 ms  3/449 (0.67%)  
[  8] 239.00-240.00 sec   608 KBytes  4.98 Mbits/sec  1.121 ms  0/445 (0%)  
[  8] 240.00-240.01 sec  6.84 KBytes  6.92 Mbits/sec  1.081 ms  0/5 (0%)  
- - - - - - - - - - - - - - - - - - - - - - - - -
[ ID] Interval           Transfer     Bitrate         Jitter    Lost/Total Datagrams
[  8]   0.00-240.01 sec   137 MBytes  4.79 Mbits/sec  1.081 ms  4464/107143 (4.2%)  receiver
