-----------------------------------------------------------
Server listening on 5201 (test #1)
-----------------------------------------------------------
Accepted connection from 10.0.0.41, port 44444
[  8] local 10.0.0.105 port 5201 connected to 10.0.0.41 port 56171
[ ID] Interval           Transfer     Bitrate         Jitter    Lost/Total Datagrams
[  8]   0.00-1.00   sec   604 KBytes  4.95 Mbits/sec  1.806 ms  1/443 (0.23%)  
[  8]   1.00-2.00   sec   606 KBytes  4.96 Mbits/sec  1.622 ms  5/448 (1.1%)  
[  8]   2.00-3.00   sec   610 KBytes  5.00 Mbits/sec  2.004 ms  0/446 (0%)  
[  8]   3.00-4.00   sec   606 KBytes  4.96 Mbits/sec  1.651 ms  4/447 (0.89%)  
[  8]   4.00-5.00   sec   604 KBytes  4.95 Mbits/sec  1.801 ms  5/447 (1.1%)  
[  8]   5.00-6.00   sec   596 KBytes  4.88 Mbits/sec  1.984 ms  9/445 (2%)  
[  8]   6.00-7.00   sec   589 KBytes  4.83 Mbits/sec  2.760 ms  15/446 (3.4%)  
[  8]   7.00-8.00   sec   611 KBytes  5.01 Mbits/sec  1.648 ms  1/449 (0.22%)  
[  8]   8.00-9.00   sec   604 KBytes  4.95 Mbits/sec  0.985 ms  4/446 (0.9%)  
[  8]   9.00-10.00  sec   610 KBytes  5.00 Mbits/sec  0.894 ms  0/446 (0%)  
[  8]  10.00-11.00  sec   610 KBytes  5.00 Mbits/sec  0.953 ms  0/446 (0%)  
[  8]  11.00-12.00  sec   610 KBytes  5.00 Mbits/sec  1.782 ms  0/446 (0%)  
[  8]  12.00-13.00  sec   607 KBytes  4.97 Mbits/sec  1.023 ms  0/444 (0%)  
[  8]  13.00-14.00  sec   602 KBytes  4.93 Mbits/sec  1.482 ms  7/447 (1.6%)  
[  8]  14.00-15.00  sec   614 KBytes  5.03 Mbits/sec  0.941 ms  0/449 (0%)  
[  8]  15.00-16.00  sec   607 KBytes  4.97 Mbits/sec  1.265 ms  0/444 (0%)  
[  8]  16.00-17.00  sec   606 KBytes  4.96 Mbits/sec  1.726 ms  3/446 (0.67%)  
[  8]  17.00-18.00  sec   614 KBytes  5.03 Mbits/sec  2.433 ms  0/449 (0%)  
[  8]  18.00-19.00  sec   610 KBytes  5.00 Mbits/sec  1.288 ms  0/446 (0%)  
[  8]  19.00-20.00  sec   599 KBytes  4.91 Mbits/sec  1.936 ms  8/446 (1.8%)  
[  8]  20.00-21.00  sec   612 KBytes  5.02 Mbits/sec  2.560 ms  0/448 (0%)  
[  8]  21.00-22.00  sec   607 KBytes  4.97 Mbits/sec  1.529 ms  1/445 (0.22%)  
[  8]  22.00-23.00  sec   447 KBytes  3.67 Mbits/sec  3.161 ms  1/328 (0.3%)  
[  8]  23.00-24.00  sec   660 KBytes  5.41 Mbits/sec  1.989 ms  81/564 (14%)  
[  8]  24.00-25.00  sec   599 KBytes  4.91 Mbits/sec  1.796 ms  9/447 (2%)  
[  8]  25.00-26.00  sec   612 KBytes  5.01 Mbits/sec  1.290 ms  0/448 (0%)  
[  8]  26.00-27.00  sec   608 KBytes  4.99 Mbits/sec  1.022 ms  1/446 (0.22%)  
[  8]  27.00-28.00  sec   597 KBytes  4.89 Mbits/sec  3.145 ms  9/446 (2%)  
[  8]  28.00-29.00  sec   608 KBytes  4.98 Mbits/sec  2.289 ms  0/445 (0%)  
[  8]  29.00-30.00  sec   606 KBytes  4.96 Mbits/sec  2.093 ms  2/445 (0.45%)  
[  8]  30.00-31.00  sec   511 KBytes  4.19 Mbits/sec  2.689 ms  2/376 (0.53%)  
[  8]  31.00-32.00  sec   663 KBytes  5.43 Mbits/sec  2.005 ms  15/500 (3%)  
[  8]  32.00-33.01  sec   574 KBytes  4.68 Mbits/sec  2.347 ms  2/422 (0.47%)  
[  8]  33.01-34.00  sec   565 KBytes  4.65 Mbits/sec  2.263 ms  64/477 (13%)  
[  8]  34.00-35.00  sec   528 KBytes  4.32 Mbits/sec  2.780 ms  10/396 (2.5%)  
[  8]  35.00-36.00  sec   488 KBytes  3.99 Mbits/sec  1.609 ms  115/472 (24%)  
[  8]  36.00-37.00  sec   561 KBytes  4.60 Mbits/sec  3.191 ms  59/469 (13%)  
[  8]  37.00-38.00  sec   503 KBytes  4.12 Mbits/sec  1.678 ms  92/460 (20%)  
[  8]  38.00-39.00  sec   592 KBytes  4.85 Mbits/sec  2.069 ms  12/445 (2.7%)  
[  8]  39.00-40.00  sec   611 KBytes  5.01 Mbits/sec  2.501 ms  1/448 (0.22%)  
[  8]  40.00-41.00  sec   611 KBytes  5.01 Mbits/sec  2.209 ms  1/448 (0.22%)  
[  8]  41.00-42.00  sec   607 KBytes  4.97 Mbits/sec  1.416 ms  0/444 (0%)  
[  8]  42.00-43.00  sec   604 KBytes  4.95 Mbits/sec  1.093 ms  5/447 (1.1%)  
[  8]  43.00-44.00  sec   606 KBytes  4.96 Mbits/sec  2.230 ms  4/447 (0.89%)  
[  8]  44.00-45.00  sec   577 KBytes  4.73 Mbits/sec  1.376 ms  21/443 (4.7%)  
[  8]  45.00-46.00  sec   600 KBytes  4.91 Mbits/sec  1.436 ms  12/451 (2.7%)  
[  8]  46.00-47.00  sec   599 KBytes  4.91 Mbits/sec  1.676 ms  10/448 (2.2%)  
[  8]  47.00-48.00  sec   589 KBytes  4.83 Mbits/sec  1.535 ms  13/444 (2.9%)  
[  8]  48.00-49.00  sec   585 KBytes  4.79 Mbits/sec  2.977 ms  15/443 (3.4%)  
[  8]  49.00-50.00  sec   610 KBytes  4.99 Mbits/sec  2.073 ms  5/451 (1.1%)  
[  8]  50.00-51.00  sec   611 KBytes  5.01 Mbits/sec  0.982 ms  1/448 (0.22%)  
[  8]  51.00-52.00  sec   584 KBytes  4.78 Mbits/sec  2.984 ms  11/438 (2.5%)  
[  8]  52.00-53.00  sec   574 KBytes  4.70 Mbits/sec  0.819 ms  28/448 (6.2%)  
[  8]  53.00-54.00  sec   484 KBytes  3.96 Mbits/sec  3.226 ms  1/355 (0.28%)  
[  8]  54.00-55.00  sec   617 KBytes  5.05 Mbits/sec  1.591 ms  12/463 (2.6%)  
[  8]  55.00-56.00  sec   513 KBytes  4.20 Mbits/sec  1.981 ms  35/410 (8.5%)  
[  8]  56.00-57.00  sec   611 KBytes  5.01 Mbits/sec  3.352 ms  24/471 (5.1%)  
[  8]  57.00-58.00  sec   663 KBytes  5.43 Mbits/sec  1.947 ms  46/531 (8.7%)  
[  8]  58.00-59.00  sec   591 KBytes  4.84 Mbits/sec  2.108 ms  17/449 (3.8%)  
[  8]  59.00-60.00  sec   581 KBytes  4.76 Mbits/sec  2.443 ms  24/449 (5.3%)  
[  8]  60.00-61.00  sec   570 KBytes  4.67 Mbits/sec  1.579 ms  26/443 (5.9%)  
[  8]  61.00-62.00  sec   574 KBytes  4.70 Mbits/sec  1.871 ms  31/451 (6.9%)  
[  8]  62.00-63.00  sec   612 KBytes  5.02 Mbits/sec  2.382 ms  0/448 (0%)  
[  8]  63.00-64.00  sec   608 KBytes  4.98 Mbits/sec  1.384 ms  0/445 (0%)  
[  8]  64.00-65.00  sec   607 KBytes  4.97 Mbits/sec  1.832 ms  2/446 (0.45%)  
[  8]  65.00-66.00  sec   604 KBytes  4.95 Mbits/sec  2.597 ms  4/446 (0.9%)  
[  8]  66.00-67.00  sec   603 KBytes  4.94 Mbits/sec  1.901 ms  8/449 (1.8%)  
[  8]  67.00-68.00  sec   567 KBytes  4.65 Mbits/sec  2.395 ms  28/443 (6.3%)  
[  8]  68.00-69.00  sec   603 KBytes  4.94 Mbits/sec  1.254 ms  8/449 (1.8%)  
[  8]  69.00-70.00  sec   599 KBytes  4.91 Mbits/sec  2.508 ms  8/446 (1.8%)  
[  8]  70.00-71.00  sec   592 KBytes  4.85 Mbits/sec  1.428 ms  12/446 (2.7%)  
[  8]  71.00-72.00  sec   600 KBytes  4.92 Mbits/sec  2.379 ms  9/448 (2%)  
[  8]  72.00-73.00  sec   596 KBytes  4.88 Mbits/sec  2.166 ms  8/444 (1.8%)  
[  8]  73.00-74.00  sec   603 KBytes  4.94 Mbits/sec  1.793 ms  7/448 (1.6%)  
[  8]  74.00-75.00  sec   588 KBytes  4.82 Mbits/sec  1.856 ms  14/444 (3.2%)  
[  8]  75.00-76.00  sec   610 KBytes  5.00 Mbits/sec  1.439 ms  3/449 (0.67%)  
[  8]  76.00-77.00  sec   581 KBytes  4.75 Mbits/sec  2.425 ms  21/446 (4.7%)  
[  8]  77.00-78.00  sec   582 KBytes  4.78 Mbits/sec  2.027 ms  13/439 (3%)  
[  8]  78.00-79.00  sec   588 KBytes  4.82 Mbits/sec  2.333 ms  23/453 (5.1%)  
[  8]  79.00-80.00  sec   611 KBytes  5.01 Mbits/sec  1.562 ms  2/449 (0.45%)  
[  8]  80.00-81.00  sec   600 KBytes  4.92 Mbits/sec  1.843 ms  5/444 (1.1%)  
[  8]  81.00-82.00  sec   554 KBytes  4.54 Mbits/sec  3.070 ms  40/445 (9%)  
[  8]  82.00-83.00  sec   565 KBytes  4.63 Mbits/sec  1.825 ms  36/449 (8%)  
[  8]  83.00-84.00  sec   600 KBytes  4.92 Mbits/sec  2.262 ms  9/448 (2%)  
[  8]  84.00-85.00  sec   604 KBytes  4.95 Mbits/sec  1.941 ms  4/446 (0.9%)  
[  8]  85.00-86.00  sec   578 KBytes  4.74 Mbits/sec  1.107 ms  24/447 (5.4%)  
[  8]  86.00-87.00  sec   587 KBytes  4.80 Mbits/sec  2.047 ms  16/445 (3.6%)  
[  8]  87.00-88.00  sec   596 KBytes  4.88 Mbits/sec  2.208 ms  11/447 (2.5%)  
[  8]  88.00-89.00  sec   608 KBytes  4.98 Mbits/sec  2.120 ms  1/446 (0.22%)  
[  8]  89.00-90.00  sec   603 KBytes  4.94 Mbits/sec  1.250 ms  5/446 (1.1%)  
[  8]  90.00-91.00  sec   604 KBytes  4.95 Mbits/sec  2.502 ms  2/444 (0.45%)  
[  8]  91.00-92.00  sec   577 KBytes  4.73 Mbits/sec  3.069 ms  23/445 (5.2%)  
[  8]  92.00-93.00  sec   597 KBytes  4.89 Mbits/sec  2.087 ms  12/449 (2.7%)  
[  8]  93.00-94.00  sec   595 KBytes  4.87 Mbits/sec  2.079 ms  11/446 (2.5%)  
[  8]  94.00-95.00  sec   585 KBytes  4.79 Mbits/sec  1.641 ms  21/449 (4.7%)  
[  8]  95.00-96.00  sec   602 KBytes  4.93 Mbits/sec  1.714 ms  1/441 (0.23%)  
[  8]  96.00-97.00  sec   596 KBytes  4.88 Mbits/sec  1.755 ms  16/452 (3.5%)  
[  8]  97.00-98.00  sec   593 KBytes  4.86 Mbits/sec  1.451 ms  12/446 (2.7%)  
[  8]  98.00-99.00  sec   600 KBytes  4.92 Mbits/sec  1.899 ms  5/444 (1.1%)  
[  8]  99.00-100.00 sec   600 KBytes  4.92 Mbits/sec  1.632 ms  10/449 (2.2%)  
[  8] 100.00-101.00 sec   602 KBytes  4.93 Mbits/sec  1.447 ms  3/443 (0.68%)  
[  8] 101.00-102.00 sec   597 KBytes  4.89 Mbits/sec  1.630 ms  13/450 (2.9%)  
[  8] 102.00-103.00 sec   602 KBytes  4.93 Mbits/sec  1.397 ms  6/446 (1.3%)  
[  8] 103.00-104.00 sec   610 KBytes  5.00 Mbits/sec  2.082 ms  1/447 (0.22%)  
[  8] 104.00-105.00 sec   604 KBytes  4.95 Mbits/sec  3.022 ms  3/445 (0.67%)  
[  8] 105.00-106.00 sec   610 KBytes  5.00 Mbits/sec  1.161 ms  2/448 (0.45%)  
[  8] 106.00-107.00 sec   563 KBytes  4.61 Mbits/sec  3.080 ms  33/445 (7.4%)  
[  8] 107.00-108.00 sec   592 KBytes  4.83 Mbits/sec  2.530 ms  15/448 (3.3%)  
[  8] 108.00-109.00 sec   587 KBytes  4.82 Mbits/sec  1.543 ms  16/445 (3.6%)  
[  8] 109.00-110.00 sec   606 KBytes  4.96 Mbits/sec  1.169 ms  3/446 (0.67%)  
[  8] 110.00-111.00 sec   539 KBytes  4.41 Mbits/sec  2.748 ms  46/441 (10%)  
[  8] 111.00-112.00 sec   577 KBytes  4.73 Mbits/sec  1.625 ms  30/452 (6.6%)  
[  8] 112.00-113.00 sec   599 KBytes  4.91 Mbits/sec  1.465 ms  7/445 (1.6%)  
[  8] 113.00-114.00 sec   593 KBytes  4.86 Mbits/sec  1.736 ms  16/450 (3.6%)  
[  8] 114.00-115.00 sec   584 KBytes  4.78 Mbits/sec  1.708 ms  17/444 (3.8%)  
[  8] 115.00-116.00 sec   610 KBytes  4.98 Mbits/sec  1.915 ms  2/448 (0.45%)  
[  8] 116.00-117.00 sec   593 KBytes  4.87 Mbits/sec  1.751 ms  10/444 (2.3%)  
[  8] 117.00-118.00 sec   581 KBytes  4.76 Mbits/sec  2.633 ms  12/437 (2.7%)  
[  8] 118.00-119.00 sec   577 KBytes  4.73 Mbits/sec  2.586 ms  33/455 (7.3%)  
[  8] 119.00-120.00 sec   563 KBytes  4.61 Mbits/sec  1.354 ms  34/446 (7.6%)  
[  8] 120.00-121.00 sec   604 KBytes  4.95 Mbits/sec  2.516 ms  2/444 (0.45%)  
[  8] 121.00-122.00 sec   617 KBytes  5.05 Mbits/sec  1.922 ms  0/451 (0%)  
[  8] 122.00-123.00 sec   591 KBytes  4.84 Mbits/sec  3.054 ms  12/444 (2.7%)  
[  8] 123.00-124.00 sec   600 KBytes  4.92 Mbits/sec  2.057 ms  12/451 (2.7%)  
[  8] 124.00-125.00 sec   592 KBytes  4.85 Mbits/sec  1.637 ms  12/445 (2.7%)  
[  8] 125.00-126.00 sec   612 KBytes  5.02 Mbits/sec  1.316 ms  0/448 (0%)  
[  8] 126.00-127.00 sec   582 KBytes  4.77 Mbits/sec  2.386 ms  16/442 (3.6%)  
[  8] 127.00-128.00 sec   596 KBytes  4.88 Mbits/sec  2.501 ms  11/447 (2.5%)  
[  8] 128.00-129.00 sec   558 KBytes  4.57 Mbits/sec  2.188 ms  34/442 (7.7%)  
[  8] 129.00-130.00 sec   612 KBytes  5.02 Mbits/sec  1.461 ms  7/455 (1.5%)  
[  8] 130.00-131.00 sec   576 KBytes  4.72 Mbits/sec  1.163 ms  25/446 (5.6%)  
[  8] 131.00-132.00 sec   547 KBytes  4.48 Mbits/sec  2.522 ms  28/428 (6.5%)  
[  8] 132.00-133.00 sec   589 KBytes  4.83 Mbits/sec  2.375 ms  28/459 (6.1%)  
[  8] 133.00-134.00 sec   597 KBytes  4.89 Mbits/sec  2.251 ms  15/452 (3.3%)  
[  8] 134.00-135.00 sec   596 KBytes  4.88 Mbits/sec  1.568 ms  9/445 (2%)  
[  8] 135.00-136.00 sec   576 KBytes  4.71 Mbits/sec  1.989 ms  26/447 (5.8%)  
[  8] 136.00-137.00 sec   589 KBytes  4.83 Mbits/sec  2.044 ms  15/446 (3.4%)  
[  8] 137.00-138.00 sec   600 KBytes  4.92 Mbits/sec  2.191 ms  8/447 (1.8%)  
[  8] 138.00-139.00 sec   604 KBytes  4.95 Mbits/sec  2.115 ms  3/445 (0.67%)  
[  8] 139.00-140.00 sec   608 KBytes  4.98 Mbits/sec  2.350 ms  0/445 (0%)  
[  8] 140.00-141.00 sec   607 KBytes  4.97 Mbits/sec  1.680 ms  3/447 (0.67%)  
[  8] 141.00-142.00 sec   588 KBytes  4.82 Mbits/sec  1.967 ms  18/448 (4%)  
[  8] 142.00-143.00 sec   602 KBytes  4.93 Mbits/sec  1.898 ms  6/446 (1.3%)  
[  8] 143.00-144.00 sec   608 KBytes  4.98 Mbits/sec  1.848 ms  1/446 (0.22%)  
[  8] 144.00-145.00 sec   606 KBytes  4.96 Mbits/sec  1.567 ms  2/445 (0.45%)  
[  8] 145.00-146.00 sec   580 KBytes  4.75 Mbits/sec  1.476 ms  23/447 (5.1%)  
[  8] 146.00-147.00 sec   595 KBytes  4.87 Mbits/sec  2.339 ms  11/446 (2.5%)  
[  8] 147.00-148.00 sec   596 KBytes  4.88 Mbits/sec  2.508 ms  10/446 (2.2%)  
[  8] 148.00-149.00 sec   597 KBytes  4.89 Mbits/sec  2.124 ms  12/449 (2.7%)  
[  8] 149.00-150.00 sec   610 KBytes  5.00 Mbits/sec  1.582 ms  2/448 (0.45%)  
[  8] 150.00-151.00 sec   585 KBytes  4.79 Mbits/sec  2.265 ms  16/444 (3.6%)  
[  8] 151.00-152.00 sec   569 KBytes  4.66 Mbits/sec  2.049 ms  31/447 (6.9%)  
[  8] 152.00-153.00 sec   604 KBytes  4.95 Mbits/sec  1.469 ms  4/446 (0.9%)  
[  8] 153.00-154.00 sec   607 KBytes  4.97 Mbits/sec  1.517 ms  4/448 (0.89%)  
[  8] 154.00-155.00 sec   606 KBytes  4.96 Mbits/sec  2.013 ms  5/448 (1.1%)  
[  8] 155.00-156.00 sec   591 KBytes  4.84 Mbits/sec  1.730 ms  13/445 (2.9%)  
[  8] 156.00-157.00 sec   585 KBytes  4.79 Mbits/sec  1.994 ms  19/447 (4.3%)  
[  8] 157.00-158.00 sec   576 KBytes  4.72 Mbits/sec  2.256 ms  23/444 (5.2%)  
[  8] 158.00-159.00 sec   582 KBytes  4.77 Mbits/sec  3.115 ms  21/447 (4.7%)  
[  8] 159.00-160.00 sec   585 KBytes  4.79 Mbits/sec  1.579 ms  17/445 (3.8%)  
[  8] 160.00-161.00 sec   592 KBytes  4.85 Mbits/sec  2.528 ms  13/446 (2.9%)  
[  8] 161.00-162.00 sec   570 KBytes  4.67 Mbits/sec  2.721 ms  16/433 (3.7%)  
[  8] 162.00-163.00 sec   587 KBytes  4.80 Mbits/sec  1.392 ms  34/463 (7.3%)  
[  8] 163.00-164.00 sec   603 KBytes  4.94 Mbits/sec  2.539 ms  4/445 (0.9%)  
[  8] 164.00-165.00 sec   593 KBytes  4.86 Mbits/sec  2.745 ms  10/444 (2.3%)  
[  8] 165.00-166.00 sec   593 KBytes  4.86 Mbits/sec  1.156 ms  17/451 (3.8%)  
[  8] 166.00-167.00 sec   584 KBytes  4.78 Mbits/sec  1.359 ms  16/443 (3.6%)  
[  8] 167.00-168.00 sec   587 KBytes  4.81 Mbits/sec  1.995 ms  19/448 (4.2%)  
[  8] 168.00-169.00 sec   597 KBytes  4.90 Mbits/sec  1.137 ms  11/448 (2.5%)  
[  8] 169.00-170.00 sec   600 KBytes  4.92 Mbits/sec  1.836 ms  5/444 (1.1%)  
[  8] 170.00-171.00 sec   574 KBytes  4.70 Mbits/sec  1.961 ms  11/431 (2.6%)  
[  8] 171.00-172.00 sec   597 KBytes  4.90 Mbits/sec  3.026 ms  26/463 (5.6%)  
[  8] 172.00-173.00 sec   559 KBytes  4.58 Mbits/sec  3.533 ms  13/422 (3.1%)  
[  8] 173.00-174.00 sec   615 KBytes  5.04 Mbits/sec  1.037 ms  22/472 (4.7%)  
[  8] 174.00-175.00 sec   602 KBytes  4.93 Mbits/sec  1.486 ms  4/444 (0.9%)  
[  8] 175.00-176.00 sec   611 KBytes  5.01 Mbits/sec  0.848 ms  2/449 (0.45%)  
[  8] 176.00-177.00 sec   558 KBytes  4.57 Mbits/sec  1.849 ms  34/442 (7.7%)  
[  8] 177.00-178.00 sec   592 KBytes  4.85 Mbits/sec  1.545 ms  11/444 (2.5%)  
[  8] 178.00-179.00 sec   592 KBytes  4.85 Mbits/sec  2.959 ms  10/443 (2.3%)  
[  8] 179.00-180.00 sec   617 KBytes  5.05 Mbits/sec  1.984 ms  6/457 (1.3%)  
[  8] 180.00-181.00 sec   595 KBytes  4.87 Mbits/sec  1.736 ms  9/444 (2%)  
[  8] 181.00-182.00 sec   585 KBytes  4.79 Mbits/sec  2.028 ms  19/447 (4.3%)  
[  8] 182.00-183.00 sec   562 KBytes  4.60 Mbits/sec  2.483 ms  29/440 (6.6%)  
[  8] 183.00-184.00 sec   612 KBytes  5.02 Mbits/sec  2.250 ms  4/452 (0.88%)  
[  8] 184.00-185.00 sec   606 KBytes  4.96 Mbits/sec  1.416 ms  5/448 (1.1%)  
[  8] 185.00-186.00 sec   595 KBytes  4.87 Mbits/sec  1.598 ms  11/446 (2.5%)  
[  8] 186.00-187.00 sec   571 KBytes  4.68 Mbits/sec  2.310 ms  28/446 (6.3%)  
[  8] 187.00-188.00 sec   593 KBytes  4.86 Mbits/sec  1.328 ms  9/443 (2%)  
[  8] 188.00-189.00 sec   608 KBytes  4.98 Mbits/sec  1.369 ms  5/450 (1.1%)  
[  8] 189.00-190.00 sec   611 KBytes  5.01 Mbits/sec  0.727 ms  0/447 (0%)  
[  8] 190.00-191.00 sec   604 KBytes  4.95 Mbits/sec  1.267 ms  2/444 (0.45%)  
[  8] 191.00-192.00 sec   567 KBytes  4.65 Mbits/sec  2.529 ms  30/445 (6.7%)  
[  8] 192.00-193.00 sec   600 KBytes  4.92 Mbits/sec  1.911 ms  11/450 (2.4%)  
[  8] 193.00-194.00 sec   591 KBytes  4.84 Mbits/sec  1.540 ms  16/448 (3.6%)  
[  8] 194.00-195.00 sec   585 KBytes  4.79 Mbits/sec  1.540 ms  18/446 (4%)  
[  8] 195.00-196.00 sec   591 KBytes  4.84 Mbits/sec  1.098 ms  13/445 (2.9%)  
[  8] 196.00-197.00 sec   582 KBytes  4.77 Mbits/sec  1.688 ms  19/446 (4.3%)  
[  8] 197.00-198.00 sec   600 KBytes  4.92 Mbits/sec  1.401 ms  8/447 (1.8%)  
[  8] 198.00-199.00 sec   600 KBytes  4.92 Mbits/sec  1.685 ms  9/448 (2%)  
[  8] 199.00-200.00 sec   603 KBytes  4.94 Mbits/sec  1.606 ms  4/445 (0.9%)  
[  8] 200.00-201.00 sec   599 KBytes  4.91 Mbits/sec  2.150 ms  9/447 (2%)  
[  8] 201.00-202.00 sec   507 KBytes  4.16 Mbits/sec  2.109 ms  68/439 (15%)  
[  8] 202.00-203.00 sec   574 KBytes  4.70 Mbits/sec  1.842 ms  33/453 (7.3%)  
[  8] 203.00-204.00 sec   569 KBytes  4.66 Mbits/sec  2.954 ms  24/440 (5.5%)  
[  8] 204.00-205.00 sec   599 KBytes  4.91 Mbits/sec  2.593 ms  4/442 (0.9%)  
[  8] 205.00-206.00 sec   566 KBytes  4.64 Mbits/sec  0.796 ms  32/446 (7.2%)  
[  8] 206.00-207.00 sec   600 KBytes  4.92 Mbits/sec  2.471 ms  16/455 (3.5%)  
[  8] 207.00-208.00 sec   596 KBytes  4.88 Mbits/sec  1.842 ms  15/451 (3.3%)  
[  8] 208.00-209.00 sec   596 KBytes  4.88 Mbits/sec  1.293 ms  9/445 (2%)  
[  8] 209.00-210.00 sec   596 KBytes  4.88 Mbits/sec  1.971 ms  10/446 (2.2%)  
[  8] 210.00-211.00 sec   603 KBytes  4.94 Mbits/sec  1.735 ms  7/448 (1.6%)  
[  8] 211.00-212.00 sec   593 KBytes  4.86 Mbits/sec  1.497 ms  10/444 (2.3%)  
[  8] 212.00-213.00 sec   584 KBytes  4.78 Mbits/sec  2.000 ms  17/444 (3.8%)  
[  8] 213.00-214.00 sec   580 KBytes  4.75 Mbits/sec  1.816 ms  26/450 (5.8%)  
[  8] 214.00-215.00 sec   611 KBytes  5.01 Mbits/sec  1.126 ms  0/447 (0%)  
[  8] 215.00-216.00 sec   599 KBytes  4.89 Mbits/sec  2.011 ms  8/446 (1.8%)  
[  8] 216.00-217.00 sec   599 KBytes  4.92 Mbits/sec  1.317 ms  10/448 (2.2%)  
[  8] 217.00-218.00 sec   589 KBytes  4.83 Mbits/sec  1.469 ms  8/439 (1.8%)  
[  8] 218.00-219.00 sec   603 KBytes  4.94 Mbits/sec  2.387 ms  12/453 (2.6%)  
[  8] 219.00-220.00 sec   589 KBytes  4.83 Mbits/sec  1.892 ms  16/447 (3.6%)  
[  8] 220.00-221.00 sec   602 KBytes  4.93 Mbits/sec  1.680 ms  6/446 (1.3%)  
[  8] 221.00-222.00 sec   571 KBytes  4.68 Mbits/sec  2.722 ms  12/430 (2.8%)  
[  8] 222.00-223.00 sec   514 KBytes  4.21 Mbits/sec  2.671 ms  82/458 (18%)  
[  8] 223.00-224.00 sec   599 KBytes  4.91 Mbits/sec  1.512 ms  13/451 (2.9%)  
[  8] 224.00-225.00 sec   599 KBytes  4.91 Mbits/sec  1.471 ms  7/445 (1.6%)  
[  8] 225.00-226.00 sec   600 KBytes  4.91 Mbits/sec  1.826 ms  7/446 (1.6%)  
[  8] 226.00-227.00 sec   600 KBytes  4.92 Mbits/sec  1.910 ms  10/449 (2.2%)  
[  8] 227.00-228.00 sec   608 KBytes  4.98 Mbits/sec  1.457 ms  0/445 (0%)  
[  8] 228.00-229.00 sec   608 KBytes  4.98 Mbits/sec  1.278 ms  2/447 (0.45%)  
[  8] 229.00-230.00 sec   603 KBytes  4.94 Mbits/sec  2.248 ms  2/443 (0.45%)  
[  8] 230.00-231.00 sec   614 KBytes  5.03 Mbits/sec  1.547 ms  0/449 (0%)  
[  8] 231.00-232.00 sec   604 KBytes  4.95 Mbits/sec  1.618 ms  5/447 (1.1%)  
[  8] 232.00-233.00 sec   602 KBytes  4.93 Mbits/sec  1.659 ms  4/444 (0.9%)  
[  8] 233.00-234.00 sec   592 KBytes  4.85 Mbits/sec  1.653 ms  12/445 (2.7%)  
[  8] 234.00-235.00 sec   561 KBytes  4.59 Mbits/sec  2.945 ms  18/428 (4.2%)  
[  8] 235.00-236.00 sec   604 KBytes  4.95 Mbits/sec  1.820 ms  27/469 (5.8%)  
[  8] 236.00-237.00 sec   606 KBytes  4.96 Mbits/sec  1.406 ms  0/443 (0%)  
[  8] 237.00-238.00 sec   603 KBytes  4.94 Mbits/sec  1.921 ms  8/449 (1.8%)  
[  8] 238.00-239.00 sec   602 KBytes  4.93 Mbits/sec  1.069 ms  8/448 (1.8%)  
[  8] 239.00-240.00 sec   608 KBytes  4.98 Mbits/sec  1.595 ms  1/446 (0.22%)  
[  8] 240.00-240.01 sec  2.73 KBytes  3.56 Mbits/sec  1.611 ms  0/2 (0%)  
- - - - - - - - - - - - - - - - - - - - - - - - -
[ ID] Interval           Transfer     Bitrate         Jitter    Lost/Total Datagrams
[  8]   0.00-240.01 sec   139 MBytes  4.85 Mbits/sec  1.611 ms  3211/107143 (3%)  receiver
