-----------------------------------------------------------
Server listening on 5201 (test #1)
-----------------------------------------------------------
Accepted connection from 10.0.0.21, port 47272
[  8] local 10.0.0.53 port 5201 connected to 10.0.0.21 port 57380
[ ID] Interval           Transfer     Bitrate         Jitter    Lost/Total Datagrams
[  8]   0.00-1.00   sec   597 KBytes  4.89 Mbits/sec  0.652 ms  3/440 (0.68%)  
[  8]   1.00-2.00   sec   597 KBytes  4.89 Mbits/sec  2.350 ms  13/450 (2.9%)  
[  8]   2.00-3.00   sec   612 KBytes  5.02 Mbits/sec  1.168 ms  0/448 (0%)  
[  8]   3.00-4.00   sec   607 KBytes  4.97 Mbits/sec  1.031 ms  2/446 (0.45%)  
[  8]   4.00-5.00   sec   607 KBytes  4.97 Mbits/sec  1.087 ms  3/447 (0.67%)  
[  8]   5.00-6.00   sec   597 KBytes  4.89 Mbits/sec  1.268 ms  9/446 (2%)  
[  8]   6.00-7.00   sec   551 KBytes  4.51 Mbits/sec  1.270 ms  44/447 (9.8%)  
[  8]   7.00-8.00   sec   604 KBytes  4.95 Mbits/sec  1.240 ms  4/446 (0.9%)  
[  8]   8.00-9.00   sec   612 KBytes  5.01 Mbits/sec  0.687 ms  0/448 (0%)  
[  8]   9.00-10.00  sec   608 KBytes  4.99 Mbits/sec  0.935 ms  0/445 (0%)  
[  8]  10.00-11.00  sec   610 KBytes  5.00 Mbits/sec  0.654 ms  0/446 (0%)  
[  8]  11.00-12.00  sec   607 KBytes  4.97 Mbits/sec  1.433 ms  2/446 (0.45%)  
[  8]  12.00-13.00  sec   604 KBytes  4.95 Mbits/sec  1.350 ms  5/447 (1.1%)  
[  8]  13.00-14.00  sec   610 KBytes  5.00 Mbits/sec  1.207 ms  0/446 (0%)  
[  8]  14.00-15.00  sec   607 KBytes  4.97 Mbits/sec  1.581 ms  3/447 (0.67%)  
[  8]  15.00-16.00  sec   608 KBytes  4.98 Mbits/sec  1.226 ms  1/446 (0.22%)  
[  8]  16.00-17.00  sec   610 KBytes  4.99 Mbits/sec  0.620 ms  1/447 (0.22%)  
[  8]  17.00-18.00  sec   606 KBytes  4.96 Mbits/sec  1.001 ms  3/446 (0.67%)  
[  8]  18.00-19.00  sec   608 KBytes  4.98 Mbits/sec  1.074 ms  1/446 (0.22%)  
[  8]  19.00-20.00  sec   597 KBytes  4.89 Mbits/sec  1.100 ms  8/445 (1.8%)  
[  8]  20.00-21.00  sec   602 KBytes  4.93 Mbits/sec  0.701 ms  5/445 (1.1%)  
[  8]  21.00-22.00  sec   608 KBytes  4.98 Mbits/sec  0.954 ms  2/447 (0.45%)  
[  8]  22.00-23.00  sec   431 KBytes  3.53 Mbits/sec  2.018 ms  8/323 (2.5%)  
[  8]  23.00-24.00  sec   496 KBytes  4.07 Mbits/sec  2.135 ms  210/573 (37%)  
[  8]  24.00-25.00  sec   608 KBytes  4.98 Mbits/sec  1.772 ms  1/446 (0.22%)  
[  8]  25.00-26.00  sec   608 KBytes  4.98 Mbits/sec  1.469 ms  1/446 (0.22%)  
[  8]  26.00-27.00  sec   604 KBytes  4.95 Mbits/sec  1.149 ms  4/446 (0.9%)  
[  8]  27.00-28.00  sec   602 KBytes  4.93 Mbits/sec  1.698 ms  6/446 (1.3%)  
[  8]  28.00-29.00  sec   607 KBytes  4.97 Mbits/sec  2.392 ms  0/444 (0%)  
[  8]  29.00-30.00  sec   610 KBytes  4.99 Mbits/sec  1.712 ms  2/448 (0.45%)  
[  8]  30.00-31.00  sec   477 KBytes  3.91 Mbits/sec  2.281 ms  22/371 (5.9%)  
[  8]  31.00-32.00  sec   643 KBytes  5.26 Mbits/sec  1.590 ms  31/501 (6.2%)  
[  8]  32.00-33.00  sec   552 KBytes  4.53 Mbits/sec  1.462 ms  17/421 (4%)  
[  8]  33.00-34.00  sec   622 KBytes  5.08 Mbits/sec  2.200 ms  27/482 (5.6%)  
[  8]  34.00-35.00  sec   511 KBytes  4.20 Mbits/sec  2.329 ms  20/394 (5.1%)  
[  8]  35.00-36.00  sec   550 KBytes  4.50 Mbits/sec  2.347 ms  71/473 (15%)  
[  8]  36.00-37.00  sec   623 KBytes  5.11 Mbits/sec  2.704 ms  14/470 (3%)  
[  8]  37.00-38.00  sec   484 KBytes  3.96 Mbits/sec  1.235 ms  108/462 (23%)  
[  8]  38.00-39.00  sec   595 KBytes  4.87 Mbits/sec  2.372 ms  9/444 (2%)  
[  8]  39.00-40.00  sec   606 KBytes  4.96 Mbits/sec  1.654 ms  4/447 (0.89%)  
[  8]  40.00-41.00  sec   593 KBytes  4.86 Mbits/sec  1.498 ms  13/447 (2.9%)  
[  8]  41.00-42.00  sec   596 KBytes  4.88 Mbits/sec  1.797 ms  5/441 (1.1%)  
[  8]  42.00-43.00  sec   596 KBytes  4.88 Mbits/sec  1.448 ms  15/451 (3.3%)  
[  8]  43.00-44.00  sec   607 KBytes  4.97 Mbits/sec  1.256 ms  4/448 (0.89%)  
[  8]  44.00-45.00  sec   592 KBytes  4.85 Mbits/sec  1.685 ms  12/445 (2.7%)  
[  8]  45.00-46.00  sec   607 KBytes  4.97 Mbits/sec  1.151 ms  2/446 (0.45%)  
[  8]  46.00-47.00  sec   600 KBytes  4.92 Mbits/sec  1.624 ms  9/448 (2%)  
[  8]  47.00-48.00  sec   593 KBytes  4.86 Mbits/sec  1.689 ms  9/443 (2%)  
[  8]  48.00-49.00  sec   593 KBytes  4.86 Mbits/sec  1.789 ms  14/448 (3.1%)  
[  8]  49.00-50.00  sec   607 KBytes  4.97 Mbits/sec  1.068 ms  4/448 (0.89%)  
[  8]  50.00-51.00  sec   611 KBytes  5.01 Mbits/sec  1.078 ms  1/448 (0.22%)  
[  8]  51.00-52.00  sec   547 KBytes  4.48 Mbits/sec  2.948 ms  23/423 (5.4%)  
[  8]  52.00-53.00  sec   522 KBytes  4.28 Mbits/sec  1.443 ms  73/455 (16%)  
[  8]  53.00-54.00  sec   442 KBytes  3.62 Mbits/sec  3.527 ms  41/364 (11%)  
[  8]  54.00-55.00  sec   355 KBytes  2.91 Mbits/sec  2.958 ms  203/463 (44%)  
[  8]  55.00-56.00  sec   278 KBytes  2.27 Mbits/sec  6.269 ms  182/385 (47%)  
[  8]  56.00-57.00  sec   414 KBytes  3.40 Mbits/sec  2.822 ms  193/496 (39%)  
[  8]  57.00-58.00  sec   611 KBytes  5.01 Mbits/sec  1.172 ms  90/537 (17%)  
[  8]  58.00-59.00  sec   602 KBytes  4.93 Mbits/sec  2.583 ms  4/444 (0.9%)  
[  8]  59.00-60.00  sec   580 KBytes  4.75 Mbits/sec  1.776 ms  26/450 (5.8%)  
[  8]  60.00-61.00  sec   562 KBytes  4.60 Mbits/sec  2.943 ms  30/441 (6.8%)  
[  8]  61.00-62.00  sec   600 KBytes  4.92 Mbits/sec  1.566 ms  13/452 (2.9%)  
[  8]  62.00-63.00  sec   596 KBytes  4.88 Mbits/sec  0.958 ms  10/446 (2.2%)  
[  8]  63.00-64.00  sec   602 KBytes  4.93 Mbits/sec  1.247 ms  6/446 (1.3%)  
[  8]  64.00-65.00  sec   606 KBytes  4.96 Mbits/sec  1.927 ms  2/445 (0.45%)  
[  8]  65.00-66.00  sec   599 KBytes  4.91 Mbits/sec  1.986 ms  9/447 (2%)  
[  8]  66.00-67.00  sec   570 KBytes  4.67 Mbits/sec  2.011 ms  30/447 (6.7%)  
[  8]  67.00-68.00  sec   563 KBytes  4.61 Mbits/sec  2.099 ms  35/447 (7.8%)  
[  8]  68.00-69.00  sec   595 KBytes  4.87 Mbits/sec  1.063 ms  9/444 (2%)  
[  8]  69.00-70.00  sec   584 KBytes  4.78 Mbits/sec  1.278 ms  21/448 (4.7%)  
[  8]  70.00-71.00  sec   585 KBytes  4.79 Mbits/sec  1.770 ms  20/448 (4.5%)  
[  8]  71.00-72.00  sec   597 KBytes  4.89 Mbits/sec  1.201 ms  10/447 (2.2%)  
[  8]  72.00-73.00  sec   607 KBytes  4.98 Mbits/sec  1.301 ms  1/445 (0.22%)  
[  8]  73.00-74.00  sec   604 KBytes  4.95 Mbits/sec  1.714 ms  3/445 (0.67%)  
[  8]  74.00-75.00  sec   596 KBytes  4.88 Mbits/sec  1.377 ms  10/446 (2.2%)  
[  8]  75.00-76.00  sec   597 KBytes  4.90 Mbits/sec  1.250 ms  11/448 (2.5%)  
[  8]  76.00-77.00  sec   570 KBytes  4.67 Mbits/sec  1.716 ms  30/447 (6.7%)  
[  8]  77.00-78.00  sec   580 KBytes  4.75 Mbits/sec  1.799 ms  12/436 (2.8%)  
[  8]  78.00-79.00  sec   614 KBytes  5.03 Mbits/sec  1.371 ms  7/456 (1.5%)  
[  8]  79.00-80.00  sec   595 KBytes  4.87 Mbits/sec  1.309 ms  11/446 (2.5%)  
[  8]  80.00-81.00  sec   593 KBytes  4.86 Mbits/sec  1.164 ms  11/445 (2.5%)  
[  8]  81.00-82.00  sec   584 KBytes  4.78 Mbits/sec  1.771 ms  22/449 (4.9%)  
[  8]  82.00-83.00  sec   570 KBytes  4.67 Mbits/sec  0.578 ms  25/442 (5.7%)  
[  8]  83.00-84.00  sec   513 KBytes  4.20 Mbits/sec  2.613 ms  32/407 (7.9%)  
[  8]  84.00-85.00  sec   610 KBytes  5.00 Mbits/sec  2.062 ms  43/489 (8.8%)  
[  8]  85.00-86.00  sec   511 KBytes  4.19 Mbits/sec  1.575 ms  73/447 (16%)  
[  8]  86.00-87.00  sec   589 KBytes  4.83 Mbits/sec  1.516 ms  11/442 (2.5%)  
[  8]  87.00-88.00  sec   604 KBytes  4.95 Mbits/sec  2.121 ms  10/452 (2.2%)  
[  8]  88.00-89.00  sec   606 KBytes  4.96 Mbits/sec  1.962 ms  2/445 (0.45%)  
[  8]  89.00-90.00  sec   610 KBytes  5.00 Mbits/sec  1.091 ms  2/448 (0.45%)  
[  8]  90.00-91.00  sec   600 KBytes  4.92 Mbits/sec  2.377 ms  2/441 (0.45%)  
[  8]  91.00-92.00  sec   570 KBytes  4.67 Mbits/sec  1.762 ms  35/452 (7.7%)  
[  8]  92.00-93.00  sec   584 KBytes  4.78 Mbits/sec  1.952 ms  18/445 (4%)  
[  8]  93.00-94.00  sec   603 KBytes  4.94 Mbits/sec  2.180 ms  5/446 (1.1%)  
[  8]  94.00-95.00  sec   588 KBytes  4.82 Mbits/sec  1.003 ms  18/448 (4%)  
[  8]  95.00-96.00  sec   607 KBytes  4.96 Mbits/sec  1.738 ms  3/447 (0.67%)  
[  8]  96.00-97.00  sec   600 KBytes  4.93 Mbits/sec  1.347 ms  6/445 (1.3%)  
[  8]  97.00-98.00  sec   607 KBytes  4.97 Mbits/sec  1.110 ms  3/447 (0.67%)  
[  8]  98.00-99.00  sec   606 KBytes  4.96 Mbits/sec  2.022 ms  4/447 (0.89%)  
[  8]  99.00-100.00 sec   597 KBytes  4.89 Mbits/sec  1.506 ms  9/446 (2%)  
[  8] 100.00-101.00 sec   606 KBytes  4.96 Mbits/sec  0.882 ms  3/446 (0.67%)  
[  8] 101.00-102.00 sec   599 KBytes  4.91 Mbits/sec  0.922 ms  9/447 (2%)  
[  8] 102.00-103.00 sec   600 KBytes  4.92 Mbits/sec  0.937 ms  6/445 (1.3%)  
[  8] 103.00-104.00 sec   577 KBytes  4.73 Mbits/sec  1.874 ms  17/439 (3.9%)  
[  8] 104.00-105.00 sec   576 KBytes  4.72 Mbits/sec  0.762 ms  11/432 (2.5%)  
[  8] 105.00-106.00 sec   623 KBytes  5.11 Mbits/sec  0.996 ms  15/471 (3.2%)  
[  8] 106.00-107.00 sec   569 KBytes  4.66 Mbits/sec  2.420 ms  28/444 (6.3%)  
[  8] 107.00-108.00 sec   595 KBytes  4.87 Mbits/sec  1.301 ms  13/448 (2.9%)  
[  8] 108.00-109.00 sec   584 KBytes  4.78 Mbits/sec  1.232 ms  19/446 (4.3%)  
[  8] 109.00-110.00 sec   603 KBytes  4.94 Mbits/sec  1.143 ms  2/443 (0.45%)  
[  8] 110.00-111.00 sec   570 KBytes  4.67 Mbits/sec  1.733 ms  25/442 (5.7%)  
[  8] 111.00-112.00 sec   596 KBytes  4.88 Mbits/sec  1.126 ms  18/454 (4%)  
[  8] 112.00-113.00 sec   600 KBytes  4.92 Mbits/sec  1.099 ms  7/446 (1.6%)  
[  8] 113.00-114.00 sec   603 KBytes  4.94 Mbits/sec  1.209 ms  4/445 (0.9%)  
[  8] 114.00-115.00 sec   593 KBytes  4.86 Mbits/sec  2.373 ms  3/437 (0.69%)  
[  8] 115.00-116.00 sec   596 KBytes  4.88 Mbits/sec  1.540 ms  22/458 (4.8%)  
[  8] 116.00-117.00 sec   592 KBytes  4.85 Mbits/sec  1.497 ms  13/446 (2.9%)  
[  8] 117.00-118.00 sec   567 KBytes  4.65 Mbits/sec  2.286 ms  27/442 (6.1%)  
[  8] 118.00-119.00 sec   573 KBytes  4.69 Mbits/sec  1.951 ms  31/450 (6.9%)  
[  8] 119.00-120.00 sec   596 KBytes  4.88 Mbits/sec  1.518 ms  12/448 (2.7%)  
[  8] 120.00-121.00 sec   596 KBytes  4.88 Mbits/sec  2.796 ms  8/444 (1.8%)  
[  8] 121.00-122.00 sec   567 KBytes  4.65 Mbits/sec  1.944 ms  34/449 (7.6%)  
[  8] 122.00-123.00 sec   556 KBytes  4.56 Mbits/sec  2.339 ms  39/446 (8.7%)  
[  8] 123.00-124.00 sec   552 KBytes  4.52 Mbits/sec  1.517 ms  43/447 (9.6%)  
[  8] 124.00-125.00 sec   592 KBytes  4.85 Mbits/sec  1.202 ms  13/446 (2.9%)  
[  8] 125.00-126.00 sec   599 KBytes  4.91 Mbits/sec  1.927 ms  6/444 (1.4%)  
[  8] 126.00-127.00 sec   565 KBytes  4.63 Mbits/sec  2.435 ms  33/446 (7.4%)  
[  8] 127.00-128.00 sec   555 KBytes  4.55 Mbits/sec  2.073 ms  27/433 (6.2%)  
[  8] 128.00-129.00 sec   585 KBytes  4.79 Mbits/sec  1.644 ms  32/460 (7%)  
[  8] 129.00-130.00 sec   610 KBytes  5.00 Mbits/sec  2.043 ms  3/449 (0.67%)  
[  8] 130.00-131.00 sec   521 KBytes  4.27 Mbits/sec  1.656 ms  65/446 (15%)  
[  8] 131.00-132.00 sec   558 KBytes  4.57 Mbits/sec  2.576 ms  29/437 (6.6%)  
[  8] 132.00-133.00 sec   584 KBytes  4.78 Mbits/sec  1.568 ms  26/453 (5.7%)  
[  8] 133.00-134.00 sec   599 KBytes  4.91 Mbits/sec  1.497 ms  11/449 (2.4%)  
[  8] 134.00-135.00 sec   604 KBytes  4.95 Mbits/sec  1.626 ms  5/447 (1.1%)  
[  8] 135.00-136.00 sec   543 KBytes  4.45 Mbits/sec  1.291 ms  48/445 (11%)  
[  8] 136.00-137.00 sec   578 KBytes  4.74 Mbits/sec  1.555 ms  23/446 (5.2%)  
[  8] 137.00-138.00 sec   592 KBytes  4.85 Mbits/sec  1.515 ms  16/449 (3.6%)  
[  8] 138.00-139.00 sec   577 KBytes  4.73 Mbits/sec  0.997 ms  24/446 (5.4%)  
[  8] 139.00-140.00 sec   592 KBytes  4.85 Mbits/sec  1.106 ms  13/446 (2.9%)  
[  8] 140.00-141.00 sec   593 KBytes  4.86 Mbits/sec  1.501 ms  11/445 (2.5%)  
[  8] 141.00-142.00 sec   566 KBytes  4.64 Mbits/sec  1.810 ms  32/446 (7.2%)  
[  8] 142.00-143.00 sec   591 KBytes  4.84 Mbits/sec  1.179 ms  13/445 (2.9%)  
[  8] 143.00-144.00 sec   580 KBytes  4.75 Mbits/sec  1.547 ms  26/450 (5.8%)  
[  8] 144.00-145.00 sec   591 KBytes  4.84 Mbits/sec  1.604 ms  13/445 (2.9%)  
[  8] 145.00-146.00 sec   596 KBytes  4.88 Mbits/sec  1.835 ms  11/447 (2.5%)  
[  8] 146.00-147.00 sec   608 KBytes  4.98 Mbits/sec  1.637 ms  1/446 (0.22%)  
[  8] 147.00-148.00 sec   607 KBytes  4.98 Mbits/sec  1.210 ms  4/448 (0.89%)  
[  8] 148.00-149.00 sec   603 KBytes  4.94 Mbits/sec  1.285 ms  4/445 (0.9%)  
[  8] 149.00-150.00 sec   606 KBytes  4.96 Mbits/sec  1.407 ms  3/446 (0.67%)  
[  8] 150.00-151.00 sec   577 KBytes  4.73 Mbits/sec  1.781 ms  22/444 (5%)  
[  8] 151.00-152.00 sec   576 KBytes  4.72 Mbits/sec  2.090 ms  26/447 (5.8%)  
[  8] 152.00-153.00 sec   599 KBytes  4.91 Mbits/sec  1.871 ms  12/450 (2.7%)  
[  8] 153.00-154.00 sec   596 KBytes  4.88 Mbits/sec  0.896 ms  9/445 (2%)  
[  8] 154.00-155.00 sec   600 KBytes  4.92 Mbits/sec  1.702 ms  6/445 (1.3%)  
[  8] 155.00-156.00 sec   599 KBytes  4.91 Mbits/sec  2.155 ms  11/449 (2.4%)  
[  8] 156.00-157.00 sec   597 KBytes  4.89 Mbits/sec  1.188 ms  9/446 (2%)  
[  8] 157.00-158.00 sec   593 KBytes  4.87 Mbits/sec  1.634 ms  11/445 (2.5%)  
[  8] 158.00-159.00 sec   591 KBytes  4.84 Mbits/sec  2.800 ms  10/442 (2.3%)  
[  8] 159.00-160.00 sec   569 KBytes  4.66 Mbits/sec  2.363 ms  33/449 (7.3%)  
[  8] 160.00-161.00 sec   582 KBytes  4.77 Mbits/sec  0.960 ms  15/441 (3.4%)  
[  8] 161.00-162.00 sec   588 KBytes  4.82 Mbits/sec  1.395 ms  7/437 (1.6%)  
[  8] 162.00-163.00 sec   603 KBytes  4.94 Mbits/sec  1.759 ms  21/462 (4.5%)  
[  8] 163.00-164.00 sec   600 KBytes  4.91 Mbits/sec  1.845 ms  9/448 (2%)  
[  8] 164.00-165.00 sec   600 KBytes  4.92 Mbits/sec  2.364 ms  7/446 (1.6%)  
[  8] 165.00-166.00 sec   603 KBytes  4.94 Mbits/sec  1.080 ms  7/448 (1.6%)  
[  8] 166.00-167.00 sec   593 KBytes  4.86 Mbits/sec  1.626 ms  12/446 (2.7%)  
[  8] 167.00-168.00 sec   600 KBytes  4.92 Mbits/sec  1.916 ms  5/444 (1.1%)  
[  8] 168.00-169.00 sec   597 KBytes  4.89 Mbits/sec  1.941 ms  11/448 (2.5%)  
[  8] 169.00-170.00 sec   597 KBytes  4.89 Mbits/sec  1.751 ms  11/448 (2.5%)  
[  8] 170.00-171.00 sec   571 KBytes  4.68 Mbits/sec  2.503 ms  29/447 (6.5%)  
[  8] 171.00-172.00 sec   589 KBytes  4.83 Mbits/sec  1.813 ms  14/445 (3.1%)  
[  8] 172.00-173.00 sec   595 KBytes  4.87 Mbits/sec  2.266 ms  4/439 (0.91%)  
[  8] 173.00-174.00 sec   607 KBytes  4.97 Mbits/sec  1.465 ms  10/454 (2.2%)  
[  8] 174.00-175.00 sec   600 KBytes  4.92 Mbits/sec  1.506 ms  8/447 (1.8%)  
[  8] 175.00-176.00 sec   597 KBytes  4.89 Mbits/sec  1.616 ms  10/447 (2.2%)  
[  8] 176.00-177.00 sec   596 KBytes  4.88 Mbits/sec  1.158 ms  10/446 (2.2%)  
[  8] 177.00-178.00 sec   558 KBytes  4.57 Mbits/sec  2.288 ms  34/442 (7.7%)  
[  8] 178.00-179.00 sec   611 KBytes  5.01 Mbits/sec  1.699 ms  3/450 (0.67%)  
[  8] 179.00-180.00 sec   588 KBytes  4.82 Mbits/sec  2.392 ms  11/441 (2.5%)  
[  8] 180.00-181.00 sec   604 KBytes  4.95 Mbits/sec  1.980 ms  10/452 (2.2%)  
[  8] 181.00-182.00 sec   544 KBytes  4.46 Mbits/sec  2.185 ms  48/446 (11%)  
[  8] 182.00-183.00 sec   547 KBytes  4.47 Mbits/sec  2.053 ms  43/444 (9.7%)  
[  8] 183.00-184.00 sec   577 KBytes  4.73 Mbits/sec  1.934 ms  25/447 (5.6%)  
[  8] 184.00-185.00 sec   595 KBytes  4.87 Mbits/sec  1.278 ms  13/448 (2.9%)  
[  8] 185.00-186.00 sec   607 KBytes  4.97 Mbits/sec  1.087 ms  3/447 (0.67%)  
[  8] 186.00-187.00 sec   606 KBytes  4.96 Mbits/sec  1.549 ms  4/447 (0.89%)  
[  8] 187.00-188.00 sec   603 KBytes  4.94 Mbits/sec  1.225 ms  6/447 (1.3%)  
[  8] 188.00-189.00 sec   610 KBytes  5.00 Mbits/sec  1.442 ms  0/446 (0%)  
[  8] 189.00-190.00 sec   610 KBytes  5.00 Mbits/sec  0.955 ms  1/447 (0.22%)  
[  8] 190.00-191.00 sec   610 KBytes  5.00 Mbits/sec  1.817 ms  0/446 (0%)  
[  8] 191.00-192.00 sec   587 KBytes  4.80 Mbits/sec  2.021 ms  17/446 (3.8%)  
[  8] 192.00-193.01 sec   602 KBytes  4.90 Mbits/sec  1.519 ms  9/449 (2%)  
[  8] 193.01-194.00 sec   608 KBytes  5.01 Mbits/sec  1.800 ms  0/445 (0%)  
[  8] 194.00-195.00 sec   593 KBytes  4.86 Mbits/sec  0.989 ms  12/446 (2.7%)  
[  8] 195.00-196.00 sec   600 KBytes  4.92 Mbits/sec  1.066 ms  6/445 (1.3%)  
[  8] 196.00-197.00 sec   597 KBytes  4.89 Mbits/sec  1.817 ms  11/448 (2.5%)  
[  8] 197.00-198.00 sec   607 KBytes  4.97 Mbits/sec  1.175 ms  3/447 (0.67%)  
[  8] 198.00-199.00 sec   610 KBytes  5.00 Mbits/sec  1.180 ms  0/446 (0%)  
[  8] 199.00-200.00 sec   606 KBytes  4.96 Mbits/sec  1.355 ms  2/445 (0.45%)  
[  8] 200.00-201.00 sec   540 KBytes  4.42 Mbits/sec  3.234 ms  26/421 (6.2%)  
[  8] 201.00-202.00 sec   520 KBytes  4.26 Mbits/sec  1.986 ms  91/471 (19%)  
[  8] 202.00-203.00 sec   496 KBytes  4.07 Mbits/sec  3.594 ms  23/386 (6%)  
[  8] 203.00-204.00 sec   603 KBytes  4.94 Mbits/sec  2.124 ms  63/504 (12%)  
[  8] 204.00-205.00 sec   600 KBytes  4.92 Mbits/sec  2.219 ms  8/447 (1.8%)  
[  8] 205.00-206.00 sec   569 KBytes  4.66 Mbits/sec  1.679 ms  34/450 (7.6%)  
[  8] 206.00-207.00 sec   524 KBytes  4.29 Mbits/sec  1.537 ms  63/446 (14%)  
[  8] 207.00-208.00 sec   543 KBytes  4.45 Mbits/sec  0.781 ms  43/440 (9.8%)  
[  8] 208.00-209.00 sec   561 KBytes  4.59 Mbits/sec  1.084 ms  26/436 (6%)  
[  8] 209.00-210.00 sec   606 KBytes  4.96 Mbits/sec  1.252 ms  21/464 (4.5%)  
[  8] 210.00-211.00 sec   610 KBytes  5.00 Mbits/sec  1.149 ms  1/447 (0.22%)  
[  8] 211.00-212.00 sec   610 KBytes  5.00 Mbits/sec  1.192 ms  1/447 (0.22%)  
[  8] 212.00-213.00 sec   587 KBytes  4.80 Mbits/sec  1.868 ms  14/443 (3.2%)  
[  8] 213.00-214.00 sec   614 KBytes  5.03 Mbits/sec  2.042 ms  0/449 (0%)  
[  8] 214.00-215.00 sec   611 KBytes  5.01 Mbits/sec  1.046 ms  0/447 (0%)  
[  8] 215.00-216.00 sec   603 KBytes  4.94 Mbits/sec  1.607 ms  4/445 (0.9%)  
[  8] 216.00-217.00 sec   599 KBytes  4.91 Mbits/sec  1.347 ms  9/447 (2%)  
[  8] 217.00-218.00 sec   606 KBytes  4.96 Mbits/sec  1.630 ms  1/444 (0.23%)  
[  8] 218.00-219.00 sec   602 KBytes  4.92 Mbits/sec  2.314 ms  7/447 (1.6%)  
[  8] 219.00-220.00 sec   597 KBytes  4.90 Mbits/sec  1.299 ms  10/447 (2.2%)  
[  8] 220.00-221.00 sec   546 KBytes  4.47 Mbits/sec  3.284 ms  35/434 (8.1%)  
[  8] 221.00-222.00 sec   566 KBytes  4.64 Mbits/sec  1.113 ms  47/461 (10%)  
[  8] 222.00-223.00 sec   509 KBytes  4.17 Mbits/sec  1.884 ms  70/442 (16%)  
[  8] 223.00-224.00 sec   581 KBytes  4.76 Mbits/sec  1.347 ms  26/451 (5.8%)  
[  8] 224.00-225.00 sec   574 KBytes  4.70 Mbits/sec  2.129 ms  25/445 (5.6%)  
[  8] 225.00-226.00 sec   596 KBytes  4.88 Mbits/sec  1.083 ms  9/445 (2%)  
[  8] 226.00-227.00 sec   608 KBytes  4.98 Mbits/sec  1.574 ms  4/449 (0.89%)  
[  8] 227.00-228.00 sec   608 KBytes  4.99 Mbits/sec  1.215 ms  1/446 (0.22%)  
[  8] 228.00-229.00 sec   602 KBytes  4.93 Mbits/sec  1.092 ms  6/446 (1.3%)  
[  8] 229.00-230.00 sec   603 KBytes  4.94 Mbits/sec  2.101 ms  6/447 (1.3%)  
[  8] 230.00-231.00 sec   610 KBytes  5.00 Mbits/sec  1.128 ms  0/446 (0%)  
[  8] 231.00-232.00 sec   602 KBytes  4.93 Mbits/sec  1.309 ms  7/447 (1.6%)  
[  8] 232.00-233.00 sec   607 KBytes  4.97 Mbits/sec  1.465 ms  2/446 (0.45%)  
[  8] 233.00-234.00 sec   585 KBytes  4.79 Mbits/sec  2.079 ms  19/447 (4.3%)  
[  8] 234.00-235.00 sec   569 KBytes  4.66 Mbits/sec  2.503 ms  17/433 (3.9%)  
[  8] 235.00-236.00 sec   615 KBytes  5.04 Mbits/sec  1.679 ms  9/459 (2%)  
[  8] 236.00-237.00 sec   604 KBytes  4.95 Mbits/sec  2.291 ms  5/447 (1.1%)  
[  8] 237.00-238.00 sec   604 KBytes  4.95 Mbits/sec  1.944 ms  1/443 (0.23%)  
[  8] 238.00-239.00 sec   606 KBytes  4.96 Mbits/sec  1.692 ms  5/448 (1.1%)  
[  8] 239.00-240.00 sec   614 KBytes  5.02 Mbits/sec  1.277 ms  0/449 (0%)  
[  8] 240.00-240.00 sec  1.37 KBytes  23.8 Mbits/sec  1.244 ms  0/1 (0%)  
- - - - - - - - - - - - - - - - - - - - - - - - -
[ ID] Interval           Transfer     Bitrate         Jitter    Lost/Total Datagrams
[  8]   0.00-240.00 sec   137 MBytes  4.79 Mbits/sec  1.244 ms  4441/107143 (4.1%)  receiver
