-----------------------------------------------------------
Server listening on 5201 (test #1)
-----------------------------------------------------------
Accepted connection from 10.0.0.36, port 56046
[  8] local 10.0.0.100 port 5201 connected to 10.0.0.36 port 56058
[ 11] local 10.0.0.100 port 5201 connected to 10.0.0.36 port 56068
[ 13] local 10.0.0.100 port 5201 connected to 10.0.0.36 port 56072
[ 15] local 10.0.0.100 port 5201 connected to 10.0.0.36 port 56076
[ ID] Interval           Transfer     Bitrate
[  8]   0.00-1.02   sec  92.4 MBytes   762 Mbits/sec                  
[ 11]   0.00-1.02   sec  93.0 MBytes   767 Mbits/sec                  
[ 13]   0.00-1.02   sec   107 MBytes   884 Mbits/sec                  
[ 15]   0.00-1.02   sec  88.6 MBytes   731 Mbits/sec                  
[SUM]   0.00-1.02   sec   381 MBytes  3.14 Gbits/sec                  
- - - - - - - - - - - - - - - - - - - - - - - - -
[  8]   1.02-2.00   sec  14.2 MBytes   121 Mbits/sec                  
[ 11]   1.02-2.00   sec  12.9 MBytes   110 Mbits/sec                  
[ 13]   1.02-2.00   sec  17.6 MBytes   150 Mbits/sec                  
[ 15]   1.02-2.00   sec  7.88 MBytes  67.1 Mbits/sec                  
[SUM]   1.02-2.00   sec  52.6 MBytes   448 Mbits/sec                  
- - - - - - - - - - - - - - - - - - - - - - - - -
[  8]   2.00-3.03   sec  42.9 MBytes   351 Mbits/sec                  
[ 11]   2.00-3.03   sec  46.9 MBytes   384 Mbits/sec                  
[ 13]   2.00-3.03   sec  76.1 MBytes   623 Mbits/sec                  
[ 15]   2.00-3.03   sec  42.4 MBytes   347 Mbits/sec                  
[SUM]   2.00-3.03   sec   208 MBytes  1.70 Gbits/sec                  
- - - - - - - - - - - - - - - - - - - - - - - - -
[  8]   3.03-4.00   sec  30.5 MBytes   263 Mbits/sec                  
[ 11]   3.03-4.00   sec  26.8 MBytes   230 Mbits/sec                  
[ 13]   3.03-4.00   sec  46.8 MBytes   403 Mbits/sec                  
[ 15]   3.03-4.00   sec  29.2 MBytes   252 Mbits/sec                  
[SUM]   3.03-4.00   sec   133 MBytes  1.15 Gbits/sec                  
- - - - - - - - - - - - - - - - - - - - - - - - -
[  8]   4.00-5.01   sec  63.6 MBytes   528 Mbits/sec                  
[ 11]   4.00-5.01   sec  61.2 MBytes   508 Mbits/sec                  
[ 13]   4.00-5.01   sec   133 MBytes  1.10 Gbits/sec                  
[ 15]   4.00-5.01   sec  69.8 MBytes   578 Mbits/sec                  
[SUM]   4.00-5.01   sec   328 MBytes  2.72 Gbits/sec                  
- - - - - - - - - - - - - - - - - - - - - - - - -
[  8]   5.01-6.00   sec  80.9 MBytes   686 Mbits/sec                  
[ 11]   5.01-6.00   sec  70.9 MBytes   602 Mbits/sec                  
[ 13]   5.01-6.00   sec   130 MBytes  1.11 Gbits/sec                  
[ 15]   5.01-6.00   sec  79.5 MBytes   675 Mbits/sec                  
[SUM]   5.01-6.00   sec   362 MBytes  3.07 Gbits/sec                  
- - - - - - - - - - - - - - - - - - - - - - - - -
[  8]   6.00-7.00   sec   214 MBytes  1.80 Gbits/sec                  
[ 11]   6.00-7.00   sec  70.4 MBytes   590 Mbits/sec                  
[ 13]   6.00-7.00   sec   231 MBytes  1.94 Gbits/sec                  
[ 15]   6.00-7.00   sec  72.4 MBytes   607 Mbits/sec                  
[SUM]   6.00-7.00   sec   588 MBytes  4.93 Gbits/sec                  
- - - - - - - - - - - - - - - - - - - - - - - - -
[  8]   7.00-8.00   sec   461 MBytes  3.87 Gbits/sec                  
[ 11]   7.00-8.00   sec   243 MBytes  2.04 Gbits/sec                  
[ 13]   7.00-8.00   sec   374 MBytes  3.14 Gbits/sec                  
[ 15]   7.00-8.00   sec  83.8 MBytes   702 Mbits/sec                  
[SUM]   7.00-8.00   sec  1.13 GBytes  9.75 Gbits/sec                  
- - - - - - - - - - - - - - - - - - - - - - - - -
[  8]   8.00-9.00   sec   126 MBytes  1.05 Gbits/sec                  
[ 11]   8.00-9.00   sec   152 MBytes  1.28 Gbits/sec                  
[ 13]   8.00-9.00   sec   122 MBytes  1.03 Gbits/sec                  
[ 15]   8.00-9.00   sec  86.1 MBytes   723 Mbits/sec                  
[SUM]   8.00-9.00   sec   486 MBytes  4.08 Gbits/sec                  
- - - - - - - - - - - - - - - - - - - - - - - - -
[  8]   9.00-10.00  sec   288 MBytes  2.41 Gbits/sec                  
[ 11]   9.00-10.00  sec   136 MBytes  1.14 Gbits/sec                  
[ 13]   9.00-10.00  sec  92.0 MBytes   772 Mbits/sec                  
[ 15]   9.00-10.00  sec  82.4 MBytes   691 Mbits/sec                  
[SUM]   9.00-10.00  sec   597 MBytes  5.01 Gbits/sec                  
- - - - - - - - - - - - - - - - - - - - - - - - -
[  8]  10.00-11.00  sec  89.0 MBytes   747 Mbits/sec                  
[ 11]  10.00-11.01  sec  95.1 MBytes   794 Mbits/sec                  
[ 13]  10.00-11.01  sec  77.4 MBytes   646 Mbits/sec                  
[ 15]  10.00-11.01  sec  72.8 MBytes   607 Mbits/sec                  
[SUM]  10.00-11.00  sec   334 MBytes  2.80 Gbits/sec                  
- - - - - - - - - - - - - - - - - - - - - - - - -
[  8]  11.00-12.00  sec   216 MBytes  1.81 Gbits/sec                  
[ 11]  11.01-12.00  sec   114 MBytes   961 Mbits/sec                  
[ 13]  11.01-12.00  sec  69.1 MBytes   583 Mbits/sec                  
[ 15]  11.01-12.00  sec  88.9 MBytes   749 Mbits/sec                  
[SUM]  11.00-12.00  sec   488 MBytes  4.10 Gbits/sec                  
- - - - - - - - - - - - - - - - - - - - - - - - -
[  8]  12.00-13.00  sec   329 MBytes  2.76 Gbits/sec                  
[ 11]  12.00-13.00  sec   168 MBytes  1.41 Gbits/sec                  
[ 13]  12.00-13.00  sec  47.2 MBytes   396 Mbits/sec                  
[ 15]  12.00-13.00  sec  50.2 MBytes   422 Mbits/sec                  
[SUM]  12.00-13.00  sec   595 MBytes  4.99 Gbits/sec                  
- - - - - - - - - - - - - - - - - - - - - - - - -
[  8]  13.00-14.00  sec  92.8 MBytes   778 Mbits/sec                  
[ 11]  13.00-14.00  sec  70.5 MBytes   591 Mbits/sec                  
[ 13]  13.00-14.00  sec  52.6 MBytes   441 Mbits/sec                  
[ 15]  13.00-14.00  sec  79.2 MBytes   665 Mbits/sec                  
[SUM]  13.00-14.00  sec   295 MBytes  2.48 Gbits/sec                  
- - - - - - - - - - - - - - - - - - - - - - - - -
[  8]  14.00-15.00  sec   102 MBytes   856 Mbits/sec                  
[ 11]  14.00-15.00  sec   266 MBytes  2.23 Gbits/sec                  
[ 13]  14.00-15.00  sec  32.0 MBytes   268 Mbits/sec                  
[ 15]  14.00-15.00  sec   104 MBytes   870 Mbits/sec                  
[SUM]  14.00-15.00  sec   504 MBytes  4.23 Gbits/sec                  
- - - - - - - - - - - - - - - - - - - - - - - - -
[  8]  15.00-16.00  sec  98.6 MBytes   827 Mbits/sec                  
[ 11]  15.00-16.00  sec   234 MBytes  1.96 Gbits/sec                  
[ 13]  15.00-16.00  sec  29.9 MBytes   251 Mbits/sec                  
[ 15]  15.00-16.00  sec  80.4 MBytes   674 Mbits/sec                  
[SUM]  15.00-16.00  sec   442 MBytes  3.71 Gbits/sec                  
- - - - - - - - - - - - - - - - - - - - - - - - -
[  8]  16.00-17.00  sec  70.4 MBytes   589 Mbits/sec                  
[ 11]  16.00-17.00  sec   148 MBytes  1.24 Gbits/sec                  
[ 13]  16.00-17.00  sec  43.4 MBytes   363 Mbits/sec                  
[ 15]  16.00-17.00  sec  60.6 MBytes   508 Mbits/sec                  
[SUM]  16.00-17.00  sec   322 MBytes  2.70 Gbits/sec                  
- - - - - - - - - - - - - - - - - - - - - - - - -
[  8]  17.00-18.00  sec  68.2 MBytes   574 Mbits/sec                  
[ 11]  17.00-18.00  sec   166 MBytes  1.40 Gbits/sec                  
[ 13]  17.00-18.00  sec  71.9 MBytes   604 Mbits/sec                  
[ 15]  17.00-18.00  sec  33.1 MBytes   278 Mbits/sec                  
[SUM]  17.00-18.00  sec   339 MBytes  2.85 Gbits/sec                  
- - - - - - - - - - - - - - - - - - - - - - - - -
[  8]  18.00-19.00  sec  44.6 MBytes   374 Mbits/sec                  
[ 11]  18.00-19.00  sec   154 MBytes  1.29 Gbits/sec                  
[ 13]  18.00-19.00  sec  52.5 MBytes   440 Mbits/sec                  
[ 15]  18.00-19.00  sec  39.6 MBytes   332 Mbits/sec                  
[SUM]  18.00-19.00  sec   291 MBytes  2.44 Gbits/sec                  
- - - - - - - - - - - - - - - - - - - - - - - - -
[  8]  19.00-20.00  sec  50.2 MBytes   422 Mbits/sec                  
[ 11]  19.00-20.00  sec   204 MBytes  1.71 Gbits/sec                  
[ 13]  19.00-20.00  sec  72.6 MBytes   609 Mbits/sec                  
[ 15]  19.00-20.00  sec  80.5 MBytes   675 Mbits/sec                  
[SUM]  19.00-20.00  sec   408 MBytes  3.42 Gbits/sec                  
- - - - - - - - - - - - - - - - - - - - - - - - -
[  8]  20.00-21.00  sec  96.4 MBytes   808 Mbits/sec                  
[ 11]  20.00-21.00  sec   219 MBytes  1.84 Gbits/sec                  
[ 13]  20.00-21.00  sec  49.0 MBytes   411 Mbits/sec                  
[ 15]  20.00-21.00  sec  99.0 MBytes   830 Mbits/sec                  
[SUM]  20.00-21.00  sec   464 MBytes  3.89 Gbits/sec                  
- - - - - - - - - - - - - - - - - - - - - - - - -
[  8]  21.00-22.00  sec  75.2 MBytes   631 Mbits/sec                  
[ 11]  21.00-22.00  sec   192 MBytes  1.61 Gbits/sec                  
[ 13]  21.00-22.00  sec   164 MBytes  1.37 Gbits/sec                  
[ 15]  21.00-22.00  sec  93.6 MBytes   785 Mbits/sec                  
[SUM]  21.00-22.00  sec   524 MBytes  4.40 Gbits/sec                  
- - - - - - - - - - - - - - - - - - - - - - - - -
[  8]  22.00-23.00  sec  81.5 MBytes   684 Mbits/sec                  
[ 11]  22.00-23.00  sec   126 MBytes  1.06 Gbits/sec                  
[ 13]  22.00-23.00  sec   360 MBytes  3.02 Gbits/sec                  
[ 15]  22.00-23.00  sec  97.6 MBytes   820 Mbits/sec                  
[SUM]  22.00-23.00  sec   665 MBytes  5.59 Gbits/sec                  
- - - - - - - - - - - - - - - - - - - - - - - - -
[  8]  23.00-24.00  sec   173 MBytes  1.45 Gbits/sec                  
[ 11]  23.00-24.00  sec   153 MBytes  1.28 Gbits/sec                  
[ 13]  23.00-24.00  sec   128 MBytes  1.08 Gbits/sec                  
[ 15]  23.00-24.00  sec   206 MBytes  1.73 Gbits/sec                  
[SUM]  23.00-24.00  sec   660 MBytes  5.54 Gbits/sec                  
- - - - - - - - - - - - - - - - - - - - - - - - -
[  8]  24.00-25.00  sec   120 MBytes  1.00 Gbits/sec                  
[ 11]  24.00-25.00  sec   146 MBytes  1.23 Gbits/sec                  
[ 13]  24.00-25.00  sec   117 MBytes   979 Mbits/sec                  
[ 15]  24.00-25.00  sec   117 MBytes   980 Mbits/sec                  
[SUM]  24.00-25.00  sec   500 MBytes  4.19 Gbits/sec                  
- - - - - - - - - - - - - - - - - - - - - - - - -
[  8]  25.00-26.00  sec  98.5 MBytes   824 Mbits/sec                  
[ 11]  25.00-26.00  sec   112 MBytes   934 Mbits/sec                  
[ 13]  25.00-26.00  sec   108 MBytes   904 Mbits/sec                  
[ 15]  25.00-26.00  sec   105 MBytes   881 Mbits/sec                  
[SUM]  25.00-26.00  sec   424 MBytes  3.54 Gbits/sec                  
- - - - - - - - - - - - - - - - - - - - - - - - -
[  8]  26.00-27.00  sec   339 MBytes  2.85 Gbits/sec                  
[ 11]  26.00-27.00  sec   106 MBytes   895 Mbits/sec                  
[ 13]  26.00-27.00  sec  93.9 MBytes   789 Mbits/sec                  
[ 15]  26.00-27.00  sec  92.1 MBytes   774 Mbits/sec                  
[SUM]  26.00-27.00  sec   632 MBytes  5.31 Gbits/sec                  
- - - - - - - - - - - - - - - - - - - - - - - - -
[  8]  27.00-28.00  sec   236 MBytes  1.98 Gbits/sec                  
[ 11]  27.00-28.00  sec   335 MBytes  2.81 Gbits/sec                  
[ 13]  27.00-28.00  sec   113 MBytes   950 Mbits/sec                  
[ 15]  27.00-28.00  sec  92.5 MBytes   777 Mbits/sec                  
[SUM]  27.00-28.00  sec   776 MBytes  6.52 Gbits/sec                  
- - - - - - - - - - - - - - - - - - - - - - - - -
[  8]  28.00-29.00  sec   196 MBytes  1.65 Gbits/sec                  
[ 11]  28.00-29.00  sec   320 MBytes  2.68 Gbits/sec                  
[ 13]  28.00-29.00  sec   103 MBytes   866 Mbits/sec                  
[ 15]  28.00-29.00  sec   108 MBytes   905 Mbits/sec                  
[SUM]  28.00-29.00  sec   727 MBytes  6.10 Gbits/sec                  
- - - - - - - - - - - - - - - - - - - - - - - - -
[  8]  29.00-30.00  sec   265 MBytes  2.22 Gbits/sec                  
[ 11]  29.00-30.00  sec   269 MBytes  2.26 Gbits/sec                  
[ 13]  29.00-30.00  sec   120 MBytes  1.00 Gbits/sec                  
[ 15]  29.00-30.00  sec   123 MBytes  1.03 Gbits/sec                  
[SUM]  29.00-30.00  sec   777 MBytes  6.52 Gbits/sec                  
- - - - - - - - - - - - - - - - - - - - - - - - -
[  8]  30.00-30.04  sec  6.25 MBytes  1.43 Gbits/sec                  
[ 11]  30.00-30.04  sec  5.50 MBytes  1.25 Gbits/sec                  
[ 13]  30.00-30.04  sec  0.00 Bytes  0.00 bits/sec                  
[ 15]  30.00-30.04  sec  4.38 MBytes   992 Mbits/sec                  
[SUM]  30.00-30.04  sec  16.1 MBytes  3.68 Gbits/sec                  
- - - - - - - - - - - - - - - - - - - - - - - - -
[ ID] Interval           Transfer     Bitrate
[  8]   0.00-30.04  sec  4.17 GBytes  1.19 Gbits/sec                  receiver
[ 11]   0.00-30.04  sec  4.41 GBytes  1.26 Gbits/sec                  receiver
[ 13]   0.00-30.04  sec  3.16 GBytes   903 Mbits/sec                  receiver
[ 15]   0.00-30.04  sec  2.41 GBytes   690 Mbits/sec                  receiver
[SUM]   0.00-30.04  sec  14.2 GBytes  4.05 Gbits/sec                  receiver
