-----------------------------------------------------------
Server listening on 5201 (test #1)
-----------------------------------------------------------
Accepted connection from 10.0.0.9, port 37524
[  8] local 10.0.0.73 port 5201 connected to 10.0.0.9 port 37530
[ 11] local 10.0.0.73 port 5201 connected to 10.0.0.9 port 37534
[ 13] local 10.0.0.73 port 5201 connected to 10.0.0.9 port 37536
[ 15] local 10.0.0.73 port 5201 connected to 10.0.0.9 port 37548
[ ID] Interval           Transfer     Bitrate
[  8]   0.00-1.00   sec   172 MBytes  1.44 Gbits/sec                  
[ 11]   0.00-1.00   sec   137 MBytes  1.15 Gbits/sec                  
[ 13]   0.00-1.00   sec   110 MBytes   924 Mbits/sec                  
[ 15]   0.00-1.00   sec   115 MBytes   963 Mbits/sec                  
[SUM]   0.00-1.00   sec   534 MBytes  4.48 Gbits/sec                  
- - - - - - - - - - - - - - - - - - - - - - - - -
[  8]   1.00-2.00   sec   356 MBytes  2.99 Gbits/sec                  
[ 11]   1.00-2.00   sec   278 MBytes  2.34 Gbits/sec                  
[ 13]   1.00-2.00   sec   154 MBytes  1.29 Gbits/sec                  
[ 15]   1.00-2.00   sec   141 MBytes  1.18 Gbits/sec                  
[SUM]   1.00-2.00   sec   930 MBytes  7.80 Gbits/sec                  
- - - - - - - - - - - - - - - - - - - - - - - - -
[  8]   2.00-3.00   sec   263 MBytes  2.20 Gbits/sec                  
[ 11]   2.00-3.00   sec   256 MBytes  2.15 Gbits/sec                  
[ 13]   2.00-3.00   sec   121 MBytes  1.01 Gbits/sec                  
[ 15]   2.00-3.00   sec   128 MBytes  1.07 Gbits/sec                  
[SUM]   2.00-3.00   sec   768 MBytes  6.42 Gbits/sec                  
- - - - - - - - - - - - - - - - - - - - - - - - -
[  8]   3.00-4.00   sec   193 MBytes  1.62 Gbits/sec                  
[ 11]   3.00-4.00   sec   266 MBytes  2.23 Gbits/sec                  
[ 13]   3.00-4.00   sec   118 MBytes   985 Mbits/sec                  
[ 15]   3.00-4.00   sec   129 MBytes  1.08 Gbits/sec                  
[SUM]   3.00-4.00   sec   706 MBytes  5.91 Gbits/sec                  
- - - - - - - - - - - - - - - - - - - - - - - - -
[  8]   4.00-5.00   sec   155 MBytes  1.30 Gbits/sec                  
[ 11]   4.00-5.00   sec   149 MBytes  1.25 Gbits/sec                  
[ 13]   4.00-5.00   sec   103 MBytes   864 Mbits/sec                  
[ 15]   4.00-5.00   sec  94.0 MBytes   790 Mbits/sec                  
[SUM]   4.00-5.00   sec   501 MBytes  4.21 Gbits/sec                  
- - - - - - - - - - - - - - - - - - - - - - - - -
[  8]   5.00-6.00   sec   208 MBytes  1.75 Gbits/sec                  
[ 11]   5.00-6.00   sec   143 MBytes  1.20 Gbits/sec                  
[ 13]   5.00-6.00   sec  84.6 MBytes   710 Mbits/sec                  
[ 15]   5.00-6.00   sec  82.4 MBytes   691 Mbits/sec                  
[SUM]   5.00-6.00   sec   519 MBytes  4.35 Gbits/sec                  
- - - - - - - - - - - - - - - - - - - - - - - - -
[  8]   6.00-7.00   sec   522 MBytes  4.38 Gbits/sec                  
[ 11]   6.00-7.00   sec   168 MBytes  1.41 Gbits/sec                  
[ 13]   6.00-7.00   sec  81.9 MBytes   688 Mbits/sec                  
[ 15]   6.00-7.00   sec  75.1 MBytes   631 Mbits/sec                  
[SUM]   6.00-7.00   sec   847 MBytes  7.11 Gbits/sec                  
- - - - - - - - - - - - - - - - - - - - - - - - -
[  8]   7.00-8.00   sec   248 MBytes  2.08 Gbits/sec                  
[ 11]   7.00-8.00   sec  13.8 MBytes   115 Mbits/sec                  
[ 13]   7.00-8.00   sec  8.75 MBytes  73.3 Mbits/sec                  
[ 15]   7.00-8.00   sec  14.4 MBytes   120 Mbits/sec                  
[SUM]   7.00-8.00   sec   285 MBytes  2.39 Gbits/sec                  
- - - - - - - - - - - - - - - - - - - - - - - - -
[  8]   8.00-9.00   sec  1.20 GBytes  10.3 Gbits/sec                  
[ 11]   8.00-9.00   sec   325 MBytes  2.73 Gbits/sec                  
[ 13]   8.00-9.00   sec  77.1 MBytes   648 Mbits/sec                  
[ 15]   8.00-9.00   sec   226 MBytes  1.89 Gbits/sec                  
[SUM]   8.00-9.00   sec  1.81 GBytes  15.5 Gbits/sec                  
- - - - - - - - - - - - - - - - - - - - - - - - -
[  8]   9.00-10.00  sec   448 MBytes  3.75 Gbits/sec                  
[ 11]   9.00-10.00  sec  72.0 MBytes   602 Mbits/sec                  
[ 13]   9.00-10.00  sec  45.2 MBytes   378 Mbits/sec                  
[ 15]   9.00-10.00  sec   368 MBytes  3.08 Gbits/sec                  
[SUM]   9.00-10.00  sec   934 MBytes  7.80 Gbits/sec                  
- - - - - - - - - - - - - - - - - - - - - - - - -
[  8]  10.00-11.00  sec   195 MBytes  1.64 Gbits/sec                  
[ 11]  10.00-11.00  sec  39.5 MBytes   332 Mbits/sec                  
[ 13]  10.00-11.00  sec  34.1 MBytes   287 Mbits/sec                  
[ 15]  10.00-11.00  sec   892 MBytes  7.51 Gbits/sec                  
[SUM]  10.00-11.00  sec  1.13 GBytes  9.77 Gbits/sec                  
- - - - - - - - - - - - - - - - - - - - - - - - -
[  8]  11.00-12.00  sec  38.6 MBytes   324 Mbits/sec                  
[ 11]  11.00-12.00  sec  35.2 MBytes   296 Mbits/sec                  
[ 13]  11.00-12.00  sec  19.5 MBytes   164 Mbits/sec                  
[ 15]  11.00-12.00  sec   173 MBytes  1.45 Gbits/sec                  
[SUM]  11.00-12.00  sec   266 MBytes  2.23 Gbits/sec                  
- - - - - - - - - - - - - - - - - - - - - - - - -
[  8]  12.00-13.00  sec   119 MBytes   999 Mbits/sec                  
[ 11]  12.00-13.00  sec   407 MBytes  3.42 Gbits/sec                  
[ 13]  12.00-13.00  sec  60.4 MBytes   507 Mbits/sec                  
[ 15]  12.00-13.00  sec  71.6 MBytes   601 Mbits/sec                  
[SUM]  12.00-13.00  sec   658 MBytes  5.52 Gbits/sec                  
- - - - - - - - - - - - - - - - - - - - - - - - -
[  8]  13.00-14.00  sec   112 MBytes   936 Mbits/sec                  
[ 11]  13.00-14.00  sec   145 MBytes  1.21 Gbits/sec                  
[ 13]  13.00-14.00  sec  69.1 MBytes   580 Mbits/sec                  
[ 15]  13.00-14.00  sec  66.8 MBytes   560 Mbits/sec                  
[SUM]  13.00-14.00  sec   392 MBytes  3.29 Gbits/sec                  
- - - - - - - - - - - - - - - - - - - - - - - - -
[  8]  14.00-15.00  sec   108 MBytes   908 Mbits/sec                  
[ 11]  14.00-15.00  sec   248 MBytes  2.08 Gbits/sec                  
[ 13]  14.00-15.00  sec  60.5 MBytes   508 Mbits/sec                  
[ 15]  14.00-15.00  sec  83.2 MBytes   699 Mbits/sec                  
[SUM]  14.00-15.00  sec   500 MBytes  4.19 Gbits/sec                  
- - - - - - - - - - - - - - - - - - - - - - - - -
[  8]  15.00-16.00  sec  93.9 MBytes   787 Mbits/sec                  
[ 11]  15.00-16.00  sec   410 MBytes  3.44 Gbits/sec                  
[ 13]  15.00-16.00  sec  43.4 MBytes   364 Mbits/sec                  
[ 15]  15.00-16.00  sec  60.4 MBytes   506 Mbits/sec                  
[SUM]  15.00-16.00  sec   608 MBytes  5.10 Gbits/sec                  
- - - - - - - - - - - - - - - - - - - - - - - - -
[  8]  16.00-17.00  sec  79.8 MBytes   667 Mbits/sec                  
[ 11]  16.00-17.00  sec   158 MBytes  1.32 Gbits/sec                  
[ 13]  16.00-17.00  sec  52.8 MBytes   441 Mbits/sec                  
[ 15]  16.00-17.00  sec  77.0 MBytes   645 Mbits/sec                  
[SUM]  16.00-17.00  sec   368 MBytes  3.07 Gbits/sec                  
- - - - - - - - - - - - - - - - - - - - - - - - -
[  8]  17.00-18.00  sec   111 MBytes   928 Mbits/sec                  
[ 11]  17.00-18.00  sec   129 MBytes  1.08 Gbits/sec                  
[ 13]  17.00-18.00  sec  56.9 MBytes   477 Mbits/sec                  
[ 15]  17.00-18.00  sec  70.5 MBytes   591 Mbits/sec                  
[SUM]  17.00-18.00  sec   367 MBytes  3.08 Gbits/sec                  
- - - - - - - - - - - - - - - - - - - - - - - - -
[  8]  18.00-19.00  sec   115 MBytes   965 Mbits/sec                  
[ 11]  18.00-19.00  sec   102 MBytes   862 Mbits/sec                  
[ 13]  18.00-19.00  sec  50.5 MBytes   425 Mbits/sec                  
[ 15]  18.00-19.00  sec  64.8 MBytes   545 Mbits/sec                  
[SUM]  18.00-19.00  sec   332 MBytes  2.80 Gbits/sec                  
- - - - - - - - - - - - - - - - - - - - - - - - -
[  8]  19.00-20.00  sec   116 MBytes   969 Mbits/sec                  
[ 11]  19.00-20.00  sec  51.4 MBytes   431 Mbits/sec                  
[ 13]  19.00-20.00  sec  58.1 MBytes   488 Mbits/sec                  
[ 15]  19.00-20.00  sec  80.9 MBytes   678 Mbits/sec                  
[SUM]  19.00-20.00  sec   306 MBytes  2.57 Gbits/sec                  
- - - - - - - - - - - - - - - - - - - - - - - - -
[  8]  20.00-21.00  sec  96.4 MBytes   808 Mbits/sec                  
[ 11]  20.00-21.00  sec   239 MBytes  2.00 Gbits/sec                  
[ 13]  20.00-21.00  sec  55.4 MBytes   464 Mbits/sec                  
[ 15]  20.00-21.00  sec  65.2 MBytes   547 Mbits/sec                  
[SUM]  20.00-21.00  sec   456 MBytes  3.82 Gbits/sec                  
- - - - - - - - - - - - - - - - - - - - - - - - -
[  8]  21.00-22.00  sec  80.6 MBytes   676 Mbits/sec                  
[ 11]  21.00-22.02  sec   290 MBytes  2.39 Gbits/sec                  
[ 13]  21.00-22.02  sec  39.5 MBytes   327 Mbits/sec                  
[ 15]  21.00-22.02  sec  61.1 MBytes   505 Mbits/sec                  
[SUM]  21.00-22.00  sec   471 MBytes  3.95 Gbits/sec                  
- - - - - - - - - - - - - - - - - - - - - - - - -
[  8]  22.00-23.00  sec  91.9 MBytes   771 Mbits/sec                  
[ 11]  22.02-23.00  sec  65.2 MBytes   555 Mbits/sec                  
[ 13]  22.02-23.00  sec  37.1 MBytes   316 Mbits/sec                  
[ 15]  22.02-23.00  sec  57.4 MBytes   488 Mbits/sec                  
[SUM]  22.00-23.00  sec   252 MBytes  2.11 Gbits/sec                  
- - - - - - - - - - - - - - - - - - - - - - - - -
[  8]  23.00-24.00  sec  85.4 MBytes   717 Mbits/sec                  
[ 11]  23.00-24.00  sec   169 MBytes  1.42 Gbits/sec                  
[ 13]  23.00-24.00  sec  34.9 MBytes   293 Mbits/sec                  
[ 15]  23.00-24.00  sec  55.0 MBytes   462 Mbits/sec                  
[SUM]  23.00-24.00  sec   344 MBytes  2.89 Gbits/sec                  
- - - - - - - - - - - - - - - - - - - - - - - - -
[  8]  24.00-25.00  sec   101 MBytes   845 Mbits/sec                  
[ 11]  24.00-25.00  sec   188 MBytes  1.57 Gbits/sec                  
[ 13]  24.00-25.00  sec  33.2 MBytes   279 Mbits/sec                  
[ 15]  24.00-25.00  sec  37.8 MBytes   317 Mbits/sec                  
[SUM]  24.00-25.00  sec   359 MBytes  3.01 Gbits/sec                  
- - - - - - - - - - - - - - - - - - - - - - - - -
[  8]  25.00-26.01  sec   134 MBytes  1.12 Gbits/sec                  
[ 11]  25.00-26.01  sec   116 MBytes   970 Mbits/sec                  
[ 13]  25.00-26.01  sec  38.6 MBytes   322 Mbits/sec                  
[ 15]  25.00-26.01  sec  62.4 MBytes   520 Mbits/sec                  
[SUM]  25.00-26.01  sec   351 MBytes  2.93 Gbits/sec                  
- - - - - - - - - - - - - - - - - - - - - - - - -
[  8]  26.01-27.01  sec  56.5 MBytes   474 Mbits/sec                  
[ 11]  26.01-27.01  sec  81.5 MBytes   683 Mbits/sec                  
[ 13]  26.01-27.01  sec  47.6 MBytes   399 Mbits/sec                  
[ 15]  26.01-27.01  sec  91.9 MBytes   770 Mbits/sec                  
[SUM]  26.01-27.01  sec   278 MBytes  2.33 Gbits/sec                  
- - - - - - - - - - - - - - - - - - - - - - - - -
[  8]  27.01-28.00  sec   161 MBytes  1.35 Gbits/sec                  
[ 11]  27.01-28.00  sec   163 MBytes  1.37 Gbits/sec                  
[ 13]  27.01-28.00  sec  65.5 MBytes   550 Mbits/sec                  
[ 15]  27.01-28.00  sec   121 MBytes  1.02 Gbits/sec                  
[SUM]  27.01-28.00  sec   510 MBytes  4.29 Gbits/sec                  
- - - - - - - - - - - - - - - - - - - - - - - - -
[  8]  28.00-29.00  sec  91.1 MBytes   766 Mbits/sec                  
[ 11]  28.00-29.00  sec   126 MBytes  1.06 Gbits/sec                  
[ 13]  28.00-29.00  sec  62.9 MBytes   529 Mbits/sec                  
[ 15]  28.00-29.00  sec   122 MBytes  1.02 Gbits/sec                  
[SUM]  28.00-29.00  sec   402 MBytes  3.38 Gbits/sec                  
- - - - - - - - - - - - - - - - - - - - - - - - -
[  8]  29.00-30.00  sec   514 MBytes  4.32 Gbits/sec                  
[ 11]  29.00-30.00  sec   115 MBytes   968 Mbits/sec                  
[ 13]  29.00-30.00  sec  92.0 MBytes   773 Mbits/sec                  
[ 15]  29.00-30.00  sec   101 MBytes   847 Mbits/sec                  
[SUM]  29.00-30.00  sec   822 MBytes  6.91 Gbits/sec                  
- - - - - - - - - - - - - - - - - - - - - - - - -
[  8]  30.00-30.05  sec   768 KBytes   131 Mbits/sec                  
[ 11]  30.00-30.05  sec  6.50 MBytes  1.14 Gbits/sec                  
[ 13]  30.00-30.05  sec  5.62 MBytes   984 Mbits/sec                  
[ 15]  30.00-30.05  sec   384 KBytes  65.6 Mbits/sec                  
[SUM]  30.00-30.05  sec  13.2 MBytes  2.32 Gbits/sec                  
- - - - - - - - - - - - - - - - - - - - - - - - -
[ ID] Interval           Transfer     Bitrate
[  8]   0.00-30.05  sec  6.15 GBytes  1.76 Gbits/sec                  receiver
[ 11]   0.00-30.05  sec  4.97 GBytes  1.42 Gbits/sec                  receiver
[ 13]   0.00-30.05  sec  1.88 GBytes   537 Mbits/sec                  receiver
[ 15]   0.00-30.05  sec  3.70 GBytes  1.06 Gbits/sec                  receiver
[SUM]   0.00-30.05  sec  16.7 GBytes  4.77 Gbits/sec                  receiver
