-----------------------------------------------------------
Server listening on 5201 (test #1)
-----------------------------------------------------------
Accepted connection from 10.0.0.8, port 42132
[  8] local 10.0.0.72 port 5201 connected to 10.0.0.8 port 42146
[ 11] local 10.0.0.72 port 5201 connected to 10.0.0.8 port 42162
[ 13] local 10.0.0.72 port 5201 connected to 10.0.0.8 port 42168
[ 15] local 10.0.0.72 port 5201 connected to 10.0.0.8 port 42180
[ ID] Interval           Transfer     Bitrate
[  8]   0.00-1.01   sec   118 MBytes   986 Mbits/sec                  
[ 11]   0.00-1.01   sec   104 MBytes   870 Mbits/sec                  
[ 13]   0.00-1.01   sec   166 MBytes  1.38 Gbits/sec                  
[ 15]   0.00-1.01   sec   100 MBytes   835 Mbits/sec                  
[SUM]   0.00-1.01   sec   489 MBytes  4.07 Gbits/sec                  
- - - - - - - - - - - - - - - - - - - - - - - - -
[  8]   1.01-2.00   sec   162 MBytes  1.37 Gbits/sec                  
[ 11]   1.01-2.00   sec   143 MBytes  1.21 Gbits/sec                  
[ 13]   1.01-2.00   sec   384 MBytes  3.23 Gbits/sec                  
[ 15]   1.01-2.01   sec   148 MBytes  1.25 Gbits/sec                  
[SUM]   1.01-2.00   sec   838 MBytes  7.05 Gbits/sec                  
- - - - - - - - - - - - - - - - - - - - - - - - -
[  8]   2.00-3.00   sec   161 MBytes  1.35 Gbits/sec                  
[ 11]   2.00-3.00   sec   124 MBytes  1.05 Gbits/sec                  
[ 13]   2.00-3.00   sec   407 MBytes  3.42 Gbits/sec                  
[ 15]   2.01-3.00   sec   111 MBytes   934 Mbits/sec                  
[SUM]   2.00-3.00   sec   803 MBytes  6.75 Gbits/sec                  
- - - - - - - - - - - - - - - - - - - - - - - - -
[  8]   3.00-4.00   sec   151 MBytes  1.27 Gbits/sec                  
[ 11]   3.00-4.00   sec   118 MBytes   994 Mbits/sec                  
[ 13]   3.00-4.00   sec   266 MBytes  2.24 Gbits/sec                  
[ 15]   3.00-4.00   sec  98.9 MBytes   832 Mbits/sec                  
[SUM]   3.00-4.00   sec   634 MBytes  5.33 Gbits/sec                  
- - - - - - - - - - - - - - - - - - - - - - - - -
[  8]   4.00-5.00   sec   126 MBytes  1.05 Gbits/sec                  
[ 11]   4.00-5.00   sec   127 MBytes  1.06 Gbits/sec                  
[ 13]   4.00-5.00   sec   182 MBytes  1.53 Gbits/sec                  
[ 15]   4.00-5.00   sec  90.4 MBytes   758 Mbits/sec                  
[SUM]   4.00-5.00   sec   525 MBytes  4.40 Gbits/sec                  
- - - - - - - - - - - - - - - - - - - - - - - - -
[  8]   5.00-6.00   sec  93.9 MBytes   787 Mbits/sec                  
[ 11]   5.00-6.00   sec   295 MBytes  2.47 Gbits/sec                  
[ 13]   5.00-6.00   sec   155 MBytes  1.30 Gbits/sec                  
[ 15]   5.00-6.00   sec  79.0 MBytes   662 Mbits/sec                  
[SUM]   5.00-6.00   sec   623 MBytes  5.22 Gbits/sec                  
- - - - - - - - - - - - - - - - - - - - - - - - -
[  8]   6.00-7.00   sec  86.5 MBytes   726 Mbits/sec                  
[ 11]   6.00-7.00   sec   400 MBytes  3.36 Gbits/sec                  
[ 13]   6.00-7.00   sec   184 MBytes  1.54 Gbits/sec                  
[ 15]   6.00-7.00   sec  73.8 MBytes   619 Mbits/sec                  
[SUM]   6.00-7.00   sec   744 MBytes  6.25 Gbits/sec                  
- - - - - - - - - - - - - - - - - - - - - - - - -
[  8]   7.00-8.00   sec  43.1 MBytes   362 Mbits/sec                  
[ 11]   7.00-8.00   sec   138 MBytes  1.16 Gbits/sec                  
[ 13]   7.00-8.00   sec  91.8 MBytes   770 Mbits/sec                  
[ 15]   7.00-8.00   sec  62.8 MBytes   527 Mbits/sec                  
[SUM]   7.00-8.00   sec   336 MBytes  2.81 Gbits/sec                  
- - - - - - - - - - - - - - - - - - - - - - - - -
[  8]   8.00-9.00   sec  58.0 MBytes   487 Mbits/sec                  
[ 11]   8.00-9.00   sec  87.2 MBytes   732 Mbits/sec                  
[ 13]   8.00-9.00   sec  90.9 MBytes   762 Mbits/sec                  
[ 15]   8.00-9.00   sec  66.2 MBytes   556 Mbits/sec                  
[SUM]   8.00-9.00   sec   302 MBytes  2.54 Gbits/sec                  
- - - - - - - - - - - - - - - - - - - - - - - - -
[  8]   9.00-10.00  sec   110 MBytes   925 Mbits/sec                  
[ 11]   9.00-10.00  sec   141 MBytes  1.18 Gbits/sec                  
[ 13]   9.00-10.00  sec   115 MBytes   964 Mbits/sec                  
[ 15]   9.00-10.00  sec  72.4 MBytes   607 Mbits/sec                  
[SUM]   9.00-10.00  sec   439 MBytes  3.68 Gbits/sec                  
- - - - - - - - - - - - - - - - - - - - - - - - -
[  8]  10.00-11.00  sec  30.1 MBytes   253 Mbits/sec                  
[ 11]  10.00-11.00  sec  10.1 MBytes  84.9 Mbits/sec                  
[ 13]  10.00-11.00  sec  9.25 MBytes  77.6 Mbits/sec                  
[ 15]  10.00-11.00  sec  41.6 MBytes   349 Mbits/sec                  
[SUM]  10.00-11.00  sec  91.1 MBytes   764 Mbits/sec                  
- - - - - - - - - - - - - - - - - - - - - - - - -
[  8]  11.00-12.00  sec  55.2 MBytes   463 Mbits/sec                  
[ 11]  11.00-12.00  sec  66.4 MBytes   557 Mbits/sec                  
[ 13]  11.00-12.00  sec  54.1 MBytes   454 Mbits/sec                  
[ 15]  11.00-12.00  sec   227 MBytes  1.90 Gbits/sec                  
[SUM]  11.00-12.00  sec   402 MBytes  3.38 Gbits/sec                  
- - - - - - - - - - - - - - - - - - - - - - - - -
[  8]  12.00-13.00  sec   118 MBytes   988 Mbits/sec                  
[ 11]  12.00-13.00  sec  74.2 MBytes   623 Mbits/sec                  
[ 13]  12.00-13.00  sec  66.9 MBytes   561 Mbits/sec                  
[ 15]  12.00-13.00  sec  43.4 MBytes   364 Mbits/sec                  
[SUM]  12.00-13.00  sec   302 MBytes  2.54 Gbits/sec                  
- - - - - - - - - - - - - - - - - - - - - - - - -
[  8]  13.00-14.00  sec   465 MBytes  3.90 Gbits/sec                  
[ 11]  13.00-14.00  sec   117 MBytes   982 Mbits/sec                  
[ 13]  13.00-14.00  sec   111 MBytes   931 Mbits/sec                  
[ 15]  13.00-14.00  sec   312 MBytes  2.61 Gbits/sec                  
[SUM]  13.00-14.00  sec  1006 MBytes  8.42 Gbits/sec                  
- - - - - - - - - - - - - - - - - - - - - - - - -
[  8]  14.00-15.00  sec   419 MBytes  3.52 Gbits/sec                  
[ 11]  14.00-15.00  sec   178 MBytes  1.49 Gbits/sec                  
[ 13]  14.00-15.00  sec   274 MBytes  2.30 Gbits/sec                  
[ 15]  14.00-15.00  sec   270 MBytes  2.27 Gbits/sec                  
[SUM]  14.00-15.00  sec  1.11 GBytes  9.58 Gbits/sec                  
- - - - - - - - - - - - - - - - - - - - - - - - -
[  8]  15.00-16.00  sec   175 MBytes  1.46 Gbits/sec                  
[ 11]  15.00-16.00  sec   149 MBytes  1.25 Gbits/sec                  
[ 13]  15.00-16.00  sec   111 MBytes   931 Mbits/sec                  
[ 15]  15.00-16.00  sec   172 MBytes  1.44 Gbits/sec                  
[SUM]  15.00-16.00  sec   607 MBytes  5.09 Gbits/sec                  
- - - - - - - - - - - - - - - - - - - - - - - - -
[  8]  16.00-17.00  sec   118 MBytes   988 Mbits/sec                  
[ 11]  16.00-17.00  sec  92.0 MBytes   772 Mbits/sec                  
[ 13]  16.00-17.00  sec  75.8 MBytes   635 Mbits/sec                  
[ 15]  16.00-17.00  sec   118 MBytes   993 Mbits/sec                  
[SUM]  16.00-17.00  sec   404 MBytes  3.39 Gbits/sec                  
- - - - - - - - - - - - - - - - - - - - - - - - -
[  8]  17.00-18.00  sec   101 MBytes   847 Mbits/sec                  
[ 11]  17.00-18.00  sec  67.1 MBytes   563 Mbits/sec                  
[ 13]  17.00-18.00  sec  86.2 MBytes   723 Mbits/sec                  
[ 15]  17.00-18.00  sec  73.2 MBytes   614 Mbits/sec                  
[SUM]  17.00-18.00  sec   328 MBytes  2.75 Gbits/sec                  
- - - - - - - - - - - - - - - - - - - - - - - - -
[  8]  18.00-19.00  sec   103 MBytes   864 Mbits/sec                  
[ 11]  18.00-19.00  sec  93.8 MBytes   786 Mbits/sec                  
[ 13]  18.00-19.00  sec  77.4 MBytes   649 Mbits/sec                  
[ 15]  18.00-19.00  sec  97.2 MBytes   816 Mbits/sec                  
[SUM]  18.00-19.00  sec   371 MBytes  3.12 Gbits/sec                  
- - - - - - - - - - - - - - - - - - - - - - - - -
[  8]  19.00-20.00  sec   157 MBytes  1.32 Gbits/sec                  
[ 11]  19.00-20.00  sec  96.5 MBytes   810 Mbits/sec                  
[ 13]  19.00-20.00  sec  54.6 MBytes   458 Mbits/sec                  
[ 15]  19.00-20.00  sec   174 MBytes  1.46 Gbits/sec                  
[SUM]  19.00-20.00  sec   482 MBytes  4.05 Gbits/sec                  
- - - - - - - - - - - - - - - - - - - - - - - - -
[  8]  20.00-21.00  sec   274 MBytes  2.30 Gbits/sec                  
[ 11]  20.00-21.00  sec   721 MBytes  6.04 Gbits/sec                  
[ 13]  20.00-21.00  sec   101 MBytes   848 Mbits/sec                  
[ 15]  20.00-21.00  sec   106 MBytes   889 Mbits/sec                  
[SUM]  20.00-21.00  sec  1.17 GBytes  10.1 Gbits/sec                  
- - - - - - - - - - - - - - - - - - - - - - - - -
[  8]  21.00-22.00  sec  99.0 MBytes   831 Mbits/sec                  
[ 11]  21.00-22.00  sec   344 MBytes  2.89 Gbits/sec                  
[ 13]  21.00-22.00  sec  60.2 MBytes   506 Mbits/sec                  
[ 15]  21.00-22.00  sec  59.4 MBytes   498 Mbits/sec                  
[SUM]  21.00-22.00  sec   563 MBytes  4.73 Gbits/sec                  
- - - - - - - - - - - - - - - - - - - - - - - - -
[  8]  22.00-23.00  sec  75.8 MBytes   635 Mbits/sec                  
[ 11]  22.00-23.00  sec   369 MBytes  3.10 Gbits/sec                  
[ 13]  22.00-23.00  sec  58.1 MBytes   488 Mbits/sec                  
[ 15]  22.00-23.00  sec  44.1 MBytes   370 Mbits/sec                  
[SUM]  22.00-23.00  sec   547 MBytes  4.59 Gbits/sec                  
- - - - - - - - - - - - - - - - - - - - - - - - -
[  8]  23.00-24.00  sec  88.5 MBytes   742 Mbits/sec                  
[ 11]  23.00-24.00  sec   132 MBytes  1.11 Gbits/sec                  
[ 13]  23.00-24.00  sec  36.2 MBytes   304 Mbits/sec                  
[ 15]  23.00-24.00  sec   117 MBytes   980 Mbits/sec                  
[SUM]  23.00-24.00  sec   373 MBytes  3.13 Gbits/sec                  
- - - - - - - - - - - - - - - - - - - - - - - - -
[  8]  24.00-25.00  sec   220 MBytes  1.85 Gbits/sec                  
[ 11]  24.00-25.00  sec   179 MBytes  1.50 Gbits/sec                  
[ 13]  24.00-25.00  sec  45.8 MBytes   384 Mbits/sec                  
[ 15]  24.00-25.00  sec  88.8 MBytes   745 Mbits/sec                  
[SUM]  24.00-25.00  sec   533 MBytes  4.48 Gbits/sec                  
- - - - - - - - - - - - - - - - - - - - - - - - -
[  8]  25.00-26.00  sec  92.1 MBytes   773 Mbits/sec                  
[ 11]  25.00-26.00  sec   123 MBytes  1.03 Gbits/sec                  
[ 13]  25.00-26.00  sec  52.0 MBytes   436 Mbits/sec                  
[ 15]  25.00-26.00  sec   104 MBytes   871 Mbits/sec                  
[SUM]  25.00-26.00  sec   371 MBytes  3.11 Gbits/sec                  
- - - - - - - - - - - - - - - - - - - - - - - - -
[  8]  26.00-27.00  sec  56.2 MBytes   472 Mbits/sec                  
[ 11]  26.00-27.00  sec  98.4 MBytes   825 Mbits/sec                  
[ 13]  26.00-27.00  sec  58.8 MBytes   493 Mbits/sec                  
[ 15]  26.00-27.00  sec   107 MBytes   899 Mbits/sec                  
[SUM]  26.00-27.00  sec   320 MBytes  2.69 Gbits/sec                  
- - - - - - - - - - - - - - - - - - - - - - - - -
[  8]  27.00-28.00  sec   106 MBytes   886 Mbits/sec                  
[ 11]  27.00-28.00  sec  62.0 MBytes   520 Mbits/sec                  
[ 13]  27.00-28.00  sec  63.6 MBytes   534 Mbits/sec                  
[ 15]  27.00-28.00  sec  83.9 MBytes   704 Mbits/sec                  
[SUM]  27.00-28.00  sec   315 MBytes  2.64 Gbits/sec                  
- - - - - - - - - - - - - - - - - - - - - - - - -
[  8]  28.00-29.00  sec   129 MBytes  1.08 Gbits/sec                  
[ 11]  28.00-29.00  sec  96.2 MBytes   807 Mbits/sec                  
[ 13]  28.00-29.02  sec  70.4 MBytes   577 Mbits/sec                  
[ 15]  28.00-29.02  sec   127 MBytes  1.04 Gbits/sec                  
[SUM]  28.00-29.00  sec   422 MBytes  3.54 Gbits/sec                  
- - - - - - - - - - - - - - - - - - - - - - - - -
[  8]  29.00-30.00  sec   162 MBytes  1.35 Gbits/sec                  
[ 11]  29.00-30.00  sec   183 MBytes  1.53 Gbits/sec                  
[ 13]  29.02-30.00  sec   266 MBytes  2.29 Gbits/sec                  
[ 15]  29.02-30.00  sec  92.6 MBytes   795 Mbits/sec                  
[SUM]  29.00-30.00  sec   703 MBytes  5.90 Gbits/sec                  
- - - - - - - - - - - - - - - - - - - - - - - - -
[  8]  30.00-30.02  sec  7.38 MBytes  3.41 Gbits/sec                  
[ 11]  30.00-30.02  sec  6.38 MBytes  2.95 Gbits/sec                  
[ 13]  30.00-30.02  sec  1.62 MBytes   752 Mbits/sec                  
[ 15]  30.00-30.02  sec   384 KBytes   174 Mbits/sec                  
[SUM]  30.00-30.02  sec  15.8 MBytes  7.28 Gbits/sec                  
- - - - - - - - - - - - - - - - - - - - - - - - -
[ ID] Interval           Transfer     Bitrate
[  8]   0.00-30.02  sec  4.06 GBytes  1.16 Gbits/sec                  receiver
[ 11]   0.00-30.02  sec  4.82 GBytes  1.38 Gbits/sec                  receiver
[ 13]   0.00-30.02  sec  3.69 GBytes  1.06 Gbits/sec                  receiver
[ 15]   0.00-30.02  sec  3.28 GBytes   939 Mbits/sec                  receiver
[SUM]   0.00-30.02  sec  15.9 GBytes  4.54 Gbits/sec                  receiver
