-----------------------------------------------------------
Server listening on 5201 (test #1)
-----------------------------------------------------------
Accepted connection from 10.0.0.44, port 50622
[  8] local 10.0.0.108 port 5201 connected to 10.0.0.44 port 34835
[ ID] Interval           Transfer     Bitrate         Jitter    Lost/Total Datagrams
[  8]   0.00-1.00   sec  58.8 KBytes   482 Kbits/sec  1.847 ms  0/43 (0%)  
[  8]   1.00-2.00   sec  58.8 KBytes   482 Kbits/sec  10.361 ms  3/46 (6.5%)  
[  8]   2.00-3.00   sec  60.2 KBytes   492 Kbits/sec  5.090 ms  0/44 (0%)  
[  8]   3.00-4.00   sec  61.5 KBytes   505 Kbits/sec  9.355 ms  0/45 (0%)  
[  8]   4.00-5.00   sec  61.5 KBytes   504 Kbits/sec  4.044 ms  0/45 (0%)  
[  8]   5.00-6.00   sec  60.2 KBytes   493 Kbits/sec  3.391 ms  0/44 (0%)  
[  8]   6.00-7.00   sec  61.5 KBytes   504 Kbits/sec  2.745 ms  0/45 (0%)  
[  8]   7.00-8.00   sec  49.2 KBytes   404 Kbits/sec  19.457 ms  9/45 (20%)  
[  8]   8.00-9.00   sec  61.5 KBytes   504 Kbits/sec  5.551 ms  0/45 (0%)  
[  8]   9.00-10.00  sec  60.2 KBytes   493 Kbits/sec  2.616 ms  0/44 (0%)  
[  8]  10.00-11.00  sec  61.5 KBytes   504 Kbits/sec  4.269 ms  0/45 (0%)  
[  8]  11.00-12.00  sec  60.2 KBytes   493 Kbits/sec  3.152 ms  0/44 (0%)  
[  8]  12.00-13.00  sec  60.2 KBytes   493 Kbits/sec  2.024 ms  0/44 (0%)  
[  8]  13.00-14.00  sec  62.9 KBytes   515 Kbits/sec  4.966 ms  0/46 (0%)  
[  8]  14.00-15.00  sec  60.2 KBytes   491 Kbits/sec  6.329 ms  0/44 (0%)  
[  8]  15.00-16.00  sec  58.8 KBytes   483 Kbits/sec  7.819 ms  0/43 (0%)  
[  8]  16.00-17.00  sec  56.1 KBytes   460 Kbits/sec  11.388 ms  0/41 (0%)  
[  8]  17.00-18.00  sec  47.9 KBytes   392 Kbits/sec  12.205 ms  0/35 (0%)  
[  8]  18.00-19.00  sec  46.5 KBytes   381 Kbits/sec  18.895 ms  1/35 (2.9%)  
[  8]  19.00-20.00  sec  95.7 KBytes   781 Kbits/sec  10.927 ms  0/70 (0%)  
[  8]  20.00-21.00  sec  60.2 KBytes   495 Kbits/sec  3.803 ms  0/44 (0%)  
[  8]  21.00-22.00  sec  61.5 KBytes   503 Kbits/sec  2.557 ms  0/45 (0%)  
[  8]  22.00-23.02  sec  62.9 KBytes   504 Kbits/sec  2.028 ms  0/46 (0%)  
[  8]  23.02-24.00  sec  58.8 KBytes   494 Kbits/sec  1.852 ms  0/43 (0%)  
[  8]  24.00-25.00  sec  61.5 KBytes   504 Kbits/sec  1.241 ms  0/45 (0%)  
[  8]  25.00-26.00  sec  60.2 KBytes   491 Kbits/sec  7.898 ms  0/44 (0%)  
[  8]  26.00-27.01  sec  60.2 KBytes   491 Kbits/sec  5.852 ms  1/45 (2.2%)  
[  8]  27.01-28.00  sec  60.2 KBytes   496 Kbits/sec  4.925 ms  0/44 (0%)  
[  8]  28.00-29.01  sec  57.4 KBytes   468 Kbits/sec  10.363 ms  3/45 (6.7%)  
[  8]  29.01-30.00  sec  52.0 KBytes   427 Kbits/sec  12.590 ms  0/38 (0%)  
[  8]  30.00-31.00  sec  45.1 KBytes   370 Kbits/sec  11.399 ms  1/34 (2.9%)  
[  8]  31.00-32.00  sec  64.3 KBytes   526 Kbits/sec  9.251 ms  0/47 (0%)  
[  8]  32.00-33.01  sec  60.2 KBytes   491 Kbits/sec  7.989 ms  3/47 (6.4%)  
[  8]  33.01-34.00  sec  45.1 KBytes   371 Kbits/sec  12.019 ms  0/33 (0%)  
[  8]  34.00-35.00  sec  41.0 KBytes   335 Kbits/sec  16.673 ms  0/30 (0%)  
[  8]  35.00-36.00  sec  75.2 KBytes   617 Kbits/sec  13.924 ms  28/83 (34%)  
[  8]  36.00-37.00  sec  45.1 KBytes   370 Kbits/sec  21.574 ms  0/33 (0%)  
[  8]  37.00-38.00  sec  5.47 KBytes  44.8 Kbits/sec  39.031 ms  21/25 (84%)  
[  8]  38.00-39.00  sec  61.5 KBytes   503 Kbits/sec  8.160 ms  31/76 (41%)  
[  8]  39.00-40.00  sec  61.5 KBytes   503 Kbits/sec  6.462 ms  0/45 (0%)  
[  8]  40.00-41.00  sec  61.5 KBytes   504 Kbits/sec  5.288 ms  0/45 (0%)  
[  8]  41.00-42.00  sec  57.4 KBytes   471 Kbits/sec  8.645 ms  2/44 (4.5%)  
[  8]  42.00-43.00  sec  38.3 KBytes   314 Kbits/sec  19.026 ms  0/28 (0%)  
[  8]  43.00-44.00  sec  84.8 KBytes   694 Kbits/sec  5.761 ms  0/62 (0%)  
[  8]  44.00-45.00  sec  43.8 KBytes   358 Kbits/sec  9.453 ms  13/45 (29%)  
[  8]  45.00-46.00  sec  60.2 KBytes   493 Kbits/sec  4.830 ms  0/44 (0%)  
[  8]  46.00-47.00  sec  60.2 KBytes   492 Kbits/sec  6.581 ms  0/44 (0%)  
[  8]  47.00-48.00  sec  58.8 KBytes   483 Kbits/sec  6.684 ms  1/44 (2.3%)  
[  8]  48.00-49.00  sec  57.4 KBytes   470 Kbits/sec  7.346 ms  4/46 (8.7%)  
[  8]  49.00-50.00  sec  61.5 KBytes   504 Kbits/sec  6.597 ms  0/45 (0%)  
[  8]  50.00-51.00  sec  60.2 KBytes   493 Kbits/sec  6.108 ms  0/44 (0%)  
[  8]  51.00-52.01  sec  47.9 KBytes   389 Kbits/sec  11.857 ms  1/36 (2.8%)  
[  8]  52.01-53.01  sec  43.8 KBytes   359 Kbits/sec  20.345 ms  0/32 (0%)  
[  8]  53.01-54.00  sec  36.9 KBytes   304 Kbits/sec  24.357 ms  0/27 (0%)  
[  8]  54.00-55.01  sec  30.1 KBytes   245 Kbits/sec  25.027 ms  1/23 (4.3%)  
[  8]  55.01-56.00  sec  53.3 KBytes   439 Kbits/sec  16.243 ms  21/60 (35%)  
[  8]  56.00-57.02  sec  46.5 KBytes   374 Kbits/sec  14.299 ms  21/55 (38%)  
[  8]  57.02-58.00  sec  43.8 KBytes   365 Kbits/sec  16.653 ms  15/47 (32%)  
[  8]  58.00-59.00  sec  45.1 KBytes   370 Kbits/sec  16.756 ms  8/41 (20%)  
[  8]  59.00-60.00  sec  49.2 KBytes   403 Kbits/sec  19.634 ms  5/41 (12%)  
[  8]  60.00-61.00  sec  45.1 KBytes   370 Kbits/sec  15.899 ms  12/45 (27%)  
[  8]  61.00-62.00  sec  43.8 KBytes   358 Kbits/sec  13.683 ms  10/42 (24%)  
[  8]  62.00-63.00  sec  98.4 KBytes   806 Kbits/sec  14.697 ms  15/87 (17%)  
[  8]  63.00-64.00  sec  54.7 KBytes   448 Kbits/sec  17.990 ms  2/42 (4.8%)  
[  8]  64.00-65.00  sec  36.9 KBytes   302 Kbits/sec  18.330 ms  4/31 (13%)  
[  8]  65.00-66.00  sec  38.3 KBytes   314 Kbits/sec  19.013 ms  1/29 (3.4%)  
[  8]  66.00-67.00  sec  45.1 KBytes   370 Kbits/sec  13.870 ms  0/33 (0%)  
[  8]  67.00-68.00  sec  46.5 KBytes   380 Kbits/sec  15.183 ms  3/37 (8.1%)  
[  8]  68.00-69.00  sec  56.1 KBytes   460 Kbits/sec  26.962 ms  9/50 (18%)  
[  8]  69.00-70.00  sec  54.7 KBytes   448 Kbits/sec  17.800 ms  2/42 (4.8%)  
[  8]  70.00-71.00  sec  64.3 KBytes   526 Kbits/sec  17.501 ms  11/58 (19%)  
[  8]  71.00-72.00  sec  64.3 KBytes   526 Kbits/sec  18.968 ms  4/51 (7.8%)  
[  8]  72.00-73.00  sec  82.0 KBytes   672 Kbits/sec  11.599 ms  14/74 (19%)  
[  8]  73.00-74.00  sec  57.4 KBytes   470 Kbits/sec  8.768 ms  2/44 (4.5%)  
[  8]  74.00-75.00  sec  54.7 KBytes   447 Kbits/sec  8.635 ms  5/45 (11%)  
[  8]  75.00-76.00  sec  58.8 KBytes   481 Kbits/sec  5.715 ms  1/44 (2.3%)  
[  8]  76.00-77.00  sec  60.2 KBytes   494 Kbits/sec  5.185 ms  1/45 (2.2%)  
[  8]  77.00-78.00  sec  61.5 KBytes   504 Kbits/sec  4.828 ms  0/45 (0%)  
[  8]  78.00-79.00  sec  58.8 KBytes   481 Kbits/sec  9.912 ms  1/44 (2.3%)  
[  8]  79.00-80.00  sec  60.2 KBytes   493 Kbits/sec  7.461 ms  0/44 (0%)  
[  8]  80.00-81.00  sec  62.9 KBytes   515 Kbits/sec  6.156 ms  0/46 (0%)  
[  8]  81.00-82.00  sec  60.2 KBytes   493 Kbits/sec  6.922 ms  0/44 (0%)  
[  8]  82.00-83.00  sec  60.2 KBytes   493 Kbits/sec  7.371 ms  1/45 (2.2%)  
[  8]  83.00-84.00  sec  60.2 KBytes   493 Kbits/sec  6.505 ms  0/44 (0%)  
[  8]  84.00-85.00  sec  61.5 KBytes   503 Kbits/sec  5.828 ms  0/45 (0%)  
[  8]  85.00-86.00  sec  57.4 KBytes   472 Kbits/sec  8.237 ms  3/45 (6.7%)  
[  8]  86.00-87.00  sec  61.5 KBytes   504 Kbits/sec  6.036 ms  0/45 (0%)  
[  8]  87.00-88.00  sec  54.7 KBytes   447 Kbits/sec  10.285 ms  3/43 (7%)  
[  8]  88.00-89.00  sec  60.2 KBytes   494 Kbits/sec  9.948 ms  2/46 (4.3%)  
[  8]  89.00-90.00  sec  52.0 KBytes   426 Kbits/sec  13.355 ms  3/41 (7.3%)  
[  8]  90.00-91.00  sec  58.8 KBytes   481 Kbits/sec  12.013 ms  5/48 (10%)  
[  8]  91.00-92.00  sec  50.6 KBytes   414 Kbits/sec  13.779 ms  7/44 (16%)  
[  8]  92.00-93.00  sec  53.3 KBytes   437 Kbits/sec  8.168 ms  7/46 (15%)  
[  8]  93.00-94.00  sec  60.2 KBytes   493 Kbits/sec  7.422 ms  0/44 (0%)  
[  8]  94.00-95.00  sec  56.1 KBytes   459 Kbits/sec  19.322 ms  3/44 (6.8%)  
[  8]  95.00-96.00  sec  54.7 KBytes   446 Kbits/sec  10.094 ms  6/46 (13%)  
[  8]  96.00-97.00  sec  57.4 KBytes   472 Kbits/sec  5.459 ms  2/44 (4.5%)  
[  8]  97.00-98.00  sec  58.8 KBytes   482 Kbits/sec  9.831 ms  1/44 (2.3%)  
[  8]  98.00-99.01  sec  54.7 KBytes   444 Kbits/sec  11.769 ms  5/45 (11%)  
[  8]  99.01-100.00 sec  61.5 KBytes   509 Kbits/sec  10.370 ms  0/45 (0%)  
[  8] 100.00-101.01 sec  57.4 KBytes   467 Kbits/sec  8.110 ms  3/45 (6.7%)  
[  8] 101.01-102.00 sec  53.3 KBytes   440 Kbits/sec  9.484 ms  0/39 (0%)  
[  8] 102.00-103.00 sec  49.2 KBytes   403 Kbits/sec  23.377 ms  14/50 (28%)  
[  8] 103.00-104.00 sec  54.7 KBytes   447 Kbits/sec  7.890 ms  3/43 (7%)  
[  8] 104.00-105.00 sec  53.3 KBytes   438 Kbits/sec  13.242 ms  0/39 (0%)  
[  8] 105.00-106.01 sec  68.4 KBytes   556 Kbits/sec  22.023 ms  0/50 (0%)  
[  8] 106.01-107.00 sec  62.9 KBytes   520 Kbits/sec  7.499 ms  0/46 (0%)  
[  8] 107.00-108.00 sec  60.2 KBytes   492 Kbits/sec  7.547 ms  1/45 (2.2%)  
[  8] 108.00-109.00 sec  60.2 KBytes   494 Kbits/sec  5.652 ms  1/45 (2.2%)  
[  8] 109.00-110.00 sec  60.2 KBytes   493 Kbits/sec  9.674 ms  1/45 (2.2%)  
[  8] 110.00-111.00 sec  60.2 KBytes   493 Kbits/sec  5.255 ms  0/44 (0%)  
[  8] 111.00-112.00 sec  58.8 KBytes   481 Kbits/sec  3.598 ms  2/45 (4.4%)  
[  8] 112.00-113.00 sec  61.5 KBytes   505 Kbits/sec  5.059 ms  0/45 (0%)  
[  8] 113.00-114.00 sec  60.2 KBytes   493 Kbits/sec  3.868 ms  0/44 (0%)  
[  8] 114.00-115.00 sec  60.2 KBytes   493 Kbits/sec  5.529 ms  0/44 (0%)  
[  8] 115.00-116.00 sec  61.5 KBytes   503 Kbits/sec  6.346 ms  0/45 (0%)  
[  8] 116.00-117.00 sec  60.2 KBytes   494 Kbits/sec  3.628 ms  0/44 (0%)  
[  8] 117.00-118.00 sec  61.5 KBytes   504 Kbits/sec  4.900 ms  0/45 (0%)  
[  8] 118.00-119.00 sec  54.7 KBytes   448 Kbits/sec  7.925 ms  0/40 (0%)  
[  8] 119.00-120.00 sec  26.0 KBytes   213 Kbits/sec  22.189 ms  1/20 (5%)  
[  8] 120.00-121.00 sec  31.4 KBytes   258 Kbits/sec  14.116 ms  10/33 (30%)  
[  8] 121.00-122.00 sec  27.3 KBytes   224 Kbits/sec  20.089 ms  29/49 (59%)  
[  8] 122.00-123.00 sec  19.1 KBytes   157 Kbits/sec  19.651 ms  31/45 (69%)  
[  8] 123.00-124.00 sec  68.4 KBytes   560 Kbits/sec  10.405 ms  32/82 (39%)  
[  8] 124.00-125.00 sec  60.2 KBytes   493 Kbits/sec  5.612 ms  0/44 (0%)  
[  8] 125.00-126.00 sec  60.2 KBytes   493 Kbits/sec  3.729 ms  1/45 (2.2%)  
[  8] 126.00-127.00 sec  60.2 KBytes   493 Kbits/sec  3.501 ms  0/44 (0%)  
[  8] 127.00-128.00 sec  61.5 KBytes   504 Kbits/sec  5.131 ms  0/45 (0%)  
[  8] 128.00-129.00 sec  57.4 KBytes   470 Kbits/sec  4.234 ms  2/44 (4.5%)  
[  8] 129.00-130.00 sec  61.5 KBytes   504 Kbits/sec  3.829 ms  0/45 (0%)  
[  8] 130.00-131.00 sec  56.1 KBytes   458 Kbits/sec  3.600 ms  0/41 (0%)  
[  8] 131.00-132.00 sec  64.3 KBytes   528 Kbits/sec  7.484 ms  0/47 (0%)  
[  8] 132.00-133.00 sec  60.2 KBytes   493 Kbits/sec  7.948 ms  2/46 (4.3%)  
[  8] 133.00-134.00 sec  60.2 KBytes   493 Kbits/sec  8.877 ms  0/44 (0%)  
[  8] 134.00-135.01 sec  62.9 KBytes   512 Kbits/sec  7.241 ms  0/46 (0%)  
[  8] 135.01-136.00 sec  57.4 KBytes   473 Kbits/sec  9.176 ms  1/43 (2.3%)  
[  8] 136.00-137.00 sec  61.5 KBytes   504 Kbits/sec  5.739 ms  1/46 (2.2%)  
[  8] 137.00-138.00 sec  50.6 KBytes   414 Kbits/sec  11.874 ms  3/40 (7.5%)  
[  8] 138.00-139.00 sec  52.0 KBytes   426 Kbits/sec  10.845 ms  10/48 (21%)  
[  8] 139.00-140.00 sec  57.4 KBytes   470 Kbits/sec  10.973 ms  2/44 (4.5%)  
[  8] 140.00-141.00 sec  62.9 KBytes   515 Kbits/sec  4.962 ms  0/46 (0%)  
[  8] 141.00-142.00 sec  60.2 KBytes   492 Kbits/sec  11.007 ms  1/45 (2.2%)  
[  8] 142.00-143.00 sec  52.0 KBytes   426 Kbits/sec  9.744 ms  2/40 (5%)  
[  8] 143.00-144.01 sec  50.6 KBytes   411 Kbits/sec  14.308 ms  0/37 (0%)  
[  8] 144.01-145.00 sec  76.6 KBytes   632 Kbits/sec  8.752 ms  0/56 (0%)  
[  8] 145.00-146.00 sec  56.1 KBytes   459 Kbits/sec  6.556 ms  3/44 (6.8%)  
[  8] 146.00-147.00 sec  60.2 KBytes   492 Kbits/sec  9.014 ms  1/45 (2.2%)  
[  8] 147.00-148.00 sec  62.9 KBytes   516 Kbits/sec  6.088 ms  0/46 (0%)  
[  8] 148.00-149.00 sec  53.3 KBytes   437 Kbits/sec  6.371 ms  4/43 (9.3%)  
[  8] 149.00-150.00 sec  58.8 KBytes   482 Kbits/sec  8.895 ms  1/44 (2.3%)  
[  8] 150.00-151.00 sec  60.2 KBytes   493 Kbits/sec  8.033 ms  2/46 (4.3%)  
[  8] 151.00-152.00 sec  61.5 KBytes   504 Kbits/sec  6.579 ms  1/46 (2.2%)  
[  8] 152.00-153.00 sec  54.7 KBytes   448 Kbits/sec  7.813 ms  4/44 (9.1%)  
[  8] 153.00-154.00 sec  60.2 KBytes   493 Kbits/sec  5.768 ms  1/45 (2.2%)  
[  8] 154.00-155.00 sec  60.2 KBytes   493 Kbits/sec  6.985 ms  0/44 (0%)  
[  8] 155.00-156.00 sec  58.8 KBytes   482 Kbits/sec  6.871 ms  1/44 (2.3%)  
[  8] 156.00-157.00 sec  58.8 KBytes   482 Kbits/sec  7.393 ms  0/43 (0%)  
[  8] 157.00-158.00 sec  49.2 KBytes   403 Kbits/sec  10.969 ms  0/36 (0%)  
[  8] 158.00-159.00 sec  61.5 KBytes   504 Kbits/sec  8.506 ms  10/55 (18%)  
[  8] 159.00-160.00 sec  58.8 KBytes   482 Kbits/sec  8.028 ms  3/46 (6.5%)  
[  8] 160.00-161.00 sec  57.4 KBytes   470 Kbits/sec  4.820 ms  2/44 (4.5%)  
[  8] 161.00-162.00 sec  57.4 KBytes   470 Kbits/sec  4.595 ms  0/42 (0%)  
[  8] 162.00-163.00 sec  65.6 KBytes   538 Kbits/sec  3.127 ms  0/48 (0%)  
[  8] 163.00-164.00 sec  53.3 KBytes   437 Kbits/sec  9.127 ms  4/43 (9.3%)  
[  8] 164.00-165.00 sec  61.5 KBytes   504 Kbits/sec  8.993 ms  0/45 (0%)  
[  8] 165.00-166.00 sec  58.8 KBytes   482 Kbits/sec  13.929 ms  2/45 (4.4%)  
[  8] 166.00-167.00 sec  39.6 KBytes   325 Kbits/sec  16.078 ms  5/34 (15%)  
[  8] 167.00-168.00 sec  71.1 KBytes   582 Kbits/sec  4.510 ms  4/56 (7.1%)  
[  8] 168.00-169.00 sec  61.5 KBytes   504 Kbits/sec  3.719 ms  0/45 (0%)  
[  8] 169.00-170.00 sec  57.4 KBytes   471 Kbits/sec  6.809 ms  1/43 (2.3%)  
[  8] 170.00-171.00 sec  62.9 KBytes   515 Kbits/sec  4.397 ms  0/46 (0%)  
[  8] 171.00-172.00 sec  60.2 KBytes   493 Kbits/sec  3.099 ms  0/44 (0%)  
[  8] 172.00-173.00 sec  58.8 KBytes   482 Kbits/sec  10.151 ms  1/44 (2.3%)  
[  8] 173.00-174.00 sec  60.2 KBytes   492 Kbits/sec  10.911 ms  1/45 (2.2%)  
[  8] 174.00-175.00 sec  61.5 KBytes   504 Kbits/sec  4.028 ms  0/45 (0%)  
[  8] 175.00-176.00 sec  60.2 KBytes   493 Kbits/sec  9.286 ms  0/44 (0%)  
[  8] 176.00-177.00 sec  60.2 KBytes   493 Kbits/sec  5.665 ms  1/45 (2.2%)  
[  8] 177.00-178.00 sec  54.7 KBytes   446 Kbits/sec  8.560 ms  0/40 (0%)  
[  8] 178.00-179.00 sec  34.2 KBytes   280 Kbits/sec  18.318 ms  0/25 (0%)  
[  8] 179.00-180.00 sec  19.1 KBytes   157 Kbits/sec  37.584 ms  0/14 (0%)  
[  8] 180.00-181.00 sec  43.8 KBytes   358 Kbits/sec  28.170 ms  20/52 (38%)  
[  8] 181.00-182.00 sec  17.8 KBytes   146 Kbits/sec  38.003 ms  16/29 (55%)  
[  8] 182.00-183.00 sec  30.1 KBytes   246 Kbits/sec  24.545 ms  15/37 (41%)  
[  8] 183.00-184.00 sec  19.1 KBytes   157 Kbits/sec  26.504 ms  14/28 (50%)  
[  8] 184.00-185.00 sec  49.2 KBytes   403 Kbits/sec  25.328 ms  27/63 (43%)  
[  8] 185.00-186.00 sec  58.8 KBytes   482 Kbits/sec  19.765 ms  63/106 (59%)  
[  8] 186.00-187.00 sec  36.9 KBytes   302 Kbits/sec  20.861 ms  0/27 (0%)  
[  8] 187.00-188.00 sec  34.2 KBytes   280 Kbits/sec  20.960 ms  2/27 (7.4%)  
[  8] 188.00-189.00 sec  97.1 KBytes   794 Kbits/sec  15.796 ms  15/86 (17%)  
[  8] 189.00-190.00 sec  60.2 KBytes   494 Kbits/sec  8.125 ms  1/45 (2.2%)  
[  8] 190.00-191.00 sec  39.6 KBytes   325 Kbits/sec  18.030 ms  0/29 (0%)  
[  8] 191.00-192.00 sec  84.8 KBytes   694 Kbits/sec  8.898 ms  0/62 (0%)  
[  8] 192.00-193.00 sec  47.9 KBytes   392 Kbits/sec  10.922 ms  0/35 (0%)  
[  8] 193.00-194.00 sec  69.7 KBytes   571 Kbits/sec  12.794 ms  0/51 (0%)  
[  8] 194.00-195.00 sec  65.6 KBytes   538 Kbits/sec  3.846 ms  0/48 (0%)  
[  8] 195.00-196.00 sec  58.8 KBytes   482 Kbits/sec  7.075 ms  1/44 (2.3%)  
[  8] 196.00-197.00 sec  60.2 KBytes   492 Kbits/sec  9.036 ms  1/45 (2.2%)  
[  8] 197.00-198.00 sec  54.7 KBytes   449 Kbits/sec  10.801 ms  0/40 (0%)  
[  8] 198.00-199.00 sec  26.0 KBytes   213 Kbits/sec  25.903 ms  8/27 (30%)  
[  8] 199.00-200.00 sec  46.5 KBytes   381 Kbits/sec  19.381 ms  32/66 (48%)  
[  8] 200.00-201.00 sec  61.5 KBytes   504 Kbits/sec  7.045 ms  1/46 (2.2%)  
[  8] 201.00-202.00 sec  57.4 KBytes   470 Kbits/sec  8.680 ms  2/44 (4.5%)  
[  8] 202.00-203.00 sec  60.2 KBytes   493 Kbits/sec  7.473 ms  1/45 (2.2%)  
[  8] 203.00-204.00 sec  61.5 KBytes   503 Kbits/sec  5.241 ms  0/45 (0%)  
[  8] 204.00-205.00 sec  60.2 KBytes   494 Kbits/sec  6.831 ms  0/44 (0%)  
[  8] 205.00-206.00 sec  60.2 KBytes   493 Kbits/sec  5.565 ms  1/45 (2.2%)  
[  8] 206.00-207.00 sec  60.2 KBytes   493 Kbits/sec  3.031 ms  0/44 (0%)  
[  8] 207.00-208.00 sec  61.5 KBytes   504 Kbits/sec  3.674 ms  0/45 (0%)  
[  8] 208.00-209.00 sec  57.4 KBytes   470 Kbits/sec  7.578 ms  2/44 (4.5%)  
[  8] 209.00-210.00 sec  60.2 KBytes   493 Kbits/sec  11.022 ms  1/45 (2.2%)  
[  8] 210.00-211.00 sec  57.4 KBytes   470 Kbits/sec  7.207 ms  2/44 (4.5%)  
[  8] 211.00-212.00 sec  56.1 KBytes   459 Kbits/sec  11.485 ms  3/44 (6.8%)  
[  8] 212.00-213.00 sec  58.8 KBytes   482 Kbits/sec  10.249 ms  3/46 (6.5%)  
[  8] 213.00-214.00 sec  61.5 KBytes   504 Kbits/sec  7.251 ms  0/45 (0%)  
[  8] 214.00-215.00 sec  60.2 KBytes   493 Kbits/sec  6.474 ms  1/45 (2.2%)  
[  8] 215.00-216.00 sec  61.5 KBytes   504 Kbits/sec  8.620 ms  0/45 (0%)  
[  8] 216.00-217.00 sec  60.2 KBytes   493 Kbits/sec  8.485 ms  0/44 (0%)  
[  8] 217.00-218.00 sec  60.2 KBytes   493 Kbits/sec  6.572 ms  1/45 (2.2%)  
[  8] 218.00-219.00 sec  53.3 KBytes   437 Kbits/sec  11.990 ms  5/44 (11%)  
[  8] 219.00-220.00 sec  47.9 KBytes   392 Kbits/sec  12.037 ms  1/36 (2.8%)  
[  8] 220.00-221.00 sec  52.0 KBytes   426 Kbits/sec  8.518 ms  3/41 (7.3%)  
[  8] 221.00-222.00 sec  46.5 KBytes   381 Kbits/sec  10.626 ms  0/34 (0%)  
[  8] 222.00-223.00 sec  31.4 KBytes   257 Kbits/sec  21.270 ms  26/49 (53%)  
[  8] 223.00-224.00 sec  75.2 KBytes   616 Kbits/sec  7.566 ms  9/64 (14%)  
[  8] 224.00-225.00 sec  57.4 KBytes   472 Kbits/sec  3.702 ms  1/43 (2.3%)  
[  8] 225.00-226.00 sec  62.9 KBytes   515 Kbits/sec  3.651 ms  0/46 (0%)  
[  8] 226.00-227.00 sec  60.2 KBytes   493 Kbits/sec  4.552 ms  1/45 (2.2%)  
[  8] 227.00-228.00 sec  58.8 KBytes   481 Kbits/sec  6.745 ms  1/44 (2.3%)  
[  8] 228.00-229.00 sec  61.5 KBytes   504 Kbits/sec  3.572 ms  0/45 (0%)  
[  8] 229.00-230.00 sec  61.5 KBytes   504 Kbits/sec  6.950 ms  0/45 (0%)  
[  8] 230.00-231.00 sec  60.2 KBytes   493 Kbits/sec  6.116 ms  0/44 (0%)  
[  8] 231.00-232.00 sec  61.5 KBytes   504 Kbits/sec  8.642 ms  0/45 (0%)  
[  8] 232.00-233.00 sec  60.2 KBytes   493 Kbits/sec  5.858 ms  0/44 (0%)  
[  8] 233.00-234.00 sec  61.5 KBytes   504 Kbits/sec  4.649 ms  0/45 (0%)  
[  8] 234.00-235.00 sec  58.8 KBytes   482 Kbits/sec  6.279 ms  1/44 (2.3%)  
[  8] 235.00-236.00 sec  61.5 KBytes   504 Kbits/sec  6.222 ms  0/45 (0%)  
[  8] 236.00-237.00 sec  61.5 KBytes   504 Kbits/sec  5.293 ms  0/45 (0%)  
[  8] 237.00-238.00 sec  58.8 KBytes   482 Kbits/sec  9.587 ms  1/44 (2.3%)  
[  8] 238.00-239.00 sec  60.2 KBytes   493 Kbits/sec  11.101 ms  0/44 (0%)  
[  8] 239.00-240.00 sec  62.9 KBytes   515 Kbits/sec  11.929 ms  0/46 (0%)  
[  8] 240.00-241.00 sec  58.8 KBytes   482 Kbits/sec  7.377 ms  0/43 (0%)  
[  8] 241.00-242.00 sec  62.9 KBytes   515 Kbits/sec  1.516 ms  0/46 (0%)  
[  8] 242.00-243.00 sec  53.3 KBytes   436 Kbits/sec  4.224 ms  2/41 (4.9%)  
[  8] 243.00-244.00 sec  60.2 KBytes   493 Kbits/sec  7.056 ms  0/44 (0%)  
[  8] 244.00-245.00 sec  65.6 KBytes   538 Kbits/sec  5.637 ms  1/49 (2%)  
[  8] 245.00-246.00 sec  61.5 KBytes   504 Kbits/sec  3.043 ms  0/45 (0%)  
[  8] 246.00-247.00 sec  57.4 KBytes   470 Kbits/sec  8.665 ms  0/42 (0%)  
[  8] 247.00-248.00 sec  61.5 KBytes   504 Kbits/sec  11.659 ms  1/46 (2.2%)  
[  8] 248.00-249.00 sec  57.4 KBytes   470 Kbits/sec  14.735 ms  3/45 (6.7%)  
[  8] 249.00-250.00 sec  56.1 KBytes   459 Kbits/sec  9.812 ms  4/45 (8.9%)  
[  8] 250.00-251.00 sec  57.4 KBytes   470 Kbits/sec  6.138 ms  3/45 (6.7%)  
[  8] 251.00-252.00 sec  56.1 KBytes   459 Kbits/sec  2.919 ms  4/45 (8.9%)  
[  8] 252.00-253.00 sec  56.1 KBytes   459 Kbits/sec  2.462 ms  2/43 (4.7%)  
[  8] 253.00-254.00 sec  60.2 KBytes   493 Kbits/sec  7.745 ms  1/45 (2.2%)  
[  8] 254.00-255.00 sec  61.5 KBytes   504 Kbits/sec  4.727 ms  1/46 (2.2%)  
[  8] 255.00-256.00 sec  60.2 KBytes   493 Kbits/sec  6.320 ms  0/44 (0%)  
[  8] 256.00-257.00 sec  60.2 KBytes   493 Kbits/sec  6.362 ms  0/44 (0%)  
[  8] 257.00-258.00 sec  60.2 KBytes   493 Kbits/sec  7.453 ms  1/45 (2.2%)  
[  8] 258.00-259.00 sec  60.2 KBytes   493 Kbits/sec  5.363 ms  0/44 (0%)  
[  8] 259.00-260.00 sec  58.8 KBytes   482 Kbits/sec  9.926 ms  2/45 (4.4%)  
[  8] 260.00-261.00 sec  60.2 KBytes   493 Kbits/sec  7.699 ms  1/45 (2.2%)  
[  8] 261.00-262.00 sec  39.6 KBytes   325 Kbits/sec  18.150 ms  1/30 (3.3%)  
[  8] 262.00-263.00 sec  41.0 KBytes   336 Kbits/sec  17.944 ms  29/59 (49%)  
[  8] 263.00-264.00 sec  57.4 KBytes   470 Kbits/sec  16.295 ms  2/44 (4.5%)  
[  8] 264.00-265.00 sec  45.1 KBytes   370 Kbits/sec  20.350 ms  3/36 (8.3%)  
[  8] 265.00-266.00 sec  50.6 KBytes   414 Kbits/sec  19.549 ms  7/44 (16%)  
[  8] 266.00-267.00 sec  21.9 KBytes   179 Kbits/sec  33.109 ms  1/17 (5.9%)  
[  8] 267.00-268.00 sec  30.1 KBytes   246 Kbits/sec  19.128 ms  10/32 (31%)  
[  8] 268.00-269.00 sec  31.4 KBytes   258 Kbits/sec  13.705 ms  12/35 (34%)  
[  8] 269.00-270.00 sec  27.3 KBytes   224 Kbits/sec  16.202 ms  41/61 (67%)  
[  8] 270.00-271.00 sec  62.9 KBytes   515 Kbits/sec  28.107 ms  38/84 (45%)  
[  8] 271.00-272.00 sec  67.0 KBytes   549 Kbits/sec  4.802 ms  1/50 (2%)  
[  8] 272.00-273.00 sec  60.2 KBytes   493 Kbits/sec  2.196 ms  0/44 (0%)  
[  8] 273.00-274.00 sec  61.5 KBytes   504 Kbits/sec  1.651 ms  0/45 (0%)  
[  8] 274.00-275.00 sec  61.5 KBytes   504 Kbits/sec  0.905 ms  0/45 (0%)  
[  8] 275.00-276.00 sec  60.2 KBytes   493 Kbits/sec  3.413 ms  0/44 (0%)  
[  8] 276.00-277.00 sec  61.5 KBytes   504 Kbits/sec  1.827 ms  0/45 (0%)  
[  8] 277.00-278.00 sec  61.5 KBytes   504 Kbits/sec  1.419 ms  0/45 (0%)  
[  8] 278.00-279.00 sec  60.2 KBytes   493 Kbits/sec  2.726 ms  0/44 (0%)  
[  8] 279.00-280.00 sec  61.5 KBytes   504 Kbits/sec  6.115 ms  0/45 (0%)  
[  8] 280.00-281.00 sec  61.5 KBytes   504 Kbits/sec  3.444 ms  0/45 (0%)  
[  8] 281.00-282.00 sec  60.2 KBytes   493 Kbits/sec  5.642 ms  0/44 (0%)  
[  8] 282.00-283.00 sec  61.5 KBytes   504 Kbits/sec  4.081 ms  0/45 (0%)  
[  8] 283.00-284.00 sec  58.8 KBytes   482 Kbits/sec  4.716 ms  1/44 (2.3%)  
[  8] 284.00-285.00 sec  61.5 KBytes   504 Kbits/sec  4.383 ms  0/45 (0%)  
[  8] 285.00-286.00 sec  60.2 KBytes   493 Kbits/sec  4.349 ms  0/44 (0%)  
[  8] 286.00-287.00 sec  60.2 KBytes   493 Kbits/sec  8.492 ms  1/45 (2.2%)  
[  8] 287.00-288.00 sec  61.5 KBytes   504 Kbits/sec  3.224 ms  0/45 (0%)  
[  8] 288.00-289.00 sec  52.0 KBytes   426 Kbits/sec  11.571 ms  0/38 (0%)  
[  8] 289.00-290.00 sec  52.0 KBytes   426 Kbits/sec  11.687 ms  0/38 (0%)  
[  8] 290.00-291.00 sec  77.9 KBytes   638 Kbits/sec  10.653 ms  1/58 (1.7%)  
[  8] 291.00-292.00 sec  60.2 KBytes   493 Kbits/sec  6.909 ms  0/44 (0%)  
[  8] 292.00-293.00 sec  56.1 KBytes   459 Kbits/sec  7.810 ms  3/44 (6.8%)  
[  8] 293.00-294.00 sec  61.5 KBytes   504 Kbits/sec  9.334 ms  0/45 (0%)  
[  8] 294.00-295.00 sec  58.8 KBytes   482 Kbits/sec  9.359 ms  1/44 (2.3%)  
[  8] 295.00-296.00 sec  58.8 KBytes   482 Kbits/sec  8.469 ms  2/45 (4.4%)  
[  8] 296.00-297.00 sec  60.2 KBytes   493 Kbits/sec  8.347 ms  1/45 (2.2%)  
[  8] 297.00-298.00 sec  61.5 KBytes   504 Kbits/sec  7.635 ms  0/45 (0%)  
[  8] 298.00-299.00 sec  61.5 KBytes   504 Kbits/sec  5.538 ms  0/45 (0%)  
[  8] 299.00-300.00 sec  60.2 KBytes   493 Kbits/sec  5.367 ms  0/45 (0%)  
[  8] 300.00-301.00 sec  56.1 KBytes   459 Kbits/sec  10.559 ms  1/42 (2.4%)  
[  8] 301.00-302.00 sec  64.3 KBytes   526 Kbits/sec  7.083 ms  0/47 (0%)  
[  8] 302.00-303.00 sec  57.4 KBytes   471 Kbits/sec  7.632 ms  2/44 (4.5%)  
[  8] 303.00-304.00 sec  61.5 KBytes   504 Kbits/sec  4.291 ms  0/45 (0%)  
[  8] 304.00-305.00 sec  61.5 KBytes   504 Kbits/sec  4.487 ms  0/45 (0%)  
[  8] 305.00-306.00 sec  58.8 KBytes   481 Kbits/sec  4.891 ms  1/44 (2.3%)  
[  8] 306.00-307.00 sec  61.5 KBytes   505 Kbits/sec  3.833 ms  0/45 (0%)  
[  8] 307.00-308.00 sec  61.5 KBytes   504 Kbits/sec  3.458 ms  0/45 (0%)  
[  8] 308.00-309.00 sec  57.4 KBytes   470 Kbits/sec  8.875 ms  2/44 (4.5%)  
[  8] 309.00-310.00 sec  60.2 KBytes   493 Kbits/sec  9.936 ms  0/44 (0%)  
[  8] 310.00-311.00 sec  60.2 KBytes   493 Kbits/sec  12.267 ms  1/45 (2.2%)  
[  8] 311.00-312.00 sec  24.6 KBytes   202 Kbits/sec  34.361 ms  2/20 (10%)  
[  8] 312.00-313.00 sec  75.2 KBytes   615 Kbits/sec  11.766 ms  15/70 (21%)  
[  8] 313.00-314.00 sec  58.8 KBytes   482 Kbits/sec  9.714 ms  1/44 (2.3%)  
[  8] 314.00-315.00 sec  61.5 KBytes   504 Kbits/sec  5.674 ms  0/45 (0%)  
[  8] 315.00-316.00 sec  61.5 KBytes   504 Kbits/sec  5.764 ms  0/45 (0%)  
[  8] 316.00-317.00 sec  61.5 KBytes   504 Kbits/sec  4.467 ms  0/45 (0%)  
[  8] 317.00-318.00 sec  60.2 KBytes   493 Kbits/sec  9.522 ms  0/44 (0%)  
[  8] 318.00-319.00 sec  61.5 KBytes   504 Kbits/sec  9.187 ms  0/45 (0%)  
[  8] 319.00-320.00 sec  60.2 KBytes   492 Kbits/sec  6.709 ms  0/44 (0%)  
[  8] 320.00-321.00 sec  60.2 KBytes   493 Kbits/sec  9.461 ms  1/45 (2.2%)  
[  8] 321.00-322.00 sec  61.5 KBytes   504 Kbits/sec  7.869 ms  0/45 (0%)  
[  8] 322.00-323.00 sec  60.2 KBytes   493 Kbits/sec  6.387 ms  1/45 (2.2%)  
[  8] 323.00-324.00 sec  60.2 KBytes   493 Kbits/sec  3.090 ms  0/44 (0%)  
[  8] 324.00-325.00 sec  57.4 KBytes   470 Kbits/sec  8.391 ms  2/44 (4.5%)  
[  8] 325.00-326.00 sec  56.1 KBytes   459 Kbits/sec  19.076 ms  0/41 (0%)  
[  8] 326.00-327.00 sec  65.6 KBytes   538 Kbits/sec  16.528 ms  0/48 (0%)  
[  8] 327.00-328.03 sec  60.2 KBytes   480 Kbits/sec  7.145 ms  0/44 (0%)  
[  8] 328.03-329.00 sec  62.9 KBytes   529 Kbits/sec  4.919 ms  0/46 (0%)  
[  8] 329.00-330.00 sec  61.5 KBytes   504 Kbits/sec  3.275 ms  0/45 (0%)  
[  8] 330.00-331.00 sec  60.2 KBytes   492 Kbits/sec  5.472 ms  0/44 (0%)  
[  8] 331.00-332.00 sec  60.2 KBytes   494 Kbits/sec  10.446 ms  0/44 (0%)  
[  8] 332.00-333.01 sec  61.5 KBytes   497 Kbits/sec  6.407 ms  1/46 (2.2%)  
[  8] 333.01-334.02 sec  61.5 KBytes   501 Kbits/sec  9.734 ms  0/45 (0%)  
[  8] 334.02-335.02 sec  60.2 KBytes   492 Kbits/sec  12.717 ms  1/45 (2.2%)  
[  8] 335.02-336.00 sec  57.4 KBytes   481 Kbits/sec  6.381 ms  2/44 (4.5%)  
[  8] 336.00-337.01 sec  61.5 KBytes   499 Kbits/sec  6.141 ms  0/45 (0%)  
[  8] 337.01-338.00 sec  58.8 KBytes   486 Kbits/sec  9.247 ms  1/44 (2.3%)  
[  8] 338.00-339.00 sec  58.8 KBytes   482 Kbits/sec  10.966 ms  1/44 (2.3%)  
[  8] 339.00-340.00 sec  52.0 KBytes   424 Kbits/sec  13.509 ms  0/38 (0%)  
[  8] 340.00-340.15 sec  9.57 KBytes   542 Kbits/sec  14.589 ms  1/8 (12%)  
- - - - - - - - - - - - - - - - - - - - - - - - -
[ ID] Interval           Transfer     Bitrate         Jitter    Lost/Total Datagrams
[  8]   0.00-340.15 sec  18.9 MBytes   465 Kbits/sec  14.589 ms  1042/15179 (6.9%)  receiver
