-----------------------------------------------------------
Server listening on 5201 (test #1)
-----------------------------------------------------------
Accepted connection from 10.0.0.19, port 46570
[  8] local 10.0.0.51 port 5201 connected to 10.0.0.19 port 47345
[ ID] Interval           Transfer     Bitrate         Jitter    Lost/Total Datagrams
[  8]   0.00-1.00   sec  50.6 KBytes   414 Kbits/sec  10.711 ms  5/42 (12%)  
[  8]   1.00-2.00   sec  53.3 KBytes   436 Kbits/sec  7.391 ms  8/47 (17%)  
[  8]   2.00-3.00   sec  61.5 KBytes   505 Kbits/sec  5.943 ms  0/45 (0%)  
[  8]   3.00-4.00   sec  60.2 KBytes   493 Kbits/sec  3.904 ms  0/44 (0%)  
[  8]   4.00-5.00   sec  61.5 KBytes   504 Kbits/sec  2.156 ms  0/45 (0%)  
[  8]   5.00-6.00   sec  61.5 KBytes   504 Kbits/sec  2.490 ms  0/45 (0%)  
[  8]   6.00-7.00   sec  61.5 KBytes   504 Kbits/sec  1.347 ms  0/45 (0%)  
[  8]   7.00-8.00   sec  60.2 KBytes   493 Kbits/sec  3.314 ms  0/44 (0%)  
[  8]   8.00-9.00   sec  60.2 KBytes   493 Kbits/sec  2.511 ms  0/44 (0%)  
[  8]   9.00-10.00  sec  61.5 KBytes   504 Kbits/sec  3.073 ms  0/45 (0%)  
[  8]  10.00-11.00  sec  61.5 KBytes   504 Kbits/sec  3.687 ms  0/45 (0%)  
[  8]  11.00-12.00  sec  61.5 KBytes   504 Kbits/sec  2.317 ms  0/45 (0%)  
[  8]  12.00-13.00  sec  61.5 KBytes   504 Kbits/sec  1.145 ms  0/45 (0%)  
[  8]  13.00-14.00  sec  60.2 KBytes   493 Kbits/sec  2.200 ms  0/44 (0%)  
[  8]  14.00-15.00  sec  61.5 KBytes   503 Kbits/sec  2.112 ms  0/45 (0%)  
[  8]  15.00-16.00  sec  61.5 KBytes   505 Kbits/sec  3.110 ms  0/45 (0%)  
[  8]  16.00-17.00  sec  60.2 KBytes   493 Kbits/sec  2.478 ms  0/44 (0%)  
[  8]  17.00-18.00  sec  58.8 KBytes   482 Kbits/sec  2.967 ms  0/43 (0%)  
[  8]  18.00-19.00  sec  64.3 KBytes   526 Kbits/sec  2.125 ms  0/47 (0%)  
[  8]  19.00-20.00  sec  58.8 KBytes   481 Kbits/sec  3.714 ms  1/44 (2.3%)  
[  8]  20.00-21.00  sec  60.2 KBytes   493 Kbits/sec  4.500 ms  1/45 (2.2%)  
[  8]  21.00-22.00  sec  61.5 KBytes   504 Kbits/sec  1.840 ms  0/45 (0%)  
[  8]  22.00-23.00  sec  60.2 KBytes   493 Kbits/sec  1.118 ms  0/44 (0%)  
[  8]  23.00-24.00  sec  61.5 KBytes   504 Kbits/sec  0.682 ms  0/45 (0%)  
[  8]  24.00-25.00  sec  58.8 KBytes   482 Kbits/sec  3.809 ms  1/44 (2.3%)  
[  8]  25.00-26.00  sec  60.2 KBytes   493 Kbits/sec  6.381 ms  0/44 (0%)  
[  8]  26.00-27.00  sec  61.5 KBytes   503 Kbits/sec  4.238 ms  0/45 (0%)  
[  8]  27.00-28.00  sec  61.5 KBytes   504 Kbits/sec  3.748 ms  0/45 (0%)  
[  8]  28.00-29.00  sec  61.5 KBytes   504 Kbits/sec  3.958 ms  0/45 (0%)  
[  8]  29.00-30.00  sec  58.8 KBytes   482 Kbits/sec  3.886 ms  1/44 (2.3%)  
[  8]  30.00-31.00  sec  61.5 KBytes   504 Kbits/sec  5.581 ms  0/45 (0%)  
[  8]  31.00-32.00  sec  60.2 KBytes   493 Kbits/sec  5.258 ms  0/44 (0%)  
[  8]  32.00-33.00  sec  62.9 KBytes   515 Kbits/sec  4.189 ms  0/46 (0%)  
[  8]  33.00-34.00  sec  58.8 KBytes   482 Kbits/sec  3.755 ms  1/44 (2.3%)  
[  8]  34.00-35.00  sec  60.2 KBytes   493 Kbits/sec  6.683 ms  0/44 (0%)  
[  8]  35.00-36.00  sec  61.5 KBytes   504 Kbits/sec  13.647 ms  0/45 (0%)  
[  8]  36.00-37.00  sec  27.3 KBytes   224 Kbits/sec  31.922 ms  0/20 (0%)  
[  8]  37.00-38.00  sec  94.3 KBytes   773 Kbits/sec  11.611 ms  0/69 (0%)  
[  8]  38.00-39.00  sec  61.5 KBytes   504 Kbits/sec  6.320 ms  0/45 (0%)  
[  8]  39.00-40.00  sec  61.5 KBytes   504 Kbits/sec  5.856 ms  0/45 (0%)  
[  8]  40.00-41.00  sec  58.8 KBytes   482 Kbits/sec  4.688 ms  1/44 (2.3%)  
[  8]  41.00-42.00  sec  61.5 KBytes   504 Kbits/sec  2.914 ms  0/45 (0%)  
[  8]  42.00-43.00  sec  60.2 KBytes   493 Kbits/sec  3.102 ms  0/44 (0%)  
[  8]  43.00-44.00  sec  62.9 KBytes   515 Kbits/sec  4.327 ms  0/46 (0%)  
[  8]  44.00-45.00  sec  60.2 KBytes   493 Kbits/sec  4.429 ms  0/44 (0%)  
[  8]  45.00-46.00  sec  61.5 KBytes   504 Kbits/sec  3.766 ms  0/45 (0%)  
[  8]  46.00-47.00  sec  60.2 KBytes   493 Kbits/sec  5.785 ms  0/44 (0%)  
[  8]  47.00-48.00  sec  61.5 KBytes   504 Kbits/sec  4.923 ms  0/45 (0%)  
[  8]  48.00-49.00  sec  58.8 KBytes   482 Kbits/sec  5.261 ms  2/45 (4.4%)  
[  8]  49.00-50.00  sec  60.2 KBytes   493 Kbits/sec  3.243 ms  0/44 (0%)  
[  8]  50.00-51.00  sec  61.5 KBytes   504 Kbits/sec  7.168 ms  0/45 (0%)  
[  8]  51.00-52.00  sec  61.5 KBytes   504 Kbits/sec  4.840 ms  0/45 (0%)  
[  8]  52.00-53.00  sec  60.2 KBytes   493 Kbits/sec  5.910 ms  0/44 (0%)  
[  8]  53.00-54.00  sec  61.5 KBytes   504 Kbits/sec  4.861 ms  0/45 (0%)  
[  8]  54.00-55.00  sec  61.5 KBytes   504 Kbits/sec  3.540 ms  0/45 (0%)  
[  8]  55.00-56.00  sec  56.1 KBytes   459 Kbits/sec  4.043 ms  1/42 (2.4%)  
[  8]  56.00-57.00  sec  64.3 KBytes   526 Kbits/sec  5.850 ms  0/47 (0%)  
[  8]  57.00-58.00  sec  61.5 KBytes   504 Kbits/sec  3.220 ms  0/45 (0%)  
[  8]  58.00-59.00  sec  60.2 KBytes   493 Kbits/sec  7.659 ms  0/44 (0%)  
[  8]  59.00-60.00  sec  57.4 KBytes   470 Kbits/sec  5.785 ms  2/44 (4.5%)  
[  8]  60.00-61.01  sec  62.9 KBytes   511 Kbits/sec  5.922 ms  0/46 (0%)  
[  8]  61.01-62.00  sec  60.2 KBytes   496 Kbits/sec  4.660 ms  0/44 (0%)  
[  8]  62.00-63.00  sec  43.8 KBytes   358 Kbits/sec  13.543 ms  2/34 (5.9%)  
[  8]  63.00-64.00  sec  16.4 KBytes   134 Kbits/sec  38.813 ms  28/40 (70%)  
[  8]  64.00-65.00  sec  30.1 KBytes   246 Kbits/sec  27.953 ms  12/34 (35%)  
[  8]  65.00-66.00  sec  26.0 KBytes   213 Kbits/sec  28.342 ms  6/25 (24%)  
[  8]  66.00-67.00  sec  24.6 KBytes   202 Kbits/sec  36.281 ms  14/32 (44%)  
[  8]  67.00-68.00  sec  15.0 KBytes   123 Kbits/sec  39.209 ms  32/43 (74%)  
[  8]  68.00-69.00  sec  23.2 KBytes   190 Kbits/sec  34.561 ms  31/48 (65%)  
[  8]  69.00-70.00  sec  19.1 KBytes   157 Kbits/sec  51.916 ms  41/55 (75%)  
[  8]  70.00-71.00  sec  35.5 KBytes   291 Kbits/sec  29.734 ms  29/55 (53%)  
[  8]  71.00-72.00  sec  79.3 KBytes   650 Kbits/sec  19.225 ms  16/74 (22%)  
[  8]  72.00-73.00  sec  69.7 KBytes   571 Kbits/sec  9.858 ms  0/51 (0%)  
[  8]  73.00-74.00  sec  60.2 KBytes   493 Kbits/sec  7.933 ms  0/44 (0%)  
[  8]  74.00-75.00  sec  61.5 KBytes   504 Kbits/sec  4.730 ms  1/46 (2.2%)  
[  8]  75.00-76.00  sec  60.2 KBytes   493 Kbits/sec  3.543 ms  0/44 (0%)  
[  8]  76.00-77.00  sec  61.5 KBytes   504 Kbits/sec  2.845 ms  0/45 (0%)  
[  8]  77.00-78.00  sec  60.2 KBytes   493 Kbits/sec  5.957 ms  0/44 (0%)  
[  8]  78.00-79.00  sec  61.5 KBytes   504 Kbits/sec  3.835 ms  0/45 (0%)  
[  8]  79.00-80.00  sec  60.2 KBytes   493 Kbits/sec  5.557 ms  0/44 (0%)  
[  8]  80.00-81.00  sec  61.5 KBytes   504 Kbits/sec  4.514 ms  0/45 (0%)  
[  8]  81.00-82.00  sec  58.8 KBytes   481 Kbits/sec  7.672 ms  0/43 (0%)  
[  8]  82.00-83.00  sec  52.0 KBytes   426 Kbits/sec  10.736 ms  2/40 (5%)  
[  8]  83.00-84.00  sec  68.4 KBytes   560 Kbits/sec  5.478 ms  0/50 (0%)  
[  8]  84.00-85.00  sec  58.8 KBytes   482 Kbits/sec  8.653 ms  2/45 (4.4%)  
[  8]  85.00-86.00  sec  58.8 KBytes   482 Kbits/sec  6.419 ms  2/45 (4.4%)  
[  8]  86.00-87.00  sec  60.2 KBytes   493 Kbits/sec  8.490 ms  1/45 (2.2%)  
[  8]  87.00-88.00  sec  61.5 KBytes   504 Kbits/sec  5.182 ms  0/45 (0%)  
[  8]  88.00-89.00  sec  58.8 KBytes   482 Kbits/sec  5.987 ms  1/44 (2.3%)  
[  8]  89.00-90.00  sec  57.4 KBytes   470 Kbits/sec  7.131 ms  3/45 (6.7%)  
[  8]  90.00-91.00  sec  56.1 KBytes   459 Kbits/sec  6.976 ms  2/43 (4.7%)  
[  8]  91.00-92.00  sec  61.5 KBytes   504 Kbits/sec  5.989 ms  0/45 (0%)  
[  8]  92.00-93.00  sec  62.9 KBytes   515 Kbits/sec  4.414 ms  0/46 (0%)  
[  8]  93.00-94.00  sec  61.5 KBytes   504 Kbits/sec  5.805 ms  0/45 (0%)  
[  8]  94.00-95.00  sec  60.2 KBytes   493 Kbits/sec  10.062 ms  0/44 (0%)  
[  8]  95.00-96.00  sec  60.2 KBytes   493 Kbits/sec  4.241 ms  1/45 (2.2%)  
[  8]  96.00-97.00  sec  60.2 KBytes   493 Kbits/sec  5.381 ms  0/44 (0%)  
[  8]  97.00-98.00  sec  56.1 KBytes   459 Kbits/sec  15.161 ms  2/43 (4.7%)  
[  8]  98.00-99.00  sec  58.8 KBytes   480 Kbits/sec  11.142 ms  3/46 (6.5%)  
[  8]  99.00-100.00 sec  52.0 KBytes   427 Kbits/sec  14.000 ms  6/44 (14%)  
[  8] 100.00-101.00 sec  45.1 KBytes   370 Kbits/sec  14.065 ms  12/45 (27%)  
[  8] 101.00-102.00 sec  50.6 KBytes   414 Kbits/sec  19.230 ms  1/38 (2.6%)  
[  8] 102.00-103.00 sec  56.1 KBytes   459 Kbits/sec  14.034 ms  11/52 (21%)  
[  8] 103.00-104.00 sec  58.8 KBytes   482 Kbits/sec  8.815 ms  1/44 (2.3%)  
[  8] 104.00-105.00 sec  61.5 KBytes   504 Kbits/sec  3.918 ms  1/46 (2.2%)  
[  8] 105.00-106.00 sec  60.2 KBytes   493 Kbits/sec  4.278 ms  0/44 (0%)  
[  8] 106.00-107.00 sec  61.5 KBytes   504 Kbits/sec  4.563 ms  0/45 (0%)  
[  8] 107.00-108.00 sec  60.2 KBytes   493 Kbits/sec  6.541 ms  0/44 (0%)  
[  8] 108.00-109.00 sec  61.5 KBytes   504 Kbits/sec  5.389 ms  0/45 (0%)  
[  8] 109.00-110.00 sec  52.0 KBytes   426 Kbits/sec  8.342 ms  5/43 (12%)  
[  8] 110.00-111.00 sec  54.7 KBytes   448 Kbits/sec  7.576 ms  6/46 (13%)  
[  8] 111.00-112.00 sec  61.5 KBytes   504 Kbits/sec  4.305 ms  0/45 (0%)  
[  8] 112.00-113.00 sec  58.8 KBytes   482 Kbits/sec  4.322 ms  0/43 (0%)  
[  8] 113.00-114.00 sec  61.5 KBytes   504 Kbits/sec  6.253 ms  0/45 (0%)  
[  8] 114.00-115.00 sec  50.6 KBytes   414 Kbits/sec  13.287 ms  1/38 (2.6%)  
[  8] 115.00-116.00 sec  68.4 KBytes   560 Kbits/sec  15.512 ms  1/51 (2%)  
[  8] 116.00-117.00 sec  58.8 KBytes   481 Kbits/sec  9.528 ms  2/45 (4.4%)  
[  8] 117.00-118.00 sec  53.3 KBytes   437 Kbits/sec  15.807 ms  5/44 (11%)  
[  8] 118.00-119.01 sec  52.0 KBytes   421 Kbits/sec  18.042 ms  8/46 (17%)  
[  8] 119.01-120.00 sec  60.2 KBytes   497 Kbits/sec  11.780 ms  1/45 (2.2%)  
[  8] 120.00-121.00 sec  58.8 KBytes   483 Kbits/sec  12.568 ms  1/44 (2.3%)  
[  8] 121.00-122.00 sec  61.5 KBytes   504 Kbits/sec  11.302 ms  0/45 (0%)  
[  8] 122.00-123.00 sec  57.4 KBytes   470 Kbits/sec  10.880 ms  2/44 (4.5%)  
[  8] 123.00-124.00 sec  58.8 KBytes   482 Kbits/sec  12.359 ms  1/44 (2.3%)  
[  8] 124.00-125.00 sec  60.2 KBytes   493 Kbits/sec  10.328 ms  2/46 (4.3%)  
[  8] 125.00-126.00 sec  58.8 KBytes   482 Kbits/sec  12.383 ms  2/45 (4.4%)  
[  8] 126.00-127.00 sec  61.5 KBytes   504 Kbits/sec  4.818 ms  0/45 (0%)  
[  8] 127.00-128.00 sec  60.2 KBytes   493 Kbits/sec  4.934 ms  0/44 (0%)  
[  8] 128.00-129.00 sec  61.5 KBytes   504 Kbits/sec  3.645 ms  0/45 (0%)  
[  8] 129.00-130.00 sec  60.2 KBytes   493 Kbits/sec  3.148 ms  0/44 (0%)  
[  8] 130.00-131.00 sec  61.5 KBytes   504 Kbits/sec  6.471 ms  0/45 (0%)  
[  8] 131.00-132.00 sec  57.4 KBytes   470 Kbits/sec  12.414 ms  0/42 (0%)  
[  8] 132.00-133.00 sec  47.9 KBytes   392 Kbits/sec  17.424 ms  6/41 (15%)  
[  8] 133.00-134.00 sec  61.5 KBytes   504 Kbits/sec  10.063 ms  5/50 (10%)  
[  8] 134.00-135.00 sec  62.9 KBytes   514 Kbits/sec  7.829 ms  0/46 (0%)  
[  8] 135.00-136.00 sec  58.8 KBytes   483 Kbits/sec  5.675 ms  1/44 (2.3%)  
[  8] 136.00-137.00 sec  60.2 KBytes   493 Kbits/sec  6.144 ms  1/45 (2.2%)  
[  8] 137.00-138.00 sec  60.2 KBytes   493 Kbits/sec  8.902 ms  0/44 (0%)  
[  8] 138.00-139.00 sec  61.5 KBytes   504 Kbits/sec  9.785 ms  1/46 (2.2%)  
[  8] 139.00-140.00 sec  60.2 KBytes   493 Kbits/sec  4.009 ms  0/44 (0%)  
[  8] 140.00-141.00 sec  61.5 KBytes   504 Kbits/sec  6.179 ms  0/45 (0%)  
[  8] 141.00-142.00 sec  58.8 KBytes   482 Kbits/sec  4.662 ms  0/43 (0%)  
[  8] 142.00-143.00 sec  61.5 KBytes   504 Kbits/sec  3.297 ms  1/46 (2.2%)  
[  8] 143.00-144.00 sec  61.5 KBytes   504 Kbits/sec  5.518 ms  0/45 (0%)  
[  8] 144.00-145.00 sec  60.2 KBytes   492 Kbits/sec  5.477 ms  0/44 (0%)  
[  8] 145.00-146.00 sec  58.8 KBytes   482 Kbits/sec  7.329 ms  2/45 (4.4%)  
[  8] 146.00-147.00 sec  60.2 KBytes   492 Kbits/sec  7.412 ms  0/44 (0%)  
[  8] 147.00-148.00 sec  58.8 KBytes   481 Kbits/sec  10.009 ms  2/45 (4.4%)  
[  8] 148.00-149.00 sec  60.2 KBytes   493 Kbits/sec  3.209 ms  1/45 (2.2%)  
[  8] 149.00-150.00 sec  60.2 KBytes   494 Kbits/sec  5.396 ms  0/44 (0%)  
[  8] 150.00-151.00 sec  47.9 KBytes   392 Kbits/sec  7.059 ms  10/45 (22%)  
[  8] 151.00-152.00 sec  61.5 KBytes   504 Kbits/sec  6.817 ms  0/45 (0%)  
[  8] 152.00-153.00 sec  60.2 KBytes   493 Kbits/sec  4.731 ms  0/44 (0%)  
[  8] 153.00-154.00 sec  60.2 KBytes   492 Kbits/sec  8.756 ms  1/45 (2.2%)  
[  8] 154.00-155.00 sec  58.8 KBytes   482 Kbits/sec  11.630 ms  2/45 (4.4%)  
[  8] 155.00-156.00 sec  42.4 KBytes   348 Kbits/sec  13.426 ms  1/32 (3.1%)  
[  8] 156.00-157.00 sec  28.7 KBytes   235 Kbits/sec  24.964 ms  8/29 (28%)  
[  8] 157.00-158.00 sec  49.2 KBytes   403 Kbits/sec  21.463 ms  2/38 (5.3%)  
[  8] 158.00-159.00 sec  53.3 KBytes   437 Kbits/sec  14.474 ms  2/41 (4.9%)  
[  8] 159.00-160.00 sec  61.5 KBytes   504 Kbits/sec  21.511 ms  38/83 (46%)  
[  8] 160.00-161.00 sec  61.5 KBytes   504 Kbits/sec  6.340 ms  0/45 (0%)  
[  8] 161.00-162.00 sec  60.2 KBytes   492 Kbits/sec  4.850 ms  0/44 (0%)  
[  8] 162.00-163.00 sec  58.8 KBytes   482 Kbits/sec  7.132 ms  0/43 (0%)  
[  8] 163.00-164.00 sec  53.3 KBytes   436 Kbits/sec  15.143 ms  6/45 (13%)  
[  8] 164.00-165.00 sec  39.6 KBytes   325 Kbits/sec  24.254 ms  11/40 (28%)  
[  8] 165.00-166.00 sec  31.4 KBytes   258 Kbits/sec  27.179 ms  22/45 (49%)  
[  8] 166.00-167.00 sec  67.0 KBytes   549 Kbits/sec  13.937 ms  2/51 (3.9%)  
[  8] 167.00-168.00 sec  60.2 KBytes   493 Kbits/sec  5.764 ms  0/44 (0%)  
[  8] 168.00-169.00 sec  54.7 KBytes   447 Kbits/sec  13.529 ms  1/41 (2.4%)  
[  8] 169.00-170.00 sec  57.4 KBytes   471 Kbits/sec  12.539 ms  5/47 (11%)  
[  8] 170.00-171.00 sec  54.7 KBytes   448 Kbits/sec  13.091 ms  3/43 (7%)  
[  8] 171.00-172.00 sec  58.8 KBytes   482 Kbits/sec  8.776 ms  5/48 (10%)  
[  8] 172.00-173.00 sec  58.8 KBytes   482 Kbits/sec  6.547 ms  0/43 (0%)  
[  8] 173.00-174.00 sec  38.3 KBytes   313 Kbits/sec  18.802 ms  1/29 (3.4%)  
[  8] 174.00-175.00 sec  53.3 KBytes   437 Kbits/sec  7.467 ms  0/39 (0%)  
[  8] 175.00-176.00 sec  90.2 KBytes   739 Kbits/sec  8.030 ms  2/68 (2.9%)  
[  8] 176.00-177.00 sec  57.4 KBytes   470 Kbits/sec  6.097 ms  1/43 (2.3%)  
[  8] 177.00-178.01 sec  45.1 KBytes   367 Kbits/sec  17.631 ms  0/33 (0%)  
[  8] 178.01-179.00 sec  32.8 KBytes   270 Kbits/sec  21.398 ms  6/30 (20%)  
[  8] 179.00-180.00 sec  16.4 KBytes   135 Kbits/sec  38.714 ms  0/12 (0%)  
[  8] 180.00-181.00 sec  17.8 KBytes   146 Kbits/sec  46.578 ms  29/42 (69%)  
[  8] 181.00-182.00 sec  15.0 KBytes   123 Kbits/sec  43.258 ms  21/32 (66%)  
[  8] 182.00-183.00 sec  10.9 KBytes  89.6 Kbits/sec  50.217 ms  17/25 (68%)  
[  8] 183.00-184.00 sec  16.4 KBytes   134 Kbits/sec  50.135 ms  34/46 (74%)  
[  8] 184.00-185.00 sec  75.2 KBytes   616 Kbits/sec  16.710 ms  83/138 (60%)  
[  8] 185.00-186.00 sec  38.3 KBytes   314 Kbits/sec  17.497 ms  0/28 (0%)  
[  8] 186.00-187.00 sec  38.3 KBytes   314 Kbits/sec  22.311 ms  0/28 (0%)  
[  8] 187.00-188.00 sec  60.2 KBytes   493 Kbits/sec  26.839 ms  34/78 (44%)  
[  8] 188.00-189.00 sec  61.5 KBytes   504 Kbits/sec  5.913 ms  0/45 (0%)  
[  8] 189.00-190.00 sec  61.5 KBytes   504 Kbits/sec  2.261 ms  0/45 (0%)  
[  8] 190.00-191.00 sec  60.2 KBytes   493 Kbits/sec  2.050 ms  0/44 (0%)  
[  8] 191.00-192.00 sec  57.4 KBytes   470 Kbits/sec  7.543 ms  0/42 (0%)  
[  8] 192.00-193.00 sec  60.2 KBytes   493 Kbits/sec  10.001 ms  3/47 (6.4%)  
[  8] 193.00-194.00 sec  57.4 KBytes   470 Kbits/sec  11.358 ms  2/44 (4.5%)  
[  8] 194.00-195.00 sec  60.2 KBytes   492 Kbits/sec  10.890 ms  1/45 (2.2%)  
[  8] 195.00-196.00 sec  60.2 KBytes   492 Kbits/sec  17.134 ms  0/44 (0%)  
[  8] 196.00-197.00 sec  61.5 KBytes   505 Kbits/sec  11.318 ms  0/45 (0%)  
[  8] 197.00-198.00 sec  46.5 KBytes   381 Kbits/sec  14.216 ms  0/34 (0%)  
[  8] 198.00-199.00 sec  49.2 KBytes   403 Kbits/sec  19.202 ms  7/43 (16%)  
[  8] 199.00-200.00 sec  45.1 KBytes   370 Kbits/sec  15.597 ms  0/33 (0%)  
[  8] 200.00-201.00 sec  71.1 KBytes   582 Kbits/sec  9.649 ms  1/53 (1.9%)  
[  8] 201.00-202.00 sec  58.8 KBytes   482 Kbits/sec  10.820 ms  2/45 (4.4%)  
[  8] 202.00-203.00 sec  67.0 KBytes   549 Kbits/sec  6.089 ms  12/61 (20%)  
[  8] 203.00-204.00 sec  60.2 KBytes   493 Kbits/sec  3.961 ms  0/44 (0%)  
[  8] 204.00-205.00 sec  60.2 KBytes   492 Kbits/sec  7.206 ms  1/45 (2.2%)  
[  8] 205.00-206.00 sec  60.2 KBytes   494 Kbits/sec  3.570 ms  0/44 (0%)  
[  8] 206.00-207.00 sec  61.5 KBytes   504 Kbits/sec  4.763 ms  0/45 (0%)  
[  8] 207.00-208.00 sec  61.5 KBytes   504 Kbits/sec  6.892 ms  0/45 (0%)  
[  8] 208.00-209.00 sec  60.2 KBytes   493 Kbits/sec  3.875 ms  0/44 (0%)  
[  8] 209.00-210.00 sec  61.5 KBytes   504 Kbits/sec  5.436 ms  0/45 (0%)  
[  8] 210.00-211.00 sec  61.5 KBytes   504 Kbits/sec  5.120 ms  0/45 (0%)  
[  8] 211.00-212.00 sec  60.2 KBytes   493 Kbits/sec  7.578 ms  0/44 (0%)  
[  8] 212.00-213.00 sec  61.5 KBytes   504 Kbits/sec  4.606 ms  0/45 (0%)  
[  8] 213.00-214.00 sec  61.5 KBytes   504 Kbits/sec  3.905 ms  0/45 (0%)  
[  8] 214.00-215.00 sec  60.2 KBytes   493 Kbits/sec  5.781 ms  0/44 (0%)  
[  8] 215.00-216.00 sec  61.5 KBytes   504 Kbits/sec  10.804 ms  0/45 (0%)  
[  8] 216.00-217.00 sec  60.2 KBytes   493 Kbits/sec  6.341 ms  1/45 (2.2%)  
[  8] 217.00-218.00 sec  60.2 KBytes   493 Kbits/sec  4.242 ms  0/44 (0%)  
[  8] 218.00-219.00 sec  58.8 KBytes   482 Kbits/sec  6.576 ms  2/45 (4.4%)  
[  8] 219.00-220.00 sec  61.5 KBytes   504 Kbits/sec  5.783 ms  0/45 (0%)  
[  8] 220.00-221.00 sec  60.2 KBytes   493 Kbits/sec  4.862 ms  0/44 (0%)  
[  8] 221.00-222.00 sec  60.2 KBytes   491 Kbits/sec  5.878 ms  0/44 (0%)  
[  8] 222.00-223.00 sec  62.9 KBytes   518 Kbits/sec  3.959 ms  0/46 (0%)  
[  8] 223.00-224.00 sec  60.2 KBytes   493 Kbits/sec  2.328 ms  0/44 (0%)  
[  8] 224.00-225.00 sec  61.5 KBytes   504 Kbits/sec  5.117 ms  0/45 (0%)  
[  8] 225.00-226.00 sec  60.2 KBytes   493 Kbits/sec  4.218 ms  0/44 (0%)  
[  8] 226.00-227.00 sec  61.5 KBytes   504 Kbits/sec  5.086 ms  0/45 (0%)  
[  8] 227.00-228.00 sec  61.5 KBytes   504 Kbits/sec  3.918 ms  0/45 (0%)  
[  8] 228.00-229.00 sec  60.2 KBytes   493 Kbits/sec  3.378 ms  0/44 (0%)  
[  8] 229.00-230.00 sec  60.2 KBytes   493 Kbits/sec  4.530 ms  0/44 (0%)  
[  8] 230.00-231.00 sec  62.9 KBytes   515 Kbits/sec  4.020 ms  0/46 (0%)  
[  8] 231.00-232.00 sec  60.2 KBytes   493 Kbits/sec  5.529 ms  0/44 (0%)  
[  8] 232.00-233.00 sec  61.5 KBytes   504 Kbits/sec  5.769 ms  0/45 (0%)  
[  8] 233.00-234.00 sec  61.5 KBytes   504 Kbits/sec  5.125 ms  0/45 (0%)  
[  8] 234.00-235.00 sec  60.2 KBytes   493 Kbits/sec  3.498 ms  0/44 (0%)  
[  8] 235.00-236.00 sec  60.2 KBytes   492 Kbits/sec  4.250 ms  0/44 (0%)  
[  8] 236.00-237.00 sec  58.8 KBytes   483 Kbits/sec  8.408 ms  0/43 (0%)  
[  8] 237.00-238.00 sec  31.4 KBytes   258 Kbits/sec  23.568 ms  21/44 (48%)  
[  8] 238.00-239.00 sec  42.4 KBytes   347 Kbits/sec  16.435 ms  13/44 (30%)  
[  8] 239.00-240.00 sec  35.5 KBytes   291 Kbits/sec  22.832 ms  22/48 (46%)  
[  8] 240.00-241.00 sec  61.5 KBytes   504 Kbits/sec  4.590 ms  0/45 (0%)  
[  8] 241.00-242.00 sec  57.4 KBytes   470 Kbits/sec  5.975 ms  1/43 (2.3%)  
[  8] 242.00-243.00 sec  49.2 KBytes   403 Kbits/sec  14.282 ms  8/44 (18%)  
[  8] 243.00-244.00 sec  43.8 KBytes   358 Kbits/sec  12.550 ms  13/45 (29%)  
[  8] 244.00-245.00 sec  52.0 KBytes   426 Kbits/sec  9.613 ms  9/47 (19%)  
[  8] 245.00-246.00 sec  58.8 KBytes   482 Kbits/sec  7.450 ms  0/43 (0%)  
[  8] 246.00-247.00 sec  26.0 KBytes   213 Kbits/sec  26.936 ms  6/25 (24%)  
[  8] 247.00-248.00 sec  32.8 KBytes   269 Kbits/sec  47.836 ms  36/60 (60%)  
[  8] 248.00-249.00 sec  30.1 KBytes   246 Kbits/sec  34.456 ms  6/28 (21%)  
[  8] 249.00-250.00 sec  38.3 KBytes   314 Kbits/sec  22.172 ms  5/33 (15%)  
[  8] 250.00-251.00 sec  90.2 KBytes   739 Kbits/sec  13.105 ms  12/78 (15%)  
[  8] 251.00-252.00 sec  61.5 KBytes   504 Kbits/sec  4.411 ms  0/45 (0%)  
[  8] 252.00-253.00 sec  57.4 KBytes   470 Kbits/sec  9.982 ms  0/42 (0%)  
[  8] 253.00-254.00 sec  56.1 KBytes   459 Kbits/sec  6.753 ms  7/48 (15%)  
[  8] 254.00-255.00 sec  58.8 KBytes   482 Kbits/sec  7.433 ms  1/44 (2.3%)  
[  8] 255.00-256.00 sec  61.5 KBytes   504 Kbits/sec  5.254 ms  0/45 (0%)  
[  8] 256.00-257.00 sec  60.2 KBytes   493 Kbits/sec  4.598 ms  0/44 (0%)  
[  8] 257.00-258.00 sec  60.2 KBytes   493 Kbits/sec  5.783 ms  1/45 (2.2%)  
[  8] 258.00-259.00 sec  60.2 KBytes   491 Kbits/sec  6.146 ms  0/44 (0%)  
[  8] 259.00-260.00 sec  61.5 KBytes   505 Kbits/sec  5.179 ms  0/45 (0%)  
[  8] 260.00-261.00 sec  57.4 KBytes   470 Kbits/sec  7.708 ms  0/42 (0%)  
[  8] 261.00-262.00 sec  65.6 KBytes   538 Kbits/sec  20.568 ms  0/48 (0%)  
[  8] 262.00-263.00 sec  50.6 KBytes   414 Kbits/sec  10.052 ms  1/38 (2.6%)  
[  8] 263.00-264.00 sec  24.6 KBytes   202 Kbits/sec  18.139 ms  22/40 (55%)  
[  8] 264.00-265.00 sec  43.8 KBytes   358 Kbits/sec  17.031 ms  16/48 (33%)  
[  8] 265.00-266.00 sec  32.8 KBytes   269 Kbits/sec  25.131 ms  4/28 (14%)  
[  8] 266.00-267.00 sec  20.5 KBytes   168 Kbits/sec  31.101 ms  10/25 (40%)  
[  8] 267.00-268.00 sec  17.8 KBytes   146 Kbits/sec  24.310 ms  17/30 (57%)  
[  8] 268.00-269.00 sec  15.0 KBytes   123 Kbits/sec  27.390 ms  44/55 (80%)  
[  8] 269.00-270.00 sec  26.0 KBytes   213 Kbits/sec  15.836 ms  27/46 (59%)  
[  8] 270.00-271.00 sec  43.8 KBytes   358 Kbits/sec  24.340 ms  24/56 (43%)  
[  8] 271.00-272.00 sec  27.3 KBytes   224 Kbits/sec  28.559 ms  2/22 (9.1%)  
[  8] 272.00-273.00 sec  39.6 KBytes   325 Kbits/sec  24.808 ms  0/29 (0%)  
[  8] 273.00-274.00 sec  34.2 KBytes   280 Kbits/sec  26.638 ms  2/27 (7.4%)  
[  8] 274.00-275.00 sec  31.4 KBytes   257 Kbits/sec  41.331 ms  2/25 (8%)  
[  8] 275.00-276.00 sec  27.3 KBytes   224 Kbits/sec  36.020 ms  9/29 (31%)  
[  8] 276.00-277.00 sec  31.4 KBytes   258 Kbits/sec  35.112 ms  17/40 (42%)  
[  8] 277.00-278.00 sec  31.4 KBytes   258 Kbits/sec  36.809 ms  26/49 (53%)  
[  8] 278.00-279.00 sec  32.8 KBytes   269 Kbits/sec  38.154 ms  28/52 (54%)  
[  8] 279.00-280.00 sec  34.2 KBytes   280 Kbits/sec  38.629 ms  29/54 (54%)  
[  8] 280.00-281.00 sec  31.4 KBytes   258 Kbits/sec  34.682 ms  14/37 (38%)  
[  8] 281.00-282.00 sec   107 KBytes   874 Kbits/sec  20.075 ms  80/158 (51%)  
[  8] 282.00-283.00 sec  47.9 KBytes   392 Kbits/sec  29.899 ms  13/48 (27%)  
[  8] 283.00-284.00 sec  60.2 KBytes   492 Kbits/sec  9.071 ms  2/46 (4.3%)  
[  8] 284.00-285.00 sec  60.2 KBytes   493 Kbits/sec  5.228 ms  0/44 (0%)  
[  8] 285.00-286.00 sec  61.5 KBytes   504 Kbits/sec  2.986 ms  0/45 (0%)  
[  8] 286.00-287.00 sec  53.3 KBytes   437 Kbits/sec  15.232 ms  2/41 (4.9%)  
[  8] 287.00-288.00 sec  53.3 KBytes   436 Kbits/sec  12.565 ms  5/44 (11%)  
[  8] 288.00-289.00 sec  61.5 KBytes   504 Kbits/sec  9.682 ms  3/48 (6.2%)  
[  8] 289.00-290.00 sec  60.2 KBytes   494 Kbits/sec  8.907 ms  1/45 (2.2%)  
[  8] 290.00-291.00 sec  61.5 KBytes   504 Kbits/sec  5.128 ms  0/45 (0%)  
[  8] 291.00-292.00 sec  60.2 KBytes   493 Kbits/sec  5.916 ms  0/44 (0%)  
[  8] 292.00-293.00 sec  61.5 KBytes   504 Kbits/sec  5.474 ms  0/45 (0%)  
[  8] 293.00-294.00 sec  61.5 KBytes   504 Kbits/sec  5.074 ms  0/45 (0%)  
[  8] 294.00-295.00 sec  60.2 KBytes   493 Kbits/sec  5.188 ms  0/44 (0%)  
[  8] 295.00-296.00 sec  62.9 KBytes   515 Kbits/sec  6.255 ms  0/46 (0%)  
[  8] 296.00-297.00 sec  60.2 KBytes   493 Kbits/sec  5.564 ms  0/44 (0%)  
[  8] 297.00-298.00 sec  60.2 KBytes   493 Kbits/sec  4.272 ms  1/45 (2.2%)  
[  8] 298.00-299.00 sec  61.5 KBytes   504 Kbits/sec  4.610 ms  0/45 (0%)  
[  8] 299.00-300.00 sec  60.2 KBytes   493 Kbits/sec  4.152 ms  0/44 (0%)  
[  8] 300.00-301.00 sec  60.2 KBytes   493 Kbits/sec  5.178 ms  0/44 (0%)  
[  8] 301.00-302.00 sec  58.8 KBytes   481 Kbits/sec  7.987 ms  2/45 (4.4%)  
[  8] 302.00-303.00 sec  61.5 KBytes   504 Kbits/sec  4.660 ms  0/45 (0%)  
[  8] 303.00-304.00 sec  61.5 KBytes   504 Kbits/sec  4.979 ms  0/45 (0%)  
[  8] 304.00-305.00 sec  60.2 KBytes   493 Kbits/sec  4.733 ms  0/44 (0%)  
[  8] 305.00-306.00 sec  61.5 KBytes   504 Kbits/sec  2.857 ms  0/45 (0%)  
[  8] 306.00-307.00 sec  58.8 KBytes   482 Kbits/sec  2.423 ms  0/43 (0%)  
[  8] 307.00-308.00 sec  62.9 KBytes   515 Kbits/sec  4.710 ms  0/46 (0%)  
[  8] 308.00-309.00 sec  54.7 KBytes   448 Kbits/sec  10.026 ms  5/45 (11%)  
[  8] 309.00-310.00 sec  36.9 KBytes   302 Kbits/sec  12.520 ms  7/34 (21%)  
[  8] 310.00-311.00 sec  21.9 KBytes   179 Kbits/sec  21.709 ms  26/42 (62%)  
[  8] 311.00-312.00 sec  61.5 KBytes   504 Kbits/sec  24.775 ms  9/54 (17%)  
[  8] 312.00-313.00 sec  64.3 KBytes   526 Kbits/sec  6.798 ms  1/48 (2.1%)  
[  8] 313.00-314.00 sec  61.5 KBytes   504 Kbits/sec  6.945 ms  0/45 (0%)  
[  8] 314.00-315.00 sec  61.5 KBytes   504 Kbits/sec  5.758 ms  0/45 (0%)  
[  8] 315.00-316.00 sec  60.2 KBytes   493 Kbits/sec  3.988 ms  0/44 (0%)  
[  8] 316.00-317.00 sec  57.4 KBytes   470 Kbits/sec  11.411 ms  2/44 (4.5%)  
[  8] 317.00-318.00 sec  39.6 KBytes   325 Kbits/sec  22.529 ms  14/43 (33%)  
[  8] 318.00-319.00 sec  57.4 KBytes   471 Kbits/sec  9.004 ms  5/47 (11%)  
[  8] 319.00-320.00 sec  61.5 KBytes   504 Kbits/sec  6.512 ms  0/45 (0%)  
[  8] 320.00-321.00 sec  58.8 KBytes   482 Kbits/sec  8.209 ms  0/43 (0%)  
[  8] 321.00-322.00 sec  36.9 KBytes   302 Kbits/sec  19.681 ms  8/35 (23%)  
[  8] 322.00-323.00 sec  35.5 KBytes   291 Kbits/sec  23.205 ms  1/27 (3.7%)  
[  8] 323.00-324.00 sec  42.4 KBytes   347 Kbits/sec  17.273 ms  1/32 (3.1%)  
[  8] 324.00-325.00 sec  91.6 KBytes   751 Kbits/sec  10.823 ms  19/86 (22%)  
[  8] 325.00-326.00 sec  52.0 KBytes   426 Kbits/sec  9.672 ms  5/43 (12%)  
[  8] 326.00-327.00 sec  62.9 KBytes   515 Kbits/sec  7.772 ms  0/46 (0%)  
[  8] 327.00-328.00 sec  60.2 KBytes   493 Kbits/sec  5.535 ms  0/44 (0%)  
[  8] 328.00-329.00 sec  62.9 KBytes   515 Kbits/sec  2.857 ms  0/46 (0%)  
[  8] 329.00-330.00 sec  60.2 KBytes   493 Kbits/sec  2.690 ms  0/44 (0%)  
[  8] 330.00-331.00 sec  60.2 KBytes   493 Kbits/sec  1.683 ms  0/44 (0%)  
[  8] 331.00-332.00 sec  60.2 KBytes   493 Kbits/sec  5.027 ms  1/45 (2.2%)  
[  8] 332.00-333.00 sec  61.5 KBytes   504 Kbits/sec  2.684 ms  0/45 (0%)  
[  8] 333.00-334.00 sec  57.4 KBytes   470 Kbits/sec  11.318 ms  2/44 (4.5%)  
[  8] 334.00-335.00 sec  60.2 KBytes   493 Kbits/sec  11.635 ms  0/44 (0%)  
[  8] 335.00-336.00 sec  61.5 KBytes   504 Kbits/sec  10.436 ms  0/45 (0%)  
[  8] 336.00-337.00 sec  42.4 KBytes   347 Kbits/sec  25.277 ms  4/35 (11%)  
[  8] 337.00-338.00 sec  24.6 KBytes   201 Kbits/sec  30.247 ms  3/21 (14%)  
[  8] 338.00-339.00 sec  35.5 KBytes   291 Kbits/sec  21.362 ms  5/31 (16%)  
[  8] 339.00-340.00 sec  61.5 KBytes   504 Kbits/sec  21.840 ms  48/93 (52%)  
- - - - - - - - - - - - - - - - - - - - - - - - -
[ ID] Interval           Transfer     Bitrate         Jitter    Lost/Total Datagrams
[  8]   0.00-340.00 sec  18.3 MBytes   452 Kbits/sec  21.840 ms  1453/15179 (9.6%)  receiver
