-----------------------------------------------------------
Server listening on 5201 (test #1)
-----------------------------------------------------------
Accepted connection from 10.0.0.46, port 41514
[  8] local 10.0.0.110 port 5201 connected to 10.0.0.46 port 53534
[ ID] Interval           Transfer     Bitrate         Jitter    Lost/Total Datagrams
[  8]   0.00-1.00   sec  54.7 KBytes   448 Kbits/sec  2.652 ms  0/40 (0%)  
[  8]   1.00-2.00   sec  61.5 KBytes   504 Kbits/sec  9.266 ms  4/49 (8.2%)  
[  8]   2.00-3.00   sec  61.5 KBytes   504 Kbits/sec  5.191 ms  0/45 (0%)  
[  8]   3.00-4.00   sec  60.2 KBytes   492 Kbits/sec  10.077 ms  0/44 (0%)  
[  8]   4.00-5.00   sec  60.2 KBytes   494 Kbits/sec  2.381 ms  0/44 (0%)  
[  8]   5.00-6.00   sec  61.5 KBytes   504 Kbits/sec  2.615 ms  0/45 (0%)  
[  8]   6.00-7.00   sec  61.5 KBytes   502 Kbits/sec  3.762 ms  0/45 (0%)  
[  8]   7.00-8.00   sec  56.1 KBytes   459 Kbits/sec  11.179 ms  4/45 (8.9%)  
[  8]   8.00-9.01   sec  61.5 KBytes   502 Kbits/sec  5.784 ms  0/45 (0%)  
[  8]   9.01-10.01  sec  61.5 KBytes   504 Kbits/sec  2.944 ms  0/45 (0%)  
[  8]  10.01-11.00  sec  60.2 KBytes   497 Kbits/sec  4.204 ms  0/44 (0%)  
[  8]  11.00-12.00  sec  61.5 KBytes   504 Kbits/sec  2.142 ms  0/45 (0%)  
[  8]  12.00-13.00  sec  60.2 KBytes   493 Kbits/sec  2.002 ms  0/44 (0%)  
[  8]  13.00-14.00  sec  61.5 KBytes   504 Kbits/sec  2.825 ms  0/45 (0%)  
[  8]  14.00-15.00  sec  60.2 KBytes   493 Kbits/sec  5.718 ms  0/44 (0%)  
[  8]  15.00-16.00  sec  50.6 KBytes   414 Kbits/sec  14.943 ms  0/37 (0%)  
[  8]  16.00-17.02  sec  58.8 KBytes   473 Kbits/sec  11.819 ms  0/43 (0%)  
[  8]  17.02-18.00  sec  56.1 KBytes   468 Kbits/sec  11.476 ms  0/41 (0%)  
[  8]  18.00-19.01  sec  45.1 KBytes   365 Kbits/sec  17.860 ms  0/33 (0%)  
[  8]  19.01-20.00  sec  91.6 KBytes   760 Kbits/sec  6.553 ms  0/67 (0%)  
[  8]  20.00-21.00  sec  65.6 KBytes   536 Kbits/sec  4.028 ms  0/48 (0%)  
[  8]  21.00-22.00  sec  56.1 KBytes   460 Kbits/sec  2.687 ms  0/41 (0%)  
[  8]  22.00-23.00  sec  65.6 KBytes   538 Kbits/sec  2.147 ms  0/48 (0%)  
[  8]  23.00-24.00  sec  61.5 KBytes   504 Kbits/sec  1.397 ms  0/45 (0%)  
[  8]  24.00-25.00  sec  60.2 KBytes   493 Kbits/sec  3.192 ms  0/44 (0%)  
[  8]  25.00-26.03  sec  61.5 KBytes   492 Kbits/sec  3.239 ms  0/45 (0%)  
[  8]  26.03-27.00  sec  60.2 KBytes   506 Kbits/sec  3.985 ms  0/44 (0%)  
[  8]  27.00-28.01  sec  60.2 KBytes   486 Kbits/sec  6.592 ms  1/45 (2.2%)  
[  8]  28.01-29.00  sec  57.4 KBytes   477 Kbits/sec  7.888 ms  2/44 (4.5%)  
[  8]  29.00-30.00  sec  45.1 KBytes   369 Kbits/sec  9.584 ms  2/35 (5.7%)  
[  8]  30.00-31.00  sec  47.9 KBytes   392 Kbits/sec  10.028 ms  0/35 (0%)  
[  8]  31.00-32.01  sec  69.7 KBytes   566 Kbits/sec  7.829 ms  0/51 (0%)  
[  8]  32.01-33.00  sec  58.8 KBytes   486 Kbits/sec  11.223 ms  0/43 (0%)  
[  8]  33.00-34.00  sec  43.8 KBytes   359 Kbits/sec  13.808 ms  0/32 (0%)  
[  8]  34.00-35.00  sec  36.9 KBytes   302 Kbits/sec  17.675 ms  2/29 (6.9%)  
[  8]  35.00-36.00  sec  84.8 KBytes   696 Kbits/sec  11.340 ms  26/88 (30%)  
[  8]  36.00-37.00  sec  31.4 KBytes   258 Kbits/sec  32.244 ms  0/23 (0%)  
[  8]  37.00-38.00  sec  28.7 KBytes   235 Kbits/sec  34.810 ms  45/66 (68%)  
[  8]  38.00-39.00  sec  60.2 KBytes   493 Kbits/sec  5.876 ms  1/45 (2.2%)  
[  8]  39.00-40.00  sec  58.8 KBytes   481 Kbits/sec  5.119 ms  2/45 (4.4%)  
[  8]  40.00-41.00  sec  60.2 KBytes   493 Kbits/sec  6.380 ms  0/44 (0%)  
[  8]  41.00-42.01  sec  54.7 KBytes   443 Kbits/sec  9.348 ms  2/42 (4.8%)  
[  8]  42.01-43.00  sec  64.3 KBytes   533 Kbits/sec  17.147 ms  0/47 (0%)  
[  8]  43.00-44.00  sec  61.5 KBytes   502 Kbits/sec  6.177 ms  0/45 (0%)  
[  8]  44.00-45.00  sec  39.6 KBytes   326 Kbits/sec  6.867 ms  16/45 (36%)  
[  8]  45.00-46.00  sec  60.2 KBytes   493 Kbits/sec  5.554 ms  0/44 (0%)  
[  8]  46.00-47.00  sec  60.2 KBytes   493 Kbits/sec  6.287 ms  1/45 (2.2%)  
[  8]  47.00-48.00  sec  54.7 KBytes   448 Kbits/sec  8.782 ms  2/42 (4.8%)  
[  8]  48.00-49.00  sec  60.2 KBytes   493 Kbits/sec  4.861 ms  3/47 (6.4%)  
[  8]  49.00-50.00  sec  60.2 KBytes   493 Kbits/sec  7.397 ms  1/45 (2.2%)  
[  8]  50.00-51.00  sec  60.2 KBytes   493 Kbits/sec  5.674 ms  0/44 (0%)  
[  8]  51.00-52.00  sec  41.0 KBytes   336 Kbits/sec  12.096 ms  2/32 (6.2%)  
[  8]  52.00-53.00  sec  45.1 KBytes   368 Kbits/sec  17.202 ms  0/33 (0%)  
[  8]  53.00-54.00  sec  32.8 KBytes   270 Kbits/sec  25.224 ms  0/24 (0%)  
[  8]  54.00-55.00  sec  32.8 KBytes   269 Kbits/sec  21.509 ms  4/28 (14%)  
[  8]  55.00-56.00  sec  35.5 KBytes   291 Kbits/sec  20.769 ms  40/66 (61%)  
[  8]  56.00-57.01  sec  45.1 KBytes   368 Kbits/sec  15.441 ms  21/54 (39%)  
[  8]  57.01-58.00  sec  43.8 KBytes   360 Kbits/sec  12.671 ms  9/41 (22%)  
[  8]  58.00-59.00  sec  46.5 KBytes   381 Kbits/sec  18.842 ms  12/46 (26%)  
[  8]  59.00-60.01  sec  47.9 KBytes   389 Kbits/sec  18.905 ms  0/35 (0%)  
[  8]  60.01-61.00  sec  43.8 KBytes   361 Kbits/sec  13.414 ms  14/46 (30%)  
[  8]  61.00-62.01  sec  41.0 KBytes   333 Kbits/sec  14.870 ms  20/50 (40%)  
[  8]  62.01-63.01  sec  90.2 KBytes   735 Kbits/sec  10.505 ms  15/81 (19%)  
[  8]  63.01-64.00  sec  49.2 KBytes   409 Kbits/sec  16.822 ms  3/39 (7.7%)  
[  8]  64.00-65.00  sec  36.9 KBytes   302 Kbits/sec  17.381 ms  3/30 (10%)  
[  8]  65.00-66.00  sec  39.6 KBytes   325 Kbits/sec  16.382 ms  2/31 (6.5%)  
[  8]  66.00-67.00  sec  34.2 KBytes   280 Kbits/sec  19.983 ms  0/26 (0%)  
[  8]  67.00-68.00  sec  68.4 KBytes   558 Kbits/sec  17.525 ms  6/56 (11%)  
[  8]  68.00-69.00  sec  39.6 KBytes   325 Kbits/sec  20.009 ms  9/38 (24%)  
[  8]  69.00-70.00  sec  62.9 KBytes   516 Kbits/sec  19.065 ms  5/51 (9.8%)  
[  8]  70.00-71.00  sec  61.5 KBytes   504 Kbits/sec  12.224 ms  10/55 (18%)  
[  8]  71.00-72.00  sec  54.7 KBytes   448 Kbits/sec  17.592 ms  5/45 (11%)  
[  8]  72.00-73.01  sec  84.8 KBytes   687 Kbits/sec  9.430 ms  13/75 (17%)  
[  8]  73.01-74.00  sec  58.8 KBytes   486 Kbits/sec  8.591 ms  2/45 (4.4%)  
[  8]  74.00-75.00  sec  58.8 KBytes   483 Kbits/sec  6.280 ms  2/45 (4.4%)  
[  8]  75.00-76.00  sec  61.5 KBytes   504 Kbits/sec  4.959 ms  0/45 (0%)  
[  8]  76.00-77.00  sec  60.2 KBytes   493 Kbits/sec  4.782 ms  0/44 (0%)  
[  8]  77.00-78.00  sec  61.5 KBytes   503 Kbits/sec  4.567 ms  0/45 (0%)  
[  8]  78.00-79.00  sec  61.5 KBytes   505 Kbits/sec  6.358 ms  0/45 (0%)  
[  8]  79.00-80.00  sec  60.2 KBytes   493 Kbits/sec  7.774 ms  0/44 (0%)  
[  8]  80.00-81.00  sec  61.5 KBytes   504 Kbits/sec  4.398 ms  0/45 (0%)  
[  8]  81.00-82.00  sec  60.2 KBytes   493 Kbits/sec  4.933 ms  0/44 (0%)  
[  8]  82.00-83.00  sec  61.5 KBytes   504 Kbits/sec  7.714 ms  0/45 (0%)  
[  8]  83.00-84.00  sec  58.8 KBytes   482 Kbits/sec  7.970 ms  1/44 (2.3%)  
[  8]  84.00-85.00  sec  61.5 KBytes   504 Kbits/sec  7.590 ms  0/45 (0%)  
[  8]  85.00-86.00  sec  58.8 KBytes   482 Kbits/sec  8.157 ms  2/45 (4.4%)  
[  8]  86.00-87.00  sec  61.5 KBytes   504 Kbits/sec  5.922 ms  0/45 (0%)  
[  8]  87.00-88.00  sec  56.1 KBytes   459 Kbits/sec  7.624 ms  4/45 (8.9%)  
[  8]  88.00-89.00  sec  57.4 KBytes   471 Kbits/sec  8.065 ms  1/43 (2.3%)  
[  8]  89.00-90.00  sec  47.9 KBytes   391 Kbits/sec  11.736 ms  8/43 (19%)  
[  8]  90.00-91.00  sec  54.7 KBytes   449 Kbits/sec  16.499 ms  7/47 (15%)  
[  8]  91.00-92.00  sec  56.1 KBytes   458 Kbits/sec  10.016 ms  3/44 (6.8%)  
[  8]  92.00-93.00  sec  56.1 KBytes   460 Kbits/sec  8.766 ms  4/45 (8.9%)  
[  8]  93.00-94.00  sec  60.2 KBytes   493 Kbits/sec  6.117 ms  0/44 (0%)  
[  8]  94.00-95.00  sec  52.0 KBytes   426 Kbits/sec  11.984 ms  7/45 (16%)  
[  8]  95.00-96.00  sec  57.4 KBytes   470 Kbits/sec  8.787 ms  4/46 (8.7%)  
[  8]  96.00-97.00  sec  57.4 KBytes   470 Kbits/sec  7.896 ms  2/44 (4.5%)  
[  8]  97.00-98.00  sec  53.3 KBytes   437 Kbits/sec  10.264 ms  1/40 (2.5%)  
[  8]  98.00-99.00  sec  58.8 KBytes   481 Kbits/sec  11.172 ms  5/48 (10%)  
[  8]  99.00-100.00 sec  58.8 KBytes   482 Kbits/sec  8.979 ms  2/45 (4.4%)  
[  8] 100.00-101.00 sec  57.4 KBytes   470 Kbits/sec  8.193 ms  1/43 (2.3%)  
[  8] 101.00-102.00 sec  53.3 KBytes   437 Kbits/sec  12.840 ms  0/39 (0%)  
[  8] 102.00-103.00 sec  49.2 KBytes   403 Kbits/sec  13.459 ms  17/53 (32%)  
[  8] 103.00-104.00 sec  58.8 KBytes   482 Kbits/sec  9.641 ms  1/44 (2.3%)  
[  8] 104.00-105.00 sec  46.5 KBytes   381 Kbits/sec  14.909 ms  3/37 (8.1%)  
[  8] 105.00-106.00 sec  69.7 KBytes   571 Kbits/sec  13.977 ms  2/53 (3.8%)  
[  8] 106.00-107.00 sec  61.5 KBytes   504 Kbits/sec  4.703 ms  0/45 (0%)  
[  8] 107.00-108.00 sec  56.1 KBytes   459 Kbits/sec  6.952 ms  2/43 (4.7%)  
[  8] 108.00-109.00 sec  62.9 KBytes   515 Kbits/sec  5.743 ms  0/46 (0%)  
[  8] 109.00-110.00 sec  58.8 KBytes   481 Kbits/sec  7.391 ms  0/43 (0%)  
[  8] 110.00-111.00 sec  60.2 KBytes   493 Kbits/sec  9.749 ms  2/46 (4.3%)  
[  8] 111.00-112.00 sec  58.8 KBytes   480 Kbits/sec  4.661 ms  2/45 (4.4%)  
[  8] 112.00-113.00 sec  61.5 KBytes   505 Kbits/sec  2.825 ms  0/45 (0%)  
[  8] 113.00-114.00 sec  61.5 KBytes   504 Kbits/sec  3.269 ms  0/45 (0%)  
[  8] 114.00-115.00 sec  58.8 KBytes   482 Kbits/sec  1.738 ms  0/43 (0%)  
[  8] 115.00-116.00 sec  60.2 KBytes   493 Kbits/sec  3.977 ms  1/45 (2.2%)  
[  8] 116.00-117.00 sec  61.5 KBytes   504 Kbits/sec  4.136 ms  0/45 (0%)  
[  8] 117.00-118.00 sec  60.2 KBytes   493 Kbits/sec  3.719 ms  0/44 (0%)  
[  8] 118.00-119.00 sec  41.0 KBytes   336 Kbits/sec  9.208 ms  0/30 (0%)  
[  8] 119.00-120.00 sec  34.2 KBytes   280 Kbits/sec  18.124 ms  0/25 (0%)  
[  8] 120.00-121.00 sec  23.2 KBytes   190 Kbits/sec  17.964 ms  22/39 (56%)  
[  8] 121.00-122.00 sec  13.7 KBytes   112 Kbits/sec  22.072 ms  36/46 (78%)  
[  8] 122.00-123.00 sec  20.5 KBytes   168 Kbits/sec  21.109 ms  27/42 (64%)  
[  8] 123.00-124.00 sec  72.5 KBytes   594 Kbits/sec  6.432 ms  34/87 (39%)  
[  8] 124.00-125.00 sec  54.7 KBytes   448 Kbits/sec  6.988 ms  4/44 (9.1%)  
[  8] 125.00-126.00 sec  61.5 KBytes   504 Kbits/sec  3.871 ms  0/45 (0%)  
[  8] 126.00-127.00 sec  61.5 KBytes   504 Kbits/sec  4.764 ms  0/45 (0%)  
[  8] 127.00-128.00 sec  60.2 KBytes   492 Kbits/sec  5.719 ms  0/44 (0%)  
[  8] 128.00-129.00 sec  60.2 KBytes   494 Kbits/sec  4.827 ms  1/45 (2.2%)  
[  8] 129.00-130.00 sec  60.2 KBytes   493 Kbits/sec  4.320 ms  0/44 (0%)  
[  8] 130.00-131.00 sec  61.5 KBytes   504 Kbits/sec  7.373 ms  0/45 (0%)  
[  8] 131.00-132.00 sec  54.7 KBytes   448 Kbits/sec  12.476 ms  4/44 (9.1%)  
[  8] 132.00-133.00 sec  61.5 KBytes   504 Kbits/sec  7.406 ms  0/45 (0%)  
[  8] 133.00-134.00 sec  58.8 KBytes   482 Kbits/sec  7.242 ms  0/43 (0%)  
[  8] 134.00-135.00 sec  58.8 KBytes   482 Kbits/sec  6.773 ms  3/46 (6.5%)  
[  8] 135.00-136.00 sec  57.4 KBytes   470 Kbits/sec  9.413 ms  2/44 (4.5%)  
[  8] 136.00-137.00 sec  60.2 KBytes   493 Kbits/sec  6.612 ms  2/46 (4.3%)  
[  8] 137.00-138.00 sec  52.0 KBytes   426 Kbits/sec  10.773 ms  6/44 (14%)  
[  8] 138.00-139.00 sec  50.6 KBytes   414 Kbits/sec  9.895 ms  7/44 (16%)  
[  8] 139.00-140.00 sec  60.2 KBytes   492 Kbits/sec  11.553 ms  2/46 (4.3%)  
[  8] 140.00-141.00 sec  57.4 KBytes   471 Kbits/sec  7.392 ms  0/42 (0%)  
[  8] 141.00-142.00 sec  62.9 KBytes   515 Kbits/sec  7.167 ms  1/47 (2.1%)  
[  8] 142.00-143.01 sec  47.9 KBytes   390 Kbits/sec  19.193 ms  0/35 (0%)  
[  8] 143.01-144.00 sec  68.4 KBytes   563 Kbits/sec  17.262 ms  0/50 (0%)  
[  8] 144.00-145.00 sec  64.3 KBytes   527 Kbits/sec  11.427 ms  1/48 (2.1%)  
[  8] 145.00-146.00 sec  58.8 KBytes   481 Kbits/sec  11.723 ms  1/44 (2.3%)  
[  8] 146.00-147.00 sec  62.9 KBytes   515 Kbits/sec  7.488 ms  1/47 (2.1%)  
[  8] 147.00-148.00 sec  56.1 KBytes   460 Kbits/sec  12.464 ms  2/43 (4.7%)  
[  8] 148.00-149.00 sec  62.9 KBytes   515 Kbits/sec  4.505 ms  0/46 (0%)  
[  8] 149.00-150.00 sec  54.7 KBytes   448 Kbits/sec  8.324 ms  5/45 (11%)  
[  8] 150.00-151.00 sec  56.1 KBytes   459 Kbits/sec  6.478 ms  2/43 (4.7%)  
[  8] 151.00-152.00 sec  57.4 KBytes   470 Kbits/sec  7.775 ms  3/45 (6.7%)  
[  8] 152.00-153.00 sec  60.2 KBytes   491 Kbits/sec  6.125 ms  1/45 (2.2%)  
[  8] 153.00-154.00 sec  60.2 KBytes   494 Kbits/sec  5.349 ms  1/45 (2.2%)  
[  8] 154.00-155.00 sec  57.4 KBytes   470 Kbits/sec  10.092 ms  2/44 (4.5%)  
[  8] 155.00-156.00 sec  61.5 KBytes   504 Kbits/sec  8.478 ms  0/45 (0%)  
[  8] 156.00-157.00 sec  54.7 KBytes   448 Kbits/sec  12.604 ms  0/40 (0%)  
[  8] 157.00-158.00 sec  53.3 KBytes   437 Kbits/sec  10.965 ms  0/39 (0%)  
[  8] 158.00-159.00 sec  61.5 KBytes   504 Kbits/sec  7.217 ms  10/55 (18%)  
[  8] 159.00-160.00 sec  58.8 KBytes   481 Kbits/sec  6.729 ms  0/43 (0%)  
[  8] 160.00-161.00 sec  62.9 KBytes   516 Kbits/sec  3.613 ms  0/46 (0%)  
[  8] 161.00-162.00 sec  61.5 KBytes   504 Kbits/sec  6.836 ms  0/45 (0%)  
[  8] 162.00-163.00 sec  61.5 KBytes   504 Kbits/sec  4.067 ms  0/45 (0%)  
[  8] 163.00-164.00 sec  57.4 KBytes   470 Kbits/sec  9.233 ms  2/44 (4.5%)  
[  8] 164.00-165.00 sec  60.2 KBytes   492 Kbits/sec  10.843 ms  0/44 (0%)  
[  8] 165.00-166.00 sec  52.0 KBytes   426 Kbits/sec  13.976 ms  4/42 (9.5%)  
[  8] 166.00-167.00 sec  53.3 KBytes   437 Kbits/sec  14.933 ms  9/48 (19%)  
[  8] 167.00-168.00 sec  61.5 KBytes   504 Kbits/sec  4.141 ms  0/45 (0%)  
[  8] 168.00-169.00 sec  60.2 KBytes   493 Kbits/sec  2.951 ms  1/45 (2.2%)  
[  8] 169.00-170.00 sec  61.5 KBytes   504 Kbits/sec  4.442 ms  0/45 (0%)  
[  8] 170.00-171.00 sec  60.2 KBytes   493 Kbits/sec  2.916 ms  0/44 (0%)  
[  8] 171.00-172.00 sec  56.1 KBytes   459 Kbits/sec  10.540 ms  3/44 (6.8%)  
[  8] 172.00-173.00 sec  61.5 KBytes   504 Kbits/sec  7.896 ms  0/45 (0%)  
[  8] 173.00-174.00 sec  58.8 KBytes   482 Kbits/sec  8.303 ms  2/45 (4.4%)  
[  8] 174.00-175.00 sec  61.5 KBytes   504 Kbits/sec  3.658 ms  0/45 (0%)  
[  8] 175.00-176.00 sec  56.1 KBytes   459 Kbits/sec  6.639 ms  3/44 (6.8%)  
[  8] 176.00-177.00 sec  61.5 KBytes   504 Kbits/sec  4.878 ms  0/45 (0%)  
[  8] 177.00-178.00 sec  53.3 KBytes   437 Kbits/sec  14.981 ms  0/39 (0%)  
[  8] 178.00-179.00 sec  27.3 KBytes   224 Kbits/sec  22.968 ms  0/20 (0%)  
[  8] 179.00-180.00 sec  13.7 KBytes   112 Kbits/sec  41.634 ms  0/10 (0%)  
[  8] 180.00-181.00 sec  46.5 KBytes   381 Kbits/sec  31.368 ms  30/64 (47%)  
[  8] 181.00-182.00 sec  23.2 KBytes   191 Kbits/sec  33.373 ms  7/24 (29%)  
[  8] 182.00-183.00 sec  20.5 KBytes   168 Kbits/sec  32.626 ms  21/36 (58%)  
[  8] 183.00-184.00 sec  21.9 KBytes   179 Kbits/sec  27.624 ms  14/30 (47%)  
[  8] 184.00-185.00 sec  64.3 KBytes   526 Kbits/sec  53.896 ms  86/133 (65%)  
[  8] 185.00-186.00 sec  45.1 KBytes   370 Kbits/sec  18.284 ms  0/33 (0%)  
[  8] 186.00-187.00 sec  36.9 KBytes   302 Kbits/sec  20.595 ms  0/27 (0%)  
[  8] 187.00-188.00 sec  50.6 KBytes   414 Kbits/sec  15.740 ms  0/37 (0%)  
[  8] 188.00-189.00 sec  91.6 KBytes   750 Kbits/sec  11.909 ms  15/82 (18%)  
[  8] 189.00-190.00 sec  56.1 KBytes   459 Kbits/sec  8.032 ms  0/41 (0%)  
[  8] 190.00-191.00 sec  53.3 KBytes   437 Kbits/sec  13.079 ms  0/39 (0%)  
[  8] 191.00-192.00 sec  73.8 KBytes   605 Kbits/sec  5.878 ms  0/54 (0%)  
[  8] 192.00-193.00 sec  45.1 KBytes   370 Kbits/sec  10.881 ms  0/33 (0%)  
[  8] 193.00-194.00 sec  75.2 KBytes   616 Kbits/sec  13.885 ms  2/57 (3.5%)  
[  8] 194.00-195.00 sec  60.2 KBytes   493 Kbits/sec  6.926 ms  0/44 (0%)  
[  8] 195.00-196.00 sec  61.5 KBytes   504 Kbits/sec  6.966 ms  0/45 (0%)  
[  8] 196.00-197.00 sec  58.8 KBytes   482 Kbits/sec  9.652 ms  1/44 (2.3%)  
[  8] 197.00-198.00 sec  53.3 KBytes   437 Kbits/sec  11.203 ms  0/39 (0%)  
[  8] 198.00-199.00 sec  28.7 KBytes   235 Kbits/sec  26.071 ms  22/43 (51%)  
[  8] 199.00-200.00 sec  52.0 KBytes   426 Kbits/sec  13.610 ms  14/52 (27%)  
[  8] 200.00-201.00 sec  60.2 KBytes   493 Kbits/sec  8.130 ms  1/45 (2.2%)  
[  8] 201.00-202.00 sec  58.8 KBytes   482 Kbits/sec  6.329 ms  1/44 (2.3%)  
[  8] 202.00-203.00 sec  61.5 KBytes   504 Kbits/sec  3.981 ms  0/45 (0%)  
[  8] 203.00-204.00 sec  61.5 KBytes   504 Kbits/sec  4.310 ms  0/45 (0%)  
[  8] 204.00-205.00 sec  60.2 KBytes   493 Kbits/sec  7.112 ms  0/44 (0%)  
[  8] 205.00-206.00 sec  62.9 KBytes   515 Kbits/sec  5.334 ms  0/46 (0%)  
[  8] 206.00-207.00 sec  58.8 KBytes   482 Kbits/sec  5.989 ms  1/44 (2.3%)  
[  8] 207.00-208.00 sec  60.2 KBytes   493 Kbits/sec  6.064 ms  0/44 (0%)  
[  8] 208.00-209.00 sec  57.4 KBytes   470 Kbits/sec  9.250 ms  3/45 (6.7%)  
[  8] 209.00-210.00 sec  57.4 KBytes   470 Kbits/sec  7.762 ms  3/45 (6.7%)  
[  8] 210.00-211.00 sec  60.2 KBytes   493 Kbits/sec  8.050 ms  0/44 (0%)  
[  8] 211.00-212.00 sec  53.3 KBytes   437 Kbits/sec  9.393 ms  5/44 (11%)  
[  8] 212.00-213.00 sec  58.8 KBytes   482 Kbits/sec  8.222 ms  2/45 (4.4%)  
[  8] 213.00-214.00 sec  61.5 KBytes   504 Kbits/sec  6.522 ms  0/45 (0%)  
[  8] 214.00-215.00 sec  60.2 KBytes   493 Kbits/sec  10.654 ms  1/45 (2.2%)  
[  8] 215.00-216.00 sec  60.2 KBytes   493 Kbits/sec  6.332 ms  1/45 (2.2%)  
[  8] 216.00-217.00 sec  60.2 KBytes   493 Kbits/sec  7.780 ms  0/44 (0%)  
[  8] 217.00-218.00 sec  60.2 KBytes   493 Kbits/sec  8.552 ms  0/44 (0%)  
[  8] 218.00-219.00 sec  52.0 KBytes   425 Kbits/sec  8.754 ms  6/44 (14%)  
[  8] 219.00-220.00 sec  42.4 KBytes   348 Kbits/sec  14.371 ms  3/34 (8.8%)  
[  8] 220.00-221.00 sec  56.1 KBytes   459 Kbits/sec  8.687 ms  3/44 (6.8%)  
[  8] 221.00-222.00 sec  41.0 KBytes   336 Kbits/sec  14.512 ms  0/30 (0%)  
[  8] 222.00-223.00 sec  50.6 KBytes   414 Kbits/sec  24.721 ms  35/72 (49%)  
[  8] 223.00-224.00 sec  61.5 KBytes   504 Kbits/sec  6.668 ms  0/45 (0%)  
[  8] 224.00-225.00 sec  61.5 KBytes   504 Kbits/sec  5.603 ms  0/45 (0%)  
[  8] 225.00-226.00 sec  60.2 KBytes   492 Kbits/sec  3.255 ms  0/44 (0%)  
[  8] 226.00-227.00 sec  58.8 KBytes   482 Kbits/sec  7.130 ms  1/44 (2.3%)  
[  8] 227.00-228.00 sec  61.5 KBytes   504 Kbits/sec  3.877 ms  1/46 (2.2%)  
[  8] 228.00-229.00 sec  60.2 KBytes   493 Kbits/sec  3.224 ms  0/44 (0%)  
[  8] 229.00-230.00 sec  60.2 KBytes   493 Kbits/sec  5.798 ms  0/44 (0%)  
[  8] 230.00-231.00 sec  61.5 KBytes   504 Kbits/sec  5.908 ms  0/45 (0%)  
[  8] 231.00-232.00 sec  61.5 KBytes   504 Kbits/sec  6.767 ms  0/45 (0%)  
[  8] 232.00-233.00 sec  60.2 KBytes   493 Kbits/sec  8.731 ms  0/44 (0%)  
[  8] 233.00-234.00 sec  61.5 KBytes   504 Kbits/sec  5.262 ms  0/45 (0%)  
[  8] 234.00-235.00 sec  61.5 KBytes   504 Kbits/sec  6.459 ms  0/45 (0%)  
[  8] 235.00-236.00 sec  61.5 KBytes   504 Kbits/sec  5.109 ms  0/45 (0%)  
[  8] 236.00-237.00 sec  60.2 KBytes   493 Kbits/sec  5.148 ms  0/44 (0%)  
[  8] 237.00-238.00 sec  60.2 KBytes   493 Kbits/sec  9.672 ms  1/45 (2.2%)  
[  8] 238.00-239.00 sec  60.2 KBytes   493 Kbits/sec  13.712 ms  0/44 (0%)  
[  8] 239.00-240.00 sec  60.2 KBytes   493 Kbits/sec  13.892 ms  0/44 (0%)  
[  8] 240.00-241.00 sec  62.9 KBytes   515 Kbits/sec  5.122 ms  0/46 (0%)  
[  8] 241.00-242.00 sec  58.8 KBytes   482 Kbits/sec  7.442 ms  1/44 (2.3%)  
[  8] 242.00-243.00 sec  61.5 KBytes   504 Kbits/sec  12.255 ms  0/45 (0%)  
[  8] 243.00-244.00 sec  61.5 KBytes   504 Kbits/sec  10.836 ms  0/45 (0%)  
[  8] 244.00-245.00 sec  61.5 KBytes   503 Kbits/sec  10.226 ms  0/45 (0%)  
[  8] 245.00-246.00 sec  60.2 KBytes   493 Kbits/sec  6.153 ms  0/44 (0%)  
[  8] 246.00-247.00 sec  56.1 KBytes   459 Kbits/sec  11.291 ms  2/43 (4.7%)  
[  8] 247.00-248.00 sec  61.5 KBytes   504 Kbits/sec  15.809 ms  1/46 (2.2%)  
[  8] 248.00-249.00 sec  54.7 KBytes   448 Kbits/sec  13.072 ms  4/44 (9.1%)  
[  8] 249.00-250.00 sec  60.2 KBytes   493 Kbits/sec  6.828 ms  2/46 (4.3%)  
[  8] 250.00-251.00 sec  52.0 KBytes   426 Kbits/sec  8.725 ms  1/39 (2.6%)  
[  8] 251.00-252.00 sec  65.6 KBytes   538 Kbits/sec  4.445 ms  2/50 (4%)  
[  8] 252.00-253.00 sec  61.5 KBytes   504 Kbits/sec  1.838 ms  0/45 (0%)  
[  8] 253.00-254.00 sec  57.4 KBytes   470 Kbits/sec  7.137 ms  2/44 (4.5%)  
[  8] 254.00-255.00 sec  61.5 KBytes   504 Kbits/sec  5.566 ms  0/45 (0%)  
[  8] 255.00-256.00 sec  61.5 KBytes   502 Kbits/sec  5.396 ms  0/45 (0%)  
[  8] 256.00-257.00 sec  60.2 KBytes   493 Kbits/sec  4.735 ms  0/44 (0%)  
[  8] 257.00-258.00 sec  60.2 KBytes   494 Kbits/sec  4.409 ms  1/45 (2.2%)  
[  8] 258.00-259.00 sec  58.8 KBytes   482 Kbits/sec  6.622 ms  1/44 (2.3%)  
[  8] 259.00-260.00 sec  57.4 KBytes   470 Kbits/sec  8.538 ms  2/44 (4.5%)  
[  8] 260.00-261.00 sec  57.4 KBytes   470 Kbits/sec  11.791 ms  3/45 (6.7%)  
[  8] 261.00-262.00 sec  31.4 KBytes   258 Kbits/sec  28.121 ms  1/24 (4.2%)  
[  8] 262.00-263.00 sec  57.4 KBytes   470 Kbits/sec  11.871 ms  24/66 (36%)  
[  8] 263.00-264.00 sec  50.6 KBytes   414 Kbits/sec  17.924 ms  1/38 (2.6%)  
[  8] 264.00-265.00 sec  60.2 KBytes   493 Kbits/sec  16.330 ms  7/51 (14%)  
[  8] 265.00-266.00 sec  34.2 KBytes   280 Kbits/sec  22.254 ms  3/28 (11%)  
[  8] 266.00-267.00 sec  23.2 KBytes   190 Kbits/sec  30.395 ms  0/17 (0%)  
[  8] 267.00-268.00 sec  21.9 KBytes   179 Kbits/sec  24.772 ms  22/38 (58%)  
[  8] 268.00-269.00 sec  36.9 KBytes   302 Kbits/sec  14.834 ms  22/49 (45%)  
[  8] 269.00-270.00 sec  36.9 KBytes   302 Kbits/sec  13.213 ms  20/47 (43%)  
[  8] 270.00-271.00 sec  68.4 KBytes   560 Kbits/sec  16.511 ms  39/89 (44%)  
[  8] 271.00-272.00 sec  61.5 KBytes   504 Kbits/sec  3.210 ms  0/45 (0%)  
[  8] 272.00-273.00 sec  61.5 KBytes   504 Kbits/sec  2.304 ms  0/45 (0%)  
[  8] 273.00-274.00 sec  60.2 KBytes   493 Kbits/sec  1.660 ms  0/44 (0%)  
[  8] 274.00-275.00 sec  61.5 KBytes   504 Kbits/sec  1.291 ms  0/45 (0%)  
[  8] 275.00-276.00 sec  61.5 KBytes   504 Kbits/sec  2.823 ms  0/45 (0%)  
[  8] 276.00-277.00 sec  58.8 KBytes   482 Kbits/sec  1.424 ms  1/44 (2.3%)  
[  8] 277.00-278.00 sec  61.5 KBytes   504 Kbits/sec  2.584 ms  0/45 (0%)  
[  8] 278.00-279.00 sec  61.5 KBytes   504 Kbits/sec  3.219 ms  0/45 (0%)  
[  8] 279.00-280.00 sec  58.8 KBytes   481 Kbits/sec  6.159 ms  1/44 (2.3%)  
[  8] 280.00-281.00 sec  61.5 KBytes   505 Kbits/sec  2.283 ms  0/45 (0%)  
[  8] 281.00-282.00 sec  60.2 KBytes   493 Kbits/sec  4.527 ms  1/45 (2.2%)  
[  8] 282.00-283.00 sec  60.2 KBytes   493 Kbits/sec  4.594 ms  0/44 (0%)  
[  8] 283.00-284.00 sec  61.5 KBytes   504 Kbits/sec  4.375 ms  0/45 (0%)  
[  8] 284.00-285.00 sec  60.2 KBytes   493 Kbits/sec  3.867 ms  0/44 (0%)  
[  8] 285.00-286.00 sec  61.5 KBytes   504 Kbits/sec  2.849 ms  0/45 (0%)  
[  8] 286.00-287.00 sec  61.5 KBytes   503 Kbits/sec  7.604 ms  0/45 (0%)  
[  8] 287.00-288.00 sec  60.2 KBytes   493 Kbits/sec  2.135 ms  0/44 (0%)  
[  8] 288.00-289.00 sec  47.9 KBytes   392 Kbits/sec  15.416 ms  0/35 (0%)  
[  8] 289.00-290.00 sec  58.8 KBytes   482 Kbits/sec  13.092 ms  0/43 (0%)  
[  8] 290.00-291.01 sec  75.2 KBytes   611 Kbits/sec  6.455 ms  1/56 (1.8%)  
[  8] 291.01-292.00 sec  57.4 KBytes   474 Kbits/sec  12.060 ms  0/42 (0%)  
[  8] 292.00-293.00 sec  60.2 KBytes   493 Kbits/sec  7.410 ms  3/47 (6.4%)  
[  8] 293.00-294.00 sec  61.5 KBytes   504 Kbits/sec  6.157 ms  0/45 (0%)  
[  8] 294.00-295.00 sec  56.1 KBytes   459 Kbits/sec  6.605 ms  1/42 (2.4%)  
[  8] 295.00-296.00 sec  61.5 KBytes   504 Kbits/sec  7.304 ms  2/47 (4.3%)  
[  8] 296.00-297.00 sec  60.2 KBytes   493 Kbits/sec  5.514 ms  0/44 (0%)  
[  8] 297.00-298.00 sec  62.9 KBytes   515 Kbits/sec  5.452 ms  0/46 (0%)  
[  8] 298.00-299.00 sec  60.2 KBytes   493 Kbits/sec  4.485 ms  0/44 (0%)  
[  8] 299.00-300.00 sec  61.5 KBytes   504 Kbits/sec  3.174 ms  0/45 (0%)  
[  8] 300.00-301.00 sec  60.2 KBytes   493 Kbits/sec  7.562 ms  0/44 (0%)  
[  8] 301.00-302.00 sec  60.2 KBytes   493 Kbits/sec  6.189 ms  0/44 (0%)  
[  8] 302.00-303.00 sec  60.2 KBytes   493 Kbits/sec  6.026 ms  2/46 (4.3%)  
[  8] 303.00-304.00 sec  60.2 KBytes   493 Kbits/sec  4.053 ms  0/44 (0%)  
[  8] 304.00-305.00 sec  61.5 KBytes   504 Kbits/sec  3.789 ms  0/45 (0%)  
[  8] 305.00-306.00 sec  61.5 KBytes   504 Kbits/sec  4.712 ms  0/45 (0%)  
[  8] 306.00-307.00 sec  60.2 KBytes   493 Kbits/sec  4.334 ms  0/44 (0%)  
[  8] 307.00-308.01 sec  61.5 KBytes   499 Kbits/sec  4.295 ms  0/45 (0%)  
[  8] 308.01-309.00 sec  58.8 KBytes   486 Kbits/sec  8.643 ms  1/44 (2.3%)  
[  8] 309.00-310.00 sec  61.5 KBytes   504 Kbits/sec  13.099 ms  0/45 (0%)  
[  8] 310.00-311.00 sec  50.6 KBytes   414 Kbits/sec  17.740 ms  0/37 (0%)  
[  8] 311.00-312.00 sec  42.4 KBytes   347 Kbits/sec  30.979 ms  16/47 (34%)  
[  8] 312.00-313.00 sec  61.5 KBytes   504 Kbits/sec  11.120 ms  5/50 (10%)  
[  8] 313.00-314.00 sec  58.8 KBytes   481 Kbits/sec  8.628 ms  0/43 (0%)  
[  8] 314.00-315.00 sec  62.9 KBytes   515 Kbits/sec  7.722 ms  0/46 (0%)  
[  8] 315.00-316.00 sec  61.5 KBytes   504 Kbits/sec  6.399 ms  0/45 (0%)  
[  8] 316.00-317.00 sec  61.5 KBytes   504 Kbits/sec  5.739 ms  0/45 (0%)  
[  8] 317.00-318.00 sec  60.2 KBytes   493 Kbits/sec  7.573 ms  0/44 (0%)  
[  8] 318.00-319.00 sec  61.5 KBytes   504 Kbits/sec  10.352 ms  0/45 (0%)  
[  8] 319.00-320.00 sec  60.2 KBytes   493 Kbits/sec  6.429 ms  0/44 (0%)  
[  8] 320.00-321.00 sec  58.8 KBytes   481 Kbits/sec  6.953 ms  2/45 (4.4%)  
[  8] 321.00-322.00 sec  61.5 KBytes   504 Kbits/sec  7.119 ms  0/45 (0%)  
[  8] 322.00-323.00 sec  61.5 KBytes   504 Kbits/sec  4.844 ms  0/45 (0%)  
[  8] 323.00-324.00 sec  60.2 KBytes   493 Kbits/sec  4.174 ms  0/44 (0%)  
[  8] 324.00-325.00 sec  49.2 KBytes   403 Kbits/sec  10.988 ms  4/40 (10%)  
[  8] 325.00-326.00 sec  49.2 KBytes   403 Kbits/sec  16.270 ms  0/36 (0%)  
[  8] 326.00-327.01 sec  77.9 KBytes   635 Kbits/sec  13.823 ms  1/58 (1.7%)  
[  8] 327.01-328.00 sec  57.4 KBytes   473 Kbits/sec  6.473 ms  1/43 (2.3%)  
[  8] 328.00-329.00 sec  64.3 KBytes   526 Kbits/sec  4.475 ms  0/47 (0%)  
[  8] 329.00-330.00 sec  60.2 KBytes   492 Kbits/sec  3.147 ms  0/44 (0%)  
[  8] 330.00-331.00 sec  61.5 KBytes   505 Kbits/sec  3.252 ms  0/45 (0%)  
[  8] 331.00-332.00 sec  57.4 KBytes   470 Kbits/sec  7.844 ms  1/43 (2.3%)  
[  8] 332.00-333.00 sec  62.9 KBytes   515 Kbits/sec  6.387 ms  0/46 (0%)  
[  8] 333.00-334.00 sec  60.2 KBytes   492 Kbits/sec  7.355 ms  0/44 (0%)  
[  8] 334.00-335.00 sec  60.2 KBytes   493 Kbits/sec  10.424 ms  1/45 (2.2%)  
[  8] 335.00-336.00 sec  56.1 KBytes   459 Kbits/sec  4.192 ms  4/45 (8.9%)  
[  8] 336.00-337.00 sec  60.2 KBytes   493 Kbits/sec  4.881 ms  0/44 (0%)  
[  8] 337.00-338.00 sec  60.2 KBytes   493 Kbits/sec  7.574 ms  1/45 (2.2%)  
[  8] 338.00-339.00 sec  60.2 KBytes   492 Kbits/sec  11.404 ms  1/45 (2.2%)  
[  8] 339.00-340.00 sec  58.8 KBytes   482 Kbits/sec  11.810 ms  1/44 (2.3%)  
[  8] 340.00-340.03 sec  1.37 KBytes   368 Kbits/sec  11.199 ms  0/1 (0%)  
- - - - - - - - - - - - - - - - - - - - - - - - -
[ ID] Interval           Transfer     Bitrate         Jitter    Lost/Total Datagrams
[  8]   0.00-340.03 sec  18.8 MBytes   464 Kbits/sec  11.199 ms  1089/15179 (7.2%)  receiver
