-----------------------------------------------------------
Server listening on 5201 (test #1)
-----------------------------------------------------------
Accepted connection from 10.0.0.16, port 42554
[  8] local 10.0.0.80 port 5201 connected to 10.0.0.16 port 50418
[ ID] Interval           Transfer     Bitrate         Jitter    Lost/Total Datagrams
[  8]   0.00-1.00   sec  57.4 KBytes   470 Kbits/sec  3.551 ms  0/42 (0%)  
[  8]   1.00-2.00   sec  39.6 KBytes   324 Kbits/sec  11.982 ms  13/42 (31%)  
[  8]   2.00-3.00   sec  58.8 KBytes   482 Kbits/sec  7.829 ms  6/49 (12%)  
[  8]   3.00-4.00   sec  61.5 KBytes   504 Kbits/sec  5.514 ms  1/46 (2.2%)  
[  8]   4.00-5.00   sec  60.2 KBytes   493 Kbits/sec  3.864 ms  0/44 (0%)  
[  8]   5.00-6.00   sec  61.5 KBytes   504 Kbits/sec  2.107 ms  0/45 (0%)  
[  8]   6.00-7.00   sec  56.1 KBytes   459 Kbits/sec  8.304 ms  0/41 (0%)  
[  8]   7.00-8.00   sec  53.3 KBytes   436 Kbits/sec  23.018 ms  9/48 (19%)  
[  8]   8.00-9.00   sec  61.5 KBytes   505 Kbits/sec  4.626 ms  0/45 (0%)  
[  8]   9.00-10.00  sec  60.2 KBytes   493 Kbits/sec  5.496 ms  0/44 (0%)  
[  8]  10.00-11.00  sec  61.5 KBytes   503 Kbits/sec  4.359 ms  0/45 (0%)  
[  8]  11.00-12.00  sec  60.2 KBytes   493 Kbits/sec  5.519 ms  1/45 (2.2%)  
[  8]  12.00-13.00  sec  60.2 KBytes   493 Kbits/sec  2.110 ms  0/44 (0%)  
[  8]  13.00-14.00  sec  61.5 KBytes   504 Kbits/sec  3.766 ms  0/45 (0%)  
[  8]  14.00-15.00  sec  61.5 KBytes   504 Kbits/sec  3.149 ms  0/45 (0%)  
[  8]  15.00-16.00  sec  49.2 KBytes   403 Kbits/sec  10.450 ms  6/42 (14%)  
[  8]  16.00-17.00  sec  32.8 KBytes   268 Kbits/sec  19.103 ms  21/45 (47%)  
[  8]  17.00-18.00  sec  42.4 KBytes   348 Kbits/sec  19.195 ms  15/46 (33%)  
[  8]  18.00-19.00  sec  24.6 KBytes   202 Kbits/sec  20.124 ms  23/41 (56%)  
[  8]  19.00-20.00  sec  30.1 KBytes   246 Kbits/sec  25.269 ms  16/38 (42%)  
[  8]  20.00-21.00  sec  41.0 KBytes   336 Kbits/sec  22.661 ms  23/53 (43%)  
[  8]  21.00-22.00  sec  50.6 KBytes   415 Kbits/sec  13.637 ms  4/41 (9.8%)  
[  8]  22.00-23.00  sec  28.7 KBytes   235 Kbits/sec  24.002 ms  22/43 (51%)  
[  8]  23.00-24.00  sec  12.3 KBytes   101 Kbits/sec  36.455 ms  30/39 (77%)  
[  8]  24.00-25.00  sec  13.7 KBytes   112 Kbits/sec  35.848 ms  41/51 (80%)  
[  8]  25.00-26.00  sec  52.0 KBytes   425 Kbits/sec  8.171 ms  14/52 (27%)  
[  8]  26.00-27.00  sec  58.8 KBytes   482 Kbits/sec  7.687 ms  0/43 (0%)  
[  8]  27.00-28.00  sec  56.1 KBytes   459 Kbits/sec  8.577 ms  5/46 (11%)  
[  8]  28.00-29.00  sec  41.0 KBytes   336 Kbits/sec  11.312 ms  12/42 (29%)  
[  8]  29.00-30.00  sec  60.2 KBytes   493 Kbits/sec  7.949 ms  3/47 (6.4%)  
[  8]  30.00-31.00  sec  58.8 KBytes   482 Kbits/sec  4.181 ms  1/44 (2.3%)  
[  8]  31.00-32.00  sec  61.5 KBytes   503 Kbits/sec  5.907 ms  0/45 (0%)  
[  8]  32.00-33.00  sec  60.2 KBytes   494 Kbits/sec  7.351 ms  1/45 (2.2%)  
[  8]  33.00-34.00  sec  60.2 KBytes   493 Kbits/sec  8.552 ms  1/45 (2.2%)  
[  8]  34.00-35.00  sec  57.4 KBytes   470 Kbits/sec  5.992 ms  2/44 (4.5%)  
[  8]  35.00-36.00  sec  58.8 KBytes   481 Kbits/sec  2.960 ms  0/43 (0%)  
[  8]  36.00-37.00  sec  50.6 KBytes   414 Kbits/sec  14.345 ms  3/40 (7.5%)  
[  8]  37.00-38.00  sec  8.20 KBytes  67.2 Kbits/sec  36.910 ms  23/29 (79%)  
[  8]  38.00-39.01  sec  24.6 KBytes   200 Kbits/sec  35.899 ms  39/57 (68%)  
[  8]  39.01-40.00  sec  47.9 KBytes   396 Kbits/sec  11.924 ms  20/55 (36%)  
[  8]  40.00-41.00  sec  57.4 KBytes   470 Kbits/sec  5.167 ms  1/43 (2.3%)  
[  8]  41.00-42.00  sec  60.2 KBytes   493 Kbits/sec  8.183 ms  1/45 (2.2%)  
[  8]  42.00-43.00  sec  61.5 KBytes   504 Kbits/sec  3.855 ms  0/45 (0%)  
[  8]  43.00-44.00  sec  61.5 KBytes   504 Kbits/sec  4.830 ms  0/45 (0%)  
[  8]  44.00-45.00  sec  46.5 KBytes   381 Kbits/sec  11.775 ms  11/45 (24%)  
[  8]  45.00-46.00  sec  60.2 KBytes   493 Kbits/sec  3.934 ms  0/44 (0%)  
[  8]  46.00-47.02  sec  62.9 KBytes   505 Kbits/sec  4.646 ms  0/46 (0%)  
[  8]  47.02-48.01  sec  58.8 KBytes   488 Kbits/sec  7.084 ms  1/44 (2.3%)  
[  8]  48.01-49.00  sec  56.1 KBytes   462 Kbits/sec  5.938 ms  3/44 (6.8%)  
[  8]  49.00-50.00  sec  60.2 KBytes   493 Kbits/sec  4.343 ms  0/44 (0%)  
[  8]  50.00-51.00  sec  54.7 KBytes   448 Kbits/sec  9.285 ms  0/40 (0%)  
[  8]  51.00-52.00  sec  53.3 KBytes   437 Kbits/sec  12.891 ms  7/46 (15%)  
[  8]  52.00-53.00  sec  21.9 KBytes   179 Kbits/sec  25.122 ms  12/28 (43%)  
[  8]  53.00-54.00  sec  17.8 KBytes   146 Kbits/sec  27.960 ms  27/40 (68%)  
[  8]  54.00-55.00  sec  21.9 KBytes   179 Kbits/sec  34.546 ms  9/25 (36%)  
[  8]  55.00-56.00  sec  17.8 KBytes   145 Kbits/sec  37.404 ms  21/34 (62%)  
[  8]  56.00-57.00  sec  27.3 KBytes   224 Kbits/sec  46.318 ms  38/58 (66%)  
[  8]  57.00-58.00  sec  24.6 KBytes   202 Kbits/sec  46.339 ms  32/50 (64%)  
[  8]  58.00-59.00  sec  35.5 KBytes   291 Kbits/sec  28.733 ms  16/42 (38%)  
[  8]  59.00-60.01  sec  16.4 KBytes   134 Kbits/sec  40.279 ms  14/26 (54%)  
[  8]  60.01-61.00  sec  12.3 KBytes   101 Kbits/sec  48.975 ms  35/44 (80%)  
[  8]  61.00-62.00  sec  12.3 KBytes   101 Kbits/sec  44.035 ms  49/58 (84%)  
[  8]  62.00-63.00  sec  16.4 KBytes   134 Kbits/sec  37.359 ms  24/36 (67%)  
[  8]  63.00-64.00  sec  10.9 KBytes  89.6 Kbits/sec  36.227 ms  34/42 (81%)  
[  8]  64.00-65.00  sec  43.8 KBytes   359 Kbits/sec  27.593 ms  70/102 (69%)  
[  8]  65.00-66.00  sec  31.4 KBytes   258 Kbits/sec  26.804 ms  0/23 (0%)  
[  8]  66.00-67.00  sec  30.1 KBytes   246 Kbits/sec  31.745 ms  2/24 (8.3%)  
[  8]  67.00-68.00  sec  57.4 KBytes   470 Kbits/sec  28.032 ms  43/85 (51%)  
[  8]  68.00-69.00  sec  50.6 KBytes   414 Kbits/sec  20.904 ms  8/45 (18%)  
[  8]  69.00-70.00  sec  53.3 KBytes   437 Kbits/sec  11.913 ms  5/44 (11%)  
[  8]  70.00-71.00  sec  61.5 KBytes   504 Kbits/sec  15.546 ms  0/45 (0%)  
[  8]  71.00-72.00  sec  61.5 KBytes   504 Kbits/sec  8.407 ms  1/46 (2.2%)  
[  8]  72.00-73.00  sec  60.2 KBytes   493 Kbits/sec  5.262 ms  0/44 (0%)  
[  8]  73.00-74.00  sec  57.4 KBytes   470 Kbits/sec  9.795 ms  3/45 (6.7%)  
[  8]  74.00-75.00  sec  54.7 KBytes   448 Kbits/sec  8.587 ms  5/45 (11%)  
[  8]  75.00-76.00  sec  61.5 KBytes   504 Kbits/sec  6.138 ms  0/45 (0%)  
[  8]  76.00-77.00  sec  60.2 KBytes   493 Kbits/sec  4.841 ms  0/44 (0%)  
[  8]  77.00-78.00  sec  61.5 KBytes   504 Kbits/sec  4.349 ms  0/45 (0%)  
[  8]  78.00-79.00  sec  57.4 KBytes   471 Kbits/sec  5.852 ms  2/44 (4.5%)  
[  8]  79.00-80.00  sec  61.5 KBytes   504 Kbits/sec  6.595 ms  0/45 (0%)  
[  8]  80.00-81.00  sec  61.5 KBytes   504 Kbits/sec  4.095 ms  0/45 (0%)  
[  8]  81.00-82.00  sec  60.2 KBytes   493 Kbits/sec  6.007 ms  0/44 (0%)  
[  8]  82.00-83.00  sec  56.1 KBytes   459 Kbits/sec  9.928 ms  2/43 (4.7%)  
[  8]  83.00-84.00  sec  60.2 KBytes   493 Kbits/sec  10.759 ms  1/45 (2.2%)  
[  8]  84.00-85.00  sec  61.5 KBytes   503 Kbits/sec  6.204 ms  1/46 (2.2%)  
[  8]  85.00-86.00  sec  56.1 KBytes   460 Kbits/sec  9.413 ms  3/44 (6.8%)  
[  8]  86.00-87.00  sec  62.9 KBytes   515 Kbits/sec  6.214 ms  0/46 (0%)  
[  8]  87.00-88.00  sec  52.0 KBytes   426 Kbits/sec  12.154 ms  6/44 (14%)  
[  8]  88.00-89.00  sec  61.5 KBytes   503 Kbits/sec  11.795 ms  0/45 (0%)  
[  8]  89.00-90.00  sec  58.8 KBytes   483 Kbits/sec  12.334 ms  2/45 (4.4%)  
[  8]  90.00-91.00  sec  47.9 KBytes   392 Kbits/sec  14.455 ms  9/44 (20%)  
[  8]  91.00-92.00  sec  47.9 KBytes   392 Kbits/sec  10.448 ms  9/44 (20%)  
[  8]  92.00-93.00  sec  58.8 KBytes   480 Kbits/sec  8.529 ms  3/46 (6.5%)  
[  8]  93.00-94.00  sec  60.2 KBytes   494 Kbits/sec  8.021 ms  0/44 (0%)  
[  8]  94.00-95.00  sec  54.7 KBytes   448 Kbits/sec  12.653 ms  3/43 (7%)  
[  8]  95.00-96.00  sec  57.4 KBytes   470 Kbits/sec  9.360 ms  4/46 (8.7%)  
[  8]  96.00-97.00  sec  60.2 KBytes   493 Kbits/sec  6.487 ms  1/45 (2.2%)  
[  8]  97.00-98.00  sec  56.1 KBytes   459 Kbits/sec  12.377 ms  3/44 (6.8%)  
[  8]  98.00-99.00  sec  54.7 KBytes   448 Kbits/sec  17.514 ms  0/40 (0%)  
[  8]  99.00-100.00 sec  64.3 KBytes   526 Kbits/sec  10.799 ms  3/50 (6%)  
[  8] 100.00-101.00 sec  46.5 KBytes   381 Kbits/sec  20.955 ms  9/43 (21%)  
[  8] 101.00-102.00 sec  58.8 KBytes   482 Kbits/sec  14.669 ms  3/46 (6.5%)  
[  8] 102.00-103.00 sec  36.9 KBytes   302 Kbits/sec  27.014 ms  4/31 (13%)  
[  8] 103.00-104.00 sec  19.1 KBytes   157 Kbits/sec  26.101 ms  31/45 (69%)  
[  8] 104.00-105.00 sec  53.3 KBytes   437 Kbits/sec  17.237 ms  4/43 (9.3%)  
[  8] 105.00-106.00 sec  65.6 KBytes   538 Kbits/sec  18.439 ms  0/48 (0%)  
[  8] 106.00-107.00 sec  77.9 KBytes   638 Kbits/sec  5.861 ms  0/57 (0%)  
[  8] 107.00-108.00 sec  58.8 KBytes   482 Kbits/sec  7.890 ms  1/44 (2.3%)  
[  8] 108.00-109.00 sec  58.8 KBytes   482 Kbits/sec  7.419 ms  1/44 (2.3%)  
[  8] 109.00-110.00 sec  58.8 KBytes   481 Kbits/sec  8.083 ms  2/45 (4.4%)  
[  8] 110.00-111.00 sec  52.0 KBytes   425 Kbits/sec  13.834 ms  6/44 (14%)  
[  8] 111.00-112.00 sec  36.9 KBytes   303 Kbits/sec  16.628 ms  17/44 (39%)  
[  8] 112.00-113.00 sec  57.4 KBytes   470 Kbits/sec  6.329 ms  4/46 (8.7%)  
[  8] 113.00-114.00 sec  61.5 KBytes   504 Kbits/sec  4.357 ms  0/45 (0%)  
[  8] 114.00-115.00 sec  54.7 KBytes   448 Kbits/sec  10.839 ms  1/41 (2.4%)  
[  8] 115.00-116.00 sec  61.5 KBytes   504 Kbits/sec  11.210 ms  2/47 (4.3%)  
[  8] 116.00-117.00 sec  60.2 KBytes   493 Kbits/sec  12.543 ms  1/45 (2.2%)  
[  8] 117.00-118.00 sec  53.3 KBytes   437 Kbits/sec  15.164 ms  3/42 (7.1%)  
[  8] 118.00-119.00 sec  43.8 KBytes   358 Kbits/sec  24.581 ms  8/40 (20%)  
[  8] 119.00-120.00 sec  24.6 KBytes   202 Kbits/sec  32.686 ms  5/23 (22%)  
[  8] 120.00-121.00 sec  15.0 KBytes   123 Kbits/sec  37.375 ms  22/33 (67%)  
[  8] 121.00-122.00 sec  16.4 KBytes   134 Kbits/sec  32.876 ms  36/48 (75%)  
[  8] 122.00-123.00 sec  21.9 KBytes   179 Kbits/sec  27.705 ms  27/43 (63%)  
[  8] 123.00-124.00 sec  53.3 KBytes   437 Kbits/sec  22.117 ms  44/83 (53%)  
[  8] 124.00-125.00 sec  36.9 KBytes   302 Kbits/sec  29.713 ms  7/34 (21%)  
[  8] 125.00-126.00 sec  17.8 KBytes   146 Kbits/sec  39.320 ms  36/49 (73%)  
[  8] 126.00-127.00 sec  58.8 KBytes   482 Kbits/sec  13.203 ms  9/52 (17%)  
[  8] 127.00-128.00 sec  61.5 KBytes   504 Kbits/sec  7.248 ms  0/45 (0%)  
[  8] 128.00-129.00 sec  61.5 KBytes   504 Kbits/sec  6.258 ms  0/45 (0%)  
[  8] 129.00-130.00 sec  61.5 KBytes   504 Kbits/sec  4.239 ms  0/45 (0%)  
[  8] 130.00-131.00 sec  60.2 KBytes   493 Kbits/sec  5.657 ms  0/44 (0%)  
[  8] 131.00-132.00 sec  54.7 KBytes   448 Kbits/sec  11.357 ms  2/42 (4.8%)  
[  8] 132.00-133.00 sec  39.6 KBytes   325 Kbits/sec  22.960 ms  9/38 (24%)  
[  8] 133.00-134.00 sec  50.6 KBytes   414 Kbits/sec  13.630 ms  9/46 (20%)  
[  8] 134.00-135.00 sec  65.6 KBytes   538 Kbits/sec  6.053 ms  5/53 (9.4%)  
[  8] 135.00-136.00 sec  57.4 KBytes   470 Kbits/sec  5.842 ms  2/44 (4.5%)  
[  8] 136.00-137.00 sec  60.2 KBytes   493 Kbits/sec  5.883 ms  1/45 (2.2%)  
[  8] 137.00-138.00 sec  50.6 KBytes   414 Kbits/sec  6.977 ms  4/41 (9.8%)  
[  8] 138.00-139.00 sec  47.9 KBytes   391 Kbits/sec  9.336 ms  12/47 (26%)  
[  8] 139.00-140.00 sec  57.4 KBytes   470 Kbits/sec  7.852 ms  4/46 (8.7%)  
[  8] 140.00-141.00 sec  60.2 KBytes   494 Kbits/sec  6.624 ms  0/44 (0%)  
[  8] 141.00-142.00 sec  57.4 KBytes   470 Kbits/sec  8.101 ms  2/44 (4.5%)  
[  8] 142.00-143.00 sec  58.8 KBytes   482 Kbits/sec  8.089 ms  2/45 (4.4%)  
[  8] 143.00-144.01 sec  60.2 KBytes   489 Kbits/sec  5.816 ms  1/45 (2.2%)  
[  8] 144.01-145.00 sec  60.2 KBytes   496 Kbits/sec  5.086 ms  0/44 (0%)  
[  8] 145.00-146.00 sec  61.5 KBytes   504 Kbits/sec  6.314 ms  1/46 (2.2%)  
[  8] 146.00-147.00 sec  57.4 KBytes   471 Kbits/sec  8.222 ms  2/44 (4.5%)  
[  8] 147.00-148.00 sec  61.5 KBytes   504 Kbits/sec  5.665 ms  0/45 (0%)  
[  8] 148.00-149.00 sec  49.2 KBytes   403 Kbits/sec  6.032 ms  8/44 (18%)  
[  8] 149.00-150.00 sec  57.4 KBytes   470 Kbits/sec  11.012 ms  2/44 (4.5%)  
[  8] 150.00-151.00 sec  54.7 KBytes   448 Kbits/sec  7.478 ms  5/45 (11%)  
[  8] 151.00-152.00 sec  61.5 KBytes   504 Kbits/sec  6.834 ms  0/45 (0%)  
[  8] 152.00-153.00 sec  57.4 KBytes   469 Kbits/sec  6.553 ms  3/45 (6.7%)  
[  8] 153.00-154.00 sec  58.8 KBytes   483 Kbits/sec  8.140 ms  1/44 (2.3%)  
[  8] 154.00-155.00 sec  62.9 KBytes   514 Kbits/sec  5.416 ms  0/46 (0%)  
[  8] 155.00-156.00 sec  46.5 KBytes   381 Kbits/sec  16.161 ms  3/37 (8.1%)  
[  8] 156.00-157.00 sec  41.0 KBytes   336 Kbits/sec  21.244 ms  2/32 (6.2%)  
[  8] 157.00-158.00 sec  28.7 KBytes   235 Kbits/sec  22.179 ms  7/28 (25%)  
[  8] 158.00-159.00 sec  45.1 KBytes   370 Kbits/sec  17.511 ms  11/44 (25%)  
[  8] 159.00-160.00 sec  50.6 KBytes   414 Kbits/sec  18.043 ms  9/46 (20%)  
[  8] 160.00-161.00 sec  61.5 KBytes   504 Kbits/sec  10.331 ms  35/80 (44%)  
[  8] 161.00-162.00 sec  60.2 KBytes   493 Kbits/sec  7.706 ms  0/44 (0%)  
[  8] 162.00-163.00 sec  62.9 KBytes   515 Kbits/sec  5.309 ms  0/46 (0%)  
[  8] 163.00-164.00 sec  57.4 KBytes   470 Kbits/sec  8.250 ms  2/44 (4.5%)  
[  8] 164.00-165.00 sec  58.8 KBytes   482 Kbits/sec  5.726 ms  1/44 (2.3%)  
[  8] 165.00-166.00 sec  61.5 KBytes   504 Kbits/sec  10.951 ms  1/46 (2.2%)  
[  8] 166.00-167.00 sec  54.7 KBytes   448 Kbits/sec  12.258 ms  2/42 (4.8%)  
[  8] 167.00-168.00 sec  54.7 KBytes   448 Kbits/sec  12.900 ms  5/45 (11%)  
[  8] 168.00-169.00 sec  49.2 KBytes   403 Kbits/sec  15.754 ms  1/37 (2.7%)  
[  8] 169.00-170.00 sec  68.4 KBytes   560 Kbits/sec  16.648 ms  3/53 (5.7%)  
[  8] 170.00-171.00 sec  58.8 KBytes   482 Kbits/sec  17.396 ms  2/45 (4.4%)  
[  8] 171.00-172.00 sec  60.2 KBytes   493 Kbits/sec  12.315 ms  1/45 (2.2%)  
[  8] 172.00-173.00 sec  52.0 KBytes   426 Kbits/sec  6.986 ms  7/45 (16%)  
[  8] 173.00-174.00 sec  45.1 KBytes   370 Kbits/sec  15.771 ms  1/34 (2.9%)  
[  8] 174.00-175.00 sec  42.4 KBytes   347 Kbits/sec  12.886 ms  1/32 (3.1%)  
[  8] 175.00-176.00 sec  82.0 KBytes   672 Kbits/sec  12.849 ms  1/61 (1.6%)  
[  8] 176.00-177.00 sec  65.6 KBytes   538 Kbits/sec  5.774 ms  3/51 (5.9%)  
[  8] 177.00-178.00 sec  61.5 KBytes   504 Kbits/sec  5.505 ms  0/45 (0%)  
[  8] 178.00-179.00 sec  38.3 KBytes   314 Kbits/sec  13.252 ms  8/36 (22%)  
[  8] 179.00-180.00 sec  16.4 KBytes   134 Kbits/sec  39.711 ms  1/13 (7.7%)  
[  8] 180.00-181.00 sec  20.5 KBytes   168 Kbits/sec  47.209 ms  26/41 (63%)  
[  8] 181.00-182.00 sec  15.0 KBytes   123 Kbits/sec  37.439 ms  28/39 (72%)  
[  8] 182.00-183.00 sec  13.7 KBytes   112 Kbits/sec  35.850 ms  17/27 (63%)  
[  8] 183.00-184.00 sec  13.7 KBytes   112 Kbits/sec  34.734 ms  38/48 (79%)  
[  8] 184.00-185.00 sec  30.1 KBytes   246 Kbits/sec  46.176 ms  55/77 (71%)  
[  8] 185.00-186.00 sec  69.7 KBytes   571 Kbits/sec  8.350 ms  26/77 (34%)  
[  8] 186.00-187.00 sec  60.2 KBytes   493 Kbits/sec  4.474 ms  0/44 (0%)  
[  8] 187.00-188.00 sec  61.5 KBytes   504 Kbits/sec  3.596 ms  0/45 (0%)  
[  8] 188.00-189.00 sec  54.7 KBytes   448 Kbits/sec  9.312 ms  3/43 (7%)  
[  8] 189.00-190.00 sec  62.9 KBytes   515 Kbits/sec  5.861 ms  0/46 (0%)  
[  8] 190.00-191.00 sec  61.5 KBytes   504 Kbits/sec  2.592 ms  0/45 (0%)  
[  8] 191.00-192.00 sec  60.2 KBytes   493 Kbits/sec  3.128 ms  0/44 (0%)  
[  8] 192.00-193.00 sec  58.8 KBytes   481 Kbits/sec  9.006 ms  2/45 (4.4%)  
[  8] 193.00-194.00 sec  57.4 KBytes   471 Kbits/sec  7.062 ms  2/44 (4.5%)  
[  8] 194.00-195.00 sec  58.8 KBytes   482 Kbits/sec  9.354 ms  1/44 (2.3%)  
[  8] 195.00-196.00 sec  58.8 KBytes   482 Kbits/sec  11.258 ms  2/45 (4.4%)  
[  8] 196.00-197.00 sec  57.4 KBytes   470 Kbits/sec  15.194 ms  0/42 (0%)  
[  8] 197.00-198.00 sec  64.3 KBytes   527 Kbits/sec  4.467 ms  0/47 (0%)  
[  8] 198.00-199.00 sec  50.6 KBytes   414 Kbits/sec  13.002 ms  4/41 (9.8%)  
[  8] 199.00-200.00 sec  34.2 KBytes   280 Kbits/sec  14.927 ms  4/29 (14%)  
[  8] 200.00-201.00 sec  47.9 KBytes   392 Kbits/sec  19.185 ms  6/41 (15%)  
[  8] 201.00-202.00 sec  64.3 KBytes   526 Kbits/sec  7.431 ms  2/49 (4.1%)  
[  8] 202.00-203.00 sec  67.0 KBytes   549 Kbits/sec  11.783 ms  15/64 (23%)  
[  8] 203.00-204.00 sec  61.5 KBytes   504 Kbits/sec  4.911 ms  0/45 (0%)  
[  8] 204.00-205.00 sec  57.4 KBytes   470 Kbits/sec  7.142 ms  2/44 (4.5%)  
[  8] 205.00-206.00 sec  60.2 KBytes   493 Kbits/sec  4.542 ms  1/45 (2.2%)  
[  8] 206.00-207.00 sec  61.5 KBytes   504 Kbits/sec  6.485 ms  0/45 (0%)  
[  8] 207.00-208.00 sec  61.5 KBytes   504 Kbits/sec  5.585 ms  0/45 (0%)  
[  8] 208.00-209.00 sec  58.8 KBytes   482 Kbits/sec  5.905 ms  0/43 (0%)  
[  8] 209.00-210.00 sec  60.2 KBytes   493 Kbits/sec  8.847 ms  1/45 (2.2%)  
[  8] 210.00-211.00 sec  57.4 KBytes   470 Kbits/sec  10.009 ms  3/45 (6.7%)  
[  8] 211.00-212.00 sec  56.1 KBytes   459 Kbits/sec  10.292 ms  3/44 (6.8%)  
[  8] 212.00-213.00 sec  61.5 KBytes   504 Kbits/sec  8.369 ms  1/46 (2.2%)  
[  8] 213.00-214.00 sec  61.5 KBytes   504 Kbits/sec  5.313 ms  0/45 (0%)  
[  8] 214.00-215.00 sec  58.8 KBytes   482 Kbits/sec  4.180 ms  0/43 (0%)  
[  8] 215.00-216.00 sec  60.2 KBytes   493 Kbits/sec  7.754 ms  1/45 (2.2%)  
[  8] 216.00-217.00 sec  58.8 KBytes   481 Kbits/sec  13.396 ms  2/45 (4.4%)  
[  8] 217.00-218.00 sec  57.4 KBytes   471 Kbits/sec  9.857 ms  1/43 (2.3%)  
[  8] 218.00-219.00 sec  61.5 KBytes   504 Kbits/sec  10.527 ms  0/45 (0%)  
[  8] 219.00-220.00 sec  50.6 KBytes   414 Kbits/sec  11.867 ms  0/37 (0%)  
[  8] 220.00-221.00 sec  53.3 KBytes   437 Kbits/sec  10.336 ms  3/42 (7.1%)  
[  8] 221.00-222.00 sec  46.5 KBytes   381 Kbits/sec  10.120 ms  0/34 (0%)  
[  8] 222.00-223.00 sec  32.8 KBytes   268 Kbits/sec  16.270 ms  18/42 (43%)  
[  8] 223.00-224.00 sec  79.3 KBytes   652 Kbits/sec  6.832 ms  11/69 (16%)  
[  8] 224.00-225.00 sec  61.5 KBytes   503 Kbits/sec  4.374 ms  0/45 (0%)  
[  8] 225.00-226.00 sec  61.5 KBytes   505 Kbits/sec  3.632 ms  0/45 (0%)  
[  8] 226.00-227.00 sec  60.2 KBytes   493 Kbits/sec  6.031 ms  0/44 (0%)  
[  8] 227.00-228.00 sec  61.5 KBytes   504 Kbits/sec  5.264 ms  0/45 (0%)  
[  8] 228.00-229.00 sec  61.5 KBytes   504 Kbits/sec  3.341 ms  0/45 (0%)  
[  8] 229.00-230.00 sec  60.2 KBytes   493 Kbits/sec  3.702 ms  0/44 (0%)  
[  8] 230.00-231.00 sec  61.5 KBytes   504 Kbits/sec  5.792 ms  0/45 (0%)  
[  8] 231.00-232.00 sec  60.2 KBytes   493 Kbits/sec  6.174 ms  0/44 (0%)  
[  8] 232.00-233.00 sec  61.5 KBytes   504 Kbits/sec  5.321 ms  1/46 (2.2%)  
[  8] 233.00-234.00 sec  60.2 KBytes   493 Kbits/sec  5.173 ms  0/44 (0%)  
[  8] 234.00-235.00 sec  60.2 KBytes   491 Kbits/sec  8.150 ms  0/44 (0%)  
[  8] 235.00-236.02 sec  64.3 KBytes   515 Kbits/sec  7.189 ms  0/47 (0%)  
[  8] 236.02-237.00 sec  58.8 KBytes   494 Kbits/sec  3.951 ms  0/43 (0%)  
[  8] 237.00-238.00 sec  60.2 KBytes   493 Kbits/sec  4.550 ms  0/44 (0%)  
[  8] 238.00-239.00 sec  56.1 KBytes   459 Kbits/sec  14.988 ms  4/45 (8.9%)  
[  8] 239.00-240.00 sec  34.2 KBytes   280 Kbits/sec  28.876 ms  13/38 (34%)  
[  8] 240.00-241.00 sec  52.0 KBytes   426 Kbits/sec  11.097 ms  14/52 (27%)  
[  8] 241.00-242.00 sec  61.5 KBytes   504 Kbits/sec  4.631 ms  0/45 (0%)  
[  8] 242.00-243.00 sec  49.2 KBytes   403 Kbits/sec  9.868 ms  1/37 (2.7%)  
[  8] 243.00-244.01 sec  54.7 KBytes   445 Kbits/sec  6.419 ms  10/50 (20%)  
[  8] 244.01-245.00 sec  61.5 KBytes   507 Kbits/sec  3.413 ms  0/45 (0%)  
[  8] 245.00-246.00 sec  46.5 KBytes   381 Kbits/sec  11.190 ms  9/43 (21%)  
[  8] 246.00-247.00 sec  27.3 KBytes   224 Kbits/sec  18.205 ms  16/36 (44%)  
[  8] 247.00-248.00 sec  52.0 KBytes   426 Kbits/sec  21.112 ms  13/51 (25%)  
[  8] 248.00-249.00 sec  45.1 KBytes   368 Kbits/sec  20.957 ms  6/39 (15%)  
[  8] 249.00-250.00 sec  28.7 KBytes   236 Kbits/sec  25.422 ms  6/27 (22%)  
[  8] 250.00-251.00 sec  31.4 KBytes   258 Kbits/sec  24.085 ms  1/24 (4.2%)  
[  8] 251.00-252.00 sec  75.2 KBytes   616 Kbits/sec  19.693 ms  13/68 (19%)  
[  8] 252.00-253.00 sec  47.9 KBytes   392 Kbits/sec  13.696 ms  0/35 (0%)  
[  8] 253.00-254.00 sec  21.9 KBytes   179 Kbits/sec  18.980 ms  19/35 (54%)  
[  8] 254.00-255.00 sec  23.2 KBytes   190 Kbits/sec  35.569 ms  40/57 (70%)  
[  8] 255.00-256.00 sec  39.6 KBytes   325 Kbits/sec  21.467 ms  12/41 (29%)  
[  8] 256.00-257.00 sec  47.9 KBytes   391 Kbits/sec  17.523 ms  24/59 (41%)  
[  8] 257.00-258.00 sec  88.9 KBytes   729 Kbits/sec  8.778 ms  2/67 (3%)  
[  8] 258.00-259.00 sec  60.2 KBytes   493 Kbits/sec  6.868 ms  0/44 (0%)  
[  8] 259.00-260.00 sec  57.4 KBytes   470 Kbits/sec  7.011 ms  2/44 (4.5%)  
[  8] 260.00-261.00 sec  61.5 KBytes   504 Kbits/sec  8.414 ms  0/45 (0%)  
[  8] 261.00-262.00 sec  61.5 KBytes   504 Kbits/sec  4.117 ms  0/45 (0%)  
[  8] 262.00-263.00 sec  54.7 KBytes   448 Kbits/sec  6.992 ms  0/40 (0%)  
[  8] 263.00-264.00 sec  39.6 KBytes   325 Kbits/sec  22.046 ms  15/44 (34%)  
[  8] 264.00-265.00 sec  15.0 KBytes   123 Kbits/sec  34.047 ms  11/22 (50%)  
[  8] 265.00-266.00 sec  45.1 KBytes   369 Kbits/sec  18.888 ms  27/60 (45%)  
[  8] 266.00-267.00 sec  20.5 KBytes   168 Kbits/sec  35.180 ms  1/16 (6.2%)  
[  8] 267.00-268.00 sec  20.5 KBytes   168 Kbits/sec  29.330 ms  24/39 (62%)  
[  8] 268.00-269.00 sec  6.84 KBytes  56.0 Kbits/sec  30.358 ms  33/38 (87%)  
[  8] 269.00-270.00 sec  6.84 KBytes  56.0 Kbits/sec  37.542 ms  45/50 (90%)  
[  8] 270.00-271.00 sec  35.5 KBytes   291 Kbits/sec  29.996 ms  39/65 (60%)  
[  8] 271.00-272.00 sec  28.7 KBytes   235 Kbits/sec  32.662 ms  2/23 (8.7%)  
[  8] 272.00-273.00 sec  24.6 KBytes   202 Kbits/sec  37.413 ms  1/19 (5.3%)  
[  8] 273.00-274.00 sec  28.7 KBytes   235 Kbits/sec  33.936 ms  0/21 (0%)  
[  8] 274.00-275.00 sec  19.1 KBytes   157 Kbits/sec  40.441 ms  0/14 (0%)  
[  8] 275.00-276.00 sec  15.0 KBytes   123 Kbits/sec  56.108 ms  0/11 (0%)  
[  8] 276.00-277.00 sec  30.1 KBytes   247 Kbits/sec  65.298 ms  55/77 (71%)  
[  8] 277.00-278.00 sec  30.1 KBytes   246 Kbits/sec  42.531 ms  18/40 (45%)  
[  8] 278.00-279.00 sec  35.5 KBytes   291 Kbits/sec  39.093 ms  34/60 (57%)  
[  8] 279.00-280.00 sec  27.3 KBytes   224 Kbits/sec  31.872 ms  28/48 (58%)  
[  8] 280.00-281.00 sec  38.3 KBytes   314 Kbits/sec  33.339 ms  19/47 (40%)  
[  8] 281.00-282.00 sec  79.3 KBytes   649 Kbits/sec  43.936 ms  99/157 (63%)  
[  8] 282.00-283.00 sec  49.2 KBytes   403 Kbits/sec  28.714 ms  0/36 (0%)  
[  8] 283.00-284.00 sec  52.0 KBytes   426 Kbits/sec  24.467 ms  14/52 (27%)  
[  8] 284.00-285.00 sec  58.8 KBytes   482 Kbits/sec  4.675 ms  1/44 (2.3%)  
[  8] 285.00-286.00 sec  64.3 KBytes   526 Kbits/sec  4.331 ms  0/47 (0%)  
[  8] 286.00-287.00 sec  61.5 KBytes   504 Kbits/sec  5.367 ms  0/45 (0%)  
[  8] 287.00-288.00 sec  54.7 KBytes   448 Kbits/sec  17.536 ms  6/46 (13%)  
[  8] 288.00-289.00 sec  46.5 KBytes   381 Kbits/sec  17.308 ms  5/39 (13%)  
[  8] 289.00-290.00 sec  50.6 KBytes   414 Kbits/sec  15.695 ms  5/42 (12%)  
[  8] 290.00-291.00 sec  71.1 KBytes   582 Kbits/sec  9.767 ms  0/52 (0%)  
[  8] 291.00-292.00 sec  61.5 KBytes   504 Kbits/sec  6.505 ms  0/45 (0%)  
[  8] 292.00-293.00 sec  58.8 KBytes   482 Kbits/sec  7.992 ms  1/44 (2.3%)  
[  8] 293.00-294.00 sec  61.5 KBytes   504 Kbits/sec  6.565 ms  0/45 (0%)  
[  8] 294.00-295.01 sec  61.5 KBytes   501 Kbits/sec  7.622 ms  1/46 (2.2%)  
[  8] 295.01-296.00 sec  58.8 KBytes   483 Kbits/sec  10.466 ms  1/44 (2.3%)  
[  8] 296.00-297.00 sec  61.5 KBytes   504 Kbits/sec  7.947 ms  0/45 (0%)  
[  8] 297.00-298.00 sec  56.1 KBytes   460 Kbits/sec  6.256 ms  3/44 (6.8%)  
[  8] 298.00-299.00 sec  61.5 KBytes   504 Kbits/sec  5.059 ms  0/45 (0%)  
[  8] 299.00-300.00 sec  61.5 KBytes   504 Kbits/sec  3.753 ms  0/45 (0%)  
[  8] 300.00-301.00 sec  57.4 KBytes   470 Kbits/sec  6.893 ms  0/42 (0%)  
[  8] 301.00-302.00 sec  61.5 KBytes   504 Kbits/sec  8.768 ms  1/46 (2.2%)  
[  8] 302.00-303.00 sec  57.4 KBytes   470 Kbits/sec  9.427 ms  3/45 (6.7%)  
[  8] 303.00-304.00 sec  61.5 KBytes   504 Kbits/sec  4.634 ms  0/45 (0%)  
[  8] 304.00-305.00 sec  61.5 KBytes   504 Kbits/sec  6.766 ms  0/45 (0%)  
[  8] 305.00-306.00 sec  60.2 KBytes   493 Kbits/sec  5.722 ms  1/45 (2.2%)  
[  8] 306.00-307.00 sec  60.2 KBytes   492 Kbits/sec  3.799 ms  0/44 (0%)  
[  8] 307.00-308.00 sec  61.5 KBytes   504 Kbits/sec  3.752 ms  0/45 (0%)  
[  8] 308.00-309.00 sec  57.4 KBytes   471 Kbits/sec  9.067 ms  3/45 (6.7%)  
[  8] 309.00-310.00 sec  60.2 KBytes   492 Kbits/sec  5.953 ms  0/44 (0%)  
[  8] 310.00-311.00 sec  60.2 KBytes   493 Kbits/sec  16.627 ms  0/44 (0%)  
[  8] 311.00-312.00 sec  23.2 KBytes   191 Kbits/sec  37.334 ms  2/19 (11%)  
[  8] 312.00-313.00 sec  58.8 KBytes   482 Kbits/sec  15.272 ms  28/71 (39%)  
[  8] 313.00-314.00 sec  61.5 KBytes   504 Kbits/sec  7.795 ms  0/45 (0%)  
[  8] 314.00-315.00 sec  61.5 KBytes   504 Kbits/sec  3.216 ms  0/45 (0%)  
[  8] 315.00-316.00 sec  60.2 KBytes   493 Kbits/sec  4.420 ms  0/44 (0%)  
[  8] 316.00-317.00 sec  58.8 KBytes   480 Kbits/sec  5.825 ms  1/44 (2.3%)  
[  8] 317.00-318.00 sec  58.8 KBytes   483 Kbits/sec  5.632 ms  1/44 (2.3%)  
[  8] 318.00-319.00 sec  61.5 KBytes   504 Kbits/sec  3.163 ms  0/45 (0%)  
[  8] 319.00-320.00 sec  62.9 KBytes   515 Kbits/sec  3.446 ms  0/46 (0%)  
[  8] 320.00-321.00 sec  58.8 KBytes   482 Kbits/sec  4.898 ms  0/43 (0%)  
[  8] 321.00-322.00 sec  53.3 KBytes   437 Kbits/sec  13.681 ms  1/40 (2.5%)  
[  8] 322.00-323.00 sec  31.4 KBytes   258 Kbits/sec  20.185 ms  9/32 (28%)  
[  8] 323.00-324.00 sec  35.5 KBytes   291 Kbits/sec  22.390 ms  1/27 (3.7%)  
[  8] 324.00-325.00 sec  62.9 KBytes   515 Kbits/sec  30.337 ms  33/79 (42%)  
[  8] 325.00-326.00 sec  60.2 KBytes   493 Kbits/sec  11.185 ms  2/46 (4.3%)  
[  8] 326.00-327.00 sec  57.4 KBytes   470 Kbits/sec  12.168 ms  3/45 (6.7%)  
[  8] 327.00-328.00 sec  57.4 KBytes   471 Kbits/sec  8.166 ms  0/42 (0%)  
[  8] 328.00-329.00 sec  62.9 KBytes   515 Kbits/sec  3.169 ms  0/46 (0%)  
[  8] 329.00-330.00 sec  62.9 KBytes   515 Kbits/sec  3.615 ms  0/46 (0%)  
[  8] 330.00-331.00 sec  58.8 KBytes   482 Kbits/sec  3.841 ms  0/43 (0%)  
[  8] 331.00-332.00 sec  49.2 KBytes   403 Kbits/sec  12.348 ms  6/42 (14%)  
[  8] 332.00-333.00 sec  31.4 KBytes   258 Kbits/sec  16.637 ms  19/42 (45%)  
[  8] 333.00-334.00 sec  27.3 KBytes   224 Kbits/sec  13.230 ms  19/39 (49%)  
[  8] 334.00-335.00 sec  36.9 KBytes   302 Kbits/sec  20.469 ms  3/30 (10%)  
[  8] 335.00-336.00 sec  71.1 KBytes   582 Kbits/sec  21.314 ms  13/65 (20%)  
[  8] 336.00-337.00 sec  58.8 KBytes   482 Kbits/sec  19.827 ms  8/51 (16%)  
[  8] 337.00-338.00 sec  36.9 KBytes   302 Kbits/sec  21.561 ms  0/27 (0%)  
[  8] 338.00-339.00 sec  31.4 KBytes   258 Kbits/sec  19.782 ms  0/23 (0%)  
[  8] 339.00-340.00 sec  82.0 KBytes   672 Kbits/sec  29.378 ms  15/75 (20%)  
[  8] 340.00-340.10 sec  13.7 KBytes  1.13 Mbits/sec  22.246 ms  0/10 (0%)  
- - - - - - - - - - - - - - - - - - - - - - - - -
[ ID] Interval           Transfer     Bitrate         Jitter    Lost/Total Datagrams
[  8]   0.00-340.10 sec  16.9 MBytes   418 Kbits/sec  22.246 ms  2488/15179 (16%)  receiver
