-----------------------------------------------------------
Server listening on 5201 (test #1)
-----------------------------------------------------------
Accepted connection from 10.0.0.89, port 53898
[  8] local 10.0.0.121 port 5201 connected to 10.0.0.89 port 34297
[ ID] Interval           Transfer     Bitrate         Jitter    Lost/Total Datagrams
[  8]   0.00-1.00   sec   215 KBytes  1.76 Mbits/sec  3.202 ms  3/160 (1.9%)  
[  8]   1.00-2.00   sec   228 KBytes  1.87 Mbits/sec  1.420 ms  12/179 (6.7%)  
[  8]   2.00-3.00   sec   242 KBytes  1.98 Mbits/sec  1.961 ms  0/177 (0%)  
[  8]   3.00-4.00   sec   247 KBytes  2.03 Mbits/sec  1.595 ms  0/181 (0%)  
[  8]   4.00-5.00   sec   245 KBytes  2.00 Mbits/sec  0.822 ms  0/179 (0%)  
[  8]   5.00-6.00   sec   234 KBytes  1.92 Mbits/sec  3.472 ms  0/171 (0%)  
[  8]   6.00-7.00   sec   250 KBytes  2.05 Mbits/sec  3.675 ms  2/185 (1.1%)  
[  8]   7.00-8.00   sec   234 KBytes  1.92 Mbits/sec  0.719 ms  8/179 (4.5%)  
[  8]   8.00-9.00   sec   239 KBytes  1.96 Mbits/sec  1.040 ms  0/175 (0%)  
[  8]   9.00-10.00  sec   249 KBytes  2.04 Mbits/sec  1.980 ms  0/182 (0%)  
[  8]  10.00-11.00  sec   245 KBytes  2.00 Mbits/sec  1.914 ms  0/179 (0%)  
[  8]  11.00-12.00  sec   243 KBytes  1.99 Mbits/sec  1.116 ms  0/178 (0%)  
[  8]  12.00-13.00  sec   246 KBytes  2.02 Mbits/sec  1.117 ms  0/180 (0%)  
[  8]  13.00-14.00  sec   242 KBytes  1.98 Mbits/sec  3.594 ms  0/177 (0%)  
[  8]  14.00-15.00  sec   213 KBytes  1.74 Mbits/sec  9.418 ms  0/156 (0%)  
[  8]  15.00-16.01  sec   113 KBytes   920 Kbits/sec  9.704 ms  5/88 (5.7%)  
[  8]  16.01-17.02  sec  87.5 KBytes   710 Kbits/sec  11.425 ms  30/94 (32%)  
[  8]  17.02-18.00  sec  71.1 KBytes   595 Kbits/sec  11.894 ms  94/146 (64%)  
[  8]  18.00-19.00  sec   234 KBytes  1.92 Mbits/sec  9.288 ms  221/392 (56%)  
[  8]  19.00-20.01  sec   262 KBytes  2.12 Mbits/sec  5.391 ms  4/196 (2%)  
[  8]  20.01-21.01  sec   247 KBytes  2.03 Mbits/sec  5.315 ms  1/182 (0.55%)  
[  8]  21.01-22.00  sec   232 KBytes  1.93 Mbits/sec  5.375 ms  0/170 (0%)  
[  8]  22.00-23.01  sec   242 KBytes  1.97 Mbits/sec  5.403 ms  0/177 (0%)  
[  8]  23.01-24.01  sec   249 KBytes  2.04 Mbits/sec  6.156 ms  0/182 (0%)  
[  8]  24.01-25.01  sec   249 KBytes  2.04 Mbits/sec  2.664 ms  0/182 (0%)  
[  8]  25.01-26.00  sec   242 KBytes  1.99 Mbits/sec  3.699 ms  0/177 (0%)  
[  8]  26.00-27.00  sec   237 KBytes  1.94 Mbits/sec  4.558 ms  2/175 (1.1%)  
[  8]  27.00-28.00  sec   249 KBytes  2.04 Mbits/sec  3.595 ms  2/184 (1.1%)  
[  8]  28.00-29.00  sec   187 KBytes  1.53 Mbits/sec  5.283 ms  6/143 (4.2%)  
[  8]  29.00-30.00  sec   189 KBytes  1.55 Mbits/sec  5.742 ms  0/138 (0%)  
[  8]  30.00-31.01  sec   267 KBytes  2.17 Mbits/sec  4.578 ms  3/198 (1.5%)  
[  8]  31.01-32.00  sec   250 KBytes  2.06 Mbits/sec  6.870 ms  0/183 (0%)  
[  8]  32.00-33.00  sec   171 KBytes  1.40 Mbits/sec  5.886 ms  0/125 (0%)  
[  8]  33.00-34.00  sec   157 KBytes  1.29 Mbits/sec  8.608 ms  3/118 (2.5%)  
[  8]  34.00-35.00  sec   366 KBytes  3.00 Mbits/sec  3.505 ms  77/345 (22%)  
[  8]  35.00-36.00  sec   241 KBytes  1.97 Mbits/sec  4.444 ms  0/176 (0%)  
[  8]  36.00-37.00  sec   197 KBytes  1.61 Mbits/sec  7.301 ms  27/171 (16%)  
[  8]  37.00-38.00  sec   249 KBytes  2.04 Mbits/sec  6.268 ms  3/185 (1.6%)  
[  8]  38.00-39.00  sec   249 KBytes  2.03 Mbits/sec  4.119 ms  0/182 (0%)  
[  8]  39.00-40.00  sec   241 KBytes  1.98 Mbits/sec  5.133 ms  1/177 (0.56%)  
[  8]  40.00-41.00  sec   235 KBytes  1.93 Mbits/sec  3.850 ms  0/172 (0%)  
[  8]  41.00-42.00  sec   161 KBytes  1.32 Mbits/sec  5.975 ms  0/118 (0%)  
[  8]  42.00-43.00  sec   316 KBytes  2.59 Mbits/sec  1.203 ms  16/247 (6.5%)  
[  8]  43.00-44.00  sec   223 KBytes  1.83 Mbits/sec  3.831 ms  14/177 (7.9%)  
[  8]  44.00-45.00  sec   246 KBytes  2.01 Mbits/sec  4.506 ms  0/180 (0%)  
[  8]  45.00-46.00  sec   239 KBytes  1.96 Mbits/sec  1.978 ms  2/177 (1.1%)  
[  8]  46.00-47.00  sec   246 KBytes  2.02 Mbits/sec  3.943 ms  0/180 (0%)  
[  8]  47.00-48.00  sec   232 KBytes  1.90 Mbits/sec  3.471 ms  8/178 (4.5%)  
[  8]  48.00-49.00  sec   243 KBytes  1.99 Mbits/sec  2.641 ms  0/178 (0%)  
[  8]  49.00-50.01  sec   193 KBytes  1.57 Mbits/sec  8.284 ms  0/141 (0%)  
[  8]  50.01-51.00  sec   170 KBytes  1.40 Mbits/sec  8.156 ms  43/167 (26%)  
[  8]  51.00-52.01  sec   139 KBytes  1.14 Mbits/sec  9.618 ms  0/102 (0%)  
[  8]  52.01-53.00  sec   111 KBytes   913 Kbits/sec  11.609 ms  5/86 (5.8%)  
[  8]  53.00-54.00  sec   104 KBytes   852 Kbits/sec  10.340 ms  8/84 (9.5%)  
[  8]  54.00-55.00  sec   126 KBytes  1.03 Mbits/sec  9.357 ms  60/152 (39%)  
[  8]  55.00-56.00  sec   146 KBytes  1.20 Mbits/sec  8.891 ms  73/180 (41%)  
[  8]  56.00-57.00  sec   200 KBytes  1.64 Mbits/sec  6.221 ms  87/233 (37%)  
[  8]  57.00-58.00  sec   189 KBytes  1.54 Mbits/sec  10.034 ms  77/215 (36%)  
[  8]  58.00-59.00  sec   104 KBytes   852 Kbits/sec  11.981 ms  7/83 (8.4%)  
[  8]  59.00-60.00  sec   138 KBytes  1.13 Mbits/sec  10.151 ms  57/158 (36%)  
[  8]  60.00-61.00  sec   152 KBytes  1.24 Mbits/sec  13.253 ms  128/239 (54%)  
[  8]  61.00-62.01  sec   349 KBytes  2.84 Mbits/sec  6.861 ms  53/308 (17%)  
[  8]  62.01-63.00  sec   201 KBytes  1.66 Mbits/sec  6.216 ms  10/157 (6.4%)  
[  8]  63.00-64.00  sec   264 KBytes  2.16 Mbits/sec  4.270 ms  179/372 (48%)  
[  8]  64.00-65.00  sec   124 KBytes  1.02 Mbits/sec  10.879 ms  0/91 (0%)  
[  8]  65.00-66.00  sec   116 KBytes   952 Kbits/sec  12.005 ms  0/85 (0%)  
[  8]  66.00-67.00  sec   269 KBytes  2.21 Mbits/sec  5.195 ms  164/361 (45%)  
[  8]  67.00-68.00  sec   246 KBytes  2.02 Mbits/sec  6.656 ms  1/181 (0.55%)  
[  8]  68.00-69.00  sec   242 KBytes  1.98 Mbits/sec  4.853 ms  0/177 (0%)  
[  8]  69.00-70.00  sec   246 KBytes  2.02 Mbits/sec  2.528 ms  0/180 (0%)  
[  8]  70.00-71.00  sec   245 KBytes  2.00 Mbits/sec  4.046 ms  0/179 (0%)  
[  8]  71.00-72.00  sec   234 KBytes  1.91 Mbits/sec  3.624 ms  4/175 (2.3%)  
[  8]  72.00-73.00  sec   241 KBytes  1.97 Mbits/sec  5.365 ms  4/180 (2.2%)  
[  8]  73.00-74.00  sec   243 KBytes  2.00 Mbits/sec  3.324 ms  2/180 (1.1%)  
[  8]  74.00-75.00  sec   243 KBytes  1.99 Mbits/sec  3.168 ms  0/178 (0%)  
[  8]  75.00-76.00  sec   243 KBytes  2.00 Mbits/sec  1.856 ms  2/180 (1.1%)  
[  8]  76.00-77.00  sec   245 KBytes  2.00 Mbits/sec  2.229 ms  0/179 (0%)  
[  8]  77.00-78.00  sec   241 KBytes  1.97 Mbits/sec  2.213 ms  1/177 (0.56%)  
[  8]  78.00-79.00  sec   242 KBytes  1.98 Mbits/sec  5.417 ms  0/177 (0%)  
[  8]  79.00-80.00  sec   247 KBytes  2.02 Mbits/sec  2.468 ms  0/181 (0%)  
[  8]  80.00-81.00  sec   238 KBytes  1.96 Mbits/sec  4.090 ms  0/174 (0%)  
[  8]  81.00-82.00  sec   247 KBytes  2.03 Mbits/sec  2.694 ms  0/181 (0%)  
[  8]  82.00-83.00  sec   246 KBytes  2.02 Mbits/sec  3.229 ms  0/180 (0%)  
[  8]  83.00-84.00  sec   243 KBytes  1.99 Mbits/sec  3.360 ms  0/178 (0%)  
[  8]  84.00-85.00  sec   241 KBytes  1.97 Mbits/sec  3.616 ms  4/180 (2.2%)  
[  8]  85.00-86.00  sec   245 KBytes  2.00 Mbits/sec  3.299 ms  0/179 (0%)  
[  8]  86.00-87.00  sec   238 KBytes  1.96 Mbits/sec  2.756 ms  4/178 (2.2%)  
[  8]  87.00-88.00  sec   235 KBytes  1.93 Mbits/sec  3.372 ms  4/176 (2.3%)  
[  8]  88.00-89.00  sec   239 KBytes  1.96 Mbits/sec  4.812 ms  5/180 (2.8%)  
[  8]  89.00-90.00  sec   242 KBytes  1.98 Mbits/sec  4.437 ms  2/179 (1.1%)  
[  8]  90.00-91.00  sec   243 KBytes  2.00 Mbits/sec  5.394 ms  0/178 (0%)  
[  8]  91.00-92.00  sec   235 KBytes  1.93 Mbits/sec  2.789 ms  8/180 (4.4%)  
[  8]  92.00-93.00  sec   243 KBytes  1.99 Mbits/sec  2.771 ms  0/178 (0%)  
[  8]  93.00-94.00  sec   231 KBytes  1.89 Mbits/sec  4.071 ms  6/175 (3.4%)  
[  8]  94.00-95.00  sec   249 KBytes  2.04 Mbits/sec  2.832 ms  0/182 (0%)  
[  8]  95.00-96.00  sec   242 KBytes  1.98 Mbits/sec  3.529 ms  2/179 (1.1%)  
[  8]  96.00-97.00  sec   234 KBytes  1.92 Mbits/sec  2.607 ms  5/176 (2.8%)  
[  8]  97.00-98.00  sec   131 KBytes  1.07 Mbits/sec  9.929 ms  29/125 (23%)  
[  8]  98.00-99.00  sec   217 KBytes  1.78 Mbits/sec  4.384 ms  75/234 (32%)  
[  8]  99.00-100.00 sec   245 KBytes  2.00 Mbits/sec  3.705 ms  0/179 (0%)  
[  8] 100.00-101.00 sec   245 KBytes  2.00 Mbits/sec  2.499 ms  0/179 (0%)  
[  8] 101.00-102.00 sec   213 KBytes  1.75 Mbits/sec  5.591 ms  1/157 (0.64%)  
[  8] 102.00-103.00 sec   190 KBytes  1.56 Mbits/sec  5.086 ms  14/153 (9.2%)  
[  8] 103.00-104.00 sec   142 KBytes  1.16 Mbits/sec  13.012 ms  12/116 (10%)  
[  8] 104.00-105.00 sec   295 KBytes  2.42 Mbits/sec  4.615 ms  23/239 (9.6%)  
[  8] 105.00-106.00 sec   291 KBytes  2.39 Mbits/sec  1.965 ms  10/223 (4.5%)  
[  8] 106.00-107.00 sec   246 KBytes  2.02 Mbits/sec  2.833 ms  0/180 (0%)  
[  8] 107.00-108.00 sec   239 KBytes  1.96 Mbits/sec  1.394 ms  2/177 (1.1%)  
[  8] 108.00-109.00 sec   250 KBytes  2.05 Mbits/sec  2.018 ms  0/183 (0%)  
[  8] 109.00-110.00 sec   238 KBytes  1.95 Mbits/sec  5.151 ms  0/174 (0%)  
[  8] 110.00-111.00 sec   234 KBytes  1.91 Mbits/sec  4.773 ms  12/183 (6.6%)  
[  8] 111.00-112.00 sec   245 KBytes  2.01 Mbits/sec  0.672 ms  0/179 (0%)  
[  8] 112.00-113.00 sec   243 KBytes  1.99 Mbits/sec  0.952 ms  0/178 (0%)  
[  8] 113.00-114.00 sec   243 KBytes  1.99 Mbits/sec  1.515 ms  0/178 (0%)  
[  8] 114.00-115.00 sec   235 KBytes  1.92 Mbits/sec  0.528 ms  0/172 (0%)  
[  8] 115.00-116.00 sec   250 KBytes  2.06 Mbits/sec  2.355 ms  0/183 (0%)  
[  8] 116.00-117.00 sec   245 KBytes  2.00 Mbits/sec  2.004 ms  0/179 (0%)  
[  8] 117.00-118.00 sec   197 KBytes  1.62 Mbits/sec  5.544 ms  0/144 (0%)  
[  8] 118.00-119.00 sec   107 KBytes   873 Kbits/sec  4.609 ms  5/83 (6%)  
[  8] 119.00-120.00 sec   149 KBytes  1.22 Mbits/sec  9.430 ms  47/156 (30%)  
[  8] 120.00-121.00 sec   163 KBytes  1.34 Mbits/sec  6.119 ms  57/176 (32%)  
[  8] 121.00-122.00 sec   134 KBytes  1.10 Mbits/sec  4.214 ms  82/180 (46%)  
[  8] 122.00-123.00 sec   336 KBytes  2.75 Mbits/sec  1.737 ms  83/329 (25%)  
[  8] 123.00-124.00 sec   213 KBytes  1.75 Mbits/sec  12.985 ms  19/175 (11%)  
[  8] 124.00-125.00 sec   217 KBytes  1.78 Mbits/sec  6.831 ms  9/168 (5.4%)  
[  8] 125.00-126.00 sec   268 KBytes  2.19 Mbits/sec  3.149 ms  3/199 (1.5%)  
[  8] 126.00-127.00 sec   243 KBytes  1.99 Mbits/sec  3.746 ms  0/178 (0%)  
[  8] 127.00-128.00 sec   242 KBytes  1.97 Mbits/sec  3.636 ms  2/179 (1.1%)  
[  8] 128.00-129.00 sec   245 KBytes  2.01 Mbits/sec  3.789 ms  0/179 (0%)  
[  8] 129.00-130.00 sec   245 KBytes  2.00 Mbits/sec  3.828 ms  0/179 (0%)  
[  8] 130.00-131.00 sec   212 KBytes  1.74 Mbits/sec  9.230 ms  5/160 (3.1%)  
[  8] 131.00-132.00 sec   216 KBytes  1.77 Mbits/sec  2.638 ms  35/193 (18%)  
[  8] 132.00-133.00 sec   247 KBytes  2.03 Mbits/sec  4.812 ms  1/182 (0.55%)  
[  8] 133.00-134.00 sec   241 KBytes  1.97 Mbits/sec  3.579 ms  0/176 (0%)  
[  8] 134.00-135.00 sec   247 KBytes  2.03 Mbits/sec  4.004 ms  0/181 (0%)  
[  8] 135.00-136.00 sec   235 KBytes  1.93 Mbits/sec  2.320 ms  0/172 (0%)  
[  8] 136.00-137.00 sec   235 KBytes  1.93 Mbits/sec  6.012 ms  9/181 (5%)  
[  8] 137.00-138.00 sec   230 KBytes  1.88 Mbits/sec  5.406 ms  10/178 (5.6%)  
[  8] 138.00-139.00 sec   242 KBytes  1.98 Mbits/sec  5.205 ms  4/181 (2.2%)  
[  8] 139.00-140.00 sec   235 KBytes  1.93 Mbits/sec  6.089 ms  0/172 (0%)  
[  8] 140.00-141.00 sec   254 KBytes  2.08 Mbits/sec  3.387 ms  1/187 (0.53%)  
[  8] 141.00-142.00 sec   204 KBytes  1.67 Mbits/sec  11.150 ms  2/151 (1.3%)  
[  8] 142.00-143.00 sec   154 KBytes  1.27 Mbits/sec  7.443 ms  0/113 (0%)  
[  8] 143.00-144.00 sec   319 KBytes  2.61 Mbits/sec  5.585 ms  34/267 (13%)  
[  8] 144.00-145.00 sec   246 KBytes  2.02 Mbits/sec  3.171 ms  0/180 (0%)  
[  8] 145.00-146.00 sec   246 KBytes  2.02 Mbits/sec  5.597 ms  3/183 (1.6%)  
[  8] 146.00-147.00 sec   241 KBytes  1.97 Mbits/sec  4.073 ms  0/176 (0%)  
[  8] 147.00-148.00 sec   247 KBytes  2.03 Mbits/sec  1.212 ms  0/181 (0%)  
[  8] 148.00-149.00 sec   235 KBytes  1.93 Mbits/sec  6.136 ms  5/177 (2.8%)  
[  8] 149.00-150.00 sec   245 KBytes  2.00 Mbits/sec  2.780 ms  0/179 (0%)  
[  8] 150.00-151.00 sec   243 KBytes  1.99 Mbits/sec  6.382 ms  1/179 (0.56%)  
[  8] 151.00-152.00 sec   241 KBytes  1.97 Mbits/sec  3.429 ms  3/179 (1.7%)  
[  8] 152.00-153.00 sec   238 KBytes  1.95 Mbits/sec  1.780 ms  3/177 (1.7%)  
[  8] 153.00-154.00 sec   245 KBytes  2.00 Mbits/sec  2.649 ms  0/179 (0%)  
[  8] 154.00-155.00 sec   245 KBytes  2.00 Mbits/sec  2.592 ms  0/179 (0%)  
[  8] 155.00-156.00 sec   228 KBytes  1.87 Mbits/sec  0.612 ms  4/171 (2.3%)  
[  8] 156.00-157.00 sec   246 KBytes  2.02 Mbits/sec  2.981 ms  4/184 (2.2%)  
[  8] 157.00-158.00 sec   234 KBytes  1.92 Mbits/sec  1.308 ms  0/171 (0%)  
[  8] 158.00-159.00 sec   246 KBytes  2.02 Mbits/sec  0.718 ms  0/180 (0%)  
[  8] 159.00-160.00 sec   257 KBytes  2.11 Mbits/sec  1.333 ms  0/188 (0%)  
[  8] 160.00-161.00 sec   241 KBytes  1.97 Mbits/sec  3.365 ms  0/176 (0%)  
[  8] 161.00-162.00 sec   246 KBytes  2.02 Mbits/sec  4.692 ms  0/180 (0%)  
[  8] 162.00-163.00 sec   239 KBytes  1.96 Mbits/sec  3.517 ms  2/177 (1.1%)  
[  8] 163.00-164.00 sec   247 KBytes  2.03 Mbits/sec  2.296 ms  1/182 (0.55%)  
[  8] 164.00-165.00 sec   231 KBytes  1.89 Mbits/sec  0.725 ms  1/170 (0.59%)  
[  8] 165.00-166.00 sec   256 KBytes  2.09 Mbits/sec  1.789 ms  0/187 (0%)  
[  8] 166.00-167.00 sec   231 KBytes  1.89 Mbits/sec  4.332 ms  0/169 (0%)  
[  8] 167.00-168.00 sec   171 KBytes  1.40 Mbits/sec  9.993 ms  6/131 (4.6%)  
[  8] 168.00-169.00 sec   141 KBytes  1.15 Mbits/sec  1.811 ms  132/235 (56%)  
[  8] 169.00-170.00 sec   245 KBytes  2.00 Mbits/sec  0.635 ms  0/179 (0%)  
[  8] 170.00-171.00 sec   241 KBytes  1.97 Mbits/sec  4.945 ms  0/176 (0%)  
[  8] 171.00-172.00 sec   241 KBytes  1.97 Mbits/sec  3.839 ms  0/176 (0%)  
[  8] 172.00-173.00 sec   250 KBytes  2.05 Mbits/sec  2.322 ms  0/183 (0%)  
[  8] 173.00-174.00 sec   241 KBytes  1.97 Mbits/sec  1.961 ms  0/176 (0%)  
[  8] 174.00-175.00 sec   247 KBytes  2.03 Mbits/sec  1.407 ms  0/181 (0%)  
[  8] 175.00-176.00 sec   245 KBytes  2.00 Mbits/sec  2.099 ms  0/179 (0%)  
[  8] 176.00-177.00 sec   243 KBytes  1.99 Mbits/sec  3.467 ms  0/178 (0%)  
[  8] 177.00-178.01 sec   123 KBytes  1.00 Mbits/sec  16.741 ms  0/90 (0%)  
[  8] 178.01-179.00 sec  56.1 KBytes   462 Kbits/sec  17.885 ms  0/41 (0%)  
[  8] 179.00-180.00 sec   301 KBytes  2.46 Mbits/sec  2.929 ms  184/404 (46%)  
[  8] 180.00-181.00 sec   246 KBytes  2.02 Mbits/sec  0.763 ms  0/180 (0%)  
[  8] 181.00-182.00 sec   245 KBytes  2.00 Mbits/sec  1.323 ms  0/179 (0%)  
[  8] 182.00-183.00 sec   230 KBytes  1.88 Mbits/sec  1.990 ms  3/171 (1.8%)  
[  8] 183.00-184.01 sec   254 KBytes  2.06 Mbits/sec  3.516 ms  0/186 (0%)  
[  8] 184.01-185.00 sec   242 KBytes  2.00 Mbits/sec  3.952 ms  0/177 (0%)  
[  8] 185.00-186.00 sec   246 KBytes  2.02 Mbits/sec  2.757 ms  0/180 (0%)  
[  8] 186.00-187.00 sec   241 KBytes  1.97 Mbits/sec  2.313 ms  2/178 (1.1%)  
[  8] 187.00-188.00 sec   235 KBytes  1.93 Mbits/sec  5.327 ms  4/176 (2.3%)  
[  8] 188.00-189.00 sec   234 KBytes  1.92 Mbits/sec  5.630 ms  0/171 (0%)  
[  8] 189.00-190.00 sec   108 KBytes   884 Kbits/sec  9.341 ms  0/79 (0%)  
[  8] 190.00-191.00 sec   283 KBytes  2.32 Mbits/sec  4.235 ms  76/283 (27%)  
[  8] 191.00-192.00 sec   139 KBytes  1.14 Mbits/sec  13.188 ms  0/102 (0%)  
[  8] 192.00-193.00 sec   242 KBytes  1.98 Mbits/sec  5.534 ms  82/259 (32%)  
[  8] 193.00-194.00 sec   246 KBytes  2.01 Mbits/sec  2.553 ms  0/180 (0%)  
[  8] 194.00-195.00 sec   243 KBytes  2.00 Mbits/sec  2.620 ms  0/178 (0%)  
[  8] 195.00-196.00 sec   241 KBytes  1.97 Mbits/sec  3.720 ms  0/176 (0%)  
[  8] 196.00-197.00 sec   247 KBytes  2.03 Mbits/sec  3.161 ms  1/182 (0.55%)  
[  8] 197.00-198.00 sec   245 KBytes  2.00 Mbits/sec  2.347 ms  0/179 (0%)  
[  8] 198.00-199.00 sec   243 KBytes  1.99 Mbits/sec  3.920 ms  0/178 (0%)  
[  8] 199.00-200.00 sec   241 KBytes  1.97 Mbits/sec  3.454 ms  1/177 (0.56%)  
[  8] 200.00-201.00 sec   243 KBytes  1.99 Mbits/sec  3.482 ms  2/180 (1.1%)  
[  8] 201.00-202.00 sec   243 KBytes  1.99 Mbits/sec  2.316 ms  0/178 (0%)  
[  8] 202.00-203.00 sec   246 KBytes  2.02 Mbits/sec  3.373 ms  0/180 (0%)  
[  8] 203.00-204.00 sec   241 KBytes  1.97 Mbits/sec  5.319 ms  0/176 (0%)  
[  8] 204.00-205.00 sec   246 KBytes  2.02 Mbits/sec  4.030 ms  0/180 (0%)  
[  8] 205.00-206.00 sec   243 KBytes  1.99 Mbits/sec  4.140 ms  0/178 (0%)  
[  8] 206.00-207.00 sec   245 KBytes  2.00 Mbits/sec  3.488 ms  0/179 (0%)  
[  8] 207.00-208.01 sec   238 KBytes  1.93 Mbits/sec  5.560 ms  4/178 (2.2%)  
[  8] 208.01-209.00 sec   245 KBytes  2.02 Mbits/sec  3.539 ms  0/179 (0%)  
[  8] 209.00-210.00 sec   243 KBytes  1.99 Mbits/sec  5.101 ms  0/178 (0%)  
[  8] 210.00-211.00 sec   243 KBytes  1.99 Mbits/sec  3.290 ms  0/178 (0%)  
[  8] 211.00-212.00 sec   241 KBytes  1.97 Mbits/sec  3.418 ms  2/178 (1.1%)  
[  8] 212.00-213.00 sec   247 KBytes  2.03 Mbits/sec  3.347 ms  0/181 (0%)  
[  8] 213.00-214.00 sec   232 KBytes  1.90 Mbits/sec  5.666 ms  0/170 (0%)  
[  8] 214.00-215.00 sec   254 KBytes  2.08 Mbits/sec  4.932 ms  0/186 (0%)  
[  8] 215.00-216.00 sec   242 KBytes  1.98 Mbits/sec  4.149 ms  0/177 (0%)  
[  8] 216.00-217.00 sec   245 KBytes  2.00 Mbits/sec  4.358 ms  0/179 (0%)  
[  8] 217.00-218.00 sec   228 KBytes  1.87 Mbits/sec  3.245 ms  12/179 (6.7%)  
[  8] 218.00-219.00 sec   182 KBytes  1.49 Mbits/sec  6.432 ms  0/133 (0%)  
[  8] 219.00-220.00 sec   230 KBytes  1.88 Mbits/sec  6.017 ms  2/170 (1.2%)  
[  8] 220.00-221.00 sec   185 KBytes  1.51 Mbits/sec  6.051 ms  0/135 (0%)  
[  8] 221.00-222.00 sec   323 KBytes  2.64 Mbits/sec  7.833 ms  36/272 (13%)  
[  8] 222.00-223.00 sec   243 KBytes  1.99 Mbits/sec  2.237 ms  6/184 (3.3%)  
[  8] 223.00-224.00 sec   246 KBytes  2.01 Mbits/sec  2.582 ms  0/180 (0%)  
[  8] 224.00-225.00 sec   243 KBytes  2.00 Mbits/sec  2.607 ms  0/178 (0%)  
[  8] 225.00-226.00 sec   237 KBytes  1.94 Mbits/sec  4.647 ms  4/177 (2.3%)  
[  8] 226.00-227.00 sec   247 KBytes  2.03 Mbits/sec  2.403 ms  0/181 (0%)  
[  8] 227.00-228.00 sec   243 KBytes  1.99 Mbits/sec  2.721 ms  0/178 (0%)  
[  8] 228.00-229.00 sec   241 KBytes  1.97 Mbits/sec  4.948 ms  0/176 (0%)  
[  8] 229.00-230.00 sec   246 KBytes  2.02 Mbits/sec  3.122 ms  0/180 (0%)  
[  8] 230.00-231.00 sec   245 KBytes  2.01 Mbits/sec  2.507 ms  0/179 (0%)  
[  8] 231.00-232.00 sec   231 KBytes  1.89 Mbits/sec  1.396 ms  4/173 (2.3%)  
[  8] 232.00-233.00 sec   252 KBytes  2.07 Mbits/sec  0.666 ms  0/184 (0%)  
[  8] 233.00-234.00 sec   239 KBytes  1.96 Mbits/sec  5.495 ms  4/179 (2.2%)  
[  8] 234.00-235.00 sec   243 KBytes  1.99 Mbits/sec  2.119 ms  0/178 (0%)  
[  8] 235.00-236.00 sec   243 KBytes  1.99 Mbits/sec  4.610 ms  0/178 (0%)  
[  8] 236.00-237.00 sec   243 KBytes  1.99 Mbits/sec  1.633 ms  0/178 (0%)  
[  8] 237.00-238.00 sec   242 KBytes  1.98 Mbits/sec  1.131 ms  0/177 (0%)  
[  8] 238.00-239.00 sec   213 KBytes  1.75 Mbits/sec  6.798 ms  0/156 (0%)  
[  8] 239.00-240.00 sec   275 KBytes  2.25 Mbits/sec  4.727 ms  4/205 (2%)  
[  8] 240.00-241.00 sec   241 KBytes  1.97 Mbits/sec  2.749 ms  0/176 (0%)  
[  8] 241.00-242.00 sec   232 KBytes  1.91 Mbits/sec  1.438 ms  0/170 (0%)  
[  8] 242.00-243.00 sec   247 KBytes  2.03 Mbits/sec  3.097 ms  8/189 (4.2%)  
[  8] 243.00-244.01 sec   241 KBytes  1.95 Mbits/sec  4.825 ms  0/176 (0%)  
[  8] 244.01-245.01 sec   246 KBytes  2.01 Mbits/sec  6.631 ms  0/180 (0%)  
[  8] 245.01-246.00 sec   230 KBytes  1.90 Mbits/sec  5.755 ms  5/173 (2.9%)  
[  8] 246.00-247.00 sec   249 KBytes  2.04 Mbits/sec  2.831 ms  0/182 (0%)  
[  8] 247.00-248.00 sec   246 KBytes  2.02 Mbits/sec  3.299 ms  1/181 (0.55%)  
[  8] 248.00-249.00 sec   205 KBytes  1.68 Mbits/sec  6.739 ms  2/152 (1.3%)  
[  8] 249.00-250.00 sec   204 KBytes  1.67 Mbits/sec  7.816 ms  7/156 (4.5%)  
[  8] 250.00-251.00 sec   149 KBytes  1.22 Mbits/sec  10.056 ms  14/123 (11%)  
[  8] 251.00-252.00 sec   171 KBytes  1.40 Mbits/sec  6.841 ms  7/132 (5.3%)  
[  8] 252.00-253.00 sec   183 KBytes  1.50 Mbits/sec  7.600 ms  29/163 (18%)  
[  8] 253.00-254.00 sec   257 KBytes  2.11 Mbits/sec  7.669 ms  27/215 (13%)  
[  8] 254.00-255.00 sec   241 KBytes  1.97 Mbits/sec  4.884 ms  0/176 (0%)  
[  8] 255.00-256.00 sec   313 KBytes  2.57 Mbits/sec  5.693 ms  5/234 (2.1%)  
[  8] 256.00-257.00 sec   247 KBytes  2.03 Mbits/sec  0.929 ms  73/254 (29%)  
[  8] 257.00-258.00 sec   245 KBytes  2.00 Mbits/sec  4.253 ms  0/179 (0%)  
[  8] 258.00-259.00 sec   245 KBytes  2.00 Mbits/sec  5.291 ms  0/179 (0%)  
[  8] 259.00-260.00 sec   246 KBytes  2.02 Mbits/sec  3.740 ms  0/180 (0%)  
[  8] 260.00-261.00 sec   243 KBytes  1.99 Mbits/sec  1.776 ms  0/178 (0%)  
[  8] 261.00-262.00 sec   230 KBytes  1.88 Mbits/sec  4.017 ms  3/171 (1.8%)  
[  8] 262.00-263.00 sec   201 KBytes  1.65 Mbits/sec  7.505 ms  20/167 (12%)  
[  8] 263.00-264.00 sec   243 KBytes  1.99 Mbits/sec  6.432 ms  4/182 (2.2%)  
[  8] 264.00-265.00 sec   239 KBytes  1.96 Mbits/sec  4.714 ms  2/177 (1.1%)  
[  8] 265.00-266.00 sec   226 KBytes  1.85 Mbits/sec  3.456 ms  5/170 (2.9%)  
[  8] 266.00-267.00 sec   267 KBytes  2.18 Mbits/sec  1.411 ms  8/203 (3.9%)  
[  8] 267.00-268.01 sec   247 KBytes  2.02 Mbits/sec  2.666 ms  0/181 (0%)  
[  8] 268.01-269.00 sec   243 KBytes  2.00 Mbits/sec  4.050 ms  0/178 (0%)  
[  8] 269.00-270.00 sec   230 KBytes  1.88 Mbits/sec  4.279 ms  2/170 (1.2%)  
[  8] 270.00-271.00 sec   185 KBytes  1.51 Mbits/sec  7.622 ms  3/138 (2.2%)  
[  8] 271.00-272.00 sec   202 KBytes  1.66 Mbits/sec  4.438 ms  0/148 (0%)  
[  8] 272.00-273.00 sec   150 KBytes  1.23 Mbits/sec  8.859 ms  0/110 (0%)  
[  8] 273.00-274.00 sec   123 KBytes  1.01 Mbits/sec  7.377 ms  2/92 (2.2%)  
[  8] 274.00-275.00 sec   120 KBytes   986 Kbits/sec  9.308 ms  2/90 (2.2%)  
[  8] 275.00-276.00 sec   338 KBytes  2.76 Mbits/sec  1.507 ms  257/504 (51%)  
[  8] 276.00-277.00 sec   243 KBytes  1.99 Mbits/sec  1.320 ms  0/178 (0%)  
[  8] 277.00-278.00 sec   242 KBytes  1.98 Mbits/sec  1.146 ms  0/177 (0%)  
[  8] 278.00-279.00 sec   243 KBytes  2.00 Mbits/sec  1.538 ms  0/178 (0%)  
[  8] 279.00-280.01 sec   247 KBytes  2.01 Mbits/sec  2.091 ms  0/181 (0%)  
[  8] 280.01-281.00 sec   238 KBytes  1.96 Mbits/sec  0.645 ms  3/177 (1.7%)  
[  8] 281.00-282.03 sec   238 KBytes  1.89 Mbits/sec  3.242 ms  0/174 (0%)  
[  8] 282.03-283.00 sec   241 KBytes  2.03 Mbits/sec  1.859 ms  7/183 (3.8%)  
[  8] 283.00-284.00 sec   243 KBytes  2.00 Mbits/sec  1.296 ms  0/178 (0%)  
[  8] 284.00-285.00 sec   246 KBytes  2.02 Mbits/sec  2.170 ms  0/180 (0%)  
[  8] 285.00-286.00 sec   245 KBytes  2.00 Mbits/sec  1.479 ms  0/179 (0%)  
[  8] 286.00-287.00 sec   239 KBytes  1.96 Mbits/sec  2.104 ms  0/175 (0%)  
[  8] 287.00-288.00 sec   175 KBytes  1.43 Mbits/sec  5.720 ms  0/128 (0%)  
[  8] 288.00-289.00 sec  82.0 KBytes   672 Kbits/sec  12.672 ms  0/60 (0%)  
[  8] 289.00-290.00 sec   291 KBytes  2.39 Mbits/sec  3.577 ms  137/350 (39%)  
[  8] 290.00-291.00 sec   241 KBytes  1.97 Mbits/sec  5.807 ms  0/176 (0%)  
[  8] 291.00-292.00 sec   249 KBytes  2.03 Mbits/sec  1.556 ms  1/183 (0.55%)  
[  8] 292.00-293.00 sec   238 KBytes  1.96 Mbits/sec  2.809 ms  0/174 (0%)  
[  8] 293.00-294.00 sec   230 KBytes  1.88 Mbits/sec  4.944 ms  5/173 (2.9%)  
[  8] 294.00-295.00 sec   252 KBytes  2.07 Mbits/sec  3.068 ms  4/188 (2.1%)  
[  8] 295.00-296.00 sec   242 KBytes  1.98 Mbits/sec  3.580 ms  0/177 (0%)  
[  8] 296.00-297.00 sec   242 KBytes  1.98 Mbits/sec  3.881 ms  1/178 (0.56%)  
[  8] 297.00-298.00 sec   246 KBytes  2.02 Mbits/sec  3.852 ms  0/180 (0%)  
[  8] 298.00-299.00 sec   243 KBytes  1.99 Mbits/sec  4.371 ms  0/178 (0%)  
[  8] 299.00-300.00 sec   243 KBytes  1.99 Mbits/sec  3.715 ms  0/178 (0%)  
[  8] 300.00-301.00 sec   246 KBytes  2.02 Mbits/sec  2.093 ms  0/180 (0%)  
[  8] 301.00-302.00 sec   223 KBytes  1.83 Mbits/sec  4.921 ms  12/175 (6.9%)  
[  8] 302.00-303.00 sec   246 KBytes  2.01 Mbits/sec  4.328 ms  1/181 (0.55%)  
[  8] 303.00-304.00 sec   246 KBytes  2.02 Mbits/sec  2.997 ms  0/180 (0%)  
[  8] 304.00-305.00 sec   245 KBytes  2.00 Mbits/sec  3.365 ms  0/179 (0%)  
[  8] 305.00-306.00 sec   245 KBytes  2.00 Mbits/sec  2.629 ms  0/179 (0%)  
[  8] 306.00-307.00 sec   243 KBytes  1.99 Mbits/sec  3.231 ms  0/178 (0%)  
[  8] 307.00-308.00 sec   243 KBytes  1.99 Mbits/sec  4.061 ms  0/178 (0%)  
[  8] 308.00-309.00 sec   245 KBytes  2.01 Mbits/sec  2.710 ms  0/179 (0%)  
[  8] 309.00-310.00 sec   245 KBytes  2.00 Mbits/sec  1.153 ms  0/179 (0%)  
[  8] 310.00-311.00 sec   239 KBytes  1.96 Mbits/sec  5.201 ms  2/177 (1.1%)  
[  8] 311.00-312.00 sec   239 KBytes  1.96 Mbits/sec  5.642 ms  4/179 (2.2%)  
[  8] 312.00-313.00 sec   235 KBytes  1.93 Mbits/sec  3.661 ms  0/172 (0%)  
[  8] 313.00-314.00 sec   253 KBytes  2.07 Mbits/sec  3.918 ms  0/185 (0%)  
[  8] 314.00-315.00 sec   243 KBytes  1.99 Mbits/sec  3.439 ms  0/178 (0%)  
[  8] 315.00-316.00 sec   238 KBytes  1.95 Mbits/sec  2.146 ms  0/174 (0%)  
[  8] 316.00-317.00 sec   242 KBytes  1.98 Mbits/sec  0.143 ms  1/178 (0.56%)  
[  8] 317.00-318.00 sec   252 KBytes  2.06 Mbits/sec  1.732 ms  1/185 (0.54%)  
[  8] 318.00-319.00 sec   241 KBytes  1.97 Mbits/sec  1.358 ms  0/176 (0%)  
[  8] 319.00-320.00 sec   246 KBytes  2.02 Mbits/sec  1.512 ms  0/180 (0%)  
[  8] 320.00-321.00 sec   246 KBytes  2.02 Mbits/sec  2.119 ms  0/180 (0%)  
[  8] 321.00-322.00 sec   231 KBytes  1.89 Mbits/sec  0.441 ms  0/169 (0%)  
[  8] 322.00-323.00 sec   253 KBytes  2.07 Mbits/sec  2.452 ms  0/185 (0%)  
[  8] 323.00-324.00 sec   231 KBytes  1.89 Mbits/sec  4.649 ms  1/170 (0.59%)  
[  8] 324.00-325.00 sec   153 KBytes  1.25 Mbits/sec  8.961 ms  0/112 (0%)  
[  8] 325.00-326.00 sec   278 KBytes  2.28 Mbits/sec  4.186 ms  52/255 (20%)  
[  8] 326.00-327.00 sec   246 KBytes  2.02 Mbits/sec  4.587 ms  0/180 (0%)  
[  8] 327.00-328.00 sec   243 KBytes  1.99 Mbits/sec  2.735 ms  0/178 (0%)  
[  8] 328.00-329.00 sec   245 KBytes  2.00 Mbits/sec  3.425 ms  1/180 (0.56%)  
[  8] 329.00-330.00 sec   242 KBytes  1.98 Mbits/sec  4.064 ms  0/177 (0%)  
[  8] 330.00-331.00 sec   228 KBytes  1.87 Mbits/sec  7.101 ms  4/171 (2.3%)  
[  8] 331.00-332.00 sec   243 KBytes  2.00 Mbits/sec  7.274 ms  0/178 (0%)  
[  8] 332.00-333.00 sec   185 KBytes  1.51 Mbits/sec  5.316 ms  0/135 (0%)  
[  8] 333.00-334.00 sec   152 KBytes  1.25 Mbits/sec  8.144 ms  0/111 (0%)  
[  8] 334.00-335.00 sec   294 KBytes  2.41 Mbits/sec  3.845 ms  76/291 (26%)  
[  8] 335.00-336.00 sec   252 KBytes  2.06 Mbits/sec  0.609 ms  0/184 (0%)  
[  8] 336.00-337.00 sec   241 KBytes  1.97 Mbits/sec  2.567 ms  1/177 (0.56%)  
[  8] 337.00-338.00 sec   243 KBytes  1.99 Mbits/sec  1.070 ms  0/178 (0%)  
[  8] 338.00-339.00 sec   249 KBytes  2.04 Mbits/sec  0.812 ms  0/182 (0%)  
[  8] 339.00-340.00 sec   247 KBytes  2.03 Mbits/sec  0.056 ms  0/181 (0%)  
[  8] 340.00-340.09 sec  21.9 KBytes  1.96 Mbits/sec  0.055 ms  0/16 (0%)  
- - - - - - - - - - - - - - - - - - - - - - - - -
[ ID] Interval           Transfer     Bitrate         Jitter    Lost/Total Datagrams
[  8]   0.00-340.09 sec  76.3 MBytes  1.88 Mbits/sec  0.055 ms  3533/60715 (5.8%)  receiver
