-----------------------------------------------------------
Server listening on 5201 (test #1)
-----------------------------------------------------------
Accepted connection from 10.0.0.23, port 35688
[  8] local 10.0.0.55 port 5201 connected to 10.0.0.23 port 60031
[ ID] Interval           Transfer     Bitrate         Jitter    Lost/Total Datagrams
[  8]   0.00-1.00   sec  58.8 KBytes   481 Kbits/sec  1.361 ms  0/43 (0%)  
[  8]   1.00-2.00   sec  45.1 KBytes   369 Kbits/sec  11.853 ms  13/46 (28%)  
[  8]   2.00-3.00   sec  57.4 KBytes   472 Kbits/sec  3.090 ms  1/43 (2.3%)  
[  8]   3.00-4.00   sec  62.9 KBytes   515 Kbits/sec  5.310 ms  0/46 (0%)  
[  8]   4.00-5.00   sec  58.8 KBytes   482 Kbits/sec  2.155 ms  0/43 (0%)  
[  8]   5.00-6.00   sec  64.3 KBytes   526 Kbits/sec  2.675 ms  0/47 (0%)  
[  8]   6.00-7.00   sec  60.2 KBytes   493 Kbits/sec  2.554 ms  0/44 (0%)  
[  8]   7.00-8.00   sec  61.5 KBytes   504 Kbits/sec  3.200 ms  0/45 (0%)  
[  8]   8.00-9.00   sec  60.2 KBytes   493 Kbits/sec  3.772 ms  0/44 (0%)  
[  8]   9.00-10.00  sec  60.2 KBytes   493 Kbits/sec  3.173 ms  0/44 (0%)  
[  8]  10.00-11.00  sec  62.9 KBytes   515 Kbits/sec  2.723 ms  0/46 (0%)  
[  8]  11.00-12.00  sec  58.8 KBytes   481 Kbits/sec  2.197 ms  1/44 (2.3%)  
[  8]  12.00-13.00  sec  61.5 KBytes   505 Kbits/sec  1.854 ms  0/45 (0%)  
[  8]  13.00-14.00  sec  61.5 KBytes   504 Kbits/sec  2.619 ms  0/45 (0%)  
[  8]  14.00-15.00  sec  61.5 KBytes   504 Kbits/sec  2.550 ms  0/45 (0%)  
[  8]  15.00-16.00  sec  60.2 KBytes   493 Kbits/sec  1.745 ms  0/44 (0%)  
[  8]  16.00-17.00  sec  61.5 KBytes   504 Kbits/sec  4.478 ms  0/45 (0%)  
[  8]  17.00-18.00  sec  61.5 KBytes   504 Kbits/sec  4.929 ms  0/45 (0%)  
[  8]  18.00-19.00  sec  60.2 KBytes   492 Kbits/sec  3.147 ms  0/44 (0%)  
[  8]  19.00-20.00  sec  61.5 KBytes   504 Kbits/sec  3.112 ms  0/45 (0%)  
[  8]  20.00-21.00  sec  57.4 KBytes   470 Kbits/sec  5.215 ms  1/43 (2.3%)  
[  8]  21.00-22.00  sec  61.5 KBytes   504 Kbits/sec  1.671 ms  1/46 (2.2%)  
[  8]  22.00-23.00  sec  61.5 KBytes   504 Kbits/sec  1.933 ms  0/45 (0%)  
[  8]  23.00-24.00  sec  60.2 KBytes   493 Kbits/sec  1.315 ms  0/44 (0%)  
[  8]  24.00-25.00  sec  61.5 KBytes   504 Kbits/sec  1.047 ms  0/45 (0%)  
[  8]  25.00-26.00  sec  58.8 KBytes   482 Kbits/sec  4.223 ms  1/44 (2.3%)  
[  8]  26.00-27.00  sec  61.5 KBytes   504 Kbits/sec  4.041 ms  0/45 (0%)  
[  8]  27.00-28.00  sec  61.5 KBytes   503 Kbits/sec  3.612 ms  0/45 (0%)  
[  8]  28.00-29.00  sec  60.2 KBytes   493 Kbits/sec  4.537 ms  0/44 (0%)  
[  8]  29.00-30.00  sec  61.5 KBytes   504 Kbits/sec  3.303 ms  0/45 (0%)  
[  8]  30.00-31.00  sec  61.5 KBytes   504 Kbits/sec  4.341 ms  0/45 (0%)  
[  8]  31.00-32.00  sec  60.2 KBytes   493 Kbits/sec  6.940 ms  0/44 (0%)  
[  8]  32.00-33.00  sec  60.2 KBytes   493 Kbits/sec  9.122 ms  0/44 (0%)  
[  8]  33.00-34.00  sec  62.9 KBytes   515 Kbits/sec  4.606 ms  0/46 (0%)  
[  8]  34.00-35.00  sec  60.2 KBytes   493 Kbits/sec  4.927 ms  0/44 (0%)  
[  8]  35.00-36.00  sec  60.2 KBytes   493 Kbits/sec  4.650 ms  1/45 (2.2%)  
[  8]  36.00-37.00  sec  38.3 KBytes   314 Kbits/sec  17.819 ms  0/28 (0%)  
[  8]  37.00-38.00  sec  82.0 KBytes   672 Kbits/sec  20.489 ms  0/60 (0%)  
[  8]  38.00-39.00  sec  62.9 KBytes   515 Kbits/sec  4.041 ms  0/46 (0%)  
[  8]  39.00-40.00  sec  61.5 KBytes   504 Kbits/sec  6.168 ms  0/45 (0%)  
[  8]  40.00-41.00  sec  58.8 KBytes   480 Kbits/sec  3.849 ms  1/44 (2.3%)  
[  8]  41.00-42.00  sec  61.5 KBytes   506 Kbits/sec  4.738 ms  0/45 (0%)  
[  8]  42.00-43.00  sec  58.8 KBytes   481 Kbits/sec  3.141 ms  0/43 (0%)  
[  8]  43.00-44.00  sec  61.5 KBytes   505 Kbits/sec  4.072 ms  0/45 (0%)  
[  8]  44.00-45.00  sec  61.5 KBytes   504 Kbits/sec  2.526 ms  0/45 (0%)  
[  8]  45.00-46.00  sec  62.9 KBytes   515 Kbits/sec  2.767 ms  0/46 (0%)  
[  8]  46.00-47.00  sec  60.2 KBytes   493 Kbits/sec  3.190 ms  0/44 (0%)  
[  8]  47.00-48.00  sec  61.5 KBytes   504 Kbits/sec  5.494 ms  0/45 (0%)  
[  8]  48.00-49.00  sec  58.8 KBytes   482 Kbits/sec  3.997 ms  1/44 (2.3%)  
[  8]  49.00-50.00  sec  60.2 KBytes   493 Kbits/sec  5.749 ms  0/44 (0%)  
[  8]  50.00-51.00  sec  61.5 KBytes   504 Kbits/sec  3.390 ms  0/45 (0%)  
[  8]  51.00-52.00  sec  61.5 KBytes   504 Kbits/sec  6.149 ms  0/45 (0%)  
[  8]  52.00-53.00  sec  61.5 KBytes   502 Kbits/sec  5.128 ms  0/45 (0%)  
[  8]  53.00-54.00  sec  61.5 KBytes   506 Kbits/sec  4.366 ms  0/45 (0%)  
[  8]  54.00-55.00  sec  60.2 KBytes   492 Kbits/sec  3.604 ms  0/44 (0%)  
[  8]  55.00-56.00  sec  56.1 KBytes   460 Kbits/sec  7.809 ms  2/43 (4.7%)  
[  8]  56.00-57.00  sec  62.9 KBytes   516 Kbits/sec  4.822 ms  0/46 (0%)  
[  8]  57.00-58.00  sec  61.5 KBytes   502 Kbits/sec  8.367 ms  0/45 (0%)  
[  8]  58.00-59.00  sec  60.2 KBytes   495 Kbits/sec  4.260 ms  0/44 (0%)  
[  8]  59.00-60.02  sec  58.8 KBytes   474 Kbits/sec  5.614 ms  2/45 (4.4%)  
[  8]  60.02-61.00  sec  61.5 KBytes   513 Kbits/sec  4.835 ms  0/45 (0%)  
[  8]  61.00-62.00  sec  56.1 KBytes   459 Kbits/sec  5.289 ms  1/42 (2.4%)  
[  8]  62.00-63.00  sec  62.9 KBytes   515 Kbits/sec  4.192 ms  0/46 (0%)  
[  8]  63.00-64.00  sec  19.1 KBytes   157 Kbits/sec  23.783 ms  21/35 (60%)  
[  8]  64.00-65.00  sec  23.2 KBytes   191 Kbits/sec  25.330 ms  20/37 (54%)  
[  8]  65.00-66.00  sec  28.7 KBytes   235 Kbits/sec  31.568 ms  6/27 (22%)  
[  8]  66.00-67.00  sec  17.8 KBytes   146 Kbits/sec  39.768 ms  18/31 (58%)  
[  8]  67.00-68.00  sec  12.3 KBytes   101 Kbits/sec  44.796 ms  27/36 (75%)  
[  8]  68.00-69.00  sec  9.57 KBytes  78.4 Kbits/sec  47.454 ms  37/44 (84%)  
[  8]  69.00-70.00  sec  17.8 KBytes   146 Kbits/sec  50.015 ms  35/48 (73%)  
[  8]  70.00-71.00  sec  21.9 KBytes   179 Kbits/sec  47.487 ms  47/63 (75%)  
[  8]  71.00-72.00  sec  45.1 KBytes   368 Kbits/sec  26.984 ms  21/54 (39%)  
[  8]  72.00-73.00  sec  84.8 KBytes   697 Kbits/sec  12.825 ms  9/71 (13%)  
[  8]  73.00-74.00  sec  61.5 KBytes   504 Kbits/sec  5.647 ms  1/46 (2.2%)  
[  8]  74.00-75.00  sec  58.8 KBytes   482 Kbits/sec  4.964 ms  2/45 (4.4%)  
[  8]  75.00-76.00  sec  61.5 KBytes   503 Kbits/sec  3.306 ms  0/45 (0%)  
[  8]  76.00-77.00  sec  60.2 KBytes   493 Kbits/sec  3.650 ms  0/44 (0%)  
[  8]  77.00-78.00  sec  61.5 KBytes   504 Kbits/sec  5.337 ms  0/45 (0%)  
[  8]  78.00-79.00  sec  60.2 KBytes   493 Kbits/sec  5.722 ms  1/45 (2.2%)  
[  8]  79.00-80.00  sec  58.8 KBytes   482 Kbits/sec  3.961 ms  0/43 (0%)  
[  8]  80.00-81.00  sec  61.5 KBytes   504 Kbits/sec  5.773 ms  0/45 (0%)  
[  8]  81.00-82.00  sec  61.5 KBytes   504 Kbits/sec  5.356 ms  0/45 (0%)  
[  8]  82.00-83.00  sec  56.1 KBytes   459 Kbits/sec  6.212 ms  1/42 (2.4%)  
[  8]  83.00-84.00  sec  62.9 KBytes   515 Kbits/sec  9.356 ms  1/47 (2.1%)  
[  8]  84.00-85.00  sec  60.2 KBytes   493 Kbits/sec  6.870 ms  1/45 (2.2%)  
[  8]  85.00-86.00  sec  60.2 KBytes   492 Kbits/sec  7.257 ms  1/45 (2.2%)  
[  8]  86.00-87.01  sec  58.8 KBytes   479 Kbits/sec  5.393 ms  1/44 (2.3%)  
[  8]  87.01-88.00  sec  60.2 KBytes   494 Kbits/sec  7.132 ms  1/45 (2.2%)  
[  8]  88.00-89.00  sec  60.2 KBytes   495 Kbits/sec  8.392 ms  0/44 (0%)  
[  8]  89.00-90.00  sec  58.8 KBytes   481 Kbits/sec  10.094 ms  1/44 (2.3%)  
[  8]  90.00-91.00  sec  56.1 KBytes   459 Kbits/sec  9.488 ms  3/44 (6.8%)  
[  8]  91.00-92.00  sec  64.3 KBytes   526 Kbits/sec  8.629 ms  0/47 (0%)  
[  8]  92.00-93.00  sec  60.2 KBytes   494 Kbits/sec  6.579 ms  0/44 (0%)  
[  8]  93.00-94.00  sec  61.5 KBytes   504 Kbits/sec  4.593 ms  0/45 (0%)  
[  8]  94.00-95.00  sec  60.2 KBytes   493 Kbits/sec  8.498 ms  0/44 (0%)  
[  8]  95.00-96.00  sec  62.9 KBytes   515 Kbits/sec  5.861 ms  0/46 (0%)  
[  8]  96.00-97.00  sec  58.8 KBytes   480 Kbits/sec  4.482 ms  1/44 (2.3%)  
[  8]  97.00-98.00  sec  54.7 KBytes   449 Kbits/sec  9.243 ms  3/43 (7%)  
[  8]  98.00-99.00  sec  56.1 KBytes   459 Kbits/sec  16.227 ms  1/42 (2.4%)  
[  8]  99.00-100.00 sec  53.3 KBytes   437 Kbits/sec  14.349 ms  8/47 (17%)  
[  8] 100.00-101.00 sec  42.4 KBytes   347 Kbits/sec  14.738 ms  9/40 (22%)  
[  8] 101.00-102.00 sec  52.0 KBytes   425 Kbits/sec  14.505 ms  7/45 (16%)  
[  8] 102.00-103.00 sec  54.7 KBytes   449 Kbits/sec  25.182 ms  9/49 (18%)  
[  8] 103.00-104.00 sec  57.4 KBytes   470 Kbits/sec  8.573 ms  4/46 (8.7%)  
[  8] 104.00-105.00 sec  57.4 KBytes   470 Kbits/sec  7.699 ms  1/43 (2.3%)  
[  8] 105.00-106.00 sec  64.3 KBytes   527 Kbits/sec  2.876 ms  0/47 (0%)  
[  8] 106.00-107.00 sec  60.2 KBytes   493 Kbits/sec  3.558 ms  0/44 (0%)  
[  8] 107.00-108.00 sec  61.5 KBytes   504 Kbits/sec  5.047 ms  0/45 (0%)  
[  8] 108.00-109.00 sec  61.5 KBytes   504 Kbits/sec  4.809 ms  0/45 (0%)  
[  8] 109.00-110.00 sec  60.2 KBytes   493 Kbits/sec  4.632 ms  0/44 (0%)  
[  8] 110.00-111.01 sec  45.1 KBytes   368 Kbits/sec  11.597 ms  11/44 (25%)  
[  8] 111.01-112.00 sec  60.2 KBytes   495 Kbits/sec  3.982 ms  1/45 (2.2%)  
[  8] 112.00-113.00 sec  61.5 KBytes   504 Kbits/sec  3.644 ms  0/45 (0%)  
[  8] 113.00-114.00 sec  61.5 KBytes   504 Kbits/sec  1.841 ms  0/45 (0%)  
[  8] 114.00-115.00 sec  49.2 KBytes   403 Kbits/sec  8.115 ms  2/38 (5.3%)  
[  8] 115.00-116.00 sec  64.3 KBytes   527 Kbits/sec  13.944 ms  1/48 (2.1%)  
[  8] 116.00-117.00 sec  58.8 KBytes   482 Kbits/sec  14.124 ms  4/47 (8.5%)  
[  8] 117.00-118.00 sec  50.6 KBytes   414 Kbits/sec  13.923 ms  6/43 (14%)  
[  8] 118.00-119.00 sec  52.0 KBytes   426 Kbits/sec  19.067 ms  9/47 (19%)  
[  8] 119.00-120.00 sec  54.7 KBytes   448 Kbits/sec  18.118 ms  4/44 (9.1%)  
[  8] 120.00-121.00 sec  58.8 KBytes   482 Kbits/sec  13.685 ms  1/44 (2.3%)  
[  8] 121.00-122.00 sec  57.4 KBytes   470 Kbits/sec  14.183 ms  4/46 (8.7%)  
[  8] 122.00-123.00 sec  56.1 KBytes   459 Kbits/sec  20.625 ms  2/43 (4.7%)  
[  8] 123.00-124.00 sec  61.5 KBytes   504 Kbits/sec  10.837 ms  1/46 (2.2%)  
[  8] 124.00-125.00 sec  56.1 KBytes   459 Kbits/sec  11.931 ms  1/42 (2.4%)  
[  8] 125.00-126.00 sec  61.5 KBytes   504 Kbits/sec  12.873 ms  2/47 (4.3%)  
[  8] 126.00-127.00 sec  60.2 KBytes   493 Kbits/sec  3.925 ms  2/46 (4.3%)  
[  8] 127.00-128.00 sec  60.2 KBytes   493 Kbits/sec  5.684 ms  0/44 (0%)  
[  8] 128.00-129.00 sec  61.5 KBytes   504 Kbits/sec  3.512 ms  0/45 (0%)  
[  8] 129.00-130.00 sec  58.8 KBytes   480 Kbits/sec  2.810 ms  0/43 (0%)  
[  8] 130.00-131.00 sec  57.4 KBytes   471 Kbits/sec  2.819 ms  1/43 (2.3%)  
[  8] 131.00-132.00 sec  60.2 KBytes   492 Kbits/sec  6.032 ms  0/44 (0%)  
[  8] 132.00-133.00 sec  46.5 KBytes   382 Kbits/sec  16.255 ms  3/37 (8.1%)  
[  8] 133.00-134.00 sec  67.0 KBytes   547 Kbits/sec  12.115 ms  5/54 (9.3%)  
[  8] 134.00-135.00 sec  62.9 KBytes   517 Kbits/sec  5.555 ms  0/46 (0%)  
[  8] 135.00-136.00 sec  61.5 KBytes   503 Kbits/sec  7.388 ms  0/45 (0%)  
[  8] 136.00-137.00 sec  60.2 KBytes   494 Kbits/sec  4.901 ms  1/45 (2.2%)  
[  8] 137.00-138.00 sec  60.2 KBytes   493 Kbits/sec  5.729 ms  0/44 (0%)  
[  8] 138.00-139.00 sec  57.4 KBytes   470 Kbits/sec  7.254 ms  3/45 (6.7%)  
[  8] 139.00-140.00 sec  61.5 KBytes   504 Kbits/sec  5.639 ms  0/45 (0%)  
[  8] 140.00-141.00 sec  60.2 KBytes   493 Kbits/sec  4.432 ms  0/44 (0%)  
[  8] 141.00-142.00 sec  61.5 KBytes   504 Kbits/sec  4.288 ms  0/45 (0%)  
[  8] 142.00-143.00 sec  61.5 KBytes   504 Kbits/sec  6.774 ms  0/45 (0%)  
[  8] 143.00-144.00 sec  60.2 KBytes   493 Kbits/sec  5.346 ms  0/44 (0%)  
[  8] 144.00-145.00 sec  61.5 KBytes   504 Kbits/sec  6.327 ms  0/45 (0%)  
[  8] 145.00-146.00 sec  61.5 KBytes   504 Kbits/sec  5.971 ms  0/45 (0%)  
[  8] 146.00-147.00 sec  60.2 KBytes   493 Kbits/sec  7.456 ms  0/44 (0%)  
[  8] 147.00-148.00 sec  57.4 KBytes   470 Kbits/sec  6.134 ms  0/42 (0%)  
[  8] 148.00-149.00 sec  62.9 KBytes   515 Kbits/sec  4.641 ms  2/48 (4.2%)  
[  8] 149.00-150.00 sec  58.8 KBytes   482 Kbits/sec  6.923 ms  0/43 (0%)  
[  8] 150.00-151.00 sec  53.3 KBytes   437 Kbits/sec  10.329 ms  6/45 (13%)  
[  8] 151.00-152.00 sec  61.5 KBytes   504 Kbits/sec  8.979 ms  0/45 (0%)  
[  8] 152.00-153.00 sec  61.5 KBytes   504 Kbits/sec  5.538 ms  0/45 (0%)  
[  8] 153.00-154.00 sec  61.5 KBytes   504 Kbits/sec  4.136 ms  0/45 (0%)  
[  8] 154.00-155.00 sec  58.8 KBytes   482 Kbits/sec  6.314 ms  1/44 (2.3%)  
[  8] 155.00-156.00 sec  49.2 KBytes   403 Kbits/sec  15.228 ms  0/36 (0%)  
[  8] 156.00-157.00 sec  39.6 KBytes   325 Kbits/sec  20.296 ms  4/33 (12%)  
[  8] 157.00-158.00 sec  30.1 KBytes   246 Kbits/sec  20.567 ms  5/27 (19%)  
[  8] 158.00-159.00 sec  57.4 KBytes   470 Kbits/sec  17.059 ms  4/46 (8.7%)  
[  8] 159.00-160.00 sec  46.5 KBytes   381 Kbits/sec  16.343 ms  9/43 (21%)  
[  8] 160.00-161.00 sec  71.1 KBytes   583 Kbits/sec  7.605 ms  31/83 (37%)  
[  8] 161.00-162.00 sec  61.5 KBytes   504 Kbits/sec  5.590 ms  0/45 (0%)  
[  8] 162.00-163.00 sec  61.5 KBytes   504 Kbits/sec  3.917 ms  0/45 (0%)  
[  8] 163.00-164.00 sec  56.1 KBytes   459 Kbits/sec  12.614 ms  2/43 (4.7%)  
[  8] 164.00-165.00 sec  46.5 KBytes   381 Kbits/sec  16.875 ms  9/43 (21%)  
[  8] 165.00-166.00 sec  35.5 KBytes   291 Kbits/sec  24.790 ms  19/45 (42%)  
[  8] 166.00-167.00 sec  49.2 KBytes   403 Kbits/sec  17.867 ms  5/41 (12%)  
[  8] 167.00-168.00 sec  68.4 KBytes   560 Kbits/sec  6.826 ms  1/51 (2%)  
[  8] 168.00-169.00 sec  56.1 KBytes   459 Kbits/sec  11.047 ms  1/42 (2.4%)  
[  8] 169.00-170.00 sec  56.1 KBytes   459 Kbits/sec  14.438 ms  5/46 (11%)  
[  8] 170.00-171.00 sec  57.4 KBytes   470 Kbits/sec  17.593 ms  1/43 (2.3%)  
[  8] 171.00-172.00 sec  60.2 KBytes   493 Kbits/sec  17.868 ms  2/46 (4.3%)  
[  8] 172.00-173.00 sec  57.4 KBytes   470 Kbits/sec  5.291 ms  3/45 (6.7%)  
[  8] 173.00-174.00 sec  47.9 KBytes   393 Kbits/sec  13.701 ms  2/37 (5.4%)  
[  8] 174.00-175.00 sec  39.6 KBytes   325 Kbits/sec  10.824 ms  0/29 (0%)  
[  8] 175.00-176.00 sec  91.6 KBytes   750 Kbits/sec  12.316 ms  2/69 (2.9%)  
[  8] 176.00-177.00 sec  61.5 KBytes   504 Kbits/sec  5.247 ms  0/45 (0%)  
[  8] 177.00-178.00 sec  53.3 KBytes   437 Kbits/sec  9.346 ms  0/39 (0%)  
[  8] 178.00-179.00 sec  31.4 KBytes   258 Kbits/sec  14.033 ms  10/33 (30%)  
[  8] 179.00-180.00 sec  24.6 KBytes   202 Kbits/sec  28.327 ms  0/18 (0%)  
[  8] 180.00-181.00 sec  13.7 KBytes   112 Kbits/sec  58.843 ms  14/24 (58%)  
[  8] 181.00-182.00 sec  16.4 KBytes   134 Kbits/sec  44.966 ms  32/44 (73%)  
[  8] 182.00-183.00 sec  15.0 KBytes   123 Kbits/sec  49.734 ms  11/22 (50%)  
[  8] 183.00-184.00 sec  8.20 KBytes  67.2 Kbits/sec  47.742 ms  30/36 (83%)  
[  8] 184.00-185.00 sec  61.5 KBytes   504 Kbits/sec  46.444 ms  92/137 (67%)  
[  8] 185.00-186.00 sec  54.7 KBytes   448 Kbits/sec  16.518 ms  0/40 (0%)  
[  8] 186.00-187.00 sec  34.2 KBytes   280 Kbits/sec  19.055 ms  0/25 (0%)  
[  8] 187.00-188.00 sec  34.2 KBytes   280 Kbits/sec  23.344 ms  1/26 (3.8%)  
[  8] 188.00-189.00 sec  73.8 KBytes   604 Kbits/sec  10.681 ms  37/91 (41%)  
[  8] 189.00-190.00 sec  60.2 KBytes   494 Kbits/sec  3.617 ms  0/44 (0%)  
[  8] 190.00-191.00 sec  62.9 KBytes   515 Kbits/sec  2.085 ms  0/46 (0%)  
[  8] 191.00-192.00 sec  58.8 KBytes   482 Kbits/sec  2.325 ms  0/43 (0%)  
[  8] 192.00-193.00 sec  58.8 KBytes   482 Kbits/sec  9.341 ms  2/45 (4.4%)  
[  8] 193.00-194.00 sec  61.5 KBytes   503 Kbits/sec  4.437 ms  0/45 (0%)  
[  8] 194.00-195.00 sec  57.4 KBytes   471 Kbits/sec  8.248 ms  2/44 (4.5%)  
[  8] 195.00-196.00 sec  61.5 KBytes   504 Kbits/sec  9.789 ms  0/45 (0%)  
[  8] 196.00-197.00 sec  58.8 KBytes   481 Kbits/sec  15.229 ms  1/44 (2.3%)  
[  8] 197.00-198.00 sec  56.1 KBytes   460 Kbits/sec  12.131 ms  0/41 (0%)  
[  8] 198.00-199.00 sec  43.8 KBytes   359 Kbits/sec  23.822 ms  3/35 (8.6%)  
[  8] 199.00-200.00 sec  46.5 KBytes   381 Kbits/sec  19.502 ms  6/40 (15%)  
[  8] 200.00-201.00 sec  53.3 KBytes   437 Kbits/sec  14.223 ms  1/40 (2.5%)  
[  8] 201.00-202.00 sec  68.4 KBytes   560 Kbits/sec  9.397 ms  0/50 (0%)  
[  8] 202.00-203.00 sec  64.3 KBytes   525 Kbits/sec  12.116 ms  17/64 (27%)  
[  8] 203.00-204.00 sec  60.2 KBytes   494 Kbits/sec  4.992 ms  0/44 (0%)  
[  8] 204.00-205.00 sec  61.5 KBytes   504 Kbits/sec  5.404 ms  0/45 (0%)  
[  8] 205.00-206.00 sec  60.2 KBytes   493 Kbits/sec  5.097 ms  0/44 (0%)  
[  8] 206.00-207.00 sec  61.5 KBytes   503 Kbits/sec  3.964 ms  0/45 (0%)  
[  8] 207.00-208.00 sec  61.5 KBytes   505 Kbits/sec  6.568 ms  0/45 (0%)  
[  8] 208.00-209.00 sec  60.2 KBytes   493 Kbits/sec  5.968 ms  0/44 (0%)  
[  8] 209.00-210.00 sec  61.5 KBytes   503 Kbits/sec  6.010 ms  0/45 (0%)  
[  8] 210.00-211.00 sec  60.2 KBytes   493 Kbits/sec  4.474 ms  0/44 (0%)  
[  8] 211.00-212.00 sec  58.8 KBytes   482 Kbits/sec  6.902 ms  1/44 (2.3%)  
[  8] 212.00-213.00 sec  61.5 KBytes   504 Kbits/sec  5.953 ms  0/45 (0%)  
[  8] 213.00-214.00 sec  61.5 KBytes   503 Kbits/sec  3.108 ms  0/45 (0%)  
[  8] 214.00-215.00 sec  61.5 KBytes   505 Kbits/sec  4.550 ms  0/45 (0%)  
[  8] 215.00-216.01 sec  60.2 KBytes   490 Kbits/sec  7.652 ms  0/44 (0%)  
[  8] 216.01-217.00 sec  58.8 KBytes   485 Kbits/sec  13.506 ms  2/45 (4.4%)  
[  8] 217.00-218.00 sec  60.2 KBytes   493 Kbits/sec  9.288 ms  0/44 (0%)  
[  8] 218.00-219.00 sec  62.9 KBytes   515 Kbits/sec  8.172 ms  0/46 (0%)  
[  8] 219.00-220.00 sec  58.8 KBytes   482 Kbits/sec  8.551 ms  0/43 (0%)  
[  8] 220.00-221.00 sec  62.9 KBytes   515 Kbits/sec  3.932 ms  0/46 (0%)  
[  8] 221.00-222.00 sec  60.2 KBytes   493 Kbits/sec  4.101 ms  0/44 (0%)  
[  8] 222.00-223.00 sec  61.5 KBytes   504 Kbits/sec  4.329 ms  0/45 (0%)  
[  8] 223.00-224.00 sec  61.5 KBytes   504 Kbits/sec  2.934 ms  0/45 (0%)  
[  8] 224.00-225.00 sec  60.2 KBytes   493 Kbits/sec  2.189 ms  0/44 (0%)  
[  8] 225.00-226.00 sec  61.5 KBytes   504 Kbits/sec  4.335 ms  0/45 (0%)  
[  8] 226.00-227.00 sec  60.2 KBytes   493 Kbits/sec  3.546 ms  0/44 (0%)  
[  8] 227.00-228.00 sec  62.9 KBytes   515 Kbits/sec  6.070 ms  0/46 (0%)  
[  8] 228.00-229.00 sec  60.2 KBytes   493 Kbits/sec  2.126 ms  0/44 (0%)  
[  8] 229.00-230.00 sec  60.2 KBytes   493 Kbits/sec  4.039 ms  0/44 (0%)  
[  8] 230.00-231.00 sec  61.5 KBytes   503 Kbits/sec  3.324 ms  0/45 (0%)  
[  8] 231.00-232.00 sec  60.2 KBytes   493 Kbits/sec  3.828 ms  0/44 (0%)  
[  8] 232.00-233.00 sec  62.9 KBytes   515 Kbits/sec  3.654 ms  0/46 (0%)  
[  8] 233.00-234.00 sec  60.2 KBytes   493 Kbits/sec  3.650 ms  0/44 (0%)  
[  8] 234.00-235.00 sec  61.5 KBytes   504 Kbits/sec  2.740 ms  0/45 (0%)  
[  8] 235.00-236.00 sec  61.5 KBytes   504 Kbits/sec  5.304 ms  0/45 (0%)  
[  8] 236.00-237.00 sec  60.2 KBytes   493 Kbits/sec  4.604 ms  0/44 (0%)  
[  8] 237.00-238.00 sec  41.0 KBytes   336 Kbits/sec  14.763 ms  12/42 (29%)  
[  8] 238.00-239.00 sec  32.8 KBytes   269 Kbits/sec  20.687 ms  20/44 (45%)  
[  8] 239.00-240.00 sec  26.0 KBytes   213 Kbits/sec  30.355 ms  20/39 (51%)  
[  8] 240.00-241.00 sec  50.6 KBytes   414 Kbits/sec  7.760 ms  16/53 (30%)  
[  8] 241.00-242.00 sec  61.5 KBytes   504 Kbits/sec  3.201 ms  0/45 (0%)  
[  8] 242.00-243.00 sec  52.0 KBytes   426 Kbits/sec  13.072 ms  5/43 (12%)  
[  8] 243.00-244.00 sec  39.6 KBytes   325 Kbits/sec  21.388 ms  15/44 (34%)  
[  8] 244.00-245.00 sec  42.4 KBytes   347 Kbits/sec  17.892 ms  16/47 (34%)  
[  8] 245.00-246.00 sec  61.5 KBytes   504 Kbits/sec  4.872 ms  0/45 (0%)  
[  8] 246.00-247.00 sec  42.4 KBytes   347 Kbits/sec  21.135 ms  2/33 (6.1%)  
[  8] 247.00-248.00 sec  26.0 KBytes   213 Kbits/sec  45.728 ms  24/43 (56%)  
[  8] 248.00-249.00 sec  24.6 KBytes   202 Kbits/sec  42.437 ms  23/41 (56%)  
[  8] 249.00-250.00 sec  35.5 KBytes   291 Kbits/sec  27.382 ms  6/32 (19%)  
[  8] 250.00-251.00 sec  52.0 KBytes   425 Kbits/sec  22.599 ms  5/43 (12%)  
[  8] 251.00-252.00 sec  87.5 KBytes   715 Kbits/sec  7.337 ms  10/74 (14%)  
[  8] 252.00-253.00 sec  61.5 KBytes   506 Kbits/sec  8.426 ms  0/45 (0%)  
[  8] 253.00-254.00 sec  52.0 KBytes   426 Kbits/sec  10.912 ms  5/43 (12%)  
[  8] 254.00-255.00 sec  58.8 KBytes   482 Kbits/sec  9.541 ms  3/46 (6.5%)  
[  8] 255.00-256.00 sec  62.9 KBytes   515 Kbits/sec  4.518 ms  0/46 (0%)  
[  8] 256.00-257.00 sec  61.5 KBytes   504 Kbits/sec  4.275 ms  0/45 (0%)  
[  8] 257.00-258.00 sec  58.8 KBytes   481 Kbits/sec  4.222 ms  0/43 (0%)  
[  8] 258.00-259.00 sec  61.5 KBytes   504 Kbits/sec  4.300 ms  1/46 (2.2%)  
[  8] 259.00-260.00 sec  61.5 KBytes   505 Kbits/sec  4.835 ms  0/45 (0%)  
[  8] 260.00-261.00 sec  57.4 KBytes   470 Kbits/sec  5.321 ms  0/42 (0%)  
[  8] 261.00-262.00 sec  41.0 KBytes   336 Kbits/sec  15.911 ms  0/30 (0%)  
[  8] 262.00-263.00 sec  83.4 KBytes   683 Kbits/sec  6.137 ms  0/61 (0%)  
[  8] 263.00-264.00 sec  32.8 KBytes   269 Kbits/sec  28.064 ms  14/38 (37%)  
[  8] 264.00-265.00 sec  35.5 KBytes   291 Kbits/sec  26.744 ms  21/47 (45%)  
[  8] 265.00-266.00 sec  39.6 KBytes   325 Kbits/sec  20.376 ms  8/37 (22%)  
[  8] 266.00-267.00 sec  23.2 KBytes   190 Kbits/sec  31.619 ms  0/17 (0%)  
[  8] 267.00-268.00 sec  15.0 KBytes   123 Kbits/sec  25.908 ms  26/37 (70%)  
[  8] 268.00-269.00 sec  12.3 KBytes   101 Kbits/sec  23.970 ms  32/41 (78%)  
[  8] 269.00-270.00 sec  21.9 KBytes   179 Kbits/sec  19.148 ms  36/52 (69%)  
[  8] 270.00-271.00 sec  39.6 KBytes   325 Kbits/sec  19.582 ms  35/64 (55%)  
[  8] 271.00-272.00 sec  28.7 KBytes   235 Kbits/sec  24.328 ms  2/23 (8.7%)  
[  8] 272.00-273.00 sec  36.9 KBytes   302 Kbits/sec  20.383 ms  0/27 (0%)  
[  8] 273.00-274.00 sec  38.3 KBytes   314 Kbits/sec  21.835 ms  0/28 (0%)  
[  8] 274.00-275.00 sec  34.2 KBytes   280 Kbits/sec  27.118 ms  1/26 (3.8%)  
[  8] 275.00-276.00 sec  28.7 KBytes   235 Kbits/sec  28.957 ms  1/22 (4.5%)  
[  8] 276.00-277.00 sec  31.4 KBytes   258 Kbits/sec  24.191 ms  16/39 (41%)  
[  8] 277.00-278.00 sec  30.1 KBytes   246 Kbits/sec  29.001 ms  19/41 (46%)  
[  8] 278.00-279.00 sec  35.5 KBytes   291 Kbits/sec  30.605 ms  31/57 (54%)  
[  8] 279.00-280.00 sec  31.4 KBytes   258 Kbits/sec  32.271 ms  26/49 (53%)  
[  8] 280.00-281.00 sec  35.5 KBytes   291 Kbits/sec  33.650 ms  17/43 (40%)  
[  8] 281.00-282.00 sec   103 KBytes   840 Kbits/sec  34.699 ms  83/158 (53%)  
[  8] 282.00-283.00 sec  49.2 KBytes   403 Kbits/sec  26.314 ms  1/37 (2.7%)  
[  8] 283.00-284.00 sec  47.9 KBytes   392 Kbits/sec  16.335 ms  18/53 (34%)  
[  8] 284.00-285.00 sec  62.9 KBytes   515 Kbits/sec  6.452 ms  1/47 (2.1%)  
[  8] 285.00-286.00 sec  61.5 KBytes   504 Kbits/sec  3.213 ms  0/45 (0%)  
[  8] 286.00-287.00 sec  56.1 KBytes   459 Kbits/sec  7.555 ms  0/41 (0%)  
[  8] 287.00-288.00 sec  57.4 KBytes   470 Kbits/sec  19.609 ms  5/47 (11%)  
[  8] 288.00-289.00 sec  54.7 KBytes   448 Kbits/sec  16.557 ms  5/45 (11%)  
[  8] 289.00-290.00 sec  60.2 KBytes   493 Kbits/sec  12.844 ms  1/45 (2.2%)  
[  8] 290.00-291.00 sec  61.5 KBytes   504 Kbits/sec  4.938 ms  0/45 (0%)  
[  8] 291.00-292.00 sec  60.2 KBytes   491 Kbits/sec  5.057 ms  0/44 (0%)  
[  8] 292.00-293.01 sec  61.5 KBytes   502 Kbits/sec  8.415 ms  0/45 (0%)  
[  8] 293.01-294.00 sec  60.2 KBytes   495 Kbits/sec  7.552 ms  0/44 (0%)  
[  8] 294.00-295.00 sec  61.5 KBytes   506 Kbits/sec  3.282 ms  0/45 (0%)  
[  8] 295.00-296.00 sec  61.5 KBytes   504 Kbits/sec  6.582 ms  0/45 (0%)  
[  8] 296.00-297.00 sec  61.5 KBytes   504 Kbits/sec  5.528 ms  0/45 (0%)  
[  8] 297.00-298.00 sec  60.2 KBytes   493 Kbits/sec  5.038 ms  0/44 (0%)  
[  8] 298.00-299.00 sec  61.5 KBytes   504 Kbits/sec  5.539 ms  0/45 (0%)  
[  8] 299.00-300.00 sec  61.5 KBytes   504 Kbits/sec  3.201 ms  0/45 (0%)  
[  8] 300.00-301.00 sec  60.2 KBytes   493 Kbits/sec  6.817 ms  0/44 (0%)  
[  8] 301.00-302.00 sec  61.5 KBytes   504 Kbits/sec  5.636 ms  0/45 (0%)  
[  8] 302.00-303.00 sec  58.8 KBytes   482 Kbits/sec  6.125 ms  1/44 (2.3%)  
[  8] 303.00-304.00 sec  61.5 KBytes   504 Kbits/sec  4.210 ms  0/45 (0%)  
[  8] 304.00-305.00 sec  57.4 KBytes   470 Kbits/sec  3.526 ms  0/42 (0%)  
[  8] 305.00-306.00 sec  64.3 KBytes   526 Kbits/sec  4.243 ms  0/47 (0%)  
[  8] 306.00-307.00 sec  61.5 KBytes   504 Kbits/sec  1.976 ms  0/45 (0%)  
[  8] 307.00-308.00 sec  61.5 KBytes   504 Kbits/sec  3.893 ms  0/45 (0%)  
[  8] 308.00-309.00 sec  53.3 KBytes   437 Kbits/sec  10.971 ms  3/42 (7.1%)  
[  8] 309.00-310.00 sec  50.6 KBytes   414 Kbits/sec  14.675 ms  6/43 (14%)  
[  8] 310.00-311.00 sec  23.2 KBytes   190 Kbits/sec  29.604 ms  20/37 (54%)  
[  8] 311.00-312.00 sec  41.0 KBytes   336 Kbits/sec  23.495 ms  8/38 (21%)  
[  8] 312.00-313.00 sec  80.7 KBytes   661 Kbits/sec  9.456 ms  4/63 (6.3%)  
[  8] 313.00-314.00 sec  58.8 KBytes   482 Kbits/sec  7.295 ms  2/45 (4.4%)  
[  8] 314.00-315.00 sec  60.2 KBytes   493 Kbits/sec  6.055 ms  0/44 (0%)  
[  8] 315.00-316.00 sec  61.5 KBytes   504 Kbits/sec  4.254 ms  0/45 (0%)  
[  8] 316.00-317.00 sec  61.5 KBytes   504 Kbits/sec  4.997 ms  0/45 (0%)  
[  8] 317.00-318.00 sec  38.3 KBytes   314 Kbits/sec  11.961 ms  13/41 (32%)  
[  8] 318.00-319.00 sec  46.5 KBytes   381 Kbits/sec  12.158 ms  14/48 (29%)  
[  8] 319.00-320.00 sec  61.5 KBytes   504 Kbits/sec  6.682 ms  0/45 (0%)  
[  8] 320.00-321.00 sec  60.2 KBytes   493 Kbits/sec  5.057 ms  0/44 (0%)  
[  8] 321.00-322.00 sec  52.0 KBytes   426 Kbits/sec  20.445 ms  3/41 (7.3%)  
[  8] 322.00-323.00 sec  32.8 KBytes   268 Kbits/sec  22.146 ms  2/26 (7.7%)  
[  8] 323.00-324.00 sec  36.9 KBytes   303 Kbits/sec  18.377 ms  2/29 (6.9%)  
[  8] 324.00-325.00 sec  84.8 KBytes   695 Kbits/sec  19.562 ms  19/81 (23%)  
[  8] 325.00-326.00 sec  57.4 KBytes   470 Kbits/sec  11.877 ms  2/44 (4.5%)  
[  8] 326.00-327.00 sec  58.8 KBytes   482 Kbits/sec  12.796 ms  3/46 (6.5%)  
[  8] 327.00-328.00 sec  60.2 KBytes   492 Kbits/sec  7.034 ms  1/45 (2.2%)  
[  8] 328.00-329.00 sec  61.5 KBytes   504 Kbits/sec  3.078 ms  0/45 (0%)  
[  8] 329.00-330.00 sec  61.5 KBytes   504 Kbits/sec  2.739 ms  0/45 (0%)  
[  8] 330.00-331.00 sec  61.5 KBytes   504 Kbits/sec  1.851 ms  0/45 (0%)  
[  8] 331.00-332.00 sec  58.8 KBytes   482 Kbits/sec  3.571 ms  0/43 (0%)  
[  8] 332.00-333.00 sec  60.2 KBytes   493 Kbits/sec  2.339 ms  0/44 (0%)  
[  8] 333.00-334.00 sec  57.4 KBytes   470 Kbits/sec  10.065 ms  3/45 (6.7%)  
[  8] 334.00-335.00 sec  61.5 KBytes   504 Kbits/sec  13.265 ms  1/46 (2.2%)  
[  8] 335.00-336.00 sec  60.2 KBytes   493 Kbits/sec  9.685 ms  0/44 (0%)  
[  8] 336.00-337.00 sec  50.6 KBytes   414 Kbits/sec  17.222 ms  4/41 (9.8%)  
[  8] 337.00-338.00 sec  27.3 KBytes   224 Kbits/sec  22.827 ms  4/24 (17%)  
[  8] 338.00-339.00 sec  21.9 KBytes   179 Kbits/sec  29.682 ms  10/26 (38%)  
[  8] 339.00-340.00 sec  35.5 KBytes   291 Kbits/sec  27.634 ms  21/47 (45%)  
[  8] 340.00-340.25 sec  12.3 KBytes   399 Kbits/sec  47.847 ms  32/41 (78%)  
- - - - - - - - - - - - - - - - - - - - - - - - -
[ ID] Interval           Transfer     Bitrate         Jitter    Lost/Total Datagrams
[  8]   0.00-340.25 sec  18.2 MBytes   449 Kbits/sec  47.847 ms  1524/15178 (10%)  receiver
