-----------------------------------------------------------
Server listening on 5201 (test #1)
-----------------------------------------------------------
Accepted connection from 10.0.0.86, port 36780
[  8] local 10.0.0.118 port 5201 connected to 10.0.0.86 port 34568
[ ID] Interval           Transfer     Bitrate         Jitter    Lost/Total Datagrams
[  8]   0.00-1.00   sec  61.5 KBytes   502 Kbits/sec  7.289 ms  0/45 (0%)  
[  8]   1.00-2.00   sec  60.2 KBytes   495 Kbits/sec  9.701 ms  0/44 (0%)  
[  8]   2.00-3.00   sec  58.8 KBytes   481 Kbits/sec  4.486 ms  0/43 (0%)  
[  8]   3.00-4.00   sec  64.3 KBytes   527 Kbits/sec  2.631 ms  0/47 (0%)  
[  8]   4.00-5.00   sec  60.2 KBytes   493 Kbits/sec  2.521 ms  0/44 (0%)  
[  8]   5.00-6.00   sec  60.2 KBytes   493 Kbits/sec  4.391 ms  0/44 (0%)  
[  8]   6.00-7.00   sec  58.8 KBytes   482 Kbits/sec  12.572 ms  2/45 (4.4%)  
[  8]   7.00-8.00   sec  58.8 KBytes   482 Kbits/sec  4.982 ms  2/45 (4.4%)  
[  8]   8.00-9.00   sec  58.8 KBytes   482 Kbits/sec  3.380 ms  2/45 (4.4%)  
[  8]   9.00-10.00  sec  60.2 KBytes   493 Kbits/sec  1.866 ms  0/44 (0%)  
[  8]  10.00-11.00  sec  61.5 KBytes   504 Kbits/sec  4.588 ms  0/45 (0%)  
[  8]  11.00-12.00  sec  61.5 KBytes   504 Kbits/sec  2.286 ms  0/45 (0%)  
[  8]  12.00-13.00  sec  60.2 KBytes   493 Kbits/sec  2.307 ms  0/44 (0%)  
[  8]  13.00-14.00  sec  61.5 KBytes   504 Kbits/sec  4.611 ms  0/45 (0%)  
[  8]  14.00-15.00  sec  60.2 KBytes   492 Kbits/sec  9.563 ms  0/44 (0%)  
[  8]  15.00-16.00  sec  49.2 KBytes   403 Kbits/sec  14.113 ms  0/36 (0%)  
[  8]  16.00-17.00  sec  60.2 KBytes   493 Kbits/sec  10.041 ms  0/44 (0%)  
[  8]  17.00-18.00  sec  53.3 KBytes   437 Kbits/sec  13.952 ms  1/40 (2.5%)  
[  8]  18.00-19.00  sec  72.5 KBytes   594 Kbits/sec  20.101 ms  1/54 (1.9%)  
[  8]  19.00-20.00  sec  68.4 KBytes   560 Kbits/sec  8.775 ms  0/50 (0%)  
[  8]  20.00-21.00  sec  60.2 KBytes   493 Kbits/sec  8.882 ms  0/44 (0%)  
[  8]  21.00-22.00  sec  60.2 KBytes   493 Kbits/sec  8.938 ms  0/44 (0%)  
[  8]  22.00-23.00  sec  61.5 KBytes   504 Kbits/sec  8.399 ms  0/45 (0%)  
[  8]  23.00-24.00  sec  61.5 KBytes   504 Kbits/sec  10.421 ms  0/45 (0%)  
[  8]  24.00-25.00  sec  61.5 KBytes   503 Kbits/sec  4.547 ms  0/45 (0%)  
[  8]  25.00-26.00  sec  60.2 KBytes   493 Kbits/sec  6.167 ms  0/44 (0%)  
[  8]  26.00-27.00  sec  60.2 KBytes   493 Kbits/sec  6.031 ms  0/44 (0%)  
[  8]  27.00-28.01  sec  62.9 KBytes   512 Kbits/sec  9.387 ms  0/46 (0%)  
[  8]  28.01-29.00  sec  50.6 KBytes   417 Kbits/sec  9.119 ms  2/39 (5.1%)  
[  8]  29.00-30.00  sec  46.5 KBytes   381 Kbits/sec  10.472 ms  1/35 (2.9%)  
[  8]  30.00-31.00  sec  56.1 KBytes   460 Kbits/sec  9.185 ms  1/42 (2.4%)  
[  8]  31.00-32.00  sec  71.1 KBytes   582 Kbits/sec  10.519 ms  0/52 (0%)  
[  8]  32.00-33.00  sec  46.5 KBytes   381 Kbits/sec  11.808 ms  0/34 (0%)  
[  8]  33.00-34.00  sec  39.6 KBytes   325 Kbits/sec  19.351 ms  0/29 (0%)  
[  8]  34.00-35.00  sec  80.7 KBytes   661 Kbits/sec  19.555 ms  23/82 (28%)  
[  8]  35.00-36.00  sec  60.2 KBytes   493 Kbits/sec  7.322 ms  0/44 (0%)  
[  8]  36.00-37.00  sec  60.2 KBytes   493 Kbits/sec  11.651 ms  0/44 (0%)  
[  8]  37.00-38.00  sec  60.2 KBytes   493 Kbits/sec  11.399 ms  1/45 (2.2%)  
[  8]  38.00-39.00  sec  61.5 KBytes   504 Kbits/sec  6.053 ms  0/45 (0%)  
[  8]  39.00-40.00  sec  60.2 KBytes   493 Kbits/sec  5.825 ms  1/45 (2.2%)  
[  8]  40.00-41.00  sec  60.2 KBytes   493 Kbits/sec  8.485 ms  0/44 (0%)  
[  8]  41.00-42.00  sec  47.9 KBytes   392 Kbits/sec  14.725 ms  0/35 (0%)  
[  8]  42.00-43.00  sec  73.8 KBytes   605 Kbits/sec  6.293 ms  0/54 (0%)  
[  8]  43.00-44.00  sec  57.4 KBytes   470 Kbits/sec  12.366 ms  3/45 (6.7%)  
[  8]  44.00-45.00  sec  61.5 KBytes   504 Kbits/sec  4.211 ms  0/45 (0%)  
[  8]  45.00-46.00  sec  60.2 KBytes   493 Kbits/sec  5.928 ms  0/44 (0%)  
[  8]  46.00-47.00  sec  60.2 KBytes   493 Kbits/sec  5.351 ms  0/44 (0%)  
[  8]  47.00-48.00  sec  61.5 KBytes   504 Kbits/sec  6.963 ms  1/46 (2.2%)  
[  8]  48.00-49.00  sec  60.2 KBytes   492 Kbits/sec  5.495 ms  0/44 (0%)  
[  8]  49.00-50.00  sec  57.4 KBytes   471 Kbits/sec  6.886 ms  0/42 (0%)  
[  8]  50.00-51.00  sec  42.4 KBytes   347 Kbits/sec  16.484 ms  8/39 (21%)  
[  8]  51.00-52.00  sec  41.0 KBytes   336 Kbits/sec  22.024 ms  0/30 (0%)  
[  8]  52.00-53.00  sec  30.1 KBytes   246 Kbits/sec  24.401 ms  0/22 (0%)  
[  8]  53.00-54.00  sec  24.6 KBytes   202 Kbits/sec  31.493 ms  2/20 (10%)  
[  8]  54.00-55.00  sec  27.3 KBytes   224 Kbits/sec  23.156 ms  12/32 (38%)  
[  8]  55.00-56.00  sec  32.8 KBytes   269 Kbits/sec  19.265 ms  20/44 (45%)  
[  8]  56.00-57.00  sec  49.2 KBytes   403 Kbits/sec  18.398 ms  24/60 (40%)  
[  8]  57.00-58.00  sec  47.9 KBytes   392 Kbits/sec  15.337 ms  10/45 (22%)  
[  8]  58.00-59.00  sec  31.4 KBytes   258 Kbits/sec  27.813 ms  13/36 (36%)  
[  8]  59.00-60.00  sec  26.0 KBytes   213 Kbits/sec  29.638 ms  10/29 (34%)  
[  8]  60.00-61.00  sec  32.8 KBytes   269 Kbits/sec  20.851 ms  27/51 (53%)  
[  8]  61.00-62.01  sec  71.1 KBytes   580 Kbits/sec  22.833 ms  24/76 (32%)  
[  8]  62.01-63.00  sec  64.3 KBytes   529 Kbits/sec  17.364 ms  6/53 (11%)  
[  8]  63.00-64.00  sec  67.0 KBytes   549 Kbits/sec  50.997 ms  42/91 (46%)  
[  8]  64.00-65.00  sec  42.4 KBytes   347 Kbits/sec  23.100 ms  0/31 (0%)  
[  8]  65.00-66.00  sec  32.8 KBytes   269 Kbits/sec  23.346 ms  0/24 (0%)  
[  8]  66.00-67.00  sec  58.8 KBytes   482 Kbits/sec  39.884 ms  36/79 (46%)  
[  8]  67.00-68.00  sec  61.5 KBytes   504 Kbits/sec  6.469 ms  0/45 (0%)  
[  8]  68.00-69.00  sec  61.5 KBytes   504 Kbits/sec  6.699 ms  0/45 (0%)  
[  8]  69.00-70.00  sec  60.2 KBytes   493 Kbits/sec  4.241 ms  0/44 (0%)  
[  8]  70.00-71.00  sec  61.5 KBytes   504 Kbits/sec  3.048 ms  0/45 (0%)  
[  8]  71.00-72.00  sec  57.4 KBytes   470 Kbits/sec  5.576 ms  1/43 (2.3%)  
[  8]  72.00-73.00  sec  61.5 KBytes   504 Kbits/sec  5.756 ms  0/45 (0%)  
[  8]  73.00-74.00  sec  58.8 KBytes   482 Kbits/sec  9.670 ms  2/45 (4.4%)  
[  8]  74.00-75.00  sec  61.5 KBytes   504 Kbits/sec  5.319 ms  0/45 (0%)  
[  8]  75.00-76.00  sec  61.5 KBytes   504 Kbits/sec  3.210 ms  0/45 (0%)  
[  8]  76.00-77.00  sec  60.2 KBytes   493 Kbits/sec  2.615 ms  0/44 (0%)  
[  8]  77.00-78.00  sec  60.2 KBytes   493 Kbits/sec  4.519 ms  1/45 (2.2%)  
[  8]  78.00-79.00  sec  60.2 KBytes   493 Kbits/sec  4.473 ms  0/44 (0%)  
[  8]  79.00-80.00  sec  61.5 KBytes   504 Kbits/sec  4.262 ms  0/45 (0%)  
[  8]  80.00-81.00  sec  60.2 KBytes   493 Kbits/sec  6.114 ms  0/44 (0%)  
[  8]  81.00-82.00  sec  62.9 KBytes   515 Kbits/sec  5.947 ms  0/46 (0%)  
[  8]  82.00-83.00  sec  60.2 KBytes   493 Kbits/sec  7.580 ms  0/44 (0%)  
[  8]  83.00-84.00  sec  61.5 KBytes   504 Kbits/sec  4.600 ms  0/45 (0%)  
[  8]  84.00-85.00  sec  60.2 KBytes   492 Kbits/sec  6.623 ms  0/44 (0%)  
[  8]  85.00-86.00  sec  61.5 KBytes   504 Kbits/sec  4.481 ms  0/45 (0%)  
[  8]  86.00-87.00  sec  61.5 KBytes   504 Kbits/sec  7.324 ms  0/45 (0%)  
[  8]  87.00-88.00  sec  60.2 KBytes   493 Kbits/sec  5.522 ms  0/44 (0%)  
[  8]  88.00-89.00  sec  58.8 KBytes   480 Kbits/sec  6.892 ms  2/45 (4.4%)  
[  8]  89.00-90.00  sec  61.5 KBytes   504 Kbits/sec  7.280 ms  0/45 (0%)  
[  8]  90.00-91.00  sec  58.8 KBytes   483 Kbits/sec  5.953 ms  1/44 (2.3%)  
[  8]  91.00-92.00  sec  58.8 KBytes   482 Kbits/sec  7.612 ms  2/45 (4.4%)  
[  8]  92.00-93.00  sec  61.5 KBytes   504 Kbits/sec  4.503 ms  0/45 (0%)  
[  8]  93.00-94.00  sec  57.4 KBytes   470 Kbits/sec  6.632 ms  1/43 (2.3%)  
[  8]  94.00-95.00  sec  62.9 KBytes   515 Kbits/sec  5.101 ms  0/46 (0%)  
[  8]  95.00-96.00  sec  58.8 KBytes   482 Kbits/sec  5.397 ms  1/44 (2.3%)  
[  8]  96.00-97.00  sec  61.5 KBytes   504 Kbits/sec  8.867 ms  0/45 (0%)  
[  8]  97.00-98.00  sec  46.5 KBytes   381 Kbits/sec  14.716 ms  0/34 (0%)  
[  8]  98.00-99.00  sec  50.6 KBytes   414 Kbits/sec  15.268 ms  19/56 (34%)  
[  8]  99.00-100.00 sec  60.2 KBytes   493 Kbits/sec  4.325 ms  0/44 (0%)  
[  8] 100.00-101.00 sec  60.2 KBytes   493 Kbits/sec  5.991 ms  0/44 (0%)  
[  8] 101.00-102.00 sec  61.5 KBytes   504 Kbits/sec  8.239 ms  0/45 (0%)  
[  8] 102.00-103.00 sec  45.1 KBytes   370 Kbits/sec  16.001 ms  1/34 (2.9%)  
[  8] 103.00-104.00 sec  49.2 KBytes   403 Kbits/sec  15.452 ms  3/39 (7.7%)  
[  8] 104.00-105.00 sec  47.9 KBytes   392 Kbits/sec  21.899 ms  4/39 (10%)  
[  8] 105.00-106.00 sec  77.9 KBytes   638 Kbits/sec  7.009 ms  10/67 (15%)  
[  8] 106.00-107.00 sec  60.2 KBytes   492 Kbits/sec  4.360 ms  0/44 (0%)  
[  8] 107.00-108.00 sec  61.5 KBytes   505 Kbits/sec  8.117 ms  0/45 (0%)  
[  8] 108.00-109.00 sec  60.2 KBytes   491 Kbits/sec  2.639 ms  0/44 (0%)  
[  8] 109.00-110.00 sec  61.5 KBytes   505 Kbits/sec  3.574 ms  0/45 (0%)  
[  8] 110.00-111.00 sec  60.2 KBytes   493 Kbits/sec  10.044 ms  0/44 (0%)  
[  8] 111.00-112.00 sec  60.2 KBytes   493 Kbits/sec  5.101 ms  2/46 (4.3%)  
[  8] 112.00-113.00 sec  61.5 KBytes   504 Kbits/sec  3.278 ms  0/45 (0%)  
[  8] 113.00-114.00 sec  60.2 KBytes   493 Kbits/sec  2.423 ms  0/44 (0%)  
[  8] 114.00-115.00 sec  60.2 KBytes   493 Kbits/sec  3.484 ms  0/44 (0%)  
[  8] 115.00-116.00 sec  58.8 KBytes   482 Kbits/sec  2.438 ms  0/43 (0%)  
[  8] 116.00-117.00 sec  62.9 KBytes   515 Kbits/sec  4.068 ms  0/46 (0%)  
[  8] 117.00-118.00 sec  61.5 KBytes   503 Kbits/sec  2.752 ms  0/45 (0%)  
[  8] 118.00-119.00 sec  24.6 KBytes   202 Kbits/sec  26.594 ms  1/19 (5.3%)  
[  8] 119.00-120.00 sec  34.2 KBytes   280 Kbits/sec  16.954 ms  7/32 (22%)  
[  8] 120.00-121.00 sec  53.3 KBytes   436 Kbits/sec  16.006 ms  7/46 (15%)  
[  8] 121.00-122.00 sec  46.5 KBytes   381 Kbits/sec  13.091 ms  12/46 (26%)  
[  8] 122.00-123.00 sec  79.3 KBytes   650 Kbits/sec  12.553 ms  23/81 (28%)  
[  8] 123.00-124.00 sec  57.4 KBytes   471 Kbits/sec  8.687 ms  0/42 (0%)  
[  8] 124.00-125.00 sec  60.2 KBytes   493 Kbits/sec  12.646 ms  1/45 (2.2%)  
[  8] 125.00-126.00 sec  62.9 KBytes   515 Kbits/sec  12.084 ms  0/46 (0%)  
[  8] 126.00-127.00 sec  61.5 KBytes   504 Kbits/sec  7.161 ms  0/45 (0%)  
[  8] 127.00-128.00 sec  60.2 KBytes   493 Kbits/sec  3.801 ms  1/45 (2.2%)  
[  8] 128.00-129.00 sec  60.2 KBytes   493 Kbits/sec  2.390 ms  0/44 (0%)  
[  8] 129.00-130.00 sec  60.2 KBytes   493 Kbits/sec  1.836 ms  0/44 (0%)  
[  8] 130.00-131.00 sec  61.5 KBytes   504 Kbits/sec  5.157 ms  0/45 (0%)  
[  8] 131.00-132.00 sec  45.1 KBytes   370 Kbits/sec  14.182 ms  11/44 (25%)  
[  8] 132.00-133.00 sec  61.5 KBytes   504 Kbits/sec  4.601 ms  1/46 (2.2%)  
[  8] 133.00-134.00 sec  61.5 KBytes   504 Kbits/sec  5.279 ms  0/45 (0%)  
[  8] 134.00-135.00 sec  60.2 KBytes   493 Kbits/sec  7.247 ms  0/44 (0%)  
[  8] 135.00-136.00 sec  60.2 KBytes   493 Kbits/sec  4.788 ms  0/44 (0%)  
[  8] 136.00-137.00 sec  58.8 KBytes   482 Kbits/sec  7.243 ms  1/44 (2.3%)  
[  8] 137.00-138.01 sec  56.1 KBytes   456 Kbits/sec  11.789 ms  4/45 (8.9%)  
[  8] 138.01-139.00 sec  60.2 KBytes   496 Kbits/sec  10.117 ms  0/44 (0%)  
[  8] 139.00-140.00 sec  62.9 KBytes   514 Kbits/sec  10.817 ms  0/46 (0%)  
[  8] 140.00-141.00 sec  61.5 KBytes   505 Kbits/sec  12.649 ms  0/45 (0%)  
[  8] 141.00-142.01 sec  58.8 KBytes   478 Kbits/sec  6.820 ms  1/44 (2.3%)  
[  8] 142.01-143.00 sec  39.6 KBytes   327 Kbits/sec  22.145 ms  0/29 (0%)  
[  8] 143.00-144.00 sec  83.4 KBytes   684 Kbits/sec  10.315 ms  0/61 (0%)  
[  8] 144.00-145.00 sec  60.2 KBytes   493 Kbits/sec  10.426 ms  0/44 (0%)  
[  8] 145.00-146.00 sec  58.8 KBytes   482 Kbits/sec  7.770 ms  2/45 (4.4%)  
[  8] 146.00-147.00 sec  61.5 KBytes   503 Kbits/sec  7.725 ms  0/45 (0%)  
[  8] 147.00-148.00 sec  61.5 KBytes   505 Kbits/sec  4.359 ms  0/45 (0%)  
[  8] 148.00-149.00 sec  58.8 KBytes   481 Kbits/sec  2.270 ms  0/43 (0%)  
[  8] 149.00-150.00 sec  64.3 KBytes   526 Kbits/sec  5.723 ms  0/47 (0%)  
[  8] 150.00-151.00 sec  60.2 KBytes   493 Kbits/sec  5.289 ms  0/44 (0%)  
[  8] 151.00-152.00 sec  60.2 KBytes   493 Kbits/sec  8.921 ms  1/45 (2.2%)  
[  8] 152.00-153.00 sec  57.4 KBytes   470 Kbits/sec  3.511 ms  1/43 (2.3%)  
[  8] 153.00-154.00 sec  60.2 KBytes   493 Kbits/sec  4.205 ms  0/44 (0%)  
[  8] 154.00-155.00 sec  64.3 KBytes   525 Kbits/sec  3.132 ms  0/47 (0%)  
[  8] 155.00-156.00 sec  60.2 KBytes   494 Kbits/sec  5.145 ms  0/44 (0%)  
[  8] 156.00-157.00 sec  58.8 KBytes   480 Kbits/sec  4.117 ms  1/44 (2.3%)  
[  8] 157.00-158.00 sec  61.5 KBytes   505 Kbits/sec  3.282 ms  0/45 (0%)  
[  8] 158.00-159.00 sec  60.2 KBytes   493 Kbits/sec  4.315 ms  1/45 (2.2%)  
[  8] 159.00-160.00 sec  60.2 KBytes   493 Kbits/sec  3.494 ms  1/45 (2.2%)  
[  8] 160.00-161.00 sec  60.2 KBytes   493 Kbits/sec  8.348 ms  0/44 (0%)  
[  8] 161.00-162.00 sec  61.5 KBytes   504 Kbits/sec  5.238 ms  0/45 (0%)  
[  8] 162.00-163.00 sec  61.5 KBytes   504 Kbits/sec  3.376 ms  0/45 (0%)  
[  8] 163.00-164.00 sec  57.4 KBytes   471 Kbits/sec  3.850 ms  2/44 (4.5%)  
[  8] 164.00-165.00 sec  61.5 KBytes   504 Kbits/sec  3.420 ms  0/45 (0%)  
[  8] 165.00-166.00 sec  60.2 KBytes   493 Kbits/sec  3.873 ms  0/44 (0%)  
[  8] 166.00-167.00 sec  61.5 KBytes   504 Kbits/sec  5.497 ms  0/45 (0%)  
[  8] 167.00-168.00 sec  53.3 KBytes   437 Kbits/sec  10.548 ms  0/39 (0%)  
[  8] 168.00-169.00 sec  24.6 KBytes   202 Kbits/sec  19.262 ms  10/28 (36%)  
[  8] 169.00-170.00 sec  62.9 KBytes   515 Kbits/sec  5.483 ms  21/67 (31%)  
[  8] 170.00-171.00 sec  61.5 KBytes   504 Kbits/sec  3.763 ms  0/45 (0%)  
[  8] 171.00-172.00 sec  60.2 KBytes   493 Kbits/sec  5.300 ms  0/44 (0%)  
[  8] 172.00-173.00 sec  61.5 KBytes   504 Kbits/sec  6.634 ms  0/45 (0%)  
[  8] 173.00-174.00 sec  61.5 KBytes   503 Kbits/sec  4.089 ms  0/45 (0%)  
[  8] 174.00-175.00 sec  60.2 KBytes   493 Kbits/sec  2.417 ms  0/44 (0%)  
[  8] 175.00-176.01 sec  61.5 KBytes   501 Kbits/sec  3.471 ms  0/45 (0%)  
[  8] 176.01-177.00 sec  61.5 KBytes   506 Kbits/sec  4.822 ms  0/45 (0%)  
[  8] 177.00-178.00 sec  53.3 KBytes   437 Kbits/sec  13.834 ms  0/39 (0%)  
[  8] 178.00-179.00 sec  41.0 KBytes   336 Kbits/sec  17.968 ms  0/30 (0%)  
[  8] 179.00-180.00 sec  87.5 KBytes   717 Kbits/sec  9.173 ms  0/64 (0%)  
[  8] 180.00-181.00 sec  61.5 KBytes   504 Kbits/sec  4.624 ms  0/45 (0%)  
[  8] 181.00-182.00 sec  61.5 KBytes   504 Kbits/sec  2.047 ms  0/45 (0%)  
[  8] 182.00-183.00 sec  61.5 KBytes   504 Kbits/sec  1.290 ms  0/45 (0%)  
[  8] 183.00-184.00 sec  60.2 KBytes   493 Kbits/sec  2.281 ms  0/44 (0%)  
[  8] 184.00-185.00 sec  60.2 KBytes   493 Kbits/sec  3.985 ms  0/44 (0%)  
[  8] 185.00-186.00 sec  61.5 KBytes   504 Kbits/sec  3.840 ms  0/45 (0%)  
[  8] 186.00-187.00 sec  61.5 KBytes   504 Kbits/sec  3.268 ms  0/45 (0%)  
[  8] 187.00-188.00 sec  61.5 KBytes   504 Kbits/sec  3.259 ms  0/45 (0%)  
[  8] 188.00-189.00 sec  60.2 KBytes   493 Kbits/sec  7.261 ms  0/44 (0%)  
[  8] 189.00-190.00 sec  49.2 KBytes   403 Kbits/sec  8.896 ms  0/36 (0%)  
[  8] 190.00-191.00 sec  73.8 KBytes   605 Kbits/sec  13.048 ms  0/54 (0%)  
[  8] 191.00-192.00 sec  52.0 KBytes   426 Kbits/sec  9.457 ms  0/38 (0%)  
[  8] 192.00-193.00 sec  53.3 KBytes   437 Kbits/sec  13.761 ms  0/39 (0%)  
[  8] 193.00-194.00 sec  75.2 KBytes   616 Kbits/sec  5.268 ms  2/57 (3.5%)  
[  8] 194.00-195.00 sec  60.2 KBytes   493 Kbits/sec  4.480 ms  0/44 (0%)  
[  8] 195.00-196.00 sec  60.2 KBytes   493 Kbits/sec  4.067 ms  0/44 (0%)  
[  8] 196.00-197.00 sec  62.9 KBytes   515 Kbits/sec  3.768 ms  0/46 (0%)  
[  8] 197.00-198.00 sec  60.2 KBytes   493 Kbits/sec  2.375 ms  0/44 (0%)  
[  8] 198.00-199.00 sec  60.2 KBytes   493 Kbits/sec  3.155 ms  0/44 (0%)  
[  8] 199.00-200.00 sec  62.9 KBytes   514 Kbits/sec  3.793 ms  0/46 (0%)  
[  8] 200.00-201.00 sec  58.8 KBytes   483 Kbits/sec  6.098 ms  1/44 (2.3%)  
[  8] 201.00-202.00 sec  60.2 KBytes   493 Kbits/sec  5.576 ms  0/44 (0%)  
[  8] 202.00-203.00 sec  61.5 KBytes   504 Kbits/sec  3.748 ms  0/45 (0%)  
[  8] 203.00-204.00 sec  61.5 KBytes   504 Kbits/sec  4.039 ms  0/45 (0%)  
[  8] 204.00-205.00 sec  61.5 KBytes   504 Kbits/sec  4.319 ms  0/45 (0%)  
[  8] 205.00-206.00 sec  60.2 KBytes   493 Kbits/sec  4.815 ms  0/44 (0%)  
[  8] 206.00-207.00 sec  61.5 KBytes   504 Kbits/sec  3.774 ms  0/45 (0%)  
[  8] 207.00-208.00 sec  61.5 KBytes   504 Kbits/sec  5.839 ms  0/45 (0%)  
[  8] 208.00-209.00 sec  60.2 KBytes   491 Kbits/sec  6.259 ms  0/44 (0%)  
[  8] 209.00-210.00 sec  60.2 KBytes   494 Kbits/sec  4.974 ms  1/45 (2.2%)  
[  8] 210.00-211.00 sec  60.2 KBytes   493 Kbits/sec  6.978 ms  0/44 (0%)  
[  8] 211.00-212.00 sec  61.5 KBytes   504 Kbits/sec  5.744 ms  0/45 (0%)  
[  8] 212.00-213.00 sec  61.5 KBytes   504 Kbits/sec  4.279 ms  0/45 (0%)  
[  8] 213.00-214.00 sec  60.2 KBytes   493 Kbits/sec  3.985 ms  0/44 (0%)  
[  8] 214.00-215.00 sec  61.5 KBytes   504 Kbits/sec  7.553 ms  0/45 (0%)  
[  8] 215.00-216.00 sec  60.2 KBytes   493 Kbits/sec  4.542 ms  0/44 (0%)  
[  8] 216.00-217.00 sec  61.5 KBytes   504 Kbits/sec  5.532 ms  0/45 (0%)  
[  8] 217.00-218.00 sec  60.2 KBytes   493 Kbits/sec  10.201 ms  1/45 (2.2%)  
[  8] 218.00-219.00 sec  52.0 KBytes   426 Kbits/sec  13.439 ms  2/40 (5%)  
[  8] 219.00-220.00 sec  49.2 KBytes   403 Kbits/sec  10.470 ms  1/37 (2.7%)  
[  8] 220.00-221.00 sec  50.6 KBytes   414 Kbits/sec  8.888 ms  0/37 (0%)  
[  8] 221.00-222.00 sec  47.9 KBytes   392 Kbits/sec  13.032 ms  0/35 (0%)  
[  8] 222.00-223.00 sec  84.8 KBytes   694 Kbits/sec  6.754 ms  12/74 (16%)  
[  8] 223.00-224.00 sec  61.5 KBytes   504 Kbits/sec  2.957 ms  0/45 (0%)  
[  8] 224.00-225.00 sec  60.2 KBytes   493 Kbits/sec  3.618 ms  0/44 (0%)  
[  8] 225.00-226.00 sec  60.2 KBytes   493 Kbits/sec  6.064 ms  1/45 (2.2%)  
[  8] 226.00-227.00 sec  61.5 KBytes   504 Kbits/sec  4.783 ms  0/45 (0%)  
[  8] 227.00-228.00 sec  60.2 KBytes   493 Kbits/sec  1.836 ms  0/44 (0%)  
[  8] 228.00-229.00 sec  61.5 KBytes   504 Kbits/sec  2.857 ms  0/45 (0%)  
[  8] 229.00-230.00 sec  60.2 KBytes   492 Kbits/sec  6.057 ms  0/44 (0%)  
[  8] 230.00-231.00 sec  61.5 KBytes   504 Kbits/sec  4.040 ms  0/45 (0%)  
[  8] 231.00-232.00 sec  60.2 KBytes   493 Kbits/sec  5.909 ms  1/45 (2.2%)  
[  8] 232.00-233.00 sec  61.5 KBytes   504 Kbits/sec  3.386 ms  0/45 (0%)  
[  8] 233.00-234.00 sec  60.2 KBytes   493 Kbits/sec  4.219 ms  0/44 (0%)  
[  8] 234.00-235.00 sec  61.5 KBytes   504 Kbits/sec  6.274 ms  0/45 (0%)  
[  8] 235.00-236.00 sec  60.2 KBytes   493 Kbits/sec  3.150 ms  0/44 (0%)  
[  8] 236.00-237.00 sec  61.5 KBytes   504 Kbits/sec  2.783 ms  0/45 (0%)  
[  8] 237.00-238.00 sec  61.5 KBytes   504 Kbits/sec  1.595 ms  0/45 (0%)  
[  8] 238.00-239.00 sec  56.1 KBytes   459 Kbits/sec  7.307 ms  1/42 (2.4%)  
[  8] 239.00-240.00 sec  61.5 KBytes   503 Kbits/sec  11.442 ms  0/45 (0%)  
[  8] 240.00-241.00 sec  62.9 KBytes   516 Kbits/sec  5.051 ms  0/46 (0%)  
[  8] 241.00-242.00 sec  60.2 KBytes   493 Kbits/sec  4.516 ms  0/44 (0%)  
[  8] 242.00-243.00 sec  58.8 KBytes   482 Kbits/sec  6.135 ms  0/43 (0%)  
[  8] 243.00-244.00 sec  62.9 KBytes   515 Kbits/sec  3.406 ms  0/46 (0%)  
[  8] 244.00-245.00 sec  61.5 KBytes   504 Kbits/sec  6.542 ms  0/45 (0%)  
[  8] 245.00-246.00 sec  60.2 KBytes   493 Kbits/sec  9.897 ms  0/44 (0%)  
[  8] 246.00-247.00 sec  62.9 KBytes   515 Kbits/sec  4.808 ms  0/46 (0%)  
[  8] 247.00-248.00 sec  61.5 KBytes   504 Kbits/sec  2.548 ms  0/45 (0%)  
[  8] 248.00-249.00 sec  54.7 KBytes   448 Kbits/sec  13.243 ms  1/41 (2.4%)  
[  8] 249.00-250.00 sec  52.0 KBytes   426 Kbits/sec  15.609 ms  1/39 (2.6%)  
[  8] 250.00-251.00 sec  42.4 KBytes   347 Kbits/sec  20.958 ms  0/31 (0%)  
[  8] 251.00-252.00 sec  38.3 KBytes   314 Kbits/sec  10.680 ms  7/35 (20%)  
[  8] 252.00-253.00 sec  39.6 KBytes   325 Kbits/sec  16.124 ms  7/36 (19%)  
[  8] 253.00-254.00 sec  64.3 KBytes   526 Kbits/sec  17.790 ms  9/56 (16%)  
[  8] 254.00-255.00 sec  57.4 KBytes   470 Kbits/sec  8.925 ms  0/42 (0%)  
[  8] 255.00-256.00 sec  72.5 KBytes   594 Kbits/sec  9.447 ms  0/53 (0%)  
[  8] 256.00-257.00 sec  72.5 KBytes   593 Kbits/sec  14.674 ms  16/69 (23%)  
[  8] 257.00-258.00 sec  61.5 KBytes   504 Kbits/sec  4.065 ms  0/45 (0%)  
[  8] 258.00-259.00 sec  60.2 KBytes   493 Kbits/sec  7.494 ms  0/44 (0%)  
[  8] 259.00-260.00 sec  58.8 KBytes   482 Kbits/sec  4.759 ms  0/43 (0%)  
[  8] 260.00-261.00 sec  62.9 KBytes   515 Kbits/sec  4.288 ms  0/46 (0%)  
[  8] 261.00-262.00 sec  60.2 KBytes   492 Kbits/sec  2.273 ms  0/44 (0%)  
[  8] 262.00-263.00 sec  61.5 KBytes   504 Kbits/sec  11.634 ms  0/45 (0%)  
[  8] 263.00-264.00 sec  53.3 KBytes   437 Kbits/sec  20.078 ms  1/40 (2.5%)  
[  8] 264.00-265.00 sec  62.9 KBytes   515 Kbits/sec  11.058 ms  1/47 (2.1%)  
[  8] 265.00-266.00 sec  52.0 KBytes   426 Kbits/sec  11.010 ms  0/38 (0%)  
[  8] 266.00-267.00 sec  67.0 KBytes   549 Kbits/sec  11.534 ms  4/53 (7.5%)  
[  8] 267.00-268.00 sec  62.9 KBytes   515 Kbits/sec  5.020 ms  0/46 (0%)  
[  8] 268.00-269.00 sec  61.5 KBytes   504 Kbits/sec  3.399 ms  0/45 (0%)  
[  8] 269.00-270.00 sec  61.5 KBytes   504 Kbits/sec  2.635 ms  0/45 (0%)  
[  8] 270.00-271.00 sec  49.2 KBytes   403 Kbits/sec  13.308 ms  1/37 (2.7%)  
[  8] 271.00-272.00 sec  49.2 KBytes   403 Kbits/sec  15.654 ms  1/37 (2.7%)  
[  8] 272.00-273.00 sec  42.4 KBytes   347 Kbits/sec  18.170 ms  0/31 (0%)  
[  8] 273.00-274.00 sec  31.4 KBytes   258 Kbits/sec  21.696 ms  1/24 (4.2%)  
[  8] 274.00-275.00 sec  28.7 KBytes   235 Kbits/sec  27.202 ms  0/21 (0%)  
[  8] 275.00-276.00 sec   135 KBytes  1.11 Mbits/sec  14.017 ms  17/116 (15%)  
[  8] 276.00-277.00 sec  62.9 KBytes   515 Kbits/sec  1.692 ms  0/46 (0%)  
[  8] 277.00-278.00 sec  61.5 KBytes   504 Kbits/sec  2.688 ms  0/45 (0%)  
[  8] 278.00-279.00 sec  60.2 KBytes   493 Kbits/sec  1.764 ms  0/44 (0%)  
[  8] 279.00-280.00 sec  61.5 KBytes   504 Kbits/sec  2.306 ms  0/45 (0%)  
[  8] 280.00-281.00 sec  58.8 KBytes   482 Kbits/sec  2.326 ms  0/43 (0%)  
[  8] 281.00-282.00 sec  62.9 KBytes   515 Kbits/sec  2.132 ms  0/46 (0%)  
[  8] 282.00-283.00 sec  61.5 KBytes   504 Kbits/sec  2.100 ms  0/45 (0%)  
[  8] 283.00-284.00 sec  61.5 KBytes   503 Kbits/sec  3.406 ms  0/45 (0%)  
[  8] 284.00-285.00 sec  60.2 KBytes   494 Kbits/sec  3.440 ms  0/44 (0%)  
[  8] 285.00-286.00 sec  61.5 KBytes   504 Kbits/sec  2.485 ms  0/45 (0%)  
[  8] 286.00-287.00 sec  60.2 KBytes   493 Kbits/sec  2.210 ms  0/44 (0%)  
[  8] 287.00-288.00 sec  56.1 KBytes   459 Kbits/sec  5.572 ms  0/41 (0%)  
[  8] 288.00-289.00 sec  36.9 KBytes   302 Kbits/sec  20.957 ms  0/27 (0%)  
[  8] 289.00-290.00 sec  61.5 KBytes   502 Kbits/sec  19.542 ms  21/66 (32%)  
[  8] 290.00-291.00 sec  60.2 KBytes   494 Kbits/sec  6.936 ms  0/44 (0%)  
[  8] 291.00-292.00 sec  61.5 KBytes   504 Kbits/sec  6.767 ms  1/46 (2.2%)  
[  8] 292.00-293.00 sec  60.2 KBytes   491 Kbits/sec  5.696 ms  0/44 (0%)  
[  8] 293.00-294.00 sec  58.8 KBytes   483 Kbits/sec  6.742 ms  1/44 (2.3%)  
[  8] 294.00-295.00 sec  61.5 KBytes   504 Kbits/sec  8.283 ms  1/46 (2.2%)  
[  8] 295.00-296.00 sec  60.2 KBytes   493 Kbits/sec  3.725 ms  0/44 (0%)  
[  8] 296.00-297.00 sec  61.5 KBytes   504 Kbits/sec  6.016 ms  0/45 (0%)  
[  8] 297.00-298.00 sec  60.2 KBytes   493 Kbits/sec  6.669 ms  0/44 (0%)  
[  8] 298.00-299.00 sec  61.5 KBytes   504 Kbits/sec  3.762 ms  0/45 (0%)  
[  8] 299.00-300.00 sec  60.2 KBytes   493 Kbits/sec  5.389 ms  0/44 (0%)  
[  8] 300.00-301.00 sec  61.5 KBytes   504 Kbits/sec  6.725 ms  0/45 (0%)  
[  8] 301.00-302.00 sec  58.8 KBytes   482 Kbits/sec  9.898 ms  2/45 (4.4%)  
[  8] 302.00-303.00 sec  60.2 KBytes   493 Kbits/sec  7.401 ms  0/44 (0%)  
[  8] 303.00-304.00 sec  61.5 KBytes   504 Kbits/sec  4.499 ms  0/45 (0%)  
[  8] 304.00-305.00 sec  61.5 KBytes   504 Kbits/sec  3.262 ms  0/45 (0%)  
[  8] 305.00-306.00 sec  60.2 KBytes   493 Kbits/sec  3.089 ms  0/44 (0%)  
[  8] 306.00-307.00 sec  61.5 KBytes   504 Kbits/sec  2.154 ms  0/45 (0%)  
[  8] 307.00-308.00 sec  61.5 KBytes   504 Kbits/sec  4.984 ms  0/45 (0%)  
[  8] 308.00-309.00 sec  58.8 KBytes   482 Kbits/sec  2.820 ms  0/43 (0%)  
[  8] 309.00-310.00 sec  61.5 KBytes   504 Kbits/sec  1.777 ms  0/45 (0%)  
[  8] 310.00-311.00 sec  61.5 KBytes   504 Kbits/sec  0.562 ms  0/45 (0%)  
[  8] 311.00-312.00 sec  61.5 KBytes   504 Kbits/sec  6.341 ms  0/45 (0%)  
[  8] 312.00-313.00 sec  61.5 KBytes   504 Kbits/sec  6.115 ms  0/45 (0%)  
[  8] 313.00-314.00 sec  61.5 KBytes   504 Kbits/sec  5.966 ms  0/45 (0%)  
[  8] 314.00-315.00 sec  61.5 KBytes   504 Kbits/sec  5.276 ms  0/45 (0%)  
[  8] 315.00-316.00 sec  60.2 KBytes   493 Kbits/sec  4.105 ms  0/44 (0%)  
[  8] 316.00-317.00 sec  58.8 KBytes   482 Kbits/sec  2.609 ms  0/43 (0%)  
[  8] 317.00-318.00 sec  64.3 KBytes   526 Kbits/sec  3.424 ms  0/47 (0%)  
[  8] 318.00-319.00 sec  60.2 KBytes   493 Kbits/sec  4.108 ms  0/44 (0%)  
[  8] 319.00-320.00 sec  60.2 KBytes   493 Kbits/sec  2.423 ms  0/44 (0%)  
[  8] 320.00-321.00 sec  61.5 KBytes   504 Kbits/sec  2.025 ms  0/45 (0%)  
[  8] 321.00-322.00 sec  60.2 KBytes   493 Kbits/sec  1.586 ms  0/44 (0%)  
[  8] 322.00-323.00 sec  61.5 KBytes   504 Kbits/sec  1.883 ms  0/45 (0%)  
[  8] 323.00-324.00 sec  61.5 KBytes   504 Kbits/sec  4.833 ms  0/45 (0%)  
[  8] 324.00-325.00 sec  46.5 KBytes   381 Kbits/sec  16.495 ms  0/34 (0%)  
[  8] 325.00-326.00 sec  68.4 KBytes   560 Kbits/sec  14.342 ms  0/50 (0%)  
[  8] 326.00-327.00 sec  68.4 KBytes   560 Kbits/sec  5.047 ms  0/50 (0%)  
[  8] 327.00-328.00 sec  61.5 KBytes   504 Kbits/sec  2.495 ms  0/45 (0%)  
[  8] 328.00-329.00 sec  60.2 KBytes   493 Kbits/sec  2.900 ms  0/44 (0%)  
[  8] 329.00-330.00 sec  60.2 KBytes   493 Kbits/sec  3.627 ms  0/44 (0%)  
[  8] 330.00-331.00 sec  60.2 KBytes   493 Kbits/sec  11.576 ms  1/45 (2.2%)  
[  8] 331.00-332.00 sec  60.2 KBytes   493 Kbits/sec  5.921 ms  0/44 (0%)  
[  8] 332.00-333.00 sec  50.6 KBytes   414 Kbits/sec  10.387 ms  0/37 (0%)  
[  8] 333.00-334.00 sec  39.6 KBytes   325 Kbits/sec  15.852 ms  0/29 (0%)  
[  8] 334.00-335.00 sec  72.5 KBytes   594 Kbits/sec  17.378 ms  16/69 (23%)  
[  8] 335.00-336.00 sec  61.5 KBytes   504 Kbits/sec  2.860 ms  0/45 (0%)  
[  8] 336.00-337.00 sec  60.2 KBytes   493 Kbits/sec  4.626 ms  0/44 (0%)  
[  8] 337.00-338.00 sec  61.5 KBytes   504 Kbits/sec  4.775 ms  0/45 (0%)  
[  8] 338.00-339.00 sec  61.5 KBytes   504 Kbits/sec  2.608 ms  0/45 (0%)  
[  8] 339.00-340.00 sec  61.5 KBytes   504 Kbits/sec  1.999 ms  0/45 (0%)  
- - - - - - - - - - - - - - - - - - - - - - - - -
[ ID] Interval           Transfer     Bitrate         Jitter    Lost/Total Datagrams
[  8]   0.00-340.01 sec  19.5 MBytes   481 Kbits/sec  1.999 ms  568/15179 (3.7%)  receiver
