-----------------------------------------------------------
Server listening on 5201 (test #1)
-----------------------------------------------------------
Accepted connection from 10.0.0.31, port 58786
[  8] local 10.0.0.63 port 5201 connected to 10.0.0.31 port 45075
[ ID] Interval           Transfer     Bitrate         Jitter    Lost/Total Datagrams
[  8]   0.00-1.00   sec  52.0 KBytes   426 Kbits/sec  7.061 ms  0/38 (0%)  
[  8]   1.00-2.00   sec  47.9 KBytes   392 Kbits/sec  11.285 ms  16/51 (31%)  
[  8]   2.00-3.00   sec  60.2 KBytes   493 Kbits/sec  2.722 ms  0/44 (0%)  
[  8]   3.00-4.00   sec  60.2 KBytes   493 Kbits/sec  4.800 ms  1/45 (2.2%)  
[  8]   4.00-5.00   sec  61.5 KBytes   504 Kbits/sec  3.072 ms  0/45 (0%)  
[  8]   5.00-6.00   sec  60.2 KBytes   493 Kbits/sec  2.433 ms  0/44 (0%)  
[  8]   6.00-7.00   sec  61.5 KBytes   504 Kbits/sec  1.939 ms  0/45 (0%)  
[  8]   7.00-8.00   sec  61.5 KBytes   504 Kbits/sec  2.506 ms  0/45 (0%)  
[  8]   8.00-9.00   sec  60.2 KBytes   493 Kbits/sec  4.217 ms  0/44 (0%)  
[  8]   9.00-10.00  sec  62.9 KBytes   515 Kbits/sec  3.279 ms  0/46 (0%)  
[  8]  10.00-11.00  sec  60.2 KBytes   493 Kbits/sec  2.726 ms  0/44 (0%)  
[  8]  11.00-12.00  sec  60.2 KBytes   493 Kbits/sec  2.451 ms  1/45 (2.2%)  
[  8]  12.00-13.00  sec  60.2 KBytes   493 Kbits/sec  1.515 ms  0/44 (0%)  
[  8]  13.00-14.00  sec  61.5 KBytes   504 Kbits/sec  2.419 ms  0/45 (0%)  
[  8]  14.00-15.00  sec  61.5 KBytes   504 Kbits/sec  1.962 ms  0/45 (0%)  
[  8]  15.00-16.00  sec  60.2 KBytes   492 Kbits/sec  3.821 ms  0/44 (0%)  
[  8]  16.00-17.00  sec  61.5 KBytes   505 Kbits/sec  2.754 ms  0/45 (0%)  
[  8]  17.00-18.00  sec  61.5 KBytes   503 Kbits/sec  3.260 ms  0/45 (0%)  
[  8]  18.00-19.00  sec  60.2 KBytes   494 Kbits/sec  2.194 ms  0/44 (0%)  
[  8]  19.00-20.00  sec  60.2 KBytes   493 Kbits/sec  1.694 ms  1/45 (2.2%)  
[  8]  20.00-21.00  sec  61.5 KBytes   504 Kbits/sec  6.210 ms  0/45 (0%)  
[  8]  21.00-22.00  sec  60.2 KBytes   493 Kbits/sec  1.495 ms  0/44 (0%)  
[  8]  22.00-23.00  sec  60.2 KBytes   493 Kbits/sec  1.228 ms  0/44 (0%)  
[  8]  23.00-24.00  sec  62.9 KBytes   515 Kbits/sec  0.973 ms  0/46 (0%)  
[  8]  24.00-25.00  sec  58.8 KBytes   482 Kbits/sec  3.255 ms  0/43 (0%)  
[  8]  25.00-26.00  sec  60.2 KBytes   493 Kbits/sec  5.375 ms  1/45 (2.2%)  
[  8]  26.00-27.00  sec  62.9 KBytes   515 Kbits/sec  4.456 ms  0/46 (0%)  
[  8]  27.00-28.00  sec  60.2 KBytes   493 Kbits/sec  4.200 ms  0/44 (0%)  
[  8]  28.00-29.00  sec  60.2 KBytes   492 Kbits/sec  3.843 ms  0/44 (0%)  
[  8]  29.00-30.00  sec  60.2 KBytes   493 Kbits/sec  4.201 ms  0/44 (0%)  
[  8]  30.00-31.00  sec  61.5 KBytes   504 Kbits/sec  5.397 ms  0/45 (0%)  
[  8]  31.00-32.00  sec  60.2 KBytes   493 Kbits/sec  4.843 ms  1/45 (2.2%)  
[  8]  32.00-33.00  sec  61.5 KBytes   504 Kbits/sec  7.038 ms  0/45 (0%)  
[  8]  33.00-34.00  sec  61.5 KBytes   504 Kbits/sec  5.629 ms  0/45 (0%)  
[  8]  34.00-35.00  sec  60.2 KBytes   493 Kbits/sec  3.631 ms  0/44 (0%)  
[  8]  35.00-36.00  sec  60.2 KBytes   493 Kbits/sec  3.089 ms  0/44 (0%)  
[  8]  36.00-37.00  sec  31.4 KBytes   258 Kbits/sec  25.170 ms  0/23 (0%)  
[  8]  37.00-38.00  sec  91.6 KBytes   750 Kbits/sec  13.393 ms  0/67 (0%)  
[  8]  38.00-39.00  sec  60.2 KBytes   493 Kbits/sec  2.489 ms  0/44 (0%)  
[  8]  39.00-40.00  sec  62.9 KBytes   515 Kbits/sec  4.455 ms  0/46 (0%)  
[  8]  40.00-41.00  sec  60.2 KBytes   493 Kbits/sec  5.248 ms  0/44 (0%)  
[  8]  41.00-42.00  sec  61.5 KBytes   504 Kbits/sec  3.350 ms  0/45 (0%)  
[  8]  42.00-43.00  sec  60.2 KBytes   493 Kbits/sec  3.463 ms  0/44 (0%)  
[  8]  43.00-44.00  sec  61.5 KBytes   504 Kbits/sec  2.853 ms  0/45 (0%)  
[  8]  44.00-45.00  sec  61.5 KBytes   504 Kbits/sec  3.270 ms  0/45 (0%)  
[  8]  45.00-46.00  sec  61.5 KBytes   502 Kbits/sec  3.837 ms  0/45 (0%)  
[  8]  46.00-47.00  sec  58.8 KBytes   483 Kbits/sec  7.093 ms  1/44 (2.3%)  
[  8]  47.00-48.00  sec  61.5 KBytes   504 Kbits/sec  5.802 ms  0/45 (0%)  
[  8]  48.00-49.00  sec  58.8 KBytes   482 Kbits/sec  5.321 ms  2/45 (4.4%)  
[  8]  49.00-50.00  sec  58.8 KBytes   482 Kbits/sec  6.788 ms  1/44 (2.3%)  
[  8]  50.00-51.00  sec  61.5 KBytes   504 Kbits/sec  5.921 ms  0/45 (0%)  
[  8]  51.00-52.00  sec  58.8 KBytes   482 Kbits/sec  5.048 ms  1/44 (2.3%)  
[  8]  52.00-53.00  sec  61.5 KBytes   504 Kbits/sec  6.197 ms  0/45 (0%)  
[  8]  53.00-54.00  sec  61.5 KBytes   504 Kbits/sec  5.399 ms  0/45 (0%)  
[  8]  54.00-55.00  sec  61.5 KBytes   504 Kbits/sec  3.981 ms  0/45 (0%)  
[  8]  55.00-56.00  sec  60.2 KBytes   493 Kbits/sec  7.359 ms  0/44 (0%)  
[  8]  56.00-57.00  sec  61.5 KBytes   504 Kbits/sec  5.158 ms  0/45 (0%)  
[  8]  57.00-58.00  sec  60.2 KBytes   493 Kbits/sec  6.493 ms  0/44 (0%)  
[  8]  58.00-59.00  sec  60.2 KBytes   493 Kbits/sec  5.566 ms  0/44 (0%)  
[  8]  59.00-60.00  sec  58.8 KBytes   482 Kbits/sec  6.880 ms  3/46 (6.5%)  
[  8]  60.00-61.00  sec  60.2 KBytes   493 Kbits/sec  4.006 ms  0/44 (0%)  
[  8]  61.00-62.00  sec  61.5 KBytes   504 Kbits/sec  4.683 ms  0/45 (0%)  
[  8]  62.00-63.00  sec  54.7 KBytes   448 Kbits/sec  11.525 ms  0/40 (0%)  
[  8]  63.00-64.00  sec  17.8 KBytes   146 Kbits/sec  30.896 ms  23/36 (64%)  
[  8]  64.00-65.00  sec  21.9 KBytes   179 Kbits/sec  22.356 ms  19/35 (54%)  
[  8]  65.00-66.00  sec  21.9 KBytes   179 Kbits/sec  27.246 ms  8/24 (33%)  
[  8]  66.00-67.00  sec  12.3 KBytes   101 Kbits/sec  32.102 ms  25/34 (74%)  
[  8]  67.00-68.00  sec  8.20 KBytes  67.2 Kbits/sec  49.998 ms  33/39 (85%)  
[  8]  68.00-69.00  sec  6.84 KBytes  55.9 Kbits/sec  48.063 ms  43/48 (90%)  
[  8]  69.00-70.00  sec  9.57 KBytes  78.4 Kbits/sec  68.794 ms  30/37 (81%)  
[  8]  70.00-71.00  sec  20.5 KBytes   168 Kbits/sec  54.310 ms  57/72 (79%)  
[  8]  71.00-72.01  sec  46.5 KBytes   379 Kbits/sec  16.499 ms  18/52 (35%)  
[  8]  72.01-73.02  sec  84.8 KBytes   687 Kbits/sec  12.473 ms  12/74 (16%)  
[  8]  73.02-74.00  sec  60.2 KBytes   500 Kbits/sec  8.875 ms  0/44 (0%)  
[  8]  74.00-75.00  sec  60.2 KBytes   493 Kbits/sec  4.087 ms  1/45 (2.2%)  
[  8]  75.00-76.00  sec  60.2 KBytes   493 Kbits/sec  3.245 ms  0/44 (0%)  
[  8]  76.00-77.00  sec  62.9 KBytes   515 Kbits/sec  5.915 ms  0/46 (0%)  
[  8]  77.00-78.00  sec  58.8 KBytes   482 Kbits/sec  6.512 ms  0/43 (0%)  
[  8]  78.00-79.00  sec  61.5 KBytes   504 Kbits/sec  4.980 ms  1/46 (2.2%)  
[  8]  79.00-80.00  sec  60.2 KBytes   493 Kbits/sec  4.887 ms  0/44 (0%)  
[  8]  80.00-81.00  sec  61.5 KBytes   504 Kbits/sec  4.550 ms  0/45 (0%)  
[  8]  81.00-82.00  sec  60.2 KBytes   493 Kbits/sec  5.578 ms  0/44 (0%)  
[  8]  82.00-83.00  sec  56.1 KBytes   459 Kbits/sec  8.783 ms  1/42 (2.4%)  
[  8]  83.00-84.00  sec  64.3 KBytes   527 Kbits/sec  9.100 ms  1/48 (2.1%)  
[  8]  84.00-85.00  sec  60.2 KBytes   492 Kbits/sec  8.596 ms  0/44 (0%)  
[  8]  85.00-86.00  sec  60.2 KBytes   494 Kbits/sec  8.512 ms  1/45 (2.2%)  
[  8]  86.00-87.00  sec  61.5 KBytes   504 Kbits/sec  5.139 ms  0/45 (0%)  
[  8]  87.00-88.00  sec  58.8 KBytes   481 Kbits/sec  5.196 ms  2/45 (4.4%)  
[  8]  88.00-89.00  sec  60.2 KBytes   493 Kbits/sec  5.451 ms  0/44 (0%)  
[  8]  89.00-90.00  sec  57.4 KBytes   470 Kbits/sec  11.297 ms  3/45 (6.7%)  
[  8]  90.00-91.00  sec  60.2 KBytes   493 Kbits/sec  11.230 ms  1/45 (2.2%)  
[  8]  91.00-92.00  sec  60.2 KBytes   492 Kbits/sec  8.084 ms  0/44 (0%)  
[  8]  92.00-93.00  sec  61.5 KBytes   504 Kbits/sec  7.385 ms  0/45 (0%)  
[  8]  93.00-94.00  sec  60.2 KBytes   493 Kbits/sec  6.141 ms  0/44 (0%)  
[  8]  94.00-95.00  sec  60.2 KBytes   491 Kbits/sec  11.049 ms  1/45 (2.2%)  
[  8]  95.00-96.00  sec  60.2 KBytes   495 Kbits/sec  4.586 ms  1/45 (2.2%)  
[  8]  96.00-97.00  sec  60.2 KBytes   493 Kbits/sec  5.793 ms  0/44 (0%)  
[  8]  97.00-98.00  sec  52.0 KBytes   426 Kbits/sec  11.985 ms  1/39 (2.6%)  
[  8]  98.00-99.00  sec  60.2 KBytes   493 Kbits/sec  17.535 ms  4/48 (8.3%)  
[  8]  99.00-100.00 sec  56.1 KBytes   459 Kbits/sec  16.407 ms  4/45 (8.9%)  
[  8] 100.00-101.00 sec  45.1 KBytes   370 Kbits/sec  15.433 ms  11/44 (25%)  
[  8] 101.00-102.00 sec  46.5 KBytes   381 Kbits/sec  14.237 ms  3/37 (8.1%)  
[  8] 102.00-103.00 sec  56.1 KBytes   459 Kbits/sec  20.475 ms  12/53 (23%)  
[  8] 103.00-104.00 sec  62.9 KBytes   515 Kbits/sec  9.302 ms  1/47 (2.1%)  
[  8] 104.00-105.00 sec  58.8 KBytes   482 Kbits/sec  5.534 ms  2/45 (4.4%)  
[  8] 105.00-106.00 sec  58.8 KBytes   482 Kbits/sec  4.060 ms  0/43 (0%)  
[  8] 106.00-107.00 sec  61.5 KBytes   504 Kbits/sec  4.055 ms  0/45 (0%)  
[  8] 107.00-108.00 sec  61.5 KBytes   504 Kbits/sec  5.501 ms  1/46 (2.2%)  
[  8] 108.00-109.00 sec  60.2 KBytes   493 Kbits/sec  5.210 ms  0/44 (0%)  
[  8] 109.00-110.00 sec  60.2 KBytes   493 Kbits/sec  6.692 ms  0/44 (0%)  
[  8] 110.00-111.00 sec  54.7 KBytes   448 Kbits/sec  11.120 ms  5/45 (11%)  
[  8] 111.00-112.00 sec  61.5 KBytes   504 Kbits/sec  5.785 ms  0/45 (0%)  
[  8] 112.00-113.00 sec  61.5 KBytes   504 Kbits/sec  3.922 ms  0/45 (0%)  
[  8] 113.00-114.00 sec  60.2 KBytes   493 Kbits/sec  3.152 ms  0/44 (0%)  
[  8] 114.00-115.00 sec  50.6 KBytes   414 Kbits/sec  11.814 ms  1/38 (2.6%)  
[  8] 115.00-116.00 sec  64.3 KBytes   527 Kbits/sec  14.919 ms  2/49 (4.1%)  
[  8] 116.00-117.00 sec  60.2 KBytes   493 Kbits/sec  14.546 ms  3/47 (6.4%)  
[  8] 117.00-118.00 sec  54.7 KBytes   448 Kbits/sec  17.589 ms  2/42 (4.8%)  
[  8] 118.00-119.00 sec  56.1 KBytes   459 Kbits/sec  17.688 ms  5/46 (11%)  
[  8] 119.00-120.00 sec  52.0 KBytes   426 Kbits/sec  16.417 ms  8/46 (17%)  
[  8] 120.00-121.00 sec  57.4 KBytes   470 Kbits/sec  14.033 ms  3/45 (6.7%)  
[  8] 121.00-122.00 sec  57.4 KBytes   470 Kbits/sec  16.901 ms  2/44 (4.5%)  
[  8] 122.00-123.00 sec  58.8 KBytes   482 Kbits/sec  14.748 ms  2/45 (4.4%)  
[  8] 123.00-124.00 sec  56.1 KBytes   459 Kbits/sec  16.484 ms  2/43 (4.7%)  
[  8] 124.00-125.00 sec  57.4 KBytes   471 Kbits/sec  14.991 ms  2/44 (4.5%)  
[  8] 125.00-126.00 sec  56.1 KBytes   459 Kbits/sec  15.024 ms  4/45 (8.9%)  
[  8] 126.00-127.00 sec  60.2 KBytes   493 Kbits/sec  4.230 ms  2/46 (4.3%)  
[  8] 127.00-128.00 sec  61.5 KBytes   504 Kbits/sec  4.996 ms  0/45 (0%)  
[  8] 128.00-129.00 sec  61.5 KBytes   504 Kbits/sec  4.178 ms  0/45 (0%)  
[  8] 129.00-130.00 sec  61.5 KBytes   504 Kbits/sec  5.105 ms  0/45 (0%)  
[  8] 130.00-131.00 sec  57.4 KBytes   470 Kbits/sec  6.309 ms  0/42 (0%)  
[  8] 131.00-132.00 sec  62.9 KBytes   514 Kbits/sec  8.002 ms  0/46 (0%)  
[  8] 132.00-133.00 sec  38.3 KBytes   314 Kbits/sec  16.971 ms  6/34 (18%)  
[  8] 133.00-134.00 sec  61.5 KBytes   503 Kbits/sec  11.288 ms  10/55 (18%)  
[  8] 134.00-135.00 sec  60.2 KBytes   493 Kbits/sec  5.620 ms  0/44 (0%)  
[  8] 135.00-136.00 sec  61.5 KBytes   504 Kbits/sec  5.492 ms  1/46 (2.2%)  
[  8] 136.00-137.00 sec  61.5 KBytes   503 Kbits/sec  5.307 ms  0/45 (0%)  
[  8] 137.00-138.00 sec  54.7 KBytes   449 Kbits/sec  7.623 ms  4/44 (9.1%)  
[  8] 138.00-139.00 sec  58.8 KBytes   482 Kbits/sec  6.028 ms  2/45 (4.4%)  
[  8] 139.00-140.00 sec  61.5 KBytes   504 Kbits/sec  5.543 ms  0/45 (0%)  
[  8] 140.00-141.00 sec  61.5 KBytes   504 Kbits/sec  4.316 ms  0/45 (0%)  
[  8] 141.00-142.00 sec  58.8 KBytes   481 Kbits/sec  3.124 ms  0/43 (0%)  
[  8] 142.00-143.00 sec  62.9 KBytes   516 Kbits/sec  4.723 ms  0/46 (0%)  
[  8] 143.00-144.00 sec  60.2 KBytes   493 Kbits/sec  5.204 ms  0/44 (0%)  
[  8] 144.00-145.00 sec  61.5 KBytes   504 Kbits/sec  4.472 ms  0/45 (0%)  
[  8] 145.00-146.00 sec  60.2 KBytes   493 Kbits/sec  5.958 ms  0/44 (0%)  
[  8] 146.00-147.00 sec  62.9 KBytes   515 Kbits/sec  5.949 ms  0/46 (0%)  
[  8] 147.00-148.00 sec  57.4 KBytes   470 Kbits/sec  12.045 ms  2/44 (4.5%)  
[  8] 148.00-149.00 sec  61.5 KBytes   504 Kbits/sec  3.366 ms  0/45 (0%)  
[  8] 149.00-150.00 sec  61.5 KBytes   504 Kbits/sec  8.141 ms  0/45 (0%)  
[  8] 150.00-151.00 sec  46.5 KBytes   381 Kbits/sec  11.914 ms  10/44 (23%)  
[  8] 151.00-152.00 sec  61.5 KBytes   504 Kbits/sec  7.362 ms  0/45 (0%)  
[  8] 152.00-153.00 sec  61.5 KBytes   504 Kbits/sec  5.392 ms  0/45 (0%)  
[  8] 153.00-154.00 sec  60.2 KBytes   493 Kbits/sec  5.580 ms  0/44 (0%)  
[  8] 154.00-155.00 sec  58.8 KBytes   482 Kbits/sec  5.558 ms  1/44 (2.3%)  
[  8] 155.00-156.00 sec  45.1 KBytes   370 Kbits/sec  14.311 ms  1/34 (2.9%)  
[  8] 156.00-157.00 sec  31.4 KBytes   258 Kbits/sec  22.981 ms  6/29 (21%)  
[  8] 157.00-158.00 sec  36.9 KBytes   302 Kbits/sec  17.925 ms  4/31 (13%)  
[  8] 158.00-159.00 sec  61.5 KBytes   504 Kbits/sec  14.221 ms  3/48 (6.2%)  
[  8] 159.00-160.00 sec  49.2 KBytes   403 Kbits/sec  40.418 ms  43/79 (54%)  
[  8] 160.00-161.00 sec  64.3 KBytes   526 Kbits/sec  5.895 ms  0/47 (0%)  
[  8] 161.00-162.01 sec  61.5 KBytes   501 Kbits/sec  5.634 ms  0/45 (0%)  
[  8] 162.01-163.00 sec  61.5 KBytes   507 Kbits/sec  3.218 ms  0/45 (0%)  
[  8] 163.00-164.00 sec  49.2 KBytes   403 Kbits/sec  15.533 ms  6/42 (14%)  
[  8] 164.00-165.00 sec  41.0 KBytes   336 Kbits/sec  15.262 ms  9/39 (23%)  
[  8] 165.00-166.00 sec  41.0 KBytes   336 Kbits/sec  20.630 ms  18/48 (38%)  
[  8] 166.00-167.00 sec  57.4 KBytes   470 Kbits/sec  16.041 ms  7/49 (14%)  
[  8] 167.00-168.00 sec  61.5 KBytes   504 Kbits/sec  4.266 ms  0/45 (0%)  
[  8] 168.00-169.00 sec  54.7 KBytes   448 Kbits/sec  16.280 ms  1/41 (2.4%)  
[  8] 169.00-170.00 sec  53.3 KBytes   437 Kbits/sec  13.803 ms  5/44 (11%)  
[  8] 170.00-171.00 sec  61.5 KBytes   504 Kbits/sec  14.941 ms  1/46 (2.2%)  
[  8] 171.00-172.00 sec  56.1 KBytes   459 Kbits/sec  16.367 ms  7/48 (15%)  
[  8] 172.00-173.00 sec  60.2 KBytes   493 Kbits/sec  6.713 ms  0/44 (0%)  
[  8] 173.00-174.00 sec  39.6 KBytes   325 Kbits/sec  16.437 ms  2/31 (6.5%)  
[  8] 174.00-175.00 sec  45.1 KBytes   370 Kbits/sec  10.933 ms  0/33 (0%)  
[  8] 175.00-176.00 sec  90.2 KBytes   739 Kbits/sec  9.793 ms  4/70 (5.7%)  
[  8] 176.00-177.00 sec  61.5 KBytes   504 Kbits/sec  4.924 ms  0/45 (0%)  
[  8] 177.00-178.00 sec  54.7 KBytes   448 Kbits/sec  13.174 ms  0/40 (0%)  
[  8] 178.00-179.00 sec  19.1 KBytes   157 Kbits/sec  21.890 ms  15/29 (52%)  
[  8] 179.00-180.00 sec  21.9 KBytes   179 Kbits/sec  37.801 ms  0/16 (0%)  
[  8] 180.00-181.00 sec  9.57 KBytes  78.5 Kbits/sec  62.154 ms  31/38 (82%)  
[  8] 181.00-182.00 sec  12.3 KBytes   101 Kbits/sec  49.011 ms  23/32 (72%)  
[  8] 182.00-183.00 sec  13.7 KBytes   112 Kbits/sec  48.608 ms  6/16 (38%)  
[  8] 183.00-184.00 sec  8.20 KBytes  67.2 Kbits/sec  55.991 ms  34/40 (85%)  
[  8] 184.00-185.00 sec  72.5 KBytes   594 Kbits/sec  28.661 ms  93/146 (64%)  
[  8] 185.00-186.00 sec  43.8 KBytes   358 Kbits/sec  19.040 ms  0/32 (0%)  
[  8] 186.00-187.00 sec  38.3 KBytes   314 Kbits/sec  18.938 ms  0/28 (0%)  
[  8] 187.00-188.00 sec  34.2 KBytes   280 Kbits/sec  36.883 ms  11/36 (31%)  
[  8] 188.00-189.00 sec  73.8 KBytes   605 Kbits/sec  9.992 ms  29/83 (35%)  
[  8] 189.00-190.00 sec  60.2 KBytes   493 Kbits/sec  3.868 ms  0/44 (0%)  
[  8] 190.00-191.00 sec  61.5 KBytes   504 Kbits/sec  2.376 ms  0/45 (0%)  
[  8] 191.00-192.00 sec  57.4 KBytes   470 Kbits/sec  5.436 ms  0/42 (0%)  
[  8] 192.00-193.00 sec  57.4 KBytes   471 Kbits/sec  10.102 ms  4/46 (8.7%)  
[  8] 193.00-194.00 sec  58.8 KBytes   481 Kbits/sec  6.970 ms  1/44 (2.3%)  
[  8] 194.00-195.00 sec  58.8 KBytes   482 Kbits/sec  10.491 ms  1/44 (2.3%)  
[  8] 195.00-196.00 sec  60.2 KBytes   493 Kbits/sec  11.187 ms  2/46 (4.3%)  
[  8] 196.00-197.00 sec  61.5 KBytes   504 Kbits/sec  13.073 ms  0/45 (0%)  
[  8] 197.00-198.00 sec  53.3 KBytes   437 Kbits/sec  9.967 ms  0/39 (0%)  
[  8] 198.00-199.00 sec  41.0 KBytes   336 Kbits/sec  25.767 ms  6/36 (17%)  
[  8] 199.00-200.00 sec  50.6 KBytes   414 Kbits/sec  18.810 ms  2/39 (5.1%)  
[  8] 200.00-201.01 sec  57.4 KBytes   464 Kbits/sec  12.442 ms  3/45 (6.7%)  
[  8] 201.01-202.00 sec  61.5 KBytes   511 Kbits/sec  10.162 ms  3/48 (6.2%)  
[  8] 202.00-203.00 sec  67.0 KBytes   549 Kbits/sec  7.580 ms  13/62 (21%)  
[  8] 203.00-204.00 sec  60.2 KBytes   493 Kbits/sec  4.474 ms  0/44 (0%)  
[  8] 204.00-205.00 sec  60.2 KBytes   493 Kbits/sec  6.158 ms  1/45 (2.2%)  
[  8] 205.00-206.00 sec  61.5 KBytes   504 Kbits/sec  4.193 ms  0/45 (0%)  
[  8] 206.00-207.00 sec  60.2 KBytes   493 Kbits/sec  3.805 ms  0/44 (0%)  
[  8] 207.00-208.00 sec  60.2 KBytes   493 Kbits/sec  5.314 ms  0/44 (0%)  
[  8] 208.00-209.00 sec  62.9 KBytes   515 Kbits/sec  4.335 ms  0/46 (0%)  
[  8] 209.00-210.00 sec  60.2 KBytes   493 Kbits/sec  4.753 ms  0/44 (0%)  
[  8] 210.00-211.00 sec  61.5 KBytes   504 Kbits/sec  4.552 ms  0/45 (0%)  
[  8] 211.00-212.00 sec  58.8 KBytes   482 Kbits/sec  6.646 ms  1/44 (2.3%)  
[  8] 212.00-213.00 sec  61.5 KBytes   504 Kbits/sec  5.141 ms  0/45 (0%)  
[  8] 213.00-214.00 sec  60.2 KBytes   493 Kbits/sec  6.272 ms  0/44 (0%)  
[  8] 214.00-215.00 sec  61.5 KBytes   504 Kbits/sec  6.849 ms  0/45 (0%)  
[  8] 215.00-216.00 sec  61.5 KBytes   503 Kbits/sec  9.480 ms  0/45 (0%)  
[  8] 216.00-217.00 sec  58.8 KBytes   482 Kbits/sec  8.639 ms  2/45 (4.4%)  
[  8] 217.00-218.00 sec  60.2 KBytes   493 Kbits/sec  7.403 ms  0/44 (0%)  
[  8] 218.00-219.00 sec  61.5 KBytes   504 Kbits/sec  6.432 ms  0/45 (0%)  
[  8] 219.00-220.00 sec  60.2 KBytes   493 Kbits/sec  6.914 ms  1/45 (2.2%)  
[  8] 220.00-221.00 sec  60.2 KBytes   493 Kbits/sec  6.144 ms  0/44 (0%)  
[  8] 221.00-222.00 sec  61.5 KBytes   504 Kbits/sec  4.843 ms  0/45 (0%)  
[  8] 222.00-223.00 sec  60.2 KBytes   493 Kbits/sec  5.080 ms  0/44 (0%)  
[  8] 223.00-224.00 sec  61.5 KBytes   504 Kbits/sec  5.156 ms  0/45 (0%)  
[  8] 224.00-225.00 sec  60.2 KBytes   493 Kbits/sec  3.431 ms  0/44 (0%)  
[  8] 225.00-226.00 sec  62.9 KBytes   515 Kbits/sec  4.514 ms  0/46 (0%)  
[  8] 226.00-227.00 sec  60.2 KBytes   492 Kbits/sec  3.320 ms  0/44 (0%)  
[  8] 227.00-228.00 sec  61.5 KBytes   505 Kbits/sec  4.406 ms  0/45 (0%)  
[  8] 228.00-229.00 sec  60.2 KBytes   493 Kbits/sec  3.545 ms  0/44 (0%)  
[  8] 229.00-230.00 sec  61.5 KBytes   504 Kbits/sec  2.727 ms  0/45 (0%)  
[  8] 230.00-231.00 sec  61.5 KBytes   504 Kbits/sec  4.734 ms  0/45 (0%)  
[  8] 231.00-232.00 sec  60.2 KBytes   493 Kbits/sec  4.344 ms  0/44 (0%)  
[  8] 232.00-233.00 sec  61.5 KBytes   504 Kbits/sec  5.609 ms  0/45 (0%)  
[  8] 233.00-234.00 sec  60.2 KBytes   493 Kbits/sec  3.383 ms  0/44 (0%)  
[  8] 234.00-235.00 sec  61.5 KBytes   504 Kbits/sec  4.559 ms  0/45 (0%)  
[  8] 235.00-236.00 sec  61.5 KBytes   504 Kbits/sec  4.483 ms  0/45 (0%)  
[  8] 236.00-237.00 sec  60.2 KBytes   493 Kbits/sec  5.418 ms  0/44 (0%)  
[  8] 237.00-238.00 sec  34.2 KBytes   280 Kbits/sec  23.186 ms  16/41 (39%)  
[  8] 238.00-239.00 sec  34.2 KBytes   280 Kbits/sec  21.949 ms  19/44 (43%)  
[  8] 239.00-240.00 sec  26.0 KBytes   213 Kbits/sec  34.456 ms  21/40 (52%)  
[  8] 240.00-241.00 sec  56.1 KBytes   459 Kbits/sec  8.962 ms  13/54 (24%)  
[  8] 241.00-242.00 sec  60.2 KBytes   493 Kbits/sec  4.212 ms  0/44 (0%)  
[  8] 242.00-243.00 sec  45.1 KBytes   370 Kbits/sec  12.530 ms  9/42 (21%)  
[  8] 243.00-244.00 sec  36.9 KBytes   302 Kbits/sec  17.064 ms  19/46 (41%)  
[  8] 244.00-245.00 sec  43.8 KBytes   358 Kbits/sec  12.333 ms  15/47 (32%)  
[  8] 245.00-246.00 sec  58.8 KBytes   482 Kbits/sec  4.019 ms  0/43 (0%)  
[  8] 246.00-247.00 sec  35.5 KBytes   291 Kbits/sec  24.075 ms  5/31 (16%)  
[  8] 247.00-248.00 sec  17.8 KBytes   146 Kbits/sec  64.723 ms  40/53 (75%)  
[  8] 248.00-249.00 sec  26.0 KBytes   213 Kbits/sec  46.535 ms  13/32 (41%)  
[  8] 249.00-250.00 sec  38.3 KBytes   314 Kbits/sec  26.378 ms  6/34 (18%)  
[  8] 250.00-251.00 sec  79.3 KBytes   650 Kbits/sec  21.201 ms  12/70 (17%)  
[  8] 251.00-252.00 sec  67.0 KBytes   549 Kbits/sec  7.976 ms  0/49 (0%)  
[  8] 252.00-253.00 sec  58.8 KBytes   481 Kbits/sec  6.827 ms  1/44 (2.3%)  
[  8] 253.00-254.00 sec  53.3 KBytes   437 Kbits/sec  10.310 ms  6/45 (13%)  
[  8] 254.00-255.00 sec  54.7 KBytes   448 Kbits/sec  12.211 ms  4/44 (9.1%)  
[  8] 255.00-256.00 sec  62.9 KBytes   515 Kbits/sec  3.238 ms  0/46 (0%)  
[  8] 256.00-257.00 sec  60.2 KBytes   493 Kbits/sec  4.937 ms  0/44 (0%)  
[  8] 257.00-258.00 sec  61.5 KBytes   504 Kbits/sec  4.625 ms  0/45 (0%)  
[  8] 258.00-259.00 sec  61.5 KBytes   503 Kbits/sec  6.359 ms  0/45 (0%)  
[  8] 259.00-260.00 sec  60.2 KBytes   494 Kbits/sec  5.475 ms  0/44 (0%)  
[  8] 260.00-261.00 sec  60.2 KBytes   492 Kbits/sec  11.322 ms  0/44 (0%)  
[  8] 261.00-262.00 sec  31.4 KBytes   258 Kbits/sec  27.186 ms  0/23 (0%)  
[  8] 262.00-263.00 sec  90.2 KBytes   739 Kbits/sec  6.732 ms  0/66 (0%)  
[  8] 263.00-264.00 sec  20.5 KBytes   168 Kbits/sec  24.474 ms  15/30 (50%)  
[  8] 264.00-265.00 sec  32.8 KBytes   269 Kbits/sec  27.878 ms  29/53 (55%)  
[  8] 265.00-266.00 sec  41.0 KBytes   336 Kbits/sec  22.966 ms  5/35 (14%)  
[  8] 266.00-267.00 sec  23.2 KBytes   190 Kbits/sec  31.284 ms  0/17 (0%)  
[  8] 267.00-268.00 sec  10.9 KBytes  89.6 Kbits/sec  27.646 ms  27/35 (77%)  
[  8] 268.00-269.00 sec  12.3 KBytes   101 Kbits/sec  24.635 ms  32/41 (78%)  
[  8] 269.00-270.00 sec  10.9 KBytes  89.6 Kbits/sec  28.841 ms  44/52 (85%)  
[  8] 270.00-271.00 sec  43.8 KBytes   358 Kbits/sec  22.774 ms  34/66 (52%)  
[  8] 271.00-272.00 sec  26.0 KBytes   213 Kbits/sec  26.462 ms  3/22 (14%)  
[  8] 272.00-273.00 sec  35.5 KBytes   291 Kbits/sec  22.021 ms  3/29 (10%)  
[  8] 273.00-274.00 sec  38.3 KBytes   314 Kbits/sec  19.960 ms  0/28 (0%)  
[  8] 274.00-275.00 sec  32.8 KBytes   269 Kbits/sec  27.392 ms  0/24 (0%)  
[  8] 275.00-276.00 sec  28.7 KBytes   235 Kbits/sec  25.832 ms  5/26 (19%)  
[  8] 276.00-277.00 sec  31.4 KBytes   258 Kbits/sec  30.758 ms  15/38 (39%)  
[  8] 277.00-278.00 sec  31.4 KBytes   258 Kbits/sec  29.030 ms  24/47 (51%)  
[  8] 278.00-279.00 sec  35.5 KBytes   291 Kbits/sec  28.655 ms  29/55 (53%)  
[  8] 279.00-280.00 sec  31.4 KBytes   258 Kbits/sec  30.200 ms  28/51 (55%)  
[  8] 280.00-281.00 sec  32.8 KBytes   269 Kbits/sec  27.629 ms  14/38 (37%)  
[  8] 281.00-282.00 sec   108 KBytes   885 Kbits/sec  25.254 ms  79/158 (50%)  
[  8] 282.00-283.00 sec  47.9 KBytes   392 Kbits/sec  22.174 ms  5/40 (12%)  
[  8] 283.00-284.00 sec  53.3 KBytes   437 Kbits/sec  14.881 ms  15/54 (28%)  
[  8] 284.00-285.00 sec  60.2 KBytes   493 Kbits/sec  5.000 ms  0/44 (0%)  
[  8] 285.00-286.00 sec  61.5 KBytes   504 Kbits/sec  3.126 ms  0/45 (0%)  
[  8] 286.00-287.01 sec  54.7 KBytes   445 Kbits/sec  9.587 ms  0/40 (0%)  
[  8] 287.01-288.00 sec  61.5 KBytes   508 Kbits/sec  14.847 ms  3/48 (6.2%)  
[  8] 288.00-289.00 sec  54.7 KBytes   448 Kbits/sec  17.162 ms  5/45 (11%)  
[  8] 289.00-290.00 sec  60.2 KBytes   493 Kbits/sec  10.676 ms  1/45 (2.2%)  
[  8] 290.00-291.00 sec  61.5 KBytes   504 Kbits/sec  6.770 ms  0/45 (0%)  
[  8] 291.00-292.00 sec  60.2 KBytes   493 Kbits/sec  6.225 ms  0/44 (0%)  
[  8] 292.00-293.00 sec  61.5 KBytes   503 Kbits/sec  6.969 ms  0/45 (0%)  
[  8] 293.00-294.00 sec  61.5 KBytes   505 Kbits/sec  6.557 ms  0/45 (0%)  
[  8] 294.00-295.00 sec  61.5 KBytes   503 Kbits/sec  3.930 ms  0/45 (0%)  
[  8] 295.00-296.00 sec  60.2 KBytes   493 Kbits/sec  7.218 ms  0/44 (0%)  
[  8] 296.00-297.00 sec  60.2 KBytes   493 Kbits/sec  7.201 ms  0/44 (0%)  
[  8] 297.00-298.00 sec  62.9 KBytes   515 Kbits/sec  4.678 ms  0/46 (0%)  
[  8] 298.00-299.00 sec  60.2 KBytes   493 Kbits/sec  4.601 ms  0/44 (0%)  
[  8] 299.00-300.00 sec  61.5 KBytes   504 Kbits/sec  2.578 ms  0/45 (0%)  
[  8] 300.00-301.00 sec  60.2 KBytes   493 Kbits/sec  7.164 ms  0/44 (0%)  
[  8] 301.00-302.00 sec  61.5 KBytes   503 Kbits/sec  5.232 ms  0/45 (0%)  
[  8] 302.00-303.00 sec  60.2 KBytes   494 Kbits/sec  5.864 ms  1/45 (2.2%)  
[  8] 303.00-304.00 sec  60.2 KBytes   492 Kbits/sec  4.334 ms  0/44 (0%)  
[  8] 304.00-305.00 sec  61.5 KBytes   505 Kbits/sec  4.287 ms  0/45 (0%)  
[  8] 305.00-306.00 sec  61.5 KBytes   504 Kbits/sec  3.683 ms  0/45 (0%)  
[  8] 306.00-307.00 sec  61.5 KBytes   504 Kbits/sec  2.890 ms  0/45 (0%)  
[  8] 307.00-308.00 sec  60.2 KBytes   493 Kbits/sec  2.999 ms  0/44 (0%)  
[  8] 308.00-309.00 sec  50.6 KBytes   414 Kbits/sec  11.660 ms  8/45 (18%)  
[  8] 309.00-310.00 sec  39.6 KBytes   325 Kbits/sec  9.043 ms  5/34 (15%)  
[  8] 310.00-311.00 sec  6.84 KBytes  56.0 Kbits/sec  17.540 ms  42/47 (89%)  
[  8] 311.00-312.00 sec  54.7 KBytes   448 Kbits/sec  21.499 ms  8/48 (17%)  
[  8] 312.00-313.00 sec  67.0 KBytes   549 Kbits/sec  11.735 ms  0/49 (0%)  
[  8] 313.00-314.00 sec  60.2 KBytes   493 Kbits/sec  8.152 ms  0/44 (0%)  
[  8] 314.00-315.00 sec  61.5 KBytes   504 Kbits/sec  8.909 ms  0/45 (0%)  
[  8] 315.00-316.00 sec  61.5 KBytes   504 Kbits/sec  5.904 ms  0/45 (0%)  
[  8] 316.00-317.00 sec  61.5 KBytes   504 Kbits/sec  9.878 ms  0/45 (0%)  
[  8] 317.00-318.00 sec  32.8 KBytes   269 Kbits/sec  22.491 ms  18/42 (43%)  
[  8] 318.00-319.00 sec  49.2 KBytes   403 Kbits/sec  10.880 ms  11/47 (23%)  
[  8] 319.00-320.00 sec  60.2 KBytes   493 Kbits/sec  5.105 ms  0/44 (0%)  
[  8] 320.00-321.00 sec  61.5 KBytes   504 Kbits/sec  6.288 ms  0/45 (0%)  
[  8] 321.00-322.00 sec  43.8 KBytes   358 Kbits/sec  21.683 ms  6/38 (16%)  
[  8] 322.00-323.00 sec  39.6 KBytes   325 Kbits/sec  22.496 ms  0/29 (0%)  
[  8] 323.00-324.00 sec  36.9 KBytes   302 Kbits/sec  20.242 ms  0/27 (0%)  
[  8] 324.00-325.00 sec  86.1 KBytes   706 Kbits/sec  18.131 ms  19/82 (23%)  
[  8] 325.00-326.00 sec  61.5 KBytes   504 Kbits/sec  11.835 ms  2/47 (4.3%)  
[  8] 326.00-327.00 sec  60.2 KBytes   492 Kbits/sec  8.646 ms  1/45 (2.2%)  
[  8] 327.00-328.00 sec  58.8 KBytes   482 Kbits/sec  4.971 ms  1/44 (2.3%)  
[  8] 328.00-329.00 sec  62.9 KBytes   515 Kbits/sec  2.770 ms  0/46 (0%)  
[  8] 329.00-330.00 sec  60.2 KBytes   493 Kbits/sec  2.165 ms  0/44 (0%)  
[  8] 330.00-331.00 sec  60.2 KBytes   492 Kbits/sec  2.292 ms  0/44 (0%)  
[  8] 331.00-332.00 sec  61.5 KBytes   504 Kbits/sec  5.256 ms  0/45 (0%)  
[  8] 332.00-333.00 sec  60.2 KBytes   492 Kbits/sec  2.476 ms  0/44 (0%)  
[  8] 333.00-334.00 sec  53.3 KBytes   437 Kbits/sec  12.680 ms  5/44 (11%)  
[  8] 334.00-335.00 sec  60.2 KBytes   493 Kbits/sec  15.552 ms  1/45 (2.2%)  
[  8] 335.00-336.00 sec  58.8 KBytes   482 Kbits/sec  13.989 ms  0/43 (0%)  
[  8] 336.00-337.00 sec  54.7 KBytes   448 Kbits/sec  15.715 ms  3/43 (7%)  
[  8] 337.00-338.00 sec  23.2 KBytes   190 Kbits/sec  26.490 ms  6/23 (26%)  
[  8] 338.00-339.00 sec  26.0 KBytes   213 Kbits/sec  28.413 ms  5/24 (21%)  
[  8] 339.00-340.00 sec  42.4 KBytes   347 Kbits/sec  43.365 ms  60/91 (66%)  
[  8] 340.00-340.05 sec  1.37 KBytes   249 Kbits/sec  40.702 ms  0/1 (0%)  
- - - - - - - - - - - - - - - - - - - - - - - - -
[ ID] Interval           Transfer     Bitrate         Jitter    Lost/Total Datagrams
[  8]   0.00-340.05 sec  18.1 MBytes   446 Kbits/sec  40.702 ms  1643/15179 (11%)  receiver
