-----------------------------------------------------------
Server listening on 5201 (test #1)
-----------------------------------------------------------
Accepted connection from 10.0.0.17, port 41230
[  8] local 10.0.0.49 port 5201 connected to 10.0.0.17 port 49314
[ ID] Interval           Transfer     Bitrate         Jitter    Lost/Total Datagrams
[  8]   0.00-1.00   sec   179 KBytes  1.47 Mbits/sec  10.838 ms  9/140 (6.4%)  
[  8]   1.00-2.00   sec   219 KBytes  1.79 Mbits/sec  3.362 ms  55/215 (26%)  
[  8]   2.00-3.00   sec   242 KBytes  1.98 Mbits/sec  2.895 ms  3/180 (1.7%)  
[  8]   3.00-4.00   sec   242 KBytes  1.98 Mbits/sec  2.242 ms  0/177 (0%)  
[  8]   4.00-5.00   sec   246 KBytes  2.02 Mbits/sec  2.245 ms  0/180 (0%)  
[  8]   5.00-6.03   sec   253 KBytes  2.01 Mbits/sec  2.062 ms  0/185 (0%)  
[  8]   6.03-7.00   sec   237 KBytes  2.00 Mbits/sec  3.757 ms  0/173 (0%)  
[  8]   7.00-8.00   sec   241 KBytes  1.97 Mbits/sec  1.907 ms  0/176 (0%)  
[  8]   8.00-9.00   sec   246 KBytes  2.02 Mbits/sec  1.680 ms  0/180 (0%)  
[  8]   9.00-10.00  sec   241 KBytes  1.97 Mbits/sec  1.904 ms  3/179 (1.7%)  
[  8]  10.00-11.01  sec   245 KBytes  1.99 Mbits/sec  2.403 ms  0/179 (0%)  
[  8]  11.01-12.00  sec   234 KBytes  1.93 Mbits/sec  0.873 ms  2/173 (1.2%)  
[  8]  12.00-13.00  sec   247 KBytes  2.03 Mbits/sec  0.449 ms  0/181 (0%)  
[  8]  13.00-14.00  sec   243 KBytes  1.99 Mbits/sec  0.609 ms  0/178 (0%)  
[  8]  14.00-15.00  sec   246 KBytes  2.02 Mbits/sec  1.438 ms  0/180 (0%)  
[  8]  15.00-16.00  sec   239 KBytes  1.96 Mbits/sec  1.849 ms  0/175 (0%)  
[  8]  16.00-17.00  sec   252 KBytes  2.06 Mbits/sec  1.275 ms  0/184 (0%)  
[  8]  17.00-18.00  sec   242 KBytes  1.98 Mbits/sec  3.890 ms  0/177 (0%)  
[  8]  18.00-19.00  sec   242 KBytes  1.99 Mbits/sec  1.797 ms  0/177 (0%)  
[  8]  19.00-20.00  sec   246 KBytes  2.02 Mbits/sec  2.090 ms  2/182 (1.1%)  
[  8]  20.00-21.00  sec   231 KBytes  1.89 Mbits/sec  1.677 ms  9/178 (5.1%)  
[  8]  21.00-22.00  sec   242 KBytes  1.98 Mbits/sec  1.126 ms  0/177 (0%)  
[  8]  22.00-23.00  sec   246 KBytes  2.02 Mbits/sec  1.475 ms  0/180 (0%)  
[  8]  23.00-24.00  sec   238 KBytes  1.95 Mbits/sec  2.446 ms  0/174 (0%)  
[  8]  24.00-25.00  sec   250 KBytes  2.05 Mbits/sec  2.072 ms  0/183 (0%)  
[  8]  25.00-26.00  sec   242 KBytes  1.98 Mbits/sec  4.434 ms  0/177 (0%)  
[  8]  26.00-27.00  sec   243 KBytes  2.00 Mbits/sec  2.151 ms  0/178 (0%)  
[  8]  27.00-28.00  sec   243 KBytes  1.99 Mbits/sec  1.823 ms  0/178 (0%)  
[  8]  28.00-29.00  sec   247 KBytes  2.03 Mbits/sec  2.748 ms  0/181 (0%)  
[  8]  29.00-30.00  sec   241 KBytes  1.97 Mbits/sec  2.505 ms  2/178 (1.1%)  
[  8]  30.00-31.00  sec   241 KBytes  1.98 Mbits/sec  4.615 ms  0/176 (0%)  
[  8]  31.00-32.00  sec   242 KBytes  1.98 Mbits/sec  2.551 ms  0/177 (0%)  
[  8]  32.00-33.00  sec   247 KBytes  2.02 Mbits/sec  3.799 ms  3/184 (1.6%)  
[  8]  33.00-34.00  sec   241 KBytes  1.97 Mbits/sec  1.952 ms  2/178 (1.1%)  
[  8]  34.00-35.00  sec   224 KBytes  1.83 Mbits/sec  0.509 ms  0/164 (0%)  
[  8]  35.00-36.00  sec   231 KBytes  1.89 Mbits/sec  3.202 ms  17/186 (9.1%)  
[  8]  36.00-37.00  sec   174 KBytes  1.42 Mbits/sec  9.241 ms  0/127 (0%)  
[  8]  37.00-38.00  sec   304 KBytes  2.49 Mbits/sec  3.516 ms  12/234 (5.1%)  
[  8]  38.00-39.00  sec   247 KBytes  2.03 Mbits/sec  2.183 ms  1/182 (0.55%)  
[  8]  39.00-40.00  sec   241 KBytes  1.97 Mbits/sec  2.982 ms  1/177 (0.56%)  
[  8]  40.00-41.00  sec   243 KBytes  1.99 Mbits/sec  2.916 ms  2/180 (1.1%)  
[  8]  41.00-42.00  sec   242 KBytes  1.98 Mbits/sec  1.468 ms  0/177 (0%)  
[  8]  42.00-43.00  sec   247 KBytes  2.03 Mbits/sec  2.751 ms  0/181 (0%)  
[  8]  43.00-44.01  sec   243 KBytes  1.98 Mbits/sec  2.771 ms  0/178 (0%)  
[  8]  44.01-45.00  sec   245 KBytes  2.02 Mbits/sec  3.285 ms  0/179 (0%)  
[  8]  45.00-46.00  sec   242 KBytes  1.98 Mbits/sec  1.666 ms  0/177 (0%)  
[  8]  46.00-47.00  sec   243 KBytes  1.99 Mbits/sec  4.265 ms  1/179 (0.56%)  
[  8]  47.00-48.00  sec   245 KBytes  2.00 Mbits/sec  1.585 ms  0/179 (0%)  
[  8]  48.00-49.00  sec   232 KBytes  1.90 Mbits/sec  2.663 ms  8/178 (4.5%)  
[  8]  49.00-50.01  sec   239 KBytes  1.95 Mbits/sec  4.211 ms  4/179 (2.2%)  
[  8]  50.01-51.00  sec   242 KBytes  1.99 Mbits/sec  4.013 ms  1/178 (0.56%)  
[  8]  51.00-52.00  sec   243 KBytes  1.99 Mbits/sec  2.351 ms  1/179 (0.56%)  
[  8]  52.00-53.00  sec   245 KBytes  2.00 Mbits/sec  3.798 ms  0/179 (0%)  
[  8]  53.00-54.00  sec   242 KBytes  1.98 Mbits/sec  4.413 ms  0/177 (0%)  
[  8]  54.00-55.00  sec   239 KBytes  1.96 Mbits/sec  2.393 ms  3/178 (1.7%)  
[  8]  55.00-56.00  sec   235 KBytes  1.93 Mbits/sec  1.539 ms  3/175 (1.7%)  
[  8]  56.00-57.00  sec   221 KBytes  1.81 Mbits/sec  2.097 ms  20/182 (11%)  
[  8]  57.00-58.00  sec   247 KBytes  2.03 Mbits/sec  1.784 ms  0/181 (0%)  
[  8]  58.00-59.00  sec   238 KBytes  1.95 Mbits/sec  4.134 ms  5/179 (2.8%)  
[  8]  59.00-60.00  sec   235 KBytes  1.93 Mbits/sec  2.208 ms  5/177 (2.8%)  
[  8]  60.00-61.00  sec   243 KBytes  1.99 Mbits/sec  4.676 ms  0/178 (0%)  
[  8]  61.00-62.00  sec   246 KBytes  2.02 Mbits/sec  1.911 ms  0/180 (0%)  
[  8]  62.00-63.00  sec   189 KBytes  1.55 Mbits/sec  12.897 ms  10/148 (6.8%)  
[  8]  63.00-64.00  sec  91.6 KBytes   750 Kbits/sec  20.908 ms  86/153 (56%)  
[  8]  64.00-65.00  sec   112 KBytes   916 Kbits/sec  10.036 ms  52/134 (39%)  
[  8]  65.00-66.00  sec  97.1 KBytes   797 Kbits/sec  11.785 ms  46/117 (39%)  
[  8]  66.00-67.00  sec  83.4 KBytes   683 Kbits/sec  17.074 ms  58/119 (49%)  
[  8]  67.00-68.00  sec  69.7 KBytes   571 Kbits/sec  19.234 ms  129/180 (72%)  
[  8]  68.00-69.00  sec  69.7 KBytes   571 Kbits/sec  17.925 ms  104/155 (67%)  
[  8]  69.00-70.00  sec  42.4 KBytes   347 Kbits/sec  38.732 ms  188/219 (86%)  
[  8]  70.00-71.00  sec  94.3 KBytes   774 Kbits/sec  20.867 ms  161/230 (70%)  
[  8]  71.00-72.00  sec   288 KBytes  2.36 Mbits/sec  7.351 ms  80/291 (27%)  
[  8]  72.00-73.00  sec   287 KBytes  2.35 Mbits/sec  4.967 ms  6/216 (2.8%)  
[  8]  73.00-74.00  sec   242 KBytes  1.98 Mbits/sec  3.514 ms  3/180 (1.7%)  
[  8]  74.00-75.00  sec   242 KBytes  1.98 Mbits/sec  3.666 ms  2/179 (1.1%)  
[  8]  75.00-76.00  sec   245 KBytes  2.00 Mbits/sec  2.332 ms  0/179 (0%)  
[  8]  76.00-77.00  sec   246 KBytes  2.02 Mbits/sec  1.939 ms  0/180 (0%)  
[  8]  77.00-78.01  sec   239 KBytes  1.94 Mbits/sec  4.227 ms  2/177 (1.1%)  
[  8]  78.01-79.00  sec   245 KBytes  2.02 Mbits/sec  2.602 ms  0/179 (0%)  
[  8]  79.00-80.00  sec   242 KBytes  1.98 Mbits/sec  3.457 ms  1/178 (0.56%)  
[  8]  80.00-81.00  sec   238 KBytes  1.95 Mbits/sec  2.397 ms  2/176 (1.1%)  
[  8]  81.00-82.00  sec   239 KBytes  1.96 Mbits/sec  3.932 ms  0/175 (0%)  
[  8]  82.00-83.00  sec   211 KBytes  1.72 Mbits/sec  8.319 ms  3/157 (1.9%)  
[  8]  83.00-84.00  sec   275 KBytes  2.25 Mbits/sec  3.350 ms  6/207 (2.9%)  
[  8]  84.00-85.00  sec   232 KBytes  1.91 Mbits/sec  5.999 ms  7/177 (4%)  
[  8]  85.00-86.00  sec   237 KBytes  1.93 Mbits/sec  4.113 ms  7/180 (3.9%)  
[  8]  86.00-87.00  sec   234 KBytes  1.92 Mbits/sec  6.414 ms  5/176 (2.8%)  
[  8]  87.00-88.00  sec   247 KBytes  2.02 Mbits/sec  3.531 ms  1/182 (0.55%)  
[  8]  88.00-89.00  sec   232 KBytes  1.91 Mbits/sec  6.145 ms  4/174 (2.3%)  
[  8]  89.00-90.00  sec   237 KBytes  1.94 Mbits/sec  2.099 ms  7/180 (3.9%)  
[  8]  90.00-91.00  sec   239 KBytes  1.96 Mbits/sec  4.465 ms  6/181 (3.3%)  
[  8]  91.00-92.01  sec   243 KBytes  1.98 Mbits/sec  5.285 ms  0/178 (0%)  
[  8]  92.01-93.00  sec   241 KBytes  1.98 Mbits/sec  3.711 ms  1/177 (0.56%)  
[  8]  93.00-94.00  sec   246 KBytes  2.02 Mbits/sec  2.599 ms  1/181 (0.55%)  
[  8]  94.00-95.00  sec   234 KBytes  1.92 Mbits/sec  3.563 ms  7/178 (3.9%)  
[  8]  95.00-96.00  sec   235 KBytes  1.93 Mbits/sec  4.160 ms  3/175 (1.7%)  
[  8]  96.00-97.00  sec   245 KBytes  2.00 Mbits/sec  3.569 ms  1/180 (0.56%)  
[  8]  97.00-98.00  sec   220 KBytes  1.80 Mbits/sec  6.611 ms  9/170 (5.3%)  
[  8]  98.00-99.00  sec   205 KBytes  1.68 Mbits/sec  11.688 ms  18/168 (11%)  
[  8]  99.00-100.00 sec   160 KBytes  1.31 Mbits/sec  12.310 ms  29/146 (20%)  
[  8] 100.00-101.00 sec   112 KBytes   919 Kbits/sec  14.506 ms  127/209 (61%)  
[  8] 101.00-102.01 sec   127 KBytes  1.03 Mbits/sec  14.431 ms  39/132 (30%)  
[  8] 102.01-103.00 sec   137 KBytes  1.13 Mbits/sec  5.054 ms  144/244 (59%)  
[  8] 103.00-104.00 sec   213 KBytes  1.74 Mbits/sec  9.840 ms  18/174 (10%)  
[  8] 104.00-105.00 sec   226 KBytes  1.85 Mbits/sec  1.572 ms  23/188 (12%)  
[  8] 105.00-106.00 sec   242 KBytes  1.99 Mbits/sec  3.743 ms  0/177 (0%)  
[  8] 106.00-107.00 sec   246 KBytes  2.01 Mbits/sec  2.333 ms  0/180 (0%)  
[  8] 107.00-108.00 sec   243 KBytes  2.00 Mbits/sec  2.375 ms  0/178 (0%)  
[  8] 108.00-109.00 sec   238 KBytes  1.95 Mbits/sec  1.076 ms  3/177 (1.7%)  
[  8] 109.00-110.00 sec   189 KBytes  1.55 Mbits/sec  5.473 ms  22/160 (14%)  
[  8] 110.00-111.00 sec   200 KBytes  1.64 Mbits/sec  1.107 ms  51/197 (26%)  
[  8] 111.00-112.00 sec   246 KBytes  2.02 Mbits/sec  3.679 ms  0/180 (0%)  
[  8] 112.00-113.00 sec   239 KBytes  1.96 Mbits/sec  2.848 ms  0/175 (0%)  
[  8] 113.00-114.00 sec   245 KBytes  2.00 Mbits/sec  5.224 ms  2/181 (1.1%)  
[  8] 114.00-115.00 sec   198 KBytes  1.62 Mbits/sec  6.465 ms  3/148 (2%)  
[  8] 115.00-116.00 sec   198 KBytes  1.62 Mbits/sec  13.234 ms  6/151 (4%)  
[  8] 116.00-117.03 sec   197 KBytes  1.56 Mbits/sec  8.284 ms  71/215 (33%)  
[  8] 117.03-118.00 sec   174 KBytes  1.46 Mbits/sec  9.164 ms  36/163 (22%)  
[  8] 118.00-119.00 sec   176 KBytes  1.45 Mbits/sec  8.401 ms  82/211 (39%)  
[  8] 119.00-120.00 sec   206 KBytes  1.69 Mbits/sec  5.622 ms  27/178 (15%)  
[  8] 120.00-121.00 sec   208 KBytes  1.70 Mbits/sec  7.262 ms  23/175 (13%)  
[  8] 121.00-122.00 sec   231 KBytes  1.89 Mbits/sec  6.447 ms  14/183 (7.7%)  
[  8] 122.00-123.00 sec   163 KBytes  1.33 Mbits/sec  6.499 ms  29/148 (20%)  
[  8] 123.00-124.00 sec   174 KBytes  1.42 Mbits/sec  10.010 ms  43/170 (25%)  
[  8] 124.00-125.00 sec   172 KBytes  1.41 Mbits/sec  12.659 ms  41/167 (25%)  
[  8] 125.00-126.00 sec   172 KBytes  1.41 Mbits/sec  8.297 ms  110/236 (47%)  
[  8] 126.00-127.00 sec   245 KBytes  2.00 Mbits/sec  3.825 ms  0/179 (0%)  
[  8] 127.00-128.00 sec   239 KBytes  1.96 Mbits/sec  2.992 ms  3/178 (1.7%)  
[  8] 128.00-129.00 sec   245 KBytes  2.00 Mbits/sec  1.559 ms  0/179 (0%)  
[  8] 129.00-130.00 sec   245 KBytes  2.00 Mbits/sec  4.398 ms  0/179 (0%)  
[  8] 130.00-131.00 sec   241 KBytes  1.97 Mbits/sec  6.411 ms  0/176 (0%)  
[  8] 131.00-132.01 sec   220 KBytes  1.79 Mbits/sec  11.204 ms  6/167 (3.6%)  
[  8] 132.01-133.00 sec   171 KBytes  1.40 Mbits/sec  9.722 ms  35/160 (22%)  
[  8] 133.00-134.00 sec   254 KBytes  2.08 Mbits/sec  4.803 ms  23/209 (11%)  
[  8] 134.00-135.00 sec   246 KBytes  2.02 Mbits/sec  4.090 ms  0/180 (0%)  
[  8] 135.00-136.00 sec   238 KBytes  1.95 Mbits/sec  3.681 ms  3/177 (1.7%)  
[  8] 136.00-137.00 sec   237 KBytes  1.93 Mbits/sec  3.715 ms  1/174 (0.57%)  
[  8] 137.00-138.00 sec   231 KBytes  1.90 Mbits/sec  4.537 ms  2/171 (1.2%)  
[  8] 138.00-139.00 sec   252 KBytes  2.06 Mbits/sec  3.427 ms  6/190 (3.2%)  
[  8] 139.00-140.00 sec   245 KBytes  2.00 Mbits/sec  2.337 ms  2/181 (1.1%)  
[  8] 140.00-141.00 sec   243 KBytes  2.00 Mbits/sec  2.875 ms  0/178 (0%)  
[  8] 141.00-142.00 sec   243 KBytes  1.99 Mbits/sec  4.408 ms  0/178 (0%)  
[  8] 142.00-143.00 sec   241 KBytes  1.97 Mbits/sec  1.344 ms  4/180 (2.2%)  
[  8] 143.00-144.00 sec   242 KBytes  1.98 Mbits/sec  3.782 ms  0/177 (0%)  
[  8] 144.00-145.00 sec   239 KBytes  1.96 Mbits/sec  2.271 ms  1/176 (0.57%)  
[  8] 145.00-146.00 sec   247 KBytes  2.03 Mbits/sec  3.986 ms  1/182 (0.55%)  
[  8] 146.00-147.00 sec   245 KBytes  2.00 Mbits/sec  2.890 ms  0/179 (0%)  
[  8] 147.00-148.00 sec   231 KBytes  1.89 Mbits/sec  3.589 ms  9/178 (5.1%)  
[  8] 148.00-149.00 sec   243 KBytes  1.99 Mbits/sec  1.924 ms  1/179 (0.56%)  
[  8] 149.00-150.00 sec   239 KBytes  1.96 Mbits/sec  2.967 ms  2/177 (1.1%)  
[  8] 150.00-151.00 sec   219 KBytes  1.79 Mbits/sec  3.449 ms  18/178 (10%)  
[  8] 151.00-152.00 sec   247 KBytes  2.03 Mbits/sec  3.835 ms  0/181 (0%)  
[  8] 152.00-153.00 sec   242 KBytes  1.98 Mbits/sec  3.673 ms  0/177 (0%)  
[  8] 153.00-154.00 sec   238 KBytes  1.95 Mbits/sec  3.843 ms  4/178 (2.2%)  
[  8] 154.00-155.00 sec   234 KBytes  1.92 Mbits/sec  7.785 ms  7/178 (3.9%)  
[  8] 155.00-156.00 sec   138 KBytes  1.13 Mbits/sec  10.733 ms  6/107 (5.6%)  
[  8] 156.00-157.00 sec   112 KBytes   918 Kbits/sec  11.306 ms  48/130 (37%)  
[  8] 157.00-158.00 sec   183 KBytes  1.50 Mbits/sec  8.606 ms  23/157 (15%)  
[  8] 158.00-159.00 sec  72.5 KBytes   594 Kbits/sec  11.997 ms  43/96 (45%)  
[  8] 159.00-160.00 sec   134 KBytes  1.10 Mbits/sec  5.671 ms  308/406 (76%)  
[  8] 160.00-161.00 sec   242 KBytes  1.98 Mbits/sec  2.288 ms  0/177 (0%)  
[  8] 161.00-162.00 sec   239 KBytes  1.97 Mbits/sec  3.809 ms  3/178 (1.7%)  
[  8] 162.00-163.00 sec   243 KBytes  1.99 Mbits/sec  4.672 ms  0/178 (0%)  
[  8] 163.00-164.00 sec   200 KBytes  1.64 Mbits/sec  7.445 ms  34/180 (19%)  
[  8] 164.00-165.00 sec   161 KBytes  1.32 Mbits/sec  16.433 ms  42/160 (26%)  
[  8] 165.00-166.00 sec   101 KBytes   829 Kbits/sec  12.368 ms  90/164 (55%)  
[  8] 166.00-167.00 sec   217 KBytes  1.78 Mbits/sec  5.600 ms  43/202 (21%)  
[  8] 167.00-168.00 sec   252 KBytes  2.06 Mbits/sec  2.958 ms  1/185 (0.54%)  
[  8] 168.00-169.00 sec   108 KBytes   885 Kbits/sec  13.984 ms  20/99 (20%)  
[  8] 169.00-170.00 sec   119 KBytes   974 Kbits/sec  12.132 ms  129/216 (60%)  
[  8] 170.00-171.00 sec   126 KBytes  1.03 Mbits/sec  17.929 ms  61/153 (40%)  
[  8] 171.00-172.00 sec   120 KBytes   986 Kbits/sec  6.295 ms  160/248 (65%)  
[  8] 172.00-173.00 sec   238 KBytes  1.95 Mbits/sec  4.142 ms  0/174 (0%)  
[  8] 173.00-174.00 sec   159 KBytes  1.30 Mbits/sec  6.108 ms  3/119 (2.5%)  
[  8] 174.00-175.00 sec   206 KBytes  1.69 Mbits/sec  4.705 ms  0/151 (0%)  
[  8] 175.00-176.00 sec   355 KBytes  2.91 Mbits/sec  2.779 ms  11/271 (4.1%)  
[  8] 176.00-177.00 sec   237 KBytes  1.94 Mbits/sec  3.081 ms  2/175 (1.1%)  
[  8] 177.00-178.00 sec   190 KBytes  1.56 Mbits/sec  9.883 ms  0/139 (0%)  
[  8] 178.00-179.00 sec   115 KBytes   940 Kbits/sec  8.606 ms  36/120 (30%)  
[  8] 179.00-180.00 sec  71.1 KBytes   582 Kbits/sec  15.810 ms  0/52 (0%)  
[  8] 180.00-181.00 sec  60.2 KBytes   494 Kbits/sec  13.313 ms  125/169 (74%)  
[  8] 181.00-182.00 sec  54.7 KBytes   448 Kbits/sec  12.347 ms  86/126 (68%)  
[  8] 182.00-183.00 sec  28.7 KBytes   235 Kbits/sec  16.955 ms  64/85 (75%)  
[  8] 183.00-184.00 sec  46.5 KBytes   381 Kbits/sec  16.411 ms  121/155 (78%)  
[  8] 184.00-185.00 sec   262 KBytes  2.14 Mbits/sec  3.678 ms  397/589 (67%)  
[  8] 185.00-186.00 sec   153 KBytes  1.26 Mbits/sec  8.777 ms  0/112 (0%)  
[  8] 186.00-187.00 sec   150 KBytes  1.23 Mbits/sec  7.895 ms  0/110 (0%)  
[  8] 187.00-188.00 sec   256 KBytes  2.09 Mbits/sec  4.206 ms  126/313 (40%)  
[  8] 188.00-189.00 sec   241 KBytes  1.97 Mbits/sec  3.919 ms  2/178 (1.1%)  
[  8] 189.00-190.00 sec   245 KBytes  2.00 Mbits/sec  1.755 ms  0/179 (0%)  
[  8] 190.00-191.00 sec   243 KBytes  2.00 Mbits/sec  1.849 ms  0/178 (0%)  
[  8] 191.00-192.00 sec   191 KBytes  1.57 Mbits/sec  8.701 ms  0/140 (0%)  
[  8] 192.00-193.00 sec   232 KBytes  1.90 Mbits/sec  7.122 ms  45/215 (21%)  
[  8] 193.00-194.00 sec   217 KBytes  1.78 Mbits/sec  6.195 ms  10/169 (5.9%)  
[  8] 194.00-195.00 sec   167 KBytes  1.37 Mbits/sec  9.783 ms  23/145 (16%)  
[  8] 195.00-196.00 sec   216 KBytes  1.77 Mbits/sec  8.074 ms  41/199 (21%)  
[  8] 196.00-197.00 sec   268 KBytes  2.20 Mbits/sec  5.441 ms  6/202 (3%)  
[  8] 197.00-198.00 sec   208 KBytes  1.70 Mbits/sec  8.315 ms  0/152 (0%)  
[  8] 198.00-199.00 sec   145 KBytes  1.18 Mbits/sec  10.869 ms  42/148 (28%)  
[  8] 199.00-200.00 sec   171 KBytes  1.40 Mbits/sec  7.883 ms  4/129 (3.1%)  
[  8] 200.00-201.03 sec   299 KBytes  2.38 Mbits/sec  5.263 ms  5/224 (2.2%)  
[  8] 201.03-202.00 sec   226 KBytes  1.90 Mbits/sec  7.928 ms  12/177 (6.8%)  
[  8] 202.00-203.00 sec   262 KBytes  2.15 Mbits/sec  4.210 ms  51/243 (21%)  
[  8] 203.00-204.00 sec   243 KBytes  1.99 Mbits/sec  4.036 ms  0/178 (0%)  
[  8] 204.00-205.00 sec   237 KBytes  1.94 Mbits/sec  5.332 ms  3/176 (1.7%)  
[  8] 205.00-206.00 sec   249 KBytes  2.04 Mbits/sec  2.219 ms  0/182 (0%)  
[  8] 206.00-207.00 sec   242 KBytes  1.98 Mbits/sec  3.673 ms  0/177 (0%)  
[  8] 207.00-208.00 sec   242 KBytes  1.98 Mbits/sec  5.410 ms  0/177 (0%)  
[  8] 208.00-209.00 sec   247 KBytes  2.03 Mbits/sec  4.108 ms  0/181 (0%)  
[  8] 209.00-210.00 sec   243 KBytes  1.99 Mbits/sec  4.604 ms  0/178 (0%)  
[  8] 210.00-211.00 sec   239 KBytes  1.96 Mbits/sec  2.823 ms  3/178 (1.7%)  
[  8] 211.00-212.00 sec   246 KBytes  2.02 Mbits/sec  3.493 ms  0/180 (0%)  
[  8] 212.00-213.00 sec   243 KBytes  1.99 Mbits/sec  3.193 ms  0/178 (0%)  
[  8] 213.00-214.00 sec   245 KBytes  2.01 Mbits/sec  2.051 ms  1/180 (0.56%)  
[  8] 214.00-215.00 sec   238 KBytes  1.95 Mbits/sec  4.320 ms  4/178 (2.2%)  
[  8] 215.00-216.00 sec   234 KBytes  1.92 Mbits/sec  6.331 ms  2/173 (1.2%)  
[  8] 216.00-217.00 sec   241 KBytes  1.97 Mbits/sec  2.618 ms  6/182 (3.3%)  
[  8] 217.00-218.00 sec   242 KBytes  1.98 Mbits/sec  4.532 ms  3/180 (1.7%)  
[  8] 218.00-219.00 sec   241 KBytes  1.96 Mbits/sec  2.308 ms  3/179 (1.7%)  
[  8] 219.00-220.00 sec   242 KBytes  1.99 Mbits/sec  3.614 ms  1/178 (0.56%)  
[  8] 220.00-221.00 sec   246 KBytes  2.02 Mbits/sec  3.436 ms  0/180 (0%)  
[  8] 221.00-222.00 sec   243 KBytes  1.99 Mbits/sec  3.241 ms  0/178 (0%)  
[  8] 222.00-223.00 sec   242 KBytes  1.98 Mbits/sec  2.732 ms  0/177 (0%)  
[  8] 223.00-224.00 sec   246 KBytes  2.02 Mbits/sec  2.002 ms  0/180 (0%)  
[  8] 224.00-225.00 sec   243 KBytes  1.99 Mbits/sec  3.526 ms  0/178 (0%)  
[  8] 225.00-226.00 sec   245 KBytes  2.00 Mbits/sec  2.437 ms  0/179 (0%)  
[  8] 226.00-227.00 sec   243 KBytes  1.99 Mbits/sec  2.626 ms  0/178 (0%)  
[  8] 227.00-228.00 sec   243 KBytes  1.99 Mbits/sec  3.641 ms  0/178 (0%)  
[  8] 228.00-229.00 sec   246 KBytes  2.02 Mbits/sec  3.487 ms  0/180 (0%)  
[  8] 229.00-230.00 sec   242 KBytes  1.98 Mbits/sec  3.765 ms  0/177 (0%)  
[  8] 230.00-231.00 sec   243 KBytes  2.00 Mbits/sec  2.260 ms  1/179 (0.56%)  
[  8] 231.00-232.00 sec   245 KBytes  2.00 Mbits/sec  4.546 ms  0/179 (0%)  
[  8] 232.00-233.00 sec   242 KBytes  1.98 Mbits/sec  2.760 ms  0/177 (0%)  
[  8] 233.00-234.00 sec   246 KBytes  2.02 Mbits/sec  4.077 ms  0/180 (0%)  
[  8] 234.00-235.00 sec   246 KBytes  2.01 Mbits/sec  3.492 ms  0/180 (0%)  
[  8] 235.00-236.01 sec   246 KBytes  2.00 Mbits/sec  1.327 ms  0/180 (0%)  
[  8] 236.01-237.00 sec   227 KBytes  1.88 Mbits/sec  3.905 ms  2/168 (1.2%)  
[  8] 237.00-238.01 sec   101 KBytes   820 Kbits/sec  13.871 ms  87/161 (54%)  
[  8] 238.01-239.00 sec  58.8 KBytes   487 Kbits/sec  16.470 ms  78/121 (64%)  
[  8] 239.00-240.00 sec  91.6 KBytes   749 Kbits/sec  15.861 ms  147/214 (69%)  
[  8] 240.00-241.00 sec   267 KBytes  2.18 Mbits/sec  2.879 ms  32/227 (14%)  
[  8] 241.00-242.00 sec   237 KBytes  1.94 Mbits/sec  4.406 ms  1/174 (0.57%)  
[  8] 242.00-243.00 sec   167 KBytes  1.37 Mbits/sec  7.718 ms  53/175 (30%)  
[  8] 243.00-244.00 sec   159 KBytes  1.30 Mbits/sec  6.635 ms  60/176 (34%)  
[  8] 244.00-245.01 sec   219 KBytes  1.78 Mbits/sec  4.953 ms  30/190 (16%)  
[  8] 245.01-246.00 sec   227 KBytes  1.87 Mbits/sec  6.956 ms  3/169 (1.8%)  
[  8] 246.00-247.00 sec  95.7 KBytes   784 Kbits/sec  9.911 ms  21/91 (23%)  
[  8] 247.00-248.00 sec  65.6 KBytes   537 Kbits/sec  27.411 ms  152/200 (76%)  
[  8] 248.00-249.00 sec  94.3 KBytes   773 Kbits/sec  13.173 ms  81/150 (54%)  
[  8] 249.00-250.00 sec   172 KBytes  1.41 Mbits/sec  7.731 ms  22/148 (15%)  
[  8] 250.00-251.00 sec   237 KBytes  1.94 Mbits/sec  3.802 ms  140/313 (45%)  
[  8] 251.00-252.01 sec   245 KBytes  1.99 Mbits/sec  3.396 ms  0/179 (0%)  
[  8] 252.01-253.00 sec   171 KBytes  1.41 Mbits/sec  14.378 ms  25/150 (17%)  
[  8] 253.00-254.00 sec   212 KBytes  1.74 Mbits/sec  2.884 ms  49/204 (24%)  
[  8] 254.00-255.00 sec   226 KBytes  1.85 Mbits/sec  3.674 ms  16/181 (8.8%)  
[  8] 255.00-256.00 sec   238 KBytes  1.95 Mbits/sec  4.141 ms  2/176 (1.1%)  
[  8] 256.00-257.00 sec   247 KBytes  2.03 Mbits/sec  4.655 ms  0/181 (0%)  
[  8] 257.00-258.00 sec   243 KBytes  1.99 Mbits/sec  3.698 ms  1/179 (0.56%)  
[  8] 258.00-259.00 sec   242 KBytes  1.98 Mbits/sec  3.298 ms  1/178 (0.56%)  
[  8] 259.00-260.00 sec   242 KBytes  1.98 Mbits/sec  3.901 ms  0/177 (0%)  
[  8] 260.00-261.00 sec   230 KBytes  1.88 Mbits/sec  4.913 ms  1/169 (0.59%)  
[  8] 261.00-262.00 sec   133 KBytes  1.09 Mbits/sec  6.135 ms  0/97 (0%)  
[  8] 262.00-263.00 sec   325 KBytes  2.67 Mbits/sec  6.846 ms  12/250 (4.8%)  
[  8] 263.00-264.00 sec  79.3 KBytes   650 Kbits/sec  13.558 ms  106/164 (65%)  
[  8] 264.00-265.00 sec   154 KBytes  1.26 Mbits/sec  5.748 ms  70/183 (38%)  
[  8] 265.00-266.00 sec   135 KBytes  1.11 Mbits/sec  10.475 ms  18/117 (15%)  
[  8] 266.00-267.00 sec  91.6 KBytes   750 Kbits/sec  10.551 ms  15/82 (18%)  
[  8] 267.00-268.00 sec  54.7 KBytes   448 Kbits/sec  11.896 ms  109/149 (73%)  
[  8] 268.00-269.00 sec  71.1 KBytes   582 Kbits/sec  9.526 ms  157/209 (75%)  
[  8] 269.00-270.00 sec  76.6 KBytes   627 Kbits/sec  6.594 ms  120/176 (68%)  
[  8] 270.00-271.00 sec   180 KBytes  1.48 Mbits/sec  9.493 ms  105/237 (44%)  
[  8] 271.00-272.00 sec  95.7 KBytes   782 Kbits/sec  15.871 ms  9/79 (11%)  
[  8] 272.00-273.00 sec  39.6 KBytes   324 Kbits/sec  25.984 ms  0/29 (0%)  
[  8] 273.00-274.00 sec  35.5 KBytes   292 Kbits/sec  27.430 ms  100/126 (79%)  
[  8] 274.00-275.00 sec  30.1 KBytes   246 Kbits/sec  31.910 ms  128/150 (85%)  
[  8] 275.00-276.00 sec  27.3 KBytes   224 Kbits/sec  22.970 ms  116/136 (85%)  
[  8] 276.00-277.00 sec  31.4 KBytes   257 Kbits/sec  31.557 ms  131/154 (85%)  
[  8] 277.00-278.00 sec  34.2 KBytes   280 Kbits/sec  31.463 ms  177/202 (88%)  
[  8] 278.00-279.00 sec  30.1 KBytes   246 Kbits/sec  27.282 ms  179/201 (89%)  
[  8] 279.00-280.00 sec  36.9 KBytes   302 Kbits/sec  31.604 ms  195/222 (88%)  
[  8] 280.00-281.00 sec  32.8 KBytes   269 Kbits/sec  28.366 ms  126/150 (84%)  
[  8] 281.00-282.00 sec   134 KBytes  1.10 Mbits/sec  18.558 ms  471/569 (83%)  
[  8] 282.00-283.00 sec  45.1 KBytes   370 Kbits/sec  39.236 ms  128/161 (80%)  
[  8] 283.00-284.00 sec   243 KBytes  1.99 Mbits/sec  5.249 ms  94/272 (35%)  
[  8] 284.00-285.00 sec   245 KBytes  2.00 Mbits/sec  2.938 ms  3/182 (1.6%)  
[  8] 285.00-286.01 sec   246 KBytes  2.00 Mbits/sec  2.645 ms  0/180 (0%)  
[  8] 286.01-287.00 sec   178 KBytes  1.47 Mbits/sec  7.385 ms  17/147 (12%)  
[  8] 287.00-288.00 sec   212 KBytes  1.74 Mbits/sec  6.334 ms  29/184 (16%)  
[  8] 288.00-289.00 sec   154 KBytes  1.27 Mbits/sec  8.925 ms  50/163 (31%)  
[  8] 289.00-290.00 sec   183 KBytes  1.50 Mbits/sec  5.994 ms  47/181 (26%)  
[  8] 290.00-291.00 sec   272 KBytes  2.23 Mbits/sec  2.454 ms  14/213 (6.6%)  
[  8] 291.00-292.00 sec   247 KBytes  2.03 Mbits/sec  6.001 ms  1/182 (0.55%)  
[  8] 292.00-293.00 sec   241 KBytes  1.97 Mbits/sec  3.967 ms  2/178 (1.1%)  
[  8] 293.00-294.00 sec   238 KBytes  1.96 Mbits/sec  3.178 ms  1/175 (0.57%)  
[  8] 294.00-295.01 sec   250 KBytes  2.02 Mbits/sec  2.645 ms  2/185 (1.1%)  
[  8] 295.01-296.00 sec   239 KBytes  1.99 Mbits/sec  4.412 ms  1/176 (0.57%)  
[  8] 296.00-297.00 sec   241 KBytes  1.97 Mbits/sec  4.539 ms  1/177 (0.56%)  
[  8] 297.00-298.00 sec   242 KBytes  1.98 Mbits/sec  2.608 ms  2/179 (1.1%)  
[  8] 298.00-299.00 sec   245 KBytes  2.00 Mbits/sec  1.903 ms  0/179 (0%)  
[  8] 299.00-300.00 sec   242 KBytes  1.98 Mbits/sec  4.293 ms  0/177 (0%)  
[  8] 300.00-301.00 sec   247 KBytes  2.03 Mbits/sec  3.564 ms  0/181 (0%)  
[  8] 301.00-302.00 sec   232 KBytes  1.90 Mbits/sec  5.610 ms  0/170 (0%)  
[  8] 302.00-303.00 sec   250 KBytes  2.06 Mbits/sec  3.242 ms  5/188 (2.7%)  
[  8] 303.00-304.00 sec   242 KBytes  1.98 Mbits/sec  2.657 ms  0/177 (0%)  
[  8] 304.00-305.00 sec   245 KBytes  2.01 Mbits/sec  2.616 ms  0/179 (0%)  
[  8] 305.00-306.00 sec   239 KBytes  1.96 Mbits/sec  0.219 ms  0/175 (0%)  
[  8] 306.00-307.00 sec   249 KBytes  2.04 Mbits/sec  1.549 ms  0/182 (0%)  
[  8] 307.00-308.00 sec   237 KBytes  1.94 Mbits/sec  1.117 ms  0/173 (0%)  
[  8] 308.00-309.00 sec   197 KBytes  1.61 Mbits/sec  4.048 ms  35/179 (20%)  
[  8] 309.00-310.00 sec   165 KBytes  1.36 Mbits/sec  15.046 ms  34/155 (22%)  
[  8] 310.00-311.00 sec  53.3 KBytes   437 Kbits/sec  18.551 ms  116/155 (75%)  
[  8] 311.00-312.00 sec   152 KBytes  1.24 Mbits/sec  11.387 ms  70/181 (39%)  
[  8] 312.00-313.00 sec   271 KBytes  2.22 Mbits/sec  4.522 ms  31/229 (14%)  
[  8] 313.00-314.00 sec   231 KBytes  1.89 Mbits/sec  5.696 ms  10/179 (5.6%)  
[  8] 314.00-315.00 sec   243 KBytes  1.99 Mbits/sec  3.386 ms  0/178 (0%)  
[  8] 315.00-316.00 sec   243 KBytes  1.99 Mbits/sec  3.239 ms  1/179 (0.56%)  
[  8] 316.00-317.00 sec   223 KBytes  1.83 Mbits/sec  6.563 ms  4/167 (2.4%)  
[  8] 317.00-318.00 sec   149 KBytes  1.22 Mbits/sec  11.865 ms  69/178 (39%)  
[  8] 318.00-319.00 sec   223 KBytes  1.83 Mbits/sec  3.014 ms  26/189 (14%)  
[  8] 319.00-320.00 sec   245 KBytes  2.00 Mbits/sec  4.998 ms  0/179 (0%)  
[  8] 320.00-321.00 sec   235 KBytes  1.93 Mbits/sec  5.575 ms  0/172 (0%)  
[  8] 321.00-322.00 sec   153 KBytes  1.25 Mbits/sec  10.366 ms  28/140 (20%)  
[  8] 322.00-323.00 sec   134 KBytes  1.10 Mbits/sec  13.309 ms  8/106 (7.5%)  
[  8] 323.00-324.00 sec   139 KBytes  1.14 Mbits/sec  12.888 ms  2/104 (1.9%)  
[  8] 324.00-325.00 sec   249 KBytes  2.04 Mbits/sec  5.288 ms  175/357 (49%)  
[  8] 325.00-326.00 sec   191 KBytes  1.57 Mbits/sec  7.747 ms  32/172 (19%)  
[  8] 326.00-327.00 sec   239 KBytes  1.96 Mbits/sec  4.704 ms  23/198 (12%)  
[  8] 327.00-328.00 sec   241 KBytes  1.97 Mbits/sec  1.767 ms  1/177 (0.56%)  
[  8] 328.00-329.00 sec   242 KBytes  1.98 Mbits/sec  1.916 ms  0/177 (0%)  
[  8] 329.00-330.00 sec   249 KBytes  2.04 Mbits/sec  2.190 ms  0/182 (0%)  
[  8] 330.00-331.00 sec   245 KBytes  2.00 Mbits/sec  1.713 ms  0/179 (0%)  
[  8] 331.00-332.00 sec   245 KBytes  2.00 Mbits/sec  2.129 ms  0/179 (0%)  
[  8] 332.00-333.00 sec   231 KBytes  1.89 Mbits/sec  0.822 ms  0/169 (0%)  
[  8] 333.00-334.00 sec   221 KBytes  1.81 Mbits/sec  6.525 ms  22/184 (12%)  
[  8] 334.00-335.00 sec   186 KBytes  1.52 Mbits/sec  7.259 ms  21/157 (13%)  
[  8] 335.00-336.00 sec   221 KBytes  1.81 Mbits/sec  9.768 ms  4/166 (2.4%)  
[  8] 336.00-337.00 sec   157 KBytes  1.29 Mbits/sec  16.377 ms  42/157 (27%)  
[  8] 337.00-338.00 sec   118 KBytes   963 Kbits/sec  8.102 ms  20/106 (19%)  
[  8] 338.00-339.00 sec   105 KBytes   862 Kbits/sec  13.419 ms  23/100 (23%)  
[  8] 339.00-340.00 sec   164 KBytes  1.34 Mbits/sec  2.816 ms  270/390 (69%)  
- - - - - - - - - - - - - - - - - - - - - - - - -
[ ID] Interval           Transfer     Bitrate         Jitter    Lost/Total Datagrams
[  8]   0.00-340.01 sec  68.6 MBytes  1.69 Mbits/sec  2.816 ms  9323/60713 (15%)  receiver
