-----------------------------------------------------------
Server listening on 5201 (test #1)
-----------------------------------------------------------
Accepted connection from 10.0.0.42, port 55264
[  8] local 10.0.0.106 port 5201 connected to 10.0.0.42 port 33095
[ ID] Interval           Transfer     Bitrate         Jitter    Lost/Total Datagrams
[  8]   0.00-1.00   sec  61.5 KBytes   504 Kbits/sec  2.882 ms  0/45 (0%)  
[  8]   1.00-2.00   sec  56.1 KBytes   459 Kbits/sec  13.419 ms  3/44 (6.8%)  
[  8]   2.00-3.00   sec  61.5 KBytes   504 Kbits/sec  4.126 ms  0/45 (0%)  
[  8]   3.00-4.00   sec  60.2 KBytes   493 Kbits/sec  8.110 ms  0/44 (0%)  
[  8]   4.00-5.00   sec  61.5 KBytes   504 Kbits/sec  3.341 ms  0/45 (0%)  
[  8]   5.00-6.00   sec  61.5 KBytes   504 Kbits/sec  1.704 ms  0/45 (0%)  
[  8]   6.00-7.00   sec  61.5 KBytes   504 Kbits/sec  2.465 ms  0/45 (0%)  
[  8]   7.00-8.00   sec  45.1 KBytes   370 Kbits/sec  11.111 ms  0/33 (0%)  
[  8]   8.00-9.00   sec  64.3 KBytes   526 Kbits/sec  6.930 ms  9/56 (16%)  
[  8]   9.00-10.00  sec  60.2 KBytes   493 Kbits/sec  2.714 ms  0/44 (0%)  
[  8]  10.00-11.00  sec  61.5 KBytes   504 Kbits/sec  5.241 ms  0/45 (0%)  
[  8]  11.00-12.00  sec  60.2 KBytes   493 Kbits/sec  3.884 ms  0/44 (0%)  
[  8]  12.00-13.00  sec  61.5 KBytes   504 Kbits/sec  1.497 ms  0/45 (0%)  
[  8]  13.00-14.00  sec  61.5 KBytes   504 Kbits/sec  3.923 ms  0/45 (0%)  
[  8]  14.00-15.00  sec  60.2 KBytes   493 Kbits/sec  6.240 ms  0/44 (0%)  
[  8]  15.00-16.00  sec  60.2 KBytes   493 Kbits/sec  5.636 ms  0/44 (0%)  
[  8]  16.00-17.00  sec  50.6 KBytes   414 Kbits/sec  11.303 ms  0/37 (0%)  
[  8]  17.00-18.00  sec  58.8 KBytes   482 Kbits/sec  10.854 ms  0/43 (0%)  
[  8]  18.00-19.00  sec  46.5 KBytes   381 Kbits/sec  14.691 ms  1/35 (2.9%)  
[  8]  19.00-20.00  sec  86.1 KBytes   706 Kbits/sec  12.208 ms  1/64 (1.6%)  
[  8]  20.00-21.00  sec  61.5 KBytes   504 Kbits/sec  2.650 ms  0/45 (0%)  
[  8]  21.00-22.00  sec  60.2 KBytes   493 Kbits/sec  3.572 ms  0/44 (0%)  
[  8]  22.00-23.00  sec  62.9 KBytes   515 Kbits/sec  3.442 ms  0/46 (0%)  
[  8]  23.00-24.00  sec  60.2 KBytes   493 Kbits/sec  2.185 ms  0/44 (0%)  
[  8]  24.00-25.00  sec  60.2 KBytes   492 Kbits/sec  1.830 ms  0/44 (0%)  
[  8]  25.00-26.00  sec  62.9 KBytes   515 Kbits/sec  3.693 ms  0/46 (0%)  
[  8]  26.00-27.00  sec  60.2 KBytes   493 Kbits/sec  4.103 ms  0/44 (0%)  
[  8]  27.00-28.00  sec  61.5 KBytes   504 Kbits/sec  4.073 ms  0/45 (0%)  
[  8]  28.00-29.00  sec  57.4 KBytes   470 Kbits/sec  7.469 ms  2/44 (4.5%)  
[  8]  29.00-30.00  sec  52.0 KBytes   425 Kbits/sec  9.366 ms  0/38 (0%)  
[  8]  30.00-31.00  sec  43.8 KBytes   359 Kbits/sec  11.770 ms  2/34 (5.9%)  
[  8]  31.00-32.00  sec  62.9 KBytes   515 Kbits/sec  10.254 ms  0/46 (0%)  
[  8]  32.00-33.00  sec  67.0 KBytes   549 Kbits/sec  10.568 ms  0/49 (0%)  
[  8]  33.00-34.00  sec  45.1 KBytes   369 Kbits/sec  15.186 ms  0/33 (0%)  
[  8]  34.00-35.00  sec  42.4 KBytes   347 Kbits/sec  16.390 ms  0/31 (0%)  
[  8]  35.00-36.00  sec  80.7 KBytes   661 Kbits/sec  15.018 ms  23/82 (28%)  
[  8]  36.00-37.00  sec  42.4 KBytes   347 Kbits/sec  17.055 ms  3/34 (8.8%)  
[  8]  37.00-38.00  sec  9.57 KBytes  78.4 Kbits/sec  35.454 ms  19/26 (73%)  
[  8]  38.00-39.00  sec  64.3 KBytes   526 Kbits/sec  8.653 ms  27/74 (36%)  
[  8]  39.00-40.00  sec  58.8 KBytes   481 Kbits/sec  6.180 ms  1/44 (2.3%)  
[  8]  40.00-41.00  sec  60.2 KBytes   494 Kbits/sec  6.613 ms  0/44 (0%)  
[  8]  41.00-42.00  sec  57.4 KBytes   470 Kbits/sec  7.289 ms  2/44 (4.5%)  
[  8]  42.00-43.00  sec  42.4 KBytes   347 Kbits/sec  19.275 ms  0/31 (0%)  
[  8]  43.00-44.00  sec  82.0 KBytes   672 Kbits/sec  6.172 ms  0/60 (0%)  
[  8]  44.00-45.00  sec  42.4 KBytes   347 Kbits/sec  10.601 ms  14/45 (31%)  
[  8]  45.00-46.00  sec  60.2 KBytes   492 Kbits/sec  5.406 ms  0/44 (0%)  
[  8]  46.00-47.00  sec  61.5 KBytes   505 Kbits/sec  5.758 ms  0/45 (0%)  
[  8]  47.00-48.00  sec  58.8 KBytes   482 Kbits/sec  7.830 ms  0/43 (0%)  
[  8]  48.00-49.00  sec  57.4 KBytes   470 Kbits/sec  7.200 ms  4/46 (8.7%)  
[  8]  49.00-50.00  sec  58.8 KBytes   482 Kbits/sec  6.594 ms  0/43 (0%)  
[  8]  50.00-51.00  sec  62.9 KBytes   515 Kbits/sec  6.416 ms  0/46 (0%)  
[  8]  51.00-52.00  sec  50.6 KBytes   414 Kbits/sec  12.848 ms  0/37 (0%)  
[  8]  52.00-53.00  sec  41.0 KBytes   336 Kbits/sec  17.653 ms  0/30 (0%)  
[  8]  53.00-54.00  sec  42.4 KBytes   347 Kbits/sec  20.401 ms  0/31 (0%)  
[  8]  54.00-55.00  sec  28.7 KBytes   235 Kbits/sec  25.438 ms  0/21 (0%)  
[  8]  55.00-56.00  sec  41.0 KBytes   335 Kbits/sec  19.349 ms  29/59 (49%)  
[  8]  56.00-57.00  sec  53.3 KBytes   438 Kbits/sec  14.901 ms  18/57 (32%)  
[  8]  57.00-58.02  sec  47.9 KBytes   386 Kbits/sec  11.469 ms  12/47 (26%)  
[  8]  58.02-59.00  sec  43.8 KBytes   364 Kbits/sec  12.047 ms  8/40 (20%)  
[  8]  59.00-60.00  sec  49.2 KBytes   403 Kbits/sec  17.254 ms  4/40 (10%)  
[  8]  60.00-61.00  sec  45.1 KBytes   370 Kbits/sec  15.816 ms  7/40 (18%)  
[  8]  61.00-62.00  sec  41.0 KBytes   336 Kbits/sec  12.339 ms  20/50 (40%)  
[  8]  62.00-63.00  sec  90.2 KBytes   739 Kbits/sec  16.835 ms  19/85 (22%)  
[  8]  63.00-64.00  sec  52.0 KBytes   426 Kbits/sec  12.510 ms  1/39 (2.6%)  
[  8]  64.00-65.00  sec  38.3 KBytes   313 Kbits/sec  21.114 ms  6/34 (18%)  
[  8]  65.00-66.00  sec  35.5 KBytes   291 Kbits/sec  21.267 ms  3/29 (10%)  
[  8]  66.00-67.00  sec  45.1 KBytes   370 Kbits/sec  12.477 ms  0/33 (0%)  
[  8]  67.00-68.00  sec  49.2 KBytes   402 Kbits/sec  13.410 ms  2/38 (5.3%)  
[  8]  68.00-69.00  sec  58.8 KBytes   483 Kbits/sec  22.495 ms  8/51 (16%)  
[  8]  69.00-70.00  sec  52.0 KBytes   426 Kbits/sec  14.642 ms  2/40 (5%)  
[  8]  70.00-71.00  sec  64.3 KBytes   526 Kbits/sec  18.252 ms  10/57 (18%)  
[  8]  71.00-72.00  sec  67.0 KBytes   549 Kbits/sec  19.362 ms  4/53 (7.5%)  
[  8]  72.00-73.00  sec  80.7 KBytes   661 Kbits/sec  12.430 ms  13/72 (18%)  
[  8]  73.00-74.00  sec  56.1 KBytes   459 Kbits/sec  9.633 ms  2/43 (4.7%)  
[  8]  74.00-75.00  sec  53.3 KBytes   437 Kbits/sec  9.445 ms  7/46 (15%)  
[  8]  75.00-76.00  sec  61.5 KBytes   503 Kbits/sec  5.285 ms  0/45 (0%)  
[  8]  76.00-77.00  sec  60.2 KBytes   494 Kbits/sec  5.439 ms  0/44 (0%)  
[  8]  77.00-78.00  sec  61.5 KBytes   504 Kbits/sec  3.877 ms  0/45 (0%)  
[  8]  78.00-79.00  sec  58.8 KBytes   481 Kbits/sec  9.336 ms  2/45 (4.4%)  
[  8]  79.00-80.00  sec  60.2 KBytes   493 Kbits/sec  6.068 ms  0/44 (0%)  
[  8]  80.00-81.00  sec  58.8 KBytes   482 Kbits/sec  6.615 ms  2/45 (4.4%)  
[  8]  81.00-82.00  sec  61.5 KBytes   503 Kbits/sec  7.777 ms  0/45 (0%)  
[  8]  82.00-83.00  sec  60.2 KBytes   493 Kbits/sec  9.601 ms  0/44 (0%)  
[  8]  83.00-84.00  sec  60.2 KBytes   493 Kbits/sec  8.186 ms  1/45 (2.2%)  
[  8]  84.00-85.00  sec  60.2 KBytes   493 Kbits/sec  5.547 ms  0/44 (0%)  
[  8]  85.00-86.00  sec  58.8 KBytes   481 Kbits/sec  9.628 ms  2/45 (4.4%)  
[  8]  86.00-87.00  sec  58.8 KBytes   482 Kbits/sec  7.313 ms  1/44 (2.3%)  
[  8]  87.00-88.00  sec  56.1 KBytes   459 Kbits/sec  8.957 ms  5/46 (11%)  
[  8]  88.00-89.00  sec  56.1 KBytes   459 Kbits/sec  7.089 ms  3/44 (6.8%)  
[  8]  89.00-90.00  sec  49.2 KBytes   403 Kbits/sec  9.100 ms  5/41 (12%)  
[  8]  90.00-91.00  sec  60.2 KBytes   492 Kbits/sec  7.539 ms  5/49 (10%)  
[  8]  91.00-92.00  sec  47.9 KBytes   392 Kbits/sec  11.819 ms  8/43 (19%)  
[  8]  92.00-93.00  sec  57.4 KBytes   470 Kbits/sec  9.521 ms  4/46 (8.7%)  
[  8]  93.00-94.00  sec  57.4 KBytes   470 Kbits/sec  6.157 ms  1/43 (2.3%)  
[  8]  94.00-95.00  sec  53.3 KBytes   437 Kbits/sec  12.983 ms  5/44 (11%)  
[  8]  95.00-96.00  sec  57.4 KBytes   470 Kbits/sec  9.944 ms  5/47 (11%)  
[  8]  96.00-97.00  sec  58.8 KBytes   482 Kbits/sec  8.858 ms  1/44 (2.3%)  
[  8]  97.00-98.00  sec  58.8 KBytes   482 Kbits/sec  13.434 ms  1/44 (2.3%)  
[  8]  98.00-99.00  sec  57.4 KBytes   470 Kbits/sec  13.138 ms  2/44 (4.5%)  
[  8]  99.00-100.00 sec  60.2 KBytes   493 Kbits/sec  12.864 ms  2/46 (4.3%)  
[  8] 100.00-101.00 sec  58.8 KBytes   482 Kbits/sec  9.477 ms  1/44 (2.3%)  
[  8] 101.00-102.00 sec  57.4 KBytes   470 Kbits/sec  8.636 ms  0/42 (0%)  
[  8] 102.00-103.00 sec  42.4 KBytes   347 Kbits/sec  18.068 ms  14/45 (31%)  
[  8] 103.00-104.00 sec  60.2 KBytes   493 Kbits/sec  9.362 ms  4/48 (8.3%)  
[  8] 104.00-105.00 sec  50.6 KBytes   414 Kbits/sec  13.569 ms  1/38 (2.6%)  
[  8] 105.00-106.00 sec  62.9 KBytes   515 Kbits/sec  19.395 ms  1/47 (2.1%)  
[  8] 106.00-107.00 sec  65.6 KBytes   538 Kbits/sec  5.871 ms  1/49 (2%)  
[  8] 107.00-108.00 sec  60.2 KBytes   493 Kbits/sec  7.055 ms  0/44 (0%)  
[  8] 108.00-109.00 sec  60.2 KBytes   493 Kbits/sec  9.455 ms  1/45 (2.2%)  
[  8] 109.00-110.00 sec  61.5 KBytes   504 Kbits/sec  4.321 ms  0/45 (0%)  
[  8] 110.00-111.00 sec  58.8 KBytes   482 Kbits/sec  6.432 ms  0/43 (0%)  
[  8] 111.00-112.00 sec  61.5 KBytes   504 Kbits/sec  4.497 ms  0/45 (0%)  
[  8] 112.00-113.00 sec  62.9 KBytes   515 Kbits/sec  6.160 ms  0/46 (0%)  
[  8] 113.00-114.00 sec  60.2 KBytes   493 Kbits/sec  3.585 ms  0/44 (0%)  
[  8] 114.00-115.00 sec  61.5 KBytes   504 Kbits/sec  4.104 ms  0/45 (0%)  
[  8] 115.00-116.00 sec  61.5 KBytes   504 Kbits/sec  3.925 ms  0/45 (0%)  
[  8] 116.00-117.00 sec  60.2 KBytes   493 Kbits/sec  3.195 ms  0/44 (0%)  
[  8] 117.00-118.00 sec  58.8 KBytes   482 Kbits/sec  3.658 ms  0/43 (0%)  
[  8] 118.00-119.00 sec  58.8 KBytes   481 Kbits/sec  5.835 ms  0/43 (0%)  
[  8] 119.00-120.00 sec  20.5 KBytes   168 Kbits/sec  24.678 ms  2/17 (12%)  
[  8] 120.00-121.00 sec  31.4 KBytes   257 Kbits/sec  14.863 ms  15/38 (39%)  
[  8] 121.00-122.00 sec  21.9 KBytes   180 Kbits/sec  18.656 ms  27/43 (63%)  
[  8] 122.00-123.00 sec  26.0 KBytes   213 Kbits/sec  17.437 ms  24/43 (56%)  
[  8] 123.00-124.00 sec  65.6 KBytes   538 Kbits/sec  12.534 ms  37/85 (44%)  
[  8] 124.00-125.00 sec  57.4 KBytes   470 Kbits/sec  10.348 ms  2/44 (4.5%)  
[  8] 125.00-126.00 sec  61.5 KBytes   504 Kbits/sec  4.254 ms  1/46 (2.2%)  
[  8] 126.00-127.00 sec  61.5 KBytes   504 Kbits/sec  4.240 ms  0/45 (0%)  
[  8] 127.00-128.00 sec  60.2 KBytes   493 Kbits/sec  5.057 ms  0/44 (0%)  
[  8] 128.00-129.00 sec  58.8 KBytes   482 Kbits/sec  6.589 ms  1/44 (2.3%)  
[  8] 129.00-130.00 sec  61.5 KBytes   504 Kbits/sec  5.393 ms  0/45 (0%)  
[  8] 130.00-131.00 sec  53.3 KBytes   437 Kbits/sec  4.886 ms  3/42 (7.1%)  
[  8] 131.00-132.00 sec  62.9 KBytes   515 Kbits/sec  6.831 ms  0/46 (0%)  
[  8] 132.00-133.00 sec  58.8 KBytes   482 Kbits/sec  8.958 ms  3/46 (6.5%)  
[  8] 133.00-134.00 sec  61.5 KBytes   504 Kbits/sec  6.561 ms  0/45 (0%)  
[  8] 134.00-135.00 sec  61.5 KBytes   504 Kbits/sec  5.142 ms  0/45 (0%)  
[  8] 135.00-136.00 sec  58.8 KBytes   482 Kbits/sec  7.228 ms  1/44 (2.3%)  
[  8] 136.00-137.00 sec  57.4 KBytes   470 Kbits/sec  5.044 ms  3/45 (6.7%)  
[  8] 137.00-138.00 sec  52.0 KBytes   426 Kbits/sec  9.884 ms  3/41 (7.3%)  
[  8] 138.00-139.00 sec  54.7 KBytes   448 Kbits/sec  9.389 ms  8/48 (17%)  
[  8] 139.00-140.00 sec  54.7 KBytes   446 Kbits/sec  12.062 ms  3/43 (7%)  
[  8] 140.00-141.00 sec  62.9 KBytes   516 Kbits/sec  8.960 ms  0/46 (0%)  
[  8] 141.00-142.00 sec  60.2 KBytes   494 Kbits/sec  10.382 ms  1/45 (2.2%)  
[  8] 142.00-143.00 sec  56.1 KBytes   459 Kbits/sec  10.399 ms  1/42 (2.4%)  
[  8] 143.00-144.00 sec  41.0 KBytes   336 Kbits/sec  17.148 ms  0/30 (0%)  
[  8] 144.00-145.00 sec  83.4 KBytes   682 Kbits/sec  8.433 ms  0/61 (0%)  
[  8] 145.00-146.00 sec  57.4 KBytes   471 Kbits/sec  8.725 ms  3/45 (6.7%)  
[  8] 146.00-147.00 sec  58.8 KBytes   482 Kbits/sec  11.075 ms  2/45 (4.4%)  
[  8] 147.00-148.00 sec  58.8 KBytes   481 Kbits/sec  6.315 ms  0/43 (0%)  
[  8] 148.00-149.00 sec  61.5 KBytes   504 Kbits/sec  5.355 ms  2/47 (4.3%)  
[  8] 149.00-150.00 sec  54.7 KBytes   448 Kbits/sec  8.551 ms  4/44 (9.1%)  
[  8] 150.00-151.00 sec  53.3 KBytes   437 Kbits/sec  10.385 ms  6/45 (13%)  
[  8] 151.00-152.00 sec  61.5 KBytes   504 Kbits/sec  5.431 ms  0/45 (0%)  
[  8] 152.00-153.00 sec  54.7 KBytes   448 Kbits/sec  8.413 ms  4/44 (9.1%)  
[  8] 153.00-154.00 sec  58.8 KBytes   482 Kbits/sec  6.330 ms  2/45 (4.4%)  
[  8] 154.00-155.00 sec  61.5 KBytes   504 Kbits/sec  4.942 ms  0/45 (0%)  
[  8] 155.00-156.01 sec  56.1 KBytes   457 Kbits/sec  6.490 ms  1/42 (2.4%)  
[  8] 156.01-157.00 sec  62.9 KBytes   518 Kbits/sec  10.136 ms  0/46 (0%)  
[  8] 157.00-158.00 sec  46.5 KBytes   381 Kbits/sec  12.487 ms  0/34 (0%)  
[  8] 158.00-159.00 sec  65.6 KBytes   538 Kbits/sec  9.835 ms  8/56 (14%)  
[  8] 159.00-160.00 sec  60.2 KBytes   493 Kbits/sec  11.256 ms  1/45 (2.2%)  
[  8] 160.00-161.00 sec  57.4 KBytes   470 Kbits/sec  7.661 ms  2/44 (4.5%)  
[  8] 161.00-162.00 sec  60.2 KBytes   493 Kbits/sec  3.568 ms  0/44 (0%)  
[  8] 162.00-163.00 sec  61.5 KBytes   504 Kbits/sec  4.666 ms  1/46 (2.2%)  
[  8] 163.00-164.00 sec  53.3 KBytes   437 Kbits/sec  10.040 ms  1/40 (2.5%)  
[  8] 164.00-165.00 sec  60.2 KBytes   493 Kbits/sec  9.766 ms  4/48 (8.3%)  
[  8] 165.00-166.00 sec  54.7 KBytes   448 Kbits/sec  6.594 ms  3/43 (7%)  
[  8] 166.00-167.00 sec  43.8 KBytes   358 Kbits/sec  11.468 ms  4/36 (11%)  
[  8] 167.00-168.00 sec  68.4 KBytes   560 Kbits/sec  6.844 ms  6/56 (11%)  
[  8] 168.00-169.00 sec  60.2 KBytes   493 Kbits/sec  2.233 ms  1/45 (2.2%)  
[  8] 169.00-170.00 sec  60.2 KBytes   493 Kbits/sec  6.534 ms  0/44 (0%)  
[  8] 170.00-171.00 sec  61.5 KBytes   504 Kbits/sec  3.025 ms  0/45 (0%)  
[  8] 171.00-172.00 sec  60.2 KBytes   493 Kbits/sec  2.913 ms  0/44 (0%)  
[  8] 172.00-173.00 sec  54.7 KBytes   448 Kbits/sec  10.164 ms  3/43 (7%)  
[  8] 173.00-174.00 sec  61.5 KBytes   504 Kbits/sec  6.518 ms  0/45 (0%)  
[  8] 174.00-175.00 sec  62.9 KBytes   515 Kbits/sec  4.118 ms  1/47 (2.1%)  
[  8] 175.00-176.00 sec  57.4 KBytes   470 Kbits/sec  4.412 ms  2/44 (4.5%)  
[  8] 176.00-177.00 sec  60.2 KBytes   493 Kbits/sec  5.687 ms  1/45 (2.2%)  
[  8] 177.00-178.00 sec  54.7 KBytes   448 Kbits/sec  7.735 ms  0/40 (0%)  
[  8] 178.00-179.00 sec  32.8 KBytes   269 Kbits/sec  21.636 ms  0/24 (0%)  
[  8] 179.00-180.00 sec  23.2 KBytes   190 Kbits/sec  33.309 ms  0/17 (0%)  
[  8] 180.00-181.00 sec  34.2 KBytes   280 Kbits/sec  39.841 ms  25/50 (50%)  
[  8] 181.00-182.00 sec  26.0 KBytes   213 Kbits/sec  42.897 ms  12/31 (39%)  
[  8] 182.00-183.00 sec  26.0 KBytes   213 Kbits/sec  27.714 ms  11/30 (37%)  
[  8] 183.00-184.00 sec  23.2 KBytes   190 Kbits/sec  30.928 ms  16/33 (48%)  
[  8] 184.00-185.01 sec  42.4 KBytes   345 Kbits/sec  25.175 ms  21/52 (40%)  
[  8] 185.01-186.00 sec  68.4 KBytes   564 Kbits/sec  18.947 ms  68/118 (58%)  
[  8] 186.00-187.00 sec  36.9 KBytes   302 Kbits/sec  19.976 ms  0/27 (0%)  
[  8] 187.00-188.00 sec  32.8 KBytes   269 Kbits/sec  20.684 ms  1/25 (4%)  
[  8] 188.00-189.00 sec  94.3 KBytes   773 Kbits/sec  10.464 ms  17/86 (20%)  
[  8] 189.00-190.00 sec  60.2 KBytes   493 Kbits/sec  5.698 ms  2/46 (4.3%)  
[  8] 190.00-191.00 sec  43.8 KBytes   358 Kbits/sec  15.592 ms  0/32 (0%)  
[  8] 191.00-192.00 sec  80.7 KBytes   661 Kbits/sec  9.564 ms  0/59 (0%)  
[  8] 192.00-193.00 sec  50.6 KBytes   414 Kbits/sec  11.565 ms  0/37 (0%)  
[  8] 193.00-194.00 sec  68.4 KBytes   560 Kbits/sec  12.127 ms  0/50 (0%)  
[  8] 194.00-195.00 sec  62.9 KBytes   515 Kbits/sec  4.856 ms  1/47 (2.1%)  
[  8] 195.00-196.00 sec  60.2 KBytes   493 Kbits/sec  6.654 ms  0/44 (0%)  
[  8] 196.00-197.00 sec  58.8 KBytes   482 Kbits/sec  7.692 ms  1/44 (2.3%)  
[  8] 197.00-198.00 sec  54.7 KBytes   448 Kbits/sec  9.576 ms  1/41 (2.4%)  
[  8] 198.00-199.00 sec  30.1 KBytes   246 Kbits/sec  21.549 ms  6/28 (21%)  
[  8] 199.00-200.00 sec  47.9 KBytes   392 Kbits/sec  18.752 ms  30/65 (46%)  
[  8] 200.00-201.00 sec  61.5 KBytes   504 Kbits/sec  7.100 ms  0/45 (0%)  
[  8] 201.00-202.00 sec  57.4 KBytes   470 Kbits/sec  6.859 ms  2/44 (4.5%)  
[  8] 202.00-203.00 sec  62.9 KBytes   515 Kbits/sec  9.012 ms  0/46 (0%)  
[  8] 203.00-204.00 sec  60.2 KBytes   493 Kbits/sec  5.055 ms  0/44 (0%)  
[  8] 204.00-205.00 sec  60.2 KBytes   493 Kbits/sec  6.360 ms  0/44 (0%)  
[  8] 205.00-206.00 sec  61.5 KBytes   504 Kbits/sec  6.761 ms  0/45 (0%)  
[  8] 206.00-207.00 sec  61.5 KBytes   504 Kbits/sec  4.662 ms  0/45 (0%)  
[  8] 207.00-208.00 sec  60.2 KBytes   493 Kbits/sec  5.052 ms  0/44 (0%)  
[  8] 208.00-209.00 sec  57.4 KBytes   470 Kbits/sec  6.433 ms  0/42 (0%)  
[  8] 209.00-210.00 sec  60.2 KBytes   493 Kbits/sec  10.290 ms  4/48 (8.3%)  
[  8] 210.00-211.00 sec  57.4 KBytes   470 Kbits/sec  10.447 ms  2/44 (4.5%)  
[  8] 211.00-212.00 sec  52.0 KBytes   424 Kbits/sec  8.236 ms  7/45 (16%)  
[  8] 212.00-213.00 sec  54.7 KBytes   449 Kbits/sec  8.980 ms  4/44 (9.1%)  
[  8] 213.00-214.00 sec  58.8 KBytes   482 Kbits/sec  6.070 ms  1/44 (2.3%)  
[  8] 214.00-215.00 sec  62.9 KBytes   515 Kbits/sec  5.364 ms  0/46 (0%)  
[  8] 215.00-216.00 sec  58.8 KBytes   482 Kbits/sec  8.148 ms  2/45 (4.4%)  
[  8] 216.00-217.02 sec  60.2 KBytes   485 Kbits/sec  7.030 ms  0/44 (0%)  
[  8] 217.02-218.00 sec  58.8 KBytes   489 Kbits/sec  6.168 ms  2/45 (4.4%)  
[  8] 218.00-219.00 sec  54.7 KBytes   448 Kbits/sec  11.545 ms  3/43 (7%)  
[  8] 219.00-220.00 sec  49.2 KBytes   403 Kbits/sec  11.388 ms  3/39 (7.7%)  
[  8] 220.00-221.00 sec  50.6 KBytes   414 Kbits/sec  7.960 ms  3/40 (7.5%)  
[  8] 221.00-222.00 sec  47.9 KBytes   392 Kbits/sec  10.176 ms  0/35 (0%)  
[  8] 222.00-223.00 sec  27.3 KBytes   224 Kbits/sec  12.896 ms  16/36 (44%)  
[  8] 223.00-224.00 sec  69.7 KBytes   571 Kbits/sec  7.759 ms  24/75 (32%)  
[  8] 224.00-225.00 sec  60.2 KBytes   491 Kbits/sec  4.427 ms  0/44 (0%)  
[  8] 225.00-226.00 sec  61.5 KBytes   506 Kbits/sec  4.298 ms  0/45 (0%)  
[  8] 226.00-227.00 sec  61.5 KBytes   505 Kbits/sec  5.990 ms  0/45 (0%)  
[  8] 227.00-228.00 sec  60.2 KBytes   493 Kbits/sec  6.317 ms  0/44 (0%)  
[  8] 228.00-229.00 sec  61.5 KBytes   504 Kbits/sec  3.233 ms  0/45 (0%)  
[  8] 229.00-230.00 sec  60.2 KBytes   493 Kbits/sec  3.845 ms  0/44 (0%)  
[  8] 230.00-231.00 sec  61.5 KBytes   504 Kbits/sec  5.504 ms  0/45 (0%)  
[  8] 231.00-232.00 sec  61.5 KBytes   503 Kbits/sec  6.764 ms  0/45 (0%)  
[  8] 232.00-233.00 sec  57.4 KBytes   471 Kbits/sec  5.925 ms  0/42 (0%)  
[  8] 233.00-234.00 sec  62.9 KBytes   514 Kbits/sec  4.939 ms  0/46 (0%)  
[  8] 234.00-235.00 sec  60.2 KBytes   494 Kbits/sec  2.748 ms  0/44 (0%)  
[  8] 235.00-236.00 sec  62.9 KBytes   515 Kbits/sec  5.606 ms  0/46 (0%)  
[  8] 236.00-237.00 sec  61.5 KBytes   504 Kbits/sec  3.553 ms  0/45 (0%)  
[  8] 237.00-238.00 sec  56.1 KBytes   459 Kbits/sec  6.450 ms  3/44 (6.8%)  
[  8] 238.00-239.00 sec  60.2 KBytes   493 Kbits/sec  8.133 ms  0/44 (0%)  
[  8] 239.00-240.00 sec  62.9 KBytes   515 Kbits/sec  10.483 ms  0/46 (0%)  
[  8] 240.00-241.00 sec  61.5 KBytes   504 Kbits/sec  6.616 ms  0/45 (0%)  
[  8] 241.00-242.00 sec  60.2 KBytes   493 Kbits/sec  1.917 ms  0/44 (0%)  
[  8] 242.00-243.00 sec  57.4 KBytes   470 Kbits/sec  7.105 ms  2/44 (4.5%)  
[  8] 243.00-244.00 sec  61.5 KBytes   504 Kbits/sec  10.965 ms  0/45 (0%)  
[  8] 244.00-245.00 sec  54.7 KBytes   448 Kbits/sec  6.185 ms  0/40 (0%)  
[  8] 245.00-246.00 sec  65.6 KBytes   538 Kbits/sec  5.104 ms  2/50 (4%)  
[  8] 246.00-247.00 sec  58.8 KBytes   482 Kbits/sec  7.426 ms  1/44 (2.3%)  
[  8] 247.00-248.00 sec  60.2 KBytes   493 Kbits/sec  7.383 ms  1/45 (2.2%)  
[  8] 248.00-249.00 sec  60.2 KBytes   493 Kbits/sec  16.925 ms  1/45 (2.2%)  
[  8] 249.00-250.00 sec  57.4 KBytes   470 Kbits/sec  9.535 ms  3/45 (6.7%)  
[  8] 250.00-251.00 sec  58.8 KBytes   482 Kbits/sec  9.024 ms  1/44 (2.3%)  
[  8] 251.00-252.00 sec  57.4 KBytes   470 Kbits/sec  6.982 ms  3/45 (6.7%)  
[  8] 252.00-253.00 sec  60.2 KBytes   492 Kbits/sec  3.642 ms  1/45 (2.2%)  
[  8] 253.00-254.00 sec  56.1 KBytes   459 Kbits/sec  4.414 ms  3/44 (6.8%)  
[  8] 254.00-255.00 sec  57.4 KBytes   470 Kbits/sec  4.931 ms  3/45 (6.7%)  
[  8] 255.00-256.00 sec  60.2 KBytes   493 Kbits/sec  5.395 ms  0/44 (0%)  
[  8] 256.00-257.00 sec  61.5 KBytes   503 Kbits/sec  5.579 ms  0/45 (0%)  
[  8] 257.00-258.00 sec  58.8 KBytes   483 Kbits/sec  7.009 ms  2/45 (4.4%)  
[  8] 258.00-259.00 sec  60.2 KBytes   493 Kbits/sec  5.804 ms  0/44 (0%)  
[  8] 259.00-260.00 sec  60.2 KBytes   492 Kbits/sec  9.505 ms  1/45 (2.2%)  
[  8] 260.00-261.00 sec  54.7 KBytes   448 Kbits/sec  9.400 ms  3/43 (7%)  
[  8] 261.00-262.00 sec  45.1 KBytes   370 Kbits/sec  16.834 ms  1/34 (2.9%)  
[  8] 262.00-263.00 sec  43.8 KBytes   358 Kbits/sec  16.087 ms  24/56 (43%)  
[  8] 263.00-264.00 sec  60.2 KBytes   492 Kbits/sec  8.576 ms  1/45 (2.2%)  
[  8] 264.00-265.00 sec  42.4 KBytes   348 Kbits/sec  19.706 ms  1/32 (3.1%)  
[  8] 265.00-266.00 sec  56.1 KBytes   459 Kbits/sec  19.043 ms  6/47 (13%)  
[  8] 266.00-267.00 sec  23.2 KBytes   190 Kbits/sec  30.810 ms  2/19 (11%)  
[  8] 267.00-268.00 sec  30.1 KBytes   246 Kbits/sec  21.922 ms  13/35 (37%)  
[  8] 268.00-269.00 sec  30.1 KBytes   246 Kbits/sec  13.439 ms  15/37 (41%)  
[  8] 269.00-270.00 sec  41.0 KBytes   336 Kbits/sec  10.446 ms  27/57 (47%)  
[  8] 270.00-271.00 sec  56.1 KBytes   459 Kbits/sec  27.299 ms  34/75 (45%)  
[  8] 271.00-272.00 sec  73.8 KBytes   605 Kbits/sec  4.438 ms  2/56 (3.6%)  
[  8] 272.00-273.00 sec  61.5 KBytes   504 Kbits/sec  3.923 ms  0/45 (0%)  
[  8] 273.00-274.00 sec  60.2 KBytes   493 Kbits/sec  2.820 ms  0/44 (0%)  
[  8] 274.00-275.00 sec  61.5 KBytes   504 Kbits/sec  1.140 ms  0/45 (0%)  
[  8] 275.00-276.00 sec  60.2 KBytes   493 Kbits/sec  3.514 ms  0/44 (0%)  
[  8] 276.00-277.00 sec  61.5 KBytes   504 Kbits/sec  2.593 ms  0/45 (0%)  
[  8] 277.00-278.00 sec  61.5 KBytes   504 Kbits/sec  1.623 ms  0/45 (0%)  
[  8] 278.00-279.00 sec  60.2 KBytes   493 Kbits/sec  3.891 ms  0/44 (0%)  
[  8] 279.00-280.00 sec  61.5 KBytes   504 Kbits/sec  2.100 ms  0/45 (0%)  
[  8] 280.00-281.00 sec  60.2 KBytes   493 Kbits/sec  4.784 ms  0/44 (0%)  
[  8] 281.00-282.00 sec  58.8 KBytes   482 Kbits/sec  4.978 ms  2/45 (4.4%)  
[  8] 282.00-283.00 sec  58.8 KBytes   482 Kbits/sec  1.925 ms  0/43 (0%)  
[  8] 283.00-284.00 sec  62.9 KBytes   515 Kbits/sec  2.843 ms  1/47 (2.1%)  
[  8] 284.00-285.00 sec  60.2 KBytes   493 Kbits/sec  1.906 ms  0/44 (0%)  
[  8] 285.00-286.00 sec  60.2 KBytes   493 Kbits/sec  3.306 ms  0/44 (0%)  
[  8] 286.00-287.00 sec  61.5 KBytes   504 Kbits/sec  5.046 ms  0/45 (0%)  
[  8] 287.00-288.00 sec  60.2 KBytes   493 Kbits/sec  2.543 ms  0/44 (0%)  
[  8] 288.00-289.00 sec  56.1 KBytes   459 Kbits/sec  10.531 ms  0/41 (0%)  
[  8] 289.00-290.00 sec  52.0 KBytes   426 Kbits/sec  9.603 ms  0/38 (0%)  
[  8] 290.00-291.00 sec  76.6 KBytes   627 Kbits/sec  8.900 ms  0/56 (0%)  
[  8] 291.00-292.00 sec  60.2 KBytes   493 Kbits/sec  6.109 ms  0/44 (0%)  
[  8] 292.00-293.00 sec  54.7 KBytes   448 Kbits/sec  9.000 ms  5/45 (11%)  
[  8] 293.00-294.00 sec  61.5 KBytes   504 Kbits/sec  7.150 ms  0/45 (0%)  
[  8] 294.00-295.00 sec  58.8 KBytes   482 Kbits/sec  6.736 ms  1/44 (2.3%)  
[  8] 295.00-296.00 sec  58.8 KBytes   482 Kbits/sec  7.890 ms  2/45 (4.4%)  
[  8] 296.00-297.00 sec  61.5 KBytes   504 Kbits/sec  5.045 ms  0/45 (0%)  
[  8] 297.00-298.00 sec  58.8 KBytes   482 Kbits/sec  7.788 ms  1/44 (2.3%)  
[  8] 298.00-299.00 sec  61.5 KBytes   504 Kbits/sec  5.558 ms  0/45 (0%)  
[  8] 299.00-300.00 sec  61.5 KBytes   504 Kbits/sec  4.621 ms  0/45 (0%)  
[  8] 300.00-301.00 sec  58.8 KBytes   482 Kbits/sec  6.493 ms  0/43 (0%)  
[  8] 301.00-302.00 sec  62.9 KBytes   515 Kbits/sec  7.253 ms  0/46 (0%)  
[  8] 302.00-303.00 sec  57.4 KBytes   470 Kbits/sec  6.919 ms  3/45 (6.7%)  
[  8] 303.00-304.00 sec  60.2 KBytes   493 Kbits/sec  4.303 ms  0/44 (0%)  
[  8] 304.00-305.00 sec  61.5 KBytes   504 Kbits/sec  4.749 ms  0/45 (0%)  
[  8] 305.00-306.00 sec  60.2 KBytes   493 Kbits/sec  4.437 ms  0/44 (0%)  
[  8] 306.00-307.00 sec  60.2 KBytes   493 Kbits/sec  4.657 ms  1/45 (2.2%)  
[  8] 307.00-308.00 sec  61.5 KBytes   504 Kbits/sec  5.095 ms  0/45 (0%)  
[  8] 308.00-309.00 sec  58.8 KBytes   482 Kbits/sec  11.837 ms  1/44 (2.3%)  
[  8] 309.00-310.00 sec  61.5 KBytes   504 Kbits/sec  9.035 ms  0/45 (0%)  
[  8] 310.00-311.00 sec  57.4 KBytes   470 Kbits/sec  9.134 ms  1/43 (2.3%)  
[  8] 311.00-312.00 sec  21.9 KBytes   179 Kbits/sec  26.282 ms  2/18 (11%)  
[  8] 312.00-313.00 sec  76.6 KBytes   627 Kbits/sec  11.730 ms  17/73 (23%)  
[  8] 313.00-314.00 sec  58.8 KBytes   482 Kbits/sec  7.697 ms  0/43 (0%)  
[  8] 314.00-315.00 sec  61.5 KBytes   504 Kbits/sec  5.529 ms  1/46 (2.2%)  
[  8] 315.00-316.00 sec  61.5 KBytes   504 Kbits/sec  4.615 ms  0/45 (0%)  
[  8] 316.00-317.00 sec  61.5 KBytes   504 Kbits/sec  4.836 ms  0/45 (0%)  
[  8] 317.00-318.00 sec  61.5 KBytes   504 Kbits/sec  9.534 ms  0/45 (0%)  
[  8] 318.00-319.00 sec  60.2 KBytes   493 Kbits/sec  11.611 ms  0/44 (0%)  
[  8] 319.00-320.00 sec  60.2 KBytes   493 Kbits/sec  7.465 ms  0/44 (0%)  
[  8] 320.00-321.00 sec  60.2 KBytes   493 Kbits/sec  6.513 ms  1/45 (2.2%)  
[  8] 321.00-322.00 sec  61.5 KBytes   504 Kbits/sec  8.200 ms  0/45 (0%)  
[  8] 322.00-323.00 sec  60.2 KBytes   493 Kbits/sec  5.664 ms  0/44 (0%)  
[  8] 323.00-324.00 sec  61.5 KBytes   504 Kbits/sec  4.192 ms  0/45 (0%)  
[  8] 324.00-325.00 sec  57.4 KBytes   470 Kbits/sec  7.653 ms  1/43 (2.3%)  
[  8] 325.00-326.00 sec  46.5 KBytes   381 Kbits/sec  18.774 ms  1/35 (2.9%)  
[  8] 326.00-327.00 sec  75.2 KBytes   616 Kbits/sec  18.118 ms  1/56 (1.8%)  
[  8] 327.00-328.00 sec  60.2 KBytes   493 Kbits/sec  5.787 ms  1/45 (2.2%)  
[  8] 328.00-329.00 sec  61.5 KBytes   504 Kbits/sec  3.937 ms  0/45 (0%)  
[  8] 329.00-330.00 sec  60.2 KBytes   493 Kbits/sec  3.558 ms  0/44 (0%)  
[  8] 330.00-331.00 sec  61.5 KBytes   504 Kbits/sec  2.644 ms  0/45 (0%)  
[  8] 331.00-332.00 sec  58.8 KBytes   482 Kbits/sec  4.914 ms  0/43 (0%)  
[  8] 332.00-333.00 sec  62.9 KBytes   515 Kbits/sec  5.115 ms  0/46 (0%)  
[  8] 333.00-334.00 sec  60.2 KBytes   493 Kbits/sec  6.661 ms  0/44 (0%)  
[  8] 334.00-335.00 sec  60.2 KBytes   493 Kbits/sec  11.143 ms  0/44 (0%)  
[  8] 335.00-336.00 sec  56.1 KBytes   459 Kbits/sec  6.617 ms  5/46 (11%)  
[  8] 336.00-337.00 sec  61.5 KBytes   504 Kbits/sec  3.471 ms  0/45 (0%)  
[  8] 337.00-338.00 sec  60.2 KBytes   493 Kbits/sec  10.502 ms  0/44 (0%)  
[  8] 338.00-339.00 sec  58.8 KBytes   482 Kbits/sec  10.560 ms  1/44 (2.3%)  
[  8] 339.00-340.00 sec  56.1 KBytes   458 Kbits/sec  9.395 ms  0/41 (0%)  
[  8] 340.00-340.16 sec  6.84 KBytes   364 Kbits/sec  11.402 ms  0/5 (0%)  
- - - - - - - - - - - - - - - - - - - - - - - - -
[ ID] Interval           Transfer     Bitrate         Jitter    Lost/Total Datagrams
[  8]   0.00-340.16 sec  18.9 MBytes   465 Kbits/sec  11.402 ms  1051/15179 (6.9%)  receiver
