-----------------------------------------------------------
Server listening on 5201 (test #1)
-----------------------------------------------------------
Accepted connection from 10.0.0.91, port 40756
[  8] local 10.0.0.123 port 5201 connected to 10.0.0.91 port 36945
[ ID] Interval           Transfer     Bitrate         Jitter    Lost/Total Datagrams
[  8]   0.00-1.00   sec  60.2 KBytes   493 Kbits/sec  3.942 ms  0/44 (0%)  
[  8]   1.00-2.00   sec  61.5 KBytes   504 Kbits/sec  5.159 ms  0/45 (0%)  
[  8]   2.00-3.00   sec  61.5 KBytes   504 Kbits/sec  3.328 ms  0/45 (0%)  
[  8]   3.00-4.00   sec  61.5 KBytes   504 Kbits/sec  3.030 ms  0/45 (0%)  
[  8]   4.00-5.00   sec  60.2 KBytes   493 Kbits/sec  4.314 ms  0/44 (0%)  
[  8]   5.00-6.00   sec  61.5 KBytes   504 Kbits/sec  6.128 ms  0/45 (0%)  
[  8]   6.00-7.00   sec  60.2 KBytes   493 Kbits/sec  4.676 ms  0/44 (0%)  
[  8]   7.00-8.00   sec  60.2 KBytes   493 Kbits/sec  6.524 ms  0/44 (0%)  
[  8]   8.00-9.00   sec  62.9 KBytes   515 Kbits/sec  5.044 ms  0/46 (0%)  
[  8]   9.00-10.00  sec  58.8 KBytes   480 Kbits/sec  7.843 ms  0/43 (0%)  
[  8]  10.00-11.00  sec  62.9 KBytes   517 Kbits/sec  4.368 ms  0/46 (0%)  
[  8]  11.00-12.00  sec  60.2 KBytes   493 Kbits/sec  4.228 ms  0/44 (0%)  
[  8]  12.00-13.00  sec  61.5 KBytes   504 Kbits/sec  5.685 ms  0/45 (0%)  
[  8]  13.00-14.00  sec  60.2 KBytes   493 Kbits/sec  3.942 ms  1/45 (2.2%)  
[  8]  14.00-15.00  sec  60.2 KBytes   493 Kbits/sec  4.413 ms  0/44 (0%)  
[  8]  15.00-16.00  sec  61.5 KBytes   504 Kbits/sec  5.615 ms  0/45 (0%)  
[  8]  16.00-17.00  sec  61.5 KBytes   503 Kbits/sec  6.703 ms  0/45 (0%)  
[  8]  17.00-18.00  sec  60.2 KBytes   494 Kbits/sec  5.609 ms  0/44 (0%)  
[  8]  18.00-19.00  sec  61.5 KBytes   504 Kbits/sec  3.836 ms  0/45 (0%)  
[  8]  19.00-20.00  sec  60.2 KBytes   493 Kbits/sec  5.458 ms  0/44 (0%)  
[  8]  20.00-21.00  sec  61.5 KBytes   504 Kbits/sec  5.381 ms  0/45 (0%)  
[  8]  21.00-22.00  sec  61.5 KBytes   504 Kbits/sec  4.685 ms  0/45 (0%)  
[  8]  22.00-23.00  sec  60.2 KBytes   493 Kbits/sec  4.875 ms  0/44 (0%)  
[  8]  23.00-24.00  sec  61.5 KBytes   504 Kbits/sec  6.181 ms  0/45 (0%)  
[  8]  24.00-25.00  sec  61.5 KBytes   504 Kbits/sec  4.610 ms  0/45 (0%)  
[  8]  25.00-26.00  sec  60.2 KBytes   493 Kbits/sec  7.194 ms  0/44 (0%)  
[  8]  26.00-27.00  sec  61.5 KBytes   504 Kbits/sec  4.112 ms  0/45 (0%)  
[  8]  27.00-28.00  sec  60.2 KBytes   493 Kbits/sec  4.611 ms  0/44 (0%)  
[  8]  28.00-29.00  sec  61.5 KBytes   504 Kbits/sec  5.066 ms  0/45 (0%)  
[  8]  29.00-30.00  sec  60.2 KBytes   493 Kbits/sec  5.038 ms  0/44 (0%)  
[  8]  30.00-31.00  sec  62.9 KBytes   515 Kbits/sec  5.767 ms  0/46 (0%)  
[  8]  31.00-32.00  sec  60.2 KBytes   493 Kbits/sec  3.655 ms  0/44 (0%)  
[  8]  32.00-33.00  sec  60.2 KBytes   493 Kbits/sec  6.067 ms  0/44 (0%)  
[  8]  33.00-34.00  sec  62.9 KBytes   515 Kbits/sec  3.762 ms  0/46 (0%)  
[  8]  34.00-35.00  sec  60.2 KBytes   493 Kbits/sec  4.308 ms  0/44 (0%)  
[  8]  35.00-36.00  sec  61.5 KBytes   504 Kbits/sec  3.974 ms  0/45 (0%)  
[  8]  36.00-37.00  sec  61.5 KBytes   504 Kbits/sec  3.715 ms  0/45 (0%)  
[  8]  37.00-38.00  sec  60.2 KBytes   493 Kbits/sec  6.399 ms  0/44 (0%)  
[  8]  38.00-39.00  sec  61.5 KBytes   504 Kbits/sec  3.869 ms  0/45 (0%)  
[  8]  39.00-40.00  sec  60.2 KBytes   493 Kbits/sec  6.291 ms  0/44 (0%)  
[  8]  40.00-41.00  sec  61.5 KBytes   504 Kbits/sec  5.965 ms  0/45 (0%)  
[  8]  41.00-42.00  sec  61.5 KBytes   504 Kbits/sec  5.567 ms  0/45 (0%)  
[  8]  42.00-43.00  sec  60.2 KBytes   493 Kbits/sec  5.796 ms  0/44 (0%)  
[  8]  43.00-44.00  sec  61.5 KBytes   504 Kbits/sec  5.174 ms  0/45 (0%)  
[  8]  44.00-45.00  sec  61.5 KBytes   503 Kbits/sec  5.295 ms  0/45 (0%)  
[  8]  45.00-46.00  sec  61.5 KBytes   503 Kbits/sec  6.082 ms  0/45 (0%)  
[  8]  46.00-47.00  sec  60.2 KBytes   494 Kbits/sec  4.473 ms  0/44 (0%)  
[  8]  47.00-48.00  sec  60.2 KBytes   493 Kbits/sec  6.939 ms  0/44 (0%)  
[  8]  48.00-49.00  sec  61.5 KBytes   504 Kbits/sec  6.565 ms  0/45 (0%)  
[  8]  49.00-50.00  sec  61.5 KBytes   504 Kbits/sec  5.222 ms  0/45 (0%)  
[  8]  50.00-51.00  sec  60.2 KBytes   493 Kbits/sec  5.436 ms  0/44 (0%)  
[  8]  51.00-52.00  sec  61.5 KBytes   504 Kbits/sec  5.724 ms  0/45 (0%)  
[  8]  52.00-53.00  sec  61.5 KBytes   504 Kbits/sec  5.580 ms  0/45 (0%)  
[  8]  53.00-54.00  sec  60.2 KBytes   493 Kbits/sec  3.457 ms  0/44 (0%)  
[  8]  54.00-55.00  sec  61.5 KBytes   504 Kbits/sec  6.086 ms  0/45 (0%)  
[  8]  55.00-56.00  sec  61.5 KBytes   504 Kbits/sec  5.160 ms  0/45 (0%)  
[  8]  56.00-57.00  sec  60.2 KBytes   493 Kbits/sec  3.840 ms  0/44 (0%)  
[  8]  57.00-58.00  sec  61.5 KBytes   504 Kbits/sec  4.178 ms  0/45 (0%)  
[  8]  58.00-59.00  sec  61.5 KBytes   504 Kbits/sec  6.448 ms  0/45 (0%)  
[  8]  59.00-60.00  sec  60.2 KBytes   493 Kbits/sec  4.968 ms  0/44 (0%)  
[  8]  60.00-61.00  sec  61.5 KBytes   504 Kbits/sec  3.104 ms  0/45 (0%)  
[  8]  61.00-62.00  sec  61.5 KBytes   504 Kbits/sec  3.464 ms  0/45 (0%)  
[  8]  62.00-63.00  sec  60.2 KBytes   493 Kbits/sec  4.740 ms  0/44 (0%)  
[  8]  63.00-64.00  sec  61.5 KBytes   503 Kbits/sec  3.432 ms  0/45 (0%)  
[  8]  64.00-65.00  sec  61.5 KBytes   505 Kbits/sec  3.906 ms  0/45 (0%)  
[  8]  65.00-66.00  sec  60.2 KBytes   493 Kbits/sec  6.109 ms  0/44 (0%)  
[  8]  66.00-67.00  sec  61.5 KBytes   504 Kbits/sec  3.944 ms  0/45 (0%)  
[  8]  67.00-68.00  sec  60.2 KBytes   493 Kbits/sec  4.402 ms  0/44 (0%)  
[  8]  68.00-69.00  sec  60.2 KBytes   493 Kbits/sec  4.752 ms  0/44 (0%)  
[  8]  69.00-70.00  sec  62.9 KBytes   515 Kbits/sec  4.874 ms  0/46 (0%)  
[  8]  70.00-71.00  sec  60.2 KBytes   493 Kbits/sec  5.323 ms  0/44 (0%)  
[  8]  71.00-72.00  sec  61.5 KBytes   504 Kbits/sec  5.625 ms  0/45 (0%)  
[  8]  72.00-73.00  sec  61.5 KBytes   504 Kbits/sec  5.025 ms  0/45 (0%)  
[  8]  73.00-74.00  sec  60.2 KBytes   493 Kbits/sec  4.816 ms  0/44 (0%)  
[  8]  74.00-75.00  sec  60.2 KBytes   493 Kbits/sec  5.682 ms  1/45 (2.2%)  
[  8]  75.00-76.00  sec  61.5 KBytes   504 Kbits/sec  4.510 ms  0/45 (0%)  
[  8]  76.00-77.00  sec  61.5 KBytes   504 Kbits/sec  2.836 ms  0/45 (0%)  
[  8]  77.00-78.00  sec  60.2 KBytes   492 Kbits/sec  5.182 ms  0/44 (0%)  
[  8]  78.00-79.00  sec  60.2 KBytes   493 Kbits/sec  5.419 ms  0/44 (0%)  
[  8]  79.00-80.00  sec  61.5 KBytes   504 Kbits/sec  5.374 ms  0/45 (0%)  
[  8]  80.00-81.00  sec  61.5 KBytes   504 Kbits/sec  6.554 ms  0/45 (0%)  
[  8]  81.00-82.00  sec  60.2 KBytes   492 Kbits/sec  5.612 ms  0/44 (0%)  
[  8]  82.00-83.00  sec  61.5 KBytes   503 Kbits/sec  5.381 ms  0/45 (0%)  
[  8]  83.00-84.00  sec  61.5 KBytes   505 Kbits/sec  8.642 ms  0/45 (0%)  
[  8]  84.00-85.00  sec  60.2 KBytes   493 Kbits/sec  6.430 ms  0/44 (0%)  
[  8]  85.00-86.00  sec  61.5 KBytes   504 Kbits/sec  4.400 ms  0/45 (0%)  
[  8]  86.00-87.00  sec  61.5 KBytes   504 Kbits/sec  4.441 ms  0/45 (0%)  
[  8]  87.00-88.00  sec  58.8 KBytes   481 Kbits/sec  5.033 ms  0/43 (0%)  
[  8]  88.00-89.00  sec  61.5 KBytes   504 Kbits/sec  5.438 ms  0/45 (0%)  
[  8]  89.00-90.00  sec  62.9 KBytes   515 Kbits/sec  3.254 ms  0/46 (0%)  
[  8]  90.00-91.00  sec  60.2 KBytes   493 Kbits/sec  4.366 ms  0/44 (0%)  
[  8]  91.00-92.00  sec  60.2 KBytes   493 Kbits/sec  4.011 ms  0/44 (0%)  
[  8]  92.00-93.00  sec  62.9 KBytes   515 Kbits/sec  5.156 ms  0/46 (0%)  
[  8]  93.00-94.00  sec  60.2 KBytes   493 Kbits/sec  5.460 ms  0/44 (0%)  
[  8]  94.00-95.00  sec  60.2 KBytes   493 Kbits/sec  7.027 ms  0/44 (0%)  
[  8]  95.00-96.00  sec  62.9 KBytes   515 Kbits/sec  5.306 ms  0/46 (0%)  
[  8]  96.00-97.00  sec  60.2 KBytes   493 Kbits/sec  4.614 ms  0/44 (0%)  
[  8]  97.00-98.00  sec  61.5 KBytes   504 Kbits/sec  3.978 ms  0/45 (0%)  
[  8]  98.00-99.00  sec  60.2 KBytes   493 Kbits/sec  4.566 ms  0/44 (0%)  
[  8]  99.00-100.00 sec  61.5 KBytes   504 Kbits/sec  2.780 ms  0/45 (0%)  
[  8] 100.00-101.00 sec  61.5 KBytes   504 Kbits/sec  3.675 ms  0/45 (0%)  
[  8] 101.00-102.00 sec  61.5 KBytes   504 Kbits/sec  3.651 ms  0/45 (0%)  
[  8] 102.00-103.00 sec  60.2 KBytes   493 Kbits/sec  3.896 ms  0/44 (0%)  
[  8] 103.00-104.00 sec  61.5 KBytes   502 Kbits/sec  4.593 ms  0/45 (0%)  
[  8] 104.00-105.00 sec  60.2 KBytes   494 Kbits/sec  4.055 ms  0/44 (0%)  
[  8] 105.00-106.00 sec  60.2 KBytes   493 Kbits/sec  4.505 ms  1/45 (2.2%)  
[  8] 106.00-107.00 sec  61.5 KBytes   502 Kbits/sec  3.686 ms  0/45 (0%)  
[  8] 107.00-108.00 sec  60.2 KBytes   494 Kbits/sec  3.461 ms  0/44 (0%)  
[  8] 108.00-109.00 sec  61.5 KBytes   504 Kbits/sec  3.665 ms  0/45 (0%)  
[  8] 109.00-110.00 sec  61.5 KBytes   504 Kbits/sec  4.694 ms  0/45 (0%)  
[  8] 110.00-111.00 sec  60.2 KBytes   493 Kbits/sec  4.495 ms  0/44 (0%)  
[  8] 111.00-112.00 sec  61.5 KBytes   504 Kbits/sec  4.431 ms  0/45 (0%)  
[  8] 112.00-113.00 sec  61.5 KBytes   504 Kbits/sec  3.161 ms  0/45 (0%)  
[  8] 113.00-114.00 sec  60.2 KBytes   493 Kbits/sec  4.612 ms  0/44 (0%)  
[  8] 114.00-115.00 sec  60.2 KBytes   493 Kbits/sec  4.100 ms  0/44 (0%)  
[  8] 115.00-116.00 sec  61.5 KBytes   504 Kbits/sec  4.787 ms  0/45 (0%)  
[  8] 116.00-117.00 sec  61.5 KBytes   504 Kbits/sec  3.895 ms  0/45 (0%)  
[  8] 117.00-118.00 sec  61.5 KBytes   504 Kbits/sec  3.480 ms  0/45 (0%)  
[  8] 118.00-119.00 sec  60.2 KBytes   493 Kbits/sec  3.981 ms  0/44 (0%)  
[  8] 119.00-120.00 sec  61.5 KBytes   503 Kbits/sec  3.204 ms  0/45 (0%)  
[  8] 120.00-121.00 sec  61.5 KBytes   505 Kbits/sec  4.918 ms  0/45 (0%)  
[  8] 121.00-122.00 sec  60.2 KBytes   493 Kbits/sec  3.761 ms  0/44 (0%)  
[  8] 122.00-123.00 sec  61.5 KBytes   504 Kbits/sec  3.898 ms  0/45 (0%)  
[  8] 123.00-124.00 sec  61.5 KBytes   504 Kbits/sec  2.621 ms  0/45 (0%)  
[  8] 124.00-125.00 sec  61.5 KBytes   504 Kbits/sec  3.037 ms  0/45 (0%)  
[  8] 125.00-126.00 sec  60.2 KBytes   493 Kbits/sec  4.136 ms  0/44 (0%)  
[  8] 126.00-127.00 sec  61.5 KBytes   504 Kbits/sec  4.136 ms  0/45 (0%)  
[  8] 127.00-128.00 sec  60.2 KBytes   493 Kbits/sec  5.268 ms  0/44 (0%)  
[  8] 128.00-129.00 sec  60.2 KBytes   492 Kbits/sec  4.131 ms  1/45 (2.2%)  
[  8] 129.00-130.00 sec  60.2 KBytes   494 Kbits/sec  4.361 ms  0/44 (0%)  
[  8] 130.00-131.00 sec  60.2 KBytes   493 Kbits/sec  5.987 ms  0/44 (0%)  
[  8] 131.00-132.00 sec  61.5 KBytes   504 Kbits/sec  5.305 ms  1/46 (2.2%)  
[  8] 132.00-133.00 sec  60.2 KBytes   493 Kbits/sec  5.772 ms  0/44 (0%)  
[  8] 133.00-134.00 sec  61.5 KBytes   504 Kbits/sec  4.593 ms  0/45 (0%)  
[  8] 134.00-135.00 sec  60.2 KBytes   493 Kbits/sec  7.957 ms  0/44 (0%)  
[  8] 135.00-136.00 sec  62.9 KBytes   515 Kbits/sec  5.259 ms  0/46 (0%)  
[  8] 136.00-137.00 sec  60.2 KBytes   492 Kbits/sec  4.249 ms  0/44 (0%)  
[  8] 137.00-138.00 sec  61.5 KBytes   505 Kbits/sec  3.560 ms  0/45 (0%)  
[  8] 138.00-139.00 sec  61.5 KBytes   504 Kbits/sec  2.214 ms  0/45 (0%)  
[  8] 139.00-140.00 sec  60.2 KBytes   493 Kbits/sec  2.314 ms  0/44 (0%)  
[  8] 140.00-141.00 sec  61.5 KBytes   504 Kbits/sec  2.293 ms  0/45 (0%)  
[  8] 141.00-142.00 sec  60.2 KBytes   493 Kbits/sec  4.404 ms  0/44 (0%)  
[  8] 142.00-143.00 sec  60.2 KBytes   493 Kbits/sec  3.164 ms  0/44 (0%)  
[  8] 143.00-144.00 sec  61.5 KBytes   504 Kbits/sec  4.170 ms  0/45 (0%)  
[  8] 144.00-145.00 sec  61.5 KBytes   504 Kbits/sec  5.100 ms  0/45 (0%)  
[  8] 145.00-146.00 sec  61.5 KBytes   504 Kbits/sec  5.201 ms  0/45 (0%)  
[  8] 146.00-147.00 sec  60.2 KBytes   493 Kbits/sec  4.673 ms  0/44 (0%)  
[  8] 147.00-148.00 sec  60.2 KBytes   493 Kbits/sec  3.894 ms  0/44 (0%)  
[  8] 148.00-149.00 sec  61.5 KBytes   504 Kbits/sec  5.316 ms  0/45 (0%)  
[  8] 149.00-150.00 sec  61.5 KBytes   504 Kbits/sec  6.205 ms  0/45 (0%)  
[  8] 150.00-151.00 sec  61.5 KBytes   504 Kbits/sec  4.803 ms  0/45 (0%)  
[  8] 151.00-152.00 sec  61.5 KBytes   504 Kbits/sec  4.187 ms  0/45 (0%)  
[  8] 152.00-153.00 sec  60.2 KBytes   493 Kbits/sec  3.963 ms  0/44 (0%)  
[  8] 153.00-154.00 sec  61.5 KBytes   504 Kbits/sec  3.346 ms  0/45 (0%)  
[  8] 154.00-155.00 sec  61.5 KBytes   504 Kbits/sec  3.204 ms  0/45 (0%)  
[  8] 155.00-156.00 sec  60.2 KBytes   493 Kbits/sec  4.489 ms  0/44 (0%)  
[  8] 156.00-157.00 sec  61.5 KBytes   503 Kbits/sec  4.725 ms  0/45 (0%)  
[  8] 157.00-158.00 sec  60.2 KBytes   494 Kbits/sec  5.421 ms  1/45 (2.2%)  
[  8] 158.00-159.00 sec  58.8 KBytes   482 Kbits/sec  6.943 ms  0/43 (0%)  
[  8] 159.00-160.00 sec  62.9 KBytes   514 Kbits/sec  6.493 ms  0/46 (0%)  
[  8] 160.00-161.00 sec  58.8 KBytes   482 Kbits/sec  5.810 ms  1/44 (2.3%)  
[  8] 161.00-162.00 sec  61.5 KBytes   504 Kbits/sec  4.917 ms  0/45 (0%)  
[  8] 162.00-163.00 sec  61.5 KBytes   504 Kbits/sec  2.991 ms  0/45 (0%)  
[  8] 163.00-164.00 sec  61.5 KBytes   504 Kbits/sec  3.676 ms  0/45 (0%)  
[  8] 164.00-165.00 sec  60.2 KBytes   493 Kbits/sec  6.693 ms  0/44 (0%)  
[  8] 165.00-166.00 sec  60.2 KBytes   493 Kbits/sec  5.060 ms  0/44 (0%)  
[  8] 166.00-167.00 sec  61.5 KBytes   504 Kbits/sec  5.885 ms  0/45 (0%)  
[  8] 167.00-168.00 sec  60.2 KBytes   493 Kbits/sec  3.741 ms  0/44 (0%)  
[  8] 168.00-169.00 sec  61.5 KBytes   504 Kbits/sec  4.879 ms  0/45 (0%)  
[  8] 169.00-170.00 sec  60.2 KBytes   493 Kbits/sec  10.158 ms  1/45 (2.2%)  
[  8] 170.00-171.00 sec  61.5 KBytes   504 Kbits/sec  4.272 ms  0/45 (0%)  
[  8] 171.00-172.00 sec  60.2 KBytes   493 Kbits/sec  6.405 ms  1/45 (2.2%)  
[  8] 172.00-173.00 sec  58.8 KBytes   482 Kbits/sec  5.006 ms  0/43 (0%)  
[  8] 173.00-174.00 sec  61.5 KBytes   503 Kbits/sec  5.968 ms  0/45 (0%)  
[  8] 174.00-175.00 sec  62.9 KBytes   513 Kbits/sec  6.143 ms  0/46 (0%)  
[  8] 175.00-176.00 sec  60.2 KBytes   495 Kbits/sec  5.656 ms  0/44 (0%)  
[  8] 176.00-177.00 sec  60.2 KBytes   493 Kbits/sec  9.364 ms  1/45 (2.2%)  
[  8] 177.00-178.00 sec  60.2 KBytes   493 Kbits/sec  5.252 ms  0/44 (0%)  
[  8] 178.00-179.00 sec  61.5 KBytes   504 Kbits/sec  3.037 ms  0/45 (0%)  
[  8] 179.00-180.00 sec  61.5 KBytes   504 Kbits/sec  3.924 ms  0/45 (0%)  
[  8] 180.00-181.00 sec  58.8 KBytes   482 Kbits/sec  7.470 ms  0/43 (0%)  
[  8] 181.00-182.00 sec  62.9 KBytes   515 Kbits/sec  6.944 ms  0/46 (0%)  
[  8] 182.00-183.00 sec  60.2 KBytes   493 Kbits/sec  5.282 ms  0/44 (0%)  
[  8] 183.00-184.00 sec  60.2 KBytes   493 Kbits/sec  6.024 ms  0/44 (0%)  
[  8] 184.00-185.00 sec  62.9 KBytes   515 Kbits/sec  5.226 ms  0/46 (0%)  
[  8] 185.00-186.00 sec  60.2 KBytes   493 Kbits/sec  3.610 ms  0/44 (0%)  
[  8] 186.00-187.00 sec  61.5 KBytes   504 Kbits/sec  5.062 ms  0/45 (0%)  
[  8] 187.00-188.00 sec  61.5 KBytes   504 Kbits/sec  4.976 ms  0/45 (0%)  
[  8] 188.00-189.00 sec  60.2 KBytes   493 Kbits/sec  5.761 ms  0/44 (0%)  
[  8] 189.00-190.00 sec  61.5 KBytes   504 Kbits/sec  6.460 ms  0/45 (0%)  
[  8] 190.00-191.00 sec  60.2 KBytes   493 Kbits/sec  5.156 ms  1/45 (2.2%)  
[  8] 191.00-192.00 sec  60.2 KBytes   493 Kbits/sec  3.978 ms  0/44 (0%)  
[  8] 192.00-193.00 sec  61.5 KBytes   504 Kbits/sec  6.162 ms  0/45 (0%)  
[  8] 193.00-194.00 sec  60.2 KBytes   493 Kbits/sec  4.210 ms  0/44 (0%)  
[  8] 194.00-195.00 sec  60.2 KBytes   493 Kbits/sec  8.501 ms  0/44 (0%)  
[  8] 195.00-196.00 sec  61.5 KBytes   504 Kbits/sec  4.670 ms  0/45 (0%)  
[  8] 196.00-197.00 sec  58.8 KBytes   482 Kbits/sec  5.510 ms  1/44 (2.3%)  
[  8] 197.00-198.00 sec  61.5 KBytes   504 Kbits/sec  4.669 ms  0/45 (0%)  
[  8] 198.00-199.00 sec  60.2 KBytes   493 Kbits/sec  6.478 ms  1/45 (2.2%)  
[  8] 199.00-200.00 sec  61.5 KBytes   503 Kbits/sec  4.489 ms  0/45 (0%)  
[  8] 200.00-201.00 sec  61.5 KBytes   504 Kbits/sec  6.707 ms  0/45 (0%)  
[  8] 201.00-202.00 sec  61.5 KBytes   505 Kbits/sec  6.580 ms  0/45 (0%)  
[  8] 202.00-203.00 sec  60.2 KBytes   493 Kbits/sec  5.501 ms  0/44 (0%)  
[  8] 203.00-204.00 sec  61.5 KBytes   504 Kbits/sec  5.889 ms  0/45 (0%)  
[  8] 204.00-205.00 sec  61.5 KBytes   504 Kbits/sec  4.934 ms  0/45 (0%)  
[  8] 205.00-206.00 sec  60.2 KBytes   493 Kbits/sec  5.417 ms  0/44 (0%)  
[  8] 206.00-207.00 sec  60.2 KBytes   491 Kbits/sec  7.353 ms  1/45 (2.2%)  
[  8] 207.00-208.00 sec  58.8 KBytes   484 Kbits/sec  7.445 ms  1/44 (2.3%)  
[  8] 208.00-209.00 sec  61.5 KBytes   504 Kbits/sec  6.874 ms  0/45 (0%)  
[  8] 209.00-210.00 sec  60.2 KBytes   493 Kbits/sec  4.895 ms  1/45 (2.2%)  
[  8] 210.00-211.00 sec  58.8 KBytes   482 Kbits/sec  5.781 ms  1/44 (2.3%)  
[  8] 211.00-212.00 sec  61.5 KBytes   504 Kbits/sec  5.486 ms  0/45 (0%)  
[  8] 212.00-213.00 sec  60.2 KBytes   493 Kbits/sec  6.213 ms  0/44 (0%)  
[  8] 213.00-214.00 sec  60.2 KBytes   492 Kbits/sec  4.943 ms  0/44 (0%)  
[  8] 214.00-215.00 sec  62.9 KBytes   516 Kbits/sec  5.005 ms  0/46 (0%)  
[  8] 215.00-216.00 sec  61.5 KBytes   504 Kbits/sec  4.683 ms  0/45 (0%)  
[  8] 216.00-217.00 sec  60.2 KBytes   493 Kbits/sec  4.840 ms  0/44 (0%)  
[  8] 217.00-218.00 sec  61.5 KBytes   504 Kbits/sec  3.486 ms  0/45 (0%)  
[  8] 218.00-219.00 sec  60.2 KBytes   493 Kbits/sec  6.033 ms  0/44 (0%)  
[  8] 219.00-220.00 sec  62.9 KBytes   515 Kbits/sec  6.539 ms  0/46 (0%)  
[  8] 220.00-221.00 sec  60.2 KBytes   493 Kbits/sec  4.561 ms  0/44 (0%)  
[  8] 221.00-222.00 sec  61.5 KBytes   504 Kbits/sec  5.113 ms  0/45 (0%)  
[  8] 222.00-223.00 sec  60.2 KBytes   493 Kbits/sec  4.532 ms  0/44 (0%)  
[  8] 223.00-224.00 sec  61.5 KBytes   504 Kbits/sec  4.717 ms  0/45 (0%)  
[  8] 224.00-225.00 sec  60.2 KBytes   493 Kbits/sec  6.621 ms  0/44 (0%)  
[  8] 225.00-226.00 sec  61.5 KBytes   503 Kbits/sec  4.806 ms  0/45 (0%)  
[  8] 226.00-227.00 sec  61.5 KBytes   505 Kbits/sec  6.151 ms  0/45 (0%)  
[  8] 227.00-228.00 sec  61.5 KBytes   504 Kbits/sec  2.852 ms  0/45 (0%)  
[  8] 228.00-229.00 sec  60.2 KBytes   493 Kbits/sec  4.699 ms  0/44 (0%)  
[  8] 229.00-230.00 sec  60.2 KBytes   493 Kbits/sec  6.906 ms  0/44 (0%)  
[  8] 230.00-231.00 sec  60.2 KBytes   493 Kbits/sec  5.660 ms  1/45 (2.2%)  
[  8] 231.00-232.00 sec  61.5 KBytes   504 Kbits/sec  5.265 ms  0/45 (0%)  
[  8] 232.00-233.00 sec  60.2 KBytes   492 Kbits/sec  8.331 ms  0/44 (0%)  
[  8] 233.00-234.00 sec  60.2 KBytes   493 Kbits/sec  6.381 ms  1/45 (2.2%)  
[  8] 234.00-235.00 sec  60.2 KBytes   493 Kbits/sec  7.529 ms  0/44 (0%)  
[  8] 235.00-236.00 sec  61.5 KBytes   504 Kbits/sec  4.262 ms  0/45 (0%)  
[  8] 236.00-237.00 sec  60.2 KBytes   493 Kbits/sec  4.260 ms  1/45 (2.2%)  
[  8] 237.00-238.00 sec  61.5 KBytes   504 Kbits/sec  5.963 ms  0/45 (0%)  
[  8] 238.00-239.00 sec  60.2 KBytes   493 Kbits/sec  5.656 ms  0/44 (0%)  
[  8] 239.00-240.00 sec  61.5 KBytes   504 Kbits/sec  4.859 ms  0/45 (0%)  
[  8] 240.00-240.01 sec  1.37 KBytes  1.23 Mbits/sec  4.794 ms  0/1 (0%)  
- - - - - - - - - - - - - - - - - - - - - - - - -
[ ID] Interval           Transfer     Bitrate         Jitter    Lost/Total Datagrams
[  8]   0.00-240.01 sec  14.3 MBytes   499 Kbits/sec  4.794 ms  20/10715 (0.19%)  receiver
-----------------------------------------------------------
Server listening on 5201 (test #1)
-----------------------------------------------------------
Accepted connection from 10.0.0.91, port 55712
[  8] local 10.0.0.123 port 5201 connected to 10.0.0.91 port 60859
[ ID] Interval           Transfer     Bitrate         Jitter    Lost/Total Datagrams
[  8]   0.00-1.00   sec  61.5 KBytes   504 Kbits/sec  3.891 ms  0/45 (0%)  
[  8]   1.00-2.00   sec  58.8 KBytes   482 Kbits/sec  3.172 ms  1/44 (2.3%)  
[  8]   2.00-3.00   sec  61.5 KBytes   504 Kbits/sec  2.388 ms  0/45 (0%)  
[  8]   3.00-4.00   sec  60.2 KBytes   493 Kbits/sec  2.435 ms  0/44 (0%)  
[  8]   4.00-5.00   sec  61.5 KBytes   504 Kbits/sec  3.455 ms  0/45 (0%)  
[  8]   5.00-6.00   sec  60.2 KBytes   493 Kbits/sec  5.421 ms  0/44 (0%)  
[  8]   6.00-7.00   sec  61.5 KBytes   504 Kbits/sec  2.866 ms  0/45 (0%)  
[  8]   7.00-8.00   sec  61.5 KBytes   504 Kbits/sec  2.437 ms  0/45 (0%)  
[  8]   8.00-9.00   sec  61.5 KBytes   504 Kbits/sec  3.719 ms  0/45 (0%)  
[  8]   9.00-10.00  sec  60.2 KBytes   493 Kbits/sec  3.160 ms  0/44 (0%)  
[  8]  10.00-11.00  sec  61.5 KBytes   504 Kbits/sec  4.525 ms  0/45 (0%)  
[  8]  11.00-12.00  sec  60.2 KBytes   493 Kbits/sec  4.700 ms  0/44 (0%)  
[  8]  12.00-13.00  sec  61.5 KBytes   504 Kbits/sec  3.242 ms  0/45 (0%)  
[  8]  13.00-14.00  sec  61.5 KBytes   504 Kbits/sec  4.130 ms  0/45 (0%)  
[  8]  14.00-15.00  sec  61.5 KBytes   504 Kbits/sec  4.897 ms  0/45 (0%)  
[  8]  15.00-16.00  sec  60.2 KBytes   493 Kbits/sec  6.194 ms  0/44 (0%)  
[  8]  16.00-17.00  sec  60.2 KBytes   493 Kbits/sec  4.506 ms  0/44 (0%)  
[  8]  17.00-18.00  sec  62.9 KBytes   515 Kbits/sec  3.822 ms  0/46 (0%)  
[  8]  18.00-19.00  sec  60.2 KBytes   493 Kbits/sec  4.434 ms  0/44 (0%)  
[  8]  19.00-20.00  sec  60.2 KBytes   493 Kbits/sec  2.894 ms  0/44 (0%)  
[  8]  20.00-21.00  sec  62.9 KBytes   515 Kbits/sec  2.587 ms  0/46 (0%)  
[  8]  21.00-22.00  sec  60.2 KBytes   492 Kbits/sec  3.326 ms  0/44 (0%)  
[  8]  22.00-23.00  sec  60.2 KBytes   493 Kbits/sec  4.248 ms  0/44 (0%)  
[  8]  23.00-24.00  sec  61.5 KBytes   504 Kbits/sec  4.628 ms  0/45 (0%)  
[  8]  24.00-25.00  sec  61.5 KBytes   504 Kbits/sec  5.104 ms  0/45 (0%)  
[  8]  25.00-26.00  sec  60.2 KBytes   493 Kbits/sec  6.101 ms  0/44 (0%)  
[  8]  26.00-27.00  sec  60.2 KBytes   493 Kbits/sec  5.434 ms  1/45 (2.2%)  
[  8]  27.00-28.00  sec  61.5 KBytes   504 Kbits/sec  3.774 ms  0/45 (0%)  
[  8]  28.00-29.00  sec  60.2 KBytes   493 Kbits/sec  5.375 ms  0/44 (0%)  
[  8]  29.00-30.00  sec  61.5 KBytes   504 Kbits/sec  5.437 ms  0/45 (0%)  
[  8]  30.00-31.00  sec  60.2 KBytes   493 Kbits/sec  4.415 ms  0/44 (0%)  
[  8]  31.00-32.00  sec  61.5 KBytes   504 Kbits/sec  7.585 ms  0/45 (0%)  
[  8]  32.00-33.00  sec  61.5 KBytes   504 Kbits/sec  6.030 ms  0/45 (0%)  
[  8]  33.00-34.00  sec  60.2 KBytes   493 Kbits/sec  5.139 ms  0/44 (0%)  
[  8]  34.00-35.00  sec  58.8 KBytes   482 Kbits/sec  6.115 ms  1/44 (2.3%)  
[  8]  35.00-36.00  sec  62.9 KBytes   515 Kbits/sec  7.020 ms  0/46 (0%)  
[  8]  36.00-37.00  sec  61.5 KBytes   502 Kbits/sec  4.705 ms  0/45 (0%)  
[  8]  37.00-38.00  sec  60.2 KBytes   495 Kbits/sec  4.773 ms  0/44 (0%)  
[  8]  38.00-39.00  sec  61.5 KBytes   504 Kbits/sec  3.811 ms  0/45 (0%)  
[  8]  39.00-40.00  sec  60.2 KBytes   493 Kbits/sec  3.874 ms  0/44 (0%)  
[  8]  40.00-41.00  sec  61.5 KBytes   504 Kbits/sec  5.318 ms  0/45 (0%)  
[  8]  41.00-42.00  sec  60.2 KBytes   493 Kbits/sec  5.866 ms  0/44 (0%)  
[  8]  42.00-43.00  sec  61.5 KBytes   504 Kbits/sec  4.582 ms  0/45 (0%)  
[  8]  43.00-44.00  sec  61.5 KBytes   503 Kbits/sec  4.713 ms  0/45 (0%)  
[  8]  44.00-45.00  sec  61.5 KBytes   504 Kbits/sec  5.768 ms  0/45 (0%)  
[  8]  45.00-46.00  sec  60.2 KBytes   493 Kbits/sec  4.106 ms  0/44 (0%)  
[  8]  46.00-47.00  sec  61.5 KBytes   504 Kbits/sec  6.491 ms  0/45 (0%)  
[  8]  47.00-48.00  sec  61.5 KBytes   503 Kbits/sec  4.267 ms  0/45 (0%)  
[  8]  48.00-49.00  sec  60.2 KBytes   493 Kbits/sec  5.156 ms  0/44 (0%)  
[  8]  49.00-50.00  sec  60.2 KBytes   493 Kbits/sec  6.015 ms  0/44 (0%)  
[  8]  50.00-51.00  sec  61.5 KBytes   504 Kbits/sec  5.235 ms  0/45 (0%)  
[  8]  51.00-52.00  sec  61.5 KBytes   504 Kbits/sec  4.163 ms  0/45 (0%)  
[  8]  52.00-53.00  sec  60.2 KBytes   492 Kbits/sec  6.092 ms  0/44 (0%)  
[  8]  53.00-54.00  sec  61.5 KBytes   504 Kbits/sec  6.741 ms  0/45 (0%)  
[  8]  54.00-55.00  sec  61.5 KBytes   504 Kbits/sec  6.002 ms  0/45 (0%)  
[  8]  55.00-56.00  sec  61.5 KBytes   504 Kbits/sec  4.099 ms  0/45 (0%)  
[  8]  56.00-57.00  sec  60.2 KBytes   493 Kbits/sec  5.596 ms  0/44 (0%)  
[  8]  57.00-58.00  sec  61.5 KBytes   504 Kbits/sec  8.946 ms  0/45 (0%)  
[  8]  58.00-59.00  sec  60.2 KBytes   491 Kbits/sec  6.341 ms  0/44 (0%)  
[  8]  59.00-60.00  sec  60.2 KBytes   494 Kbits/sec  9.571 ms  0/44 (0%)  
[  8]  60.00-61.00  sec  62.9 KBytes   516 Kbits/sec  4.677 ms  0/46 (0%)  
[  8]  61.00-62.00  sec  60.2 KBytes   493 Kbits/sec  6.963 ms  0/44 (0%)  
[  8]  62.00-63.00  sec  61.5 KBytes   504 Kbits/sec  6.333 ms  0/45 (0%)  
[  8]  63.00-64.00  sec  61.5 KBytes   503 Kbits/sec  5.007 ms  0/45 (0%)  
[  8]  64.00-65.00  sec  60.2 KBytes   494 Kbits/sec  6.969 ms  0/44 (0%)  
[  8]  65.00-66.00  sec  60.2 KBytes   493 Kbits/sec  6.261 ms  0/44 (0%)  
[  8]  66.00-67.00  sec  62.9 KBytes   514 Kbits/sec  6.807 ms  0/46 (0%)  
[  8]  67.00-68.00  sec  60.2 KBytes   494 Kbits/sec  4.023 ms  0/44 (0%)  
[  8]  68.00-69.00  sec  60.2 KBytes   493 Kbits/sec  3.833 ms  1/45 (2.2%)  
[  8]  69.00-70.00  sec  60.2 KBytes   493 Kbits/sec  6.617 ms  0/44 (0%)  
[  8]  70.00-71.00  sec  61.5 KBytes   504 Kbits/sec  6.868 ms  0/45 (0%)  
[  8]  71.00-72.00  sec  60.2 KBytes   493 Kbits/sec  5.496 ms  1/45 (2.2%)  
[  8]  72.00-73.00  sec  61.5 KBytes   504 Kbits/sec  6.929 ms  0/45 (0%)  
[  8]  73.00-74.00  sec  60.2 KBytes   493 Kbits/sec  6.342 ms  0/44 (0%)  
[  8]  74.00-75.00  sec  61.5 KBytes   504 Kbits/sec  5.229 ms  0/45 (0%)  
[  8]  75.00-76.00  sec  60.2 KBytes   493 Kbits/sec  3.613 ms  0/44 (0%)  
[  8]  76.00-77.00  sec  60.2 KBytes   493 Kbits/sec  4.510 ms  1/45 (2.2%)  
[  8]  77.00-78.00  sec  61.5 KBytes   504 Kbits/sec  4.419 ms  0/45 (0%)  
[  8]  78.00-79.00  sec  60.2 KBytes   493 Kbits/sec  7.310 ms  0/44 (0%)  
[  8]  79.00-80.00  sec  61.5 KBytes   504 Kbits/sec  5.498 ms  0/45 (0%)  
[  8]  80.00-81.00  sec  60.2 KBytes   493 Kbits/sec  8.077 ms  0/44 (0%)  
[  8]  81.00-82.00  sec  61.5 KBytes   504 Kbits/sec  8.177 ms  0/45 (0%)  
[  8]  82.00-83.01  sec  61.5 KBytes   499 Kbits/sec  5.917 ms  0/45 (0%)  
[  8]  83.01-84.00  sec  60.2 KBytes   498 Kbits/sec  6.060 ms  0/44 (0%)  
[  8]  84.00-85.00  sec  61.5 KBytes   504 Kbits/sec  7.419 ms  0/45 (0%)  
[  8]  85.00-86.00  sec  58.8 KBytes   482 Kbits/sec  9.676 ms  2/45 (4.4%)  
[  8]  86.00-87.00  sec  60.2 KBytes   492 Kbits/sec  8.616 ms  0/44 (0%)  
[  8]  87.00-88.00  sec  62.9 KBytes   515 Kbits/sec  2.586 ms  0/46 (0%)  
[  8]  88.00-89.00  sec  60.2 KBytes   493 Kbits/sec  4.714 ms  0/44 (0%)  
[  8]  89.00-90.00  sec  61.5 KBytes   502 Kbits/sec  4.461 ms  0/45 (0%)  
[  8]  90.00-91.00  sec  60.2 KBytes   494 Kbits/sec  3.230 ms  0/44 (0%)  
[  8]  91.00-92.00  sec  61.5 KBytes   504 Kbits/sec  4.279 ms  0/45 (0%)  
[  8]  92.00-93.00  sec  60.2 KBytes   493 Kbits/sec  3.335 ms  0/44 (0%)  
[  8]  93.00-94.00  sec  61.5 KBytes   504 Kbits/sec  4.184 ms  0/45 (0%)  
[  8]  94.00-95.00  sec  61.5 KBytes   504 Kbits/sec  5.051 ms  0/45 (0%)  
[  8]  95.00-96.00  sec  60.2 KBytes   493 Kbits/sec  3.916 ms  0/44 (0%)  
[  8]  96.00-97.00  sec  60.2 KBytes   493 Kbits/sec  6.306 ms  1/45 (2.2%)  
[  8]  97.00-98.00  sec  61.5 KBytes   504 Kbits/sec  3.731 ms  0/45 (0%)  
[  8]  98.00-99.00  sec  58.8 KBytes   482 Kbits/sec  4.711 ms  1/44 (2.3%)  
[  8]  99.00-100.00 sec  60.2 KBytes   493 Kbits/sec  4.308 ms  0/44 (0%)  
[  8] 100.00-101.00 sec  62.9 KBytes   514 Kbits/sec  5.865 ms  0/46 (0%)  
[  8] 101.00-102.00 sec  60.2 KBytes   494 Kbits/sec  4.416 ms  0/44 (0%)  
[  8] 102.00-103.00 sec  61.5 KBytes   504 Kbits/sec  4.003 ms  0/45 (0%)  
[  8] 103.00-104.00 sec  60.2 KBytes   493 Kbits/sec  4.242 ms  0/44 (0%)  
[  8] 104.00-105.00 sec  61.5 KBytes   504 Kbits/sec  4.573 ms  0/45 (0%)  
[  8] 105.00-106.00 sec  61.5 KBytes   504 Kbits/sec  5.135 ms  0/45 (0%)  
[  8] 106.00-107.00 sec  61.5 KBytes   504 Kbits/sec  3.999 ms  0/45 (0%)  
[  8] 107.00-108.00 sec  60.2 KBytes   493 Kbits/sec  4.295 ms  0/44 (0%)  
[  8] 108.00-109.00 sec  61.5 KBytes   504 Kbits/sec  5.500 ms  0/45 (0%)  
[  8] 109.00-110.00 sec  61.5 KBytes   503 Kbits/sec  5.477 ms  0/45 (0%)  
[  8] 110.00-111.00 sec  58.8 KBytes   482 Kbits/sec  4.852 ms  1/44 (2.3%)  
[  8] 111.00-112.00 sec  60.2 KBytes   493 Kbits/sec  6.557 ms  0/44 (0%)  
[  8] 112.00-113.00 sec  61.5 KBytes   504 Kbits/sec  5.520 ms  0/45 (0%)  
[  8] 113.00-114.00 sec  60.2 KBytes   493 Kbits/sec  6.834 ms  0/44 (0%)  
[  8] 114.00-115.00 sec  62.9 KBytes   515 Kbits/sec  6.759 ms  0/46 (0%)  
[  8] 115.00-116.00 sec  58.8 KBytes   482 Kbits/sec  5.576 ms  1/44 (2.3%)  
[  8] 116.00-117.00 sec  61.5 KBytes   504 Kbits/sec  4.702 ms  0/45 (0%)  
[  8] 117.00-118.00 sec  61.5 KBytes   504 Kbits/sec  5.713 ms  0/45 (0%)  
[  8] 118.00-119.00 sec  60.2 KBytes   493 Kbits/sec  4.770 ms  0/44 (0%)  
[  8] 119.00-120.00 sec  61.5 KBytes   504 Kbits/sec  3.544 ms  0/45 (0%)  
[  8] 120.00-121.00 sec  60.2 KBytes   493 Kbits/sec  4.170 ms  0/44 (0%)  
[  8] 121.00-122.00 sec  61.5 KBytes   504 Kbits/sec  2.695 ms  0/45 (0%)  
[  8] 122.00-123.00 sec  61.5 KBytes   503 Kbits/sec  3.122 ms  0/45 (0%)  
[  8] 123.00-124.00 sec  60.2 KBytes   493 Kbits/sec  5.193 ms  0/44 (0%)  
[  8] 124.00-125.00 sec  61.5 KBytes   504 Kbits/sec  5.501 ms  0/45 (0%)  
[  8] 125.00-126.00 sec  61.5 KBytes   504 Kbits/sec  3.753 ms  0/45 (0%)  
[  8] 126.00-127.00 sec  60.2 KBytes   493 Kbits/sec  4.161 ms  0/44 (0%)  
[  8] 127.00-128.00 sec  61.5 KBytes   504 Kbits/sec  4.149 ms  0/45 (0%)  
[  8] 128.00-129.00 sec  61.5 KBytes   504 Kbits/sec  4.379 ms  0/45 (0%)  
[  8] 129.00-130.00 sec  60.2 KBytes   492 Kbits/sec  5.956 ms  0/44 (0%)  
[  8] 130.00-131.00 sec  61.5 KBytes   504 Kbits/sec  4.756 ms  0/45 (0%)  
[  8] 131.00-132.00 sec  61.5 KBytes   505 Kbits/sec  5.879 ms  0/45 (0%)  
[  8] 132.00-133.00 sec  61.5 KBytes   504 Kbits/sec  3.263 ms  0/45 (0%)  
[  8] 133.00-134.00 sec  60.2 KBytes   493 Kbits/sec  3.198 ms  0/44 (0%)  
[  8] 134.00-135.00 sec  61.5 KBytes   504 Kbits/sec  5.099 ms  0/45 (0%)  
[  8] 135.00-136.00 sec  58.8 KBytes   482 Kbits/sec  2.964 ms  1/44 (2.3%)  
[  8] 136.00-137.00 sec  61.5 KBytes   504 Kbits/sec  5.019 ms  0/45 (0%)  
[  8] 137.00-138.00 sec  58.8 KBytes   482 Kbits/sec  4.460 ms  0/43 (0%)  
[  8] 138.00-139.00 sec  62.9 KBytes   515 Kbits/sec  7.353 ms  0/46 (0%)  
[  8] 139.00-140.00 sec  60.2 KBytes   491 Kbits/sec  6.931 ms  0/44 (0%)  
[  8] 140.00-141.00 sec  61.5 KBytes   506 Kbits/sec  8.707 ms  0/45 (0%)  
[  8] 141.00-142.00 sec  61.5 KBytes   505 Kbits/sec  7.038 ms  0/45 (0%)  
[  8] 142.00-143.00 sec  61.5 KBytes   504 Kbits/sec  4.866 ms  0/45 (0%)  
[  8] 143.00-144.00 sec  57.4 KBytes   470 Kbits/sec  3.919 ms  3/45 (6.7%)  
[  8] 144.00-145.00 sec  57.4 KBytes   471 Kbits/sec  4.776 ms  0/42 (0%)  
[  8] 145.00-146.02 sec  64.3 KBytes   515 Kbits/sec  5.488 ms  0/47 (0%)  
[  8] 146.02-147.00 sec  60.2 KBytes   504 Kbits/sec  5.350 ms  0/44 (0%)  
[  8] 147.00-148.00 sec  60.2 KBytes   493 Kbits/sec  6.416 ms  0/44 (0%)  
[  8] 148.00-149.00 sec  61.5 KBytes   504 Kbits/sec  6.321 ms  0/45 (0%)  
[  8] 149.00-150.02 sec  61.5 KBytes   496 Kbits/sec  4.939 ms  0/45 (0%)  
[  8] 150.02-151.01 sec  60.2 KBytes   497 Kbits/sec  8.423 ms  0/44 (0%)  
[  8] 151.01-152.00 sec  60.2 KBytes   494 Kbits/sec  6.797 ms  1/45 (2.2%)  
[  8] 152.00-153.00 sec  57.4 KBytes   472 Kbits/sec  7.175 ms  2/44 (4.5%)  
[  8] 153.00-154.00 sec  62.9 KBytes   515 Kbits/sec  9.599 ms  0/46 (0%)  
[  8] 154.00-155.00 sec  58.8 KBytes   481 Kbits/sec  9.983 ms  1/44 (2.3%)  
[  8] 155.00-156.00 sec  61.5 KBytes   504 Kbits/sec  6.132 ms  0/45 (0%)  
[  8] 156.00-157.00 sec  60.2 KBytes   493 Kbits/sec  6.294 ms  0/44 (0%)  
[  8] 157.00-158.00 sec  61.5 KBytes   504 Kbits/sec  6.108 ms  0/45 (0%)  
[  8] 158.00-159.00 sec  60.2 KBytes   493 Kbits/sec  7.828 ms  1/45 (2.2%)  
[  8] 159.00-160.00 sec  61.5 KBytes   504 Kbits/sec  6.401 ms  0/45 (0%)  
[  8] 160.00-161.00 sec  60.2 KBytes   493 Kbits/sec  6.563 ms  0/44 (0%)  
[  8] 161.00-162.00 sec  60.2 KBytes   493 Kbits/sec  6.666 ms  0/44 (0%)  
[  8] 162.00-163.00 sec  58.8 KBytes   482 Kbits/sec  7.293 ms  2/45 (4.4%)  
[  8] 163.00-164.00 sec  60.2 KBytes   492 Kbits/sec  6.967 ms  0/44 (0%)  
[  8] 164.00-165.00 sec  58.8 KBytes   483 Kbits/sec  6.369 ms  2/45 (4.4%)  
[  8] 165.00-166.00 sec  61.5 KBytes   502 Kbits/sec  4.524 ms  0/45 (0%)  
[  8] 166.00-167.00 sec  61.5 KBytes   506 Kbits/sec  5.986 ms  0/45 (0%)  
[  8] 167.00-168.00 sec  60.2 KBytes   493 Kbits/sec  4.961 ms  0/44 (0%)  
[  8] 168.00-169.00 sec  61.5 KBytes   502 Kbits/sec  7.403 ms  1/46 (2.2%)  
[  8] 169.00-170.00 sec  57.4 KBytes   472 Kbits/sec  10.538 ms  2/44 (4.5%)  
[  8] 170.00-171.00 sec  58.8 KBytes   482 Kbits/sec  6.216 ms  1/44 (2.3%)  
[  8] 171.00-172.00 sec  60.2 KBytes   493 Kbits/sec  6.908 ms  0/44 (0%)  
[  8] 172.00-173.00 sec  62.9 KBytes   515 Kbits/sec  5.219 ms  0/46 (0%)  
[  8] 173.00-174.00 sec  61.5 KBytes   504 Kbits/sec  5.885 ms  0/45 (0%)  
[  8] 174.00-175.00 sec  60.2 KBytes   492 Kbits/sec  7.506 ms  0/44 (0%)  
[  8] 175.00-176.00 sec  60.2 KBytes   494 Kbits/sec  9.127 ms  1/45 (2.2%)  
[  8] 176.00-177.00 sec  61.5 KBytes   504 Kbits/sec  6.644 ms  0/45 (0%)  
[  8] 177.00-178.00 sec  58.8 KBytes   482 Kbits/sec  4.343 ms  0/43 (0%)  
[  8] 178.00-179.00 sec  61.5 KBytes   504 Kbits/sec  6.802 ms  0/45 (0%)  
[  8] 179.00-180.00 sec  61.5 KBytes   504 Kbits/sec  5.769 ms  0/45 (0%)  
[  8] 180.00-181.00 sec  61.5 KBytes   503 Kbits/sec  5.522 ms  0/45 (0%)  
[  8] 181.00-182.00 sec  58.8 KBytes   482 Kbits/sec  5.478 ms  1/44 (2.3%)  
[  8] 182.00-183.00 sec  61.5 KBytes   505 Kbits/sec  4.147 ms  0/45 (0%)  
[  8] 183.00-184.00 sec  60.2 KBytes   493 Kbits/sec  5.157 ms  0/44 (0%)  
[  8] 184.00-185.00 sec  60.2 KBytes   493 Kbits/sec  4.673 ms  1/45 (2.2%)  
[  8] 185.00-186.00 sec  61.5 KBytes   504 Kbits/sec  5.886 ms  0/45 (0%)  
[  8] 186.00-186.41 sec  24.6 KBytes   492 Kbits/sec  4.744 ms  0/18 (0%)  
- - - - - - - - - - - - - - - - - - - - - - - - -
[ ID] Interval           Transfer     Bitrate         Jitter    Lost/Total Datagrams
[  8]   0.00-186.41 sec  11.1 MBytes   498 Kbits/sec  4.744 ms  32/8321 (0.38%)  receiver
iperf3: interrupt - the server has terminated
-----------------------------------------------------------
Server listening on 5201 (test #1)
-----------------------------------------------------------
Accepted connection from 10.0.0.91, port 41600
[  8] local 10.0.0.123 port 5201 connected to 10.0.0.91 port 39146
[ ID] Interval           Transfer     Bitrate         Jitter    Lost/Total Datagrams
[  8]   0.00-1.00   sec  60.2 KBytes   492 Kbits/sec  2.393 ms  0/44 (0%)  
[  8]   1.00-2.00   sec  61.5 KBytes   504 Kbits/sec  6.858 ms  0/45 (0%)  
[  8]   2.00-3.00   sec  60.2 KBytes   494 Kbits/sec  3.960 ms  0/44 (0%)  
[  8]   3.00-4.00   sec  61.5 KBytes   504 Kbits/sec  4.259 ms  0/45 (0%)  
[  8]   4.00-5.00   sec  61.5 KBytes   504 Kbits/sec  5.107 ms  0/45 (0%)  
[  8]   5.00-6.00   sec  60.2 KBytes   493 Kbits/sec  3.777 ms  0/44 (0%)  
[  8]   6.00-7.00   sec  61.5 KBytes   504 Kbits/sec  5.123 ms  0/45 (0%)  
[  8]   7.00-8.00   sec  60.2 KBytes   493 Kbits/sec  7.550 ms  0/44 (0%)  
[  8]   8.00-9.00   sec  60.2 KBytes   493 Kbits/sec  5.688 ms  1/45 (2.2%)  
[  8]   9.00-10.00  sec  61.5 KBytes   504 Kbits/sec  4.636 ms  0/45 (0%)  
[  8]  10.00-11.00  sec  61.5 KBytes   502 Kbits/sec  3.749 ms  0/45 (0%)  
[  8]  11.00-12.00  sec  60.2 KBytes   494 Kbits/sec  5.386 ms  0/44 (0%)  
[  8]  12.00-13.00  sec  60.2 KBytes   493 Kbits/sec  6.347 ms  0/44 (0%)  
[  8]  13.00-14.00  sec  61.5 KBytes   504 Kbits/sec  5.561 ms  0/46 (0%)  
[  8]  14.00-15.00  sec  60.2 KBytes   493 Kbits/sec  5.403 ms  0/44 (0%)  
[  8]  15.00-16.00  sec  61.5 KBytes   504 Kbits/sec  4.915 ms  0/45 (0%)  
[  8]  16.00-17.00  sec  61.5 KBytes   504 Kbits/sec  7.260 ms  0/45 (0%)  
[  8]  17.00-18.00  sec  60.2 KBytes   493 Kbits/sec  8.581 ms  0/44 (0%)  
[  8]  18.00-19.00  sec  60.2 KBytes   493 Kbits/sec  8.432 ms  0/44 (0%)  
[  8]  19.00-20.00  sec  61.5 KBytes   504 Kbits/sec  5.486 ms  0/45 (0%)  
[  8]  20.00-21.00  sec  61.5 KBytes   504 Kbits/sec  6.420 ms  0/45 (0%)  
[  8]  21.00-22.00  sec  60.2 KBytes   493 Kbits/sec  5.783 ms  0/44 (0%)  
[  8]  22.00-23.00  sec  61.5 KBytes   504 Kbits/sec  7.292 ms  0/45 (0%)  
[  8]  23.00-24.00  sec  61.5 KBytes   504 Kbits/sec  6.061 ms  0/45 (0%)  
[  8]  24.00-25.00  sec  61.5 KBytes   504 Kbits/sec  3.106 ms  0/45 (0%)  
[  8]  25.00-26.00  sec  60.2 KBytes   493 Kbits/sec  4.779 ms  0/44 (0%)  
[  8]  26.00-27.00  sec  58.8 KBytes   482 Kbits/sec  4.936 ms  0/43 (0%)  
[  8]  27.00-28.00  sec  60.2 KBytes   493 Kbits/sec  8.056 ms  3/47 (6.4%)  
[  8]  28.00-29.00  sec  58.8 KBytes   482 Kbits/sec  8.233 ms  0/43 (0%)  
[  8]  29.00-30.00  sec  58.8 KBytes   482 Kbits/sec  6.502 ms  3/46 (6.5%)  
[  8]  30.00-31.00  sec  58.8 KBytes   482 Kbits/sec  9.656 ms  1/44 (2.3%)  
[  8]  31.00-32.00  sec  61.5 KBytes   504 Kbits/sec  5.769 ms  0/45 (0%)  
[  8]  32.00-33.00  sec  61.5 KBytes   504 Kbits/sec  6.225 ms  0/45 (0%)  
[  8]  33.00-34.00  sec  60.2 KBytes   493 Kbits/sec  6.472 ms  0/44 (0%)  
[  8]  34.00-35.00  sec  60.2 KBytes   493 Kbits/sec  5.059 ms  1/45 (2.2%)  
[  8]  35.00-36.00  sec  58.8 KBytes   482 Kbits/sec  4.650 ms  0/43 (0%)  
[  8]  36.00-37.00  sec  61.5 KBytes   504 Kbits/sec  6.268 ms  1/46 (2.2%)  
[  8]  37.00-38.00  sec  61.5 KBytes   504 Kbits/sec  3.881 ms  0/45 (0%)  
[  8]  38.00-39.00  sec  61.5 KBytes   504 Kbits/sec  5.880 ms  0/45 (0%)  
[  8]  39.00-40.00  sec  60.2 KBytes   493 Kbits/sec  4.396 ms  0/44 (0%)  
[  8]  40.00-41.00  sec  61.5 KBytes   504 Kbits/sec  4.052 ms  0/45 (0%)  
[  8]  41.00-42.00  sec  60.2 KBytes   493 Kbits/sec  3.518 ms  0/44 (0%)  
[  8]  42.00-43.00  sec  61.5 KBytes   504 Kbits/sec  5.484 ms  0/45 (0%)  
[  8]  43.00-44.00  sec  61.5 KBytes   503 Kbits/sec  4.448 ms  0/45 (0%)  
[  8]  44.00-45.00  sec  60.2 KBytes   494 Kbits/sec  4.657 ms  0/44 (0%)  
[  8]  45.00-46.01  sec  62.9 KBytes   511 Kbits/sec  4.698 ms  0/46 (0%)  
[  8]  46.01-47.00  sec  58.8 KBytes   486 Kbits/sec  5.126 ms  0/43 (0%)  
[  8]  47.00-48.00  sec  60.2 KBytes   493 Kbits/sec  5.705 ms  1/45 (2.2%)  
[  8]  48.00-49.00  sec  61.5 KBytes   503 Kbits/sec  7.831 ms  0/45 (0%)  
[  8]  49.00-50.00  sec  61.5 KBytes   505 Kbits/sec  5.362 ms  0/45 (0%)  
[  8]  50.00-51.00  sec  60.2 KBytes   493 Kbits/sec  7.401 ms  0/44 (0%)  
[  8]  51.00-52.00  sec  61.5 KBytes   504 Kbits/sec  8.212 ms  0/45 (0%)  
[  8]  52.00-53.00  sec  61.5 KBytes   503 Kbits/sec  5.531 ms  0/45 (0%)  
[  8]  53.00-54.00  sec  58.8 KBytes   482 Kbits/sec  4.905 ms  1/44 (2.3%)  
[  8]  54.00-55.00  sec  61.5 KBytes   504 Kbits/sec  6.435 ms  0/45 (0%)  
[  8]  55.00-56.01  sec  60.2 KBytes   490 Kbits/sec  6.367 ms  0/44 (0%)  
[  8]  56.01-57.00  sec  61.5 KBytes   507 Kbits/sec  3.775 ms  0/45 (0%)  
[  8]  57.00-58.00  sec  61.5 KBytes   504 Kbits/sec  4.456 ms  0/45 (0%)  
[  8]  58.00-59.00  sec  60.2 KBytes   493 Kbits/sec  3.749 ms  0/44 (0%)  
[  8]  59.00-60.00  sec  61.5 KBytes   504 Kbits/sec  3.432 ms  0/45 (0%)  
[  8]  60.00-61.00  sec  61.5 KBytes   504 Kbits/sec  4.695 ms  0/45 (0%)  
[  8]  61.00-62.00  sec  61.5 KBytes   504 Kbits/sec  5.016 ms  0/45 (0%)  
[  8]  62.00-63.00  sec  60.2 KBytes   493 Kbits/sec  7.796 ms  0/44 (0%)  
[  8]  63.00-64.00  sec  61.5 KBytes   504 Kbits/sec  3.953 ms  0/45 (0%)  
[  8]  64.00-65.00  sec  60.2 KBytes   493 Kbits/sec  4.311 ms  0/44 (0%)  
[  8]  65.00-66.00  sec  61.5 KBytes   504 Kbits/sec  5.314 ms  0/45 (0%)  
[  8]  66.00-67.00  sec  60.2 KBytes   491 Kbits/sec  5.855 ms  0/44 (0%)  
[  8]  67.00-68.01  sec  61.5 KBytes   502 Kbits/sec  5.730 ms  0/45 (0%)  
[  8]  68.01-69.01  sec  58.8 KBytes   482 Kbits/sec  7.381 ms  1/44 (2.3%)  
[  8]  69.01-70.00  sec  57.4 KBytes   473 Kbits/sec  7.388 ms  2/44 (4.5%)  
[  8]  70.00-71.00  sec  62.9 KBytes   514 Kbits/sec  9.568 ms  0/46 (0%)  
[  8]  71.00-72.00  sec  58.8 KBytes   483 Kbits/sec  7.154 ms  2/45 (4.4%)  
[  8]  72.00-73.00  sec  58.8 KBytes   482 Kbits/sec  8.108 ms  2/45 (4.4%)  
[  8]  73.00-74.00  sec  53.3 KBytes   437 Kbits/sec  11.044 ms  4/43 (9.3%)  
[  8]  74.00-75.00  sec  58.8 KBytes   481 Kbits/sec  15.372 ms  2/45 (4.4%)  
[  8]  75.00-76.00  sec  61.5 KBytes   504 Kbits/sec  8.491 ms  0/45 (0%)  
[  8]  76.00-77.02  sec  56.1 KBytes   450 Kbits/sec  9.580 ms  4/45 (8.9%)  
[  8]  77.02-78.00  sec  60.2 KBytes   503 Kbits/sec  8.873 ms  0/44 (0%)  
[  8]  78.00-79.00  sec  60.2 KBytes   493 Kbits/sec  9.795 ms  1/45 (2.2%)  
[  8]  79.00-80.00  sec  60.2 KBytes   493 Kbits/sec  10.308 ms  1/45 (2.2%)  
[  8]  80.00-81.00  sec  57.4 KBytes   470 Kbits/sec  12.255 ms  2/44 (4.5%)  
[  8]  81.00-82.00  sec  60.2 KBytes   493 Kbits/sec  7.210 ms  1/45 (2.2%)  
[  8]  82.00-83.00  sec  61.5 KBytes   504 Kbits/sec  6.284 ms  0/45 (0%)  
[  8]  83.00-84.00  sec  61.5 KBytes   504 Kbits/sec  5.166 ms  0/45 (0%)  
[  8]  84.00-85.00  sec  58.8 KBytes   482 Kbits/sec  6.388 ms  0/43 (0%)  
[  8]  85.00-86.01  sec  62.9 KBytes   512 Kbits/sec  4.485 ms  0/46 (0%)  
[  8]  86.01-87.00  sec  60.2 KBytes   495 Kbits/sec  4.652 ms  1/45 (2.2%)  
[  8]  87.00-88.00  sec  60.2 KBytes   492 Kbits/sec  4.506 ms  0/44 (0%)  
[  8]  88.00-89.00  sec  61.5 KBytes   505 Kbits/sec  3.998 ms  0/45 (0%)  
[  8]  89.00-90.00  sec  60.2 KBytes   492 Kbits/sec  4.333 ms  0/44 (0%)  
[  8]  90.00-91.00  sec  61.5 KBytes   505 Kbits/sec  3.628 ms  0/45 (0%)  
[  8]  91.00-92.00  sec  60.2 KBytes   491 Kbits/sec  6.459 ms  0/44 (0%)  
[  8]  92.00-93.00  sec  61.5 KBytes   506 Kbits/sec  5.084 ms  0/45 (0%)  
[  8]  93.00-94.00  sec  61.5 KBytes   504 Kbits/sec  3.498 ms  0/45 (0%)  
[  8]  94.00-95.00  sec  60.2 KBytes   493 Kbits/sec  4.621 ms  1/45 (2.2%)  
[  8]  95.00-96.00  sec  60.2 KBytes   493 Kbits/sec  6.032 ms  0/44 (0%)  
[  8]  96.00-97.00  sec  60.2 KBytes   492 Kbits/sec  6.258 ms  0/44 (0%)  
[  8]  97.00-98.00  sec  61.5 KBytes   505 Kbits/sec  7.245 ms  0/45 (0%)  
[  8]  98.00-99.00  sec  58.8 KBytes   481 Kbits/sec  4.526 ms  2/45 (4.4%)  
[  8]  99.00-100.00 sec  60.2 KBytes   493 Kbits/sec  6.509 ms  0/44 (0%)  
[  8] 100.00-101.00 sec  61.5 KBytes   503 Kbits/sec  5.578 ms  0/45 (0%)  
[  8] 101.00-102.00 sec  60.2 KBytes   493 Kbits/sec  4.999 ms  0/44 (0%)  
[  8] 102.00-103.00 sec  61.5 KBytes   504 Kbits/sec  5.343 ms  0/45 (0%)  
[  8] 103.00-104.00 sec  61.5 KBytes   504 Kbits/sec  6.144 ms  0/45 (0%)  
[  8] 104.00-105.00 sec  54.7 KBytes   448 Kbits/sec  6.707 ms  2/42 (4.8%)  
[  8] 105.00-106.00 sec  64.3 KBytes   526 Kbits/sec  4.274 ms  0/47 (0%)  
[  8] 106.00-107.01 sec  58.8 KBytes   478 Kbits/sec  5.644 ms  0/43 (0%)  
[  8] 107.01-108.00 sec  61.5 KBytes   508 Kbits/sec  8.859 ms  1/46 (2.2%)  
[  8] 108.00-109.00 sec  60.2 KBytes   493 Kbits/sec  3.191 ms  0/44 (0%)  
[  8] 109.00-110.00 sec  61.5 KBytes   504 Kbits/sec  8.287 ms  1/46 (2.2%)  
[  8] 110.00-111.00 sec  61.5 KBytes   504 Kbits/sec  9.288 ms  0/45 (0%)  
[  8] 111.00-112.00 sec  58.8 KBytes   482 Kbits/sec  11.598 ms  2/45 (4.4%)  
[  8] 112.00-113.00 sec  54.7 KBytes   448 Kbits/sec  8.058 ms  3/43 (7%)  
[  8] 113.00-114.00 sec  60.2 KBytes   493 Kbits/sec  4.992 ms  0/44 (0%)  
[  8] 114.00-115.00 sec  58.8 KBytes   482 Kbits/sec  12.212 ms  2/45 (4.4%)  
[  8] 115.00-116.00 sec  60.2 KBytes   493 Kbits/sec  8.584 ms  0/44 (0%)  
[  8] 116.00-117.00 sec  47.9 KBytes   391 Kbits/sec  14.206 ms  2/37 (5.4%)  
[  8] 117.00-118.00 sec  69.7 KBytes   571 Kbits/sec  13.375 ms  1/52 (1.9%)  
[  8] 118.00-119.00 sec  62.9 KBytes   515 Kbits/sec  5.079 ms  1/47 (2.1%)  
[  8] 119.00-120.00 sec  61.5 KBytes   505 Kbits/sec  4.219 ms  0/45 (0%)  
[  8] 120.00-121.00 sec  60.2 KBytes   493 Kbits/sec  5.322 ms  0/44 (0%)  
[  8] 121.00-122.00 sec  61.5 KBytes   504 Kbits/sec  4.404 ms  0/45 (0%)  
[  8] 122.00-123.00 sec  61.5 KBytes   504 Kbits/sec  6.328 ms  0/45 (0%)  
[  8] 123.00-124.00 sec  61.5 KBytes   503 Kbits/sec  4.773 ms  0/45 (0%)  
[  8] 124.00-125.00 sec  60.2 KBytes   493 Kbits/sec  2.995 ms  0/44 (0%)  
[  8] 125.00-126.00 sec  61.5 KBytes   504 Kbits/sec  3.738 ms  0/45 (0%)  
[  8] 126.00-127.00 sec  58.8 KBytes   482 Kbits/sec  5.447 ms  1/44 (2.3%)  
[  8] 127.00-128.00 sec  61.5 KBytes   504 Kbits/sec  6.084 ms  0/45 (0%)  
[  8] 128.00-129.00 sec  60.2 KBytes   493 Kbits/sec  4.108 ms  0/44 (0%)  
[  8] 129.00-130.00 sec  60.2 KBytes   493 Kbits/sec  5.570 ms  1/45 (2.2%)  
[  8] 130.00-131.00 sec  61.5 KBytes   504 Kbits/sec  5.016 ms  0/45 (0%)  
[  8] 131.00-132.00 sec  57.4 KBytes   470 Kbits/sec  4.583 ms  2/44 (4.5%)  
[  8] 132.00-133.00 sec  58.8 KBytes   482 Kbits/sec  6.522 ms  0/43 (0%)  
[  8] 133.00-134.00 sec  64.3 KBytes   525 Kbits/sec  6.592 ms  0/47 (0%)  
[  8] 134.00-135.00 sec  60.2 KBytes   494 Kbits/sec  4.739 ms  0/44 (0%)  
[  8] 135.00-136.00 sec  61.5 KBytes   502 Kbits/sec  4.304 ms  0/45 (0%)  
[  8] 136.00-137.00 sec  61.5 KBytes   506 Kbits/sec  5.798 ms  0/45 (0%)  
[  8] 137.00-138.00 sec  60.2 KBytes   493 Kbits/sec  4.968 ms  0/44 (0%)  
[  8] 138.00-139.00 sec  58.8 KBytes   482 Kbits/sec  1.508 ms  0/43 (0%)  
[  8] 139.00-140.00 sec  62.9 KBytes   515 Kbits/sec  9.803 ms  0/46 (0%)  
[  8] 140.00-141.00 sec  60.2 KBytes   493 Kbits/sec  7.053 ms  0/44 (0%)  
[  8] 141.00-142.00 sec  61.5 KBytes   504 Kbits/sec  6.977 ms  0/45 (0%)  
[  8] 142.00-143.00 sec  61.5 KBytes   504 Kbits/sec  6.862 ms  0/45 (0%)  
[  8] 143.00-144.00 sec  61.5 KBytes   504 Kbits/sec  4.397 ms  0/45 (0%)  
[  8] 144.00-145.00 sec  61.5 KBytes   504 Kbits/sec  4.259 ms  0/45 (0%)  
[  8] 145.00-146.00 sec  60.2 KBytes   493 Kbits/sec  4.200 ms  0/44 (0%)  
[  8] 146.00-147.01 sec  61.5 KBytes   500 Kbits/sec  3.921 ms  0/45 (0%)  
[  8] 147.01-148.00 sec  61.5 KBytes   508 Kbits/sec  5.528 ms  0/45 (0%)  
[  8] 148.00-149.00 sec  58.8 KBytes   482 Kbits/sec  1.947 ms  1/44 (2.3%)  
[  8] 149.00-150.00 sec  61.5 KBytes   504 Kbits/sec  6.134 ms  0/45 (0%)  
[  8] 150.00-151.00 sec  60.2 KBytes   493 Kbits/sec  3.407 ms  1/45 (2.2%)  
[  8] 151.00-152.00 sec  61.5 KBytes   504 Kbits/sec  4.093 ms  0/45 (0%)  
[  8] 152.00-153.00 sec  60.2 KBytes   493 Kbits/sec  4.000 ms  0/44 (0%)  
[  8] 153.00-154.00 sec  61.5 KBytes   504 Kbits/sec  4.405 ms  0/45 (0%)  
[  8] 154.00-155.00 sec  60.2 KBytes   493 Kbits/sec  7.322 ms  0/44 (0%)  
[  8] 155.00-156.00 sec  61.5 KBytes   504 Kbits/sec  4.443 ms  0/45 (0%)  
[  8] 156.00-157.00 sec  61.5 KBytes   504 Kbits/sec  3.180 ms  0/45 (0%)  
[  8] 157.00-158.00 sec  60.2 KBytes   493 Kbits/sec  3.811 ms  0/44 (0%)  
[  8] 158.00-159.00 sec  61.5 KBytes   504 Kbits/sec  8.024 ms  0/45 (0%)  
[  8] 159.00-160.00 sec  61.5 KBytes   503 Kbits/sec  6.205 ms  0/45 (0%)  
[  8] 160.00-161.00 sec  57.4 KBytes   471 Kbits/sec  4.886 ms  2/44 (4.5%)  
[  8] 161.00-162.00 sec  60.2 KBytes   493 Kbits/sec  7.756 ms  0/44 (0%)  
[  8] 162.00-163.00 sec  61.5 KBytes   504 Kbits/sec  4.447 ms  0/45 (0%)  
[  8] 163.00-164.00 sec  61.5 KBytes   504 Kbits/sec  4.996 ms  0/45 (0%)  
[  8] 164.00-165.00 sec  60.2 KBytes   493 Kbits/sec  6.720 ms  0/44 (0%)  
[  8] 165.00-166.00 sec  56.1 KBytes   459 Kbits/sec  5.284 ms  3/44 (6.8%)  
[  8] 166.00-167.00 sec  62.9 KBytes   514 Kbits/sec  5.805 ms  0/46 (0%)  
[  8] 167.00-168.00 sec  61.5 KBytes   505 Kbits/sec  5.281 ms  0/45 (0%)  
[  8] 168.00-169.00 sec  60.2 KBytes   493 Kbits/sec  4.616 ms  0/44 (0%)  
[  8] 169.00-170.00 sec  60.2 KBytes   493 Kbits/sec  4.961 ms  0/44 (0%)  
[  8] 170.00-171.00 sec  61.5 KBytes   504 Kbits/sec  4.183 ms  0/45 (0%)  
[  8] 171.00-172.00 sec  61.5 KBytes   504 Kbits/sec  4.130 ms  0/45 (0%)  
[  8] 172.00-173.00 sec  58.8 KBytes   482 Kbits/sec  3.250 ms  1/44 (2.3%)  
[  8] 173.00-174.00 sec  57.4 KBytes   470 Kbits/sec  14.230 ms  3/45 (6.7%)  
[  8] 174.00-175.00 sec  61.5 KBytes   503 Kbits/sec  6.315 ms  0/45 (0%)  
[  8] 175.00-176.00 sec  58.8 KBytes   482 Kbits/sec  10.523 ms  1/44 (2.3%)  
[  8] 176.00-177.00 sec  60.2 KBytes   493 Kbits/sec  6.168 ms  1/45 (2.2%)  
[  8] 177.00-178.00 sec  61.5 KBytes   504 Kbits/sec  7.047 ms  0/45 (0%)  
[  8] 178.00-179.00 sec  58.8 KBytes   482 Kbits/sec  5.756 ms  0/43 (0%)  
[  8] 179.00-180.00 sec  62.9 KBytes   515 Kbits/sec  8.998 ms  0/46 (0%)  
[  8] 180.00-181.00 sec  61.5 KBytes   504 Kbits/sec  8.002 ms  0/45 (0%)  
[  8] 181.00-182.00 sec  61.5 KBytes   503 Kbits/sec  5.453 ms  0/45 (0%)  
[  8] 182.00-183.00 sec  60.2 KBytes   493 Kbits/sec  8.098 ms  0/44 (0%)  
[  8] 183.00-184.00 sec  61.5 KBytes   504 Kbits/sec  6.224 ms  0/45 (0%)  
[  8] 184.00-185.02 sec  60.2 KBytes   483 Kbits/sec  6.316 ms  1/45 (2.2%)  
[  8] 185.02-186.00 sec  60.2 KBytes   503 Kbits/sec  4.211 ms  0/44 (0%)  
[  8] 186.00-187.00 sec  60.2 KBytes   493 Kbits/sec  6.036 ms  0/44 (0%)  
[  8] 187.00-188.00 sec  61.5 KBytes   504 Kbits/sec  9.901 ms  0/45 (0%)  
[  8] 188.00-189.00 sec  61.5 KBytes   504 Kbits/sec  5.350 ms  0/45 (0%)  
[  8] 189.00-190.00 sec  61.5 KBytes   504 Kbits/sec  4.686 ms  0/45 (0%)  
[  8] 190.00-191.00 sec  60.2 KBytes   493 Kbits/sec  6.302 ms  0/44 (0%)  
[  8] 191.00-192.00 sec  61.5 KBytes   504 Kbits/sec  5.081 ms  0/45 (0%)  
[  8] 192.00-193.00 sec  60.2 KBytes   493 Kbits/sec  4.202 ms  0/44 (0%)  
[  8] 193.00-194.00 sec  61.5 KBytes   504 Kbits/sec  5.114 ms  0/45 (0%)  
[  8] 194.00-195.00 sec  61.5 KBytes   504 Kbits/sec  8.178 ms  0/45 (0%)  
[  8] 195.00-196.00 sec  58.8 KBytes   482 Kbits/sec  7.182 ms  0/43 (0%)  
[  8] 196.00-197.00 sec  62.9 KBytes   515 Kbits/sec  5.316 ms  0/46 (0%)  
[  8] 197.00-198.00 sec  61.5 KBytes   504 Kbits/sec  2.247 ms  0/45 (0%)  
[  8] 198.00-199.00 sec  60.2 KBytes   493 Kbits/sec  1.818 ms  0/44 (0%)  
[  8] 199.00-200.00 sec  61.5 KBytes   504 Kbits/sec  1.823 ms  0/45 (0%)  
[  8] 200.00-200.02 sec  1.37 KBytes   557 Kbits/sec  1.719 ms  0/1 (0%)  
- - - - - - - - - - - - - - - - - - - - - - - - -
[ ID] Interval           Transfer     Bitrate         Jitter    Lost/Total Datagrams
[  8]   0.00-200.02 sec  11.8 MBytes   496 Kbits/sec  1.719 ms  71/8929 (0.8%)  receiver
