-----------------------------------------------------------
Server listening on 5201 (test #1)
-----------------------------------------------------------
Accepted connection from 10.0.0.21, port 52384
[  8] local 10.0.0.53 port 5201 connected to 10.0.0.21 port 59569
[ ID] Interval           Transfer     Bitrate         Jitter    Lost/Total Datagrams
[  8]   0.00-1.00   sec  12.3 KBytes   101 Kbits/sec  1.254 ms  0/9 (0%)  
[  8]   1.00-2.00   sec  12.3 KBytes   101 Kbits/sec  2.333 ms  0/9 (0%)  
[  8]   2.00-3.00   sec  12.3 KBytes   101 Kbits/sec  3.403 ms  0/9 (0%)  
[  8]   3.00-4.00   sec  12.3 KBytes   101 Kbits/sec  4.171 ms  0/9 (0%)  
[  8]   4.00-5.00   sec  12.3 KBytes   101 Kbits/sec  3.678 ms  0/9 (0%)  
[  8]   5.00-6.00   sec  12.3 KBytes   101 Kbits/sec  4.910 ms  0/9 (0%)  
[  8]   6.00-7.00   sec  12.3 KBytes   101 Kbits/sec  4.060 ms  0/9 (0%)  
[  8]   7.00-8.00   sec  12.3 KBytes   101 Kbits/sec  4.014 ms  0/9 (0%)  
[  8]   8.00-9.00   sec  12.3 KBytes   101 Kbits/sec  3.612 ms  0/9 (0%)  
[  8]   9.00-10.00  sec  12.3 KBytes   101 Kbits/sec  4.602 ms  0/9 (0%)  
[  8]  10.00-11.00  sec  10.9 KBytes  89.6 Kbits/sec  4.627 ms  0/8 (0%)  
[  8]  11.00-12.00  sec  13.7 KBytes   112 Kbits/sec  6.655 ms  0/10 (0%)  
[  8]  12.00-13.00  sec  10.9 KBytes  89.6 Kbits/sec  6.447 ms  0/8 (0%)  
[  8]  13.00-14.00  sec  12.3 KBytes   101 Kbits/sec  5.817 ms  0/9 (0%)  
[  8]  14.00-15.00  sec  12.3 KBytes   101 Kbits/sec  4.608 ms  0/9 (0%)  
[  8]  15.00-16.00  sec  12.3 KBytes   101 Kbits/sec  4.455 ms  0/9 (0%)  
[  8]  16.00-17.00  sec  12.3 KBytes   101 Kbits/sec  5.288 ms  0/9 (0%)  
[  8]  17.00-18.00  sec  12.3 KBytes   101 Kbits/sec  4.268 ms  0/9 (0%)  
[  8]  18.00-19.00  sec  12.3 KBytes   101 Kbits/sec  4.052 ms  0/9 (0%)  
[  8]  19.00-20.00  sec  12.3 KBytes   101 Kbits/sec  3.108 ms  0/9 (0%)  
[  8]  20.00-21.00  sec  12.3 KBytes   101 Kbits/sec  3.547 ms  0/9 (0%)  
[  8]  21.00-22.00  sec  12.3 KBytes   101 Kbits/sec  4.678 ms  0/9 (0%)  
[  8]  22.00-23.00  sec  12.3 KBytes   101 Kbits/sec  5.883 ms  0/9 (0%)  
[  8]  23.00-24.00  sec  12.3 KBytes   101 Kbits/sec  4.652 ms  0/9 (0%)  
[  8]  24.00-25.00  sec  12.3 KBytes   101 Kbits/sec  4.867 ms  0/9 (0%)  
[  8]  25.00-26.00  sec  12.3 KBytes   101 Kbits/sec  4.364 ms  0/9 (0%)  
[  8]  26.00-27.00  sec  10.9 KBytes  89.8 Kbits/sec  3.980 ms  0/8 (0%)  
[  8]  27.00-28.00  sec  12.3 KBytes   101 Kbits/sec  5.805 ms  0/9 (0%)  
[  8]  28.00-29.00  sec  12.3 KBytes   101 Kbits/sec  5.249 ms  0/9 (0%)  
[  8]  29.00-30.00  sec  12.3 KBytes   101 Kbits/sec  5.479 ms  0/9 (0%)  
[  8]  30.00-31.00  sec  12.3 KBytes   101 Kbits/sec  4.838 ms  0/9 (0%)  
[  8]  31.00-32.00  sec  12.3 KBytes   101 Kbits/sec  4.276 ms  0/9 (0%)  
[  8]  32.00-33.00  sec  12.3 KBytes   101 Kbits/sec  4.053 ms  0/9 (0%)  
[  8]  33.00-34.00  sec  12.3 KBytes   101 Kbits/sec  3.661 ms  0/9 (0%)  
[  8]  34.00-35.00  sec  12.3 KBytes   101 Kbits/sec  3.359 ms  0/9 (0%)  
[  8]  35.00-36.00  sec  12.3 KBytes   101 Kbits/sec  3.974 ms  0/9 (0%)  
[  8]  36.00-37.00  sec  12.3 KBytes   101 Kbits/sec  3.412 ms  0/9 (0%)  
[  8]  37.00-38.00  sec  12.3 KBytes   101 Kbits/sec  2.894 ms  0/9 (0%)  
[  8]  38.00-39.00  sec  12.3 KBytes   101 Kbits/sec  2.844 ms  0/9 (0%)  
[  8]  39.00-40.00  sec  12.3 KBytes   101 Kbits/sec  3.874 ms  0/9 (0%)  
[  8]  40.00-41.00  sec  10.9 KBytes  89.6 Kbits/sec  4.412 ms  0/8 (0%)  
[  8]  41.00-42.00  sec  12.3 KBytes   101 Kbits/sec  5.397 ms  0/9 (0%)  
[  8]  42.00-43.00  sec  12.3 KBytes   101 Kbits/sec  4.976 ms  0/9 (0%)  
[  8]  43.00-44.00  sec  12.3 KBytes   101 Kbits/sec  4.226 ms  0/9 (0%)  
[  8]  44.00-45.00  sec  12.3 KBytes   101 Kbits/sec  5.182 ms  0/9 (0%)  
[  8]  45.00-46.00  sec  12.3 KBytes   101 Kbits/sec  5.755 ms  0/9 (0%)  
[  8]  46.00-47.00  sec  12.3 KBytes   101 Kbits/sec  4.894 ms  0/9 (0%)  
[  8]  47.00-48.00  sec  12.3 KBytes   101 Kbits/sec  4.680 ms  0/9 (0%)  
[  8]  48.00-49.00  sec  12.3 KBytes   101 Kbits/sec  4.778 ms  0/9 (0%)  
[  8]  49.00-50.00  sec  12.3 KBytes   101 Kbits/sec  3.778 ms  0/9 (0%)  
[  8]  50.00-51.00  sec  12.3 KBytes   101 Kbits/sec  4.696 ms  0/9 (0%)  
[  8]  51.00-52.00  sec  12.3 KBytes   101 Kbits/sec  3.950 ms  0/9 (0%)  
[  8]  52.00-53.00  sec  12.3 KBytes   101 Kbits/sec  5.520 ms  0/9 (0%)  
[  8]  53.00-54.00  sec  12.3 KBytes   101 Kbits/sec  4.918 ms  0/9 (0%)  
[  8]  54.00-55.00  sec  10.9 KBytes  89.6 Kbits/sec  4.808 ms  0/8 (0%)  
[  8]  55.00-56.00  sec  12.3 KBytes   101 Kbits/sec  4.751 ms  0/9 (0%)  
[  8]  56.00-57.00  sec  12.3 KBytes   101 Kbits/sec  5.350 ms  0/9 (0%)  
[  8]  57.00-58.00  sec  12.3 KBytes   101 Kbits/sec  4.772 ms  0/9 (0%)  
[  8]  58.00-59.00  sec  12.3 KBytes   101 Kbits/sec  4.565 ms  0/9 (0%)  
[  8]  59.00-60.00  sec  12.3 KBytes   101 Kbits/sec  4.395 ms  0/9 (0%)  
[  8]  60.00-61.00  sec  12.3 KBytes   101 Kbits/sec  4.247 ms  0/9 (0%)  
[  8]  61.00-62.00  sec  12.3 KBytes   101 Kbits/sec  3.717 ms  0/9 (0%)  
[  8]  62.00-63.00  sec  12.3 KBytes   101 Kbits/sec  3.748 ms  0/9 (0%)  
[  8]  63.00-64.00  sec  12.3 KBytes   101 Kbits/sec  3.093 ms  0/9 (0%)  
[  8]  64.00-65.00  sec  12.3 KBytes   101 Kbits/sec  3.162 ms  0/9 (0%)  
[  8]  65.00-66.00  sec  12.3 KBytes   101 Kbits/sec  3.962 ms  0/9 (0%)  
[  8]  66.00-67.00  sec  12.3 KBytes   101 Kbits/sec  4.292 ms  0/9 (0%)  
[  8]  67.00-68.00  sec  12.3 KBytes   101 Kbits/sec  3.480 ms  0/9 (0%)  
[  8]  68.00-69.00  sec  12.3 KBytes   101 Kbits/sec  4.120 ms  0/9 (0%)  
[  8]  69.00-70.00  sec  10.9 KBytes  89.7 Kbits/sec  7.079 ms  0/8 (0%)  
[  8]  70.00-71.00  sec  12.3 KBytes   101 Kbits/sec  5.791 ms  0/9 (0%)  
[  8]  71.00-72.00  sec  12.3 KBytes   101 Kbits/sec  4.926 ms  0/9 (0%)  
[  8]  72.00-73.00  sec  12.3 KBytes   101 Kbits/sec  6.694 ms  0/9 (0%)  
[  8]  73.00-74.00  sec  12.3 KBytes   101 Kbits/sec  4.682 ms  0/9 (0%)  
[  8]  74.00-75.00  sec  12.3 KBytes   101 Kbits/sec  5.833 ms  0/9 (0%)  
[  8]  75.00-76.00  sec  12.3 KBytes   101 Kbits/sec  5.012 ms  0/9 (0%)  
[  8]  76.00-77.00  sec  12.3 KBytes   101 Kbits/sec  4.354 ms  0/9 (0%)  
[  8]  77.00-78.00  sec  12.3 KBytes   101 Kbits/sec  3.721 ms  0/9 (0%)  
[  8]  78.00-79.00  sec  12.3 KBytes   101 Kbits/sec  4.014 ms  0/9 (0%)  
[  8]  79.00-80.00  sec  12.3 KBytes   101 Kbits/sec  5.216 ms  0/9 (0%)  
[  8]  80.00-81.00  sec  10.9 KBytes  89.6 Kbits/sec  5.937 ms  0/8 (0%)  
[  8]  81.00-82.00  sec  12.3 KBytes   101 Kbits/sec  7.162 ms  0/9 (0%)  
[  8]  82.00-83.00  sec  13.7 KBytes   112 Kbits/sec  6.373 ms  0/10 (0%)  
[  8]  83.00-84.00  sec  10.9 KBytes  89.7 Kbits/sec  5.480 ms  0/8 (0%)  
[  8]  84.00-85.00  sec  12.3 KBytes   101 Kbits/sec  6.082 ms  0/9 (0%)  
[  8]  85.00-86.00  sec  12.3 KBytes   101 Kbits/sec  5.457 ms  0/9 (0%)  
[  8]  86.00-87.00  sec  12.3 KBytes   101 Kbits/sec  5.512 ms  0/9 (0%)  
[  8]  87.00-88.00  sec  12.3 KBytes   101 Kbits/sec  5.352 ms  0/9 (0%)  
[  8]  88.00-89.00  sec  12.3 KBytes   101 Kbits/sec  11.339 ms  0/9 (0%)  
[  8]  89.00-90.00  sec  12.3 KBytes   101 Kbits/sec  8.616 ms  0/9 (0%)  
[  8]  90.00-91.00  sec  12.3 KBytes   101 Kbits/sec  6.333 ms  0/9 (0%)  
[  8]  91.00-92.00  sec  12.3 KBytes   101 Kbits/sec  6.254 ms  0/9 (0%)  
[  8]  92.00-93.00  sec  12.3 KBytes   100 Kbits/sec  5.971 ms  0/9 (0%)  
[  8]  93.00-94.00  sec  12.3 KBytes   101 Kbits/sec  5.464 ms  0/9 (0%)  
[  8]  94.00-95.00  sec  12.3 KBytes   101 Kbits/sec  4.801 ms  0/9 (0%)  
[  8]  95.00-96.00  sec  12.3 KBytes   101 Kbits/sec  4.719 ms  0/9 (0%)  
[  8]  96.00-97.00  sec  12.3 KBytes   101 Kbits/sec  4.225 ms  0/9 (0%)  
[  8]  97.00-98.00  sec  10.9 KBytes  89.6 Kbits/sec  3.686 ms  0/8 (0%)  
[  8]  98.00-99.00  sec  12.3 KBytes   101 Kbits/sec  3.319 ms  0/9 (0%)  
[  8]  99.00-100.00 sec  12.3 KBytes   101 Kbits/sec  2.588 ms  0/9 (0%)  
[  8] 100.00-101.00 sec  12.3 KBytes   101 Kbits/sec  2.825 ms  0/9 (0%)  
[  8] 101.00-102.00 sec  12.3 KBytes   101 Kbits/sec  3.137 ms  0/9 (0%)  
[  8] 102.00-103.00 sec  12.3 KBytes   101 Kbits/sec  2.814 ms  0/9 (0%)  
[  8] 103.00-104.00 sec  12.3 KBytes   101 Kbits/sec  2.933 ms  0/9 (0%)  
[  8] 104.00-105.00 sec  12.3 KBytes   101 Kbits/sec  3.207 ms  0/9 (0%)  
[  8] 105.00-106.00 sec  12.3 KBytes   101 Kbits/sec  3.189 ms  0/9 (0%)  
[  8] 106.00-107.00 sec  12.3 KBytes   101 Kbits/sec  5.937 ms  0/9 (0%)  
[  8] 107.00-108.00 sec  12.3 KBytes   101 Kbits/sec  4.278 ms  0/9 (0%)  
[  8] 108.00-109.00 sec  12.3 KBytes   101 Kbits/sec  3.933 ms  0/9 (0%)  
[  8] 109.00-110.00 sec  12.3 KBytes   101 Kbits/sec  3.377 ms  0/9 (0%)  
[  8] 110.00-111.00 sec  10.9 KBytes  89.6 Kbits/sec  4.644 ms  0/8 (0%)  
[  8] 111.00-112.00 sec  12.3 KBytes   101 Kbits/sec  4.461 ms  0/9 (0%)  
[  8] 112.00-113.01 sec  12.3 KBytes   100 Kbits/sec  3.926 ms  0/9 (0%)  
[  8] 113.01-114.00 sec  12.3 KBytes   101 Kbits/sec  4.762 ms  0/9 (0%)  
[  8] 114.00-115.00 sec  12.3 KBytes   101 Kbits/sec  4.773 ms  0/9 (0%)  
[  8] 115.00-116.00 sec  12.3 KBytes   101 Kbits/sec  4.572 ms  0/9 (0%)  
[  8] 116.00-117.00 sec  12.3 KBytes   101 Kbits/sec  4.478 ms  0/9 (0%)  
[  8] 117.00-118.00 sec  12.3 KBytes   101 Kbits/sec  5.276 ms  0/9 (0%)  
[  8] 118.00-119.00 sec  12.3 KBytes   101 Kbits/sec  5.452 ms  0/9 (0%)  
[  8] 119.00-120.00 sec  12.3 KBytes   101 Kbits/sec  4.235 ms  0/9 (0%)  
[  8] 120.00-121.00 sec  12.3 KBytes   101 Kbits/sec  3.934 ms  0/9 (0%)  
[  8] 121.00-122.00 sec  12.3 KBytes   101 Kbits/sec  4.027 ms  0/9 (0%)  
[  8] 122.00-123.00 sec  12.3 KBytes   101 Kbits/sec  3.704 ms  0/9 (0%)  
[  8] 123.00-124.00 sec  12.3 KBytes   101 Kbits/sec  3.614 ms  0/9 (0%)  
[  8] 124.00-125.00 sec  12.3 KBytes   101 Kbits/sec  3.985 ms  0/9 (0%)  
[  8] 125.00-126.00 sec  10.9 KBytes  89.6 Kbits/sec  3.786 ms  0/8 (0%)  
[  8] 126.00-127.00 sec  12.3 KBytes   101 Kbits/sec  2.646 ms  0/9 (0%)  
[  8] 127.00-128.00 sec  12.3 KBytes   101 Kbits/sec  4.516 ms  0/9 (0%)  
[  8] 128.00-129.00 sec  12.3 KBytes   101 Kbits/sec  3.511 ms  0/9 (0%)  
[  8] 129.00-130.00 sec  12.3 KBytes   101 Kbits/sec  4.826 ms  0/9 (0%)  
[  8] 130.00-131.00 sec  12.3 KBytes   101 Kbits/sec  4.189 ms  0/9 (0%)  
[  8] 131.00-132.00 sec  12.3 KBytes   101 Kbits/sec  3.996 ms  0/9 (0%)  
[  8] 132.00-133.00 sec  12.3 KBytes   101 Kbits/sec  4.456 ms  0/9 (0%)  
[  8] 133.00-134.00 sec  12.3 KBytes   101 Kbits/sec  5.672 ms  0/9 (0%)  
[  8] 134.00-135.00 sec  10.9 KBytes  89.6 Kbits/sec  8.815 ms  0/8 (0%)  
[  8] 135.00-136.00 sec  13.7 KBytes   112 Kbits/sec  9.285 ms  0/10 (0%)  
[  8] 136.00-137.00 sec  12.3 KBytes   100 Kbits/sec  8.088 ms  0/9 (0%)  
[  8] 137.00-138.00 sec  12.3 KBytes   101 Kbits/sec  6.055 ms  0/9 (0%)  
[  8] 138.00-139.00 sec  10.9 KBytes  89.8 Kbits/sec  5.467 ms  0/8 (0%)  
[  8] 139.00-140.00 sec  12.3 KBytes   101 Kbits/sec  5.146 ms  0/9 (0%)  
[  8] 140.00-141.00 sec  12.3 KBytes   101 Kbits/sec  4.539 ms  0/9 (0%)  
[  8] 141.00-142.00 sec  12.3 KBytes   101 Kbits/sec  4.268 ms  0/9 (0%)  
[  8] 142.00-143.00 sec  12.3 KBytes   101 Kbits/sec  4.222 ms  0/9 (0%)  
[  8] 143.00-144.00 sec  12.3 KBytes   101 Kbits/sec  5.134 ms  0/9 (0%)  
[  8] 144.00-145.00 sec  12.3 KBytes   101 Kbits/sec  3.634 ms  0/9 (0%)  
[  8] 145.00-146.00 sec  12.3 KBytes   101 Kbits/sec  4.101 ms  0/9 (0%)  
[  8] 146.00-147.00 sec  12.3 KBytes   101 Kbits/sec  3.870 ms  0/9 (0%)  
[  8] 147.00-148.00 sec  12.3 KBytes   101 Kbits/sec  3.946 ms  0/9 (0%)  
[  8] 148.00-149.00 sec  12.3 KBytes   101 Kbits/sec  5.010 ms  0/9 (0%)  
[  8] 149.00-150.00 sec  12.3 KBytes   101 Kbits/sec  4.150 ms  0/9 (0%)  
[  8] 150.00-151.00 sec  12.3 KBytes   101 Kbits/sec  4.795 ms  0/9 (0%)  
[  8] 151.00-152.00 sec  12.3 KBytes   101 Kbits/sec  3.706 ms  0/9 (0%)  
[  8] 152.00-153.00 sec  12.3 KBytes   101 Kbits/sec  4.431 ms  0/9 (0%)  
[  8] 153.00-154.00 sec  10.9 KBytes  89.6 Kbits/sec  4.340 ms  0/8 (0%)  
[  8] 154.00-155.00 sec  12.3 KBytes   101 Kbits/sec  5.994 ms  0/9 (0%)  
[  8] 155.00-156.00 sec  12.3 KBytes   101 Kbits/sec  5.461 ms  0/9 (0%)  
[  8] 156.00-157.00 sec  12.3 KBytes   101 Kbits/sec  4.641 ms  0/9 (0%)  
[  8] 157.00-158.00 sec  12.3 KBytes   101 Kbits/sec  6.008 ms  0/9 (0%)  
[  8] 158.00-159.00 sec  12.3 KBytes   101 Kbits/sec  5.963 ms  0/9 (0%)  
[  8] 159.00-160.00 sec  12.3 KBytes   101 Kbits/sec  6.844 ms  0/9 (0%)  
[  8] 160.00-161.00 sec  12.3 KBytes   101 Kbits/sec  5.574 ms  0/9 (0%)  
[  8] 161.00-162.00 sec  12.3 KBytes   101 Kbits/sec  5.393 ms  0/9 (0%)  
[  8] 162.00-163.00 sec  12.3 KBytes   101 Kbits/sec  5.299 ms  0/9 (0%)  
[  8] 163.00-164.00 sec  12.3 KBytes   101 Kbits/sec  5.971 ms  0/9 (0%)  
[  8] 164.00-165.00 sec  12.3 KBytes   101 Kbits/sec  5.020 ms  0/9 (0%)  
[  8] 165.00-166.00 sec  12.3 KBytes   101 Kbits/sec  4.355 ms  0/9 (0%)  
[  8] 166.00-167.00 sec  12.3 KBytes   101 Kbits/sec  4.671 ms  0/9 (0%)  
[  8] 167.00-168.00 sec  10.9 KBytes  89.8 Kbits/sec  4.055 ms  0/8 (0%)  
[  8] 168.00-169.00 sec  12.3 KBytes   101 Kbits/sec  4.099 ms  0/9 (0%)  
[  8] 169.00-170.00 sec  12.3 KBytes   101 Kbits/sec  3.877 ms  0/9 (0%)  
[  8] 170.00-171.00 sec  12.3 KBytes   101 Kbits/sec  3.092 ms  0/9 (0%)  
[  8] 171.00-172.00 sec  12.3 KBytes   101 Kbits/sec  5.100 ms  0/9 (0%)  
[  8] 172.00-173.00 sec  12.3 KBytes   101 Kbits/sec  4.288 ms  0/9 (0%)  
[  8] 173.00-174.00 sec  12.3 KBytes   101 Kbits/sec  3.943 ms  0/9 (0%)  
[  8] 174.00-175.00 sec  12.3 KBytes   101 Kbits/sec  4.797 ms  0/9 (0%)  
[  8] 175.00-176.00 sec  12.3 KBytes   101 Kbits/sec  5.207 ms  0/9 (0%)  
[  8] 176.00-177.00 sec  12.3 KBytes   101 Kbits/sec  4.884 ms  0/9 (0%)  
[  8] 177.00-178.00 sec  12.3 KBytes   101 Kbits/sec  5.231 ms  0/9 (0%)  
[  8] 178.00-179.00 sec  12.3 KBytes   101 Kbits/sec  4.279 ms  0/9 (0%)  
[  8] 179.00-180.00 sec  12.3 KBytes   101 Kbits/sec  3.179 ms  0/9 (0%)  
[  8] 180.00-181.00 sec  10.9 KBytes  89.6 Kbits/sec  3.011 ms  0/8 (0%)  
[  8] 181.00-182.00 sec  12.3 KBytes   101 Kbits/sec  4.149 ms  0/9 (0%)  
[  8] 182.00-183.00 sec  12.3 KBytes   101 Kbits/sec  4.041 ms  0/9 (0%)  
[  8] 183.00-184.00 sec  12.3 KBytes   101 Kbits/sec  4.112 ms  0/9 (0%)  
[  8] 184.00-185.00 sec  12.3 KBytes   101 Kbits/sec  4.816 ms  0/9 (0%)  
[  8] 185.00-186.00 sec  12.3 KBytes   101 Kbits/sec  3.789 ms  0/9 (0%)  
[  8] 186.00-187.00 sec  12.3 KBytes   101 Kbits/sec  5.048 ms  0/9 (0%)  
[  8] 187.00-188.00 sec  12.3 KBytes   101 Kbits/sec  4.412 ms  0/9 (0%)  
[  8] 188.00-189.00 sec  10.9 KBytes  89.4 Kbits/sec  3.967 ms  1/9 (11%)  
[  8] 189.00-190.00 sec  12.3 KBytes   101 Kbits/sec  3.461 ms  0/9 (0%)  
[  8] 190.00-191.00 sec  12.3 KBytes   101 Kbits/sec  4.633 ms  0/9 (0%)  
[  8] 191.00-192.00 sec  12.3 KBytes   101 Kbits/sec  5.065 ms  0/9 (0%)  
[  8] 192.00-193.00 sec  12.3 KBytes   101 Kbits/sec  4.351 ms  0/9 (0%)  
[  8] 193.00-194.00 sec  12.3 KBytes   101 Kbits/sec  4.491 ms  0/9 (0%)  
[  8] 194.00-195.00 sec  10.9 KBytes  89.6 Kbits/sec  5.319 ms  0/8 (0%)  
[  8] 195.00-196.00 sec  12.3 KBytes   101 Kbits/sec  4.993 ms  0/9 (0%)  
[  8] 196.00-197.00 sec  12.3 KBytes   101 Kbits/sec  6.233 ms  0/9 (0%)  
[  8] 197.00-198.00 sec  12.3 KBytes   101 Kbits/sec  6.468 ms  0/9 (0%)  
[  8] 198.00-199.00 sec  12.3 KBytes   101 Kbits/sec  4.747 ms  0/9 (0%)  
[  8] 199.00-200.00 sec  12.3 KBytes   101 Kbits/sec  6.276 ms  0/9 (0%)  
[  8] 200.00-201.00 sec  12.3 KBytes   101 Kbits/sec  6.240 ms  0/9 (0%)  
[  8] 201.00-202.00 sec  12.3 KBytes   101 Kbits/sec  8.385 ms  0/9 (0%)  
[  8] 202.00-203.00 sec  12.3 KBytes   101 Kbits/sec  8.258 ms  0/9 (0%)  
[  8] 203.00-204.00 sec  12.3 KBytes   101 Kbits/sec  6.234 ms  0/9 (0%)  
[  8] 204.00-205.00 sec  12.3 KBytes   101 Kbits/sec  6.538 ms  0/9 (0%)  
[  8] 205.00-206.00 sec  12.3 KBytes   101 Kbits/sec  7.489 ms  0/9 (0%)  
[  8] 206.00-207.00 sec  12.3 KBytes   101 Kbits/sec  8.974 ms  0/9 (0%)  
[  8] 207.00-208.00 sec  10.9 KBytes  89.8 Kbits/sec  8.512 ms  0/8 (0%)  
[  8] 208.00-209.00 sec  12.3 KBytes   101 Kbits/sec  6.539 ms  0/9 (0%)  
[  8] 209.00-210.00 sec  12.3 KBytes   101 Kbits/sec  6.041 ms  0/9 (0%)  
[  8] 210.00-211.00 sec  12.3 KBytes   101 Kbits/sec  5.898 ms  0/9 (0%)  
[  8] 211.00-212.00 sec  12.3 KBytes   101 Kbits/sec  6.027 ms  0/9 (0%)  
[  8] 212.00-213.00 sec  12.3 KBytes   101 Kbits/sec  5.688 ms  0/9 (0%)  
[  8] 213.00-214.00 sec  12.3 KBytes   100 Kbits/sec  7.009 ms  0/9 (0%)  
[  8] 214.00-215.00 sec  10.9 KBytes  90.0 Kbits/sec  5.937 ms  1/9 (11%)  
[  8] 215.00-216.00 sec  12.3 KBytes   101 Kbits/sec  4.935 ms  0/9 (0%)  
[  8] 216.00-217.00 sec  12.3 KBytes   101 Kbits/sec  4.636 ms  0/9 (0%)  
[  8] 217.00-218.00 sec  12.3 KBytes   101 Kbits/sec  5.602 ms  0/9 (0%)  
[  8] 218.00-219.00 sec  12.3 KBytes   101 Kbits/sec  6.693 ms  0/9 (0%)  
[  8] 219.00-220.00 sec  12.3 KBytes   101 Kbits/sec  5.531 ms  0/9 (0%)  
[  8] 220.00-221.00 sec  12.3 KBytes   101 Kbits/sec  5.836 ms  0/9 (0%)  
[  8] 221.00-222.00 sec  12.3 KBytes   101 Kbits/sec  5.112 ms  0/9 (0%)  
[  8] 222.00-223.00 sec  10.9 KBytes  89.6 Kbits/sec  4.970 ms  0/8 (0%)  
[  8] 223.00-224.00 sec  12.3 KBytes   100 Kbits/sec  5.296 ms  0/9 (0%)  
[  8] 224.00-225.00 sec  12.3 KBytes   101 Kbits/sec  5.026 ms  0/9 (0%)  
[  8] 225.00-226.00 sec  12.3 KBytes   101 Kbits/sec  4.944 ms  0/9 (0%)  
[  8] 226.00-227.00 sec  12.3 KBytes   101 Kbits/sec  6.840 ms  0/9 (0%)  
[  8] 227.00-228.00 sec  12.3 KBytes   101 Kbits/sec  7.111 ms  0/9 (0%)  
[  8] 228.00-229.00 sec  12.3 KBytes   101 Kbits/sec  6.582 ms  0/9 (0%)  
[  8] 229.00-230.00 sec  12.3 KBytes   101 Kbits/sec  7.314 ms  0/9 (0%)  
[  8] 230.00-231.00 sec  12.3 KBytes   101 Kbits/sec  5.963 ms  0/9 (0%)  
[  8] 231.00-232.00 sec  12.3 KBytes   101 Kbits/sec  5.889 ms  0/9 (0%)  
[  8] 232.00-233.00 sec  12.3 KBytes   101 Kbits/sec  4.246 ms  0/9 (0%)  
[  8] 233.00-234.00 sec  12.3 KBytes   101 Kbits/sec  5.290 ms  0/9 (0%)  
[  8] 234.00-235.00 sec  12.3 KBytes   101 Kbits/sec  5.111 ms  0/9 (0%)  
[  8] 235.00-236.00 sec  12.3 KBytes   101 Kbits/sec  4.930 ms  0/9 (0%)  
[  8] 236.00-237.00 sec  10.9 KBytes  89.6 Kbits/sec  3.533 ms  0/8 (0%)  
[  8] 237.00-238.00 sec  12.3 KBytes   101 Kbits/sec  5.037 ms  0/9 (0%)  
[  8] 238.00-239.00 sec  12.3 KBytes   101 Kbits/sec  4.275 ms  0/9 (0%)  
[  8] 239.00-240.00 sec  12.3 KBytes   101 Kbits/sec  5.077 ms  0/9 (0%)  
- - - - - - - - - - - - - - - - - - - - - - - - -
[ ID] Interval           Transfer     Bitrate         Jitter    Lost/Total Datagrams
[  8]   0.00-240.01 sec  2.86 MBytes  99.9 Kbits/sec  5.077 ms  2/2143 (0.093%)  receiver
-----------------------------------------------------------
Server listening on 5201 (test #1)
-----------------------------------------------------------
Accepted connection from 10.0.0.21, port 37502
[  8] local 10.0.0.53 port 5201 connected to 10.0.0.21 port 45614
[ ID] Interval           Transfer     Bitrate         Jitter    Lost/Total Datagrams
[  8]   0.00-1.00   sec  12.3 KBytes   101 Kbits/sec  1.646 ms  0/9 (0%)  
[  8]   1.00-2.00   sec  12.3 KBytes   101 Kbits/sec  3.514 ms  0/9 (0%)  
[  8]   2.00-3.00   sec  12.3 KBytes   101 Kbits/sec  3.711 ms  0/9 (0%)  
[  8]   3.00-4.00   sec  12.3 KBytes   101 Kbits/sec  3.212 ms  0/9 (0%)  
[  8]   4.00-5.00   sec  12.3 KBytes   101 Kbits/sec  2.513 ms  0/9 (0%)  
[  8]   5.00-6.00   sec  12.3 KBytes   101 Kbits/sec  2.843 ms  0/9 (0%)  
[  8]   6.00-7.00   sec  12.3 KBytes   101 Kbits/sec  2.396 ms  0/9 (0%)  
[  8]   7.00-8.00   sec  12.3 KBytes   101 Kbits/sec  2.769 ms  0/9 (0%)  
[  8]   8.00-9.00   sec  12.3 KBytes   101 Kbits/sec  2.727 ms  0/9 (0%)  
[  8]   9.00-10.00  sec  10.9 KBytes  89.6 Kbits/sec  2.655 ms  0/8 (0%)  
[  8]  10.00-11.00  sec  12.3 KBytes   101 Kbits/sec  3.114 ms  0/9 (0%)  
[  8]  11.00-12.00  sec  12.3 KBytes   101 Kbits/sec  3.618 ms  0/9 (0%)  
[  8]  12.00-13.00  sec  12.3 KBytes   101 Kbits/sec  3.521 ms  0/9 (0%)  
[  8]  13.00-14.00  sec  12.3 KBytes   101 Kbits/sec  4.689 ms  0/9 (0%)  
[  8]  14.00-15.00  sec  12.3 KBytes   101 Kbits/sec  4.241 ms  0/9 (0%)  
[  8]  15.00-16.00  sec  12.3 KBytes   101 Kbits/sec  3.429 ms  0/9 (0%)  
[  8]  16.00-17.00  sec  12.3 KBytes   101 Kbits/sec  4.690 ms  0/9 (0%)  
[  8]  17.00-18.00  sec  12.3 KBytes   101 Kbits/sec  4.003 ms  0/9 (0%)  
[  8]  18.00-19.00  sec  12.3 KBytes   101 Kbits/sec  3.864 ms  0/9 (0%)  
[  8]  19.00-20.00  sec  12.3 KBytes   101 Kbits/sec  3.320 ms  0/9 (0%)  
[  8]  20.00-21.00  sec  12.3 KBytes   101 Kbits/sec  4.194 ms  0/9 (0%)  
[  8]  21.00-22.00  sec  12.3 KBytes   101 Kbits/sec  4.187 ms  0/9 (0%)  
[  8]  22.00-23.00  sec  10.9 KBytes  89.6 Kbits/sec  3.592 ms  0/8 (0%)  
[  8]  23.00-24.00  sec  12.3 KBytes   101 Kbits/sec  4.106 ms  0/9 (0%)  
[  8]  24.00-25.00  sec  12.3 KBytes   101 Kbits/sec  4.493 ms  0/9 (0%)  
[  8]  25.00-26.00  sec  12.3 KBytes   101 Kbits/sec  4.072 ms  0/9 (0%)  
[  8]  26.00-27.00  sec  12.3 KBytes   101 Kbits/sec  4.139 ms  0/9 (0%)  
[  8]  27.00-28.00  sec  12.3 KBytes   101 Kbits/sec  5.716 ms  0/9 (0%)  
[  8]  28.00-29.00  sec  12.3 KBytes   101 Kbits/sec  4.984 ms  0/9 (0%)  
[  8]  29.00-30.00  sec  12.3 KBytes   101 Kbits/sec  4.449 ms  0/9 (0%)  
[  8]  30.00-31.00  sec  12.3 KBytes   101 Kbits/sec  5.622 ms  0/9 (0%)  
[  8]  31.00-32.00  sec  12.3 KBytes   101 Kbits/sec  5.548 ms  0/9 (0%)  
[  8]  32.00-33.00  sec  12.3 KBytes   101 Kbits/sec  4.546 ms  0/9 (0%)  
[  8]  33.00-34.00  sec  12.3 KBytes   101 Kbits/sec  4.504 ms  0/9 (0%)  
[  8]  34.00-35.00  sec  10.9 KBytes  89.6 Kbits/sec  5.817 ms  0/8 (0%)  
[  8]  35.00-36.00  sec  12.3 KBytes   100 Kbits/sec  6.191 ms  0/9 (0%)  
[  8]  36.00-37.00  sec  12.3 KBytes   101 Kbits/sec  6.684 ms  0/9 (0%)  
[  8]  37.00-38.00  sec  12.3 KBytes   101 Kbits/sec  5.334 ms  0/9 (0%)  
[  8]  38.00-39.00  sec  9.57 KBytes  78.3 Kbits/sec  5.621 ms  2/9 (22%)  
[  8]  39.00-40.00  sec  12.3 KBytes   101 Kbits/sec  8.745 ms  0/9 (0%)  
[  8]  40.00-41.00  sec  12.3 KBytes   100 Kbits/sec  6.407 ms  0/9 (0%)  
[  8]  41.00-42.00  sec  12.3 KBytes   101 Kbits/sec  7.519 ms  0/9 (0%)  
[  8]  42.00-43.00  sec  12.3 KBytes   101 Kbits/sec  5.697 ms  0/9 (0%)  
[  8]  43.00-44.00  sec  12.3 KBytes   101 Kbits/sec  4.814 ms  0/9 (0%)  
[  8]  44.00-45.00  sec  12.3 KBytes   101 Kbits/sec  3.687 ms  0/9 (0%)  
[  8]  45.00-46.00  sec  12.3 KBytes   101 Kbits/sec  3.921 ms  0/9 (0%)  
[  8]  46.00-47.00  sec  12.3 KBytes   101 Kbits/sec  4.975 ms  0/9 (0%)  
[  8]  47.00-48.00  sec  12.3 KBytes   101 Kbits/sec  5.597 ms  0/9 (0%)  
[  8]  48.00-49.00  sec  12.3 KBytes   101 Kbits/sec  5.720 ms  0/9 (0%)  
[  8]  49.00-50.00  sec  10.9 KBytes  89.6 Kbits/sec  4.479 ms  0/8 (0%)  
[  8]  50.00-51.00  sec  12.3 KBytes   101 Kbits/sec  4.004 ms  0/9 (0%)  
[  8]  51.00-52.00  sec  12.3 KBytes   101 Kbits/sec  3.967 ms  0/9 (0%)  
[  8]  52.00-53.00  sec  12.3 KBytes   101 Kbits/sec  4.543 ms  0/9 (0%)  
[  8]  53.00-54.00  sec  12.3 KBytes   101 Kbits/sec  4.749 ms  0/9 (0%)  
[  8]  54.00-55.00  sec  12.3 KBytes   101 Kbits/sec  5.529 ms  0/9 (0%)  
[  8]  55.00-56.00  sec  12.3 KBytes   101 Kbits/sec  3.891 ms  0/9 (0%)  
[  8]  56.00-57.00  sec  12.3 KBytes   101 Kbits/sec  5.602 ms  0/9 (0%)  
[  8]  57.00-58.00  sec  12.3 KBytes   101 Kbits/sec  5.386 ms  0/9 (0%)  
[  8]  58.00-59.00  sec  12.3 KBytes   101 Kbits/sec  6.932 ms  0/9 (0%)  
[  8]  59.00-60.00  sec  12.3 KBytes   101 Kbits/sec  7.275 ms  0/9 (0%)  
[  8]  60.00-61.00  sec  12.3 KBytes   101 Kbits/sec  5.835 ms  0/9 (0%)  
[  8]  61.00-62.00  sec  12.3 KBytes   101 Kbits/sec  5.366 ms  0/9 (0%)  
[  8]  62.00-63.00  sec  12.3 KBytes   101 Kbits/sec  5.370 ms  0/9 (0%)  
[  8]  63.00-64.00  sec  12.3 KBytes   101 Kbits/sec  5.306 ms  0/9 (0%)  
[  8]  64.00-65.00  sec  10.9 KBytes  89.6 Kbits/sec  5.165 ms  0/8 (0%)  
[  8]  65.00-66.00  sec  12.3 KBytes   101 Kbits/sec  4.861 ms  0/9 (0%)  
[  8]  66.00-67.00  sec  12.3 KBytes   101 Kbits/sec  5.547 ms  0/9 (0%)  
[  8]  67.00-68.00  sec  12.3 KBytes   101 Kbits/sec  5.540 ms  0/9 (0%)  
[  8]  68.00-69.00  sec  12.3 KBytes   101 Kbits/sec  5.606 ms  0/9 (0%)  
[  8]  69.00-70.00  sec  12.3 KBytes   101 Kbits/sec  6.604 ms  0/9 (0%)  
[  8]  70.00-71.01  sec  10.9 KBytes  89.2 Kbits/sec  6.966 ms  0/8 (0%)  
[  8]  71.01-72.00  sec  12.3 KBytes   101 Kbits/sec  6.373 ms  1/10 (10%)  
[  8]  72.00-73.00  sec  12.3 KBytes   100 Kbits/sec  6.366 ms  0/9 (0%)  
[  8]  73.00-74.00  sec  12.3 KBytes   101 Kbits/sec  6.909 ms  0/9 (0%)  
[  8]  74.00-75.00  sec  12.3 KBytes   101 Kbits/sec  7.314 ms  0/9 (0%)  
[  8]  75.00-76.00  sec  12.3 KBytes   101 Kbits/sec  8.089 ms  0/9 (0%)  
[  8]  76.00-77.00  sec  12.3 KBytes   101 Kbits/sec  7.118 ms  0/9 (0%)  
[  8]  77.00-78.00  sec  12.3 KBytes   101 Kbits/sec  6.666 ms  0/9 (0%)  
[  8]  78.00-79.00  sec  10.9 KBytes  89.6 Kbits/sec  6.924 ms  0/8 (0%)  
[  8]  79.00-80.00  sec  12.3 KBytes   101 Kbits/sec  6.599 ms  0/9 (0%)  
[  8]  80.00-81.00  sec  12.3 KBytes   101 Kbits/sec  5.556 ms  0/9 (0%)  
[  8]  81.00-82.00  sec  12.3 KBytes   101 Kbits/sec  4.052 ms  0/9 (0%)  
[  8]  82.00-83.00  sec  12.3 KBytes   101 Kbits/sec  4.523 ms  0/9 (0%)  
[  8]  83.00-84.00  sec  12.3 KBytes   101 Kbits/sec  5.294 ms  0/9 (0%)  
[  8]  84.00-85.00  sec  12.3 KBytes   101 Kbits/sec  5.374 ms  0/9 (0%)  
[  8]  85.00-86.00  sec  12.3 KBytes   101 Kbits/sec  7.135 ms  0/9 (0%)  
[  8]  86.00-87.00  sec  12.3 KBytes   101 Kbits/sec  7.338 ms  0/9 (0%)  
[  8]  87.00-88.00  sec  12.3 KBytes   101 Kbits/sec  5.389 ms  0/9 (0%)  
[  8]  88.00-89.00  sec  12.3 KBytes   101 Kbits/sec  4.985 ms  0/9 (0%)  
[  8]  89.00-90.00  sec  12.3 KBytes   100 Kbits/sec  4.824 ms  0/9 (0%)  
[  8]  90.00-91.00  sec  12.3 KBytes   101 Kbits/sec  5.620 ms  0/9 (0%)  
[  8]  91.00-92.00  sec  10.9 KBytes  89.9 Kbits/sec  5.435 ms  0/8 (0%)  
[  8]  92.00-93.00  sec  13.7 KBytes   112 Kbits/sec  4.752 ms  0/10 (0%)  
[  8]  93.00-94.00  sec  10.9 KBytes  89.6 Kbits/sec  5.764 ms  0/8 (0%)  
[  8]  94.00-95.00  sec  12.3 KBytes   101 Kbits/sec  4.345 ms  0/9 (0%)  
[  8]  95.00-96.00  sec  12.3 KBytes   101 Kbits/sec  4.039 ms  0/9 (0%)  
[  8]  96.00-97.00  sec  12.3 KBytes   101 Kbits/sec  4.729 ms  0/9 (0%)  
[  8]  97.00-98.00  sec  12.3 KBytes   101 Kbits/sec  4.555 ms  0/9 (0%)  
[  8]  98.00-99.00  sec  12.3 KBytes   101 Kbits/sec  6.004 ms  0/9 (0%)  
[  8]  99.00-100.00 sec  12.3 KBytes   101 Kbits/sec  5.494 ms  0/9 (0%)  
[  8] 100.00-101.00 sec  12.3 KBytes   101 Kbits/sec  7.555 ms  0/9 (0%)  
[  8] 101.00-102.00 sec  12.3 KBytes   101 Kbits/sec  5.646 ms  0/9 (0%)  
[  8] 102.00-103.00 sec  12.3 KBytes   101 Kbits/sec  5.031 ms  0/9 (0%)  
[  8] 103.00-104.00 sec  12.3 KBytes   101 Kbits/sec  4.616 ms  0/9 (0%)  
[  8] 104.00-105.00 sec  12.3 KBytes   101 Kbits/sec  3.958 ms  0/9 (0%)  
[  8] 105.00-106.00 sec  12.3 KBytes   101 Kbits/sec  4.586 ms  0/9 (0%)  
[  8] 106.00-107.00 sec  10.9 KBytes  89.7 Kbits/sec  4.023 ms  0/8 (0%)  
[  8] 107.00-108.00 sec  12.3 KBytes   101 Kbits/sec  4.475 ms  0/9 (0%)  
[  8] 108.00-109.01 sec  12.3 KBytes  99.9 Kbits/sec  4.339 ms  0/9 (0%)  
[  8] 109.01-110.00 sec  12.3 KBytes   102 Kbits/sec  5.535 ms  0/9 (0%)  
[  8] 110.00-111.00 sec  12.3 KBytes   101 Kbits/sec  5.521 ms  0/9 (0%)  
[  8] 111.00-112.00 sec  12.3 KBytes   101 Kbits/sec  4.943 ms  0/9 (0%)  
[  8] 112.00-113.00 sec  12.3 KBytes   101 Kbits/sec  4.576 ms  0/9 (0%)  
[  8] 113.00-114.00 sec  12.3 KBytes   101 Kbits/sec  4.701 ms  0/9 (0%)  
[  8] 114.00-115.00 sec  12.3 KBytes   101 Kbits/sec  6.552 ms  0/9 (0%)  
[  8] 115.00-116.00 sec  12.3 KBytes   101 Kbits/sec  5.535 ms  0/9 (0%)  
[  8] 116.00-117.00 sec  12.3 KBytes   101 Kbits/sec  5.026 ms  0/9 (0%)  
[  8] 117.00-118.00 sec  12.3 KBytes   101 Kbits/sec  4.353 ms  0/9 (0%)  
[  8] 118.00-119.00 sec  12.3 KBytes   101 Kbits/sec  4.682 ms  0/9 (0%)  
[  8] 119.00-120.00 sec  12.3 KBytes   101 Kbits/sec  4.634 ms  0/9 (0%)  
[  8] 120.00-121.00 sec  10.9 KBytes  89.6 Kbits/sec  4.250 ms  0/8 (0%)  
[  8] 121.00-122.00 sec  12.3 KBytes   101 Kbits/sec  4.563 ms  0/9 (0%)  
[  8] 122.00-123.00 sec  12.3 KBytes   101 Kbits/sec  4.104 ms  0/9 (0%)  
[  8] 123.00-124.00 sec  12.3 KBytes   101 Kbits/sec  4.082 ms  0/9 (0%)  
[  8] 124.00-125.00 sec  12.3 KBytes   101 Kbits/sec  3.573 ms  0/9 (0%)  
[  8] 125.00-126.00 sec  12.3 KBytes   101 Kbits/sec  3.893 ms  0/9 (0%)  
[  8] 126.00-127.00 sec  12.3 KBytes   101 Kbits/sec  3.262 ms  0/9 (0%)  
[  8] 127.00-128.00 sec  12.3 KBytes   101 Kbits/sec  4.009 ms  0/9 (0%)  
[  8] 128.00-129.00 sec  12.3 KBytes   101 Kbits/sec  4.183 ms  0/9 (0%)  
[  8] 129.00-130.00 sec  12.3 KBytes   101 Kbits/sec  3.866 ms  0/9 (0%)  
[  8] 130.00-131.00 sec  12.3 KBytes   101 Kbits/sec  4.263 ms  0/9 (0%)  
[  8] 131.00-132.00 sec  12.3 KBytes   101 Kbits/sec  3.989 ms  0/9 (0%)  
[  8] 132.00-133.00 sec  12.3 KBytes   101 Kbits/sec  5.400 ms  0/9 (0%)  
[  8] 133.00-134.00 sec  10.9 KBytes  89.6 Kbits/sec  4.368 ms  0/8 (0%)  
[  8] 134.00-135.00 sec  12.3 KBytes   101 Kbits/sec  5.035 ms  0/9 (0%)  
[  8] 135.00-136.01 sec  12.3 KBytes   100 Kbits/sec  5.027 ms  0/9 (0%)  
[  8] 136.01-137.00 sec  12.3 KBytes   101 Kbits/sec  4.069 ms  0/9 (0%)  
[  8] 137.00-138.00 sec  12.3 KBytes   101 Kbits/sec  3.972 ms  0/9 (0%)  
[  8] 138.00-139.00 sec  12.3 KBytes   101 Kbits/sec  3.797 ms  0/9 (0%)  
[  8] 139.00-140.00 sec  12.3 KBytes   101 Kbits/sec  4.606 ms  0/9 (0%)  
[  8] 140.00-141.00 sec  12.3 KBytes   101 Kbits/sec  4.667 ms  0/9 (0%)  
[  8] 141.00-142.00 sec  12.3 KBytes   101 Kbits/sec  5.247 ms  0/9 (0%)  
[  8] 142.00-143.00 sec  12.3 KBytes   101 Kbits/sec  4.410 ms  0/9 (0%)  
[  8] 143.00-144.00 sec  12.3 KBytes   101 Kbits/sec  6.006 ms  0/9 (0%)  
[  8] 144.00-145.00 sec  12.3 KBytes   101 Kbits/sec  6.210 ms  0/9 (0%)  
[  8] 145.00-146.00 sec  12.3 KBytes   101 Kbits/sec  6.359 ms  0/9 (0%)  
[  8] 146.00-147.00 sec  12.3 KBytes   101 Kbits/sec  6.726 ms  0/9 (0%)  
[  8] 147.00-148.00 sec  12.3 KBytes   101 Kbits/sec  7.009 ms  0/9 (0%)  
[  8] 148.00-149.00 sec  10.9 KBytes  89.6 Kbits/sec  5.831 ms  0/8 (0%)  
[  8] 149.00-150.00 sec  12.3 KBytes   101 Kbits/sec  5.515 ms  0/9 (0%)  
[  8] 150.00-151.00 sec  12.3 KBytes   101 Kbits/sec  4.612 ms  0/9 (0%)  
[  8] 151.00-152.00 sec  12.3 KBytes   101 Kbits/sec  5.011 ms  0/9 (0%)  
[  8] 152.00-153.00 sec  12.3 KBytes   100 Kbits/sec  5.109 ms  0/9 (0%)  
[  8] 153.00-154.00 sec  12.3 KBytes   101 Kbits/sec  5.011 ms  0/9 (0%)  
[  8] 154.00-155.00 sec  12.3 KBytes   101 Kbits/sec  4.762 ms  0/9 (0%)  
[  8] 155.00-156.01 sec  12.3 KBytes   100 Kbits/sec  6.878 ms  0/9 (0%)  
[  8] 156.01-157.00 sec  12.3 KBytes   101 Kbits/sec  5.729 ms  0/9 (0%)  
[  8] 157.00-158.00 sec  12.3 KBytes   101 Kbits/sec  5.767 ms  0/9 (0%)  
[  8] 158.00-159.00 sec  12.3 KBytes   101 Kbits/sec  6.115 ms  0/9 (0%)  
[  8] 159.00-160.00 sec  12.3 KBytes   101 Kbits/sec  6.068 ms  0/9 (0%)  
[  8] 160.00-161.00 sec  12.3 KBytes   101 Kbits/sec  5.604 ms  0/9 (0%)  
[  8] 161.00-162.00 sec  10.9 KBytes  89.6 Kbits/sec  6.262 ms  0/8 (0%)  
[  8] 162.00-163.00 sec  12.3 KBytes   101 Kbits/sec  5.494 ms  0/9 (0%)  
[  8] 163.00-164.00 sec  12.3 KBytes   101 Kbits/sec  5.683 ms  0/9 (0%)  
[  8] 164.00-165.00 sec  12.3 KBytes   101 Kbits/sec  5.745 ms  0/9 (0%)  
[  8] 165.00-166.00 sec  12.3 KBytes   101 Kbits/sec  7.475 ms  0/9 (0%)  
[  8] 166.00-167.00 sec  12.3 KBytes   101 Kbits/sec  7.200 ms  0/9 (0%)  
[  8] 167.00-168.00 sec  12.3 KBytes   101 Kbits/sec  5.210 ms  0/9 (0%)  
[  8] 168.00-169.00 sec  12.3 KBytes   101 Kbits/sec  6.537 ms  0/9 (0%)  
[  8] 169.00-170.00 sec  12.3 KBytes   101 Kbits/sec  6.734 ms  0/9 (0%)  
[  8] 170.00-171.00 sec  12.3 KBytes   101 Kbits/sec  6.165 ms  0/9 (0%)  
[  8] 171.00-172.00 sec  12.3 KBytes   101 Kbits/sec  7.628 ms  0/9 (0%)  
[  8] 172.00-173.00 sec  12.3 KBytes   101 Kbits/sec  5.231 ms  0/9 (0%)  
[  8] 173.00-174.01 sec  12.3 KBytes  99.8 Kbits/sec  4.882 ms  0/9 (0%)  
[  8] 174.01-175.00 sec  10.9 KBytes  90.3 Kbits/sec  5.595 ms  0/8 (0%)  
[  8] 175.00-176.00 sec  12.3 KBytes   101 Kbits/sec  6.027 ms  0/9 (0%)  
[  8] 176.00-177.00 sec  12.3 KBytes   101 Kbits/sec  6.364 ms  0/9 (0%)  
[  8] 177.00-178.00 sec  12.3 KBytes   101 Kbits/sec  5.595 ms  0/9 (0%)  
[  8] 178.00-179.00 sec  12.3 KBytes   101 Kbits/sec  6.277 ms  0/9 (0%)  
[  8] 179.00-180.00 sec  12.3 KBytes   101 Kbits/sec  6.913 ms  0/9 (0%)  
[  8] 180.00-181.00 sec  12.3 KBytes   101 Kbits/sec  6.259 ms  0/9 (0%)  
[  8] 181.00-182.00 sec  12.3 KBytes   101 Kbits/sec  5.874 ms  0/9 (0%)  
[  8] 182.00-183.00 sec  12.3 KBytes   101 Kbits/sec  5.074 ms  0/9 (0%)  
[  8] 183.00-184.00 sec  12.3 KBytes   101 Kbits/sec  4.480 ms  0/9 (0%)  
[  8] 184.00-185.00 sec  12.3 KBytes   101 Kbits/sec  5.697 ms  0/9 (0%)  
[  8] 185.00-186.00 sec  12.3 KBytes   101 Kbits/sec  5.748 ms  0/9 (0%)  
[  8] 186.00-186.64 sec  8.20 KBytes   104 Kbits/sec  5.389 ms  0/6 (0%)  
- - - - - - - - - - - - - - - - - - - - - - - - -
[ ID] Interval           Transfer     Bitrate         Jitter    Lost/Total Datagrams
[  8]   0.00-186.64 sec  2.22 MBytes  99.9 Kbits/sec  5.389 ms  3/1667 (0.18%)  receiver
iperf3: interrupt - the server has terminated
-----------------------------------------------------------
Server listening on 5201 (test #1)
-----------------------------------------------------------
Accepted connection from 10.0.0.21, port 34322
[  8] local 10.0.0.53 port 5201 connected to 10.0.0.21 port 42862
[ ID] Interval           Transfer     Bitrate         Jitter    Lost/Total Datagrams
[  8]   0.00-1.00   sec  12.3 KBytes   101 Kbits/sec  0.839 ms  0/9 (0%)  
[  8]   1.00-2.00   sec  12.3 KBytes   101 Kbits/sec  3.509 ms  0/9 (0%)  
[  8]   2.00-3.00   sec  12.3 KBytes   101 Kbits/sec  4.051 ms  0/9 (0%)  
[  8]   3.00-4.00   sec  12.3 KBytes   101 Kbits/sec  5.391 ms  0/9 (0%)  
[  8]   4.00-5.00   sec  12.3 KBytes   101 Kbits/sec  5.900 ms  0/9 (0%)  
[  8]   5.00-6.00   sec  12.3 KBytes   101 Kbits/sec  6.774 ms  0/9 (0%)  
[  8]   6.00-7.00   sec  12.3 KBytes   101 Kbits/sec  5.421 ms  0/9 (0%)  
[  8]   7.00-8.00   sec  12.3 KBytes   101 Kbits/sec  6.155 ms  0/9 (0%)  
[  8]   8.00-9.00   sec  12.3 KBytes   101 Kbits/sec  5.819 ms  0/9 (0%)  
[  8]   9.00-10.00  sec  12.3 KBytes   101 Kbits/sec  6.006 ms  0/9 (0%)  
[  8]  10.00-11.00  sec  12.3 KBytes   101 Kbits/sec  4.268 ms  0/9 (0%)  
[  8]  11.00-12.00  sec  10.9 KBytes  89.7 Kbits/sec  5.051 ms  0/8 (0%)  
[  8]  12.00-13.00  sec  12.3 KBytes   101 Kbits/sec  5.223 ms  0/9 (0%)  
[  8]  13.00-14.00  sec  12.3 KBytes   101 Kbits/sec  6.727 ms  0/9 (0%)  
[  8]  14.00-15.00  sec  12.3 KBytes   101 Kbits/sec  6.816 ms  0/9 (0%)  
[  8]  15.00-16.00  sec  12.3 KBytes   101 Kbits/sec  4.748 ms  0/9 (0%)  
[  8]  16.00-17.00  sec  12.3 KBytes   101 Kbits/sec  4.659 ms  0/9 (0%)  
[  8]  17.00-18.00  sec  12.3 KBytes   101 Kbits/sec  4.766 ms  0/9 (0%)  
[  8]  18.00-19.00  sec  12.3 KBytes   101 Kbits/sec  5.704 ms  0/9 (0%)  
[  8]  19.00-20.00  sec  12.3 KBytes   101 Kbits/sec  5.718 ms  0/9 (0%)  
[  8]  20.00-21.00  sec  12.3 KBytes   101 Kbits/sec  5.566 ms  0/9 (0%)  
[  8]  21.00-22.00  sec  12.3 KBytes   101 Kbits/sec  5.569 ms  0/9 (0%)  
[  8]  22.00-23.00  sec  12.3 KBytes   101 Kbits/sec  6.208 ms  0/9 (0%)  
[  8]  23.00-24.00  sec  12.3 KBytes   100 Kbits/sec  5.566 ms  0/9 (0%)  
[  8]  24.00-25.00  sec  12.3 KBytes   101 Kbits/sec  4.815 ms  0/9 (0%)  
[  8]  25.00-26.00  sec  12.3 KBytes   101 Kbits/sec  3.949 ms  0/9 (0%)  
[  8]  26.00-27.00  sec  10.9 KBytes  89.5 Kbits/sec  3.943 ms  0/8 (0%)  
[  8]  27.00-28.00  sec  12.3 KBytes   101 Kbits/sec  4.555 ms  0/9 (0%)  
[  8]  28.00-29.00  sec  12.3 KBytes   101 Kbits/sec  5.302 ms  0/9 (0%)  
[  8]  29.00-30.00  sec  12.3 KBytes   101 Kbits/sec  6.408 ms  0/9 (0%)  
[  8]  30.00-31.00  sec  12.3 KBytes   101 Kbits/sec  6.104 ms  0/9 (0%)  
[  8]  31.00-32.00  sec  12.3 KBytes   101 Kbits/sec  5.277 ms  0/9 (0%)  
[  8]  32.00-33.00  sec  12.3 KBytes   101 Kbits/sec  4.455 ms  0/9 (0%)  
[  8]  33.00-34.00  sec  12.3 KBytes   100 Kbits/sec  4.527 ms  0/9 (0%)  
[  8]  34.00-35.00  sec  12.3 KBytes   101 Kbits/sec  4.945 ms  0/9 (0%)  
[  8]  35.00-36.00  sec  12.3 KBytes   101 Kbits/sec  4.537 ms  0/9 (0%)  
[  8]  36.00-37.00  sec  12.3 KBytes   101 Kbits/sec  6.875 ms  0/9 (0%)  
[  8]  37.00-38.00  sec  12.3 KBytes   101 Kbits/sec  6.171 ms  0/9 (0%)  
[  8]  38.00-39.00  sec  12.3 KBytes   101 Kbits/sec  5.781 ms  0/9 (0%)  
[  8]  39.00-40.00  sec  12.3 KBytes   101 Kbits/sec  4.246 ms  0/9 (0%)  
[  8]  40.00-41.00  sec  10.9 KBytes  89.7 Kbits/sec  4.259 ms  0/8 (0%)  
[  8]  41.00-42.00  sec  12.3 KBytes   101 Kbits/sec  5.845 ms  0/9 (0%)  
[  8]  42.00-43.00  sec  12.3 KBytes   101 Kbits/sec  4.418 ms  0/9 (0%)  
[  8]  43.00-44.00  sec  12.3 KBytes   101 Kbits/sec  4.422 ms  0/9 (0%)  
[  8]  44.00-45.00  sec  12.3 KBytes   101 Kbits/sec  3.837 ms  0/9 (0%)  
[  8]  45.00-46.00  sec  12.3 KBytes   101 Kbits/sec  3.191 ms  0/9 (0%)  
[  8]  46.00-47.00  sec  12.3 KBytes   101 Kbits/sec  3.181 ms  0/9 (0%)  
[  8]  47.00-48.00  sec  12.3 KBytes   101 Kbits/sec  2.687 ms  0/9 (0%)  
[  8]  48.00-49.00  sec  12.3 KBytes   101 Kbits/sec  3.425 ms  0/9 (0%)  
[  8]  49.00-50.00  sec  12.3 KBytes   101 Kbits/sec  4.418 ms  0/9 (0%)  
[  8]  50.00-51.00  sec  12.3 KBytes   101 Kbits/sec  5.911 ms  0/9 (0%)  
[  8]  51.00-52.00  sec  12.3 KBytes   101 Kbits/sec  4.244 ms  0/9 (0%)  
[  8]  52.00-53.00  sec  12.3 KBytes   101 Kbits/sec  3.959 ms  0/9 (0%)  
[  8]  53.00-54.00  sec  12.3 KBytes   101 Kbits/sec  4.376 ms  0/9 (0%)  
[  8]  54.00-55.00  sec  10.9 KBytes  89.7 Kbits/sec  4.014 ms  0/8 (0%)  
[  8]  55.00-56.00  sec  12.3 KBytes   101 Kbits/sec  5.021 ms  0/9 (0%)  
[  8]  56.00-57.00  sec  12.3 KBytes   101 Kbits/sec  4.375 ms  0/9 (0%)  
[  8]  57.00-58.00  sec  12.3 KBytes   101 Kbits/sec  5.134 ms  0/9 (0%)  
[  8]  58.00-59.00  sec  12.3 KBytes   101 Kbits/sec  7.020 ms  0/9 (0%)  
[  8]  59.00-60.00  sec  12.3 KBytes   101 Kbits/sec  6.203 ms  0/9 (0%)  
[  8]  60.00-61.00  sec  12.3 KBytes   101 Kbits/sec  5.263 ms  0/9 (0%)  
[  8]  61.00-62.00  sec  12.3 KBytes   101 Kbits/sec  4.708 ms  0/9 (0%)  
[  8]  62.00-63.00  sec  12.3 KBytes   101 Kbits/sec  11.064 ms  0/9 (0%)  
[  8]  63.00-64.00  sec  12.3 KBytes   101 Kbits/sec  8.838 ms  0/9 (0%)  
[  8]  64.00-65.00  sec  12.3 KBytes   101 Kbits/sec  8.381 ms  0/9 (0%)  
[  8]  65.00-66.00  sec  12.3 KBytes   101 Kbits/sec  6.223 ms  0/9 (0%)  
[  8]  66.00-67.00  sec  12.3 KBytes   101 Kbits/sec  5.201 ms  0/9 (0%)  
[  8]  67.00-68.00  sec  10.9 KBytes  89.6 Kbits/sec  4.511 ms  0/8 (0%)  
[  8]  68.00-69.00  sec  12.3 KBytes   101 Kbits/sec  6.733 ms  0/9 (0%)  
[  8]  69.00-70.00  sec  12.3 KBytes   101 Kbits/sec  9.113 ms  0/9 (0%)  
[  8]  70.00-71.00  sec  12.3 KBytes   101 Kbits/sec  8.781 ms  0/9 (0%)  
[  8]  71.00-72.00  sec  12.3 KBytes   101 Kbits/sec  11.893 ms  0/9 (0%)  
[  8]  72.00-73.00  sec  12.3 KBytes   101 Kbits/sec  10.751 ms  0/9 (0%)  
[  8]  73.00-74.00  sec  10.9 KBytes  89.6 Kbits/sec  13.923 ms  1/9 (11%)  
[  8]  74.00-75.00  sec  9.57 KBytes  78.3 Kbits/sec  33.450 ms  0/7 (0%)  
[  8]  75.00-76.00  sec  13.7 KBytes   112 Kbits/sec  36.112 ms  1/11 (9.1%)  
[  8]  76.00-77.00  sec  10.9 KBytes  89.6 Kbits/sec  27.397 ms  1/9 (11%)  
[  8]  77.00-78.00  sec  10.9 KBytes  89.6 Kbits/sec  22.961 ms  1/9 (11%)  
[  8]  78.00-79.00  sec  12.3 KBytes   101 Kbits/sec  14.730 ms  0/9 (0%)  
[  8]  79.00-80.00  sec  10.9 KBytes  89.7 Kbits/sec  11.661 ms  0/8 (0%)  
[  8]  80.00-81.00  sec  12.3 KBytes   101 Kbits/sec  10.401 ms  0/9 (0%)  
[  8]  81.00-82.00  sec  12.3 KBytes   101 Kbits/sec  12.727 ms  0/9 (0%)  
[  8]  82.00-83.00  sec  10.9 KBytes  89.6 Kbits/sec  11.685 ms  1/9 (11%)  
[  8]  83.00-84.00  sec  12.3 KBytes   101 Kbits/sec  9.259 ms  0/9 (0%)  
[  8]  84.00-85.00  sec  12.3 KBytes   101 Kbits/sec  6.579 ms  0/9 (0%)  
[  8]  85.00-86.00  sec  12.3 KBytes   101 Kbits/sec  9.490 ms  0/9 (0%)  
[  8]  86.00-87.00  sec  12.3 KBytes   101 Kbits/sec  6.974 ms  0/9 (0%)  
[  8]  87.00-88.00  sec  12.3 KBytes   101 Kbits/sec  7.986 ms  0/9 (0%)  
[  8]  88.00-89.00  sec  12.3 KBytes   101 Kbits/sec  6.766 ms  0/9 (0%)  
[  8]  89.00-90.00  sec  12.3 KBytes   101 Kbits/sec  5.195 ms  0/9 (0%)  
[  8]  90.00-91.00  sec  12.3 KBytes   101 Kbits/sec  4.917 ms  0/9 (0%)  
[  8]  91.00-92.00  sec  12.3 KBytes   101 Kbits/sec  5.635 ms  0/9 (0%)  
[  8]  92.00-93.00  sec  12.3 KBytes   101 Kbits/sec  5.804 ms  0/9 (0%)  
[  8]  93.00-94.00  sec  12.3 KBytes   101 Kbits/sec  4.864 ms  0/9 (0%)  
[  8]  94.00-95.00  sec  12.3 KBytes   101 Kbits/sec  4.660 ms  0/9 (0%)  
[  8]  95.00-96.00  sec  12.3 KBytes   101 Kbits/sec  4.230 ms  0/9 (0%)  
[  8]  96.00-97.00  sec  10.9 KBytes  89.8 Kbits/sec  3.769 ms  0/8 (0%)  
[  8]  97.00-98.00  sec  12.3 KBytes   101 Kbits/sec  4.767 ms  0/9 (0%)  
[  8]  98.00-99.00  sec  12.3 KBytes   101 Kbits/sec  6.510 ms  0/9 (0%)  
[  8]  99.00-100.00 sec  12.3 KBytes   101 Kbits/sec  7.609 ms  0/9 (0%)  
[  8] 100.00-101.00 sec  10.9 KBytes  89.6 Kbits/sec  6.963 ms  1/9 (11%)  
[  8] 101.00-102.00 sec  12.3 KBytes   101 Kbits/sec  5.773 ms  0/9 (0%)  
[  8] 102.00-103.00 sec  12.3 KBytes   101 Kbits/sec  7.179 ms  0/9 (0%)  
[  8] 103.00-104.00 sec  12.3 KBytes   101 Kbits/sec  6.639 ms  0/9 (0%)  
[  8] 104.00-105.00 sec  12.3 KBytes   101 Kbits/sec  9.833 ms  0/9 (0%)  
[  8] 105.00-106.00 sec  12.3 KBytes   101 Kbits/sec  8.218 ms  0/9 (0%)  
[  8] 106.00-107.00 sec  12.3 KBytes   101 Kbits/sec  6.327 ms  0/9 (0%)  
[  8] 107.00-108.00 sec  10.9 KBytes  89.6 Kbits/sec  5.326 ms  0/8 (0%)  
[  8] 108.00-109.00 sec  13.7 KBytes   112 Kbits/sec  5.084 ms  0/10 (0%)  
[  8] 109.00-110.00 sec  10.9 KBytes  89.6 Kbits/sec  8.175 ms  0/8 (0%)  
[  8] 110.00-111.00 sec  12.3 KBytes   101 Kbits/sec  11.474 ms  0/9 (0%)  
[  8] 111.00-112.00 sec  9.57 KBytes  78.4 Kbits/sec  10.630 ms  1/8 (12%)  
[  8] 112.00-113.00 sec  12.3 KBytes   101 Kbits/sec  9.853 ms  1/10 (10%)  
[  8] 113.00-114.00 sec  9.57 KBytes  78.4 Kbits/sec  16.458 ms  0/7 (0%)  
[  8] 114.00-115.00 sec  9.57 KBytes  78.4 Kbits/sec  34.347 ms  4/11 (36%)  
[  8] 115.00-116.00 sec  12.3 KBytes   101 Kbits/sec  23.736 ms  0/9 (0%)  
[  8] 116.00-117.00 sec  9.57 KBytes  78.3 Kbits/sec  19.598 ms  0/7 (0%)  
[  8] 117.00-118.00 sec  8.20 KBytes  67.1 Kbits/sec  37.717 ms  3/9 (33%)  
[  8] 118.00-119.00 sec  15.0 KBytes   124 Kbits/sec  37.517 ms  0/11 (0%)  
[  8] 119.00-120.00 sec  12.3 KBytes   101 Kbits/sec  23.640 ms  0/9 (0%)  
[  8] 120.00-121.00 sec  12.3 KBytes   100 Kbits/sec  14.600 ms  0/9 (0%)  
[  8] 121.00-122.00 sec  12.3 KBytes   101 Kbits/sec  11.019 ms  0/9 (0%)  
[  8] 122.00-123.00 sec  12.3 KBytes   101 Kbits/sec  11.603 ms  0/9 (0%)  
[  8] 123.00-124.00 sec  12.3 KBytes   101 Kbits/sec  9.262 ms  0/9 (0%)  
[  8] 124.00-125.00 sec  10.9 KBytes  89.6 Kbits/sec  9.785 ms  0/8 (0%)  
[  8] 125.00-126.00 sec  12.3 KBytes   101 Kbits/sec  9.152 ms  0/9 (0%)  
[  8] 126.00-127.00 sec  12.3 KBytes   101 Kbits/sec  8.568 ms  0/9 (0%)  
[  8] 127.00-128.00 sec  12.3 KBytes   101 Kbits/sec  9.611 ms  0/9 (0%)  
[  8] 128.00-129.00 sec  12.3 KBytes   101 Kbits/sec  7.514 ms  0/9 (0%)  
[  8] 129.00-130.00 sec  12.3 KBytes   101 Kbits/sec  7.087 ms  0/9 (0%)  
[  8] 130.00-131.00 sec  12.3 KBytes   101 Kbits/sec  6.050 ms  0/9 (0%)  
[  8] 131.00-132.00 sec  12.3 KBytes   101 Kbits/sec  6.434 ms  0/9 (0%)  
[  8] 132.00-133.00 sec  10.9 KBytes  89.4 Kbits/sec  6.049 ms  0/8 (0%)  
[  8] 133.00-134.01 sec  13.7 KBytes   111 Kbits/sec  8.097 ms  0/10 (0%)  
[  8] 134.01-135.00 sec  12.3 KBytes   102 Kbits/sec  8.556 ms  0/9 (0%)  
[  8] 135.00-136.00 sec  12.3 KBytes   101 Kbits/sec  9.965 ms  0/9 (0%)  
[  8] 136.00-137.00 sec  10.9 KBytes  89.6 Kbits/sec  10.815 ms  0/8 (0%)  
[  8] 137.00-138.00 sec  12.3 KBytes   101 Kbits/sec  7.863 ms  0/9 (0%)  
[  8] 138.00-139.00 sec  12.3 KBytes   101 Kbits/sec  6.607 ms  0/9 (0%)  
[  8] 139.00-140.00 sec  12.3 KBytes   101 Kbits/sec  5.905 ms  0/9 (0%)  
[  8] 140.00-141.00 sec  12.3 KBytes   101 Kbits/sec  4.355 ms  0/9 (0%)  
[  8] 141.00-142.00 sec  12.3 KBytes   101 Kbits/sec  4.394 ms  0/9 (0%)  
[  8] 142.00-143.00 sec  12.3 KBytes   101 Kbits/sec  5.093 ms  0/9 (0%)  
[  8] 143.00-144.00 sec  12.3 KBytes   101 Kbits/sec  7.601 ms  0/9 (0%)  
[  8] 144.00-145.00 sec  12.3 KBytes   101 Kbits/sec  9.385 ms  0/9 (0%)  
[  8] 145.00-146.00 sec  12.3 KBytes   101 Kbits/sec  7.342 ms  0/9 (0%)  
[  8] 146.00-147.00 sec  12.3 KBytes   101 Kbits/sec  7.208 ms  0/9 (0%)  
[  8] 147.00-148.00 sec  12.3 KBytes   101 Kbits/sec  5.775 ms  0/9 (0%)  
[  8] 148.00-149.00 sec  12.3 KBytes   101 Kbits/sec  5.073 ms  0/9 (0%)  
[  8] 149.00-150.00 sec  12.3 KBytes   101 Kbits/sec  5.643 ms  0/9 (0%)  
[  8] 150.00-151.00 sec  12.3 KBytes   101 Kbits/sec  4.704 ms  0/9 (0%)  
[  8] 151.00-152.00 sec  10.9 KBytes  89.6 Kbits/sec  4.594 ms  0/8 (0%)  
[  8] 152.00-153.00 sec  12.3 KBytes   101 Kbits/sec  5.191 ms  0/9 (0%)  
[  8] 153.00-154.00 sec  12.3 KBytes   101 Kbits/sec  3.878 ms  0/9 (0%)  
[  8] 154.00-155.00 sec  12.3 KBytes   101 Kbits/sec  8.897 ms  0/9 (0%)  
[  8] 155.00-156.00 sec  12.3 KBytes   101 Kbits/sec  7.215 ms  0/9 (0%)  
[  8] 156.00-157.00 sec  12.3 KBytes   101 Kbits/sec  12.302 ms  0/9 (0%)  
[  8] 157.00-158.00 sec  12.3 KBytes   101 Kbits/sec  9.874 ms  0/9 (0%)  
[  8] 158.00-159.00 sec  10.9 KBytes  89.7 Kbits/sec  9.383 ms  1/9 (11%)  
[  8] 159.00-160.00 sec  12.3 KBytes   101 Kbits/sec  10.310 ms  0/9 (0%)  
[  8] 160.00-161.00 sec  12.3 KBytes   101 Kbits/sec  8.421 ms  0/9 (0%)  
[  8] 161.00-162.00 sec  12.3 KBytes   101 Kbits/sec  6.665 ms  0/9 (0%)  
[  8] 162.00-163.00 sec  12.3 KBytes   101 Kbits/sec  5.568 ms  0/9 (0%)  
[  8] 163.00-164.00 sec  12.3 KBytes   101 Kbits/sec  5.827 ms  0/9 (0%)  
[  8] 164.00-165.00 sec  10.9 KBytes  89.6 Kbits/sec  8.183 ms  0/8 (0%)  
[  8] 165.00-166.00 sec  12.3 KBytes   101 Kbits/sec  9.602 ms  0/9 (0%)  
[  8] 166.00-167.00 sec  12.3 KBytes   101 Kbits/sec  8.077 ms  0/9 (0%)  
[  8] 167.00-168.00 sec  12.3 KBytes   101 Kbits/sec  6.869 ms  0/9 (0%)  
[  8] 168.00-169.00 sec  10.9 KBytes  89.6 Kbits/sec  6.347 ms  1/9 (11%)  
[  8] 169.00-170.00 sec  12.3 KBytes   101 Kbits/sec  8.081 ms  0/9 (0%)  
[  8] 170.00-171.00 sec  12.3 KBytes   101 Kbits/sec  7.717 ms  0/9 (0%)  
[  8] 171.00-172.00 sec  12.3 KBytes   101 Kbits/sec  6.469 ms  0/9 (0%)  
[  8] 172.00-173.00 sec  12.3 KBytes   101 Kbits/sec  5.224 ms  0/9 (0%)  
[  8] 173.00-174.00 sec  12.3 KBytes   101 Kbits/sec  4.300 ms  0/9 (0%)  
[  8] 174.00-175.00 sec  12.3 KBytes   101 Kbits/sec  5.517 ms  0/9 (0%)  
[  8] 175.00-176.00 sec  12.3 KBytes   101 Kbits/sec  7.412 ms  0/9 (0%)  
[  8] 176.00-177.00 sec  12.3 KBytes   101 Kbits/sec  6.772 ms  0/9 (0%)  
[  8] 177.00-178.00 sec  12.3 KBytes   101 Kbits/sec  5.930 ms  0/9 (0%)  
[  8] 178.00-179.00 sec  12.3 KBytes   101 Kbits/sec  7.229 ms  0/9 (0%)  
[  8] 179.00-180.00 sec  10.9 KBytes  89.3 Kbits/sec  6.570 ms  0/8 (0%)  
[  8] 180.00-181.00 sec  12.3 KBytes   101 Kbits/sec  6.735 ms  0/9 (0%)  
[  8] 181.00-182.00 sec  12.3 KBytes   101 Kbits/sec  6.597 ms  0/9 (0%)  
[  8] 182.00-183.00 sec  12.3 KBytes   101 Kbits/sec  7.096 ms  0/9 (0%)  
[  8] 183.00-184.00 sec  12.3 KBytes   101 Kbits/sec  6.260 ms  0/9 (0%)  
[  8] 184.00-185.00 sec  12.3 KBytes   101 Kbits/sec  9.145 ms  0/9 (0%)  
[  8] 185.00-186.00 sec  12.3 KBytes   101 Kbits/sec  8.372 ms  0/9 (0%)  
[  8] 186.00-187.00 sec  12.3 KBytes   101 Kbits/sec  7.658 ms  0/9 (0%)  
[  8] 187.00-188.00 sec  10.9 KBytes  89.5 Kbits/sec  9.792 ms  1/9 (11%)  
[  8] 188.00-189.00 sec  12.3 KBytes   101 Kbits/sec  8.980 ms  0/9 (0%)  
[  8] 189.00-190.00 sec  10.9 KBytes  89.6 Kbits/sec  9.613 ms  0/8 (0%)  
[  8] 190.00-191.00 sec  13.7 KBytes   112 Kbits/sec  21.420 ms  0/10 (0%)  
[  8] 191.00-192.00 sec  12.3 KBytes   101 Kbits/sec  15.876 ms  0/9 (0%)  
[  8] 192.00-193.00 sec  12.3 KBytes   101 Kbits/sec  9.940 ms  0/9 (0%)  
[  8] 193.00-194.00 sec  9.57 KBytes  78.6 Kbits/sec  8.502 ms  1/8 (12%)  
[  8] 194.00-195.00 sec  13.7 KBytes   112 Kbits/sec  6.378 ms  0/10 (0%)  
[  8] 195.00-196.00 sec  10.9 KBytes  89.8 Kbits/sec  5.358 ms  0/8 (0%)  
[  8] 196.00-197.00 sec  12.3 KBytes   101 Kbits/sec  5.197 ms  0/9 (0%)  
[  8] 197.00-198.00 sec  12.3 KBytes   101 Kbits/sec  3.829 ms  0/9 (0%)  
[  8] 198.00-199.00 sec  12.3 KBytes   101 Kbits/sec  4.461 ms  0/9 (0%)  
[  8] 199.00-200.00 sec  12.3 KBytes   101 Kbits/sec  9.162 ms  0/9 (0%)  
- - - - - - - - - - - - - - - - - - - - - - - - -
[ ID] Interval           Transfer     Bitrate         Jitter    Lost/Total Datagrams
[  8]   0.00-200.03 sec  2.36 MBytes  98.9 Kbits/sec  9.162 ms  19/1786 (1.1%)  receiver
