-----------------------------------------------------------
Server listening on 5201 (test #1)
-----------------------------------------------------------
Accepted connection from 10.0.0.87, port 58782
[  8] local 10.0.0.119 port 5201 connected to 10.0.0.87 port 59743
[ ID] Interval           Transfer     Bitrate         Jitter    Lost/Total Datagrams
[  8]   0.00-1.00   sec  61.5 KBytes   504 Kbits/sec  3.049 ms  0/45 (0%)  
[  8]   1.00-2.00   sec  60.2 KBytes   493 Kbits/sec  4.553 ms  0/44 (0%)  
[  8]   2.00-3.00   sec  61.5 KBytes   504 Kbits/sec  3.203 ms  0/45 (0%)  
[  8]   3.00-4.00   sec  60.2 KBytes   493 Kbits/sec  2.970 ms  0/44 (0%)  
[  8]   4.00-5.00   sec  61.5 KBytes   504 Kbits/sec  3.506 ms  0/45 (0%)  
[  8]   5.00-6.00   sec  61.5 KBytes   504 Kbits/sec  5.128 ms  0/45 (0%)  
[  8]   6.00-7.00   sec  60.2 KBytes   493 Kbits/sec  5.623 ms  0/44 (0%)  
[  8]   7.00-8.00   sec  60.2 KBytes   493 Kbits/sec  6.100 ms  0/44 (0%)  
[  8]   8.00-9.00   sec  62.9 KBytes   515 Kbits/sec  4.234 ms  0/46 (0%)  
[  8]   9.00-10.00  sec  60.2 KBytes   493 Kbits/sec  5.334 ms  0/44 (0%)  
[  8]  10.00-11.00  sec  61.5 KBytes   503 Kbits/sec  3.986 ms  0/45 (0%)  
[  8]  11.00-12.00  sec  61.5 KBytes   504 Kbits/sec  2.946 ms  0/45 (0%)  
[  8]  12.00-13.00  sec  60.2 KBytes   493 Kbits/sec  5.915 ms  0/44 (0%)  
[  8]  13.00-14.00  sec  61.5 KBytes   504 Kbits/sec  5.059 ms  0/45 (0%)  
[  8]  14.00-15.00  sec  60.2 KBytes   493 Kbits/sec  3.957 ms  0/44 (0%)  
[  8]  15.00-16.00  sec  61.5 KBytes   504 Kbits/sec  5.108 ms  0/45 (0%)  
[  8]  16.00-17.00  sec  60.2 KBytes   493 Kbits/sec  5.339 ms  0/44 (0%)  
[  8]  17.00-18.00  sec  62.9 KBytes   515 Kbits/sec  5.325 ms  0/46 (0%)  
[  8]  18.00-19.00  sec  60.2 KBytes   493 Kbits/sec  3.067 ms  0/44 (0%)  
[  8]  19.00-20.00  sec  60.2 KBytes   493 Kbits/sec  5.767 ms  0/44 (0%)  
[  8]  20.00-21.00  sec  61.5 KBytes   504 Kbits/sec  4.606 ms  0/45 (0%)  
[  8]  21.00-22.00  sec  61.5 KBytes   504 Kbits/sec  5.715 ms  0/45 (0%)  
[  8]  22.00-23.00  sec  60.2 KBytes   493 Kbits/sec  3.468 ms  0/44 (0%)  
[  8]  23.00-24.00  sec  61.5 KBytes   504 Kbits/sec  6.397 ms  0/45 (0%)  
[  8]  24.00-25.00  sec  61.5 KBytes   504 Kbits/sec  5.786 ms  0/45 (0%)  
[  8]  25.00-26.00  sec  60.2 KBytes   493 Kbits/sec  4.210 ms  0/44 (0%)  
[  8]  26.00-27.00  sec  61.5 KBytes   503 Kbits/sec  3.668 ms  0/45 (0%)  
[  8]  27.00-28.00  sec  61.5 KBytes   505 Kbits/sec  4.301 ms  0/45 (0%)  
[  8]  28.00-29.00  sec  61.5 KBytes   504 Kbits/sec  5.247 ms  0/45 (0%)  
[  8]  29.00-30.00  sec  60.2 KBytes   493 Kbits/sec  4.760 ms  0/44 (0%)  
[  8]  30.00-31.00  sec  61.5 KBytes   504 Kbits/sec  5.392 ms  0/45 (0%)  
[  8]  31.00-32.00  sec  60.2 KBytes   493 Kbits/sec  3.761 ms  0/44 (0%)  
[  8]  32.00-33.00  sec  61.5 KBytes   504 Kbits/sec  5.373 ms  0/45 (0%)  
[  8]  33.00-34.00  sec  61.5 KBytes   504 Kbits/sec  5.419 ms  0/45 (0%)  
[  8]  34.00-35.00  sec  60.2 KBytes   492 Kbits/sec  4.593 ms  0/44 (0%)  
[  8]  35.00-36.00  sec  61.5 KBytes   504 Kbits/sec  4.150 ms  0/45 (0%)  
[  8]  36.00-37.00  sec  61.5 KBytes   504 Kbits/sec  3.799 ms  0/45 (0%)  
[  8]  37.00-38.00  sec  60.2 KBytes   493 Kbits/sec  5.121 ms  0/44 (0%)  
[  8]  38.00-39.00  sec  61.5 KBytes   504 Kbits/sec  4.691 ms  0/45 (0%)  
[  8]  39.00-40.00  sec  60.2 KBytes   492 Kbits/sec  6.501 ms  0/44 (0%)  
[  8]  40.00-41.00  sec  60.2 KBytes   493 Kbits/sec  5.845 ms  1/45 (2.2%)  
[  8]  41.00-42.00  sec  61.5 KBytes   504 Kbits/sec  5.313 ms  0/45 (0%)  
[  8]  42.00-43.00  sec  60.2 KBytes   492 Kbits/sec  3.020 ms  0/44 (0%)  
[  8]  43.00-44.00  sec  61.5 KBytes   505 Kbits/sec  4.323 ms  0/45 (0%)  
[  8]  44.00-45.00  sec  61.5 KBytes   504 Kbits/sec  5.638 ms  0/45 (0%)  
[  8]  45.00-46.00  sec  60.2 KBytes   493 Kbits/sec  4.921 ms  0/44 (0%)  
[  8]  46.00-47.00  sec  61.5 KBytes   504 Kbits/sec  5.368 ms  0/45 (0%)  
[  8]  47.00-48.00  sec  61.5 KBytes   504 Kbits/sec  6.000 ms  0/45 (0%)  
[  8]  48.00-49.00  sec  60.2 KBytes   493 Kbits/sec  6.803 ms  0/44 (0%)  
[  8]  49.00-50.00  sec  60.2 KBytes   493 Kbits/sec  5.732 ms  0/44 (0%)  
[  8]  50.00-51.00  sec  62.9 KBytes   515 Kbits/sec  5.256 ms  0/46 (0%)  
[  8]  51.00-52.00  sec  60.2 KBytes   493 Kbits/sec  5.941 ms  0/44 (0%)  
[  8]  52.00-53.00  sec  60.2 KBytes   493 Kbits/sec  6.065 ms  0/44 (0%)  
[  8]  53.00-54.00  sec  61.5 KBytes   504 Kbits/sec  3.663 ms  0/45 (0%)  
[  8]  54.00-55.00  sec  61.5 KBytes   504 Kbits/sec  5.921 ms  0/45 (0%)  
[  8]  55.00-56.00  sec  61.5 KBytes   504 Kbits/sec  4.815 ms  0/45 (0%)  
[  8]  56.00-57.00  sec  61.5 KBytes   504 Kbits/sec  4.008 ms  0/45 (0%)  
[  8]  57.00-58.00  sec  60.2 KBytes   493 Kbits/sec  4.649 ms  0/44 (0%)  
[  8]  58.00-59.00  sec  60.2 KBytes   493 Kbits/sec  5.666 ms  0/44 (0%)  
[  8]  59.00-60.00  sec  62.9 KBytes   515 Kbits/sec  4.294 ms  0/46 (0%)  
[  8]  60.00-61.00  sec  60.2 KBytes   493 Kbits/sec  3.545 ms  0/44 (0%)  
[  8]  61.00-62.00  sec  61.5 KBytes   504 Kbits/sec  3.343 ms  0/45 (0%)  
[  8]  62.00-63.00  sec  60.2 KBytes   493 Kbits/sec  4.760 ms  0/44 (0%)  
[  8]  63.00-64.00  sec  61.5 KBytes   504 Kbits/sec  3.750 ms  0/45 (0%)  
[  8]  64.00-65.00  sec  60.2 KBytes   493 Kbits/sec  4.825 ms  0/44 (0%)  
[  8]  65.00-66.00  sec  61.5 KBytes   504 Kbits/sec  5.173 ms  0/45 (0%)  
[  8]  66.00-67.00  sec  61.5 KBytes   504 Kbits/sec  3.748 ms  0/45 (0%)  
[  8]  67.00-68.00  sec  61.5 KBytes   504 Kbits/sec  4.183 ms  0/45 (0%)  
[  8]  68.00-69.00  sec  60.2 KBytes   492 Kbits/sec  3.491 ms  0/44 (0%)  
[  8]  69.00-70.00  sec  61.5 KBytes   505 Kbits/sec  5.842 ms  0/45 (0%)  
[  8]  70.00-71.00  sec  61.5 KBytes   504 Kbits/sec  4.934 ms  0/45 (0%)  
[  8]  71.00-72.00  sec  60.2 KBytes   493 Kbits/sec  5.455 ms  0/44 (0%)  
[  8]  72.00-73.00  sec  61.5 KBytes   504 Kbits/sec  5.032 ms  0/45 (0%)  
[  8]  73.00-74.00  sec  60.2 KBytes   493 Kbits/sec  5.236 ms  0/44 (0%)  
[  8]  74.00-75.00  sec  60.2 KBytes   493 Kbits/sec  6.321 ms  1/45 (2.2%)  
[  8]  75.00-76.00  sec  61.5 KBytes   504 Kbits/sec  4.365 ms  0/45 (0%)  
[  8]  76.00-77.00  sec  60.2 KBytes   493 Kbits/sec  4.347 ms  0/44 (0%)  
[  8]  77.00-78.00  sec  61.5 KBytes   504 Kbits/sec  4.391 ms  0/45 (0%)  
[  8]  78.00-79.00  sec  60.2 KBytes   493 Kbits/sec  6.209 ms  0/44 (0%)  
[  8]  79.00-80.00  sec  61.5 KBytes   504 Kbits/sec  4.719 ms  0/45 (0%)  
[  8]  80.00-81.00  sec  61.5 KBytes   504 Kbits/sec  4.480 ms  0/45 (0%)  
[  8]  81.00-82.00  sec  60.2 KBytes   493 Kbits/sec  6.594 ms  0/44 (0%)  
[  8]  82.00-83.00  sec  61.5 KBytes   504 Kbits/sec  4.829 ms  0/45 (0%)  
[  8]  83.00-84.00  sec  60.2 KBytes   493 Kbits/sec  6.818 ms  0/44 (0%)  
[  8]  84.00-85.00  sec  62.9 KBytes   513 Kbits/sec  6.263 ms  0/46 (0%)  
[  8]  85.00-86.00  sec  60.2 KBytes   495 Kbits/sec  5.999 ms  0/44 (0%)  
[  8]  86.00-87.00  sec  60.2 KBytes   493 Kbits/sec  5.200 ms  0/44 (0%)  
[  8]  87.00-88.01  sec  62.9 KBytes   511 Kbits/sec  4.653 ms  0/46 (0%)  
[  8]  88.01-89.00  sec  60.2 KBytes   496 Kbits/sec  6.220 ms  0/44 (0%)  
[  8]  89.00-90.00  sec  61.5 KBytes   504 Kbits/sec  3.435 ms  0/45 (0%)  
[  8]  90.00-91.00  sec  60.2 KBytes   493 Kbits/sec  4.051 ms  0/44 (0%)  
[  8]  91.00-92.00  sec  61.5 KBytes   504 Kbits/sec  4.316 ms  0/45 (0%)  
[  8]  92.00-93.00  sec  61.5 KBytes   504 Kbits/sec  5.837 ms  0/45 (0%)  
[  8]  93.00-94.00  sec  60.2 KBytes   493 Kbits/sec  3.918 ms  0/44 (0%)  
[  8]  94.00-95.00  sec  61.5 KBytes   504 Kbits/sec  6.857 ms  0/45 (0%)  
[  8]  95.00-96.00  sec  61.5 KBytes   504 Kbits/sec  5.162 ms  0/45 (0%)  
[  8]  96.00-97.00  sec  60.2 KBytes   493 Kbits/sec  5.455 ms  0/44 (0%)  
[  8]  97.00-98.00  sec  61.5 KBytes   504 Kbits/sec  4.309 ms  0/45 (0%)  
[  8]  98.00-99.03  sec  62.9 KBytes   503 Kbits/sec  5.181 ms  0/46 (0%)  
[  8]  99.03-100.00 sec  58.8 KBytes   494 Kbits/sec  3.996 ms  0/43 (0%)  
[  8] 100.00-101.00 sec  61.5 KBytes   504 Kbits/sec  3.492 ms  0/45 (0%)  
[  8] 101.00-102.00 sec  61.5 KBytes   503 Kbits/sec  2.468 ms  0/45 (0%)  
[  8] 102.00-103.00 sec  60.2 KBytes   493 Kbits/sec  4.560 ms  0/44 (0%)  
[  8] 103.00-104.00 sec  61.5 KBytes   504 Kbits/sec  4.760 ms  0/45 (0%)  
[  8] 104.00-105.00 sec  60.2 KBytes   493 Kbits/sec  4.351 ms  1/45 (2.2%)  
[  8] 105.00-106.00 sec  60.2 KBytes   493 Kbits/sec  4.875 ms  0/44 (0%)  
[  8] 106.00-107.00 sec  61.5 KBytes   504 Kbits/sec  5.383 ms  0/45 (0%)  
[  8] 107.00-108.00 sec  60.2 KBytes   493 Kbits/sec  3.548 ms  0/44 (0%)  
[  8] 108.00-109.00 sec  61.5 KBytes   504 Kbits/sec  3.904 ms  0/45 (0%)  
[  8] 109.00-110.00 sec  60.2 KBytes   493 Kbits/sec  4.491 ms  0/44 (0%)  
[  8] 110.00-111.00 sec  61.5 KBytes   504 Kbits/sec  5.529 ms  0/45 (0%)  
[  8] 111.00-112.00 sec  61.5 KBytes   504 Kbits/sec  4.872 ms  0/45 (0%)  
[  8] 112.00-113.00 sec  61.5 KBytes   504 Kbits/sec  3.950 ms  0/45 (0%)  
[  8] 113.00-114.00 sec  60.2 KBytes   493 Kbits/sec  5.414 ms  0/44 (0%)  
[  8] 114.00-115.00 sec  61.5 KBytes   504 Kbits/sec  5.093 ms  0/45 (0%)  
[  8] 115.00-116.00 sec  60.2 KBytes   493 Kbits/sec  3.908 ms  0/44 (0%)  
[  8] 116.00-117.00 sec  61.5 KBytes   504 Kbits/sec  3.615 ms  0/45 (0%)  
[  8] 117.00-118.00 sec  61.5 KBytes   504 Kbits/sec  3.439 ms  0/45 (0%)  
[  8] 118.00-119.00 sec  60.2 KBytes   492 Kbits/sec  4.779 ms  0/44 (0%)  
[  8] 119.00-120.00 sec  61.5 KBytes   505 Kbits/sec  3.536 ms  0/45 (0%)  
[  8] 120.00-121.00 sec  61.5 KBytes   504 Kbits/sec  6.177 ms  0/45 (0%)  
[  8] 121.00-122.00 sec  60.2 KBytes   493 Kbits/sec  3.365 ms  0/44 (0%)  
[  8] 122.00-123.00 sec  61.5 KBytes   504 Kbits/sec  3.605 ms  0/45 (0%)  
[  8] 123.00-124.00 sec  61.5 KBytes   504 Kbits/sec  3.158 ms  0/45 (0%)  
[  8] 124.00-125.00 sec  60.2 KBytes   493 Kbits/sec  2.311 ms  0/44 (0%)  
[  8] 125.00-126.00 sec  61.5 KBytes   504 Kbits/sec  4.191 ms  0/45 (0%)  
[  8] 126.00-127.00 sec  61.5 KBytes   504 Kbits/sec  5.652 ms  0/45 (0%)  
[  8] 127.00-128.00 sec  60.2 KBytes   493 Kbits/sec  5.517 ms  0/44 (0%)  
[  8] 128.00-129.00 sec  61.5 KBytes   504 Kbits/sec  5.066 ms  0/45 (0%)  
[  8] 129.00-130.00 sec  61.5 KBytes   504 Kbits/sec  3.935 ms  0/45 (0%)  
[  8] 130.00-131.00 sec  60.2 KBytes   493 Kbits/sec  4.694 ms  0/44 (0%)  
[  8] 131.00-132.00 sec  61.5 KBytes   504 Kbits/sec  5.702 ms  0/45 (0%)  
[  8] 132.00-133.00 sec  58.8 KBytes   482 Kbits/sec  5.223 ms  1/44 (2.3%)  
[  8] 133.00-134.00 sec  61.5 KBytes   504 Kbits/sec  6.340 ms  0/45 (0%)  
[  8] 134.00-135.00 sec  60.2 KBytes   493 Kbits/sec  8.356 ms  0/44 (0%)  
[  8] 135.00-136.00 sec  60.2 KBytes   493 Kbits/sec  4.735 ms  1/45 (2.2%)  
[  8] 136.00-137.01 sec  61.5 KBytes   500 Kbits/sec  4.855 ms  0/45 (0%)  
[  8] 137.01-138.00 sec  61.5 KBytes   508 Kbits/sec  3.455 ms  0/45 (0%)  
[  8] 138.00-139.00 sec  60.2 KBytes   493 Kbits/sec  2.370 ms  0/44 (0%)  
[  8] 139.00-140.00 sec  61.5 KBytes   504 Kbits/sec  2.655 ms  0/45 (0%)  
[  8] 140.00-141.00 sec  61.5 KBytes   504 Kbits/sec  2.025 ms  0/45 (0%)  
[  8] 141.00-142.00 sec  60.2 KBytes   493 Kbits/sec  4.225 ms  0/44 (0%)  
[  8] 142.00-143.00 sec  61.5 KBytes   504 Kbits/sec  3.987 ms  0/45 (0%)  
[  8] 143.00-144.00 sec  61.5 KBytes   504 Kbits/sec  3.418 ms  0/45 (0%)  
[  8] 144.00-145.00 sec  60.2 KBytes   493 Kbits/sec  4.653 ms  0/44 (0%)  
[  8] 145.00-146.01 sec  61.5 KBytes   500 Kbits/sec  5.124 ms  0/45 (0%)  
[  8] 146.01-147.00 sec  60.2 KBytes   496 Kbits/sec  4.227 ms  0/44 (0%)  
[  8] 147.00-148.00 sec  61.5 KBytes   504 Kbits/sec  3.646 ms  0/45 (0%)  
[  8] 148.00-149.00 sec  60.2 KBytes   492 Kbits/sec  5.600 ms  0/44 (0%)  
[  8] 149.00-150.02 sec  62.9 KBytes   507 Kbits/sec  7.634 ms  0/46 (0%)  
[  8] 150.02-151.00 sec  60.2 KBytes   501 Kbits/sec  4.738 ms  0/44 (0%)  
[  8] 151.00-152.00 sec  61.5 KBytes   504 Kbits/sec  5.077 ms  0/45 (0%)  
[  8] 152.00-153.00 sec  60.2 KBytes   493 Kbits/sec  5.412 ms  0/44 (0%)  
[  8] 153.00-154.00 sec  61.5 KBytes   504 Kbits/sec  4.373 ms  0/45 (0%)  
[  8] 154.00-155.00 sec  61.5 KBytes   503 Kbits/sec  3.184 ms  0/45 (0%)  
[  8] 155.00-156.00 sec  60.2 KBytes   494 Kbits/sec  3.422 ms  0/44 (0%)  
[  8] 156.00-157.00 sec  60.2 KBytes   493 Kbits/sec  5.531 ms  1/45 (2.2%)  
[  8] 157.00-158.00 sec  58.8 KBytes   482 Kbits/sec  5.507 ms  2/45 (4.4%)  
[  8] 158.00-159.00 sec  60.2 KBytes   493 Kbits/sec  5.841 ms  0/44 (0%)  
[  8] 159.00-160.00 sec  61.5 KBytes   504 Kbits/sec  3.938 ms  0/45 (0%)  
[  8] 160.00-161.00 sec  61.5 KBytes   504 Kbits/sec  6.278 ms  0/45 (0%)  
[  8] 161.00-162.00 sec  60.2 KBytes   493 Kbits/sec  3.941 ms  0/44 (0%)  
[  8] 162.00-163.00 sec  61.5 KBytes   504 Kbits/sec  3.480 ms  0/45 (0%)  
[  8] 163.00-164.00 sec  60.2 KBytes   493 Kbits/sec  4.337 ms  0/44 (0%)  
[  8] 164.00-165.00 sec  60.2 KBytes   493 Kbits/sec  5.524 ms  0/44 (0%)  
[  8] 165.00-166.00 sec  62.9 KBytes   515 Kbits/sec  5.734 ms  0/46 (0%)  
[  8] 166.00-167.00 sec  60.2 KBytes   493 Kbits/sec  4.858 ms  0/44 (0%)  
[  8] 167.00-168.00 sec  61.5 KBytes   504 Kbits/sec  6.929 ms  0/45 (0%)  
[  8] 168.00-169.00 sec  60.2 KBytes   493 Kbits/sec  5.267 ms  0/44 (0%)  
[  8] 169.00-170.00 sec  58.8 KBytes   480 Kbits/sec  6.082 ms  0/43 (0%)  
[  8] 170.00-171.00 sec  62.9 KBytes   517 Kbits/sec  4.221 ms  1/47 (2.1%)  
[  8] 171.00-172.00 sec  60.2 KBytes   493 Kbits/sec  7.087 ms  0/44 (0%)  
[  8] 172.00-173.00 sec  61.5 KBytes   504 Kbits/sec  4.241 ms  0/45 (0%)  
[  8] 173.00-174.00 sec  61.5 KBytes   504 Kbits/sec  5.674 ms  0/45 (0%)  
[  8] 174.00-175.00 sec  61.5 KBytes   504 Kbits/sec  4.948 ms  0/45 (0%)  
[  8] 175.00-176.00 sec  60.2 KBytes   493 Kbits/sec  5.597 ms  0/44 (0%)  
[  8] 176.00-177.00 sec  60.2 KBytes   493 Kbits/sec  8.591 ms  1/45 (2.2%)  
[  8] 177.00-178.00 sec  60.2 KBytes   491 Kbits/sec  6.423 ms  0/44 (0%)  
[  8] 178.00-179.00 sec  61.5 KBytes   505 Kbits/sec  4.069 ms  0/45 (0%)  
[  8] 179.00-180.00 sec  61.5 KBytes   504 Kbits/sec  4.826 ms  0/45 (0%)  
[  8] 180.00-181.00 sec  60.2 KBytes   493 Kbits/sec  5.254 ms  0/44 (0%)  
[  8] 181.00-182.00 sec  61.5 KBytes   504 Kbits/sec  4.852 ms  0/45 (0%)  
[  8] 182.00-183.00 sec  60.2 KBytes   493 Kbits/sec  4.728 ms  0/44 (0%)  
[  8] 183.00-184.00 sec  60.2 KBytes   493 Kbits/sec  5.199 ms  0/44 (0%)  
[  8] 184.00-185.01 sec  62.9 KBytes   512 Kbits/sec  6.093 ms  0/46 (0%)  
[  8] 185.01-186.00 sec  61.5 KBytes   507 Kbits/sec  3.903 ms  0/45 (0%)  
[  8] 186.00-187.00 sec  60.2 KBytes   492 Kbits/sec  5.036 ms  0/44 (0%)  
[  8] 187.00-188.00 sec  60.2 KBytes   493 Kbits/sec  4.794 ms  0/44 (0%)  
[  8] 188.00-189.00 sec  62.9 KBytes   514 Kbits/sec  6.036 ms  0/46 (0%)  
[  8] 189.00-190.00 sec  58.8 KBytes   483 Kbits/sec  6.572 ms  0/43 (0%)  
[  8] 190.00-191.00 sec  62.9 KBytes   515 Kbits/sec  4.188 ms  0/46 (0%)  
[  8] 191.00-192.00 sec  60.2 KBytes   493 Kbits/sec  4.144 ms  0/44 (0%)  
[  8] 192.00-193.00 sec  60.2 KBytes   493 Kbits/sec  4.250 ms  1/45 (2.2%)  
[  8] 193.00-194.00 sec  61.5 KBytes   504 Kbits/sec  4.029 ms  0/45 (0%)  
[  8] 194.00-195.00 sec  58.8 KBytes   482 Kbits/sec  8.163 ms  1/44 (2.3%)  
[  8] 195.00-196.00 sec  60.2 KBytes   493 Kbits/sec  5.843 ms  0/44 (0%)  
[  8] 196.00-197.00 sec  60.2 KBytes   492 Kbits/sec  7.249 ms  1/45 (2.2%)  
[  8] 197.00-198.00 sec  60.2 KBytes   493 Kbits/sec  6.369 ms  0/44 (0%)  
[  8] 198.00-199.00 sec  62.9 KBytes   515 Kbits/sec  5.008 ms  0/46 (0%)  
[  8] 199.00-200.00 sec  61.5 KBytes   504 Kbits/sec  4.453 ms  0/45 (0%)  
[  8] 200.00-201.00 sec  60.2 KBytes   493 Kbits/sec  5.077 ms  0/44 (0%)  
[  8] 201.00-202.00 sec  60.2 KBytes   493 Kbits/sec  6.816 ms  0/44 (0%)  
[  8] 202.00-203.00 sec  62.9 KBytes   514 Kbits/sec  5.910 ms  0/46 (0%)  
[  8] 203.00-204.00 sec  60.2 KBytes   494 Kbits/sec  5.227 ms  0/44 (0%)  
[  8] 204.00-205.00 sec  60.2 KBytes   493 Kbits/sec  4.886 ms  0/44 (0%)  
[  8] 205.00-206.00 sec  61.5 KBytes   504 Kbits/sec  5.957 ms  0/45 (0%)  
[  8] 206.00-207.00 sec  60.2 KBytes   493 Kbits/sec  7.237 ms  0/44 (0%)  
[  8] 207.00-208.00 sec  61.5 KBytes   504 Kbits/sec  6.801 ms  1/46 (2.2%)  
[  8] 208.00-209.00 sec  58.8 KBytes   482 Kbits/sec  8.094 ms  1/44 (2.3%)  
[  8] 209.00-210.00 sec  61.5 KBytes   504 Kbits/sec  5.829 ms  0/45 (0%)  
[  8] 210.00-211.00 sec  58.8 KBytes   482 Kbits/sec  6.633 ms  1/44 (2.3%)  
[  8] 211.00-212.00 sec  61.5 KBytes   504 Kbits/sec  5.508 ms  0/45 (0%)  
[  8] 212.00-213.00 sec  60.2 KBytes   493 Kbits/sec  6.875 ms  0/44 (0%)  
[  8] 213.00-214.00 sec  61.5 KBytes   503 Kbits/sec  6.112 ms  0/45 (0%)  
[  8] 214.00-215.00 sec  61.5 KBytes   505 Kbits/sec  5.041 ms  0/45 (0%)  
[  8] 215.00-216.00 sec  60.2 KBytes   493 Kbits/sec  4.621 ms  0/44 (0%)  
[  8] 216.00-217.00 sec  61.5 KBytes   504 Kbits/sec  3.915 ms  0/45 (0%)  
[  8] 217.00-218.00 sec  61.5 KBytes   504 Kbits/sec  3.578 ms  0/45 (0%)  
[  8] 218.00-219.00 sec  61.5 KBytes   504 Kbits/sec  6.402 ms  0/45 (0%)  
[  8] 219.00-220.00 sec  60.2 KBytes   491 Kbits/sec  4.993 ms  0/44 (0%)  
[  8] 220.00-221.00 sec  60.2 KBytes   493 Kbits/sec  6.490 ms  1/45 (2.2%)  
[  8] 221.00-222.00 sec  61.5 KBytes   505 Kbits/sec  4.558 ms  0/45 (0%)  
[  8] 222.00-223.00 sec  60.2 KBytes   493 Kbits/sec  4.866 ms  0/44 (0%)  
[  8] 223.00-224.00 sec  60.2 KBytes   493 Kbits/sec  4.228 ms  0/44 (0%)  
[  8] 224.00-225.00 sec  61.5 KBytes   504 Kbits/sec  7.046 ms  0/45 (0%)  
[  8] 225.00-226.00 sec  61.5 KBytes   504 Kbits/sec  5.973 ms  0/45 (0%)  
[  8] 226.00-227.00 sec  61.5 KBytes   504 Kbits/sec  5.840 ms  0/45 (0%)  
[  8] 227.00-228.00 sec  61.5 KBytes   504 Kbits/sec  2.847 ms  0/45 (0%)  
[  8] 228.00-229.00 sec  58.8 KBytes   482 Kbits/sec  3.319 ms  1/44 (2.3%)  
[  8] 229.00-230.00 sec  60.2 KBytes   493 Kbits/sec  7.183 ms  0/44 (0%)  
[  8] 230.00-231.00 sec  58.8 KBytes   482 Kbits/sec  5.865 ms  2/45 (4.4%)  
[  8] 231.00-232.00 sec  61.5 KBytes   504 Kbits/sec  5.469 ms  0/45 (0%)  
[  8] 232.00-233.00 sec  60.2 KBytes   493 Kbits/sec  8.373 ms  1/45 (2.2%)  
[  8] 233.00-234.00 sec  60.2 KBytes   493 Kbits/sec  4.798 ms  0/44 (0%)  
[  8] 234.00-235.00 sec  58.8 KBytes   482 Kbits/sec  4.934 ms  2/45 (4.4%)  
[  8] 235.00-236.00 sec  61.5 KBytes   504 Kbits/sec  3.403 ms  0/45 (0%)  
[  8] 236.00-237.00 sec  58.8 KBytes   481 Kbits/sec  3.455 ms  1/44 (2.3%)  
[  8] 237.00-238.00 sec  61.5 KBytes   504 Kbits/sec  7.430 ms  0/45 (0%)  
[  8] 238.00-239.00 sec  60.2 KBytes   493 Kbits/sec  4.856 ms  0/44 (0%)  
[  8] 239.00-240.00 sec  61.5 KBytes   504 Kbits/sec  4.531 ms  0/45 (0%)  
[  8] 240.00-240.01 sec  1.37 KBytes  1.86 Mbits/sec  4.362 ms  0/1 (0%)  
- - - - - - - - - - - - - - - - - - - - - - - - -
[ ID] Interval           Transfer     Bitrate         Jitter    Lost/Total Datagrams
[  8]   0.00-240.01 sec  14.3 MBytes   499 Kbits/sec  4.362 ms  24/10715 (0.22%)  receiver
-----------------------------------------------------------
Server listening on 5201 (test #1)
-----------------------------------------------------------
Accepted connection from 10.0.0.87, port 54120
[  8] local 10.0.0.119 port 5201 connected to 10.0.0.87 port 46392
[ ID] Interval           Transfer     Bitrate         Jitter    Lost/Total Datagrams
[  8]   0.00-1.00   sec  60.2 KBytes   493 Kbits/sec  3.018 ms  0/44 (0%)  
[  8]   1.00-2.00   sec  61.5 KBytes   504 Kbits/sec  3.299 ms  0/45 (0%)  
[  8]   2.00-3.00   sec  60.2 KBytes   493 Kbits/sec  3.060 ms  0/44 (0%)  
[  8]   3.00-4.00   sec  61.5 KBytes   504 Kbits/sec  2.593 ms  0/45 (0%)  
[  8]   4.00-5.00   sec  61.5 KBytes   504 Kbits/sec  2.179 ms  0/45 (0%)  
[  8]   5.00-6.00   sec  61.5 KBytes   503 Kbits/sec  4.543 ms  0/45 (0%)  
[  8]   6.00-7.00   sec  61.5 KBytes   504 Kbits/sec  2.929 ms  0/45 (0%)  
[  8]   7.00-8.00   sec  60.2 KBytes   494 Kbits/sec  2.462 ms  0/44 (0%)  
[  8]   8.00-9.00   sec  60.2 KBytes   492 Kbits/sec  2.081 ms  0/44 (0%)  
[  8]   9.00-10.00  sec  61.5 KBytes   504 Kbits/sec  2.631 ms  0/45 (0%)  
[  8]  10.00-11.00  sec  61.5 KBytes   504 Kbits/sec  2.928 ms  0/45 (0%)  
[  8]  11.00-12.00  sec  60.2 KBytes   493 Kbits/sec  2.318 ms  0/44 (0%)  
[  8]  12.00-13.00  sec  61.5 KBytes   503 Kbits/sec  3.057 ms  0/45 (0%)  
[  8]  13.00-14.00  sec  60.2 KBytes   494 Kbits/sec  2.438 ms  0/44 (0%)  
[  8]  14.00-15.00  sec  61.5 KBytes   504 Kbits/sec  4.309 ms  0/45 (0%)  
[  8]  15.00-16.00  sec  61.5 KBytes   504 Kbits/sec  4.725 ms  0/45 (0%)  
[  8]  16.00-17.00  sec  61.5 KBytes   504 Kbits/sec  5.106 ms  0/45 (0%)  
[  8]  17.00-18.00  sec  60.2 KBytes   493 Kbits/sec  4.007 ms  0/44 (0%)  
[  8]  18.00-19.00  sec  61.5 KBytes   504 Kbits/sec  4.760 ms  0/45 (0%)  
[  8]  19.00-20.00  sec  61.5 KBytes   504 Kbits/sec  4.914 ms  0/45 (0%)  
[  8]  20.00-21.00  sec  60.2 KBytes   493 Kbits/sec  2.514 ms  0/44 (0%)  
[  8]  21.00-22.00  sec  61.5 KBytes   504 Kbits/sec  3.115 ms  0/45 (0%)  
[  8]  22.00-23.00  sec  60.2 KBytes   493 Kbits/sec  4.249 ms  0/44 (0%)  
[  8]  23.00-24.00  sec  61.5 KBytes   504 Kbits/sec  5.351 ms  0/45 (0%)  
[  8]  24.00-25.00  sec  61.5 KBytes   504 Kbits/sec  4.606 ms  0/45 (0%)  
[  8]  25.00-26.00  sec  60.2 KBytes   493 Kbits/sec  4.589 ms  0/44 (0%)  
[  8]  26.00-27.00  sec  60.2 KBytes   493 Kbits/sec  6.719 ms  1/45 (2.2%)  
[  8]  27.00-28.00  sec  61.5 KBytes   504 Kbits/sec  4.029 ms  0/45 (0%)  
[  8]  28.00-29.00  sec  60.2 KBytes   493 Kbits/sec  5.907 ms  0/44 (0%)  
[  8]  29.00-30.00  sec  61.5 KBytes   504 Kbits/sec  6.043 ms  0/45 (0%)  
[  8]  30.00-31.00  sec  60.2 KBytes   493 Kbits/sec  5.561 ms  0/44 (0%)  
[  8]  31.00-32.00  sec  61.5 KBytes   504 Kbits/sec  6.549 ms  0/45 (0%)  
[  8]  32.00-33.00  sec  61.5 KBytes   504 Kbits/sec  6.016 ms  0/45 (0%)  
[  8]  33.00-34.00  sec  58.8 KBytes   482 Kbits/sec  6.428 ms  1/44 (2.3%)  
[  8]  34.00-35.00  sec  60.2 KBytes   491 Kbits/sec  5.374 ms  1/45 (2.2%)  
[  8]  35.00-36.00  sec  60.2 KBytes   495 Kbits/sec  6.661 ms  0/44 (0%)  
[  8]  36.00-37.00  sec  62.9 KBytes   515 Kbits/sec  5.046 ms  0/46 (0%)  
[  8]  37.00-38.00  sec  58.8 KBytes   482 Kbits/sec  4.210 ms  0/43 (0%)  
[  8]  38.00-39.00  sec  62.9 KBytes   515 Kbits/sec  8.590 ms  0/46 (0%)  
[  8]  39.00-40.00  sec  61.5 KBytes   504 Kbits/sec  6.651 ms  0/45 (0%)  
[  8]  40.00-41.00  sec  60.2 KBytes   493 Kbits/sec  6.781 ms  0/44 (0%)  
[  8]  41.00-42.00  sec  61.5 KBytes   504 Kbits/sec  4.813 ms  0/45 (0%)  
[  8]  42.00-43.00  sec  60.2 KBytes   493 Kbits/sec  7.186 ms  0/44 (0%)  
[  8]  43.00-44.00  sec  61.5 KBytes   504 Kbits/sec  4.985 ms  0/45 (0%)  
[  8]  44.00-45.00  sec  60.2 KBytes   493 Kbits/sec  5.463 ms  0/44 (0%)  
[  8]  45.00-46.00  sec  61.5 KBytes   504 Kbits/sec  4.396 ms  0/45 (0%)  
[  8]  46.00-47.00  sec  60.2 KBytes   493 Kbits/sec  7.849 ms  0/44 (0%)  
[  8]  47.00-48.00  sec  61.5 KBytes   504 Kbits/sec  6.084 ms  0/45 (0%)  
[  8]  48.00-49.01  sec  61.5 KBytes   501 Kbits/sec  3.768 ms  0/45 (0%)  
[  8]  49.01-50.00  sec  61.5 KBytes   505 Kbits/sec  5.605 ms  0/45 (0%)  
[  8]  50.00-51.00  sec  60.2 KBytes   495 Kbits/sec  5.573 ms  0/44 (0%)  
[  8]  51.00-52.00  sec  61.5 KBytes   504 Kbits/sec  4.030 ms  0/45 (0%)  
[  8]  52.00-53.00  sec  60.2 KBytes   493 Kbits/sec  5.271 ms  0/44 (0%)  
[  8]  53.00-54.00  sec  62.9 KBytes   515 Kbits/sec  4.771 ms  0/46 (0%)  
[  8]  54.00-55.00  sec  60.2 KBytes   493 Kbits/sec  5.537 ms  0/44 (0%)  
[  8]  55.00-56.00  sec  60.2 KBytes   493 Kbits/sec  3.897 ms  0/44 (0%)  
[  8]  56.00-57.00  sec  60.2 KBytes   493 Kbits/sec  5.884 ms  1/45 (2.2%)  
[  8]  57.00-58.00  sec  60.2 KBytes   493 Kbits/sec  5.026 ms  0/44 (0%)  
[  8]  58.00-59.00  sec  61.5 KBytes   504 Kbits/sec  7.539 ms  1/46 (2.2%)  
[  8]  59.00-60.00  sec  60.2 KBytes   491 Kbits/sec  5.484 ms  0/44 (0%)  
[  8]  60.00-61.00  sec  60.2 KBytes   494 Kbits/sec  4.289 ms  1/45 (2.2%)  
[  8]  61.00-62.00  sec  57.4 KBytes   470 Kbits/sec  5.556 ms  1/43 (2.3%)  
[  8]  62.00-63.00  sec  61.5 KBytes   504 Kbits/sec  8.329 ms  1/46 (2.2%)  
[  8]  63.00-64.00  sec  61.5 KBytes   502 Kbits/sec  4.505 ms  0/45 (0%)  
[  8]  64.00-65.00  sec  60.2 KBytes   495 Kbits/sec  4.646 ms  0/44 (0%)  
[  8]  65.00-66.00  sec  61.5 KBytes   503 Kbits/sec  7.698 ms  0/45 (0%)  
[  8]  66.00-67.00  sec  61.5 KBytes   505 Kbits/sec  8.045 ms  0/45 (0%)  
[  8]  67.00-68.00  sec  60.2 KBytes   494 Kbits/sec  3.972 ms  0/44 (0%)  
[  8]  68.00-69.00  sec  61.5 KBytes   504 Kbits/sec  4.789 ms  0/45 (0%)  
[  8]  69.00-70.00  sec  60.2 KBytes   493 Kbits/sec  8.323 ms  0/44 (0%)  
[  8]  70.00-71.00  sec  60.2 KBytes   493 Kbits/sec  7.579 ms  0/44 (0%)  
[  8]  71.00-72.00  sec  61.5 KBytes   504 Kbits/sec  4.099 ms  1/46 (2.2%)  
[  8]  72.00-73.00  sec  60.2 KBytes   493 Kbits/sec  5.596 ms  0/44 (0%)  
[  8]  73.00-74.00  sec  58.8 KBytes   482 Kbits/sec  4.943 ms  1/44 (2.3%)  
[  8]  74.00-75.00  sec  62.9 KBytes   515 Kbits/sec  6.230 ms  0/46 (0%)  
[  8]  75.00-76.00  sec  60.2 KBytes   492 Kbits/sec  5.636 ms  0/44 (0%)  
[  8]  76.00-77.00  sec  61.5 KBytes   503 Kbits/sec  5.640 ms  0/45 (0%)  
[  8]  77.00-78.00  sec  61.5 KBytes   506 Kbits/sec  4.797 ms  0/45 (0%)  
[  8]  78.00-79.00  sec  61.5 KBytes   503 Kbits/sec  8.132 ms  0/45 (0%)  
[  8]  79.00-80.00  sec  60.2 KBytes   493 Kbits/sec  5.387 ms  0/44 (0%)  
[  8]  80.00-81.00  sec  58.8 KBytes   481 Kbits/sec  6.137 ms  1/44 (2.3%)  
[  8]  81.00-82.00  sec  61.5 KBytes   505 Kbits/sec  8.602 ms  0/45 (0%)  
[  8]  82.00-83.00  sec  60.2 KBytes   493 Kbits/sec  6.865 ms  0/44 (0%)  
[  8]  83.00-84.00  sec  61.5 KBytes   504 Kbits/sec  4.233 ms  0/45 (0%)  
[  8]  84.00-85.00  sec  61.5 KBytes   504 Kbits/sec  6.309 ms  0/45 (0%)  
[  8]  85.00-86.00  sec  57.4 KBytes   471 Kbits/sec  9.186 ms  1/43 (2.3%)  
[  8]  86.00-87.00  sec  61.5 KBytes   503 Kbits/sec  10.397 ms  1/46 (2.2%)  
[  8]  87.00-88.00  sec  61.5 KBytes   505 Kbits/sec  3.585 ms  0/45 (0%)  
[  8]  88.00-89.00  sec  61.5 KBytes   504 Kbits/sec  2.837 ms  0/45 (0%)  
[  8]  89.00-90.00  sec  60.2 KBytes   493 Kbits/sec  4.181 ms  0/44 (0%)  
[  8]  90.00-91.00  sec  62.9 KBytes   515 Kbits/sec  3.651 ms  0/46 (0%)  
[  8]  91.00-92.00  sec  60.2 KBytes   493 Kbits/sec  3.686 ms  0/44 (0%)  
[  8]  92.00-93.00  sec  61.5 KBytes   504 Kbits/sec  3.980 ms  0/45 (0%)  
[  8]  93.00-94.00  sec  60.2 KBytes   493 Kbits/sec  3.910 ms  0/44 (0%)  
[  8]  94.00-95.00  sec  61.5 KBytes   504 Kbits/sec  4.174 ms  0/45 (0%)  
[  8]  95.00-96.00  sec  60.2 KBytes   492 Kbits/sec  5.054 ms  0/44 (0%)  
[  8]  96.00-97.00  sec  61.5 KBytes   504 Kbits/sec  6.213 ms  0/45 (0%)  
[  8]  97.00-98.00  sec  61.5 KBytes   504 Kbits/sec  3.785 ms  0/45 (0%)  
[  8]  98.00-99.00  sec  61.5 KBytes   504 Kbits/sec  5.132 ms  0/45 (0%)  
[  8]  99.00-100.00 sec  60.2 KBytes   493 Kbits/sec  6.784 ms  0/44 (0%)  
[  8] 100.00-101.00 sec  61.5 KBytes   503 Kbits/sec  7.275 ms  0/45 (0%)  
[  8] 101.00-102.00 sec  60.2 KBytes   494 Kbits/sec  4.453 ms  0/44 (0%)  
[  8] 102.00-103.00 sec  61.5 KBytes   504 Kbits/sec  4.625 ms  0/45 (0%)  
[  8] 103.00-104.00 sec  60.2 KBytes   492 Kbits/sec  4.352 ms  0/44 (0%)  
[  8] 104.00-105.00 sec  61.5 KBytes   505 Kbits/sec  3.375 ms  0/45 (0%)  
[  8] 105.00-106.00 sec  61.5 KBytes   503 Kbits/sec  5.960 ms  0/45 (0%)  
[  8] 106.00-107.00 sec  60.2 KBytes   494 Kbits/sec  3.619 ms  0/44 (0%)  
[  8] 107.00-108.00 sec  61.5 KBytes   504 Kbits/sec  4.371 ms  0/45 (0%)  
[  8] 108.00-109.00 sec  61.5 KBytes   504 Kbits/sec  5.123 ms  0/45 (0%)  
[  8] 109.00-110.00 sec  60.2 KBytes   493 Kbits/sec  6.140 ms  0/44 (0%)  
[  8] 110.00-111.00 sec  60.2 KBytes   493 Kbits/sec  5.927 ms  1/45 (2.2%)  
[  8] 111.00-112.00 sec  60.2 KBytes   493 Kbits/sec  4.291 ms  0/44 (0%)  
[  8] 112.00-113.00 sec  61.5 KBytes   504 Kbits/sec  4.118 ms  0/45 (0%)  
[  8] 113.00-114.00 sec  60.2 KBytes   493 Kbits/sec  6.086 ms  0/44 (0%)  
[  8] 114.00-115.00 sec  61.5 KBytes   504 Kbits/sec  5.479 ms  1/46 (2.2%)  
[  8] 115.00-116.00 sec  60.2 KBytes   493 Kbits/sec  4.247 ms  0/44 (0%)  
[  8] 116.00-117.00 sec  61.5 KBytes   502 Kbits/sec  4.559 ms  0/45 (0%)  
[  8] 117.00-118.00 sec  60.2 KBytes   494 Kbits/sec  3.916 ms  0/44 (0%)  
[  8] 118.00-119.00 sec  61.5 KBytes   505 Kbits/sec  4.665 ms  0/45 (0%)  
[  8] 119.00-120.00 sec  61.5 KBytes   504 Kbits/sec  3.894 ms  0/45 (0%)  
[  8] 120.00-121.00 sec  60.2 KBytes   493 Kbits/sec  4.285 ms  0/44 (0%)  
[  8] 121.00-122.00 sec  61.5 KBytes   504 Kbits/sec  3.501 ms  0/45 (0%)  
[  8] 122.00-123.00 sec  60.2 KBytes   493 Kbits/sec  3.832 ms  0/44 (0%)  
[  8] 123.00-124.00 sec  61.5 KBytes   504 Kbits/sec  3.532 ms  0/45 (0%)  
[  8] 124.00-125.00 sec  61.5 KBytes   504 Kbits/sec  4.287 ms  0/45 (0%)  
[  8] 125.00-126.00 sec  60.2 KBytes   493 Kbits/sec  4.835 ms  0/44 (0%)  
[  8] 126.00-127.00 sec  61.5 KBytes   504 Kbits/sec  5.536 ms  0/45 (0%)  
[  8] 127.00-128.00 sec  61.5 KBytes   503 Kbits/sec  5.761 ms  0/45 (0%)  
[  8] 128.00-129.00 sec  60.2 KBytes   493 Kbits/sec  5.582 ms  0/44 (0%)  
[  8] 129.00-130.00 sec  61.5 KBytes   504 Kbits/sec  5.744 ms  0/45 (0%)  
[  8] 130.00-131.00 sec  61.5 KBytes   504 Kbits/sec  4.485 ms  0/45 (0%)  
[  8] 131.00-132.00 sec  58.8 KBytes   482 Kbits/sec  4.835 ms  0/43 (0%)  
[  8] 132.00-133.00 sec  62.9 KBytes   515 Kbits/sec  4.181 ms  0/46 (0%)  
[  8] 133.00-134.00 sec  61.5 KBytes   504 Kbits/sec  2.819 ms  0/45 (0%)  
[  8] 134.00-135.00 sec  60.2 KBytes   493 Kbits/sec  4.172 ms  0/44 (0%)  
[  8] 135.00-136.00 sec  61.5 KBytes   503 Kbits/sec  4.301 ms  0/45 (0%)  
[  8] 136.00-137.00 sec  61.5 KBytes   505 Kbits/sec  4.238 ms  0/45 (0%)  
[  8] 137.00-138.00 sec  58.8 KBytes   482 Kbits/sec  5.703 ms  0/43 (0%)  
[  8] 138.00-139.00 sec  62.9 KBytes   515 Kbits/sec  4.872 ms  0/46 (0%)  
[  8] 139.00-140.00 sec  60.2 KBytes   493 Kbits/sec  6.324 ms  0/44 (0%)  
[  8] 140.00-141.00 sec  61.5 KBytes   504 Kbits/sec  7.523 ms  0/45 (0%)  
[  8] 141.00-142.00 sec  58.8 KBytes   482 Kbits/sec  6.515 ms  1/44 (2.3%)  
[  8] 142.00-143.00 sec  62.9 KBytes   515 Kbits/sec  6.433 ms  0/46 (0%)  
[  8] 143.00-144.00 sec  57.4 KBytes   471 Kbits/sec  6.255 ms  1/43 (2.3%)  
[  8] 144.00-145.00 sec  61.5 KBytes   504 Kbits/sec  5.697 ms  0/45 (0%)  
[  8] 145.00-146.00 sec  61.5 KBytes   504 Kbits/sec  7.603 ms  0/45 (0%)  
[  8] 146.00-147.02 sec  61.5 KBytes   497 Kbits/sec  6.883 ms  0/45 (0%)  
[  8] 147.02-148.00 sec  60.2 KBytes   500 Kbits/sec  6.478 ms  0/44 (0%)  
[  8] 148.00-149.00 sec  61.5 KBytes   504 Kbits/sec  5.944 ms  0/45 (0%)  
[  8] 149.00-150.00 sec  61.5 KBytes   505 Kbits/sec  5.973 ms  0/45 (0%)  
[  8] 150.00-151.00 sec  60.2 KBytes   493 Kbits/sec  7.680 ms  0/44 (0%)  
[  8] 151.00-152.00 sec  58.8 KBytes   480 Kbits/sec  7.506 ms  0/43 (0%)  
[  8] 152.00-153.01 sec  61.5 KBytes   502 Kbits/sec  8.415 ms  1/46 (2.2%)  
[  8] 153.01-154.00 sec  62.9 KBytes   519 Kbits/sec  7.824 ms  0/46 (0%)  
[  8] 154.00-155.00 sec  60.2 KBytes   493 Kbits/sec  5.602 ms  0/44 (0%)  
[  8] 155.00-156.00 sec  58.8 KBytes   482 Kbits/sec  4.707 ms  1/44 (2.3%)  
[  8] 156.00-157.00 sec  61.5 KBytes   504 Kbits/sec  5.891 ms  0/45 (0%)  
[  8] 157.00-158.00 sec  60.2 KBytes   493 Kbits/sec  6.792 ms  1/45 (2.2%)  
[  8] 158.00-159.00 sec  57.4 KBytes   470 Kbits/sec  7.992 ms  2/44 (4.5%)  
[  8] 159.00-160.00 sec  60.2 KBytes   493 Kbits/sec  5.513 ms  1/45 (2.2%)  
[  8] 160.00-161.00 sec  60.2 KBytes   492 Kbits/sec  6.469 ms  0/44 (0%)  
[  8] 161.00-162.00 sec  61.5 KBytes   505 Kbits/sec  5.823 ms  0/45 (0%)  
[  8] 162.00-163.00 sec  58.8 KBytes   482 Kbits/sec  7.840 ms  2/45 (4.4%)  
[  8] 163.00-164.00 sec  61.5 KBytes   503 Kbits/sec  6.549 ms  0/45 (0%)  
[  8] 164.00-165.00 sec  60.2 KBytes   493 Kbits/sec  8.055 ms  1/45 (2.2%)  
[  8] 165.00-166.01 sec  61.5 KBytes   500 Kbits/sec  5.531 ms  0/45 (0%)  
[  8] 166.01-167.00 sec  58.8 KBytes   485 Kbits/sec  6.476 ms  1/44 (2.3%)  
[  8] 167.00-168.00 sec  60.2 KBytes   492 Kbits/sec  6.646 ms  0/44 (0%)  
[  8] 168.00-169.00 sec  61.5 KBytes   504 Kbits/sec  6.142 ms  0/45 (0%)  
[  8] 169.00-170.00 sec  58.8 KBytes   482 Kbits/sec  8.102 ms  1/44 (2.3%)  
[  8] 170.00-171.00 sec  61.5 KBytes   504 Kbits/sec  8.570 ms  1/46 (2.2%)  
[  8] 171.00-172.00 sec  60.2 KBytes   493 Kbits/sec  5.575 ms  0/44 (0%)  
[  8] 172.00-173.00 sec  61.5 KBytes   504 Kbits/sec  6.739 ms  0/45 (0%)  
[  8] 173.00-174.00 sec  60.2 KBytes   493 Kbits/sec  6.504 ms  0/44 (0%)  
[  8] 174.00-175.00 sec  60.2 KBytes   493 Kbits/sec  7.665 ms  0/44 (0%)  
[  8] 175.00-176.00 sec  61.5 KBytes   503 Kbits/sec  8.911 ms  0/45 (0%)  
[  8] 176.00-177.00 sec  61.5 KBytes   505 Kbits/sec  9.032 ms  0/45 (0%)  
[  8] 177.00-178.00 sec  61.5 KBytes   504 Kbits/sec  6.286 ms  0/45 (0%)  
[  8] 178.00-179.00 sec  60.2 KBytes   492 Kbits/sec  5.851 ms  0/44 (0%)  
[  8] 179.00-180.00 sec  58.8 KBytes   482 Kbits/sec  5.664 ms  1/44 (2.3%)  
[  8] 180.00-181.00 sec  62.9 KBytes   515 Kbits/sec  5.001 ms  0/46 (0%)  
[  8] 181.00-182.00 sec  60.2 KBytes   493 Kbits/sec  5.464 ms  0/44 (0%)  
[  8] 182.00-183.00 sec  61.5 KBytes   504 Kbits/sec  5.584 ms  0/45 (0%)  
[  8] 183.00-184.00 sec  61.5 KBytes   503 Kbits/sec  5.325 ms  0/45 (0%)  
[  8] 184.00-185.00 sec  60.2 KBytes   494 Kbits/sec  6.993 ms  0/44 (0%)  
[  8] 185.00-186.00 sec  60.2 KBytes   491 Kbits/sec  5.932 ms  1/45 (2.2%)  
[  8] 186.00-186.53 sec  31.4 KBytes   490 Kbits/sec  7.016 ms  0/23 (0%)  
- - - - - - - - - - - - - - - - - - - - - - - - -
[ ID] Interval           Transfer     Bitrate         Jitter    Lost/Total Datagrams
[  8]   0.00-186.53 sec  11.1 MBytes   498 Kbits/sec  7.016 ms  31/8326 (0.37%)  receiver
iperf3: interrupt - the server has terminated
-----------------------------------------------------------
Server listening on 5201 (test #1)
-----------------------------------------------------------
Accepted connection from 10.0.0.87, port 59770
[  8] local 10.0.0.119 port 5201 connected to 10.0.0.87 port 39281
[ ID] Interval           Transfer     Bitrate         Jitter    Lost/Total Datagrams
[  8]   0.00-1.00   sec  61.5 KBytes   504 Kbits/sec  2.115 ms  0/45 (0%)  
[  8]   1.00-2.00   sec  60.2 KBytes   493 Kbits/sec  3.820 ms  0/44 (0%)  
[  8]   2.00-3.00   sec  61.5 KBytes   504 Kbits/sec  3.084 ms  0/45 (0%)  
[  8]   3.00-4.00   sec  60.2 KBytes   493 Kbits/sec  6.354 ms  0/44 (0%)  
[  8]   4.00-5.00   sec  61.5 KBytes   504 Kbits/sec  3.742 ms  0/45 (0%)  
[  8]   5.00-6.00   sec  61.5 KBytes   503 Kbits/sec  4.627 ms  0/45 (0%)  
[  8]   6.00-7.00   sec  58.8 KBytes   482 Kbits/sec  6.140 ms  0/43 (0%)  
[  8]   7.00-8.00   sec  62.9 KBytes   515 Kbits/sec  6.419 ms  0/46 (0%)  
[  8]   8.00-9.00   sec  58.8 KBytes   482 Kbits/sec  4.628 ms  1/44 (2.3%)  
[  8]   9.00-10.00  sec  62.9 KBytes   515 Kbits/sec  2.851 ms  0/46 (0%)  
[  8]  10.00-11.00  sec  60.2 KBytes   493 Kbits/sec  2.841 ms  0/44 (0%)  
[  8]  11.00-12.00  sec  61.5 KBytes   503 Kbits/sec  4.562 ms  0/45 (0%)  
[  8]  12.00-13.00  sec  60.2 KBytes   493 Kbits/sec  5.167 ms  0/44 (0%)  
[  8]  13.00-14.00  sec  61.5 KBytes   504 Kbits/sec  4.273 ms  0/45 (0%)  
[  8]  14.00-15.00  sec  60.2 KBytes   493 Kbits/sec  5.527 ms  0/44 (0%)  
[  8]  15.00-16.00  sec  61.5 KBytes   504 Kbits/sec  4.766 ms  0/45 (0%)  
[  8]  16.00-17.00  sec  61.5 KBytes   504 Kbits/sec  4.525 ms  0/45 (0%)  
[  8]  17.00-18.00  sec  60.2 KBytes   493 Kbits/sec  7.929 ms  1/45 (2.2%)  
[  8]  18.00-19.00  sec  60.2 KBytes   492 Kbits/sec  6.108 ms  0/44 (0%)  
[  8]  19.00-20.00  sec  60.2 KBytes   493 Kbits/sec  5.774 ms  0/44 (0%)  
[  8]  20.00-21.00  sec  62.9 KBytes   515 Kbits/sec  6.165 ms  0/46 (0%)  
[  8]  21.00-22.00  sec  60.2 KBytes   492 Kbits/sec  7.320 ms  0/44 (0%)  
[  8]  22.00-23.00  sec  60.2 KBytes   494 Kbits/sec  6.611 ms  0/44 (0%)  
[  8]  23.00-24.00  sec  61.5 KBytes   504 Kbits/sec  5.543 ms  0/45 (0%)  
[  8]  24.00-25.00  sec  61.5 KBytes   504 Kbits/sec  3.783 ms  0/45 (0%)  
[  8]  25.00-26.00  sec  61.5 KBytes   504 Kbits/sec  4.778 ms  0/45 (0%)  
[  8]  26.00-27.00  sec  58.8 KBytes   481 Kbits/sec  5.689 ms  0/43 (0%)  
[  8]  27.00-28.00  sec  60.2 KBytes   493 Kbits/sec  7.640 ms  2/46 (4.3%)  
[  8]  28.00-29.00  sec  58.8 KBytes   482 Kbits/sec  6.792 ms  0/43 (0%)  
[  8]  29.00-30.00  sec  57.4 KBytes   470 Kbits/sec  6.561 ms  4/46 (8.7%)  
[  8]  30.00-31.00  sec  58.8 KBytes   481 Kbits/sec  9.373 ms  1/44 (2.3%)  
[  8]  31.00-32.00  sec  60.2 KBytes   493 Kbits/sec  6.885 ms  1/45 (2.2%)  
[  8]  32.00-33.00  sec  61.5 KBytes   504 Kbits/sec  4.499 ms  0/45 (0%)  
[  8]  33.00-34.00  sec  61.5 KBytes   504 Kbits/sec  5.585 ms  0/45 (0%)  
[  8]  34.00-35.00  sec  61.5 KBytes   504 Kbits/sec  4.749 ms  0/45 (0%)  
[  8]  35.00-36.00  sec  58.8 KBytes   481 Kbits/sec  3.326 ms  0/43 (0%)  
[  8]  36.00-37.00  sec  60.2 KBytes   494 Kbits/sec  3.890 ms  1/45 (2.2%)  
[  8]  37.00-38.00  sec  60.2 KBytes   493 Kbits/sec  3.418 ms  1/45 (2.2%)  
[  8]  38.00-39.00  sec  60.2 KBytes   493 Kbits/sec  5.738 ms  1/45 (2.2%)  
[  8]  39.00-40.00  sec  61.5 KBytes   504 Kbits/sec  5.129 ms  0/45 (0%)  
[  8]  40.00-41.00  sec  60.2 KBytes   493 Kbits/sec  4.346 ms  0/44 (0%)  
[  8]  41.00-42.00  sec  60.2 KBytes   493 Kbits/sec  5.574 ms  0/44 (0%)  
[  8]  42.00-43.00  sec  61.5 KBytes   504 Kbits/sec  4.770 ms  0/45 (0%)  
[  8]  43.00-44.00  sec  61.5 KBytes   504 Kbits/sec  5.971 ms  0/45 (0%)  
[  8]  44.00-45.00  sec  61.5 KBytes   504 Kbits/sec  7.194 ms  0/45 (0%)  
[  8]  45.00-46.00  sec  61.5 KBytes   504 Kbits/sec  4.460 ms  0/45 (0%)  
[  8]  46.00-47.00  sec  60.2 KBytes   493 Kbits/sec  4.413 ms  0/44 (0%)  
[  8]  47.00-48.00  sec  58.8 KBytes   482 Kbits/sec  7.117 ms  1/44 (2.3%)  
[  8]  48.00-49.00  sec  57.4 KBytes   471 Kbits/sec  5.606 ms  3/45 (6.7%)  
[  8]  49.00-50.00  sec  60.2 KBytes   493 Kbits/sec  8.495 ms  1/45 (2.2%)  
[  8]  50.00-51.00  sec  60.2 KBytes   493 Kbits/sec  6.898 ms  1/45 (2.2%)  
[  8]  51.00-52.00  sec  60.2 KBytes   493 Kbits/sec  6.138 ms  0/44 (0%)  
[  8]  52.00-53.00  sec  61.5 KBytes   503 Kbits/sec  5.181 ms  0/45 (0%)  
[  8]  53.00-54.00  sec  60.2 KBytes   493 Kbits/sec  5.489 ms  0/44 (0%)  
[  8]  54.00-55.00  sec  61.5 KBytes   504 Kbits/sec  5.141 ms  0/45 (0%)  
[  8]  55.00-56.00  sec  61.5 KBytes   504 Kbits/sec  7.635 ms  0/45 (0%)  
[  8]  56.00-57.00  sec  61.5 KBytes   503 Kbits/sec  4.059 ms  0/45 (0%)  
[  8]  57.00-58.00  sec  60.2 KBytes   494 Kbits/sec  4.527 ms  0/44 (0%)  
[  8]  58.00-59.00  sec  61.5 KBytes   504 Kbits/sec  4.132 ms  0/45 (0%)  
[  8]  59.00-60.00  sec  60.2 KBytes   493 Kbits/sec  4.624 ms  0/44 (0%)  
[  8]  60.00-61.00  sec  61.5 KBytes   504 Kbits/sec  4.189 ms  0/45 (0%)  
[  8]  61.00-62.00  sec  60.2 KBytes   493 Kbits/sec  5.454 ms  0/44 (0%)  
[  8]  62.00-63.00  sec  61.5 KBytes   504 Kbits/sec  8.043 ms  0/45 (0%)  
[  8]  63.00-64.00  sec  61.5 KBytes   504 Kbits/sec  4.116 ms  0/45 (0%)  
[  8]  64.00-65.00  sec  61.5 KBytes   504 Kbits/sec  3.502 ms  0/45 (0%)  
[  8]  65.00-66.00  sec  60.2 KBytes   493 Kbits/sec  3.535 ms  0/44 (0%)  
[  8]  66.00-67.01  sec  62.9 KBytes   509 Kbits/sec  4.824 ms  0/46 (0%)  
[  8]  67.01-68.00  sec  58.8 KBytes   487 Kbits/sec  4.652 ms  0/43 (0%)  
[  8]  68.00-69.00  sec  60.2 KBytes   493 Kbits/sec  8.778 ms  1/45 (2.2%)  
[  8]  69.00-70.00  sec  60.2 KBytes   493 Kbits/sec  9.295 ms  0/44 (0%)  
[  8]  70.00-71.00  sec  60.2 KBytes   493 Kbits/sec  6.695 ms  0/44 (0%)  
[  8]  71.00-72.00  sec  58.8 KBytes   482 Kbits/sec  7.870 ms  2/45 (4.4%)  
[  8]  72.00-73.00  sec  60.2 KBytes   493 Kbits/sec  6.444 ms  1/45 (2.2%)  
[  8]  73.00-74.00  sec  56.1 KBytes   459 Kbits/sec  10.957 ms  4/45 (8.9%)  
[  8]  74.00-75.01  sec  60.2 KBytes   488 Kbits/sec  13.437 ms  1/45 (2.2%)  
[  8]  75.01-76.00  sec  57.4 KBytes   475 Kbits/sec  12.420 ms  3/45 (6.7%)  
[  8]  76.00-77.00  sec  58.8 KBytes   482 Kbits/sec  8.492 ms  1/44 (2.3%)  
[  8]  77.00-78.00  sec  61.5 KBytes   504 Kbits/sec  6.637 ms  0/45 (0%)  
[  8]  78.00-79.00  sec  58.8 KBytes   482 Kbits/sec  9.477 ms  0/43 (0%)  
[  8]  79.00-80.00  sec  58.8 KBytes   482 Kbits/sec  8.797 ms  3/46 (6.5%)  
[  8]  80.00-81.00  sec  57.4 KBytes   470 Kbits/sec  13.954 ms  3/45 (6.7%)  
[  8]  81.00-82.00  sec  60.2 KBytes   491 Kbits/sec  8.215 ms  1/45 (2.2%)  
[  8]  82.00-83.00  sec  60.2 KBytes   495 Kbits/sec  6.147 ms  1/45 (2.2%)  
[  8]  83.00-84.00  sec  60.2 KBytes   493 Kbits/sec  3.732 ms  0/44 (0%)  
[  8]  84.00-85.00  sec  60.2 KBytes   493 Kbits/sec  5.794 ms  0/44 (0%)  
[  8]  85.00-86.00  sec  61.5 KBytes   504 Kbits/sec  3.664 ms  0/45 (0%)  
[  8]  86.00-87.00  sec  60.2 KBytes   493 Kbits/sec  4.343 ms  1/45 (2.2%)  
[  8]  87.00-88.00  sec  61.5 KBytes   504 Kbits/sec  4.033 ms  0/45 (0%)  
[  8]  88.00-89.00  sec  58.8 KBytes   482 Kbits/sec  4.952 ms  1/44 (2.3%)  
[  8]  89.00-90.00  sec  61.5 KBytes   504 Kbits/sec  6.807 ms  0/45 (0%)  
[  8]  90.00-91.00  sec  61.5 KBytes   504 Kbits/sec  4.654 ms  0/45 (0%)  
[  8]  91.00-92.00  sec  60.2 KBytes   493 Kbits/sec  5.751 ms  0/44 (0%)  
[  8]  92.00-93.00  sec  61.5 KBytes   504 Kbits/sec  4.504 ms  0/45 (0%)  
[  8]  93.00-94.00  sec  61.5 KBytes   504 Kbits/sec  3.486 ms  0/45 (0%)  
[  8]  94.00-95.00  sec  58.8 KBytes   481 Kbits/sec  4.891 ms  1/44 (2.3%)  
[  8]  95.00-96.00  sec  60.2 KBytes   494 Kbits/sec  4.515 ms  1/45 (2.2%)  
[  8]  96.00-97.00  sec  58.8 KBytes   482 Kbits/sec  7.220 ms  0/43 (0%)  
[  8]  97.00-98.00  sec  61.5 KBytes   504 Kbits/sec  7.192 ms  1/46 (2.2%)  
[  8]  98.00-99.00  sec  57.4 KBytes   470 Kbits/sec  4.599 ms  3/45 (6.7%)  
[  8]  99.00-100.00 sec  60.2 KBytes   491 Kbits/sec  6.365 ms  0/44 (0%)  
[  8] 100.00-101.00 sec  61.5 KBytes   506 Kbits/sec  6.727 ms  0/45 (0%)  
[  8] 101.00-102.00 sec  61.5 KBytes   504 Kbits/sec  4.531 ms  0/45 (0%)  
[  8] 102.00-103.00 sec  60.2 KBytes   493 Kbits/sec  6.412 ms  0/44 (0%)  
[  8] 103.00-104.00 sec  58.8 KBytes   482 Kbits/sec  7.585 ms  1/44 (2.3%)  
[  8] 104.00-105.00 sec  57.4 KBytes   470 Kbits/sec  9.451 ms  2/44 (4.5%)  
[  8] 105.00-106.00 sec  62.9 KBytes   515 Kbits/sec  8.691 ms  0/46 (0%)  
[  8] 106.00-107.00 sec  58.8 KBytes   482 Kbits/sec  11.524 ms  0/43 (0%)  
[  8] 107.00-108.00 sec  58.8 KBytes   482 Kbits/sec  6.093 ms  1/44 (2.3%)  
[  8] 108.00-109.00 sec  61.5 KBytes   504 Kbits/sec  3.493 ms  1/46 (2.2%)  
[  8] 109.00-110.00 sec  61.5 KBytes   504 Kbits/sec  7.046 ms  0/45 (0%)  
[  8] 110.00-111.00 sec  61.5 KBytes   504 Kbits/sec  11.187 ms  0/45 (0%)  
[  8] 111.00-112.00 sec  60.2 KBytes   493 Kbits/sec  10.776 ms  1/45 (2.2%)  
[  8] 112.00-113.00 sec  57.4 KBytes   470 Kbits/sec  9.391 ms  2/44 (4.5%)  
[  8] 113.00-114.00 sec  58.8 KBytes   481 Kbits/sec  10.355 ms  0/43 (0%)  
[  8] 114.00-115.00 sec  58.8 KBytes   482 Kbits/sec  10.368 ms  3/46 (6.5%)  
[  8] 115.00-116.00 sec  57.4 KBytes   470 Kbits/sec  7.468 ms  1/43 (2.3%)  
[  8] 116.00-117.00 sec  49.2 KBytes   403 Kbits/sec  17.908 ms  3/39 (7.7%)  
[  8] 117.00-118.00 sec  65.6 KBytes   538 Kbits/sec  15.451 ms  4/52 (7.7%)  
[  8] 118.00-119.00 sec  61.5 KBytes   504 Kbits/sec  7.188 ms  1/46 (2.2%)  
[  8] 119.00-120.00 sec  60.2 KBytes   493 Kbits/sec  3.585 ms  0/44 (0%)  
[  8] 120.00-121.00 sec  60.2 KBytes   492 Kbits/sec  4.045 ms  0/44 (0%)  
[  8] 121.00-122.00 sec  60.2 KBytes   494 Kbits/sec  3.280 ms  0/44 (0%)  
[  8] 122.00-123.00 sec  61.5 KBytes   504 Kbits/sec  4.155 ms  0/45 (0%)  
[  8] 123.00-124.00 sec  61.5 KBytes   504 Kbits/sec  3.145 ms  0/45 (0%)  
[  8] 124.00-125.00 sec  61.5 KBytes   504 Kbits/sec  2.106 ms  0/45 (0%)  
[  8] 125.00-126.00 sec  61.5 KBytes   504 Kbits/sec  2.836 ms  0/45 (0%)  
[  8] 126.00-127.00 sec  58.8 KBytes   482 Kbits/sec  4.582 ms  1/44 (2.3%)  
[  8] 127.00-128.00 sec  61.5 KBytes   504 Kbits/sec  5.035 ms  0/45 (0%)  
[  8] 128.00-129.00 sec  61.5 KBytes   504 Kbits/sec  4.415 ms  0/45 (0%)  
[  8] 129.00-130.00 sec  57.4 KBytes   469 Kbits/sec  7.262 ms  2/44 (4.5%)  
[  8] 130.00-131.00 sec  61.5 KBytes   506 Kbits/sec  5.072 ms  0/45 (0%)  
[  8] 131.00-132.00 sec  61.5 KBytes   504 Kbits/sec  4.444 ms  0/45 (0%)  
[  8] 132.00-133.00 sec  58.8 KBytes   481 Kbits/sec  5.770 ms  0/43 (0%)  
[  8] 133.00-134.00 sec  60.2 KBytes   493 Kbits/sec  6.681 ms  0/44 (0%)  
[  8] 134.00-135.00 sec  61.5 KBytes   504 Kbits/sec  3.699 ms  0/45 (0%)  
[  8] 135.00-136.00 sec  64.3 KBytes   526 Kbits/sec  4.019 ms  0/47 (0%)  
[  8] 136.00-137.00 sec  60.2 KBytes   493 Kbits/sec  3.906 ms  0/44 (0%)  
[  8] 137.00-138.00 sec  58.8 KBytes   482 Kbits/sec  4.308 ms  0/43 (0%)  
[  8] 138.00-139.00 sec  62.9 KBytes   515 Kbits/sec  1.629 ms  0/46 (0%)  
[  8] 139.00-140.00 sec  60.2 KBytes   493 Kbits/sec  5.528 ms  0/44 (0%)  
[  8] 140.00-141.00 sec  61.5 KBytes   504 Kbits/sec  4.816 ms  0/45 (0%)  
[  8] 141.00-142.00 sec  60.2 KBytes   493 Kbits/sec  5.590 ms  1/45 (2.2%)  
[  8] 142.00-143.00 sec  61.5 KBytes   504 Kbits/sec  5.032 ms  0/45 (0%)  
[  8] 143.00-144.00 sec  60.2 KBytes   493 Kbits/sec  4.560 ms  0/44 (0%)  
[  8] 144.00-145.00 sec  60.2 KBytes   493 Kbits/sec  5.943 ms  0/44 (0%)  
[  8] 145.00-146.00 sec  62.9 KBytes   515 Kbits/sec  4.669 ms  0/46 (0%)  
[  8] 146.00-147.00 sec  60.2 KBytes   493 Kbits/sec  4.164 ms  0/44 (0%)  
[  8] 147.00-148.00 sec  61.5 KBytes   503 Kbits/sec  3.772 ms  0/45 (0%)  
[  8] 148.00-149.00 sec  57.4 KBytes   471 Kbits/sec  3.970 ms  3/45 (6.7%)  
[  8] 149.00-150.00 sec  61.5 KBytes   504 Kbits/sec  6.141 ms  0/45 (0%)  
[  8] 150.00-151.00 sec  60.2 KBytes   493 Kbits/sec  3.801 ms  0/44 (0%)  
[  8] 151.00-152.00 sec  61.5 KBytes   504 Kbits/sec  4.725 ms  0/45 (0%)  
[  8] 152.00-153.00 sec  61.5 KBytes   504 Kbits/sec  5.899 ms  0/45 (0%)  
[  8] 153.00-154.00 sec  60.2 KBytes   493 Kbits/sec  3.869 ms  0/44 (0%)  
[  8] 154.00-155.00 sec  57.4 KBytes   470 Kbits/sec  6.536 ms  3/45 (6.7%)  
[  8] 155.00-156.00 sec  61.5 KBytes   504 Kbits/sec  3.360 ms  0/45 (0%)  
[  8] 156.00-157.00 sec  60.2 KBytes   493 Kbits/sec  2.667 ms  0/44 (0%)  
[  8] 157.00-158.00 sec  61.5 KBytes   504 Kbits/sec  2.936 ms  0/45 (0%)  
[  8] 158.00-159.00 sec  60.2 KBytes   493 Kbits/sec  9.988 ms  0/44 (0%)  
[  8] 159.00-160.00 sec  61.5 KBytes   504 Kbits/sec  4.095 ms  0/45 (0%)  
[  8] 160.00-161.00 sec  58.8 KBytes   482 Kbits/sec  4.734 ms  2/45 (4.4%)  
[  8] 161.00-162.00 sec  60.2 KBytes   493 Kbits/sec  7.120 ms  0/44 (0%)  
[  8] 162.00-163.00 sec  61.5 KBytes   504 Kbits/sec  5.241 ms  0/45 (0%)  
[  8] 163.00-164.00 sec  60.2 KBytes   493 Kbits/sec  5.099 ms  0/44 (0%)  
[  8] 164.00-165.00 sec  61.5 KBytes   504 Kbits/sec  6.784 ms  0/45 (0%)  
[  8] 165.00-166.00 sec  54.7 KBytes   448 Kbits/sec  6.558 ms  3/43 (7%)  
[  8] 166.00-167.00 sec  62.9 KBytes   515 Kbits/sec  4.255 ms  0/46 (0%)  
[  8] 167.00-168.00 sec  61.5 KBytes   504 Kbits/sec  5.605 ms  0/45 (0%)  
[  8] 168.00-169.00 sec  61.5 KBytes   502 Kbits/sec  4.221 ms  0/45 (0%)  
[  8] 169.00-170.00 sec  60.2 KBytes   494 Kbits/sec  8.730 ms  0/44 (0%)  
[  8] 170.00-171.00 sec  61.5 KBytes   504 Kbits/sec  5.509 ms  0/45 (0%)  
[  8] 171.00-172.00 sec  61.5 KBytes   504 Kbits/sec  4.317 ms  0/45 (0%)  
[  8] 172.00-173.00 sec  58.8 KBytes   482 Kbits/sec  5.044 ms  1/44 (2.3%)  
[  8] 173.00-174.00 sec  56.1 KBytes   459 Kbits/sec  10.235 ms  0/41 (0%)  
[  8] 174.00-175.00 sec  62.9 KBytes   515 Kbits/sec  9.388 ms  3/49 (6.1%)  
[  8] 175.00-176.00 sec  56.1 KBytes   458 Kbits/sec  7.217 ms  2/43 (4.7%)  
[  8] 176.00-177.00 sec  57.4 KBytes   472 Kbits/sec  5.801 ms  3/45 (6.7%)  
[  8] 177.00-178.00 sec  60.2 KBytes   493 Kbits/sec  6.762 ms  1/45 (2.2%)  
[  8] 178.00-179.00 sec  61.5 KBytes   503 Kbits/sec  6.333 ms  0/45 (0%)  
[  8] 179.00-180.00 sec  60.2 KBytes   494 Kbits/sec  9.814 ms  0/44 (0%)  
[  8] 180.00-181.00 sec  61.5 KBytes   503 Kbits/sec  6.336 ms  0/45 (0%)  
[  8] 181.00-182.02 sec  61.5 KBytes   496 Kbits/sec  6.325 ms  0/45 (0%)  
[  8] 182.02-183.00 sec  61.5 KBytes   514 Kbits/sec  7.711 ms  0/45 (0%)  
[  8] 183.00-184.00 sec  60.2 KBytes   493 Kbits/sec  7.166 ms  0/44 (0%)  
[  8] 184.00-185.01 sec  61.5 KBytes   500 Kbits/sec  5.824 ms  0/45 (0%)  
[  8] 185.01-186.00 sec  61.5 KBytes   508 Kbits/sec  4.205 ms  0/45 (0%)  
[  8] 186.00-187.00 sec  60.2 KBytes   493 Kbits/sec  5.603 ms  0/44 (0%)  
[  8] 187.00-188.00 sec  61.5 KBytes   503 Kbits/sec  9.706 ms  0/45 (0%)  
[  8] 188.00-189.00 sec  60.2 KBytes   494 Kbits/sec  5.332 ms  0/44 (0%)  
[  8] 189.00-190.00 sec  61.5 KBytes   504 Kbits/sec  4.967 ms  0/45 (0%)  
[  8] 190.00-191.00 sec  61.5 KBytes   504 Kbits/sec  6.529 ms  0/45 (0%)  
[  8] 191.00-192.00 sec  60.2 KBytes   493 Kbits/sec  4.823 ms  1/45 (2.2%)  
[  8] 192.00-193.00 sec  58.8 KBytes   482 Kbits/sec  3.940 ms  1/44 (2.3%)  
[  8] 193.00-194.00 sec  61.5 KBytes   504 Kbits/sec  6.412 ms  0/45 (0%)  
[  8] 194.00-195.00 sec  60.2 KBytes   493 Kbits/sec  7.896 ms  0/44 (0%)  
[  8] 195.00-196.00 sec  58.8 KBytes   482 Kbits/sec  6.033 ms  0/43 (0%)  
[  8] 196.00-197.00 sec  64.3 KBytes   526 Kbits/sec  7.611 ms  0/47 (0%)  
[  8] 197.00-198.00 sec  61.5 KBytes   504 Kbits/sec  2.836 ms  0/45 (0%)  
[  8] 198.00-199.00 sec  60.2 KBytes   493 Kbits/sec  3.295 ms  0/44 (0%)  
[  8] 199.00-200.00 sec  61.5 KBytes   504 Kbits/sec  2.479 ms  0/45 (0%)  
- - - - - - - - - - - - - - - - - - - - - - - - -
[ ID] Interval           Transfer     Bitrate         Jitter    Lost/Total Datagrams
[  8]   0.00-200.01 sec  11.8 MBytes   495 Kbits/sec  2.479 ms  95/8929 (1.1%)  receiver
