-----------------------------------------------------------
Server listening on 5201 (test #1)
-----------------------------------------------------------
Accepted connection from 10.0.0.32, port 43104
[  8] local 10.0.0.64 port 5201 connected to 10.0.0.32 port 41103
[ ID] Interval           Transfer     Bitrate         Jitter    Lost/Total Datagrams
[  8]   0.00-1.00   sec  60.2 KBytes   493 Kbits/sec  3.248 ms  0/44 (0%)  
[  8]   1.00-2.00   sec  61.5 KBytes   504 Kbits/sec  5.235 ms  0/45 (0%)  
[  8]   2.00-3.00   sec  61.5 KBytes   504 Kbits/sec  4.075 ms  0/45 (0%)  
[  8]   3.00-4.00   sec  60.2 KBytes   493 Kbits/sec  2.599 ms  0/44 (0%)  
[  8]   4.00-5.00   sec  61.5 KBytes   504 Kbits/sec  4.683 ms  0/45 (0%)  
[  8]   5.00-6.00   sec  61.5 KBytes   504 Kbits/sec  2.681 ms  0/45 (0%)  
[  8]   6.00-7.00   sec  60.2 KBytes   493 Kbits/sec  3.915 ms  0/44 (0%)  
[  8]   7.00-8.00   sec  60.2 KBytes   493 Kbits/sec  5.105 ms  0/44 (0%)  
[  8]   8.00-9.00   sec  62.9 KBytes   515 Kbits/sec  3.908 ms  0/46 (0%)  
[  8]   9.00-10.00  sec  60.2 KBytes   493 Kbits/sec  4.486 ms  0/44 (0%)  
[  8]  10.00-11.00  sec  61.5 KBytes   504 Kbits/sec  4.728 ms  0/45 (0%)  
[  8]  11.00-12.00  sec  60.2 KBytes   493 Kbits/sec  5.671 ms  0/44 (0%)  
[  8]  12.00-13.00  sec  61.5 KBytes   504 Kbits/sec  4.800 ms  0/45 (0%)  
[  8]  13.00-14.00  sec  61.5 KBytes   504 Kbits/sec  5.268 ms  0/45 (0%)  
[  8]  14.00-15.00  sec  60.2 KBytes   493 Kbits/sec  4.307 ms  0/44 (0%)  
[  8]  15.00-16.00  sec  61.5 KBytes   504 Kbits/sec  5.687 ms  0/45 (0%)  
[  8]  16.00-17.00  sec  61.5 KBytes   504 Kbits/sec  5.081 ms  0/45 (0%)  
[  8]  17.00-18.00  sec  60.2 KBytes   493 Kbits/sec  3.995 ms  0/44 (0%)  
[  8]  18.00-19.00  sec  61.5 KBytes   503 Kbits/sec  3.092 ms  0/45 (0%)  
[  8]  19.00-20.00  sec  60.2 KBytes   494 Kbits/sec  3.975 ms  0/44 (0%)  
[  8]  20.00-21.00  sec  61.5 KBytes   504 Kbits/sec  4.863 ms  0/45 (0%)  
[  8]  21.00-22.00  sec  61.5 KBytes   504 Kbits/sec  5.892 ms  0/45 (0%)  
[  8]  22.00-23.00  sec  60.2 KBytes   493 Kbits/sec  4.870 ms  0/44 (0%)  
[  8]  23.00-24.00  sec  61.5 KBytes   504 Kbits/sec  4.530 ms  0/45 (0%)  
[  8]  24.00-25.00  sec  61.5 KBytes   504 Kbits/sec  3.879 ms  0/45 (0%)  
[  8]  25.00-26.00  sec  60.2 KBytes   493 Kbits/sec  3.851 ms  0/44 (0%)  
[  8]  26.00-27.00  sec  61.5 KBytes   504 Kbits/sec  4.528 ms  0/45 (0%)  
[  8]  27.00-28.00  sec  61.5 KBytes   504 Kbits/sec  6.037 ms  0/45 (0%)  
[  8]  28.00-29.00  sec  60.2 KBytes   493 Kbits/sec  6.570 ms  0/44 (0%)  
[  8]  29.00-30.01  sec  61.5 KBytes   501 Kbits/sec  5.110 ms  0/45 (0%)  
[  8]  30.01-31.00  sec  60.2 KBytes   496 Kbits/sec  6.065 ms  0/44 (0%)  
[  8]  31.00-32.00  sec  61.5 KBytes   504 Kbits/sec  4.943 ms  0/45 (0%)  
[  8]  32.00-33.00  sec  61.5 KBytes   504 Kbits/sec  3.965 ms  0/45 (0%)  
[  8]  33.00-34.00  sec  60.2 KBytes   493 Kbits/sec  3.957 ms  0/44 (0%)  
[  8]  34.00-35.00  sec  61.5 KBytes   503 Kbits/sec  3.686 ms  0/45 (0%)  
[  8]  35.00-36.00  sec  60.2 KBytes   494 Kbits/sec  3.648 ms  0/44 (0%)  
[  8]  36.00-37.00  sec  61.5 KBytes   504 Kbits/sec  3.788 ms  0/45 (0%)  
[  8]  37.00-38.00  sec  61.5 KBytes   502 Kbits/sec  3.646 ms  0/45 (0%)  
[  8]  38.00-39.00  sec  61.5 KBytes   506 Kbits/sec  3.962 ms  0/45 (0%)  
[  8]  39.00-40.00  sec  60.2 KBytes   492 Kbits/sec  4.413 ms  0/44 (0%)  
[  8]  40.00-41.01  sec  61.5 KBytes   500 Kbits/sec  5.827 ms  0/45 (0%)  
[  8]  41.01-42.00  sec  61.5 KBytes   509 Kbits/sec  4.981 ms  0/45 (0%)  
[  8]  42.00-43.00  sec  60.2 KBytes   493 Kbits/sec  4.544 ms  0/44 (0%)  
[  8]  43.00-44.00  sec  61.5 KBytes   503 Kbits/sec  3.648 ms  0/45 (0%)  
[  8]  44.00-45.00  sec  61.5 KBytes   505 Kbits/sec  5.322 ms  0/45 (0%)  
[  8]  45.00-46.00  sec  60.2 KBytes   493 Kbits/sec  3.532 ms  0/44 (0%)  
[  8]  46.00-47.01  sec  61.5 KBytes   500 Kbits/sec  5.146 ms  0/45 (0%)  
[  8]  47.01-48.00  sec  60.2 KBytes   496 Kbits/sec  6.344 ms  0/44 (0%)  
[  8]  48.00-49.00  sec  61.5 KBytes   504 Kbits/sec  5.411 ms  0/45 (0%)  
[  8]  49.00-50.00  sec  61.5 KBytes   504 Kbits/sec  3.713 ms  0/45 (0%)  
[  8]  50.00-51.00  sec  60.2 KBytes   493 Kbits/sec  5.479 ms  0/44 (0%)  
[  8]  51.00-52.00  sec  61.5 KBytes   503 Kbits/sec  4.902 ms  0/45 (0%)  
[  8]  52.00-53.00  sec  61.5 KBytes   505 Kbits/sec  3.959 ms  0/45 (0%)  
[  8]  53.00-54.00  sec  60.2 KBytes   491 Kbits/sec  2.438 ms  0/44 (0%)  
[  8]  54.00-55.00  sec  61.5 KBytes   505 Kbits/sec  4.936 ms  0/45 (0%)  
[  8]  55.00-56.00  sec  61.5 KBytes   504 Kbits/sec  3.763 ms  0/45 (0%)  
[  8]  56.00-57.00  sec  60.2 KBytes   493 Kbits/sec  5.165 ms  0/44 (0%)  
[  8]  57.00-58.00  sec  61.5 KBytes   504 Kbits/sec  4.156 ms  0/45 (0%)  
[  8]  58.00-59.00  sec  60.2 KBytes   493 Kbits/sec  3.233 ms  0/44 (0%)  
[  8]  59.00-60.00  sec  61.5 KBytes   504 Kbits/sec  4.054 ms  0/45 (0%)  
[  8]  60.00-61.00  sec  61.5 KBytes   504 Kbits/sec  4.154 ms  0/45 (0%)  
[  8]  61.00-62.00  sec  60.2 KBytes   493 Kbits/sec  4.416 ms  0/44 (0%)  
[  8]  62.00-63.00  sec  60.2 KBytes   493 Kbits/sec  3.034 ms  0/44 (0%)  
[  8]  63.00-64.00  sec  62.9 KBytes   515 Kbits/sec  4.816 ms  0/46 (0%)  
[  8]  64.00-65.00  sec  60.2 KBytes   493 Kbits/sec  2.999 ms  0/44 (0%)  
[  8]  65.00-66.00  sec  60.2 KBytes   493 Kbits/sec  4.472 ms  0/44 (0%)  
[  8]  66.00-67.00  sec  62.9 KBytes   513 Kbits/sec  4.903 ms  0/46 (0%)  
[  8]  67.00-68.00  sec  60.2 KBytes   495 Kbits/sec  5.011 ms  0/44 (0%)  
[  8]  68.00-69.00  sec  61.5 KBytes   503 Kbits/sec  4.717 ms  0/45 (0%)  
[  8]  69.00-70.00  sec  61.5 KBytes   504 Kbits/sec  4.771 ms  0/45 (0%)  
[  8]  70.00-71.00  sec  60.2 KBytes   494 Kbits/sec  4.066 ms  0/44 (0%)  
[  8]  71.00-72.00  sec  61.5 KBytes   503 Kbits/sec  4.543 ms  0/45 (0%)  
[  8]  72.00-73.00  sec  61.5 KBytes   505 Kbits/sec  5.160 ms  0/45 (0%)  
[  8]  73.00-74.00  sec  60.2 KBytes   492 Kbits/sec  5.140 ms  0/44 (0%)  
[  8]  74.00-75.00  sec  61.5 KBytes   504 Kbits/sec  5.156 ms  0/45 (0%)  
[  8]  75.00-76.00  sec  61.5 KBytes   504 Kbits/sec  6.128 ms  0/45 (0%)  
[  8]  76.00-77.00  sec  60.2 KBytes   493 Kbits/sec  4.477 ms  0/44 (0%)  
[  8]  77.00-78.00  sec  61.5 KBytes   504 Kbits/sec  4.239 ms  0/45 (0%)  
[  8]  78.00-79.00  sec  60.2 KBytes   491 Kbits/sec  6.136 ms  0/44 (0%)  
[  8]  79.00-80.00  sec  61.5 KBytes   503 Kbits/sec  5.316 ms  0/45 (0%)  
[  8]  80.00-81.00  sec  60.2 KBytes   495 Kbits/sec  4.991 ms  0/44 (0%)  
[  8]  81.00-82.00  sec  61.5 KBytes   504 Kbits/sec  4.933 ms  0/45 (0%)  
[  8]  82.00-83.00  sec  61.5 KBytes   504 Kbits/sec  4.971 ms  0/45 (0%)  
[  8]  83.00-84.00  sec  61.5 KBytes   504 Kbits/sec  5.956 ms  0/45 (0%)  
[  8]  84.00-85.00  sec  60.2 KBytes   493 Kbits/sec  3.871 ms  0/44 (0%)  
[  8]  85.00-86.00  sec  61.5 KBytes   504 Kbits/sec  3.506 ms  0/45 (0%)  
[  8]  86.00-87.00  sec  60.2 KBytes   493 Kbits/sec  2.825 ms  0/44 (0%)  
[  8]  87.00-88.00  sec  61.5 KBytes   504 Kbits/sec  5.489 ms  0/45 (0%)  
[  8]  88.00-89.00  sec  61.5 KBytes   502 Kbits/sec  6.401 ms  0/45 (0%)  
[  8]  89.00-90.00  sec  60.2 KBytes   494 Kbits/sec  3.932 ms  0/44 (0%)  
[  8]  90.00-91.00  sec  61.5 KBytes   504 Kbits/sec  6.539 ms  0/45 (0%)  
[  8]  91.00-92.00  sec  61.5 KBytes   504 Kbits/sec  4.133 ms  0/45 (0%)  
[  8]  92.00-93.00  sec  60.2 KBytes   493 Kbits/sec  3.425 ms  0/44 (0%)  
[  8]  93.00-94.00  sec  61.5 KBytes   504 Kbits/sec  5.449 ms  0/45 (0%)  
[  8]  94.00-95.00  sec  60.2 KBytes   493 Kbits/sec  2.945 ms  0/44 (0%)  
[  8]  95.00-96.00  sec  61.5 KBytes   504 Kbits/sec  4.515 ms  0/45 (0%)  
[  8]  96.00-97.00  sec  61.5 KBytes   503 Kbits/sec  2.805 ms  0/45 (0%)  
[  8]  97.00-98.00  sec  61.5 KBytes   504 Kbits/sec  3.447 ms  0/45 (0%)  
[  8]  98.00-99.00  sec  60.2 KBytes   492 Kbits/sec  6.196 ms  0/44 (0%)  
[  8]  99.00-100.00 sec  61.5 KBytes   505 Kbits/sec  3.224 ms  0/45 (0%)  
[  8] 100.00-101.00 sec  60.2 KBytes   493 Kbits/sec  3.915 ms  0/44 (0%)  
[  8] 101.00-102.00 sec  61.5 KBytes   504 Kbits/sec  3.884 ms  0/45 (0%)  
[  8] 102.00-103.00 sec  61.5 KBytes   504 Kbits/sec  4.044 ms  0/45 (0%)  
[  8] 103.00-104.00 sec  61.5 KBytes   504 Kbits/sec  4.705 ms  0/45 (0%)  
[  8] 104.00-105.00 sec  58.8 KBytes   482 Kbits/sec  4.822 ms  0/43 (0%)  
[  8] 105.00-106.00 sec  60.2 KBytes   493 Kbits/sec  7.492 ms  2/46 (4.3%)  
[  8] 106.00-107.00 sec  60.2 KBytes   493 Kbits/sec  3.916 ms  0/44 (0%)  
[  8] 107.00-108.00 sec  61.5 KBytes   504 Kbits/sec  3.392 ms  0/45 (0%)  
[  8] 108.00-109.00 sec  60.2 KBytes   493 Kbits/sec  3.843 ms  0/44 (0%)  
[  8] 109.00-110.00 sec  61.5 KBytes   503 Kbits/sec  4.432 ms  0/45 (0%)  
[  8] 110.00-111.00 sec  61.5 KBytes   505 Kbits/sec  3.754 ms  0/45 (0%)  
[  8] 111.00-112.00 sec  58.8 KBytes   482 Kbits/sec  3.091 ms  1/44 (2.3%)  
[  8] 112.00-113.00 sec  61.5 KBytes   504 Kbits/sec  4.476 ms  0/45 (0%)  
[  8] 113.00-114.00 sec  61.5 KBytes   504 Kbits/sec  4.547 ms  0/45 (0%)  
[  8] 114.00-115.00 sec  61.5 KBytes   504 Kbits/sec  3.098 ms  0/45 (0%)  
[  8] 115.00-116.00 sec  60.2 KBytes   493 Kbits/sec  5.460 ms  0/44 (0%)  
[  8] 116.00-117.00 sec  61.5 KBytes   504 Kbits/sec  3.967 ms  0/45 (0%)  
[  8] 117.00-118.00 sec  60.2 KBytes   492 Kbits/sec  6.580 ms  0/44 (0%)  
[  8] 118.00-119.00 sec  61.5 KBytes   503 Kbits/sec  4.801 ms  0/45 (0%)  
[  8] 119.00-120.00 sec  61.5 KBytes   505 Kbits/sec  2.505 ms  0/45 (0%)  
[  8] 120.00-121.00 sec  60.2 KBytes   493 Kbits/sec  4.908 ms  0/44 (0%)  
[  8] 121.00-122.00 sec  61.5 KBytes   504 Kbits/sec  3.631 ms  0/45 (0%)  
[  8] 122.00-123.00 sec  61.5 KBytes   504 Kbits/sec  5.094 ms  0/45 (0%)  
[  8] 123.00-124.00 sec  60.2 KBytes   493 Kbits/sec  4.912 ms  0/44 (0%)  
[  8] 124.00-125.00 sec  61.5 KBytes   504 Kbits/sec  3.179 ms  0/45 (0%)  
[  8] 125.00-126.00 sec  61.5 KBytes   504 Kbits/sec  4.967 ms  0/45 (0%)  
[  8] 126.00-127.00 sec  60.2 KBytes   493 Kbits/sec  4.242 ms  0/44 (0%)  
[  8] 127.00-128.00 sec  61.5 KBytes   504 Kbits/sec  4.387 ms  0/45 (0%)  
[  8] 128.00-129.00 sec  60.2 KBytes   493 Kbits/sec  4.844 ms  0/44 (0%)  
[  8] 129.00-130.00 sec  61.5 KBytes   504 Kbits/sec  4.682 ms  0/45 (0%)  
[  8] 130.00-131.00 sec  61.5 KBytes   504 Kbits/sec  4.958 ms  0/45 (0%)  
[  8] 131.00-132.00 sec  60.2 KBytes   492 Kbits/sec  3.734 ms  0/44 (0%)  
[  8] 132.00-133.00 sec  61.5 KBytes   504 Kbits/sec  4.324 ms  0/45 (0%)  
[  8] 133.00-134.00 sec  61.5 KBytes   504 Kbits/sec  6.831 ms  0/45 (0%)  
[  8] 134.00-135.00 sec  58.8 KBytes   482 Kbits/sec  8.604 ms  2/45 (4.4%)  
[  8] 135.00-136.00 sec  60.2 KBytes   493 Kbits/sec  6.355 ms  0/44 (0%)  
[  8] 136.00-137.00 sec  61.5 KBytes   504 Kbits/sec  2.306 ms  0/45 (0%)  
[  8] 137.00-138.00 sec  60.2 KBytes   493 Kbits/sec  4.509 ms  0/44 (0%)  
[  8] 138.00-139.00 sec  61.5 KBytes   504 Kbits/sec  3.671 ms  0/45 (0%)  
[  8] 139.00-140.00 sec  61.5 KBytes   504 Kbits/sec  4.567 ms  0/45 (0%)  
[  8] 140.00-141.00 sec  60.2 KBytes   493 Kbits/sec  2.762 ms  0/44 (0%)  
[  8] 141.00-142.00 sec  61.5 KBytes   504 Kbits/sec  4.351 ms  0/45 (0%)  
[  8] 142.00-143.00 sec  61.5 KBytes   504 Kbits/sec  2.890 ms  0/45 (0%)  
[  8] 143.00-144.00 sec  60.2 KBytes   493 Kbits/sec  3.306 ms  0/44 (0%)  
[  8] 144.00-145.00 sec  61.5 KBytes   503 Kbits/sec  3.996 ms  0/45 (0%)  
[  8] 145.00-146.00 sec  61.5 KBytes   505 Kbits/sec  5.479 ms  0/45 (0%)  
[  8] 146.00-147.00 sec  58.8 KBytes   482 Kbits/sec  4.117 ms  1/44 (2.3%)  
[  8] 147.00-148.00 sec  61.5 KBytes   504 Kbits/sec  3.213 ms  0/45 (0%)  
[  8] 148.00-149.00 sec  61.5 KBytes   504 Kbits/sec  5.405 ms  0/45 (0%)  
[  8] 149.00-150.00 sec  58.8 KBytes   482 Kbits/sec  4.692 ms  0/43 (0%)  
[  8] 150.00-151.00 sec  62.9 KBytes   515 Kbits/sec  4.121 ms  0/46 (0%)  
[  8] 151.00-152.00 sec  61.5 KBytes   504 Kbits/sec  3.487 ms  0/45 (0%)  
[  8] 152.00-153.00 sec  60.2 KBytes   493 Kbits/sec  4.047 ms  0/44 (0%)  
[  8] 153.00-154.00 sec  60.2 KBytes   492 Kbits/sec  4.579 ms  1/45 (2.2%)  
[  8] 154.00-155.00 sec  60.2 KBytes   493 Kbits/sec  4.441 ms  0/44 (0%)  
[  8] 155.00-156.00 sec  61.5 KBytes   503 Kbits/sec  3.825 ms  0/45 (0%)  
[  8] 156.00-157.00 sec  60.2 KBytes   494 Kbits/sec  4.227 ms  0/44 (0%)  
[  8] 157.00-158.00 sec  61.5 KBytes   504 Kbits/sec  7.050 ms  0/45 (0%)  
[  8] 158.00-159.00 sec  61.5 KBytes   504 Kbits/sec  4.535 ms  0/45 (0%)  
[  8] 159.00-160.00 sec  60.2 KBytes   493 Kbits/sec  6.665 ms  0/44 (0%)  
[  8] 160.00-161.00 sec  61.5 KBytes   503 Kbits/sec  3.960 ms  0/45 (0%)  
[  8] 161.00-162.00 sec  61.5 KBytes   505 Kbits/sec  5.163 ms  0/45 (0%)  
[  8] 162.00-163.00 sec  57.4 KBytes   470 Kbits/sec  3.148 ms  2/44 (4.5%)  
[  8] 163.00-164.00 sec  61.5 KBytes   504 Kbits/sec  6.228 ms  0/45 (0%)  
[  8] 164.00-165.00 sec  60.2 KBytes   493 Kbits/sec  3.755 ms  0/44 (0%)  
[  8] 165.00-166.00 sec  61.5 KBytes   504 Kbits/sec  3.887 ms  0/45 (0%)  
[  8] 166.00-167.00 sec  61.5 KBytes   504 Kbits/sec  5.674 ms  0/45 (0%)  
[  8] 167.00-168.00 sec  61.5 KBytes   504 Kbits/sec  3.712 ms  0/45 (0%)  
[  8] 168.00-169.00 sec  60.2 KBytes   493 Kbits/sec  3.664 ms  0/44 (0%)  
[  8] 169.00-170.00 sec  61.5 KBytes   504 Kbits/sec  4.344 ms  0/45 (0%)  
[  8] 170.00-171.00 sec  61.5 KBytes   504 Kbits/sec  4.784 ms  0/45 (0%)  
[  8] 171.00-172.00 sec  60.2 KBytes   493 Kbits/sec  5.296 ms  0/44 (0%)  
[  8] 172.00-173.00 sec  61.5 KBytes   504 Kbits/sec  3.450 ms  0/45 (0%)  
[  8] 173.00-174.00 sec  61.5 KBytes   504 Kbits/sec  5.092 ms  0/45 (0%)  
[  8] 174.00-175.00 sec  60.2 KBytes   493 Kbits/sec  6.223 ms  0/44 (0%)  
[  8] 175.00-176.00 sec  61.5 KBytes   504 Kbits/sec  4.824 ms  0/45 (0%)  
[  8] 176.00-177.00 sec  57.4 KBytes   471 Kbits/sec  7.915 ms  2/44 (4.5%)  
[  8] 177.00-178.00 sec  61.5 KBytes   504 Kbits/sec  3.589 ms  0/45 (0%)  
[  8] 178.00-179.00 sec  61.5 KBytes   502 Kbits/sec  3.215 ms  0/45 (0%)  
[  8] 179.00-180.00 sec  61.5 KBytes   506 Kbits/sec  3.667 ms  0/45 (0%)  
[  8] 180.00-181.00 sec  58.8 KBytes   482 Kbits/sec  2.639 ms  0/43 (0%)  
[  8] 181.00-182.00 sec  62.9 KBytes   515 Kbits/sec  3.753 ms  0/46 (0%)  
[  8] 182.00-183.00 sec  60.2 KBytes   492 Kbits/sec  5.589 ms  0/44 (0%)  
[  8] 183.00-184.00 sec  61.5 KBytes   505 Kbits/sec  3.808 ms  0/45 (0%)  
[  8] 184.00-185.00 sec  60.2 KBytes   492 Kbits/sec  4.223 ms  0/44 (0%)  
[  8] 185.00-186.00 sec  61.5 KBytes   504 Kbits/sec  4.172 ms  0/45 (0%)  
[  8] 186.00-187.00 sec  61.5 KBytes   503 Kbits/sec  6.958 ms  0/45 (0%)  
[  8] 187.00-188.00 sec  61.5 KBytes   505 Kbits/sec  4.546 ms  0/45 (0%)  
[  8] 188.00-189.00 sec  58.8 KBytes   482 Kbits/sec  6.782 ms  0/43 (0%)  
[  8] 189.00-190.00 sec  61.5 KBytes   504 Kbits/sec  5.200 ms  0/45 (0%)  
[  8] 190.00-191.00 sec  62.9 KBytes   515 Kbits/sec  5.481 ms  0/46 (0%)  
[  8] 191.00-192.00 sec  60.2 KBytes   493 Kbits/sec  3.765 ms  0/44 (0%)  
[  8] 192.00-193.00 sec  61.5 KBytes   503 Kbits/sec  4.021 ms  0/45 (0%)  
[  8] 193.00-194.00 sec  60.2 KBytes   494 Kbits/sec  5.062 ms  0/44 (0%)  
[  8] 194.00-195.00 sec  61.5 KBytes   504 Kbits/sec  5.175 ms  0/45 (0%)  
[  8] 195.00-196.00 sec  60.2 KBytes   493 Kbits/sec  4.432 ms  0/44 (0%)  
[  8] 196.00-197.00 sec  61.5 KBytes   504 Kbits/sec  4.313 ms  0/45 (0%)  
[  8] 197.00-198.00 sec  61.5 KBytes   504 Kbits/sec  5.604 ms  0/45 (0%)  
[  8] 198.00-199.00 sec  60.2 KBytes   493 Kbits/sec  4.787 ms  0/44 (0%)  
[  8] 199.00-200.00 sec  58.8 KBytes   482 Kbits/sec  4.024 ms  1/44 (2.3%)  
[  8] 200.00-201.00 sec  61.5 KBytes   504 Kbits/sec  5.335 ms  0/45 (0%)  
[  8] 201.00-202.00 sec  61.5 KBytes   503 Kbits/sec  7.652 ms  0/45 (0%)  
[  8] 202.00-203.00 sec  61.5 KBytes   505 Kbits/sec  6.330 ms  0/45 (0%)  
[  8] 203.00-204.00 sec  61.5 KBytes   504 Kbits/sec  5.987 ms  0/45 (0%)  
[  8] 204.00-205.00 sec  60.2 KBytes   493 Kbits/sec  5.071 ms  0/44 (0%)  
[  8] 205.00-206.00 sec  61.5 KBytes   504 Kbits/sec  5.460 ms  0/45 (0%)  
[  8] 206.00-207.00 sec  61.5 KBytes   503 Kbits/sec  5.534 ms  0/45 (0%)  
[  8] 207.00-208.00 sec  60.2 KBytes   494 Kbits/sec  5.895 ms  0/44 (0%)  
[  8] 208.00-209.00 sec  61.5 KBytes   504 Kbits/sec  4.824 ms  0/45 (0%)  
[  8] 209.00-210.00 sec  61.5 KBytes   504 Kbits/sec  5.650 ms  0/45 (0%)  
[  8] 210.00-211.00 sec  60.2 KBytes   493 Kbits/sec  4.414 ms  0/44 (0%)  
[  8] 211.00-212.00 sec  61.5 KBytes   504 Kbits/sec  6.061 ms  0/45 (0%)  
[  8] 212.00-213.00 sec  58.8 KBytes   481 Kbits/sec  6.663 ms  1/44 (2.3%)  
[  8] 213.00-214.00 sec  60.2 KBytes   491 Kbits/sec  5.717 ms  1/45 (2.2%)  
[  8] 214.00-215.00 sec  61.5 KBytes   506 Kbits/sec  5.259 ms  0/45 (0%)  
[  8] 215.00-216.00 sec  60.2 KBytes   493 Kbits/sec  5.350 ms  0/44 (0%)  
[  8] 216.00-217.00 sec  61.5 KBytes   504 Kbits/sec  5.083 ms  0/45 (0%)  
[  8] 217.00-218.00 sec  60.2 KBytes   493 Kbits/sec  4.336 ms  0/44 (0%)  
[  8] 218.00-219.00 sec  62.9 KBytes   515 Kbits/sec  4.563 ms  0/46 (0%)  
[  8] 219.00-220.00 sec  60.2 KBytes   493 Kbits/sec  3.503 ms  0/44 (0%)  
[  8] 220.00-221.00 sec  61.5 KBytes   504 Kbits/sec  4.747 ms  0/45 (0%)  
[  8] 221.00-222.00 sec  60.2 KBytes   493 Kbits/sec  3.981 ms  0/44 (0%)  
[  8] 222.00-223.00 sec  61.5 KBytes   504 Kbits/sec  4.198 ms  0/45 (0%)  
[  8] 223.00-224.00 sec  61.5 KBytes   503 Kbits/sec  4.445 ms  0/45 (0%)  
[  8] 224.00-225.00 sec  60.2 KBytes   493 Kbits/sec  3.737 ms  0/44 (0%)  
[  8] 225.00-226.00 sec  61.5 KBytes   505 Kbits/sec  5.213 ms  0/45 (0%)  
[  8] 226.00-227.00 sec  58.8 KBytes   481 Kbits/sec  9.147 ms  0/43 (0%)  
[  8] 227.00-228.00 sec  62.9 KBytes   514 Kbits/sec  4.499 ms  0/46 (0%)  
[  8] 228.00-229.00 sec  60.2 KBytes   494 Kbits/sec  2.683 ms  0/44 (0%)  
[  8] 229.00-230.00 sec  61.5 KBytes   504 Kbits/sec  5.104 ms  0/45 (0%)  
[  8] 230.00-231.00 sec  61.5 KBytes   504 Kbits/sec  3.962 ms  0/45 (0%)  
[  8] 231.00-232.00 sec  61.5 KBytes   504 Kbits/sec  3.556 ms  0/45 (0%)  
[  8] 232.00-233.00 sec  60.2 KBytes   493 Kbits/sec  5.229 ms  0/44 (0%)  
[  8] 233.00-234.00 sec  61.5 KBytes   504 Kbits/sec  4.162 ms  0/45 (0%)  
[  8] 234.00-235.00 sec  61.5 KBytes   504 Kbits/sec  3.747 ms  0/45 (0%)  
[  8] 235.00-236.00 sec  60.2 KBytes   493 Kbits/sec  3.499 ms  0/44 (0%)  
[  8] 236.00-237.00 sec  61.5 KBytes   504 Kbits/sec  4.178 ms  0/45 (0%)  
[  8] 237.00-238.00 sec  60.2 KBytes   491 Kbits/sec  5.094 ms  0/44 (0%)  
[  8] 238.00-239.00 sec  61.5 KBytes   505 Kbits/sec  5.061 ms  0/45 (0%)  
[  8] 239.00-240.00 sec  61.5 KBytes   505 Kbits/sec  4.461 ms  0/45 (0%)  
[  8] 240.00-240.02 sec  1.37 KBytes   744 Kbits/sec  4.183 ms  0/1 (0%)  
- - - - - - - - - - - - - - - - - - - - - - - - -
[ ID] Interval           Transfer     Bitrate         Jitter    Lost/Total Datagrams
[  8]   0.00-240.02 sec  14.3 MBytes   499 Kbits/sec  4.183 ms  14/10715 (0.13%)  receiver
-----------------------------------------------------------
Server listening on 5201 (test #1)
-----------------------------------------------------------
Accepted connection from 10.0.0.32, port 39628
[  8] local 10.0.0.64 port 5201 connected to 10.0.0.32 port 33456
[ ID] Interval           Transfer     Bitrate         Jitter    Lost/Total Datagrams
[  8]   0.00-1.00   sec  60.2 KBytes   493 Kbits/sec  2.853 ms  0/44 (0%)  
[  8]   1.00-2.00   sec  61.5 KBytes   504 Kbits/sec  3.805 ms  0/45 (0%)  
[  8]   2.00-3.00   sec  61.5 KBytes   504 Kbits/sec  4.077 ms  0/45 (0%)  
[  8]   3.00-4.00   sec  61.5 KBytes   504 Kbits/sec  3.213 ms  0/45 (0%)  
[  8]   4.00-5.00   sec  60.2 KBytes   493 Kbits/sec  2.756 ms  0/44 (0%)  
[  8]   5.00-6.00   sec  61.5 KBytes   504 Kbits/sec  2.958 ms  0/45 (0%)  
[  8]   6.00-7.00   sec  61.5 KBytes   504 Kbits/sec  2.673 ms  0/45 (0%)  
[  8]   7.00-8.00   sec  60.2 KBytes   493 Kbits/sec  3.611 ms  0/44 (0%)  
[  8]   8.00-9.00   sec  61.5 KBytes   504 Kbits/sec  3.563 ms  0/45 (0%)  
[  8]   9.00-10.00  sec  60.2 KBytes   493 Kbits/sec  2.948 ms  0/44 (0%)  
[  8]  10.00-11.00  sec  61.5 KBytes   504 Kbits/sec  5.177 ms  0/45 (0%)  
[  8]  11.00-12.00  sec  61.5 KBytes   504 Kbits/sec  4.059 ms  0/45 (0%)  
[  8]  12.00-13.00  sec  60.2 KBytes   493 Kbits/sec  4.444 ms  0/44 (0%)  
[  8]  13.00-14.00  sec  60.2 KBytes   493 Kbits/sec  4.339 ms  0/44 (0%)  
[  8]  14.00-15.00  sec  62.9 KBytes   515 Kbits/sec  3.360 ms  0/46 (0%)  
[  8]  15.00-16.00  sec  60.2 KBytes   493 Kbits/sec  3.371 ms  0/44 (0%)  
[  8]  16.00-17.00  sec  60.2 KBytes   493 Kbits/sec  4.098 ms  0/44 (0%)  
[  8]  17.00-18.00  sec  62.9 KBytes   515 Kbits/sec  2.912 ms  0/46 (0%)  
[  8]  18.00-19.00  sec  60.2 KBytes   493 Kbits/sec  3.983 ms  0/44 (0%)  
[  8]  19.00-20.00  sec  61.5 KBytes   504 Kbits/sec  4.878 ms  0/45 (0%)  
[  8]  20.00-21.00  sec  61.5 KBytes   504 Kbits/sec  4.022 ms  0/45 (0%)  
[  8]  21.00-22.00  sec  60.2 KBytes   490 Kbits/sec  5.701 ms  0/44 (0%)  
[  8]  22.00-23.00  sec  60.2 KBytes   495 Kbits/sec  4.825 ms  0/44 (0%)  
[  8]  23.00-24.00  sec  61.5 KBytes   503 Kbits/sec  4.321 ms  0/45 (0%)  
[  8]  24.00-25.00  sec  61.5 KBytes   505 Kbits/sec  5.407 ms  0/45 (0%)  
[  8]  25.00-26.00  sec  61.5 KBytes   503 Kbits/sec  4.692 ms  0/45 (0%)  
[  8]  26.00-27.00  sec  60.2 KBytes   492 Kbits/sec  3.949 ms  0/44 (0%)  
[  8]  27.00-28.00  sec  61.5 KBytes   505 Kbits/sec  3.689 ms  0/45 (0%)  
[  8]  28.00-29.00  sec  60.2 KBytes   493 Kbits/sec  4.606 ms  0/44 (0%)  
[  8]  29.00-30.00  sec  61.5 KBytes   504 Kbits/sec  5.048 ms  0/45 (0%)  
[  8]  30.00-31.00  sec  60.2 KBytes   493 Kbits/sec  4.994 ms  0/44 (0%)  
[  8]  31.00-32.00  sec  62.9 KBytes   515 Kbits/sec  3.640 ms  0/46 (0%)  
[  8]  32.00-33.00  sec  60.2 KBytes   493 Kbits/sec  5.078 ms  0/44 (0%)  
[  8]  33.00-34.00  sec  60.2 KBytes   493 Kbits/sec  4.974 ms  0/44 (0%)  
[  8]  34.00-35.00  sec  62.9 KBytes   514 Kbits/sec  5.773 ms  0/46 (0%)  
[  8]  35.00-36.00  sec  60.2 KBytes   494 Kbits/sec  5.352 ms  0/44 (0%)  
[  8]  36.00-37.00  sec  60.2 KBytes   493 Kbits/sec  3.743 ms  0/44 (0%)  
[  8]  37.00-38.00  sec  58.8 KBytes   482 Kbits/sec  6.284 ms  0/43 (0%)  
[  8]  38.00-39.00  sec  61.5 KBytes   504 Kbits/sec  8.067 ms  2/47 (4.3%)  
[  8]  39.00-40.00  sec  57.4 KBytes   470 Kbits/sec  3.705 ms  3/45 (6.7%)  
[  8]  40.00-41.00  sec  60.2 KBytes   493 Kbits/sec  6.211 ms  0/44 (0%)  
[  8]  41.00-42.00  sec  61.5 KBytes   504 Kbits/sec  7.140 ms  0/45 (0%)  
[  8]  42.00-43.00  sec  58.8 KBytes   482 Kbits/sec  6.267 ms  1/44 (2.3%)  
[  8]  43.00-44.00  sec  61.5 KBytes   504 Kbits/sec  3.880 ms  0/45 (0%)  
[  8]  44.00-45.00  sec  61.5 KBytes   503 Kbits/sec  4.924 ms  0/45 (0%)  
[  8]  45.00-46.00  sec  60.2 KBytes   493 Kbits/sec  4.304 ms  1/45 (2.2%)  
[  8]  46.00-47.00  sec  60.2 KBytes   492 Kbits/sec  3.748 ms  0/44 (0%)  
[  8]  47.00-48.00  sec  60.2 KBytes   493 Kbits/sec  4.252 ms  0/44 (0%)  
[  8]  48.00-49.00  sec  61.5 KBytes   504 Kbits/sec  4.635 ms  0/45 (0%)  
[  8]  49.00-50.00  sec  61.5 KBytes   504 Kbits/sec  4.556 ms  0/45 (0%)  
[  8]  50.00-51.00  sec  61.5 KBytes   504 Kbits/sec  4.273 ms  0/45 (0%)  
[  8]  51.00-52.00  sec  58.8 KBytes   482 Kbits/sec  8.977 ms  1/44 (2.3%)  
[  8]  52.00-53.00  sec  61.5 KBytes   504 Kbits/sec  4.426 ms  0/45 (0%)  
[  8]  53.00-54.00  sec  61.5 KBytes   504 Kbits/sec  5.762 ms  0/45 (0%)  
[  8]  54.00-55.00  sec  60.2 KBytes   492 Kbits/sec  4.198 ms  0/44 (0%)  
[  8]  55.00-56.00  sec  61.5 KBytes   503 Kbits/sec  5.514 ms  0/45 (0%)  
[  8]  56.00-57.00  sec  58.8 KBytes   483 Kbits/sec  6.883 ms  0/43 (0%)  
[  8]  57.00-58.00  sec  62.9 KBytes   515 Kbits/sec  5.135 ms  0/46 (0%)  
[  8]  58.00-59.00  sec  61.5 KBytes   504 Kbits/sec  7.461 ms  0/45 (0%)  
[  8]  59.00-60.00  sec  60.2 KBytes   493 Kbits/sec  5.663 ms  0/44 (0%)  
[  8]  60.00-61.00  sec  60.2 KBytes   493 Kbits/sec  6.626 ms  1/45 (2.2%)  
[  8]  61.00-62.00  sec  60.2 KBytes   493 Kbits/sec  5.894 ms  0/44 (0%)  
[  8]  62.00-63.00  sec  61.5 KBytes   504 Kbits/sec  4.849 ms  0/45 (0%)  
[  8]  63.00-64.00  sec  61.5 KBytes   502 Kbits/sec  5.226 ms  0/45 (0%)  
[  8]  64.00-65.00  sec  61.5 KBytes   506 Kbits/sec  5.650 ms  0/45 (0%)  
[  8]  65.00-66.00  sec  61.5 KBytes   504 Kbits/sec  6.220 ms  0/45 (0%)  
[  8]  66.00-67.00  sec  58.8 KBytes   482 Kbits/sec  4.686 ms  0/43 (0%)  
[  8]  67.00-68.01  sec  61.5 KBytes   499 Kbits/sec  5.856 ms  0/45 (0%)  
[  8]  68.01-69.00  sec  61.5 KBytes   509 Kbits/sec  6.180 ms  0/45 (0%)  
[  8]  69.00-70.00  sec  58.8 KBytes   482 Kbits/sec  6.941 ms  1/44 (2.3%)  
[  8]  70.00-71.01  sec  60.2 KBytes   488 Kbits/sec  5.803 ms  1/45 (2.2%)  
[  8]  71.01-72.00  sec  61.5 KBytes   509 Kbits/sec  4.303 ms  0/45 (0%)  
[  8]  72.00-73.01  sec  62.9 KBytes   509 Kbits/sec  6.339 ms  0/46 (0%)  
[  8]  73.01-74.00  sec  58.8 KBytes   488 Kbits/sec  4.668 ms  0/43 (0%)  
[  8]  74.00-75.00  sec  61.5 KBytes   504 Kbits/sec  6.911 ms  0/45 (0%)  
[  8]  75.00-76.00  sec  61.5 KBytes   504 Kbits/sec  4.708 ms  0/45 (0%)  
[  8]  76.00-77.00  sec  60.2 KBytes   493 Kbits/sec  5.144 ms  0/44 (0%)  
[  8]  77.00-78.00  sec  61.5 KBytes   504 Kbits/sec  5.052 ms  0/45 (0%)  
[  8]  78.00-79.00  sec  60.2 KBytes   493 Kbits/sec  5.010 ms  0/44 (0%)  
[  8]  79.00-80.00  sec  61.5 KBytes   504 Kbits/sec  5.375 ms  0/45 (0%)  
[  8]  80.00-81.00  sec  61.5 KBytes   504 Kbits/sec  4.806 ms  0/45 (0%)  
[  8]  81.00-82.00  sec  61.5 KBytes   504 Kbits/sec  5.114 ms  0/45 (0%)  
[  8]  82.00-83.00  sec  60.2 KBytes   492 Kbits/sec  4.860 ms  0/44 (0%)  
[  8]  83.00-84.00  sec  60.2 KBytes   493 Kbits/sec  5.164 ms  1/45 (2.2%)  
[  8]  84.00-85.00  sec  61.5 KBytes   505 Kbits/sec  7.481 ms  0/45 (0%)  
[  8]  85.00-86.00  sec  57.4 KBytes   470 Kbits/sec  7.175 ms  1/43 (2.3%)  
[  8]  86.00-87.00  sec  61.5 KBytes   504 Kbits/sec  6.062 ms  0/45 (0%)  
[  8]  87.00-88.00  sec  61.5 KBytes   504 Kbits/sec  6.863 ms  0/45 (0%)  
[  8]  88.00-89.00  sec  61.5 KBytes   504 Kbits/sec  4.406 ms  0/45 (0%)  
[  8]  89.00-90.01  sec  61.5 KBytes   501 Kbits/sec  4.464 ms  0/45 (0%)  
[  8]  90.01-91.00  sec  61.5 KBytes   507 Kbits/sec  4.161 ms  0/45 (0%)  
[  8]  91.00-92.00  sec  60.2 KBytes   493 Kbits/sec  5.087 ms  0/44 (0%)  
[  8]  92.00-93.00  sec  61.5 KBytes   504 Kbits/sec  3.382 ms  0/45 (0%)  
[  8]  93.00-94.00  sec  60.2 KBytes   493 Kbits/sec  3.966 ms  0/44 (0%)  
[  8]  94.00-95.00  sec  61.5 KBytes   504 Kbits/sec  3.932 ms  0/45 (0%)  
[  8]  95.00-96.00  sec  61.5 KBytes   504 Kbits/sec  4.703 ms  0/45 (0%)  
[  8]  96.00-97.00  sec  60.2 KBytes   493 Kbits/sec  4.225 ms  0/44 (0%)  
[  8]  97.00-98.00  sec  61.5 KBytes   504 Kbits/sec  3.992 ms  0/45 (0%)  
[  8]  98.00-99.00  sec  60.2 KBytes   493 Kbits/sec  6.040 ms  1/45 (2.2%)  
[  8]  99.00-100.00 sec  60.2 KBytes   492 Kbits/sec  5.891 ms  0/44 (0%)  
[  8] 100.00-101.00 sec  58.8 KBytes   483 Kbits/sec  5.226 ms  1/44 (2.3%)  
[  8] 101.00-102.00 sec  62.9 KBytes   515 Kbits/sec  3.719 ms  0/46 (0%)  
[  8] 102.00-103.00 sec  60.2 KBytes   493 Kbits/sec  5.615 ms  0/44 (0%)  
[  8] 103.00-104.00 sec  61.5 KBytes   502 Kbits/sec  4.588 ms  0/45 (0%)  
[  8] 104.00-105.00 sec  60.2 KBytes   495 Kbits/sec  4.502 ms  0/44 (0%)  
[  8] 105.00-106.00 sec  61.5 KBytes   504 Kbits/sec  4.441 ms  0/45 (0%)  
[  8] 106.00-107.00 sec  61.5 KBytes   504 Kbits/sec  5.375 ms  0/45 (0%)  
[  8] 107.00-108.00 sec  60.2 KBytes   492 Kbits/sec  4.745 ms  0/44 (0%)  
[  8] 108.00-109.00 sec  61.5 KBytes   504 Kbits/sec  4.355 ms  0/45 (0%)  
[  8] 109.00-110.00 sec  60.2 KBytes   492 Kbits/sec  4.727 ms  0/44 (0%)  
[  8] 110.00-111.00 sec  61.5 KBytes   504 Kbits/sec  4.984 ms  0/45 (0%)  
[  8] 111.00-112.00 sec  61.5 KBytes   504 Kbits/sec  3.664 ms  0/45 (0%)  
[  8] 112.00-113.00 sec  60.2 KBytes   493 Kbits/sec  5.025 ms  0/44 (0%)  
[  8] 113.00-114.00 sec  61.5 KBytes   504 Kbits/sec  5.480 ms  0/45 (0%)  
[  8] 114.00-115.00 sec  60.2 KBytes   493 Kbits/sec  4.390 ms  1/45 (2.2%)  
[  8] 115.00-116.00 sec  61.5 KBytes   504 Kbits/sec  4.904 ms  0/45 (0%)  
[  8] 116.00-117.00 sec  60.2 KBytes   493 Kbits/sec  3.668 ms  0/44 (0%)  
[  8] 117.00-118.00 sec  61.5 KBytes   503 Kbits/sec  7.541 ms  0/45 (0%)  
[  8] 118.00-119.00 sec  60.2 KBytes   494 Kbits/sec  4.697 ms  1/45 (2.2%)  
[  8] 119.00-120.00 sec  60.2 KBytes   493 Kbits/sec  3.579 ms  0/44 (0%)  
[  8] 120.00-121.00 sec  61.5 KBytes   504 Kbits/sec  4.295 ms  0/45 (0%)  
[  8] 121.00-122.00 sec  60.2 KBytes   493 Kbits/sec  5.251 ms  0/44 (0%)  
[  8] 122.00-123.00 sec  61.5 KBytes   504 Kbits/sec  4.376 ms  0/45 (0%)  
[  8] 123.00-124.00 sec  61.5 KBytes   504 Kbits/sec  3.435 ms  0/45 (0%)  
[  8] 124.00-125.00 sec  60.2 KBytes   493 Kbits/sec  4.110 ms  0/44 (0%)  
[  8] 125.00-126.00 sec  61.5 KBytes   504 Kbits/sec  3.989 ms  0/45 (0%)  
[  8] 126.00-127.00 sec  61.5 KBytes   504 Kbits/sec  4.197 ms  0/45 (0%)  
[  8] 127.00-128.00 sec  60.2 KBytes   493 Kbits/sec  3.504 ms  0/44 (0%)  
[  8] 128.00-129.00 sec  61.5 KBytes   504 Kbits/sec  4.444 ms  0/45 (0%)  
[  8] 129.00-130.00 sec  58.8 KBytes   482 Kbits/sec  4.447 ms  1/44 (2.3%)  
[  8] 130.00-131.00 sec  61.5 KBytes   503 Kbits/sec  3.081 ms  0/45 (0%)  
[  8] 131.00-132.00 sec  61.5 KBytes   504 Kbits/sec  5.023 ms  0/45 (0%)  
[  8] 132.00-133.00 sec  61.5 KBytes   505 Kbits/sec  4.661 ms  0/45 (0%)  
[  8] 133.00-134.00 sec  58.8 KBytes   482 Kbits/sec  4.632 ms  1/44 (2.3%)  
[  8] 134.00-135.00 sec  61.5 KBytes   504 Kbits/sec  4.746 ms  0/45 (0%)  
[  8] 135.00-136.00 sec  60.2 KBytes   493 Kbits/sec  4.788 ms  0/44 (0%)  
[  8] 136.00-137.00 sec  61.5 KBytes   504 Kbits/sec  7.862 ms  0/45 (0%)  
[  8] 137.00-138.00 sec  60.2 KBytes   493 Kbits/sec  7.830 ms  1/45 (2.2%)  
[  8] 138.00-139.00 sec  60.2 KBytes   493 Kbits/sec  6.888 ms  0/44 (0%)  
[  8] 139.00-140.00 sec  58.8 KBytes   482 Kbits/sec  6.103 ms  0/43 (0%)  
[  8] 140.00-141.00 sec  62.9 KBytes   515 Kbits/sec  5.813 ms  0/46 (0%)  
[  8] 141.00-142.00 sec  61.5 KBytes   503 Kbits/sec  5.427 ms  0/45 (0%)  
[  8] 142.00-143.00 sec  61.5 KBytes   504 Kbits/sec  3.622 ms  0/45 (0%)  
[  8] 143.00-144.00 sec  60.2 KBytes   493 Kbits/sec  6.629 ms  0/44 (0%)  
[  8] 144.00-145.00 sec  61.5 KBytes   504 Kbits/sec  7.612 ms  0/45 (0%)  
[  8] 145.00-146.00 sec  60.2 KBytes   493 Kbits/sec  4.965 ms  0/44 (0%)  
[  8] 146.00-147.00 sec  61.5 KBytes   503 Kbits/sec  5.222 ms  0/45 (0%)  
[  8] 147.00-148.00 sec  61.5 KBytes   505 Kbits/sec  6.489 ms  0/45 (0%)  
[  8] 148.00-149.00 sec  61.5 KBytes   504 Kbits/sec  5.147 ms  0/45 (0%)  
[  8] 149.00-150.00 sec  60.2 KBytes   493 Kbits/sec  5.213 ms  0/44 (0%)  
[  8] 150.00-151.00 sec  60.2 KBytes   493 Kbits/sec  6.815 ms  1/45 (2.2%)  
[  8] 151.00-152.00 sec  58.8 KBytes   482 Kbits/sec  5.862 ms  2/45 (4.4%)  
[  8] 152.00-153.00 sec  60.2 KBytes   493 Kbits/sec  5.001 ms  0/44 (0%)  
[  8] 153.00-154.00 sec  60.2 KBytes   493 Kbits/sec  5.094 ms  0/44 (0%)  
[  8] 154.00-155.00 sec  62.9 KBytes   515 Kbits/sec  5.389 ms  0/46 (0%)  
[  8] 155.00-156.00 sec  58.8 KBytes   482 Kbits/sec  7.044 ms  1/44 (2.3%)  
[  8] 156.00-157.00 sec  60.2 KBytes   493 Kbits/sec  3.762 ms  0/44 (0%)  
[  8] 157.00-158.00 sec  60.2 KBytes   493 Kbits/sec  6.070 ms  1/45 (2.2%)  
[  8] 158.00-159.00 sec  60.2 KBytes   493 Kbits/sec  4.369 ms  1/45 (2.2%)  
[  8] 159.00-160.00 sec  60.2 KBytes   493 Kbits/sec  4.441 ms  0/44 (0%)  
[  8] 160.00-161.00 sec  61.5 KBytes   504 Kbits/sec  7.361 ms  1/46 (2.2%)  
[  8] 161.00-162.00 sec  60.2 KBytes   493 Kbits/sec  5.993 ms  0/44 (0%)  
[  8] 162.00-163.00 sec  60.2 KBytes   493 Kbits/sec  8.301 ms  1/45 (2.2%)  
[  8] 163.00-164.00 sec  56.1 KBytes   459 Kbits/sec  5.535 ms  3/44 (6.8%)  
[  8] 164.00-165.00 sec  61.5 KBytes   504 Kbits/sec  5.587 ms  0/45 (0%)  
[  8] 165.00-166.00 sec  61.5 KBytes   504 Kbits/sec  5.326 ms  0/45 (0%)  
[  8] 166.00-167.00 sec  58.8 KBytes   481 Kbits/sec  5.556 ms  1/44 (2.3%)  
[  8] 167.00-168.00 sec  58.8 KBytes   483 Kbits/sec  5.326 ms  1/44 (2.3%)  
[  8] 168.00-169.00 sec  61.5 KBytes   504 Kbits/sec  5.292 ms  0/45 (0%)  
[  8] 169.00-170.00 sec  60.2 KBytes   492 Kbits/sec  6.910 ms  1/45 (2.2%)  
[  8] 170.00-171.00 sec  61.5 KBytes   504 Kbits/sec  5.867 ms  0/45 (0%)  
[  8] 171.00-172.00 sec  61.5 KBytes   504 Kbits/sec  5.853 ms  0/45 (0%)  
[  8] 172.00-173.00 sec  60.2 KBytes   493 Kbits/sec  4.338 ms  0/44 (0%)  
[  8] 173.00-174.00 sec  60.2 KBytes   493 Kbits/sec  6.052 ms  0/44 (0%)  
[  8] 174.00-175.00 sec  60.2 KBytes   493 Kbits/sec  4.717 ms  1/45 (2.2%)  
[  8] 175.00-176.00 sec  61.5 KBytes   504 Kbits/sec  7.246 ms  0/45 (0%)  
[  8] 176.00-177.00 sec  61.5 KBytes   502 Kbits/sec  6.767 ms  0/45 (0%)  
[  8] 177.00-178.00 sec  60.2 KBytes   494 Kbits/sec  4.562 ms  0/44 (0%)  
[  8] 178.00-179.00 sec  61.5 KBytes   504 Kbits/sec  5.009 ms  0/45 (0%)  
[  8] 179.00-180.00 sec  61.5 KBytes   504 Kbits/sec  5.147 ms  0/45 (0%)  
[  8] 180.00-181.00 sec  60.2 KBytes   493 Kbits/sec  6.173 ms  0/44 (0%)  
[  8] 181.00-182.00 sec  61.5 KBytes   504 Kbits/sec  5.216 ms  0/45 (0%)  
[  8] 182.00-183.00 sec  61.5 KBytes   504 Kbits/sec  3.824 ms  0/45 (0%)  
[  8] 183.00-184.00 sec  58.8 KBytes   482 Kbits/sec  6.914 ms  1/44 (2.3%)  
[  8] 184.00-185.00 sec  61.5 KBytes   504 Kbits/sec  5.711 ms  0/45 (0%)  
[  8] 185.00-186.00 sec  60.2 KBytes   493 Kbits/sec  4.875 ms  0/44 (0%)  
[  8] 186.00-186.51 sec  31.4 KBytes   510 Kbits/sec  6.323 ms  0/23 (0%)  
- - - - - - - - - - - - - - - - - - - - - - - - -
[ ID] Interval           Transfer     Bitrate         Jitter    Lost/Total Datagrams
[  8]   0.00-186.51 sec  11.1 MBytes   498 Kbits/sec  6.323 ms  36/8326 (0.43%)  receiver
iperf3: interrupt - the server has terminated
-----------------------------------------------------------
Server listening on 5201 (test #1)
-----------------------------------------------------------
Accepted connection from 10.0.0.32, port 41622
[  8] local 10.0.0.64 port 5201 connected to 10.0.0.32 port 41846
[ ID] Interval           Transfer     Bitrate         Jitter    Lost/Total Datagrams
[  8]   0.00-1.00   sec  61.5 KBytes   504 Kbits/sec  3.068 ms  0/45 (0%)  
[  8]   1.00-2.00   sec  60.2 KBytes   493 Kbits/sec  3.678 ms  0/44 (0%)  
[  8]   2.00-3.00   sec  61.5 KBytes   504 Kbits/sec  3.649 ms  0/45 (0%)  
[  8]   3.00-4.00   sec  61.5 KBytes   504 Kbits/sec  4.687 ms  0/45 (0%)  
[  8]   4.00-5.00   sec  57.4 KBytes   470 Kbits/sec  3.854 ms  2/44 (4.5%)  
[  8]   5.00-6.00   sec  61.5 KBytes   504 Kbits/sec  5.595 ms  0/45 (0%)  
[  8]   6.00-7.00   sec  60.2 KBytes   493 Kbits/sec  5.677 ms  0/44 (0%)  
[  8]   7.00-8.00   sec  61.5 KBytes   504 Kbits/sec  6.781 ms  0/45 (0%)  
[  8]   8.00-9.00   sec  61.5 KBytes   504 Kbits/sec  4.180 ms  0/45 (0%)  
[  8]   9.00-10.00  sec  61.5 KBytes   504 Kbits/sec  4.254 ms  0/45 (0%)  
[  8]  10.00-11.00  sec  60.2 KBytes   493 Kbits/sec  5.336 ms  0/44 (0%)  
[  8]  11.00-12.00  sec  61.5 KBytes   504 Kbits/sec  4.224 ms  0/45 (0%)  
[  8]  12.00-13.00  sec  60.2 KBytes   493 Kbits/sec  3.687 ms  0/44 (0%)  
[  8]  13.00-14.00  sec  61.5 KBytes   504 Kbits/sec  5.650 ms  0/45 (0%)  
[  8]  14.00-15.00  sec  61.5 KBytes   504 Kbits/sec  6.325 ms  0/45 (0%)  
[  8]  15.00-16.00  sec  60.2 KBytes   493 Kbits/sec  3.871 ms  0/44 (0%)  
[  8]  16.00-17.00  sec  61.5 KBytes   504 Kbits/sec  4.354 ms  0/45 (0%)  
[  8]  17.00-18.00  sec  60.2 KBytes   493 Kbits/sec  6.081 ms  0/44 (0%)  
[  8]  18.00-19.00  sec  61.5 KBytes   504 Kbits/sec  5.093 ms  0/45 (0%)  
[  8]  19.00-20.00  sec  60.2 KBytes   493 Kbits/sec  4.177 ms  0/44 (0%)  
[  8]  20.00-21.00  sec  61.5 KBytes   503 Kbits/sec  4.817 ms  0/45 (0%)  
[  8]  21.00-22.00  sec  61.5 KBytes   505 Kbits/sec  5.393 ms  0/45 (0%)  
[  8]  22.00-23.00  sec  61.5 KBytes   504 Kbits/sec  6.127 ms  0/45 (0%)  
[  8]  23.00-24.00  sec  60.2 KBytes   493 Kbits/sec  3.221 ms  0/44 (0%)  
[  8]  24.00-25.01  sec  62.9 KBytes   512 Kbits/sec  3.563 ms  0/46 (0%)  
[  8]  25.01-26.00  sec  60.2 KBytes   495 Kbits/sec  2.770 ms  0/44 (0%)  
[  8]  26.00-27.00  sec  60.2 KBytes   493 Kbits/sec  2.784 ms  0/44 (0%)  
[  8]  27.00-28.00  sec  61.5 KBytes   503 Kbits/sec  4.870 ms  0/45 (0%)  
[  8]  28.00-29.00  sec  60.2 KBytes   493 Kbits/sec  5.824 ms  0/44 (0%)  
[  8]  29.00-30.00  sec  61.5 KBytes   504 Kbits/sec  4.790 ms  0/45 (0%)  
[  8]  30.00-31.00  sec  61.5 KBytes   504 Kbits/sec  5.417 ms  0/45 (0%)  
[  8]  31.00-32.00  sec  61.5 KBytes   504 Kbits/sec  4.848 ms  0/45 (0%)  
[  8]  32.00-33.00  sec  60.2 KBytes   493 Kbits/sec  3.737 ms  0/44 (0%)  
[  8]  33.00-34.00  sec  61.5 KBytes   504 Kbits/sec  6.581 ms  0/45 (0%)  
[  8]  34.00-35.00  sec  61.5 KBytes   502 Kbits/sec  5.794 ms  0/45 (0%)  
[  8]  35.00-36.00  sec  60.2 KBytes   494 Kbits/sec  3.365 ms  0/44 (0%)  
[  8]  36.00-37.00  sec  61.5 KBytes   504 Kbits/sec  5.533 ms  0/45 (0%)  
[  8]  37.00-38.00  sec  61.5 KBytes   503 Kbits/sec  5.814 ms  0/45 (0%)  
[  8]  38.00-39.00  sec  60.2 KBytes   494 Kbits/sec  6.064 ms  0/44 (0%)  
[  8]  39.00-40.00  sec  61.5 KBytes   504 Kbits/sec  3.211 ms  0/45 (0%)  
[  8]  40.00-41.00  sec  60.2 KBytes   493 Kbits/sec  4.030 ms  0/44 (0%)  
[  8]  41.00-42.00  sec  61.5 KBytes   504 Kbits/sec  4.656 ms  0/45 (0%)  
[  8]  42.00-43.00  sec  61.5 KBytes   502 Kbits/sec  3.293 ms  0/45 (0%)  
[  8]  43.00-44.00  sec  58.8 KBytes   484 Kbits/sec  3.223 ms  0/43 (0%)  
[  8]  44.00-45.00  sec  61.5 KBytes   504 Kbits/sec  4.458 ms  1/46 (2.2%)  
[  8]  45.00-46.00  sec  60.2 KBytes   493 Kbits/sec  6.105 ms  1/45 (2.2%)  
[  8]  46.00-47.00  sec  60.2 KBytes   492 Kbits/sec  5.308 ms  0/44 (0%)  
[  8]  47.00-48.00  sec  61.5 KBytes   503 Kbits/sec  5.521 ms  0/45 (0%)  
[  8]  48.00-49.00  sec  60.2 KBytes   494 Kbits/sec  5.710 ms  0/44 (0%)  
[  8]  49.00-50.00  sec  61.5 KBytes   504 Kbits/sec  5.351 ms  0/45 (0%)  
[  8]  50.00-51.00  sec  60.2 KBytes   492 Kbits/sec  4.975 ms  0/44 (0%)  
[  8]  51.00-52.00  sec  60.2 KBytes   492 Kbits/sec  3.245 ms  1/45 (2.2%)  
[  8]  52.00-53.00  sec  61.5 KBytes   505 Kbits/sec  2.997 ms  0/45 (0%)  
[  8]  53.00-54.00  sec  60.2 KBytes   493 Kbits/sec  5.672 ms  0/44 (0%)  
[  8]  54.00-55.00  sec  61.5 KBytes   503 Kbits/sec  3.346 ms  0/45 (0%)  
[  8]  55.00-56.00  sec  61.5 KBytes   505 Kbits/sec  5.406 ms  0/45 (0%)  
[  8]  56.00-57.00  sec  61.5 KBytes   504 Kbits/sec  6.315 ms  0/45 (0%)  
[  8]  57.00-58.00  sec  56.1 KBytes   459 Kbits/sec  6.477 ms  3/44 (6.8%)  
[  8]  58.00-59.00  sec  60.2 KBytes   493 Kbits/sec  6.816 ms  1/45 (2.2%)  
[  8]  59.00-60.00  sec  61.5 KBytes   504 Kbits/sec  3.956 ms  0/45 (0%)  
[  8]  60.00-61.00  sec  60.2 KBytes   493 Kbits/sec  3.721 ms  0/44 (0%)  
[  8]  61.00-62.00  sec  61.5 KBytes   504 Kbits/sec  3.704 ms  0/45 (0%)  
[  8]  62.00-63.00  sec  57.4 KBytes   470 Kbits/sec  5.425 ms  2/44 (4.5%)  
[  8]  63.00-64.00  sec  61.5 KBytes   504 Kbits/sec  4.515 ms  0/45 (0%)  
[  8]  64.00-65.00  sec  61.5 KBytes   504 Kbits/sec  3.299 ms  0/45 (0%)  
[  8]  65.00-66.00  sec  60.2 KBytes   493 Kbits/sec  5.190 ms  0/44 (0%)  
[  8]  66.00-67.00  sec  60.2 KBytes   493 Kbits/sec  5.251 ms  1/45 (2.2%)  
[  8]  67.00-68.00  sec  60.2 KBytes   493 Kbits/sec  4.805 ms  0/44 (0%)  
[  8]  68.00-69.00  sec  58.8 KBytes   482 Kbits/sec  7.932 ms  2/45 (4.4%)  
[  8]  69.00-70.00  sec  57.4 KBytes   470 Kbits/sec  9.891 ms  2/44 (4.5%)  
[  8]  70.00-71.00  sec  61.5 KBytes   504 Kbits/sec  5.477 ms  0/45 (0%)  
[  8]  71.00-72.00  sec  60.2 KBytes   493 Kbits/sec  10.955 ms  0/44 (0%)  
[  8]  72.00-73.00  sec  60.2 KBytes   493 Kbits/sec  6.046 ms  2/46 (4.3%)  
[  8]  73.00-74.00  sec  54.7 KBytes   448 Kbits/sec  11.351 ms  3/43 (7%)  
[  8]  74.00-75.00  sec  34.2 KBytes   280 Kbits/sec  28.657 ms  9/34 (26%)  
[  8]  75.00-76.00  sec  50.6 KBytes   415 Kbits/sec  14.703 ms  19/56 (34%)  
[  8]  76.00-77.00  sec  54.7 KBytes   448 Kbits/sec  11.800 ms  5/45 (11%)  
[  8]  77.00-78.00  sec  60.2 KBytes   493 Kbits/sec  8.582 ms  1/45 (2.2%)  
[  8]  78.00-79.00  sec  60.2 KBytes   491 Kbits/sec  4.404 ms  0/44 (0%)  
[  8]  79.00-80.00  sec  61.5 KBytes   506 Kbits/sec  6.274 ms  0/45 (0%)  
[  8]  80.00-81.00  sec  58.8 KBytes   482 Kbits/sec  9.401 ms  1/44 (2.3%)  
[  8]  81.00-82.00  sec  60.2 KBytes   493 Kbits/sec  10.228 ms  0/44 (0%)  
[  8]  82.00-83.00  sec  60.2 KBytes   493 Kbits/sec  6.513 ms  2/46 (4.3%)  
[  8]  83.00-84.00  sec  61.5 KBytes   504 Kbits/sec  6.681 ms  0/45 (0%)  
[  8]  84.00-85.00  sec  61.5 KBytes   504 Kbits/sec  6.607 ms  0/45 (0%)  
[  8]  85.00-86.00  sec  58.8 KBytes   481 Kbits/sec  5.106 ms  2/45 (4.4%)  
[  8]  86.00-87.00  sec  60.2 KBytes   494 Kbits/sec  3.453 ms  0/44 (0%)  
[  8]  87.00-88.00  sec  60.2 KBytes   493 Kbits/sec  3.749 ms  1/45 (2.2%)  
[  8]  88.00-89.00  sec  58.8 KBytes   482 Kbits/sec  3.695 ms  1/44 (2.3%)  
[  8]  89.00-90.00  sec  60.2 KBytes   493 Kbits/sec  3.101 ms  1/45 (2.2%)  
[  8]  90.00-91.00  sec  60.2 KBytes   493 Kbits/sec  3.680 ms  0/44 (0%)  
[  8]  91.00-92.00  sec  61.5 KBytes   504 Kbits/sec  6.468 ms  0/45 (0%)  
[  8]  92.00-93.00  sec  61.5 KBytes   504 Kbits/sec  5.230 ms  0/45 (0%)  
[  8]  93.00-94.00  sec  61.5 KBytes   504 Kbits/sec  3.748 ms  0/45 (0%)  
[  8]  94.00-95.00  sec  60.2 KBytes   493 Kbits/sec  4.703 ms  0/44 (0%)  
[  8]  95.00-96.00  sec  61.5 KBytes   504 Kbits/sec  3.714 ms  0/45 (0%)  
[  8]  96.00-97.00  sec  60.2 KBytes   493 Kbits/sec  4.439 ms  0/44 (0%)  
[  8]  97.00-98.00  sec  61.5 KBytes   504 Kbits/sec  5.361 ms  0/45 (0%)  
[  8]  98.00-99.00  sec  61.5 KBytes   504 Kbits/sec  7.414 ms  0/45 (0%)  
[  8]  99.00-100.00 sec  58.8 KBytes   482 Kbits/sec  6.153 ms  0/43 (0%)  
[  8] 100.00-101.00 sec  61.5 KBytes   504 Kbits/sec  6.918 ms  1/46 (2.2%)  
[  8] 101.00-102.00 sec  58.8 KBytes   482 Kbits/sec  7.048 ms  1/44 (2.3%)  
[  8] 102.00-103.00 sec  61.5 KBytes   504 Kbits/sec  4.478 ms  0/45 (0%)  
[  8] 103.00-104.00 sec  56.1 KBytes   459 Kbits/sec  5.526 ms  1/42 (2.4%)  
[  8] 104.00-105.00 sec  64.3 KBytes   526 Kbits/sec  2.471 ms  0/47 (0%)  
[  8] 105.00-106.00 sec  58.8 KBytes   482 Kbits/sec  3.391 ms  2/45 (4.4%)  
[  8] 106.00-107.00 sec  60.2 KBytes   493 Kbits/sec  2.689 ms  0/44 (0%)  
[  8] 107.00-108.00 sec  60.2 KBytes   493 Kbits/sec  5.146 ms  1/45 (2.2%)  
[  8] 108.00-109.00 sec  60.2 KBytes   493 Kbits/sec  6.948 ms  0/44 (0%)  
[  8] 109.00-110.00 sec  61.5 KBytes   504 Kbits/sec  10.323 ms  0/45 (0%)  
[  8] 110.00-111.00 sec  57.4 KBytes   470 Kbits/sec  7.038 ms  3/45 (6.7%)  
[  8] 111.00-112.00 sec  57.4 KBytes   470 Kbits/sec  12.590 ms  1/43 (2.3%)  
[  8] 112.00-113.00 sec  58.8 KBytes   482 Kbits/sec  8.035 ms  3/46 (6.5%)  
[  8] 113.00-114.00 sec  49.2 KBytes   403 Kbits/sec  17.566 ms  2/38 (5.3%)  
[  8] 114.00-115.00 sec  45.1 KBytes   369 Kbits/sec  22.720 ms  19/52 (37%)  
[  8] 115.00-116.00 sec  56.1 KBytes   459 Kbits/sec  12.471 ms  3/44 (6.8%)  
[  8] 116.00-117.00 sec  43.8 KBytes   359 Kbits/sec  17.576 ms  8/40 (20%)  
[  8] 117.00-118.00 sec  30.1 KBytes   246 Kbits/sec  23.814 ms  11/33 (33%)  
[  8] 118.00-119.00 sec  67.0 KBytes   549 Kbits/sec  15.214 ms  13/62 (21%)  
[  8] 119.00-120.00 sec  60.2 KBytes   493 Kbits/sec  4.822 ms  0/44 (0%)  
[  8] 120.00-121.00 sec  61.5 KBytes   504 Kbits/sec  4.110 ms  0/45 (0%)  
[  8] 121.00-122.00 sec  61.5 KBytes   504 Kbits/sec  4.636 ms  0/45 (0%)  
[  8] 122.00-123.00 sec  56.1 KBytes   459 Kbits/sec  10.764 ms  3/44 (6.8%)  
[  8] 123.00-124.00 sec  58.8 KBytes   482 Kbits/sec  6.822 ms  1/44 (2.3%)  
[  8] 124.00-125.00 sec  60.2 KBytes   493 Kbits/sec  3.484 ms  1/45 (2.2%)  
[  8] 125.00-126.00 sec  58.8 KBytes   482 Kbits/sec  4.911 ms  2/45 (4.4%)  
[  8] 126.00-127.00 sec  61.5 KBytes   504 Kbits/sec  4.923 ms  0/45 (0%)  
[  8] 127.00-128.00 sec  58.8 KBytes   482 Kbits/sec  5.718 ms  0/43 (0%)  
[  8] 128.00-129.00 sec  62.9 KBytes   515 Kbits/sec  3.616 ms  0/46 (0%)  
[  8] 129.00-130.00 sec  61.5 KBytes   504 Kbits/sec  4.199 ms  0/45 (0%)  
[  8] 130.00-131.00 sec  60.2 KBytes   493 Kbits/sec  4.536 ms  0/44 (0%)  
[  8] 131.00-132.00 sec  61.5 KBytes   504 Kbits/sec  4.830 ms  0/45 (0%)  
[  8] 132.00-133.00 sec  58.8 KBytes   480 Kbits/sec  6.054 ms  1/44 (2.3%)  
[  8] 133.00-134.00 sec  60.2 KBytes   494 Kbits/sec  7.683 ms  1/45 (2.2%)  
[  8] 134.00-135.00 sec  58.8 KBytes   482 Kbits/sec  6.180 ms  2/45 (4.4%)  
[  8] 135.00-136.00 sec  61.5 KBytes   502 Kbits/sec  4.022 ms  0/45 (0%)  
[  8] 136.00-137.00 sec  58.8 KBytes   483 Kbits/sec  8.611 ms  1/44 (2.3%)  
[  8] 137.00-138.00 sec  58.8 KBytes   482 Kbits/sec  2.484 ms  0/43 (0%)  
[  8] 138.00-139.00 sec  61.5 KBytes   504 Kbits/sec  1.465 ms  0/45 (0%)  
[  8] 139.00-140.00 sec  62.9 KBytes   515 Kbits/sec  1.954 ms  0/46 (0%)  
[  8] 140.00-141.00 sec  61.5 KBytes   504 Kbits/sec  5.244 ms  0/45 (0%)  
[  8] 141.00-142.00 sec  60.2 KBytes   493 Kbits/sec  5.435 ms  0/44 (0%)  
[  8] 142.00-143.00 sec  61.5 KBytes   504 Kbits/sec  6.001 ms  0/45 (0%)  
[  8] 143.00-144.00 sec  60.2 KBytes   492 Kbits/sec  4.991 ms  1/45 (2.2%)  
[  8] 144.00-145.00 sec  58.8 KBytes   482 Kbits/sec  5.185 ms  1/44 (2.3%)  
[  8] 145.00-146.00 sec  60.2 KBytes   493 Kbits/sec  6.485 ms  1/45 (2.2%)  
[  8] 146.00-147.00 sec  61.5 KBytes   504 Kbits/sec  7.185 ms  0/45 (0%)  
[  8] 147.00-148.00 sec  60.2 KBytes   493 Kbits/sec  6.267 ms  0/44 (0%)  
[  8] 148.00-149.00 sec  60.2 KBytes   493 Kbits/sec  3.975 ms  0/44 (0%)  
[  8] 149.00-150.00 sec  61.5 KBytes   504 Kbits/sec  5.415 ms  0/45 (0%)  
[  8] 150.00-151.00 sec  61.5 KBytes   504 Kbits/sec  6.400 ms  0/45 (0%)  
[  8] 151.00-152.00 sec  61.5 KBytes   504 Kbits/sec  5.032 ms  0/45 (0%)  
[  8] 152.00-153.00 sec  60.2 KBytes   493 Kbits/sec  4.786 ms  0/44 (0%)  
[  8] 153.00-154.00 sec  61.5 KBytes   504 Kbits/sec  4.476 ms  0/45 (0%)  
[  8] 154.00-155.00 sec  60.2 KBytes   493 Kbits/sec  7.407 ms  0/44 (0%)  
[  8] 155.00-156.00 sec  61.5 KBytes   504 Kbits/sec  3.879 ms  0/45 (0%)  
[  8] 156.00-157.00 sec  57.4 KBytes   470 Kbits/sec  11.960 ms  2/44 (4.5%)  
[  8] 157.00-158.00 sec  57.4 KBytes   470 Kbits/sec  6.494 ms  3/45 (6.7%)  
[  8] 158.00-159.00 sec  56.1 KBytes   459 Kbits/sec  15.328 ms  2/43 (4.7%)  
[  8] 159.00-160.00 sec  61.5 KBytes   504 Kbits/sec  9.183 ms  2/47 (4.3%)  
[  8] 160.00-161.00 sec  60.2 KBytes   493 Kbits/sec  5.693 ms  0/44 (0%)  
[  8] 161.00-162.00 sec  61.5 KBytes   504 Kbits/sec  7.161 ms  0/45 (0%)  
[  8] 162.00-163.00 sec  60.2 KBytes   492 Kbits/sec  7.756 ms  0/44 (0%)  
[  8] 163.00-164.00 sec  62.9 KBytes   516 Kbits/sec  6.012 ms  0/46 (0%)  
[  8] 164.00-165.00 sec  58.8 KBytes   482 Kbits/sec  7.778 ms  1/44 (2.3%)  
[  8] 165.00-166.00 sec  58.8 KBytes   482 Kbits/sec  5.068 ms  2/45 (4.4%)  
[  8] 166.00-167.00 sec  58.8 KBytes   482 Kbits/sec  4.058 ms  0/43 (0%)  
[  8] 167.00-168.00 sec  62.9 KBytes   514 Kbits/sec  5.891 ms  0/46 (0%)  
[  8] 168.00-169.00 sec  61.5 KBytes   505 Kbits/sec  4.802 ms  0/45 (0%)  
[  8] 169.00-170.00 sec  60.2 KBytes   493 Kbits/sec  5.723 ms  0/44 (0%)  
[  8] 170.00-171.00 sec  60.2 KBytes   492 Kbits/sec  4.814 ms  0/44 (0%)  
[  8] 171.00-172.00 sec  62.9 KBytes   516 Kbits/sec  4.790 ms  0/46 (0%)  
[  8] 172.00-173.00 sec  57.4 KBytes   470 Kbits/sec  3.317 ms  2/44 (4.5%)  
[  8] 173.00-174.00 sec  57.4 KBytes   471 Kbits/sec  4.155 ms  3/45 (6.7%)  
[  8] 174.00-175.00 sec  60.2 KBytes   493 Kbits/sec  8.521 ms  0/44 (0%)  
[  8] 175.00-176.00 sec  61.5 KBytes   504 Kbits/sec  7.218 ms  0/45 (0%)  
[  8] 176.00-177.00 sec  61.5 KBytes   504 Kbits/sec  6.843 ms  0/45 (0%)  
[  8] 177.00-178.00 sec  61.5 KBytes   504 Kbits/sec  7.373 ms  0/45 (0%)  
[  8] 178.00-179.00 sec  60.2 KBytes   493 Kbits/sec  7.374 ms  0/44 (0%)  
[  8] 179.00-180.00 sec  60.2 KBytes   493 Kbits/sec  3.966 ms  1/45 (2.2%)  
[  8] 180.00-181.00 sec  60.2 KBytes   493 Kbits/sec  4.997 ms  0/44 (0%)  
[  8] 181.00-182.00 sec  60.2 KBytes   493 Kbits/sec  6.783 ms  1/45 (2.2%)  
[  8] 182.00-183.00 sec  60.2 KBytes   493 Kbits/sec  5.706 ms  0/44 (0%)  
[  8] 183.00-184.00 sec  61.5 KBytes   504 Kbits/sec  6.994 ms  0/45 (0%)  
[  8] 184.00-185.00 sec  61.5 KBytes   504 Kbits/sec  6.543 ms  0/45 (0%)  
[  8] 185.00-186.00 sec  60.2 KBytes   493 Kbits/sec  6.352 ms  0/44 (0%)  
[  8] 186.00-187.00 sec  61.5 KBytes   504 Kbits/sec  4.615 ms  0/45 (0%)  
[  8] 187.00-188.00 sec  61.5 KBytes   503 Kbits/sec  8.283 ms  0/45 (0%)  
[  8] 188.00-189.00 sec  60.2 KBytes   494 Kbits/sec  9.014 ms  0/44 (0%)  
[  8] 189.00-190.00 sec  57.4 KBytes   470 Kbits/sec  6.098 ms  0/42 (0%)  
[  8] 190.00-191.00 sec  64.3 KBytes   526 Kbits/sec  9.976 ms  1/48 (2.1%)  
[  8] 191.00-192.00 sec  58.8 KBytes   482 Kbits/sec  4.926 ms  0/43 (0%)  
[  8] 192.00-193.00 sec  62.9 KBytes   515 Kbits/sec  2.616 ms  0/46 (0%)  
[  8] 193.00-194.00 sec  57.4 KBytes   470 Kbits/sec  7.136 ms  2/44 (4.5%)  
[  8] 194.00-195.00 sec  61.5 KBytes   504 Kbits/sec  4.237 ms  0/45 (0%)  
[  8] 195.00-196.00 sec  61.5 KBytes   504 Kbits/sec  5.251 ms  0/45 (0%)  
[  8] 196.00-197.00 sec  61.5 KBytes   504 Kbits/sec  4.183 ms  0/45 (0%)  
[  8] 197.00-198.00 sec  60.2 KBytes   493 Kbits/sec  2.010 ms  0/44 (0%)  
[  8] 198.00-199.00 sec  61.5 KBytes   504 Kbits/sec  2.657 ms  0/45 (0%)  
[  8] 199.00-200.00 sec  45.1 KBytes   370 Kbits/sec  10.394 ms  11/44 (25%)  
[  8] 200.00-200.01 sec  1.37 KBytes  1.18 Mbits/sec  10.681 ms  0/1 (0%)  
- - - - - - - - - - - - - - - - - - - - - - - - -
[ ID] Interval           Transfer     Bitrate         Jitter    Lost/Total Datagrams
[  8]   0.00-200.01 sec  11.7 MBytes   490 Kbits/sec  10.681 ms  180/8929 (2%)  receiver
-----------------------------------------------------------
Server listening on 5201 (test #1)
-----------------------------------------------------------
Accepted connection from 10.0.0.32, port 60772
[  8] local 10.0.0.64 port 5201 connected to 10.0.0.32 port 36968
[ ID] Interval           Transfer     Bitrate         Jitter    Lost/Total Datagrams
[  8]   0.00-1.00   sec  53.3 KBytes   437 Kbits/sec  10.396 ms  6/45 (13%)  
[  8]   1.00-2.00   sec  56.1 KBytes   459 Kbits/sec  6.404 ms  1/42 (2.4%)  
[  8]   2.00-3.00   sec  47.9 KBytes   392 Kbits/sec  10.117 ms  5/40 (12%)  
[  8]   3.00-4.00   sec  69.7 KBytes   571 Kbits/sec  7.222 ms  0/51 (0%)  
[  8]   4.00-5.00   sec  61.5 KBytes   504 Kbits/sec  4.536 ms  0/45 (0%)  
[  8]   5.00-6.00   sec  61.5 KBytes   504 Kbits/sec  2.725 ms  0/45 (0%)  
[  8]   6.00-7.00   sec  60.2 KBytes   493 Kbits/sec  4.671 ms  0/44 (0%)  
[  8]   7.00-8.00   sec  60.2 KBytes   493 Kbits/sec  4.140 ms  1/45 (2.2%)  
[  8]   8.00-9.00   sec  61.5 KBytes   504 Kbits/sec  4.084 ms  0/45 (0%)  
[  8]   9.00-10.00  sec  61.5 KBytes   504 Kbits/sec  7.694 ms  0/45 (0%)  
[  8]  10.00-11.00  sec  60.2 KBytes   493 Kbits/sec  5.958 ms  0/44 (0%)  
[  8]  11.00-12.00  sec  61.5 KBytes   504 Kbits/sec  5.231 ms  0/45 (0%)  
[  8]  12.00-13.00  sec  61.5 KBytes   504 Kbits/sec  5.544 ms  0/45 (0%)  
[  8]  13.00-14.00  sec  60.2 KBytes   493 Kbits/sec  2.984 ms  0/44 (0%)  
[  8]  14.00-15.00  sec  60.2 KBytes   493 Kbits/sec  8.659 ms  0/44 (0%)  
[  8]  15.00-16.00  sec  61.5 KBytes   504 Kbits/sec  7.883 ms  1/46 (2.2%)  
[  8]  16.00-17.00  sec  60.2 KBytes   493 Kbits/sec  4.281 ms  0/44 (0%)  
[  8]  17.00-18.00  sec  61.5 KBytes   504 Kbits/sec  3.888 ms  0/45 (0%)  
[  8]  18.00-19.00  sec  60.2 KBytes   493 Kbits/sec  3.746 ms  0/44 (0%)  
[  8]  19.00-20.00  sec  58.8 KBytes   482 Kbits/sec  4.947 ms  1/44 (2.3%)  
[  8]  20.00-21.00  sec  62.9 KBytes   515 Kbits/sec  4.002 ms  0/46 (0%)  
[  8]  21.00-22.00  sec  60.2 KBytes   493 Kbits/sec  3.679 ms  0/44 (0%)  
[  8]  22.00-23.00  sec  61.5 KBytes   504 Kbits/sec  2.580 ms  0/45 (0%)  
[  8]  23.00-24.00  sec  60.2 KBytes   493 Kbits/sec  3.302 ms  0/44 (0%)  
[  8]  24.00-25.00  sec  61.5 KBytes   504 Kbits/sec  2.321 ms  0/45 (0%)  
[  8]  25.00-26.00  sec  61.5 KBytes   504 Kbits/sec  2.060 ms  0/45 (0%)  
[  8]  26.00-27.00  sec  60.2 KBytes   493 Kbits/sec  3.469 ms  0/44 (0%)  
[  8]  27.00-28.00  sec  61.5 KBytes   504 Kbits/sec  4.702 ms  0/45 (0%)  
[  8]  28.00-29.00  sec  58.8 KBytes   482 Kbits/sec  6.273 ms  2/45 (4.4%)  
[  8]  29.00-30.00  sec  61.5 KBytes   504 Kbits/sec  2.745 ms  0/45 (0%)  
[  8]  30.00-31.00  sec  60.2 KBytes   493 Kbits/sec  4.994 ms  0/44 (0%)  
[  8]  31.00-32.00  sec  58.8 KBytes   482 Kbits/sec  4.343 ms  2/45 (4.4%)  
[  8]  32.00-33.00  sec  60.2 KBytes   493 Kbits/sec  2.265 ms  0/44 (0%)  
[  8]  33.00-34.00  sec  61.5 KBytes   504 Kbits/sec  3.132 ms  0/45 (0%)  
[  8]  34.00-35.00  sec  61.5 KBytes   504 Kbits/sec  3.542 ms  0/45 (0%)  
[  8]  35.00-36.00  sec  60.2 KBytes   492 Kbits/sec  5.666 ms  0/44 (0%)  
[  8]  36.00-37.00  sec  61.5 KBytes   505 Kbits/sec  3.633 ms  0/45 (0%)  
[  8]  37.00-38.00  sec  60.2 KBytes   493 Kbits/sec  2.951 ms  0/44 (0%)  
[  8]  38.00-39.00  sec  61.5 KBytes   504 Kbits/sec  8.173 ms  0/45 (0%)  
[  8]  39.00-40.00  sec  61.5 KBytes   503 Kbits/sec  5.140 ms  0/45 (0%)  
[  8]  40.00-41.00  sec  58.8 KBytes   483 Kbits/sec  1.861 ms  0/43 (0%)  
[  8]  41.00-42.00  sec  62.9 KBytes   515 Kbits/sec  4.483 ms  0/46 (0%)  
[  8]  42.00-43.00  sec  61.5 KBytes   504 Kbits/sec  5.712 ms  0/45 (0%)  
[  8]  43.00-44.00  sec  58.8 KBytes   482 Kbits/sec  9.302 ms  1/44 (2.3%)  
[  8]  44.00-45.00  sec  61.5 KBytes   504 Kbits/sec  5.123 ms  0/45 (0%)  
[  8]  45.00-46.00  sec  61.5 KBytes   504 Kbits/sec  3.798 ms  0/45 (0%)  
[  8]  46.00-47.00  sec  61.5 KBytes   504 Kbits/sec  5.187 ms  0/45 (0%)  
[  8]  47.00-48.00  sec  60.2 KBytes   493 Kbits/sec  4.193 ms  0/44 (0%)  
[  8]  48.00-49.00  sec  60.2 KBytes   493 Kbits/sec  3.870 ms  0/44 (0%)  
[  8]  49.00-50.00  sec  61.5 KBytes   504 Kbits/sec  4.863 ms  0/45 (0%)  
[  8]  50.00-51.00  sec  61.5 KBytes   504 Kbits/sec  3.482 ms  0/45 (0%)  
[  8]  51.00-52.00  sec  58.8 KBytes   482 Kbits/sec  4.228 ms  1/44 (2.3%)  
[  8]  52.00-53.00  sec  61.5 KBytes   504 Kbits/sec  6.046 ms  0/45 (0%)  
[  8]  53.00-54.00  sec  61.5 KBytes   504 Kbits/sec  6.965 ms  0/45 (0%)  
[  8]  54.00-55.00  sec  58.8 KBytes   482 Kbits/sec  7.925 ms  1/44 (2.3%)  
[  8]  55.00-56.00  sec  60.2 KBytes   493 Kbits/sec  4.977 ms  1/45 (2.2%)  
[  8]  56.00-57.00  sec  60.2 KBytes   493 Kbits/sec  4.599 ms  0/44 (0%)  
[  8]  57.00-58.00  sec  62.9 KBytes   515 Kbits/sec  7.715 ms  0/46 (0%)  
[  8]  58.00-59.00  sec  60.2 KBytes   493 Kbits/sec  3.942 ms  0/44 (0%)  
[  8]  59.00-60.00  sec  57.4 KBytes   470 Kbits/sec  5.534 ms  2/44 (4.5%)  
[  8]  60.00-61.00  sec  56.1 KBytes   459 Kbits/sec  15.126 ms  4/45 (8.9%)  
[  8]  61.00-62.00  sec  58.8 KBytes   482 Kbits/sec  7.821 ms  0/43 (0%)  
[  8]  62.00-63.00  sec  52.0 KBytes   425 Kbits/sec  10.449 ms  9/47 (19%)  
[  8]  63.00-64.00  sec  60.2 KBytes   493 Kbits/sec  4.434 ms  0/44 (0%)  
[  8]  64.00-65.00  sec  60.2 KBytes   493 Kbits/sec  5.428 ms  1/45 (2.2%)  
[  8]  65.00-66.00  sec  60.2 KBytes   493 Kbits/sec  3.016 ms  0/44 (0%)  
[  8]  66.00-67.00  sec  61.5 KBytes   504 Kbits/sec  4.839 ms  0/45 (0%)  
[  8]  67.00-68.00  sec  61.5 KBytes   504 Kbits/sec  4.585 ms  0/45 (0%)  
[  8]  68.00-69.00  sec  60.2 KBytes   493 Kbits/sec  5.021 ms  0/44 (0%)  
[  8]  69.00-70.00  sec  61.5 KBytes   504 Kbits/sec  4.717 ms  0/45 (0%)  
[  8]  70.00-71.00  sec  61.5 KBytes   504 Kbits/sec  6.145 ms  0/45 (0%)  
[  8]  71.00-72.00  sec  60.2 KBytes   493 Kbits/sec  6.713 ms  0/44 (0%)  
[  8]  72.00-73.00  sec  58.8 KBytes   482 Kbits/sec  3.669 ms  0/43 (0%)  
[  8]  73.00-74.00  sec  60.2 KBytes   493 Kbits/sec  5.002 ms  3/47 (6.4%)  
[  8]  74.00-75.00  sec  56.1 KBytes   459 Kbits/sec  9.419 ms  3/44 (6.8%)  
[  8]  75.00-76.00  sec  61.5 KBytes   504 Kbits/sec  2.863 ms  0/45 (0%)  
[  8]  76.00-77.00  sec  60.2 KBytes   493 Kbits/sec  4.576 ms  0/44 (0%)  
[  8]  77.00-78.00  sec  60.2 KBytes   493 Kbits/sec  5.239 ms  0/44 (0%)  
[  8]  78.00-79.00  sec  53.3 KBytes   437 Kbits/sec  5.827 ms  7/46 (15%)  
[  8]  79.00-80.00  sec  60.2 KBytes   493 Kbits/sec  5.448 ms  1/45 (2.2%)  
[  8]  80.00-81.00  sec  60.2 KBytes   493 Kbits/sec  9.042 ms  0/44 (0%)  
[  8]  81.00-82.00  sec  60.2 KBytes   493 Kbits/sec  8.979 ms  0/44 (0%)  
[  8]  82.00-83.00  sec  61.5 KBytes   504 Kbits/sec  7.087 ms  0/45 (0%)  
[  8]  83.00-84.00  sec  60.2 KBytes   493 Kbits/sec  10.653 ms  1/45 (2.2%)  
[  8]  84.00-85.00  sec  60.2 KBytes   493 Kbits/sec  6.074 ms  1/45 (2.2%)  
[  8]  85.00-86.00  sec  58.8 KBytes   481 Kbits/sec  4.938 ms  1/44 (2.3%)  
[  8]  86.00-87.00  sec  61.5 KBytes   504 Kbits/sec  5.754 ms  0/45 (0%)  
[  8]  87.00-88.00  sec  60.2 KBytes   493 Kbits/sec  6.169 ms  0/44 (0%)  
[  8]  88.00-89.00  sec  61.5 KBytes   504 Kbits/sec  6.917 ms  0/45 (0%)  
[  8]  89.00-90.00  sec  57.4 KBytes   470 Kbits/sec  14.259 ms  1/43 (2.3%)  
[  8]  90.00-91.00  sec  60.2 KBytes   493 Kbits/sec  5.038 ms  2/46 (4.3%)  
[  8]  91.00-92.00  sec  58.8 KBytes   482 Kbits/sec  5.887 ms  1/44 (2.3%)  
[  8]  92.00-93.00  sec  60.2 KBytes   493 Kbits/sec  5.116 ms  0/44 (0%)  
[  8]  93.00-94.00  sec  60.2 KBytes   493 Kbits/sec  4.380 ms  2/46 (4.3%)  
[  8]  94.00-95.00  sec  61.5 KBytes   504 Kbits/sec  4.568 ms  0/45 (0%)  
[  8]  95.00-96.00  sec  61.5 KBytes   504 Kbits/sec  5.302 ms  0/45 (0%)  
[  8]  96.00-97.00  sec  57.4 KBytes   471 Kbits/sec  5.692 ms  2/44 (4.5%)  
[  8]  97.00-98.00  sec  56.1 KBytes   459 Kbits/sec  5.816 ms  3/44 (6.8%)  
[  8]  98.00-99.00  sec  61.5 KBytes   504 Kbits/sec  5.115 ms  0/45 (0%)  
[  8]  99.00-100.00 sec  60.2 KBytes   493 Kbits/sec  6.534 ms  1/45 (2.2%)  
[  8] 100.00-101.00 sec  61.5 KBytes   504 Kbits/sec  3.800 ms  0/45 (0%)  
[  8] 101.00-102.00 sec  61.5 KBytes   504 Kbits/sec  4.268 ms  0/45 (0%)  
[  8] 102.00-103.00 sec  58.8 KBytes   482 Kbits/sec  5.948 ms  1/44 (2.3%)  
[  8] 103.00-104.00 sec  60.2 KBytes   492 Kbits/sec  5.900 ms  0/44 (0%)  
[  8] 104.00-105.00 sec  60.2 KBytes   493 Kbits/sec  4.487 ms  0/44 (0%)  
[  8] 105.00-106.00 sec  62.9 KBytes   515 Kbits/sec  3.089 ms  0/46 (0%)  
[  8] 106.00-107.00 sec  60.2 KBytes   493 Kbits/sec  5.396 ms  0/44 (0%)  
[  8] 107.00-108.00 sec  60.2 KBytes   493 Kbits/sec  4.471 ms  0/44 (0%)  
[  8] 108.00-109.00 sec  62.9 KBytes   515 Kbits/sec  2.290 ms  0/46 (0%)  
[  8] 109.00-110.00 sec  50.6 KBytes   414 Kbits/sec  4.016 ms  6/43 (14%)  
[  8] 110.00-111.00 sec  62.9 KBytes   514 Kbits/sec  3.212 ms  0/46 (0%)  
[  8] 111.00-112.00 sec  60.2 KBytes   494 Kbits/sec  3.248 ms  0/44 (0%)  
[  8] 112.00-113.00 sec  53.3 KBytes   437 Kbits/sec  10.529 ms  3/42 (7.1%)  
[  8] 113.00-114.00 sec  34.2 KBytes   280 Kbits/sec  11.964 ms  8/33 (24%)  
[  8] 114.00-115.00 sec  72.5 KBytes   594 Kbits/sec  11.948 ms  5/58 (8.6%)  
[  8] 115.00-116.00 sec  62.9 KBytes   515 Kbits/sec  10.535 ms  0/46 (0%)  
[  8] 116.00-117.00 sec  60.2 KBytes   493 Kbits/sec  5.080 ms  0/44 (0%)  
[  8] 117.00-118.00 sec  49.2 KBytes   403 Kbits/sec  10.095 ms  3/39 (7.7%)  
[  8] 118.00-119.00 sec  60.2 KBytes   493 Kbits/sec  9.021 ms  3/47 (6.4%)  
[  8] 119.00-120.00 sec  64.3 KBytes   527 Kbits/sec  6.671 ms  2/49 (4.1%)  
[  8] 120.00-121.00 sec  60.2 KBytes   491 Kbits/sec  10.990 ms  1/45 (2.2%)  
[  8] 121.00-122.00 sec  57.4 KBytes   472 Kbits/sec  6.149 ms  3/45 (6.7%)  
[  8] 122.00-123.00 sec  60.2 KBytes   492 Kbits/sec  6.817 ms  1/45 (2.2%)  
[  8] 123.00-124.00 sec  58.8 KBytes   482 Kbits/sec  7.844 ms  0/43 (0%)  
[  8] 124.00-125.00 sec  56.1 KBytes   458 Kbits/sec  12.907 ms  4/45 (8.9%)  
[  8] 125.00-126.01 sec  60.2 KBytes   490 Kbits/sec  10.978 ms  1/45 (2.2%)  
[  8] 126.01-127.00 sec  61.5 KBytes   508 Kbits/sec  11.762 ms  0/45 (0%)  
[  8] 127.00-128.00 sec  58.8 KBytes   482 Kbits/sec  9.631 ms  0/43 (0%)  
[  8] 128.00-129.00 sec  47.9 KBytes   392 Kbits/sec  15.886 ms  5/40 (12%)  
[  8] 129.00-130.00 sec  65.6 KBytes   537 Kbits/sec  13.648 ms  3/51 (5.9%)  
[  8] 130.00-131.00 sec  58.8 KBytes   482 Kbits/sec  4.521 ms  0/43 (0%)  
[  8] 131.00-132.02 sec  45.1 KBytes   361 Kbits/sec  14.217 ms  3/36 (8.3%)  
[  8] 132.02-133.01 sec  42.4 KBytes   354 Kbits/sec  13.678 ms  4/35 (11%)  
[  8] 133.01-134.00 sec  57.4 KBytes   472 Kbits/sec  9.246 ms  22/64 (34%)  
[  8] 134.00-135.00 sec  61.5 KBytes   505 Kbits/sec  6.582 ms  0/45 (0%)  
[  8] 135.00-136.00 sec  60.2 KBytes   491 Kbits/sec  4.630 ms  1/45 (2.2%)  
[  8] 136.00-137.00 sec  57.4 KBytes   472 Kbits/sec  4.027 ms  2/44 (4.5%)  
[  8] 137.00-138.00 sec  61.5 KBytes   504 Kbits/sec  6.314 ms  0/45 (0%)  
[  8] 138.00-139.00 sec  61.5 KBytes   503 Kbits/sec  3.210 ms  0/45 (0%)  
[  8] 139.00-140.00 sec  60.2 KBytes   494 Kbits/sec  4.519 ms  0/44 (0%)  
[  8] 140.00-141.01 sec  60.2 KBytes   490 Kbits/sec  5.872 ms  0/44 (0%)  
[  8] 141.01-142.00 sec  62.9 KBytes   518 Kbits/sec  3.091 ms  0/46 (0%)  
[  8] 142.00-143.00 sec  58.8 KBytes   481 Kbits/sec  5.654 ms  1/44 (2.3%)  
[  8] 143.00-144.00 sec  61.5 KBytes   504 Kbits/sec  3.162 ms  0/45 (0%)  
[  8] 144.00-145.00 sec  60.2 KBytes   492 Kbits/sec  4.569 ms  0/44 (0%)  
[  8] 145.00-146.00 sec  58.8 KBytes   482 Kbits/sec  5.595 ms  1/44 (2.3%)  
[  8] 146.00-147.02 sec  61.5 KBytes   496 Kbits/sec  4.856 ms  1/46 (2.2%)  
[  8] 147.02-148.00 sec  60.2 KBytes   501 Kbits/sec  5.304 ms  0/44 (0%)  
[  8] 148.00-149.00 sec  61.5 KBytes   503 Kbits/sec  5.803 ms  0/45 (0%)  
[  8] 149.00-150.01 sec  61.5 KBytes   501 Kbits/sec  3.776 ms  0/45 (0%)  
[  8] 150.01-151.00 sec  60.2 KBytes   497 Kbits/sec  3.497 ms  0/44 (0%)  
[  8] 151.00-152.00 sec  61.5 KBytes   504 Kbits/sec  3.671 ms  0/45 (0%)  
[  8] 152.00-153.00 sec  58.8 KBytes   481 Kbits/sec  6.144 ms  1/44 (2.3%)  
[  8] 153.00-154.00 sec  61.5 KBytes   504 Kbits/sec  6.344 ms  0/45 (0%)  
[  8] 154.00-155.00 sec  60.2 KBytes   493 Kbits/sec  11.239 ms  0/44 (0%)  
[  8] 155.00-156.00 sec  61.5 KBytes   504 Kbits/sec  7.401 ms  0/45 (0%)  
[  8] 156.00-157.00 sec  61.5 KBytes   504 Kbits/sec  5.181 ms  0/45 (0%)  
[  8] 157.00-158.00 sec  61.5 KBytes   504 Kbits/sec  4.892 ms  0/45 (0%)  
[  8] 158.00-159.00 sec  60.2 KBytes   492 Kbits/sec  3.869 ms  0/44 (0%)  
[  8] 159.00-160.00 sec  61.5 KBytes   504 Kbits/sec  3.831 ms  0/45 (0%)  
[  8] 160.00-161.00 sec  61.5 KBytes   504 Kbits/sec  2.967 ms  0/45 (0%)  
[  8] 161.00-162.00 sec  60.2 KBytes   493 Kbits/sec  4.220 ms  0/44 (0%)  
[  8] 162.00-163.00 sec  61.5 KBytes   504 Kbits/sec  2.607 ms  0/45 (0%)  
[  8] 163.00-164.00 sec  60.2 KBytes   491 Kbits/sec  3.270 ms  0/44 (0%)  
[  8] 164.00-165.00 sec  61.5 KBytes   506 Kbits/sec  5.167 ms  0/45 (0%)  
[  8] 165.00-166.00 sec  61.5 KBytes   504 Kbits/sec  4.063 ms  0/45 (0%)  
[  8] 166.00-167.00 sec  61.5 KBytes   504 Kbits/sec  5.865 ms  0/45 (0%)  
[  8] 167.00-168.00 sec  58.8 KBytes   482 Kbits/sec  4.423 ms  1/44 (2.3%)  
[  8] 168.00-169.00 sec  61.5 KBytes   504 Kbits/sec  3.909 ms  0/45 (0%)  
[  8] 169.00-170.00 sec  60.2 KBytes   493 Kbits/sec  6.912 ms  1/45 (2.2%)  
[  8] 170.00-171.00 sec  60.2 KBytes   493 Kbits/sec  2.966 ms  0/44 (0%)  
[  8] 171.00-172.00 sec  61.5 KBytes   504 Kbits/sec  6.091 ms  0/45 (0%)  
[  8] 172.00-173.00 sec  56.1 KBytes   459 Kbits/sec  7.037 ms  0/41 (0%)  
[  8] 173.00-174.00 sec  43.8 KBytes   358 Kbits/sec  11.598 ms  0/32 (0%)  
[  8] 174.00-175.00 sec  57.4 KBytes   470 Kbits/sec  20.700 ms  18/60 (30%)  
[  8] 175.00-176.00 sec  39.6 KBytes   325 Kbits/sec  13.543 ms  13/42 (31%)  
[  8] 176.00-177.00 sec  61.5 KBytes   504 Kbits/sec  3.267 ms  3/48 (6.2%)  
[  8] 177.00-178.00 sec  58.8 KBytes   482 Kbits/sec  12.166 ms  1/44 (2.3%)  
[  8] 178.00-179.00 sec  60.2 KBytes   491 Kbits/sec  7.661 ms  1/45 (2.2%)  
[  8] 179.00-180.00 sec  53.3 KBytes   438 Kbits/sec  11.968 ms  2/41 (4.9%)  
[  8] 180.00-181.00 sec  34.2 KBytes   280 Kbits/sec  16.049 ms  6/31 (19%)  
[  8] 181.00-182.00 sec  57.4 KBytes   470 Kbits/sec  15.301 ms  19/61 (31%)  
[  8] 182.00-183.00 sec  36.9 KBytes   302 Kbits/sec  20.866 ms  12/39 (31%)  
[  8] 183.00-184.00 sec  57.4 KBytes   471 Kbits/sec  10.621 ms  9/51 (18%)  
[  8] 184.00-185.00 sec  35.5 KBytes   291 Kbits/sec  21.157 ms  17/43 (40%)  
[  8] 185.00-186.00 sec  38.3 KBytes   314 Kbits/sec  18.937 ms  17/45 (38%)  
[  8] 186.00-187.00 sec  50.6 KBytes   414 Kbits/sec  14.764 ms  7/44 (16%)  
[  8] 187.00-188.00 sec  56.1 KBytes   459 Kbits/sec  5.787 ms  5/46 (11%)  
[  8] 188.00-189.00 sec  61.5 KBytes   504 Kbits/sec  4.621 ms  0/45 (0%)  
[  8] 189.00-190.00 sec  61.5 KBytes   504 Kbits/sec  2.297 ms  0/45 (0%)  
[  8] 190.00-191.00 sec  61.5 KBytes   504 Kbits/sec  3.611 ms  0/45 (0%)  
[  8] 191.00-192.00 sec  60.2 KBytes   493 Kbits/sec  3.831 ms  0/44 (0%)  
[  8] 192.00-193.00 sec  61.5 KBytes   504 Kbits/sec  1.962 ms  0/45 (0%)  
[  8] 193.00-194.00 sec  54.7 KBytes   448 Kbits/sec  8.789 ms  3/43 (7%)  
[  8] 194.00-195.00 sec  61.5 KBytes   504 Kbits/sec  7.210 ms  1/46 (2.2%)  
[  8] 195.00-196.00 sec  61.5 KBytes   504 Kbits/sec  5.227 ms  0/45 (0%)  
[  8] 196.00-197.00 sec  60.2 KBytes   493 Kbits/sec  3.697 ms  0/44 (0%)  
[  8] 197.00-198.00 sec  61.5 KBytes   504 Kbits/sec  3.783 ms  0/45 (0%)  
[  8] 198.00-199.00 sec  60.2 KBytes   492 Kbits/sec  2.557 ms  0/44 (0%)  
[  8] 199.00-200.00 sec  62.9 KBytes   516 Kbits/sec  1.781 ms  0/46 (0%)  
- - - - - - - - - - - - - - - - - - - - - - - - -
[ ID] Interval           Transfer     Bitrate         Jitter    Lost/Total Datagrams
[  8]   0.00-200.01 sec  11.5 MBytes   484 Kbits/sec  1.781 ms  289/8929 (3.2%)  receiver
