-----------------------------------------------------------
Server listening on 5201 (test #1)
-----------------------------------------------------------
Accepted connection from 10.0.0.89, port 59726
[  8] local 10.0.0.121 port 5201 connected to 10.0.0.89 port 41293
[ ID] Interval           Transfer     Bitrate         Jitter    Lost/Total Datagrams
[  8]   0.00-1.00   sec   242 KBytes  1.98 Mbits/sec  2.461 ms  0/177 (0%)  
[  8]   1.00-2.00   sec   242 KBytes  1.98 Mbits/sec  1.898 ms  0/177 (0%)  
[  8]   2.00-3.00   sec   247 KBytes  2.03 Mbits/sec  1.327 ms  0/181 (0%)  
[  8]   3.00-4.00   sec   242 KBytes  1.98 Mbits/sec  2.029 ms  0/177 (0%)  
[  8]   4.00-5.00   sec   245 KBytes  2.00 Mbits/sec  2.257 ms  0/179 (0%)  
[  8]   5.00-6.00   sec   243 KBytes  1.99 Mbits/sec  3.494 ms  0/178 (0%)  
[  8]   6.00-7.00   sec   242 KBytes  1.98 Mbits/sec  1.935 ms  0/177 (0%)  
[  8]   7.00-8.00   sec   245 KBytes  2.00 Mbits/sec  2.059 ms  0/179 (0%)  
[  8]   8.00-9.00   sec   246 KBytes  2.02 Mbits/sec  2.385 ms  0/180 (0%)  
[  8]   9.00-10.00  sec   239 KBytes  1.96 Mbits/sec  4.523 ms  0/175 (0%)  
[  8]  10.00-11.00  sec   249 KBytes  2.04 Mbits/sec  2.531 ms  0/182 (0%)  
[  8]  11.00-12.00  sec   245 KBytes  2.00 Mbits/sec  2.572 ms  0/179 (0%)  
[  8]  12.00-13.00  sec   241 KBytes  1.97 Mbits/sec  4.514 ms  0/176 (0%)  
[  8]  13.00-14.00  sec   247 KBytes  2.03 Mbits/sec  3.358 ms  0/181 (0%)  
[  8]  14.00-15.00  sec   243 KBytes  1.99 Mbits/sec  3.837 ms  0/178 (0%)  
[  8]  15.00-16.00  sec   245 KBytes  2.00 Mbits/sec  2.681 ms  0/179 (0%)  
[  8]  16.00-17.00  sec   241 KBytes  1.97 Mbits/sec  2.222 ms  0/176 (0%)  
[  8]  17.00-18.00  sec   239 KBytes  1.96 Mbits/sec  1.860 ms  5/180 (2.8%)  
[  8]  18.00-19.00  sec   245 KBytes  2.00 Mbits/sec  1.540 ms  0/179 (0%)  
[  8]  19.00-20.00  sec   245 KBytes  2.00 Mbits/sec  3.831 ms  0/179 (0%)  
[  8]  20.00-21.00  sec   242 KBytes  1.98 Mbits/sec  2.371 ms  0/177 (0%)  
[  8]  21.00-22.00  sec   242 KBytes  1.98 Mbits/sec  1.305 ms  1/178 (0.56%)  
[  8]  22.00-23.00  sec   247 KBytes  2.03 Mbits/sec  2.044 ms  0/181 (0%)  
[  8]  23.00-24.00  sec   241 KBytes  1.97 Mbits/sec  3.008 ms  2/178 (1.1%)  
[  8]  24.00-25.00  sec   243 KBytes  1.99 Mbits/sec  2.892 ms  0/178 (0%)  
[  8]  25.00-26.00  sec   245 KBytes  2.00 Mbits/sec  2.632 ms  0/179 (0%)  
[  8]  26.00-27.00  sec   245 KBytes  2.00 Mbits/sec  2.599 ms  0/179 (0%)  
[  8]  27.00-28.00  sec   239 KBytes  1.96 Mbits/sec  1.100 ms  0/175 (0%)  
[  8]  28.00-29.00  sec   249 KBytes  2.04 Mbits/sec  3.592 ms  0/182 (0%)  
[  8]  29.00-30.00  sec   243 KBytes  1.99 Mbits/sec  6.113 ms  0/178 (0%)  
[  8]  30.00-31.00  sec   245 KBytes  2.00 Mbits/sec  4.360 ms  0/179 (0%)  
[  8]  31.00-32.00  sec   242 KBytes  1.98 Mbits/sec  5.057 ms  0/177 (0%)  
[  8]  32.00-33.00  sec   243 KBytes  1.99 Mbits/sec  2.899 ms  0/178 (0%)  
[  8]  33.00-34.00  sec   249 KBytes  2.04 Mbits/sec  2.693 ms  0/182 (0%)  
[  8]  34.00-35.00  sec   243 KBytes  1.99 Mbits/sec  1.976 ms  0/178 (0%)  
[  8]  35.00-36.00  sec   243 KBytes  1.99 Mbits/sec  3.541 ms  0/178 (0%)  
[  8]  36.00-37.00  sec   246 KBytes  2.02 Mbits/sec  2.547 ms  0/180 (0%)  
[  8]  37.00-38.00  sec   242 KBytes  1.98 Mbits/sec  3.662 ms  0/177 (0%)  
[  8]  38.00-39.00  sec   245 KBytes  2.00 Mbits/sec  3.988 ms  0/179 (0%)  
[  8]  39.00-40.00  sec   242 KBytes  1.98 Mbits/sec  5.984 ms  0/177 (0%)  
[  8]  40.00-41.00  sec   243 KBytes  1.99 Mbits/sec  3.097 ms  2/180 (1.1%)  
[  8]  41.00-42.00  sec   245 KBytes  2.01 Mbits/sec  3.664 ms  0/179 (0%)  
[  8]  42.00-43.00  sec   241 KBytes  1.97 Mbits/sec  4.432 ms  0/176 (0%)  
[  8]  43.00-44.00  sec   246 KBytes  2.02 Mbits/sec  4.449 ms  0/180 (0%)  
[  8]  44.00-45.00  sec   245 KBytes  2.00 Mbits/sec  3.076 ms  0/179 (0%)  
[  8]  45.00-46.00  sec   245 KBytes  2.00 Mbits/sec  4.083 ms  0/179 (0%)  
[  8]  46.00-47.00  sec   245 KBytes  2.00 Mbits/sec  3.090 ms  0/179 (0%)  
[  8]  47.00-48.00  sec   242 KBytes  1.98 Mbits/sec  3.094 ms  0/177 (0%)  
[  8]  48.00-49.00  sec   245 KBytes  2.00 Mbits/sec  3.495 ms  0/179 (0%)  
[  8]  49.00-50.00  sec   242 KBytes  1.98 Mbits/sec  4.572 ms  0/177 (0%)  
[  8]  50.00-51.00  sec   246 KBytes  2.01 Mbits/sec  4.172 ms  0/180 (0%)  
[  8]  51.00-52.00  sec   245 KBytes  2.01 Mbits/sec  4.620 ms  1/180 (0.56%)  
[  8]  52.00-53.00  sec   241 KBytes  1.97 Mbits/sec  5.509 ms  1/177 (0.56%)  
[  8]  53.00-54.00  sec   246 KBytes  2.02 Mbits/sec  2.164 ms  0/180 (0%)  
[  8]  54.00-55.00  sec   243 KBytes  1.99 Mbits/sec  4.512 ms  0/178 (0%)  
[  8]  55.00-56.00  sec   245 KBytes  2.00 Mbits/sec  4.036 ms  0/179 (0%)  
[  8]  56.00-57.00  sec   242 KBytes  1.98 Mbits/sec  3.607 ms  0/177 (0%)  
[  8]  57.00-58.00  sec   246 KBytes  2.02 Mbits/sec  3.686 ms  0/180 (0%)  
[  8]  58.00-59.00  sec   245 KBytes  2.00 Mbits/sec  3.777 ms  0/179 (0%)  
[  8]  59.00-60.00  sec   245 KBytes  2.01 Mbits/sec  2.778 ms  0/179 (0%)  
[  8]  60.00-61.00  sec   245 KBytes  2.00 Mbits/sec  2.885 ms  0/179 (0%)  
[  8]  61.00-62.00  sec   241 KBytes  1.97 Mbits/sec  2.675 ms  0/176 (0%)  
[  8]  62.00-63.00  sec   246 KBytes  2.01 Mbits/sec  3.402 ms  0/180 (0%)  
[  8]  63.00-64.00  sec   245 KBytes  2.01 Mbits/sec  2.852 ms  0/179 (0%)  
[  8]  64.00-65.00  sec   243 KBytes  1.99 Mbits/sec  4.277 ms  0/178 (0%)  
[  8]  65.00-66.00  sec   239 KBytes  1.96 Mbits/sec  5.787 ms  0/175 (0%)  
[  8]  66.00-67.00  sec   250 KBytes  2.05 Mbits/sec  4.579 ms  0/183 (0%)  
[  8]  67.00-68.00  sec   241 KBytes  1.97 Mbits/sec  3.521 ms  0/176 (0%)  
[  8]  68.00-69.00  sec   247 KBytes  2.03 Mbits/sec  2.749 ms  0/181 (0%)  
[  8]  69.00-70.00  sec   242 KBytes  1.98 Mbits/sec  2.149 ms  0/177 (0%)  
[  8]  70.00-71.00  sec   245 KBytes  2.00 Mbits/sec  2.412 ms  0/179 (0%)  
[  8]  71.00-72.00  sec   245 KBytes  2.00 Mbits/sec  3.433 ms  0/179 (0%)  
[  8]  72.00-73.00  sec   242 KBytes  1.98 Mbits/sec  4.003 ms  0/177 (0%)  
[  8]  73.00-74.00  sec   245 KBytes  2.00 Mbits/sec  4.110 ms  0/179 (0%)  
[  8]  74.00-75.00  sec   241 KBytes  1.97 Mbits/sec  3.571 ms  3/179 (1.7%)  
[  8]  75.00-76.00  sec   243 KBytes  2.00 Mbits/sec  3.436 ms  0/178 (0%)  
[  8]  76.00-77.00  sec   245 KBytes  2.00 Mbits/sec  3.722 ms  0/179 (0%)  
[  8]  77.00-78.00  sec   246 KBytes  2.02 Mbits/sec  3.958 ms  0/180 (0%)  
[  8]  78.00-79.00  sec   242 KBytes  1.98 Mbits/sec  5.109 ms  0/177 (0%)  
[  8]  79.00-80.00  sec   246 KBytes  2.02 Mbits/sec  4.050 ms  0/180 (0%)  
[  8]  80.00-81.00  sec   242 KBytes  1.98 Mbits/sec  5.092 ms  1/178 (0.56%)  
[  8]  81.00-82.00  sec   243 KBytes  1.99 Mbits/sec  2.926 ms  0/178 (0%)  
[  8]  82.00-83.00  sec   245 KBytes  2.01 Mbits/sec  4.575 ms  0/179 (0%)  
[  8]  83.00-84.00  sec   242 KBytes  1.99 Mbits/sec  6.026 ms  0/177 (0%)  
[  8]  84.00-85.00  sec   241 KBytes  1.97 Mbits/sec  2.470 ms  0/176 (0%)  
[  8]  85.00-86.00  sec   246 KBytes  2.02 Mbits/sec  2.950 ms  0/180 (0%)  
[  8]  86.00-87.00  sec   249 KBytes  2.04 Mbits/sec  3.978 ms  0/182 (0%)  
[  8]  87.00-88.01  sec   246 KBytes  2.00 Mbits/sec  4.183 ms  0/180 (0%)  
[  8]  88.01-89.00  sec   242 KBytes  1.99 Mbits/sec  3.350 ms  0/177 (0%)  
[  8]  89.00-90.00  sec   242 KBytes  1.99 Mbits/sec  3.130 ms  0/177 (0%)  
[  8]  90.00-91.00  sec   245 KBytes  2.01 Mbits/sec  2.403 ms  0/179 (0%)  
[  8]  91.00-92.00  sec   241 KBytes  1.97 Mbits/sec  3.941 ms  0/176 (0%)  
[  8]  92.00-93.00  sec   247 KBytes  2.03 Mbits/sec  3.329 ms  0/181 (0%)  
[  8]  93.00-94.00  sec   245 KBytes  2.00 Mbits/sec  4.730 ms  0/179 (0%)  
[  8]  94.00-95.00  sec   239 KBytes  1.96 Mbits/sec  5.538 ms  4/179 (2.2%)  
[  8]  95.00-96.01  sec   243 KBytes  1.98 Mbits/sec  2.209 ms  1/179 (0.56%)  
[  8]  96.01-97.00  sec   242 KBytes  2.00 Mbits/sec  3.104 ms  0/177 (0%)  
[  8]  97.00-98.00  sec   245 KBytes  2.00 Mbits/sec  1.485 ms  0/179 (0%)  
[  8]  98.00-99.00  sec   245 KBytes  2.00 Mbits/sec  3.347 ms  0/179 (0%)  
[  8]  99.00-100.00 sec   246 KBytes  2.01 Mbits/sec  2.712 ms  0/180 (0%)  
[  8] 100.00-101.00 sec   243 KBytes  2.00 Mbits/sec  2.267 ms  0/178 (0%)  
[  8] 101.00-102.00 sec   243 KBytes  1.99 Mbits/sec  3.716 ms  0/178 (0%)  
[  8] 102.00-103.00 sec   243 KBytes  1.99 Mbits/sec  3.691 ms  0/178 (0%)  
[  8] 103.00-104.00 sec   245 KBytes  2.01 Mbits/sec  3.362 ms  0/179 (0%)  
[  8] 104.00-105.00 sec   245 KBytes  2.00 Mbits/sec  3.136 ms  0/179 (0%)  
[  8] 105.00-106.00 sec   243 KBytes  1.99 Mbits/sec  2.078 ms  0/178 (0%)  
[  8] 106.00-107.00 sec   245 KBytes  2.00 Mbits/sec  2.286 ms  0/179 (0%)  
[  8] 107.00-108.00 sec   245 KBytes  2.00 Mbits/sec  3.612 ms  0/179 (0%)  
[  8] 108.00-109.00 sec   243 KBytes  1.99 Mbits/sec  3.237 ms  0/178 (0%)  
[  8] 109.00-110.00 sec   243 KBytes  1.99 Mbits/sec  3.914 ms  0/178 (0%)  
[  8] 110.00-111.00 sec   246 KBytes  2.02 Mbits/sec  4.844 ms  0/180 (0%)  
[  8] 111.00-112.00 sec   242 KBytes  1.98 Mbits/sec  4.051 ms  0/177 (0%)  
[  8] 112.00-113.00 sec   243 KBytes  1.99 Mbits/sec  2.222 ms  0/178 (0%)  
[  8] 113.00-114.00 sec   246 KBytes  2.02 Mbits/sec  1.990 ms  0/180 (0%)  
[  8] 114.00-115.00 sec   243 KBytes  1.99 Mbits/sec  4.930 ms  0/178 (0%)  
[  8] 115.00-116.00 sec   245 KBytes  2.00 Mbits/sec  3.262 ms  0/179 (0%)  
[  8] 116.00-117.00 sec   245 KBytes  2.00 Mbits/sec  1.657 ms  0/179 (0%)  
[  8] 117.00-118.00 sec   243 KBytes  1.99 Mbits/sec  2.629 ms  0/178 (0%)  
[  8] 118.00-119.00 sec   245 KBytes  2.00 Mbits/sec  4.282 ms  0/179 (0%)  
[  8] 119.00-120.01 sec   246 KBytes  2.01 Mbits/sec  4.283 ms  0/180 (0%)  
[  8] 120.01-121.00 sec   242 KBytes  1.99 Mbits/sec  2.928 ms  0/177 (0%)  
[  8] 121.00-122.00 sec   242 KBytes  1.98 Mbits/sec  2.822 ms  0/177 (0%)  
[  8] 122.00-123.00 sec   245 KBytes  2.00 Mbits/sec  2.442 ms  0/179 (0%)  
[  8] 123.00-124.00 sec   246 KBytes  2.02 Mbits/sec  2.709 ms  0/180 (0%)  
[  8] 124.00-125.00 sec   243 KBytes  1.99 Mbits/sec  2.297 ms  0/178 (0%)  
[  8] 125.00-126.00 sec   243 KBytes  1.99 Mbits/sec  3.784 ms  1/179 (0.56%)  
[  8] 126.00-127.00 sec   242 KBytes  1.98 Mbits/sec  2.762 ms  0/177 (0%)  
[  8] 127.00-128.00 sec   242 KBytes  1.98 Mbits/sec  2.348 ms  2/179 (1.1%)  
[  8] 128.00-129.00 sec   243 KBytes  2.00 Mbits/sec  2.880 ms  1/179 (0.56%)  
[  8] 129.00-130.00 sec   245 KBytes  2.00 Mbits/sec  1.772 ms  0/179 (0%)  
[  8] 130.00-131.00 sec   245 KBytes  2.00 Mbits/sec  5.025 ms  0/179 (0%)  
[  8] 131.00-132.00 sec   238 KBytes  1.95 Mbits/sec  2.902 ms  3/177 (1.7%)  
[  8] 132.00-133.00 sec   238 KBytes  1.95 Mbits/sec  3.598 ms  2/176 (1.1%)  
[  8] 133.00-134.00 sec   250 KBytes  2.05 Mbits/sec  3.769 ms  0/183 (0%)  
[  8] 134.00-135.00 sec   237 KBytes  1.94 Mbits/sec  2.439 ms  1/174 (0.57%)  
[  8] 135.00-136.00 sec   250 KBytes  2.05 Mbits/sec  4.585 ms  0/183 (0%)  
[  8] 136.00-137.00 sec   243 KBytes  1.99 Mbits/sec  4.112 ms  0/178 (0%)  
[  8] 137.00-138.00 sec   245 KBytes  2.01 Mbits/sec  2.591 ms  0/179 (0%)  
[  8] 138.00-139.00 sec   243 KBytes  1.99 Mbits/sec  2.821 ms  0/178 (0%)  
[  8] 139.00-140.00 sec   245 KBytes  2.00 Mbits/sec  2.860 ms  0/179 (0%)  
[  8] 140.00-141.00 sec   245 KBytes  2.01 Mbits/sec  1.302 ms  0/179 (0%)  
[  8] 141.00-142.00 sec   242 KBytes  1.97 Mbits/sec  2.379 ms  0/177 (0%)  
[  8] 142.00-143.00 sec   246 KBytes  2.02 Mbits/sec  2.470 ms  0/180 (0%)  
[  8] 143.00-144.00 sec   243 KBytes  2.00 Mbits/sec  2.837 ms  1/179 (0.56%)  
[  8] 144.00-145.00 sec   242 KBytes  1.98 Mbits/sec  3.841 ms  0/177 (0%)  
[  8] 145.00-146.00 sec   246 KBytes  2.02 Mbits/sec  2.482 ms  0/180 (0%)  
[  8] 146.00-147.00 sec   243 KBytes  1.99 Mbits/sec  1.754 ms  0/178 (0%)  
[  8] 147.00-148.00 sec   245 KBytes  2.00 Mbits/sec  3.381 ms  0/179 (0%)  
[  8] 148.00-149.00 sec   243 KBytes  1.99 Mbits/sec  4.318 ms  0/178 (0%)  
[  8] 149.00-150.00 sec   245 KBytes  2.00 Mbits/sec  3.568 ms  0/179 (0%)  
[  8] 150.00-151.00 sec   241 KBytes  1.97 Mbits/sec  3.364 ms  1/177 (0.56%)  
[  8] 151.00-152.00 sec   245 KBytes  2.00 Mbits/sec  2.670 ms  0/179 (0%)  
[  8] 152.00-153.00 sec   245 KBytes  2.00 Mbits/sec  3.868 ms  0/179 (0%)  
[  8] 153.00-154.00 sec   246 KBytes  2.02 Mbits/sec  3.502 ms  0/180 (0%)  
[  8] 154.00-155.00 sec   243 KBytes  1.99 Mbits/sec  2.025 ms  0/178 (0%)  
[  8] 155.00-156.00 sec   245 KBytes  2.01 Mbits/sec  3.024 ms  0/179 (0%)  
[  8] 156.00-157.00 sec   241 KBytes  1.97 Mbits/sec  4.265 ms  1/177 (0.56%)  
[  8] 157.00-158.00 sec   239 KBytes  1.95 Mbits/sec  2.977 ms  5/180 (2.8%)  
[  8] 158.00-159.00 sec   239 KBytes  1.97 Mbits/sec  2.612 ms  0/175 (0%)  
[  8] 159.00-160.00 sec   246 KBytes  2.02 Mbits/sec  1.565 ms  0/180 (0%)  
[  8] 160.00-161.00 sec   243 KBytes  1.99 Mbits/sec  2.325 ms  2/180 (1.1%)  
[  8] 161.00-162.00 sec   243 KBytes  1.99 Mbits/sec  1.550 ms  0/178 (0%)  
[  8] 162.00-163.00 sec   246 KBytes  2.01 Mbits/sec  1.173 ms  0/180 (0%)  
[  8] 163.00-164.00 sec   243 KBytes  1.99 Mbits/sec  3.068 ms  0/178 (0%)  
[  8] 164.00-165.00 sec   243 KBytes  1.99 Mbits/sec  5.131 ms  0/178 (0%)  
[  8] 165.00-166.00 sec   242 KBytes  1.98 Mbits/sec  4.287 ms  0/177 (0%)  
[  8] 166.00-167.00 sec   245 KBytes  2.00 Mbits/sec  4.358 ms  0/179 (0%)  
[  8] 167.00-168.00 sec   243 KBytes  1.99 Mbits/sec  3.858 ms  0/178 (0%)  
[  8] 168.00-169.00 sec   243 KBytes  1.99 Mbits/sec  2.263 ms  0/178 (0%)  
[  8] 169.00-170.00 sec   238 KBytes  1.95 Mbits/sec  6.879 ms  4/178 (2.2%)  
[  8] 170.00-171.00 sec   247 KBytes  2.03 Mbits/sec  2.305 ms  0/181 (0%)  
[  8] 171.00-172.00 sec   246 KBytes  2.02 Mbits/sec  4.451 ms  0/180 (0%)  
[  8] 172.00-173.00 sec   238 KBytes  1.95 Mbits/sec  6.303 ms  2/176 (1.1%)  
[  8] 173.00-174.00 sec   239 KBytes  1.96 Mbits/sec  2.445 ms  1/176 (0.57%)  
[  8] 174.00-175.00 sec   249 KBytes  2.04 Mbits/sec  1.933 ms  0/182 (0%)  
[  8] 175.00-176.00 sec   243 KBytes  1.99 Mbits/sec  2.487 ms  0/178 (0%)  
[  8] 176.00-177.00 sec   247 KBytes  2.03 Mbits/sec  6.046 ms  0/181 (0%)  
[  8] 177.00-178.00 sec   241 KBytes  1.97 Mbits/sec  2.702 ms  0/176 (0%)  
[  8] 178.00-179.00 sec   243 KBytes  1.99 Mbits/sec  3.835 ms  0/178 (0%)  
[  8] 179.00-180.00 sec   246 KBytes  2.02 Mbits/sec  3.697 ms  0/180 (0%)  
[  8] 180.00-181.00 sec   241 KBytes  1.97 Mbits/sec  2.651 ms  0/176 (0%)  
[  8] 181.00-182.00 sec   249 KBytes  2.04 Mbits/sec  1.784 ms  0/182 (0%)  
[  8] 182.00-183.00 sec   243 KBytes  1.99 Mbits/sec  1.638 ms  0/178 (0%)  
[  8] 183.00-184.00 sec   245 KBytes  2.01 Mbits/sec  4.661 ms  0/179 (0%)  
[  8] 184.00-185.00 sec   241 KBytes  1.97 Mbits/sec  1.369 ms  0/176 (0%)  
[  8] 185.00-186.00 sec   247 KBytes  2.03 Mbits/sec  1.235 ms  0/181 (0%)  
[  8] 186.00-187.00 sec   245 KBytes  2.00 Mbits/sec  2.848 ms  0/179 (0%)  
[  8] 187.00-188.00 sec   243 KBytes  1.99 Mbits/sec  5.409 ms  0/178 (0%)  
[  8] 188.00-189.00 sec   241 KBytes  1.97 Mbits/sec  2.734 ms  0/176 (0%)  
[  8] 189.00-190.00 sec   243 KBytes  1.99 Mbits/sec  2.016 ms  2/180 (1.1%)  
[  8] 190.00-191.00 sec   243 KBytes  1.99 Mbits/sec  4.016 ms  1/179 (0.56%)  
[  8] 191.00-192.00 sec   245 KBytes  2.00 Mbits/sec  4.282 ms  0/179 (0%)  
[  8] 192.00-193.00 sec   243 KBytes  1.99 Mbits/sec  4.378 ms  1/179 (0.56%)  
[  8] 193.00-194.00 sec   241 KBytes  1.97 Mbits/sec  4.141 ms  0/176 (0%)  
[  8] 194.00-195.00 sec   239 KBytes  1.96 Mbits/sec  1.974 ms  3/178 (1.7%)  
[  8] 195.00-196.00 sec   247 KBytes  2.03 Mbits/sec  2.662 ms  0/181 (0%)  
[  8] 196.00-197.00 sec   242 KBytes  1.98 Mbits/sec  5.807 ms  1/178 (0.56%)  
[  8] 197.00-198.00 sec   242 KBytes  1.99 Mbits/sec  3.547 ms  2/179 (1.1%)  
[  8] 198.00-199.00 sec   245 KBytes  2.00 Mbits/sec  3.665 ms  0/179 (0%)  
[  8] 199.00-200.00 sec   243 KBytes  1.99 Mbits/sec  3.130 ms  0/178 (0%)  
[  8] 200.00-201.00 sec   245 KBytes  2.01 Mbits/sec  4.739 ms  0/179 (0%)  
[  8] 201.00-202.00 sec   242 KBytes  1.98 Mbits/sec  3.507 ms  0/177 (0%)  
[  8] 202.00-203.00 sec   249 KBytes  2.04 Mbits/sec  1.939 ms  0/182 (0%)  
[  8] 203.00-204.00 sec   241 KBytes  1.97 Mbits/sec  2.141 ms  0/176 (0%)  
[  8] 204.00-205.00 sec   246 KBytes  2.02 Mbits/sec  1.813 ms  0/180 (0%)  
[  8] 205.00-206.00 sec   242 KBytes  1.98 Mbits/sec  3.001 ms  2/179 (1.1%)  
[  8] 206.00-207.00 sec   237 KBytes  1.94 Mbits/sec  5.140 ms  5/178 (2.8%)  
[  8] 207.00-208.00 sec   239 KBytes  1.96 Mbits/sec  2.554 ms  4/179 (2.2%)  
[  8] 208.00-209.00 sec   242 KBytes  1.98 Mbits/sec  4.202 ms  0/177 (0%)  
[  8] 209.00-210.00 sec   242 KBytes  1.98 Mbits/sec  3.284 ms  1/178 (0.56%)  
[  8] 210.00-211.00 sec   241 KBytes  1.97 Mbits/sec  3.068 ms  4/180 (2.2%)  
[  8] 211.00-212.00 sec   246 KBytes  2.01 Mbits/sec  4.742 ms  0/180 (0%)  
[  8] 212.00-213.00 sec   238 KBytes  1.96 Mbits/sec  4.064 ms  0/174 (0%)  
[  8] 213.00-214.00 sec   249 KBytes  2.04 Mbits/sec  5.745 ms  0/182 (0%)  
[  8] 214.00-215.00 sec   245 KBytes  2.00 Mbits/sec  2.052 ms  0/179 (0%)  
[  8] 215.00-216.00 sec   245 KBytes  2.00 Mbits/sec  4.537 ms  0/179 (0%)  
[  8] 216.00-217.00 sec   241 KBytes  1.97 Mbits/sec  4.285 ms  2/178 (1.1%)  
[  8] 217.00-218.00 sec   243 KBytes  1.99 Mbits/sec  3.890 ms  0/178 (0%)  
[  8] 218.00-219.00 sec   238 KBytes  1.95 Mbits/sec  3.889 ms  1/175 (0.57%)  
[  8] 219.00-220.00 sec   250 KBytes  2.05 Mbits/sec  5.190 ms  0/183 (0%)  
[  8] 220.00-221.00 sec   242 KBytes  1.98 Mbits/sec  4.332 ms  1/178 (0.56%)  
[  8] 221.00-222.00 sec   243 KBytes  1.99 Mbits/sec  3.565 ms  0/178 (0%)  
[  8] 222.00-223.00 sec   245 KBytes  2.01 Mbits/sec  1.898 ms  0/179 (0%)  
[  8] 223.00-224.00 sec   243 KBytes  1.99 Mbits/sec  3.455 ms  0/178 (0%)  
[  8] 224.00-225.00 sec   243 KBytes  1.99 Mbits/sec  4.878 ms  0/178 (0%)  
[  8] 225.00-226.00 sec   245 KBytes  2.01 Mbits/sec  4.151 ms  0/179 (0%)  
[  8] 226.00-227.00 sec   243 KBytes  2.00 Mbits/sec  4.864 ms  0/178 (0%)  
[  8] 227.00-228.00 sec   246 KBytes  2.02 Mbits/sec  1.443 ms  0/180 (0%)  
[  8] 228.00-229.00 sec   242 KBytes  1.98 Mbits/sec  4.330 ms  1/178 (0.56%)  
[  8] 229.00-230.00 sec   245 KBytes  2.00 Mbits/sec  5.914 ms  0/179 (0%)  
[  8] 230.00-231.00 sec   235 KBytes  1.92 Mbits/sec  2.856 ms  7/179 (3.9%)  
[  8] 231.00-232.00 sec   245 KBytes  2.01 Mbits/sec  3.824 ms  0/179 (0%)  
[  8] 232.00-233.00 sec   237 KBytes  1.94 Mbits/sec  5.796 ms  2/175 (1.1%)  
[  8] 233.00-234.00 sec   242 KBytes  1.98 Mbits/sec  4.637 ms  2/179 (1.1%)  
[  8] 234.00-235.00 sec   245 KBytes  2.00 Mbits/sec  4.619 ms  1/180 (0.56%)  
[  8] 235.00-236.00 sec   246 KBytes  2.01 Mbits/sec  3.467 ms  0/180 (0%)  
[  8] 236.00-237.00 sec   238 KBytes  1.95 Mbits/sec  3.017 ms  5/179 (2.8%)  
[  8] 237.00-238.00 sec   242 KBytes  1.99 Mbits/sec  3.820 ms  0/177 (0%)  
[  8] 238.00-239.00 sec   243 KBytes  1.99 Mbits/sec  4.035 ms  0/178 (0%)  
[  8] 239.00-240.00 sec   246 KBytes  2.01 Mbits/sec  2.377 ms  1/181 (0.55%)  
[  8] 240.00-240.02 sec  2.73 KBytes  1.55 Mbits/sec  2.326 ms  0/2 (0%)  
- - - - - - - - - - - - - - - - - - - - - - - - -
[ ID] Interval           Transfer     Bitrate         Jitter    Lost/Total Datagrams
[  8]   0.00-240.02 sec  57.1 MBytes  2.00 Mbits/sec  2.326 ms  97/42858 (0.23%)  receiver
-----------------------------------------------------------
Server listening on 5201 (test #1)
-----------------------------------------------------------
Accepted connection from 10.0.0.89, port 36204
[  8] local 10.0.0.121 port 5201 connected to 10.0.0.89 port 33139
[ ID] Interval           Transfer     Bitrate         Jitter    Lost/Total Datagrams
[  8]   0.00-1.00   sec   241 KBytes  1.97 Mbits/sec  1.897 ms  0/176 (0%)  
[  8]   1.00-2.00   sec   239 KBytes  1.96 Mbits/sec  1.959 ms  3/178 (1.7%)  
[  8]   2.00-3.00   sec   243 KBytes  2.00 Mbits/sec  2.315 ms  1/179 (0.56%)  
[  8]   3.00-4.00   sec   245 KBytes  2.00 Mbits/sec  3.117 ms  0/179 (0%)  
[  8]   4.00-5.00   sec   245 KBytes  2.00 Mbits/sec  2.630 ms  0/179 (0%)  
[  8]   5.00-6.00   sec   242 KBytes  1.98 Mbits/sec  3.822 ms  0/177 (0%)  
[  8]   6.00-7.00   sec   247 KBytes  2.03 Mbits/sec  1.773 ms  0/181 (0%)  
[  8]   7.00-8.00   sec   243 KBytes  1.99 Mbits/sec  2.208 ms  0/178 (0%)  
[  8]   8.00-9.00   sec   242 KBytes  1.98 Mbits/sec  2.070 ms  0/177 (0%)  
[  8]   9.00-10.00  sec   246 KBytes  2.02 Mbits/sec  2.103 ms  0/180 (0%)  
[  8]  10.00-11.00  sec   245 KBytes  2.00 Mbits/sec  3.825 ms  0/179 (0%)  
[  8]  11.00-12.00  sec   243 KBytes  1.99 Mbits/sec  3.881 ms  0/178 (0%)  
[  8]  12.00-13.00  sec   243 KBytes  1.99 Mbits/sec  2.598 ms  0/178 (0%)  
[  8]  13.00-14.00  sec   245 KBytes  2.00 Mbits/sec  1.752 ms  0/179 (0%)  
[  8]  14.00-15.00  sec   243 KBytes  1.99 Mbits/sec  3.724 ms  0/178 (0%)  
[  8]  15.00-16.00  sec   243 KBytes  1.99 Mbits/sec  2.532 ms  0/178 (0%)  
[  8]  16.00-17.00  sec   246 KBytes  2.02 Mbits/sec  3.086 ms  0/180 (0%)  
[  8]  17.00-18.00  sec   243 KBytes  1.99 Mbits/sec  2.113 ms  0/178 (0%)  
[  8]  18.00-19.00  sec   245 KBytes  2.00 Mbits/sec  3.839 ms  0/179 (0%)  
[  8]  19.00-20.00  sec   243 KBytes  1.99 Mbits/sec  3.205 ms  0/178 (0%)  
[  8]  20.00-21.00  sec   245 KBytes  2.00 Mbits/sec  1.314 ms  0/179 (0%)  
[  8]  21.00-22.00  sec   243 KBytes  1.99 Mbits/sec  4.303 ms  0/178 (0%)  
[  8]  22.00-23.00  sec   242 KBytes  1.98 Mbits/sec  3.709 ms  1/178 (0.56%)  
[  8]  23.00-24.00  sec   246 KBytes  2.02 Mbits/sec  4.648 ms  0/180 (0%)  
[  8]  24.00-25.00  sec   239 KBytes  1.96 Mbits/sec  2.487 ms  0/175 (0%)  
[  8]  25.00-26.01  sec   243 KBytes  1.97 Mbits/sec  3.952 ms  0/178 (0%)  
[  8]  26.01-27.00  sec   235 KBytes  1.95 Mbits/sec  5.411 ms  10/182 (5.5%)  
[  8]  27.00-28.00  sec   245 KBytes  2.00 Mbits/sec  3.845 ms  0/179 (0%)  
[  8]  28.00-29.00  sec   237 KBytes  1.93 Mbits/sec  2.782 ms  5/178 (2.8%)  
[  8]  29.00-30.00  sec   243 KBytes  2.00 Mbits/sec  4.421 ms  0/178 (0%)  
[  8]  30.00-31.00  sec   238 KBytes  1.95 Mbits/sec  6.037 ms  0/174 (0%)  
[  8]  31.00-32.00  sec   249 KBytes  2.04 Mbits/sec  5.637 ms  1/183 (0.55%)  
[  8]  32.00-33.00  sec   246 KBytes  2.02 Mbits/sec  2.948 ms  0/180 (0%)  
[  8]  33.00-34.00  sec   238 KBytes  1.95 Mbits/sec  4.679 ms  4/178 (2.2%)  
[  8]  34.00-35.00  sec   239 KBytes  1.96 Mbits/sec  4.972 ms  2/177 (1.1%)  
[  8]  35.00-36.00  sec   245 KBytes  2.00 Mbits/sec  6.254 ms  1/180 (0.56%)  
[  8]  36.00-37.00  sec   242 KBytes  1.98 Mbits/sec  3.505 ms  0/177 (0%)  
[  8]  37.00-38.00  sec   243 KBytes  1.99 Mbits/sec  6.396 ms  0/178 (0%)  
[  8]  38.00-39.00  sec   246 KBytes  2.02 Mbits/sec  4.511 ms  1/181 (0.55%)  
[  8]  39.00-40.00  sec   243 KBytes  1.99 Mbits/sec  2.956 ms  1/179 (0.56%)  
[  8]  40.00-41.00  sec   245 KBytes  2.00 Mbits/sec  4.663 ms  0/179 (0%)  
[  8]  41.00-42.00  sec   242 KBytes  1.99 Mbits/sec  3.843 ms  0/177 (0%)  
[  8]  42.00-43.00  sec   245 KBytes  2.01 Mbits/sec  4.196 ms  0/179 (0%)  
[  8]  43.00-44.00  sec   245 KBytes  2.00 Mbits/sec  5.235 ms  0/179 (0%)  
[  8]  44.00-45.00  sec   242 KBytes  1.98 Mbits/sec  5.367 ms  0/177 (0%)  
[  8]  45.00-46.00  sec   245 KBytes  2.01 Mbits/sec  3.690 ms  0/179 (0%)  
[  8]  46.00-47.00  sec   242 KBytes  1.98 Mbits/sec  5.288 ms  0/177 (0%)  
[  8]  47.00-48.00  sec   247 KBytes  2.03 Mbits/sec  4.199 ms  0/181 (0%)  
[  8]  48.00-49.00  sec   242 KBytes  1.98 Mbits/sec  4.558 ms  0/177 (0%)  
[  8]  49.00-50.00  sec   246 KBytes  2.02 Mbits/sec  4.594 ms  0/180 (0%)  
[  8]  50.00-51.00  sec   245 KBytes  2.00 Mbits/sec  3.607 ms  0/179 (0%)  
[  8]  51.00-52.00  sec   241 KBytes  1.97 Mbits/sec  4.243 ms  0/176 (0%)  
[  8]  52.00-53.00  sec   241 KBytes  1.97 Mbits/sec  5.894 ms  0/176 (0%)  
[  8]  53.00-54.00  sec   247 KBytes  2.03 Mbits/sec  5.199 ms  1/182 (0.55%)  
[  8]  54.00-55.00  sec   247 KBytes  2.03 Mbits/sec  5.655 ms  0/181 (0%)  
[  8]  55.00-56.00  sec   242 KBytes  1.98 Mbits/sec  3.923 ms  0/177 (0%)  
[  8]  56.00-57.00  sec   241 KBytes  1.97 Mbits/sec  4.682 ms  3/179 (1.7%)  
[  8]  57.00-58.00  sec   232 KBytes  1.90 Mbits/sec  1.896 ms  0/170 (0%)  
[  8]  58.00-59.00  sec   253 KBytes  2.07 Mbits/sec  3.111 ms  2/187 (1.1%)  
[  8]  59.00-60.00  sec   239 KBytes  1.96 Mbits/sec  4.518 ms  0/175 (0%)  
[  8]  60.00-61.00  sec   247 KBytes  2.03 Mbits/sec  2.559 ms  2/183 (1.1%)  
[  8]  61.00-62.00  sec   237 KBytes  1.94 Mbits/sec  5.086 ms  3/176 (1.7%)  
[  8]  62.00-63.00  sec   245 KBytes  2.00 Mbits/sec  3.190 ms  1/180 (0.56%)  
[  8]  63.00-64.00  sec   245 KBytes  2.00 Mbits/sec  2.880 ms  0/179 (0%)  
[  8]  64.00-65.00  sec   243 KBytes  1.99 Mbits/sec  5.165 ms  0/178 (0%)  
[  8]  65.00-66.00  sec   243 KBytes  1.99 Mbits/sec  5.103 ms  0/178 (0%)  
[  8]  66.00-67.00  sec   241 KBytes  1.97 Mbits/sec  6.557 ms  3/179 (1.7%)  
[  8]  67.00-68.00  sec   242 KBytes  1.98 Mbits/sec  4.132 ms  1/178 (0.56%)  
[  8]  68.00-69.00  sec   245 KBytes  2.00 Mbits/sec  1.787 ms  1/180 (0.56%)  
[  8]  69.00-70.02  sec   232 KBytes  1.88 Mbits/sec  2.260 ms  6/176 (3.4%)  
[  8]  70.02-71.00  sec   245 KBytes  2.03 Mbits/sec  3.977 ms  0/179 (0%)  
[  8]  71.00-72.00  sec   245 KBytes  2.01 Mbits/sec  2.571 ms  1/180 (0.56%)  
[  8]  72.00-73.00  sec   238 KBytes  1.95 Mbits/sec  6.245 ms  2/176 (1.1%)  
[  8]  73.00-74.01  sec   249 KBytes  2.03 Mbits/sec  4.610 ms  1/183 (0.55%)  
[  8]  74.01-75.00  sec   242 KBytes  1.99 Mbits/sec  3.359 ms  1/178 (0.56%)  
[  8]  75.00-76.00  sec   242 KBytes  1.98 Mbits/sec  3.984 ms  0/177 (0%)  
[  8]  76.00-77.00  sec   246 KBytes  2.01 Mbits/sec  3.519 ms  0/180 (0%)  
[  8]  77.00-78.00  sec   245 KBytes  2.00 Mbits/sec  4.179 ms  0/179 (0%)  
[  8]  78.00-79.00  sec   239 KBytes  1.96 Mbits/sec  5.390 ms  0/175 (0%)  
[  8]  79.00-80.00  sec   246 KBytes  2.02 Mbits/sec  4.104 ms  0/180 (0%)  
[  8]  80.00-81.00  sec   242 KBytes  1.98 Mbits/sec  4.927 ms  2/179 (1.1%)  
[  8]  81.00-82.02  sec   247 KBytes  1.99 Mbits/sec  3.524 ms  0/181 (0%)  
[  8]  82.02-83.02  sec   238 KBytes  1.96 Mbits/sec  2.883 ms  2/176 (1.1%)  
[  8]  83.02-84.00  sec   237 KBytes  1.97 Mbits/sec  2.644 ms  1/174 (0.57%)  
[  8]  84.00-85.00  sec   252 KBytes  2.06 Mbits/sec  1.884 ms  0/184 (0%)  
[  8]  85.00-86.00  sec   231 KBytes  1.89 Mbits/sec  3.939 ms  4/173 (2.3%)  
[  8]  86.00-87.00  sec   245 KBytes  2.00 Mbits/sec  5.041 ms  3/182 (1.6%)  
[  8]  87.00-88.00  sec   246 KBytes  2.02 Mbits/sec  0.756 ms  0/180 (0%)  
[  8]  88.00-89.00  sec   245 KBytes  2.00 Mbits/sec  3.423 ms  0/179 (0%)  
[  8]  89.00-90.00  sec   242 KBytes  1.98 Mbits/sec  1.706 ms  0/177 (0%)  
[  8]  90.00-91.00  sec   247 KBytes  2.03 Mbits/sec  1.802 ms  0/181 (0%)  
[  8]  91.00-92.00  sec   242 KBytes  1.98 Mbits/sec  3.780 ms  0/177 (0%)  
[  8]  92.00-93.00  sec   245 KBytes  2.01 Mbits/sec  3.269 ms  0/179 (0%)  
[  8]  93.00-94.00  sec   246 KBytes  2.02 Mbits/sec  3.235 ms  0/180 (0%)  
[  8]  94.00-95.00  sec   245 KBytes  2.00 Mbits/sec  3.655 ms  0/179 (0%)  
[  8]  95.00-96.00  sec   241 KBytes  1.97 Mbits/sec  4.644 ms  0/176 (0%)  
[  8]  96.00-97.00  sec   245 KBytes  2.00 Mbits/sec  4.555 ms  0/179 (0%)  
[  8]  97.00-98.00  sec   247 KBytes  2.03 Mbits/sec  2.576 ms  0/181 (0%)  
[  8]  98.00-99.00  sec   242 KBytes  1.98 Mbits/sec  4.270 ms  0/177 (0%)  
[  8]  99.00-100.00 sec   239 KBytes  1.96 Mbits/sec  4.691 ms  2/177 (1.1%)  
[  8] 100.00-101.00 sec   245 KBytes  2.00 Mbits/sec  5.449 ms  1/180 (0.56%)  
[  8] 101.00-102.00 sec   245 KBytes  2.01 Mbits/sec  3.608 ms  0/179 (0%)  
[  8] 102.00-103.00 sec   245 KBytes  2.01 Mbits/sec  2.794 ms  0/179 (0%)  
[  8] 103.00-104.00 sec   241 KBytes  1.97 Mbits/sec  3.494 ms  0/176 (0%)  
[  8] 104.00-105.00 sec   245 KBytes  2.00 Mbits/sec  2.674 ms  0/179 (0%)  
[  8] 105.00-106.00 sec   246 KBytes  2.02 Mbits/sec  3.515 ms  0/180 (0%)  
[  8] 106.00-107.00 sec   243 KBytes  1.99 Mbits/sec  4.004 ms  0/178 (0%)  
[  8] 107.00-108.00 sec   245 KBytes  2.00 Mbits/sec  3.936 ms  0/179 (0%)  
[  8] 108.00-109.00 sec   245 KBytes  2.00 Mbits/sec  4.363 ms  0/179 (0%)  
[  8] 109.00-110.00 sec   242 KBytes  1.98 Mbits/sec  3.519 ms  0/177 (0%)  
[  8] 110.00-111.00 sec   243 KBytes  1.99 Mbits/sec  4.707 ms  2/180 (1.1%)  
[  8] 111.00-112.00 sec   242 KBytes  1.98 Mbits/sec  3.719 ms  0/177 (0%)  
[  8] 112.00-113.00 sec   245 KBytes  2.01 Mbits/sec  2.799 ms  0/179 (0%)  
[  8] 113.00-114.00 sec   245 KBytes  2.00 Mbits/sec  5.089 ms  0/179 (0%)  
[  8] 114.00-115.00 sec   243 KBytes  2.00 Mbits/sec  4.100 ms  0/178 (0%)  
[  8] 115.00-116.00 sec   245 KBytes  2.00 Mbits/sec  3.536 ms  0/179 (0%)  
[  8] 116.00-117.00 sec   245 KBytes  2.00 Mbits/sec  2.022 ms  0/179 (0%)  
[  8] 117.00-118.00 sec   243 KBytes  1.99 Mbits/sec  3.030 ms  0/178 (0%)  
[  8] 118.00-119.00 sec   246 KBytes  2.02 Mbits/sec  2.618 ms  0/180 (0%)  
[  8] 119.00-120.00 sec   243 KBytes  1.99 Mbits/sec  1.987 ms  0/178 (0%)  
[  8] 120.00-121.00 sec   243 KBytes  1.99 Mbits/sec  3.808 ms  0/178 (0%)  
[  8] 121.00-122.00 sec   245 KBytes  2.00 Mbits/sec  0.984 ms  0/179 (0%)  
[  8] 122.00-123.00 sec   245 KBytes  2.00 Mbits/sec  2.304 ms  0/179 (0%)  
[  8] 123.00-124.00 sec   246 KBytes  2.01 Mbits/sec  5.752 ms  0/180 (0%)  
[  8] 124.00-125.00 sec   242 KBytes  1.99 Mbits/sec  4.222 ms  0/177 (0%)  
[  8] 125.00-126.00 sec   242 KBytes  1.98 Mbits/sec  3.611 ms  0/177 (0%)  
[  8] 126.00-127.00 sec   241 KBytes  1.97 Mbits/sec  2.921 ms  0/176 (0%)  
[  8] 127.00-128.00 sec   247 KBytes  2.03 Mbits/sec  3.023 ms  0/181 (0%)  
[  8] 128.00-129.00 sec   246 KBytes  2.02 Mbits/sec  2.225 ms  0/180 (0%)  
[  8] 129.00-130.00 sec   241 KBytes  1.97 Mbits/sec  2.269 ms  0/176 (0%)  
[  8] 130.00-131.00 sec   249 KBytes  2.04 Mbits/sec  3.444 ms  0/182 (0%)  
[  8] 131.00-132.00 sec   239 KBytes  1.96 Mbits/sec  3.590 ms  2/177 (1.1%)  
[  8] 132.00-133.00 sec   246 KBytes  2.02 Mbits/sec  2.587 ms  0/180 (0%)  
[  8] 133.00-134.00 sec   243 KBytes  1.99 Mbits/sec  1.679 ms  0/178 (0%)  
[  8] 134.00-135.00 sec   245 KBytes  2.00 Mbits/sec  3.362 ms  0/179 (0%)  
[  8] 135.00-136.00 sec   242 KBytes  1.98 Mbits/sec  3.869 ms  0/177 (0%)  
[  8] 136.00-137.00 sec   245 KBytes  2.01 Mbits/sec  1.997 ms  0/179 (0%)  
[  8] 137.00-138.00 sec   241 KBytes  1.97 Mbits/sec  4.446 ms  2/178 (1.1%)  
[  8] 138.00-139.00 sec   238 KBytes  1.95 Mbits/sec  3.505 ms  3/177 (1.7%)  
[  8] 139.00-140.00 sec   245 KBytes  2.00 Mbits/sec  4.003 ms  0/179 (0%)  
[  8] 140.00-141.00 sec   241 KBytes  1.97 Mbits/sec  4.255 ms  3/179 (1.7%)  
[  8] 141.00-142.00 sec   246 KBytes  2.02 Mbits/sec  6.162 ms  1/181 (0.55%)  
[  8] 142.00-143.00 sec   243 KBytes  1.99 Mbits/sec  3.869 ms  0/178 (0%)  
[  8] 143.00-144.00 sec   242 KBytes  1.98 Mbits/sec  3.579 ms  2/179 (1.1%)  
[  8] 144.00-145.00 sec   243 KBytes  1.99 Mbits/sec  5.005 ms  0/178 (0%)  
[  8] 145.00-146.00 sec   239 KBytes  1.96 Mbits/sec  2.467 ms  0/175 (0%)  
[  8] 146.00-147.00 sec   249 KBytes  2.03 Mbits/sec  2.510 ms  0/182 (0%)  
[  8] 147.00-148.00 sec   242 KBytes  1.98 Mbits/sec  6.083 ms  0/177 (0%)  
[  8] 148.00-149.00 sec   245 KBytes  2.01 Mbits/sec  3.646 ms  2/181 (1.1%)  
[  8] 149.00-150.00 sec   243 KBytes  1.99 Mbits/sec  2.798 ms  0/178 (0%)  
[  8] 150.00-151.00 sec   237 KBytes  1.94 Mbits/sec  3.737 ms  1/174 (0.57%)  
[  8] 151.00-152.00 sec   243 KBytes  1.99 Mbits/sec  2.200 ms  0/178 (0%)  
[  8] 152.00-153.00 sec   242 KBytes  1.98 Mbits/sec  5.659 ms  4/181 (2.2%)  
[  8] 153.00-154.00 sec   246 KBytes  2.02 Mbits/sec  6.912 ms  1/181 (0.55%)  
[  8] 154.00-155.00 sec   242 KBytes  1.98 Mbits/sec  4.108 ms  1/178 (0.56%)  
[  8] 155.00-156.00 sec   242 KBytes  1.98 Mbits/sec  4.123 ms  1/178 (0.56%)  
[  8] 156.00-157.00 sec   245 KBytes  2.00 Mbits/sec  4.131 ms  0/179 (0%)  
[  8] 157.00-158.00 sec   241 KBytes  1.97 Mbits/sec  5.499 ms  1/177 (0.56%)  
[  8] 158.00-159.00 sec   237 KBytes  1.94 Mbits/sec  5.365 ms  5/178 (2.8%)  
[  8] 159.00-160.00 sec   245 KBytes  2.00 Mbits/sec  4.395 ms  2/181 (1.1%)  
[  8] 160.00-161.00 sec   241 KBytes  1.97 Mbits/sec  5.366 ms  0/176 (0%)  
[  8] 161.00-162.00 sec   245 KBytes  2.00 Mbits/sec  5.074 ms  2/181 (1.1%)  
[  8] 162.00-163.00 sec   231 KBytes  1.90 Mbits/sec  3.483 ms  9/178 (5.1%)  
[  8] 163.00-164.00 sec   242 KBytes  1.98 Mbits/sec  6.487 ms  2/179 (1.1%)  
[  8] 164.00-165.00 sec   241 KBytes  1.98 Mbits/sec  5.547 ms  2/178 (1.1%)  
[  8] 165.00-166.00 sec   243 KBytes  1.99 Mbits/sec  5.078 ms  2/180 (1.1%)  
[  8] 166.00-167.00 sec   235 KBytes  1.93 Mbits/sec  2.124 ms  4/176 (2.3%)  
[  8] 167.00-168.00 sec   246 KBytes  2.02 Mbits/sec  3.159 ms  2/182 (1.1%)  
[  8] 168.00-169.00 sec   238 KBytes  1.95 Mbits/sec  3.232 ms  3/177 (1.7%)  
[  8] 169.00-170.00 sec   241 KBytes  1.97 Mbits/sec  5.119 ms  1/177 (0.56%)  
[  8] 170.00-171.00 sec   239 KBytes  1.96 Mbits/sec  4.934 ms  6/181 (3.3%)  
[  8] 171.00-172.00 sec   241 KBytes  1.97 Mbits/sec  3.810 ms  2/178 (1.1%)  
[  8] 172.00-173.00 sec   245 KBytes  2.00 Mbits/sec  4.802 ms  1/180 (0.56%)  
[  8] 173.00-174.00 sec   243 KBytes  1.99 Mbits/sec  4.561 ms  0/178 (0%)  
[  8] 174.00-175.00 sec   241 KBytes  1.97 Mbits/sec  5.032 ms  1/177 (0.56%)  
[  8] 175.00-176.00 sec   239 KBytes  1.96 Mbits/sec  4.964 ms  5/180 (2.8%)  
[  8] 176.00-177.00 sec   238 KBytes  1.95 Mbits/sec  3.822 ms  3/177 (1.7%)  
[  8] 177.00-178.00 sec   245 KBytes  2.00 Mbits/sec  3.564 ms  2/181 (1.1%)  
[  8] 178.00-179.00 sec   238 KBytes  1.95 Mbits/sec  4.881 ms  2/176 (1.1%)  
[  8] 179.00-180.00 sec   242 KBytes  1.98 Mbits/sec  5.261 ms  2/179 (1.1%)  
[  8] 180.00-181.00 sec   243 KBytes  1.99 Mbits/sec  4.895 ms  2/180 (1.1%)  
[  8] 181.00-182.00 sec   241 KBytes  1.97 Mbits/sec  4.447 ms  0/176 (0%)  
[  8] 182.00-183.00 sec   247 KBytes  2.03 Mbits/sec  1.103 ms  0/181 (0%)  
[  8] 183.00-184.00 sec   245 KBytes  2.00 Mbits/sec  4.673 ms  0/179 (0%)  
[  8] 184.00-185.00 sec   239 KBytes  1.96 Mbits/sec  2.761 ms  4/179 (2.2%)  
[  8] 185.00-186.00 sec   241 KBytes  1.98 Mbits/sec  4.343 ms  0/176 (0%)  
[  8] 186.00-186.54 sec   131 KBytes  1.99 Mbits/sec  4.205 ms  0/96 (0%)  
- - - - - - - - - - - - - - - - - - - - - - - - -
[ ID] Interval           Transfer     Bitrate         Jitter    Lost/Total Datagrams
[  8]   0.00-186.54 sec  44.3 MBytes  1.99 Mbits/sec  4.205 ms  163/33306 (0.49%)  receiver
iperf3: interrupt - the server has terminated
-----------------------------------------------------------
Server listening on 5201 (test #1)
-----------------------------------------------------------
Accepted connection from 10.0.0.89, port 41706
[  8] local 10.0.0.121 port 5201 connected to 10.0.0.89 port 53564
[ ID] Interval           Transfer     Bitrate         Jitter    Lost/Total Datagrams
[  8]   0.00-1.00   sec   239 KBytes  1.96 Mbits/sec  0.971 ms  0/175 (0%)  
[  8]   1.00-2.00   sec   247 KBytes  2.03 Mbits/sec  2.486 ms  0/181 (0%)  
[  8]   2.00-3.00   sec   242 KBytes  1.98 Mbits/sec  4.775 ms  0/177 (0%)  
[  8]   3.00-4.00   sec   245 KBytes  2.00 Mbits/sec  3.653 ms  0/179 (0%)  
[  8]   4.00-5.00   sec   246 KBytes  2.02 Mbits/sec  1.487 ms  0/180 (0%)  
[  8]   5.00-6.00   sec   242 KBytes  1.98 Mbits/sec  3.786 ms  0/177 (0%)  
[  8]   6.00-7.00   sec   241 KBytes  1.97 Mbits/sec  1.887 ms  1/177 (0.56%)  
[  8]   7.00-8.00   sec   243 KBytes  1.99 Mbits/sec  3.349 ms  2/180 (1.1%)  
[  8]   8.00-9.00   sec   237 KBytes  1.93 Mbits/sec  2.295 ms  5/178 (2.8%)  
[  8]   9.00-10.00  sec   245 KBytes  2.01 Mbits/sec  1.809 ms  0/179 (0%)  
[  8]  10.00-11.00  sec   245 KBytes  2.01 Mbits/sec  1.538 ms  0/179 (0%)  
[  8]  11.00-12.00  sec   245 KBytes  2.00 Mbits/sec  1.798 ms  0/179 (0%)  
[  8]  12.00-13.00  sec   242 KBytes  1.98 Mbits/sec  1.548 ms  0/177 (0%)  
[  8]  13.00-14.00  sec   246 KBytes  2.01 Mbits/sec  2.570 ms  0/180 (0%)  
[  8]  14.00-15.00  sec   243 KBytes  2.00 Mbits/sec  0.957 ms  0/178 (0%)  
[  8]  15.00-16.00  sec   243 KBytes  1.99 Mbits/sec  1.173 ms  0/178 (0%)  
[  8]  16.00-17.00  sec   246 KBytes  2.02 Mbits/sec  3.943 ms  0/180 (0%)  
[  8]  17.00-18.00  sec   241 KBytes  1.97 Mbits/sec  4.748 ms  1/177 (0.56%)  
[  8]  18.00-19.00  sec   246 KBytes  2.02 Mbits/sec  4.550 ms  0/180 (0%)  
[  8]  19.00-20.00  sec   243 KBytes  1.99 Mbits/sec  4.548 ms  0/178 (0%)  
[  8]  20.00-21.00  sec   245 KBytes  2.00 Mbits/sec  4.708 ms  0/179 (0%)  
[  8]  21.00-22.00  sec   242 KBytes  1.98 Mbits/sec  5.564 ms  0/177 (0%)  
[  8]  22.00-23.00  sec   245 KBytes  2.00 Mbits/sec  5.474 ms  0/179 (0%)  
[  8]  23.00-24.00  sec   245 KBytes  2.00 Mbits/sec  3.881 ms  0/179 (0%)  
[  8]  24.00-25.00  sec   246 KBytes  2.02 Mbits/sec  2.057 ms  0/180 (0%)  
[  8]  25.00-26.00  sec   243 KBytes  1.99 Mbits/sec  4.898 ms  0/178 (0%)  
[  8]  26.00-27.00  sec   241 KBytes  1.97 Mbits/sec  4.840 ms  1/177 (0.56%)  
[  8]  27.00-28.00  sec   237 KBytes  1.94 Mbits/sec  4.049 ms  6/179 (3.4%)  
[  8]  28.00-29.00  sec   221 KBytes  1.81 Mbits/sec  2.038 ms  13/175 (7.4%)  
[  8]  29.00-30.00  sec   220 KBytes  1.80 Mbits/sec  1.869 ms  16/177 (9%)  
[  8]  30.00-31.00  sec   243 KBytes  1.99 Mbits/sec  2.133 ms  4/182 (2.2%)  
[  8]  31.00-32.00  sec   246 KBytes  2.02 Mbits/sec  2.405 ms  0/180 (0%)  
[  8]  32.00-33.00  sec   246 KBytes  2.02 Mbits/sec  1.034 ms  0/180 (0%)  
[  8]  33.00-43.59  sec  2.52 MBytes  2.00 Mbits/sec  3.237 ms  4/1892 (0.21%)  
[  8]  43.59-44.00  sec  97.1 KBytes  1.96 Mbits/sec  4.868 ms  0/71 (0%)  
[  8]  44.00-45.00  sec   245 KBytes  2.00 Mbits/sec  3.946 ms  0/179 (0%)  
[  8]  45.00-46.00  sec   245 KBytes  2.01 Mbits/sec  3.584 ms  0/179 (0%)  
[  8]  46.00-47.00  sec   243 KBytes  1.99 Mbits/sec  3.274 ms  0/178 (0%)  
[  8]  47.00-48.00  sec   238 KBytes  1.95 Mbits/sec  4.482 ms  5/179 (2.8%)  
[  8]  48.00-49.00  sec   237 KBytes  1.94 Mbits/sec  4.115 ms  4/177 (2.3%)  
[  8]  49.00-50.00  sec   247 KBytes  2.03 Mbits/sec  2.143 ms  0/181 (0%)  
[  8]  50.00-51.00  sec   231 KBytes  1.89 Mbits/sec  3.099 ms  6/175 (3.4%)  
[  8]  51.00-52.00  sec   245 KBytes  2.00 Mbits/sec  5.661 ms  0/179 (0%)  
[  8]  52.00-53.00  sec   246 KBytes  2.02 Mbits/sec  4.433 ms  0/180 (0%)  
[  8]  53.00-54.00  sec   239 KBytes  1.96 Mbits/sec  2.641 ms  4/179 (2.2%)  
[  8]  54.00-55.00  sec   245 KBytes  2.00 Mbits/sec  3.032 ms  0/179 (0%)  
[  8]  55.00-56.00  sec   242 KBytes  1.98 Mbits/sec  4.304 ms  1/178 (0.56%)  
[  8]  56.00-57.00  sec   245 KBytes  2.00 Mbits/sec  4.670 ms  0/179 (0%)  
[  8]  57.00-58.00  sec   243 KBytes  1.99 Mbits/sec  2.612 ms  1/179 (0.56%)  
[  8]  58.00-59.00  sec   242 KBytes  1.98 Mbits/sec  3.032 ms  0/177 (0%)  
[  8]  59.00-60.00  sec   243 KBytes  1.99 Mbits/sec  4.515 ms  0/178 (0%)  
[  8]  60.00-61.00  sec   243 KBytes  1.99 Mbits/sec  2.747 ms  3/181 (1.7%)  
[  8]  61.00-62.00  sec   242 KBytes  1.98 Mbits/sec  3.584 ms  1/178 (0.56%)  
[  8]  62.00-63.00  sec   246 KBytes  2.02 Mbits/sec  3.138 ms  0/180 (0%)  
[  8]  63.00-64.00  sec   242 KBytes  1.98 Mbits/sec  2.083 ms  0/177 (0%)  
[  8]  64.00-65.00  sec   243 KBytes  1.99 Mbits/sec  2.305 ms  0/178 (0%)  
[  8]  65.00-66.00  sec   243 KBytes  1.99 Mbits/sec  3.212 ms  1/179 (0.56%)  
[  8]  66.00-67.00  sec   243 KBytes  1.99 Mbits/sec  3.727 ms  2/180 (1.1%)  
[  8]  67.00-68.00  sec   241 KBytes  1.97 Mbits/sec  4.706 ms  0/176 (0%)  
[  8]  68.00-69.00  sec   234 KBytes  1.92 Mbits/sec  5.757 ms  6/177 (3.4%)  
[  8]  69.00-70.00  sec   238 KBytes  1.94 Mbits/sec  4.035 ms  5/179 (2.8%)  
[  8]  70.00-71.00  sec   245 KBytes  2.01 Mbits/sec  5.026 ms  2/181 (1.1%)  
[  8]  71.00-72.00  sec   227 KBytes  1.86 Mbits/sec  4.098 ms  7/173 (4%)  
[  8]  72.00-73.00  sec   247 KBytes  2.03 Mbits/sec  4.931 ms  2/183 (1.1%)  
[  8]  73.00-74.00  sec   228 KBytes  1.87 Mbits/sec  1.859 ms  11/178 (6.2%)  
[  8]  74.00-75.00  sec   234 KBytes  1.92 Mbits/sec  6.040 ms  5/176 (2.8%)  
[  8]  75.00-76.00  sec   224 KBytes  1.84 Mbits/sec  3.153 ms  15/179 (8.4%)  
[  8]  76.00-77.00  sec   238 KBytes  1.95 Mbits/sec  1.799 ms  7/181 (3.9%)  
[  8]  77.00-78.00  sec   237 KBytes  1.94 Mbits/sec  6.439 ms  4/177 (2.3%)  
[  8]  78.00-79.00  sec   243 KBytes  1.99 Mbits/sec  5.646 ms  4/182 (2.2%)  
[  8]  79.00-80.00  sec   234 KBytes  1.92 Mbits/sec  6.611 ms  4/175 (2.3%)  
[  8]  80.00-81.00  sec   223 KBytes  1.83 Mbits/sec  5.636 ms  17/180 (9.4%)  
[  8]  81.00-82.00  sec   235 KBytes  1.93 Mbits/sec  4.461 ms  6/178 (3.4%)  
[  8]  82.00-83.00  sec   241 KBytes  1.97 Mbits/sec  2.717 ms  2/178 (1.1%)  
[  8]  83.00-84.00  sec   249 KBytes  2.04 Mbits/sec  0.964 ms  0/182 (0%)  
[  8]  84.00-85.00  sec   242 KBytes  1.98 Mbits/sec  5.453 ms  2/179 (1.1%)  
[  8]  85.00-86.00  sec   241 KBytes  1.98 Mbits/sec  3.675 ms  0/176 (0%)  
[  8]  86.00-87.00  sec   242 KBytes  1.98 Mbits/sec  1.837 ms  4/181 (2.2%)  
[  8]  87.00-88.00  sec   245 KBytes  2.00 Mbits/sec  3.772 ms  0/179 (0%)  
[  8]  88.00-89.00  sec   239 KBytes  1.96 Mbits/sec  4.315 ms  2/177 (1.1%)  
[  8]  89.00-90.00  sec   243 KBytes  1.99 Mbits/sec  4.722 ms  1/179 (0.56%)  
[  8]  90.00-91.00  sec   243 KBytes  2.00 Mbits/sec  5.440 ms  0/178 (0%)  
[  8]  91.00-92.00  sec   243 KBytes  1.99 Mbits/sec  3.469 ms  1/179 (0.56%)  
[  8]  92.00-93.00  sec   245 KBytes  2.01 Mbits/sec  3.736 ms  1/180 (0.56%)  
[  8]  93.00-94.00  sec   245 KBytes  2.00 Mbits/sec  2.913 ms  0/179 (0%)  
[  8]  94.00-95.00  sec   238 KBytes  1.95 Mbits/sec  3.019 ms  3/177 (1.7%)  
[  8]  95.00-96.00  sec   243 KBytes  1.99 Mbits/sec  2.838 ms  2/180 (1.1%)  
[  8]  96.00-97.00  sec   241 KBytes  1.97 Mbits/sec  6.387 ms  0/176 (0%)  
[  8]  97.00-98.00  sec   243 KBytes  1.99 Mbits/sec  3.630 ms  0/178 (0%)  
[  8]  98.00-99.00  sec   238 KBytes  1.95 Mbits/sec  1.929 ms  8/182 (4.4%)  
[  8]  99.00-100.00 sec   242 KBytes  1.98 Mbits/sec  5.737 ms  1/178 (0.56%)  
[  8] 100.00-101.00 sec   239 KBytes  1.96 Mbits/sec  4.894 ms  0/175 (0%)  
[  8] 101.00-102.00 sec   249 KBytes  2.04 Mbits/sec  3.479 ms  0/182 (0%)  
[  8] 102.00-103.00 sec   238 KBytes  1.95 Mbits/sec  3.868 ms  2/176 (1.1%)  
[  8] 103.00-104.00 sec   242 KBytes  1.99 Mbits/sec  3.286 ms  4/181 (2.2%)  
[  8] 104.00-105.00 sec   224 KBytes  1.84 Mbits/sec  7.209 ms  8/172 (4.7%)  
[  8] 105.00-106.00 sec   245 KBytes  2.00 Mbits/sec  5.070 ms  3/182 (1.6%)  
[  8] 106.00-107.00 sec   234 KBytes  1.92 Mbits/sec  4.981 ms  3/174 (1.7%)  
[  8] 107.00-108.00 sec   249 KBytes  2.04 Mbits/sec  6.870 ms  3/185 (1.6%)  
[  8] 108.00-109.00 sec   238 KBytes  1.95 Mbits/sec  6.305 ms  1/175 (0.57%)  
[  8] 109.00-110.00 sec   242 KBytes  1.98 Mbits/sec  4.852 ms  1/178 (0.56%)  
[  8] 110.00-111.00 sec   252 KBytes  2.06 Mbits/sec  2.922 ms  0/184 (0%)  
[  8] 111.00-112.00 sec   226 KBytes  1.85 Mbits/sec  3.173 ms  6/171 (3.5%)  
[  8] 112.00-113.00 sec   252 KBytes  2.06 Mbits/sec  5.589 ms  2/186 (1.1%)  
[  8] 113.00-114.00 sec   230 KBytes  1.88 Mbits/sec  4.246 ms  6/174 (3.4%)  
[  8] 114.00-115.00 sec   211 KBytes  1.72 Mbits/sec  2.396 ms  18/172 (10%)  
[  8] 115.00-116.00 sec   217 KBytes  1.78 Mbits/sec  1.161 ms  19/178 (11%)  
[  8] 116.00-117.00 sec   179 KBytes  1.47 Mbits/sec  15.952 ms  9/140 (6.4%)  
[  8] 117.00-118.01 sec   211 KBytes  1.71 Mbits/sec  5.678 ms  72/226 (32%)  
[  8] 118.01-119.05 sec   246 KBytes  1.92 Mbits/sec  0.394 ms  8/188 (4.3%)  
[  8] 119.05-120.00 sec   232 KBytes  2.01 Mbits/sec  2.293 ms  0/170 (0%)  
[  8] 120.00-121.00 sec   242 KBytes  1.99 Mbits/sec  1.888 ms  0/177 (0%)  
[  8] 121.00-122.00 sec   250 KBytes  2.05 Mbits/sec  2.422 ms  0/183 (0%)  
[  8] 122.00-123.00 sec   245 KBytes  2.00 Mbits/sec  2.730 ms  0/179 (0%)  
[  8] 123.00-124.01 sec   246 KBytes  1.99 Mbits/sec  3.491 ms  0/180 (0%)  
[  8] 124.01-125.01 sec   242 KBytes  1.98 Mbits/sec  1.802 ms  0/177 (0%)  
[  8] 125.01-126.00 sec   242 KBytes  2.00 Mbits/sec  3.109 ms  0/177 (0%)  
[  8] 126.00-127.00 sec   242 KBytes  1.98 Mbits/sec  2.647 ms  2/179 (1.1%)  
[  8] 127.00-128.00 sec   245 KBytes  2.00 Mbits/sec  3.752 ms  0/179 (0%)  
[  8] 128.00-129.00 sec   241 KBytes  1.97 Mbits/sec  4.414 ms  0/176 (0%)  
[  8] 129.00-130.00 sec   238 KBytes  1.95 Mbits/sec  4.737 ms  5/179 (2.8%)  
[  8] 130.00-131.00 sec   247 KBytes  2.03 Mbits/sec  3.318 ms  0/181 (0%)  
[  8] 131.00-132.00 sec   239 KBytes  1.96 Mbits/sec  3.096 ms  2/177 (1.1%)  
[  8] 132.00-133.00 sec   224 KBytes  1.84 Mbits/sec  3.993 ms  0/164 (0%)  
[  8] 133.00-134.00 sec   267 KBytes  2.18 Mbits/sec  3.836 ms  0/195 (0%)  
[  8] 134.00-135.00 sec   237 KBytes  1.94 Mbits/sec  4.573 ms  0/173 (0%)  
[  8] 135.00-136.00 sec   250 KBytes  2.05 Mbits/sec  2.334 ms  1/184 (0.54%)  
[  8] 136.00-137.00 sec   241 KBytes  1.97 Mbits/sec  3.688 ms  0/176 (0%)  
[  8] 137.00-138.00 sec   245 KBytes  2.00 Mbits/sec  2.235 ms  0/179 (0%)  
[  8] 138.00-139.00 sec   247 KBytes  2.03 Mbits/sec  3.000 ms  0/181 (0%)  
[  8] 139.00-140.00 sec   242 KBytes  1.98 Mbits/sec  5.424 ms  0/177 (0%)  
[  8] 140.00-141.00 sec   238 KBytes  1.95 Mbits/sec  3.512 ms  4/178 (2.2%)  
[  8] 141.00-142.01 sec   242 KBytes  1.97 Mbits/sec  5.977 ms  1/178 (0.56%)  
[  8] 142.01-143.00 sec   242 KBytes  2.00 Mbits/sec  4.080 ms  3/180 (1.7%)  
[  8] 143.00-144.00 sec   241 KBytes  1.97 Mbits/sec  3.694 ms  0/176 (0%)  
[  8] 144.00-145.00 sec   242 KBytes  1.98 Mbits/sec  4.019 ms  3/180 (1.7%)  
[  8] 145.00-146.00 sec   245 KBytes  2.00 Mbits/sec  2.655 ms  0/179 (0%)  
[  8] 146.00-147.00 sec   243 KBytes  1.99 Mbits/sec  3.339 ms  0/178 (0%)  
[  8] 147.00-148.00 sec   246 KBytes  2.02 Mbits/sec  3.048 ms  0/180 (0%)  
[  8] 148.00-149.00 sec   237 KBytes  1.94 Mbits/sec  2.674 ms  6/179 (3.4%)  
[  8] 149.00-150.00 sec   238 KBytes  1.95 Mbits/sec  4.006 ms  0/175 (0%)  
[  8] 150.00-151.00 sec   245 KBytes  2.00 Mbits/sec  3.751 ms  1/180 (0.56%)  
[  8] 151.00-152.00 sec   247 KBytes  2.03 Mbits/sec  2.256 ms  0/181 (0%)  
[  8] 152.00-153.00 sec   245 KBytes  2.00 Mbits/sec  2.141 ms  0/179 (0%)  
[  8] 153.00-154.00 sec   242 KBytes  1.98 Mbits/sec  3.177 ms  1/178 (0.56%)  
[  8] 154.00-155.00 sec   239 KBytes  1.96 Mbits/sec  4.130 ms  2/177 (1.1%)  
[  8] 155.00-156.00 sec   246 KBytes  2.02 Mbits/sec  3.049 ms  0/180 (0%)  
[  8] 156.00-157.00 sec   245 KBytes  2.00 Mbits/sec  2.554 ms  0/179 (0%)  
[  8] 157.00-158.00 sec   242 KBytes  1.97 Mbits/sec  3.902 ms  0/177 (0%)  
[  8] 158.00-159.00 sec   241 KBytes  1.98 Mbits/sec  2.242 ms  2/178 (1.1%)  
[  8] 159.00-160.00 sec   246 KBytes  2.02 Mbits/sec  4.184 ms  0/180 (0%)  
[  8] 160.00-161.00 sec   241 KBytes  1.97 Mbits/sec  2.204 ms  3/179 (1.7%)  
[  8] 161.00-162.00 sec   239 KBytes  1.96 Mbits/sec  4.942 ms  1/176 (0.57%)  
[  8] 162.00-163.00 sec   245 KBytes  2.00 Mbits/sec  2.182 ms  1/180 (0.56%)  
[  8] 163.00-164.00 sec   238 KBytes  1.95 Mbits/sec  0.845 ms  0/174 (0%)  
[  8] 164.00-165.00 sec   245 KBytes  2.00 Mbits/sec  3.944 ms  1/180 (0.56%)  
[  8] 165.00-166.00 sec   231 KBytes  1.89 Mbits/sec  5.540 ms  6/175 (3.4%)  
[  8] 166.00-167.00 sec   253 KBytes  2.07 Mbits/sec  3.642 ms  0/185 (0%)  
[  8] 167.00-168.00 sec   246 KBytes  2.02 Mbits/sec  2.088 ms  0/180 (0%)  
[  8] 168.00-169.00 sec   241 KBytes  1.97 Mbits/sec  4.900 ms  1/177 (0.56%)  
[  8] 169.00-170.00 sec   243 KBytes  1.99 Mbits/sec  3.794 ms  0/178 (0%)  
[  8] 170.00-171.00 sec   246 KBytes  2.02 Mbits/sec  4.315 ms  0/180 (0%)  
[  8] 171.00-172.00 sec   245 KBytes  2.00 Mbits/sec  3.577 ms  0/179 (0%)  
[  8] 172.00-173.00 sec   239 KBytes  1.96 Mbits/sec  3.302 ms  3/178 (1.7%)  
[  8] 173.00-174.00 sec   223 KBytes  1.83 Mbits/sec  8.168 ms  12/175 (6.9%)  
[  8] 174.00-175.00 sec   247 KBytes  2.03 Mbits/sec  4.847 ms  0/181 (0%)  
[  8] 175.00-176.00 sec   234 KBytes  1.92 Mbits/sec  3.656 ms  4/175 (2.3%)  
[  8] 176.00-177.00 sec   247 KBytes  2.03 Mbits/sec  2.675 ms  3/184 (1.6%)  
[  8] 177.00-178.00 sec   243 KBytes  1.99 Mbits/sec  3.756 ms  0/178 (0%)  
[  8] 178.00-179.00 sec   239 KBytes  1.96 Mbits/sec  4.044 ms  0/175 (0%)  
[  8] 179.00-180.00 sec   247 KBytes  2.03 Mbits/sec  3.805 ms  0/181 (0%)  
[  8] 180.00-181.00 sec   242 KBytes  1.98 Mbits/sec  5.198 ms  0/177 (0%)  
[  8] 181.00-182.00 sec   249 KBytes  2.04 Mbits/sec  3.042 ms  0/182 (0%)  
[  8] 182.00-183.00 sec   232 KBytes  1.90 Mbits/sec  3.565 ms  4/174 (2.3%)  
[  8] 183.00-184.00 sec   247 KBytes  2.03 Mbits/sec  3.909 ms  0/181 (0%)  
[  8] 184.00-185.00 sec   243 KBytes  1.99 Mbits/sec  3.678 ms  2/180 (1.1%)  
[  8] 185.00-186.00 sec   245 KBytes  2.01 Mbits/sec  4.823 ms  0/179 (0%)  
[  8] 186.00-187.00 sec   238 KBytes  1.95 Mbits/sec  2.096 ms  0/174 (0%)  
[  8] 187.00-188.00 sec   249 KBytes  2.04 Mbits/sec  5.091 ms  0/182 (0%)  
[  8] 188.00-189.00 sec   246 KBytes  2.01 Mbits/sec  2.866 ms  0/180 (0%)  
[  8] 189.00-190.00 sec   238 KBytes  1.95 Mbits/sec  1.727 ms  3/177 (1.7%)  
[  8] 190.00-191.00 sec   243 KBytes  1.99 Mbits/sec  3.762 ms  0/178 (0%)  
[  8] 191.00-192.00 sec   238 KBytes  1.95 Mbits/sec  2.254 ms  4/178 (2.2%)  
[  8] 192.00-193.00 sec   245 KBytes  2.00 Mbits/sec  3.826 ms  2/181 (1.1%)  
[  8] 193.00-194.00 sec   243 KBytes  2.00 Mbits/sec  4.106 ms  0/178 (0%)  
[  8] 194.00-195.00 sec   245 KBytes  2.00 Mbits/sec  5.758 ms  0/179 (0%)  
[  8] 195.00-196.01 sec   245 KBytes  1.99 Mbits/sec  4.387 ms  0/179 (0%)  
[  8] 196.01-197.00 sec   245 KBytes  2.02 Mbits/sec  3.141 ms  0/179 (0%)  
[  8] 197.00-198.00 sec   243 KBytes  1.99 Mbits/sec  1.308 ms  0/178 (0%)  
[  8] 198.00-199.00 sec   243 KBytes  1.99 Mbits/sec  2.216 ms  0/178 (0%)  
[  8] 199.00-200.00 sec   245 KBytes  2.00 Mbits/sec  1.333 ms  0/179 (0%)  
[  8] 200.00-200.01 sec  2.73 KBytes  4.22 Mbits/sec  1.343 ms  0/2 (0%)  
- - - - - - - - - - - - - - - - - - - - - - - - -
[ ID] Interval           Transfer     Bitrate         Jitter    Lost/Total Datagrams
[  8]   0.00-200.01 sec  47.1 MBytes  1.97 Mbits/sec  1.343 ms  451/35715 (1.3%)  receiver
