-----------------------------------------------------------
Server listening on 5201 (test #1)
-----------------------------------------------------------
Accepted connection from 10.0.0.38, port 43834
[  8] local 10.0.0.102 port 5201 connected to 10.0.0.38 port 41250
[ ID] Interval           Transfer     Bitrate         Jitter    Lost/Total Datagrams
[  8]   0.00-1.00   sec  61.5 KBytes   504 Kbits/sec  3.633 ms  0/45 (0%)  
[  8]   1.00-2.00   sec  60.2 KBytes   493 Kbits/sec  3.313 ms  0/44 (0%)  
[  8]   2.00-3.00   sec  60.2 KBytes   493 Kbits/sec  4.612 ms  1/45 (2.2%)  
[  8]   3.00-4.00   sec  61.5 KBytes   504 Kbits/sec  4.492 ms  0/45 (0%)  
[  8]   4.00-5.00   sec  60.2 KBytes   493 Kbits/sec  5.497 ms  0/44 (0%)  
[  8]   5.00-6.00   sec  61.5 KBytes   504 Kbits/sec  4.825 ms  0/45 (0%)  
[  8]   6.00-7.00   sec  60.2 KBytes   490 Kbits/sec  4.829 ms  0/44 (0%)  
[  8]   7.00-8.00   sec  61.5 KBytes   506 Kbits/sec  7.114 ms  0/45 (0%)  
[  8]   8.00-9.00   sec  58.8 KBytes   482 Kbits/sec  6.120 ms  1/44 (2.3%)  
[  8]   9.00-10.00  sec  61.5 KBytes   504 Kbits/sec  9.967 ms  0/45 (0%)  
[  8]  10.00-11.00  sec  60.2 KBytes   493 Kbits/sec  7.536 ms  0/44 (0%)  
[  8]  11.00-12.00  sec  62.9 KBytes   515 Kbits/sec  5.266 ms  0/46 (0%)  
[  8]  12.00-13.00  sec  60.2 KBytes   493 Kbits/sec  7.495 ms  0/44 (0%)  
[  8]  13.00-14.00  sec  61.5 KBytes   504 Kbits/sec  6.142 ms  0/45 (0%)  
[  8]  14.00-15.00  sec  61.5 KBytes   504 Kbits/sec  5.012 ms  0/45 (0%)  
[  8]  15.00-16.00  sec  58.8 KBytes   482 Kbits/sec  5.488 ms  0/43 (0%)  
[  8]  16.00-17.00  sec  62.9 KBytes   515 Kbits/sec  5.767 ms  0/46 (0%)  
[  8]  17.00-18.00  sec  60.2 KBytes   493 Kbits/sec  6.268 ms  0/44 (0%)  
[  8]  18.00-19.00  sec  61.5 KBytes   504 Kbits/sec  5.015 ms  0/45 (0%)  
[  8]  19.00-20.00  sec  61.5 KBytes   503 Kbits/sec  5.610 ms  0/45 (0%)  
[  8]  20.00-21.00  sec  60.2 KBytes   494 Kbits/sec  6.061 ms  0/44 (0%)  
[  8]  21.00-22.00  sec  61.5 KBytes   504 Kbits/sec  5.797 ms  0/45 (0%)  
[  8]  22.00-23.00  sec  61.5 KBytes   504 Kbits/sec  5.921 ms  0/45 (0%)  
[  8]  23.00-24.00  sec  60.2 KBytes   493 Kbits/sec  6.260 ms  0/44 (0%)  
[  8]  24.00-25.00  sec  61.5 KBytes   503 Kbits/sec  5.136 ms  0/45 (0%)  
[  8]  25.00-26.00  sec  60.2 KBytes   494 Kbits/sec  6.114 ms  0/44 (0%)  
[  8]  26.00-27.00  sec  61.5 KBytes   504 Kbits/sec  5.413 ms  0/45 (0%)  
[  8]  27.00-28.00  sec  60.2 KBytes   493 Kbits/sec  6.686 ms  0/44 (0%)  
[  8]  28.00-29.00  sec  61.5 KBytes   504 Kbits/sec  6.501 ms  0/45 (0%)  
[  8]  29.00-30.00  sec  61.5 KBytes   504 Kbits/sec  5.171 ms  0/45 (0%)  
[  8]  30.00-31.00  sec  61.5 KBytes   504 Kbits/sec  4.764 ms  0/45 (0%)  
[  8]  31.00-32.00  sec  60.2 KBytes   493 Kbits/sec  5.435 ms  0/44 (0%)  
[  8]  32.00-33.00  sec  61.5 KBytes   504 Kbits/sec  6.793 ms  0/45 (0%)  
[  8]  33.00-34.00  sec  60.2 KBytes   493 Kbits/sec  5.661 ms  0/44 (0%)  
[  8]  34.00-35.00  sec  61.5 KBytes   504 Kbits/sec  5.545 ms  0/45 (0%)  
[  8]  35.00-36.00  sec  61.5 KBytes   504 Kbits/sec  4.985 ms  0/45 (0%)  
[  8]  36.00-37.00  sec  58.8 KBytes   482 Kbits/sec  6.039 ms  1/44 (2.3%)  
[  8]  37.00-38.00  sec  61.5 KBytes   504 Kbits/sec  4.822 ms  0/45 (0%)  
[  8]  38.00-39.00  sec  61.5 KBytes   504 Kbits/sec  3.861 ms  0/45 (0%)  
[  8]  39.00-40.00  sec  60.2 KBytes   493 Kbits/sec  7.331 ms  0/44 (0%)  
[  8]  40.00-41.00  sec  60.2 KBytes   493 Kbits/sec  9.574 ms  1/45 (2.2%)  
[  8]  41.00-42.00  sec  61.5 KBytes   504 Kbits/sec  5.585 ms  0/45 (0%)  
[  8]  42.00-43.00  sec  60.2 KBytes   493 Kbits/sec  4.447 ms  0/44 (0%)  
[  8]  43.00-44.00  sec  60.2 KBytes   493 Kbits/sec  4.288 ms  1/45 (2.2%)  
[  8]  44.00-45.00  sec  61.5 KBytes   503 Kbits/sec  7.183 ms  0/45 (0%)  
[  8]  45.00-46.00  sec  61.5 KBytes   505 Kbits/sec  4.652 ms  0/45 (0%)  
[  8]  46.00-47.00  sec  60.2 KBytes   493 Kbits/sec  4.451 ms  0/44 (0%)  
[  8]  47.00-48.00  sec  61.5 KBytes   504 Kbits/sec  6.269 ms  0/45 (0%)  
[  8]  48.00-49.00  sec  60.2 KBytes   493 Kbits/sec  5.212 ms  0/44 (0%)  
[  8]  49.00-50.00  sec  61.5 KBytes   504 Kbits/sec  5.853 ms  0/45 (0%)  
[  8]  50.00-51.00  sec  60.2 KBytes   493 Kbits/sec  6.807 ms  0/44 (0%)  
[  8]  51.00-52.00  sec  61.5 KBytes   504 Kbits/sec  6.644 ms  0/45 (0%)  
[  8]  52.00-53.00  sec  61.5 KBytes   504 Kbits/sec  7.298 ms  0/45 (0%)  
[  8]  53.00-54.00  sec  61.5 KBytes   504 Kbits/sec  7.099 ms  0/45 (0%)  
[  8]  54.00-55.00  sec  60.2 KBytes   493 Kbits/sec  6.046 ms  0/44 (0%)  
[  8]  55.00-56.00  sec  60.2 KBytes   493 Kbits/sec  4.930 ms  0/44 (0%)  
[  8]  56.00-57.00  sec  60.2 KBytes   493 Kbits/sec  5.919 ms  1/45 (2.2%)  
[  8]  57.00-58.00  sec  61.5 KBytes   504 Kbits/sec  5.576 ms  0/45 (0%)  
[  8]  58.00-59.00  sec  61.5 KBytes   503 Kbits/sec  4.727 ms  0/45 (0%)  
[  8]  59.00-60.00  sec  60.2 KBytes   494 Kbits/sec  5.237 ms  0/44 (0%)  
[  8]  60.00-61.00  sec  61.5 KBytes   504 Kbits/sec  5.186 ms  0/45 (0%)  
[  8]  61.00-62.00  sec  61.5 KBytes   504 Kbits/sec  6.362 ms  0/45 (0%)  
[  8]  62.00-63.00  sec  60.2 KBytes   493 Kbits/sec  3.665 ms  0/44 (0%)  
[  8]  63.00-64.00  sec  61.5 KBytes   504 Kbits/sec  3.566 ms  0/45 (0%)  
[  8]  64.00-65.00  sec  60.2 KBytes   491 Kbits/sec  4.915 ms  0/44 (0%)  
[  8]  65.00-66.00  sec  61.5 KBytes   505 Kbits/sec  6.744 ms  0/45 (0%)  
[  8]  66.00-67.00  sec  60.2 KBytes   493 Kbits/sec  5.159 ms  1/45 (2.2%)  
[  8]  67.00-68.00  sec  58.8 KBytes   482 Kbits/sec  4.702 ms  1/44 (2.3%)  
[  8]  68.00-69.00  sec  61.5 KBytes   503 Kbits/sec  6.147 ms  0/45 (0%)  
[  8]  69.00-70.00  sec  60.2 KBytes   494 Kbits/sec  5.622 ms  0/44 (0%)  
[  8]  70.00-71.00  sec  61.5 KBytes   504 Kbits/sec  7.096 ms  0/45 (0%)  
[  8]  71.00-72.00  sec  61.5 KBytes   504 Kbits/sec  6.254 ms  0/45 (0%)  
[  8]  72.00-73.00  sec  61.5 KBytes   504 Kbits/sec  5.628 ms  0/45 (0%)  
[  8]  73.00-74.00  sec  58.8 KBytes   482 Kbits/sec  6.035 ms  1/44 (2.3%)  
[  8]  74.00-75.00  sec  61.5 KBytes   504 Kbits/sec  6.928 ms  0/45 (0%)  
[  8]  75.00-76.01  sec  60.2 KBytes   487 Kbits/sec  7.070 ms  1/45 (2.2%)  
[  8]  76.01-77.00  sec  61.5 KBytes   510 Kbits/sec  5.642 ms  0/45 (0%)  
[  8]  77.00-78.00  sec  60.2 KBytes   492 Kbits/sec  5.928 ms  0/44 (0%)  
[  8]  78.00-79.00  sec  61.5 KBytes   503 Kbits/sec  5.380 ms  0/45 (0%)  
[  8]  79.00-80.00  sec  60.2 KBytes   494 Kbits/sec  6.973 ms  0/44 (0%)  
[  8]  80.00-81.00  sec  58.8 KBytes   482 Kbits/sec  7.779 ms  1/44 (2.3%)  
[  8]  81.00-82.00  sec  60.2 KBytes   493 Kbits/sec  7.884 ms  1/45 (2.2%)  
[  8]  82.00-83.00  sec  60.2 KBytes   493 Kbits/sec  6.783 ms  1/45 (2.2%)  
[  8]  83.00-84.00  sec  61.5 KBytes   504 Kbits/sec  6.925 ms  0/45 (0%)  
[  8]  84.00-85.00  sec  60.2 KBytes   493 Kbits/sec  5.597 ms  0/44 (0%)  
[  8]  85.00-86.00  sec  61.5 KBytes   504 Kbits/sec  7.164 ms  0/45 (0%)  
[  8]  86.00-87.00  sec  61.5 KBytes   503 Kbits/sec  4.441 ms  0/45 (0%)  
[  8]  87.00-88.00  sec  61.5 KBytes   504 Kbits/sec  5.351 ms  0/45 (0%)  
[  8]  88.00-89.00  sec  58.8 KBytes   483 Kbits/sec  6.651 ms  1/44 (2.3%)  
[  8]  89.00-90.00  sec  61.5 KBytes   504 Kbits/sec  5.808 ms  0/45 (0%)  
[  8]  90.00-91.00  sec  60.2 KBytes   493 Kbits/sec  7.432 ms  0/44 (0%)  
[  8]  91.00-92.00  sec  61.5 KBytes   504 Kbits/sec  4.785 ms  0/45 (0%)  
[  8]  92.00-93.00  sec  60.2 KBytes   493 Kbits/sec  6.309 ms  0/44 (0%)  
[  8]  93.00-94.00  sec  61.5 KBytes   504 Kbits/sec  4.945 ms  0/45 (0%)  
[  8]  94.00-95.00  sec  58.8 KBytes   482 Kbits/sec  6.957 ms  1/44 (2.3%)  
[  8]  95.00-96.00  sec  61.5 KBytes   504 Kbits/sec  7.287 ms  1/46 (2.2%)  
[  8]  96.00-97.00  sec  60.2 KBytes   493 Kbits/sec  4.305 ms  0/44 (0%)  
[  8]  97.00-98.00  sec  61.5 KBytes   504 Kbits/sec  4.906 ms  0/45 (0%)  
[  8]  98.00-99.00  sec  60.2 KBytes   493 Kbits/sec  4.443 ms  0/44 (0%)  
[  8]  99.00-100.00 sec  61.5 KBytes   504 Kbits/sec  3.392 ms  0/45 (0%)  
[  8] 100.00-101.00 sec  61.5 KBytes   504 Kbits/sec  4.604 ms  0/45 (0%)  
[  8] 101.00-102.00 sec  60.2 KBytes   493 Kbits/sec  4.546 ms  0/44 (0%)  
[  8] 102.00-103.00 sec  61.5 KBytes   504 Kbits/sec  4.404 ms  0/45 (0%)  
[  8] 103.00-104.00 sec  61.5 KBytes   504 Kbits/sec  4.840 ms  0/45 (0%)  
[  8] 104.00-105.00 sec  60.2 KBytes   492 Kbits/sec  5.443 ms  0/44 (0%)  
[  8] 105.00-106.00 sec  61.5 KBytes   504 Kbits/sec  4.526 ms  0/45 (0%)  
[  8] 106.00-107.00 sec  60.2 KBytes   494 Kbits/sec  4.441 ms  1/45 (2.2%)  
[  8] 107.00-108.00 sec  60.2 KBytes   493 Kbits/sec  3.504 ms  0/44 (0%)  
[  8] 108.00-109.00 sec  61.5 KBytes   504 Kbits/sec  2.587 ms  0/45 (0%)  
[  8] 109.00-110.00 sec  60.2 KBytes   493 Kbits/sec  5.654 ms  0/44 (0%)  
[  8] 110.00-111.00 sec  61.5 KBytes   504 Kbits/sec  4.334 ms  0/45 (0%)  
[  8] 111.00-112.00 sec  61.5 KBytes   504 Kbits/sec  6.199 ms  0/45 (0%)  
[  8] 112.00-113.00 sec  60.2 KBytes   493 Kbits/sec  5.286 ms  0/44 (0%)  
[  8] 113.00-114.00 sec  60.2 KBytes   492 Kbits/sec  5.127 ms  0/44 (0%)  
[  8] 114.00-115.00 sec  61.5 KBytes   505 Kbits/sec  4.470 ms  0/45 (0%)  
[  8] 115.00-116.00 sec  61.5 KBytes   504 Kbits/sec  6.236 ms  0/45 (0%)  
[  8] 116.00-117.00 sec  61.5 KBytes   504 Kbits/sec  5.872 ms  0/45 (0%)  
[  8] 117.00-118.00 sec  60.2 KBytes   493 Kbits/sec  5.859 ms  0/44 (0%)  
[  8] 118.00-119.00 sec  61.5 KBytes   504 Kbits/sec  5.203 ms  0/45 (0%)  
[  8] 119.00-120.00 sec  61.5 KBytes   504 Kbits/sec  3.054 ms  0/45 (0%)  
[  8] 120.00-121.00 sec  61.5 KBytes   504 Kbits/sec  4.914 ms  0/45 (0%)  
[  8] 121.00-122.00 sec  60.2 KBytes   493 Kbits/sec  8.483 ms  0/44 (0%)  
[  8] 122.00-123.00 sec  60.2 KBytes   493 Kbits/sec  4.958 ms  1/45 (2.2%)  
[  8] 123.00-124.00 sec  60.2 KBytes   493 Kbits/sec  5.011 ms  1/45 (2.2%)  
[  8] 124.00-125.00 sec  60.2 KBytes   493 Kbits/sec  3.620 ms  0/44 (0%)  
[  8] 125.00-126.00 sec  61.5 KBytes   504 Kbits/sec  5.896 ms  0/45 (0%)  
[  8] 126.00-127.00 sec  61.5 KBytes   504 Kbits/sec  4.807 ms  0/45 (0%)  
[  8] 127.00-128.00 sec  60.2 KBytes   493 Kbits/sec  6.437 ms  0/44 (0%)  
[  8] 128.00-129.00 sec  60.2 KBytes   493 Kbits/sec  7.342 ms  1/45 (2.2%)  
[  8] 129.00-130.00 sec  57.4 KBytes   470 Kbits/sec  6.329 ms  2/44 (4.5%)  
[  8] 130.00-131.00 sec  60.2 KBytes   493 Kbits/sec  7.640 ms  1/45 (2.2%)  
[  8] 131.00-132.00 sec  61.5 KBytes   504 Kbits/sec  6.423 ms  0/45 (0%)  
[  8] 132.00-133.00 sec  60.2 KBytes   493 Kbits/sec  6.460 ms  0/44 (0%)  
[  8] 133.00-134.00 sec  61.5 KBytes   504 Kbits/sec  6.954 ms  0/45 (0%)  
[  8] 134.00-135.00 sec  58.8 KBytes   482 Kbits/sec  7.343 ms  0/43 (0%)  
[  8] 135.00-136.00 sec  58.8 KBytes   481 Kbits/sec  7.223 ms  3/46 (6.5%)  
[  8] 136.00-137.00 sec  61.5 KBytes   504 Kbits/sec  4.151 ms  0/45 (0%)  
[  8] 137.00-138.00 sec  61.5 KBytes   504 Kbits/sec  4.615 ms  0/45 (0%)  
[  8] 138.00-139.00 sec  61.5 KBytes   504 Kbits/sec  4.637 ms  0/45 (0%)  
[  8] 139.00-140.00 sec  60.2 KBytes   493 Kbits/sec  2.925 ms  0/44 (0%)  
[  8] 140.00-141.00 sec  61.5 KBytes   504 Kbits/sec  3.446 ms  0/45 (0%)  
[  8] 141.00-142.00 sec  60.2 KBytes   493 Kbits/sec  5.637 ms  0/44 (0%)  
[  8] 142.00-143.00 sec  61.5 KBytes   504 Kbits/sec  2.637 ms  0/45 (0%)  
[  8] 143.00-144.00 sec  60.2 KBytes   492 Kbits/sec  5.774 ms  1/45 (2.2%)  
[  8] 144.00-145.00 sec  60.2 KBytes   493 Kbits/sec  3.792 ms  0/44 (0%)  
[  8] 145.00-146.00 sec  60.2 KBytes   493 Kbits/sec  5.921 ms  0/44 (0%)  
[  8] 146.00-147.00 sec  61.5 KBytes   504 Kbits/sec  6.150 ms  0/45 (0%)  
[  8] 147.00-148.00 sec  61.5 KBytes   504 Kbits/sec  4.025 ms  0/45 (0%)  
[  8] 148.00-149.00 sec  61.5 KBytes   504 Kbits/sec  5.389 ms  0/45 (0%)  
[  8] 149.00-150.00 sec  60.2 KBytes   492 Kbits/sec  6.700 ms  0/44 (0%)  
[  8] 150.00-151.00 sec  61.5 KBytes   504 Kbits/sec  4.458 ms  0/45 (0%)  
[  8] 151.00-152.01 sec  61.5 KBytes   501 Kbits/sec  5.354 ms  0/45 (0%)  
[  8] 152.01-153.00 sec  60.2 KBytes   496 Kbits/sec  3.665 ms  0/44 (0%)  
[  8] 153.00-154.00 sec  60.2 KBytes   493 Kbits/sec  5.653 ms  0/44 (0%)  
[  8] 154.00-155.00 sec  62.9 KBytes   515 Kbits/sec  3.721 ms  0/46 (0%)  
[  8] 155.00-156.00 sec  58.8 KBytes   482 Kbits/sec  4.895 ms  1/44 (2.3%)  
[  8] 156.00-157.00 sec  60.2 KBytes   492 Kbits/sec  5.243 ms  1/45 (2.2%)  
[  8] 157.00-158.00 sec  56.1 KBytes   460 Kbits/sec  8.358 ms  3/44 (6.8%)  
[  8] 158.00-159.00 sec  60.2 KBytes   493 Kbits/sec  7.611 ms  0/44 (0%)  
[  8] 159.00-160.00 sec  61.5 KBytes   504 Kbits/sec  7.736 ms  0/45 (0%)  
[  8] 160.00-161.00 sec  58.8 KBytes   481 Kbits/sec  7.829 ms  2/45 (4.4%)  
[  8] 161.00-162.00 sec  61.5 KBytes   505 Kbits/sec  5.858 ms  0/45 (0%)  
[  8] 162.00-163.00 sec  61.5 KBytes   504 Kbits/sec  4.696 ms  0/45 (0%)  
[  8] 163.00-164.00 sec  58.8 KBytes   482 Kbits/sec  5.010 ms  1/44 (2.3%)  
[  8] 164.00-165.00 sec  61.5 KBytes   504 Kbits/sec  6.013 ms  0/45 (0%)  
[  8] 165.00-166.00 sec  61.5 KBytes   504 Kbits/sec  4.673 ms  0/45 (0%)  
[  8] 166.00-167.00 sec  60.2 KBytes   492 Kbits/sec  5.038 ms  0/44 (0%)  
[  8] 167.00-168.00 sec  61.5 KBytes   503 Kbits/sec  7.110 ms  0/45 (0%)  
[  8] 168.00-169.00 sec  61.5 KBytes   505 Kbits/sec  5.640 ms  0/45 (0%)  
[  8] 169.00-170.00 sec  60.2 KBytes   493 Kbits/sec  5.783 ms  0/44 (0%)  
[  8] 170.00-171.00 sec  60.2 KBytes   493 Kbits/sec  4.618 ms  1/45 (2.2%)  
[  8] 171.00-172.00 sec  61.5 KBytes   504 Kbits/sec  4.812 ms  0/45 (0%)  
[  8] 172.00-173.00 sec  58.8 KBytes   482 Kbits/sec  5.501 ms  1/44 (2.3%)  
[  8] 173.00-174.00 sec  61.5 KBytes   502 Kbits/sec  5.722 ms  0/45 (0%)  
[  8] 174.00-175.00 sec  60.2 KBytes   495 Kbits/sec  6.598 ms  0/44 (0%)  
[  8] 175.00-176.00 sec  61.5 KBytes   504 Kbits/sec  5.110 ms  0/45 (0%)  
[  8] 176.00-177.00 sec  58.8 KBytes   482 Kbits/sec  7.306 ms  2/45 (4.4%)  
[  8] 177.00-178.00 sec  57.4 KBytes   469 Kbits/sec  6.149 ms  3/45 (6.7%)  
[  8] 178.00-179.00 sec  60.2 KBytes   492 Kbits/sec  5.186 ms  0/44 (0%)  
[  8] 179.00-180.00 sec  60.2 KBytes   495 Kbits/sec  5.430 ms  0/44 (0%)  
[  8] 180.00-181.00 sec  61.5 KBytes   504 Kbits/sec  4.787 ms  0/45 (0%)  
[  8] 181.00-182.00 sec  61.5 KBytes   504 Kbits/sec  6.963 ms  0/45 (0%)  
[  8] 182.00-183.00 sec  61.5 KBytes   504 Kbits/sec  6.141 ms  0/45 (0%)  
[  8] 183.00-184.00 sec  60.2 KBytes   493 Kbits/sec  7.374 ms  0/44 (0%)  
[  8] 184.00-185.00 sec  61.5 KBytes   504 Kbits/sec  5.721 ms  0/45 (0%)  
[  8] 185.00-186.00 sec  58.8 KBytes   482 Kbits/sec  6.534 ms  1/44 (2.3%)  
[  8] 186.00-187.00 sec  61.5 KBytes   504 Kbits/sec  4.439 ms  0/45 (0%)  
[  8] 187.00-188.00 sec  61.5 KBytes   504 Kbits/sec  5.373 ms  0/45 (0%)  
[  8] 188.00-189.00 sec  60.2 KBytes   493 Kbits/sec  6.727 ms  0/44 (0%)  
[  8] 189.00-190.00 sec  61.5 KBytes   504 Kbits/sec  6.780 ms  0/45 (0%)  
[  8] 190.00-191.00 sec  60.2 KBytes   493 Kbits/sec  5.871 ms  1/45 (2.2%)  
[  8] 191.00-192.00 sec  60.2 KBytes   493 Kbits/sec  4.519 ms  0/44 (0%)  
[  8] 192.00-193.00 sec  60.2 KBytes   493 Kbits/sec  3.872 ms  0/44 (0%)  
[  8] 193.00-194.00 sec  61.5 KBytes   504 Kbits/sec  3.982 ms  0/45 (0%)  
[  8] 194.00-195.00 sec  61.5 KBytes   504 Kbits/sec  7.912 ms  0/45 (0%)  
[  8] 195.00-196.00 sec  60.2 KBytes   493 Kbits/sec  5.853 ms  1/45 (2.2%)  
[  8] 196.00-197.00 sec  60.2 KBytes   493 Kbits/sec  7.071 ms  0/44 (0%)  
[  8] 197.00-198.00 sec  57.4 KBytes   470 Kbits/sec  7.925 ms  1/43 (2.3%)  
[  8] 198.00-199.00 sec  64.3 KBytes   527 Kbits/sec  6.988 ms  0/47 (0%)  
[  8] 199.00-200.00 sec  61.5 KBytes   504 Kbits/sec  6.430 ms  0/45 (0%)  
[  8] 200.00-201.00 sec  60.2 KBytes   493 Kbits/sec  5.662 ms  0/44 (0%)  
[  8] 201.00-202.00 sec  60.2 KBytes   493 Kbits/sec  10.151 ms  0/44 (0%)  
[  8] 202.00-203.00 sec  61.5 KBytes   504 Kbits/sec  7.588 ms  1/46 (2.2%)  
[  8] 203.00-204.00 sec  60.2 KBytes   493 Kbits/sec  7.612 ms  0/44 (0%)  
[  8] 204.00-205.00 sec  61.5 KBytes   504 Kbits/sec  6.496 ms  0/45 (0%)  
[  8] 205.00-206.00 sec  60.2 KBytes   492 Kbits/sec  7.677 ms  0/44 (0%)  
[  8] 206.00-207.00 sec  58.8 KBytes   482 Kbits/sec  5.920 ms  1/44 (2.3%)  
[  8] 207.00-208.00 sec  61.5 KBytes   504 Kbits/sec  9.952 ms  1/46 (2.2%)  
[  8] 208.00-209.00 sec  60.2 KBytes   492 Kbits/sec  7.077 ms  0/44 (0%)  
[  8] 209.00-210.00 sec  58.8 KBytes   482 Kbits/sec  6.116 ms  1/44 (2.3%)  
[  8] 210.00-211.00 sec  62.9 KBytes   515 Kbits/sec  7.744 ms  0/46 (0%)  
[  8] 211.00-212.00 sec  58.8 KBytes   482 Kbits/sec  6.161 ms  1/44 (2.3%)  
[  8] 212.00-213.00 sec  58.8 KBytes   482 Kbits/sec  5.734 ms  2/45 (4.4%)  
[  8] 213.00-214.00 sec  60.2 KBytes   492 Kbits/sec  9.291 ms  0/44 (0%)  
[  8] 214.00-215.00 sec  61.5 KBytes   504 Kbits/sec  7.595 ms  0/45 (0%)  
[  8] 215.00-216.00 sec  60.2 KBytes   493 Kbits/sec  5.313 ms  0/44 (0%)  
[  8] 216.00-217.00 sec  60.2 KBytes   493 Kbits/sec  4.853 ms  1/45 (2.2%)  
[  8] 217.00-218.00 sec  60.2 KBytes   493 Kbits/sec  7.254 ms  1/45 (2.2%)  
[  8] 218.00-219.00 sec  61.5 KBytes   504 Kbits/sec  5.378 ms  0/45 (0%)  
[  8] 219.00-220.00 sec  60.2 KBytes   493 Kbits/sec  5.567 ms  0/44 (0%)  
[  8] 220.00-221.00 sec  61.5 KBytes   504 Kbits/sec  7.608 ms  0/45 (0%)  
[  8] 221.00-222.00 sec  60.2 KBytes   493 Kbits/sec  5.463 ms  0/44 (0%)  
[  8] 222.00-223.00 sec  60.2 KBytes   493 Kbits/sec  4.083 ms  1/45 (2.2%)  
[  8] 223.00-224.00 sec  61.5 KBytes   504 Kbits/sec  5.059 ms  0/45 (0%)  
[  8] 224.00-225.00 sec  60.2 KBytes   493 Kbits/sec  6.030 ms  0/44 (0%)  
[  8] 225.00-226.00 sec  61.5 KBytes   504 Kbits/sec  7.596 ms  0/45 (0%)  
[  8] 226.00-227.00 sec  57.4 KBytes   469 Kbits/sec  8.896 ms  2/44 (4.5%)  
[  8] 227.00-228.01 sec  61.5 KBytes   500 Kbits/sec  6.683 ms  1/46 (2.2%)  
[  8] 228.01-229.00 sec  60.2 KBytes   498 Kbits/sec  4.149 ms  0/44 (0%)  
[  8] 229.00-230.00 sec  58.8 KBytes   481 Kbits/sec  8.088 ms  1/44 (2.3%)  
[  8] 230.00-231.00 sec  60.2 KBytes   493 Kbits/sec  5.929 ms  1/45 (2.2%)  
[  8] 231.00-232.00 sec  61.5 KBytes   504 Kbits/sec  6.708 ms  0/45 (0%)  
[  8] 232.00-233.00 sec  61.5 KBytes   504 Kbits/sec  7.947 ms  0/45 (0%)  
[  8] 233.00-234.00 sec  58.8 KBytes   482 Kbits/sec  5.848 ms  1/44 (2.3%)  
[  8] 234.00-235.00 sec  60.2 KBytes   493 Kbits/sec  7.622 ms  1/45 (2.2%)  
[  8] 235.00-236.00 sec  60.2 KBytes   493 Kbits/sec  5.341 ms  0/44 (0%)  
[  8] 236.00-237.00 sec  61.5 KBytes   504 Kbits/sec  6.528 ms  0/45 (0%)  
[  8] 237.00-238.00 sec  60.2 KBytes   493 Kbits/sec  5.334 ms  1/45 (2.2%)  
[  8] 238.00-239.00 sec  60.2 KBytes   493 Kbits/sec  4.730 ms  0/44 (0%)  
[  8] 239.00-240.00 sec  60.2 KBytes   492 Kbits/sec  6.584 ms  1/45 (2.2%)  
[  8] 240.00-240.02 sec  1.37 KBytes   527 Kbits/sec  6.568 ms  0/1 (0%)  
- - - - - - - - - - - - - - - - - - - - - - - - -
[ ID] Interval           Transfer     Bitrate         Jitter    Lost/Total Datagrams
[  8]   0.00-240.02 sec  14.2 MBytes   497 Kbits/sec  6.568 ms  65/10715 (0.61%)  receiver
-----------------------------------------------------------
Server listening on 5201 (test #1)
-----------------------------------------------------------
Accepted connection from 10.0.0.38, port 41918
[  8] local 10.0.0.102 port 5201 connected to 10.0.0.38 port 58618
[ ID] Interval           Transfer     Bitrate         Jitter    Lost/Total Datagrams
[  8]   0.00-1.00   sec  61.5 KBytes   504 Kbits/sec  3.631 ms  0/45 (0%)  
[  8]   1.00-2.00   sec  60.2 KBytes   493 Kbits/sec  4.207 ms  0/44 (0%)  
[  8]   2.00-3.00   sec  60.2 KBytes   493 Kbits/sec  3.299 ms  1/45 (2.2%)  
[  8]   3.00-4.00   sec  61.5 KBytes   504 Kbits/sec  2.127 ms  0/45 (0%)  
[  8]   4.00-5.00   sec  60.2 KBytes   493 Kbits/sec  3.634 ms  0/44 (0%)  
[  8]   5.00-6.00   sec  61.5 KBytes   504 Kbits/sec  2.763 ms  0/45 (0%)  
[  8]   6.00-7.00   sec  60.2 KBytes   493 Kbits/sec  2.834 ms  0/44 (0%)  
[  8]   7.00-8.00   sec  61.5 KBytes   504 Kbits/sec  2.773 ms  0/45 (0%)  
[  8]   8.00-9.00   sec  61.5 KBytes   504 Kbits/sec  2.693 ms  0/45 (0%)  
[  8]   9.00-10.00  sec  60.2 KBytes   493 Kbits/sec  5.419 ms  0/44 (0%)  
[  8]  10.00-11.00  sec  61.5 KBytes   504 Kbits/sec  4.808 ms  0/45 (0%)  
[  8]  11.00-12.00  sec  61.5 KBytes   504 Kbits/sec  4.639 ms  0/45 (0%)  
[  8]  12.00-13.00  sec  60.2 KBytes   493 Kbits/sec  4.123 ms  0/44 (0%)  
[  8]  13.00-14.00  sec  61.5 KBytes   504 Kbits/sec  3.336 ms  0/45 (0%)  
[  8]  14.00-15.00  sec  60.2 KBytes   493 Kbits/sec  3.752 ms  0/44 (0%)  
[  8]  15.00-16.00  sec  61.5 KBytes   504 Kbits/sec  4.723 ms  0/45 (0%)  
[  8]  16.00-17.00  sec  60.2 KBytes   493 Kbits/sec  6.002 ms  0/44 (0%)  
[  8]  17.00-18.00  sec  62.9 KBytes   515 Kbits/sec  5.133 ms  0/46 (0%)  
[  8]  18.00-19.00  sec  60.2 KBytes   493 Kbits/sec  5.187 ms  0/44 (0%)  
[  8]  19.00-20.00  sec  61.5 KBytes   504 Kbits/sec  3.653 ms  0/45 (0%)  
[  8]  20.00-21.00  sec  60.2 KBytes   493 Kbits/sec  2.510 ms  0/44 (0%)  
[  8]  21.00-22.00  sec  61.5 KBytes   504 Kbits/sec  5.840 ms  0/45 (0%)  
[  8]  22.00-23.00  sec  61.5 KBytes   504 Kbits/sec  4.743 ms  0/45 (0%)  
[  8]  23.00-24.00  sec  60.2 KBytes   493 Kbits/sec  7.165 ms  0/44 (0%)  
[  8]  24.00-25.00  sec  60.2 KBytes   493 Kbits/sec  8.985 ms  0/44 (0%)  
[  8]  25.00-26.00  sec  61.5 KBytes   503 Kbits/sec  8.683 ms  1/46 (2.2%)  
[  8]  26.00-27.00  sec  57.4 KBytes   471 Kbits/sec  5.918 ms  1/43 (2.3%)  
[  8]  27.00-28.00  sec  62.9 KBytes   515 Kbits/sec  8.018 ms  0/46 (0%)  
[  8]  28.00-29.00  sec  60.2 KBytes   493 Kbits/sec  6.171 ms  0/44 (0%)  
[  8]  29.00-30.00  sec  61.5 KBytes   504 Kbits/sec  6.658 ms  0/45 (0%)  
[  8]  30.00-31.00  sec  61.5 KBytes   503 Kbits/sec  5.373 ms  0/45 (0%)  
[  8]  31.00-32.00  sec  60.2 KBytes   494 Kbits/sec  6.203 ms  0/44 (0%)  
[  8]  32.00-33.00  sec  61.5 KBytes   504 Kbits/sec  6.544 ms  0/45 (0%)  
[  8]  33.00-34.00  sec  60.2 KBytes   493 Kbits/sec  4.991 ms  0/44 (0%)  
[  8]  34.00-35.00  sec  58.8 KBytes   482 Kbits/sec  8.359 ms  1/44 (2.3%)  
[  8]  35.00-36.00  sec  62.9 KBytes   515 Kbits/sec  7.662 ms  0/46 (0%)  
[  8]  36.00-37.00  sec  60.2 KBytes   493 Kbits/sec  5.745 ms  0/44 (0%)  
[  8]  37.00-38.00  sec  61.5 KBytes   504 Kbits/sec  5.562 ms  0/45 (0%)  
[  8]  38.00-39.00  sec  60.2 KBytes   493 Kbits/sec  5.700 ms  0/44 (0%)  
[  8]  39.00-40.00  sec  61.5 KBytes   504 Kbits/sec  9.594 ms  0/45 (0%)  
[  8]  40.00-41.00  sec  61.5 KBytes   503 Kbits/sec  4.753 ms  0/45 (0%)  
[  8]  41.00-42.00  sec  61.5 KBytes   505 Kbits/sec  7.537 ms  0/45 (0%)  
[  8]  42.00-43.00  sec  61.5 KBytes   504 Kbits/sec  8.868 ms  0/45 (0%)  
[  8]  43.00-44.00  sec  60.2 KBytes   493 Kbits/sec  5.379 ms  0/44 (0%)  
[  8]  44.00-45.00  sec  61.5 KBytes   504 Kbits/sec  5.674 ms  0/45 (0%)  
[  8]  45.00-46.00  sec  60.2 KBytes   493 Kbits/sec  5.595 ms  0/44 (0%)  
[  8]  46.00-47.00  sec  61.5 KBytes   504 Kbits/sec  5.979 ms  0/45 (0%)  
[  8]  47.00-48.00  sec  60.2 KBytes   493 Kbits/sec  5.433 ms  0/44 (0%)  
[  8]  48.00-49.00  sec  61.5 KBytes   504 Kbits/sec  4.764 ms  0/45 (0%)  
[  8]  49.00-50.00  sec  61.5 KBytes   504 Kbits/sec  7.063 ms  0/45 (0%)  
[  8]  50.00-51.00  sec  61.5 KBytes   504 Kbits/sec  5.180 ms  0/45 (0%)  
[  8]  51.00-52.00  sec  60.2 KBytes   493 Kbits/sec  6.238 ms  0/44 (0%)  
[  8]  52.00-53.00  sec  60.2 KBytes   491 Kbits/sec  8.786 ms  0/44 (0%)  
[  8]  53.00-54.00  sec  60.2 KBytes   495 Kbits/sec  8.442 ms  1/45 (2.2%)  
[  8]  54.00-55.00  sec  61.5 KBytes   504 Kbits/sec  4.131 ms  0/45 (0%)  
[  8]  55.00-56.00  sec  61.5 KBytes   504 Kbits/sec  4.833 ms  0/45 (0%)  
[  8]  56.00-57.00  sec  60.2 KBytes   493 Kbits/sec  9.617 ms  0/44 (0%)  
[  8]  57.00-58.00  sec  60.2 KBytes   493 Kbits/sec  7.453 ms  0/44 (0%)  
[  8]  58.00-59.00  sec  60.2 KBytes   493 Kbits/sec  9.562 ms  0/44 (0%)  
[  8]  59.00-60.00  sec  56.1 KBytes   459 Kbits/sec  10.756 ms  4/45 (8.9%)  
[  8]  60.00-61.00  sec  60.2 KBytes   493 Kbits/sec  9.367 ms  2/46 (4.3%)  
[  8]  61.00-62.00  sec  56.1 KBytes   459 Kbits/sec  12.269 ms  3/44 (6.8%)  
[  8]  62.00-63.00  sec  58.8 KBytes   482 Kbits/sec  10.570 ms  1/44 (2.3%)  
[  8]  63.00-64.00  sec  61.5 KBytes   504 Kbits/sec  8.055 ms  0/45 (0%)  
[  8]  64.00-65.00  sec  57.4 KBytes   470 Kbits/sec  6.702 ms  2/44 (4.5%)  
[  8]  65.00-66.00  sec  61.5 KBytes   504 Kbits/sec  6.390 ms  1/46 (2.2%)  
[  8]  66.00-67.00  sec  57.4 KBytes   469 Kbits/sec  9.038 ms  0/42 (0%)  
[  8]  67.00-68.00  sec  62.9 KBytes   517 Kbits/sec  5.921 ms  1/47 (2.1%)  
[  8]  68.00-69.00  sec  61.5 KBytes   504 Kbits/sec  8.052 ms  0/45 (0%)  
[  8]  69.00-70.01  sec  60.2 KBytes   490 Kbits/sec  6.989 ms  0/44 (0%)  
[  8]  70.01-71.00  sec  58.8 KBytes   484 Kbits/sec  8.476 ms  2/45 (4.4%)  
[  8]  71.00-72.00  sec  58.8 KBytes   482 Kbits/sec  6.742 ms  1/44 (2.3%)  
[  8]  72.00-73.00  sec  62.9 KBytes   515 Kbits/sec  6.727 ms  0/46 (0%)  
[  8]  73.00-74.00  sec  57.4 KBytes   470 Kbits/sec  6.858 ms  1/43 (2.3%)  
[  8]  74.00-75.00  sec  60.2 KBytes   493 Kbits/sec  6.583 ms  0/44 (0%)  
[  8]  75.00-76.00  sec  62.9 KBytes   515 Kbits/sec  8.262 ms  1/47 (2.1%)  
[  8]  76.00-77.00  sec  60.2 KBytes   493 Kbits/sec  7.823 ms  0/44 (0%)  
[  8]  77.00-78.00  sec  61.5 KBytes   504 Kbits/sec  6.512 ms  0/45 (0%)  
[  8]  78.00-79.00  sec  61.5 KBytes   504 Kbits/sec  6.132 ms  0/45 (0%)  
[  8]  79.00-80.00  sec  58.8 KBytes   482 Kbits/sec  5.711 ms  1/44 (2.3%)  
[  8]  80.00-81.00  sec  60.2 KBytes   493 Kbits/sec  8.231 ms  0/44 (0%)  
[  8]  81.00-82.00  sec  61.5 KBytes   504 Kbits/sec  6.614 ms  0/45 (0%)  
[  8]  82.00-83.00  sec  60.2 KBytes   492 Kbits/sec  7.472 ms  1/45 (2.2%)  
[  8]  83.00-84.00  sec  60.2 KBytes   493 Kbits/sec  7.390 ms  0/44 (0%)  
[  8]  84.00-85.00  sec  58.8 KBytes   482 Kbits/sec  7.947 ms  1/44 (2.3%)  
[  8]  85.00-86.00  sec  58.8 KBytes   481 Kbits/sec  7.808 ms  2/45 (4.4%)  
[  8]  86.00-87.00  sec  60.2 KBytes   493 Kbits/sec  7.290 ms  2/46 (4.3%)  
[  8]  87.00-88.00  sec  58.8 KBytes   481 Kbits/sec  5.149 ms  1/44 (2.3%)  
[  8]  88.00-89.00  sec  61.5 KBytes   505 Kbits/sec  5.197 ms  0/45 (0%)  
[  8]  89.00-90.00  sec  61.5 KBytes   504 Kbits/sec  4.835 ms  0/45 (0%)  
[  8]  90.00-91.00  sec  60.2 KBytes   493 Kbits/sec  5.439 ms  0/44 (0%)  
[  8]  91.00-92.00  sec  61.5 KBytes   502 Kbits/sec  3.809 ms  0/45 (0%)  
[  8]  92.00-93.00  sec  60.2 KBytes   495 Kbits/sec  3.710 ms  0/44 (0%)  
[  8]  93.00-94.00  sec  61.5 KBytes   504 Kbits/sec  5.086 ms  0/45 (0%)  
[  8]  94.00-95.00  sec  61.5 KBytes   504 Kbits/sec  5.747 ms  0/45 (0%)  
[  8]  95.00-96.00  sec  60.2 KBytes   493 Kbits/sec  5.663 ms  0/44 (0%)  
[  8]  96.00-97.00  sec  61.5 KBytes   504 Kbits/sec  9.573 ms  0/45 (0%)  
[  8]  97.00-98.00  sec  61.5 KBytes   504 Kbits/sec  5.235 ms  0/45 (0%)  
[  8]  98.00-99.00  sec  60.2 KBytes   493 Kbits/sec  4.871 ms  0/44 (0%)  
[  8]  99.00-100.00 sec  60.2 KBytes   493 Kbits/sec  5.592 ms  1/45 (2.2%)  
[  8] 100.00-101.00 sec  60.2 KBytes   492 Kbits/sec  6.399 ms  1/45 (2.2%)  
[  8] 101.00-102.00 sec  60.2 KBytes   493 Kbits/sec  6.333 ms  0/44 (0%)  
[  8] 102.00-103.00 sec  61.5 KBytes   504 Kbits/sec  4.752 ms  0/45 (0%)  
[  8] 103.00-104.00 sec  61.5 KBytes   504 Kbits/sec  4.488 ms  0/45 (0%)  
[  8] 104.00-105.00 sec  60.2 KBytes   493 Kbits/sec  5.775 ms  0/44 (0%)  
[  8] 105.00-106.00 sec  61.5 KBytes   504 Kbits/sec  5.848 ms  0/45 (0%)  
[  8] 106.00-107.00 sec  60.2 KBytes   493 Kbits/sec  3.909 ms  0/44 (0%)  
[  8] 107.00-108.00 sec  61.5 KBytes   504 Kbits/sec  7.749 ms  0/45 (0%)  
[  8] 108.00-109.00 sec  61.5 KBytes   504 Kbits/sec  6.589 ms  0/45 (0%)  
[  8] 109.00-110.00 sec  61.5 KBytes   504 Kbits/sec  4.813 ms  0/45 (0%)  
[  8] 110.00-111.00 sec  58.8 KBytes   482 Kbits/sec  7.620 ms  1/44 (2.3%)  
[  8] 111.00-112.00 sec  60.2 KBytes   493 Kbits/sec  6.479 ms  0/44 (0%)  
[  8] 112.00-113.00 sec  61.5 KBytes   504 Kbits/sec  4.726 ms  0/45 (0%)  
[  8] 113.00-114.00 sec  56.1 KBytes   459 Kbits/sec  8.619 ms  3/44 (6.8%)  
[  8] 114.00-115.00 sec  61.5 KBytes   504 Kbits/sec  6.649 ms  0/45 (0%)  
[  8] 115.00-116.00 sec  60.2 KBytes   493 Kbits/sec  5.681 ms  2/46 (4.3%)  
[  8] 116.00-117.00 sec  60.2 KBytes   493 Kbits/sec  5.413 ms  0/44 (0%)  
[  8] 117.00-118.00 sec  61.5 KBytes   504 Kbits/sec  3.690 ms  0/45 (0%)  
[  8] 118.00-119.00 sec  57.4 KBytes   470 Kbits/sec  7.327 ms  2/44 (4.5%)  
[  8] 119.00-120.00 sec  61.5 KBytes   504 Kbits/sec  4.639 ms  0/45 (0%)  
[  8] 120.00-121.00 sec  60.2 KBytes   493 Kbits/sec  4.644 ms  0/44 (0%)  
[  8] 121.00-122.00 sec  61.5 KBytes   503 Kbits/sec  5.475 ms  0/45 (0%)  
[  8] 122.00-123.00 sec  61.5 KBytes   505 Kbits/sec  4.453 ms  0/45 (0%)  
[  8] 123.00-124.00 sec  60.2 KBytes   493 Kbits/sec  4.298 ms  0/44 (0%)  
[  8] 124.00-125.00 sec  61.5 KBytes   504 Kbits/sec  5.777 ms  0/45 (0%)  
[  8] 125.00-126.00 sec  61.5 KBytes   504 Kbits/sec  5.513 ms  0/45 (0%)  
[  8] 126.00-127.00 sec  61.5 KBytes   504 Kbits/sec  5.510 ms  0/45 (0%)  
[  8] 127.00-128.00 sec  60.2 KBytes   493 Kbits/sec  8.167 ms  0/44 (0%)  
[  8] 128.00-129.00 sec  60.2 KBytes   493 Kbits/sec  5.068 ms  0/44 (0%)  
[  8] 129.00-130.00 sec  61.5 KBytes   504 Kbits/sec  5.155 ms  0/45 (0%)  
[  8] 130.00-131.00 sec  61.5 KBytes   505 Kbits/sec  7.778 ms  0/45 (0%)  
[  8] 131.00-132.00 sec  61.5 KBytes   504 Kbits/sec  4.551 ms  0/45 (0%)  
[  8] 132.00-133.00 sec  60.2 KBytes   493 Kbits/sec  5.981 ms  0/44 (0%)  
[  8] 133.00-134.00 sec  61.5 KBytes   504 Kbits/sec  6.345 ms  0/45 (0%)  
[  8] 134.00-135.00 sec  60.2 KBytes   493 Kbits/sec  6.867 ms  0/44 (0%)  
[  8] 135.00-136.00 sec  61.5 KBytes   504 Kbits/sec  6.165 ms  0/45 (0%)  
[  8] 136.00-137.00 sec  60.2 KBytes   492 Kbits/sec  5.232 ms  0/44 (0%)  
[  8] 137.00-138.00 sec  58.8 KBytes   482 Kbits/sec  9.496 ms  2/45 (4.4%)  
[  8] 138.00-139.00 sec  61.5 KBytes   504 Kbits/sec  7.982 ms  0/45 (0%)  
[  8] 139.00-140.00 sec  53.3 KBytes   437 Kbits/sec  11.188 ms  3/42 (7.1%)  
[  8] 140.00-141.00 sec  56.1 KBytes   459 Kbits/sec  8.487 ms  5/46 (11%)  
[  8] 141.00-142.00 sec  61.5 KBytes   504 Kbits/sec  8.012 ms  0/45 (0%)  
[  8] 142.00-143.00 sec  61.5 KBytes   502 Kbits/sec  7.009 ms  1/46 (2.2%)  
[  8] 143.00-144.00 sec  60.2 KBytes   495 Kbits/sec  7.692 ms  0/44 (0%)  
[  8] 144.00-145.00 sec  61.5 KBytes   504 Kbits/sec  5.949 ms  0/45 (0%)  
[  8] 145.00-146.00 sec  61.5 KBytes   503 Kbits/sec  6.616 ms  0/45 (0%)  
[  8] 146.00-147.00 sec  60.2 KBytes   492 Kbits/sec  5.864 ms  0/44 (0%)  
[  8] 147.00-148.00 sec  60.2 KBytes   494 Kbits/sec  9.292 ms  0/44 (0%)  
[  8] 148.00-149.00 sec  60.2 KBytes   493 Kbits/sec  10.041 ms  1/45 (2.2%)  
[  8] 149.00-150.00 sec  60.2 KBytes   493 Kbits/sec  5.140 ms  1/45 (2.2%)  
[  8] 150.00-151.00 sec  57.4 KBytes   470 Kbits/sec  8.728 ms  1/43 (2.3%)  
[  8] 151.00-152.00 sec  62.9 KBytes   515 Kbits/sec  9.247 ms  0/46 (0%)  
[  8] 152.00-153.00 sec  58.8 KBytes   480 Kbits/sec  7.087 ms  2/45 (4.4%)  
[  8] 153.00-154.00 sec  57.4 KBytes   472 Kbits/sec  7.578 ms  1/43 (2.3%)  
[  8] 154.00-155.00 sec  58.8 KBytes   482 Kbits/sec  7.991 ms  2/45 (4.4%)  
[  8] 155.00-156.01 sec  61.5 KBytes   501 Kbits/sec  7.406 ms  1/46 (2.2%)  
[  8] 156.01-157.00 sec  60.2 KBytes   495 Kbits/sec  6.080 ms  0/44 (0%)  
[  8] 157.00-158.00 sec  57.4 KBytes   470 Kbits/sec  7.959 ms  2/44 (4.5%)  
[  8] 158.00-159.00 sec  60.2 KBytes   493 Kbits/sec  11.447 ms  2/46 (4.3%)  
[  8] 159.00-160.00 sec  56.1 KBytes   459 Kbits/sec  8.506 ms  3/44 (6.8%)  
[  8] 160.00-161.00 sec  60.2 KBytes   493 Kbits/sec  8.012 ms  0/44 (0%)  
[  8] 161.00-162.00 sec  61.5 KBytes   504 Kbits/sec  7.597 ms  1/46 (2.2%)  
[  8] 162.00-163.00 sec  60.2 KBytes   493 Kbits/sec  10.732 ms  0/44 (0%)  
[  8] 163.00-164.00 sec  52.0 KBytes   425 Kbits/sec  12.497 ms  6/44 (14%)  
[  8] 164.00-165.00 sec  62.9 KBytes   516 Kbits/sec  6.928 ms  0/46 (0%)  
[  8] 165.00-166.00 sec  57.4 KBytes   470 Kbits/sec  8.784 ms  2/44 (4.5%)  
[  8] 166.00-167.00 sec  53.3 KBytes   437 Kbits/sec  8.123 ms  6/45 (13%)  
[  8] 167.00-168.00 sec  60.2 KBytes   493 Kbits/sec  7.460 ms  0/44 (0%)  
[  8] 168.00-169.00 sec  58.8 KBytes   482 Kbits/sec  6.648 ms  2/45 (4.4%)  
[  8] 169.00-170.00 sec  58.8 KBytes   482 Kbits/sec  8.269 ms  2/45 (4.4%)  
[  8] 170.00-171.00 sec  57.4 KBytes   470 Kbits/sec  9.576 ms  2/44 (4.5%)  
[  8] 171.00-172.00 sec  60.2 KBytes   492 Kbits/sec  10.753 ms  1/45 (2.2%)  
[  8] 172.00-173.00 sec  60.2 KBytes   493 Kbits/sec  7.671 ms  1/45 (2.2%)  
[  8] 173.00-174.00 sec  58.8 KBytes   483 Kbits/sec  7.102 ms  1/44 (2.3%)  
[  8] 174.00-175.00 sec  58.8 KBytes   482 Kbits/sec  7.271 ms  2/45 (4.4%)  
[  8] 175.00-176.00 sec  57.4 KBytes   470 Kbits/sec  7.829 ms  2/44 (4.5%)  
[  8] 176.00-177.00 sec  58.8 KBytes   482 Kbits/sec  7.519 ms  2/45 (4.4%)  
[  8] 177.00-178.00 sec  56.1 KBytes   459 Kbits/sec  6.316 ms  4/45 (8.9%)  
[  8] 178.00-179.00 sec  58.8 KBytes   482 Kbits/sec  6.038 ms  1/44 (2.3%)  
[  8] 179.00-180.00 sec  54.7 KBytes   448 Kbits/sec  6.918 ms  5/45 (11%)  
[  8] 180.00-181.00 sec  60.2 KBytes   493 Kbits/sec  7.829 ms  1/45 (2.2%)  
[  8] 181.00-182.00 sec  57.4 KBytes   470 Kbits/sec  8.977 ms  2/44 (4.5%)  
[  8] 182.00-183.00 sec  60.2 KBytes   493 Kbits/sec  8.362 ms  1/45 (2.2%)  
[  8] 183.00-184.00 sec  61.5 KBytes   504 Kbits/sec  4.736 ms  0/45 (0%)  
[  8] 184.00-185.00 sec  57.4 KBytes   471 Kbits/sec  7.732 ms  3/45 (6.7%)  
[  8] 185.00-186.00 sec  61.5 KBytes   504 Kbits/sec  5.513 ms  0/45 (0%)  
[  8] 186.00-186.78 sec  41.0 KBytes   429 Kbits/sec  8.837 ms  3/33 (9.1%)  
- - - - - - - - - - - - - - - - - - - - - - - - -
[ ID] Interval           Transfer     Bitrate         Jitter    Lost/Total Datagrams
[  8]   0.00-186.78 sec  11.0 MBytes   493 Kbits/sec  8.837 ms  119/8337 (1.4%)  receiver
iperf3: interrupt - the server has terminated
-----------------------------------------------------------
Server listening on 5201 (test #1)
-----------------------------------------------------------
Accepted connection from 10.0.0.38, port 60622
[  8] local 10.0.0.102 port 5201 connected to 10.0.0.38 port 43088
[ ID] Interval           Transfer     Bitrate         Jitter    Lost/Total Datagrams
[  8]   0.00-1.00   sec  60.2 KBytes   493 Kbits/sec  2.053 ms  0/44 (0%)  
[  8]   1.00-2.01   sec  61.5 KBytes   501 Kbits/sec  6.030 ms  0/45 (0%)  
[  8]   2.01-3.00   sec  60.2 KBytes   496 Kbits/sec  5.225 ms  0/44 (0%)  
[  8]   3.00-4.00   sec  61.5 KBytes   504 Kbits/sec  5.704 ms  0/45 (0%)  
[  8]   4.00-5.00   sec  61.5 KBytes   503 Kbits/sec  5.800 ms  0/45 (0%)  
[  8]   5.00-6.00   sec  60.2 KBytes   494 Kbits/sec  4.406 ms  0/44 (0%)  
[  8]   6.00-7.00   sec  58.8 KBytes   482 Kbits/sec  9.255 ms  2/45 (4.4%)  
[  8]   7.00-8.00   sec  57.4 KBytes   470 Kbits/sec  5.942 ms  2/44 (4.5%)  
[  8]   8.00-9.00   sec  54.7 KBytes   448 Kbits/sec  10.838 ms  5/45 (11%)  
[  8]   9.00-10.00  sec  60.2 KBytes   493 Kbits/sec  4.953 ms  1/45 (2.2%)  
[  8]  10.00-11.00  sec  60.2 KBytes   493 Kbits/sec  4.056 ms  0/44 (0%)  
[  8]  11.00-12.00  sec  60.2 KBytes   493 Kbits/sec  7.292 ms  0/44 (0%)  
[  8]  12.00-13.00  sec  61.5 KBytes   504 Kbits/sec  5.335 ms  0/45 (0%)  
[  8]  13.00-14.00  sec  58.8 KBytes   482 Kbits/sec  3.850 ms  2/45 (4.4%)  
[  8]  14.00-15.00  sec  61.5 KBytes   504 Kbits/sec  5.616 ms  0/45 (0%)  
[  8]  15.00-16.00  sec  58.8 KBytes   481 Kbits/sec  5.573 ms  1/44 (2.3%)  
[  8]  16.00-17.00  sec  61.5 KBytes   505 Kbits/sec  7.740 ms  0/45 (0%)  
[  8]  17.00-18.00  sec  58.8 KBytes   482 Kbits/sec  6.027 ms  1/44 (2.3%)  
[  8]  18.00-19.00  sec  60.2 KBytes   493 Kbits/sec  6.091 ms  2/46 (4.3%)  
[  8]  19.00-20.00  sec  57.4 KBytes   470 Kbits/sec  5.677 ms  2/44 (4.5%)  
[  8]  20.00-21.00  sec  61.5 KBytes   504 Kbits/sec  6.465 ms  0/45 (0%)  
[  8]  21.00-22.00  sec  60.2 KBytes   493 Kbits/sec  6.222 ms  1/45 (2.2%)  
[  8]  22.00-23.00  sec  60.2 KBytes   492 Kbits/sec  5.633 ms  0/44 (0%)  
[  8]  23.00-24.00  sec  60.2 KBytes   494 Kbits/sec  7.369 ms  0/44 (0%)  
[  8]  24.00-25.00  sec  61.5 KBytes   504 Kbits/sec  4.493 ms  0/45 (0%)  
[  8]  25.00-26.00  sec  61.5 KBytes   503 Kbits/sec  4.559 ms  0/45 (0%)  
[  8]  26.00-27.00  sec  61.5 KBytes   505 Kbits/sec  5.295 ms  0/45 (0%)  
[  8]  27.00-28.00  sec  56.1 KBytes   459 Kbits/sec  10.189 ms  3/44 (6.8%)  
[  8]  28.00-29.00  sec  58.8 KBytes   482 Kbits/sec  8.582 ms  1/44 (2.3%)  
[  8]  29.00-30.00  sec  54.7 KBytes   448 Kbits/sec  8.885 ms  5/45 (11%)  
[  8]  30.00-31.00  sec  57.4 KBytes   471 Kbits/sec  12.195 ms  3/45 (6.7%)  
[  8]  31.00-32.00  sec  57.4 KBytes   470 Kbits/sec  7.305 ms  3/45 (6.7%)  
[  8]  32.00-33.00  sec  60.2 KBytes   493 Kbits/sec  7.800 ms  0/44 (0%)  
[  8]  33.00-34.00  sec  60.2 KBytes   493 Kbits/sec  9.208 ms  1/45 (2.2%)  
[  8]  34.00-35.00  sec  61.5 KBytes   504 Kbits/sec  6.758 ms  0/45 (0%)  
[  8]  35.00-36.00  sec  53.3 KBytes   437 Kbits/sec  7.391 ms  5/44 (11%)  
[  8]  36.00-37.00  sec  56.1 KBytes   459 Kbits/sec  8.341 ms  4/45 (8.9%)  
[  8]  37.00-38.00  sec  60.2 KBytes   493 Kbits/sec  5.343 ms  1/45 (2.2%)  
[  8]  38.00-39.00  sec  60.2 KBytes   493 Kbits/sec  7.064 ms  0/44 (0%)  
[  8]  39.00-40.00  sec  61.5 KBytes   504 Kbits/sec  5.142 ms  0/45 (0%)  
[  8]  40.00-41.00  sec  61.5 KBytes   504 Kbits/sec  4.003 ms  0/45 (0%)  
[  8]  41.00-42.00  sec  60.2 KBytes   493 Kbits/sec  6.012 ms  0/44 (0%)  
[  8]  42.00-43.00  sec  61.5 KBytes   504 Kbits/sec  4.720 ms  0/45 (0%)  
[  8]  43.00-44.00  sec  61.5 KBytes   504 Kbits/sec  3.880 ms  0/45 (0%)  
[  8]  44.00-45.00  sec  60.2 KBytes   493 Kbits/sec  5.663 ms  0/44 (0%)  
[  8]  45.00-46.00  sec  61.5 KBytes   504 Kbits/sec  6.159 ms  0/45 (0%)  
[  8]  46.00-47.00  sec  60.2 KBytes   493 Kbits/sec  7.450 ms  1/45 (2.2%)  
[  8]  47.00-48.00  sec  60.2 KBytes   493 Kbits/sec  8.401 ms  0/44 (0%)  
[  8]  48.00-49.00  sec  56.1 KBytes   459 Kbits/sec  7.959 ms  3/44 (6.8%)  
[  8]  49.00-50.00  sec  62.9 KBytes   515 Kbits/sec  5.928 ms  0/46 (0%)  
[  8]  50.00-51.00  sec  58.8 KBytes   482 Kbits/sec  7.142 ms  1/44 (2.3%)  
[  8]  51.00-52.00  sec  56.1 KBytes   459 Kbits/sec  9.678 ms  3/44 (6.8%)  
[  8]  52.00-53.00  sec  62.9 KBytes   515 Kbits/sec  5.229 ms  0/46 (0%)  
[  8]  53.00-54.00  sec  57.4 KBytes   470 Kbits/sec  6.809 ms  2/44 (4.5%)  
[  8]  54.00-55.00  sec  61.5 KBytes   504 Kbits/sec  4.662 ms  0/45 (0%)  
[  8]  55.00-56.00  sec  60.2 KBytes   493 Kbits/sec  6.684 ms  0/44 (0%)  
[  8]  56.00-57.00  sec  60.2 KBytes   492 Kbits/sec  3.905 ms  0/44 (0%)  
[  8]  57.00-58.01  sec  60.2 KBytes   490 Kbits/sec  5.012 ms  2/46 (4.3%)  
[  8]  58.01-59.00  sec  57.4 KBytes   473 Kbits/sec  5.955 ms  2/44 (4.5%)  
[  8]  59.00-60.00  sec  61.5 KBytes   504 Kbits/sec  3.793 ms  0/45 (0%)  
[  8]  60.00-61.00  sec  60.2 KBytes   493 Kbits/sec  4.921 ms  1/45 (2.2%)  
[  8]  61.00-62.00  sec  60.2 KBytes   492 Kbits/sec  5.148 ms  0/44 (0%)  
[  8]  62.00-63.00  sec  54.7 KBytes   449 Kbits/sec  11.700 ms  3/43 (7%)  
[  8]  63.00-64.00  sec  64.3 KBytes   526 Kbits/sec  5.649 ms  0/47 (0%)  
[  8]  64.00-65.00  sec  58.8 KBytes   482 Kbits/sec  4.531 ms  1/44 (2.3%)  
[  8]  65.00-66.00  sec  61.5 KBytes   504 Kbits/sec  7.293 ms  0/45 (0%)  
[  8]  66.00-67.00  sec  60.2 KBytes   493 Kbits/sec  8.235 ms  1/45 (2.2%)  
[  8]  67.00-68.00  sec  58.8 KBytes   482 Kbits/sec  5.053 ms  1/44 (2.3%)  
[  8]  68.00-69.00  sec  57.4 KBytes   470 Kbits/sec  8.602 ms  1/43 (2.3%)  
[  8]  69.00-70.00  sec  50.6 KBytes   414 Kbits/sec  12.590 ms  8/45 (18%)  
[  8]  70.00-71.00  sec  61.5 KBytes   504 Kbits/sec  7.050 ms  0/45 (0%)  
[  8]  71.00-72.00  sec  58.8 KBytes   482 Kbits/sec  8.545 ms  0/43 (0%)  
[  8]  72.00-73.00  sec  52.0 KBytes   426 Kbits/sec  9.965 ms  8/46 (17%)  
[  8]  73.00-74.00  sec  38.3 KBytes   313 Kbits/sec  13.363 ms  15/43 (35%)  
[  8]  74.00-75.00  sec  38.3 KBytes   314 Kbits/sec  16.638 ms  9/37 (24%)  
[  8]  75.00-76.00  sec  38.3 KBytes   314 Kbits/sec  24.851 ms  24/52 (46%)  
[  8]  76.00-77.00  sec  41.0 KBytes   336 Kbits/sec  25.900 ms  17/47 (36%)  
[  8]  77.00-78.00  sec  57.4 KBytes   470 Kbits/sec  11.197 ms  1/43 (2.3%)  
[  8]  78.00-79.00  sec  47.9 KBytes   392 Kbits/sec  10.305 ms  11/46 (24%)  
[  8]  79.00-80.00  sec  56.1 KBytes   459 Kbits/sec  10.084 ms  2/43 (4.7%)  
[  8]  80.00-81.01  sec  52.0 KBytes   421 Kbits/sec  12.218 ms  9/47 (19%)  
[  8]  81.01-82.00  sec  43.8 KBytes   362 Kbits/sec  14.388 ms  12/44 (27%)  
[  8]  82.00-83.00  sec  58.8 KBytes   482 Kbits/sec  6.328 ms  3/46 (6.5%)  
[  8]  83.00-84.00  sec  60.2 KBytes   493 Kbits/sec  6.857 ms  1/45 (2.2%)  
[  8]  84.00-85.00  sec  60.2 KBytes   493 Kbits/sec  5.249 ms  0/44 (0%)  
[  8]  85.00-86.00  sec  60.2 KBytes   493 Kbits/sec  4.872 ms  1/45 (2.2%)  
[  8]  86.00-87.00  sec  58.8 KBytes   480 Kbits/sec  6.556 ms  1/44 (2.3%)  
[  8]  87.00-88.00  sec  61.5 KBytes   505 Kbits/sec  4.278 ms  0/45 (0%)  
[  8]  88.00-89.00  sec  60.2 KBytes   493 Kbits/sec  6.068 ms  1/45 (2.2%)  
[  8]  89.00-90.00  sec  58.8 KBytes   482 Kbits/sec  6.004 ms  1/44 (2.3%)  
[  8]  90.00-91.00  sec  61.5 KBytes   504 Kbits/sec  5.516 ms  0/45 (0%)  
[  8]  91.00-92.00  sec  60.2 KBytes   493 Kbits/sec  7.140 ms  0/44 (0%)  
[  8]  92.00-93.00  sec  61.5 KBytes   504 Kbits/sec  7.798 ms  0/45 (0%)  
[  8]  93.00-94.00  sec  61.5 KBytes   504 Kbits/sec  5.005 ms  0/45 (0%)  
[  8]  94.00-95.00  sec  57.4 KBytes   471 Kbits/sec  4.815 ms  3/45 (6.7%)  
[  8]  95.00-96.00  sec  56.1 KBytes   459 Kbits/sec  3.666 ms  3/44 (6.8%)  
[  8]  96.00-97.00  sec  61.5 KBytes   504 Kbits/sec  3.099 ms  0/45 (0%)  
[  8]  97.00-98.00  sec  58.8 KBytes   482 Kbits/sec  4.057 ms  0/43 (0%)  
[  8]  98.00-99.00  sec  57.4 KBytes   470 Kbits/sec  5.840 ms  4/46 (8.7%)  
[  8]  99.00-100.00 sec  60.2 KBytes   493 Kbits/sec  4.100 ms  0/44 (0%)  
[  8] 100.00-101.00 sec  57.4 KBytes   470 Kbits/sec  7.456 ms  2/44 (4.5%)  
[  8] 101.00-102.00 sec  61.5 KBytes   504 Kbits/sec  4.909 ms  0/45 (0%)  
[  8] 102.00-103.00 sec  57.4 KBytes   470 Kbits/sec  5.785 ms  3/45 (6.7%)  
[  8] 103.00-104.00 sec  57.4 KBytes   470 Kbits/sec  7.682 ms  3/45 (6.7%)  
[  8] 104.00-105.00 sec  57.4 KBytes   470 Kbits/sec  7.759 ms  3/45 (6.7%)  
[  8] 105.00-106.00 sec  57.4 KBytes   470 Kbits/sec  7.241 ms  2/44 (4.5%)  
[  8] 106.00-107.00 sec  60.2 KBytes   493 Kbits/sec  8.148 ms  0/44 (0%)  
[  8] 107.00-108.00 sec  62.9 KBytes   515 Kbits/sec  3.677 ms  0/46 (0%)  
[  8] 108.00-109.00 sec  56.1 KBytes   459 Kbits/sec  6.449 ms  3/44 (6.8%)  
[  8] 109.00-110.00 sec  58.8 KBytes   482 Kbits/sec  14.680 ms  2/45 (4.4%)  
[  8] 110.00-111.00 sec  58.8 KBytes   482 Kbits/sec  14.006 ms  2/45 (4.4%)  
[  8] 111.00-112.00 sec  52.0 KBytes   425 Kbits/sec  16.636 ms  3/41 (7.3%)  
[  8] 112.00-113.00 sec  50.6 KBytes   415 Kbits/sec  13.669 ms  10/47 (21%)  
[  8] 113.00-114.00 sec  53.3 KBytes   436 Kbits/sec  17.024 ms  1/40 (2.5%)  
[  8] 114.00-115.00 sec  41.0 KBytes   337 Kbits/sec  24.960 ms  20/50 (40%)  
[  8] 115.00-116.00 sec  60.2 KBytes   493 Kbits/sec  10.280 ms  1/45 (2.2%)  
[  8] 116.00-117.00 sec  46.5 KBytes   381 Kbits/sec  16.019 ms  3/37 (8.1%)  
[  8] 117.00-118.00 sec  54.7 KBytes   448 Kbits/sec  22.103 ms  3/43 (7%)  
[  8] 118.00-119.00 sec  68.4 KBytes   560 Kbits/sec  6.691 ms  4/54 (7.4%)  
[  8] 119.00-120.00 sec  58.8 KBytes   482 Kbits/sec  4.662 ms  2/45 (4.4%)  
[  8] 120.00-121.00 sec  60.2 KBytes   493 Kbits/sec  4.616 ms  0/44 (0%)  
[  8] 121.00-122.00 sec  61.5 KBytes   504 Kbits/sec  4.992 ms  0/45 (0%)  
[  8] 122.00-123.00 sec  58.8 KBytes   481 Kbits/sec  13.384 ms  1/44 (2.3%)  
[  8] 123.00-124.00 sec  60.2 KBytes   493 Kbits/sec  6.482 ms  1/45 (2.2%)  
[  8] 124.00-125.00 sec  60.2 KBytes   493 Kbits/sec  5.130 ms  1/45 (2.2%)  
[  8] 125.00-126.00 sec  57.4 KBytes   470 Kbits/sec  4.296 ms  2/44 (4.5%)  
[  8] 126.00-127.00 sec  60.2 KBytes   493 Kbits/sec  6.981 ms  1/45 (2.2%)  
[  8] 127.00-128.00 sec  61.5 KBytes   504 Kbits/sec  6.798 ms  0/45 (0%)  
[  8] 128.00-129.00 sec  60.2 KBytes   493 Kbits/sec  5.560 ms  0/44 (0%)  
[  8] 129.00-130.00 sec  60.2 KBytes   493 Kbits/sec  10.023 ms  0/44 (0%)  
[  8] 130.00-131.00 sec  60.2 KBytes   493 Kbits/sec  8.361 ms  1/45 (2.2%)  
[  8] 131.00-132.00 sec  60.2 KBytes   493 Kbits/sec  7.279 ms  1/45 (2.2%)  
[  8] 132.00-133.00 sec  60.2 KBytes   493 Kbits/sec  7.138 ms  1/45 (2.2%)  
[  8] 133.00-134.00 sec  52.0 KBytes   426 Kbits/sec  7.480 ms  3/41 (7.3%)  
[  8] 134.00-135.00 sec  65.6 KBytes   537 Kbits/sec  4.534 ms  0/48 (0%)  
[  8] 135.00-136.00 sec  58.8 KBytes   482 Kbits/sec  4.165 ms  0/43 (0%)  
[  8] 136.00-137.00 sec  61.5 KBytes   504 Kbits/sec  7.939 ms  0/45 (0%)  
[  8] 137.00-138.00 sec  61.5 KBytes   504 Kbits/sec  3.442 ms  0/45 (0%)  
[  8] 138.00-139.00 sec  62.9 KBytes   515 Kbits/sec  4.797 ms  0/46 (0%)  
[  8] 139.00-140.00 sec  60.2 KBytes   493 Kbits/sec  4.989 ms  0/44 (0%)  
[  8] 140.00-141.00 sec  57.4 KBytes   470 Kbits/sec  5.196 ms  0/42 (0%)  
[  8] 141.00-142.00 sec  64.3 KBytes   527 Kbits/sec  5.769 ms  1/48 (2.1%)  
[  8] 142.00-143.00 sec  57.4 KBytes   470 Kbits/sec  8.709 ms  2/44 (4.5%)  
[  8] 143.00-144.00 sec  61.5 KBytes   504 Kbits/sec  5.839 ms  0/45 (0%)  
[  8] 144.00-145.00 sec  58.8 KBytes   481 Kbits/sec  8.741 ms  1/44 (2.3%)  
[  8] 145.00-146.00 sec  61.5 KBytes   504 Kbits/sec  12.447 ms  1/46 (2.2%)  
[  8] 146.00-147.00 sec  58.8 KBytes   482 Kbits/sec  9.966 ms  1/44 (2.3%)  
[  8] 147.00-148.00 sec  60.2 KBytes   492 Kbits/sec  9.078 ms  0/44 (0%)  
[  8] 148.00-149.00 sec  61.5 KBytes   505 Kbits/sec  7.245 ms  0/45 (0%)  
[  8] 149.00-150.00 sec  60.2 KBytes   493 Kbits/sec  6.672 ms  0/44 (0%)  
[  8] 150.00-151.00 sec  62.9 KBytes   515 Kbits/sec  4.305 ms  0/46 (0%)  
[  8] 151.00-152.00 sec  58.8 KBytes   482 Kbits/sec  2.935 ms  1/44 (2.3%)  
[  8] 152.00-153.00 sec  58.8 KBytes   481 Kbits/sec  5.952 ms  2/45 (4.4%)  
[  8] 153.00-154.00 sec  58.8 KBytes   482 Kbits/sec  4.200 ms  1/44 (2.3%)  
[  8] 154.00-155.00 sec  60.2 KBytes   493 Kbits/sec  4.905 ms  0/44 (0%)  
[  8] 155.00-156.00 sec  60.2 KBytes   493 Kbits/sec  4.016 ms  2/46 (4.3%)  
[  8] 156.00-157.00 sec  58.8 KBytes   481 Kbits/sec  2.713 ms  0/43 (0%)  
[  8] 157.00-158.00 sec  62.9 KBytes   515 Kbits/sec  3.866 ms  0/46 (0%)  
[  8] 158.00-159.00 sec  57.4 KBytes   470 Kbits/sec  3.635 ms  0/42 (0%)  
[  8] 159.00-160.00 sec  64.3 KBytes   526 Kbits/sec  4.358 ms  0/47 (0%)  
[  8] 160.00-161.00 sec  58.8 KBytes   481 Kbits/sec  8.789 ms  1/44 (2.3%)  
[  8] 161.00-162.00 sec  61.5 KBytes   505 Kbits/sec  7.145 ms  0/45 (0%)  
[  8] 162.00-163.00 sec  57.4 KBytes   470 Kbits/sec  7.682 ms  3/45 (6.7%)  
[  8] 163.00-164.00 sec  61.5 KBytes   504 Kbits/sec  8.018 ms  0/45 (0%)  
[  8] 164.00-165.00 sec  60.2 KBytes   493 Kbits/sec  6.797 ms  0/44 (0%)  
[  8] 165.00-166.00 sec  60.2 KBytes   493 Kbits/sec  9.411 ms  1/45 (2.2%)  
[  8] 166.00-167.01 sec  61.5 KBytes   498 Kbits/sec  6.186 ms  1/46 (2.2%)  
[  8] 167.01-168.00 sec  56.1 KBytes   465 Kbits/sec  7.325 ms  2/43 (4.7%)  
[  8] 168.00-169.00 sec  60.2 KBytes   493 Kbits/sec  8.732 ms  1/45 (2.2%)  
[  8] 169.00-170.00 sec  60.2 KBytes   493 Kbits/sec  9.765 ms  1/45 (2.2%)  
[  8] 170.00-171.00 sec  57.4 KBytes   470 Kbits/sec  8.038 ms  2/44 (4.5%)  
[  8] 171.00-172.00 sec  61.5 KBytes   502 Kbits/sec  6.145 ms  0/45 (0%)  
[  8] 172.00-173.00 sec  61.5 KBytes   505 Kbits/sec  6.274 ms  0/45 (0%)  
[  8] 173.00-174.00 sec  58.8 KBytes   482 Kbits/sec  4.847 ms  0/43 (0%)  
[  8] 174.00-175.00 sec  57.4 KBytes   470 Kbits/sec  7.413 ms  2/44 (4.5%)  
[  8] 175.00-176.00 sec  54.7 KBytes   448 Kbits/sec  9.089 ms  6/46 (13%)  
[  8] 176.00-177.01 sec  54.7 KBytes   445 Kbits/sec  8.135 ms  5/45 (11%)  
[  8] 177.01-178.00 sec  61.5 KBytes   507 Kbits/sec  9.694 ms  0/45 (0%)  
[  8] 178.00-179.00 sec  58.8 KBytes   482 Kbits/sec  9.083 ms  0/43 (0%)  
[  8] 179.00-180.01 sec  62.9 KBytes   510 Kbits/sec  10.942 ms  0/46 (0%)  
[  8] 180.01-181.00 sec  60.2 KBytes   498 Kbits/sec  6.637 ms  0/44 (0%)  
[  8] 181.00-182.00 sec  62.9 KBytes   515 Kbits/sec  7.431 ms  0/46 (0%)  
[  8] 182.00-183.00 sec  57.4 KBytes   470 Kbits/sec  7.070 ms  1/43 (2.3%)  
[  8] 183.00-184.00 sec  61.5 KBytes   504 Kbits/sec  10.436 ms  0/45 (0%)  
[  8] 184.00-185.00 sec  60.2 KBytes   493 Kbits/sec  10.510 ms  1/45 (2.2%)  
[  8] 185.00-186.00 sec  61.5 KBytes   504 Kbits/sec  6.756 ms  0/45 (0%)  
[  8] 186.00-187.00 sec  60.2 KBytes   493 Kbits/sec  6.173 ms  1/45 (2.2%)  
[  8] 187.00-188.00 sec  53.3 KBytes   436 Kbits/sec  13.444 ms  5/44 (11%)  
[  8] 188.00-189.00 sec  58.8 KBytes   482 Kbits/sec  8.283 ms  2/45 (4.4%)  
[  8] 189.00-190.00 sec  57.4 KBytes   470 Kbits/sec  9.980 ms  1/43 (2.3%)  
[  8] 190.00-191.00 sec  42.4 KBytes   347 Kbits/sec  21.325 ms  14/45 (31%)  
[  8] 191.00-192.00 sec  60.2 KBytes   493 Kbits/sec  7.318 ms  2/46 (4.3%)  
[  8] 192.00-193.00 sec  61.5 KBytes   504 Kbits/sec  4.581 ms  0/45 (0%)  
[  8] 193.00-194.00 sec  60.2 KBytes   493 Kbits/sec  5.486 ms  0/44 (0%)  
[  8] 194.00-195.00 sec  61.5 KBytes   503 Kbits/sec  6.518 ms  0/45 (0%)  
[  8] 195.00-196.00 sec  60.2 KBytes   494 Kbits/sec  5.327 ms  0/44 (0%)  
[  8] 196.00-197.00 sec  61.5 KBytes   504 Kbits/sec  9.186 ms  0/45 (0%)  
[  8] 197.00-198.00 sec  61.5 KBytes   504 Kbits/sec  2.901 ms  0/45 (0%)  
[  8] 198.00-199.00 sec  61.5 KBytes   504 Kbits/sec  2.781 ms  0/45 (0%)  
[  8] 199.00-200.00 sec  60.2 KBytes   493 Kbits/sec  14.963 ms  0/44 (0%)  
[  8] 200.00-200.02 sec  1.37 KBytes   530 Kbits/sec  14.281 ms  0/1 (0%)  
- - - - - - - - - - - - - - - - - - - - - - - - -
[ ID] Interval           Transfer     Bitrate         Jitter    Lost/Total Datagrams
[  8]   0.00-200.02 sec  11.5 MBytes   481 Kbits/sec  14.281 ms  344/8929 (3.9%)  receiver
-----------------------------------------------------------
Server listening on 5201 (test #1)
-----------------------------------------------------------
Accepted connection from 10.0.0.38, port 52238
[  8] local 10.0.0.102 port 5201 connected to 10.0.0.38 port 51924
[ ID] Interval           Transfer     Bitrate         Jitter    Lost/Total Datagrams
[  8]   0.00-1.00   sec  54.7 KBytes   448 Kbits/sec  1.151 ms  0/40 (0%)  
[  8]   1.00-2.00   sec  67.0 KBytes   549 Kbits/sec  3.268 ms  0/49 (0%)  
[  8]   2.00-3.00   sec  60.2 KBytes   493 Kbits/sec  6.523 ms  0/44 (0%)  
[  8]   3.00-4.00   sec  53.3 KBytes   437 Kbits/sec  5.383 ms  0/39 (0%)  
[  8]   4.00-5.00   sec  61.5 KBytes   504 Kbits/sec  6.187 ms  5/50 (10%)  
[  8]   5.00-6.00   sec  61.5 KBytes   504 Kbits/sec  4.327 ms  0/45 (0%)  
[  8]   6.00-7.00   sec  61.5 KBytes   504 Kbits/sec  5.083 ms  0/45 (0%)  
[  8]   7.00-8.00   sec  58.8 KBytes   482 Kbits/sec  4.502 ms  0/43 (0%)  
[  8]   8.00-9.00   sec  60.2 KBytes   493 Kbits/sec  7.129 ms  0/44 (0%)  
[  8]   9.00-10.00  sec  61.5 KBytes   504 Kbits/sec  9.202 ms  0/45 (0%)  
[  8]  10.00-11.00  sec  58.8 KBytes   482 Kbits/sec  11.130 ms  0/43 (0%)  
[  8]  11.00-12.00  sec  65.6 KBytes   537 Kbits/sec  8.743 ms  0/48 (0%)  
[  8]  12.00-13.00  sec  60.2 KBytes   493 Kbits/sec  8.215 ms  0/44 (0%)  
[  8]  13.00-14.00  sec  58.8 KBytes   482 Kbits/sec  10.463 ms  2/45 (4.4%)  
[  8]  14.00-15.00  sec  61.5 KBytes   504 Kbits/sec  6.386 ms  0/45 (0%)  
[  8]  15.00-16.00  sec  60.2 KBytes   493 Kbits/sec  5.722 ms  1/45 (2.2%)  
[  8]  16.00-17.00  sec  60.2 KBytes   493 Kbits/sec  7.531 ms  1/45 (2.2%)  
[  8]  17.00-18.00  sec  60.2 KBytes   493 Kbits/sec  3.446 ms  0/44 (0%)  
[  8]  18.00-19.00  sec  60.2 KBytes   493 Kbits/sec  10.655 ms  0/44 (0%)  
[  8]  19.00-20.00  sec  61.5 KBytes   504 Kbits/sec  5.933 ms  0/45 (0%)  
[  8]  20.00-21.00  sec  61.5 KBytes   504 Kbits/sec  8.390 ms  0/45 (0%)  
[  8]  21.00-22.00  sec  60.2 KBytes   493 Kbits/sec  11.116 ms  0/44 (0%)  
[  8]  22.00-23.00  sec  60.2 KBytes   493 Kbits/sec  11.204 ms  0/44 (0%)  
[  8]  23.00-24.00  sec  62.9 KBytes   515 Kbits/sec  9.989 ms  0/46 (0%)  
[  8]  24.00-25.00  sec  61.5 KBytes   504 Kbits/sec  10.465 ms  0/45 (0%)  
[  8]  25.00-26.00  sec  61.5 KBytes   504 Kbits/sec  2.571 ms  0/45 (0%)  
[  8]  26.00-27.00  sec  60.2 KBytes   493 Kbits/sec  3.610 ms  0/44 (0%)  
[  8]  27.00-28.00  sec  60.2 KBytes   493 Kbits/sec  4.659 ms  1/45 (2.2%)  
[  8]  28.00-29.00  sec  56.1 KBytes   459 Kbits/sec  7.600 ms  3/44 (6.8%)  
[  8]  29.00-30.00  sec  61.5 KBytes   504 Kbits/sec  7.338 ms  0/45 (0%)  
[  8]  30.00-31.00  sec  60.2 KBytes   493 Kbits/sec  2.946 ms  0/44 (0%)  
[  8]  31.00-32.00  sec  61.5 KBytes   504 Kbits/sec  2.681 ms  0/45 (0%)  
[  8]  32.00-33.00  sec  60.2 KBytes   493 Kbits/sec  2.676 ms  0/44 (0%)  
[  8]  33.00-34.00  sec  61.5 KBytes   504 Kbits/sec  1.855 ms  0/45 (0%)  
[  8]  34.00-35.00  sec  58.8 KBytes   482 Kbits/sec  5.541 ms  0/43 (0%)  
[  8]  35.00-36.00  sec  62.9 KBytes   515 Kbits/sec  4.440 ms  0/46 (0%)  
[  8]  36.00-37.00  sec  60.2 KBytes   493 Kbits/sec  3.407 ms  0/44 (0%)  
[  8]  37.00-38.00  sec  62.9 KBytes   515 Kbits/sec  5.025 ms  0/46 (0%)  
[  8]  38.00-39.00  sec  60.2 KBytes   493 Kbits/sec  3.497 ms  0/44 (0%)  
[  8]  39.00-40.00  sec  60.2 KBytes   492 Kbits/sec  10.590 ms  1/45 (2.2%)  
[  8]  40.00-41.00  sec  61.5 KBytes   505 Kbits/sec  5.905 ms  0/45 (0%)  
[  8]  41.00-42.00  sec  61.5 KBytes   504 Kbits/sec  7.896 ms  0/45 (0%)  
[  8]  42.00-43.00  sec  60.2 KBytes   493 Kbits/sec  5.841 ms  0/44 (0%)  
[  8]  43.00-44.00  sec  58.8 KBytes   481 Kbits/sec  6.895 ms  1/44 (2.3%)  
[  8]  44.00-45.00  sec  57.4 KBytes   471 Kbits/sec  15.118 ms  2/44 (4.5%)  
[  8]  45.00-46.00  sec  58.8 KBytes   482 Kbits/sec  5.313 ms  2/45 (4.4%)  
[  8]  46.00-47.00  sec  61.5 KBytes   504 Kbits/sec  6.330 ms  0/45 (0%)  
[  8]  47.00-48.00  sec  61.5 KBytes   504 Kbits/sec  4.506 ms  0/45 (0%)  
[  8]  48.00-49.00  sec  58.8 KBytes   482 Kbits/sec  4.745 ms  1/44 (2.3%)  
[  8]  49.00-50.00  sec  62.9 KBytes   515 Kbits/sec  3.367 ms  0/46 (0%)  
[  8]  50.00-51.00  sec  60.2 KBytes   493 Kbits/sec  2.756 ms  0/44 (0%)  
[  8]  51.00-52.00  sec  61.5 KBytes   504 Kbits/sec  1.267 ms  0/45 (0%)  
[  8]  52.00-53.00  sec  52.0 KBytes   426 Kbits/sec  5.665 ms  6/44 (14%)  
[  8]  53.00-54.00  sec  60.2 KBytes   493 Kbits/sec  7.492 ms  1/45 (2.2%)  
[  8]  54.00-55.00  sec  60.2 KBytes   493 Kbits/sec  4.835 ms  1/45 (2.2%)  
[  8]  55.00-56.00  sec  58.8 KBytes   482 Kbits/sec  5.865 ms  0/43 (0%)  
[  8]  56.00-57.00  sec  62.9 KBytes   515 Kbits/sec  3.389 ms  0/46 (0%)  
[  8]  57.00-58.00  sec  61.5 KBytes   504 Kbits/sec  4.416 ms  0/45 (0%)  
[  8]  58.00-59.00  sec  58.8 KBytes   482 Kbits/sec  5.816 ms  1/44 (2.3%)  
[  8]  59.00-60.00  sec  60.2 KBytes   493 Kbits/sec  7.891 ms  0/44 (0%)  
[  8]  60.00-61.00  sec  57.4 KBytes   470 Kbits/sec  6.772 ms  0/42 (0%)  
[  8]  61.00-62.00  sec  65.6 KBytes   538 Kbits/sec  6.207 ms  0/48 (0%)  
[  8]  62.00-63.00  sec  57.4 KBytes   470 Kbits/sec  7.290 ms  2/44 (4.5%)  
[  8]  63.00-64.00  sec  61.5 KBytes   504 Kbits/sec  8.955 ms  0/45 (0%)  
[  8]  64.00-65.00  sec  61.5 KBytes   504 Kbits/sec  7.404 ms  0/45 (0%)  
[  8]  65.00-66.00  sec  60.2 KBytes   493 Kbits/sec  5.896 ms  0/44 (0%)  
[  8]  66.00-67.00  sec  62.9 KBytes   515 Kbits/sec  8.159 ms  0/46 (0%)  
[  8]  67.00-68.00  sec  60.2 KBytes   493 Kbits/sec  7.698 ms  0/44 (0%)  
[  8]  68.00-69.00  sec  60.2 KBytes   493 Kbits/sec  9.244 ms  1/45 (2.2%)  
[  8]  69.00-70.00  sec  60.2 KBytes   493 Kbits/sec  8.376 ms  0/44 (0%)  
[  8]  70.00-71.00  sec  60.2 KBytes   493 Kbits/sec  8.534 ms  1/45 (2.2%)  
[  8]  71.00-72.00  sec  61.5 KBytes   504 Kbits/sec  6.809 ms  0/45 (0%)  
[  8]  72.00-73.00  sec  60.2 KBytes   493 Kbits/sec  5.156 ms  1/45 (2.2%)  
[  8]  73.00-74.00  sec  60.2 KBytes   493 Kbits/sec  5.088 ms  0/44 (0%)  
[  8]  74.00-75.00  sec  61.5 KBytes   504 Kbits/sec  5.811 ms  0/45 (0%)  
[  8]  75.00-76.00  sec  58.8 KBytes   481 Kbits/sec  8.641 ms  1/44 (2.3%)  
[  8]  76.00-77.00  sec  58.8 KBytes   482 Kbits/sec  7.976 ms  1/44 (2.3%)  
[  8]  77.00-78.00  sec  61.5 KBytes   504 Kbits/sec  5.370 ms  1/46 (2.2%)  
[  8]  78.00-79.00  sec  61.5 KBytes   504 Kbits/sec  5.346 ms  0/45 (0%)  
[  8]  79.00-80.00  sec  60.2 KBytes   493 Kbits/sec  3.335 ms  0/44 (0%)  
[  8]  80.00-81.00  sec  58.8 KBytes   482 Kbits/sec  8.058 ms  0/43 (0%)  
[  8]  81.00-82.00  sec  61.5 KBytes   504 Kbits/sec  10.480 ms  0/45 (0%)  
[  8]  82.00-83.00  sec  60.2 KBytes   493 Kbits/sec  9.598 ms  1/45 (2.2%)  
[  8]  83.00-84.00  sec  58.8 KBytes   481 Kbits/sec  11.933 ms  2/45 (4.4%)  
[  8]  84.00-85.00  sec  60.2 KBytes   493 Kbits/sec  10.498 ms  1/45 (2.2%)  
[  8]  85.00-86.00  sec  61.5 KBytes   504 Kbits/sec  6.028 ms  0/45 (0%)  
[  8]  86.00-87.00  sec  58.8 KBytes   482 Kbits/sec  4.493 ms  0/43 (0%)  
[  8]  87.00-88.00  sec  61.5 KBytes   504 Kbits/sec  4.307 ms  0/45 (0%)  
[  8]  88.00-89.00  sec  62.9 KBytes   515 Kbits/sec  6.770 ms  0/46 (0%)  
[  8]  89.00-90.00  sec  53.3 KBytes   437 Kbits/sec  11.304 ms  4/43 (9.3%)  
[  8]  90.00-91.00  sec  60.2 KBytes   493 Kbits/sec  6.092 ms  2/46 (4.3%)  
[  8]  91.00-92.00  sec  61.5 KBytes   504 Kbits/sec  5.935 ms  0/45 (0%)  
[  8]  92.00-93.00  sec  54.7 KBytes   448 Kbits/sec  7.317 ms  3/43 (7%)  
[  8]  93.00-94.00  sec  62.9 KBytes   515 Kbits/sec  6.610 ms  0/46 (0%)  
[  8]  94.00-95.00  sec  60.2 KBytes   493 Kbits/sec  3.503 ms  0/44 (0%)  
[  8]  95.00-96.00  sec  60.2 KBytes   492 Kbits/sec  2.988 ms  0/44 (0%)  
[  8]  96.00-97.00  sec  62.9 KBytes   516 Kbits/sec  8.924 ms  0/46 (0%)  
[  8]  97.00-98.01  sec  58.8 KBytes   479 Kbits/sec  8.657 ms  2/45 (4.4%)  
[  8]  98.01-99.00  sec  54.7 KBytes   450 Kbits/sec  10.475 ms  4/44 (9.1%)  
[  8]  99.00-100.00 sec  60.2 KBytes   494 Kbits/sec  8.232 ms  0/44 (0%)  
[  8] 100.00-101.00 sec  58.8 KBytes   481 Kbits/sec  8.855 ms  2/45 (4.4%)  
[  8] 101.00-102.00 sec  60.2 KBytes   493 Kbits/sec  9.253 ms  1/45 (2.2%)  
[  8] 102.00-103.00 sec  61.5 KBytes   504 Kbits/sec  7.759 ms  0/45 (0%)  
[  8] 103.00-104.00 sec  61.5 KBytes   504 Kbits/sec  7.663 ms  0/45 (0%)  
[  8] 104.00-105.00 sec  60.2 KBytes   493 Kbits/sec  7.378 ms  0/44 (0%)  
[  8] 105.00-106.00 sec  58.8 KBytes   480 Kbits/sec  10.084 ms  1/44 (2.3%)  
[  8] 106.00-107.00 sec  61.5 KBytes   506 Kbits/sec  5.838 ms  1/46 (2.2%)  
[  8] 107.00-108.00 sec  58.8 KBytes   482 Kbits/sec  4.111 ms  0/43 (0%)  
[  8] 108.00-109.00 sec  61.5 KBytes   504 Kbits/sec  4.161 ms  1/46 (2.2%)  
[  8] 109.00-110.00 sec  58.8 KBytes   482 Kbits/sec  3.322 ms  1/44 (2.3%)  
[  8] 110.00-111.00 sec  61.5 KBytes   504 Kbits/sec  2.486 ms  0/45 (0%)  
[  8] 111.00-112.00 sec  61.5 KBytes   504 Kbits/sec  2.243 ms  0/45 (0%)  
[  8] 112.00-113.00 sec  60.2 KBytes   493 Kbits/sec  5.121 ms  0/44 (0%)  
[  8] 113.00-114.00 sec  54.7 KBytes   448 Kbits/sec  7.809 ms  0/40 (0%)  
[  8] 114.00-115.00 sec  65.6 KBytes   538 Kbits/sec  4.818 ms  0/48 (0%)  
[  8] 115.00-116.00 sec  61.5 KBytes   504 Kbits/sec  2.805 ms  1/46 (2.2%)  
[  8] 116.00-117.00 sec  58.8 KBytes   482 Kbits/sec  2.728 ms  0/43 (0%)  
[  8] 117.00-118.00 sec  62.9 KBytes   515 Kbits/sec  4.348 ms  0/46 (0%)  
[  8] 118.00-119.00 sec  52.0 KBytes   426 Kbits/sec  6.819 ms  5/43 (12%)  
[  8] 119.00-120.00 sec  60.2 KBytes   493 Kbits/sec  7.934 ms  2/46 (4.3%)  
[  8] 120.00-121.00 sec  61.5 KBytes   504 Kbits/sec  8.248 ms  0/45 (0%)  
[  8] 121.00-122.00 sec  60.2 KBytes   493 Kbits/sec  8.069 ms  1/45 (2.2%)  
[  8] 122.00-123.00 sec  57.4 KBytes   470 Kbits/sec  9.028 ms  3/45 (6.7%)  
[  8] 123.00-124.00 sec  61.5 KBytes   504 Kbits/sec  4.267 ms  0/45 (0%)  
[  8] 124.00-125.00 sec  60.2 KBytes   493 Kbits/sec  3.795 ms  0/44 (0%)  
[  8] 125.00-126.00 sec  61.5 KBytes   504 Kbits/sec  3.865 ms  0/45 (0%)  
[  8] 126.00-127.00 sec  60.2 KBytes   493 Kbits/sec  3.501 ms  0/44 (0%)  
[  8] 127.00-128.00 sec  61.5 KBytes   504 Kbits/sec  3.021 ms  0/45 (0%)  
[  8] 128.00-129.00 sec  61.5 KBytes   504 Kbits/sec  2.095 ms  0/45 (0%)  
[  8] 129.00-130.00 sec  58.8 KBytes   482 Kbits/sec  4.984 ms  1/44 (2.3%)  
[  8] 130.00-131.00 sec  61.5 KBytes   504 Kbits/sec  4.979 ms  0/45 (0%)  
[  8] 131.00-132.01 sec  60.2 KBytes   490 Kbits/sec  7.313 ms  0/44 (0%)  
[  8] 132.01-133.00 sec  62.9 KBytes   518 Kbits/sec  4.657 ms  0/46 (0%)  
[  8] 133.00-134.00 sec  60.2 KBytes   493 Kbits/sec  4.650 ms  0/44 (0%)  
[  8] 134.00-135.00 sec  60.2 KBytes   493 Kbits/sec  6.533 ms  0/44 (0%)  
[  8] 135.00-136.00 sec  61.5 KBytes   504 Kbits/sec  4.835 ms  0/45 (0%)  
[  8] 136.00-137.00 sec  58.8 KBytes   481 Kbits/sec  4.649 ms  1/44 (2.3%)  
[  8] 137.00-138.00 sec  61.5 KBytes   504 Kbits/sec  6.573 ms  0/45 (0%)  
[  8] 138.00-139.00 sec  61.5 KBytes   504 Kbits/sec  5.855 ms  0/45 (0%)  
[  8] 139.00-140.00 sec  60.2 KBytes   492 Kbits/sec  5.301 ms  1/45 (2.2%)  
[  8] 140.00-141.00 sec  61.5 KBytes   505 Kbits/sec  3.532 ms  0/45 (0%)  
[  8] 141.00-142.00 sec  58.8 KBytes   482 Kbits/sec  9.881 ms  0/43 (0%)  
[  8] 142.00-143.00 sec  62.9 KBytes   515 Kbits/sec  3.396 ms  0/46 (0%)  
[  8] 143.00-144.00 sec  60.2 KBytes   493 Kbits/sec  5.146 ms  0/44 (0%)  
[  8] 144.00-145.00 sec  61.5 KBytes   504 Kbits/sec  3.519 ms  0/45 (0%)  
[  8] 145.00-146.00 sec  56.1 KBytes   459 Kbits/sec  6.261 ms  3/44 (6.8%)  
[  8] 146.00-147.00 sec  61.5 KBytes   504 Kbits/sec  6.122 ms  0/45 (0%)  
[  8] 147.00-148.00 sec  61.5 KBytes   504 Kbits/sec  5.380 ms  0/45 (0%)  
[  8] 148.00-149.00 sec  60.2 KBytes   493 Kbits/sec  8.430 ms  0/44 (0%)  
[  8] 149.00-150.00 sec  61.5 KBytes   504 Kbits/sec  3.319 ms  0/45 (0%)  
[  8] 150.00-151.00 sec  61.5 KBytes   504 Kbits/sec  4.668 ms  0/45 (0%)  
[  8] 151.00-152.00 sec  58.8 KBytes   482 Kbits/sec  4.833 ms  1/44 (2.3%)  
[  8] 152.00-153.00 sec  61.5 KBytes   504 Kbits/sec  4.954 ms  0/45 (0%)  
[  8] 153.00-154.00 sec  56.1 KBytes   459 Kbits/sec  6.118 ms  0/41 (0%)  
[  8] 154.00-155.00 sec  65.6 KBytes   538 Kbits/sec  8.253 ms  0/48 (0%)  
[  8] 155.00-156.00 sec  60.2 KBytes   493 Kbits/sec  9.090 ms  0/44 (0%)  
[  8] 156.00-157.00 sec  62.9 KBytes   515 Kbits/sec  6.676 ms  0/46 (0%)  
[  8] 157.00-158.00 sec  57.4 KBytes   470 Kbits/sec  6.376 ms  1/43 (2.3%)  
[  8] 158.00-159.00 sec  61.5 KBytes   503 Kbits/sec  3.993 ms  0/45 (0%)  
[  8] 159.00-160.00 sec  62.9 KBytes   517 Kbits/sec  2.301 ms  0/46 (0%)  
[  8] 160.00-161.00 sec  60.2 KBytes   493 Kbits/sec  4.361 ms  0/44 (0%)  
[  8] 161.00-162.00 sec  61.5 KBytes   504 Kbits/sec  4.062 ms  0/45 (0%)  
[  8] 162.00-163.00 sec  61.5 KBytes   504 Kbits/sec  5.655 ms  0/45 (0%)  
[  8] 163.00-164.00 sec  60.2 KBytes   493 Kbits/sec  2.165 ms  0/44 (0%)  
[  8] 164.00-165.00 sec  60.2 KBytes   493 Kbits/sec  4.807 ms  0/44 (0%)  
[  8] 165.00-166.00 sec  61.5 KBytes   504 Kbits/sec  4.362 ms  0/45 (0%)  
[  8] 166.00-167.00 sec  60.2 KBytes   493 Kbits/sec  4.649 ms  1/45 (2.2%)  
[  8] 167.00-168.00 sec  60.2 KBytes   493 Kbits/sec  5.197 ms  1/45 (2.2%)  
[  8] 168.00-169.00 sec  60.2 KBytes   493 Kbits/sec  5.516 ms  0/44 (0%)  
[  8] 169.00-170.00 sec  60.2 KBytes   493 Kbits/sec  7.025 ms  0/44 (0%)  
[  8] 170.00-171.00 sec  60.2 KBytes   493 Kbits/sec  7.985 ms  2/46 (4.3%)  
[  8] 171.00-172.00 sec  60.2 KBytes   493 Kbits/sec  5.652 ms  0/44 (0%)  
[  8] 172.00-173.00 sec  61.5 KBytes   504 Kbits/sec  5.248 ms  0/45 (0%)  
[  8] 173.00-174.00 sec  52.0 KBytes   426 Kbits/sec  10.266 ms  2/40 (5%)  
[  8] 174.00-175.00 sec  35.5 KBytes   291 Kbits/sec  14.589 ms  4/30 (13%)  
[  8] 175.00-176.00 sec  57.4 KBytes   470 Kbits/sec  19.714 ms  19/61 (31%)  
[  8] 176.00-177.00 sec  64.3 KBytes   526 Kbits/sec  4.784 ms  0/47 (0%)  
[  8] 177.00-178.00 sec  61.5 KBytes   504 Kbits/sec  1.897 ms  0/45 (0%)  
[  8] 178.00-179.00 sec  58.8 KBytes   482 Kbits/sec  7.159 ms  0/43 (0%)  
[  8] 179.00-180.00 sec  62.9 KBytes   515 Kbits/sec  6.995 ms  0/46 (0%)  
[  8] 180.00-181.00 sec  60.2 KBytes   491 Kbits/sec  5.734 ms  1/45 (2.2%)  
[  8] 181.00-182.00 sec  61.5 KBytes   506 Kbits/sec  2.409 ms  0/45 (0%)  
[  8] 182.00-183.00 sec  57.4 KBytes   470 Kbits/sec  11.387 ms  1/43 (2.3%)  
[  8] 183.00-184.00 sec  52.0 KBytes   426 Kbits/sec  13.612 ms  3/41 (7.3%)  
[  8] 184.00-185.00 sec  64.3 KBytes   526 Kbits/sec  10.729 ms  2/49 (4.1%)  
[  8] 185.00-186.00 sec  58.8 KBytes   481 Kbits/sec  9.961 ms  0/43 (0%)  
[  8] 186.00-187.00 sec  54.7 KBytes   448 Kbits/sec  13.793 ms  0/40 (0%)  
[  8] 187.00-188.00 sec  52.0 KBytes   426 Kbits/sec  19.489 ms  0/38 (0%)  
[  8] 188.00-189.00 sec  79.3 KBytes   649 Kbits/sec  7.906 ms  1/59 (1.7%)  
[  8] 189.00-190.00 sec  58.8 KBytes   482 Kbits/sec  7.136 ms  1/44 (2.3%)  
[  8] 190.00-191.00 sec  60.2 KBytes   493 Kbits/sec  5.529 ms  0/44 (0%)  
[  8] 191.00-192.00 sec  61.5 KBytes   504 Kbits/sec  4.565 ms  0/45 (0%)  
[  8] 192.00-193.00 sec  61.5 KBytes   504 Kbits/sec  3.475 ms  0/45 (0%)  
[  8] 193.00-194.00 sec  58.8 KBytes   482 Kbits/sec  2.461 ms  0/43 (0%)  
[  8] 194.00-195.00 sec  62.9 KBytes   515 Kbits/sec  2.941 ms  0/46 (0%)  
[  8] 195.00-196.00 sec  58.8 KBytes   482 Kbits/sec  5.554 ms  2/45 (4.4%)  
[  8] 196.00-197.00 sec  60.2 KBytes   493 Kbits/sec  5.787 ms  0/44 (0%)  
[  8] 197.00-198.00 sec  57.4 KBytes   470 Kbits/sec  9.939 ms  1/43 (2.3%)  
[  8] 198.00-199.00 sec  56.1 KBytes   459 Kbits/sec  7.372 ms  5/46 (11%)  
[  8] 199.00-200.00 sec  61.5 KBytes   504 Kbits/sec  5.225 ms  0/45 (0%)  
[  8] 200.00-200.01 sec  1.37 KBytes   779 Kbits/sec  5.354 ms  0/1 (0%)  
- - - - - - - - - - - - - - - - - - - - - - - - -
[ ID] Interval           Transfer     Bitrate         Jitter    Lost/Total Datagrams
[  8]   0.00-200.01 sec  11.7 MBytes   493 Kbits/sec  5.354 ms  129/8929 (1.4%)  receiver
