-----------------------------------------------------------
Server listening on 5201 (test #1)
-----------------------------------------------------------
Accepted connection from 10.0.0.18, port 43632
[  8] local 10.0.0.50 port 5201 connected to 10.0.0.18 port 33406
[ ID] Interval           Transfer     Bitrate         Jitter    Lost/Total Datagrams
[  8]   0.00-1.00   sec  61.5 KBytes   504 Kbits/sec  3.040 ms  0/45 (0%)  
[  8]   1.00-2.00   sec  60.2 KBytes   493 Kbits/sec  4.907 ms  0/44 (0%)  
[  8]   2.00-3.01   sec  61.5 KBytes   498 Kbits/sec  4.390 ms  0/45 (0%)  
[  8]   3.01-4.00   sec  60.2 KBytes   499 Kbits/sec  3.505 ms  0/44 (0%)  
[  8]   4.00-5.00   sec  61.5 KBytes   504 Kbits/sec  3.689 ms  0/45 (0%)  
[  8]   5.00-6.00   sec  61.5 KBytes   504 Kbits/sec  3.348 ms  0/45 (0%)  
[  8]   6.00-7.00   sec  60.2 KBytes   493 Kbits/sec  3.068 ms  0/44 (0%)  
[  8]   7.00-8.00   sec  60.2 KBytes   493 Kbits/sec  4.944 ms  1/45 (2.2%)  
[  8]   8.00-9.00   sec  60.2 KBytes   493 Kbits/sec  3.303 ms  0/44 (0%)  
[  8]   9.00-10.00  sec  61.5 KBytes   504 Kbits/sec  5.469 ms  0/45 (0%)  
[  8]  10.00-11.00  sec  61.5 KBytes   504 Kbits/sec  3.874 ms  0/45 (0%)  
[  8]  11.00-12.00  sec  58.8 KBytes   482 Kbits/sec  5.024 ms  1/44 (2.3%)  
[  8]  12.00-13.00  sec  61.5 KBytes   504 Kbits/sec  5.487 ms  0/45 (0%)  
[  8]  13.00-14.00  sec  61.5 KBytes   504 Kbits/sec  4.575 ms  0/45 (0%)  
[  8]  14.00-15.00  sec  60.2 KBytes   493 Kbits/sec  3.965 ms  0/44 (0%)  
[  8]  15.00-16.00  sec  61.5 KBytes   504 Kbits/sec  4.778 ms  0/45 (0%)  
[  8]  16.00-17.01  sec  61.5 KBytes   501 Kbits/sec  4.882 ms  0/45 (0%)  
[  8]  17.01-18.00  sec  60.2 KBytes   495 Kbits/sec  5.526 ms  0/44 (0%)  
[  8]  18.00-19.00  sec  61.5 KBytes   503 Kbits/sec  4.624 ms  0/45 (0%)  
[  8]  19.00-20.00  sec  61.5 KBytes   505 Kbits/sec  3.785 ms  0/45 (0%)  
[  8]  20.00-21.00  sec  60.2 KBytes   492 Kbits/sec  4.838 ms  0/44 (0%)  
[  8]  21.00-22.00  sec  61.5 KBytes   505 Kbits/sec  5.583 ms  0/45 (0%)  
[  8]  22.00-23.00  sec  60.2 KBytes   493 Kbits/sec  6.496 ms  0/44 (0%)  
[  8]  23.00-24.00  sec  61.5 KBytes   504 Kbits/sec  4.848 ms  0/45 (0%)  
[  8]  24.00-25.00  sec  61.5 KBytes   504 Kbits/sec  4.171 ms  0/45 (0%)  
[  8]  25.00-26.00  sec  61.5 KBytes   504 Kbits/sec  3.300 ms  0/45 (0%)  
[  8]  26.00-27.00  sec  60.2 KBytes   493 Kbits/sec  3.392 ms  0/44 (0%)  
[  8]  27.00-28.00  sec  61.5 KBytes   504 Kbits/sec  4.906 ms  0/45 (0%)  
[  8]  28.00-29.00  sec  60.2 KBytes   493 Kbits/sec  5.480 ms  0/44 (0%)  
[  8]  29.00-30.00  sec  61.5 KBytes   504 Kbits/sec  5.752 ms  0/45 (0%)  
[  8]  30.00-31.00  sec  60.2 KBytes   490 Kbits/sec  5.901 ms  0/44 (0%)  
[  8]  31.00-32.00  sec  61.5 KBytes   506 Kbits/sec  6.148 ms  0/45 (0%)  
[  8]  32.00-33.00  sec  61.5 KBytes   504 Kbits/sec  4.239 ms  0/45 (0%)  
[  8]  33.00-34.00  sec  60.2 KBytes   493 Kbits/sec  4.220 ms  0/44 (0%)  
[  8]  34.00-35.00  sec  61.5 KBytes   504 Kbits/sec  5.140 ms  0/45 (0%)  
[  8]  35.00-36.00  sec  61.5 KBytes   504 Kbits/sec  3.751 ms  0/45 (0%)  
[  8]  36.00-37.00  sec  61.5 KBytes   504 Kbits/sec  3.953 ms  0/45 (0%)  
[  8]  37.00-38.00  sec  60.2 KBytes   493 Kbits/sec  5.053 ms  0/44 (0%)  
[  8]  38.00-39.00  sec  61.5 KBytes   504 Kbits/sec  3.585 ms  0/45 (0%)  
[  8]  39.00-40.00  sec  60.2 KBytes   493 Kbits/sec  4.524 ms  0/44 (0%)  
[  8]  40.00-41.00  sec  61.5 KBytes   504 Kbits/sec  6.360 ms  0/45 (0%)  
[  8]  41.00-42.00  sec  61.5 KBytes   504 Kbits/sec  4.831 ms  0/45 (0%)  
[  8]  42.00-43.00  sec  60.2 KBytes   493 Kbits/sec  4.571 ms  0/44 (0%)  
[  8]  43.00-44.00  sec  61.5 KBytes   504 Kbits/sec  4.625 ms  0/45 (0%)  
[  8]  44.00-45.00  sec  61.5 KBytes   504 Kbits/sec  3.639 ms  0/45 (0%)  
[  8]  45.00-46.00  sec  60.2 KBytes   493 Kbits/sec  5.423 ms  0/44 (0%)  
[  8]  46.00-47.00  sec  60.2 KBytes   492 Kbits/sec  4.577 ms  0/44 (0%)  
[  8]  47.00-48.00  sec  61.5 KBytes   504 Kbits/sec  5.088 ms  0/45 (0%)  
[  8]  48.00-49.00  sec  61.5 KBytes   504 Kbits/sec  5.818 ms  0/45 (0%)  
[  8]  49.00-50.00  sec  61.5 KBytes   504 Kbits/sec  3.891 ms  0/45 (0%)  
[  8]  50.00-51.00  sec  60.2 KBytes   493 Kbits/sec  6.162 ms  0/44 (0%)  
[  8]  51.00-52.00  sec  60.2 KBytes   493 Kbits/sec  4.114 ms  0/44 (0%)  
[  8]  52.00-53.00  sec  61.5 KBytes   504 Kbits/sec  3.786 ms  0/45 (0%)  
[  8]  53.00-54.00  sec  61.5 KBytes   504 Kbits/sec  3.240 ms  0/45 (0%)  
[  8]  54.00-55.00  sec  61.5 KBytes   504 Kbits/sec  5.189 ms  0/45 (0%)  
[  8]  55.00-56.00  sec  61.5 KBytes   504 Kbits/sec  4.220 ms  0/45 (0%)  
[  8]  56.00-57.00  sec  61.5 KBytes   504 Kbits/sec  4.869 ms  0/45 (0%)  
[  8]  57.00-58.00  sec  60.2 KBytes   493 Kbits/sec  5.035 ms  0/44 (0%)  
[  8]  58.00-59.00  sec  60.2 KBytes   493 Kbits/sec  3.216 ms  0/44 (0%)  
[  8]  59.00-60.00  sec  61.5 KBytes   504 Kbits/sec  3.658 ms  0/45 (0%)  
[  8]  60.00-61.00  sec  61.5 KBytes   504 Kbits/sec  2.744 ms  0/45 (0%)  
[  8]  61.00-62.00  sec  61.5 KBytes   504 Kbits/sec  3.726 ms  0/45 (0%)  
[  8]  62.00-63.00  sec  60.2 KBytes   493 Kbits/sec  2.999 ms  0/44 (0%)  
[  8]  63.00-64.00  sec  61.5 KBytes   504 Kbits/sec  4.236 ms  0/45 (0%)  
[  8]  64.00-65.00  sec  61.5 KBytes   504 Kbits/sec  4.841 ms  0/45 (0%)  
[  8]  65.00-66.00  sec  60.2 KBytes   492 Kbits/sec  5.749 ms  0/44 (0%)  
[  8]  66.00-67.00  sec  61.5 KBytes   505 Kbits/sec  4.682 ms  0/45 (0%)  
[  8]  67.00-68.00  sec  61.5 KBytes   504 Kbits/sec  4.385 ms  0/45 (0%)  
[  8]  68.00-69.01  sec  61.5 KBytes   501 Kbits/sec  5.081 ms  0/45 (0%)  
[  8]  69.01-70.00  sec  60.2 KBytes   496 Kbits/sec  4.711 ms  0/44 (0%)  
[  8]  70.00-71.00  sec  60.2 KBytes   493 Kbits/sec  4.378 ms  0/44 (0%)  
[  8]  71.00-72.00  sec  61.5 KBytes   504 Kbits/sec  4.427 ms  0/45 (0%)  
[  8]  72.00-73.00  sec  60.2 KBytes   493 Kbits/sec  5.059 ms  0/44 (0%)  
[  8]  73.00-74.00  sec  61.5 KBytes   504 Kbits/sec  4.490 ms  0/45 (0%)  
[  8]  74.00-75.00  sec  61.5 KBytes   504 Kbits/sec  4.301 ms  0/45 (0%)  
[  8]  75.00-76.00  sec  61.5 KBytes   504 Kbits/sec  3.514 ms  0/45 (0%)  
[  8]  76.00-77.00  sec  60.2 KBytes   493 Kbits/sec  4.096 ms  0/44 (0%)  
[  8]  77.00-78.00  sec  61.5 KBytes   504 Kbits/sec  4.172 ms  0/45 (0%)  
[  8]  78.00-79.00  sec  60.2 KBytes   493 Kbits/sec  5.898 ms  0/44 (0%)  
[  8]  79.00-80.00  sec  61.5 KBytes   503 Kbits/sec  7.996 ms  0/45 (0%)  
[  8]  80.00-81.00  sec  61.5 KBytes   505 Kbits/sec  5.473 ms  0/45 (0%)  
[  8]  81.00-82.00  sec  60.2 KBytes   492 Kbits/sec  5.267 ms  0/44 (0%)  
[  8]  82.00-83.00  sec  61.5 KBytes   502 Kbits/sec  6.636 ms  0/45 (0%)  
[  8]  83.00-84.00  sec  61.5 KBytes   506 Kbits/sec  5.618 ms  0/45 (0%)  
[  8]  84.00-85.00  sec  60.2 KBytes   493 Kbits/sec  4.747 ms  0/44 (0%)  
[  8]  85.00-86.00  sec  61.5 KBytes   504 Kbits/sec  4.749 ms  0/45 (0%)  
[  8]  86.00-87.00  sec  61.5 KBytes   504 Kbits/sec  2.998 ms  0/45 (0%)  
[  8]  87.00-88.00  sec  60.2 KBytes   493 Kbits/sec  4.624 ms  0/44 (0%)  
[  8]  88.00-89.00  sec  61.5 KBytes   504 Kbits/sec  5.093 ms  0/45 (0%)  
[  8]  89.00-90.00  sec  61.5 KBytes   504 Kbits/sec  4.884 ms  0/45 (0%)  
[  8]  90.00-91.00  sec  60.2 KBytes   493 Kbits/sec  4.349 ms  0/44 (0%)  
[  8]  91.00-92.00  sec  61.5 KBytes   504 Kbits/sec  4.832 ms  0/45 (0%)  
[  8]  92.00-93.00  sec  60.2 KBytes   491 Kbits/sec  4.101 ms  0/44 (0%)  
[  8]  93.00-94.00  sec  61.5 KBytes   505 Kbits/sec  4.467 ms  0/45 (0%)  
[  8]  94.00-95.00  sec  60.2 KBytes   493 Kbits/sec  2.805 ms  0/44 (0%)  
[  8]  95.00-96.00  sec  61.5 KBytes   504 Kbits/sec  2.857 ms  0/45 (0%)  
[  8]  96.00-97.00  sec  61.5 KBytes   504 Kbits/sec  3.397 ms  0/45 (0%)  
[  8]  97.00-98.00  sec  60.2 KBytes   493 Kbits/sec  3.750 ms  0/44 (0%)  
[  8]  98.00-99.00  sec  61.5 KBytes   504 Kbits/sec  3.250 ms  0/45 (0%)  
[  8]  99.00-100.00 sec  61.5 KBytes   504 Kbits/sec  2.310 ms  0/45 (0%)  
[  8] 100.00-101.00 sec  61.5 KBytes   504 Kbits/sec  2.578 ms  0/45 (0%)  
[  8] 101.00-102.00 sec  60.2 KBytes   492 Kbits/sec  3.506 ms  0/44 (0%)  
[  8] 102.00-103.00 sec  61.5 KBytes   505 Kbits/sec  3.110 ms  0/45 (0%)  
[  8] 103.00-104.00 sec  60.2 KBytes   493 Kbits/sec  3.605 ms  0/44 (0%)  
[  8] 104.00-105.00 sec  61.5 KBytes   504 Kbits/sec  4.552 ms  0/45 (0%)  
[  8] 105.00-106.00 sec  61.5 KBytes   504 Kbits/sec  4.315 ms  0/45 (0%)  
[  8] 106.00-107.01 sec  60.2 KBytes   486 Kbits/sec  3.851 ms  1/45 (2.2%)  
[  8] 107.01-108.00 sec  60.2 KBytes   499 Kbits/sec  3.367 ms  0/44 (0%)  
[  8] 108.00-109.00 sec  61.5 KBytes   504 Kbits/sec  2.471 ms  0/45 (0%)  
[  8] 109.00-110.00 sec  61.5 KBytes   504 Kbits/sec  4.399 ms  0/45 (0%)  
[  8] 110.00-111.00 sec  58.8 KBytes   482 Kbits/sec  4.483 ms  1/44 (2.3%)  
[  8] 111.00-112.00 sec  60.2 KBytes   492 Kbits/sec  4.103 ms  0/44 (0%)  
[  8] 112.00-113.00 sec  60.2 KBytes   494 Kbits/sec  3.891 ms  1/45 (2.2%)  
[  8] 113.00-114.00 sec  61.5 KBytes   504 Kbits/sec  4.587 ms  0/45 (0%)  
[  8] 114.00-115.00 sec  61.5 KBytes   504 Kbits/sec  3.639 ms  0/45 (0%)  
[  8] 115.00-116.00 sec  60.2 KBytes   493 Kbits/sec  4.035 ms  0/44 (0%)  
[  8] 116.00-117.00 sec  61.5 KBytes   504 Kbits/sec  4.033 ms  0/45 (0%)  
[  8] 117.00-118.00 sec  61.5 KBytes   504 Kbits/sec  5.940 ms  0/45 (0%)  
[  8] 118.00-119.00 sec  60.2 KBytes   493 Kbits/sec  4.008 ms  0/44 (0%)  
[  8] 119.00-120.00 sec  61.5 KBytes   504 Kbits/sec  2.974 ms  0/45 (0%)  
[  8] 120.00-121.00 sec  61.5 KBytes   503 Kbits/sec  3.328 ms  0/45 (0%)  
[  8] 121.00-122.00 sec  60.2 KBytes   494 Kbits/sec  4.719 ms  0/44 (0%)  
[  8] 122.00-123.00 sec  60.2 KBytes   493 Kbits/sec  3.944 ms  0/44 (0%)  
[  8] 123.00-124.00 sec  62.9 KBytes   515 Kbits/sec  3.950 ms  0/46 (0%)  
[  8] 124.00-125.00 sec  60.2 KBytes   493 Kbits/sec  3.139 ms  0/44 (0%)  
[  8] 125.00-126.00 sec  61.5 KBytes   504 Kbits/sec  3.873 ms  0/45 (0%)  
[  8] 126.00-127.00 sec  60.2 KBytes   493 Kbits/sec  3.468 ms  0/44 (0%)  
[  8] 127.00-128.00 sec  60.2 KBytes   493 Kbits/sec  4.785 ms  0/44 (0%)  
[  8] 128.00-129.00 sec  62.9 KBytes   515 Kbits/sec  3.548 ms  0/46 (0%)  
[  8] 129.00-130.00 sec  60.2 KBytes   492 Kbits/sec  4.669 ms  0/44 (0%)  
[  8] 130.00-131.00 sec  61.5 KBytes   505 Kbits/sec  4.672 ms  0/45 (0%)  
[  8] 131.00-132.00 sec  61.5 KBytes   504 Kbits/sec  5.540 ms  0/45 (0%)  
[  8] 132.00-133.00 sec  60.2 KBytes   493 Kbits/sec  6.203 ms  0/44 (0%)  
[  8] 133.00-134.00 sec  61.5 KBytes   504 Kbits/sec  4.497 ms  0/45 (0%)  
[  8] 134.00-135.00 sec  58.8 KBytes   482 Kbits/sec  9.201 ms  1/44 (2.3%)  
[  8] 135.00-136.00 sec  61.5 KBytes   504 Kbits/sec  3.831 ms  0/45 (0%)  
[  8] 136.00-137.00 sec  61.5 KBytes   504 Kbits/sec  2.936 ms  0/45 (0%)  
[  8] 137.00-138.00 sec  60.2 KBytes   493 Kbits/sec  3.446 ms  0/44 (0%)  
[  8] 138.00-139.00 sec  61.5 KBytes   504 Kbits/sec  3.611 ms  0/45 (0%)  
[  8] 139.00-140.00 sec  61.5 KBytes   504 Kbits/sec  3.099 ms  0/45 (0%)  
[  8] 140.00-141.00 sec  61.5 KBytes   503 Kbits/sec  2.371 ms  0/45 (0%)  
[  8] 141.00-142.00 sec  60.2 KBytes   494 Kbits/sec  3.464 ms  0/44 (0%)  
[  8] 142.00-143.00 sec  61.5 KBytes   504 Kbits/sec  2.632 ms  0/45 (0%)  
[  8] 143.00-144.00 sec  60.2 KBytes   493 Kbits/sec  4.055 ms  0/44 (0%)  
[  8] 144.00-145.00 sec  61.5 KBytes   503 Kbits/sec  5.144 ms  0/45 (0%)  
[  8] 145.00-146.00 sec  61.5 KBytes   504 Kbits/sec  4.818 ms  0/45 (0%)  
[  8] 146.00-147.00 sec  58.8 KBytes   481 Kbits/sec  6.993 ms  1/44 (2.3%)  
[  8] 147.00-148.00 sec  61.5 KBytes   504 Kbits/sec  4.107 ms  0/45 (0%)  
[  8] 148.00-149.00 sec  61.5 KBytes   504 Kbits/sec  3.986 ms  0/45 (0%)  
[  8] 149.00-150.00 sec  60.2 KBytes   493 Kbits/sec  4.465 ms  0/44 (0%)  
[  8] 150.00-151.00 sec  61.5 KBytes   504 Kbits/sec  3.355 ms  0/45 (0%)  
[  8] 151.00-152.00 sec  60.2 KBytes   493 Kbits/sec  3.466 ms  0/44 (0%)  
[  8] 152.00-153.00 sec  61.5 KBytes   504 Kbits/sec  4.090 ms  0/45 (0%)  
[  8] 153.00-154.00 sec  61.5 KBytes   504 Kbits/sec  6.449 ms  0/45 (0%)  
[  8] 154.00-155.00 sec  60.2 KBytes   492 Kbits/sec  4.144 ms  0/44 (0%)  
[  8] 155.00-156.00 sec  61.5 KBytes   505 Kbits/sec  4.361 ms  0/45 (0%)  
[  8] 156.00-157.00 sec  61.5 KBytes   504 Kbits/sec  5.132 ms  0/45 (0%)  
[  8] 157.00-158.00 sec  60.2 KBytes   493 Kbits/sec  6.625 ms  0/44 (0%)  
[  8] 158.00-159.00 sec  60.2 KBytes   493 Kbits/sec  4.816 ms  1/45 (2.2%)  
[  8] 159.00-160.00 sec  60.2 KBytes   492 Kbits/sec  4.684 ms  0/44 (0%)  
[  8] 160.00-161.00 sec  61.5 KBytes   505 Kbits/sec  5.286 ms  0/45 (0%)  
[  8] 161.00-162.00 sec  60.2 KBytes   493 Kbits/sec  8.189 ms  1/45 (2.2%)  
[  8] 162.00-163.00 sec  60.2 KBytes   493 Kbits/sec  5.415 ms  1/45 (2.2%)  
[  8] 163.00-164.00 sec  60.2 KBytes   493 Kbits/sec  4.362 ms  0/44 (0%)  
[  8] 164.00-165.00 sec  61.5 KBytes   504 Kbits/sec  4.201 ms  0/45 (0%)  
[  8] 165.00-166.00 sec  61.5 KBytes   504 Kbits/sec  4.677 ms  0/45 (0%)  
[  8] 166.00-167.00 sec  60.2 KBytes   493 Kbits/sec  3.336 ms  0/44 (0%)  
[  8] 167.00-168.00 sec  60.2 KBytes   493 Kbits/sec  3.849 ms  0/44 (0%)  
[  8] 168.00-169.00 sec  62.9 KBytes   514 Kbits/sec  5.515 ms  0/46 (0%)  
[  8] 169.00-170.00 sec  60.2 KBytes   494 Kbits/sec  4.934 ms  0/44 (0%)  
[  8] 170.00-171.00 sec  61.5 KBytes   504 Kbits/sec  5.191 ms  0/45 (0%)  
[  8] 171.00-172.00 sec  60.2 KBytes   493 Kbits/sec  4.843 ms  0/44 (0%)  
[  8] 172.00-173.00 sec  61.5 KBytes   504 Kbits/sec  4.439 ms  0/45 (0%)  
[  8] 173.00-174.00 sec  60.2 KBytes   492 Kbits/sec  4.225 ms  0/44 (0%)  
[  8] 174.00-175.00 sec  61.5 KBytes   505 Kbits/sec  5.241 ms  0/45 (0%)  
[  8] 175.00-176.00 sec  61.5 KBytes   504 Kbits/sec  3.783 ms  0/45 (0%)  
[  8] 176.00-177.00 sec  58.8 KBytes   482 Kbits/sec  4.011 ms  0/43 (0%)  
[  8] 177.00-178.00 sec  62.9 KBytes   515 Kbits/sec  3.574 ms  0/46 (0%)  
[  8] 178.00-179.00 sec  61.5 KBytes   504 Kbits/sec  4.077 ms  0/45 (0%)  
[  8] 179.00-180.00 sec  61.5 KBytes   504 Kbits/sec  3.416 ms  0/45 (0%)  
[  8] 180.00-181.01 sec  60.2 KBytes   490 Kbits/sec  3.299 ms  0/44 (0%)  
[  8] 181.01-182.00 sec  60.2 KBytes   495 Kbits/sec  3.575 ms  0/44 (0%)  
[  8] 182.00-183.00 sec  61.5 KBytes   505 Kbits/sec  3.859 ms  0/45 (0%)  
[  8] 183.00-184.00 sec  60.2 KBytes   493 Kbits/sec  4.533 ms  0/44 (0%)  
[  8] 184.00-185.00 sec  62.9 KBytes   515 Kbits/sec  4.057 ms  0/46 (0%)  
[  8] 185.00-186.01 sec  61.5 KBytes   499 Kbits/sec  4.573 ms  0/45 (0%)  
[  8] 186.01-187.00 sec  58.8 KBytes   486 Kbits/sec  4.683 ms  0/43 (0%)  
[  8] 187.00-188.00 sec  61.5 KBytes   505 Kbits/sec  4.233 ms  0/45 (0%)  
[  8] 188.00-189.00 sec  61.5 KBytes   504 Kbits/sec  6.008 ms  0/45 (0%)  
[  8] 189.00-190.00 sec  61.5 KBytes   503 Kbits/sec  5.248 ms  0/45 (0%)  
[  8] 190.00-191.00 sec  60.2 KBytes   493 Kbits/sec  4.633 ms  0/44 (0%)  
[  8] 191.00-192.00 sec  61.5 KBytes   504 Kbits/sec  4.518 ms  0/45 (0%)  
[  8] 192.00-193.00 sec  61.5 KBytes   504 Kbits/sec  3.068 ms  0/45 (0%)  
[  8] 193.00-194.00 sec  61.5 KBytes   504 Kbits/sec  4.377 ms  0/45 (0%)  
[  8] 194.00-195.00 sec  60.2 KBytes   493 Kbits/sec  3.990 ms  0/44 (0%)  
[  8] 195.00-196.00 sec  61.5 KBytes   502 Kbits/sec  4.735 ms  0/45 (0%)  
[  8] 196.00-197.00 sec  60.2 KBytes   494 Kbits/sec  4.988 ms  0/44 (0%)  
[  8] 197.00-198.00 sec  61.5 KBytes   504 Kbits/sec  5.624 ms  0/45 (0%)  
[  8] 198.00-199.00 sec  61.5 KBytes   504 Kbits/sec  5.553 ms  0/45 (0%)  
[  8] 199.00-200.00 sec  58.8 KBytes   482 Kbits/sec  4.629 ms  1/44 (2.3%)  
[  8] 200.00-201.00 sec  61.5 KBytes   504 Kbits/sec  4.633 ms  0/45 (0%)  
[  8] 201.00-202.00 sec  60.2 KBytes   493 Kbits/sec  5.691 ms  0/44 (0%)  
[  8] 202.00-203.00 sec  61.5 KBytes   504 Kbits/sec  5.234 ms  0/45 (0%)  
[  8] 203.00-204.00 sec  60.2 KBytes   493 Kbits/sec  4.289 ms  0/44 (0%)  
[  8] 204.00-205.00 sec  61.5 KBytes   503 Kbits/sec  5.695 ms  0/45 (0%)  
[  8] 205.00-206.00 sec  61.5 KBytes   504 Kbits/sec  3.586 ms  0/45 (0%)  
[  8] 206.00-207.00 sec  60.2 KBytes   494 Kbits/sec  5.599 ms  0/44 (0%)  
[  8] 207.00-208.00 sec  61.5 KBytes   504 Kbits/sec  7.345 ms  0/45 (0%)  
[  8] 208.00-209.00 sec  61.5 KBytes   503 Kbits/sec  5.137 ms  0/45 (0%)  
[  8] 209.00-210.00 sec  61.5 KBytes   505 Kbits/sec  5.485 ms  0/45 (0%)  
[  8] 210.00-211.00 sec  60.2 KBytes   493 Kbits/sec  6.433 ms  0/44 (0%)  
[  8] 211.00-212.00 sec  61.5 KBytes   504 Kbits/sec  4.946 ms  0/45 (0%)  
[  8] 212.00-213.00 sec  60.2 KBytes   493 Kbits/sec  5.557 ms  0/44 (0%)  
[  8] 213.00-214.00 sec  61.5 KBytes   504 Kbits/sec  4.707 ms  0/45 (0%)  
[  8] 214.00-215.00 sec  61.5 KBytes   504 Kbits/sec  3.805 ms  0/45 (0%)  
[  8] 215.00-216.00 sec  61.5 KBytes   504 Kbits/sec  6.170 ms  0/45 (0%)  
[  8] 216.00-217.00 sec  60.2 KBytes   493 Kbits/sec  4.861 ms  0/44 (0%)  
[  8] 217.00-218.00 sec  61.5 KBytes   504 Kbits/sec  4.061 ms  0/45 (0%)  
[  8] 218.00-219.00 sec  58.8 KBytes   482 Kbits/sec  4.606 ms  1/44 (2.3%)  
[  8] 219.00-220.00 sec  61.5 KBytes   504 Kbits/sec  3.208 ms  0/45 (0%)  
[  8] 220.00-221.00 sec  61.5 KBytes   504 Kbits/sec  5.463 ms  0/45 (0%)  
[  8] 221.00-222.00 sec  61.5 KBytes   504 Kbits/sec  3.672 ms  0/45 (0%)  
[  8] 222.00-223.00 sec  60.2 KBytes   493 Kbits/sec  4.446 ms  0/44 (0%)  
[  8] 223.00-224.00 sec  61.5 KBytes   504 Kbits/sec  4.276 ms  0/45 (0%)  
[  8] 224.00-225.00 sec  60.2 KBytes   493 Kbits/sec  3.855 ms  0/44 (0%)  
[  8] 225.00-226.00 sec  60.2 KBytes   493 Kbits/sec  4.614 ms  0/44 (0%)  
[  8] 226.00-227.00 sec  61.5 KBytes   504 Kbits/sec  5.525 ms  0/45 (0%)  
[  8] 227.00-228.00 sec  61.5 KBytes   504 Kbits/sec  4.634 ms  0/45 (0%)  
[  8] 228.00-229.00 sec  61.5 KBytes   504 Kbits/sec  4.923 ms  0/45 (0%)  
[  8] 229.00-230.00 sec  60.2 KBytes   493 Kbits/sec  4.157 ms  0/44 (0%)  
[  8] 230.00-231.00 sec  61.5 KBytes   504 Kbits/sec  4.761 ms  0/45 (0%)  
[  8] 231.00-232.00 sec  61.5 KBytes   504 Kbits/sec  3.284 ms  0/45 (0%)  
[  8] 232.00-233.00 sec  60.2 KBytes   493 Kbits/sec  3.714 ms  0/44 (0%)  
[  8] 233.00-234.00 sec  61.5 KBytes   504 Kbits/sec  4.722 ms  0/45 (0%)  
[  8] 234.00-235.00 sec  61.5 KBytes   504 Kbits/sec  3.825 ms  0/45 (0%)  
[  8] 235.00-236.00 sec  60.2 KBytes   493 Kbits/sec  4.996 ms  0/44 (0%)  
[  8] 236.00-237.00 sec  60.2 KBytes   493 Kbits/sec  5.785 ms  0/44 (0%)  
[  8] 237.00-238.00 sec  61.5 KBytes   504 Kbits/sec  6.287 ms  0/45 (0%)  
[  8] 238.00-239.00 sec  62.9 KBytes   515 Kbits/sec  3.872 ms  0/46 (0%)  
[  8] 239.00-240.00 sec  60.2 KBytes   493 Kbits/sec  5.171 ms  0/44 (0%)  
[  8] 240.00-240.03 sec  1.37 KBytes   388 Kbits/sec  5.209 ms  0/1 (0%)  
- - - - - - - - - - - - - - - - - - - - - - - - -
[ ID] Interval           Transfer     Bitrate         Jitter    Lost/Total Datagrams
[  8]   0.00-240.03 sec  14.3 MBytes   499 Kbits/sec  5.209 ms  12/10715 (0.11%)  receiver
-----------------------------------------------------------
Server listening on 5201 (test #1)
-----------------------------------------------------------
Accepted connection from 10.0.0.18, port 58686
[  8] local 10.0.0.50 port 5201 connected to 10.0.0.18 port 57173
[ ID] Interval           Transfer     Bitrate         Jitter    Lost/Total Datagrams
[  8]   0.00-1.00   sec  61.5 KBytes   504 Kbits/sec  2.692 ms  0/45 (0%)  
[  8]   1.00-2.00   sec  61.5 KBytes   504 Kbits/sec  3.365 ms  0/45 (0%)  
[  8]   2.00-3.00   sec  60.2 KBytes   493 Kbits/sec  2.722 ms  0/44 (0%)  
[  8]   3.00-4.00   sec  61.5 KBytes   504 Kbits/sec  2.970 ms  0/45 (0%)  
[  8]   4.00-5.00   sec  60.2 KBytes   493 Kbits/sec  4.335 ms  0/44 (0%)  
[  8]   5.00-6.00   sec  61.5 KBytes   504 Kbits/sec  2.314 ms  0/45 (0%)  
[  8]   6.00-7.00   sec  61.5 KBytes   504 Kbits/sec  3.452 ms  0/45 (0%)  
[  8]   7.00-8.00   sec  60.2 KBytes   493 Kbits/sec  4.060 ms  0/44 (0%)  
[  8]   8.00-9.00   sec  61.5 KBytes   505 Kbits/sec  2.570 ms  0/45 (0%)  
[  8]   9.00-10.00  sec  61.5 KBytes   504 Kbits/sec  3.827 ms  0/45 (0%)  
[  8]  10.00-11.00  sec  60.2 KBytes   493 Kbits/sec  2.953 ms  0/44 (0%)  
[  8]  11.00-12.00  sec  61.5 KBytes   504 Kbits/sec  5.179 ms  0/45 (0%)  
[  8]  12.00-13.00  sec  60.2 KBytes   491 Kbits/sec  3.726 ms  0/44 (0%)  
[  8]  13.00-14.00  sec  61.5 KBytes   505 Kbits/sec  4.529 ms  0/45 (0%)  
[  8]  14.00-15.00  sec  61.5 KBytes   504 Kbits/sec  4.194 ms  0/45 (0%)  
[  8]  15.00-16.00  sec  60.2 KBytes   493 Kbits/sec  3.677 ms  0/44 (0%)  
[  8]  16.00-17.00  sec  61.5 KBytes   504 Kbits/sec  5.132 ms  0/45 (0%)  
[  8]  17.00-18.00  sec  61.5 KBytes   504 Kbits/sec  3.461 ms  0/45 (0%)  
[  8]  18.00-19.00  sec  60.2 KBytes   493 Kbits/sec  2.861 ms  0/44 (0%)  
[  8]  19.00-20.00  sec  61.5 KBytes   502 Kbits/sec  2.988 ms  0/45 (0%)  
[  8]  20.00-21.00  sec  61.5 KBytes   506 Kbits/sec  2.594 ms  0/45 (0%)  
[  8]  21.00-22.00  sec  60.2 KBytes   493 Kbits/sec  4.523 ms  0/44 (0%)  
[  8]  22.00-23.00  sec  60.2 KBytes   493 Kbits/sec  3.992 ms  0/44 (0%)  
[  8]  23.00-24.00  sec  62.9 KBytes   515 Kbits/sec  5.239 ms  0/46 (0%)  
[  8]  24.00-25.00  sec  58.8 KBytes   482 Kbits/sec  4.172 ms  0/43 (0%)  
[  8]  25.00-26.00  sec  61.5 KBytes   503 Kbits/sec  3.701 ms  0/45 (0%)  
[  8]  26.00-27.00  sec  61.5 KBytes   505 Kbits/sec  4.351 ms  0/45 (0%)  
[  8]  27.00-28.00  sec  61.5 KBytes   504 Kbits/sec  3.618 ms  0/45 (0%)  
[  8]  28.00-29.00  sec  61.5 KBytes   504 Kbits/sec  4.556 ms  0/45 (0%)  
[  8]  29.00-30.00  sec  58.8 KBytes   481 Kbits/sec  4.045 ms  1/44 (2.3%)  
[  8]  30.00-31.00  sec  61.5 KBytes   504 Kbits/sec  3.472 ms  0/45 (0%)  
[  8]  31.00-32.00  sec  61.5 KBytes   503 Kbits/sec  3.606 ms  0/45 (0%)  
[  8]  32.00-33.00  sec  60.2 KBytes   494 Kbits/sec  5.715 ms  0/44 (0%)  
[  8]  33.00-34.00  sec  60.2 KBytes   493 Kbits/sec  6.035 ms  0/44 (0%)  
[  8]  34.00-35.00  sec  60.2 KBytes   493 Kbits/sec  8.064 ms  0/44 (0%)  
[  8]  35.00-36.00  sec  62.9 KBytes   515 Kbits/sec  5.186 ms  0/46 (0%)  
[  8]  36.00-37.00  sec  60.2 KBytes   493 Kbits/sec  4.439 ms  0/44 (0%)  
[  8]  37.00-38.00  sec  62.9 KBytes   515 Kbits/sec  5.279 ms  0/46 (0%)  
[  8]  38.00-39.00  sec  58.8 KBytes   481 Kbits/sec  4.375 ms  0/43 (0%)  
[  8]  39.00-40.00  sec  62.9 KBytes   515 Kbits/sec  7.416 ms  0/46 (0%)  
[  8]  40.00-41.00  sec  60.2 KBytes   493 Kbits/sec  5.069 ms  0/44 (0%)  
[  8]  41.00-42.00  sec  58.8 KBytes   483 Kbits/sec  4.653 ms  1/44 (2.3%)  
[  8]  42.00-43.00  sec  61.5 KBytes   503 Kbits/sec  6.306 ms  1/46 (2.2%)  
[  8]  43.00-44.00  sec  60.2 KBytes   494 Kbits/sec  4.686 ms  0/44 (0%)  
[  8]  44.00-45.00  sec  61.5 KBytes   504 Kbits/sec  3.665 ms  0/45 (0%)  
[  8]  45.00-46.00  sec  61.5 KBytes   504 Kbits/sec  3.140 ms  0/45 (0%)  
[  8]  46.00-47.00  sec  60.2 KBytes   493 Kbits/sec  4.088 ms  0/44 (0%)  
[  8]  47.00-48.00  sec  61.5 KBytes   504 Kbits/sec  4.077 ms  0/45 (0%)  
[  8]  48.00-49.00  sec  60.2 KBytes   493 Kbits/sec  4.777 ms  0/44 (0%)  
[  8]  49.00-50.00  sec  61.5 KBytes   504 Kbits/sec  4.349 ms  0/45 (0%)  
[  8]  50.00-51.00  sec  61.5 KBytes   504 Kbits/sec  4.986 ms  0/45 (0%)  
[  8]  51.00-52.00  sec  60.2 KBytes   492 Kbits/sec  5.866 ms  0/44 (0%)  
[  8]  52.00-53.00  sec  58.8 KBytes   482 Kbits/sec  5.718 ms  2/45 (4.4%)  
[  8]  53.00-54.00  sec  60.2 KBytes   493 Kbits/sec  4.560 ms  0/44 (0%)  
[  8]  54.00-55.00  sec  61.5 KBytes   504 Kbits/sec  4.311 ms  0/45 (0%)  
[  8]  55.00-56.00  sec  60.2 KBytes   493 Kbits/sec  3.092 ms  0/44 (0%)  
[  8]  56.00-57.00  sec  61.5 KBytes   503 Kbits/sec  5.560 ms  0/45 (0%)  
[  8]  57.00-58.00  sec  62.9 KBytes   514 Kbits/sec  6.026 ms  0/46 (0%)  
[  8]  58.00-59.00  sec  58.8 KBytes   484 Kbits/sec  5.129 ms  1/44 (2.3%)  
[  8]  59.00-60.00  sec  58.8 KBytes   482 Kbits/sec  6.974 ms  1/44 (2.3%)  
[  8]  60.00-61.00  sec  58.8 KBytes   482 Kbits/sec  4.664 ms  2/45 (4.4%)  
[  8]  61.00-62.00  sec  61.5 KBytes   504 Kbits/sec  4.677 ms  0/45 (0%)  
[  8]  62.00-63.00  sec  60.2 KBytes   493 Kbits/sec  5.664 ms  1/45 (2.2%)  
[  8]  63.00-64.00  sec  60.2 KBytes   491 Kbits/sec  4.974 ms  0/44 (0%)  
[  8]  64.00-65.00  sec  61.5 KBytes   505 Kbits/sec  3.394 ms  0/45 (0%)  
[  8]  65.00-66.00  sec  61.5 KBytes   504 Kbits/sec  4.661 ms  0/45 (0%)  
[  8]  66.00-67.00  sec  58.8 KBytes   480 Kbits/sec  6.262 ms  0/43 (0%)  
[  8]  67.00-68.00  sec  62.9 KBytes   517 Kbits/sec  5.670 ms  0/46 (0%)  
[  8]  68.00-69.00  sec  60.2 KBytes   493 Kbits/sec  5.691 ms  0/44 (0%)  
[  8]  69.00-70.00  sec  60.2 KBytes   493 Kbits/sec  4.519 ms  0/44 (0%)  
[  8]  70.00-71.00  sec  60.2 KBytes   491 Kbits/sec  5.834 ms  1/45 (2.2%)  
[  8]  71.00-72.00  sec  61.5 KBytes   505 Kbits/sec  5.025 ms  0/45 (0%)  
[  8]  72.00-73.00  sec  61.5 KBytes   503 Kbits/sec  5.293 ms  0/45 (0%)  
[  8]  73.00-74.00  sec  60.2 KBytes   493 Kbits/sec  3.969 ms  0/44 (0%)  
[  8]  74.00-75.00  sec  61.5 KBytes   504 Kbits/sec  6.221 ms  0/45 (0%)  
[  8]  75.00-76.00  sec  61.5 KBytes   504 Kbits/sec  5.292 ms  0/45 (0%)  
[  8]  76.00-77.00  sec  60.2 KBytes   493 Kbits/sec  6.470 ms  0/44 (0%)  
[  8]  77.00-78.00  sec  61.5 KBytes   504 Kbits/sec  6.240 ms  0/45 (0%)  
[  8]  78.00-79.00  sec  61.5 KBytes   503 Kbits/sec  4.479 ms  0/45 (0%)  
[  8]  79.00-80.00  sec  60.2 KBytes   494 Kbits/sec  5.460 ms  0/44 (0%)  
[  8]  80.00-81.00  sec  61.5 KBytes   504 Kbits/sec  4.737 ms  0/45 (0%)  
[  8]  81.00-82.00  sec  60.2 KBytes   493 Kbits/sec  4.335 ms  0/44 (0%)  
[  8]  82.00-83.00  sec  62.9 KBytes   516 Kbits/sec  4.524 ms  0/46 (0%)  
[  8]  83.00-84.00  sec  60.2 KBytes   493 Kbits/sec  3.426 ms  0/44 (0%)  
[  8]  84.00-85.00  sec  60.2 KBytes   493 Kbits/sec  5.953 ms  0/44 (0%)  
[  8]  85.00-86.00  sec  61.5 KBytes   503 Kbits/sec  7.212 ms  0/45 (0%)  
[  8]  86.00-87.00  sec  61.5 KBytes   505 Kbits/sec  4.148 ms  0/45 (0%)  
[  8]  87.00-88.00  sec  61.5 KBytes   504 Kbits/sec  5.203 ms  0/45 (0%)  
[  8]  88.00-89.00  sec  60.2 KBytes   493 Kbits/sec  4.251 ms  0/44 (0%)  
[  8]  89.00-90.00  sec  61.5 KBytes   504 Kbits/sec  4.938 ms  0/45 (0%)  
[  8]  90.00-91.00  sec  61.5 KBytes   503 Kbits/sec  4.377 ms  0/45 (0%)  
[  8]  91.00-92.00  sec  60.2 KBytes   494 Kbits/sec  4.145 ms  0/44 (0%)  
[  8]  92.00-93.00  sec  61.5 KBytes   504 Kbits/sec  3.380 ms  0/45 (0%)  
[  8]  93.00-94.00  sec  60.2 KBytes   492 Kbits/sec  4.726 ms  0/44 (0%)  
[  8]  94.00-95.00  sec  61.5 KBytes   505 Kbits/sec  3.491 ms  0/45 (0%)  
[  8]  95.00-96.00  sec  61.5 KBytes   504 Kbits/sec  3.822 ms  0/45 (0%)  
[  8]  96.00-97.00  sec  60.2 KBytes   492 Kbits/sec  4.788 ms  0/44 (0%)  
[  8]  97.00-98.00  sec  61.5 KBytes   505 Kbits/sec  4.390 ms  0/45 (0%)  
[  8]  98.00-99.00  sec  58.8 KBytes   480 Kbits/sec  4.430 ms  1/44 (2.3%)  
[  8]  99.00-100.00 sec  61.5 KBytes   505 Kbits/sec  5.009 ms  0/45 (0%)  
[  8] 100.00-101.00 sec  61.5 KBytes   504 Kbits/sec  5.454 ms  0/45 (0%)  
[  8] 101.00-102.00 sec  61.5 KBytes   504 Kbits/sec  4.416 ms  0/45 (0%)  
[  8] 102.00-103.00 sec  60.2 KBytes   493 Kbits/sec  3.675 ms  0/44 (0%)  
[  8] 103.00-104.00 sec  61.5 KBytes   502 Kbits/sec  3.970 ms  0/45 (0%)  
[  8] 104.00-105.00 sec  60.2 KBytes   494 Kbits/sec  4.692 ms  0/44 (0%)  
[  8] 105.00-106.00 sec  61.5 KBytes   504 Kbits/sec  4.288 ms  0/45 (0%)  
[  8] 106.00-107.00 sec  61.5 KBytes   504 Kbits/sec  4.106 ms  0/45 (0%)  
[  8] 107.00-108.00 sec  60.2 KBytes   493 Kbits/sec  5.787 ms  0/44 (0%)  
[  8] 108.00-109.00 sec  61.5 KBytes   504 Kbits/sec  4.429 ms  0/45 (0%)  
[  8] 109.00-110.00 sec  60.2 KBytes   493 Kbits/sec  4.287 ms  0/44 (0%)  
[  8] 110.00-111.00 sec  61.5 KBytes   504 Kbits/sec  5.541 ms  0/45 (0%)  
[  8] 111.00-112.00 sec  61.5 KBytes   503 Kbits/sec  6.150 ms  0/45 (0%)  
[  8] 112.00-113.00 sec  61.5 KBytes   505 Kbits/sec  4.023 ms  0/45 (0%)  
[  8] 113.00-114.00 sec  60.2 KBytes   493 Kbits/sec  5.066 ms  0/44 (0%)  
[  8] 114.00-115.00 sec  60.2 KBytes   492 Kbits/sec  6.158 ms  0/44 (0%)  
[  8] 115.00-116.00 sec  62.9 KBytes   515 Kbits/sec  4.655 ms  0/46 (0%)  
[  8] 116.00-117.00 sec  60.2 KBytes   494 Kbits/sec  5.099 ms  0/44 (0%)  
[  8] 117.00-118.00 sec  61.5 KBytes   504 Kbits/sec  4.202 ms  0/45 (0%)  
[  8] 118.00-119.00 sec  58.8 KBytes   482 Kbits/sec  5.551 ms  1/44 (2.3%)  
[  8] 119.00-120.00 sec  61.5 KBytes   504 Kbits/sec  3.809 ms  0/45 (0%)  
[  8] 120.00-121.00 sec  61.5 KBytes   504 Kbits/sec  3.504 ms  0/45 (0%)  
[  8] 121.00-122.00 sec  60.2 KBytes   493 Kbits/sec  4.673 ms  0/44 (0%)  
[  8] 122.00-123.00 sec  61.5 KBytes   503 Kbits/sec  4.126 ms  0/45 (0%)  
[  8] 123.00-124.00 sec  61.5 KBytes   505 Kbits/sec  4.427 ms  0/45 (0%)  
[  8] 124.00-125.00 sec  60.2 KBytes   493 Kbits/sec  3.833 ms  0/44 (0%)  
[  8] 125.00-126.00 sec  61.5 KBytes   504 Kbits/sec  4.654 ms  0/45 (0%)  
[  8] 126.00-127.00 sec  61.5 KBytes   503 Kbits/sec  4.491 ms  0/45 (0%)  
[  8] 127.00-128.00 sec  60.2 KBytes   494 Kbits/sec  6.223 ms  0/44 (0%)  
[  8] 128.00-129.00 sec  61.5 KBytes   504 Kbits/sec  4.350 ms  0/45 (0%)  
[  8] 129.00-130.00 sec  61.5 KBytes   504 Kbits/sec  6.601 ms  0/45 (0%)  
[  8] 130.00-131.00 sec  60.2 KBytes   493 Kbits/sec  4.336 ms  0/44 (0%)  
[  8] 131.00-132.00 sec  61.5 KBytes   504 Kbits/sec  4.676 ms  0/45 (0%)  
[  8] 132.00-133.00 sec  60.2 KBytes   493 Kbits/sec  5.281 ms  0/44 (0%)  
[  8] 133.00-134.00 sec  61.5 KBytes   504 Kbits/sec  2.663 ms  0/45 (0%)  
[  8] 134.00-135.00 sec  61.5 KBytes   504 Kbits/sec  4.492 ms  0/45 (0%)  
[  8] 135.00-136.00 sec  60.2 KBytes   492 Kbits/sec  3.773 ms  0/44 (0%)  
[  8] 136.00-137.00 sec  61.5 KBytes   505 Kbits/sec  5.166 ms  0/45 (0%)  
[  8] 137.00-138.00 sec  60.2 KBytes   493 Kbits/sec  5.854 ms  0/44 (0%)  
[  8] 138.00-139.00 sec  61.5 KBytes   504 Kbits/sec  5.087 ms  0/45 (0%)  
[  8] 139.00-140.00 sec  61.5 KBytes   504 Kbits/sec  5.551 ms  0/45 (0%)  
[  8] 140.00-141.00 sec  60.2 KBytes   493 Kbits/sec  5.393 ms  0/44 (0%)  
[  8] 141.00-142.00 sec  61.5 KBytes   504 Kbits/sec  5.509 ms  0/45 (0%)  
[  8] 142.00-143.00 sec  61.5 KBytes   504 Kbits/sec  6.993 ms  0/45 (0%)  
[  8] 143.00-144.00 sec  60.2 KBytes   493 Kbits/sec  4.851 ms  0/44 (0%)  
[  8] 144.00-145.00 sec  60.2 KBytes   493 Kbits/sec  4.334 ms  1/45 (2.2%)  
[  8] 145.00-146.00 sec  61.5 KBytes   504 Kbits/sec  5.046 ms  0/45 (0%)  
[  8] 146.00-147.00 sec  61.5 KBytes   504 Kbits/sec  4.814 ms  0/45 (0%)  
[  8] 147.00-148.00 sec  61.5 KBytes   502 Kbits/sec  6.320 ms  0/45 (0%)  
[  8] 148.00-149.00 sec  60.2 KBytes   495 Kbits/sec  5.623 ms  0/44 (0%)  
[  8] 149.00-150.00 sec  58.8 KBytes   482 Kbits/sec  5.349 ms  1/44 (2.3%)  
[  8] 150.00-151.00 sec  61.5 KBytes   503 Kbits/sec  4.840 ms  0/45 (0%)  
[  8] 151.00-152.00 sec  60.2 KBytes   492 Kbits/sec  8.765 ms  1/45 (2.2%)  
[  8] 152.00-153.00 sec  60.2 KBytes   495 Kbits/sec  7.557 ms  0/44 (0%)  
[  8] 153.00-154.00 sec  61.5 KBytes   503 Kbits/sec  6.008 ms  0/45 (0%)  
[  8] 154.00-155.00 sec  61.5 KBytes   505 Kbits/sec  5.295 ms  0/45 (0%)  
[  8] 155.00-156.00 sec  58.8 KBytes   482 Kbits/sec  4.243 ms  0/43 (0%)  
[  8] 156.00-157.00 sec  60.2 KBytes   492 Kbits/sec  6.171 ms  1/45 (2.2%)  
[  8] 157.00-158.00 sec  61.5 KBytes   505 Kbits/sec  6.009 ms  0/45 (0%)  
[  8] 158.00-159.00 sec  61.5 KBytes   504 Kbits/sec  5.610 ms  0/45 (0%)  
[  8] 159.00-160.00 sec  61.5 KBytes   504 Kbits/sec  5.191 ms  0/45 (0%)  
[  8] 160.00-161.01 sec  60.2 KBytes   490 Kbits/sec  6.668 ms  0/44 (0%)  
[  8] 161.01-162.00 sec  60.2 KBytes   496 Kbits/sec  6.254 ms  1/45 (2.2%)  
[  8] 162.00-163.00 sec  61.5 KBytes   504 Kbits/sec  5.465 ms  0/45 (0%)  
[  8] 163.00-164.00 sec  57.4 KBytes   469 Kbits/sec  9.598 ms  2/44 (4.5%)  
[  8] 164.00-165.00 sec  61.5 KBytes   505 Kbits/sec  5.444 ms  0/45 (0%)  
[  8] 165.00-166.00 sec  61.5 KBytes   504 Kbits/sec  7.087 ms  0/45 (0%)  
[  8] 166.00-167.00 sec  58.8 KBytes   481 Kbits/sec  6.958 ms  1/44 (2.3%)  
[  8] 167.00-168.00 sec  61.5 KBytes   502 Kbits/sec  6.191 ms  0/45 (0%)  
[  8] 168.00-169.00 sec  60.2 KBytes   495 Kbits/sec  4.099 ms  0/44 (0%)  
[  8] 169.00-170.00 sec  62.9 KBytes   515 Kbits/sec  5.211 ms  0/46 (0%)  
[  8] 170.00-171.00 sec  58.8 KBytes   482 Kbits/sec  7.050 ms  1/44 (2.3%)  
[  8] 171.00-172.00 sec  60.2 KBytes   493 Kbits/sec  7.129 ms  0/44 (0%)  
[  8] 172.00-173.00 sec  61.5 KBytes   504 Kbits/sec  6.588 ms  0/45 (0%)  
[  8] 173.00-174.00 sec  61.5 KBytes   504 Kbits/sec  5.113 ms  0/45 (0%)  
[  8] 174.00-175.00 sec  60.2 KBytes   493 Kbits/sec  5.515 ms  0/44 (0%)  
[  8] 175.00-176.00 sec  61.5 KBytes   504 Kbits/sec  6.605 ms  0/45 (0%)  
[  8] 176.00-177.00 sec  61.5 KBytes   504 Kbits/sec  5.353 ms  0/45 (0%)  
[  8] 177.00-178.00 sec  60.2 KBytes   493 Kbits/sec  4.440 ms  0/44 (0%)  
[  8] 178.00-179.00 sec  61.5 KBytes   504 Kbits/sec  6.170 ms  0/45 (0%)  
[  8] 179.00-180.00 sec  61.5 KBytes   504 Kbits/sec  4.698 ms  0/45 (0%)  
[  8] 180.00-181.00 sec  60.2 KBytes   493 Kbits/sec  6.883 ms  0/44 (0%)  
[  8] 181.00-182.00 sec  61.5 KBytes   504 Kbits/sec  5.926 ms  0/45 (0%)  
[  8] 182.00-183.00 sec  61.5 KBytes   503 Kbits/sec  4.679 ms  0/45 (0%)  
[  8] 183.00-184.00 sec  60.2 KBytes   494 Kbits/sec  4.086 ms  0/44 (0%)  
[  8] 184.00-185.00 sec  60.2 KBytes   493 Kbits/sec  5.905 ms  1/45 (2.2%)  
[  8] 185.00-186.00 sec  61.5 KBytes   504 Kbits/sec  5.021 ms  0/45 (0%)  
[  8] 186.00-186.81 sec  49.2 KBytes   501 Kbits/sec  6.057 ms  0/36 (0%)  
- - - - - - - - - - - - - - - - - - - - - - - - -
[ ID] Interval           Transfer     Bitrate         Jitter    Lost/Total Datagrams
[  8]   0.00-186.81 sec  11.1 MBytes   499 Kbits/sec  6.057 ms  23/8340 (0.28%)  receiver
iperf3: interrupt - the server has terminated
-----------------------------------------------------------
Server listening on 5201 (test #1)
-----------------------------------------------------------
Accepted connection from 10.0.0.18, port 51622
[  8] local 10.0.0.50 port 5201 connected to 10.0.0.18 port 40609
[ ID] Interval           Transfer     Bitrate         Jitter    Lost/Total Datagrams
[  8]   0.00-1.00   sec  61.5 KBytes   504 Kbits/sec  3.643 ms  0/45 (0%)  
[  8]   1.00-2.00   sec  58.8 KBytes   481 Kbits/sec  3.787 ms  1/44 (2.3%)  
[  8]   2.00-3.00   sec  61.5 KBytes   504 Kbits/sec  3.832 ms  0/45 (0%)  
[  8]   3.00-4.00   sec  60.2 KBytes   493 Kbits/sec  4.680 ms  0/44 (0%)  
[  8]   4.00-5.00   sec  60.2 KBytes   493 Kbits/sec  6.400 ms  1/45 (2.2%)  
[  8]   5.00-6.00   sec  61.5 KBytes   504 Kbits/sec  4.659 ms  0/45 (0%)  
[  8]   6.00-7.00   sec  60.2 KBytes   493 Kbits/sec  6.448 ms  0/44 (0%)  
[  8]   7.00-8.00   sec  60.2 KBytes   493 Kbits/sec  5.980 ms  1/45 (2.2%)  
[  8]   8.00-9.00   sec  61.5 KBytes   504 Kbits/sec  5.022 ms  0/45 (0%)  
[  8]   9.00-10.00  sec  61.5 KBytes   504 Kbits/sec  4.555 ms  0/45 (0%)  
[  8]  10.00-11.00  sec  60.2 KBytes   493 Kbits/sec  3.804 ms  0/44 (0%)  
[  8]  11.00-12.00  sec  61.5 KBytes   504 Kbits/sec  4.049 ms  0/45 (0%)  
[  8]  12.00-13.00  sec  61.5 KBytes   504 Kbits/sec  5.450 ms  0/45 (0%)  
[  8]  13.00-14.00  sec  60.2 KBytes   493 Kbits/sec  4.110 ms  0/44 (0%)  
[  8]  14.00-15.00  sec  58.8 KBytes   482 Kbits/sec  4.135 ms  0/43 (0%)  
[  8]  15.00-16.00  sec  62.9 KBytes   515 Kbits/sec  4.533 ms  0/46 (0%)  
[  8]  16.00-17.00  sec  61.5 KBytes   505 Kbits/sec  5.682 ms  0/45 (0%)  
[  8]  17.00-18.00  sec  58.8 KBytes   482 Kbits/sec  7.314 ms  1/44 (2.3%)  
[  8]  18.00-19.00  sec  61.5 KBytes   504 Kbits/sec  6.613 ms  0/45 (0%)  
[  8]  19.00-20.00  sec  61.5 KBytes   504 Kbits/sec  5.828 ms  0/45 (0%)  
[  8]  20.00-21.00  sec  60.2 KBytes   492 Kbits/sec  5.509 ms  0/44 (0%)  
[  8]  21.00-22.00  sec  61.5 KBytes   504 Kbits/sec  4.471 ms  0/45 (0%)  
[  8]  22.00-23.00  sec  61.5 KBytes   504 Kbits/sec  6.653 ms  0/45 (0%)  
[  8]  23.00-24.00  sec  60.2 KBytes   493 Kbits/sec  4.599 ms  0/44 (0%)  
[  8]  24.00-25.00  sec  60.2 KBytes   492 Kbits/sec  4.278 ms  1/45 (2.2%)  
[  8]  25.00-26.00  sec  61.5 KBytes   505 Kbits/sec  3.182 ms  0/45 (0%)  
[  8]  26.00-27.00  sec  60.2 KBytes   492 Kbits/sec  2.833 ms  0/44 (0%)  
[  8]  27.00-28.00  sec  61.5 KBytes   504 Kbits/sec  3.945 ms  0/45 (0%)  
[  8]  28.00-29.00  sec  60.2 KBytes   493 Kbits/sec  5.458 ms  0/44 (0%)  
[  8]  29.00-30.00  sec  58.8 KBytes   482 Kbits/sec  6.022 ms  2/45 (4.4%)  
[  8]  30.00-31.00  sec  60.2 KBytes   493 Kbits/sec  5.616 ms  1/45 (2.2%)  
[  8]  31.00-32.00  sec  61.5 KBytes   504 Kbits/sec  5.334 ms  0/45 (0%)  
[  8]  32.00-33.00  sec  60.2 KBytes   493 Kbits/sec  5.155 ms  0/44 (0%)  
[  8]  33.00-34.00  sec  61.5 KBytes   504 Kbits/sec  3.942 ms  0/45 (0%)  
[  8]  34.00-35.00  sec  60.2 KBytes   493 Kbits/sec  5.509 ms  0/44 (0%)  
[  8]  35.00-36.00  sec  61.5 KBytes   504 Kbits/sec  4.012 ms  0/45 (0%)  
[  8]  36.00-37.00  sec  61.5 KBytes   504 Kbits/sec  6.305 ms  0/45 (0%)  
[  8]  37.00-38.00  sec  60.2 KBytes   493 Kbits/sec  5.744 ms  1/45 (2.2%)  
[  8]  38.00-39.00  sec  60.2 KBytes   493 Kbits/sec  7.212 ms  0/44 (0%)  
[  8]  39.00-40.00  sec  61.5 KBytes   503 Kbits/sec  5.165 ms  0/45 (0%)  
[  8]  40.00-41.00  sec  60.2 KBytes   494 Kbits/sec  4.407 ms  0/44 (0%)  
[  8]  41.00-42.00  sec  61.5 KBytes   504 Kbits/sec  4.160 ms  0/45 (0%)  
[  8]  42.00-43.00  sec  61.5 KBytes   504 Kbits/sec  2.970 ms  0/45 (0%)  
[  8]  43.00-44.00  sec  60.2 KBytes   493 Kbits/sec  3.706 ms  0/44 (0%)  
[  8]  44.00-45.00  sec  60.2 KBytes   493 Kbits/sec  4.544 ms  0/44 (0%)  
[  8]  45.00-46.00  sec  61.5 KBytes   504 Kbits/sec  5.274 ms  0/45 (0%)  
[  8]  46.00-47.00  sec  61.5 KBytes   504 Kbits/sec  4.852 ms  0/45 (0%)  
[  8]  47.00-48.00  sec  60.2 KBytes   491 Kbits/sec  6.881 ms  1/45 (2.2%)  
[  8]  48.00-49.00  sec  61.5 KBytes   506 Kbits/sec  4.842 ms  0/45 (0%)  
[  8]  49.00-50.00  sec  60.2 KBytes   492 Kbits/sec  4.794 ms  0/44 (0%)  
[  8]  50.00-51.00  sec  61.5 KBytes   505 Kbits/sec  5.976 ms  0/45 (0%)  
[  8]  51.00-52.00  sec  58.8 KBytes   482 Kbits/sec  4.823 ms  1/44 (2.3%)  
[  8]  52.00-53.00  sec  61.5 KBytes   504 Kbits/sec  5.300 ms  0/45 (0%)  
[  8]  53.00-54.00  sec  61.5 KBytes   504 Kbits/sec  5.202 ms  0/45 (0%)  
[  8]  54.00-55.00  sec  60.2 KBytes   493 Kbits/sec  2.932 ms  0/44 (0%)  
[  8]  55.00-56.00  sec  61.5 KBytes   504 Kbits/sec  5.347 ms  0/45 (0%)  
[  8]  56.00-57.00  sec  60.2 KBytes   493 Kbits/sec  6.142 ms  0/44 (0%)  
[  8]  57.00-58.00  sec  60.2 KBytes   492 Kbits/sec  7.551 ms  1/45 (2.2%)  
[  8]  58.00-59.01  sec  60.2 KBytes   490 Kbits/sec  7.302 ms  1/45 (2.2%)  
[  8]  59.01-60.00  sec  60.2 KBytes   496 Kbits/sec  4.773 ms  1/45 (2.2%)  
[  8]  60.00-61.00  sec  60.2 KBytes   493 Kbits/sec  3.942 ms  0/44 (0%)  
[  8]  61.00-62.00  sec  60.2 KBytes   493 Kbits/sec  4.990 ms  0/44 (0%)  
[  8]  62.00-63.00  sec  60.2 KBytes   493 Kbits/sec  7.217 ms  1/45 (2.2%)  
[  8]  63.00-64.00  sec  61.5 KBytes   504 Kbits/sec  6.016 ms  0/45 (0%)  
[  8]  64.00-65.00  sec  60.2 KBytes   493 Kbits/sec  6.066 ms  0/44 (0%)  
[  8]  65.00-66.00  sec  61.5 KBytes   503 Kbits/sec  4.907 ms  0/45 (0%)  
[  8]  66.00-67.00  sec  61.5 KBytes   505 Kbits/sec  5.479 ms  0/45 (0%)  
[  8]  67.00-68.00  sec  60.2 KBytes   493 Kbits/sec  4.750 ms  0/44 (0%)  
[  8]  68.00-69.00  sec  61.5 KBytes   504 Kbits/sec  8.226 ms  0/45 (0%)  
[  8]  69.00-70.00  sec  58.8 KBytes   482 Kbits/sec  8.629 ms  1/44 (2.3%)  
[  8]  70.00-71.01  sec  61.5 KBytes   500 Kbits/sec  5.882 ms  0/45 (0%)  
[  8]  71.01-72.00  sec  58.8 KBytes   486 Kbits/sec  12.084 ms  2/45 (4.4%)  
[  8]  72.00-73.00  sec  58.8 KBytes   482 Kbits/sec  5.587 ms  2/45 (4.4%)  
[  8]  73.00-74.00  sec  53.3 KBytes   437 Kbits/sec  13.907 ms  5/44 (11%)  
[  8]  74.00-75.01  sec  38.3 KBytes   311 Kbits/sec  33.359 ms  8/36 (22%)  
[  8]  75.01-76.00  sec  54.7 KBytes   451 Kbits/sec  17.108 ms  14/54 (26%)  
[  8]  76.00-77.00  sec  50.6 KBytes   414 Kbits/sec  11.481 ms  7/44 (16%)  
[  8]  77.00-78.00  sec  58.8 KBytes   482 Kbits/sec  8.690 ms  1/44 (2.3%)  
[  8]  78.00-79.00  sec  62.9 KBytes   515 Kbits/sec  4.713 ms  0/46 (0%)  
[  8]  79.00-80.00  sec  60.2 KBytes   493 Kbits/sec  6.613 ms  0/44 (0%)  
[  8]  80.00-81.00  sec  60.2 KBytes   493 Kbits/sec  9.187 ms  1/45 (2.2%)  
[  8]  81.00-82.00  sec  60.2 KBytes   493 Kbits/sec  7.141 ms  0/44 (0%)  
[  8]  82.00-83.00  sec  61.5 KBytes   504 Kbits/sec  5.134 ms  0/45 (0%)  
[  8]  83.00-84.00  sec  58.8 KBytes   482 Kbits/sec  4.504 ms  0/43 (0%)  
[  8]  84.00-85.00  sec  60.2 KBytes   493 Kbits/sec  3.404 ms  1/45 (2.2%)  
[  8]  85.00-86.00  sec  61.5 KBytes   504 Kbits/sec  6.741 ms  1/46 (2.2%)  
[  8]  86.00-87.00  sec  60.2 KBytes   493 Kbits/sec  3.406 ms  0/44 (0%)  
[  8]  87.00-88.00  sec  58.8 KBytes   481 Kbits/sec  3.168 ms  2/45 (4.4%)  
[  8]  88.00-89.00  sec  60.2 KBytes   493 Kbits/sec  4.955 ms  0/44 (0%)  
[  8]  89.00-90.00  sec  61.5 KBytes   503 Kbits/sec  3.998 ms  0/45 (0%)  
[  8]  90.00-91.00  sec  62.9 KBytes   515 Kbits/sec  3.326 ms  0/46 (0%)  
[  8]  91.00-92.00  sec  60.2 KBytes   493 Kbits/sec  5.175 ms  0/44 (0%)  
[  8]  92.00-93.00  sec  61.5 KBytes   504 Kbits/sec  4.519 ms  0/45 (0%)  
[  8]  93.00-94.00  sec  60.2 KBytes   493 Kbits/sec  3.898 ms  0/44 (0%)  
[  8]  94.00-95.00  sec  61.5 KBytes   504 Kbits/sec  4.217 ms  0/45 (0%)  
[  8]  95.00-96.00  sec  61.5 KBytes   504 Kbits/sec  4.354 ms  0/45 (0%)  
[  8]  96.00-97.00  sec  60.2 KBytes   493 Kbits/sec  7.682 ms  0/44 (0%)  
[  8]  97.00-98.00  sec  61.5 KBytes   504 Kbits/sec  4.333 ms  0/45 (0%)  
[  8]  98.00-99.00  sec  58.8 KBytes   482 Kbits/sec  6.912 ms  1/44 (2.3%)  
[  8]  99.00-100.00 sec  61.5 KBytes   504 Kbits/sec  6.065 ms  0/45 (0%)  
[  8] 100.00-101.00 sec  61.5 KBytes   504 Kbits/sec  5.723 ms  0/45 (0%)  
[  8] 101.00-102.00 sec  60.2 KBytes   493 Kbits/sec  6.432 ms  0/44 (0%)  
[  8] 102.00-103.00 sec  58.8 KBytes   482 Kbits/sec  7.502 ms  1/44 (2.3%)  
[  8] 103.00-104.00 sec  61.5 KBytes   504 Kbits/sec  8.580 ms  0/45 (0%)  
[  8] 104.00-105.00 sec  61.5 KBytes   504 Kbits/sec  4.088 ms  0/45 (0%)  
[  8] 105.00-106.00 sec  61.5 KBytes   504 Kbits/sec  2.993 ms  0/45 (0%)  
[  8] 106.00-107.00 sec  61.5 KBytes   503 Kbits/sec  5.716 ms  0/45 (0%)  
[  8] 107.00-108.00 sec  60.2 KBytes   493 Kbits/sec  4.303 ms  0/44 (0%)  
[  8] 108.00-109.00 sec  61.5 KBytes   504 Kbits/sec  5.526 ms  0/45 (0%)  
[  8] 109.00-110.00 sec  60.2 KBytes   493 Kbits/sec  8.610 ms  0/44 (0%)  
[  8] 110.00-111.00 sec  52.0 KBytes   426 Kbits/sec  6.045 ms  6/44 (14%)  
[  8] 111.00-112.00 sec  53.3 KBytes   437 Kbits/sec  8.277 ms  5/44 (11%)  
[  8] 112.00-113.00 sec  64.3 KBytes   526 Kbits/sec  5.411 ms  0/47 (0%)  
[  8] 113.00-114.00 sec  42.4 KBytes   347 Kbits/sec  11.771 ms  5/36 (14%)  
[  8] 114.00-115.00 sec  50.6 KBytes   414 Kbits/sec  19.630 ms  16/53 (30%)  
[  8] 115.00-116.00 sec  56.1 KBytes   459 Kbits/sec  7.754 ms  3/44 (6.8%)  
[  8] 116.00-117.00 sec  46.5 KBytes   381 Kbits/sec  15.940 ms  5/39 (13%)  
[  8] 117.00-118.00 sec  34.2 KBytes   280 Kbits/sec  28.252 ms  10/35 (29%)  
[  8] 118.00-119.00 sec  71.1 KBytes   582 Kbits/sec  17.388 ms  8/60 (13%)  
[  8] 119.00-120.00 sec  58.8 KBytes   482 Kbits/sec  3.366 ms  0/43 (0%)  
[  8] 120.00-121.00 sec  64.3 KBytes   526 Kbits/sec  4.373 ms  0/47 (0%)  
[  8] 121.00-122.00 sec  61.5 KBytes   504 Kbits/sec  4.375 ms  0/45 (0%)  
[  8] 122.00-123.00 sec  58.8 KBytes   481 Kbits/sec  10.743 ms  1/44 (2.3%)  
[  8] 123.00-124.00 sec  60.2 KBytes   494 Kbits/sec  5.139 ms  1/45 (2.2%)  
[  8] 124.00-125.00 sec  60.2 KBytes   493 Kbits/sec  5.687 ms  0/44 (0%)  
[  8] 125.00-126.00 sec  54.7 KBytes   448 Kbits/sec  5.594 ms  5/45 (11%)  
[  8] 126.00-127.00 sec  60.2 KBytes   493 Kbits/sec  6.185 ms  0/44 (0%)  
[  8] 127.00-128.00 sec  61.5 KBytes   504 Kbits/sec  6.695 ms  0/45 (0%)  
[  8] 128.00-129.00 sec  61.5 KBytes   504 Kbits/sec  3.486 ms  0/45 (0%)  
[  8] 129.00-130.00 sec  60.2 KBytes   493 Kbits/sec  4.529 ms  0/44 (0%)  
[  8] 130.00-131.00 sec  61.5 KBytes   504 Kbits/sec  3.704 ms  0/45 (0%)  
[  8] 131.00-132.00 sec  61.5 KBytes   504 Kbits/sec  3.800 ms  0/45 (0%)  
[  8] 132.00-133.00 sec  58.8 KBytes   481 Kbits/sec  5.133 ms  0/43 (0%)  
[  8] 133.00-134.00 sec  61.5 KBytes   504 Kbits/sec  6.994 ms  1/46 (2.2%)  
[  8] 134.00-135.00 sec  57.4 KBytes   470 Kbits/sec  6.910 ms  3/45 (6.7%)  
[  8] 135.00-136.00 sec  58.8 KBytes   482 Kbits/sec  3.948 ms  1/44 (2.3%)  
[  8] 136.00-137.00 sec  57.4 KBytes   470 Kbits/sec  8.902 ms  2/44 (4.5%)  
[  8] 137.00-138.00 sec  61.5 KBytes   504 Kbits/sec  4.943 ms  0/45 (0%)  
[  8] 138.00-139.00 sec  62.9 KBytes   515 Kbits/sec  3.545 ms  0/46 (0%)  
[  8] 139.00-140.00 sec  60.2 KBytes   493 Kbits/sec  3.616 ms  0/44 (0%)  
[  8] 140.00-141.00 sec  60.2 KBytes   493 Kbits/sec  4.171 ms  1/45 (2.2%)  
[  8] 141.00-142.00 sec  60.2 KBytes   493 Kbits/sec  4.475 ms  0/44 (0%)  
[  8] 142.00-143.00 sec  61.5 KBytes   504 Kbits/sec  4.318 ms  0/45 (0%)  
[  8] 143.00-144.00 sec  60.2 KBytes   493 Kbits/sec  4.344 ms  0/44 (0%)  
[  8] 144.00-145.00 sec  60.2 KBytes   492 Kbits/sec  6.393 ms  1/45 (2.2%)  
[  8] 145.00-146.00 sec  61.5 KBytes   505 Kbits/sec  6.055 ms  0/45 (0%)  
[  8] 146.00-147.00 sec  60.2 KBytes   493 Kbits/sec  6.330 ms  0/44 (0%)  
[  8] 147.00-148.00 sec  58.8 KBytes   482 Kbits/sec  6.065 ms  1/44 (2.3%)  
[  8] 148.00-149.00 sec  60.2 KBytes   493 Kbits/sec  3.419 ms  1/45 (2.2%)  
[  8] 149.00-150.00 sec  61.5 KBytes   504 Kbits/sec  4.981 ms  0/45 (0%)  
[  8] 150.00-151.00 sec  61.5 KBytes   504 Kbits/sec  5.199 ms  0/45 (0%)  
[  8] 151.00-152.00 sec  61.5 KBytes   504 Kbits/sec  5.766 ms  0/45 (0%)  
[  8] 152.00-153.00 sec  60.2 KBytes   493 Kbits/sec  5.504 ms  0/44 (0%)  
[  8] 153.00-154.00 sec  61.5 KBytes   502 Kbits/sec  5.727 ms  0/45 (0%)  
[  8] 154.00-155.00 sec  61.5 KBytes   506 Kbits/sec  6.979 ms  0/45 (0%)  
[  8] 155.00-156.00 sec  60.2 KBytes   493 Kbits/sec  3.905 ms  0/44 (0%)  
[  8] 156.00-157.00 sec  61.5 KBytes   504 Kbits/sec  13.922 ms  0/45 (0%)  
[  8] 157.00-158.00 sec  58.8 KBytes   481 Kbits/sec  5.420 ms  1/44 (2.3%)  
[  8] 158.00-159.00 sec  58.8 KBytes   482 Kbits/sec  14.432 ms  2/45 (4.4%)  
[  8] 159.00-160.00 sec  57.4 KBytes   470 Kbits/sec  9.069 ms  2/44 (4.5%)  
[  8] 160.00-161.00 sec  62.9 KBytes   515 Kbits/sec  5.262 ms  0/46 (0%)  
[  8] 161.00-162.00 sec  60.2 KBytes   493 Kbits/sec  4.135 ms  0/44 (0%)  
[  8] 162.00-163.00 sec  60.2 KBytes   493 Kbits/sec  5.797 ms  1/45 (2.2%)  
[  8] 163.00-164.00 sec  61.5 KBytes   504 Kbits/sec  5.830 ms  0/45 (0%)  
[  8] 164.00-165.00 sec  54.7 KBytes   447 Kbits/sec  6.423 ms  1/41 (2.4%)  
[  8] 165.00-166.00 sec  64.3 KBytes   527 Kbits/sec  5.557 ms  0/47 (0%)  
[  8] 166.00-167.00 sec  61.5 KBytes   504 Kbits/sec  3.452 ms  0/45 (0%)  
[  8] 167.00-168.00 sec  61.5 KBytes   503 Kbits/sec  4.643 ms  0/45 (0%)  
[  8] 168.00-169.00 sec  61.5 KBytes   505 Kbits/sec  4.285 ms  0/45 (0%)  
[  8] 169.00-170.00 sec  60.2 KBytes   493 Kbits/sec  4.729 ms  0/44 (0%)  
[  8] 170.00-171.00 sec  61.5 KBytes   504 Kbits/sec  5.185 ms  0/45 (0%)  
[  8] 171.00-172.00 sec  61.5 KBytes   504 Kbits/sec  3.374 ms  0/45 (0%)  
[  8] 172.00-173.00 sec  60.2 KBytes   493 Kbits/sec  5.508 ms  0/44 (0%)  
[  8] 173.00-174.00 sec  58.8 KBytes   482 Kbits/sec  3.764 ms  0/43 (0%)  
[  8] 174.00-175.00 sec  60.2 KBytes   492 Kbits/sec  5.947 ms  2/46 (4.3%)  
[  8] 175.00-176.00 sec  60.2 KBytes   493 Kbits/sec  6.721 ms  0/44 (0%)  
[  8] 176.00-177.00 sec  62.9 KBytes   515 Kbits/sec  7.504 ms  0/46 (0%)  
[  8] 177.00-178.00 sec  61.5 KBytes   504 Kbits/sec  6.413 ms  0/45 (0%)  
[  8] 178.00-179.00 sec  58.8 KBytes   482 Kbits/sec  5.968 ms  1/44 (2.3%)  
[  8] 179.00-180.00 sec  58.8 KBytes   482 Kbits/sec  6.635 ms  1/44 (2.3%)  
[  8] 180.00-181.00 sec  61.5 KBytes   504 Kbits/sec  4.976 ms  0/45 (0%)  
[  8] 181.00-182.00 sec  61.5 KBytes   504 Kbits/sec  6.530 ms  0/45 (0%)  
[  8] 182.00-183.00 sec  60.2 KBytes   492 Kbits/sec  5.141 ms  0/44 (0%)  
[  8] 183.00-184.00 sec  61.5 KBytes   505 Kbits/sec  6.544 ms  0/45 (0%)  
[  8] 184.00-185.00 sec  60.2 KBytes   493 Kbits/sec  5.893 ms  0/44 (0%)  
[  8] 185.00-186.00 sec  61.5 KBytes   503 Kbits/sec  4.387 ms  0/45 (0%)  
[  8] 186.00-187.00 sec  61.5 KBytes   505 Kbits/sec  3.960 ms  0/45 (0%)  
[  8] 187.00-188.00 sec  58.8 KBytes   482 Kbits/sec  6.267 ms  2/45 (4.4%)  
[  8] 188.00-189.00 sec  60.2 KBytes   492 Kbits/sec  8.588 ms  0/44 (0%)  
[  8] 189.00-190.00 sec  57.4 KBytes   471 Kbits/sec  7.315 ms  0/42 (0%)  
[  8] 190.00-191.00 sec  64.3 KBytes   526 Kbits/sec  9.704 ms  0/47 (0%)  
[  8] 191.00-192.00 sec  62.9 KBytes   515 Kbits/sec  6.042 ms  0/46 (0%)  
[  8] 192.00-193.00 sec  60.2 KBytes   493 Kbits/sec  5.079 ms  0/44 (0%)  
[  8] 193.00-194.00 sec  60.2 KBytes   493 Kbits/sec  5.664 ms  1/45 (2.2%)  
[  8] 194.00-195.00 sec  60.2 KBytes   493 Kbits/sec  4.647 ms  0/44 (0%)  
[  8] 195.00-196.00 sec  61.5 KBytes   504 Kbits/sec  4.683 ms  0/45 (0%)  
[  8] 196.00-197.00 sec  58.8 KBytes   482 Kbits/sec  6.543 ms  1/44 (2.3%)  
[  8] 197.00-198.00 sec  61.5 KBytes   504 Kbits/sec  3.225 ms  0/45 (0%)  
[  8] 198.00-199.00 sec  61.5 KBytes   504 Kbits/sec  1.897 ms  0/45 (0%)  
[  8] 199.00-200.00 sec  58.8 KBytes   482 Kbits/sec  12.232 ms  2/45 (4.4%)  
- - - - - - - - - - - - - - - - - - - - - - - - -
[ ID] Interval           Transfer     Bitrate         Jitter    Lost/Total Datagrams
[  8]   0.00-200.03 sec  11.7 MBytes   491 Kbits/sec  12.232 ms  155/8929 (1.7%)  receiver
