-----------------------------------------------------------
Server listening on 5201 (test #1)
-----------------------------------------------------------
Accepted connection from 10.0.0.33, port 55064
[  8] local 10.0.0.97 port 5201 connected to 10.0.0.33 port 44988
[ ID] Interval           Transfer     Bitrate         Jitter    Lost/Total Datagrams
[  8]   0.00-1.00   sec   120 KBytes   985 Kbits/sec  2.098 ms  1/89 (1.1%)  
[  8]   1.00-2.00   sec   115 KBytes   941 Kbits/sec  3.212 ms  6/90 (6.7%)  
[  8]   2.00-3.00   sec   122 KBytes   997 Kbits/sec  2.706 ms  0/89 (0%)  
[  8]   3.00-4.00   sec   122 KBytes   997 Kbits/sec  2.898 ms  0/89 (0%)  
[  8]   4.00-5.00   sec   120 KBytes   986 Kbits/sec  2.361 ms  1/89 (1.1%)  
[  8]   5.00-6.00   sec   122 KBytes   997 Kbits/sec  2.726 ms  0/89 (0%)  
[  8]   6.00-7.00   sec   122 KBytes   997 Kbits/sec  3.026 ms  0/89 (0%)  
[  8]   7.00-8.00   sec   123 KBytes  1.01 Mbits/sec  1.779 ms  0/90 (0%)  
[  8]   8.00-9.00   sec   122 KBytes   994 Kbits/sec  2.831 ms  0/89 (0%)  
[  8]   9.00-10.00  sec   122 KBytes  1000 Kbits/sec  3.363 ms  0/89 (0%)  
[  8]  10.00-11.00  sec   123 KBytes  1.01 Mbits/sec  2.455 ms  0/90 (0%)  
[  8]  11.00-12.00  sec   122 KBytes   997 Kbits/sec  2.307 ms  0/89 (0%)  
[  8]  12.00-13.00  sec   120 KBytes   986 Kbits/sec  2.773 ms  1/89 (1.1%)  
[  8]  13.00-14.00  sec   122 KBytes   997 Kbits/sec  2.804 ms  1/90 (1.1%)  
[  8]  14.00-15.00  sec   120 KBytes   986 Kbits/sec  3.787 ms  1/89 (1.1%)  
[  8]  15.00-16.00  sec   115 KBytes   941 Kbits/sec  4.037 ms  5/89 (5.6%)  
[  8]  16.00-17.00  sec   119 KBytes   974 Kbits/sec  3.875 ms  3/90 (3.3%)  
[  8]  17.00-18.00  sec   120 KBytes   986 Kbits/sec  4.877 ms  1/89 (1.1%)  
[  8]  18.00-19.00  sec   122 KBytes   997 Kbits/sec  3.515 ms  0/89 (0%)  
[  8]  19.00-20.00  sec   116 KBytes   952 Kbits/sec  4.273 ms  4/89 (4.5%)  
[  8]  20.00-21.00  sec   120 KBytes   986 Kbits/sec  4.135 ms  0/88 (0%)  
[  8]  21.00-22.00  sec   122 KBytes   997 Kbits/sec  3.158 ms  2/91 (2.2%)  
[  8]  22.00-23.02  sec   122 KBytes   979 Kbits/sec  4.033 ms  2/91 (2.2%)  
[  8]  23.02-24.00  sec   115 KBytes   958 Kbits/sec  1.819 ms  4/88 (4.5%)  
[  8]  24.00-25.00  sec   122 KBytes   997 Kbits/sec  3.467 ms  0/89 (0%)  
[  8]  25.00-26.00  sec   118 KBytes   963 Kbits/sec  5.770 ms  3/89 (3.4%)  
[  8]  26.00-27.00  sec   122 KBytes   996 Kbits/sec  1.503 ms  1/90 (1.1%)  
[  8]  27.00-28.00  sec   122 KBytes   997 Kbits/sec  1.405 ms  0/89 (0%)  
[  8]  28.00-29.00  sec   122 KBytes   997 Kbits/sec  2.176 ms  0/89 (0%)  
[  8]  29.00-30.00  sec   120 KBytes   986 Kbits/sec  3.607 ms  1/89 (1.1%)  
[  8]  30.00-31.00  sec   120 KBytes   985 Kbits/sec  2.322 ms  1/89 (1.1%)  
[  8]  31.00-32.00  sec   115 KBytes   940 Kbits/sec  3.945 ms  5/89 (5.6%)  
[  8]  32.00-33.00  sec   122 KBytes   998 Kbits/sec  2.805 ms  2/91 (2.2%)  
[  8]  33.00-34.00  sec   116 KBytes   952 Kbits/sec  3.250 ms  4/89 (4.5%)  
[  8]  34.00-35.00  sec   122 KBytes   997 Kbits/sec  2.831 ms  0/89 (0%)  
[  8]  35.00-36.00  sec   123 KBytes  1.01 Mbits/sec  3.256 ms  0/90 (0%)  
[  8]  36.00-37.00  sec   118 KBytes   963 Kbits/sec  2.550 ms  3/89 (3.4%)  
[  8]  37.00-38.00  sec   118 KBytes   963 Kbits/sec  2.401 ms  3/89 (3.4%)  
[  8]  38.00-39.00  sec   120 KBytes   986 Kbits/sec  2.498 ms  1/89 (1.1%)  
[  8]  39.00-40.00  sec   120 KBytes   986 Kbits/sec  1.508 ms  1/89 (1.1%)  
[  8]  40.00-41.00  sec   123 KBytes  1.01 Mbits/sec  2.294 ms  0/90 (0%)  
[  8]  41.00-42.00  sec   118 KBytes   963 Kbits/sec  4.264 ms  2/88 (2.3%)  
[  8]  42.00-43.00  sec   116 KBytes   952 Kbits/sec  3.882 ms  5/90 (5.6%)  
[  8]  43.00-44.00  sec   123 KBytes  1.01 Mbits/sec  3.868 ms  0/90 (0%)  
[  8]  44.00-45.00  sec   122 KBytes   996 Kbits/sec  3.428 ms  0/89 (0%)  
[  8]  45.00-46.00  sec   120 KBytes   986 Kbits/sec  3.402 ms  1/89 (1.1%)  
[  8]  46.00-47.00  sec   120 KBytes   986 Kbits/sec  2.520 ms  1/89 (1.1%)  
[  8]  47.00-48.00  sec   122 KBytes   997 Kbits/sec  2.694 ms  1/90 (1.1%)  
[  8]  48.00-49.00  sec   120 KBytes   986 Kbits/sec  5.168 ms  1/89 (1.1%)  
[  8]  49.00-50.00  sec   122 KBytes   997 Kbits/sec  1.801 ms  0/89 (0%)  
[  8]  50.00-51.00  sec   120 KBytes   986 Kbits/sec  3.937 ms  1/89 (1.1%)  
[  8]  51.00-52.00  sec   119 KBytes   974 Kbits/sec  3.740 ms  0/87 (0%)  
[  8]  52.00-53.00  sec   124 KBytes  1.02 Mbits/sec  4.075 ms  1/92 (1.1%)  
[  8]  53.00-54.00  sec   120 KBytes   986 Kbits/sec  3.434 ms  1/89 (1.1%)  
[  8]  54.00-55.00  sec   123 KBytes  1.01 Mbits/sec  2.307 ms  0/90 (0%)  
[  8]  55.00-56.00  sec   122 KBytes   996 Kbits/sec  2.184 ms  0/89 (0%)  
[  8]  56.00-57.00  sec   120 KBytes   987 Kbits/sec  2.984 ms  1/89 (1.1%)  
[  8]  57.00-58.00  sec   120 KBytes   983 Kbits/sec  2.957 ms  2/90 (2.2%)  
[  8]  58.00-59.00  sec   119 KBytes   977 Kbits/sec  3.481 ms  2/89 (2.2%)  
[  8]  59.00-60.00  sec   118 KBytes   963 Kbits/sec  3.608 ms  3/89 (3.4%)  
[  8]  60.00-61.00  sec   116 KBytes   952 Kbits/sec  3.406 ms  3/88 (3.4%)  
[  8]  61.00-62.00  sec   123 KBytes  1.01 Mbits/sec  2.143 ms  1/91 (1.1%)  
[  8]  62.00-63.00  sec   120 KBytes   986 Kbits/sec  2.724 ms  0/88 (0%)  
[  8]  63.00-64.00  sec   122 KBytes   997 Kbits/sec  3.251 ms  1/90 (1.1%)  
[  8]  64.00-65.00  sec   122 KBytes   997 Kbits/sec  4.954 ms  0/89 (0%)  
[  8]  65.00-66.00  sec   122 KBytes   996 Kbits/sec  2.434 ms  1/90 (1.1%)  
[  8]  66.00-67.00  sec   118 KBytes   962 Kbits/sec  3.232 ms  3/89 (3.4%)  
[  8]  67.00-68.00  sec   109 KBytes   898 Kbits/sec  5.148 ms  9/89 (10%)  
[  8]  68.00-69.00  sec   122 KBytes   997 Kbits/sec  2.364 ms  1/90 (1.1%)  
[  8]  69.00-70.00  sec   122 KBytes   997 Kbits/sec  2.605 ms  0/89 (0%)  
[  8]  70.00-71.00  sec   122 KBytes   997 Kbits/sec  2.987 ms  0/89 (0%)  
[  8]  71.00-72.00  sec   122 KBytes   997 Kbits/sec  2.943 ms  1/90 (1.1%)  
[  8]  72.00-73.00  sec   119 KBytes   974 Kbits/sec  3.329 ms  2/89 (2.2%)  
[  8]  73.00-74.00  sec   115 KBytes   941 Kbits/sec  4.163 ms  5/89 (5.6%)  
[  8]  74.00-75.00  sec   122 KBytes   997 Kbits/sec  1.856 ms  0/89 (0%)  
[  8]  75.00-76.00  sec   123 KBytes  1.01 Mbits/sec  2.161 ms  0/90 (0%)  
[  8]  76.00-77.00  sec   120 KBytes   986 Kbits/sec  4.301 ms  1/89 (1.1%)  
[  8]  77.00-78.00  sec   120 KBytes   984 Kbits/sec  3.708 ms  1/89 (1.1%)  
[  8]  78.00-79.00  sec  99.8 KBytes   819 Kbits/sec  6.586 ms  15/88 (17%)  
[  8]  79.00-80.00  sec   115 KBytes   941 Kbits/sec  5.304 ms  6/90 (6.7%)  
[  8]  80.00-81.00  sec   118 KBytes   963 Kbits/sec  4.346 ms  3/89 (3.4%)  
[  8]  81.00-82.00  sec   115 KBytes   940 Kbits/sec  4.696 ms  5/89 (5.6%)  
[  8]  82.00-83.00  sec   115 KBytes   941 Kbits/sec  5.403 ms  6/90 (6.7%)  
[  8]  83.00-84.00  sec   118 KBytes   963 Kbits/sec  5.670 ms  4/90 (4.4%)  
[  8]  84.00-85.01  sec   118 KBytes   952 Kbits/sec  4.528 ms  3/89 (3.4%)  
[  8]  85.01-86.00  sec   115 KBytes   950 Kbits/sec  3.937 ms  5/89 (5.6%)  
[  8]  86.00-87.00  sec   113 KBytes   931 Kbits/sec  4.751 ms  7/90 (7.8%)  
[  8]  87.00-88.00  sec   116 KBytes   952 Kbits/sec  4.069 ms  3/88 (3.4%)  
[  8]  88.00-89.00  sec   112 KBytes   918 Kbits/sec  4.080 ms  8/90 (8.9%)  
[  8]  89.00-90.00  sec   118 KBytes   961 Kbits/sec  3.526 ms  3/89 (3.4%)  
[  8]  90.00-91.00  sec   122 KBytes  1000 Kbits/sec  5.093 ms  1/90 (1.1%)  
[  8]  91.00-92.00  sec   116 KBytes   952 Kbits/sec  3.844 ms  3/88 (3.4%)  
[  8]  92.00-93.00  sec   120 KBytes   986 Kbits/sec  3.747 ms  2/90 (2.2%)  
[  8]  93.00-94.00  sec   118 KBytes   963 Kbits/sec  5.988 ms  3/89 (3.4%)  
[  8]  94.00-95.00  sec   120 KBytes   986 Kbits/sec  2.838 ms  1/89 (1.1%)  
[  8]  95.00-96.00  sec   120 KBytes   986 Kbits/sec  2.931 ms  1/89 (1.1%)  
[  8]  96.00-97.00  sec   124 KBytes  1.02 Mbits/sec  4.301 ms  0/91 (0%)  
[  8]  97.00-98.00  sec   115 KBytes   941 Kbits/sec  5.594 ms  5/89 (5.6%)  
[  8]  98.00-99.00  sec   119 KBytes   974 Kbits/sec  2.986 ms  2/89 (2.2%)  
[  8]  99.00-100.00 sec   122 KBytes   997 Kbits/sec  2.226 ms  0/89 (0%)  
[  8] 100.00-101.00 sec   119 KBytes   974 Kbits/sec  2.975 ms  3/90 (3.3%)  
[  8] 101.00-102.00 sec   113 KBytes   930 Kbits/sec  1.744 ms  5/88 (5.7%)  
[  8] 102.00-103.00 sec   122 KBytes   997 Kbits/sec  3.305 ms  1/90 (1.1%)  
[  8] 103.00-104.00 sec   122 KBytes   997 Kbits/sec  3.561 ms  1/90 (1.1%)  
[  8] 104.00-105.00 sec   119 KBytes   974 Kbits/sec  2.885 ms  2/89 (2.2%)  
[  8] 105.00-106.00 sec   122 KBytes   997 Kbits/sec  1.974 ms  0/89 (0%)  
[  8] 106.00-107.00 sec   116 KBytes   952 Kbits/sec  5.871 ms  3/88 (3.4%)  
[  8] 107.00-108.00 sec   118 KBytes   963 Kbits/sec  5.216 ms  4/90 (4.4%)  
[  8] 108.00-109.00 sec   118 KBytes   962 Kbits/sec  5.389 ms  2/88 (2.3%)  
[  8] 109.00-110.00 sec   120 KBytes   987 Kbits/sec  3.417 ms  3/91 (3.3%)  
[  8] 110.00-111.00 sec   123 KBytes  1.01 Mbits/sec  2.360 ms  0/90 (0%)  
[  8] 111.00-112.00 sec   120 KBytes   986 Kbits/sec  2.902 ms  1/89 (1.1%)  
[  8] 112.00-113.00 sec   119 KBytes   974 Kbits/sec  3.367 ms  2/89 (2.2%)  
[  8] 113.00-114.00 sec   118 KBytes   963 Kbits/sec  3.044 ms  3/89 (3.4%)  
[  8] 114.00-115.00 sec   120 KBytes   986 Kbits/sec  2.758 ms  2/90 (2.2%)  
[  8] 115.00-116.00 sec   116 KBytes   952 Kbits/sec  4.134 ms  0/85 (0%)  
[  8] 116.00-117.00 sec   122 KBytes   997 Kbits/sec  4.287 ms  4/93 (4.3%)  
[  8] 117.00-118.00 sec   123 KBytes  1.01 Mbits/sec  2.771 ms  0/90 (0%)  
[  8] 118.00-119.00 sec   122 KBytes   997 Kbits/sec  2.799 ms  0/89 (0%)  
[  8] 119.00-120.00 sec   122 KBytes   997 Kbits/sec  2.090 ms  0/89 (0%)  
[  8] 120.00-121.00 sec   122 KBytes   997 Kbits/sec  4.542 ms  0/89 (0%)  
[  8] 121.00-122.00 sec   119 KBytes   974 Kbits/sec  2.556 ms  3/90 (3.3%)  
[  8] 122.00-123.00 sec   122 KBytes   997 Kbits/sec  2.882 ms  0/89 (0%)  
[  8] 123.00-124.00 sec   122 KBytes   997 Kbits/sec  3.786 ms  0/89 (0%)  
[  8] 124.00-125.00 sec   123 KBytes  1.01 Mbits/sec  2.433 ms  0/90 (0%)  
[  8] 125.00-126.00 sec   120 KBytes   986 Kbits/sec  3.336 ms  0/88 (0%)  
[  8] 126.00-127.00 sec   122 KBytes   997 Kbits/sec  1.746 ms  1/90 (1.1%)  
[  8] 127.00-128.00 sec   119 KBytes   974 Kbits/sec  3.311 ms  2/89 (2.2%)  
[  8] 128.00-129.00 sec   119 KBytes   975 Kbits/sec  4.006 ms  2/89 (2.2%)  
[  8] 129.00-130.00 sec   120 KBytes   986 Kbits/sec  2.306 ms  2/90 (2.2%)  
[  8] 130.00-131.00 sec   122 KBytes   997 Kbits/sec  2.528 ms  0/89 (0%)  
[  8] 131.00-132.00 sec   113 KBytes   930 Kbits/sec  2.941 ms  5/88 (5.7%)  
[  8] 132.00-133.00 sec   120 KBytes   986 Kbits/sec  4.109 ms  2/90 (2.2%)  
[  8] 133.00-134.00 sec   119 KBytes   974 Kbits/sec  2.430 ms  2/89 (2.2%)  
[  8] 134.00-135.00 sec   120 KBytes   986 Kbits/sec  3.145 ms  2/90 (2.2%)  
[  8] 135.00-136.00 sec   120 KBytes   985 Kbits/sec  3.280 ms  2/90 (2.2%)  
[  8] 136.00-137.00 sec   118 KBytes   963 Kbits/sec  3.371 ms  3/89 (3.4%)  
[  8] 137.00-138.00 sec   118 KBytes   963 Kbits/sec  3.178 ms  3/89 (3.4%)  
[  8] 138.00-139.00 sec   120 KBytes   985 Kbits/sec  4.114 ms  1/89 (1.1%)  
[  8] 139.00-140.00 sec   120 KBytes   986 Kbits/sec  3.620 ms  2/90 (2.2%)  
[  8] 140.00-141.00 sec   109 KBytes   897 Kbits/sec  3.672 ms  6/86 (7%)  
[  8] 141.00-142.00 sec   120 KBytes   985 Kbits/sec  3.325 ms  2/90 (2.2%)  
[  8] 142.00-143.00 sec   109 KBytes   896 Kbits/sec  3.957 ms  0/80 (0%)  
[  8] 143.00-144.00 sec  88.9 KBytes   728 Kbits/sec  13.062 ms  34/99 (34%)  
[  8] 144.00-145.00 sec   108 KBytes   885 Kbits/sec  3.290 ms  0/79 (0%)  
[  8] 145.00-146.00 sec   130 KBytes  1.06 Mbits/sec  3.884 ms  7/102 (6.9%)  
[  8] 146.00-147.00 sec   122 KBytes   997 Kbits/sec  3.039 ms  0/89 (0%)  
[  8] 147.00-148.00 sec   119 KBytes   974 Kbits/sec  2.413 ms  2/89 (2.2%)  
[  8] 148.00-149.00 sec   122 KBytes   997 Kbits/sec  2.227 ms  0/89 (0%)  
[  8] 149.00-150.00 sec   122 KBytes   997 Kbits/sec  4.193 ms  0/89 (0%)  
[  8] 150.00-151.00 sec   120 KBytes   986 Kbits/sec  3.412 ms  1/89 (1.1%)  
[  8] 151.00-152.00 sec   122 KBytes   994 Kbits/sec  2.468 ms  1/90 (1.1%)  
[  8] 152.00-153.00 sec   118 KBytes   966 Kbits/sec  2.819 ms  3/89 (3.4%)  
[  8] 153.00-154.00 sec   120 KBytes   984 Kbits/sec  3.124 ms  1/89 (1.1%)  
[  8] 154.00-155.00 sec   123 KBytes  1.01 Mbits/sec  2.656 ms  0/90 (0%)  
[  8] 155.00-156.00 sec   122 KBytes   997 Kbits/sec  2.799 ms  0/89 (0%)  
[  8] 156.00-157.00 sec   119 KBytes   974 Kbits/sec  3.359 ms  3/90 (3.3%)  
[  8] 157.00-158.00 sec   120 KBytes   985 Kbits/sec  4.491 ms  1/89 (1.1%)  
[  8] 158.00-159.00 sec   120 KBytes   986 Kbits/sec  2.726 ms  1/89 (1.1%)  
[  8] 159.00-160.00 sec   123 KBytes  1.01 Mbits/sec  4.216 ms  0/90 (0%)  
[  8] 160.00-161.00 sec   118 KBytes   963 Kbits/sec  2.693 ms  3/89 (3.4%)  
[  8] 161.00-162.00 sec   113 KBytes   929 Kbits/sec  3.061 ms  6/89 (6.7%)  
[  8] 162.00-163.00 sec   120 KBytes   986 Kbits/sec  3.491 ms  2/90 (2.2%)  
[  8] 163.00-164.00 sec   119 KBytes   974 Kbits/sec  3.825 ms  1/88 (1.1%)  
[  8] 164.00-165.00 sec   122 KBytes   995 Kbits/sec  4.354 ms  0/89 (0%)  
[  8] 165.00-166.00 sec   119 KBytes   976 Kbits/sec  3.457 ms  3/90 (3.3%)  
[  8] 166.00-167.00 sec   118 KBytes   963 Kbits/sec  3.098 ms  3/89 (3.4%)  
[  8] 167.00-168.00 sec   123 KBytes  1.01 Mbits/sec  1.903 ms  0/90 (0%)  
[  8] 168.00-169.00 sec   122 KBytes   997 Kbits/sec  3.255 ms  0/89 (0%)  
[  8] 169.00-170.00 sec   123 KBytes  1.01 Mbits/sec  3.736 ms  0/90 (0%)  
[  8] 170.00-171.00 sec   119 KBytes   974 Kbits/sec  3.505 ms  0/87 (0%)  
[  8] 171.00-172.01 sec   118 KBytes   958 Kbits/sec  3.802 ms  6/92 (6.5%)  
[  8] 172.01-173.00 sec   116 KBytes   957 Kbits/sec  3.617 ms  3/88 (3.4%)  
[  8] 173.00-174.00 sec   123 KBytes  1.01 Mbits/sec  2.560 ms  0/90 (0%)  
[  8] 174.00-175.00 sec   120 KBytes   986 Kbits/sec  3.168 ms  0/88 (0%)  
[  8] 175.00-176.00 sec   122 KBytes   997 Kbits/sec  2.479 ms  1/90 (1.1%)  
[  8] 176.00-177.00 sec   119 KBytes   974 Kbits/sec  4.359 ms  2/89 (2.2%)  
[  8] 177.00-178.00 sec   120 KBytes   986 Kbits/sec  2.813 ms  2/90 (2.2%)  
[  8] 178.00-179.00 sec   118 KBytes   963 Kbits/sec  3.245 ms  3/89 (3.4%)  
[  8] 179.00-180.00 sec   116 KBytes   952 Kbits/sec  5.393 ms  3/88 (3.4%)  
[  8] 180.00-181.00 sec   122 KBytes   997 Kbits/sec  4.254 ms  2/91 (2.2%)  
[  8] 181.00-182.00 sec   116 KBytes   952 Kbits/sec  3.612 ms  4/89 (4.5%)  
[  8] 182.00-183.00 sec   120 KBytes   986 Kbits/sec  3.227 ms  1/89 (1.1%)  
[  8] 183.00-184.00 sec   122 KBytes   996 Kbits/sec  2.182 ms  1/90 (1.1%)  
[  8] 184.00-185.00 sec   119 KBytes   975 Kbits/sec  4.957 ms  1/88 (1.1%)  
[  8] 185.00-186.00 sec   119 KBytes   974 Kbits/sec  3.112 ms  2/89 (2.2%)  
[  8] 186.00-187.00 sec   109 KBytes   896 Kbits/sec  4.582 ms  10/90 (11%)  
[  8] 187.00-188.00 sec   118 KBytes   963 Kbits/sec  3.309 ms  3/89 (3.4%)  
[  8] 188.00-189.00 sec   118 KBytes   963 Kbits/sec  2.898 ms  3/89 (3.4%)  
[  8] 189.00-190.00 sec   123 KBytes  1.01 Mbits/sec  3.113 ms  0/90 (0%)  
[  8] 190.00-191.00 sec   122 KBytes   997 Kbits/sec  2.419 ms  0/89 (0%)  
[  8] 191.00-192.00 sec   120 KBytes   986 Kbits/sec  2.448 ms  1/89 (1.1%)  
[  8] 192.00-193.00 sec   123 KBytes  1.01 Mbits/sec  3.590 ms  1/91 (1.1%)  
[  8] 193.00-194.00 sec   116 KBytes   955 Kbits/sec  3.841 ms  3/88 (3.4%)  
[  8] 194.00-195.00 sec   120 KBytes   986 Kbits/sec  2.599 ms  1/89 (1.1%)  
[  8] 195.00-196.00 sec   120 KBytes   986 Kbits/sec  3.276 ms  2/90 (2.2%)  
[  8] 196.00-197.00 sec   119 KBytes   974 Kbits/sec  3.063 ms  2/89 (2.2%)  
[  8] 197.00-198.00 sec   115 KBytes   941 Kbits/sec  3.290 ms  5/89 (5.6%)  
[  8] 198.00-199.00 sec   119 KBytes   974 Kbits/sec  2.066 ms  3/90 (3.3%)  
[  8] 199.00-200.00 sec   122 KBytes   997 Kbits/sec  1.874 ms  0/89 (0%)  
[  8] 200.00-201.00 sec   118 KBytes   963 Kbits/sec  3.881 ms  3/89 (3.4%)  
[  8] 201.00-202.00 sec   122 KBytes   997 Kbits/sec  3.515 ms  0/89 (0%)  
[  8] 202.00-203.00 sec   122 KBytes   997 Kbits/sec  3.505 ms  1/90 (1.1%)  
[  8] 203.00-204.00 sec   123 KBytes  1.01 Mbits/sec  1.979 ms  0/90 (0%)  
[  8] 204.00-205.00 sec   122 KBytes   996 Kbits/sec  3.258 ms  0/89 (0%)  
[  8] 205.00-206.00 sec   120 KBytes   987 Kbits/sec  2.324 ms  1/89 (1.1%)  
[  8] 206.00-207.00 sec   119 KBytes   974 Kbits/sec  3.556 ms  2/89 (2.2%)  
[  8] 207.00-208.00 sec   120 KBytes   986 Kbits/sec  2.421 ms  1/89 (1.1%)  
[  8] 208.00-209.00 sec   123 KBytes  1.01 Mbits/sec  2.123 ms  0/90 (0%)  
[  8] 209.00-210.00 sec   120 KBytes   986 Kbits/sec  2.845 ms  1/89 (1.1%)  
[  8] 210.00-211.00 sec   120 KBytes   986 Kbits/sec  1.398 ms  1/89 (1.1%)  
[  8] 211.00-212.00 sec   120 KBytes   986 Kbits/sec  2.145 ms  2/90 (2.2%)  
[  8] 212.00-213.00 sec   122 KBytes   997 Kbits/sec  2.134 ms  0/89 (0%)  
[  8] 213.00-214.00 sec   120 KBytes   985 Kbits/sec  3.632 ms  1/89 (1.1%)  
[  8] 214.00-215.00 sec   122 KBytes   997 Kbits/sec  2.350 ms  0/89 (0%)  
[  8] 215.00-216.00 sec   122 KBytes   995 Kbits/sec  3.652 ms  0/89 (0%)  
[  8] 216.00-217.00 sec   122 KBytes   998 Kbits/sec  3.808 ms  1/90 (1.1%)  
[  8] 217.00-218.00 sec   120 KBytes   986 Kbits/sec  4.902 ms  1/89 (1.1%)  
[  8] 218.00-219.00 sec   122 KBytes   996 Kbits/sec  4.584 ms  1/90 (1.1%)  
[  8] 219.00-220.00 sec   122 KBytes   997 Kbits/sec  2.349 ms  0/89 (0%)  
[  8] 220.00-221.00 sec   122 KBytes   997 Kbits/sec  2.775 ms  0/89 (0%)  
[  8] 221.00-222.00 sec   122 KBytes   997 Kbits/sec  2.060 ms  0/89 (0%)  
[  8] 222.00-223.00 sec   123 KBytes  1.01 Mbits/sec  2.101 ms  0/90 (0%)  
[  8] 223.00-224.00 sec   122 KBytes   997 Kbits/sec  1.445 ms  0/89 (0%)  
[  8] 224.00-225.00 sec   122 KBytes   997 Kbits/sec  2.003 ms  0/89 (0%)  
[  8] 225.00-226.00 sec   118 KBytes   963 Kbits/sec  4.595 ms  4/90 (4.4%)  
[  8] 226.00-227.00 sec   118 KBytes   963 Kbits/sec  5.355 ms  2/88 (2.3%)  
[  8] 227.00-228.00 sec   120 KBytes   986 Kbits/sec  1.828 ms  2/90 (2.2%)  
[  8] 228.00-229.00 sec   122 KBytes   997 Kbits/sec  1.530 ms  0/89 (0%)  
[  8] 229.00-230.00 sec   123 KBytes  1.01 Mbits/sec  2.766 ms  0/90 (0%)  
[  8] 230.00-231.00 sec   122 KBytes   997 Kbits/sec  3.680 ms  0/89 (0%)  
[  8] 231.00-232.00 sec   122 KBytes   997 Kbits/sec  2.407 ms  0/89 (0%)  
[  8] 232.00-233.00 sec   123 KBytes  1.01 Mbits/sec  1.875 ms  0/90 (0%)  
[  8] 233.00-234.00 sec   122 KBytes   997 Kbits/sec  2.766 ms  0/89 (0%)  
[  8] 234.00-235.00 sec   122 KBytes   997 Kbits/sec  2.155 ms  0/89 (0%)  
[  8] 235.00-236.00 sec   122 KBytes   997 Kbits/sec  1.791 ms  0/89 (0%)  
[  8] 236.00-237.00 sec   123 KBytes  1.01 Mbits/sec  1.393 ms  0/90 (0%)  
[  8] 237.00-238.00 sec   120 KBytes   985 Kbits/sec  2.072 ms  1/89 (1.1%)  
[  8] 238.00-239.00 sec   119 KBytes   974 Kbits/sec  2.450 ms  2/89 (2.2%)  
[  8] 239.00-240.00 sec   122 KBytes   997 Kbits/sec  2.136 ms  0/89 (0%)  
[  8] 240.00-240.00 sec  1.37 KBytes  5.28 Mbits/sec  2.042 ms  0/1 (0%)  
- - - - - - - - - - - - - - - - - - - - - - - - -
[ ID] Interval           Transfer     Bitrate         Jitter    Lost/Total Datagrams
[  8]   0.00-240.00 sec  28.0 MBytes   980 Kbits/sec  2.042 ms  434/21429 (2%)  receiver
