-----------------------------------------------------------
Server listening on 5201 (test #1)
-----------------------------------------------------------
Accepted connection from 10.0.0.93, port 35834
[  8] local 10.0.0.125 port 5201 connected to 10.0.0.93 port 42121
[ ID] Interval           Transfer     Bitrate         Jitter    Lost/Total Datagrams
[  8]   0.00-1.00   sec   606 KBytes  4.96 Mbits/sec  1.064 ms  0/443 (0%)  
[  8]   1.00-2.00   sec   614 KBytes  5.03 Mbits/sec  1.350 ms  0/449 (0%)  
[  8]   2.00-3.00   sec   606 KBytes  4.96 Mbits/sec  1.351 ms  0/443 (0%)  
[  8]   3.00-4.00   sec   614 KBytes  5.03 Mbits/sec  1.756 ms  0/449 (0%)  
[  8]   4.00-5.00   sec   610 KBytes  5.00 Mbits/sec  1.518 ms  0/446 (0%)  
[  8]   5.00-6.00   sec   608 KBytes  4.98 Mbits/sec  2.034 ms  0/445 (0%)  
[  8]   6.00-7.00   sec   611 KBytes  5.01 Mbits/sec  1.756 ms  0/447 (0%)  
[  8]   7.00-8.00   sec   614 KBytes  5.02 Mbits/sec  1.058 ms  0/449 (0%)  
[  8]   8.00-9.00   sec   607 KBytes  4.98 Mbits/sec  1.250 ms  2/446 (0.45%)  
[  8]   9.00-10.00  sec   610 KBytes  5.00 Mbits/sec  1.840 ms  0/446 (0%)  
[  8]  10.00-11.00  sec   611 KBytes  5.01 Mbits/sec  1.156 ms  0/447 (0%)  
[  8]  11.00-12.00  sec   610 KBytes  5.00 Mbits/sec  0.814 ms  0/446 (0%)  
[  8]  12.00-13.00  sec   610 KBytes  5.00 Mbits/sec  1.082 ms  0/446 (0%)  
[  8]  13.00-14.00  sec   611 KBytes  5.01 Mbits/sec  1.411 ms  0/447 (0%)  
[  8]  14.00-15.00  sec   610 KBytes  4.99 Mbits/sec  1.646 ms  0/446 (0%)  
[  8]  15.00-16.00  sec   607 KBytes  4.98 Mbits/sec  2.247 ms  0/444 (0%)  
[  8]  16.00-17.00  sec   608 KBytes  4.97 Mbits/sec  2.395 ms  2/447 (0.45%)  
[  8]  17.00-18.00  sec   614 KBytes  5.03 Mbits/sec  2.223 ms  0/449 (0%)  
[  8]  18.00-19.00  sec   608 KBytes  4.99 Mbits/sec  2.113 ms  0/445 (0%)  
[  8]  19.00-20.00  sec   602 KBytes  4.93 Mbits/sec  2.939 ms  0/440 (0%)  
[  8]  20.00-21.00  sec   619 KBytes  5.07 Mbits/sec  2.178 ms  0/453 (0%)  
[  8]  21.00-22.00  sec   608 KBytes  4.98 Mbits/sec  2.452 ms  0/445 (0%)  
[  8]  22.00-23.00  sec   610 KBytes  4.99 Mbits/sec  1.975 ms  1/447 (0.22%)  
[  8]  23.00-24.00  sec   607 KBytes  4.97 Mbits/sec  2.150 ms  4/448 (0.89%)  
[  8]  24.00-25.00  sec   610 KBytes  4.99 Mbits/sec  1.143 ms  0/446 (0%)  
[  8]  25.00-26.00  sec   604 KBytes  4.96 Mbits/sec  1.221 ms  2/444 (0.45%)  
[  8]  26.00-27.00  sec   614 KBytes  5.03 Mbits/sec  1.454 ms  0/449 (0%)  
[  8]  27.00-28.00  sec   608 KBytes  4.98 Mbits/sec  1.632 ms  0/445 (0%)  
[  8]  28.00-29.00  sec   614 KBytes  5.03 Mbits/sec  1.132 ms  0/449 (0%)  
[  8]  29.00-30.00  sec   600 KBytes  4.92 Mbits/sec  1.786 ms  5/444 (1.1%)  
[  8]  30.00-31.00  sec   612 KBytes  5.02 Mbits/sec  1.355 ms  0/448 (0%)  
[  8]  31.00-32.00  sec   593 KBytes  4.86 Mbits/sec  1.762 ms  6/440 (1.4%)  
[  8]  32.00-33.00  sec   611 KBytes  5.01 Mbits/sec  1.080 ms  6/453 (1.3%)  
[  8]  33.00-34.00  sec   603 KBytes  4.94 Mbits/sec  1.633 ms  4/445 (0.9%)  
[  8]  34.00-35.00  sec   612 KBytes  5.02 Mbits/sec  1.318 ms  0/448 (0%)  
[  8]  35.00-36.00  sec   610 KBytes  5.00 Mbits/sec  1.378 ms  0/446 (0%)  
[  8]  36.00-37.00  sec   610 KBytes  5.00 Mbits/sec  2.298 ms  0/446 (0%)  
[  8]  37.00-38.00  sec   612 KBytes  5.02 Mbits/sec  1.663 ms  0/448 (0%)  
[  8]  38.00-39.00  sec   608 KBytes  4.98 Mbits/sec  1.215 ms  0/445 (0%)  
[  8]  39.00-40.00  sec   611 KBytes  5.01 Mbits/sec  1.074 ms  0/447 (0%)  
[  8]  40.00-41.00  sec   611 KBytes  5.01 Mbits/sec  1.437 ms  0/447 (0%)  
[  8]  41.00-42.00  sec   610 KBytes  5.00 Mbits/sec  1.773 ms  0/446 (0%)  
[  8]  42.00-43.00  sec   607 KBytes  4.97 Mbits/sec  1.871 ms  2/446 (0.45%)  
[  8]  43.00-44.00  sec   611 KBytes  5.01 Mbits/sec  2.243 ms  0/447 (0%)  
[  8]  44.00-45.00  sec   610 KBytes  5.00 Mbits/sec  2.501 ms  0/446 (0%)  
[  8]  45.00-46.00  sec   610 KBytes  5.00 Mbits/sec  2.086 ms  0/446 (0%)  
[  8]  46.00-47.00  sec   610 KBytes  5.00 Mbits/sec  1.644 ms  0/446 (0%)  
[  8]  47.00-48.00  sec   610 KBytes  5.00 Mbits/sec  0.923 ms  0/446 (0%)  
[  8]  48.00-49.00  sec   612 KBytes  5.02 Mbits/sec  2.043 ms  0/448 (0%)  
[  8]  49.00-50.00  sec   607 KBytes  4.97 Mbits/sec  1.731 ms  0/444 (0%)  
[  8]  50.00-51.00  sec   608 KBytes  4.98 Mbits/sec  1.704 ms  0/445 (0%)  
[  8]  51.00-52.00  sec   606 KBytes  4.96 Mbits/sec  1.337 ms  5/448 (1.1%)  
[  8]  52.00-53.00  sec   602 KBytes  4.93 Mbits/sec  2.189 ms  4/444 (0.9%)  
[  8]  53.00-54.00  sec   596 KBytes  4.88 Mbits/sec  2.247 ms  12/448 (2.7%)  
[  8]  54.00-55.00  sec   612 KBytes  5.02 Mbits/sec  1.494 ms  0/448 (0%)  
[  8]  55.00-56.00  sec   611 KBytes  5.01 Mbits/sec  1.460 ms  0/447 (0%)  
[  8]  56.00-57.00  sec   607 KBytes  4.97 Mbits/sec  2.104 ms  1/445 (0.22%)  
[  8]  57.00-58.00  sec   610 KBytes  5.00 Mbits/sec  1.819 ms  2/448 (0.45%)  
[  8]  58.00-59.00  sec   608 KBytes  4.98 Mbits/sec  1.701 ms  2/447 (0.45%)  
[  8]  59.00-60.00  sec   608 KBytes  4.98 Mbits/sec  2.572 ms  0/445 (0%)  
[  8]  60.00-61.00  sec   610 KBytes  5.00 Mbits/sec  2.366 ms  0/446 (0%)  
[  8]  61.00-62.00  sec   608 KBytes  4.98 Mbits/sec  1.400 ms  1/446 (0.22%)  
[  8]  62.00-63.00  sec   614 KBytes  5.03 Mbits/sec  1.232 ms  0/449 (0%)  
[  8]  63.00-64.00  sec   607 KBytes  4.97 Mbits/sec  1.691 ms  0/444 (0%)  
[  8]  64.00-65.00  sec   606 KBytes  4.96 Mbits/sec  1.265 ms  3/446 (0.67%)  
[  8]  65.00-66.00  sec   610 KBytes  5.00 Mbits/sec  1.785 ms  2/448 (0.45%)  
[  8]  66.00-67.00  sec   597 KBytes  4.89 Mbits/sec  2.211 ms  10/447 (2.2%)  
[  8]  67.00-68.00  sec   589 KBytes  4.83 Mbits/sec  1.712 ms  14/445 (3.1%)  
[  8]  68.00-69.00  sec   612 KBytes  5.02 Mbits/sec  1.714 ms  0/448 (0%)  
[  8]  69.00-70.00  sec   611 KBytes  5.01 Mbits/sec  0.956 ms  0/447 (0%)  
[  8]  70.00-71.00  sec   607 KBytes  4.97 Mbits/sec  1.884 ms  0/444 (0%)  
[  8]  71.00-72.00  sec   610 KBytes  5.00 Mbits/sec  1.240 ms  1/447 (0.22%)  
[  8]  72.00-73.00  sec   599 KBytes  4.91 Mbits/sec  1.744 ms  9/447 (2%)  
[  8]  73.00-74.00  sec   584 KBytes  4.78 Mbits/sec  1.192 ms  19/446 (4.3%)  
[  8]  74.00-75.00  sec   612 KBytes  5.02 Mbits/sec  0.851 ms  0/448 (0%)  
[  8]  75.00-76.00  sec   608 KBytes  4.98 Mbits/sec  1.778 ms  0/445 (0%)  
[  8]  76.00-77.00  sec   611 KBytes  5.01 Mbits/sec  1.427 ms  1/448 (0.22%)  
[  8]  77.00-78.00  sec   596 KBytes  4.88 Mbits/sec  1.434 ms  10/446 (2.2%)  
[  8]  78.00-79.00  sec   591 KBytes  4.84 Mbits/sec  1.904 ms  8/440 (1.8%)  
[  8]  79.00-80.00  sec   611 KBytes  5.01 Mbits/sec  1.253 ms  5/452 (1.1%)  
[  8]  80.00-81.00  sec   596 KBytes  4.88 Mbits/sec  2.777 ms  7/443 (1.6%)  
[  8]  81.00-82.00  sec   592 KBytes  4.85 Mbits/sec  2.218 ms  15/448 (3.3%)  
[  8]  82.00-83.00  sec   592 KBytes  4.85 Mbits/sec  1.771 ms  13/446 (2.9%)  
[  8]  83.00-84.00  sec   604 KBytes  4.94 Mbits/sec  1.815 ms  6/448 (1.3%)  
[  8]  84.00-85.00  sec   610 KBytes  5.01 Mbits/sec  1.376 ms  2/448 (0.45%)  
[  8]  85.00-86.00  sec   606 KBytes  4.96 Mbits/sec  2.040 ms  1/444 (0.23%)  
[  8]  86.00-87.00  sec   600 KBytes  4.92 Mbits/sec  1.772 ms  7/446 (1.6%)  
[  8]  87.00-88.00  sec   597 KBytes  4.89 Mbits/sec  2.306 ms  8/445 (1.8%)  
[  8]  88.00-89.00  sec   596 KBytes  4.89 Mbits/sec  1.443 ms  14/450 (3.1%)  
[  8]  89.00-90.00  sec   607 KBytes  4.97 Mbits/sec  1.879 ms  0/444 (0%)  
[  8]  90.00-91.00  sec   612 KBytes  5.02 Mbits/sec  1.731 ms  0/448 (0%)  
[  8]  91.00-92.00  sec   596 KBytes  4.88 Mbits/sec  1.918 ms  4/440 (0.91%)  
[  8]  92.00-93.00  sec   603 KBytes  4.94 Mbits/sec  2.774 ms  9/450 (2%)  
[  8]  93.00-94.00  sec   615 KBytes  5.04 Mbits/sec  1.583 ms  0/450 (0%)  
[  8]  94.00-95.00  sec   606 KBytes  4.96 Mbits/sec  1.702 ms  2/445 (0.45%)  
[  8]  95.00-96.00  sec   612 KBytes  5.02 Mbits/sec  0.961 ms  0/448 (0%)  
[  8]  96.00-97.00  sec   597 KBytes  4.89 Mbits/sec  2.192 ms  7/444 (1.6%)  
[  8]  97.00-98.00  sec   607 KBytes  4.97 Mbits/sec  2.561 ms  6/450 (1.3%)  
[  8]  98.00-99.00  sec   603 KBytes  4.93 Mbits/sec  2.064 ms  4/445 (0.9%)  
[  8]  99.00-100.00 sec   608 KBytes  4.99 Mbits/sec  2.083 ms  0/445 (0%)  
[  8] 100.00-101.00 sec   606 KBytes  4.96 Mbits/sec  1.502 ms  3/446 (0.67%)  
[  8] 101.00-102.00 sec   612 KBytes  5.02 Mbits/sec  0.891 ms  1/449 (0.22%)  
[  8] 102.00-103.00 sec   600 KBytes  4.92 Mbits/sec  2.342 ms  7/446 (1.6%)  
[  8] 103.00-104.00 sec   603 KBytes  4.94 Mbits/sec  2.234 ms  3/444 (0.68%)  
[  8] 104.00-105.00 sec   607 KBytes  4.97 Mbits/sec  1.254 ms  4/448 (0.89%)  
[  8] 105.00-106.00 sec   614 KBytes  5.03 Mbits/sec  1.819 ms  0/449 (0%)  
[  8] 106.00-107.00 sec   591 KBytes  4.84 Mbits/sec  2.029 ms  10/442 (2.3%)  
[  8] 107.00-108.00 sec   599 KBytes  4.91 Mbits/sec  1.586 ms  8/446 (1.8%)  
[  8] 108.00-109.01 sec   614 KBytes  4.99 Mbits/sec  2.115 ms  3/452 (0.66%)  
[  8] 109.01-110.00 sec   606 KBytes  5.00 Mbits/sec  1.547 ms  0/443 (0%)  
[  8] 110.00-111.00 sec   614 KBytes  5.03 Mbits/sec  1.731 ms  0/449 (0%)  
[  8] 111.00-112.00 sec   607 KBytes  4.97 Mbits/sec  1.500 ms  0/444 (0%)  
[  8] 112.00-113.00 sec   602 KBytes  4.93 Mbits/sec  2.044 ms  7/447 (1.6%)  
[  8] 113.00-114.00 sec   606 KBytes  4.96 Mbits/sec  1.551 ms  5/448 (1.1%)  
[  8] 114.00-115.00 sec   608 KBytes  4.98 Mbits/sec  1.115 ms  2/447 (0.45%)  
[  8] 115.00-116.00 sec   599 KBytes  4.91 Mbits/sec  2.089 ms  6/444 (1.4%)  
[  8] 116.00-117.00 sec   596 KBytes  4.88 Mbits/sec  2.021 ms  10/446 (2.2%)  
[  8] 117.00-118.00 sec   611 KBytes  5.01 Mbits/sec  1.428 ms  2/449 (0.45%)  
[  8] 118.00-119.00 sec   606 KBytes  4.96 Mbits/sec  1.583 ms  4/447 (0.89%)  
[  8] 119.00-120.00 sec   608 KBytes  4.98 Mbits/sec  1.411 ms  0/445 (0%)  
[  8] 120.00-121.00 sec   608 KBytes  4.98 Mbits/sec  2.290 ms  0/445 (0%)  
[  8] 121.00-122.00 sec   606 KBytes  4.96 Mbits/sec  2.216 ms  1/444 (0.23%)  
[  8] 122.00-123.00 sec   617 KBytes  5.05 Mbits/sec  1.392 ms  0/451 (0%)  
[  8] 123.00-124.00 sec   610 KBytes  5.00 Mbits/sec  2.340 ms  0/446 (0%)  
[  8] 124.00-125.00 sec   611 KBytes  5.01 Mbits/sec  1.624 ms  0/447 (0%)  
[  8] 125.00-126.00 sec   608 KBytes  4.98 Mbits/sec  2.003 ms  0/445 (0%)  
[  8] 126.00-127.00 sec   612 KBytes  5.02 Mbits/sec  0.746 ms  0/448 (0%)  
[  8] 127.00-128.00 sec   604 KBytes  4.95 Mbits/sec  1.753 ms  0/442 (0%)  
[  8] 128.00-129.00 sec   614 KBytes  5.03 Mbits/sec  2.528 ms  0/449 (0%)  
[  8] 129.00-130.00 sec   612 KBytes  5.02 Mbits/sec  1.384 ms  0/448 (0%)  
[  8] 130.00-131.00 sec   608 KBytes  4.98 Mbits/sec  1.134 ms  0/445 (0%)  
[  8] 131.00-132.00 sec   607 KBytes  4.97 Mbits/sec  1.612 ms  1/445 (0.22%)  
[  8] 132.00-133.00 sec   608 KBytes  4.98 Mbits/sec  1.913 ms  2/447 (0.45%)  
[  8] 133.00-134.00 sec   604 KBytes  4.95 Mbits/sec  2.465 ms  4/446 (0.9%)  
[  8] 134.00-135.00 sec   610 KBytes  5.00 Mbits/sec  2.194 ms  0/446 (0%)  
[  8] 135.00-136.00 sec   610 KBytes  5.00 Mbits/sec  1.763 ms  3/449 (0.67%)  
[  8] 136.00-137.00 sec   607 KBytes  4.97 Mbits/sec  1.628 ms  2/446 (0.45%)  
[  8] 137.00-138.00 sec   603 KBytes  4.94 Mbits/sec  1.231 ms  6/447 (1.3%)  
[  8] 138.00-139.00 sec   608 KBytes  4.97 Mbits/sec  1.828 ms  0/445 (0%)  
[  8] 139.00-140.00 sec   607 KBytes  4.98 Mbits/sec  1.169 ms  0/444 (0%)  
[  8] 140.00-141.00 sec   592 KBytes  4.84 Mbits/sec  2.531 ms  0/433 (0%)  
[  8] 141.00-142.00 sec   612 KBytes  5.03 Mbits/sec  1.855 ms  2/450 (0.44%)  
[  8] 142.00-143.00 sec   544 KBytes  4.46 Mbits/sec  2.336 ms  0/398 (0%)  
[  8] 143.00-144.00 sec   611 KBytes  5.01 Mbits/sec  2.247 ms  52/499 (10%)  
[  8] 144.00-145.00 sec   621 KBytes  5.08 Mbits/sec  1.445 ms  2/456 (0.44%)  
[  8] 145.00-146.00 sec   606 KBytes  4.96 Mbits/sec  1.656 ms  4/447 (0.89%)  
[  8] 146.00-147.00 sec   602 KBytes  4.93 Mbits/sec  1.513 ms  6/446 (1.3%)  
[  8] 147.00-148.00 sec   602 KBytes  4.93 Mbits/sec  0.819 ms  5/445 (1.1%)  
[  8] 148.00-149.00 sec   607 KBytes  4.97 Mbits/sec  1.989 ms  0/444 (0%)  
[  8] 149.00-150.00 sec   612 KBytes  5.02 Mbits/sec  1.863 ms  0/448 (0%)  
[  8] 150.00-151.00 sec   606 KBytes  4.95 Mbits/sec  1.698 ms  3/446 (0.67%)  
[  8] 151.00-152.00 sec   612 KBytes  5.03 Mbits/sec  1.638 ms  0/448 (0%)  
[  8] 152.00-153.00 sec   606 KBytes  4.95 Mbits/sec  2.113 ms  2/445 (0.45%)  
[  8] 153.00-154.00 sec   607 KBytes  4.98 Mbits/sec  2.398 ms  4/448 (0.89%)  
[  8] 154.00-155.00 sec   611 KBytes  5.01 Mbits/sec  1.298 ms  0/447 (0%)  
[  8] 155.00-156.00 sec   610 KBytes  5.00 Mbits/sec  1.371 ms  0/446 (0%)  
[  8] 156.00-157.00 sec   591 KBytes  4.84 Mbits/sec  1.072 ms  16/448 (3.6%)  
[  8] 157.00-158.00 sec   600 KBytes  4.92 Mbits/sec  1.626 ms  6/445 (1.3%)  
[  8] 158.00-159.00 sec   604 KBytes  4.95 Mbits/sec  1.796 ms  3/445 (0.67%)  
[  8] 159.00-160.00 sec   610 KBytes  5.00 Mbits/sec  1.665 ms  0/446 (0%)  
[  8] 160.00-161.00 sec   614 KBytes  5.03 Mbits/sec  1.185 ms  0/449 (0%)  
[  8] 161.00-162.00 sec   606 KBytes  4.96 Mbits/sec  1.335 ms  1/444 (0.23%)  
[  8] 162.00-163.00 sec   614 KBytes  5.03 Mbits/sec  1.828 ms  0/449 (0%)  
[  8] 163.00-164.00 sec   607 KBytes  4.97 Mbits/sec  1.923 ms  0/444 (0%)  
[  8] 164.00-165.00 sec   610 KBytes  5.00 Mbits/sec  1.791 ms  1/447 (0.22%)  
[  8] 165.00-166.00 sec   595 KBytes  4.87 Mbits/sec  1.423 ms  11/446 (2.5%)  
[  8] 166.00-167.00 sec   599 KBytes  4.90 Mbits/sec  1.226 ms  10/448 (2.2%)  
[  8] 167.00-168.00 sec   611 KBytes  5.01 Mbits/sec  0.747 ms  0/447 (0%)  
[  8] 168.00-169.00 sec   608 KBytes  4.98 Mbits/sec  1.503 ms  0/445 (0%)  
[  8] 169.00-170.00 sec   611 KBytes  5.01 Mbits/sec  1.577 ms  0/447 (0%)  
[  8] 170.00-171.00 sec   603 KBytes  4.94 Mbits/sec  1.964 ms  0/441 (0%)  
[  8] 171.00-172.00 sec   597 KBytes  4.89 Mbits/sec  1.264 ms  13/450 (2.9%)  
[  8] 172.00-173.00 sec   602 KBytes  4.92 Mbits/sec  2.321 ms  8/448 (1.8%)  
[  8] 173.00-174.00 sec   607 KBytes  4.97 Mbits/sec  1.791 ms  1/445 (0.22%)  
[  8] 174.00-175.00 sec   611 KBytes  5.02 Mbits/sec  2.209 ms  0/447 (0%)  
[  8] 175.00-176.00 sec   611 KBytes  5.01 Mbits/sec  1.482 ms  0/447 (0%)  
[  8] 176.00-177.00 sec   593 KBytes  4.86 Mbits/sec  2.191 ms  14/448 (3.1%)  
[  8] 177.00-178.00 sec   599 KBytes  4.91 Mbits/sec  1.158 ms  8/446 (1.8%)  
[  8] 178.00-179.00 sec   574 KBytes  4.70 Mbits/sec  2.116 ms  25/445 (5.6%)  
[  8] 179.00-180.00 sec   593 KBytes  4.86 Mbits/sec  1.637 ms  7/441 (1.6%)  
[  8] 180.00-181.00 sec   607 KBytes  4.97 Mbits/sec  1.613 ms  7/451 (1.6%)  
[  8] 181.00-182.00 sec   599 KBytes  4.91 Mbits/sec  1.877 ms  6/444 (1.4%)  
[  8] 182.00-183.00 sec   600 KBytes  4.92 Mbits/sec  1.419 ms  12/451 (2.7%)  
[  8] 183.00-184.00 sec   604 KBytes  4.95 Mbits/sec  0.889 ms  5/447 (1.1%)  
[  8] 184.00-185.00 sec   606 KBytes  4.96 Mbits/sec  2.291 ms  2/445 (0.45%)  
[  8] 185.00-186.00 sec   602 KBytes  4.93 Mbits/sec  2.442 ms  5/445 (1.1%)  
[  8] 186.00-187.00 sec   593 KBytes  4.86 Mbits/sec  1.761 ms  14/448 (3.1%)  
[  8] 187.00-188.00 sec   602 KBytes  4.93 Mbits/sec  1.775 ms  7/447 (1.6%)  
[  8] 188.00-189.00 sec   610 KBytes  4.99 Mbits/sec  1.833 ms  0/446 (0%)  
[  8] 189.00-190.00 sec   607 KBytes  4.97 Mbits/sec  1.808 ms  0/444 (0%)  
[  8] 190.00-191.00 sec   612 KBytes  5.02 Mbits/sec  1.290 ms  0/448 (0%)  
[  8] 191.00-192.00 sec   606 KBytes  4.96 Mbits/sec  1.459 ms  5/448 (1.1%)  
[  8] 192.00-193.00 sec   604 KBytes  4.95 Mbits/sec  1.129 ms  5/447 (1.1%)  
[  8] 193.00-194.00 sec   600 KBytes  4.92 Mbits/sec  2.507 ms  3/442 (0.68%)  
[  8] 194.00-195.00 sec   617 KBytes  5.05 Mbits/sec  0.722 ms  0/451 (0%)  
[  8] 195.00-196.00 sec   603 KBytes  4.94 Mbits/sec  2.183 ms  4/445 (0.9%)  
[  8] 196.00-197.00 sec   608 KBytes  4.98 Mbits/sec  1.177 ms  2/447 (0.45%)  
[  8] 197.00-198.00 sec   584 KBytes  4.78 Mbits/sec  1.572 ms  18/445 (4%)  
[  8] 198.00-199.00 sec   608 KBytes  4.98 Mbits/sec  1.392 ms  2/447 (0.45%)  
[  8] 199.00-200.00 sec   611 KBytes  5.01 Mbits/sec  0.916 ms  0/447 (0%)  
[  8] 200.00-201.00 sec   600 KBytes  4.92 Mbits/sec  1.826 ms  8/447 (1.8%)  
[  8] 201.00-202.00 sec   603 KBytes  4.94 Mbits/sec  1.259 ms  4/445 (0.9%)  
[  8] 202.00-203.00 sec   608 KBytes  4.98 Mbits/sec  1.792 ms  1/447 (0.22%)  
[  8] 203.00-204.00 sec   611 KBytes  5.01 Mbits/sec  0.440 ms  0/447 (0%)  
[  8] 204.00-205.00 sec   608 KBytes  4.98 Mbits/sec  1.538 ms  0/445 (0%)  
[  8] 205.00-206.00 sec   610 KBytes  5.00 Mbits/sec  1.372 ms  1/447 (0.22%)  
[  8] 206.00-207.00 sec   608 KBytes  4.98 Mbits/sec  1.707 ms  0/445 (0%)  
[  8] 207.00-208.00 sec   614 KBytes  5.03 Mbits/sec  0.924 ms  0/449 (0%)  
[  8] 208.00-209.00 sec   611 KBytes  5.01 Mbits/sec  1.602 ms  0/447 (0%)  
[  8] 209.00-210.00 sec   604 KBytes  4.95 Mbits/sec  1.357 ms  3/445 (0.67%)  
[  8] 210.00-211.00 sec   610 KBytes  5.00 Mbits/sec  0.852 ms  0/446 (0%)  
[  8] 211.00-212.00 sec   610 KBytes  4.99 Mbits/sec  1.652 ms  1/447 (0.22%)  
[  8] 212.00-213.00 sec   611 KBytes  5.01 Mbits/sec  1.405 ms  0/447 (0%)  
[  8] 213.00-214.00 sec   608 KBytes  4.98 Mbits/sec  2.377 ms  0/445 (0%)  
[  8] 214.00-215.00 sec   608 KBytes  4.98 Mbits/sec  2.417 ms  0/445 (0%)  
[  8] 215.00-216.00 sec   611 KBytes  5.01 Mbits/sec  2.389 ms  0/447 (0%)  
[  8] 216.00-217.00 sec   614 KBytes  5.03 Mbits/sec  1.689 ms  0/449 (0%)  
[  8] 217.00-218.00 sec   600 KBytes  4.92 Mbits/sec  2.071 ms  3/442 (0.68%)  
[  8] 218.00-219.00 sec   614 KBytes  5.03 Mbits/sec  1.888 ms  0/449 (0%)  
[  8] 219.00-220.00 sec   612 KBytes  5.02 Mbits/sec  1.390 ms  0/448 (0%)  
[  8] 220.00-221.00 sec   608 KBytes  4.98 Mbits/sec  1.347 ms  0/445 (0%)  
[  8] 221.00-222.00 sec   611 KBytes  5.01 Mbits/sec  2.086 ms  0/447 (0%)  
[  8] 222.00-223.00 sec   612 KBytes  5.02 Mbits/sec  1.179 ms  0/448 (0%)  
[  8] 223.00-224.00 sec   610 KBytes  5.00 Mbits/sec  1.433 ms  0/446 (0%)  
[  8] 224.00-225.00 sec   603 KBytes  4.94 Mbits/sec  1.812 ms  0/441 (0%)  
[  8] 225.00-226.00 sec   617 KBytes  5.05 Mbits/sec  2.161 ms  0/451 (0%)  
[  8] 226.00-227.00 sec   602 KBytes  4.93 Mbits/sec  3.170 ms  0/440 (0%)  
[  8] 227.00-228.00 sec   621 KBytes  5.08 Mbits/sec  1.425 ms  0/454 (0%)  
[  8] 228.00-229.00 sec   610 KBytes  5.00 Mbits/sec  1.438 ms  0/446 (0%)  
[  8] 229.00-230.00 sec   608 KBytes  4.98 Mbits/sec  2.145 ms  0/445 (0%)  
[  8] 230.00-231.00 sec   611 KBytes  5.01 Mbits/sec  1.714 ms  0/447 (0%)  
[  8] 231.00-232.00 sec   611 KBytes  5.01 Mbits/sec  0.482 ms  0/447 (0%)  
[  8] 232.00-233.00 sec   611 KBytes  5.01 Mbits/sec  0.961 ms  0/447 (0%)  
[  8] 233.00-234.00 sec   607 KBytes  4.97 Mbits/sec  1.967 ms  0/444 (0%)  
[  8] 234.00-235.00 sec   612 KBytes  5.02 Mbits/sec  0.876 ms  0/448 (0%)  
[  8] 235.00-236.00 sec   610 KBytes  5.00 Mbits/sec  1.331 ms  0/446 (0%)  
[  8] 236.00-237.00 sec   611 KBytes  5.01 Mbits/sec  1.339 ms  0/447 (0%)  
[  8] 237.00-238.00 sec   608 KBytes  4.98 Mbits/sec  1.405 ms  0/445 (0%)  
[  8] 238.00-239.00 sec   602 KBytes  4.93 Mbits/sec  1.114 ms  8/448 (1.8%)  
[  8] 239.00-240.00 sec   611 KBytes  5.01 Mbits/sec  1.140 ms  0/447 (0%)  
[  8] 240.00-240.00 sec  1.37 KBytes  2.62 Mbits/sec  1.076 ms  0/1 (0%)  
- - - - - - - - - - - - - - - - - - - - - - - - -
[ ID] Interval           Transfer     Bitrate         Jitter    Lost/Total Datagrams
[  8]   0.00-240.00 sec   142 MBytes  4.97 Mbits/sec  1.076 ms  672/107143 (0.63%)  receiver
